[0.003s][info][gc,init] CardTable entry size: 512
[0.003s][info][gc     ] Using Parallel
[0.004s][info][gc,init] Version: 25.0.1+8-LTS (release)
[0.004s][info][gc,init] CPUs: 4 total, 4 available
[0.004s][info][gc,init] Memory: 15995M
[0.004s][info][gc,init] Large Page Support: Disabled
[0.004s][info][gc,init] NUMA Support: Disabled
[0.004s][info][gc,init] Compressed Oops: Enabled (Zero based)
[0.004s][info][gc,init] Alignments: Space 512K, Generation 512K, Heap 2M
[0.004s][info][gc,init] Heap Min Capacity: 2054M
[0.004s][info][gc,init] Heap Initial Capacity: 2054M
[0.004s][info][gc,init] Heap Max Capacity: 5G
[0.004s][info][gc,init] Pre-touch: Disabled
[0.004s][info][gc,init] Parallel Workers: 4
[0.008s][info][gc,metaspace] CDS archive(s) mapped at: [0x0000000008000000-0x0000000008d8c000-0x0000000008d8c000), size 14204928, SharedBaseAddress: 0x0000000008000000, ArchiveRelocationMode: 1.
[0.008s][info][gc,metaspace] Compressed class space mapped at: 0x0000000009000000-0x0000000049000000, reserved size: 1073741824
[0.008s][info][gc,metaspace] UseCompressedClassPointers 1, UseCompactObjectHeaders 0
[0.008s][info][gc,metaspace] Narrow klass pointer bits 32, Max shift 3
[0.008s][info][gc,metaspace] Narrow klass base: 0x0000000008000000, Narrow klass shift: 0
[0.008s][info][gc,metaspace] Encoding Range: [0x0000000008000000 - 0x0000000108000000), (4294967296 bytes)
[0.008s][info][gc,metaspace] Klass Range:    [0x0000000008001000 - 0x0000000049000000), (1090514944 bytes)
[0.008s][info][gc,metaspace] Klass ID Range:  [4096 - 1090519033) (1090514937)
[0.008s][info][gc,metaspace] Protection zone: [0x0000000008000000 - 0x0000000008001000), (4096 bytes)
[0.333s][info][safepoint   ] Safepoint "JFRSafepointClear", Time since last: 318513912 ns, Reaching safepoint: 3500 ns, At safepoint: 7800 ns, Leaving safepoint: 1700 ns, Total: 13000 ns, Threads: 0 runnable, 13 total
[2.022s][debug][gc,phases   ] GC(0) Pre Compact 0.017ms
[2.022s][info ][gc,start    ] GC(0) Pause Full (Metadata GC Threshold)
[2.022s][info ][gc,phases,start] GC(0) Marking Phase
[2.034s][debug][gc,phases      ] GC(0) Par Mark 12.555ms
[2.035s][debug][gc,ref         ] GC(0) ReferenceProcessor::execute queues: 2, RefProcThreadModel::Multi, marks_oops_alive: false
[2.035s][debug][gc,ref         ] GC(0) ReferenceProcessor::execute queues: 4, RefProcThreadModel::Multi, marks_oops_alive: true
[2.035s][debug][gc,ref         ] GC(0) ReferenceProcessor::execute queues: 1, RefProcThreadModel::Single, marks_oops_alive: false
[2.035s][debug][gc,phases      ] GC(0) Reference Processing 0.316ms
[2.035s][debug][gc,phases      ] GC(0) Flush Marking Stats 0.011ms
[2.035s][debug][gc,phases      ] GC(0)   VM Weak                        Min: 0.00, Avg: 0.00, Max: 0.00, Diff: 0.00, Sum: 0.01, Workers: 4
[2.035s][debug][gc,phases      ] GC(0)     Dead                           Min: 0, Avg:  0.0, Max: 0, Diff: 0, Sum: 0, Workers: 4
[2.035s][debug][gc,phases      ] GC(0)     Total                          Min: 0, Avg: 42.8, Max: 128, Diff: 128, Sum: 171, Workers: 4
[2.035s][debug][gc,phases      ] GC(0)   ObjectSynchronizer Weak        Min: 0.00, Avg: 0.00, Max: 0.00, Diff: 0.00, Sum: 0.00, Workers: 4
[2.035s][debug][gc,phases      ] GC(0)     Dead                           Min: 0, Avg:  0.8, Max: 3, Diff: 3, Sum: 3, Workers: 4
[2.035s][debug][gc,phases      ] GC(0)     Total                          Min: 0, Avg:  4.5, Max: 18, Diff: 18, Sum: 18, Workers: 4
[2.035s][debug][gc,phases      ] GC(0)   JVMTI Tag Weak OopStorage      Min: 0.00, Avg: 0.00, Max: 0.00, Diff: 0.00, Sum: 0.00, Workers: 4
[2.035s][debug][gc,phases      ] GC(0)     Dead                           Min: 0, Avg:  0.0, Max: 0, Diff: 0, Sum: 0, Workers: 4
[2.035s][debug][gc,phases      ] GC(0)     Total                          Min: 0, Avg:  0.0, Max: 0, Diff: 0, Sum: 0, Workers: 4
[2.035s][debug][gc,phases      ] GC(0)   StringTable Weak               Min: 0.02, Avg: 0.03, Max: 0.03, Diff: 0.00, Sum: 0.11, Workers: 4
[2.035s][debug][gc,phases      ] GC(0)     Dead                           Min: 1, Avg:  7.0, Max: 17, Diff: 16, Sum: 28, Workers: 4
[2.035s][debug][gc,phases      ] GC(0)     Total                          Min: 1792, Avg: 2072.2, Max: 2496, Diff: 704, Sum: 8289, Workers: 4
[2.035s][debug][gc,phases      ] GC(0)   ResolvedMethodTable Weak       Min: 0.01, Avg: 0.01, Max: 0.01, Diff: 0.00, Sum: 0.03, Workers: 4
[2.035s][debug][gc,phases      ] GC(0)     Dead                           Min: 83, Avg: 125.2, Max: 153, Diff: 70, Sum: 501, Workers: 4
[2.035s][debug][gc,phases      ] GC(0)     Total                          Min: 448, Avg: 490.2, Max: 512, Diff: 64, Sum: 1961, Workers: 4
[2.035s][debug][gc,phases      ] GC(0)   JNI Weak                       Min: 0.00, Avg: 0.00, Max: 0.00, Diff: 0.00, Sum: 0.00, Workers: 4
[2.035s][debug][gc,phases      ] GC(0)     Dead                           Min: 0, Avg:  0.0, Max: 0, Diff: 0, Sum: 0, Workers: 4
[2.035s][debug][gc,phases      ] GC(0)     Total                          Min: 0, Avg: 12.0, Max: 48, Diff: 48, Sum: 48, Workers: 4
[2.035s][debug][gc,phases      ] GC(0)   StringDedup Table Weak         Min: 0.00, Avg: 0.00, Max: 0.00, Diff: 0.00, Sum: 0.00, Workers: 4
[2.035s][debug][gc,phases      ] GC(0)     Dead                           Min: 0, Avg:  0.0, Max: 0, Diff: 0, Sum: 0, Workers: 4
[2.035s][debug][gc,phases      ] GC(0)     Total                          Min: 0, Avg:  0.0, Max: 0, Diff: 0, Sum: 0, Workers: 4
[2.035s][debug][gc,phases      ] GC(0)   StringDedup Requests0 Weak     Min: 0.00, Avg: 0.00, Max: 0.00, Diff: 0.00, Sum: 0.00, Workers: 4
[2.035s][debug][gc,phases      ] GC(0)     Dead                           Min: 0, Avg:  0.0, Max: 0, Diff: 0, Sum: 0, Workers: 4
[2.035s][debug][gc,phases      ] GC(0)     Total                          Min: 0, Avg:  0.0, Max: 0, Diff: 0, Sum: 0, Workers: 4
[2.035s][debug][gc,phases      ] GC(0)   StringDedup Requests1 Weak     Min: 0.00, Avg: 0.00, Max: 0.00, Diff: 0.00, Sum: 0.00, Workers: 4
[2.035s][debug][gc,phases      ] GC(0)     Dead                           Min: 0, Avg:  0.0, Max: 0, Diff: 0, Sum: 0, Workers: 4
[2.035s][debug][gc,phases      ] GC(0)     Total                          Min: 0, Avg:  0.0, Max: 0, Diff: 0, Sum: 0, Workers: 4
[2.035s][debug][gc,phases      ] GC(0)   Weak JFR Old Object Samples    Min: 0.00, Avg: 0.00, Max: 0.00, Diff: 0.00, Sum: 0.00, Workers: 4
[2.035s][debug][gc,phases      ] GC(0)     Dead                           Min: 0, Avg:  0.0, Max: 0, Diff: 0, Sum: 0, Workers: 4
[2.035s][debug][gc,phases      ] GC(0)     Total                          Min: 0, Avg:  0.0, Max: 0, Diff: 0, Sum: 0, Workers: 4
[2.035s][debug][gc,phases      ] GC(0) Weak Processing 0.213ms
[2.035s][debug][gc,phases      ] GC(0) ClassLoaderData 0.013ms
[2.035s][debug][gc,phases      ] GC(0) Trigger cleanups 0.000ms
[2.039s][debug][gc,phases      ] GC(0) Purge Unlinked NMethods 0.001ms
[2.039s][debug][gc,phases      ] GC(0) Unregister NMethods 0.018ms
[2.039s][debug][gc,phases      ] GC(0) Free Code Blobs 0.001ms
[2.039s][debug][gc,phases      ] GC(0) Class Unloading 4.028ms
[2.039s][debug][gc,phases      ] GC(0) Report Object Count 0.001ms
[2.039s][info ][gc,phases      ] GC(0) Marking Phase 17.178ms
[2.039s][info ][gc,phases,start] GC(0) Summary Phase
[2.039s][info ][gc,phases      ] GC(0) Summary Phase 0.006ms
[2.039s][info ][gc,phases,start] GC(0) Forward
[2.044s][info ][gc,phases      ] GC(0) Forward 5.046ms
[2.044s][info ][gc,phases,start] GC(0) Adjust Pointers
[2.052s][info ][gc,phases      ] GC(0) Adjust Pointers 7.868ms
[2.052s][info ][gc,phases,start] GC(0) Compaction Phase
[2.061s][info ][gc,phases      ] GC(0) Compaction Phase 8.607ms
[2.061s][info ][gc,phases,start] GC(0) Post Compact
[2.064s][debug][gc,phases      ] GC(0) Purge Class Loader Data 0.835ms
[2.065s][info ][gc,phases      ] GC(0) Post Compact 4.283ms
[2.065s][info ][gc,heap        ] GC(0) PSYoungGen: 309530K(1572864K)->33685K(1572864K) Eden: 309530K(1048576K)->33685K(1048576K) From: 0K(524288K)->0K(524288K)
[2.065s][info ][gc,heap        ] GC(0) ParOldGen: 1155K(6144K)->5240K(6144K)
[2.065s][info ][gc,metaspace   ] GC(0) Metaspace: 21162K(21504K)->21162K(21504K) NonClass: 19196K(19392K)->19196K(19392K) Class: 1966K(2112K)->1966K(2112K)
[2.065s][info ][gc             ] GC(0) Pause Full (Metadata GC Threshold) 303M->38M(1542M) 43.208ms
[2.065s][info ][gc,cpu         ] GC(0) User=0.10s Sys=0.01s Real=0.05s
[2.065s][info ][safepoint      ] Safepoint "CollectForMetadataAllocation", Time since last: 1688698871 ns, Reaching safepoint: 3400 ns, At safepoint: 43641823 ns, Leaving safepoint: 8600 ns, Total: 43653823 ns, Threads: 0 runnable, 16 total
[3.815s][debug][gc,phases      ] GC(1) Pre Compact 0.017ms
[3.815s][info ][gc,start       ] GC(1) Pause Full (Metadata GC Threshold)
[3.815s][info ][gc,phases,start] GC(1) Marking Phase
[3.853s][debug][gc,phases      ] GC(1) Par Mark 37.355ms
[3.853s][debug][gc,ref         ] GC(1) ReferenceProcessor::execute queues: 4, RefProcThreadModel::Multi, marks_oops_alive: false
[3.854s][debug][gc,ref         ] GC(1) ReferenceProcessor::execute queues: 4, RefProcThreadModel::Multi, marks_oops_alive: true
[3.854s][debug][gc,ref         ] GC(1) ReferenceProcessor::execute queues: 1, RefProcThreadModel::Single, marks_oops_alive: false
[3.854s][debug][gc,phases      ] GC(1) Reference Processing 0.836ms
[3.854s][debug][gc,phases      ] GC(1) Flush Marking Stats 0.017ms
[3.854s][debug][gc,phases      ] GC(1)   VM Weak                        Min: 0.00, Avg: 0.00, Max: 0.01, Diff: 0.01, Sum: 0.01, Workers: 4
[3.854s][debug][gc,phases      ] GC(1)     Dead                           Min: 0, Avg:  0.0, Max: 0, Diff: 0, Sum: 0, Workers: 4
[3.854s][debug][gc,phases      ] GC(1)     Total                          Min: 0, Avg: 58.5, Max: 170, Diff: 170, Sum: 234, Workers: 4
[3.854s][debug][gc,phases      ] GC(1)   ObjectSynchronizer Weak        Min: 0.00, Avg: 0.00, Max: 0.00, Diff: 0.00, Sum: 0.00, Workers: 4
[3.854s][debug][gc,phases      ] GC(1)     Dead                           Min: 0, Avg:  0.5, Max: 2, Diff: 2, Sum: 2, Workers: 4
[3.854s][debug][gc,phases      ] GC(1)     Total                          Min: 0, Avg:  6.0, Max: 24, Diff: 24, Sum: 24, Workers: 4
[3.854s][debug][gc,phases      ] GC(1)   JVMTI Tag Weak OopStorage      Min: 0.00, Avg: 0.00, Max: 0.00, Diff: 0.00, Sum: 0.00, Workers: 4
[3.854s][debug][gc,phases      ] GC(1)     Dead                           Min: 0, Avg:  0.0, Max: 0, Diff: 0, Sum: 0, Workers: 4
[3.854s][debug][gc,phases      ] GC(1)     Total                          Min: 0, Avg:  0.0, Max: 0, Diff: 0, Sum: 0, Workers: 4
[3.854s][debug][gc,phases      ] GC(1)   StringTable Weak               Min: 0.00, Avg: 0.05, Max: 0.07, Diff: 0.07, Sum: 0.22, Workers: 4
[3.854s][debug][gc,phases      ] GC(1)     Dead                           Min: 0, Avg:  2.5, Max: 4, Diff: 4, Sum: 10, Workers: 4
[3.854s][debug][gc,phases      ] GC(1)     Total                          Min: 0, Avg: 3928.0, Max: 6176, Diff: 6176, Sum: 15712, Workers: 4
[3.854s][debug][gc,phases      ] GC(1)   ResolvedMethodTable Weak       Min: 0.00, Avg: 0.02, Max: 0.02, Diff: 0.02, Sum: 0.07, Workers: 4
[3.854s][debug][gc,phases      ] GC(1)     Dead                           Min: 0, Avg: 468.5, Max: 737, Diff: 737, Sum: 1874, Workers: 4
[3.854s][debug][gc,phases      ] GC(1)     Total                          Min: 0, Avg: 1250.8, Max: 1867, Diff: 1867, Sum: 5003, Workers: 4
[3.854s][debug][gc,phases      ] GC(1)   JNI Weak                       Min: 0.00, Avg: 0.00, Max: 0.00, Diff: 0.00, Sum: 0.00, Workers: 4
[3.854s][debug][gc,phases      ] GC(1)     Dead                           Min: 0, Avg:  0.0, Max: 0, Diff: 0, Sum: 0, Workers: 4
[3.854s][debug][gc,phases      ] GC(1)     Total                          Min: 0, Avg: 21.0, Max: 52, Diff: 52, Sum: 84, Workers: 4
[3.854s][debug][gc,phases      ] GC(1)   StringDedup Table Weak         Min: 0.00, Avg: 0.00, Max: 0.00, Diff: 0.00, Sum: 0.00, Workers: 4
[3.854s][debug][gc,phases      ] GC(1)     Dead                           Min: 0, Avg:  0.0, Max: 0, Diff: 0, Sum: 0, Workers: 4
[3.854s][debug][gc,phases      ] GC(1)     Total                          Min: 0, Avg:  0.0, Max: 0, Diff: 0, Sum: 0, Workers: 4
[3.854s][debug][gc,phases      ] GC(1)   StringDedup Requests0 Weak     Min: 0.00, Avg: 0.00, Max: 0.00, Diff: 0.00, Sum: 0.00, Workers: 4
[3.854s][debug][gc,phases      ] GC(1)     Dead                           Min: 0, Avg:  0.0, Max: 0, Diff: 0, Sum: 0, Workers: 4
[3.854s][debug][gc,phases      ] GC(1)     Total                          Min: 0, Avg:  0.0, Max: 0, Diff: 0, Sum: 0, Workers: 4
[3.854s][debug][gc,phases      ] GC(1)   StringDedup Requests1 Weak     Min: 0.00, Avg: 0.00, Max: 0.00, Diff: 0.00, Sum: 0.00, Workers: 4
[3.854s][debug][gc,phases      ] GC(1)     Dead                           Min: 0, Avg:  0.0, Max: 0, Diff: 0, Sum: 0, Workers: 4
[3.854s][debug][gc,phases      ] GC(1)     Total                          Min: 0, Avg:  0.0, Max: 0, Diff: 0, Sum: 0, Workers: 4
[3.854s][debug][gc,phases      ] GC(1)   Weak JFR Old Object Samples    Min: 0.00, Avg: 0.00, Max: 0.00, Diff: 0.00, Sum: 0.00, Workers: 4
[3.854s][debug][gc,phases      ] GC(1)     Dead                           Min: 0, Avg:  0.0, Max: 0, Diff: 0, Sum: 0, Workers: 4
[3.854s][debug][gc,phases      ] GC(1)     Total                          Min: 0, Avg:  0.0, Max: 0, Diff: 0, Sum: 0, Workers: 4
[3.854s][debug][gc,phases      ] GC(1) Weak Processing 0.267ms
[3.854s][debug][gc,phases      ] GC(1) ClassLoaderData 0.029ms
[3.854s][debug][gc,phases      ] GC(1) Trigger cleanups 0.000ms
[3.861s][debug][gc,phases      ] GC(1) Purge Unlinked NMethods 0.245ms
[3.861s][debug][gc,phases      ] GC(1) Unregister NMethods 0.017ms
[3.861s][debug][gc,phases      ] GC(1) Free Code Blobs 0.034ms
[3.861s][debug][gc,phases      ] GC(1) Class Unloading 6.712ms
[3.861s][debug][gc,phases      ] GC(1) Report Object Count 0.001ms
[3.861s][info ][gc,phases      ] GC(1) Marking Phase 45.248ms
[3.861s][info ][gc,phases,start] GC(1) Summary Phase
[3.861s][info ][gc,phases      ] GC(1) Summary Phase 0.010ms
[3.861s][info ][gc,phases,start] GC(1) Forward
[3.875s][info ][gc,phases      ] GC(1) Forward 14.532ms
[3.875s][info ][gc,phases,start] GC(1) Adjust Pointers
[3.893s][info ][gc,phases      ] GC(1) Adjust Pointers 18.009ms
[3.893s][info ][gc,phases,start] GC(1) Compaction Phase
[3.908s][info ][gc,phases      ] GC(1) Compaction Phase 14.561ms
[3.908s][info ][gc,phases,start] GC(1) Post Compact
[3.909s][debug][gc,phases      ] GC(1) Purge Class Loader Data 0.257ms
[3.910s][info ][gc,phases      ] GC(1) Post Compact 1.618ms
[3.910s][info ][gc,heap        ] GC(1) PSYoungGen: 641876K(1572864K)->59301K(1572864K) Eden: 641876K(1048576K)->59301K(1048576K) From: 0K(524288K)->0K(524288K)
[3.910s][info ][gc,heap        ] GC(1) ParOldGen: 5240K(6144K)->5227K(6144K)
[3.910s][info ][gc,metaspace   ] GC(1) Metaspace: 35449K(35840K)->35449K(35840K) NonClass: 31327K(31552K)->31327K(31552K) Class: 4121K(4288K)->4121K(4288K)
[3.910s][info ][gc             ] GC(1) Pause Full (Metadata GC Threshold) 631M->63M(1542M) 94.347ms
[3.910s][info ][gc,cpu         ] GC(1) User=0.30s Sys=0.01s Real=0.09s
[3.911s][info ][safepoint      ] Safepoint "CollectForMetadataAllocation", Time since last: 1750209832 ns, Reaching safepoint: 3000 ns, At safepoint: 94439292 ns, Leaving safepoint: 1523393 ns, Total: 95965685 ns, Threads: 0 runnable, 16 total
[5.760s][debug][gc,phases      ] GC(2) Pre Compact 0.016ms
[5.760s][info ][gc,start       ] GC(2) Pause Full (Metadata GC Threshold)
[5.760s][info ][gc,phases,start] GC(2) Marking Phase
[5.792s][debug][gc,phases      ] GC(2) Par Mark 32.270ms
[5.793s][debug][gc,ref         ] GC(2) ReferenceProcessor::execute queues: 4, RefProcThreadModel::Multi, marks_oops_alive: false
[5.794s][debug][gc,ref         ] GC(2) ReferenceProcessor::execute queues: 4, RefProcThreadModel::Multi, marks_oops_alive: true
[5.794s][debug][gc,ref         ] GC(2) ReferenceProcessor::execute queues: 1, RefProcThreadModel::Single, marks_oops_alive: false
[5.794s][debug][gc,phases      ] GC(2) Reference Processing 1.420ms
[5.794s][debug][gc,phases      ] GC(2) Flush Marking Stats 0.016ms
[5.794s][debug][gc,phases      ] GC(2)   VM Weak                        Min: 0.00, Avg: 0.00, Max: 0.01, Diff: 0.01, Sum: 0.01, Workers: 4
[5.794s][debug][gc,phases      ] GC(2)     Dead                           Min: 0, Avg:  0.0, Max: 0, Diff: 0, Sum: 0, Workers: 4
[5.794s][debug][gc,phases      ] GC(2)     Total                          Min: 0, Avg: 90.5, Max: 298, Diff: 298, Sum: 362, Workers: 4
[5.794s][debug][gc,phases      ] GC(2)   ObjectSynchronizer Weak        Min: 0.00, Avg: 0.00, Max: 0.00, Diff: 0.00, Sum: 0.00, Workers: 4
[5.794s][debug][gc,phases      ] GC(2)     Dead                           Min: 0, Avg:  0.8, Max: 3, Diff: 3, Sum: 3, Workers: 4
[5.794s][debug][gc,phases      ] GC(2)     Total                          Min: 0, Avg:  6.8, Max: 27, Diff: 27, Sum: 27, Workers: 4
[5.794s][debug][gc,phases      ] GC(2)   JVMTI Tag Weak OopStorage      Min: 0.00, Avg: 0.00, Max: 0.00, Diff: 0.00, Sum: 0.00, Workers: 4
[5.794s][debug][gc,phases      ] GC(2)     Dead                           Min: 0, Avg:  0.0, Max: 0, Diff: 0, Sum: 0, Workers: 4
[5.794s][debug][gc,phases      ] GC(2)     Total                          Min: 0, Avg:  0.0, Max: 0, Diff: 0, Sum: 0, Workers: 4
[5.794s][debug][gc,phases      ] GC(2)   StringTable Weak               Min: 0.00, Avg: 0.09, Max: 0.12, Diff: 0.12, Sum: 0.37, Workers: 4
[5.794s][debug][gc,phases      ] GC(2)     Dead                           Min: 0, Avg:  3.8, Max: 6, Diff: 6, Sum: 15, Workers: 4
[5.794s][debug][gc,phases      ] GC(2)     Total                          Min: 0, Avg: 7381.0, Max: 11136, Diff: 11136, Sum: 29524, Workers: 4
[5.794s][debug][gc,phases      ] GC(2)   ResolvedMethodTable Weak       Min: 0.00, Avg: 0.04, Max: 0.06, Diff: 0.06, Sum: 0.17, Workers: 4
[5.794s][debug][gc,phases      ] GC(2)     Dead                           Min: 0, Avg: 1065.8, Max: 1781, Diff: 1781, Sum: 4263, Workers: 4
[5.794s][debug][gc,phases      ] GC(2)     Total                          Min: 0, Avg: 3018.2, Max: 4713, Diff: 4713, Sum: 12073, Workers: 4
[5.794s][debug][gc,phases      ] GC(2)   JNI Weak                       Min: 0.00, Avg: 0.00, Max: 0.00, Diff: 0.00, Sum: 0.00, Workers: 4
[5.794s][debug][gc,phases      ] GC(2)     Dead                           Min: 0, Avg:  0.0, Max: 0, Diff: 0, Sum: 0, Workers: 4
[5.794s][debug][gc,phases      ] GC(2)     Total                          Min: 0, Avg: 12.2, Max: 48, Diff: 48, Sum: 49, Workers: 4
[5.794s][debug][gc,phases      ] GC(2)   StringDedup Table Weak         Min: 0.00, Avg: 0.00, Max: 0.00, Diff: 0.00, Sum: 0.00, Workers: 4
[5.794s][debug][gc,phases      ] GC(2)     Dead                           Min: 0, Avg:  0.0, Max: 0, Diff: 0, Sum: 0, Workers: 4
[5.794s][debug][gc,phases      ] GC(2)     Total                          Min: 0, Avg:  0.0, Max: 0, Diff: 0, Sum: 0, Workers: 4
[5.794s][debug][gc,phases      ] GC(2)   StringDedup Requests0 Weak     Min: 0.00, Avg: 0.00, Max: 0.00, Diff: 0.00, Sum: 0.00, Workers: 4
[5.794s][debug][gc,phases      ] GC(2)     Dead                           Min: 0, Avg:  0.0, Max: 0, Diff: 0, Sum: 0, Workers: 4
[5.794s][debug][gc,phases      ] GC(2)     Total                          Min: 0, Avg:  0.0, Max: 0, Diff: 0, Sum: 0, Workers: 4
[5.794s][debug][gc,phases      ] GC(2)   StringDedup Requests1 Weak     Min: 0.00, Avg: 0.00, Max: 0.00, Diff: 0.00, Sum: 0.00, Workers: 4
[5.794s][debug][gc,phases      ] GC(2)     Dead                           Min: 0, Avg:  0.0, Max: 0, Diff: 0, Sum: 0, Workers: 4
[5.794s][debug][gc,phases      ] GC(2)     Total                          Min: 0, Avg:  0.0, Max: 0, Diff: 0, Sum: 0, Workers: 4
[5.794s][debug][gc,phases      ] GC(2)   Weak JFR Old Object Samples    Min: 0.00, Avg: 0.00, Max: 0.00, Diff: 0.00, Sum: 0.00, Workers: 4
[5.794s][debug][gc,phases      ] GC(2)     Dead                           Min: 0, Avg:  0.0, Max: 0, Diff: 0, Sum: 0, Workers: 4
[5.794s][debug][gc,phases      ] GC(2)     Total                          Min: 0, Avg:  0.0, Max: 0, Diff: 0, Sum: 0, Workers: 4
[5.794s][debug][gc,phases      ] GC(2) Weak Processing 0.370ms
[5.794s][debug][gc,phases      ] GC(2) ClassLoaderData 0.054ms
[5.794s][debug][gc,phases      ] GC(2) Trigger cleanups 0.000ms
[5.802s][debug][gc,phases      ] GC(2) Purge Unlinked NMethods 0.395ms
[5.802s][debug][gc,phases      ] GC(2) Unregister NMethods 0.058ms
[5.802s][debug][gc,phases      ] GC(2) Free Code Blobs 0.052ms
[5.802s][debug][gc,phases      ] GC(2) Class Unloading 7.764ms
[5.802s][debug][gc,phases      ] GC(2) Report Object Count 0.001ms
[5.802s][info ][gc,phases      ] GC(2) Marking Phase 41.898ms
[5.802s][info ][gc,phases,start] GC(2) Summary Phase
[5.802s][info ][gc,phases      ] GC(2) Summary Phase 0.009ms
[5.802s][info ][gc,phases,start] GC(2) Forward
[5.818s][info ][gc,phases      ] GC(2) Forward 15.857ms
[5.818s][info ][gc,phases,start] GC(2) Adjust Pointers
[5.842s][info ][gc,phases      ] GC(2) Adjust Pointers 24.229ms
[5.842s][info ][gc,phases,start] GC(2) Compaction Phase
[5.866s][info ][gc,phases      ] GC(2) Compaction Phase 23.506ms
[5.866s][info ][gc,phases,start] GC(2) Post Compact
[5.867s][debug][gc,phases      ] GC(2) Purge Class Loader Data 0.279ms
[5.867s][info ][gc,phases      ] GC(2) Post Compact 1.373ms
[5.868s][info ][gc,heap        ] GC(2) PSYoungGen: 469760K(1572864K)->80716K(1572864K) Eden: 469760K(1048576K)->80716K(1048576K) From: 0K(524288K)->0K(524288K)
[5.868s][info ][gc,heap        ] GC(2) ParOldGen: 5227K(6144K)->5225K(6144K)
[5.868s][info ][gc,metaspace   ] GC(2) Metaspace: 59219K(59776K)->59219K(59776K) NonClass: 50003K(50304K)->50003K(50304K) Class: 9216K(9472K)->9216K(9472K)
[5.868s][info ][gc             ] GC(2) Pause Full (Metadata GC Threshold) 463M->83M(1542M) 107.498ms
[5.868s][info ][gc,cpu         ] GC(2) User=0.30s Sys=0.00s Real=0.11s
[5.868s][info ][safepoint      ] Safepoint "CollectForMetadataAllocation", Time since last: 1848643916 ns, Reaching safepoint: 3100 ns, At safepoint: 107584135 ns, Leaving safepoint: 11100 ns, Total: 107598335 ns, Threads: 0 runnable, 16 total
[14.981s][info ][gc,start       ] GC(3) Pause Young (Allocation Failure)
[15.078s][debug][gc,phases      ] GC(3) Scavenge 96.478ms
[15.078s][debug][gc,ref         ] GC(3) ReferenceProcessor::execute queues: 4, RefProcThreadModel::Multi, marks_oops_alive: false
[15.081s][debug][gc,ref         ] GC(3) ReferenceProcessor::execute queues: 4, RefProcThreadModel::Multi, marks_oops_alive: true
[15.082s][debug][gc,ref         ] GC(3) ReferenceProcessor::execute queues: 1, RefProcThreadModel::Single, marks_oops_alive: false
[15.082s][debug][gc,phases      ] GC(3) Reference Processing 4.259ms
[15.082s][debug][gc,phases      ] GC(3)   VM Weak                        Min: 0.00, Avg: 0.01, Max: 0.01, Diff: 0.01, Sum: 0.02, Workers: 4
[15.082s][debug][gc,phases      ] GC(3)     Dead                           Min: 0, Avg:  0.0, Max: 0, Diff: 0, Sum: 0, Workers: 4
[15.082s][debug][gc,phases      ] GC(3)     Total                          Min: 0, Avg: 150.2, Max: 256, Diff: 256, Sum: 601, Workers: 4
[15.082s][debug][gc,phases      ] GC(3)   ObjectSynchronizer Weak        Min: 0.00, Avg: 0.00, Max: 0.00, Diff: 0.00, Sum: 0.00, Workers: 4
[15.082s][debug][gc,phases      ] GC(3)     Dead                           Min: 0, Avg:  3.2, Max: 7, Diff: 7, Sum: 13, Workers: 4
[15.082s][debug][gc,phases      ] GC(3)     Total                          Min: 0, Avg: 18.2, Max: 64, Diff: 64, Sum: 73, Workers: 4
[15.082s][debug][gc,phases      ] GC(3)   JVMTI Tag Weak OopStorage      Min: 0.00, Avg: 0.00, Max: 0.00, Diff: 0.00, Sum: 0.00, Workers: 4
[15.082s][debug][gc,phases      ] GC(3)     Dead                           Min: 0, Avg:  0.0, Max: 0, Diff: 0, Sum: 0, Workers: 4
[15.083s][debug][gc,phases      ] GC(3)     Total                          Min: 0, Avg:  0.0, Max: 0, Diff: 0, Sum: 0, Workers: 4
[15.083s][debug][gc,phases      ] GC(3)   StringTable Weak               Min: 0.00, Avg: 0.29, Max: 0.39, Diff: 0.39, Sum: 1.16, Workers: 4
[15.083s][debug][gc,phases      ] GC(3)     Dead                           Min: 0, Avg: 11.0, Max: 19, Diff: 19, Sum: 44, Workers: 4
[15.083s][debug][gc,phases      ] GC(3)     Total                          Min: 0, Avg: 10990.2, Max: 14976, Diff: 14976, Sum: 43961, Workers: 4
[15.083s][debug][gc,phases      ] GC(3)   ResolvedMethodTable Weak       Min: 0.00, Avg: 0.13, Max: 0.17, Diff: 0.17, Sum: 0.50, Workers: 4
[15.083s][debug][gc,phases      ] GC(3)     Dead                           Min: 0, Avg: 859.8, Max: 1181, Diff: 1181, Sum: 3439, Workers: 4
[15.083s][debug][gc,phases      ] GC(3)     Total                          Min: 0, Avg: 4090.8, Max: 5568, Diff: 5568, Sum: 16363, Workers: 4
[15.083s][debug][gc,phases      ] GC(3)   JNI Weak                       Min: 0.00, Avg: 0.00, Max: 0.00, Diff: 0.00, Sum: 0.00, Workers: 4
[15.083s][debug][gc,phases      ] GC(3)     Dead                           Min: 0, Avg:  0.0, Max: 0, Diff: 0, Sum: 0, Workers: 4
[15.083s][debug][gc,phases      ] GC(3)     Total                          Min: 0, Avg: 16.0, Max: 64, Diff: 64, Sum: 64, Workers: 4
[15.083s][debug][gc,phases      ] GC(3)   StringDedup Table Weak         Min: 0.00, Avg: 0.00, Max: 0.00, Diff: 0.00, Sum: 0.00, Workers: 4
[15.083s][debug][gc,phases      ] GC(3)     Dead                           Min: 0, Avg:  0.0, Max: 0, Diff: 0, Sum: 0, Workers: 4
[15.083s][debug][gc,phases      ] GC(3)     Total                          Min: 0, Avg:  0.0, Max: 0, Diff: 0, Sum: 0, Workers: 4
[15.083s][debug][gc,phases      ] GC(3)   StringDedup Requests0 Weak     Min: 0.00, Avg: 0.00, Max: 0.00, Diff: 0.00, Sum: 0.00, Workers: 4
[15.083s][debug][gc,phases      ] GC(3)     Dead                           Min: 0, Avg:  0.0, Max: 0, Diff: 0, Sum: 0, Workers: 4
[15.083s][debug][gc,phases      ] GC(3)     Total                          Min: 0, Avg:  0.0, Max: 0, Diff: 0, Sum: 0, Workers: 4
[15.083s][debug][gc,phases      ] GC(3)   StringDedup Requests1 Weak     Min: 0.00, Avg: 0.00, Max: 0.00, Diff: 0.00, Sum: 0.00, Workers: 4
[15.083s][debug][gc,phases      ] GC(3)     Dead                           Min: 0, Avg:  0.0, Max: 0, Diff: 0, Sum: 0, Workers: 4
[15.083s][debug][gc,phases      ] GC(3)     Total                          Min: 0, Avg:  0.0, Max: 0, Diff: 0, Sum: 0, Workers: 4
[15.083s][debug][gc,phases      ] GC(3)   Weak JFR Old Object Samples    Min: 0.00, Avg: 0.00, Max: 0.00, Diff: 0.00, Sum: 0.00, Workers: 4
[15.083s][debug][gc,phases      ] GC(3)     Dead                           Min: 0, Avg:  0.0, Max: 0, Diff: 0, Sum: 0, Workers: 4
[15.083s][debug][gc,phases      ] GC(3)     Total                          Min: 0, Avg:  0.0, Max: 0, Diff: 0, Sum: 0, Workers: 4
[15.083s][debug][gc,phases      ] GC(3) Weak Processing 0.817ms
[15.083s][debug][gc,age         ] GC(3) Desired survivor size 536870912 bytes, new threshold 7 (max threshold 15)
[15.083s][info ][gc,heap        ] GC(3) PSYoungGen: 1048576K(1572864K)->129981K(1572864K) Eden: 1048576K(1048576K)->0K(1048576K) From: 0K(524288K)->129981K(524288K)
[15.083s][info ][gc,heap        ] GC(3) ParOldGen: 5225K(6144K)->5293K(6144K)
[15.083s][info ][gc,metaspace   ] GC(3) Metaspace: 91878K(92736K)->91878K(92736K) NonClass: 78082K(78592K)->78082K(78592K) Class: 13795K(14144K)->13795K(14144K)
[15.083s][info ][gc             ] GC(3) Pause Young (Allocation Failure) 1029M->132M(1542M) 101.699ms
[15.083s][info ][gc,cpu         ] GC(3) User=0.23s Sys=0.05s Real=0.11s
[15.083s][info ][safepoint      ] Safepoint "ParallelCollectForAllocation", Time since last: 9113386555 ns, Reaching safepoint: 4600 ns, At safepoint: 101766899 ns, Leaving safepoint: 17900 ns, Total: 101789399 ns, Threads: 0 runnable, 34 total
[18.956s][debug][gc,phases      ] GC(4) Pre Compact 0.019ms
[18.957s][info ][gc,start       ] GC(4) Pause Full (Metadata GC Threshold)
[18.957s][info ][gc,phases,start] GC(4) Marking Phase
[19.009s][debug][gc,phases      ] GC(4) Par Mark 52.151ms
[19.009s][debug][gc,ref         ] GC(4) ReferenceProcessor::execute queues: 4, RefProcThreadModel::Multi, marks_oops_alive: false
[19.010s][debug][gc,ref         ] GC(4) Skipped KeepAliveFinalRefsPhase of Reference Processing: no references
[19.010s][debug][gc,ref         ] GC(4) ReferenceProcessor::execute queues: 1, RefProcThreadModel::Single, marks_oops_alive: false
[19.010s][debug][gc,phases      ] GC(4) Reference Processing 1.272ms
[19.010s][debug][gc,phases      ] GC(4) Flush Marking Stats 0.013ms
[19.010s][debug][gc,phases      ] GC(4)   VM Weak                        Min: 0.00, Avg: 0.00, Max: 0.01, Diff: 0.01, Sum: 0.02, Workers: 4
[19.010s][debug][gc,phases      ] GC(4)     Dead                           Min: 0, Avg:  0.2, Max: 1, Diff: 1, Sum: 1, Workers: 4
[19.010s][debug][gc,phases      ] GC(4)     Total                          Min: 0, Avg: 181.2, Max: 448, Diff: 448, Sum: 725, Workers: 4
[19.010s][debug][gc,phases      ] GC(4)   ObjectSynchronizer Weak        Min: 0.00, Avg: 0.00, Max: 0.00, Diff: 0.00, Sum: 0.00, Workers: 4
[19.010s][debug][gc,phases      ] GC(4)     Dead                           Min: 0, Avg:  0.5, Max: 1, Diff: 1, Sum: 2, Workers: 4
[19.010s][debug][gc,phases      ] GC(4)     Total                          Min: 0, Avg: 18.8, Max: 64, Diff: 64, Sum: 75, Workers: 4
[19.010s][debug][gc,phases      ] GC(4)   JVMTI Tag Weak OopStorage      Min: 0.00, Avg: 0.00, Max: 0.00, Diff: 0.00, Sum: 0.00, Workers: 4
[19.010s][debug][gc,phases      ] GC(4)     Dead                           Min: 0, Avg:  0.0, Max: 0, Diff: 0, Sum: 0, Workers: 4
[19.010s][debug][gc,phases      ] GC(4)     Total                          Min: 0, Avg:  0.0, Max: 0, Diff: 0, Sum: 0, Workers: 4
[19.010s][debug][gc,phases      ] GC(4)   StringTable Weak               Min: 0.00, Avg: 0.17, Max: 0.23, Diff: 0.23, Sum: 0.67, Workers: 4
[19.010s][debug][gc,phases      ] GC(4)     Dead                           Min: 0, Avg:  3.8, Max: 6, Diff: 6, Sum: 15, Workers: 4
[19.010s][debug][gc,phases      ] GC(4)     Total                          Min: 0, Avg: 11648.8, Max: 16128, Diff: 16128, Sum: 46595, Workers: 4
[19.010s][debug][gc,phases      ] GC(4)   ResolvedMethodTable Weak       Min: 0.00, Avg: 0.05, Max: 0.07, Diff: 0.07, Sum: 0.21, Workers: 4
[19.010s][debug][gc,phases      ] GC(4)     Dead                           Min: 0, Avg: 267.5, Max: 403, Diff: 403, Sum: 1070, Workers: 4
[19.010s][debug][gc,phases      ] GC(4)     Total                          Min: 0, Avg: 3879.0, Max: 5365, Diff: 5365, Sum: 15516, Workers: 4
[19.010s][debug][gc,phases      ] GC(4)   JNI Weak                       Min: 0.00, Avg: 0.00, Max: 0.00, Diff: 0.00, Sum: 0.00, Workers: 4
[19.010s][debug][gc,phases      ] GC(4)     Dead                           Min: 0, Avg:  0.0, Max: 0, Diff: 0, Sum: 0, Workers: 4
[19.010s][debug][gc,phases      ] GC(4)     Total                          Min: 0, Avg: 13.8, Max: 52, Diff: 52, Sum: 55, Workers: 4
[19.010s][debug][gc,phases      ] GC(4)   StringDedup Table Weak         Min: 0.00, Avg: 0.00, Max: 0.00, Diff: 0.00, Sum: 0.00, Workers: 4
[19.010s][debug][gc,phases      ] GC(4)     Dead                           Min: 0, Avg:  0.0, Max: 0, Diff: 0, Sum: 0, Workers: 4
[19.010s][debug][gc,phases      ] GC(4)     Total                          Min: 0, Avg:  0.0, Max: 0, Diff: 0, Sum: 0, Workers: 4
[19.010s][debug][gc,phases      ] GC(4)   StringDedup Requests0 Weak     Min: 0.00, Avg: 0.00, Max: 0.00, Diff: 0.00, Sum: 0.00, Workers: 4
[19.010s][debug][gc,phases      ] GC(4)     Dead                           Min: 0, Avg:  0.0, Max: 0, Diff: 0, Sum: 0, Workers: 4
[19.010s][debug][gc,phases      ] GC(4)     Total                          Min: 0, Avg:  0.0, Max: 0, Diff: 0, Sum: 0, Workers: 4
[19.010s][debug][gc,phases      ] GC(4)   StringDedup Requests1 Weak     Min: 0.00, Avg: 0.00, Max: 0.00, Diff: 0.00, Sum: 0.00, Workers: 4
[19.010s][debug][gc,phases      ] GC(4)     Dead                           Min: 0, Avg:  0.0, Max: 0, Diff: 0, Sum: 0, Workers: 4
[19.010s][debug][gc,phases      ] GC(4)     Total                          Min: 0, Avg:  0.0, Max: 0, Diff: 0, Sum: 0, Workers: 4
[19.010s][debug][gc,phases      ] GC(4)   Weak JFR Old Object Samples    Min: 0.00, Avg: 0.00, Max: 0.00, Diff: 0.00, Sum: 0.00, Workers: 4
[19.010s][debug][gc,phases      ] GC(4)     Dead                           Min: 0, Avg:  0.0, Max: 0, Diff: 0, Sum: 0, Workers: 4
[19.010s][debug][gc,phases      ] GC(4)     Total                          Min: 0, Avg:  0.0, Max: 0, Diff: 0, Sum: 0, Workers: 4
[19.010s][debug][gc,phases      ] GC(4) Weak Processing 0.463ms
[19.011s][debug][gc,phases      ] GC(4) ClassLoaderData 0.167ms
[19.011s][debug][gc,phases      ] GC(4) Trigger cleanups 0.006ms
[19.028s][debug][gc,phases      ] GC(4) Purge Unlinked NMethods 0.354ms
[19.028s][debug][gc,phases      ] GC(4) Unregister NMethods 0.137ms
[19.028s][debug][gc,phases      ] GC(4) Free Code Blobs 0.033ms
[19.038s][debug][gc,phases      ] GC(4) Class Unloading 27.227ms
[19.038s][debug][gc,phases      ] GC(4) Report Object Count 0.002ms
[19.038s][info ][gc,phases      ] GC(4) Marking Phase 81.232ms
[19.038s][info ][gc,phases,start] GC(4) Summary Phase
[19.038s][info ][gc,phases      ] GC(4) Summary Phase 0.021ms
[19.038s][info ][gc,phases,start] GC(4) Forward
[19.051s][info ][gc,phases      ] GC(4) Forward 13.268ms
[19.051s][info ][gc,phases,start] GC(4) Adjust Pointers
[19.090s][info ][gc,phases      ] GC(4) Adjust Pointers 38.556ms
[19.090s][info ][gc,phases,start] GC(4) Compaction Phase
[19.110s][info ][gc,phases      ] GC(4) Compaction Phase 20.429ms
[19.111s][info ][gc,phases,start] GC(4) Post Compact
[19.113s][debug][gc,phases      ] GC(4) Purge Class Loader Data 1.770ms
[19.115s][info ][gc,phases      ] GC(4) Post Compact 4.435ms
[19.115s][info ][gc,heap        ] GC(4) PSYoungGen: 446025K(1572864K)->152025K(1572864K) Eden: 316044K(1048576K)->152025K(1048576K) From: 129981K(524288K)->0K(524288K)
[19.115s][info ][gc,heap        ] GC(4) ParOldGen: 5293K(6144K)->6143K(6144K)
[19.115s][info ][gc,metaspace   ] GC(4) Metaspace: 98652K(99648K)->98650K(99648K) NonClass: 83661K(84224K)->83660K(84224K) Class: 14990K(15424K)->14990K(15424K)
[19.115s][info ][gc             ] GC(4) Pause Full (Metadata GC Threshold) 440M->154M(1542M) 158.727ms
[19.115s][info ][gc,cpu         ] GC(4) User=0.46s Sys=0.00s Real=0.16s
[19.115s][info ][safepoint      ] Safepoint "CollectForMetadataAllocation", Time since last: 3873701241 ns, Reaching safepoint: 4700 ns, At safepoint: 158822375 ns, Leaving safepoint: 14000 ns, Total: 158841075 ns, Threads: 0 runnable, 35 total
[23.040s][info ][gc,start       ] GC(5) Pause Young (Allocation Failure)
[23.133s][debug][gc,phases      ] GC(5) Scavenge 92.546ms
[23.133s][debug][gc,ref         ] GC(5) ReferenceProcessor::execute queues: 4, RefProcThreadModel::Multi, marks_oops_alive: false
[23.134s][debug][gc,ref         ] GC(5) ReferenceProcessor::execute queues: 4, RefProcThreadModel::Multi, marks_oops_alive: true
[23.134s][debug][gc,ref         ] GC(5) ReferenceProcessor::execute queues: 1, RefProcThreadModel::Single, marks_oops_alive: false
[23.134s][debug][gc,phases      ] GC(5) Reference Processing 0.841ms
[23.134s][debug][gc,phases      ] GC(5)   VM Weak                        Min: 0.00, Avg: 0.01, Max: 0.01, Diff: 0.01, Sum: 0.03, Workers: 4
[23.134s][debug][gc,phases      ] GC(5)     Dead                           Min: 0, Avg:  0.0, Max: 0, Diff: 0, Sum: 0, Workers: 4
[23.134s][debug][gc,phases      ] GC(5)     Total                          Min: 0, Avg: 206.0, Max: 384, Diff: 384, Sum: 824, Workers: 4
[23.134s][debug][gc,phases      ] GC(5)   ObjectSynchronizer Weak        Min: 0.00, Avg: 0.00, Max: 0.00, Diff: 0.00, Sum: 0.00, Workers: 4
[23.134s][debug][gc,phases      ] GC(5)     Dead                           Min: 0, Avg:  0.2, Max: 1, Diff: 1, Sum: 1, Workers: 4
[23.134s][debug][gc,phases      ] GC(5)     Total                          Min: 0, Avg: 19.2, Max: 64, Diff: 64, Sum: 77, Workers: 4
[23.134s][debug][gc,phases      ] GC(5)   JVMTI Tag Weak OopStorage      Min: 0.00, Avg: 0.00, Max: 0.00, Diff: 0.00, Sum: 0.00, Workers: 4
[23.134s][debug][gc,phases      ] GC(5)     Dead                           Min: 0, Avg:  0.0, Max: 0, Diff: 0, Sum: 0, Workers: 4
[23.134s][debug][gc,phases      ] GC(5)     Total                          Min: 0, Avg:  0.0, Max: 0, Diff: 0, Sum: 0, Workers: 4
[23.135s][debug][gc,phases      ] GC(5)   StringTable Weak               Min: 0.32, Avg: 0.32, Max: 0.32, Diff: 0.00, Sum: 1.27, Workers: 4
[23.135s][debug][gc,phases      ] GC(5)     Dead                           Min: 1, Avg:  2.5, Max: 5, Diff: 4, Sum: 10, Workers: 4
[23.135s][debug][gc,phases      ] GC(5)     Total                          Min: 11196, Avg: 11999.0, Max: 12544, Diff: 1348, Sum: 47996, Workers: 4
[23.135s][debug][gc,phases      ] GC(5)   ResolvedMethodTable Weak       Min: 0.12, Avg: 0.12, Max: 0.13, Diff: 0.01, Sum: 0.49, Workers: 4
[23.135s][debug][gc,phases      ] GC(5)     Dead                           Min: 63, Avg: 86.5, Max: 104, Diff: 41, Sum: 346, Workers: 4
[23.135s][debug][gc,phases      ] GC(5)     Total                          Min: 3840, Avg: 4144.5, Max: 4354, Diff: 514, Sum: 16578, Workers: 4
[23.135s][debug][gc,phases      ] GC(5)   JNI Weak                       Min: 0.00, Avg: 0.00, Max: 0.00, Diff: 0.00, Sum: 0.00, Workers: 4
[23.135s][debug][gc,phases      ] GC(5)     Dead                           Min: 0, Avg:  0.0, Max: 0, Diff: 0, Sum: 0, Workers: 4
[23.135s][debug][gc,phases      ] GC(5)     Total                          Min: 0, Avg: 19.5, Max: 53, Diff: 53, Sum: 78, Workers: 4
[23.135s][debug][gc,phases      ] GC(5)   StringDedup Table Weak         Min: 0.00, Avg: 0.00, Max: 0.00, Diff: 0.00, Sum: 0.00, Workers: 4
[23.135s][debug][gc,phases      ] GC(5)     Dead                           Min: 0, Avg:  0.0, Max: 0, Diff: 0, Sum: 0, Workers: 4
[23.135s][debug][gc,phases      ] GC(5)     Total                          Min: 0, Avg:  0.0, Max: 0, Diff: 0, Sum: 0, Workers: 4
[23.135s][debug][gc,phases      ] GC(5)   StringDedup Requests0 Weak     Min: 0.00, Avg: 0.00, Max: 0.00, Diff: 0.00, Sum: 0.00, Workers: 4
[23.135s][debug][gc,phases      ] GC(5)     Dead                           Min: 0, Avg:  0.0, Max: 0, Diff: 0, Sum: 0, Workers: 4
[23.135s][debug][gc,phases      ] GC(5)     Total                          Min: 0, Avg:  0.0, Max: 0, Diff: 0, Sum: 0, Workers: 4
[23.135s][debug][gc,phases      ] GC(5)   StringDedup Requests1 Weak     Min: 0.00, Avg: 0.00, Max: 0.00, Diff: 0.00, Sum: 0.00, Workers: 4
[23.135s][debug][gc,phases      ] GC(5)     Dead                           Min: 0, Avg:  0.0, Max: 0, Diff: 0, Sum: 0, Workers: 4
[23.135s][debug][gc,phases      ] GC(5)     Total                          Min: 0, Avg:  0.0, Max: 0, Diff: 0, Sum: 0, Workers: 4
[23.135s][debug][gc,phases      ] GC(5)   Weak JFR Old Object Samples    Min: 0.00, Avg: 0.00, Max: 0.00, Diff: 0.00, Sum: 0.00, Workers: 4
[23.135s][debug][gc,phases      ] GC(5)     Dead                           Min: 0, Avg:  0.0, Max: 0, Diff: 0, Sum: 0, Workers: 4
[23.135s][debug][gc,phases      ] GC(5)     Total                          Min: 0, Avg:  0.0, Max: 0, Diff: 0, Sum: 0, Workers: 4
[23.135s][debug][gc,phases      ] GC(5) Weak Processing 0.623ms
[23.135s][debug][gc,age         ] GC(5) Desired survivor size 536870912 bytes, new threshold 7 (max threshold 15)
[23.135s][info ][gc,heap        ] GC(5) PSYoungGen: 1048576K(1572864K)->199843K(1572864K) Eden: 1048576K(1048576K)->0K(1048576K) From: 0K(524288K)->199843K(524288K)
[23.135s][info ][gc,heap        ] GC(5) ParOldGen: 6143K(6144K)->6164K(6656K)
[23.135s][info ][gc,metaspace   ] GC(5) Metaspace: 103110K(104192K)->103110K(104192K) NonClass: 87646K(88256K)->87646K(88256K) Class: 15464K(15936K)->15464K(15936K)
[23.135s][info ][gc             ] GC(5) Pause Young (Allocation Failure) 1029M->201M(1542M) 94.137ms
[23.135s][info ][gc,cpu         ] GC(5) User=0.27s Sys=0.09s Real=0.10s
[23.135s][info ][safepoint      ] Safepoint "ParallelCollectForAllocation", Time since last: 3925066975 ns, Reaching safepoint: 87100 ns, At safepoint: 94203527 ns, Leaving safepoint: 586098 ns, Total: 94876725 ns, Threads: 2 runnable, 35 total
[26.282s][info ][gc,start       ] GC(6) Pause Young (Allocation Failure)
[26.373s][debug][gc,phases      ] GC(6) Scavenge 90.967ms
[26.373s][debug][gc,ref         ] GC(6) ReferenceProcessor::execute queues: 4, RefProcThreadModel::Multi, marks_oops_alive: false
[26.374s][debug][gc,ref         ] GC(6) ReferenceProcessor::execute queues: 4, RefProcThreadModel::Multi, marks_oops_alive: true
[26.374s][debug][gc,ref         ] GC(6) ReferenceProcessor::execute queues: 1, RefProcThreadModel::Single, marks_oops_alive: false
[26.374s][debug][gc,phases      ] GC(6) Reference Processing 0.846ms
[26.374s][debug][gc,phases      ] GC(6)   VM Weak                        Min: 0.00, Avg: 0.01, Max: 0.01, Diff: 0.01, Sum: 0.02, Workers: 4
[26.374s][debug][gc,phases      ] GC(6)     Dead                           Min: 0, Avg:  0.0, Max: 0, Diff: 0, Sum: 0, Workers: 4
[26.374s][debug][gc,phases      ] GC(6)     Total                          Min: 64, Avg: 209.0, Max: 260, Diff: 196, Sum: 836, Workers: 4
[26.374s][debug][gc,phases      ] GC(6)   ObjectSynchronizer Weak        Min: 0.00, Avg: 0.00, Max: 0.00, Diff: 0.00, Sum: 0.00, Workers: 4
[26.374s][debug][gc,phases      ] GC(6)     Dead                           Min: 0, Avg:  0.0, Max: 0, Diff: 0, Sum: 0, Workers: 4
[26.374s][debug][gc,phases      ] GC(6)     Total                          Min: 0, Avg: 19.5, Max: 64, Diff: 64, Sum: 78, Workers: 4
[26.374s][debug][gc,phases      ] GC(6)   JVMTI Tag Weak OopStorage      Min: 0.00, Avg: 0.00, Max: 0.00, Diff: 0.00, Sum: 0.00, Workers: 4
[26.374s][debug][gc,phases      ] GC(6)     Dead                           Min: 0, Avg:  0.0, Max: 0, Diff: 0, Sum: 0, Workers: 4
[26.374s][debug][gc,phases      ] GC(6)     Total                          Min: 0, Avg:  0.0, Max: 0, Diff: 0, Sum: 0, Workers: 4
[26.374s][debug][gc,phases      ] GC(6)   StringTable Weak               Min: 0.30, Avg: 0.30, Max: 0.30, Diff: 0.00, Sum: 1.21, Workers: 4
[26.374s][debug][gc,phases      ] GC(6)     Dead                           Min: 0, Avg:  0.5, Max: 2, Diff: 2, Sum: 2, Workers: 4
[26.374s][debug][gc,phases      ] GC(6)     Total                          Min: 11136, Avg: 12051.0, Max: 12864, Diff: 1728, Sum: 48204, Workers: 4
[26.374s][debug][gc,phases      ] GC(6)   ResolvedMethodTable Weak       Min: 0.12, Avg: 0.12, Max: 0.12, Diff: 0.00, Sum: 0.47, Workers: 4
[26.374s][debug][gc,phases      ] GC(6)     Dead                           Min: 7, Avg: 13.2, Max: 24, Diff: 17, Sum: 53, Workers: 4
[26.374s][debug][gc,phases      ] GC(6)     Total                          Min: 3764, Avg: 3882.0, Max: 4067, Diff: 303, Sum: 15528, Workers: 4
[26.374s][debug][gc,phases      ] GC(6)   JNI Weak                       Min: 0.00, Avg: 0.00, Max: 0.00, Diff: 0.00, Sum: 0.00, Workers: 4
[26.374s][debug][gc,phases      ] GC(6)     Dead                           Min: 0, Avg:  0.0, Max: 0, Diff: 0, Sum: 0, Workers: 4
[26.374s][debug][gc,phases      ] GC(6)     Total                          Min: 0, Avg: 18.2, Max: 52, Diff: 52, Sum: 73, Workers: 4
[26.374s][debug][gc,phases      ] GC(6)   StringDedup Table Weak         Min: 0.00, Avg: 0.00, Max: 0.00, Diff: 0.00, Sum: 0.00, Workers: 4
[26.374s][debug][gc,phases      ] GC(6)     Dead                           Min: 0, Avg:  0.0, Max: 0, Diff: 0, Sum: 0, Workers: 4
[26.374s][debug][gc,phases      ] GC(6)     Total                          Min: 0, Avg:  0.0, Max: 0, Diff: 0, Sum: 0, Workers: 4
[26.374s][debug][gc,phases      ] GC(6)   StringDedup Requests0 Weak     Min: 0.00, Avg: 0.00, Max: 0.00, Diff: 0.00, Sum: 0.00, Workers: 4
[26.374s][debug][gc,phases      ] GC(6)     Dead                           Min: 0, Avg:  0.0, Max: 0, Diff: 0, Sum: 0, Workers: 4
[26.374s][debug][gc,phases      ] GC(6)     Total                          Min: 0, Avg:  0.0, Max: 0, Diff: 0, Sum: 0, Workers: 4
[26.374s][debug][gc,phases      ] GC(6)   StringDedup Requests1 Weak     Min: 0.00, Avg: 0.00, Max: 0.00, Diff: 0.00, Sum: 0.00, Workers: 4
[26.374s][debug][gc,phases      ] GC(6)     Dead                           Min: 0, Avg:  0.0, Max: 0, Diff: 0, Sum: 0, Workers: 4
[26.374s][debug][gc,phases      ] GC(6)     Total                          Min: 0, Avg:  0.0, Max: 0, Diff: 0, Sum: 0, Workers: 4
[26.374s][debug][gc,phases      ] GC(6)   Weak JFR Old Object Samples    Min: 0.00, Avg: 0.00, Max: 0.00, Diff: 0.00, Sum: 0.00, Workers: 4
[26.374s][debug][gc,phases      ] GC(6)     Dead                           Min: 0, Avg:  0.0, Max: 0, Diff: 0, Sum: 0, Workers: 4
[26.374s][debug][gc,phases      ] GC(6)     Total                          Min: 0, Avg:  0.0, Max: 0, Diff: 0, Sum: 0, Workers: 4
[26.374s][debug][gc,phases      ] GC(6) Weak Processing 0.619ms
[26.374s][debug][gc,age         ] GC(6) Desired survivor size 536870912 bytes, new threshold 7 (max threshold 15)
[26.374s][info ][gc,heap        ] GC(6) PSYoungGen: 1248419K(1572864K)->236950K(1572864K) Eden: 1048576K(1048576K)->0K(1048576K) From: 199843K(524288K)->236950K(524288K)
[26.374s][info ][gc,heap        ] GC(6) ParOldGen: 6164K(6656K)->6188K(6656K)
[26.374s][info ][gc,metaspace   ] GC(6) Metaspace: 103867K(105024K)->103867K(105024K) NonClass: 88331K(89024K)->88331K(89024K) Class: 15536K(16000K)->15536K(16000K)
[26.374s][info ][gc             ] GC(6) Pause Young (Allocation Failure) 1225M->237M(1542M) 92.561ms
[26.374s][info ][gc,cpu         ] GC(6) User=0.28s Sys=0.06s Real=0.10s
[26.374s][info ][safepoint      ] Safepoint "ParallelCollectForAllocation", Time since last: 3146338755 ns, Reaching safepoint: 101299 ns, At safepoint: 92630734 ns, Leaving safepoint: 28700 ns, Total: 92760733 ns, Threads: 3 runnable, 35 total
[35.088s][info ][gc,start       ] GC(7) Pause Young (Allocation Failure)
[35.174s][debug][gc,phases      ] GC(7) Scavenge 85.258ms
[35.174s][debug][gc,ref         ] GC(7) ReferenceProcessor::execute queues: 4, RefProcThreadModel::Multi, marks_oops_alive: false
[35.174s][debug][gc,ref         ] GC(7) ReferenceProcessor::execute queues: 4, RefProcThreadModel::Multi, marks_oops_alive: true
[35.174s][debug][gc,ref         ] GC(7) ReferenceProcessor::execute queues: 1, RefProcThreadModel::Single, marks_oops_alive: false
[35.174s][debug][gc,phases      ] GC(7) Reference Processing 0.701ms
[35.175s][debug][gc,phases      ] GC(7)   VM Weak                        Min: 0.00, Avg: 0.01, Max: 0.01, Diff: 0.01, Sum: 0.02, Workers: 4
[35.175s][debug][gc,phases      ] GC(7)     Dead                           Min: 0, Avg:  0.0, Max: 0, Diff: 0, Sum: 0, Workers: 4
[35.175s][debug][gc,phases      ] GC(7)     Total                          Min: 0, Avg: 210.8, Max: 448, Diff: 448, Sum: 843, Workers: 4
[35.175s][debug][gc,phases      ] GC(7)   ObjectSynchronizer Weak        Min: 0.00, Avg: 0.00, Max: 0.00, Diff: 0.00, Sum: 0.00, Workers: 4
[35.175s][debug][gc,phases      ] GC(7)     Dead                           Min: 0, Avg:  0.2, Max: 1, Diff: 1, Sum: 1, Workers: 4
[35.175s][debug][gc,phases      ] GC(7)     Total                          Min: 0, Avg: 19.5, Max: 64, Diff: 64, Sum: 78, Workers: 4
[35.175s][debug][gc,phases      ] GC(7)   JVMTI Tag Weak OopStorage      Min: 0.00, Avg: 0.00, Max: 0.00, Diff: 0.00, Sum: 0.00, Workers: 4
[35.175s][debug][gc,phases      ] GC(7)     Dead                           Min: 0, Avg:  0.0, Max: 0, Diff: 0, Sum: 0, Workers: 4
[35.175s][debug][gc,phases      ] GC(7)     Total                          Min: 0, Avg:  0.0, Max: 0, Diff: 0, Sum: 0, Workers: 4
[35.175s][debug][gc,phases      ] GC(7)   StringTable Weak               Min: 0.00, Avg: 0.26, Max: 0.34, Diff: 0.34, Sum: 1.03, Workers: 4
[35.175s][debug][gc,phases      ] GC(7)     Dead                           Min: 0, Avg:  0.8, Max: 2, Diff: 2, Sum: 3, Workers: 4
[35.175s][debug][gc,phases      ] GC(7)     Total                          Min: 0, Avg: 12168.5, Max: 20544, Diff: 20544, Sum: 48674, Workers: 4
[35.175s][debug][gc,phases      ] GC(7)   ResolvedMethodTable Weak       Min: 0.00, Avg: 0.09, Max: 0.12, Diff: 0.12, Sum: 0.36, Workers: 4
[35.175s][debug][gc,phases      ] GC(7)     Dead                           Min: 0, Avg:  8.0, Max: 14, Diff: 14, Sum: 32, Workers: 4
[35.175s][debug][gc,phases      ] GC(7)     Total                          Min: 0, Avg: 3924.5, Max: 7071, Diff: 7071, Sum: 15698, Workers: 4
[35.175s][debug][gc,phases      ] GC(7)   JNI Weak                       Min: 0.00, Avg: 0.00, Max: 0.00, Diff: 0.00, Sum: 0.00, Workers: 4
[35.175s][debug][gc,phases      ] GC(7)     Dead                           Min: 0, Avg:  0.0, Max: 0, Diff: 0, Sum: 0, Workers: 4
[35.175s][debug][gc,phases      ] GC(7)     Total                          Min: 0, Avg: 14.0, Max: 48, Diff: 48, Sum: 56, Workers: 4
[35.175s][debug][gc,phases      ] GC(7)   StringDedup Table Weak         Min: 0.00, Avg: 0.00, Max: 0.00, Diff: 0.00, Sum: 0.00, Workers: 4
[35.175s][debug][gc,phases      ] GC(7)     Dead                           Min: 0, Avg:  0.0, Max: 0, Diff: 0, Sum: 0, Workers: 4
[35.175s][debug][gc,phases      ] GC(7)     Total                          Min: 0, Avg:  0.0, Max: 0, Diff: 0, Sum: 0, Workers: 4
[35.175s][debug][gc,phases      ] GC(7)   StringDedup Requests0 Weak     Min: 0.00, Avg: 0.00, Max: 0.00, Diff: 0.00, Sum: 0.00, Workers: 4
[35.175s][debug][gc,phases      ] GC(7)     Dead                           Min: 0, Avg:  0.0, Max: 0, Diff: 0, Sum: 0, Workers: 4
[35.175s][debug][gc,phases      ] GC(7)     Total                          Min: 0, Avg:  0.0, Max: 0, Diff: 0, Sum: 0, Workers: 4
[35.175s][debug][gc,phases      ] GC(7)   StringDedup Requests1 Weak     Min: 0.00, Avg: 0.00, Max: 0.00, Diff: 0.00, Sum: 0.00, Workers: 4
[35.175s][debug][gc,phases      ] GC(7)     Dead                           Min: 0, Avg:  0.0, Max: 0, Diff: 0, Sum: 0, Workers: 4
[35.175s][debug][gc,phases      ] GC(7)     Total                          Min: 0, Avg:  0.0, Max: 0, Diff: 0, Sum: 0, Workers: 4
[35.175s][debug][gc,phases      ] GC(7)   Weak JFR Old Object Samples    Min: 0.00, Avg: 0.00, Max: 0.00, Diff: 0.00, Sum: 0.00, Workers: 4
[35.175s][debug][gc,phases      ] GC(7)     Dead                           Min: 0, Avg:  0.0, Max: 0, Diff: 0, Sum: 0, Workers: 4
[35.175s][debug][gc,phases      ] GC(7)     Total                          Min: 0, Avg:  0.0, Max: 0, Diff: 0, Sum: 0, Workers: 4
[35.175s][debug][gc,phases      ] GC(7) Weak Processing 0.639ms
[35.175s][debug][gc,age         ] GC(7) Desired survivor size 536870912 bytes, new threshold 7 (max threshold 15)
[35.175s][info ][gc,heap        ] GC(7) PSYoungGen: 1285526K(1572864K)->244533K(1572864K) Eden: 1048576K(1048576K)->0K(1048576K) From: 236950K(524288K)->244533K(524288K)
[35.175s][info ][gc,heap        ] GC(7) ParOldGen: 6188K(6656K)->6236K(6656K)
[35.175s][info ][gc,metaspace   ] GC(7) Metaspace: 104780K(105920K)->104780K(105920K) NonClass: 89170K(89856K)->89170K(89856K) Class: 15610K(16064K)->15610K(16064K)
[35.175s][info ][gc             ] GC(7) Pause Young (Allocation Failure) 1261M->244M(1542M) 86.716ms
[35.175s][info ][gc,cpu         ] GC(7) User=0.29s Sys=0.02s Real=0.09s
[35.175s][info ][safepoint      ] Safepoint "ParallelCollectForAllocation", Time since last: 8713814368 ns, Reaching safepoint: 4500 ns, At safepoint: 86792054 ns, Leaving safepoint: 11400 ns, Total: 86807954 ns, Threads: 0 runnable, 34 total
[47.534s][info ][gc,start       ] GC(8) Pause Young (Allocation Failure)
[47.618s][debug][gc,phases      ] GC(8) Scavenge 84.135ms
[47.619s][debug][gc,ref         ] GC(8) ReferenceProcessor::execute queues: 4, RefProcThreadModel::Multi, marks_oops_alive: false
[47.619s][debug][gc,ref         ] GC(8) ReferenceProcessor::execute queues: 4, RefProcThreadModel::Multi, marks_oops_alive: true
[47.619s][debug][gc,ref         ] GC(8) ReferenceProcessor::execute queues: 1, RefProcThreadModel::Single, marks_oops_alive: false
[47.619s][debug][gc,phases      ] GC(8) Reference Processing 0.783ms
[47.620s][debug][gc,phases      ] GC(8)   VM Weak                        Min: 0.00, Avg: 0.01, Max: 0.01, Diff: 0.01, Sum: 0.02, Workers: 4
[47.620s][debug][gc,phases      ] GC(8)     Dead                           Min: 0, Avg:  0.0, Max: 0, Diff: 0, Sum: 0, Workers: 4
[47.620s][debug][gc,phases      ] GC(8)     Total                          Min: 0, Avg: 216.8, Max: 448, Diff: 448, Sum: 867, Workers: 4
[47.620s][debug][gc,phases      ] GC(8)   ObjectSynchronizer Weak        Min: 0.00, Avg: 0.00, Max: 0.00, Diff: 0.00, Sum: 0.00, Workers: 4
[47.620s][debug][gc,phases      ] GC(8)     Dead                           Min: 0, Avg:  0.0, Max: 0, Diff: 0, Sum: 0, Workers: 4
[47.620s][debug][gc,phases      ] GC(8)     Total                          Min: 0, Avg: 19.5, Max: 64, Diff: 64, Sum: 78, Workers: 4
[47.620s][debug][gc,phases      ] GC(8)   JVMTI Tag Weak OopStorage      Min: 0.00, Avg: 0.00, Max: 0.00, Diff: 0.00, Sum: 0.00, Workers: 4
[47.620s][debug][gc,phases      ] GC(8)     Dead                           Min: 0, Avg:  0.0, Max: 0, Diff: 0, Sum: 0, Workers: 4
[47.620s][debug][gc,phases      ] GC(8)     Total                          Min: 0, Avg:  0.0, Max: 0, Diff: 0, Sum: 0, Workers: 4
[47.620s][debug][gc,phases      ] GC(8)   StringTable Weak               Min: 0.00, Avg: 0.27, Max: 0.36, Diff: 0.36, Sum: 1.08, Workers: 4
[47.620s][debug][gc,phases      ] GC(8)     Dead                           Min: 0, Avg:  1.0, Max: 2, Diff: 2, Sum: 4, Workers: 4
[47.620s][debug][gc,phases      ] GC(8)     Total                          Min: 0, Avg: 12212.0, Max: 20416, Diff: 20416, Sum: 48848, Workers: 4
[47.620s][debug][gc,phases      ] GC(8)   ResolvedMethodTable Weak       Min: 0.00, Avg: 0.09, Max: 0.12, Diff: 0.12, Sum: 0.37, Workers: 4
[47.620s][debug][gc,phases      ] GC(8)     Dead                           Min: 0, Avg: 15.0, Max: 32, Diff: 32, Sum: 60, Workers: 4
[47.620s][debug][gc,phases      ] GC(8)     Total                          Min: 0, Avg: 3976.2, Max: 6899, Diff: 6899, Sum: 15905, Workers: 4
[47.620s][debug][gc,phases      ] GC(8)   JNI Weak                       Min: 0.00, Avg: 0.00, Max: 0.00, Diff: 0.00, Sum: 0.00, Workers: 4
[47.620s][debug][gc,phases      ] GC(8)     Dead                           Min: 0, Avg:  0.0, Max: 0, Diff: 0, Sum: 0, Workers: 4
[47.620s][debug][gc,phases      ] GC(8)     Total                          Min: 0, Avg: 13.0, Max: 48, Diff: 48, Sum: 52, Workers: 4
[47.620s][debug][gc,phases      ] GC(8)   StringDedup Table Weak         Min: 0.00, Avg: 0.00, Max: 0.00, Diff: 0.00, Sum: 0.00, Workers: 4
[47.620s][debug][gc,phases      ] GC(8)     Dead                           Min: 0, Avg:  0.0, Max: 0, Diff: 0, Sum: 0, Workers: 4
[47.620s][debug][gc,phases      ] GC(8)     Total                          Min: 0, Avg:  0.0, Max: 0, Diff: 0, Sum: 0, Workers: 4
[47.620s][debug][gc,phases      ] GC(8)   StringDedup Requests0 Weak     Min: 0.00, Avg: 0.00, Max: 0.00, Diff: 0.00, Sum: 0.00, Workers: 4
[47.620s][debug][gc,phases      ] GC(8)     Dead                           Min: 0, Avg:  0.0, Max: 0, Diff: 0, Sum: 0, Workers: 4
[47.620s][debug][gc,phases      ] GC(8)     Total                          Min: 0, Avg:  0.0, Max: 0, Diff: 0, Sum: 0, Workers: 4
[47.620s][debug][gc,phases      ] GC(8)   StringDedup Requests1 Weak     Min: 0.00, Avg: 0.00, Max: 0.00, Diff: 0.00, Sum: 0.00, Workers: 4
[47.620s][debug][gc,phases      ] GC(8)     Dead                           Min: 0, Avg:  0.0, Max: 0, Diff: 0, Sum: 0, Workers: 4
[47.620s][debug][gc,phases      ] GC(8)     Total                          Min: 0, Avg:  0.0, Max: 0, Diff: 0, Sum: 0, Workers: 4
[47.620s][debug][gc,phases      ] GC(8)   Weak JFR Old Object Samples    Min: 0.00, Avg: 0.00, Max: 0.00, Diff: 0.00, Sum: 0.00, Workers: 4
[47.620s][debug][gc,phases      ] GC(8)     Dead                           Min: 0, Avg:  0.0, Max: 0, Diff: 0, Sum: 0, Workers: 4
[47.620s][debug][gc,phases      ] GC(8)     Total                          Min: 0, Avg:  0.0, Max: 0, Diff: 0, Sum: 0, Workers: 4
[47.620s][debug][gc,phases      ] GC(8) Weak Processing 0.671ms
[47.620s][debug][gc,age         ] GC(8) Desired survivor size 317194240 bytes, new threshold 6 (max threshold 15)
[47.620s][info ][gc,heap        ] GC(8) PSYoungGen: 1293109K(1572864K)->249852K(1572864K) Eden: 1048576K(1048576K)->0K(1048576K) From: 244533K(524288K)->249852K(524288K)
[47.620s][info ][gc,heap        ] GC(8) ParOldGen: 6236K(6656K)->6244K(6656K)
[47.620s][info ][gc,metaspace   ] GC(8) Metaspace: 105435K(106624K)->105435K(106624K) NonClass: 89754K(90432K)->89754K(90432K) Class: 15681K(16192K)->15681K(16192K)
[47.620s][info ][gc             ] GC(8) Pause Young (Allocation Failure) 1268M->250M(1542M) 85.711ms
[47.620s][info ][gc,cpu         ] GC(8) User=0.30s Sys=0.02s Real=0.08s
[47.620s][info ][safepoint      ] Safepoint "ParallelCollectForAllocation", Time since last: 12359303953 ns, Reaching safepoint: 5300 ns, At safepoint: 85775154 ns, Leaving safepoint: 10300 ns, Total: 85790754 ns, Threads: 0 runnable, 34 total
[63.129s][info ][gc,start       ] GC(9) Pause Young (Allocation Failure)
[63.234s][debug][gc,phases      ] GC(9) Scavenge 104.354ms
[63.234s][debug][gc,ref         ] GC(9) ReferenceProcessor::execute queues: 4, RefProcThreadModel::Multi, marks_oops_alive: false
[63.235s][debug][gc,ref         ] GC(9) ReferenceProcessor::execute queues: 4, RefProcThreadModel::Multi, marks_oops_alive: true
[63.235s][debug][gc,ref         ] GC(9) ReferenceProcessor::execute queues: 1, RefProcThreadModel::Single, marks_oops_alive: false
[63.235s][debug][gc,phases      ] GC(9) Reference Processing 0.734ms
[63.235s][debug][gc,phases      ] GC(9)   VM Weak                        Min: 0.00, Avg: 0.01, Max: 0.01, Diff: 0.01, Sum: 0.02, Workers: 4
[63.235s][debug][gc,phases      ] GC(9)     Dead                           Min: 0, Avg:  0.0, Max: 0, Diff: 0, Sum: 0, Workers: 4
[63.235s][debug][gc,phases      ] GC(9)     Total                          Min: 0, Avg: 217.0, Max: 448, Diff: 448, Sum: 868, Workers: 4
[63.235s][debug][gc,phases      ] GC(9)   ObjectSynchronizer Weak        Min: 0.00, Avg: 0.00, Max: 0.00, Diff: 0.00, Sum: 0.00, Workers: 4
[63.235s][debug][gc,phases      ] GC(9)     Dead                           Min: 0, Avg:  0.0, Max: 0, Diff: 0, Sum: 0, Workers: 4
[63.235s][debug][gc,phases      ] GC(9)     Total                          Min: 0, Avg:  1.2, Max: 5, Diff: 5, Sum: 5, Workers: 4
[63.235s][debug][gc,phases      ] GC(9)   JVMTI Tag Weak OopStorage      Min: 0.00, Avg: 0.00, Max: 0.00, Diff: 0.00, Sum: 0.00, Workers: 4
[63.235s][debug][gc,phases      ] GC(9)     Dead                           Min: 0, Avg:  0.0, Max: 0, Diff: 0, Sum: 0, Workers: 4
[63.235s][debug][gc,phases      ] GC(9)     Total                          Min: 0, Avg:  0.0, Max: 0, Diff: 0, Sum: 0, Workers: 4
[63.235s][debug][gc,phases      ] GC(9)   StringTable Weak               Min: 0.00, Avg: 0.27, Max: 0.36, Diff: 0.36, Sum: 1.07, Workers: 4
[63.235s][debug][gc,phases      ] GC(9)     Dead                           Min: 0, Avg:  0.5, Max: 2, Diff: 2, Sum: 2, Workers: 4
[63.235s][debug][gc,phases      ] GC(9)     Total                          Min: 0, Avg: 12239.0, Max: 20416, Diff: 20416, Sum: 48956, Workers: 4
[63.235s][debug][gc,phases      ] GC(9)   ResolvedMethodTable Weak       Min: 0.00, Avg: 0.10, Max: 0.14, Diff: 0.14, Sum: 0.42, Workers: 4
[63.235s][debug][gc,phases      ] GC(9)     Dead                           Min: 0, Avg:  1.8, Max: 5, Diff: 5, Sum: 7, Workers: 4
[63.235s][debug][gc,phases      ] GC(9)     Total                          Min: 0, Avg: 3985.2, Max: 6621, Diff: 6621, Sum: 15941, Workers: 4
[63.235s][debug][gc,phases      ] GC(9)   JNI Weak                       Min: 0.00, Avg: 0.00, Max: 0.00, Diff: 0.00, Sum: 0.00, Workers: 4
[63.235s][debug][gc,phases      ] GC(9)     Dead                           Min: 0, Avg:  0.0, Max: 0, Diff: 0, Sum: 0, Workers: 4
[63.235s][debug][gc,phases      ] GC(9)     Total                          Min: 0, Avg: 13.0, Max: 48, Diff: 48, Sum: 52, Workers: 4
[63.235s][debug][gc,phases      ] GC(9)   StringDedup Table Weak         Min: 0.00, Avg: 0.00, Max: 0.00, Diff: 0.00, Sum: 0.00, Workers: 4
[63.235s][debug][gc,phases      ] GC(9)     Dead                           Min: 0, Avg:  0.0, Max: 0, Diff: 0, Sum: 0, Workers: 4
[63.235s][debug][gc,phases      ] GC(9)     Total                          Min: 0, Avg:  0.0, Max: 0, Diff: 0, Sum: 0, Workers: 4
[63.235s][debug][gc,phases      ] GC(9)   StringDedup Requests0 Weak     Min: 0.00, Avg: 0.00, Max: 0.00, Diff: 0.00, Sum: 0.00, Workers: 4
[63.235s][debug][gc,phases      ] GC(9)     Dead                           Min: 0, Avg:  0.0, Max: 0, Diff: 0, Sum: 0, Workers: 4
[63.235s][debug][gc,phases      ] GC(9)     Total                          Min: 0, Avg:  0.0, Max: 0, Diff: 0, Sum: 0, Workers: 4
[63.235s][debug][gc,phases      ] GC(9)   StringDedup Requests1 Weak     Min: 0.00, Avg: 0.00, Max: 0.00, Diff: 0.00, Sum: 0.00, Workers: 4
[63.235s][debug][gc,phases      ] GC(9)     Dead                           Min: 0, Avg:  0.0, Max: 0, Diff: 0, Sum: 0, Workers: 4
[63.235s][debug][gc,phases      ] GC(9)     Total                          Min: 0, Avg:  0.0, Max: 0, Diff: 0, Sum: 0, Workers: 4
[63.235s][debug][gc,phases      ] GC(9)   Weak JFR Old Object Samples    Min: 0.00, Avg: 0.00, Max: 0.00, Diff: 0.00, Sum: 0.00, Workers: 4
[63.235s][debug][gc,phases      ] GC(9)     Dead                           Min: 0, Avg:  0.0, Max: 0, Diff: 0, Sum: 0, Workers: 4
[63.235s][debug][gc,phases      ] GC(9)     Total                          Min: 0, Avg:  0.0, Max: 0, Diff: 0, Sum: 0, Workers: 4
[63.235s][debug][gc,phases      ] GC(9) Weak Processing 0.677ms
[63.235s][debug][gc,age         ] GC(9) Desired survivor size 323485696 bytes, new threshold 5 (max threshold 15)
[63.235s][info ][gc,heap        ] GC(9) PSYoungGen: 1298428K(1572864K)->250059K(1775104K) Eden: 1048576K(1048576K)->0K(1465344K) From: 249852K(524288K)->250059K(309760K)
[63.235s][info ][gc,heap        ] GC(9) ParOldGen: 6244K(6656K)->6252K(6656K)
[63.235s][info ][gc,metaspace   ] GC(9) Metaspace: 105668K(106816K)->105668K(106816K) NonClass: 89964K(90624K)->89964K(90624K) Class: 15703K(16192K)->15703K(16192K)
[63.235s][info ][gc             ] GC(9) Pause Young (Allocation Failure) 1274M->250M(1740M) 105.914ms
[63.235s][info ][gc,cpu         ] GC(9) User=0.27s Sys=0.13s Real=0.11s
[63.235s][info ][safepoint      ] Safepoint "ParallelCollectForAllocation", Time since last: 15509362109 ns, Reaching safepoint: 5300 ns, At safepoint: 106018075 ns, Leaving safepoint: 10400 ns, Total: 106033775 ns, Threads: 0 runnable, 33 total
[81.730s][info ][gc,start       ] GC(10) Pause Young (Allocation Failure)
[81.856s][debug][gc,phases      ] GC(10) Scavenge 125.276ms
[81.856s][debug][gc,ref         ] GC(10) ReferenceProcessor::execute queues: 1, RefProcThreadModel::Single, marks_oops_alive: false
[81.856s][debug][gc,ref         ] GC(10) Skipped KeepAliveFinalRefsPhase of Reference Processing: no references
[81.856s][debug][gc,ref         ] GC(10) ReferenceProcessor::execute queues: 1, RefProcThreadModel::Single, marks_oops_alive: false
[81.856s][debug][gc,phases      ] GC(10) Reference Processing 0.137ms
[81.857s][debug][gc,phases      ] GC(10)   VM Weak                        Min: 0.00, Avg: 0.01, Max: 0.01, Diff: 0.01, Sum: 0.02, Workers: 4
[81.857s][debug][gc,phases      ] GC(10)     Dead                           Min: 0, Avg:  0.0, Max: 0, Diff: 0, Sum: 0, Workers: 4
[81.857s][debug][gc,phases      ] GC(10)     Total                          Min: 0, Avg: 219.2, Max: 448, Diff: 448, Sum: 877, Workers: 4
[81.857s][debug][gc,phases      ] GC(10)   ObjectSynchronizer Weak        Min: 0.00, Avg: 0.00, Max: 0.00, Diff: 0.00, Sum: 0.00, Workers: 4
[81.857s][debug][gc,phases      ] GC(10)     Dead                           Min: 0, Avg:  0.0, Max: 0, Diff: 0, Sum: 0, Workers: 4
[81.857s][debug][gc,phases      ] GC(10)     Total                          Min: 0, Avg:  1.8, Max: 7, Diff: 7, Sum: 7, Workers: 4
[81.857s][debug][gc,phases      ] GC(10)   JVMTI Tag Weak OopStorage      Min: 0.00, Avg: 0.00, Max: 0.00, Diff: 0.00, Sum: 0.00, Workers: 4
[81.857s][debug][gc,phases      ] GC(10)     Dead                           Min: 0, Avg:  0.0, Max: 0, Diff: 0, Sum: 0, Workers: 4
[81.857s][debug][gc,phases      ] GC(10)     Total                          Min: 0, Avg:  0.0, Max: 0, Diff: 0, Sum: 0, Workers: 4
[81.857s][debug][gc,phases      ] GC(10)   StringTable Weak               Min: 0.00, Avg: 0.29, Max: 0.50, Diff: 0.50, Sum: 1.15, Workers: 4
[81.857s][debug][gc,phases      ] GC(10)     Dead                           Min: 0, Avg:  0.2, Max: 1, Diff: 1, Sum: 1, Workers: 4
[81.857s][debug][gc,phases      ] GC(10)     Total                          Min: 0, Avg: 12248.0, Max: 24767, Diff: 24767, Sum: 48992, Workers: 4
[81.857s][debug][gc,phases      ] GC(10)   ResolvedMethodTable Weak       Min: 0.00, Avg: 0.12, Max: 0.16, Diff: 0.16, Sum: 0.48, Workers: 4
[81.857s][debug][gc,phases      ] GC(10)     Dead                           Min: 0, Avg:  6.5, Max: 20, Diff: 20, Sum: 26, Workers: 4
[81.857s][debug][gc,phases      ] GC(10)     Total                          Min: 0, Avg: 3997.0, Max: 5511, Diff: 5511, Sum: 15988, Workers: 4
[81.857s][debug][gc,phases      ] GC(10)   JNI Weak                       Min: 0.00, Avg: 0.00, Max: 0.00, Diff: 0.00, Sum: 0.00, Workers: 4
[81.857s][debug][gc,phases      ] GC(10)     Dead                           Min: 0, Avg:  0.0, Max: 0, Diff: 0, Sum: 0, Workers: 4
[81.857s][debug][gc,phases      ] GC(10)     Total                          Min: 0, Avg: 13.0, Max: 48, Diff: 48, Sum: 52, Workers: 4
[81.857s][debug][gc,phases      ] GC(10)   StringDedup Table Weak         Min: 0.00, Avg: 0.00, Max: 0.00, Diff: 0.00, Sum: 0.00, Workers: 4
[81.857s][debug][gc,phases      ] GC(10)     Dead                           Min: 0, Avg:  0.0, Max: 0, Diff: 0, Sum: 0, Workers: 4
[81.857s][debug][gc,phases      ] GC(10)     Total                          Min: 0, Avg:  0.0, Max: 0, Diff: 0, Sum: 0, Workers: 4
[81.857s][debug][gc,phases      ] GC(10)   StringDedup Requests0 Weak     Min: 0.00, Avg: 0.00, Max: 0.00, Diff: 0.00, Sum: 0.00, Workers: 4
[81.857s][debug][gc,phases      ] GC(10)     Dead                           Min: 0, Avg:  0.0, Max: 0, Diff: 0, Sum: 0, Workers: 4
[81.857s][debug][gc,phases      ] GC(10)     Total                          Min: 0, Avg:  0.0, Max: 0, Diff: 0, Sum: 0, Workers: 4
[81.857s][debug][gc,phases      ] GC(10)   StringDedup Requests1 Weak     Min: 0.00, Avg: 0.00, Max: 0.00, Diff: 0.00, Sum: 0.00, Workers: 4
[81.857s][debug][gc,phases      ] GC(10)     Dead                           Min: 0, Avg:  0.0, Max: 0, Diff: 0, Sum: 0, Workers: 4
[81.857s][debug][gc,phases      ] GC(10)     Total                          Min: 0, Avg:  0.0, Max: 0, Diff: 0, Sum: 0, Workers: 4
[81.857s][debug][gc,phases      ] GC(10)   Weak JFR Old Object Samples    Min: 0.00, Avg: 0.00, Max: 0.00, Diff: 0.00, Sum: 0.00, Workers: 4
[81.857s][debug][gc,phases      ] GC(10)     Dead                           Min: 0, Avg:  0.0, Max: 0, Diff: 0, Sum: 0, Workers: 4
[81.857s][debug][gc,phases      ] GC(10)     Total                          Min: 0, Avg:  0.0, Max: 0, Diff: 0, Sum: 0, Workers: 4
[81.857s][debug][gc,phases      ] GC(10) Weak Processing 0.855ms
[81.857s][debug][gc,age         ] GC(10) Desired survivor size 344981504 bytes, new threshold 4 (max threshold 15)
[81.857s][info ][gc,heap        ] GC(10) PSYoungGen: 1715403K(1775104K)->60391K(1525760K) Eden: 1465344K(1465344K)->0K(1465344K) From: 250059K(309760K)->60391K(60416K)
[81.857s][info ][gc,heap        ] GC(10) ParOldGen: 6252K(6656K)->205087K(205312K)
[81.857s][info ][gc,metaspace   ] GC(10) Metaspace: 105826K(107008K)->105826K(107008K) NonClass: 90108K(90816K)->90108K(90816K) Class: 15718K(16192K)->15718K(16192K)
[81.857s][info ][gc             ] GC(10) Pause Young (Allocation Failure) 1681M->259M(1690M) 126.388ms
[81.857s][info ][gc,cpu         ] GC(10) User=0.33s Sys=0.12s Real=0.13s
[81.857s][info ][safepoint      ] Safepoint "ParallelCollectForAllocation", Time since last: 18494835549 ns, Reaching safepoint: 22300 ns, At safepoint: 126447471 ns, Leaving safepoint: 17900 ns, Total: 126487671 ns, Threads: 0 runnable, 33 total
[102.630s][info ][gc,start       ] GC(11) Pause Young (Allocation Failure)
[102.658s][debug][gc,phases      ] GC(11) Scavenge 27.620ms
[102.658s][debug][gc,ref         ] GC(11) ReferenceProcessor::execute queues: 1, RefProcThreadModel::Single, marks_oops_alive: false
[102.658s][debug][gc,ref         ] GC(11) Skipped KeepAliveFinalRefsPhase of Reference Processing: no references
[102.658s][debug][gc,ref         ] GC(11) Skipped PhantomRefsPhase of Reference Processing: no references
[102.658s][debug][gc,phases      ] GC(11) Reference Processing 0.116ms
[102.658s][debug][gc,phases      ] GC(11)   VM Weak                        Min: 0.00, Avg: 0.00, Max: 0.01, Diff: 0.00, Sum: 0.01, Workers: 4
[102.658s][debug][gc,phases      ] GC(11)     Dead                           Min: 0, Avg:  0.0, Max: 0, Diff: 0, Sum: 0, Workers: 4
[102.658s][debug][gc,phases      ] GC(11)     Total                          Min: 0, Avg: 220.5, Max: 448, Diff: 448, Sum: 882, Workers: 4
[102.658s][debug][gc,phases      ] GC(11)   ObjectSynchronizer Weak        Min: 0.00, Avg: 0.00, Max: 0.00, Diff: 0.00, Sum: 0.00, Workers: 4
[102.658s][debug][gc,phases      ] GC(11)     Dead                           Min: 0, Avg:  0.0, Max: 0, Diff: 0, Sum: 0, Workers: 4
[102.658s][debug][gc,phases      ] GC(11)     Total                          Min: 0, Avg:  1.8, Max: 7, Diff: 7, Sum: 7, Workers: 4
[102.658s][debug][gc,phases      ] GC(11)   JVMTI Tag Weak OopStorage      Min: 0.00, Avg: 0.00, Max: 0.00, Diff: 0.00, Sum: 0.00, Workers: 4
[102.658s][debug][gc,phases      ] GC(11)     Dead                           Min: 0, Avg:  0.0, Max: 0, Diff: 0, Sum: 0, Workers: 4
[102.658s][debug][gc,phases      ] GC(11)     Total                          Min: 0, Avg:  0.0, Max: 0, Diff: 0, Sum: 0, Workers: 4
[102.658s][debug][gc,phases      ] GC(11)   StringTable Weak               Min: 0.00, Avg: 0.11, Max: 0.20, Diff: 0.20, Sum: 0.43, Workers: 4
[102.658s][debug][gc,phases      ] GC(11)     Dead                           Min: 0, Avg:  0.2, Max: 1, Diff: 1, Sum: 1, Workers: 4
[102.658s][debug][gc,phases      ] GC(11)     Total                          Min: 0, Avg: 12260.0, Max: 27712, Diff: 27712, Sum: 49040, Workers: 4
[102.658s][debug][gc,phases      ] GC(11)   ResolvedMethodTable Weak       Min: 0.00, Avg: 0.04, Max: 0.06, Diff: 0.06, Sum: 0.17, Workers: 4
[102.658s][debug][gc,phases      ] GC(11)     Dead                           Min: 0, Avg:  5.8, Max: 18, Diff: 18, Sum: 23, Workers: 4
[102.658s][debug][gc,phases      ] GC(11)     Total                          Min: 0, Avg: 4005.8, Max: 5687, Diff: 5687, Sum: 16023, Workers: 4
[102.658s][debug][gc,phases      ] GC(11)   JNI Weak                       Min: 0.00, Avg: 0.00, Max: 0.00, Diff: 0.00, Sum: 0.00, Workers: 4
[102.658s][debug][gc,phases      ] GC(11)     Dead                           Min: 0, Avg:  0.0, Max: 0, Diff: 0, Sum: 0, Workers: 4
[102.658s][debug][gc,phases      ] GC(11)     Total                          Min: 0, Avg: 13.0, Max: 48, Diff: 48, Sum: 52, Workers: 4
[102.658s][debug][gc,phases      ] GC(11)   StringDedup Table Weak         Min: 0.00, Avg: 0.00, Max: 0.00, Diff: 0.00, Sum: 0.00, Workers: 4
[102.658s][debug][gc,phases      ] GC(11)     Dead                           Min: 0, Avg:  0.0, Max: 0, Diff: 0, Sum: 0, Workers: 4
[102.658s][debug][gc,phases      ] GC(11)     Total                          Min: 0, Avg:  0.0, Max: 0, Diff: 0, Sum: 0, Workers: 4
[102.658s][debug][gc,phases      ] GC(11)   StringDedup Requests0 Weak     Min: 0.00, Avg: 0.00, Max: 0.00, Diff: 0.00, Sum: 0.00, Workers: 4
[102.658s][debug][gc,phases      ] GC(11)     Dead                           Min: 0, Avg:  0.0, Max: 0, Diff: 0, Sum: 0, Workers: 4
[102.658s][debug][gc,phases      ] GC(11)     Total                          Min: 0, Avg:  0.0, Max: 0, Diff: 0, Sum: 0, Workers: 4
[102.658s][debug][gc,phases      ] GC(11)   StringDedup Requests1 Weak     Min: 0.00, Avg: 0.00, Max: 0.00, Diff: 0.00, Sum: 0.00, Workers: 4
[102.658s][debug][gc,phases      ] GC(11)     Dead                           Min: 0, Avg:  0.0, Max: 0, Diff: 0, Sum: 0, Workers: 4
[102.658s][debug][gc,phases      ] GC(11)     Total                          Min: 0, Avg:  0.0, Max: 0, Diff: 0, Sum: 0, Workers: 4
[102.658s][debug][gc,phases      ] GC(11)   Weak JFR Old Object Samples    Min: 0.00, Avg: 0.00, Max: 0.00, Diff: 0.00, Sum: 0.00, Workers: 4
[102.658s][debug][gc,phases      ] GC(11)     Dead                           Min: 0, Avg:  0.0, Max: 0, Diff: 0, Sum: 0, Workers: 4
[102.658s][debug][gc,phases      ] GC(11)     Total                          Min: 0, Avg:  0.0, Max: 0, Diff: 0, Sum: 0, Workers: 4
[102.658s][debug][gc,phases      ] GC(11) Weak Processing 0.465ms
[102.658s][debug][gc,age         ] GC(11) Desired survivor size 364904448 bytes, new threshold 3 (max threshold 15)
[102.658s][info ][gc,heap        ] GC(11) PSYoungGen: 1525735K(1525760K)->11706K(1721344K) Eden: 1465344K(1465344K)->0K(1384448K) From: 60391K(60416K)->11706K(336896K)
[102.658s][info ][gc,heap        ] GC(11) ParOldGen: 205087K(205312K)->256537K(257024K)
[102.659s][info ][gc,metaspace   ] GC(11) Metaspace: 106097K(107264K)->106097K(107264K) NonClass: 90364K(91072K)->90364K(91072K) Class: 15732K(16192K)->15732K(16192K)
[102.659s][info ][gc             ] GC(11) Pause Young (Allocation Failure) 1690M->261M(1932M) 28.356ms
[102.659s][info ][gc,cpu         ] GC(11) User=0.08s Sys=0.02s Real=0.03s
[102.659s][info ][safepoint      ] Safepoint "ParallelCollectForAllocation", Time since last: 20773345688 ns, Reaching safepoint: 17500 ns, At safepoint: 28417185 ns, Leaving safepoint: 4200 ns, Total: 28438885 ns, Threads: 0 runnable, 29 total
[109.525s][info ][gc,start       ] GC(12) Pause Young (Allocation Failure)
[109.551s][debug][gc,phases      ] GC(12) Scavenge 26.657ms
[109.552s][debug][gc,ref         ] GC(12) ReferenceProcessor::execute queues: 1, RefProcThreadModel::Single, marks_oops_alive: false
[109.552s][debug][gc,ref         ] GC(12) Skipped KeepAliveFinalRefsPhase of Reference Processing: no references
[109.552s][debug][gc,ref         ] GC(12) ReferenceProcessor::execute queues: 1, RefProcThreadModel::Single, marks_oops_alive: false
[109.552s][debug][gc,phases      ] GC(12) Reference Processing 0.130ms
[109.552s][debug][gc,phases      ] GC(12)   VM Weak                        Min: 0.00, Avg: 0.00, Max: 0.01, Diff: 0.01, Sum: 0.01, Workers: 4
[109.552s][debug][gc,phases      ] GC(12)     Dead                           Min: 0, Avg:  0.0, Max: 0, Diff: 0, Sum: 0, Workers: 4
[109.552s][debug][gc,phases      ] GC(12)     Total                          Min: 0, Avg: 224.5, Max: 640, Diff: 640, Sum: 898, Workers: 4
[109.552s][debug][gc,phases      ] GC(12)   ObjectSynchronizer Weak        Min: 0.00, Avg: 0.00, Max: 0.00, Diff: 0.00, Sum: 0.00, Workers: 4
[109.552s][debug][gc,phases      ] GC(12)     Dead                           Min: 0, Avg:  0.0, Max: 0, Diff: 0, Sum: 0, Workers: 4
[109.552s][debug][gc,phases      ] GC(12)     Total                          Min: 0, Avg:  2.5, Max: 10, Diff: 10, Sum: 10, Workers: 4
[109.552s][debug][gc,phases      ] GC(12)   JVMTI Tag Weak OopStorage      Min: 0.00, Avg: 0.00, Max: 0.00, Diff: 0.00, Sum: 0.00, Workers: 4
[109.552s][debug][gc,phases      ] GC(12)     Dead                           Min: 0, Avg:  0.0, Max: 0, Diff: 0, Sum: 0, Workers: 4
[109.552s][debug][gc,phases      ] GC(12)     Total                          Min: 0, Avg:  0.0, Max: 0, Diff: 0, Sum: 0, Workers: 4
[109.552s][debug][gc,phases      ] GC(12)   StringTable Weak               Min: 0.00, Avg: 0.11, Max: 0.15, Diff: 0.15, Sum: 0.44, Workers: 4
[109.552s][debug][gc,phases      ] GC(12)     Dead                           Min: 0, Avg:  1.2, Max: 3, Diff: 3, Sum: 5, Workers: 4
[109.552s][debug][gc,phases      ] GC(12)     Total                          Min: 0, Avg: 12341.8, Max: 18712, Diff: 18712, Sum: 49367, Workers: 4
[109.552s][debug][gc,phases      ] GC(12)   ResolvedMethodTable Weak       Min: 0.00, Avg: 0.04, Max: 0.05, Diff: 0.05, Sum: 0.16, Workers: 4
[109.552s][debug][gc,phases      ] GC(12)     Dead                           Min: 0, Avg: 19.0, Max: 36, Diff: 36, Sum: 76, Workers: 4
[109.552s][debug][gc,phases      ] GC(12)     Total                          Min: 0, Avg: 4082.8, Max: 6497, Diff: 6497, Sum: 16331, Workers: 4
[109.552s][debug][gc,phases      ] GC(12)   JNI Weak                       Min: 0.00, Avg: 0.00, Max: 0.00, Diff: 0.00, Sum: 0.00, Workers: 4
[109.552s][debug][gc,phases      ] GC(12)     Dead                           Min: 0, Avg:  0.0, Max: 0, Diff: 0, Sum: 0, Workers: 4
[109.552s][debug][gc,phases      ] GC(12)     Total                          Min: 0, Avg: 13.0, Max: 48, Diff: 48, Sum: 52, Workers: 4
[109.552s][debug][gc,phases      ] GC(12)   StringDedup Table Weak         Min: 0.00, Avg: 0.00, Max: 0.00, Diff: 0.00, Sum: 0.00, Workers: 4
[109.552s][debug][gc,phases      ] GC(12)     Dead                           Min: 0, Avg:  0.0, Max: 0, Diff: 0, Sum: 0, Workers: 4
[109.552s][debug][gc,phases      ] GC(12)     Total                          Min: 0, Avg:  0.0, Max: 0, Diff: 0, Sum: 0, Workers: 4
[109.552s][debug][gc,phases      ] GC(12)   StringDedup Requests0 Weak     Min: 0.00, Avg: 0.00, Max: 0.00, Diff: 0.00, Sum: 0.00, Workers: 4
[109.552s][debug][gc,phases      ] GC(12)     Dead                           Min: 0, Avg:  0.0, Max: 0, Diff: 0, Sum: 0, Workers: 4
[109.552s][debug][gc,phases      ] GC(12)     Total                          Min: 0, Avg:  0.0, Max: 0, Diff: 0, Sum: 0, Workers: 4
[109.552s][debug][gc,phases      ] GC(12)   StringDedup Requests1 Weak     Min: 0.00, Avg: 0.00, Max: 0.00, Diff: 0.00, Sum: 0.00, Workers: 4
[109.552s][debug][gc,phases      ] GC(12)     Dead                           Min: 0, Avg:  0.0, Max: 0, Diff: 0, Sum: 0, Workers: 4
[109.552s][debug][gc,phases      ] GC(12)     Total                          Min: 0, Avg:  0.0, Max: 0, Diff: 0, Sum: 0, Workers: 4
[109.552s][debug][gc,phases      ] GC(12)   Weak JFR Old Object Samples    Min: 0.00, Avg: 0.00, Max: 0.00, Diff: 0.00, Sum: 0.00, Workers: 4
[109.552s][debug][gc,phases      ] GC(12)     Dead                           Min: 0, Avg:  0.0, Max: 0, Diff: 0, Sum: 0, Workers: 4
[109.552s][debug][gc,phases      ] GC(12)     Total                          Min: 0, Avg:  0.0, Max: 0, Diff: 0, Sum: 0, Workers: 4
[109.552s][debug][gc,phases      ] GC(12) Weak Processing 0.378ms
[109.552s][debug][gc,age         ] GC(12) Desired survivor size 362283008 bytes, new threshold 2 (max threshold 15)
[109.552s][info ][gc,heap        ] GC(12) PSYoungGen: 1396154K(1721344K)->78001K(1740800K) Eden: 1384448K(1384448K)->0K(1384448K) From: 11706K(336896K)->78001K(356352K)
[109.552s][info ][gc,heap        ] GC(12) ParOldGen: 256537K(257024K)->262075K(262144K)
[109.552s][info ][gc,metaspace   ] GC(12) Metaspace: 107003K(108224K)->107003K(108224K) NonClass: 91140K(91840K)->91140K(91840K) Class: 15863K(16384K)->15863K(16384K)
[109.552s][info ][gc             ] GC(12) Pause Young (Allocation Failure) 1613M->332M(1956M) 27.284ms
[109.552s][info ][gc,cpu         ] GC(12) User=0.10s Sys=0.01s Real=0.02s
[109.552s][info ][safepoint      ] Safepoint "ParallelCollectForAllocation", Time since last: 6866083928 ns, Reaching safepoint: 78300 ns, At safepoint: 27346437 ns, Leaving safepoint: 8900 ns, Total: 27433637 ns, Threads: 1 runnable, 32 total
[111.251s][debug][gc,phases      ] GC(13) Pre Compact 0.034ms
[111.251s][info ][gc,start       ] GC(13) Pause Full (CodeCache GC Threshold)
[111.251s][info ][gc,phases,start] GC(13) Marking Phase
[111.326s][debug][gc,phases      ] GC(13) Par Mark 74.952ms
[111.327s][debug][gc,ref         ] GC(13) ReferenceProcessor::execute queues: 4, RefProcThreadModel::Multi, marks_oops_alive: false
[111.327s][debug][gc,ref         ] GC(13) ReferenceProcessor::execute queues: 4, RefProcThreadModel::Multi, marks_oops_alive: true
[111.327s][debug][gc,ref         ] GC(13) ReferenceProcessor::execute queues: 1, RefProcThreadModel::Single, marks_oops_alive: false
[111.327s][debug][gc,phases      ] GC(13) Reference Processing 1.188ms
[111.327s][debug][gc,phases      ] GC(13) Flush Marking Stats 0.015ms
[111.328s][debug][gc,phases      ] GC(13)   VM Weak                        Min: 0.00, Avg: 0.00, Max: 0.01, Diff: 0.01, Sum: 0.02, Workers: 4
[111.328s][debug][gc,phases      ] GC(13)     Dead                           Min: 0, Avg:  0.0, Max: 0, Diff: 0, Sum: 0, Workers: 4
[111.328s][debug][gc,phases      ] GC(13)     Total                          Min: 0, Avg: 224.5, Max: 450, Diff: 450, Sum: 898, Workers: 4
[111.328s][debug][gc,phases      ] GC(13)   ObjectSynchronizer Weak        Min: 0.00, Avg: 0.00, Max: 0.00, Diff: 0.00, Sum: 0.00, Workers: 4
[111.328s][debug][gc,phases      ] GC(13)     Dead                           Min: 0, Avg:  0.0, Max: 0, Diff: 0, Sum: 0, Workers: 4
[111.328s][debug][gc,phases      ] GC(13)     Total                          Min: 0, Avg:  2.5, Max: 10, Diff: 10, Sum: 10, Workers: 4
[111.328s][debug][gc,phases      ] GC(13)   JVMTI Tag Weak OopStorage      Min: 0.00, Avg: 0.00, Max: 0.00, Diff: 0.00, Sum: 0.00, Workers: 4
[111.328s][debug][gc,phases      ] GC(13)     Dead                           Min: 0, Avg:  0.0, Max: 0, Diff: 0, Sum: 0, Workers: 4
[111.328s][debug][gc,phases      ] GC(13)     Total                          Min: 0, Avg:  0.0, Max: 0, Diff: 0, Sum: 0, Workers: 4
[111.328s][debug][gc,phases      ] GC(13)   StringTable Weak               Min: 0.00, Avg: 0.15, Max: 0.21, Diff: 0.21, Sum: 0.62, Workers: 4
[111.328s][debug][gc,phases      ] GC(13)     Dead                           Min: 0, Avg:  0.2, Max: 1, Diff: 1, Sum: 1, Workers: 4
[111.328s][debug][gc,phases      ] GC(13)     Total                          Min: 0, Avg: 12351.0, Max: 18558, Diff: 18558, Sum: 49404, Workers: 4
[111.328s][debug][gc,phases      ] GC(13)   ResolvedMethodTable Weak       Min: 0.00, Avg: 0.05, Max: 0.06, Diff: 0.06, Sum: 0.19, Workers: 4
[111.328s][debug][gc,phases      ] GC(13)     Dead                           Min: 0, Avg:  0.5, Max: 2, Diff: 2, Sum: 2, Workers: 4
[111.328s][debug][gc,phases      ] GC(13)     Total                          Min: 0, Avg: 4085.0, Max: 6104, Diff: 6104, Sum: 16340, Workers: 4
[111.328s][debug][gc,phases      ] GC(13)   JNI Weak                       Min: 0.00, Avg: 0.00, Max: 0.00, Diff: 0.00, Sum: 0.00, Workers: 4
[111.328s][debug][gc,phases      ] GC(13)     Dead                           Min: 0, Avg:  0.0, Max: 0, Diff: 0, Sum: 0, Workers: 4
[111.328s][debug][gc,phases      ] GC(13)     Total                          Min: 0, Avg: 13.5, Max: 48, Diff: 48, Sum: 54, Workers: 4
[111.328s][debug][gc,phases      ] GC(13)   StringDedup Table Weak         Min: 0.00, Avg: 0.00, Max: 0.00, Diff: 0.00, Sum: 0.00, Workers: 4
[111.328s][debug][gc,phases      ] GC(13)     Dead                           Min: 0, Avg:  0.0, Max: 0, Diff: 0, Sum: 0, Workers: 4
[111.328s][debug][gc,phases      ] GC(13)     Total                          Min: 0, Avg:  0.0, Max: 0, Diff: 0, Sum: 0, Workers: 4
[111.328s][debug][gc,phases      ] GC(13)   StringDedup Requests0 Weak     Min: 0.00, Avg: 0.00, Max: 0.00, Diff: 0.00, Sum: 0.00, Workers: 4
[111.328s][debug][gc,phases      ] GC(13)     Dead                           Min: 0, Avg:  0.0, Max: 0, Diff: 0, Sum: 0, Workers: 4
[111.328s][debug][gc,phases      ] GC(13)     Total                          Min: 0, Avg:  0.0, Max: 0, Diff: 0, Sum: 0, Workers: 4
[111.328s][debug][gc,phases      ] GC(13)   StringDedup Requests1 Weak     Min: 0.00, Avg: 0.00, Max: 0.00, Diff: 0.00, Sum: 0.00, Workers: 4
[111.328s][debug][gc,phases      ] GC(13)     Dead                           Min: 0, Avg:  0.0, Max: 0, Diff: 0, Sum: 0, Workers: 4
[111.328s][debug][gc,phases      ] GC(13)     Total                          Min: 0, Avg:  0.0, Max: 0, Diff: 0, Sum: 0, Workers: 4
[111.328s][debug][gc,phases      ] GC(13)   Weak JFR Old Object Samples    Min: 0.00, Avg: 0.00, Max: 0.00, Diff: 0.00, Sum: 0.00, Workers: 4
[111.328s][debug][gc,phases      ] GC(13)     Dead                           Min: 0, Avg:  0.0, Max: 0, Diff: 0, Sum: 0, Workers: 4
[111.328s][debug][gc,phases      ] GC(13)     Total                          Min: 0, Avg:  0.0, Max: 0, Diff: 0, Sum: 0, Workers: 4
[111.328s][debug][gc,phases      ] GC(13) Weak Processing 0.453ms
[111.328s][debug][gc,phases      ] GC(13) ClassLoaderData 0.112ms
[111.328s][debug][gc,phases      ] GC(13) Trigger cleanups 0.000ms
[111.370s][debug][gc,phases      ] GC(13) Purge Unlinked NMethods 1.587ms
[111.370s][debug][gc,phases      ] GC(13) Unregister NMethods 0.002ms
[111.371s][debug][gc,phases      ] GC(13) Free Code Blobs 0.131ms
[111.371s][debug][gc,phases      ] GC(13) Class Unloading 42.713ms
[111.371s][debug][gc,phases      ] GC(13) Report Object Count 0.001ms
[111.371s][info ][gc,phases      ] GC(13) Marking Phase 119.372ms
[111.371s][info ][gc,phases,start] GC(13) Summary Phase
[111.371s][info ][gc,phases      ] GC(13) Summary Phase 0.012ms
[111.371s][info ][gc,phases,start] GC(13) Forward
[111.380s][info ][gc,phases      ] GC(13) Forward 9.515ms
[111.380s][info ][gc,phases,start] GC(13) Adjust Pointers
[111.441s][info ][gc,phases      ] GC(13) Adjust Pointers 60.791ms
[111.441s][info ][gc,phases,start] GC(13) Compaction Phase
[111.465s][info ][gc,phases      ] GC(13) Compaction Phase 24.291ms
[111.465s][info ][gc,phases,start] GC(13) Post Compact
[111.467s][debug][gc,phases      ] GC(13) Purge Class Loader Data 0.502ms
[111.467s][info ][gc,phases      ] GC(13) Post Compact 1.555ms
[111.467s][info ][gc,heap        ] GC(13) PSYoungGen: 323540K(1740800K)->0K(1740800K) Eden: 245538K(1384448K)->0K(1384448K) From: 78001K(356352K)->0K(356352K)
[111.467s][info ][gc,heap        ] GC(13) ParOldGen: 262075K(262144K)->260466K(262144K)
[111.467s][info ][gc,metaspace   ] GC(13) Metaspace: 107085K(108288K)->107085K(108288K) NonClass: 91218K(91904K)->91218K(91904K) Class: 15866K(16384K)->15866K(16384K)
[111.467s][info ][gc             ] GC(13) Pause Full (CodeCache GC Threshold) 571M->254M(1956M) 215.794ms
[111.467s][info ][gc,cpu         ] GC(13) User=0.60s Sys=0.01s Real=0.22s
[111.467s][info ][safepoint      ] Safepoint "ParallelGCCollect", Time since last: 1699080404 ns, Reaching safepoint: 5300 ns, At safepoint: 215893605 ns, Leaving safepoint: 153999 ns, Total: 216052904 ns, Threads: 0 runnable, 32 total
[130.857s][info ][gc,start       ] GC(14) Pause Young (Allocation Failure)
[130.869s][debug][gc,phases      ] GC(14) Scavenge 11.642ms
[130.869s][debug][gc,ref         ] GC(14) ReferenceProcessor::execute queues: 1, RefProcThreadModel::Single, marks_oops_alive: false
[130.869s][debug][gc,ref         ] GC(14) Skipped KeepAliveFinalRefsPhase of Reference Processing: no references
[130.869s][debug][gc,ref         ] GC(14) Skipped PhantomRefsPhase of Reference Processing: no references
[130.869s][debug][gc,phases      ] GC(14) Reference Processing 0.095ms
[130.869s][debug][gc,phases      ] GC(14)   VM Weak                        Min: 0.00, Avg: 0.00, Max: 0.01, Diff: 0.01, Sum: 0.01, Workers: 4
[130.869s][debug][gc,phases      ] GC(14)     Dead                           Min: 0, Avg:  0.0, Max: 0, Diff: 0, Sum: 0, Workers: 4
[130.869s][debug][gc,phases      ] GC(14)     Total                          Min: 0, Avg: 224.8, Max: 579, Diff: 579, Sum: 899, Workers: 4
[130.869s][debug][gc,phases      ] GC(14)   ObjectSynchronizer Weak        Min: 0.00, Avg: 0.00, Max: 0.00, Diff: 0.00, Sum: 0.00, Workers: 4
[130.869s][debug][gc,phases      ] GC(14)     Dead                           Min: 0, Avg:  0.0, Max: 0, Diff: 0, Sum: 0, Workers: 4
[130.869s][debug][gc,phases      ] GC(14)     Total                          Min: 0, Avg:  2.0, Max: 8, Diff: 8, Sum: 8, Workers: 4
[130.869s][debug][gc,phases      ] GC(14)   JVMTI Tag Weak OopStorage      Min: 0.00, Avg: 0.00, Max: 0.00, Diff: 0.00, Sum: 0.00, Workers: 4
[130.869s][debug][gc,phases      ] GC(14)     Dead                           Min: 0, Avg:  0.0, Max: 0, Diff: 0, Sum: 0, Workers: 4
[130.869s][debug][gc,phases      ] GC(14)     Total                          Min: 0, Avg:  0.0, Max: 0, Diff: 0, Sum: 0, Workers: 4
[130.869s][debug][gc,phases      ] GC(14)   StringTable Weak               Min: 0.00, Avg: 0.10, Max: 0.13, Diff: 0.13, Sum: 0.39, Workers: 4
[130.869s][debug][gc,phases      ] GC(14)     Dead                           Min: 0, Avg:  0.0, Max: 0, Diff: 0, Sum: 0, Workers: 4
[130.869s][debug][gc,phases      ] GC(14)     Total                          Min: 0, Avg: 12366.0, Max: 21240, Diff: 21240, Sum: 49464, Workers: 4
[130.869s][debug][gc,phases      ] GC(14)   ResolvedMethodTable Weak       Min: 0.00, Avg: 0.03, Max: 0.04, Diff: 0.04, Sum: 0.13, Workers: 4
[130.869s][debug][gc,phases      ] GC(14)     Dead                           Min: 0, Avg:  5.0, Max: 16, Diff: 16, Sum: 20, Workers: 4
[130.869s][debug][gc,phases      ] GC(14)     Total                          Min: 0, Avg: 4085.2, Max: 7010, Diff: 7010, Sum: 16341, Workers: 4
[130.869s][debug][gc,phases      ] GC(14)   JNI Weak                       Min: 0.00, Avg: 0.00, Max: 0.00, Diff: 0.00, Sum: 0.00, Workers: 4
[130.869s][debug][gc,phases      ] GC(14)     Dead                           Min: 0, Avg:  0.0, Max: 0, Diff: 0, Sum: 0, Workers: 4
[130.869s][debug][gc,phases      ] GC(14)     Total                          Min: 0, Avg: 13.5, Max: 48, Diff: 48, Sum: 54, Workers: 4
[130.869s][debug][gc,phases      ] GC(14)   StringDedup Table Weak         Min: 0.00, Avg: 0.00, Max: 0.00, Diff: 0.00, Sum: 0.00, Workers: 4
[130.869s][debug][gc,phases      ] GC(14)     Dead                           Min: 0, Avg:  0.0, Max: 0, Diff: 0, Sum: 0, Workers: 4
[130.869s][debug][gc,phases      ] GC(14)     Total                          Min: 0, Avg:  0.0, Max: 0, Diff: 0, Sum: 0, Workers: 4
[130.869s][debug][gc,phases      ] GC(14)   StringDedup Requests0 Weak     Min: 0.00, Avg: 0.00, Max: 0.00, Diff: 0.00, Sum: 0.00, Workers: 4
[130.869s][debug][gc,phases      ] GC(14)     Dead                           Min: 0, Avg:  0.0, Max: 0, Diff: 0, Sum: 0, Workers: 4
[130.869s][debug][gc,phases      ] GC(14)     Total                          Min: 0, Avg:  0.0, Max: 0, Diff: 0, Sum: 0, Workers: 4
[130.869s][debug][gc,phases      ] GC(14)   StringDedup Requests1 Weak     Min: 0.00, Avg: 0.00, Max: 0.00, Diff: 0.00, Sum: 0.00, Workers: 4
[130.869s][debug][gc,phases      ] GC(14)     Dead                           Min: 0, Avg:  0.0, Max: 0, Diff: 0, Sum: 0, Workers: 4
[130.869s][debug][gc,phases      ] GC(14)     Total                          Min: 0, Avg:  0.0, Max: 0, Diff: 0, Sum: 0, Workers: 4
[130.869s][debug][gc,phases      ] GC(14)   Weak JFR Old Object Samples    Min: 0.00, Avg: 0.00, Max: 0.00, Diff: 0.00, Sum: 0.00, Workers: 4
[130.869s][debug][gc,phases      ] GC(14)     Dead                           Min: 0, Avg:  0.0, Max: 0, Diff: 0, Sum: 0, Workers: 4
[130.869s][debug][gc,phases      ] GC(14)     Total                          Min: 0, Avg:  0.0, Max: 0, Diff: 0, Sum: 0, Workers: 4
[130.869s][debug][gc,phases      ] GC(14) Weak Processing 0.377ms
[130.869s][debug][gc,age         ] GC(14) Desired survivor size 365428736 bytes, new threshold 1 (max threshold 15)
[130.869s][info ][gc,heap        ] GC(14) PSYoungGen: 1384357K(1740800K)->34147K(1737216K) Eden: 1384357K(1384448K)->0K(1383424K) From: 0K(356352K)->34147K(353792K)
[130.869s][info ][gc,heap        ] GC(14) ParOldGen: 260466K(262144K)->260474K(262144K)
[130.869s][info ][gc,metaspace   ] GC(14) Metaspace: 107234K(108480K)->107234K(108480K) NonClass: 91364K(92096K)->91364K(92096K) Class: 15869K(16384K)->15869K(16384K)
[130.869s][info ][gc             ] GC(14) Pause Young (Allocation Failure) 1606M->287M(1952M) 12.250ms
[130.869s][info ][gc,cpu         ] GC(14) User=0.05s Sys=0.00s Real=0.01s
[130.869s][info ][safepoint      ] Safepoint "ParallelCollectForAllocation", Time since last: 19389641561 ns, Reaching safepoint: 91099 ns, At safepoint: 12312742 ns, Leaving safepoint: 11000 ns, Total: 12414841 ns, Threads: 1 runnable, 32 total
[155.728s][info ][gc,start       ] GC(15) Pause Young (Allocation Failure)
[155.748s][debug][gc,phases      ] GC(15) Scavenge 20.708ms
[155.749s][debug][gc,ref         ] GC(15) ReferenceProcessor::execute queues: 1, RefProcThreadModel::Single, marks_oops_alive: false
[155.749s][debug][gc,ref         ] GC(15) Skipped KeepAliveFinalRefsPhase of Reference Processing: no references
[155.749s][debug][gc,ref         ] GC(15) Skipped PhantomRefsPhase of Reference Processing: no references
[155.749s][debug][gc,phases      ] GC(15) Reference Processing 0.104ms
[155.749s][debug][gc,phases      ] GC(15)   VM Weak                        Min: 0.00, Avg: 0.00, Max: 0.00, Diff: 0.00, Sum: 0.01, Workers: 4
[155.749s][debug][gc,phases      ] GC(15)     Dead                           Min: 0, Avg:  0.0, Max: 0, Diff: 0, Sum: 0, Workers: 4
[155.749s][debug][gc,phases      ] GC(15)     Total                          Min: 0, Avg: 226.5, Max: 512, Diff: 512, Sum: 906, Workers: 4
[155.749s][debug][gc,phases      ] GC(15)   ObjectSynchronizer Weak        Min: 0.00, Avg: 0.00, Max: 0.00, Diff: 0.00, Sum: 0.00, Workers: 4
[155.749s][debug][gc,phases      ] GC(15)     Dead                           Min: 0, Avg:  0.0, Max: 0, Diff: 0, Sum: 0, Workers: 4
[155.749s][debug][gc,phases      ] GC(15)     Total                          Min: 0, Avg:  2.0, Max: 8, Diff: 8, Sum: 8, Workers: 4
[155.749s][debug][gc,phases      ] GC(15)   JVMTI Tag Weak OopStorage      Min: 0.00, Avg: 0.00, Max: 0.00, Diff: 0.00, Sum: 0.00, Workers: 4
[155.749s][debug][gc,phases      ] GC(15)     Dead                           Min: 0, Avg:  0.0, Max: 0, Diff: 0, Sum: 0, Workers: 4
[155.749s][debug][gc,phases      ] GC(15)     Total                          Min: 0, Avg:  0.0, Max: 0, Diff: 0, Sum: 0, Workers: 4
[155.749s][debug][gc,phases      ] GC(15)   StringTable Weak               Min: 0.00, Avg: 0.10, Max: 0.13, Diff: 0.13, Sum: 0.40, Workers: 4
[155.749s][debug][gc,phases      ] GC(15)     Dead                           Min: 0, Avg:  0.8, Max: 2, Diff: 2, Sum: 3, Workers: 4
[155.749s][debug][gc,phases      ] GC(15)     Total                          Min: 0, Avg: 12404.0, Max: 21136, Diff: 21136, Sum: 49616, Workers: 4
[155.749s][debug][gc,phases      ] GC(15)   ResolvedMethodTable Weak       Min: 0.00, Avg: 0.03, Max: 0.05, Diff: 0.05, Sum: 0.14, Workers: 4
[155.749s][debug][gc,phases      ] GC(15)     Dead                           Min: 0, Avg: 11.0, Max: 21, Diff: 21, Sum: 44, Workers: 4
[155.749s][debug][gc,phases      ] GC(15)     Total                          Min: 0, Avg: 4129.5, Max: 7310, Diff: 7310, Sum: 16518, Workers: 4
[155.749s][debug][gc,phases      ] GC(15)   JNI Weak                       Min: 0.00, Avg: 0.00, Max: 0.00, Diff: 0.00, Sum: 0.00, Workers: 4
[155.749s][debug][gc,phases      ] GC(15)     Dead                           Min: 0, Avg:  0.0, Max: 0, Diff: 0, Sum: 0, Workers: 4
[155.749s][debug][gc,phases      ] GC(15)     Total                          Min: 0, Avg: 13.0, Max: 48, Diff: 48, Sum: 52, Workers: 4
[155.749s][debug][gc,phases      ] GC(15)   StringDedup Table Weak         Min: 0.00, Avg: 0.00, Max: 0.00, Diff: 0.00, Sum: 0.00, Workers: 4
[155.749s][debug][gc,phases      ] GC(15)     Dead                           Min: 0, Avg:  0.0, Max: 0, Diff: 0, Sum: 0, Workers: 4
[155.749s][debug][gc,phases      ] GC(15)     Total                          Min: 0, Avg:  0.0, Max: 0, Diff: 0, Sum: 0, Workers: 4
[155.749s][debug][gc,phases      ] GC(15)   StringDedup Requests0 Weak     Min: 0.00, Avg: 0.00, Max: 0.00, Diff: 0.00, Sum: 0.00, Workers: 4
[155.749s][debug][gc,phases      ] GC(15)     Dead                           Min: 0, Avg:  0.0, Max: 0, Diff: 0, Sum: 0, Workers: 4
[155.749s][debug][gc,phases      ] GC(15)     Total                          Min: 0, Avg:  0.0, Max: 0, Diff: 0, Sum: 0, Workers: 4
[155.749s][debug][gc,phases      ] GC(15)   StringDedup Requests1 Weak     Min: 0.00, Avg: 0.00, Max: 0.00, Diff: 0.00, Sum: 0.00, Workers: 4
[155.749s][debug][gc,phases      ] GC(15)     Dead                           Min: 0, Avg:  0.0, Max: 0, Diff: 0, Sum: 0, Workers: 4
[155.749s][debug][gc,phases      ] GC(15)     Total                          Min: 0, Avg:  0.0, Max: 0, Diff: 0, Sum: 0, Workers: 4
[155.749s][debug][gc,phases      ] GC(15)   Weak JFR Old Object Samples    Min: 0.00, Avg: 0.00, Max: 0.00, Diff: 0.00, Sum: 0.00, Workers: 4
[155.749s][debug][gc,phases      ] GC(15)     Dead                           Min: 0, Avg:  0.0, Max: 0, Diff: 0, Sum: 0, Workers: 4
[155.749s][debug][gc,phases      ] GC(15)     Total                          Min: 0, Avg:  0.0, Max: 0, Diff: 0, Sum: 0, Workers: 4
[155.749s][debug][gc,phases      ] GC(15) Weak Processing 0.346ms
[155.749s][debug][gc,age         ] GC(15) Desired survivor size 366477312 bytes, new threshold 1 (max threshold 15)
[155.749s][info ][gc,heap        ] GC(15) PSYoungGen: 1417571K(1737216K)->22400K(1405952K) Eden: 1383424K(1383424K)->0K(1383424K) From: 34147K(353792K)->22400K(22528K)
[155.749s][info ][gc,heap        ] GC(15) ParOldGen: 260474K(262144K)->292610K(292864K)
[155.749s][info ][gc,metaspace   ] GC(15) Metaspace: 107814K(108992K)->107814K(108992K) NonClass: 91859K(92544K)->91859K(92544K) Class: 15954K(16448K)->15954K(16448K)
[155.749s][info ][gc             ] GC(15) Pause Young (Allocation Failure) 1638M->307M(1659M) 21.270ms
[155.749s][info ][gc,cpu         ] GC(15) User=0.06s Sys=0.02s Real=0.02s
[155.749s][info ][safepoint      ] Safepoint "ParallelCollectForAllocation", Time since last: 24858370842 ns, Reaching safepoint: 5200 ns, At safepoint: 21330698 ns, Leaving safepoint: 8200 ns, Total: 21344098 ns, Threads: 0 runnable, 32 total
[191.526s][info ][gc,start       ] GC(16) Pause Young (Allocation Failure)
[191.537s][debug][gc,phases      ] GC(16) Scavenge 11.488ms
[191.538s][debug][gc,ref         ] GC(16) ReferenceProcessor::execute queues: 1, RefProcThreadModel::Single, marks_oops_alive: false
[191.538s][debug][gc,ref         ] GC(16) Skipped KeepAliveFinalRefsPhase of Reference Processing: no references
[191.538s][debug][gc,ref         ] GC(16) Skipped PhantomRefsPhase of Reference Processing: no references
[191.538s][debug][gc,phases      ] GC(16) Reference Processing 0.097ms
[191.538s][debug][gc,phases      ] GC(16)   VM Weak                        Min: 0.00, Avg: 0.00, Max: 0.01, Diff: 0.01, Sum: 0.01, Workers: 4
[191.538s][debug][gc,phases      ] GC(16)     Dead                           Min: 0, Avg:  0.0, Max: 0, Diff: 0, Sum: 0, Workers: 4
[191.538s][debug][gc,phases      ] GC(16)     Total                          Min: 0, Avg: 226.5, Max: 906, Diff: 906, Sum: 906, Workers: 4
[191.538s][debug][gc,phases      ] GC(16)   ObjectSynchronizer Weak        Min: 0.00, Avg: 0.00, Max: 0.00, Diff: 0.00, Sum: 0.00, Workers: 4
[191.538s][debug][gc,phases      ] GC(16)     Dead                           Min: 0, Avg:  0.0, Max: 0, Diff: 0, Sum: 0, Workers: 4
[191.538s][debug][gc,phases      ] GC(16)     Total                          Min: 0, Avg:  1.2, Max: 5, Diff: 5, Sum: 5, Workers: 4
[191.538s][debug][gc,phases      ] GC(16)   JVMTI Tag Weak OopStorage      Min: 0.00, Avg: 0.00, Max: 0.00, Diff: 0.00, Sum: 0.00, Workers: 4
[191.538s][debug][gc,phases      ] GC(16)     Dead                           Min: 0, Avg:  0.0, Max: 0, Diff: 0, Sum: 0, Workers: 4
[191.538s][debug][gc,phases      ] GC(16)     Total                          Min: 0, Avg:  0.0, Max: 0, Diff: 0, Sum: 0, Workers: 4
[191.538s][debug][gc,phases      ] GC(16)   StringTable Weak               Min: 0.00, Avg: 0.10, Max: 0.13, Diff: 0.13, Sum: 0.39, Workers: 4
[191.538s][debug][gc,phases      ] GC(16)     Dead                           Min: 0, Avg:  0.2, Max: 1, Diff: 1, Sum: 1, Workers: 4
[191.538s][debug][gc,phases      ] GC(16)     Total                          Min: 0, Avg: 12409.2, Max: 20800, Diff: 20800, Sum: 49637, Workers: 4
[191.538s][debug][gc,phases      ] GC(16)   ResolvedMethodTable Weak       Min: 0.00, Avg: 0.03, Max: 0.05, Diff: 0.05, Sum: 0.14, Workers: 4
[191.538s][debug][gc,phases      ] GC(16)     Dead                           Min: 0, Avg:  5.2, Max: 9, Diff: 9, Sum: 21, Workers: 4
[191.538s][debug][gc,phases      ] GC(16)     Total                          Min: 0, Avg: 4132.2, Max: 7063, Diff: 7063, Sum: 16529, Workers: 4
[191.538s][debug][gc,phases      ] GC(16)   JNI Weak                       Min: 0.00, Avg: 0.00, Max: 0.00, Diff: 0.00, Sum: 0.00, Workers: 4
[191.538s][debug][gc,phases      ] GC(16)     Dead                           Min: 0, Avg:  0.0, Max: 0, Diff: 0, Sum: 0, Workers: 4
[191.538s][debug][gc,phases      ] GC(16)     Total                          Min: 0, Avg: 13.0, Max: 52, Diff: 52, Sum: 52, Workers: 4
[191.538s][debug][gc,phases      ] GC(16)   StringDedup Table Weak         Min: 0.00, Avg: 0.00, Max: 0.00, Diff: 0.00, Sum: 0.00, Workers: 4
[191.538s][debug][gc,phases      ] GC(16)     Dead                           Min: 0, Avg:  0.0, Max: 0, Diff: 0, Sum: 0, Workers: 4
[191.538s][debug][gc,phases      ] GC(16)     Total                          Min: 0, Avg:  0.0, Max: 0, Diff: 0, Sum: 0, Workers: 4
[191.538s][debug][gc,phases      ] GC(16)   StringDedup Requests0 Weak     Min: 0.00, Avg: 0.00, Max: 0.00, Diff: 0.00, Sum: 0.00, Workers: 4
[191.538s][debug][gc,phases      ] GC(16)     Dead                           Min: 0, Avg:  0.0, Max: 0, Diff: 0, Sum: 0, Workers: 4
[191.538s][debug][gc,phases      ] GC(16)     Total                          Min: 0, Avg:  0.0, Max: 0, Diff: 0, Sum: 0, Workers: 4
[191.538s][debug][gc,phases      ] GC(16)   StringDedup Requests1 Weak     Min: 0.00, Avg: 0.00, Max: 0.00, Diff: 0.00, Sum: 0.00, Workers: 4
[191.538s][debug][gc,phases      ] GC(16)     Dead                           Min: 0, Avg:  0.0, Max: 0, Diff: 0, Sum: 0, Workers: 4
[191.538s][debug][gc,phases      ] GC(16)     Total                          Min: 0, Avg:  0.0, Max: 0, Diff: 0, Sum: 0, Workers: 4
[191.538s][debug][gc,phases      ] GC(16)   Weak JFR Old Object Samples    Min: 0.00, Avg: 0.00, Max: 0.00, Diff: 0.00, Sum: 0.00, Workers: 4
[191.538s][debug][gc,phases      ] GC(16)     Dead                           Min: 0, Avg:  0.0, Max: 0, Diff: 0, Sum: 0, Workers: 4
[191.538s][debug][gc,phases      ] GC(16)     Total                          Min: 0, Avg:  0.0, Max: 0, Diff: 0, Sum: 0, Workers: 4
[191.538s][debug][gc,phases      ] GC(16) Weak Processing 0.378ms
[191.538s][debug][gc,age         ] GC(16) Desired survivor size 367525888 bytes, new threshold 1 (max threshold 15)
[191.538s][info ][gc,heap        ] GC(16) PSYoungGen: 1405824K(1405952K)->3456K(1737216K) Eden: 1383424K(1383424K)->0K(1379328K) From: 22400K(22528K)->3456K(357888K)
[191.538s][info ][gc,heap        ] GC(16) ParOldGen: 292610K(292864K)->313815K(313856K)
[191.538s][info ][gc,metaspace   ] GC(16) Metaspace: 107953K(109184K)->107953K(109184K) NonClass: 91995K(92736K)->91995K(92736K) Class: 15958K(16448K)->15958K(16448K)
[191.538s][info ][gc             ] GC(16) Pause Young (Allocation Failure) 1658M->309M(2003M) 12.083ms
[191.538s][info ][gc,cpu         ] GC(16) User=0.03s Sys=0.02s Real=0.01s
[191.538s][info ][safepoint      ] Safepoint "ParallelCollectForAllocation", Time since last: 35776897766 ns, Reaching safepoint: 4900 ns, At safepoint: 12154445 ns, Leaving safepoint: 3800 ns, Total: 12163145 ns, Threads: 0 runnable, 32 total
[228.780s][info ][gc,start       ] GC(17) Pause Young (Allocation Failure)
[228.783s][debug][gc,phases      ] GC(17) Scavenge 2.939ms
[228.783s][debug][gc,ref         ] GC(17) ReferenceProcessor::execute queues: 1, RefProcThreadModel::Single, marks_oops_alive: false
[228.783s][debug][gc,ref         ] GC(17) Skipped KeepAliveFinalRefsPhase of Reference Processing: no references
[228.783s][debug][gc,ref         ] GC(17) Skipped PhantomRefsPhase of Reference Processing: no references
[228.783s][debug][gc,phases      ] GC(17) Reference Processing 0.091ms
[228.783s][debug][gc,phases      ] GC(17)   VM Weak                        Min: 0.00, Avg: 0.00, Max: 0.01, Diff: 0.01, Sum: 0.01, Workers: 4
[228.783s][debug][gc,phases      ] GC(17)     Dead                           Min: 0, Avg:  0.0, Max: 0, Diff: 0, Sum: 0, Workers: 4
[228.783s][debug][gc,phases      ] GC(17)     Total                          Min: 0, Avg: 226.5, Max: 906, Diff: 906, Sum: 906, Workers: 4
[228.783s][debug][gc,phases      ] GC(17)   ObjectSynchronizer Weak        Min: 0.00, Avg: 0.00, Max: 0.00, Diff: 0.00, Sum: 0.00, Workers: 4
[228.783s][debug][gc,phases      ] GC(17)     Dead                           Min: 0, Avg:  0.0, Max: 0, Diff: 0, Sum: 0, Workers: 4
[228.783s][debug][gc,phases      ] GC(17)     Total                          Min: 0, Avg:  1.5, Max: 6, Diff: 6, Sum: 6, Workers: 4
[228.783s][debug][gc,phases      ] GC(17)   JVMTI Tag Weak OopStorage      Min: 0.00, Avg: 0.00, Max: 0.00, Diff: 0.00, Sum: 0.00, Workers: 4
[228.783s][debug][gc,phases      ] GC(17)     Dead                           Min: 0, Avg:  0.0, Max: 0, Diff: 0, Sum: 0, Workers: 4
[228.783s][debug][gc,phases      ] GC(17)     Total                          Min: 0, Avg:  0.0, Max: 0, Diff: 0, Sum: 0, Workers: 4
[228.783s][debug][gc,phases      ] GC(17)   StringTable Weak               Min: 0.00, Avg: 0.10, Max: 0.13, Diff: 0.13, Sum: 0.39, Workers: 4
[228.783s][debug][gc,phases      ] GC(17)     Dead                           Min: 0, Avg:  0.0, Max: 0, Diff: 0, Sum: 0, Workers: 4
[228.783s][debug][gc,phases      ] GC(17)     Total                          Min: 0, Avg: 12417.2, Max: 20229, Diff: 20229, Sum: 49669, Workers: 4
[228.783s][debug][gc,phases      ] GC(17)   ResolvedMethodTable Weak       Min: 0.00, Avg: 0.03, Max: 0.04, Diff: 0.04, Sum: 0.13, Workers: 4
[228.783s][debug][gc,phases      ] GC(17)     Dead                           Min: 0, Avg:  5.0, Max: 16, Diff: 16, Sum: 20, Workers: 4
[228.783s][debug][gc,phases      ] GC(17)     Total                          Min: 0, Avg: 4132.2, Max: 6970, Diff: 6970, Sum: 16529, Workers: 4
[228.783s][debug][gc,phases      ] GC(17)   JNI Weak                       Min: 0.00, Avg: 0.00, Max: 0.00, Diff: 0.00, Sum: 0.00, Workers: 4
[228.783s][debug][gc,phases      ] GC(17)     Dead                           Min: 0, Avg:  0.0, Max: 0, Diff: 0, Sum: 0, Workers: 4
[228.783s][debug][gc,phases      ] GC(17)     Total                          Min: 0, Avg: 13.0, Max: 52, Diff: 52, Sum: 52, Workers: 4
[228.783s][debug][gc,phases      ] GC(17)   StringDedup Table Weak         Min: 0.00, Avg: 0.00, Max: 0.00, Diff: 0.00, Sum: 0.00, Workers: 4
[228.783s][debug][gc,phases      ] GC(17)     Dead                           Min: 0, Avg:  0.0, Max: 0, Diff: 0, Sum: 0, Workers: 4
[228.783s][debug][gc,phases      ] GC(17)     Total                          Min: 0, Avg:  0.0, Max: 0, Diff: 0, Sum: 0, Workers: 4
[228.783s][debug][gc,phases      ] GC(17)   StringDedup Requests0 Weak     Min: 0.00, Avg: 0.00, Max: 0.00, Diff: 0.00, Sum: 0.00, Workers: 4
[228.783s][debug][gc,phases      ] GC(17)     Dead                           Min: 0, Avg:  0.0, Max: 0, Diff: 0, Sum: 0, Workers: 4
[228.783s][debug][gc,phases      ] GC(17)     Total                          Min: 0, Avg:  0.0, Max: 0, Diff: 0, Sum: 0, Workers: 4
[228.783s][debug][gc,phases      ] GC(17)   StringDedup Requests1 Weak     Min: 0.00, Avg: 0.00, Max: 0.00, Diff: 0.00, Sum: 0.00, Workers: 4
[228.783s][debug][gc,phases      ] GC(17)     Dead                           Min: 0, Avg:  0.0, Max: 0, Diff: 0, Sum: 0, Workers: 4
[228.783s][debug][gc,phases      ] GC(17)     Total                          Min: 0, Avg:  0.0, Max: 0, Diff: 0, Sum: 0, Workers: 4
[228.783s][debug][gc,phases      ] GC(17)   Weak JFR Old Object Samples    Min: 0.00, Avg: 0.00, Max: 0.00, Diff: 0.00, Sum: 0.00, Workers: 4
[228.783s][debug][gc,phases      ] GC(17)     Dead                           Min: 0, Avg:  0.0, Max: 0, Diff: 0, Sum: 0, Workers: 4
[228.783s][debug][gc,phases      ] GC(17)     Total                          Min: 0, Avg:  0.0, Max: 0, Diff: 0, Sum: 0, Workers: 4
[228.783s][debug][gc,phases      ] GC(17) Weak Processing 0.383ms
[228.783s][debug][gc,age         ] GC(17) Desired survivor size 364380160 bytes, new threshold 1 (max threshold 15)
[228.783s][info ][gc,heap        ] GC(17) PSYoungGen: 1382784K(1737216K)->2688K(1738240K) Eden: 1379328K(1379328K)->0K(1379328K) From: 3456K(357888K)->2688K(358912K)
[228.783s][info ][gc,heap        ] GC(17) ParOldGen: 313815K(313856K)->315111K(315392K)
[228.783s][info ][gc,metaspace   ] GC(17) Metaspace: 108004K(109184K)->108004K(109184K) NonClass: 92045K(92736K)->92045K(92736K) Class: 15958K(16448K)->15958K(16448K)
[228.783s][info ][gc             ] GC(17) Pause Young (Allocation Failure) 1656M->310M(2005M) 3.509ms
[228.783s][info ][gc,cpu         ] GC(17) User=0.01s Sys=0.00s Real=0.01s
[228.783s][info ][safepoint      ] Safepoint "ParallelCollectForAllocation", Time since last: 37241654910 ns, Reaching safepoint: 25700 ns, At safepoint: 3570889 ns, Leaving safepoint: 2400 ns, Total: 3598989 ns, Threads: 0 runnable, 28 total
[265.091s][info ][gc,start       ] GC(18) Pause Young (Allocation Failure)
[265.096s][debug][gc,phases      ] GC(18) Scavenge 4.655ms
[265.096s][debug][gc,ref         ] GC(18) ReferenceProcessor::execute queues: 1, RefProcThreadModel::Single, marks_oops_alive: false
[265.096s][debug][gc,ref         ] GC(18) Skipped KeepAliveFinalRefsPhase of Reference Processing: no references
[265.096s][debug][gc,ref         ] GC(18) Skipped PhantomRefsPhase of Reference Processing: no references
[265.096s][debug][gc,phases      ] GC(18) Reference Processing 0.093ms
[265.096s][debug][gc,phases      ] GC(18)   VM Weak                        Min: 0.00, Avg: 0.00, Max: 0.01, Diff: 0.01, Sum: 0.01, Workers: 4
[265.096s][debug][gc,phases      ] GC(18)     Dead                           Min: 0, Avg:  0.0, Max: 0, Diff: 0, Sum: 0, Workers: 4
[265.096s][debug][gc,phases      ] GC(18)     Total                          Min: 0, Avg: 227.5, Max: 896, Diff: 896, Sum: 910, Workers: 4
[265.096s][debug][gc,phases      ] GC(18)   ObjectSynchronizer Weak        Min: 0.00, Avg: 0.00, Max: 0.00, Diff: 0.00, Sum: 0.00, Workers: 4
[265.096s][debug][gc,phases      ] GC(18)     Dead                           Min: 0, Avg:  0.0, Max: 0, Diff: 0, Sum: 0, Workers: 4
[265.096s][debug][gc,phases      ] GC(18)     Total                          Min: 0, Avg:  1.5, Max: 6, Diff: 6, Sum: 6, Workers: 4
[265.096s][debug][gc,phases      ] GC(18)   JVMTI Tag Weak OopStorage      Min: 0.00, Avg: 0.00, Max: 0.00, Diff: 0.00, Sum: 0.00, Workers: 4
[265.096s][debug][gc,phases      ] GC(18)     Dead                           Min: 0, Avg:  0.0, Max: 0, Diff: 0, Sum: 0, Workers: 4
[265.096s][debug][gc,phases      ] GC(18)     Total                          Min: 0, Avg:  0.0, Max: 0, Diff: 0, Sum: 0, Workers: 4
[265.096s][debug][gc,phases      ] GC(18)   StringTable Weak               Min: 0.00, Avg: 0.11, Max: 0.14, Diff: 0.14, Sum: 0.42, Workers: 4
[265.096s][debug][gc,phases      ] GC(18)     Dead                           Min: 0, Avg:  0.2, Max: 1, Diff: 1, Sum: 1, Workers: 4
[265.096s][debug][gc,phases      ] GC(18)     Total                          Min: 0, Avg: 12424.2, Max: 20672, Diff: 20672, Sum: 49697, Workers: 4
[265.096s][debug][gc,phases      ] GC(18)   ResolvedMethodTable Weak       Min: 0.00, Avg: 0.03, Max: 0.04, Diff: 0.04, Sum: 0.13, Workers: 4
[265.096s][debug][gc,phases      ] GC(18)     Dead                           Min: 0, Avg:  5.0, Max: 20, Diff: 20, Sum: 20, Workers: 4
[265.096s][debug][gc,phases      ] GC(18)     Total                          Min: 0, Avg: 4136.0, Max: 6849, Diff: 6849, Sum: 16544, Workers: 4
[265.096s][debug][gc,phases      ] GC(18)   JNI Weak                       Min: 0.00, Avg: 0.00, Max: 0.00, Diff: 0.00, Sum: 0.00, Workers: 4
[265.096s][debug][gc,phases      ] GC(18)     Dead                           Min: 0, Avg:  0.0, Max: 0, Diff: 0, Sum: 0, Workers: 4
[265.096s][debug][gc,phases      ] GC(18)     Total                          Min: 0, Avg: 13.0, Max: 52, Diff: 52, Sum: 52, Workers: 4
[265.096s][debug][gc,phases      ] GC(18)   StringDedup Table Weak         Min: 0.00, Avg: 0.00, Max: 0.00, Diff: 0.00, Sum: 0.00, Workers: 4
[265.096s][debug][gc,phases      ] GC(18)     Dead                           Min: 0, Avg:  0.0, Max: 0, Diff: 0, Sum: 0, Workers: 4
[265.096s][debug][gc,phases      ] GC(18)     Total                          Min: 0, Avg:  0.0, Max: 0, Diff: 0, Sum: 0, Workers: 4
[265.096s][debug][gc,phases      ] GC(18)   StringDedup Requests0 Weak     Min: 0.00, Avg: 0.00, Max: 0.00, Diff: 0.00, Sum: 0.00, Workers: 4
[265.096s][debug][gc,phases      ] GC(18)     Dead                           Min: 0, Avg:  0.0, Max: 0, Diff: 0, Sum: 0, Workers: 4
[265.096s][debug][gc,phases      ] GC(18)     Total                          Min: 0, Avg:  0.0, Max: 0, Diff: 0, Sum: 0, Workers: 4
[265.096s][debug][gc,phases      ] GC(18)   StringDedup Requests1 Weak     Min: 0.00, Avg: 0.00, Max: 0.00, Diff: 0.00, Sum: 0.00, Workers: 4
[265.096s][debug][gc,phases      ] GC(18)     Dead                           Min: 0, Avg:  0.0, Max: 0, Diff: 0, Sum: 0, Workers: 4
[265.096s][debug][gc,phases      ] GC(18)     Total                          Min: 0, Avg:  0.0, Max: 0, Diff: 0, Sum: 0, Workers: 4
[265.096s][debug][gc,phases      ] GC(18)   Weak JFR Old Object Samples    Min: 0.00, Avg: 0.00, Max: 0.00, Diff: 0.00, Sum: 0.00, Workers: 4
[265.096s][debug][gc,phases      ] GC(18)     Dead                           Min: 0, Avg:  0.0, Max: 0, Diff: 0, Sum: 0, Workers: 4
[265.096s][debug][gc,phases      ] GC(18)     Total                          Min: 0, Avg:  0.0, Max: 0, Diff: 0, Sum: 0, Workers: 4
[265.096s][debug][gc,phases      ] GC(18) Weak Processing 0.358ms
[265.096s][debug][gc,age         ] GC(18) Desired survivor size 358088704 bytes, new threshold 1 (max threshold 15)
[265.096s][info ][gc,heap        ] GC(18) PSYoungGen: 1382016K(1738240K)->6192K(1747456K) Eden: 1379328K(1379328K)->0K(1391616K) From: 2688K(358912K)->6192K(355840K)
[265.096s][info ][gc,heap        ] GC(18) ParOldGen: 315111K(315392K)->315731K(315904K)
[265.096s][info ][gc,metaspace   ] GC(18) Metaspace: 108109K(109312K)->108109K(109312K) NonClass: 92143K(92864K)->92143K(92864K) Class: 15965K(16448K)->15965K(16448K)
[265.096s][info ][gc             ] GC(18) Pause Young (Allocation Failure) 1657M->314M(2015M) 5.215ms
[265.096s][info ][gc,cpu         ] GC(18) User=0.02s Sys=0.00s Real=0.01s
[265.096s][info ][safepoint      ] Safepoint "ParallelCollectForAllocation", Time since last: 36307857397 ns, Reaching safepoint: 4500 ns, At safepoint: 5287877 ns, Leaving safepoint: 2000 ns, Total: 5294377 ns, Threads: 0 runnable, 30 total
[300.125s][info ][gc,start       ] GC(19) Pause Young (Allocation Failure)
[300.129s][debug][gc,phases      ] GC(19) Scavenge 3.924ms
[300.129s][debug][gc,ref         ] GC(19) ReferenceProcessor::execute queues: 1, RefProcThreadModel::Single, marks_oops_alive: false
[300.129s][debug][gc,ref         ] GC(19) Skipped KeepAliveFinalRefsPhase of Reference Processing: no references
[300.129s][debug][gc,ref         ] GC(19) Skipped PhantomRefsPhase of Reference Processing: no references
[300.129s][debug][gc,phases      ] GC(19) Reference Processing 0.097ms
[300.129s][debug][gc,phases      ] GC(19)   VM Weak                        Min: 0.00, Avg: 0.00, Max: 0.01, Diff: 0.01, Sum: 0.01, Workers: 4
[300.129s][debug][gc,phases      ] GC(19)     Dead                           Min: 0, Avg:  0.0, Max: 0, Diff: 0, Sum: 0, Workers: 4
[300.129s][debug][gc,phases      ] GC(19)     Total                          Min: 0, Avg: 227.5, Max: 910, Diff: 910, Sum: 910, Workers: 4
[300.129s][debug][gc,phases      ] GC(19)   ObjectSynchronizer Weak        Min: 0.00, Avg: 0.00, Max: 0.00, Diff: 0.00, Sum: 0.00, Workers: 4
[300.129s][debug][gc,phases      ] GC(19)     Dead                           Min: 0, Avg:  0.0, Max: 0, Diff: 0, Sum: 0, Workers: 4
[300.129s][debug][gc,phases      ] GC(19)     Total                          Min: 0, Avg:  1.5, Max: 6, Diff: 6, Sum: 6, Workers: 4
[300.129s][debug][gc,phases      ] GC(19)   JVMTI Tag Weak OopStorage      Min: 0.00, Avg: 0.00, Max: 0.00, Diff: 0.00, Sum: 0.00, Workers: 4
[300.129s][debug][gc,phases      ] GC(19)     Dead                           Min: 0, Avg:  0.0, Max: 0, Diff: 0, Sum: 0, Workers: 4
[300.129s][debug][gc,phases      ] GC(19)     Total                          Min: 0, Avg:  0.0, Max: 0, Diff: 0, Sum: 0, Workers: 4
[300.129s][debug][gc,phases      ] GC(19)   StringTable Weak               Min: 0.00, Avg: 0.11, Max: 0.15, Diff: 0.15, Sum: 0.45, Workers: 4
[300.129s][debug][gc,phases      ] GC(19)     Dead                           Min: 0, Avg:  0.0, Max: 0, Diff: 0, Sum: 0, Workers: 4
[300.129s][debug][gc,phases      ] GC(19)     Total                          Min: 0, Avg: 12425.8, Max: 20327, Diff: 20327, Sum: 49703, Workers: 4
[300.129s][debug][gc,phases      ] GC(19)   ResolvedMethodTable Weak       Min: 0.00, Avg: 0.03, Max: 0.04, Diff: 0.04, Sum: 0.13, Workers: 4
[300.129s][debug][gc,phases      ] GC(19)     Dead                           Min: 0, Avg:  5.0, Max: 12, Diff: 12, Sum: 20, Workers: 4
[300.129s][debug][gc,phases      ] GC(19)     Total                          Min: 0, Avg: 4136.0, Max: 7196, Diff: 7196, Sum: 16544, Workers: 4
[300.129s][debug][gc,phases      ] GC(19)   JNI Weak                       Min: 0.00, Avg: 0.00, Max: 0.00, Diff: 0.00, Sum: 0.00, Workers: 4
[300.129s][debug][gc,phases      ] GC(19)     Dead                           Min: 0, Avg:  0.0, Max: 0, Diff: 0, Sum: 0, Workers: 4
[300.129s][debug][gc,phases      ] GC(19)     Total                          Min: 0, Avg: 13.0, Max: 48, Diff: 48, Sum: 52, Workers: 4
[300.129s][debug][gc,phases      ] GC(19)   StringDedup Table Weak         Min: 0.00, Avg: 0.00, Max: 0.00, Diff: 0.00, Sum: 0.00, Workers: 4
[300.129s][debug][gc,phases      ] GC(19)     Dead                           Min: 0, Avg:  0.0, Max: 0, Diff: 0, Sum: 0, Workers: 4
[300.129s][debug][gc,phases      ] GC(19)     Total                          Min: 0, Avg:  0.0, Max: 0, Diff: 0, Sum: 0, Workers: 4
[300.129s][debug][gc,phases      ] GC(19)   StringDedup Requests0 Weak     Min: 0.00, Avg: 0.00, Max: 0.00, Diff: 0.00, Sum: 0.00, Workers: 4
[300.129s][debug][gc,phases      ] GC(19)     Dead                           Min: 0, Avg:  0.0, Max: 0, Diff: 0, Sum: 0, Workers: 4
[300.129s][debug][gc,phases      ] GC(19)     Total                          Min: 0, Avg:  0.0, Max: 0, Diff: 0, Sum: 0, Workers: 4
[300.129s][debug][gc,phases      ] GC(19)   StringDedup Requests1 Weak     Min: 0.00, Avg: 0.00, Max: 0.00, Diff: 0.00, Sum: 0.00, Workers: 4
[300.129s][debug][gc,phases      ] GC(19)     Dead                           Min: 0, Avg:  0.0, Max: 0, Diff: 0, Sum: 0, Workers: 4
[300.129s][debug][gc,phases      ] GC(19)     Total                          Min: 0, Avg:  0.0, Max: 0, Diff: 0, Sum: 0, Workers: 4
[300.129s][debug][gc,phases      ] GC(19)   Weak JFR Old Object Samples    Min: 0.00, Avg: 0.00, Max: 0.00, Diff: 0.00, Sum: 0.00, Workers: 4
[300.129s][debug][gc,phases      ] GC(19)     Dead                           Min: 0, Avg:  0.0, Max: 0, Diff: 0, Sum: 0, Workers: 4
[300.129s][debug][gc,phases      ] GC(19)     Total                          Min: 0, Avg:  0.0, Max: 0, Diff: 0, Sum: 0, Workers: 4
[300.129s][debug][gc,phases      ] GC(19) Weak Processing 0.390ms
[300.129s][debug][gc,age         ] GC(19) Desired survivor size 349700096 bytes, new threshold 1 (max threshold 15)
[300.130s][info ][gc,heap        ] GC(19) PSYoungGen: 1397808K(1747456K)->2848K(1741312K) Eden: 1391616K(1391616K)->0K(1391616K) From: 6192K(355840K)->2848K(349696K)
[300.130s][info ][gc,heap        ] GC(19) ParOldGen: 315731K(315904K)->319100K(319488K)
[300.130s][info ][gc,metaspace   ] GC(19) Metaspace: 108156K(109376K)->108156K(109376K) NonClass: 92190K(92928K)->92190K(92928K) Class: 15965K(16448K)->15965K(16448K)
[300.130s][info ][gc             ] GC(19) Pause Young (Allocation Failure) 1673M->314M(2012M) 4.513ms
[300.130s][info ][gc,cpu         ] GC(19) User=0.02s Sys=0.00s Real=0.00s
[300.130s][info ][safepoint      ] Safepoint "ParallelCollectForAllocation", Time since last: 35028513404 ns, Reaching safepoint: 26399 ns, At safepoint: 4568981 ns, Leaving safepoint: 2500 ns, Total: 4597880 ns, Threads: 0 runnable, 30 total
[335.874s][info ][gc,start       ] GC(20) Pause Young (Allocation Failure)
[335.877s][debug][gc,phases      ] GC(20) Scavenge 2.991ms
[335.877s][debug][gc,ref         ] GC(20) ReferenceProcessor::execute queues: 1, RefProcThreadModel::Single, marks_oops_alive: false
[335.877s][debug][gc,ref         ] GC(20) Skipped KeepAliveFinalRefsPhase of Reference Processing: no references
[335.877s][debug][gc,ref         ] GC(20) Skipped PhantomRefsPhase of Reference Processing: no references
[335.877s][debug][gc,phases      ] GC(20) Reference Processing 0.092ms
[335.877s][debug][gc,phases      ] GC(20)   VM Weak                        Min: 0.00, Avg: 0.00, Max: 0.01, Diff: 0.01, Sum: 0.01, Workers: 4
[335.877s][debug][gc,phases      ] GC(20)     Dead                           Min: 0, Avg:  0.0, Max: 0, Diff: 0, Sum: 0, Workers: 4
[335.877s][debug][gc,phases      ] GC(20)     Total                          Min: 0, Avg: 228.5, Max: 466, Diff: 466, Sum: 914, Workers: 4
[335.877s][debug][gc,phases      ] GC(20)   ObjectSynchronizer Weak        Min: 0.00, Avg: 0.00, Max: 0.00, Diff: 0.00, Sum: 0.00, Workers: 4
[335.877s][debug][gc,phases      ] GC(20)     Dead                           Min: 0, Avg:  0.0, Max: 0, Diff: 0, Sum: 0, Workers: 4
[335.877s][debug][gc,phases      ] GC(20)     Total                          Min: 0, Avg:  1.5, Max: 6, Diff: 6, Sum: 6, Workers: 4
[335.877s][debug][gc,phases      ] GC(20)   JVMTI Tag Weak OopStorage      Min: 0.00, Avg: 0.00, Max: 0.00, Diff: 0.00, Sum: 0.00, Workers: 4
[335.877s][debug][gc,phases      ] GC(20)     Dead                           Min: 0, Avg:  0.0, Max: 0, Diff: 0, Sum: 0, Workers: 4
[335.877s][debug][gc,phases      ] GC(20)     Total                          Min: 0, Avg:  0.0, Max: 0, Diff: 0, Sum: 0, Workers: 4
[335.877s][debug][gc,phases      ] GC(20)   StringTable Weak               Min: 0.00, Avg: 0.09, Max: 0.13, Diff: 0.13, Sum: 0.38, Workers: 4
[335.877s][debug][gc,phases      ] GC(20)     Dead                           Min: 0, Avg:  0.5, Max: 2, Diff: 2, Sum: 2, Workers: 4
[335.877s][debug][gc,phases      ] GC(20)     Total                          Min: 0, Avg: 12440.8, Max: 21027, Diff: 21027, Sum: 49763, Workers: 4
[335.877s][debug][gc,phases      ] GC(20)   ResolvedMethodTable Weak       Min: 0.00, Avg: 0.03, Max: 0.04, Diff: 0.04, Sum: 0.13, Workers: 4
[335.877s][debug][gc,phases      ] GC(20)     Dead                           Min: 0, Avg:  8.2, Max: 29, Diff: 29, Sum: 33, Workers: 4
[335.877s][debug][gc,phases      ] GC(20)     Total                          Min: 0, Avg: 4150.5, Max: 6896, Diff: 6896, Sum: 16602, Workers: 4
[335.877s][debug][gc,phases      ] GC(20)   JNI Weak                       Min: 0.00, Avg: 0.00, Max: 0.00, Diff: 0.00, Sum: 0.00, Workers: 4
[335.877s][debug][gc,phases      ] GC(20)     Dead                           Min: 0, Avg:  0.0, Max: 0, Diff: 0, Sum: 0, Workers: 4
[335.877s][debug][gc,phases      ] GC(20)     Total                          Min: 0, Avg: 13.0, Max: 52, Diff: 52, Sum: 52, Workers: 4
[335.877s][debug][gc,phases      ] GC(20)   StringDedup Table Weak         Min: 0.00, Avg: 0.00, Max: 0.00, Diff: 0.00, Sum: 0.00, Workers: 4
[335.877s][debug][gc,phases      ] GC(20)     Dead                           Min: 0, Avg:  0.0, Max: 0, Diff: 0, Sum: 0, Workers: 4
[335.877s][debug][gc,phases      ] GC(20)     Total                          Min: 0, Avg:  0.0, Max: 0, Diff: 0, Sum: 0, Workers: 4
[335.877s][debug][gc,phases      ] GC(20)   StringDedup Requests0 Weak     Min: 0.00, Avg: 0.00, Max: 0.00, Diff: 0.00, Sum: 0.00, Workers: 4
[335.877s][debug][gc,phases      ] GC(20)     Dead                           Min: 0, Avg:  0.0, Max: 0, Diff: 0, Sum: 0, Workers: 4
[335.877s][debug][gc,phases      ] GC(20)     Total                          Min: 0, Avg:  0.0, Max: 0, Diff: 0, Sum: 0, Workers: 4
[335.877s][debug][gc,phases      ] GC(20)   StringDedup Requests1 Weak     Min: 0.00, Avg: 0.00, Max: 0.00, Diff: 0.00, Sum: 0.00, Workers: 4
[335.877s][debug][gc,phases      ] GC(20)     Dead                           Min: 0, Avg:  0.0, Max: 0, Diff: 0, Sum: 0, Workers: 4
[335.877s][debug][gc,phases      ] GC(20)     Total                          Min: 0, Avg:  0.0, Max: 0, Diff: 0, Sum: 0, Workers: 4
[335.877s][debug][gc,phases      ] GC(20)   Weak JFR Old Object Samples    Min: 0.00, Avg: 0.00, Max: 0.00, Diff: 0.00, Sum: 0.00, Workers: 4
[335.877s][debug][gc,phases      ] GC(20)     Dead                           Min: 0, Avg:  0.0, Max: 0, Diff: 0, Sum: 0, Workers: 4
[335.877s][debug][gc,phases      ] GC(20)     Total                          Min: 0, Avg:  0.0, Max: 0, Diff: 0, Sum: 0, Workers: 4
[335.877s][debug][gc,phases      ] GC(20) Weak Processing 0.369ms
[335.877s][debug][gc,age         ] GC(20) Desired survivor size 339738624 bytes, new threshold 1 (max threshold 15)
[335.877s][info ][gc,heap        ] GC(20) PSYoungGen: 1394464K(1741312K)->3056K(1765376K) Eden: 1391616K(1391616K)->0K(1423872K) From: 2848K(349696K)->3056K(341504K)
[335.877s][info ][gc,heap        ] GC(20) ParOldGen: 319100K(319488K)->320005K(320512K)
[335.877s][info ][gc,metaspace   ] GC(20) Metaspace: 108347K(109568K)->108347K(109568K) NonClass: 92353K(93056K)->92353K(93056K) Class: 15993K(16512K)->15993K(16512K)
[335.877s][info ][gc             ] GC(20) Pause Young (Allocation Failure) 1673M->315M(2037M) 3.558ms
[335.877s][info ][gc,cpu         ] GC(20) User=0.01s Sys=0.00s Real=0.00s
[335.877s][info ][safepoint      ] Safepoint "ParallelCollectForAllocation", Time since last: 35744102225 ns, Reaching safepoint: 98600 ns, At safepoint: 3616985 ns, Leaving safepoint: 6000 ns, Total: 3721585 ns, Threads: 1 runnable, 34 total
[374.422s][info ][gc,start       ] GC(21) Pause Young (Allocation Failure)
[374.425s][debug][gc,phases      ] GC(21) Scavenge 3.013ms
[374.425s][debug][gc,ref         ] GC(21) ReferenceProcessor::execute queues: 1, RefProcThreadModel::Single, marks_oops_alive: false
[374.425s][debug][gc,ref         ] GC(21) Skipped KeepAliveFinalRefsPhase of Reference Processing: no references
[374.425s][debug][gc,ref         ] GC(21) Skipped PhantomRefsPhase of Reference Processing: no references
[374.425s][debug][gc,phases      ] GC(21) Reference Processing 0.089ms
[374.425s][debug][gc,phases      ] GC(21)   VM Weak                        Min: 0.00, Avg: 0.00, Max: 0.01, Diff: 0.01, Sum: 0.01, Workers: 4
[374.425s][debug][gc,phases      ] GC(21)     Dead                           Min: 0, Avg:  0.0, Max: 0, Diff: 0, Sum: 0, Workers: 4
[374.425s][debug][gc,phases      ] GC(21)     Total                          Min: 0, Avg: 228.5, Max: 914, Diff: 914, Sum: 914, Workers: 4
[374.425s][debug][gc,phases      ] GC(21)   ObjectSynchronizer Weak        Min: 0.00, Avg: 0.00, Max: 0.00, Diff: 0.00, Sum: 0.00, Workers: 4
[374.425s][debug][gc,phases      ] GC(21)     Dead                           Min: 0, Avg:  0.0, Max: 0, Diff: 0, Sum: 0, Workers: 4
[374.425s][debug][gc,phases      ] GC(21)     Total                          Min: 0, Avg:  1.2, Max: 5, Diff: 5, Sum: 5, Workers: 4
[374.425s][debug][gc,phases      ] GC(21)   JVMTI Tag Weak OopStorage      Min: 0.00, Avg: 0.00, Max: 0.00, Diff: 0.00, Sum: 0.00, Workers: 4
[374.425s][debug][gc,phases      ] GC(21)     Dead                           Min: 0, Avg:  0.0, Max: 0, Diff: 0, Sum: 0, Workers: 4
[374.425s][debug][gc,phases      ] GC(21)     Total                          Min: 0, Avg:  0.0, Max: 0, Diff: 0, Sum: 0, Workers: 4
[374.425s][debug][gc,phases      ] GC(21)   StringTable Weak               Min: 0.00, Avg: 0.10, Max: 0.13, Diff: 0.13, Sum: 0.38, Workers: 4
[374.425s][debug][gc,phases      ] GC(21)     Dead                           Min: 0, Avg:  0.0, Max: 0, Diff: 0, Sum: 0, Workers: 4
[374.425s][debug][gc,phases      ] GC(21)     Total                          Min: 0, Avg: 12442.8, Max: 21696, Diff: 21696, Sum: 49771, Workers: 4
[374.425s][debug][gc,phases      ] GC(21)   ResolvedMethodTable Weak       Min: 0.00, Avg: 0.04, Max: 0.06, Diff: 0.06, Sum: 0.18, Workers: 4
[374.425s][debug][gc,phases      ] GC(21)     Dead                           Min: 0, Avg:  5.0, Max: 13, Diff: 13, Sum: 20, Workers: 4
[374.425s][debug][gc,phases      ] GC(21)     Total                          Min: 0, Avg: 4151.0, Max: 6517, Diff: 6517, Sum: 16604, Workers: 4
[374.425s][debug][gc,phases      ] GC(21)   JNI Weak                       Min: 0.00, Avg: 0.00, Max: 0.00, Diff: 0.00, Sum: 0.00, Workers: 4
[374.425s][debug][gc,phases      ] GC(21)     Dead                           Min: 0, Avg:  0.0, Max: 0, Diff: 0, Sum: 0, Workers: 4
[374.425s][debug][gc,phases      ] GC(21)     Total                          Min: 0, Avg: 13.0, Max: 48, Diff: 48, Sum: 52, Workers: 4
[374.425s][debug][gc,phases      ] GC(21)   StringDedup Table Weak         Min: 0.00, Avg: 0.00, Max: 0.00, Diff: 0.00, Sum: 0.00, Workers: 4
[374.425s][debug][gc,phases      ] GC(21)     Dead                           Min: 0, Avg:  0.0, Max: 0, Diff: 0, Sum: 0, Workers: 4
[374.425s][debug][gc,phases      ] GC(21)     Total                          Min: 0, Avg:  0.0, Max: 0, Diff: 0, Sum: 0, Workers: 4
[374.425s][debug][gc,phases      ] GC(21)   StringDedup Requests0 Weak     Min: 0.00, Avg: 0.00, Max: 0.00, Diff: 0.00, Sum: 0.00, Workers: 4
[374.425s][debug][gc,phases      ] GC(21)     Dead                           Min: 0, Avg:  0.0, Max: 0, Diff: 0, Sum: 0, Workers: 4
[374.425s][debug][gc,phases      ] GC(21)     Total                          Min: 0, Avg:  0.0, Max: 0, Diff: 0, Sum: 0, Workers: 4
[374.425s][debug][gc,phases      ] GC(21)   StringDedup Requests1 Weak     Min: 0.00, Avg: 0.00, Max: 0.00, Diff: 0.00, Sum: 0.00, Workers: 4
[374.425s][debug][gc,phases      ] GC(21)     Dead                           Min: 0, Avg:  0.0, Max: 0, Diff: 0, Sum: 0, Workers: 4
[374.425s][debug][gc,phases      ] GC(21)     Total                          Min: 0, Avg:  0.0, Max: 0, Diff: 0, Sum: 0, Workers: 4
[374.425s][debug][gc,phases      ] GC(21)   Weak JFR Old Object Samples    Min: 0.00, Avg: 0.00, Max: 0.00, Diff: 0.00, Sum: 0.00, Workers: 4
[374.425s][debug][gc,phases      ] GC(21)     Dead                           Min: 0, Avg:  0.0, Max: 0, Diff: 0, Sum: 0, Workers: 4
[374.425s][debug][gc,phases      ] GC(21)     Total                          Min: 0, Avg:  0.0, Max: 0, Diff: 0, Sum: 0, Workers: 4
[374.425s][debug][gc,phases      ] GC(21) Weak Processing 0.362ms
[374.425s][debug][gc,age         ] GC(21) Desired survivor size 328204288 bytes, new threshold 1 (max threshold 15)
[374.425s][info ][gc,heap        ] GC(21) PSYoungGen: 1426928K(1765376K)->2880K(1755648K) Eden: 1423872K(1423872K)->0K(1423872K) From: 3056K(341504K)->2880K(331776K)
[374.425s][info ][gc,heap        ] GC(21) ParOldGen: 320005K(320512K)->321449K(321536K)
[374.425s][info ][gc,metaspace   ] GC(21) Metaspace: 108366K(109568K)->108366K(109568K) NonClass: 92371K(93056K)->92371K(93056K) Class: 15994K(16512K)->15994K(16512K)
[374.425s][info ][gc             ] GC(21) Pause Young (Allocation Failure) 1705M->316M(2028M) 3.577ms
[374.425s][info ][gc,cpu         ] GC(21) User=0.01s Sys=0.00s Real=0.01s
[374.425s][info ][safepoint      ] Safepoint "ParallelCollectForAllocation", Time since last: 38544377964 ns, Reaching safepoint: 5600 ns, At safepoint: 3636185 ns, Leaving safepoint: 2700 ns, Total: 3644485 ns, Threads: 0 runnable, 34 total
[411.723s][info ][gc,start       ] GC(22) Pause Young (Allocation Failure)
[411.726s][debug][gc,phases      ] GC(22) Scavenge 2.929ms
[411.726s][debug][gc,ref         ] GC(22) ReferenceProcessor::execute queues: 1, RefProcThreadModel::Single, marks_oops_alive: false
[411.726s][debug][gc,ref         ] GC(22) Skipped KeepAliveFinalRefsPhase of Reference Processing: no references
[411.726s][debug][gc,ref         ] GC(22) Skipped PhantomRefsPhase of Reference Processing: no references
[411.726s][debug][gc,phases      ] GC(22) Reference Processing 0.095ms
[411.726s][debug][gc,phases      ] GC(22)   VM Weak                        Min: 0.00, Avg: 0.00, Max: 0.01, Diff: 0.01, Sum: 0.01, Workers: 4
[411.726s][debug][gc,phases      ] GC(22)     Dead                           Min: 0, Avg:  0.0, Max: 0, Diff: 0, Sum: 0, Workers: 4
[411.726s][debug][gc,phases      ] GC(22)     Total                          Min: 0, Avg: 228.8, Max: 531, Diff: 531, Sum: 915, Workers: 4
[411.726s][debug][gc,phases      ] GC(22)   ObjectSynchronizer Weak        Min: 0.00, Avg: 0.00, Max: 0.00, Diff: 0.00, Sum: 0.00, Workers: 4
[411.726s][debug][gc,phases      ] GC(22)     Dead                           Min: 0, Avg:  0.0, Max: 0, Diff: 0, Sum: 0, Workers: 4
[411.726s][debug][gc,phases      ] GC(22)     Total                          Min: 0, Avg:  1.5, Max: 6, Diff: 6, Sum: 6, Workers: 4
[411.726s][debug][gc,phases      ] GC(22)   JVMTI Tag Weak OopStorage      Min: 0.00, Avg: 0.00, Max: 0.00, Diff: 0.00, Sum: 0.00, Workers: 4
[411.726s][debug][gc,phases      ] GC(22)     Dead                           Min: 0, Avg:  0.0, Max: 0, Diff: 0, Sum: 0, Workers: 4
[411.726s][debug][gc,phases      ] GC(22)     Total                          Min: 0, Avg:  0.0, Max: 0, Diff: 0, Sum: 0, Workers: 4
[411.726s][debug][gc,phases      ] GC(22)   StringTable Weak               Min: 0.00, Avg: 0.11, Max: 0.14, Diff: 0.14, Sum: 0.43, Workers: 4
[411.726s][debug][gc,phases      ] GC(22)     Dead                           Min: 0, Avg:  0.5, Max: 2, Diff: 2, Sum: 2, Workers: 4
[411.726s][debug][gc,phases      ] GC(22)     Total                          Min: 0, Avg: 12450.2, Max: 20873, Diff: 20873, Sum: 49801, Workers: 4
[411.726s][debug][gc,phases      ] GC(22)   ResolvedMethodTable Weak       Min: 0.00, Avg: 0.03, Max: 0.04, Diff: 0.04, Sum: 0.13, Workers: 4
[411.726s][debug][gc,phases      ] GC(22)     Dead                           Min: 0, Avg:  5.2, Max: 13, Diff: 13, Sum: 21, Workers: 4
[411.726s][debug][gc,phases      ] GC(22)     Total                          Min: 0, Avg: 4154.0, Max: 7035, Diff: 7035, Sum: 16616, Workers: 4
[411.726s][debug][gc,phases      ] GC(22)   JNI Weak                       Min: 0.00, Avg: 0.00, Max: 0.00, Diff: 0.00, Sum: 0.00, Workers: 4
[411.726s][debug][gc,phases      ] GC(22)     Dead                           Min: 0, Avg:  0.0, Max: 0, Diff: 0, Sum: 0, Workers: 4
[411.726s][debug][gc,phases      ] GC(22)     Total                          Min: 0, Avg: 13.0, Max: 48, Diff: 48, Sum: 52, Workers: 4
[411.726s][debug][gc,phases      ] GC(22)   StringDedup Table Weak         Min: 0.00, Avg: 0.00, Max: 0.00, Diff: 0.00, Sum: 0.00, Workers: 4
[411.726s][debug][gc,phases      ] GC(22)     Dead                           Min: 0, Avg:  0.0, Max: 0, Diff: 0, Sum: 0, Workers: 4
[411.726s][debug][gc,phases      ] GC(22)     Total                          Min: 0, Avg:  0.0, Max: 0, Diff: 0, Sum: 0, Workers: 4
[411.726s][debug][gc,phases      ] GC(22)   StringDedup Requests0 Weak     Min: 0.00, Avg: 0.00, Max: 0.00, Diff: 0.00, Sum: 0.00, Workers: 4
[411.726s][debug][gc,phases      ] GC(22)     Dead                           Min: 0, Avg:  0.0, Max: 0, Diff: 0, Sum: 0, Workers: 4
[411.726s][debug][gc,phases      ] GC(22)     Total                          Min: 0, Avg:  0.0, Max: 0, Diff: 0, Sum: 0, Workers: 4
[411.726s][debug][gc,phases      ] GC(22)   StringDedup Requests1 Weak     Min: 0.00, Avg: 0.00, Max: 0.00, Diff: 0.00, Sum: 0.00, Workers: 4
[411.727s][debug][gc,phases      ] GC(22)     Dead                           Min: 0, Avg:  0.0, Max: 0, Diff: 0, Sum: 0, Workers: 4
[411.727s][debug][gc,phases      ] GC(22)     Total                          Min: 0, Avg:  0.0, Max: 0, Diff: 0, Sum: 0, Workers: 4
[411.727s][debug][gc,phases      ] GC(22)   Weak JFR Old Object Samples    Min: 0.00, Avg: 0.00, Max: 0.00, Diff: 0.00, Sum: 0.00, Workers: 4
[411.727s][debug][gc,phases      ] GC(22)     Dead                           Min: 0, Avg:  0.0, Max: 0, Diff: 0, Sum: 0, Workers: 4
[411.727s][debug][gc,phases      ] GC(22)     Total                          Min: 0, Avg:  0.0, Max: 0, Diff: 0, Sum: 0, Workers: 4
[411.727s][debug][gc,phases      ] GC(22) Weak Processing 0.384ms
[411.727s][debug][gc,age         ] GC(22) Desired survivor size 315621376 bytes, new threshold 1 (max threshold 15)
[411.727s][info ][gc,heap        ] GC(22) PSYoungGen: 1426752K(1755648K)->2496K(1788928K) Eden: 1423872K(1423872K)->0K(1468416K) From: 2880K(331776K)->2496K(320512K)
[411.727s][info ][gc,heap        ] GC(22) ParOldGen: 321449K(321536K)->322393K(322560K)
[411.727s][info ][gc,metaspace   ] GC(22) Metaspace: 108445K(109632K)->108445K(109632K) NonClass: 92443K(93120K)->92443K(93120K) Class: 16001K(16512K)->16001K(16512K)
[411.727s][info ][gc             ] GC(22) Pause Young (Allocation Failure) 1707M->317M(2062M) 3.506ms
[411.727s][info ][gc,cpu         ] GC(22) User=0.01s Sys=0.00s Real=0.00s
[411.727s][info ][safepoint      ] Safepoint "ParallelCollectForAllocation", Time since last: 37297612042 ns, Reaching safepoint: 4500 ns, At safepoint: 3557985 ns, Leaving safepoint: 2700 ns, Total: 3565185 ns, Threads: 0 runnable, 27 total
[449.477s][info ][gc,start       ] GC(23) Pause Young (Allocation Failure)
[449.480s][debug][gc,phases      ] GC(23) Scavenge 3.448ms
[449.480s][debug][gc,ref         ] GC(23) ReferenceProcessor::execute queues: 1, RefProcThreadModel::Single, marks_oops_alive: false
[449.481s][debug][gc,ref         ] GC(23) Skipped KeepAliveFinalRefsPhase of Reference Processing: no references
[449.481s][debug][gc,ref         ] GC(23) Skipped PhantomRefsPhase of Reference Processing: no references
[449.481s][debug][gc,phases      ] GC(23) Reference Processing 0.114ms
[449.481s][debug][gc,phases      ] GC(23)   VM Weak                        Min: 0.00, Avg: 0.00, Max: 0.00, Diff: 0.00, Sum: 0.01, Workers: 4
[449.481s][debug][gc,phases      ] GC(23)     Dead                           Min: 0, Avg:  0.0, Max: 0, Diff: 0, Sum: 0, Workers: 4
[449.481s][debug][gc,phases      ] GC(23)     Total                          Min: 147, Avg: 228.8, Max: 320, Diff: 173, Sum: 915, Workers: 4
[449.481s][debug][gc,phases      ] GC(23)   ObjectSynchronizer Weak        Min: 0.00, Avg: 0.00, Max: 0.00, Diff: 0.00, Sum: 0.00, Workers: 4
[449.481s][debug][gc,phases      ] GC(23)     Dead                           Min: 0, Avg:  0.0, Max: 0, Diff: 0, Sum: 0, Workers: 4
[449.481s][debug][gc,phases      ] GC(23)     Total                          Min: 0, Avg:  1.5, Max: 6, Diff: 6, Sum: 6, Workers: 4
[449.481s][debug][gc,phases      ] GC(23)   JVMTI Tag Weak OopStorage      Min: 0.00, Avg: 0.00, Max: 0.00, Diff: 0.00, Sum: 0.00, Workers: 4
[449.481s][debug][gc,phases      ] GC(23)     Dead                           Min: 0, Avg:  0.0, Max: 0, Diff: 0, Sum: 0, Workers: 4
[449.481s][debug][gc,phases      ] GC(23)     Total                          Min: 0, Avg:  0.0, Max: 0, Diff: 0, Sum: 0, Workers: 4
[449.481s][debug][gc,phases      ] GC(23)   StringTable Weak               Min: 0.11, Avg: 0.11, Max: 0.11, Diff: 0.00, Sum: 0.45, Workers: 4
[449.481s][debug][gc,phases      ] GC(23)     Dead                           Min: 0, Avg:  0.2, Max: 1, Diff: 1, Sum: 1, Workers: 4
[449.481s][debug][gc,phases      ] GC(23)     Total                          Min: 12088, Avg: 12461.5, Max: 12736, Diff: 648, Sum: 49846, Workers: 4
[449.481s][debug][gc,phases      ] GC(23)   ResolvedMethodTable Weak       Min: 0.04, Avg: 0.04, Max: 0.04, Diff: 0.00, Sum: 0.15, Workers: 4
[449.481s][debug][gc,phases      ] GC(23)     Dead                           Min: 0, Avg:  5.2, Max: 12, Diff: 12, Sum: 21, Workers: 4
[449.481s][debug][gc,phases      ] GC(23)     Total                          Min: 4032, Avg: 4155.0, Max: 4409, Diff: 377, Sum: 16620, Workers: 4
[449.481s][debug][gc,phases      ] GC(23)   JNI Weak                       Min: 0.00, Avg: 0.00, Max: 0.00, Diff: 0.00, Sum: 0.00, Workers: 4
[449.481s][debug][gc,phases      ] GC(23)     Dead                           Min: 0, Avg:  0.0, Max: 0, Diff: 0, Sum: 0, Workers: 4
[449.481s][debug][gc,phases      ] GC(23)     Total                          Min: 0, Avg: 13.0, Max: 48, Diff: 48, Sum: 52, Workers: 4
[449.481s][debug][gc,phases      ] GC(23)   StringDedup Table Weak         Min: 0.00, Avg: 0.00, Max: 0.00, Diff: 0.00, Sum: 0.00, Workers: 4
[449.481s][debug][gc,phases      ] GC(23)     Dead                           Min: 0, Avg:  0.0, Max: 0, Diff: 0, Sum: 0, Workers: 4
[449.481s][debug][gc,phases      ] GC(23)     Total                          Min: 0, Avg:  0.0, Max: 0, Diff: 0, Sum: 0, Workers: 4
[449.481s][debug][gc,phases      ] GC(23)   StringDedup Requests0 Weak     Min: 0.00, Avg: 0.00, Max: 0.00, Diff: 0.00, Sum: 0.00, Workers: 4
[449.481s][debug][gc,phases      ] GC(23)     Dead                           Min: 0, Avg:  0.0, Max: 0, Diff: 0, Sum: 0, Workers: 4
[449.481s][debug][gc,phases      ] GC(23)     Total                          Min: 0, Avg:  0.0, Max: 0, Diff: 0, Sum: 0, Workers: 4
[449.481s][debug][gc,phases      ] GC(23)   StringDedup Requests1 Weak     Min: 0.00, Avg: 0.00, Max: 0.00, Diff: 0.00, Sum: 0.00, Workers: 4
[449.481s][debug][gc,phases      ] GC(23)     Dead                           Min: 0, Avg:  0.0, Max: 0, Diff: 0, Sum: 0, Workers: 4
[449.481s][debug][gc,phases      ] GC(23)     Total                          Min: 0, Avg:  0.0, Max: 0, Diff: 0, Sum: 0, Workers: 4
[449.481s][debug][gc,phases      ] GC(23)   Weak JFR Old Object Samples    Min: 0.00, Avg: 0.00, Max: 0.00, Diff: 0.00, Sum: 0.00, Workers: 4
[449.481s][debug][gc,phases      ] GC(23)     Dead                           Min: 0, Avg:  0.0, Max: 0, Diff: 0, Sum: 0, Workers: 4
[449.481s][debug][gc,phases      ] GC(23)     Total                          Min: 0, Avg:  0.0, Max: 0, Diff: 0, Sum: 0, Workers: 4
[449.481s][debug][gc,phases      ] GC(23) Weak Processing 0.330ms
[449.481s][debug][gc,age         ] GC(23) Desired survivor size 301989888 bytes, new threshold 1 (max threshold 15)
[449.481s][info ][gc,heap        ] GC(23) PSYoungGen: 1470912K(1788928K)->4720K(1776640K) Eden: 1468416K(1468416K)->0K(1468416K) From: 2496K(320512K)->4720K(308224K)
[449.481s][info ][gc,heap        ] GC(23) ParOldGen: 322393K(322560K)->322966K(323072K)
[449.481s][info ][gc,metaspace   ] GC(23) Metaspace: 108482K(109760K)->108482K(109760K) NonClass: 92479K(93248K)->92479K(93248K) Class: 16002K(16512K)->16002K(16512K)
[449.481s][info ][gc             ] GC(23) Pause Young (Allocation Failure) 1751M->320M(2050M) 4.012ms
[449.481s][info ][gc,cpu         ] GC(23) User=0.02s Sys=0.00s Real=0.00s
[449.481s][info ][safepoint      ] Safepoint "ParallelCollectForAllocation", Time since last: 37750258338 ns, Reaching safepoint: 5500 ns, At safepoint: 4070483 ns, Leaving safepoint: 3100 ns, Total: 4079083 ns, Threads: 0 runnable, 30 total
[486.474s][info ][gc,start       ] GC(24) Pause Young (Allocation Failure)
[486.479s][debug][gc,phases      ] GC(24) Scavenge 5.051ms
[486.479s][debug][gc,ref         ] GC(24) ReferenceProcessor::execute queues: 1, RefProcThreadModel::Single, marks_oops_alive: false
[486.479s][debug][gc,ref         ] GC(24) Skipped KeepAliveFinalRefsPhase of Reference Processing: no references
[486.479s][debug][gc,ref         ] GC(24) Skipped PhantomRefsPhase of Reference Processing: no references
[486.479s][debug][gc,phases      ] GC(24) Reference Processing 0.093ms
[486.479s][debug][gc,phases      ] GC(24)   VM Weak                        Min: 0.00, Avg: 0.00, Max: 0.01, Diff: 0.01, Sum: 0.01, Workers: 4
[486.479s][debug][gc,phases      ] GC(24)     Dead                           Min: 0, Avg:  0.0, Max: 0, Diff: 0, Sum: 0, Workers: 4
[486.479s][debug][gc,phases      ] GC(24)     Total                          Min: 0, Avg: 228.8, Max: 595, Diff: 595, Sum: 915, Workers: 4
[486.479s][debug][gc,phases      ] GC(24)   ObjectSynchronizer Weak        Min: 0.00, Avg: 0.00, Max: 0.00, Diff: 0.00, Sum: 0.00, Workers: 4
[486.479s][debug][gc,phases      ] GC(24)     Dead                           Min: 0, Avg:  0.0, Max: 0, Diff: 0, Sum: 0, Workers: 4
[486.479s][debug][gc,phases      ] GC(24)     Total                          Min: 0, Avg:  1.2, Max: 5, Diff: 5, Sum: 5, Workers: 4
[486.479s][debug][gc,phases      ] GC(24)   JVMTI Tag Weak OopStorage      Min: 0.00, Avg: 0.00, Max: 0.00, Diff: 0.00, Sum: 0.00, Workers: 4
[486.479s][debug][gc,phases      ] GC(24)     Dead                           Min: 0, Avg:  0.0, Max: 0, Diff: 0, Sum: 0, Workers: 4
[486.479s][debug][gc,phases      ] GC(24)     Total                          Min: 0, Avg:  0.0, Max: 0, Diff: 0, Sum: 0, Workers: 4
[486.479s][debug][gc,phases      ] GC(24)   StringTable Weak               Min: 0.00, Avg: 0.10, Max: 0.13, Diff: 0.13, Sum: 0.39, Workers: 4
[486.479s][debug][gc,phases      ] GC(24)     Dead                           Min: 0, Avg:  0.0, Max: 0, Diff: 0, Sum: 0, Workers: 4
[486.479s][debug][gc,phases      ] GC(24)     Total                          Min: 0, Avg: 12462.0, Max: 21050, Diff: 21050, Sum: 49848, Workers: 4
[486.479s][debug][gc,phases      ] GC(24)   ResolvedMethodTable Weak       Min: 0.00, Avg: 0.03, Max: 0.04, Diff: 0.04, Sum: 0.13, Workers: 4
[486.479s][debug][gc,phases      ] GC(24)     Dead                           Min: 0, Avg:  5.2, Max: 12, Diff: 12, Sum: 21, Workers: 4
[486.479s][debug][gc,phases      ] GC(24)     Total                          Min: 0, Avg: 4156.0, Max: 6903, Diff: 6903, Sum: 16624, Workers: 4
[486.479s][debug][gc,phases      ] GC(24)   JNI Weak                       Min: 0.00, Avg: 0.00, Max: 0.00, Diff: 0.00, Sum: 0.00, Workers: 4
[486.479s][debug][gc,phases      ] GC(24)     Dead                           Min: 0, Avg:  0.0, Max: 0, Diff: 0, Sum: 0, Workers: 4
[486.479s][debug][gc,phases      ] GC(24)     Total                          Min: 0, Avg: 13.0, Max: 52, Diff: 52, Sum: 52, Workers: 4
[486.479s][debug][gc,phases      ] GC(24)   StringDedup Table Weak         Min: 0.00, Avg: 0.00, Max: 0.00, Diff: 0.00, Sum: 0.00, Workers: 4
[486.479s][debug][gc,phases      ] GC(24)     Dead                           Min: 0, Avg:  0.0, Max: 0, Diff: 0, Sum: 0, Workers: 4
[486.479s][debug][gc,phases      ] GC(24)     Total                          Min: 0, Avg:  0.0, Max: 0, Diff: 0, Sum: 0, Workers: 4
[486.479s][debug][gc,phases      ] GC(24)   StringDedup Requests0 Weak     Min: 0.00, Avg: 0.00, Max: 0.00, Diff: 0.00, Sum: 0.00, Workers: 4
[486.479s][debug][gc,phases      ] GC(24)     Dead                           Min: 0, Avg:  0.0, Max: 0, Diff: 0, Sum: 0, Workers: 4
[486.479s][debug][gc,phases      ] GC(24)     Total                          Min: 0, Avg:  0.0, Max: 0, Diff: 0, Sum: 0, Workers: 4
[486.479s][debug][gc,phases      ] GC(24)   StringDedup Requests1 Weak     Min: 0.00, Avg: 0.00, Max: 0.00, Diff: 0.00, Sum: 0.00, Workers: 4
[486.479s][debug][gc,phases      ] GC(24)     Dead                           Min: 0, Avg:  0.0, Max: 0, Diff: 0, Sum: 0, Workers: 4
[486.479s][debug][gc,phases      ] GC(24)     Total                          Min: 0, Avg:  0.0, Max: 0, Diff: 0, Sum: 0, Workers: 4
[486.479s][debug][gc,phases      ] GC(24)   Weak JFR Old Object Samples    Min: 0.00, Avg: 0.00, Max: 0.00, Diff: 0.00, Sum: 0.00, Workers: 4
[486.479s][debug][gc,phases      ] GC(24)     Dead                           Min: 0, Avg:  0.0, Max: 0, Diff: 0, Sum: 0, Workers: 4
[486.479s][debug][gc,phases      ] GC(24)     Total                          Min: 0, Avg:  0.0, Max: 0, Diff: 0, Sum: 0, Workers: 4
[486.479s][debug][gc,phases      ] GC(24) Weak Processing 0.385ms
[486.479s][debug][gc,age         ] GC(24) Desired survivor size 287834112 bytes, new threshold 1 (max threshold 15)
[486.479s][info ][gc,heap        ] GC(24) PSYoungGen: 1473136K(1776640K)->4352K(1816064K) Eden: 1468416K(1468416K)->0K(1521152K) From: 4720K(308224K)->4352K(294912K)
[486.479s][info ][gc,heap        ] GC(24) ParOldGen: 322966K(323072K)->325882K(326144K)
[486.479s][info ][gc,metaspace   ] GC(24) Metaspace: 108507K(109760K)->108507K(109760K) NonClass: 92503K(93248K)->92503K(93248K) Class: 16004K(16512K)->16004K(16512K)
[486.479s][info ][gc             ] GC(24) Pause Young (Allocation Failure) 1754M->322M(2092M) 5.639ms
[486.479s][info ][gc,cpu         ] GC(24) User=0.01s Sys=0.00s Real=0.00s
[486.479s][info ][safepoint      ] Safepoint "ParallelCollectForAllocation", Time since last: 36992626527 ns, Reaching safepoint: 82499 ns, At safepoint: 5698676 ns, Leaving safepoint: 7000 ns, Total: 5788175 ns, Threads: 1 runnable, 30 total
[525.774s][info ][gc,start       ] GC(25) Pause Young (Allocation Failure)
[525.777s][debug][gc,phases      ] GC(25) Scavenge 2.950ms
[525.777s][debug][gc,ref         ] GC(25) ReferenceProcessor::execute queues: 1, RefProcThreadModel::Single, marks_oops_alive: false
[525.777s][debug][gc,ref         ] GC(25) Skipped KeepAliveFinalRefsPhase of Reference Processing: no references
[525.777s][debug][gc,ref         ] GC(25) Skipped PhantomRefsPhase of Reference Processing: no references
[525.777s][debug][gc,phases      ] GC(25) Reference Processing 0.090ms
[525.777s][debug][gc,phases      ] GC(25)   VM Weak                        Min: 0.00, Avg: 0.00, Max: 0.01, Diff: 0.01, Sum: 0.01, Workers: 4
[525.777s][debug][gc,phases      ] GC(25)     Dead                           Min: 0, Avg:  0.0, Max: 0, Diff: 0, Sum: 0, Workers: 4
[525.777s][debug][gc,phases      ] GC(25)     Total                          Min: 0, Avg: 228.8, Max: 531, Diff: 531, Sum: 915, Workers: 4
[525.777s][debug][gc,phases      ] GC(25)   ObjectSynchronizer Weak        Min: 0.00, Avg: 0.00, Max: 0.00, Diff: 0.00, Sum: 0.00, Workers: 4
[525.777s][debug][gc,phases      ] GC(25)     Dead                           Min: 0, Avg:  0.0, Max: 0, Diff: 0, Sum: 0, Workers: 4
[525.777s][debug][gc,phases      ] GC(25)     Total                          Min: 0, Avg:  1.5, Max: 6, Diff: 6, Sum: 6, Workers: 4
[525.777s][debug][gc,phases      ] GC(25)   JVMTI Tag Weak OopStorage      Min: 0.00, Avg: 0.00, Max: 0.00, Diff: 0.00, Sum: 0.00, Workers: 4
[525.777s][debug][gc,phases      ] GC(25)     Dead                           Min: 0, Avg:  0.0, Max: 0, Diff: 0, Sum: 0, Workers: 4
[525.777s][debug][gc,phases      ] GC(25)     Total                          Min: 0, Avg:  0.0, Max: 0, Diff: 0, Sum: 0, Workers: 4
[525.777s][debug][gc,phases      ] GC(25)   StringTable Weak               Min: 0.00, Avg: 0.10, Max: 0.13, Diff: 0.13, Sum: 0.38, Workers: 4
[525.777s][debug][gc,phases      ] GC(25)     Dead                           Min: 0, Avg:  0.0, Max: 0, Diff: 0, Sum: 0, Workers: 4
[525.777s][debug][gc,phases      ] GC(25)     Total                          Min: 0, Avg: 12463.2, Max: 21566, Diff: 21566, Sum: 49853, Workers: 4
[525.777s][debug][gc,phases      ] GC(25)   ResolvedMethodTable Weak       Min: 0.00, Avg: 0.03, Max: 0.04, Diff: 0.04, Sum: 0.13, Workers: 4
[525.777s][debug][gc,phases      ] GC(25)     Dead                           Min: 0, Avg:  5.0, Max: 16, Diff: 16, Sum: 20, Workers: 4
[525.777s][debug][gc,phases      ] GC(25)     Total                          Min: 0, Avg: 4156.0, Max: 7092, Diff: 7092, Sum: 16624, Workers: 4
[525.777s][debug][gc,phases      ] GC(25)   JNI Weak                       Min: 0.00, Avg: 0.00, Max: 0.00, Diff: 0.00, Sum: 0.00, Workers: 4
[525.777s][debug][gc,phases      ] GC(25)     Dead                           Min: 0, Avg:  0.0, Max: 0, Diff: 0, Sum: 0, Workers: 4
[525.777s][debug][gc,phases      ] GC(25)     Total                          Min: 0, Avg: 13.0, Max: 52, Diff: 52, Sum: 52, Workers: 4
[525.777s][debug][gc,phases      ] GC(25)   StringDedup Table Weak         Min: 0.00, Avg: 0.00, Max: 0.00, Diff: 0.00, Sum: 0.00, Workers: 4
[525.777s][debug][gc,phases      ] GC(25)     Dead                           Min: 0, Avg:  0.0, Max: 0, Diff: 0, Sum: 0, Workers: 4
[525.777s][debug][gc,phases      ] GC(25)     Total                          Min: 0, Avg:  0.0, Max: 0, Diff: 0, Sum: 0, Workers: 4
[525.777s][debug][gc,phases      ] GC(25)   StringDedup Requests0 Weak     Min: 0.00, Avg: 0.00, Max: 0.00, Diff: 0.00, Sum: 0.00, Workers: 4
[525.777s][debug][gc,phases      ] GC(25)     Dead                           Min: 0, Avg:  0.0, Max: 0, Diff: 0, Sum: 0, Workers: 4
[525.777s][debug][gc,phases      ] GC(25)     Total                          Min: 0, Avg:  0.0, Max: 0, Diff: 0, Sum: 0, Workers: 4
[525.777s][debug][gc,phases      ] GC(25)   StringDedup Requests1 Weak     Min: 0.00, Avg: 0.00, Max: 0.00, Diff: 0.00, Sum: 0.00, Workers: 4
[525.777s][debug][gc,phases      ] GC(25)     Dead                           Min: 0, Avg:  0.0, Max: 0, Diff: 0, Sum: 0, Workers: 4
[525.777s][debug][gc,phases      ] GC(25)     Total                          Min: 0, Avg:  0.0, Max: 0, Diff: 0, Sum: 0, Workers: 4
[525.777s][debug][gc,phases      ] GC(25)   Weak JFR Old Object Samples    Min: 0.00, Avg: 0.00, Max: 0.00, Diff: 0.00, Sum: 0.00, Workers: 4
[525.777s][debug][gc,phases      ] GC(25)     Dead                           Min: 0, Avg:  0.0, Max: 0, Diff: 0, Sum: 0, Workers: 4
[525.777s][debug][gc,phases      ] GC(25)     Total                          Min: 0, Avg:  0.0, Max: 0, Diff: 0, Sum: 0, Workers: 4
[525.777s][debug][gc,phases      ] GC(25) Weak Processing 0.384ms
[525.777s][debug][gc,age         ] GC(25) Desired survivor size 273678336 bytes, new threshold 1 (max threshold 15)
[525.777s][info ][gc,heap        ] GC(25) PSYoungGen: 1525504K(1816064K)->3488K(1802240K) Eden: 1521152K(1521152K)->0K(1521152K) From: 4352K(294912K)->3488K(281088K)
[525.777s][info ][gc,heap        ] GC(25) ParOldGen: 325882K(326144K)->327458K(327680K)
[525.777s][info ][gc,metaspace   ] GC(25) Metaspace: 108522K(109760K)->108522K(109760K) NonClass: 92518K(93248K)->92518K(93248K) Class: 16004K(16512K)->16004K(16512K)
[525.777s][info ][gc             ] GC(25) Pause Young (Allocation Failure) 1807M->323M(2080M) 3.514ms
[525.777s][info ][gc,cpu         ] GC(25) User=0.01s Sys=0.00s Real=0.00s
[525.777s][info ][safepoint      ] Safepoint "ParallelCollectForAllocation", Time since last: 39294372676 ns, Reaching safepoint: 97400 ns, At safepoint: 3570185 ns, Leaving safepoint: 7000 ns, Total: 3674585 ns, Threads: 1 runnable, 27 total
[566.422s][info ][gc,start       ] GC(26) Pause Young (Allocation Failure)
[566.426s][debug][gc,phases      ] GC(26) Scavenge 3.338ms
[566.426s][debug][gc,ref         ] GC(26) ReferenceProcessor::execute queues: 1, RefProcThreadModel::Single, marks_oops_alive: false
[566.426s][debug][gc,ref         ] GC(26) Skipped KeepAliveFinalRefsPhase of Reference Processing: no references
[566.426s][debug][gc,ref         ] GC(26) Skipped PhantomRefsPhase of Reference Processing: no references
[566.426s][debug][gc,phases      ] GC(26) Reference Processing 0.101ms
[566.426s][debug][gc,phases      ] GC(26)   VM Weak                        Min: 0.00, Avg: 0.00, Max: 0.01, Diff: 0.01, Sum: 0.01, Workers: 4
[566.426s][debug][gc,phases      ] GC(26)     Dead                           Min: 0, Avg:  0.0, Max: 0, Diff: 0, Sum: 0, Workers: 4
[566.426s][debug][gc,phases      ] GC(26)     Total                          Min: 0, Avg: 228.8, Max: 704, Diff: 704, Sum: 915, Workers: 4
[566.426s][debug][gc,phases      ] GC(26)   ObjectSynchronizer Weak        Min: 0.00, Avg: 0.00, Max: 0.00, Diff: 0.00, Sum: 0.00, Workers: 4
[566.426s][debug][gc,phases      ] GC(26)     Dead                           Min: 0, Avg:  0.0, Max: 0, Diff: 0, Sum: 0, Workers: 4
[566.426s][debug][gc,phases      ] GC(26)     Total                          Min: 0, Avg:  1.5, Max: 6, Diff: 6, Sum: 6, Workers: 4
[566.426s][debug][gc,phases      ] GC(26)   JVMTI Tag Weak OopStorage      Min: 0.00, Avg: 0.00, Max: 0.00, Diff: 0.00, Sum: 0.00, Workers: 4
[566.426s][debug][gc,phases      ] GC(26)     Dead                           Min: 0, Avg:  0.0, Max: 0, Diff: 0, Sum: 0, Workers: 4
[566.426s][debug][gc,phases      ] GC(26)     Total                          Min: 0, Avg:  0.0, Max: 0, Diff: 0, Sum: 0, Workers: 4
[566.426s][debug][gc,phases      ] GC(26)   StringTable Weak               Min: 0.00, Avg: 0.10, Max: 0.13, Diff: 0.13, Sum: 0.40, Workers: 4
[566.426s][debug][gc,phases      ] GC(26)     Dead                           Min: 0, Avg:  0.0, Max: 0, Diff: 0, Sum: 0, Workers: 4
[566.426s][debug][gc,phases      ] GC(26)     Total                          Min: 0, Avg: 12463.5, Max: 20544, Diff: 20544, Sum: 49854, Workers: 4
[566.426s][debug][gc,phases      ] GC(26)   ResolvedMethodTable Weak       Min: 0.00, Avg: 0.03, Max: 0.04, Diff: 0.04, Sum: 0.13, Workers: 4
[566.426s][debug][gc,phases      ] GC(26)     Dead                           Min: 0, Avg:  5.0, Max: 12, Diff: 12, Sum: 20, Workers: 4
[566.426s][debug][gc,phases      ] GC(26)     Total                          Min: 0, Avg: 4156.0, Max: 7092, Diff: 7092, Sum: 16624, Workers: 4
[566.426s][debug][gc,phases      ] GC(26)   JNI Weak                       Min: 0.00, Avg: 0.00, Max: 0.00, Diff: 0.00, Sum: 0.00, Workers: 4
[566.426s][debug][gc,phases      ] GC(26)     Dead                           Min: 0, Avg:  0.0, Max: 0, Diff: 0, Sum: 0, Workers: 4
[566.426s][debug][gc,phases      ] GC(26)     Total                          Min: 0, Avg: 13.0, Max: 48, Diff: 48, Sum: 52, Workers: 4
[566.426s][debug][gc,phases      ] GC(26)   StringDedup Table Weak         Min: 0.00, Avg: 0.00, Max: 0.00, Diff: 0.00, Sum: 0.00, Workers: 4
[566.426s][debug][gc,phases      ] GC(26)     Dead                           Min: 0, Avg:  0.0, Max: 0, Diff: 0, Sum: 0, Workers: 4
[566.426s][debug][gc,phases      ] GC(26)     Total                          Min: 0, Avg:  0.0, Max: 0, Diff: 0, Sum: 0, Workers: 4
[566.426s][debug][gc,phases      ] GC(26)   StringDedup Requests0 Weak     Min: 0.00, Avg: 0.00, Max: 0.00, Diff: 0.00, Sum: 0.00, Workers: 4
[566.426s][debug][gc,phases      ] GC(26)     Dead                           Min: 0, Avg:  0.0, Max: 0, Diff: 0, Sum: 0, Workers: 4
[566.426s][debug][gc,phases      ] GC(26)     Total                          Min: 0, Avg:  0.0, Max: 0, Diff: 0, Sum: 0, Workers: 4
[566.426s][debug][gc,phases      ] GC(26)   StringDedup Requests1 Weak     Min: 0.00, Avg: 0.00, Max: 0.00, Diff: 0.00, Sum: 0.00, Workers: 4
[566.426s][debug][gc,phases      ] GC(26)     Dead                           Min: 0, Avg:  0.0, Max: 0, Diff: 0, Sum: 0, Workers: 4
[566.426s][debug][gc,phases      ] GC(26)     Total                          Min: 0, Avg:  0.0, Max: 0, Diff: 0, Sum: 0, Workers: 4
[566.426s][debug][gc,phases      ] GC(26)   Weak JFR Old Object Samples    Min: 0.00, Avg: 0.00, Max: 0.00, Diff: 0.00, Sum: 0.00, Workers: 4
[566.426s][debug][gc,phases      ] GC(26)     Dead                           Min: 0, Avg:  0.0, Max: 0, Diff: 0, Sum: 0, Workers: 4
[566.426s][debug][gc,phases      ] GC(26)     Total                          Min: 0, Avg:  0.0, Max: 0, Diff: 0, Sum: 0, Workers: 4
[566.426s][debug][gc,phases      ] GC(26) Weak Processing 0.343ms
[566.426s][debug][gc,age         ] GC(26) Desired survivor size 260046848 bytes, new threshold 1 (max threshold 15)
[566.426s][info ][gc,heap        ] GC(26) PSYoungGen: 1524640K(1802240K)->3568K(1843200K) Eden: 1521152K(1521152K)->0K(1575936K) From: 3488K(281088K)->3568K(267264K)
[566.426s][info ][gc,heap        ] GC(26) ParOldGen: 327458K(327680K)->328523K(328704K)
[566.426s][info ][gc,metaspace   ] GC(26) Metaspace: 108525K(109760K)->108525K(109760K) NonClass: 92521K(93248K)->92521K(93248K) Class: 16004K(16512K)->16004K(16512K)
[566.426s][info ][gc             ] GC(26) Pause Young (Allocation Failure) 1808M->324M(2121M) 3.881ms
[566.426s][info ][gc,cpu         ] GC(26) User=0.02s Sys=0.00s Real=0.00s
[566.426s][info ][safepoint      ] Safepoint "ParallelCollectForAllocation", Time since last: 40644743264 ns, Reaching safepoint: 24300 ns, At safepoint: 3950984 ns, Leaving safepoint: 2500 ns, Total: 3977784 ns, Threads: 0 runnable, 27 total
[608.584s][info ][gc,start       ] GC(27) Pause Young (Allocation Failure)
[608.587s][debug][gc,phases      ] GC(27) Scavenge 3.048ms
[608.587s][debug][gc,ref         ] GC(27) ReferenceProcessor::execute queues: 1, RefProcThreadModel::Single, marks_oops_alive: false
[608.587s][debug][gc,ref         ] GC(27) Skipped KeepAliveFinalRefsPhase of Reference Processing: no references
[608.587s][debug][gc,ref         ] GC(27) Skipped PhantomRefsPhase of Reference Processing: no references
[608.587s][debug][gc,phases      ] GC(27) Reference Processing 0.093ms
[608.587s][debug][gc,phases      ] GC(27)   VM Weak                        Min: 0.00, Avg: 0.00, Max: 0.00, Diff: 0.00, Sum: 0.01, Workers: 4
[608.587s][debug][gc,phases      ] GC(27)     Dead                           Min: 0, Avg:  0.0, Max: 0, Diff: 0, Sum: 0, Workers: 4
[608.587s][debug][gc,phases      ] GC(27)     Total                          Min: 0, Avg: 228.8, Max: 448, Diff: 448, Sum: 915, Workers: 4
[608.587s][debug][gc,phases      ] GC(27)   ObjectSynchronizer Weak        Min: 0.00, Avg: 0.00, Max: 0.00, Diff: 0.00, Sum: 0.00, Workers: 4
[608.587s][debug][gc,phases      ] GC(27)     Dead                           Min: 0, Avg:  0.0, Max: 0, Diff: 0, Sum: 0, Workers: 4
[608.587s][debug][gc,phases      ] GC(27)     Total                          Min: 0, Avg:  1.5, Max: 6, Diff: 6, Sum: 6, Workers: 4
[608.587s][debug][gc,phases      ] GC(27)   JVMTI Tag Weak OopStorage      Min: 0.00, Avg: 0.00, Max: 0.00, Diff: 0.00, Sum: 0.00, Workers: 4
[608.587s][debug][gc,phases      ] GC(27)     Dead                           Min: 0, Avg:  0.0, Max: 0, Diff: 0, Sum: 0, Workers: 4
[608.587s][debug][gc,phases      ] GC(27)     Total                          Min: 0, Avg:  0.0, Max: 0, Diff: 0, Sum: 0, Workers: 4
[608.587s][debug][gc,phases      ] GC(27)   StringTable Weak               Min: 0.00, Avg: 0.10, Max: 0.13, Diff: 0.13, Sum: 0.39, Workers: 4
[608.587s][debug][gc,phases      ] GC(27)     Dead                           Min: 0, Avg:  0.0, Max: 0, Diff: 0, Sum: 0, Workers: 4
[608.587s][debug][gc,phases      ] GC(27)     Total                          Min: 0, Avg: 12463.8, Max: 21312, Diff: 21312, Sum: 49855, Workers: 4
[608.587s][debug][gc,phases      ] GC(27)   ResolvedMethodTable Weak       Min: 0.00, Avg: 0.03, Max: 0.04, Diff: 0.04, Sum: 0.13, Workers: 4
[608.587s][debug][gc,phases      ] GC(27)     Dead                           Min: 0, Avg:  5.0, Max: 10, Diff: 10, Sum: 20, Workers: 4
[608.587s][debug][gc,phases      ] GC(27)     Total                          Min: 0, Avg: 4156.0, Max: 7097, Diff: 7097, Sum: 16624, Workers: 4
[608.587s][debug][gc,phases      ] GC(27)   JNI Weak                       Min: 0.00, Avg: 0.00, Max: 0.00, Diff: 0.00, Sum: 0.00, Workers: 4
[608.587s][debug][gc,phases      ] GC(27)     Dead                           Min: 0, Avg:  0.0, Max: 0, Diff: 0, Sum: 0, Workers: 4
[608.587s][debug][gc,phases      ] GC(27)     Total                          Min: 0, Avg: 13.0, Max: 48, Diff: 48, Sum: 52, Workers: 4
[608.587s][debug][gc,phases      ] GC(27)   StringDedup Table Weak         Min: 0.00, Avg: 0.00, Max: 0.00, Diff: 0.00, Sum: 0.00, Workers: 4
[608.587s][debug][gc,phases      ] GC(27)     Dead                           Min: 0, Avg:  0.0, Max: 0, Diff: 0, Sum: 0, Workers: 4
[608.587s][debug][gc,phases      ] GC(27)     Total                          Min: 0, Avg:  0.0, Max: 0, Diff: 0, Sum: 0, Workers: 4
[608.587s][debug][gc,phases      ] GC(27)   StringDedup Requests0 Weak     Min: 0.00, Avg: 0.00, Max: 0.00, Diff: 0.00, Sum: 0.00, Workers: 4
[608.587s][debug][gc,phases      ] GC(27)     Dead                           Min: 0, Avg:  0.0, Max: 0, Diff: 0, Sum: 0, Workers: 4
[608.587s][debug][gc,phases      ] GC(27)     Total                          Min: 0, Avg:  0.0, Max: 0, Diff: 0, Sum: 0, Workers: 4
[608.587s][debug][gc,phases      ] GC(27)   StringDedup Requests1 Weak     Min: 0.00, Avg: 0.00, Max: 0.00, Diff: 0.00, Sum: 0.00, Workers: 4
[608.587s][debug][gc,phases      ] GC(27)     Dead                           Min: 0, Avg:  0.0, Max: 0, Diff: 0, Sum: 0, Workers: 4
[608.587s][debug][gc,phases      ] GC(27)     Total                          Min: 0, Avg:  0.0, Max: 0, Diff: 0, Sum: 0, Workers: 4
[608.587s][debug][gc,phases      ] GC(27)   Weak JFR Old Object Samples    Min: 0.00, Avg: 0.00, Max: 0.00, Diff: 0.00, Sum: 0.00, Workers: 4
[608.587s][debug][gc,phases      ] GC(27)     Dead                           Min: 0, Avg:  0.0, Max: 0, Diff: 0, Sum: 0, Workers: 4
[608.587s][debug][gc,phases      ] GC(27)     Total                          Min: 0, Avg:  0.0, Max: 0, Diff: 0, Sum: 0, Workers: 4
[608.587s][debug][gc,phases      ] GC(27) Weak Processing 0.366ms
[608.587s][debug][gc,age         ] GC(27) Desired survivor size 245891072 bytes, new threshold 1 (max threshold 15)
[608.587s][info ][gc,heap        ] GC(27) PSYoungGen: 1579504K(1843200K)->3760K(1829888K) Eden: 1575936K(1575936K)->0K(1575936K) From: 3568K(267264K)->3760K(253952K)
[608.587s][info ][gc,heap        ] GC(27) ParOldGen: 328523K(328704K)->329607K(329728K)
[608.587s][info ][gc,metaspace   ] GC(27) Metaspace: 108556K(109824K)->108556K(109824K) NonClass: 92552K(93312K)->92552K(93312K) Class: 16004K(16512K)->16004K(16512K)
[608.587s][info ][gc             ] GC(27) Pause Young (Allocation Failure) 1863M->325M(2109M) 3.601ms
[608.587s][info ][gc,cpu         ] GC(27) User=0.01s Sys=0.00s Real=0.00s
[608.587s][info ][safepoint      ] Safepoint "ParallelCollectForAllocation", Time since last: 42157294859 ns, Reaching safepoint: 92500 ns, At safepoint: 3657082 ns, Leaving safepoint: 7200 ns, Total: 3756782 ns, Threads: 1 runnable, 27 total
[649.524s][info ][gc,start       ] GC(28) Pause Young (Allocation Failure)
[649.527s][debug][gc,phases      ] GC(28) Scavenge 3.412ms
[649.527s][debug][gc,ref         ] GC(28) ReferenceProcessor::execute queues: 1, RefProcThreadModel::Single, marks_oops_alive: false
[649.527s][debug][gc,ref         ] GC(28) Skipped KeepAliveFinalRefsPhase of Reference Processing: no references
[649.527s][debug][gc,ref         ] GC(28) Skipped PhantomRefsPhase of Reference Processing: no references
[649.527s][debug][gc,phases      ] GC(28) Reference Processing 0.090ms
[649.528s][debug][gc,phases      ] GC(28)   VM Weak                        Min: 0.00, Avg: 0.00, Max: 0.01, Diff: 0.01, Sum: 0.01, Workers: 4
[649.528s][debug][gc,phases      ] GC(28)     Dead                           Min: 0, Avg:  0.0, Max: 0, Diff: 0, Sum: 0, Workers: 4
[649.528s][debug][gc,phases      ] GC(28)     Total                          Min: 0, Avg: 228.8, Max: 768, Diff: 768, Sum: 915, Workers: 4
[649.528s][debug][gc,phases      ] GC(28)   ObjectSynchronizer Weak        Min: 0.00, Avg: 0.00, Max: 0.00, Diff: 0.00, Sum: 0.00, Workers: 4
[649.528s][debug][gc,phases      ] GC(28)     Dead                           Min: 0, Avg:  0.0, Max: 0, Diff: 0, Sum: 0, Workers: 4
[649.528s][debug][gc,phases      ] GC(28)     Total                          Min: 0, Avg:  1.5, Max: 6, Diff: 6, Sum: 6, Workers: 4
[649.528s][debug][gc,phases      ] GC(28)   JVMTI Tag Weak OopStorage      Min: 0.00, Avg: 0.00, Max: 0.00, Diff: 0.00, Sum: 0.00, Workers: 4
[649.528s][debug][gc,phases      ] GC(28)     Dead                           Min: 0, Avg:  0.0, Max: 0, Diff: 0, Sum: 0, Workers: 4
[649.528s][debug][gc,phases      ] GC(28)     Total                          Min: 0, Avg:  0.0, Max: 0, Diff: 0, Sum: 0, Workers: 4
[649.528s][debug][gc,phases      ] GC(28)   StringTable Weak               Min: 0.11, Avg: 0.11, Max: 0.11, Diff: 0.00, Sum: 0.45, Workers: 4
[649.528s][debug][gc,phases      ] GC(28)     Dead                           Min: 0, Avg:  0.2, Max: 1, Diff: 1, Sum: 1, Workers: 4
[649.528s][debug][gc,phases      ] GC(28)     Total                          Min: 12096, Avg: 12464.8, Max: 12736, Diff: 640, Sum: 49859, Workers: 4
[649.528s][debug][gc,phases      ] GC(28)   ResolvedMethodTable Weak       Min: 0.04, Avg: 0.04, Max: 0.04, Diff: 0.00, Sum: 0.15, Workers: 4
[649.528s][debug][gc,phases      ] GC(28)     Dead                           Min: 3, Avg:  5.2, Max: 8, Diff: 5, Sum: 21, Workers: 4
[649.528s][debug][gc,phases      ] GC(28)     Total                          Min: 4086, Avg: 4157.5, Max: 4224, Diff: 138, Sum: 16630, Workers: 4
[649.528s][debug][gc,phases      ] GC(28)   JNI Weak                       Min: 0.00, Avg: 0.00, Max: 0.00, Diff: 0.00, Sum: 0.00, Workers: 4
[649.528s][debug][gc,phases      ] GC(28)     Dead                           Min: 0, Avg:  0.0, Max: 0, Diff: 0, Sum: 0, Workers: 4
[649.528s][debug][gc,phases      ] GC(28)     Total                          Min: 0, Avg: 13.0, Max: 48, Diff: 48, Sum: 52, Workers: 4
[649.528s][debug][gc,phases      ] GC(28)   StringDedup Table Weak         Min: 0.00, Avg: 0.00, Max: 0.00, Diff: 0.00, Sum: 0.00, Workers: 4
[649.528s][debug][gc,phases      ] GC(28)     Dead                           Min: 0, Avg:  0.0, Max: 0, Diff: 0, Sum: 0, Workers: 4
[649.528s][debug][gc,phases      ] GC(28)     Total                          Min: 0, Avg:  0.0, Max: 0, Diff: 0, Sum: 0, Workers: 4
[649.528s][debug][gc,phases      ] GC(28)   StringDedup Requests0 Weak     Min: 0.00, Avg: 0.00, Max: 0.00, Diff: 0.00, Sum: 0.00, Workers: 4
[649.528s][debug][gc,phases      ] GC(28)     Dead                           Min: 0, Avg:  0.0, Max: 0, Diff: 0, Sum: 0, Workers: 4
[649.528s][debug][gc,phases      ] GC(28)     Total                          Min: 0, Avg:  0.0, Max: 0, Diff: 0, Sum: 0, Workers: 4
[649.528s][debug][gc,phases      ] GC(28)   StringDedup Requests1 Weak     Min: 0.00, Avg: 0.00, Max: 0.00, Diff: 0.00, Sum: 0.00, Workers: 4
[649.528s][debug][gc,phases      ] GC(28)     Dead                           Min: 0, Avg:  0.0, Max: 0, Diff: 0, Sum: 0, Workers: 4
[649.528s][debug][gc,phases      ] GC(28)     Total                          Min: 0, Avg:  0.0, Max: 0, Diff: 0, Sum: 0, Workers: 4
[649.528s][debug][gc,phases      ] GC(28)   Weak JFR Old Object Samples    Min: 0.00, Avg: 0.00, Max: 0.00, Diff: 0.00, Sum: 0.00, Workers: 4
[649.528s][debug][gc,phases      ] GC(28)     Dead                           Min: 0, Avg:  0.0, Max: 0, Diff: 0, Sum: 0, Workers: 4
[649.528s][debug][gc,phases      ] GC(28)     Total                          Min: 0, Avg:  0.0, Max: 0, Diff: 0, Sum: 0, Workers: 4
[649.528s][debug][gc,phases      ] GC(28) Weak Processing 0.346ms
[649.528s][debug][gc,age         ] GC(28) Desired survivor size 232259584 bytes, new threshold 1 (max threshold 15)
[649.528s][info ][gc,heap        ] GC(28) PSYoungGen: 1579696K(1829888K)->3168K(1870336K) Eden: 1575936K(1575936K)->0K(1630208K) From: 3760K(253952K)->3168K(240128K)
[649.528s][info ][gc,heap        ] GC(28) ParOldGen: 329607K(329728K)->331224K(331264K)
[649.528s][info ][gc,metaspace   ] GC(28) Metaspace: 108633K(109824K)->108633K(109824K) NonClass: 92627K(93312K)->92627K(93312K) Class: 16005K(16512K)->16005K(16512K)
[649.528s][info ][gc             ] GC(28) Pause Young (Allocation Failure) 1864M->326M(2150M) 3.943ms
[649.528s][info ][gc,cpu         ] GC(28) User=0.01s Sys=0.00s Real=0.00s
[649.528s][info ][safepoint      ] Safepoint "ParallelCollectForAllocation", Time since last: 40936481463 ns, Reaching safepoint: 93299 ns, At safepoint: 4002884 ns, Leaving safepoint: 7400 ns, Total: 4103583 ns, Threads: 1 runnable, 31 total
[691.978s][info ][gc,start       ] GC(29) Pause Young (Allocation Failure)
[691.981s][debug][gc,phases      ] GC(29) Scavenge 3.173ms
[691.982s][debug][gc,ref         ] GC(29) ReferenceProcessor::execute queues: 1, RefProcThreadModel::Single, marks_oops_alive: false
[691.982s][debug][gc,ref         ] GC(29) Skipped KeepAliveFinalRefsPhase of Reference Processing: no references
[691.982s][debug][gc,ref         ] GC(29) Skipped PhantomRefsPhase of Reference Processing: no references
[691.982s][debug][gc,phases      ] GC(29) Reference Processing 0.095ms
[691.982s][debug][gc,phases      ] GC(29)   VM Weak                        Min: 0.00, Avg: 0.00, Max: 0.01, Diff: 0.01, Sum: 0.01, Workers: 4
[691.982s][debug][gc,phases      ] GC(29)     Dead                           Min: 0, Avg:  0.0, Max: 0, Diff: 0, Sum: 0, Workers: 4
[691.982s][debug][gc,phases      ] GC(29)     Total                          Min: 0, Avg: 228.8, Max: 768, Diff: 768, Sum: 915, Workers: 4
[691.982s][debug][gc,phases      ] GC(29)   ObjectSynchronizer Weak        Min: 0.00, Avg: 0.00, Max: 0.00, Diff: 0.00, Sum: 0.00, Workers: 4
[691.982s][debug][gc,phases      ] GC(29)     Dead                           Min: 0, Avg:  0.0, Max: 0, Diff: 0, Sum: 0, Workers: 4
[691.982s][debug][gc,phases      ] GC(29)     Total                          Min: 0, Avg:  1.5, Max: 6, Diff: 6, Sum: 6, Workers: 4
[691.982s][debug][gc,phases      ] GC(29)   JVMTI Tag Weak OopStorage      Min: 0.00, Avg: 0.00, Max: 0.00, Diff: 0.00, Sum: 0.00, Workers: 4
[691.982s][debug][gc,phases      ] GC(29)     Dead                           Min: 0, Avg:  0.0, Max: 0, Diff: 0, Sum: 0, Workers: 4
[691.982s][debug][gc,phases      ] GC(29)     Total                          Min: 0, Avg:  0.0, Max: 0, Diff: 0, Sum: 0, Workers: 4
[691.982s][debug][gc,phases      ] GC(29)   StringTable Weak               Min: 0.00, Avg: 0.10, Max: 0.13, Diff: 0.13, Sum: 0.38, Workers: 4
[691.982s][debug][gc,phases      ] GC(29)     Dead                           Min: 0, Avg:  0.0, Max: 0, Diff: 0, Sum: 0, Workers: 4
[691.982s][debug][gc,phases      ] GC(29)     Total                          Min: 0, Avg: 12464.8, Max: 21059, Diff: 21059, Sum: 49859, Workers: 4
[691.982s][debug][gc,phases      ] GC(29)   ResolvedMethodTable Weak       Min: 0.00, Avg: 0.03, Max: 0.04, Diff: 0.04, Sum: 0.12, Workers: 4
[691.982s][debug][gc,phases      ] GC(29)     Dead                           Min: 0, Avg:  5.0, Max: 13, Diff: 13, Sum: 20, Workers: 4
[691.982s][debug][gc,phases      ] GC(29)     Total                          Min: 0, Avg: 4157.5, Max: 7040, Diff: 7040, Sum: 16630, Workers: 4
[691.982s][debug][gc,phases      ] GC(29)   JNI Weak                       Min: 0.00, Avg: 0.00, Max: 0.00, Diff: 0.00, Sum: 0.00, Workers: 4
[691.982s][debug][gc,phases      ] GC(29)     Dead                           Min: 0, Avg:  0.0, Max: 0, Diff: 0, Sum: 0, Workers: 4
[691.982s][debug][gc,phases      ] GC(29)     Total                          Min: 0, Avg: 13.0, Max: 48, Diff: 48, Sum: 52, Workers: 4
[691.982s][debug][gc,phases      ] GC(29)   StringDedup Table Weak         Min: 0.00, Avg: 0.00, Max: 0.00, Diff: 0.00, Sum: 0.00, Workers: 4
[691.982s][debug][gc,phases      ] GC(29)     Dead                           Min: 0, Avg:  0.0, Max: 0, Diff: 0, Sum: 0, Workers: 4
[691.982s][debug][gc,phases      ] GC(29)     Total                          Min: 0, Avg:  0.0, Max: 0, Diff: 0, Sum: 0, Workers: 4
[691.982s][debug][gc,phases      ] GC(29)   StringDedup Requests0 Weak     Min: 0.00, Avg: 0.00, Max: 0.00, Diff: 0.00, Sum: 0.00, Workers: 4
[691.982s][debug][gc,phases      ] GC(29)     Dead                           Min: 0, Avg:  0.0, Max: 0, Diff: 0, Sum: 0, Workers: 4
[691.982s][debug][gc,phases      ] GC(29)     Total                          Min: 0, Avg:  0.0, Max: 0, Diff: 0, Sum: 0, Workers: 4
[691.982s][debug][gc,phases      ] GC(29)   StringDedup Requests1 Weak     Min: 0.00, Avg: 0.00, Max: 0.00, Diff: 0.00, Sum: 0.00, Workers: 4
[691.982s][debug][gc,phases      ] GC(29)     Dead                           Min: 0, Avg:  0.0, Max: 0, Diff: 0, Sum: 0, Workers: 4
[691.982s][debug][gc,phases      ] GC(29)     Total                          Min: 0, Avg:  0.0, Max: 0, Diff: 0, Sum: 0, Workers: 4
[691.982s][debug][gc,phases      ] GC(29)   Weak JFR Old Object Samples    Min: 0.00, Avg: 0.00, Max: 0.00, Diff: 0.00, Sum: 0.00, Workers: 4
[691.982s][debug][gc,phases      ] GC(29)     Dead                           Min: 0, Avg:  0.0, Max: 0, Diff: 0, Sum: 0, Workers: 4
[691.982s][debug][gc,phases      ] GC(29)     Total                          Min: 0, Avg:  0.0, Max: 0, Diff: 0, Sum: 0, Workers: 4
[691.982s][debug][gc,phases      ] GC(29) Weak Processing 0.370ms
[691.982s][debug][gc,age         ] GC(29) Desired survivor size 218628096 bytes, new threshold 1 (max threshold 15)
[691.982s][info ][gc,heap        ] GC(29) PSYoungGen: 1633376K(1870336K)->3392K(1857024K) Eden: 1630208K(1630208K)->0K(1630208K) From: 3168K(240128K)->3392K(226816K)
[691.982s][info ][gc,heap        ] GC(29) ParOldGen: 331224K(331264K)->332032K(332288K)
[691.982s][info ][gc,metaspace   ] GC(29) Metaspace: 108641K(109888K)->108641K(109888K) NonClass: 92635K(93376K)->92635K(93376K) Class: 16005K(16512K)->16005K(16512K)
[691.982s][info ][gc             ] GC(29) Pause Young (Allocation Failure) 1918M->327M(2138M) 3.739ms
[691.982s][info ][gc,cpu         ] GC(29) User=0.01s Sys=0.00s Real=0.00s
[691.982s][info ][safepoint      ] Safepoint "ParallelCollectForAllocation", Time since last: 42450474379 ns, Reaching safepoint: 28200 ns, At safepoint: 3802584 ns, Leaving safepoint: 2200 ns, Total: 3832984 ns, Threads: 0 runnable, 28 total
[736.578s][info ][gc,start       ] GC(30) Pause Young (Allocation Failure)
[736.581s][debug][gc,phases      ] GC(30) Scavenge 2.764ms
[736.581s][debug][gc,ref         ] GC(30) ReferenceProcessor::execute queues: 1, RefProcThreadModel::Single, marks_oops_alive: false
[736.581s][debug][gc,ref         ] GC(30) Skipped KeepAliveFinalRefsPhase of Reference Processing: no references
[736.581s][debug][gc,ref         ] GC(30) Skipped PhantomRefsPhase of Reference Processing: no references
[736.581s][debug][gc,phases      ] GC(30) Reference Processing 0.091ms
[736.581s][debug][gc,phases      ] GC(30)   VM Weak                        Min: 0.00, Avg: 0.00, Max: 0.01, Diff: 0.01, Sum: 0.01, Workers: 4
[736.581s][debug][gc,phases      ] GC(30)     Dead                           Min: 0, Avg:  0.0, Max: 0, Diff: 0, Sum: 0, Workers: 4
[736.581s][debug][gc,phases      ] GC(30)     Total                          Min: 0, Avg: 228.8, Max: 915, Diff: 915, Sum: 915, Workers: 4
[736.581s][debug][gc,phases      ] GC(30)   ObjectSynchronizer Weak        Min: 0.00, Avg: 0.00, Max: 0.00, Diff: 0.00, Sum: 0.00, Workers: 4
[736.581s][debug][gc,phases      ] GC(30)     Dead                           Min: 0, Avg:  0.0, Max: 0, Diff: 0, Sum: 0, Workers: 4
[736.581s][debug][gc,phases      ] GC(30)     Total                          Min: 0, Avg:  1.5, Max: 6, Diff: 6, Sum: 6, Workers: 4
[736.581s][debug][gc,phases      ] GC(30)   JVMTI Tag Weak OopStorage      Min: 0.00, Avg: 0.00, Max: 0.00, Diff: 0.00, Sum: 0.00, Workers: 4
[736.581s][debug][gc,phases      ] GC(30)     Dead                           Min: 0, Avg:  0.0, Max: 0, Diff: 0, Sum: 0, Workers: 4
[736.581s][debug][gc,phases      ] GC(30)     Total                          Min: 0, Avg:  0.0, Max: 0, Diff: 0, Sum: 0, Workers: 4
[736.581s][debug][gc,phases      ] GC(30)   StringTable Weak               Min: 0.00, Avg: 0.10, Max: 0.13, Diff: 0.13, Sum: 0.39, Workers: 4
[736.581s][debug][gc,phases      ] GC(30)     Dead                           Min: 0, Avg:  0.0, Max: 0, Diff: 0, Sum: 0, Workers: 4
[736.581s][debug][gc,phases      ] GC(30)     Total                          Min: 0, Avg: 12464.8, Max: 21504, Diff: 21504, Sum: 49859, Workers: 4
[736.581s][debug][gc,phases      ] GC(30)   ResolvedMethodTable Weak       Min: 0.00, Avg: 0.03, Max: 0.04, Diff: 0.04, Sum: 0.13, Workers: 4
[736.581s][debug][gc,phases      ] GC(30)     Dead                           Min: 0, Avg:  5.0, Max: 13, Diff: 13, Sum: 20, Workers: 4
[736.581s][debug][gc,phases      ] GC(30)     Total                          Min: 0, Avg: 4157.5, Max: 7040, Diff: 7040, Sum: 16630, Workers: 4
[736.581s][debug][gc,phases      ] GC(30)   JNI Weak                       Min: 0.00, Avg: 0.00, Max: 0.00, Diff: 0.00, Sum: 0.00, Workers: 4
[736.581s][debug][gc,phases      ] GC(30)     Dead                           Min: 0, Avg:  0.0, Max: 0, Diff: 0, Sum: 0, Workers: 4
[736.581s][debug][gc,phases      ] GC(30)     Total                          Min: 0, Avg: 13.0, Max: 48, Diff: 48, Sum: 52, Workers: 4
[736.581s][debug][gc,phases      ] GC(30)   StringDedup Table Weak         Min: 0.00, Avg: 0.00, Max: 0.00, Diff: 0.00, Sum: 0.00, Workers: 4
[736.581s][debug][gc,phases      ] GC(30)     Dead                           Min: 0, Avg:  0.0, Max: 0, Diff: 0, Sum: 0, Workers: 4
[736.581s][debug][gc,phases      ] GC(30)     Total                          Min: 0, Avg:  0.0, Max: 0, Diff: 0, Sum: 0, Workers: 4
[736.581s][debug][gc,phases      ] GC(30)   StringDedup Requests0 Weak     Min: 0.00, Avg: 0.00, Max: 0.00, Diff: 0.00, Sum: 0.00, Workers: 4
[736.581s][debug][gc,phases      ] GC(30)     Dead                           Min: 0, Avg:  0.0, Max: 0, Diff: 0, Sum: 0, Workers: 4
[736.581s][debug][gc,phases      ] GC(30)     Total                          Min: 0, Avg:  0.0, Max: 0, Diff: 0, Sum: 0, Workers: 4
[736.581s][debug][gc,phases      ] GC(30)   StringDedup Requests1 Weak     Min: 0.00, Avg: 0.00, Max: 0.00, Diff: 0.00, Sum: 0.00, Workers: 4
[736.581s][debug][gc,phases      ] GC(30)     Dead                           Min: 0, Avg:  0.0, Max: 0, Diff: 0, Sum: 0, Workers: 4
[736.581s][debug][gc,phases      ] GC(30)     Total                          Min: 0, Avg:  0.0, Max: 0, Diff: 0, Sum: 0, Workers: 4
[736.581s][debug][gc,phases      ] GC(30)   Weak JFR Old Object Samples    Min: 0.00, Avg: 0.00, Max: 0.00, Diff: 0.00, Sum: 0.00, Workers: 4
[736.581s][debug][gc,phases      ] GC(30)     Dead                           Min: 0, Avg:  0.0, Max: 0, Diff: 0, Sum: 0, Workers: 4
[736.581s][debug][gc,phases      ] GC(30)     Total                          Min: 0, Avg:  0.0, Max: 0, Diff: 0, Sum: 0, Workers: 4
[736.581s][debug][gc,phases      ] GC(30) Weak Processing 0.380ms
[736.581s][debug][gc,age         ] GC(30) Desired survivor size 206045184 bytes, new threshold 1 (max threshold 15)
[736.581s][info ][gc,heap        ] GC(30) PSYoungGen: 1633600K(1857024K)->3312K(1895936K) Eden: 1630208K(1630208K)->0K(1682432K) From: 3392K(226816K)->3312K(213504K)
[736.581s][info ][gc,heap        ] GC(30) ParOldGen: 332032K(332288K)->332920K(333312K)
[736.581s][info ][gc,metaspace   ] GC(30) Metaspace: 108658K(109888K)->108658K(109888K) NonClass: 92652K(93376K)->92652K(93376K) Class: 16005K(16512K)->16005K(16512K)
[736.581s][info ][gc             ] GC(30) Pause Young (Allocation Failure) 1919M->328M(2177M) 3.337ms
[736.581s][info ][gc,cpu         ] GC(30) User=0.01s Sys=0.01s Real=0.00s
[736.581s][info ][safepoint      ] Safepoint "ParallelCollectForAllocation", Time since last: 44595946262 ns, Reaching safepoint: 4600 ns, At safepoint: 3395686 ns, Leaving safepoint: 2300 ns, Total: 3402586 ns, Threads: 0 runnable, 27 total
[782.620s][info ][gc,start       ] GC(31) Pause Young (Allocation Failure)
[782.623s][debug][gc,phases      ] GC(31) Scavenge 2.747ms
[782.623s][debug][gc,ref         ] GC(31) ReferenceProcessor::execute queues: 1, RefProcThreadModel::Single, marks_oops_alive: false
[782.623s][debug][gc,ref         ] GC(31) Skipped KeepAliveFinalRefsPhase of Reference Processing: no references
[782.623s][debug][gc,ref         ] GC(31) Skipped PhantomRefsPhase of Reference Processing: no references
[782.623s][debug][gc,phases      ] GC(31) Reference Processing 0.091ms
[782.623s][debug][gc,phases      ] GC(31)   VM Weak                        Min: 0.00, Avg: 0.00, Max: 0.01, Diff: 0.01, Sum: 0.01, Workers: 4
[782.623s][debug][gc,phases      ] GC(31)     Dead                           Min: 0, Avg:  0.0, Max: 0, Diff: 0, Sum: 0, Workers: 4
[782.623s][debug][gc,phases      ] GC(31)     Total                          Min: 0, Avg: 228.8, Max: 896, Diff: 896, Sum: 915, Workers: 4
[782.623s][debug][gc,phases      ] GC(31)   ObjectSynchronizer Weak        Min: 0.00, Avg: 0.00, Max: 0.00, Diff: 0.00, Sum: 0.00, Workers: 4
[782.623s][debug][gc,phases      ] GC(31)     Dead                           Min: 0, Avg:  0.0, Max: 0, Diff: 0, Sum: 0, Workers: 4
[782.623s][debug][gc,phases      ] GC(31)     Total                          Min: 0, Avg:  1.2, Max: 5, Diff: 5, Sum: 5, Workers: 4
[782.623s][debug][gc,phases      ] GC(31)   JVMTI Tag Weak OopStorage      Min: 0.00, Avg: 0.00, Max: 0.00, Diff: 0.00, Sum: 0.00, Workers: 4
[782.623s][debug][gc,phases      ] GC(31)     Dead                           Min: 0, Avg:  0.0, Max: 0, Diff: 0, Sum: 0, Workers: 4
[782.623s][debug][gc,phases      ] GC(31)     Total                          Min: 0, Avg:  0.0, Max: 0, Diff: 0, Sum: 0, Workers: 4
[782.623s][debug][gc,phases      ] GC(31)   StringTable Weak               Min: 0.00, Avg: 0.10, Max: 0.13, Diff: 0.13, Sum: 0.40, Workers: 4
[782.623s][debug][gc,phases      ] GC(31)     Dead                           Min: 0, Avg:  0.0, Max: 0, Diff: 0, Sum: 0, Workers: 4
[782.623s][debug][gc,phases      ] GC(31)     Total                          Min: 0, Avg: 12465.0, Max: 20672, Diff: 20672, Sum: 49860, Workers: 4
[782.623s][debug][gc,phases      ] GC(31)   ResolvedMethodTable Weak       Min: 0.00, Avg: 0.03, Max: 0.04, Diff: 0.04, Sum: 0.13, Workers: 4
[782.623s][debug][gc,phases      ] GC(31)     Dead                           Min: 0, Avg:  5.0, Max: 11, Diff: 11, Sum: 20, Workers: 4
[782.623s][debug][gc,phases      ] GC(31)     Total                          Min: 0, Avg: 4157.5, Max: 6909, Diff: 6909, Sum: 16630, Workers: 4
[782.623s][debug][gc,phases      ] GC(31)   JNI Weak                       Min: 0.00, Avg: 0.00, Max: 0.00, Diff: 0.00, Sum: 0.00, Workers: 4
[782.623s][debug][gc,phases      ] GC(31)     Dead                           Min: 0, Avg:  0.0, Max: 0, Diff: 0, Sum: 0, Workers: 4
[782.623s][debug][gc,phases      ] GC(31)     Total                          Min: 0, Avg: 13.0, Max: 48, Diff: 48, Sum: 52, Workers: 4
[782.623s][debug][gc,phases      ] GC(31)   StringDedup Table Weak         Min: 0.00, Avg: 0.00, Max: 0.00, Diff: 0.00, Sum: 0.00, Workers: 4
[782.623s][debug][gc,phases      ] GC(31)     Dead                           Min: 0, Avg:  0.0, Max: 0, Diff: 0, Sum: 0, Workers: 4
[782.623s][debug][gc,phases      ] GC(31)     Total                          Min: 0, Avg:  0.0, Max: 0, Diff: 0, Sum: 0, Workers: 4
[782.623s][debug][gc,phases      ] GC(31)   StringDedup Requests0 Weak     Min: 0.00, Avg: 0.00, Max: 0.00, Diff: 0.00, Sum: 0.00, Workers: 4
[782.623s][debug][gc,phases      ] GC(31)     Dead                           Min: 0, Avg:  0.0, Max: 0, Diff: 0, Sum: 0, Workers: 4
[782.623s][debug][gc,phases      ] GC(31)     Total                          Min: 0, Avg:  0.0, Max: 0, Diff: 0, Sum: 0, Workers: 4
[782.623s][debug][gc,phases      ] GC(31)   StringDedup Requests1 Weak     Min: 0.00, Avg: 0.00, Max: 0.00, Diff: 0.00, Sum: 0.00, Workers: 4
[782.623s][debug][gc,phases      ] GC(31)     Dead                           Min: 0, Avg:  0.0, Max: 0, Diff: 0, Sum: 0, Workers: 4
[782.623s][debug][gc,phases      ] GC(31)     Total                          Min: 0, Avg:  0.0, Max: 0, Diff: 0, Sum: 0, Workers: 4
[782.623s][debug][gc,phases      ] GC(31)   Weak JFR Old Object Samples    Min: 0.00, Avg: 0.00, Max: 0.00, Diff: 0.00, Sum: 0.00, Workers: 4
[782.623s][debug][gc,phases      ] GC(31)     Dead                           Min: 0, Avg:  0.0, Max: 0, Diff: 0, Sum: 0, Workers: 4
[782.623s][debug][gc,phases      ] GC(31)     Total                          Min: 0, Avg:  0.0, Max: 0, Diff: 0, Sum: 0, Workers: 4
[782.623s][debug][gc,phases      ] GC(31) Weak Processing 0.357ms
[782.623s][debug][gc,age         ] GC(31) Desired survivor size 193462272 bytes, new threshold 1 (max threshold 15)
[782.623s][info ][gc,heap        ] GC(31) PSYoungGen: 1685744K(1895936K)->3184K(1883648K) Eden: 1682432K(1682432K)->0K(1682432K) From: 3312K(213504K)->3184K(201216K)
[782.623s][info ][gc,heap        ] GC(31) ParOldGen: 332920K(333312K)->333913K(334336K)
[782.623s][info ][gc,metaspace   ] GC(31) Metaspace: 108684K(109888K)->108684K(109888K) NonClass: 92678K(93376K)->92678K(93376K) Class: 16005K(16512K)->16005K(16512K)
[782.623s][info ][gc             ] GC(31) Pause Young (Allocation Failure) 1971M->329M(2166M) 3.298ms
[782.623s][info ][gc,cpu         ] GC(31) User=0.01s Sys=0.00s Real=0.01s
[782.623s][info ][safepoint      ] Safepoint "ParallelCollectForAllocation", Time since last: 46038299591 ns, Reaching safepoint: 21300 ns, At safepoint: 3357585 ns, Leaving safepoint: 7200 ns, Total: 3386085 ns, Threads: 0 runnable, 27 total
[831.124s][info ][gc,start       ] GC(32) Pause Young (Allocation Failure)
[831.126s][debug][gc,phases      ] GC(32) Scavenge 2.433ms
[831.126s][debug][gc,ref         ] GC(32) ReferenceProcessor::execute queues: 1, RefProcThreadModel::Single, marks_oops_alive: false
[831.126s][debug][gc,ref         ] GC(32) Skipped KeepAliveFinalRefsPhase of Reference Processing: no references
[831.126s][debug][gc,ref         ] GC(32) Skipped PhantomRefsPhase of Reference Processing: no references
[831.126s][debug][gc,phases      ] GC(32) Reference Processing 0.097ms
[831.127s][debug][gc,phases      ] GC(32)   VM Weak                        Min: 0.00, Avg: 0.00, Max: 0.01, Diff: 0.01, Sum: 0.01, Workers: 4
[831.127s][debug][gc,phases      ] GC(32)     Dead                           Min: 0, Avg:  0.0, Max: 0, Diff: 0, Sum: 0, Workers: 4
[831.127s][debug][gc,phases      ] GC(32)     Total                          Min: 0, Avg: 228.8, Max: 640, Diff: 640, Sum: 915, Workers: 4
[831.127s][debug][gc,phases      ] GC(32)   ObjectSynchronizer Weak        Min: 0.00, Avg: 0.00, Max: 0.00, Diff: 0.00, Sum: 0.00, Workers: 4
[831.127s][debug][gc,phases      ] GC(32)     Dead                           Min: 0, Avg:  0.0, Max: 0, Diff: 0, Sum: 0, Workers: 4
[831.127s][debug][gc,phases      ] GC(32)     Total                          Min: 0, Avg:  1.5, Max: 6, Diff: 6, Sum: 6, Workers: 4
[831.127s][debug][gc,phases      ] GC(32)   JVMTI Tag Weak OopStorage      Min: 0.00, Avg: 0.00, Max: 0.00, Diff: 0.00, Sum: 0.00, Workers: 4
[831.127s][debug][gc,phases      ] GC(32)     Dead                           Min: 0, Avg:  0.0, Max: 0, Diff: 0, Sum: 0, Workers: 4
[831.127s][debug][gc,phases      ] GC(32)     Total                          Min: 0, Avg:  0.0, Max: 0, Diff: 0, Sum: 0, Workers: 4
[831.127s][debug][gc,phases      ] GC(32)   StringTable Weak               Min: 0.00, Avg: 0.10, Max: 0.13, Diff: 0.13, Sum: 0.39, Workers: 4
[831.127s][debug][gc,phases      ] GC(32)     Dead                           Min: 0, Avg:  0.0, Max: 0, Diff: 0, Sum: 0, Workers: 4
[831.127s][debug][gc,phases      ] GC(32)     Total                          Min: 0, Avg: 12465.5, Max: 21184, Diff: 21184, Sum: 49862, Workers: 4
[831.127s][debug][gc,phases      ] GC(32)   ResolvedMethodTable Weak       Min: 0.00, Avg: 0.03, Max: 0.04, Diff: 0.04, Sum: 0.13, Workers: 4
[831.127s][debug][gc,phases      ] GC(32)     Dead                           Min: 0, Avg:  5.0, Max: 10, Diff: 10, Sum: 20, Workers: 4
[831.127s][debug][gc,phases      ] GC(32)     Total                          Min: 0, Avg: 4157.5, Max: 7037, Diff: 7037, Sum: 16630, Workers: 4
[831.127s][debug][gc,phases      ] GC(32)   JNI Weak                       Min: 0.00, Avg: 0.00, Max: 0.00, Diff: 0.00, Sum: 0.00, Workers: 4
[831.127s][debug][gc,phases      ] GC(32)     Dead                           Min: 0, Avg:  0.0, Max: 0, Diff: 0, Sum: 0, Workers: 4
[831.127s][debug][gc,phases      ] GC(32)     Total                          Min: 0, Avg: 13.0, Max: 48, Diff: 48, Sum: 52, Workers: 4
[831.127s][debug][gc,phases      ] GC(32)   StringDedup Table Weak         Min: 0.00, Avg: 0.00, Max: 0.00, Diff: 0.00, Sum: 0.00, Workers: 4
[831.127s][debug][gc,phases      ] GC(32)     Dead                           Min: 0, Avg:  0.0, Max: 0, Diff: 0, Sum: 0, Workers: 4
[831.127s][debug][gc,phases      ] GC(32)     Total                          Min: 0, Avg:  0.0, Max: 0, Diff: 0, Sum: 0, Workers: 4
[831.127s][debug][gc,phases      ] GC(32)   StringDedup Requests0 Weak     Min: 0.00, Avg: 0.00, Max: 0.00, Diff: 0.00, Sum: 0.00, Workers: 4
[831.127s][debug][gc,phases      ] GC(32)     Dead                           Min: 0, Avg:  0.0, Max: 0, Diff: 0, Sum: 0, Workers: 4
[831.127s][debug][gc,phases      ] GC(32)     Total                          Min: 0, Avg:  0.0, Max: 0, Diff: 0, Sum: 0, Workers: 4
[831.127s][debug][gc,phases      ] GC(32)   StringDedup Requests1 Weak     Min: 0.00, Avg: 0.00, Max: 0.00, Diff: 0.00, Sum: 0.00, Workers: 4
[831.127s][debug][gc,phases      ] GC(32)     Dead                           Min: 0, Avg:  0.0, Max: 0, Diff: 0, Sum: 0, Workers: 4
[831.127s][debug][gc,phases      ] GC(32)     Total                          Min: 0, Avg:  0.0, Max: 0, Diff: 0, Sum: 0, Workers: 4
[831.127s][debug][gc,phases      ] GC(32)   Weak JFR Old Object Samples    Min: 0.00, Avg: 0.00, Max: 0.00, Diff: 0.00, Sum: 0.00, Workers: 4
[831.127s][debug][gc,phases      ] GC(32)     Dead                           Min: 0, Avg:  0.0, Max: 0, Diff: 0, Sum: 0, Workers: 4
[831.127s][debug][gc,phases      ] GC(32)     Total                          Min: 0, Avg:  0.0, Max: 0, Diff: 0, Sum: 0, Workers: 4
[831.127s][debug][gc,phases      ] GC(32) Weak Processing 0.371ms
[831.127s][debug][gc,age         ] GC(32) Desired survivor size 181403648 bytes, new threshold 1 (max threshold 15)
[831.127s][info ][gc,heap        ] GC(32) PSYoungGen: 1685616K(1883648K)->2288K(1920000K) Eden: 1682432K(1682432K)->0K(1731072K) From: 3184K(201216K)->2288K(188928K)
[831.127s][info ][gc,heap        ] GC(32) ParOldGen: 333913K(334336K)->334781K(334848K)
[831.127s][info ][gc,metaspace   ] GC(32) Metaspace: 108698K(109888K)->108698K(109888K) NonClass: 92691K(93376K)->92691K(93376K) Class: 16006K(16512K)->16006K(16512K)
[831.127s][info ][gc             ] GC(32) Pause Young (Allocation Failure) 1972M->329M(2202M) 3.009ms
[831.127s][info ][gc,cpu         ] GC(32) User=0.01s Sys=0.00s Real=0.00s
[831.127s][info ][safepoint      ] Safepoint "ParallelCollectForAllocation", Time since last: 48500661219 ns, Reaching safepoint: 5500 ns, At safepoint: 3068588 ns, Leaving safepoint: 2000 ns, Total: 3076088 ns, Threads: 0 runnable, 27 total
[879.426s][info ][gc,start       ] GC(33) Pause Young (Allocation Failure)
[879.429s][debug][gc,phases      ] GC(33) Scavenge 3.110ms
[879.429s][debug][gc,ref         ] GC(33) ReferenceProcessor::execute queues: 1, RefProcThreadModel::Single, marks_oops_alive: false
[879.429s][debug][gc,ref         ] GC(33) Skipped KeepAliveFinalRefsPhase of Reference Processing: no references
[879.429s][debug][gc,ref         ] GC(33) Skipped PhantomRefsPhase of Reference Processing: no references
[879.429s][debug][gc,phases      ] GC(33) Reference Processing 0.123ms
[879.429s][debug][gc,phases      ] GC(33)   VM Weak                        Min: 0.00, Avg: 0.00, Max: 0.01, Diff: 0.01, Sum: 0.01, Workers: 4
[879.429s][debug][gc,phases      ] GC(33)     Dead                           Min: 0, Avg:  0.0, Max: 0, Diff: 0, Sum: 0, Workers: 4
[879.429s][debug][gc,phases      ] GC(33)     Total                          Min: 0, Avg: 228.8, Max: 531, Diff: 531, Sum: 915, Workers: 4
[879.429s][debug][gc,phases      ] GC(33)   ObjectSynchronizer Weak        Min: 0.00, Avg: 0.00, Max: 0.00, Diff: 0.00, Sum: 0.00, Workers: 4
[879.429s][debug][gc,phases      ] GC(33)     Dead                           Min: 0, Avg:  0.0, Max: 0, Diff: 0, Sum: 0, Workers: 4
[879.429s][debug][gc,phases      ] GC(33)     Total                          Min: 0, Avg:  1.5, Max: 6, Diff: 6, Sum: 6, Workers: 4
[879.429s][debug][gc,phases      ] GC(33)   JVMTI Tag Weak OopStorage      Min: 0.00, Avg: 0.00, Max: 0.00, Diff: 0.00, Sum: 0.00, Workers: 4
[879.429s][debug][gc,phases      ] GC(33)     Dead                           Min: 0, Avg:  0.0, Max: 0, Diff: 0, Sum: 0, Workers: 4
[879.430s][debug][gc,phases      ] GC(33)     Total                          Min: 0, Avg:  0.0, Max: 0, Diff: 0, Sum: 0, Workers: 4
[879.430s][debug][gc,phases      ] GC(33)   StringTable Weak               Min: 0.00, Avg: 0.10, Max: 0.13, Diff: 0.13, Sum: 0.39, Workers: 4
[879.430s][debug][gc,phases      ] GC(33)     Dead                           Min: 0, Avg:  0.0, Max: 0, Diff: 0, Sum: 0, Workers: 4
[879.430s][debug][gc,phases      ] GC(33)     Total                          Min: 0, Avg: 12471.0, Max: 21056, Diff: 21056, Sum: 49884, Workers: 4
[879.430s][debug][gc,phases      ] GC(33)   ResolvedMethodTable Weak       Min: 0.00, Avg: 0.03, Max: 0.04, Diff: 0.04, Sum: 0.13, Workers: 4
[879.430s][debug][gc,phases      ] GC(33)     Dead                           Min: 0, Avg:  5.0, Max: 10, Diff: 10, Sum: 20, Workers: 4
[879.430s][debug][gc,phases      ] GC(33)     Total                          Min: 0, Avg: 4157.5, Max: 6973, Diff: 6973, Sum: 16630, Workers: 4
[879.430s][debug][gc,phases      ] GC(33)   JNI Weak                       Min: 0.00, Avg: 0.00, Max: 0.00, Diff: 0.00, Sum: 0.00, Workers: 4
[879.430s][debug][gc,phases      ] GC(33)     Dead                           Min: 0, Avg:  0.0, Max: 0, Diff: 0, Sum: 0, Workers: 4
[879.430s][debug][gc,phases      ] GC(33)     Total                          Min: 0, Avg: 13.0, Max: 48, Diff: 48, Sum: 52, Workers: 4
[879.430s][debug][gc,phases      ] GC(33)   StringDedup Table Weak         Min: 0.00, Avg: 0.00, Max: 0.00, Diff: 0.00, Sum: 0.00, Workers: 4
[879.430s][debug][gc,phases      ] GC(33)     Dead                           Min: 0, Avg:  0.0, Max: 0, Diff: 0, Sum: 0, Workers: 4
[879.430s][debug][gc,phases      ] GC(33)     Total                          Min: 0, Avg:  0.0, Max: 0, Diff: 0, Sum: 0, Workers: 4
[879.430s][debug][gc,phases      ] GC(33)   StringDedup Requests0 Weak     Min: 0.00, Avg: 0.00, Max: 0.00, Diff: 0.00, Sum: 0.00, Workers: 4
[879.430s][debug][gc,phases      ] GC(33)     Dead                           Min: 0, Avg:  0.0, Max: 0, Diff: 0, Sum: 0, Workers: 4
[879.430s][debug][gc,phases      ] GC(33)     Total                          Min: 0, Avg:  0.0, Max: 0, Diff: 0, Sum: 0, Workers: 4
[879.430s][debug][gc,phases      ] GC(33)   StringDedup Requests1 Weak     Min: 0.00, Avg: 0.00, Max: 0.00, Diff: 0.00, Sum: 0.00, Workers: 4
[879.430s][debug][gc,phases      ] GC(33)     Dead                           Min: 0, Avg:  0.0, Max: 0, Diff: 0, Sum: 0, Workers: 4
[879.430s][debug][gc,phases      ] GC(33)     Total                          Min: 0, Avg:  0.0, Max: 0, Diff: 0, Sum: 0, Workers: 4
[879.430s][debug][gc,phases      ] GC(33)   Weak JFR Old Object Samples    Min: 0.00, Avg: 0.00, Max: 0.00, Diff: 0.00, Sum: 0.00, Workers: 4
[879.430s][debug][gc,phases      ] GC(33)     Dead                           Min: 0, Avg:  0.0, Max: 0, Diff: 0, Sum: 0, Workers: 4
[879.430s][debug][gc,phases      ] GC(33)     Total                          Min: 0, Avg:  0.0, Max: 0, Diff: 0, Sum: 0, Workers: 4
[879.430s][debug][gc,phases      ] GC(33) Weak Processing 0.360ms
[879.430s][debug][gc,age         ] GC(33) Desired survivor size 169869312 bytes, new threshold 1 (max threshold 15)
[879.430s][info ][gc,heap        ] GC(33) PSYoungGen: 1733360K(1920000K)->3408K(1908224K) Eden: 1731072K(1731072K)->0K(1731072K) From: 2288K(188928K)->3408K(177152K)
[879.430s][info ][gc,heap        ] GC(33) ParOldGen: 334781K(334848K)->335345K(335360K)
[879.430s][info ][gc,metaspace   ] GC(33) Metaspace: 108701K(109888K)->108701K(109888K) NonClass: 92695K(93376K)->92695K(93376K) Class: 16006K(16512K)->16006K(16512K)
[879.430s][info ][gc             ] GC(33) Pause Young (Allocation Failure) 2019M->330M(2191M) 3.696ms
[879.430s][info ][gc,cpu         ] GC(33) User=0.01s Sys=0.00s Real=0.00s
[879.430s][info ][safepoint      ] Safepoint "ParallelCollectForAllocation", Time since last: 48299039200 ns, Reaching safepoint: 28200 ns, At safepoint: 3755285 ns, Leaving safepoint: 3600 ns, Total: 3787085 ns, Threads: 0 runnable, 28 total
[925.650s][info ][gc,start       ] GC(34) Pause Young (Allocation Failure)
[925.653s][debug][gc,phases      ] GC(34) Scavenge 3.148ms
[925.653s][debug][gc,ref         ] GC(34) ReferenceProcessor::execute queues: 1, RefProcThreadModel::Single, marks_oops_alive: false
[925.653s][debug][gc,ref         ] GC(34) Skipped KeepAliveFinalRefsPhase of Reference Processing: no references
[925.653s][debug][gc,ref         ] GC(34) Skipped PhantomRefsPhase of Reference Processing: no references
[925.653s][debug][gc,phases      ] GC(34) Reference Processing 0.094ms
[925.653s][debug][gc,phases      ] GC(34)   VM Weak                        Min: 0.00, Avg: 0.00, Max: 0.01, Diff: 0.01, Sum: 0.01, Workers: 4
[925.653s][debug][gc,phases      ] GC(34)     Dead                           Min: 0, Avg:  0.0, Max: 0, Diff: 0, Sum: 0, Workers: 4
[925.653s][debug][gc,phases      ] GC(34)     Total                          Min: 0, Avg: 228.8, Max: 787, Diff: 787, Sum: 915, Workers: 4
[925.653s][debug][gc,phases      ] GC(34)   ObjectSynchronizer Weak        Min: 0.00, Avg: 0.00, Max: 0.00, Diff: 0.00, Sum: 0.00, Workers: 4
[925.653s][debug][gc,phases      ] GC(34)     Dead                           Min: 0, Avg:  0.0, Max: 0, Diff: 0, Sum: 0, Workers: 4
[925.653s][debug][gc,phases      ] GC(34)     Total                          Min: 0, Avg:  1.5, Max: 6, Diff: 6, Sum: 6, Workers: 4
[925.653s][debug][gc,phases      ] GC(34)   JVMTI Tag Weak OopStorage      Min: 0.00, Avg: 0.00, Max: 0.00, Diff: 0.00, Sum: 0.00, Workers: 4
[925.653s][debug][gc,phases      ] GC(34)     Dead                           Min: 0, Avg:  0.0, Max: 0, Diff: 0, Sum: 0, Workers: 4
[925.653s][debug][gc,phases      ] GC(34)     Total                          Min: 0, Avg:  0.0, Max: 0, Diff: 0, Sum: 0, Workers: 4
[925.653s][debug][gc,phases      ] GC(34)   StringTable Weak               Min: 0.00, Avg: 0.10, Max: 0.13, Diff: 0.13, Sum: 0.39, Workers: 4
[925.653s][debug][gc,phases      ] GC(34)     Dead                           Min: 0, Avg:  0.0, Max: 0, Diff: 0, Sum: 0, Workers: 4
[925.653s][debug][gc,phases      ] GC(34)     Total                          Min: 0, Avg: 12474.0, Max: 20776, Diff: 20776, Sum: 49896, Workers: 4
[925.653s][debug][gc,phases      ] GC(34)   ResolvedMethodTable Weak       Min: 0.00, Avg: 0.03, Max: 0.04, Diff: 0.04, Sum: 0.13, Workers: 4
[925.653s][debug][gc,phases      ] GC(34)     Dead                           Min: 0, Avg:  5.0, Max: 18, Diff: 18, Sum: 20, Workers: 4
[925.653s][debug][gc,phases      ] GC(34)     Total                          Min: 0, Avg: 4157.5, Max: 7038, Diff: 7038, Sum: 16630, Workers: 4
[925.653s][debug][gc,phases      ] GC(34)   JNI Weak                       Min: 0.00, Avg: 0.00, Max: 0.00, Diff: 0.00, Sum: 0.00, Workers: 4
[925.653s][debug][gc,phases      ] GC(34)     Dead                           Min: 0, Avg:  0.0, Max: 0, Diff: 0, Sum: 0, Workers: 4
[925.653s][debug][gc,phases      ] GC(34)     Total                          Min: 0, Avg: 13.0, Max: 48, Diff: 48, Sum: 52, Workers: 4
[925.653s][debug][gc,phases      ] GC(34)   StringDedup Table Weak         Min: 0.00, Avg: 0.00, Max: 0.00, Diff: 0.00, Sum: 0.00, Workers: 4
[925.653s][debug][gc,phases      ] GC(34)     Dead                           Min: 0, Avg:  0.0, Max: 0, Diff: 0, Sum: 0, Workers: 4
[925.653s][debug][gc,phases      ] GC(34)     Total                          Min: 0, Avg:  0.0, Max: 0, Diff: 0, Sum: 0, Workers: 4
[925.653s][debug][gc,phases      ] GC(34)   StringDedup Requests0 Weak     Min: 0.00, Avg: 0.00, Max: 0.00, Diff: 0.00, Sum: 0.00, Workers: 4
[925.653s][debug][gc,phases      ] GC(34)     Dead                           Min: 0, Avg:  0.0, Max: 0, Diff: 0, Sum: 0, Workers: 4
[925.653s][debug][gc,phases      ] GC(34)     Total                          Min: 0, Avg:  0.0, Max: 0, Diff: 0, Sum: 0, Workers: 4
[925.653s][debug][gc,phases      ] GC(34)   StringDedup Requests1 Weak     Min: 0.00, Avg: 0.00, Max: 0.00, Diff: 0.00, Sum: 0.00, Workers: 4
[925.653s][debug][gc,phases      ] GC(34)     Dead                           Min: 0, Avg:  0.0, Max: 0, Diff: 0, Sum: 0, Workers: 4
[925.653s][debug][gc,phases      ] GC(34)     Total                          Min: 0, Avg:  0.0, Max: 0, Diff: 0, Sum: 0, Workers: 4
[925.653s][debug][gc,phases      ] GC(34)   Weak JFR Old Object Samples    Min: 0.00, Avg: 0.00, Max: 0.00, Diff: 0.00, Sum: 0.00, Workers: 4
[925.653s][debug][gc,phases      ] GC(34)     Dead                           Min: 0, Avg:  0.0, Max: 0, Diff: 0, Sum: 0, Workers: 4
[925.653s][debug][gc,phases      ] GC(34)     Total                          Min: 0, Avg:  0.0, Max: 0, Diff: 0, Sum: 0, Workers: 4
[925.653s][debug][gc,phases      ] GC(34) Weak Processing 0.396ms
[925.653s][debug][gc,age         ] GC(34) Desired survivor size 158859264 bytes, new threshold 1 (max threshold 15)
[925.653s][info ][gc,heap        ] GC(34) PSYoungGen: 1734480K(1908224K)->3280K(1942016K) Eden: 1731072K(1731072K)->0K(1776128K) From: 3408K(177152K)->3280K(165888K)
[925.653s][info ][gc,heap        ] GC(34) ParOldGen: 335345K(335360K)->336098K(336384K)
[925.653s][info ][gc,metaspace   ] GC(34) Metaspace: 108704K(109888K)->108704K(109888K) NonClass: 92697K(93376K)->92697K(93376K) Class: 16006K(16512K)->16006K(16512K)
[925.653s][info ][gc             ] GC(34) Pause Young (Allocation Failure) 2021M->331M(2225M) 3.738ms
[925.653s][info ][gc,cpu         ] GC(34) User=0.01s Sys=0.00s Real=0.01s
[925.653s][info ][safepoint      ] Safepoint "ParallelCollectForAllocation", Time since last: 46219949812 ns, Reaching safepoint: 5200 ns, At safepoint: 3796085 ns, Leaving safepoint: 5800 ns, Total: 3807085 ns, Threads: 0 runnable, 31 total
[974.322s][info ][gc,start       ] GC(35) Pause Young (Allocation Failure)
[974.325s][debug][gc,phases      ] GC(35) Scavenge 2.803ms
[974.325s][debug][gc,ref         ] GC(35) ReferenceProcessor::execute queues: 1, RefProcThreadModel::Single, marks_oops_alive: false
[974.325s][debug][gc,ref         ] GC(35) Skipped KeepAliveFinalRefsPhase of Reference Processing: no references
[974.325s][debug][gc,ref         ] GC(35) Skipped PhantomRefsPhase of Reference Processing: no references
[974.325s][debug][gc,phases      ] GC(35) Reference Processing 0.088ms
[974.325s][debug][gc,phases      ] GC(35)   VM Weak                        Min: 0.00, Avg: 0.00, Max: 0.01, Diff: 0.01, Sum: 0.01, Workers: 4
[974.325s][debug][gc,phases      ] GC(35)     Dead                           Min: 0, Avg:  0.0, Max: 0, Diff: 0, Sum: 0, Workers: 4
[974.325s][debug][gc,phases      ] GC(35)     Total                          Min: 0, Avg: 228.8, Max: 640, Diff: 640, Sum: 915, Workers: 4
[974.325s][debug][gc,phases      ] GC(35)   ObjectSynchronizer Weak        Min: 0.00, Avg: 0.00, Max: 0.00, Diff: 0.00, Sum: 0.00, Workers: 4
[974.325s][debug][gc,phases      ] GC(35)     Dead                           Min: 0, Avg:  0.0, Max: 0, Diff: 0, Sum: 0, Workers: 4
[974.325s][debug][gc,phases      ] GC(35)     Total                          Min: 0, Avg:  1.2, Max: 5, Diff: 5, Sum: 5, Workers: 4
[974.325s][debug][gc,phases      ] GC(35)   JVMTI Tag Weak OopStorage      Min: 0.00, Avg: 0.00, Max: 0.00, Diff: 0.00, Sum: 0.00, Workers: 4
[974.325s][debug][gc,phases      ] GC(35)     Dead                           Min: 0, Avg:  0.0, Max: 0, Diff: 0, Sum: 0, Workers: 4
[974.325s][debug][gc,phases      ] GC(35)     Total                          Min: 0, Avg:  0.0, Max: 0, Diff: 0, Sum: 0, Workers: 4
[974.325s][debug][gc,phases      ] GC(35)   StringTable Weak               Min: 0.00, Avg: 0.10, Max: 0.14, Diff: 0.14, Sum: 0.40, Workers: 4
[974.325s][debug][gc,phases      ] GC(35)     Dead                           Min: 0, Avg:  0.0, Max: 0, Diff: 0, Sum: 0, Workers: 4
[974.325s][debug][gc,phases      ] GC(35)     Total                          Min: 0, Avg: 12474.0, Max: 20544, Diff: 20544, Sum: 49896, Workers: 4
[974.325s][debug][gc,phases      ] GC(35)   ResolvedMethodTable Weak       Min: 0.00, Avg: 0.04, Max: 0.05, Diff: 0.05, Sum: 0.15, Workers: 4
[974.325s][debug][gc,phases      ] GC(35)     Dead                           Min: 0, Avg:  5.0, Max: 20, Diff: 20, Sum: 20, Workers: 4
[974.325s][debug][gc,phases      ] GC(35)     Total                          Min: 0, Avg: 4157.5, Max: 6016, Diff: 6016, Sum: 16630, Workers: 4
[974.325s][debug][gc,phases      ] GC(35)   JNI Weak                       Min: 0.00, Avg: 0.00, Max: 0.00, Diff: 0.00, Sum: 0.00, Workers: 4
[974.325s][debug][gc,phases      ] GC(35)     Dead                           Min: 0, Avg:  0.0, Max: 0, Diff: 0, Sum: 0, Workers: 4
[974.325s][debug][gc,phases      ] GC(35)     Total                          Min: 0, Avg: 13.0, Max: 48, Diff: 48, Sum: 52, Workers: 4
[974.325s][debug][gc,phases      ] GC(35)   StringDedup Table Weak         Min: 0.00, Avg: 0.00, Max: 0.00, Diff: 0.00, Sum: 0.00, Workers: 4
[974.325s][debug][gc,phases      ] GC(35)     Dead                           Min: 0, Avg:  0.0, Max: 0, Diff: 0, Sum: 0, Workers: 4
[974.325s][debug][gc,phases      ] GC(35)     Total                          Min: 0, Avg:  0.0, Max: 0, Diff: 0, Sum: 0, Workers: 4
[974.325s][debug][gc,phases      ] GC(35)   StringDedup Requests0 Weak     Min: 0.00, Avg: 0.00, Max: 0.00, Diff: 0.00, Sum: 0.00, Workers: 4
[974.325s][debug][gc,phases      ] GC(35)     Dead                           Min: 0, Avg:  0.0, Max: 0, Diff: 0, Sum: 0, Workers: 4
[974.325s][debug][gc,phases      ] GC(35)     Total                          Min: 0, Avg:  0.0, Max: 0, Diff: 0, Sum: 0, Workers: 4
[974.325s][debug][gc,phases      ] GC(35)   StringDedup Requests1 Weak     Min: 0.00, Avg: 0.00, Max: 0.00, Diff: 0.00, Sum: 0.00, Workers: 4
[974.325s][debug][gc,phases      ] GC(35)     Dead                           Min: 0, Avg:  0.0, Max: 0, Diff: 0, Sum: 0, Workers: 4
[974.325s][debug][gc,phases      ] GC(35)     Total                          Min: 0, Avg:  0.0, Max: 0, Diff: 0, Sum: 0, Workers: 4
[974.325s][debug][gc,phases      ] GC(35)   Weak JFR Old Object Samples    Min: 0.00, Avg: 0.00, Max: 0.00, Diff: 0.00, Sum: 0.00, Workers: 4
[974.325s][debug][gc,phases      ] GC(35)     Dead                           Min: 0, Avg:  0.0, Max: 0, Diff: 0, Sum: 0, Workers: 4
[974.325s][debug][gc,phases      ] GC(35)     Total                          Min: 0, Avg:  0.0, Max: 0, Diff: 0, Sum: 0, Workers: 4
[974.325s][debug][gc,phases      ] GC(35) Weak Processing 0.375ms
[974.325s][debug][gc,age         ] GC(35) Desired survivor size 148373504 bytes, new threshold 1 (max threshold 15)
[974.325s][info ][gc,heap        ] GC(35) PSYoungGen: 1779408K(1942016K)->2592K(1931264K) Eden: 1776128K(1776128K)->0K(1776128K) From: 3280K(165888K)->2592K(155136K)
[974.325s][info ][gc,heap        ] GC(35) ParOldGen: 336098K(336384K)->337206K(337408K)
[974.325s][info ][gc,metaspace   ] GC(35) Metaspace: 108711K(109888K)->108711K(109888K) NonClass: 92704K(93376K)->92704K(93376K) Class: 16006K(16512K)->16006K(16512K)
[974.325s][info ][gc             ] GC(35) Pause Young (Allocation Failure) 2065M->331M(2215M) 3.365ms
[974.325s][info ][gc,cpu         ] GC(35) User=0.01s Sys=0.00s Real=0.01s
[974.325s][info ][safepoint      ] Safepoint "ParallelCollectForAllocation", Time since last: 48668203749 ns, Reaching safepoint: 23300 ns, At safepoint: 3426586 ns, Leaving safepoint: 2700 ns, Total: 3452586 ns, Threads: 0 runnable, 31 total
[1023.825s][info ][gc,start       ] GC(36) Pause Young (Allocation Failure)
[1023.827s][debug][gc,phases      ] GC(36) Scavenge 2.655ms
[1023.827s][debug][gc,ref         ] GC(36) ReferenceProcessor::execute queues: 1, RefProcThreadModel::Single, marks_oops_alive: false
[1023.827s][debug][gc,ref         ] GC(36) Skipped KeepAliveFinalRefsPhase of Reference Processing: no references
[1023.827s][debug][gc,ref         ] GC(36) Skipped PhantomRefsPhase of Reference Processing: no references
[1023.827s][debug][gc,phases      ] GC(36) Reference Processing 0.102ms
[1023.828s][debug][gc,phases      ] GC(36)   VM Weak                        Min: 0.00, Avg: 0.00, Max: 0.01, Diff: 0.01, Sum: 0.01, Workers: 4
[1023.828s][debug][gc,phases      ] GC(36)     Dead                           Min: 0, Avg:  0.0, Max: 0, Diff: 0, Sum: 0, Workers: 4
[1023.828s][debug][gc,phases      ] GC(36)     Total                          Min: 0, Avg: 228.8, Max: 915, Diff: 915, Sum: 915, Workers: 4
[1023.828s][debug][gc,phases      ] GC(36)   ObjectSynchronizer Weak        Min: 0.00, Avg: 0.00, Max: 0.00, Diff: 0.00, Sum: 0.00, Workers: 4
[1023.828s][debug][gc,phases      ] GC(36)     Dead                           Min: 0, Avg:  0.0, Max: 0, Diff: 0, Sum: 0, Workers: 4
[1023.828s][debug][gc,phases      ] GC(36)     Total                          Min: 0, Avg:  1.5, Max: 6, Diff: 6, Sum: 6, Workers: 4
[1023.828s][debug][gc,phases      ] GC(36)   JVMTI Tag Weak OopStorage      Min: 0.00, Avg: 0.00, Max: 0.00, Diff: 0.00, Sum: 0.00, Workers: 4
[1023.828s][debug][gc,phases      ] GC(36)     Dead                           Min: 0, Avg:  0.0, Max: 0, Diff: 0, Sum: 0, Workers: 4
[1023.828s][debug][gc,phases      ] GC(36)     Total                          Min: 0, Avg:  0.0, Max: 0, Diff: 0, Sum: 0, Workers: 4
[1023.828s][debug][gc,phases      ] GC(36)   StringTable Weak               Min: 0.00, Avg: 0.10, Max: 0.13, Diff: 0.13, Sum: 0.39, Workers: 4
[1023.828s][debug][gc,phases      ] GC(36)     Dead                           Min: 0, Avg:  0.0, Max: 0, Diff: 0, Sum: 0, Workers: 4
[1023.828s][debug][gc,phases      ] GC(36)     Total                          Min: 0, Avg: 12475.2, Max: 21037, Diff: 21037, Sum: 49901, Workers: 4
[1023.828s][debug][gc,phases      ] GC(36)   ResolvedMethodTable Weak       Min: 0.00, Avg: 0.03, Max: 0.04, Diff: 0.04, Sum: 0.13, Workers: 4
[1023.828s][debug][gc,phases      ] GC(36)     Dead                           Min: 0, Avg:  5.0, Max: 20, Diff: 20, Sum: 20, Workers: 4
[1023.828s][debug][gc,phases      ] GC(36)     Total                          Min: 0, Avg: 4157.5, Max: 6973, Diff: 6973, Sum: 16630, Workers: 4
[1023.828s][debug][gc,phases      ] GC(36)   JNI Weak                       Min: 0.00, Avg: 0.00, Max: 0.00, Diff: 0.00, Sum: 0.00, Workers: 4
[1023.828s][debug][gc,phases      ] GC(36)     Dead                           Min: 0, Avg:  0.0, Max: 0, Diff: 0, Sum: 0, Workers: 4
[1023.828s][debug][gc,phases      ] GC(36)     Total                          Min: 0, Avg: 13.0, Max: 48, Diff: 48, Sum: 52, Workers: 4
[1023.828s][debug][gc,phases      ] GC(36)   StringDedup Table Weak         Min: 0.00, Avg: 0.00, Max: 0.00, Diff: 0.00, Sum: 0.00, Workers: 4
[1023.828s][debug][gc,phases      ] GC(36)     Dead                           Min: 0, Avg:  0.0, Max: 0, Diff: 0, Sum: 0, Workers: 4
[1023.828s][debug][gc,phases      ] GC(36)     Total                          Min: 0, Avg:  0.0, Max: 0, Diff: 0, Sum: 0, Workers: 4
[1023.828s][debug][gc,phases      ] GC(36)   StringDedup Requests0 Weak     Min: 0.00, Avg: 0.00, Max: 0.00, Diff: 0.00, Sum: 0.00, Workers: 4
[1023.828s][debug][gc,phases      ] GC(36)     Dead                           Min: 0, Avg:  0.0, Max: 0, Diff: 0, Sum: 0, Workers: 4
[1023.828s][debug][gc,phases      ] GC(36)     Total                          Min: 0, Avg:  0.0, Max: 0, Diff: 0, Sum: 0, Workers: 4
[1023.828s][debug][gc,phases      ] GC(36)   StringDedup Requests1 Weak     Min: 0.00, Avg: 0.00, Max: 0.00, Diff: 0.00, Sum: 0.00, Workers: 4
[1023.828s][debug][gc,phases      ] GC(36)     Dead                           Min: 0, Avg:  0.0, Max: 0, Diff: 0, Sum: 0, Workers: 4
[1023.828s][debug][gc,phases      ] GC(36)     Total                          Min: 0, Avg:  0.0, Max: 0, Diff: 0, Sum: 0, Workers: 4
[1023.828s][debug][gc,phases      ] GC(36)   Weak JFR Old Object Samples    Min: 0.00, Avg: 0.00, Max: 0.00, Diff: 0.00, Sum: 0.00, Workers: 4
[1023.828s][debug][gc,phases      ] GC(36)     Dead                           Min: 0, Avg:  0.0, Max: 0, Diff: 0, Sum: 0, Workers: 4
[1023.828s][debug][gc,phases      ] GC(36)     Total                          Min: 0, Avg:  0.0, Max: 0, Diff: 0, Sum: 0, Workers: 4
[1023.828s][debug][gc,phases      ] GC(36) Weak Processing 0.350ms
[1023.828s][debug][gc,age         ] GC(36) Desired survivor size 138412032 bytes, new threshold 1 (max threshold 15)
[1023.828s][info ][gc,heap        ] GC(36) PSYoungGen: 1778720K(1931264K)->2480K(1961984K) Eden: 1776128K(1776128K)->0K(1817088K) From: 2592K(155136K)->2480K(144896K)
[1023.828s][info ][gc,heap        ] GC(36) ParOldGen: 337206K(337408K)->337746K(337920K)
[1023.828s][info ][gc,metaspace   ] GC(36) Metaspace: 108721K(109952K)->108721K(109952K) NonClass: 92715K(93440K)->92715K(93440K) Class: 16006K(16512K)->16006K(16512K)
[1023.828s][info ][gc             ] GC(36) Pause Young (Allocation Failure) 2066M->332M(2246M) 3.209ms
[1023.828s][info ][gc,cpu         ] GC(36) User=0.01s Sys=0.00s Real=0.00s
[1023.828s][info ][safepoint      ] Safepoint "ParallelCollectForAllocation", Time since last: 49499534571 ns, Reaching safepoint: 20400 ns, At safepoint: 3271487 ns, Leaving safepoint: 2400 ns, Total: 3294287 ns, Threads: 0 runnable, 27 total
[1076.524s][info ][gc,start       ] GC(37) Pause Young (Allocation Failure)
[1076.528s][debug][gc,phases      ] GC(37) Scavenge 3.899ms
[1076.528s][debug][gc,ref         ] GC(37) ReferenceProcessor::execute queues: 1, RefProcThreadModel::Single, marks_oops_alive: false
[1076.528s][debug][gc,ref         ] GC(37) Skipped KeepAliveFinalRefsPhase of Reference Processing: no references
[1076.528s][debug][gc,ref         ] GC(37) Skipped PhantomRefsPhase of Reference Processing: no references
[1076.528s][debug][gc,phases      ] GC(37) Reference Processing 0.094ms
[1076.528s][debug][gc,phases      ] GC(37)   VM Weak                        Min: 0.00, Avg: 0.00, Max: 0.01, Diff: 0.01, Sum: 0.01, Workers: 4
[1076.528s][debug][gc,phases      ] GC(37)     Dead                           Min: 0, Avg:  0.0, Max: 0, Diff: 0, Sum: 0, Workers: 4
[1076.528s][debug][gc,phases      ] GC(37)     Total                          Min: 0, Avg: 228.8, Max: 832, Diff: 832, Sum: 915, Workers: 4
[1076.528s][debug][gc,phases      ] GC(37)   ObjectSynchronizer Weak        Min: 0.00, Avg: 0.00, Max: 0.00, Diff: 0.00, Sum: 0.00, Workers: 4
[1076.528s][debug][gc,phases      ] GC(37)     Dead                           Min: 0, Avg:  0.0, Max: 0, Diff: 0, Sum: 0, Workers: 4
[1076.528s][debug][gc,phases      ] GC(37)     Total                          Min: 0, Avg:  1.5, Max: 6, Diff: 6, Sum: 6, Workers: 4
[1076.528s][debug][gc,phases      ] GC(37)   JVMTI Tag Weak OopStorage      Min: 0.00, Avg: 0.00, Max: 0.00, Diff: 0.00, Sum: 0.00, Workers: 4
[1076.528s][debug][gc,phases      ] GC(37)     Dead                           Min: 0, Avg:  0.0, Max: 0, Diff: 0, Sum: 0, Workers: 4
[1076.528s][debug][gc,phases      ] GC(37)     Total                          Min: 0, Avg:  0.0, Max: 0, Diff: 0, Sum: 0, Workers: 4
[1076.528s][debug][gc,phases      ] GC(37)   StringTable Weak               Min: 0.00, Avg: 0.12, Max: 0.16, Diff: 0.16, Sum: 0.47, Workers: 4
[1076.528s][debug][gc,phases      ] GC(37)     Dead                           Min: 0, Avg:  0.0, Max: 0, Diff: 0, Sum: 0, Workers: 4
[1076.528s][debug][gc,phases      ] GC(37)     Total                          Min: 0, Avg: 12479.5, Max: 20798, Diff: 20798, Sum: 49918, Workers: 4
[1076.528s][debug][gc,phases      ] GC(37)   ResolvedMethodTable Weak       Min: 0.00, Avg: 0.03, Max: 0.04, Diff: 0.04, Sum: 0.13, Workers: 4
[1076.528s][debug][gc,phases      ] GC(37)     Dead                           Min: 0, Avg:  5.0, Max: 10, Diff: 10, Sum: 20, Workers: 4
[1076.528s][debug][gc,phases      ] GC(37)     Total                          Min: 0, Avg: 4157.5, Max: 7033, Diff: 7033, Sum: 16630, Workers: 4
[1076.528s][debug][gc,phases      ] GC(37)   JNI Weak                       Min: 0.00, Avg: 0.00, Max: 0.00, Diff: 0.00, Sum: 0.00, Workers: 4
[1076.528s][debug][gc,phases      ] GC(37)     Dead                           Min: 0, Avg:  0.0, Max: 0, Diff: 0, Sum: 0, Workers: 4
[1076.528s][debug][gc,phases      ] GC(37)     Total                          Min: 0, Avg: 13.0, Max: 48, Diff: 48, Sum: 52, Workers: 4
[1076.528s][debug][gc,phases      ] GC(37)   StringDedup Table Weak         Min: 0.00, Avg: 0.00, Max: 0.00, Diff: 0.00, Sum: 0.00, Workers: 4
[1076.528s][debug][gc,phases      ] GC(37)     Dead                           Min: 0, Avg:  0.0, Max: 0, Diff: 0, Sum: 0, Workers: 4
[1076.528s][debug][gc,phases      ] GC(37)     Total                          Min: 0, Avg:  0.0, Max: 0, Diff: 0, Sum: 0, Workers: 4
[1076.528s][debug][gc,phases      ] GC(37)   StringDedup Requests0 Weak     Min: 0.00, Avg: 0.00, Max: 0.00, Diff: 0.00, Sum: 0.00, Workers: 4
[1076.528s][debug][gc,phases      ] GC(37)     Dead                           Min: 0, Avg:  0.0, Max: 0, Diff: 0, Sum: 0, Workers: 4
[1076.528s][debug][gc,phases      ] GC(37)     Total                          Min: 0, Avg:  0.0, Max: 0, Diff: 0, Sum: 0, Workers: 4
[1076.528s][debug][gc,phases      ] GC(37)   StringDedup Requests1 Weak     Min: 0.00, Avg: 0.00, Max: 0.00, Diff: 0.00, Sum: 0.00, Workers: 4
[1076.528s][debug][gc,phases      ] GC(37)     Dead                           Min: 0, Avg:  0.0, Max: 0, Diff: 0, Sum: 0, Workers: 4
[1076.528s][debug][gc,phases      ] GC(37)     Total                          Min: 0, Avg:  0.0, Max: 0, Diff: 0, Sum: 0, Workers: 4
[1076.528s][debug][gc,phases      ] GC(37)   Weak JFR Old Object Samples    Min: 0.00, Avg: 0.00, Max: 0.00, Diff: 0.00, Sum: 0.00, Workers: 4
[1076.528s][debug][gc,phases      ] GC(37)     Dead                           Min: 0, Avg:  0.0, Max: 0, Diff: 0, Sum: 0, Workers: 4
[1076.528s][debug][gc,phases      ] GC(37)     Total                          Min: 0, Avg:  0.0, Max: 0, Diff: 0, Sum: 0, Workers: 4
[1076.528s][debug][gc,phases      ] GC(37) Weak Processing 0.407ms
[1076.528s][debug][gc,age         ] GC(37) Desired survivor size 128974848 bytes, new threshold 1 (max threshold 15)
[1076.528s][info ][gc,heap        ] GC(37) PSYoungGen: 1819568K(1961984K)->4288K(1952256K) Eden: 1817088K(1817088K)->0K(1817088K) From: 2480K(144896K)->4288K(135168K)
[1076.528s][info ][gc,heap        ] GC(37) ParOldGen: 337746K(337920K)->337974K(338432K)
[1076.528s][info ][gc,metaspace   ] GC(37) Metaspace: 108731K(109952K)->108731K(109952K) NonClass: 92725K(93440K)->92725K(93440K) Class: 16006K(16512K)->16006K(16512K)
[1076.528s][info ][gc             ] GC(37) Pause Young (Allocation Failure) 2106M->334M(2237M) 4.503ms
[1076.528s][info ][gc,cpu         ] GC(37) User=0.01s Sys=0.00s Real=0.00s
[1076.529s][info ][safepoint      ] Safepoint "ParallelCollectForAllocation", Time since last: 52696033695 ns, Reaching safepoint: 25700 ns, At safepoint: 4558381 ns, Leaving safepoint: 2400 ns, Total: 4586481 ns, Threads: 0 runnable, 27 total
[1127.923s][info ][gc,start       ] GC(38) Pause Young (Allocation Failure)
[1127.927s][debug][gc,phases      ] GC(38) Scavenge 3.610ms
[1127.927s][debug][gc,ref         ] GC(38) ReferenceProcessor::execute queues: 1, RefProcThreadModel::Single, marks_oops_alive: false
[1127.927s][debug][gc,ref         ] GC(38) Skipped KeepAliveFinalRefsPhase of Reference Processing: no references
[1127.927s][debug][gc,ref         ] GC(38) Skipped PhantomRefsPhase of Reference Processing: no references
[1127.927s][debug][gc,phases      ] GC(38) Reference Processing 0.092ms
[1127.927s][debug][gc,phases      ] GC(38)   VM Weak                        Min: 0.00, Avg: 0.00, Max: 0.00, Diff: 0.00, Sum: 0.01, Workers: 4
[1127.927s][debug][gc,phases      ] GC(38)     Dead                           Min: 0, Avg:  0.0, Max: 0, Diff: 0, Sum: 0, Workers: 4
[1127.927s][debug][gc,phases      ] GC(38)     Total                          Min: 0, Avg: 228.8, Max: 448, Diff: 448, Sum: 915, Workers: 4
[1127.927s][debug][gc,phases      ] GC(38)   ObjectSynchronizer Weak        Min: 0.00, Avg: 0.00, Max: 0.00, Diff: 0.00, Sum: 0.00, Workers: 4
[1127.927s][debug][gc,phases      ] GC(38)     Dead                           Min: 0, Avg:  0.0, Max: 0, Diff: 0, Sum: 0, Workers: 4
[1127.927s][debug][gc,phases      ] GC(38)     Total                          Min: 0, Avg:  1.5, Max: 6, Diff: 6, Sum: 6, Workers: 4
[1127.927s][debug][gc,phases      ] GC(38)   JVMTI Tag Weak OopStorage      Min: 0.00, Avg: 0.00, Max: 0.00, Diff: 0.00, Sum: 0.00, Workers: 4
[1127.927s][debug][gc,phases      ] GC(38)     Dead                           Min: 0, Avg:  0.0, Max: 0, Diff: 0, Sum: 0, Workers: 4
[1127.927s][debug][gc,phases      ] GC(38)     Total                          Min: 0, Avg:  0.0, Max: 0, Diff: 0, Sum: 0, Workers: 4
[1127.927s][debug][gc,phases      ] GC(38)   StringTable Weak               Min: 0.11, Avg: 0.11, Max: 0.12, Diff: 0.00, Sum: 0.46, Workers: 4
[1127.927s][debug][gc,phases      ] GC(38)     Dead                           Min: 0, Avg:  0.0, Max: 0, Diff: 0, Sum: 0, Workers: 4
[1127.927s][debug][gc,phases      ] GC(38)     Total                          Min: 12286, Avg: 12479.5, Max: 12608, Diff: 322, Sum: 49918, Workers: 4
[1127.927s][debug][gc,phases      ] GC(38)   ResolvedMethodTable Weak       Min: 0.04, Avg: 0.04, Max: 0.04, Diff: 0.00, Sum: 0.15, Workers: 4
[1127.927s][debug][gc,phases      ] GC(38)     Dead                           Min: 0, Avg:  5.0, Max: 13, Diff: 13, Sum: 20, Workers: 4
[1127.927s][debug][gc,phases      ] GC(38)     Total                          Min: 4089, Avg: 4157.5, Max: 4224, Diff: 135, Sum: 16630, Workers: 4
[1127.927s][debug][gc,phases      ] GC(38)   JNI Weak                       Min: 0.00, Avg: 0.00, Max: 0.00, Diff: 0.00, Sum: 0.00, Workers: 4
[1127.927s][debug][gc,phases      ] GC(38)     Dead                           Min: 0, Avg:  0.0, Max: 0, Diff: 0, Sum: 0, Workers: 4
[1127.927s][debug][gc,phases      ] GC(38)     Total                          Min: 0, Avg: 13.0, Max: 48, Diff: 48, Sum: 52, Workers: 4
[1127.927s][debug][gc,phases      ] GC(38)   StringDedup Table Weak         Min: 0.00, Avg: 0.00, Max: 0.00, Diff: 0.00, Sum: 0.00, Workers: 4
[1127.927s][debug][gc,phases      ] GC(38)     Dead                           Min: 0, Avg:  0.0, Max: 0, Diff: 0, Sum: 0, Workers: 4
[1127.927s][debug][gc,phases      ] GC(38)     Total                          Min: 0, Avg:  0.0, Max: 0, Diff: 0, Sum: 0, Workers: 4
[1127.927s][debug][gc,phases      ] GC(38)   StringDedup Requests0 Weak     Min: 0.00, Avg: 0.00, Max: 0.00, Diff: 0.00, Sum: 0.00, Workers: 4
[1127.927s][debug][gc,phases      ] GC(38)     Dead                           Min: 0, Avg:  0.0, Max: 0, Diff: 0, Sum: 0, Workers: 4
[1127.927s][debug][gc,phases      ] GC(38)     Total                          Min: 0, Avg:  0.0, Max: 0, Diff: 0, Sum: 0, Workers: 4
[1127.927s][debug][gc,phases      ] GC(38)   StringDedup Requests1 Weak     Min: 0.00, Avg: 0.00, Max: 0.00, Diff: 0.00, Sum: 0.00, Workers: 4
[1127.927s][debug][gc,phases      ] GC(38)     Dead                           Min: 0, Avg:  0.0, Max: 0, Diff: 0, Sum: 0, Workers: 4
[1127.927s][debug][gc,phases      ] GC(38)     Total                          Min: 0, Avg:  0.0, Max: 0, Diff: 0, Sum: 0, Workers: 4
[1127.927s][debug][gc,phases      ] GC(38)   Weak JFR Old Object Samples    Min: 0.00, Avg: 0.00, Max: 0.00, Diff: 0.00, Sum: 0.00, Workers: 4
[1127.927s][debug][gc,phases      ] GC(38)     Dead                           Min: 0, Avg:  0.0, Max: 0, Diff: 0, Sum: 0, Workers: 4
[1127.927s][debug][gc,phases      ] GC(38)     Total                          Min: 0, Avg:  0.0, Max: 0, Diff: 0, Sum: 0, Workers: 4
[1127.927s][debug][gc,phases      ] GC(38) Weak Processing 0.351ms
[1127.927s][debug][gc,age         ] GC(38) Desired survivor size 120061952 bytes, new threshold 1 (max threshold 15)
[1127.927s][info ][gc,heap        ] GC(38) PSYoungGen: 1821376K(1952256K)->3392K(1979904K) Eden: 1817088K(1817088K)->0K(1853952K) From: 4288K(135168K)->3392K(125952K)
[1127.927s][info ][gc,heap        ] GC(38) ParOldGen: 337974K(338432K)->339850K(339968K)
[1127.927s][info ][gc,metaspace   ] GC(38) Metaspace: 108745K(109952K)->108745K(109952K) NonClass: 92738K(93440K)->92738K(93440K) Class: 16006K(16512K)->16006K(16512K)
[1127.927s][info ][gc             ] GC(38) Pause Young (Allocation Failure) 2108M->335M(2265M) 4.161ms
[1127.927s][info ][gc,cpu         ] GC(38) User=0.01s Sys=0.00s Real=0.00s
[1127.927s][info ][safepoint      ] Safepoint "ParallelCollectForAllocation", Time since last: 51394526469 ns, Reaching safepoint: 118400 ns, At safepoint: 4238783 ns, Leaving safepoint: 5800 ns, Total: 4362983 ns, Threads: 1 runnable, 27 total
[1182.723s][info ][gc,start       ] GC(39) Pause Young (Allocation Failure)
[1182.726s][debug][gc,phases      ] GC(39) Scavenge 2.806ms
[1182.726s][debug][gc,ref         ] GC(39) ReferenceProcessor::execute queues: 1, RefProcThreadModel::Single, marks_oops_alive: false
[1182.726s][debug][gc,ref         ] GC(39) Skipped KeepAliveFinalRefsPhase of Reference Processing: no references
[1182.726s][debug][gc,ref         ] GC(39) Skipped PhantomRefsPhase of Reference Processing: no references
[1182.726s][debug][gc,phases      ] GC(39) Reference Processing 0.087ms
[1182.727s][debug][gc,phases      ] GC(39)   VM Weak                        Min: 0.00, Avg: 0.00, Max: 0.01, Diff: 0.01, Sum: 0.01, Workers: 4
[1182.727s][debug][gc,phases      ] GC(39)     Dead                           Min: 0, Avg:  0.0, Max: 0, Diff: 0, Sum: 0, Workers: 4
[1182.727s][debug][gc,phases      ] GC(39)     Total                          Min: 0, Avg: 228.8, Max: 576, Diff: 576, Sum: 915, Workers: 4
[1182.727s][debug][gc,phases      ] GC(39)   ObjectSynchronizer Weak        Min: 0.00, Avg: 0.00, Max: 0.00, Diff: 0.00, Sum: 0.00, Workers: 4
[1182.727s][debug][gc,phases      ] GC(39)     Dead                           Min: 0, Avg:  0.0, Max: 0, Diff: 0, Sum: 0, Workers: 4
[1182.727s][debug][gc,phases      ] GC(39)     Total                          Min: 0, Avg:  1.5, Max: 6, Diff: 6, Sum: 6, Workers: 4
[1182.727s][debug][gc,phases      ] GC(39)   JVMTI Tag Weak OopStorage      Min: 0.00, Avg: 0.00, Max: 0.00, Diff: 0.00, Sum: 0.00, Workers: 4
[1182.727s][debug][gc,phases      ] GC(39)     Dead                           Min: 0, Avg:  0.0, Max: 0, Diff: 0, Sum: 0, Workers: 4
[1182.727s][debug][gc,phases      ] GC(39)     Total                          Min: 0, Avg:  0.0, Max: 0, Diff: 0, Sum: 0, Workers: 4
[1182.727s][debug][gc,phases      ] GC(39)   StringTable Weak               Min: 0.00, Avg: 0.10, Max: 0.13, Diff: 0.13, Sum: 0.39, Workers: 4
[1182.727s][debug][gc,phases      ] GC(39)     Dead                           Min: 0, Avg:  0.5, Max: 1, Diff: 1, Sum: 2, Workers: 4
[1182.727s][debug][gc,phases      ] GC(39)     Total                          Min: 0, Avg: 12481.8, Max: 21696, Diff: 21696, Sum: 49927, Workers: 4
[1182.727s][debug][gc,phases      ] GC(39)   ResolvedMethodTable Weak       Min: 0.00, Avg: 0.03, Max: 0.04, Diff: 0.04, Sum: 0.13, Workers: 4
[1182.727s][debug][gc,phases      ] GC(39)     Dead                           Min: 0, Avg:  6.2, Max: 21, Diff: 21, Sum: 25, Workers: 4
[1182.727s][debug][gc,phases      ] GC(39)     Total                          Min: 0, Avg: 4160.5, Max: 7104, Diff: 7104, Sum: 16642, Workers: 4
[1182.727s][debug][gc,phases      ] GC(39)   JNI Weak                       Min: 0.00, Avg: 0.00, Max: 0.00, Diff: 0.00, Sum: 0.00, Workers: 4
[1182.727s][debug][gc,phases      ] GC(39)     Dead                           Min: 0, Avg:  0.0, Max: 0, Diff: 0, Sum: 0, Workers: 4
[1182.727s][debug][gc,phases      ] GC(39)     Total                          Min: 0, Avg: 13.0, Max: 48, Diff: 48, Sum: 52, Workers: 4
[1182.727s][debug][gc,phases      ] GC(39)   StringDedup Table Weak         Min: 0.00, Avg: 0.00, Max: 0.00, Diff: 0.00, Sum: 0.00, Workers: 4
[1182.727s][debug][gc,phases      ] GC(39)     Dead                           Min: 0, Avg:  0.0, Max: 0, Diff: 0, Sum: 0, Workers: 4
[1182.727s][debug][gc,phases      ] GC(39)     Total                          Min: 0, Avg:  0.0, Max: 0, Diff: 0, Sum: 0, Workers: 4
[1182.727s][debug][gc,phases      ] GC(39)   StringDedup Requests0 Weak     Min: 0.00, Avg: 0.00, Max: 0.00, Diff: 0.00, Sum: 0.00, Workers: 4
[1182.727s][debug][gc,phases      ] GC(39)     Dead                           Min: 0, Avg:  0.0, Max: 0, Diff: 0, Sum: 0, Workers: 4
[1182.727s][debug][gc,phases      ] GC(39)     Total                          Min: 0, Avg:  0.0, Max: 0, Diff: 0, Sum: 0, Workers: 4
[1182.727s][debug][gc,phases      ] GC(39)   StringDedup Requests1 Weak     Min: 0.00, Avg: 0.00, Max: 0.00, Diff: 0.00, Sum: 0.00, Workers: 4
[1182.727s][debug][gc,phases      ] GC(39)     Dead                           Min: 0, Avg:  0.0, Max: 0, Diff: 0, Sum: 0, Workers: 4
[1182.727s][debug][gc,phases      ] GC(39)     Total                          Min: 0, Avg:  0.0, Max: 0, Diff: 0, Sum: 0, Workers: 4
[1182.727s][debug][gc,phases      ] GC(39)   Weak JFR Old Object Samples    Min: 0.00, Avg: 0.00, Max: 0.00, Diff: 0.00, Sum: 0.00, Workers: 4
[1182.727s][debug][gc,phases      ] GC(39)     Dead                           Min: 0, Avg:  0.0, Max: 0, Diff: 0, Sum: 0, Workers: 4
[1182.727s][debug][gc,phases      ] GC(39)     Total                          Min: 0, Avg:  0.0, Max: 0, Diff: 0, Sum: 0, Workers: 4
[1182.727s][debug][gc,phases      ] GC(39) Weak Processing 0.340ms
[1182.727s][debug][gc,age         ] GC(39) Desired survivor size 111673344 bytes, new threshold 1 (max threshold 15)
[1182.727s][info ][gc,heap        ] GC(39) PSYoungGen: 1857344K(1979904K)->3312K(1971200K) Eden: 1853952K(1853952K)->0K(1853952K) From: 3392K(125952K)->3312K(117248K)
[1182.727s][info ][gc,heap        ] GC(39) ParOldGen: 339850K(339968K)->340907K(340992K)
[1182.727s][info ][gc,metaspace   ] GC(39) Metaspace: 108773K(109952K)->108773K(109952K) NonClass: 92762K(93440K)->92762K(93440K) Class: 16011K(16512K)->16011K(16512K)
[1182.727s][info ][gc             ] GC(39) Pause Young (Allocation Failure) 2145M->336M(2258M) 3.336ms
[1182.727s][info ][gc,cpu         ] GC(39) User=0.01s Sys=0.00s Real=0.00s
[1182.727s][info ][safepoint      ] Safepoint "ParallelCollectForAllocation", Time since last: 54795852082 ns, Reaching safepoint: 81000 ns, At safepoint: 3391183 ns, Leaving safepoint: 7500 ns, Total: 3479683 ns, Threads: 1 runnable, 28 total
[1234.021s][info ][gc,start       ] GC(40) Pause Young (Allocation Failure)
[1234.024s][debug][gc,phases      ] GC(40) Scavenge 3.062ms
[1234.024s][debug][gc,ref         ] GC(40) ReferenceProcessor::execute queues: 1, RefProcThreadModel::Single, marks_oops_alive: false
[1234.024s][debug][gc,ref         ] GC(40) Skipped KeepAliveFinalRefsPhase of Reference Processing: no references
[1234.024s][debug][gc,ref         ] GC(40) Skipped PhantomRefsPhase of Reference Processing: no references
[1234.024s][debug][gc,phases      ] GC(40) Reference Processing 0.095ms
[1234.025s][debug][gc,phases      ] GC(40)   VM Weak                        Min: 0.00, Avg: 0.00, Max: 0.01, Diff: 0.01, Sum: 0.01, Workers: 4
[1234.025s][debug][gc,phases      ] GC(40)     Dead                           Min: 0, Avg:  0.0, Max: 0, Diff: 0, Sum: 0, Workers: 4
[1234.025s][debug][gc,phases      ] GC(40)     Total                          Min: 0, Avg: 229.0, Max: 596, Diff: 596, Sum: 916, Workers: 4
[1234.025s][debug][gc,phases      ] GC(40)   ObjectSynchronizer Weak        Min: 0.00, Avg: 0.00, Max: 0.00, Diff: 0.00, Sum: 0.00, Workers: 4
[1234.025s][debug][gc,phases      ] GC(40)     Dead                           Min: 0, Avg:  0.0, Max: 0, Diff: 0, Sum: 0, Workers: 4
[1234.025s][debug][gc,phases      ] GC(40)     Total                          Min: 0, Avg:  1.5, Max: 6, Diff: 6, Sum: 6, Workers: 4
[1234.025s][debug][gc,phases      ] GC(40)   JVMTI Tag Weak OopStorage      Min: 0.00, Avg: 0.00, Max: 0.00, Diff: 0.00, Sum: 0.00, Workers: 4
[1234.025s][debug][gc,phases      ] GC(40)     Dead                           Min: 0, Avg:  0.0, Max: 0, Diff: 0, Sum: 0, Workers: 4
[1234.025s][debug][gc,phases      ] GC(40)     Total                          Min: 0, Avg:  0.0, Max: 0, Diff: 0, Sum: 0, Workers: 4
[1234.025s][debug][gc,phases      ] GC(40)   StringTable Weak               Min: 0.00, Avg: 0.10, Max: 0.14, Diff: 0.14, Sum: 0.42, Workers: 4
[1234.025s][debug][gc,phases      ] GC(40)     Dead                           Min: 0, Avg:  0.0, Max: 0, Diff: 0, Sum: 0, Workers: 4
[1234.025s][debug][gc,phases      ] GC(40)     Total                          Min: 0, Avg: 12483.2, Max: 21567, Diff: 21567, Sum: 49933, Workers: 4
[1234.025s][debug][gc,phases      ] GC(40)   ResolvedMethodTable Weak       Min: 0.00, Avg: 0.03, Max: 0.05, Diff: 0.04, Sum: 0.13, Workers: 4
[1234.025s][debug][gc,phases      ] GC(40)     Dead                           Min: 0, Avg:  5.0, Max: 20, Diff: 20, Sum: 20, Workers: 4
[1234.025s][debug][gc,phases      ] GC(40)     Total                          Min: 0, Avg: 4162.0, Max: 7215, Diff: 7215, Sum: 16648, Workers: 4
[1234.025s][debug][gc,phases      ] GC(40)   JNI Weak                       Min: 0.00, Avg: 0.00, Max: 0.00, Diff: 0.00, Sum: 0.00, Workers: 4
[1234.025s][debug][gc,phases      ] GC(40)     Dead                           Min: 0, Avg:  0.0, Max: 0, Diff: 0, Sum: 0, Workers: 4
[1234.025s][debug][gc,phases      ] GC(40)     Total                          Min: 0, Avg: 13.0, Max: 48, Diff: 48, Sum: 52, Workers: 4
[1234.025s][debug][gc,phases      ] GC(40)   StringDedup Table Weak         Min: 0.00, Avg: 0.00, Max: 0.00, Diff: 0.00, Sum: 0.00, Workers: 4
[1234.025s][debug][gc,phases      ] GC(40)     Dead                           Min: 0, Avg:  0.0, Max: 0, Diff: 0, Sum: 0, Workers: 4
[1234.025s][debug][gc,phases      ] GC(40)     Total                          Min: 0, Avg:  0.0, Max: 0, Diff: 0, Sum: 0, Workers: 4
[1234.025s][debug][gc,phases      ] GC(40)   StringDedup Requests0 Weak     Min: 0.00, Avg: 0.00, Max: 0.00, Diff: 0.00, Sum: 0.00, Workers: 4
[1234.025s][debug][gc,phases      ] GC(40)     Dead                           Min: 0, Avg:  0.0, Max: 0, Diff: 0, Sum: 0, Workers: 4
[1234.025s][debug][gc,phases      ] GC(40)     Total                          Min: 0, Avg:  0.0, Max: 0, Diff: 0, Sum: 0, Workers: 4
[1234.025s][debug][gc,phases      ] GC(40)   StringDedup Requests1 Weak     Min: 0.00, Avg: 0.00, Max: 0.00, Diff: 0.00, Sum: 0.00, Workers: 4
[1234.025s][debug][gc,phases      ] GC(40)     Dead                           Min: 0, Avg:  0.0, Max: 0, Diff: 0, Sum: 0, Workers: 4
[1234.025s][debug][gc,phases      ] GC(40)     Total                          Min: 0, Avg:  0.0, Max: 0, Diff: 0, Sum: 0, Workers: 4
[1234.025s][debug][gc,phases      ] GC(40)   Weak JFR Old Object Samples    Min: 0.00, Avg: 0.00, Max: 0.00, Diff: 0.00, Sum: 0.00, Workers: 4
[1234.025s][debug][gc,phases      ] GC(40)     Dead                           Min: 0, Avg:  0.0, Max: 0, Diff: 0, Sum: 0, Workers: 4
[1234.025s][debug][gc,phases      ] GC(40)     Total                          Min: 0, Avg:  0.0, Max: 0, Diff: 0, Sum: 0, Workers: 4
[1234.025s][debug][gc,phases      ] GC(40) Weak Processing 0.382ms
[1234.025s][debug][gc,age         ] GC(40) Desired survivor size 103809024 bytes, new threshold 1 (max threshold 15)
[1234.025s][info ][gc,heap        ] GC(40) PSYoungGen: 1857264K(1971200K)->3664K(1995776K) Eden: 1853952K(1853952K)->0K(1886720K) From: 3312K(117248K)->3664K(109056K)
[1234.025s][info ][gc,heap        ] GC(40) ParOldGen: 340907K(340992K)->341796K(342016K)
[1234.025s][info ][gc,metaspace   ] GC(40) Metaspace: 108787K(110016K)->108787K(110016K) NonClass: 92774K(93504K)->92774K(93504K) Class: 16013K(16512K)->16013K(16512K)
[1234.025s][info ][gc             ] GC(40) Pause Young (Allocation Failure) 2146M->337M(2283M) 3.651ms
[1234.025s][info ][gc,cpu         ] GC(40) User=0.01s Sys=0.00s Real=0.01s
[1234.025s][info ][safepoint      ] Safepoint "ParallelCollectForAllocation", Time since last: 51294398555 ns, Reaching safepoint: 4400 ns, At safepoint: 3737183 ns, Leaving safepoint: 2800 ns, Total: 3744383 ns, Threads: 0 runnable, 29 total
[1287.727s][info ][gc,start       ] GC(41) Pause Young (Allocation Failure)
[1287.730s][debug][gc,phases      ] GC(41) Scavenge 2.497ms
[1287.730s][debug][gc,ref         ] GC(41) ReferenceProcessor::execute queues: 1, RefProcThreadModel::Single, marks_oops_alive: false
[1287.730s][debug][gc,ref         ] GC(41) Skipped KeepAliveFinalRefsPhase of Reference Processing: no references
[1287.730s][debug][gc,ref         ] GC(41) Skipped PhantomRefsPhase of Reference Processing: no references
[1287.730s][debug][gc,phases      ] GC(41) Reference Processing 0.093ms
[1287.730s][debug][gc,phases      ] GC(41)   VM Weak                        Min: 0.00, Avg: 0.00, Max: 0.01, Diff: 0.01, Sum: 0.01, Workers: 4
[1287.730s][debug][gc,phases      ] GC(41)     Dead                           Min: 0, Avg:  0.0, Max: 0, Diff: 0, Sum: 0, Workers: 4
[1287.730s][debug][gc,phases      ] GC(41)     Total                          Min: 0, Avg: 229.0, Max: 512, Diff: 512, Sum: 916, Workers: 4
[1287.730s][debug][gc,phases      ] GC(41)   ObjectSynchronizer Weak        Min: 0.00, Avg: 0.00, Max: 0.00, Diff: 0.00, Sum: 0.00, Workers: 4
[1287.730s][debug][gc,phases      ] GC(41)     Dead                           Min: 0, Avg:  0.0, Max: 0, Diff: 0, Sum: 0, Workers: 4
[1287.730s][debug][gc,phases      ] GC(41)     Total                          Min: 0, Avg:  1.2, Max: 5, Diff: 5, Sum: 5, Workers: 4
[1287.730s][debug][gc,phases      ] GC(41)   JVMTI Tag Weak OopStorage      Min: 0.00, Avg: 0.00, Max: 0.00, Diff: 0.00, Sum: 0.00, Workers: 4
[1287.730s][debug][gc,phases      ] GC(41)     Dead                           Min: 0, Avg:  0.0, Max: 0, Diff: 0, Sum: 0, Workers: 4
[1287.730s][debug][gc,phases      ] GC(41)     Total                          Min: 0, Avg:  0.0, Max: 0, Diff: 0, Sum: 0, Workers: 4
[1287.730s][debug][gc,phases      ] GC(41)   StringTable Weak               Min: 0.11, Avg: 0.11, Max: 0.11, Diff: 0.00, Sum: 0.46, Workers: 4
[1287.730s][debug][gc,phases      ] GC(41)     Dead                           Min: 0, Avg:  0.0, Max: 0, Diff: 0, Sum: 0, Workers: 4
[1287.730s][debug][gc,phases      ] GC(41)     Total                          Min: 12160, Avg: 12483.5, Max: 12751, Diff: 591, Sum: 49934, Workers: 4
[1287.730s][debug][gc,phases      ] GC(41)   ResolvedMethodTable Weak       Min: 0.04, Avg: 0.04, Max: 0.04, Diff: 0.00, Sum: 0.15, Workers: 4
[1287.730s][debug][gc,phases      ] GC(41)     Dead                           Min: 0, Avg:  5.0, Max: 20, Diff: 20, Sum: 20, Workers: 4
[1287.730s][debug][gc,phases      ] GC(41)     Total                          Min: 4124, Avg: 4162.0, Max: 4214, Diff: 90, Sum: 16648, Workers: 4
[1287.730s][debug][gc,phases      ] GC(41)   JNI Weak                       Min: 0.00, Avg: 0.00, Max: 0.00, Diff: 0.00, Sum: 0.00, Workers: 4
[1287.730s][debug][gc,phases      ] GC(41)     Dead                           Min: 0, Avg:  0.0, Max: 0, Diff: 0, Sum: 0, Workers: 4
[1287.730s][debug][gc,phases      ] GC(41)     Total                          Min: 0, Avg: 13.0, Max: 48, Diff: 48, Sum: 52, Workers: 4
[1287.730s][debug][gc,phases      ] GC(41)   StringDedup Table Weak         Min: 0.00, Avg: 0.00, Max: 0.00, Diff: 0.00, Sum: 0.00, Workers: 4
[1287.730s][debug][gc,phases      ] GC(41)     Dead                           Min: 0, Avg:  0.0, Max: 0, Diff: 0, Sum: 0, Workers: 4
[1287.730s][debug][gc,phases      ] GC(41)     Total                          Min: 0, Avg:  0.0, Max: 0, Diff: 0, Sum: 0, Workers: 4
[1287.730s][debug][gc,phases      ] GC(41)   StringDedup Requests0 Weak     Min: 0.00, Avg: 0.00, Max: 0.00, Diff: 0.00, Sum: 0.00, Workers: 4
[1287.730s][debug][gc,phases      ] GC(41)     Dead                           Min: 0, Avg:  0.0, Max: 0, Diff: 0, Sum: 0, Workers: 4
[1287.730s][debug][gc,phases      ] GC(41)     Total                          Min: 0, Avg:  0.0, Max: 0, Diff: 0, Sum: 0, Workers: 4
[1287.730s][debug][gc,phases      ] GC(41)   StringDedup Requests1 Weak     Min: 0.00, Avg: 0.00, Max: 0.00, Diff: 0.00, Sum: 0.00, Workers: 4
[1287.730s][debug][gc,phases      ] GC(41)     Dead                           Min: 0, Avg:  0.0, Max: 0, Diff: 0, Sum: 0, Workers: 4
[1287.730s][debug][gc,phases      ] GC(41)     Total                          Min: 0, Avg:  0.0, Max: 0, Diff: 0, Sum: 0, Workers: 4
[1287.730s][debug][gc,phases      ] GC(41)   Weak JFR Old Object Samples    Min: 0.00, Avg: 0.00, Max: 0.00, Diff: 0.00, Sum: 0.00, Workers: 4
[1287.730s][debug][gc,phases      ] GC(41)     Dead                           Min: 0, Avg:  0.0, Max: 0, Diff: 0, Sum: 0, Workers: 4
[1287.730s][debug][gc,phases      ] GC(41)     Total                          Min: 0, Avg:  0.0, Max: 0, Diff: 0, Sum: 0, Workers: 4
[1287.730s][debug][gc,phases      ] GC(41) Weak Processing 0.346ms
[1287.730s][debug][gc,age         ] GC(41) Desired survivor size 96468992 bytes, new threshold 1 (max threshold 15)
[1287.730s][info ][gc,heap        ] GC(41) PSYoungGen: 1890384K(1995776K)->2224K(1988096K) Eden: 1886720K(1886720K)->0K(1886720K) From: 3664K(109056K)->2224K(101376K)
[1287.730s][info ][gc,heap        ] GC(41) ParOldGen: 341796K(342016K)->343776K(344064K)
[1287.730s][info ][gc,metaspace   ] GC(41) Metaspace: 108801K(110016K)->108801K(110016K) NonClass: 92788K(93504K)->92788K(93504K) Class: 16013K(16512K)->16013K(16512K)
[1287.730s][info ][gc             ] GC(41) Pause Young (Allocation Failure) 2179M->337M(2277M) 3.033ms
[1287.730s][info ][gc,cpu         ] GC(41) User=0.01s Sys=0.00s Real=0.00s
[1287.730s][info ][safepoint      ] Safepoint "ParallelCollectForAllocation", Time since last: 53702355125 ns, Reaching safepoint: 18400 ns, At safepoint: 3092685 ns, Leaving safepoint: 2300 ns, Total: 3113385 ns, Threads: 0 runnable, 26 total
[1342.124s][info ][gc,start       ] GC(42) Pause Young (Allocation Failure)
[1342.126s][debug][gc,phases      ] GC(42) Scavenge 2.636ms
[1342.126s][debug][gc,ref         ] GC(42) ReferenceProcessor::execute queues: 1, RefProcThreadModel::Single, marks_oops_alive: false
[1342.126s][debug][gc,ref         ] GC(42) Skipped KeepAliveFinalRefsPhase of Reference Processing: no references
[1342.126s][debug][gc,ref         ] GC(42) Skipped PhantomRefsPhase of Reference Processing: no references
[1342.126s][debug][gc,phases      ] GC(42) Reference Processing 0.089ms
[1342.127s][debug][gc,phases      ] GC(42)   VM Weak                        Min: 0.00, Avg: 0.00, Max: 0.01, Diff: 0.01, Sum: 0.01, Workers: 4
[1342.127s][debug][gc,phases      ] GC(42)     Dead                           Min: 0, Avg:  0.0, Max: 0, Diff: 0, Sum: 0, Workers: 4
[1342.127s][debug][gc,phases      ] GC(42)     Total                          Min: 0, Avg: 229.0, Max: 468, Diff: 468, Sum: 916, Workers: 4
[1342.127s][debug][gc,phases      ] GC(42)   ObjectSynchronizer Weak        Min: 0.00, Avg: 0.00, Max: 0.00, Diff: 0.00, Sum: 0.00, Workers: 4
[1342.127s][debug][gc,phases      ] GC(42)     Dead                           Min: 0, Avg:  0.0, Max: 0, Diff: 0, Sum: 0, Workers: 4
[1342.127s][debug][gc,phases      ] GC(42)     Total                          Min: 0, Avg:  1.5, Max: 6, Diff: 6, Sum: 6, Workers: 4
[1342.127s][debug][gc,phases      ] GC(42)   JVMTI Tag Weak OopStorage      Min: 0.00, Avg: 0.00, Max: 0.00, Diff: 0.00, Sum: 0.00, Workers: 4
[1342.127s][debug][gc,phases      ] GC(42)     Dead                           Min: 0, Avg:  0.0, Max: 0, Diff: 0, Sum: 0, Workers: 4
[1342.127s][debug][gc,phases      ] GC(42)     Total                          Min: 0, Avg:  0.0, Max: 0, Diff: 0, Sum: 0, Workers: 4
[1342.127s][debug][gc,phases      ] GC(42)   StringTable Weak               Min: 0.00, Avg: 0.10, Max: 0.13, Diff: 0.13, Sum: 0.39, Workers: 4
[1342.127s][debug][gc,phases      ] GC(42)     Dead                           Min: 0, Avg:  0.0, Max: 0, Diff: 0, Sum: 0, Workers: 4
[1342.127s][debug][gc,phases      ] GC(42)     Total                          Min: 0, Avg: 12484.0, Max: 21439, Diff: 21439, Sum: 49936, Workers: 4
[1342.127s][debug][gc,phases      ] GC(42)   ResolvedMethodTable Weak       Min: 0.00, Avg: 0.03, Max: 0.04, Diff: 0.04, Sum: 0.12, Workers: 4
[1342.127s][debug][gc,phases      ] GC(42)     Dead                           Min: 0, Avg:  5.0, Max: 20, Diff: 20, Sum: 20, Workers: 4
[1342.127s][debug][gc,phases      ] GC(42)     Total                          Min: 0, Avg: 4162.0, Max: 6902, Diff: 6902, Sum: 16648, Workers: 4
[1342.127s][debug][gc,phases      ] GC(42)   JNI Weak                       Min: 0.00, Avg: 0.00, Max: 0.00, Diff: 0.00, Sum: 0.00, Workers: 4
[1342.127s][debug][gc,phases      ] GC(42)     Dead                           Min: 0, Avg:  0.0, Max: 0, Diff: 0, Sum: 0, Workers: 4
[1342.127s][debug][gc,phases      ] GC(42)     Total                          Min: 0, Avg: 13.0, Max: 48, Diff: 48, Sum: 52, Workers: 4
[1342.127s][debug][gc,phases      ] GC(42)   StringDedup Table Weak         Min: 0.00, Avg: 0.00, Max: 0.00, Diff: 0.00, Sum: 0.00, Workers: 4
[1342.127s][debug][gc,phases      ] GC(42)     Dead                           Min: 0, Avg:  0.0, Max: 0, Diff: 0, Sum: 0, Workers: 4
[1342.127s][debug][gc,phases      ] GC(42)     Total                          Min: 0, Avg:  0.0, Max: 0, Diff: 0, Sum: 0, Workers: 4
[1342.127s][debug][gc,phases      ] GC(42)   StringDedup Requests0 Weak     Min: 0.00, Avg: 0.00, Max: 0.00, Diff: 0.00, Sum: 0.00, Workers: 4
[1342.127s][debug][gc,phases      ] GC(42)     Dead                           Min: 0, Avg:  0.0, Max: 0, Diff: 0, Sum: 0, Workers: 4
[1342.127s][debug][gc,phases      ] GC(42)     Total                          Min: 0, Avg:  0.0, Max: 0, Diff: 0, Sum: 0, Workers: 4
[1342.127s][debug][gc,phases      ] GC(42)   StringDedup Requests1 Weak     Min: 0.00, Avg: 0.00, Max: 0.00, Diff: 0.00, Sum: 0.00, Workers: 4
[1342.127s][debug][gc,phases      ] GC(42)     Dead                           Min: 0, Avg:  0.0, Max: 0, Diff: 0, Sum: 0, Workers: 4
[1342.127s][debug][gc,phases      ] GC(42)     Total                          Min: 0, Avg:  0.0, Max: 0, Diff: 0, Sum: 0, Workers: 4
[1342.127s][debug][gc,phases      ] GC(42)   Weak JFR Old Object Samples    Min: 0.00, Avg: 0.00, Max: 0.00, Diff: 0.00, Sum: 0.00, Workers: 4
[1342.127s][debug][gc,phases      ] GC(42)     Dead                           Min: 0, Avg:  0.0, Max: 0, Diff: 0, Sum: 0, Workers: 4
[1342.127s][debug][gc,phases      ] GC(42)     Total                          Min: 0, Avg:  0.0, Max: 0, Diff: 0, Sum: 0, Workers: 4
[1342.127s][debug][gc,phases      ] GC(42) Weak Processing 0.376ms
[1342.127s][debug][gc,age         ] GC(42) Desired survivor size 89653248 bytes, new threshold 1 (max threshold 15)
[1342.127s][info ][gc,heap        ] GC(42) PSYoungGen: 1888944K(1988096K)->3168K(2009600K) Eden: 1886720K(1886720K)->0K(1915392K) From: 2224K(101376K)->3168K(94208K)
[1342.127s][info ][gc,heap        ] GC(42) ParOldGen: 343776K(344064K)->344297K(344576K)
[1342.127s][info ][gc,metaspace   ] GC(42) Metaspace: 108805K(110016K)->108805K(110016K) NonClass: 92792K(93504K)->92792K(93504K) Class: 16013K(16512K)->16013K(16512K)
[1342.127s][info ][gc             ] GC(42) Pause Young (Allocation Failure) 2180M->339M(2299M) 3.199ms
[1342.127s][info ][gc,cpu         ] GC(42) User=0.01s Sys=0.00s Real=0.00s
[1342.127s][info ][safepoint      ] Safepoint "ParallelCollectForAllocation", Time since last: 54393223766 ns, Reaching safepoint: 96800 ns, At safepoint: 3254185 ns, Leaving safepoint: 6900 ns, Total: 3357885 ns, Threads: 1 runnable, 27 total
[1398.122s][info ][gc,start       ] GC(43) Pause Young (Allocation Failure)
[1398.125s][debug][gc,phases      ] GC(43) Scavenge 2.799ms
[1398.125s][debug][gc,ref         ] GC(43) ReferenceProcessor::execute queues: 1, RefProcThreadModel::Single, marks_oops_alive: false
[1398.125s][debug][gc,ref         ] GC(43) Skipped KeepAliveFinalRefsPhase of Reference Processing: no references
[1398.125s][debug][gc,ref         ] GC(43) Skipped PhantomRefsPhase of Reference Processing: no references
[1398.125s][debug][gc,phases      ] GC(43) Reference Processing 0.092ms
[1398.125s][debug][gc,phases      ] GC(43)   VM Weak                        Min: 0.00, Avg: 0.00, Max: 0.01, Diff: 0.01, Sum: 0.01, Workers: 4
[1398.125s][debug][gc,phases      ] GC(43)     Dead                           Min: 0, Avg:  0.0, Max: 0, Diff: 0, Sum: 0, Workers: 4
[1398.125s][debug][gc,phases      ] GC(43)     Total                          Min: 0, Avg: 229.0, Max: 768, Diff: 768, Sum: 916, Workers: 4
[1398.125s][debug][gc,phases      ] GC(43)   ObjectSynchronizer Weak        Min: 0.00, Avg: 0.00, Max: 0.00, Diff: 0.00, Sum: 0.00, Workers: 4
[1398.125s][debug][gc,phases      ] GC(43)     Dead                           Min: 0, Avg:  0.0, Max: 0, Diff: 0, Sum: 0, Workers: 4
[1398.125s][debug][gc,phases      ] GC(43)     Total                          Min: 0, Avg:  1.5, Max: 6, Diff: 6, Sum: 6, Workers: 4
[1398.126s][debug][gc,phases      ] GC(43)   JVMTI Tag Weak OopStorage      Min: 0.00, Avg: 0.00, Max: 0.00, Diff: 0.00, Sum: 0.00, Workers: 4
[1398.126s][debug][gc,phases      ] GC(43)     Dead                           Min: 0, Avg:  0.0, Max: 0, Diff: 0, Sum: 0, Workers: 4
[1398.126s][debug][gc,phases      ] GC(43)     Total                          Min: 0, Avg:  0.0, Max: 0, Diff: 0, Sum: 0, Workers: 4
[1398.126s][debug][gc,phases      ] GC(43)   StringTable Weak               Min: 0.00, Avg: 0.11, Max: 0.14, Diff: 0.14, Sum: 0.43, Workers: 4
[1398.126s][debug][gc,phases      ] GC(43)     Dead                           Min: 0, Avg:  0.0, Max: 0, Diff: 0, Sum: 0, Workers: 4
[1398.126s][debug][gc,phases      ] GC(43)     Total                          Min: 0, Avg: 12486.2, Max: 20480, Diff: 20480, Sum: 49945, Workers: 4
[1398.126s][debug][gc,phases      ] GC(43)   ResolvedMethodTable Weak       Min: 0.00, Avg: 0.04, Max: 0.06, Diff: 0.06, Sum: 0.18, Workers: 4
[1398.126s][debug][gc,phases      ] GC(43)     Dead                           Min: 0, Avg:  5.0, Max: 20, Diff: 20, Sum: 20, Workers: 4
[1398.126s][debug][gc,phases      ] GC(43)     Total                          Min: 0, Avg: 4162.0, Max: 5757, Diff: 5757, Sum: 16648, Workers: 4
[1398.126s][debug][gc,phases      ] GC(43)   JNI Weak                       Min: 0.00, Avg: 0.00, Max: 0.00, Diff: 0.00, Sum: 0.00, Workers: 4
[1398.126s][debug][gc,phases      ] GC(43)     Dead                           Min: 0, Avg:  0.0, Max: 0, Diff: 0, Sum: 0, Workers: 4
[1398.126s][debug][gc,phases      ] GC(43)     Total                          Min: 0, Avg: 13.0, Max: 48, Diff: 48, Sum: 52, Workers: 4
[1398.126s][debug][gc,phases      ] GC(43)   StringDedup Table Weak         Min: 0.00, Avg: 0.00, Max: 0.00, Diff: 0.00, Sum: 0.00, Workers: 4
[1398.126s][debug][gc,phases      ] GC(43)     Dead                           Min: 0, Avg:  0.0, Max: 0, Diff: 0, Sum: 0, Workers: 4
[1398.126s][debug][gc,phases      ] GC(43)     Total                          Min: 0, Avg:  0.0, Max: 0, Diff: 0, Sum: 0, Workers: 4
[1398.126s][debug][gc,phases      ] GC(43)   StringDedup Requests0 Weak     Min: 0.00, Avg: 0.00, Max: 0.00, Diff: 0.00, Sum: 0.00, Workers: 4
[1398.126s][debug][gc,phases      ] GC(43)     Dead                           Min: 0, Avg:  0.0, Max: 0, Diff: 0, Sum: 0, Workers: 4
[1398.126s][debug][gc,phases      ] GC(43)     Total                          Min: 0, Avg:  0.0, Max: 0, Diff: 0, Sum: 0, Workers: 4
[1398.126s][debug][gc,phases      ] GC(43)   StringDedup Requests1 Weak     Min: 0.00, Avg: 0.00, Max: 0.00, Diff: 0.00, Sum: 0.00, Workers: 4
[1398.126s][debug][gc,phases      ] GC(43)     Dead                           Min: 0, Avg:  0.0, Max: 0, Diff: 0, Sum: 0, Workers: 4
[1398.126s][debug][gc,phases      ] GC(43)     Total                          Min: 0, Avg:  0.0, Max: 0, Diff: 0, Sum: 0, Workers: 4
[1398.126s][debug][gc,phases      ] GC(43)   Weak JFR Old Object Samples    Min: 0.00, Avg: 0.00, Max: 0.00, Diff: 0.00, Sum: 0.00, Workers: 4
[1398.126s][debug][gc,phases      ] GC(43)     Dead                           Min: 0, Avg:  0.0, Max: 0, Diff: 0, Sum: 0, Workers: 4
[1398.126s][debug][gc,phases      ] GC(43)     Total                          Min: 0, Avg:  0.0, Max: 0, Diff: 0, Sum: 0, Workers: 4
[1398.126s][debug][gc,phases      ] GC(43) Weak Processing 0.441ms
[1398.126s][debug][gc,age         ] GC(43) Desired survivor size 83361792 bytes, new threshold 1 (max threshold 15)
[1398.126s][info ][gc,heap        ] GC(43) PSYoungGen: 1918560K(2009600K)->3344K(2002944K) Eden: 1915392K(1915392K)->0K(1915392K) From: 3168K(94208K)->3344K(87552K)
[1398.126s][info ][gc,heap        ] GC(43) ParOldGen: 344297K(344576K)->344901K(345088K)
[1398.126s][info ][gc,metaspace   ] GC(43) Metaspace: 108805K(110016K)->108805K(110016K) NonClass: 92792K(93504K)->92792K(93504K) Class: 16013K(16512K)->16013K(16512K)
[1398.126s][info ][gc             ] GC(43) Pause Young (Allocation Failure) 2209M->340M(2293M) 3.450ms
[1398.126s][info ][gc,cpu         ] GC(43) User=0.02s Sys=0.00s Real=0.00s
[1398.126s][info ][safepoint      ] Safepoint "ParallelCollectForAllocation", Time since last: 55995223639 ns, Reaching safepoint: 41700 ns, At safepoint: 3509083 ns, Leaving safepoint: 2200 ns, Total: 3552983 ns, Threads: 0 runnable, 27 total
[1451.765s][info ][gc,start       ] GC(44) Pause Young (Allocation Failure)
[1451.768s][debug][gc,phases      ] GC(44) Scavenge 2.688ms
[1451.768s][debug][gc,ref         ] GC(44) ReferenceProcessor::execute queues: 1, RefProcThreadModel::Single, marks_oops_alive: false
[1451.768s][debug][gc,ref         ] GC(44) Skipped KeepAliveFinalRefsPhase of Reference Processing: no references
[1451.768s][debug][gc,ref         ] GC(44) Skipped PhantomRefsPhase of Reference Processing: no references
[1451.768s][debug][gc,phases      ] GC(44) Reference Processing 0.096ms
[1451.768s][debug][gc,phases      ] GC(44)   VM Weak                        Min: 0.00, Avg: 0.00, Max: 0.01, Diff: 0.01, Sum: 0.01, Workers: 4
[1451.768s][debug][gc,phases      ] GC(44)     Dead                           Min: 0, Avg:  0.0, Max: 0, Diff: 0, Sum: 0, Workers: 4
[1451.768s][debug][gc,phases      ] GC(44)     Total                          Min: 0, Avg: 229.0, Max: 916, Diff: 916, Sum: 916, Workers: 4
[1451.768s][debug][gc,phases      ] GC(44)   ObjectSynchronizer Weak        Min: 0.00, Avg: 0.00, Max: 0.00, Diff: 0.00, Sum: 0.00, Workers: 4
[1451.768s][debug][gc,phases      ] GC(44)     Dead                           Min: 0, Avg:  0.0, Max: 0, Diff: 0, Sum: 0, Workers: 4
[1451.768s][debug][gc,phases      ] GC(44)     Total                          Min: 0, Avg:  1.2, Max: 5, Diff: 5, Sum: 5, Workers: 4
[1451.768s][debug][gc,phases      ] GC(44)   JVMTI Tag Weak OopStorage      Min: 0.00, Avg: 0.00, Max: 0.00, Diff: 0.00, Sum: 0.00, Workers: 4
[1451.768s][debug][gc,phases      ] GC(44)     Dead                           Min: 0, Avg:  0.0, Max: 0, Diff: 0, Sum: 0, Workers: 4
[1451.768s][debug][gc,phases      ] GC(44)     Total                          Min: 0, Avg:  0.0, Max: 0, Diff: 0, Sum: 0, Workers: 4
[1451.768s][debug][gc,phases      ] GC(44)   StringTable Weak               Min: 0.11, Avg: 0.12, Max: 0.12, Diff: 0.00, Sum: 0.47, Workers: 4
[1451.768s][debug][gc,phases      ] GC(44)     Dead                           Min: 0, Avg:  0.0, Max: 0, Diff: 0, Sum: 0, Workers: 4
[1451.768s][debug][gc,phases      ] GC(44)     Total                          Min: 12032, Avg: 12486.2, Max: 12954, Diff: 922, Sum: 49945, Workers: 4
[1451.768s][debug][gc,phases      ] GC(44)   ResolvedMethodTable Weak       Min: 0.04, Avg: 0.04, Max: 0.04, Diff: 0.00, Sum: 0.15, Workers: 4
[1451.768s][debug][gc,phases      ] GC(44)     Dead                           Min: 0, Avg:  5.0, Max: 20, Diff: 20, Sum: 20, Workers: 4
[1451.768s][debug][gc,phases      ] GC(44)     Total                          Min: 4150, Avg: 4162.0, Max: 4188, Diff: 38, Sum: 16648, Workers: 4
[1451.768s][debug][gc,phases      ] GC(44)   JNI Weak                       Min: 0.00, Avg: 0.00, Max: 0.00, Diff: 0.00, Sum: 0.00, Workers: 4
[1451.768s][debug][gc,phases      ] GC(44)     Dead                           Min: 0, Avg:  0.0, Max: 0, Diff: 0, Sum: 0, Workers: 4
[1451.768s][debug][gc,phases      ] GC(44)     Total                          Min: 0, Avg: 13.0, Max: 48, Diff: 48, Sum: 52, Workers: 4
[1451.768s][debug][gc,phases      ] GC(44)   StringDedup Table Weak         Min: 0.00, Avg: 0.00, Max: 0.00, Diff: 0.00, Sum: 0.00, Workers: 4
[1451.768s][debug][gc,phases      ] GC(44)     Dead                           Min: 0, Avg:  0.0, Max: 0, Diff: 0, Sum: 0, Workers: 4
[1451.768s][debug][gc,phases      ] GC(44)     Total                          Min: 0, Avg:  0.0, Max: 0, Diff: 0, Sum: 0, Workers: 4
[1451.768s][debug][gc,phases      ] GC(44)   StringDedup Requests0 Weak     Min: 0.00, Avg: 0.00, Max: 0.00, Diff: 0.00, Sum: 0.00, Workers: 4
[1451.768s][debug][gc,phases      ] GC(44)     Dead                           Min: 0, Avg:  0.0, Max: 0, Diff: 0, Sum: 0, Workers: 4
[1451.768s][debug][gc,phases      ] GC(44)     Total                          Min: 0, Avg:  0.0, Max: 0, Diff: 0, Sum: 0, Workers: 4
[1451.768s][debug][gc,phases      ] GC(44)   StringDedup Requests1 Weak     Min: 0.00, Avg: 0.00, Max: 0.00, Diff: 0.00, Sum: 0.00, Workers: 4
[1451.768s][debug][gc,phases      ] GC(44)     Dead                           Min: 0, Avg:  0.0, Max: 0, Diff: 0, Sum: 0, Workers: 4
[1451.768s][debug][gc,phases      ] GC(44)     Total                          Min: 0, Avg:  0.0, Max: 0, Diff: 0, Sum: 0, Workers: 4
[1451.768s][debug][gc,phases      ] GC(44)   Weak JFR Old Object Samples    Min: 0.00, Avg: 0.00, Max: 0.00, Diff: 0.00, Sum: 0.00, Workers: 4
[1451.768s][debug][gc,phases      ] GC(44)     Dead                           Min: 0, Avg:  0.0, Max: 0, Diff: 0, Sum: 0, Workers: 4
[1451.768s][debug][gc,phases      ] GC(44)     Total                          Min: 0, Avg:  0.0, Max: 0, Diff: 0, Sum: 0, Workers: 4
[1451.768s][debug][gc,phases      ] GC(44) Weak Processing 0.320ms
[1451.768s][debug][gc,age         ] GC(44) Desired survivor size 77070336 bytes, new threshold 1 (max threshold 15)
[1451.768s][info ][gc,heap        ] GC(44) PSYoungGen: 1918736K(2002944K)->3168K(2021888K) Eden: 1915392K(1915392K)->0K(1940480K) From: 3344K(87552K)->3168K(81408K)
[1451.768s][info ][gc,heap        ] GC(44) ParOldGen: 344901K(345088K)->346005K(346112K)
[1451.768s][info ][gc,metaspace   ] GC(44) Metaspace: 108811K(110016K)->108811K(110016K) NonClass: 92798K(93504K)->92798K(93504K) Class: 16013K(16512K)->16013K(16512K)
[1451.768s][info ][gc             ] GC(44) Pause Young (Allocation Failure) 2210M->340M(2312M) 3.219ms
[1451.768s][info ][gc,cpu         ] GC(44) User=0.01s Sys=0.00s Real=0.00s
[1451.768s][info ][safepoint      ] Safepoint "ParallelCollectForAllocation", Time since last: 53639275170 ns, Reaching safepoint: 4200 ns, At safepoint: 3272286 ns, Leaving safepoint: 2300 ns, Total: 3278786 ns, Threads: 0 runnable, 26 total
[1507.374s][info ][gc,start       ] GC(45) Pause Young (Allocation Failure)
[1507.376s][debug][gc,phases      ] GC(45) Scavenge 2.542ms
[1507.376s][debug][gc,ref         ] GC(45) ReferenceProcessor::execute queues: 1, RefProcThreadModel::Single, marks_oops_alive: false
[1507.376s][debug][gc,ref         ] GC(45) Skipped KeepAliveFinalRefsPhase of Reference Processing: no references
[1507.376s][debug][gc,ref         ] GC(45) Skipped PhantomRefsPhase of Reference Processing: no references
[1507.376s][debug][gc,phases      ] GC(45) Reference Processing 0.094ms
[1507.377s][debug][gc,phases      ] GC(45)   VM Weak                        Min: 0.00, Avg: 0.00, Max: 0.01, Diff: 0.01, Sum: 0.01, Workers: 4
[1507.377s][debug][gc,phases      ] GC(45)     Dead                           Min: 0, Avg:  0.0, Max: 0, Diff: 0, Sum: 0, Workers: 4
[1507.377s][debug][gc,phases      ] GC(45)     Total                          Min: 0, Avg: 229.0, Max: 832, Diff: 832, Sum: 916, Workers: 4
[1507.377s][debug][gc,phases      ] GC(45)   ObjectSynchronizer Weak        Min: 0.00, Avg: 0.00, Max: 0.00, Diff: 0.00, Sum: 0.00, Workers: 4
[1507.377s][debug][gc,phases      ] GC(45)     Dead                           Min: 0, Avg:  0.0, Max: 0, Diff: 0, Sum: 0, Workers: 4
[1507.377s][debug][gc,phases      ] GC(45)     Total                          Min: 0, Avg:  1.5, Max: 6, Diff: 6, Sum: 6, Workers: 4
[1507.377s][debug][gc,phases      ] GC(45)   JVMTI Tag Weak OopStorage      Min: 0.00, Avg: 0.00, Max: 0.00, Diff: 0.00, Sum: 0.00, Workers: 4
[1507.377s][debug][gc,phases      ] GC(45)     Dead                           Min: 0, Avg:  0.0, Max: 0, Diff: 0, Sum: 0, Workers: 4
[1507.377s][debug][gc,phases      ] GC(45)     Total                          Min: 0, Avg:  0.0, Max: 0, Diff: 0, Sum: 0, Workers: 4
[1507.377s][debug][gc,phases      ] GC(45)   StringTable Weak               Min: 0.00, Avg: 0.10, Max: 0.13, Diff: 0.13, Sum: 0.40, Workers: 4
[1507.377s][debug][gc,phases      ] GC(45)     Dead                           Min: 0, Avg:  0.0, Max: 0, Diff: 0, Sum: 0, Workers: 4
[1507.377s][debug][gc,phases      ] GC(45)     Total                          Min: 0, Avg: 12486.5, Max: 20863, Diff: 20863, Sum: 49946, Workers: 4
[1507.377s][debug][gc,phases      ] GC(45)   ResolvedMethodTable Weak       Min: 0.00, Avg: 0.03, Max: 0.04, Diff: 0.04, Sum: 0.13, Workers: 4
[1507.377s][debug][gc,phases      ] GC(45)     Dead                           Min: 0, Avg:  5.0, Max: 20, Diff: 20, Sum: 20, Workers: 4
[1507.377s][debug][gc,phases      ] GC(45)     Total                          Min: 0, Avg: 4162.0, Max: 7094, Diff: 7094, Sum: 16648, Workers: 4
[1507.377s][debug][gc,phases      ] GC(45)   JNI Weak                       Min: 0.00, Avg: 0.00, Max: 0.00, Diff: 0.00, Sum: 0.00, Workers: 4
[1507.377s][debug][gc,phases      ] GC(45)     Dead                           Min: 0, Avg:  0.0, Max: 0, Diff: 0, Sum: 0, Workers: 4
[1507.377s][debug][gc,phases      ] GC(45)     Total                          Min: 0, Avg: 13.0, Max: 48, Diff: 48, Sum: 52, Workers: 4
[1507.377s][debug][gc,phases      ] GC(45)   StringDedup Table Weak         Min: 0.00, Avg: 0.00, Max: 0.00, Diff: 0.00, Sum: 0.00, Workers: 4
[1507.377s][debug][gc,phases      ] GC(45)     Dead                           Min: 0, Avg:  0.0, Max: 0, Diff: 0, Sum: 0, Workers: 4
[1507.377s][debug][gc,phases      ] GC(45)     Total                          Min: 0, Avg:  0.0, Max: 0, Diff: 0, Sum: 0, Workers: 4
[1507.377s][debug][gc,phases      ] GC(45)   StringDedup Requests0 Weak     Min: 0.00, Avg: 0.00, Max: 0.00, Diff: 0.00, Sum: 0.00, Workers: 4
[1507.377s][debug][gc,phases      ] GC(45)     Dead                           Min: 0, Avg:  0.0, Max: 0, Diff: 0, Sum: 0, Workers: 4
[1507.377s][debug][gc,phases      ] GC(45)     Total                          Min: 0, Avg:  0.0, Max: 0, Diff: 0, Sum: 0, Workers: 4
[1507.377s][debug][gc,phases      ] GC(45)   StringDedup Requests1 Weak     Min: 0.00, Avg: 0.00, Max: 0.00, Diff: 0.00, Sum: 0.00, Workers: 4
[1507.377s][debug][gc,phases      ] GC(45)     Dead                           Min: 0, Avg:  0.0, Max: 0, Diff: 0, Sum: 0, Workers: 4
[1507.377s][debug][gc,phases      ] GC(45)     Total                          Min: 0, Avg:  0.0, Max: 0, Diff: 0, Sum: 0, Workers: 4
[1507.377s][debug][gc,phases      ] GC(45)   Weak JFR Old Object Samples    Min: 0.00, Avg: 0.00, Max: 0.00, Diff: 0.00, Sum: 0.00, Workers: 4
[1507.377s][debug][gc,phases      ] GC(45)     Dead                           Min: 0, Avg:  0.0, Max: 0, Diff: 0, Sum: 0, Workers: 4
[1507.377s][debug][gc,phases      ] GC(45)     Total                          Min: 0, Avg:  0.0, Max: 0, Diff: 0, Sum: 0, Workers: 4
[1507.377s][debug][gc,phases      ] GC(45) Weak Processing 0.376ms
[1507.377s][debug][gc,age         ] GC(45) Desired survivor size 71827456 bytes, new threshold 1 (max threshold 15)
[1507.377s][info ][gc,heap        ] GC(45) PSYoungGen: 1943648K(2021888K)->2960K(2015744K) Eden: 1940480K(1940480K)->0K(1940480K) From: 3168K(81408K)->2960K(75264K)
[1507.377s][info ][gc,heap        ] GC(45) ParOldGen: 346005K(346112K)->346630K(347136K)
[1507.377s][info ][gc,metaspace   ] GC(45) Metaspace: 108812K(110016K)->108812K(110016K) NonClass: 92799K(93504K)->92799K(93504K) Class: 16013K(16512K)->16013K(16512K)
[1507.377s][info ][gc             ] GC(45) Pause Young (Allocation Failure) 2235M->341M(2307M) 3.111ms
[1507.377s][info ][gc,cpu         ] GC(45) User=0.01s Sys=0.00s Real=0.00s
[1507.377s][info ][safepoint      ] Safepoint "ParallelCollectForAllocation", Time since last: 55605238148 ns, Reaching safepoint: 103000 ns, At safepoint: 3170686 ns, Leaving safepoint: 6400 ns, Total: 3280086 ns, Threads: 1 runnable, 26 total
[1561.628s][info ][gc,start       ] GC(46) Pause Young (Allocation Failure)
[1561.631s][debug][gc,phases      ] GC(46) Scavenge 2.945ms
[1561.631s][debug][gc,ref         ] GC(46) ReferenceProcessor::execute queues: 1, RefProcThreadModel::Single, marks_oops_alive: false
[1561.631s][debug][gc,ref         ] GC(46) Skipped KeepAliveFinalRefsPhase of Reference Processing: no references
[1561.631s][debug][gc,ref         ] GC(46) Skipped PhantomRefsPhase of Reference Processing: no references
[1561.631s][debug][gc,phases      ] GC(46) Reference Processing 0.100ms
[1561.631s][debug][gc,phases      ] GC(46)   VM Weak                        Min: 0.00, Avg: 0.00, Max: 0.01, Diff: 0.01, Sum: 0.01, Workers: 4
[1561.631s][debug][gc,phases      ] GC(46)     Dead                           Min: 0, Avg:  0.0, Max: 0, Diff: 0, Sum: 0, Workers: 4
[1561.631s][debug][gc,phases      ] GC(46)     Total                          Min: 0, Avg: 229.0, Max: 916, Diff: 916, Sum: 916, Workers: 4
[1561.631s][debug][gc,phases      ] GC(46)   ObjectSynchronizer Weak        Min: 0.00, Avg: 0.00, Max: 0.00, Diff: 0.00, Sum: 0.00, Workers: 4
[1561.631s][debug][gc,phases      ] GC(46)     Dead                           Min: 0, Avg:  0.0, Max: 0, Diff: 0, Sum: 0, Workers: 4
[1561.631s][debug][gc,phases      ] GC(46)     Total                          Min: 0, Avg:  1.2, Max: 5, Diff: 5, Sum: 5, Workers: 4
[1561.631s][debug][gc,phases      ] GC(46)   JVMTI Tag Weak OopStorage      Min: 0.00, Avg: 0.00, Max: 0.00, Diff: 0.00, Sum: 0.00, Workers: 4
[1561.631s][debug][gc,phases      ] GC(46)     Dead                           Min: 0, Avg:  0.0, Max: 0, Diff: 0, Sum: 0, Workers: 4
[1561.631s][debug][gc,phases      ] GC(46)     Total                          Min: 0, Avg:  0.0, Max: 0, Diff: 0, Sum: 0, Workers: 4
[1561.631s][debug][gc,phases      ] GC(46)   StringTable Weak               Min: 0.00, Avg: 0.10, Max: 0.13, Diff: 0.13, Sum: 0.40, Workers: 4
[1561.631s][debug][gc,phases      ] GC(46)     Dead                           Min: 0, Avg:  0.0, Max: 0, Diff: 0, Sum: 0, Workers: 4
[1561.631s][debug][gc,phases      ] GC(46)     Total                          Min: 0, Avg: 12487.8, Max: 21664, Diff: 21664, Sum: 49951, Workers: 4
[1561.631s][debug][gc,phases      ] GC(46)   ResolvedMethodTable Weak       Min: 0.00, Avg: 0.03, Max: 0.04, Diff: 0.04, Sum: 0.13, Workers: 4
[1561.631s][debug][gc,phases      ] GC(46)     Dead                           Min: 0, Avg:  5.0, Max: 20, Diff: 20, Sum: 20, Workers: 4
[1561.631s][debug][gc,phases      ] GC(46)     Total                          Min: 0, Avg: 4162.0, Max: 7064, Diff: 7064, Sum: 16648, Workers: 4
[1561.631s][debug][gc,phases      ] GC(46)   JNI Weak                       Min: 0.00, Avg: 0.00, Max: 0.00, Diff: 0.00, Sum: 0.00, Workers: 4
[1561.631s][debug][gc,phases      ] GC(46)     Dead                           Min: 0, Avg:  0.0, Max: 0, Diff: 0, Sum: 0, Workers: 4
[1561.631s][debug][gc,phases      ] GC(46)     Total                          Min: 0, Avg: 13.0, Max: 48, Diff: 48, Sum: 52, Workers: 4
[1561.631s][debug][gc,phases      ] GC(46)   StringDedup Table Weak         Min: 0.00, Avg: 0.00, Max: 0.00, Diff: 0.00, Sum: 0.00, Workers: 4
[1561.631s][debug][gc,phases      ] GC(46)     Dead                           Min: 0, Avg:  0.0, Max: 0, Diff: 0, Sum: 0, Workers: 4
[1561.631s][debug][gc,phases      ] GC(46)     Total                          Min: 0, Avg:  0.0, Max: 0, Diff: 0, Sum: 0, Workers: 4
[1561.631s][debug][gc,phases      ] GC(46)   StringDedup Requests0 Weak     Min: 0.00, Avg: 0.00, Max: 0.00, Diff: 0.00, Sum: 0.00, Workers: 4
[1561.631s][debug][gc,phases      ] GC(46)     Dead                           Min: 0, Avg:  0.0, Max: 0, Diff: 0, Sum: 0, Workers: 4
[1561.631s][debug][gc,phases      ] GC(46)     Total                          Min: 0, Avg:  0.0, Max: 0, Diff: 0, Sum: 0, Workers: 4
[1561.631s][debug][gc,phases      ] GC(46)   StringDedup Requests1 Weak     Min: 0.00, Avg: 0.00, Max: 0.00, Diff: 0.00, Sum: 0.00, Workers: 4
[1561.631s][debug][gc,phases      ] GC(46)     Dead                           Min: 0, Avg:  0.0, Max: 0, Diff: 0, Sum: 0, Workers: 4
[1561.631s][debug][gc,phases      ] GC(46)     Total                          Min: 0, Avg:  0.0, Max: 0, Diff: 0, Sum: 0, Workers: 4
[1561.631s][debug][gc,phases      ] GC(46)   Weak JFR Old Object Samples    Min: 0.00, Avg: 0.00, Max: 0.00, Diff: 0.00, Sum: 0.00, Workers: 4
[1561.631s][debug][gc,phases      ] GC(46)     Dead                           Min: 0, Avg:  0.0, Max: 0, Diff: 0, Sum: 0, Workers: 4
[1561.631s][debug][gc,phases      ] GC(46)     Total                          Min: 0, Avg:  0.0, Max: 0, Diff: 0, Sum: 0, Workers: 4
[1561.631s][debug][gc,phases      ] GC(46) Weak Processing 0.357ms
[1561.631s][debug][gc,age         ] GC(46) Desired survivor size 66584576 bytes, new threshold 1 (max threshold 15)
[1561.631s][info ][gc,heap        ] GC(46) PSYoungGen: 1943440K(2015744K)->3408K(2032128K) Eden: 1940480K(1940480K)->0K(1961984K) From: 2960K(75264K)->3408K(70144K)
[1561.631s][info ][gc,heap        ] GC(46) ParOldGen: 346630K(347136K)->347354K(347648K)
[1561.631s][info ][gc,metaspace   ] GC(46) Metaspace: 108825K(110016K)->108825K(110016K) NonClass: 92812K(93504K)->92812K(93504K) Class: 16013K(16512K)->16013K(16512K)
[1561.631s][info ][gc             ] GC(46) Pause Young (Allocation Failure) 2236M->342M(2324M) 3.510ms
[1561.631s][info ][gc,cpu         ] GC(46) User=0.01s Sys=0.00s Real=0.00s
[1561.631s][info ][safepoint      ] Safepoint "ParallelCollectForAllocation", Time since last: 54250796978 ns, Reaching safepoint: 27700 ns, At safepoint: 3576385 ns, Leaving safepoint: 19700 ns, Total: 3623785 ns, Threads: 0 runnable, 30 total
[1615.174s][info ][gc,start       ] GC(47) Pause Young (Allocation Failure)
[1615.177s][debug][gc,phases      ] GC(47) Scavenge 3.220ms
[1615.177s][debug][gc,ref         ] GC(47) ReferenceProcessor::execute queues: 1, RefProcThreadModel::Single, marks_oops_alive: false
[1615.177s][debug][gc,ref         ] GC(47) Skipped KeepAliveFinalRefsPhase of Reference Processing: no references
[1615.177s][debug][gc,ref         ] GC(47) Skipped PhantomRefsPhase of Reference Processing: no references
[1615.177s][debug][gc,phases      ] GC(47) Reference Processing 0.098ms
[1615.177s][debug][gc,phases      ] GC(47)   VM Weak                        Min: 0.00, Avg: 0.00, Max: 0.01, Diff: 0.01, Sum: 0.01, Workers: 4
[1615.177s][debug][gc,phases      ] GC(47)     Dead                           Min: 0, Avg:  0.0, Max: 0, Diff: 0, Sum: 0, Workers: 4
[1615.177s][debug][gc,phases      ] GC(47)     Total                          Min: 0, Avg: 229.0, Max: 704, Diff: 704, Sum: 916, Workers: 4
[1615.177s][debug][gc,phases      ] GC(47)   ObjectSynchronizer Weak        Min: 0.00, Avg: 0.00, Max: 0.00, Diff: 0.00, Sum: 0.00, Workers: 4
[1615.177s][debug][gc,phases      ] GC(47)     Dead                           Min: 0, Avg:  0.0, Max: 0, Diff: 0, Sum: 0, Workers: 4
[1615.177s][debug][gc,phases      ] GC(47)     Total                          Min: 0, Avg:  1.5, Max: 6, Diff: 6, Sum: 6, Workers: 4
[1615.177s][debug][gc,phases      ] GC(47)   JVMTI Tag Weak OopStorage      Min: 0.00, Avg: 0.00, Max: 0.00, Diff: 0.00, Sum: 0.00, Workers: 4
[1615.177s][debug][gc,phases      ] GC(47)     Dead                           Min: 0, Avg:  0.0, Max: 0, Diff: 0, Sum: 0, Workers: 4
[1615.177s][debug][gc,phases      ] GC(47)     Total                          Min: 0, Avg:  0.0, Max: 0, Diff: 0, Sum: 0, Workers: 4
[1615.177s][debug][gc,phases      ] GC(47)   StringTable Weak               Min: 0.12, Avg: 0.12, Max: 0.12, Diff: 0.00, Sum: 0.48, Workers: 4
[1615.177s][debug][gc,phases      ] GC(47)     Dead                           Min: 0, Avg:  0.0, Max: 0, Diff: 0, Sum: 0, Workers: 4
[1615.177s][debug][gc,phases      ] GC(47)     Total                          Min: 12192, Avg: 12487.8, Max: 12799, Diff: 607, Sum: 49951, Workers: 4
[1615.177s][debug][gc,phases      ] GC(47)   ResolvedMethodTable Weak       Min: 0.04, Avg: 0.04, Max: 0.04, Diff: 0.00, Sum: 0.15, Workers: 4
[1615.177s][debug][gc,phases      ] GC(47)     Dead                           Min: 0, Avg:  5.0, Max: 20, Diff: 20, Sum: 20, Workers: 4
[1615.177s][debug][gc,phases      ] GC(47)     Total                          Min: 4054, Avg: 4162.0, Max: 4223, Diff: 169, Sum: 16648, Workers: 4
[1615.177s][debug][gc,phases      ] GC(47)   JNI Weak                       Min: 0.00, Avg: 0.00, Max: 0.00, Diff: 0.00, Sum: 0.00, Workers: 4
[1615.177s][debug][gc,phases      ] GC(47)     Dead                           Min: 0, Avg:  0.0, Max: 0, Diff: 0, Sum: 0, Workers: 4
[1615.177s][debug][gc,phases      ] GC(47)     Total                          Min: 0, Avg: 13.0, Max: 48, Diff: 48, Sum: 52, Workers: 4
[1615.177s][debug][gc,phases      ] GC(47)   StringDedup Table Weak         Min: 0.00, Avg: 0.00, Max: 0.00, Diff: 0.00, Sum: 0.00, Workers: 4
[1615.177s][debug][gc,phases      ] GC(47)     Dead                           Min: 0, Avg:  0.0, Max: 0, Diff: 0, Sum: 0, Workers: 4
[1615.177s][debug][gc,phases      ] GC(47)     Total                          Min: 0, Avg:  0.0, Max: 0, Diff: 0, Sum: 0, Workers: 4
[1615.178s][debug][gc,phases      ] GC(47)   StringDedup Requests0 Weak     Min: 0.00, Avg: 0.00, Max: 0.00, Diff: 0.00, Sum: 0.00, Workers: 4
[1615.178s][debug][gc,phases      ] GC(47)     Dead                           Min: 0, Avg:  0.0, Max: 0, Diff: 0, Sum: 0, Workers: 4
[1615.178s][debug][gc,phases      ] GC(47)     Total                          Min: 0, Avg:  0.0, Max: 0, Diff: 0, Sum: 0, Workers: 4
[1615.178s][debug][gc,phases      ] GC(47)   StringDedup Requests1 Weak     Min: 0.00, Avg: 0.00, Max: 0.00, Diff: 0.00, Sum: 0.00, Workers: 4
[1615.178s][debug][gc,phases      ] GC(47)     Dead                           Min: 0, Avg:  0.0, Max: 0, Diff: 0, Sum: 0, Workers: 4
[1615.178s][debug][gc,phases      ] GC(47)     Total                          Min: 0, Avg:  0.0, Max: 0, Diff: 0, Sum: 0, Workers: 4
[1615.178s][debug][gc,phases      ] GC(47)   Weak JFR Old Object Samples    Min: 0.00, Avg: 0.00, Max: 0.00, Diff: 0.00, Sum: 0.00, Workers: 4
[1615.178s][debug][gc,phases      ] GC(47)     Dead                           Min: 0, Avg:  0.0, Max: 0, Diff: 0, Sum: 0, Workers: 4
[1615.178s][debug][gc,phases      ] GC(47)     Total                          Min: 0, Avg:  0.0, Max: 0, Diff: 0, Sum: 0, Workers: 4
[1615.178s][debug][gc,phases      ] GC(47) Weak Processing 0.373ms
[1615.178s][debug][gc,age         ] GC(47) Desired survivor size 61341696 bytes, new threshold 1 (max threshold 15)
[1615.178s][info ][gc,heap        ] GC(47) PSYoungGen: 1965392K(2032128K)->4240K(2027008K) Eden: 1961984K(1961984K)->0K(1961984K) From: 3408K(70144K)->4240K(65024K)
[1615.178s][info ][gc,heap        ] GC(47) ParOldGen: 347354K(347648K)->348718K(349184K)
[1615.178s][info ][gc,metaspace   ] GC(47) Metaspace: 108825K(110016K)->108825K(110016K) NonClass: 92812K(93504K)->92812K(93504K) Class: 16013K(16512K)->16013K(16512K)
[1615.178s][info ][gc             ] GC(47) Pause Young (Allocation Failure) 2258M->344M(2320M) 3.802ms
[1615.178s][info ][gc,cpu         ] GC(47) User=0.02s Sys=0.00s Real=0.00s
[1615.178s][info ][safepoint      ] Safepoint "ParallelCollectForAllocation", Time since last: 53542548555 ns, Reaching safepoint: 5200 ns, At safepoint: 3857784 ns, Leaving safepoint: 1900 ns, Total: 3864884 ns, Threads: 0 runnable, 26 total
[1666.814s][info ][gc,start       ] GC(48) Pause Young (Allocation Failure)
[1666.817s][debug][gc,phases      ] GC(48) Scavenge 3.370ms
[1666.817s][debug][gc,ref         ] GC(48) ReferenceProcessor::execute queues: 1, RefProcThreadModel::Single, marks_oops_alive: false
[1666.817s][debug][gc,ref         ] GC(48) Skipped KeepAliveFinalRefsPhase of Reference Processing: no references
[1666.817s][debug][gc,ref         ] GC(48) Skipped PhantomRefsPhase of Reference Processing: no references
[1666.817s][debug][gc,phases      ] GC(48) Reference Processing 0.103ms
[1666.818s][debug][gc,phases      ] GC(48)   VM Weak                        Min: 0.00, Avg: 0.00, Max: 0.01, Diff: 0.01, Sum: 0.01, Workers: 4
[1666.818s][debug][gc,phases      ] GC(48)     Dead                           Min: 0, Avg:  0.0, Max: 0, Diff: 0, Sum: 0, Workers: 4
[1666.818s][debug][gc,phases      ] GC(48)     Total                          Min: 0, Avg: 229.0, Max: 576, Diff: 576, Sum: 916, Workers: 4
[1666.818s][debug][gc,phases      ] GC(48)   ObjectSynchronizer Weak        Min: 0.00, Avg: 0.00, Max: 0.00, Diff: 0.00, Sum: 0.00, Workers: 4
[1666.818s][debug][gc,phases      ] GC(48)     Dead                           Min: 0, Avg:  0.0, Max: 0, Diff: 0, Sum: 0, Workers: 4
[1666.818s][debug][gc,phases      ] GC(48)     Total                          Min: 0, Avg:  1.5, Max: 6, Diff: 6, Sum: 6, Workers: 4
[1666.818s][debug][gc,phases      ] GC(48)   JVMTI Tag Weak OopStorage      Min: 0.00, Avg: 0.00, Max: 0.00, Diff: 0.00, Sum: 0.00, Workers: 4
[1666.818s][debug][gc,phases      ] GC(48)     Dead                           Min: 0, Avg:  0.0, Max: 0, Diff: 0, Sum: 0, Workers: 4
[1666.818s][debug][gc,phases      ] GC(48)     Total                          Min: 0, Avg:  0.0, Max: 0, Diff: 0, Sum: 0, Workers: 4
[1666.818s][debug][gc,phases      ] GC(48)   StringTable Weak               Min: 0.00, Avg: 0.10, Max: 0.13, Diff: 0.13, Sum: 0.40, Workers: 4
[1666.818s][debug][gc,phases      ] GC(48)     Dead                           Min: 0, Avg:  0.0, Max: 0, Diff: 0, Sum: 0, Workers: 4
[1666.818s][debug][gc,phases      ] GC(48)     Total                          Min: 0, Avg: 12487.8, Max: 21088, Diff: 21088, Sum: 49951, Workers: 4
[1666.818s][debug][gc,phases      ] GC(48)   ResolvedMethodTable Weak       Min: 0.00, Avg: 0.03, Max: 0.04, Diff: 0.04, Sum: 0.13, Workers: 4
[1666.818s][debug][gc,phases      ] GC(48)     Dead                           Min: 0, Avg:  5.0, Max: 20, Diff: 20, Sum: 20, Workers: 4
[1666.818s][debug][gc,phases      ] GC(48)     Total                          Min: 0, Avg: 4162.0, Max: 7221, Diff: 7221, Sum: 16648, Workers: 4
[1666.818s][debug][gc,phases      ] GC(48)   JNI Weak                       Min: 0.00, Avg: 0.00, Max: 0.00, Diff: 0.00, Sum: 0.00, Workers: 4
[1666.818s][debug][gc,phases      ] GC(48)     Dead                           Min: 0, Avg:  0.0, Max: 0, Diff: 0, Sum: 0, Workers: 4
[1666.818s][debug][gc,phases      ] GC(48)     Total                          Min: 0, Avg: 13.0, Max: 48, Diff: 48, Sum: 52, Workers: 4
[1666.818s][debug][gc,phases      ] GC(48)   StringDedup Table Weak         Min: 0.00, Avg: 0.00, Max: 0.00, Diff: 0.00, Sum: 0.00, Workers: 4
[1666.818s][debug][gc,phases      ] GC(48)     Dead                           Min: 0, Avg:  0.0, Max: 0, Diff: 0, Sum: 0, Workers: 4
[1666.818s][debug][gc,phases      ] GC(48)     Total                          Min: 0, Avg:  0.0, Max: 0, Diff: 0, Sum: 0, Workers: 4
[1666.818s][debug][gc,phases      ] GC(48)   StringDedup Requests0 Weak     Min: 0.00, Avg: 0.00, Max: 0.00, Diff: 0.00, Sum: 0.00, Workers: 4
[1666.818s][debug][gc,phases      ] GC(48)     Dead                           Min: 0, Avg:  0.0, Max: 0, Diff: 0, Sum: 0, Workers: 4
[1666.818s][debug][gc,phases      ] GC(48)     Total                          Min: 0, Avg:  0.0, Max: 0, Diff: 0, Sum: 0, Workers: 4
[1666.818s][debug][gc,phases      ] GC(48)   StringDedup Requests1 Weak     Min: 0.00, Avg: 0.00, Max: 0.00, Diff: 0.00, Sum: 0.00, Workers: 4
[1666.818s][debug][gc,phases      ] GC(48)     Dead                           Min: 0, Avg:  0.0, Max: 0, Diff: 0, Sum: 0, Workers: 4
[1666.818s][debug][gc,phases      ] GC(48)     Total                          Min: 0, Avg:  0.0, Max: 0, Diff: 0, Sum: 0, Workers: 4
[1666.818s][debug][gc,phases      ] GC(48)   Weak JFR Old Object Samples    Min: 0.00, Avg: 0.00, Max: 0.00, Diff: 0.00, Sum: 0.00, Workers: 4
[1666.818s][debug][gc,phases      ] GC(48)     Dead                           Min: 0, Avg:  0.0, Max: 0, Diff: 0, Sum: 0, Workers: 4
[1666.818s][debug][gc,phases      ] GC(48)     Total                          Min: 0, Avg:  0.0, Max: 0, Diff: 0, Sum: 0, Workers: 4
[1666.818s][debug][gc,phases      ] GC(48) Weak Processing 0.366ms
[1666.818s][debug][gc,age         ] GC(48) Desired survivor size 56623104 bytes, new threshold 1 (max threshold 15)
[1666.818s][info ][gc,heap        ] GC(48) PSYoungGen: 1966224K(2027008K)->4032K(2041856K) Eden: 1961984K(1961984K)->0K(1981952K) From: 4240K(65024K)->4032K(59904K)
[1666.818s][info ][gc,heap        ] GC(48) ParOldGen: 348718K(349184K)->349867K(350208K)
[1666.818s][info ][gc,metaspace   ] GC(48) Metaspace: 108829K(110016K)->108829K(110016K) NonClass: 92816K(93504K)->92816K(93504K) Class: 16013K(16512K)->16013K(16512K)
[1666.818s][info ][gc             ] GC(48) Pause Young (Allocation Failure) 2260M->345M(2336M) 3.942ms
[1666.818s][info ][gc,cpu         ] GC(48) User=0.01s Sys=0.00s Real=0.00s
[1666.818s][info ][safepoint      ] Safepoint "ParallelCollectForAllocation", Time since last: 51636133180 ns, Reaching safepoint: 19400 ns, At safepoint: 4003584 ns, Leaving safepoint: 2900 ns, Total: 4025884 ns, Threads: 0 runnable, 26 total
[1695.860s][info ][gc,start       ] GC(49) Pause Young (Allocation Failure)
[1695.880s][debug][gc,phases      ] GC(49) Scavenge 20.690ms
[1695.880s][debug][gc,ref         ] GC(49) ReferenceProcessor::execute queues: 1, RefProcThreadModel::Single, marks_oops_alive: false
[1695.880s][debug][gc,ref         ] GC(49) Skipped KeepAliveFinalRefsPhase of Reference Processing: no references
[1695.880s][debug][gc,ref         ] GC(49) Skipped PhantomRefsPhase of Reference Processing: no references
[1695.880s][debug][gc,phases      ] GC(49) Reference Processing 0.102ms
[1695.881s][debug][gc,phases      ] GC(49)   VM Weak                        Min: 0.00, Avg: 0.00, Max: 0.01, Diff: 0.01, Sum: 0.01, Workers: 4
[1695.881s][debug][gc,phases      ] GC(49)     Dead                           Min: 0, Avg:  0.0, Max: 0, Diff: 0, Sum: 0, Workers: 4
[1695.881s][debug][gc,phases      ] GC(49)     Total                          Min: 0, Avg: 229.0, Max: 896, Diff: 896, Sum: 916, Workers: 4
[1695.881s][debug][gc,phases      ] GC(49)   ObjectSynchronizer Weak        Min: 0.00, Avg: 0.00, Max: 0.00, Diff: 0.00, Sum: 0.00, Workers: 4
[1695.881s][debug][gc,phases      ] GC(49)     Dead                           Min: 0, Avg:  0.0, Max: 0, Diff: 0, Sum: 0, Workers: 4
[1695.881s][debug][gc,phases      ] GC(49)     Total                          Min: 0, Avg:  1.8, Max: 7, Diff: 7, Sum: 7, Workers: 4
[1695.881s][debug][gc,phases      ] GC(49)   JVMTI Tag Weak OopStorage      Min: 0.00, Avg: 0.00, Max: 0.00, Diff: 0.00, Sum: 0.00, Workers: 4
[1695.881s][debug][gc,phases      ] GC(49)     Dead                           Min: 0, Avg:  0.0, Max: 0, Diff: 0, Sum: 0, Workers: 4
[1695.881s][debug][gc,phases      ] GC(49)     Total                          Min: 0, Avg:  0.0, Max: 0, Diff: 0, Sum: 0, Workers: 4
[1695.881s][debug][gc,phases      ] GC(49)   StringTable Weak               Min: 0.00, Avg: 0.10, Max: 0.14, Diff: 0.14, Sum: 0.41, Workers: 4
[1695.881s][debug][gc,phases      ] GC(49)     Dead                           Min: 0, Avg:  0.0, Max: 0, Diff: 0, Sum: 0, Workers: 4
[1695.881s][debug][gc,phases      ] GC(49)     Total                          Min: 0, Avg: 12488.5, Max: 20735, Diff: 20735, Sum: 49954, Workers: 4
[1695.881s][debug][gc,phases      ] GC(49)   ResolvedMethodTable Weak       Min: 0.00, Avg: 0.03, Max: 0.04, Diff: 0.04, Sum: 0.13, Workers: 4
[1695.881s][debug][gc,phases      ] GC(49)     Dead                           Min: 0, Avg:  5.0, Max: 20, Diff: 20, Sum: 20, Workers: 4
[1695.881s][debug][gc,phases      ] GC(49)     Total                          Min: 0, Avg: 4162.0, Max: 6869, Diff: 6869, Sum: 16648, Workers: 4
[1695.881s][debug][gc,phases      ] GC(49)   JNI Weak                       Min: 0.00, Avg: 0.00, Max: 0.00, Diff: 0.00, Sum: 0.00, Workers: 4
[1695.881s][debug][gc,phases      ] GC(49)     Dead                           Min: 0, Avg:  0.0, Max: 0, Diff: 0, Sum: 0, Workers: 4
[1695.881s][debug][gc,phases      ] GC(49)     Total                          Min: 0, Avg: 13.0, Max: 48, Diff: 48, Sum: 52, Workers: 4
[1695.881s][debug][gc,phases      ] GC(49)   StringDedup Table Weak         Min: 0.00, Avg: 0.00, Max: 0.00, Diff: 0.00, Sum: 0.00, Workers: 4
[1695.881s][debug][gc,phases      ] GC(49)     Dead                           Min: 0, Avg:  0.0, Max: 0, Diff: 0, Sum: 0, Workers: 4
[1695.881s][debug][gc,phases      ] GC(49)     Total                          Min: 0, Avg:  0.0, Max: 0, Diff: 0, Sum: 0, Workers: 4
[1695.881s][debug][gc,phases      ] GC(49)   StringDedup Requests0 Weak     Min: 0.00, Avg: 0.00, Max: 0.00, Diff: 0.00, Sum: 0.00, Workers: 4
[1695.881s][debug][gc,phases      ] GC(49)     Dead                           Min: 0, Avg:  0.0, Max: 0, Diff: 0, Sum: 0, Workers: 4
[1695.881s][debug][gc,phases      ] GC(49)     Total                          Min: 0, Avg:  0.0, Max: 0, Diff: 0, Sum: 0, Workers: 4
[1695.881s][debug][gc,phases      ] GC(49)   StringDedup Requests1 Weak     Min: 0.00, Avg: 0.00, Max: 0.00, Diff: 0.00, Sum: 0.00, Workers: 4
[1695.881s][debug][gc,phases      ] GC(49)     Dead                           Min: 0, Avg:  0.0, Max: 0, Diff: 0, Sum: 0, Workers: 4
[1695.881s][debug][gc,phases      ] GC(49)     Total                          Min: 0, Avg:  0.0, Max: 0, Diff: 0, Sum: 0, Workers: 4
[1695.881s][debug][gc,phases      ] GC(49)   Weak JFR Old Object Samples    Min: 0.00, Avg: 0.00, Max: 0.00, Diff: 0.00, Sum: 0.00, Workers: 4
[1695.881s][debug][gc,phases      ] GC(49)     Dead                           Min: 0, Avg:  0.0, Max: 0, Diff: 0, Sum: 0, Workers: 4
[1695.881s][debug][gc,phases      ] GC(49)     Total                          Min: 0, Avg:  0.0, Max: 0, Diff: 0, Sum: 0, Workers: 4
[1695.881s][debug][gc,phases      ] GC(49) Weak Processing 0.343ms
[1695.881s][debug][gc,age         ] GC(49) Desired survivor size 73924608 bytes, new threshold 1 (max threshold 15)
[1695.881s][info ][gc,heap        ] GC(49) PSYoungGen: 1985984K(2041856K)->55281K(2037248K) Eden: 1981952K(1981952K)->0K(1981952K) From: 4032K(59904K)->55281K(55296K)
[1695.881s][info ][gc,heap        ] GC(49) ParOldGen: 349867K(350208K)->360800K(360960K)
[1695.881s][info ][gc,metaspace   ] GC(49) Metaspace: 108845K(110016K)->108845K(110016K) NonClass: 92832K(93504K)->92832K(93504K) Class: 16013K(16512K)->16013K(16512K)
[1695.881s][info ][gc             ] GC(49) Pause Young (Allocation Failure) 2281M->406M(2342M) 21.258ms
[1695.881s][info ][gc,cpu         ] GC(49) User=0.08s Sys=0.01s Real=0.02s
[1695.881s][info ][safepoint      ] Safepoint "ParallelCollectForAllocation", Time since last: 29041709092 ns, Reaching safepoint: 6700 ns, At safepoint: 21317715 ns, Leaving safepoint: 9199 ns, Total: 21333614 ns, Threads: 0 runnable, 31 total
[1701.573s][info ][gc,start       ] GC(50) Pause Young (Allocation Failure)
[1701.621s][debug][gc,phases      ] GC(50) Scavenge 47.594ms
[1701.621s][debug][gc,ref         ] GC(50) ReferenceProcessor::execute queues: 1, RefProcThreadModel::Single, marks_oops_alive: false
[1701.621s][debug][gc,ref         ] GC(50) Skipped KeepAliveFinalRefsPhase of Reference Processing: no references
[1701.621s][debug][gc,ref         ] GC(50) ReferenceProcessor::execute queues: 1, RefProcThreadModel::Single, marks_oops_alive: false
[1701.621s][debug][gc,phases      ] GC(50) Reference Processing 0.096ms
[1701.621s][debug][gc,phases      ] GC(50)   VM Weak                        Min: 0.00, Avg: 0.00, Max: 0.01, Diff: 0.01, Sum: 0.01, Workers: 4
[1701.621s][debug][gc,phases      ] GC(50)     Dead                           Min: 0, Avg:  0.0, Max: 0, Diff: 0, Sum: 0, Workers: 4
[1701.621s][debug][gc,phases      ] GC(50)     Total                          Min: 0, Avg: 230.0, Max: 536, Diff: 536, Sum: 920, Workers: 4
[1701.621s][debug][gc,phases      ] GC(50)   ObjectSynchronizer Weak        Min: 0.00, Avg: 0.00, Max: 0.00, Diff: 0.00, Sum: 0.00, Workers: 4
[1701.621s][debug][gc,phases      ] GC(50)     Dead                           Min: 0, Avg:  0.0, Max: 0, Diff: 0, Sum: 0, Workers: 4
[1701.621s][debug][gc,phases      ] GC(50)     Total                          Min: 0, Avg:  2.0, Max: 8, Diff: 8, Sum: 8, Workers: 4
[1701.621s][debug][gc,phases      ] GC(50)   JVMTI Tag Weak OopStorage      Min: 0.00, Avg: 0.00, Max: 0.00, Diff: 0.00, Sum: 0.00, Workers: 4
[1701.621s][debug][gc,phases      ] GC(50)     Dead                           Min: 0, Avg:  0.0, Max: 0, Diff: 0, Sum: 0, Workers: 4
[1701.621s][debug][gc,phases      ] GC(50)     Total                          Min: 0, Avg:  0.0, Max: 0, Diff: 0, Sum: 0, Workers: 4
[1701.621s][debug][gc,phases      ] GC(50)   StringTable Weak               Min: 0.00, Avg: 0.10, Max: 0.13, Diff: 0.13, Sum: 0.40, Workers: 4
[1701.621s][debug][gc,phases      ] GC(50)     Dead                           Min: 0, Avg:  0.5, Max: 2, Diff: 2, Sum: 2, Workers: 4
[1701.621s][debug][gc,phases      ] GC(50)     Total                          Min: 0, Avg: 12501.5, Max: 21462, Diff: 21462, Sum: 50006, Workers: 4
[1701.621s][debug][gc,phases      ] GC(50)   ResolvedMethodTable Weak       Min: 0.00, Avg: 0.04, Max: 0.06, Diff: 0.06, Sum: 0.18, Workers: 4
[1701.621s][debug][gc,phases      ] GC(50)     Dead                           Min: 0, Avg:  1.8, Max: 7, Diff: 7, Sum: 7, Workers: 4
[1701.621s][debug][gc,phases      ] GC(50)     Total                          Min: 0, Avg: 4175.0, Max: 6656, Diff: 6656, Sum: 16700, Workers: 4
[1701.621s][debug][gc,phases      ] GC(50)   JNI Weak                       Min: 0.00, Avg: 0.00, Max: 0.00, Diff: 0.00, Sum: 0.00, Workers: 4
[1701.621s][debug][gc,phases      ] GC(50)     Dead                           Min: 0, Avg:  0.0, Max: 0, Diff: 0, Sum: 0, Workers: 4
[1701.621s][debug][gc,phases      ] GC(50)     Total                          Min: 0, Avg: 13.0, Max: 48, Diff: 48, Sum: 52, Workers: 4
[1701.621s][debug][gc,phases      ] GC(50)   StringDedup Table Weak         Min: 0.00, Avg: 0.00, Max: 0.00, Diff: 0.00, Sum: 0.00, Workers: 4
[1701.621s][debug][gc,phases      ] GC(50)     Dead                           Min: 0, Avg:  0.0, Max: 0, Diff: 0, Sum: 0, Workers: 4
[1701.621s][debug][gc,phases      ] GC(50)     Total                          Min: 0, Avg:  0.0, Max: 0, Diff: 0, Sum: 0, Workers: 4
[1701.621s][debug][gc,phases      ] GC(50)   StringDedup Requests0 Weak     Min: 0.00, Avg: 0.00, Max: 0.00, Diff: 0.00, Sum: 0.00, Workers: 4
[1701.621s][debug][gc,phases      ] GC(50)     Dead                           Min: 0, Avg:  0.0, Max: 0, Diff: 0, Sum: 0, Workers: 4
[1701.621s][debug][gc,phases      ] GC(50)     Total                          Min: 0, Avg:  0.0, Max: 0, Diff: 0, Sum: 0, Workers: 4
[1701.621s][debug][gc,phases      ] GC(50)   StringDedup Requests1 Weak     Min: 0.00, Avg: 0.00, Max: 0.00, Diff: 0.00, Sum: 0.00, Workers: 4
[1701.621s][debug][gc,phases      ] GC(50)     Dead                           Min: 0, Avg:  0.0, Max: 0, Diff: 0, Sum: 0, Workers: 4
[1701.621s][debug][gc,phases      ] GC(50)     Total                          Min: 0, Avg:  0.0, Max: 0, Diff: 0, Sum: 0, Workers: 4
[1701.621s][debug][gc,phases      ] GC(50)   Weak JFR Old Object Samples    Min: 0.00, Avg: 0.00, Max: 0.00, Diff: 0.00, Sum: 0.00, Workers: 4
[1701.621s][debug][gc,phases      ] GC(50)     Dead                           Min: 0, Avg:  0.0, Max: 0, Diff: 0, Sum: 0, Workers: 4
[1701.621s][debug][gc,phases      ] GC(50)     Total                          Min: 0, Avg:  0.0, Max: 0, Diff: 0, Sum: 0, Workers: 4
[1701.621s][debug][gc,phases      ] GC(50) Weak Processing 0.386ms
[1701.621s][debug][gc,age         ] GC(50) Desired survivor size 105906176 bytes, new threshold 1 (max threshold 15)
[1701.621s][info ][gc,heap        ] GC(50) PSYoungGen: 2037233K(2037248K)->59888K(1950208K) Eden: 1981952K(1981952K)->0K(1890304K) From: 55281K(55296K)->59888K(59904K)
[1701.621s][info ][gc,heap        ] GC(50) ParOldGen: 360800K(360960K)->414356K(414720K)
[1701.621s][info ][gc,metaspace   ] GC(50) Metaspace: 109043K(110272K)->109043K(110272K) NonClass: 93005K(93696K)->93005K(93696K) Class: 16038K(16576K)->16038K(16576K)
[1701.621s][info ][gc             ] GC(50) Pause Young (Allocation Failure) 2341M->463M(2309M) 48.199ms
[1701.621s][info ][gc,cpu         ] GC(50) User=0.11s Sys=0.06s Real=0.04s
[1701.621s][info ][safepoint      ] Safepoint "ParallelCollectForAllocation", Time since last: 5692258289 ns, Reaching safepoint: 104699 ns, At safepoint: 48276802 ns, Leaving safepoint: 9200 ns, Total: 48390701 ns, Threads: 1 runnable, 31 total
[1723.827s][info ][gc,start       ] GC(51) Pause Young (Allocation Failure)
[1723.858s][debug][gc,phases      ] GC(51) Scavenge 31.470ms
[1723.858s][debug][gc,ref         ] GC(51) ReferenceProcessor::execute queues: 1, RefProcThreadModel::Single, marks_oops_alive: false
[1723.859s][debug][gc,ref         ] GC(51) Skipped KeepAliveFinalRefsPhase of Reference Processing: no references
[1723.859s][debug][gc,ref         ] GC(51) Skipped PhantomRefsPhase of Reference Processing: no references
[1723.859s][debug][gc,phases      ] GC(51) Reference Processing 0.096ms
[1723.859s][debug][gc,phases      ] GC(51)   VM Weak                        Min: 0.00, Avg: 0.00, Max: 0.01, Diff: 0.01, Sum: 0.01, Workers: 4
[1723.859s][debug][gc,phases      ] GC(51)     Dead                           Min: 0, Avg:  0.0, Max: 0, Diff: 0, Sum: 0, Workers: 4
[1723.859s][debug][gc,phases      ] GC(51)     Total                          Min: 0, Avg: 231.2, Max: 576, Diff: 576, Sum: 925, Workers: 4
[1723.859s][debug][gc,phases      ] GC(51)   ObjectSynchronizer Weak        Min: 0.00, Avg: 0.00, Max: 0.00, Diff: 0.00, Sum: 0.00, Workers: 4
[1723.859s][debug][gc,phases      ] GC(51)     Dead                           Min: 0, Avg:  0.0, Max: 0, Diff: 0, Sum: 0, Workers: 4
[1723.859s][debug][gc,phases      ] GC(51)     Total                          Min: 0, Avg:  2.0, Max: 8, Diff: 8, Sum: 8, Workers: 4
[1723.859s][debug][gc,phases      ] GC(51)   JVMTI Tag Weak OopStorage      Min: 0.00, Avg: 0.00, Max: 0.00, Diff: 0.00, Sum: 0.00, Workers: 4
[1723.859s][debug][gc,phases      ] GC(51)     Dead                           Min: 0, Avg:  0.0, Max: 0, Diff: 0, Sum: 0, Workers: 4
[1723.859s][debug][gc,phases      ] GC(51)     Total                          Min: 0, Avg:  0.0, Max: 0, Diff: 0, Sum: 0, Workers: 4
[1723.859s][debug][gc,phases      ] GC(51)   StringTable Weak               Min: 0.00, Avg: 0.11, Max: 0.15, Diff: 0.15, Sum: 0.45, Workers: 4
[1723.859s][debug][gc,phases      ] GC(51)     Dead                           Min: 0, Avg:  0.2, Max: 1, Diff: 1, Sum: 1, Workers: 4
[1723.859s][debug][gc,phases      ] GC(51)     Total                          Min: 0, Avg: 12508.2, Max: 17087, Diff: 17087, Sum: 50033, Workers: 4
[1723.859s][debug][gc,phases      ] GC(51)   ResolvedMethodTable Weak       Min: 0.00, Avg: 0.04, Max: 0.05, Diff: 0.05, Sum: 0.15, Workers: 4
[1723.859s][debug][gc,phases      ] GC(51)     Dead                           Min: 0, Avg:  5.5, Max: 21, Diff: 21, Sum: 22, Workers: 4
[1723.859s][debug][gc,phases      ] GC(51)     Total                          Min: 0, Avg: 4183.0, Max: 5824, Diff: 5824, Sum: 16732, Workers: 4
[1723.859s][debug][gc,phases      ] GC(51)   JNI Weak                       Min: 0.00, Avg: 0.00, Max: 0.00, Diff: 0.00, Sum: 0.00, Workers: 4
[1723.859s][debug][gc,phases      ] GC(51)     Dead                           Min: 0, Avg:  0.0, Max: 0, Diff: 0, Sum: 0, Workers: 4
[1723.859s][debug][gc,phases      ] GC(51)     Total                          Min: 0, Avg: 13.0, Max: 52, Diff: 52, Sum: 52, Workers: 4
[1723.859s][debug][gc,phases      ] GC(51)   StringDedup Table Weak         Min: 0.00, Avg: 0.00, Max: 0.00, Diff: 0.00, Sum: 0.00, Workers: 4
[1723.859s][debug][gc,phases      ] GC(51)     Dead                           Min: 0, Avg:  0.0, Max: 0, Diff: 0, Sum: 0, Workers: 4
[1723.859s][debug][gc,phases      ] GC(51)     Total                          Min: 0, Avg:  0.0, Max: 0, Diff: 0, Sum: 0, Workers: 4
[1723.859s][debug][gc,phases      ] GC(51)   StringDedup Requests0 Weak     Min: 0.00, Avg: 0.00, Max: 0.00, Diff: 0.00, Sum: 0.00, Workers: 4
[1723.859s][debug][gc,phases      ] GC(51)     Dead                           Min: 0, Avg:  0.0, Max: 0, Diff: 0, Sum: 0, Workers: 4
[1723.859s][debug][gc,phases      ] GC(51)     Total                          Min: 0, Avg:  0.0, Max: 0, Diff: 0, Sum: 0, Workers: 4
[1723.859s][debug][gc,phases      ] GC(51)   StringDedup Requests1 Weak     Min: 0.00, Avg: 0.00, Max: 0.00, Diff: 0.00, Sum: 0.00, Workers: 4
[1723.859s][debug][gc,phases      ] GC(51)     Dead                           Min: 0, Avg:  0.0, Max: 0, Diff: 0, Sum: 0, Workers: 4
[1723.859s][debug][gc,phases      ] GC(51)     Total                          Min: 0, Avg:  0.0, Max: 0, Diff: 0, Sum: 0, Workers: 4
[1723.859s][debug][gc,phases      ] GC(51)   Weak JFR Old Object Samples    Min: 0.00, Avg: 0.00, Max: 0.00, Diff: 0.00, Sum: 0.00, Workers: 4
[1723.859s][debug][gc,phases      ] GC(51)     Dead                           Min: 0, Avg:  0.0, Max: 0, Diff: 0, Sum: 0, Workers: 4
[1723.859s][debug][gc,phases      ] GC(51)     Total                          Min: 0, Avg:  0.0, Max: 0, Diff: 0, Sum: 0, Workers: 4
[1723.859s][debug][gc,phases      ] GC(51) Weak Processing 0.370ms
[1723.859s][debug][gc,age         ] GC(51) Desired survivor size 101187584 bytes, new threshold 1 (max threshold 15)
[1723.859s][info ][gc,heap        ] GC(51) PSYoungGen: 1950192K(1950208K)->5184K(1993728K) Eden: 1890304K(1890304K)->0K(1890304K) From: 59888K(59904K)->5184K(103424K)
[1723.859s][info ][gc,heap        ] GC(51) ParOldGen: 414356K(414720K)->477891K(478208K)
[1723.859s][info ][gc,metaspace   ] GC(51) Metaspace: 109159K(110400K)->109159K(110400K) NonClass: 93111K(93824K)->93111K(93824K) Class: 16048K(16576K)->16048K(16576K)
[1723.859s][info ][gc             ] GC(51) Pause Young (Allocation Failure) 2309M->471M(2414M) 32.057ms
[1723.859s][info ][gc,cpu         ] GC(51) User=0.08s Sys=0.04s Real=0.03s
[1723.859s][info ][safepoint      ] Safepoint "ParallelCollectForAllocation", Time since last: 22205300451 ns, Reaching safepoint: 80999 ns, At safepoint: 32124161 ns, Leaving safepoint: 10100 ns, Total: 32215260 ns, Threads: 1 runnable, 31 total
[1739.775s][info ][gc,start       ] GC(52) Pause Young (Allocation Failure)
[1739.792s][debug][gc,phases      ] GC(52) Scavenge 17.710ms
[1739.793s][debug][gc,ref         ] GC(52) ReferenceProcessor::execute queues: 1, RefProcThreadModel::Single, marks_oops_alive: false
[1739.793s][debug][gc,ref         ] GC(52) Skipped KeepAliveFinalRefsPhase of Reference Processing: no references
[1739.793s][debug][gc,ref         ] GC(52) Skipped PhantomRefsPhase of Reference Processing: no references
[1739.793s][debug][gc,phases      ] GC(52) Reference Processing 0.098ms
[1739.793s][debug][gc,phases      ] GC(52)   VM Weak                        Min: 0.00, Avg: 0.00, Max: 0.01, Diff: 0.00, Sum: 0.01, Workers: 4
[1739.793s][debug][gc,phases      ] GC(52)     Dead                           Min: 0, Avg:  0.0, Max: 0, Diff: 0, Sum: 0, Workers: 4
[1739.793s][debug][gc,phases      ] GC(52)     Total                          Min: 0, Avg: 231.2, Max: 477, Diff: 477, Sum: 925, Workers: 4
[1739.793s][debug][gc,phases      ] GC(52)   ObjectSynchronizer Weak        Min: 0.00, Avg: 0.00, Max: 0.00, Diff: 0.00, Sum: 0.00, Workers: 4
[1739.793s][debug][gc,phases      ] GC(52)     Dead                           Min: 0, Avg:  0.0, Max: 0, Diff: 0, Sum: 0, Workers: 4
[1739.793s][debug][gc,phases      ] GC(52)     Total                          Min: 0, Avg:  2.5, Max: 10, Diff: 10, Sum: 10, Workers: 4
[1739.793s][debug][gc,phases      ] GC(52)   JVMTI Tag Weak OopStorage      Min: 0.00, Avg: 0.00, Max: 0.00, Diff: 0.00, Sum: 0.00, Workers: 4
[1739.793s][debug][gc,phases      ] GC(52)     Dead                           Min: 0, Avg:  0.0, Max: 0, Diff: 0, Sum: 0, Workers: 4
[1739.793s][debug][gc,phases      ] GC(52)     Total                          Min: 0, Avg:  0.0, Max: 0, Diff: 0, Sum: 0, Workers: 4
[1739.793s][debug][gc,phases      ] GC(52)   StringTable Weak               Min: 0.12, Avg: 0.12, Max: 0.12, Diff: 0.00, Sum: 0.47, Workers: 4
[1739.793s][debug][gc,phases      ] GC(52)     Dead                           Min: 0, Avg:  0.2, Max: 1, Diff: 1, Sum: 1, Workers: 4
[1739.793s][debug][gc,phases      ] GC(52)     Total                          Min: 12288, Avg: 12512.2, Max: 12672, Diff: 384, Sum: 50049, Workers: 4
[1739.793s][debug][gc,phases      ] GC(52)   ResolvedMethodTable Weak       Min: 0.04, Avg: 0.04, Max: 0.04, Diff: 0.00, Sum: 0.15, Workers: 4
[1739.793s][debug][gc,phases      ] GC(52)     Dead                           Min: 0, Avg:  0.8, Max: 3, Diff: 3, Sum: 3, Workers: 4
[1739.793s][debug][gc,phases      ] GC(52)     Total                          Min: 4094, Avg: 4186.2, Max: 4267, Diff: 173, Sum: 16745, Workers: 4
[1739.793s][debug][gc,phases      ] GC(52)   JNI Weak                       Min: 0.00, Avg: 0.00, Max: 0.00, Diff: 0.00, Sum: 0.00, Workers: 4
[1739.793s][debug][gc,phases      ] GC(52)     Dead                           Min: 0, Avg:  0.0, Max: 0, Diff: 0, Sum: 0, Workers: 4
[1739.793s][debug][gc,phases      ] GC(52)     Total                          Min: 0, Avg: 13.0, Max: 48, Diff: 48, Sum: 52, Workers: 4
[1739.793s][debug][gc,phases      ] GC(52)   StringDedup Table Weak         Min: 0.00, Avg: 0.00, Max: 0.00, Diff: 0.00, Sum: 0.00, Workers: 4
[1739.793s][debug][gc,phases      ] GC(52)     Dead                           Min: 0, Avg:  0.0, Max: 0, Diff: 0, Sum: 0, Workers: 4
[1739.793s][debug][gc,phases      ] GC(52)     Total                          Min: 0, Avg:  0.0, Max: 0, Diff: 0, Sum: 0, Workers: 4
[1739.793s][debug][gc,phases      ] GC(52)   StringDedup Requests0 Weak     Min: 0.00, Avg: 0.00, Max: 0.00, Diff: 0.00, Sum: 0.00, Workers: 4
[1739.793s][debug][gc,phases      ] GC(52)     Dead                           Min: 0, Avg:  0.0, Max: 0, Diff: 0, Sum: 0, Workers: 4
[1739.793s][debug][gc,phases      ] GC(52)     Total                          Min: 0, Avg:  0.0, Max: 0, Diff: 0, Sum: 0, Workers: 4
[1739.793s][debug][gc,phases      ] GC(52)   StringDedup Requests1 Weak     Min: 0.00, Avg: 0.00, Max: 0.00, Diff: 0.00, Sum: 0.00, Workers: 4
[1739.793s][debug][gc,phases      ] GC(52)     Dead                           Min: 0, Avg:  0.0, Max: 0, Diff: 0, Sum: 0, Workers: 4
[1739.793s][debug][gc,phases      ] GC(52)     Total                          Min: 0, Avg:  0.0, Max: 0, Diff: 0, Sum: 0, Workers: 4
[1739.793s][debug][gc,phases      ] GC(52)   Weak JFR Old Object Samples    Min: 0.00, Avg: 0.00, Max: 0.00, Diff: 0.00, Sum: 0.00, Workers: 4
[1739.793s][debug][gc,phases      ] GC(52)     Dead                           Min: 0, Avg:  0.0, Max: 0, Diff: 0, Sum: 0, Workers: 4
[1739.793s][debug][gc,phases      ] GC(52)     Total                          Min: 0, Avg:  0.0, Max: 0, Diff: 0, Sum: 0, Workers: 4
[1739.793s][debug][gc,phases      ] GC(52) Weak Processing 0.352ms
[1739.793s][debug][gc,age         ] GC(52) Desired survivor size 103809024 bytes, new threshold 1 (max threshold 15)
[1739.793s][info ][gc,heap        ] GC(52) PSYoungGen: 1895488K(1993728K)->49808K(1993216K) Eden: 1890304K(1890304K)->0K(1894400K) From: 5184K(103424K)->49808K(98816K)
[1739.793s][info ][gc,heap        ] GC(52) ParOldGen: 477891K(478208K)->480788K(481280K)
[1739.793s][info ][gc,metaspace   ] GC(52) Metaspace: 109196K(110400K)->109196K(110400K) NonClass: 93143K(93824K)->93143K(93824K) Class: 16053K(16576K)->16053K(16576K)
[1739.793s][info ][gc             ] GC(52) Pause Young (Allocation Failure) 2317M->518M(2416M) 18.288ms
[1739.793s][info ][gc,cpu         ] GC(52) User=0.07s Sys=0.01s Real=0.02s
[1739.793s][info ][safepoint      ] Safepoint "ParallelCollectForAllocation", Time since last: 15915604997 ns, Reaching safepoint: 89900 ns, At safepoint: 18352225 ns, Leaving safepoint: 142600 ns, Total: 18584725 ns, Threads: 3 runnable, 32 total
[1764.424s][info ][gc,start       ] GC(53) Pause Young (Allocation Failure)
[1764.451s][debug][gc,phases      ] GC(53) Scavenge 27.603ms
[1764.451s][debug][gc,ref         ] GC(53) Skipped SoftWeakFinalRefsPhase of Reference Processing: no references
[1764.451s][debug][gc,ref         ] GC(53) Skipped KeepAliveFinalRefsPhase of Reference Processing: no references
[1764.451s][debug][gc,ref         ] GC(53) Skipped PhantomRefsPhase of Reference Processing: no references
[1764.452s][debug][gc,phases      ] GC(53) Reference Processing 0.023ms
[1764.452s][debug][gc,phases      ] GC(53)   VM Weak                        Min: 0.00, Avg: 0.00, Max: 0.01, Diff: 0.01, Sum: 0.01, Workers: 4
[1764.452s][debug][gc,phases      ] GC(53)     Dead                           Min: 0, Avg:  0.0, Max: 0, Diff: 0, Sum: 0, Workers: 4
[1764.452s][debug][gc,phases      ] GC(53)     Total                          Min: 0, Avg: 231.2, Max: 640, Diff: 640, Sum: 925, Workers: 4
[1764.452s][debug][gc,phases      ] GC(53)   ObjectSynchronizer Weak        Min: 0.00, Avg: 0.00, Max: 0.00, Diff: 0.00, Sum: 0.00, Workers: 4
[1764.452s][debug][gc,phases      ] GC(53)     Dead                           Min: 0, Avg:  0.0, Max: 0, Diff: 0, Sum: 0, Workers: 4
[1764.452s][debug][gc,phases      ] GC(53)     Total                          Min: 0, Avg:  1.5, Max: 6, Diff: 6, Sum: 6, Workers: 4
[1764.452s][debug][gc,phases      ] GC(53)   JVMTI Tag Weak OopStorage      Min: 0.00, Avg: 0.00, Max: 0.00, Diff: 0.00, Sum: 0.00, Workers: 4
[1764.452s][debug][gc,phases      ] GC(53)     Dead                           Min: 0, Avg:  0.0, Max: 0, Diff: 0, Sum: 0, Workers: 4
[1764.452s][debug][gc,phases      ] GC(53)     Total                          Min: 0, Avg:  0.0, Max: 0, Diff: 0, Sum: 0, Workers: 4
[1764.452s][debug][gc,phases      ] GC(53)   StringTable Weak               Min: 0.00, Avg: 0.10, Max: 0.14, Diff: 0.14, Sum: 0.41, Workers: 4
[1764.452s][debug][gc,phases      ] GC(53)     Dead                           Min: 0, Avg:  0.0, Max: 0, Diff: 0, Sum: 0, Workers: 4
[1764.452s][debug][gc,phases      ] GC(53)     Total                          Min: 0, Avg: 12512.5, Max: 20994, Diff: 20994, Sum: 50050, Workers: 4
[1764.452s][debug][gc,phases      ] GC(53)   ResolvedMethodTable Weak       Min: 0.00, Avg: 0.03, Max: 0.04, Diff: 0.04, Sum: 0.13, Workers: 4
[1764.452s][debug][gc,phases      ] GC(53)     Dead                           Min: 0, Avg:  5.0, Max: 20, Diff: 20, Sum: 20, Workers: 4
[1764.452s][debug][gc,phases      ] GC(53)     Total                          Min: 0, Avg: 4186.2, Max: 7340, Diff: 7340, Sum: 16745, Workers: 4
[1764.452s][debug][gc,phases      ] GC(53)   JNI Weak                       Min: 0.00, Avg: 0.00, Max: 0.00, Diff: 0.00, Sum: 0.00, Workers: 4
[1764.452s][debug][gc,phases      ] GC(53)     Dead                           Min: 0, Avg:  0.0, Max: 0, Diff: 0, Sum: 0, Workers: 4
[1764.452s][debug][gc,phases      ] GC(53)     Total                          Min: 0, Avg: 13.0, Max: 48, Diff: 48, Sum: 52, Workers: 4
[1764.452s][debug][gc,phases      ] GC(53)   StringDedup Table Weak         Min: 0.00, Avg: 0.00, Max: 0.00, Diff: 0.00, Sum: 0.00, Workers: 4
[1764.452s][debug][gc,phases      ] GC(53)     Dead                           Min: 0, Avg:  0.0, Max: 0, Diff: 0, Sum: 0, Workers: 4
[1764.452s][debug][gc,phases      ] GC(53)     Total                          Min: 0, Avg:  0.0, Max: 0, Diff: 0, Sum: 0, Workers: 4
[1764.452s][debug][gc,phases      ] GC(53)   StringDedup Requests0 Weak     Min: 0.00, Avg: 0.00, Max: 0.00, Diff: 0.00, Sum: 0.00, Workers: 4
[1764.452s][debug][gc,phases      ] GC(53)     Dead                           Min: 0, Avg:  0.0, Max: 0, Diff: 0, Sum: 0, Workers: 4
[1764.452s][debug][gc,phases      ] GC(53)     Total                          Min: 0, Avg:  0.0, Max: 0, Diff: 0, Sum: 0, Workers: 4
[1764.452s][debug][gc,phases      ] GC(53)   StringDedup Requests1 Weak     Min: 0.00, Avg: 0.00, Max: 0.00, Diff: 0.00, Sum: 0.00, Workers: 4
[1764.452s][debug][gc,phases      ] GC(53)     Dead                           Min: 0, Avg:  0.0, Max: 0, Diff: 0, Sum: 0, Workers: 4
[1764.452s][debug][gc,phases      ] GC(53)     Total                          Min: 0, Avg:  0.0, Max: 0, Diff: 0, Sum: 0, Workers: 4
[1764.452s][debug][gc,phases      ] GC(53)   Weak JFR Old Object Samples    Min: 0.00, Avg: 0.00, Max: 0.00, Diff: 0.00, Sum: 0.00, Workers: 4
[1764.452s][debug][gc,phases      ] GC(53)     Dead                           Min: 0, Avg:  0.0, Max: 0, Diff: 0, Sum: 0, Workers: 4
[1764.452s][debug][gc,phases      ] GC(53)     Total                          Min: 0, Avg:  0.0, Max: 0, Diff: 0, Sum: 0, Workers: 4
[1764.452s][debug][gc,phases      ] GC(53) Weak Processing 0.363ms
[1764.452s][debug][gc,age         ] GC(53) Desired survivor size 101711872 bytes, new threshold 1 (max threshold 15)
[1764.452s][info ][gc,heap        ] GC(53) PSYoungGen: 1944208K(1993216K)->39169K(1995776K) Eden: 1894400K(1894400K)->0K(1894400K) From: 49808K(98816K)->39169K(101376K)
[1764.452s][info ][gc,heap        ] GC(53) ParOldGen: 480788K(481280K)->519781K(520192K)
[1764.452s][info ][gc,metaspace   ] GC(53) Metaspace: 109212K(110400K)->109212K(110400K) NonClass: 93159K(93824K)->93159K(93824K) Class: 16053K(16576K)->16053K(16576K)
[1764.452s][info ][gc             ] GC(53) Pause Young (Allocation Failure) 2368M->545M(2457M) 28.120ms
[1764.452s][info ][gc,cpu         ] GC(53) User=0.08s Sys=0.03s Real=0.02s
[1764.452s][info ][safepoint      ] Safepoint "ParallelCollectForAllocation", Time since last: 24630503490 ns, Reaching safepoint: 98200 ns, At safepoint: 28184091 ns, Leaving safepoint: 9000 ns, Total: 28291291 ns, Threads: 1 runnable, 32 total
[1818.483s][info ][gc,start       ] GC(54) Pause Young (Allocation Failure)
[1818.529s][debug][gc,phases      ] GC(54) Scavenge 45.886ms
[1818.529s][debug][gc,ref         ] GC(54) ReferenceProcessor::execute queues: 1, RefProcThreadModel::Single, marks_oops_alive: false
[1818.529s][debug][gc,ref         ] GC(54) Skipped KeepAliveFinalRefsPhase of Reference Processing: no references
[1818.529s][debug][gc,ref         ] GC(54) Skipped PhantomRefsPhase of Reference Processing: no references
[1818.529s][debug][gc,phases      ] GC(54) Reference Processing 0.123ms
[1818.530s][debug][gc,phases      ] GC(54)   VM Weak                        Min: 0.00, Avg: 0.00, Max: 0.01, Diff: 0.01, Sum: 0.01, Workers: 4
[1818.530s][debug][gc,phases      ] GC(54)     Dead                           Min: 0, Avg:  0.0, Max: 0, Diff: 0, Sum: 0, Workers: 4
[1818.530s][debug][gc,phases      ] GC(54)     Total                          Min: 0, Avg: 231.2, Max: 669, Diff: 669, Sum: 925, Workers: 4
[1818.530s][debug][gc,phases      ] GC(54)   ObjectSynchronizer Weak        Min: 0.00, Avg: 0.00, Max: 0.00, Diff: 0.00, Sum: 0.00, Workers: 4
[1818.530s][debug][gc,phases      ] GC(54)     Dead                           Min: 0, Avg:  0.0, Max: 0, Diff: 0, Sum: 0, Workers: 4
[1818.530s][debug][gc,phases      ] GC(54)     Total                          Min: 0, Avg:  1.2, Max: 5, Diff: 5, Sum: 5, Workers: 4
[1818.530s][debug][gc,phases      ] GC(54)   JVMTI Tag Weak OopStorage      Min: 0.00, Avg: 0.00, Max: 0.00, Diff: 0.00, Sum: 0.00, Workers: 4
[1818.530s][debug][gc,phases      ] GC(54)     Dead                           Min: 0, Avg:  0.0, Max: 0, Diff: 0, Sum: 0, Workers: 4
[1818.530s][debug][gc,phases      ] GC(54)     Total                          Min: 0, Avg:  0.0, Max: 0, Diff: 0, Sum: 0, Workers: 4
[1818.530s][debug][gc,phases      ] GC(54)   StringTable Weak               Min: 0.00, Avg: 0.10, Max: 0.14, Diff: 0.14, Sum: 0.42, Workers: 4
[1818.530s][debug][gc,phases      ] GC(54)     Dead                           Min: 0, Avg:  0.5, Max: 2, Diff: 2, Sum: 2, Workers: 4
[1818.530s][debug][gc,phases      ] GC(54)     Total                          Min: 0, Avg: 12521.5, Max: 17471, Diff: 17471, Sum: 50086, Workers: 4
[1818.530s][debug][gc,phases      ] GC(54)   ResolvedMethodTable Weak       Min: 0.00, Avg: 0.04, Max: 0.05, Diff: 0.05, Sum: 0.14, Workers: 4
[1818.530s][debug][gc,phases      ] GC(54)     Dead                           Min: 0, Avg: 10.0, Max: 21, Diff: 21, Sum: 40, Workers: 4
[1818.530s][debug][gc,phases      ] GC(54)     Total                          Min: 0, Avg: 4197.5, Max: 5824, Diff: 5824, Sum: 16790, Workers: 4
[1818.530s][debug][gc,phases      ] GC(54)   JNI Weak                       Min: 0.00, Avg: 0.00, Max: 0.00, Diff: 0.00, Sum: 0.00, Workers: 4
[1818.530s][debug][gc,phases      ] GC(54)     Dead                           Min: 0, Avg:  0.0, Max: 0, Diff: 0, Sum: 0, Workers: 4
[1818.530s][debug][gc,phases      ] GC(54)     Total                          Min: 0, Avg: 13.0, Max: 48, Diff: 48, Sum: 52, Workers: 4
[1818.530s][debug][gc,phases      ] GC(54)   StringDedup Table Weak         Min: 0.00, Avg: 0.00, Max: 0.00, Diff: 0.00, Sum: 0.00, Workers: 4
[1818.530s][debug][gc,phases      ] GC(54)     Dead                           Min: 0, Avg:  0.0, Max: 0, Diff: 0, Sum: 0, Workers: 4
[1818.530s][debug][gc,phases      ] GC(54)     Total                          Min: 0, Avg:  0.0, Max: 0, Diff: 0, Sum: 0, Workers: 4
[1818.530s][debug][gc,phases      ] GC(54)   StringDedup Requests0 Weak     Min: 0.00, Avg: 0.00, Max: 0.00, Diff: 0.00, Sum: 0.00, Workers: 4
[1818.530s][debug][gc,phases      ] GC(54)     Dead                           Min: 0, Avg:  0.0, Max: 0, Diff: 0, Sum: 0, Workers: 4
[1818.530s][debug][gc,phases      ] GC(54)     Total                          Min: 0, Avg:  0.0, Max: 0, Diff: 0, Sum: 0, Workers: 4
[1818.530s][debug][gc,phases      ] GC(54)   StringDedup Requests1 Weak     Min: 0.00, Avg: 0.00, Max: 0.00, Diff: 0.00, Sum: 0.00, Workers: 4
[1818.530s][debug][gc,phases      ] GC(54)     Dead                           Min: 0, Avg:  0.0, Max: 0, Diff: 0, Sum: 0, Workers: 4
[1818.530s][debug][gc,phases      ] GC(54)     Total                          Min: 0, Avg:  0.0, Max: 0, Diff: 0, Sum: 0, Workers: 4
[1818.530s][debug][gc,phases      ] GC(54)   Weak JFR Old Object Samples    Min: 0.00, Avg: 0.00, Max: 0.00, Diff: 0.00, Sum: 0.00, Workers: 4
[1818.530s][debug][gc,phases      ] GC(54)     Dead                           Min: 0, Avg:  0.0, Max: 0, Diff: 0, Sum: 0, Workers: 4
[1818.530s][debug][gc,phases      ] GC(54)     Total                          Min: 0, Avg:  0.0, Max: 0, Diff: 0, Sum: 0, Workers: 4
[1818.530s][debug][gc,phases      ] GC(54) Weak Processing 0.426ms
[1818.530s][debug][gc,age         ] GC(54) Desired survivor size 98041856 bytes, new threshold 1 (max threshold 15)
[1818.530s][info ][gc,heap        ] GC(54) PSYoungGen: 1933569K(1995776K)->4112K(2001408K) Eden: 1894400K(1894400K)->0K(1902080K) From: 39169K(101376K)->4112K(99328K)
[1818.530s][info ][gc,heap        ] GC(54) ParOldGen: 519781K(520192K)->559029K(559104K)
[1818.530s][info ][gc,metaspace   ] GC(54) Metaspace: 109267K(110528K)->109267K(110528K) NonClass: 93200K(93952K)->93200K(93952K) Class: 16066K(16576K)->16066K(16576K)
[1818.530s][info ][gc             ] GC(54) Pause Young (Allocation Failure) 2395M->549M(2500M) 46.559ms
[1818.530s][info ][gc,cpu         ] GC(54) User=0.05s Sys=0.02s Real=0.04s
[1818.530s][info ][safepoint      ] Safepoint "ParallelCollectForAllocation", Time since last: 54027327521 ns, Reaching safepoint: 3963584 ns, At safepoint: 46637811 ns, Leaving safepoint: 11600 ns, Total: 50612995 ns, Threads: 1 runnable, 31 total
[1873.875s][info ][gc,start       ] GC(55) Pause Young (Allocation Failure)
[1873.878s][debug][gc,phases      ] GC(55) Scavenge 3.086ms
[1873.878s][debug][gc,ref         ] GC(55) ReferenceProcessor::execute queues: 1, RefProcThreadModel::Single, marks_oops_alive: false
[1873.878s][debug][gc,ref         ] GC(55) Skipped KeepAliveFinalRefsPhase of Reference Processing: no references
[1873.878s][debug][gc,ref         ] GC(55) Skipped PhantomRefsPhase of Reference Processing: no references
[1873.878s][debug][gc,phases      ] GC(55) Reference Processing 0.093ms
[1873.878s][debug][gc,phases      ] GC(55)   VM Weak                        Min: 0.00, Avg: 0.00, Max: 0.01, Diff: 0.01, Sum: 0.01, Workers: 4
[1873.878s][debug][gc,phases      ] GC(55)     Dead                           Min: 0, Avg:  0.0, Max: 0, Diff: 0, Sum: 0, Workers: 4
[1873.878s][debug][gc,phases      ] GC(55)     Total                          Min: 0, Avg: 231.2, Max: 541, Diff: 541, Sum: 925, Workers: 4
[1873.878s][debug][gc,phases      ] GC(55)   ObjectSynchronizer Weak        Min: 0.00, Avg: 0.00, Max: 0.00, Diff: 0.00, Sum: 0.00, Workers: 4
[1873.878s][debug][gc,phases      ] GC(55)     Dead                           Min: 0, Avg:  0.0, Max: 0, Diff: 0, Sum: 0, Workers: 4
[1873.878s][debug][gc,phases      ] GC(55)     Total                          Min: 0, Avg:  1.2, Max: 5, Diff: 5, Sum: 5, Workers: 4
[1873.878s][debug][gc,phases      ] GC(55)   JVMTI Tag Weak OopStorage      Min: 0.00, Avg: 0.00, Max: 0.00, Diff: 0.00, Sum: 0.00, Workers: 4
[1873.878s][debug][gc,phases      ] GC(55)     Dead                           Min: 0, Avg:  0.0, Max: 0, Diff: 0, Sum: 0, Workers: 4
[1873.878s][debug][gc,phases      ] GC(55)     Total                          Min: 0, Avg:  0.0, Max: 0, Diff: 0, Sum: 0, Workers: 4
[1873.878s][debug][gc,phases      ] GC(55)   StringTable Weak               Min: 0.00, Avg: 0.09, Max: 0.13, Diff: 0.13, Sum: 0.38, Workers: 4
[1873.878s][debug][gc,phases      ] GC(55)     Dead                           Min: 0, Avg:  0.0, Max: 0, Diff: 0, Sum: 0, Workers: 4
[1873.878s][debug][gc,phases      ] GC(55)     Total                          Min: 0, Avg: 12522.0, Max: 21162, Diff: 21162, Sum: 50088, Workers: 4
[1873.878s][debug][gc,phases      ] GC(55)   ResolvedMethodTable Weak       Min: 0.00, Avg: 0.03, Max: 0.04, Diff: 0.04, Sum: 0.13, Workers: 4
[1873.878s][debug][gc,phases      ] GC(55)     Dead                           Min: 0, Avg:  5.8, Max: 23, Diff: 23, Sum: 23, Workers: 4
[1873.878s][debug][gc,phases      ] GC(55)     Total                          Min: 0, Avg: 4198.0, Max: 7213, Diff: 7213, Sum: 16792, Workers: 4
[1873.878s][debug][gc,phases      ] GC(55)   JNI Weak                       Min: 0.00, Avg: 0.00, Max: 0.00, Diff: 0.00, Sum: 0.00, Workers: 4
[1873.878s][debug][gc,phases      ] GC(55)     Dead                           Min: 0, Avg:  0.0, Max: 0, Diff: 0, Sum: 0, Workers: 4
[1873.878s][debug][gc,phases      ] GC(55)     Total                          Min: 0, Avg: 13.0, Max: 48, Diff: 48, Sum: 52, Workers: 4
[1873.878s][debug][gc,phases      ] GC(55)   StringDedup Table Weak         Min: 0.00, Avg: 0.00, Max: 0.00, Diff: 0.00, Sum: 0.00, Workers: 4
[1873.878s][debug][gc,phases      ] GC(55)     Dead                           Min: 0, Avg:  0.0, Max: 0, Diff: 0, Sum: 0, Workers: 4
[1873.878s][debug][gc,phases      ] GC(55)     Total                          Min: 0, Avg:  0.0, Max: 0, Diff: 0, Sum: 0, Workers: 4
[1873.878s][debug][gc,phases      ] GC(55)   StringDedup Requests0 Weak     Min: 0.00, Avg: 0.00, Max: 0.00, Diff: 0.00, Sum: 0.00, Workers: 4
[1873.878s][debug][gc,phases      ] GC(55)     Dead                           Min: 0, Avg:  0.0, Max: 0, Diff: 0, Sum: 0, Workers: 4
[1873.878s][debug][gc,phases      ] GC(55)     Total                          Min: 0, Avg:  0.0, Max: 0, Diff: 0, Sum: 0, Workers: 4
[1873.878s][debug][gc,phases      ] GC(55)   StringDedup Requests1 Weak     Min: 0.00, Avg: 0.00, Max: 0.00, Diff: 0.00, Sum: 0.00, Workers: 4
[1873.878s][debug][gc,phases      ] GC(55)     Dead                           Min: 0, Avg:  0.0, Max: 0, Diff: 0, Sum: 0, Workers: 4
[1873.878s][debug][gc,phases      ] GC(55)     Total                          Min: 0, Avg:  0.0, Max: 0, Diff: 0, Sum: 0, Workers: 4
[1873.878s][debug][gc,phases      ] GC(55)   Weak JFR Old Object Samples    Min: 0.00, Avg: 0.00, Max: 0.00, Diff: 0.00, Sum: 0.00, Workers: 4
[1873.878s][debug][gc,phases      ] GC(55)     Dead                           Min: 0, Avg:  0.0, Max: 0, Diff: 0, Sum: 0, Workers: 4
[1873.878s][debug][gc,phases      ] GC(55)     Total                          Min: 0, Avg:  0.0, Max: 0, Diff: 0, Sum: 0, Workers: 4
[1873.878s][debug][gc,phases      ] GC(55) Weak Processing 0.389ms
[1873.878s][debug][gc,age         ] GC(55) Desired survivor size 93847552 bytes, new threshold 1 (max threshold 15)
[1873.878s][info ][gc,heap        ] GC(55) PSYoungGen: 1906192K(2001408K)->3968K(1997824K) Eden: 1902080K(1902080K)->0K(1902080K) From: 4112K(99328K)->3968K(95744K)
[1873.878s][info ][gc,heap        ] GC(55) ParOldGen: 559029K(559104K)->560658K(561152K)
[1873.878s][info ][gc,metaspace   ] GC(55) Metaspace: 109274K(110528K)->109274K(110528K) NonClass: 93207K(93952K)->93207K(93952K) Class: 16067K(16576K)->16067K(16576K)
[1873.878s][info ][gc             ] GC(55) Pause Young (Allocation Failure) 2407M->551M(2499M) 3.670ms
[1873.878s][info ][gc,cpu         ] GC(55) User=0.01s Sys=0.00s Real=0.00s
[1873.878s][info ][safepoint      ] Safepoint "ParallelCollectForAllocation", Time since last: 55344570836 ns, Reaching safepoint: 75400 ns, At safepoint: 3725785 ns, Leaving safepoint: 6400 ns, Total: 3807585 ns, Threads: 1 runnable, 26 total
[1930.125s][info ][gc,start       ] GC(56) Pause Young (Allocation Failure)
[1930.127s][debug][gc,phases      ] GC(56) Scavenge 2.756ms
[1930.127s][debug][gc,ref         ] GC(56) Skipped SoftWeakFinalRefsPhase of Reference Processing: no references
[1930.127s][debug][gc,ref         ] GC(56) Skipped KeepAliveFinalRefsPhase of Reference Processing: no references
[1930.127s][debug][gc,ref         ] GC(56) Skipped PhantomRefsPhase of Reference Processing: no references
[1930.127s][debug][gc,phases      ] GC(56) Reference Processing 0.022ms
[1930.128s][debug][gc,phases      ] GC(56)   VM Weak                        Min: 0.00, Avg: 0.00, Max: 0.00, Diff: 0.00, Sum: 0.01, Workers: 4
[1930.128s][debug][gc,phases      ] GC(56)     Dead                           Min: 0, Avg:  0.0, Max: 0, Diff: 0, Sum: 0, Workers: 4
[1930.128s][debug][gc,phases      ] GC(56)     Total                          Min: 0, Avg: 231.2, Max: 477, Diff: 477, Sum: 925, Workers: 4
[1930.128s][debug][gc,phases      ] GC(56)   ObjectSynchronizer Weak        Min: 0.00, Avg: 0.00, Max: 0.00, Diff: 0.00, Sum: 0.00, Workers: 4
[1930.128s][debug][gc,phases      ] GC(56)     Dead                           Min: 0, Avg:  0.0, Max: 0, Diff: 0, Sum: 0, Workers: 4
[1930.128s][debug][gc,phases      ] GC(56)     Total                          Min: 0, Avg:  1.2, Max: 5, Diff: 5, Sum: 5, Workers: 4
[1930.128s][debug][gc,phases      ] GC(56)   JVMTI Tag Weak OopStorage      Min: 0.00, Avg: 0.00, Max: 0.00, Diff: 0.00, Sum: 0.00, Workers: 4
[1930.128s][debug][gc,phases      ] GC(56)     Dead                           Min: 0, Avg:  0.0, Max: 0, Diff: 0, Sum: 0, Workers: 4
[1930.128s][debug][gc,phases      ] GC(56)     Total                          Min: 0, Avg:  0.0, Max: 0, Diff: 0, Sum: 0, Workers: 4
[1930.128s][debug][gc,phases      ] GC(56)   StringTable Weak               Min: 0.00, Avg: 0.10, Max: 0.13, Diff: 0.13, Sum: 0.39, Workers: 4
[1930.128s][debug][gc,phases      ] GC(56)     Dead                           Min: 0, Avg:  0.0, Max: 0, Diff: 0, Sum: 0, Workers: 4
[1930.128s][debug][gc,phases      ] GC(56)     Total                          Min: 0, Avg: 12522.0, Max: 21183, Diff: 21183, Sum: 50088, Workers: 4
[1930.128s][debug][gc,phases      ] GC(56)   ResolvedMethodTable Weak       Min: 0.00, Avg: 0.03, Max: 0.04, Diff: 0.04, Sum: 0.13, Workers: 4
[1930.128s][debug][gc,phases      ] GC(56)     Dead                           Min: 0, Avg:  5.0, Max: 20, Diff: 20, Sum: 20, Workers: 4
[1930.128s][debug][gc,phases      ] GC(56)     Total                          Min: 0, Avg: 4198.0, Max: 7147, Diff: 7147, Sum: 16792, Workers: 4
[1930.128s][debug][gc,phases      ] GC(56)   JNI Weak                       Min: 0.00, Avg: 0.00, Max: 0.00, Diff: 0.00, Sum: 0.00, Workers: 4
[1930.128s][debug][gc,phases      ] GC(56)     Dead                           Min: 0, Avg:  0.0, Max: 0, Diff: 0, Sum: 0, Workers: 4
[1930.128s][debug][gc,phases      ] GC(56)     Total                          Min: 0, Avg: 13.0, Max: 48, Diff: 48, Sum: 52, Workers: 4
[1930.128s][debug][gc,phases      ] GC(56)   StringDedup Table Weak         Min: 0.00, Avg: 0.00, Max: 0.00, Diff: 0.00, Sum: 0.00, Workers: 4
[1930.128s][debug][gc,phases      ] GC(56)     Dead                           Min: 0, Avg:  0.0, Max: 0, Diff: 0, Sum: 0, Workers: 4
[1930.128s][debug][gc,phases      ] GC(56)     Total                          Min: 0, Avg:  0.0, Max: 0, Diff: 0, Sum: 0, Workers: 4
[1930.128s][debug][gc,phases      ] GC(56)   StringDedup Requests0 Weak     Min: 0.00, Avg: 0.00, Max: 0.00, Diff: 0.00, Sum: 0.00, Workers: 4
[1930.128s][debug][gc,phases      ] GC(56)     Dead                           Min: 0, Avg:  0.0, Max: 0, Diff: 0, Sum: 0, Workers: 4
[1930.128s][debug][gc,phases      ] GC(56)     Total                          Min: 0, Avg:  0.0, Max: 0, Diff: 0, Sum: 0, Workers: 4
[1930.128s][debug][gc,phases      ] GC(56)   StringDedup Requests1 Weak     Min: 0.00, Avg: 0.00, Max: 0.00, Diff: 0.00, Sum: 0.00, Workers: 4
[1930.128s][debug][gc,phases      ] GC(56)     Dead                           Min: 0, Avg:  0.0, Max: 0, Diff: 0, Sum: 0, Workers: 4
[1930.128s][debug][gc,phases      ] GC(56)     Total                          Min: 0, Avg:  0.0, Max: 0, Diff: 0, Sum: 0, Workers: 4
[1930.128s][debug][gc,phases      ] GC(56)   Weak JFR Old Object Samples    Min: 0.00, Avg: 0.00, Max: 0.00, Diff: 0.00, Sum: 0.00, Workers: 4
[1930.128s][debug][gc,phases      ] GC(56)     Dead                           Min: 0, Avg:  0.0, Max: 0, Diff: 0, Sum: 0, Workers: 4
[1930.128s][debug][gc,phases      ] GC(56)     Total                          Min: 0, Avg:  0.0, Max: 0, Diff: 0, Sum: 0, Workers: 4
[1930.128s][debug][gc,phases      ] GC(56) Weak Processing 0.351ms
[1930.128s][debug][gc,age         ] GC(56) Desired survivor size 90177536 bytes, new threshold 1 (max threshold 15)
[1930.128s][info ][gc,heap        ] GC(56) PSYoungGen: 1906048K(1997824K)->3344K(2009088K) Eden: 1902080K(1902080K)->0K(1917440K) From: 3968K(95744K)->3344K(91648K)
[1930.128s][info ][gc,heap        ] GC(56) ParOldGen: 560658K(561152K)->562170K(562176K)
[1930.128s][info ][gc,metaspace   ] GC(56) Metaspace: 109275K(110528K)->109275K(110528K) NonClass: 93207K(93952K)->93207K(93952K) Class: 16067K(16576K)->16067K(16576K)
[1930.128s][info ][gc             ] GC(56) Pause Young (Allocation Failure) 2408M->552M(2511M) 3.236ms
[1930.128s][info ][gc,cpu         ] GC(56) User=0.01s Sys=0.00s Real=0.00s
[1930.128s][info ][safepoint      ] Safepoint "ParallelCollectForAllocation", Time since last: 56246172595 ns, Reaching safepoint: 24200 ns, At safepoint: 3292387 ns, Leaving safepoint: 2700 ns, Total: 3319287 ns, Threads: 0 runnable, 26 total
[1984.723s][info ][gc,start       ] GC(57) Pause Young (Allocation Failure)
[1984.726s][debug][gc,phases      ] GC(57) Scavenge 2.644ms
[1984.726s][debug][gc,ref         ] GC(57) Skipped SoftWeakFinalRefsPhase of Reference Processing: no references
[1984.726s][debug][gc,ref         ] GC(57) Skipped KeepAliveFinalRefsPhase of Reference Processing: no references
[1984.726s][debug][gc,ref         ] GC(57) Skipped PhantomRefsPhase of Reference Processing: no references
[1984.726s][debug][gc,phases      ] GC(57) Reference Processing 0.021ms
[1984.726s][debug][gc,phases      ] GC(57)   VM Weak                        Min: 0.00, Avg: 0.00, Max: 0.01, Diff: 0.01, Sum: 0.01, Workers: 4
[1984.726s][debug][gc,phases      ] GC(57)     Dead                           Min: 0, Avg:  0.0, Max: 0, Diff: 0, Sum: 0, Workers: 4
[1984.726s][debug][gc,phases      ] GC(57)     Total                          Min: 0, Avg: 231.2, Max: 605, Diff: 605, Sum: 925, Workers: 4
[1984.726s][debug][gc,phases      ] GC(57)   ObjectSynchronizer Weak        Min: 0.00, Avg: 0.00, Max: 0.00, Diff: 0.00, Sum: 0.00, Workers: 4
[1984.726s][debug][gc,phases      ] GC(57)     Dead                           Min: 0, Avg:  0.0, Max: 0, Diff: 0, Sum: 0, Workers: 4
[1984.726s][debug][gc,phases      ] GC(57)     Total                          Min: 0, Avg:  1.2, Max: 5, Diff: 5, Sum: 5, Workers: 4
[1984.726s][debug][gc,phases      ] GC(57)   JVMTI Tag Weak OopStorage      Min: 0.00, Avg: 0.00, Max: 0.00, Diff: 0.00, Sum: 0.00, Workers: 4
[1984.726s][debug][gc,phases      ] GC(57)     Dead                           Min: 0, Avg:  0.0, Max: 0, Diff: 0, Sum: 0, Workers: 4
[1984.726s][debug][gc,phases      ] GC(57)     Total                          Min: 0, Avg:  0.0, Max: 0, Diff: 0, Sum: 0, Workers: 4
[1984.726s][debug][gc,phases      ] GC(57)   StringTable Weak               Min: 0.00, Avg: 0.10, Max: 0.13, Diff: 0.13, Sum: 0.39, Workers: 4
[1984.726s][debug][gc,phases      ] GC(57)     Dead                           Min: 0, Avg:  0.0, Max: 0, Diff: 0, Sum: 0, Workers: 4
[1984.726s][debug][gc,phases      ] GC(57)     Total                          Min: 0, Avg: 12522.0, Max: 20991, Diff: 20991, Sum: 50088, Workers: 4
[1984.726s][debug][gc,phases      ] GC(57)   ResolvedMethodTable Weak       Min: 0.00, Avg: 0.03, Max: 0.04, Diff: 0.04, Sum: 0.13, Workers: 4
[1984.726s][debug][gc,phases      ] GC(57)     Dead                           Min: 0, Avg:  5.0, Max: 20, Diff: 20, Sum: 20, Workers: 4
[1984.726s][debug][gc,phases      ] GC(57)     Total                          Min: 0, Avg: 4198.0, Max: 6955, Diff: 6955, Sum: 16792, Workers: 4
[1984.726s][debug][gc,phases      ] GC(57)   JNI Weak                       Min: 0.00, Avg: 0.00, Max: 0.00, Diff: 0.00, Sum: 0.00, Workers: 4
[1984.726s][debug][gc,phases      ] GC(57)     Dead                           Min: 0, Avg:  0.0, Max: 0, Diff: 0, Sum: 0, Workers: 4
[1984.726s][debug][gc,phases      ] GC(57)     Total                          Min: 0, Avg: 13.0, Max: 48, Diff: 48, Sum: 52, Workers: 4
[1984.726s][debug][gc,phases      ] GC(57)   StringDedup Table Weak         Min: 0.00, Avg: 0.00, Max: 0.00, Diff: 0.00, Sum: 0.00, Workers: 4
[1984.726s][debug][gc,phases      ] GC(57)     Dead                           Min: 0, Avg:  0.0, Max: 0, Diff: 0, Sum: 0, Workers: 4
[1984.726s][debug][gc,phases      ] GC(57)     Total                          Min: 0, Avg:  0.0, Max: 0, Diff: 0, Sum: 0, Workers: 4
[1984.726s][debug][gc,phases      ] GC(57)   StringDedup Requests0 Weak     Min: 0.00, Avg: 0.00, Max: 0.00, Diff: 0.00, Sum: 0.00, Workers: 4
[1984.726s][debug][gc,phases      ] GC(57)     Dead                           Min: 0, Avg:  0.0, Max: 0, Diff: 0, Sum: 0, Workers: 4
[1984.726s][debug][gc,phases      ] GC(57)     Total                          Min: 0, Avg:  0.0, Max: 0, Diff: 0, Sum: 0, Workers: 4
[1984.726s][debug][gc,phases      ] GC(57)   StringDedup Requests1 Weak     Min: 0.00, Avg: 0.00, Max: 0.00, Diff: 0.00, Sum: 0.00, Workers: 4
[1984.726s][debug][gc,phases      ] GC(57)     Dead                           Min: 0, Avg:  0.0, Max: 0, Diff: 0, Sum: 0, Workers: 4
[1984.726s][debug][gc,phases      ] GC(57)     Total                          Min: 0, Avg:  0.0, Max: 0, Diff: 0, Sum: 0, Workers: 4
[1984.726s][debug][gc,phases      ] GC(57)   Weak JFR Old Object Samples    Min: 0.00, Avg: 0.00, Max: 0.00, Diff: 0.00, Sum: 0.00, Workers: 4
[1984.726s][debug][gc,phases      ] GC(57)     Dead                           Min: 0, Avg:  0.0, Max: 0, Diff: 0, Sum: 0, Workers: 4
[1984.726s][debug][gc,phases      ] GC(57)     Total                          Min: 0, Avg:  0.0, Max: 0, Diff: 0, Sum: 0, Workers: 4
[1984.726s][debug][gc,phases      ] GC(57) Weak Processing 0.391ms
[1984.726s][debug][gc,age         ] GC(57) Desired survivor size 85983232 bytes, new threshold 1 (max threshold 15)
[1984.726s][info ][gc,heap        ] GC(57) PSYoungGen: 1920784K(2009088K)->4032K(2005504K) Eden: 1917440K(1917440K)->0K(1917440K) From: 3344K(91648K)->4032K(88064K)
[1984.726s][info ][gc,heap        ] GC(57) ParOldGen: 562170K(562176K)->563015K(563200K)
[1984.726s][info ][gc,metaspace   ] GC(57) Metaspace: 109277K(110528K)->109277K(110528K) NonClass: 93210K(93952K)->93210K(93952K) Class: 16067K(16576K)->16067K(16576K)
[1984.726s][info ][gc             ] GC(57) Pause Young (Allocation Failure) 2424M->553M(2508M) 3.170ms
[1984.726s][info ][gc,cpu         ] GC(57) User=0.01s Sys=0.00s Real=0.00s
[1984.726s][info ][safepoint      ] Safepoint "ParallelCollectForAllocation", Time since last: 54595265400 ns, Reaching safepoint: 99499 ns, At safepoint: 3228587 ns, Leaving safepoint: 6600 ns, Total: 3334686 ns, Threads: 1 runnable, 26 total
[2038.873s][info ][gc,start       ] GC(58) Pause Young (Allocation Failure)
[2038.876s][debug][gc,phases      ] GC(58) Scavenge 2.559ms
[2038.876s][debug][gc,ref         ] GC(58) Skipped SoftWeakFinalRefsPhase of Reference Processing: no references
[2038.876s][debug][gc,ref         ] GC(58) Skipped KeepAliveFinalRefsPhase of Reference Processing: no references
[2038.876s][debug][gc,ref         ] GC(58) Skipped PhantomRefsPhase of Reference Processing: no references
[2038.876s][debug][gc,phases      ] GC(58) Reference Processing 0.021ms
[2038.876s][debug][gc,phases      ] GC(58)   VM Weak                        Min: 0.00, Avg: 0.00, Max: 0.01, Diff: 0.01, Sum: 0.01, Workers: 4
[2038.876s][debug][gc,phases      ] GC(58)     Dead                           Min: 0, Avg:  0.0, Max: 0, Diff: 0, Sum: 0, Workers: 4
[2038.876s][debug][gc,phases      ] GC(58)     Total                          Min: 0, Avg: 231.2, Max: 704, Diff: 704, Sum: 925, Workers: 4
[2038.876s][debug][gc,phases      ] GC(58)   ObjectSynchronizer Weak        Min: 0.00, Avg: 0.00, Max: 0.00, Diff: 0.00, Sum: 0.00, Workers: 4
[2038.876s][debug][gc,phases      ] GC(58)     Dead                           Min: 0, Avg:  0.0, Max: 0, Diff: 0, Sum: 0, Workers: 4
[2038.876s][debug][gc,phases      ] GC(58)     Total                          Min: 0, Avg:  1.2, Max: 5, Diff: 5, Sum: 5, Workers: 4
[2038.876s][debug][gc,phases      ] GC(58)   JVMTI Tag Weak OopStorage      Min: 0.00, Avg: 0.00, Max: 0.00, Diff: 0.00, Sum: 0.00, Workers: 4
[2038.876s][debug][gc,phases      ] GC(58)     Dead                           Min: 0, Avg:  0.0, Max: 0, Diff: 0, Sum: 0, Workers: 4
[2038.876s][debug][gc,phases      ] GC(58)     Total                          Min: 0, Avg:  0.0, Max: 0, Diff: 0, Sum: 0, Workers: 4
[2038.876s][debug][gc,phases      ] GC(58)   StringTable Weak               Min: 0.00, Avg: 0.10, Max: 0.13, Diff: 0.13, Sum: 0.39, Workers: 4
[2038.876s][debug][gc,phases      ] GC(58)     Dead                           Min: 0, Avg:  0.0, Max: 0, Diff: 0, Sum: 0, Workers: 4
[2038.876s][debug][gc,phases      ] GC(58)     Total                          Min: 0, Avg: 12522.0, Max: 21054, Diff: 21054, Sum: 50088, Workers: 4
[2038.876s][debug][gc,phases      ] GC(58)   ResolvedMethodTable Weak       Min: 0.02, Avg: 0.05, Max: 0.06, Diff: 0.04, Sum: 0.19, Workers: 4
[2038.876s][debug][gc,phases      ] GC(58)     Dead                           Min: 0, Avg:  5.0, Max: 20, Diff: 20, Sum: 20, Workers: 4
[2038.876s][debug][gc,phases      ] GC(58)     Total                          Min: 2112, Avg: 4198.0, Max: 5294, Diff: 3182, Sum: 16792, Workers: 4
[2038.876s][debug][gc,phases      ] GC(58)   JNI Weak                       Min: 0.00, Avg: 0.00, Max: 0.00, Diff: 0.00, Sum: 0.00, Workers: 4
[2038.876s][debug][gc,phases      ] GC(58)     Dead                           Min: 0, Avg:  0.0, Max: 0, Diff: 0, Sum: 0, Workers: 4
[2038.876s][debug][gc,phases      ] GC(58)     Total                          Min: 0, Avg: 13.0, Max: 48, Diff: 48, Sum: 52, Workers: 4
[2038.876s][debug][gc,phases      ] GC(58)   StringDedup Table Weak         Min: 0.00, Avg: 0.00, Max: 0.00, Diff: 0.00, Sum: 0.00, Workers: 4
[2038.876s][debug][gc,phases      ] GC(58)     Dead                           Min: 0, Avg:  0.0, Max: 0, Diff: 0, Sum: 0, Workers: 4
[2038.876s][debug][gc,phases      ] GC(58)     Total                          Min: 0, Avg:  0.0, Max: 0, Diff: 0, Sum: 0, Workers: 4
[2038.876s][debug][gc,phases      ] GC(58)   StringDedup Requests0 Weak     Min: 0.00, Avg: 0.00, Max: 0.00, Diff: 0.00, Sum: 0.00, Workers: 4
[2038.876s][debug][gc,phases      ] GC(58)     Dead                           Min: 0, Avg:  0.0, Max: 0, Diff: 0, Sum: 0, Workers: 4
[2038.876s][debug][gc,phases      ] GC(58)     Total                          Min: 0, Avg:  0.0, Max: 0, Diff: 0, Sum: 0, Workers: 4
[2038.876s][debug][gc,phases      ] GC(58)   StringDedup Requests1 Weak     Min: 0.00, Avg: 0.00, Max: 0.00, Diff: 0.00, Sum: 0.00, Workers: 4
[2038.876s][debug][gc,phases      ] GC(58)     Dead                           Min: 0, Avg:  0.0, Max: 0, Diff: 0, Sum: 0, Workers: 4
[2038.876s][debug][gc,phases      ] GC(58)     Total                          Min: 0, Avg:  0.0, Max: 0, Diff: 0, Sum: 0, Workers: 4
[2038.876s][debug][gc,phases      ] GC(58)   Weak JFR Old Object Samples    Min: 0.00, Avg: 0.00, Max: 0.00, Diff: 0.00, Sum: 0.00, Workers: 4
[2038.876s][debug][gc,phases      ] GC(58)     Dead                           Min: 0, Avg:  0.0, Max: 0, Diff: 0, Sum: 0, Workers: 4
[2038.876s][debug][gc,phases      ] GC(58)     Total                          Min: 0, Avg:  0.0, Max: 0, Diff: 0, Sum: 0, Workers: 4
[2038.876s][debug][gc,phases      ] GC(58) Weak Processing 0.373ms
[2038.876s][debug][gc,age         ] GC(58) Desired survivor size 81788928 bytes, new threshold 1 (max threshold 15)
[2038.876s][info ][gc,heap        ] GC(58) PSYoungGen: 1921472K(2005504K)->2768K(2017280K) Eden: 1917440K(1917440K)->0K(1933312K) From: 4032K(88064K)->2768K(83968K)
[2038.876s][info ][gc,heap        ] GC(58) ParOldGen: 563015K(563200K)->564428K(564736K)
[2038.876s][info ][gc,metaspace   ] GC(58) Metaspace: 109277K(110528K)->109277K(110528K) NonClass: 93210K(93952K)->93210K(93952K) Class: 16067K(16576K)->16067K(16576K)
[2038.876s][info ][gc             ] GC(58) Pause Young (Allocation Failure) 2426M->553M(2521M) 3.045ms
[2038.876s][info ][gc,cpu         ] GC(58) User=0.01s Sys=0.00s Real=0.00s
[2038.876s][info ][safepoint      ] Safepoint "ParallelCollectForAllocation", Time since last: 54146869755 ns, Reaching safepoint: 96199 ns, At safepoint: 3099789 ns, Leaving safepoint: 7100 ns, Total: 3203088 ns, Threads: 1 runnable, 26 total
[2096.723s][info ][gc,start       ] GC(59) Pause Young (Allocation Failure)
[2096.725s][debug][gc,phases      ] GC(59) Scavenge 2.168ms
[2096.725s][debug][gc,ref         ] GC(59) Skipped SoftWeakFinalRefsPhase of Reference Processing: no references
[2096.725s][debug][gc,ref         ] GC(59) Skipped KeepAliveFinalRefsPhase of Reference Processing: no references
[2096.725s][debug][gc,ref         ] GC(59) Skipped PhantomRefsPhase of Reference Processing: no references
[2096.725s][debug][gc,phases      ] GC(59) Reference Processing 0.030ms
[2096.726s][debug][gc,phases      ] GC(59)   VM Weak                        Min: 0.00, Avg: 0.00, Max: 0.01, Diff: 0.01, Sum: 0.01, Workers: 4
[2096.726s][debug][gc,phases      ] GC(59)     Dead                           Min: 0, Avg:  0.0, Max: 0, Diff: 0, Sum: 0, Workers: 4
[2096.726s][debug][gc,phases      ] GC(59)     Total                          Min: 0, Avg: 231.2, Max: 605, Diff: 605, Sum: 925, Workers: 4
[2096.726s][debug][gc,phases      ] GC(59)   ObjectSynchronizer Weak        Min: 0.00, Avg: 0.00, Max: 0.00, Diff: 0.00, Sum: 0.00, Workers: 4
[2096.726s][debug][gc,phases      ] GC(59)     Dead                           Min: 0, Avg:  0.0, Max: 0, Diff: 0, Sum: 0, Workers: 4
[2096.726s][debug][gc,phases      ] GC(59)     Total                          Min: 0, Avg:  1.2, Max: 5, Diff: 5, Sum: 5, Workers: 4
[2096.726s][debug][gc,phases      ] GC(59)   JVMTI Tag Weak OopStorage      Min: 0.00, Avg: 0.00, Max: 0.00, Diff: 0.00, Sum: 0.00, Workers: 4
[2096.726s][debug][gc,phases      ] GC(59)     Dead                           Min: 0, Avg:  0.0, Max: 0, Diff: 0, Sum: 0, Workers: 4
[2096.726s][debug][gc,phases      ] GC(59)     Total                          Min: 0, Avg:  0.0, Max: 0, Diff: 0, Sum: 0, Workers: 4
[2096.726s][debug][gc,phases      ] GC(59)   StringTable Weak               Min: 0.00, Avg: 0.10, Max: 0.14, Diff: 0.14, Sum: 0.41, Workers: 4
[2096.726s][debug][gc,phases      ] GC(59)     Dead                           Min: 0, Avg:  0.0, Max: 0, Diff: 0, Sum: 0, Workers: 4
[2096.726s][debug][gc,phases      ] GC(59)     Total                          Min: 0, Avg: 12522.0, Max: 21759, Diff: 21759, Sum: 50088, Workers: 4
[2096.726s][debug][gc,phases      ] GC(59)   ResolvedMethodTable Weak       Min: 0.00, Avg: 0.03, Max: 0.04, Diff: 0.04, Sum: 0.13, Workers: 4
[2096.726s][debug][gc,phases      ] GC(59)     Dead                           Min: 0, Avg:  5.0, Max: 20, Diff: 20, Sum: 20, Workers: 4
[2096.726s][debug][gc,phases      ] GC(59)     Total                          Min: 0, Avg: 4198.0, Max: 7022, Diff: 7022, Sum: 16792, Workers: 4
[2096.726s][debug][gc,phases      ] GC(59)   JNI Weak                       Min: 0.00, Avg: 0.00, Max: 0.00, Diff: 0.00, Sum: 0.00, Workers: 4
[2096.726s][debug][gc,phases      ] GC(59)     Dead                           Min: 0, Avg:  0.0, Max: 0, Diff: 0, Sum: 0, Workers: 4
[2096.726s][debug][gc,phases      ] GC(59)     Total                          Min: 0, Avg: 13.0, Max: 48, Diff: 48, Sum: 52, Workers: 4
[2096.726s][debug][gc,phases      ] GC(59)   StringDedup Table Weak         Min: 0.00, Avg: 0.00, Max: 0.00, Diff: 0.00, Sum: 0.00, Workers: 4
[2096.726s][debug][gc,phases      ] GC(59)     Dead                           Min: 0, Avg:  0.0, Max: 0, Diff: 0, Sum: 0, Workers: 4
[2096.726s][debug][gc,phases      ] GC(59)     Total                          Min: 0, Avg:  0.0, Max: 0, Diff: 0, Sum: 0, Workers: 4
[2096.726s][debug][gc,phases      ] GC(59)   StringDedup Requests0 Weak     Min: 0.00, Avg: 0.00, Max: 0.00, Diff: 0.00, Sum: 0.00, Workers: 4
[2096.726s][debug][gc,phases      ] GC(59)     Dead                           Min: 0, Avg:  0.0, Max: 0, Diff: 0, Sum: 0, Workers: 4
[2096.726s][debug][gc,phases      ] GC(59)     Total                          Min: 0, Avg:  0.0, Max: 0, Diff: 0, Sum: 0, Workers: 4
[2096.726s][debug][gc,phases      ] GC(59)   StringDedup Requests1 Weak     Min: 0.00, Avg: 0.00, Max: 0.00, Diff: 0.00, Sum: 0.00, Workers: 4
[2096.726s][debug][gc,phases      ] GC(59)     Dead                           Min: 0, Avg:  0.0, Max: 0, Diff: 0, Sum: 0, Workers: 4
[2096.726s][debug][gc,phases      ] GC(59)     Total                          Min: 0, Avg:  0.0, Max: 0, Diff: 0, Sum: 0, Workers: 4
[2096.726s][debug][gc,phases      ] GC(59)   Weak JFR Old Object Samples    Min: 0.00, Avg: 0.00, Max: 0.00, Diff: 0.00, Sum: 0.00, Workers: 4
[2096.726s][debug][gc,phases      ] GC(59)     Dead                           Min: 0, Avg:  0.0, Max: 0, Diff: 0, Sum: 0, Workers: 4
[2096.726s][debug][gc,phases      ] GC(59)     Total                          Min: 0, Avg:  0.0, Max: 0, Diff: 0, Sum: 0, Workers: 4
[2096.726s][debug][gc,phases      ] GC(59) Weak Processing 0.349ms
[2096.726s][debug][gc,age         ] GC(59) Desired survivor size 77594624 bytes, new threshold 1 (max threshold 15)
[2096.726s][info ][gc,heap        ] GC(59) PSYoungGen: 1936080K(2017280K)->2992K(2013184K) Eden: 1933312K(1933312K)->0K(1933312K) From: 2768K(83968K)->2992K(79872K)
[2096.726s][info ][gc,heap        ] GC(59) ParOldGen: 564428K(564736K)->564976K(565248K)
[2096.726s][info ][gc,metaspace   ] GC(59) Metaspace: 109279K(110528K)->109279K(110528K) NonClass: 93211K(93952K)->93211K(93952K) Class: 16067K(16576K)->16067K(16576K)
[2096.726s][info ][gc             ] GC(59) Pause Young (Allocation Failure) 2441M->554M(2518M) 2.641ms
[2096.726s][info ][gc,cpu         ] GC(59) User=0.01s Sys=0.01s Real=0.00s
[2096.726s][info ][safepoint      ] Safepoint "ParallelCollectForAllocation", Time since last: 57846672147 ns, Reaching safepoint: 103800 ns, At safepoint: 2695089 ns, Leaving safepoint: 6900 ns, Total: 2805789 ns, Threads: 1 runnable, 26 total
[2150.223s][info ][gc,start       ] GC(60) Pause Young (Allocation Failure)
[2150.226s][debug][gc,phases      ] GC(60) Scavenge 2.369ms
[2150.226s][debug][gc,ref         ] GC(60) Skipped SoftWeakFinalRefsPhase of Reference Processing: no references
[2150.226s][debug][gc,ref         ] GC(60) Skipped KeepAliveFinalRefsPhase of Reference Processing: no references
[2150.226s][debug][gc,ref         ] GC(60) Skipped PhantomRefsPhase of Reference Processing: no references
[2150.226s][debug][gc,phases      ] GC(60) Reference Processing 0.021ms
[2150.226s][debug][gc,phases      ] GC(60)   VM Weak                        Min: 0.00, Avg: 0.00, Max: 0.00, Diff: 0.00, Sum: 0.01, Workers: 4
[2150.226s][debug][gc,phases      ] GC(60)     Dead                           Min: 0, Avg:  0.0, Max: 0, Diff: 0, Sum: 0, Workers: 4
[2150.226s][debug][gc,phases      ] GC(60)     Total                          Min: 0, Avg: 231.2, Max: 512, Diff: 512, Sum: 925, Workers: 4
[2150.226s][debug][gc,phases      ] GC(60)   ObjectSynchronizer Weak        Min: 0.00, Avg: 0.00, Max: 0.00, Diff: 0.00, Sum: 0.00, Workers: 4
[2150.226s][debug][gc,phases      ] GC(60)     Dead                           Min: 0, Avg:  0.0, Max: 0, Diff: 0, Sum: 0, Workers: 4
[2150.226s][debug][gc,phases      ] GC(60)     Total                          Min: 0, Avg:  1.2, Max: 5, Diff: 5, Sum: 5, Workers: 4
[2150.226s][debug][gc,phases      ] GC(60)   JVMTI Tag Weak OopStorage      Min: 0.00, Avg: 0.00, Max: 0.00, Diff: 0.00, Sum: 0.00, Workers: 4
[2150.226s][debug][gc,phases      ] GC(60)     Dead                           Min: 0, Avg:  0.0, Max: 0, Diff: 0, Sum: 0, Workers: 4
[2150.226s][debug][gc,phases      ] GC(60)     Total                          Min: 0, Avg:  0.0, Max: 0, Diff: 0, Sum: 0, Workers: 4
[2150.226s][debug][gc,phases      ] GC(60)   StringTable Weak               Min: 0.11, Avg: 0.11, Max: 0.11, Diff: 0.00, Sum: 0.46, Workers: 4
[2150.226s][debug][gc,phases      ] GC(60)     Dead                           Min: 0, Avg:  0.0, Max: 0, Diff: 0, Sum: 0, Workers: 4
[2150.226s][debug][gc,phases      ] GC(60)     Total                          Min: 12352, Avg: 12522.0, Max: 12798, Diff: 446, Sum: 50088, Workers: 4
[2150.226s][debug][gc,phases      ] GC(60)   ResolvedMethodTable Weak       Min: 0.04, Avg: 0.04, Max: 0.04, Diff: 0.00, Sum: 0.15, Workers: 4
[2150.226s][debug][gc,phases      ] GC(60)     Dead                           Min: 0, Avg:  5.0, Max: 20, Diff: 20, Sum: 20, Workers: 4
[2150.226s][debug][gc,phases      ] GC(60)     Total                          Min: 3966, Avg: 4198.0, Max: 4698, Diff: 732, Sum: 16792, Workers: 4
[2150.226s][debug][gc,phases      ] GC(60)   JNI Weak                       Min: 0.00, Avg: 0.00, Max: 0.00, Diff: 0.00, Sum: 0.00, Workers: 4
[2150.226s][debug][gc,phases      ] GC(60)     Dead                           Min: 0, Avg:  0.0, Max: 0, Diff: 0, Sum: 0, Workers: 4
[2150.226s][debug][gc,phases      ] GC(60)     Total                          Min: 0, Avg: 13.0, Max: 48, Diff: 48, Sum: 52, Workers: 4
[2150.226s][debug][gc,phases      ] GC(60)   StringDedup Table Weak         Min: 0.00, Avg: 0.00, Max: 0.00, Diff: 0.00, Sum: 0.00, Workers: 4
[2150.226s][debug][gc,phases      ] GC(60)     Dead                           Min: 0, Avg:  0.0, Max: 0, Diff: 0, Sum: 0, Workers: 4
[2150.226s][debug][gc,phases      ] GC(60)     Total                          Min: 0, Avg:  0.0, Max: 0, Diff: 0, Sum: 0, Workers: 4
[2150.226s][debug][gc,phases      ] GC(60)   StringDedup Requests0 Weak     Min: 0.00, Avg: 0.00, Max: 0.00, Diff: 0.00, Sum: 0.00, Workers: 4
[2150.226s][debug][gc,phases      ] GC(60)     Dead                           Min: 0, Avg:  0.0, Max: 0, Diff: 0, Sum: 0, Workers: 4
[2150.226s][debug][gc,phases      ] GC(60)     Total                          Min: 0, Avg:  0.0, Max: 0, Diff: 0, Sum: 0, Workers: 4
[2150.226s][debug][gc,phases      ] GC(60)   StringDedup Requests1 Weak     Min: 0.00, Avg: 0.00, Max: 0.00, Diff: 0.00, Sum: 0.00, Workers: 4
[2150.226s][debug][gc,phases      ] GC(60)     Dead                           Min: 0, Avg:  0.0, Max: 0, Diff: 0, Sum: 0, Workers: 4
[2150.226s][debug][gc,phases      ] GC(60)     Total                          Min: 0, Avg:  0.0, Max: 0, Diff: 0, Sum: 0, Workers: 4
[2150.226s][debug][gc,phases      ] GC(60)   Weak JFR Old Object Samples    Min: 0.00, Avg: 0.00, Max: 0.00, Diff: 0.00, Sum: 0.00, Workers: 4
[2150.226s][debug][gc,phases      ] GC(60)     Dead                           Min: 0, Avg:  0.0, Max: 0, Diff: 0, Sum: 0, Workers: 4
[2150.226s][debug][gc,phases      ] GC(60)     Total                          Min: 0, Avg:  0.0, Max: 0, Diff: 0, Sum: 0, Workers: 4
[2150.226s][debug][gc,phases      ] GC(60) Weak Processing 0.362ms
[2150.226s][debug][gc,age         ] GC(60) Desired survivor size 73924608 bytes, new threshold 1 (max threshold 15)
[2150.226s][info ][gc,heap        ] GC(60) PSYoungGen: 1936304K(2013184K)->3376K(2024960K) Eden: 1933312K(1933312K)->0K(1949184K) From: 2992K(79872K)->3376K(75776K)
[2150.226s][info ][gc,heap        ] GC(60) ParOldGen: 564976K(565248K)->565660K(565760K)
[2150.226s][info ][gc,metaspace   ] GC(60) Metaspace: 109279K(110528K)->109279K(110528K) NonClass: 93212K(93952K)->93212K(93952K) Class: 16067K(16576K)->16067K(16576K)
[2150.226s][info ][gc             ] GC(60) Pause Young (Allocation Failure) 2442M->555M(2530M) 2.852ms
[2150.226s][info ][gc,cpu         ] GC(60) User=0.01s Sys=0.00s Real=0.00s
[2150.226s][info ][safepoint      ] Safepoint "ParallelCollectForAllocation", Time since last: 53497446188 ns, Reaching safepoint: 98500 ns, At safepoint: 2910679 ns, Leaving safepoint: 6700 ns, Total: 3015879 ns, Threads: 1 runnable, 31 total
[2199.944s][info ][gc,start       ] GC(61) Pause Young (Allocation Failure)
[2199.947s][debug][gc,phases      ] GC(61) Scavenge 3.096ms
[2199.947s][debug][gc,ref         ] GC(61) Skipped SoftWeakFinalRefsPhase of Reference Processing: no references
[2199.947s][debug][gc,ref         ] GC(61) Skipped KeepAliveFinalRefsPhase of Reference Processing: no references
[2199.947s][debug][gc,ref         ] GC(61) Skipped PhantomRefsPhase of Reference Processing: no references
[2199.947s][debug][gc,phases      ] GC(61) Reference Processing 0.021ms
[2199.947s][debug][gc,phases      ] GC(61)   VM Weak                        Min: 0.00, Avg: 0.00, Max: 0.01, Diff: 0.01, Sum: 0.01, Workers: 4
[2199.947s][debug][gc,phases      ] GC(61)     Dead                           Min: 0, Avg:  0.0, Max: 0, Diff: 0, Sum: 0, Workers: 4
[2199.947s][debug][gc,phases      ] GC(61)     Total                          Min: 0, Avg: 231.2, Max: 541, Diff: 541, Sum: 925, Workers: 4
[2199.947s][debug][gc,phases      ] GC(61)   ObjectSynchronizer Weak        Min: 0.00, Avg: 0.00, Max: 0.00, Diff: 0.00, Sum: 0.00, Workers: 4
[2199.947s][debug][gc,phases      ] GC(61)     Dead                           Min: 0, Avg:  0.0, Max: 0, Diff: 0, Sum: 0, Workers: 4
[2199.947s][debug][gc,phases      ] GC(61)     Total                          Min: 0, Avg:  1.5, Max: 6, Diff: 6, Sum: 6, Workers: 4
[2199.947s][debug][gc,phases      ] GC(61)   JVMTI Tag Weak OopStorage      Min: 0.00, Avg: 0.00, Max: 0.00, Diff: 0.00, Sum: 0.00, Workers: 4
[2199.947s][debug][gc,phases      ] GC(61)     Dead                           Min: 0, Avg:  0.0, Max: 0, Diff: 0, Sum: 0, Workers: 4
[2199.947s][debug][gc,phases      ] GC(61)     Total                          Min: 0, Avg:  0.0, Max: 0, Diff: 0, Sum: 0, Workers: 4
[2199.947s][debug][gc,phases      ] GC(61)   StringTable Weak               Min: 0.00, Avg: 0.10, Max: 0.13, Diff: 0.13, Sum: 0.40, Workers: 4
[2199.947s][debug][gc,phases      ] GC(61)     Dead                           Min: 0, Avg:  0.0, Max: 0, Diff: 0, Sum: 0, Workers: 4
[2199.947s][debug][gc,phases      ] GC(61)     Total                          Min: 0, Avg: 12522.0, Max: 21226, Diff: 21226, Sum: 50088, Workers: 4
[2199.947s][debug][gc,phases      ] GC(61)   ResolvedMethodTable Weak       Min: 0.00, Avg: 0.03, Max: 0.04, Diff: 0.04, Sum: 0.13, Workers: 4
[2199.947s][debug][gc,phases      ] GC(61)     Dead                           Min: 0, Avg:  5.0, Max: 20, Diff: 20, Sum: 20, Workers: 4
[2199.947s][debug][gc,phases      ] GC(61)     Total                          Min: 0, Avg: 4198.0, Max: 7275, Diff: 7275, Sum: 16792, Workers: 4
[2199.947s][debug][gc,phases      ] GC(61)   JNI Weak                       Min: 0.00, Avg: 0.00, Max: 0.00, Diff: 0.00, Sum: 0.00, Workers: 4
[2199.947s][debug][gc,phases      ] GC(61)     Dead                           Min: 0, Avg:  0.0, Max: 0, Diff: 0, Sum: 0, Workers: 4
[2199.947s][debug][gc,phases      ] GC(61)     Total                          Min: 0, Avg: 13.0, Max: 48, Diff: 48, Sum: 52, Workers: 4
[2199.947s][debug][gc,phases      ] GC(61)   StringDedup Table Weak         Min: 0.00, Avg: 0.00, Max: 0.00, Diff: 0.00, Sum: 0.00, Workers: 4
[2199.947s][debug][gc,phases      ] GC(61)     Dead                           Min: 0, Avg:  0.0, Max: 0, Diff: 0, Sum: 0, Workers: 4
[2199.947s][debug][gc,phases      ] GC(61)     Total                          Min: 0, Avg:  0.0, Max: 0, Diff: 0, Sum: 0, Workers: 4
[2199.947s][debug][gc,phases      ] GC(61)   StringDedup Requests0 Weak     Min: 0.00, Avg: 0.00, Max: 0.00, Diff: 0.00, Sum: 0.00, Workers: 4
[2199.947s][debug][gc,phases      ] GC(61)     Dead                           Min: 0, Avg:  0.0, Max: 0, Diff: 0, Sum: 0, Workers: 4
[2199.947s][debug][gc,phases      ] GC(61)     Total                          Min: 0, Avg:  0.0, Max: 0, Diff: 0, Sum: 0, Workers: 4
[2199.947s][debug][gc,phases      ] GC(61)   StringDedup Requests1 Weak     Min: 0.00, Avg: 0.00, Max: 0.00, Diff: 0.00, Sum: 0.00, Workers: 4
[2199.947s][debug][gc,phases      ] GC(61)     Dead                           Min: 0, Avg:  0.0, Max: 0, Diff: 0, Sum: 0, Workers: 4
[2199.947s][debug][gc,phases      ] GC(61)     Total                          Min: 0, Avg:  0.0, Max: 0, Diff: 0, Sum: 0, Workers: 4
[2199.947s][debug][gc,phases      ] GC(61)   Weak JFR Old Object Samples    Min: 0.00, Avg: 0.00, Max: 0.00, Diff: 0.00, Sum: 0.00, Workers: 4
[2199.947s][debug][gc,phases      ] GC(61)     Dead                           Min: 0, Avg:  0.0, Max: 0, Diff: 0, Sum: 0, Workers: 4
[2199.947s][debug][gc,phases      ] GC(61)     Total                          Min: 0, Avg:  0.0, Max: 0, Diff: 0, Sum: 0, Workers: 4
[2199.947s][debug][gc,phases      ] GC(61) Weak Processing 0.356ms
[2199.947s][debug][gc,age         ] GC(61) Desired survivor size 69730304 bytes, new threshold 1 (max threshold 15)
[2199.947s][info ][gc,heap        ] GC(61) PSYoungGen: 1952560K(2024960K)->4064K(2021376K) Eden: 1949184K(1949184K)->0K(1949184K) From: 3376K(75776K)->4064K(72192K)
[2199.947s][info ][gc,heap        ] GC(61) ParOldGen: 565660K(565760K)->566680K(566784K)
[2199.947s][info ][gc,metaspace   ] GC(61) Metaspace: 109282K(110528K)->109282K(110528K) NonClass: 93215K(93952K)->93215K(93952K) Class: 16067K(16576K)->16067K(16576K)
[2199.947s][info ][gc             ] GC(61) Pause Young (Allocation Failure) 2459M->557M(2527M) 3.588ms
[2199.947s][info ][gc,cpu         ] GC(61) User=0.02s Sys=0.00s Real=0.00s
[2199.947s][info ][safepoint      ] Safepoint "ParallelCollectForAllocation", Time since last: 49717203182 ns, Reaching safepoint: 15699 ns, At safepoint: 3648081 ns, Leaving safepoint: 3200 ns, Total: 3666980 ns, Threads: 0 runnable, 27 total
[2251.177s][info ][gc,start       ] GC(62) Pause Young (Allocation Failure)
[2251.183s][debug][gc,phases      ] GC(62) Scavenge 5.526ms
[2251.183s][debug][gc,ref         ] GC(62) Skipped SoftWeakFinalRefsPhase of Reference Processing: no references
[2251.183s][debug][gc,ref         ] GC(62) Skipped KeepAliveFinalRefsPhase of Reference Processing: no references
[2251.183s][debug][gc,ref         ] GC(62) Skipped PhantomRefsPhase of Reference Processing: no references
[2251.183s][debug][gc,phases      ] GC(62) Reference Processing 0.022ms
[2251.183s][debug][gc,phases      ] GC(62)   VM Weak                        Min: 0.00, Avg: 0.00, Max: 0.01, Diff: 0.01, Sum: 0.01, Workers: 4
[2251.183s][debug][gc,phases      ] GC(62)     Dead                           Min: 0, Avg:  0.0, Max: 0, Diff: 0, Sum: 0, Workers: 4
[2251.183s][debug][gc,phases      ] GC(62)     Total                          Min: 0, Avg: 231.2, Max: 861, Diff: 861, Sum: 925, Workers: 4
[2251.183s][debug][gc,phases      ] GC(62)   ObjectSynchronizer Weak        Min: 0.00, Avg: 0.00, Max: 0.00, Diff: 0.00, Sum: 0.00, Workers: 4
[2251.183s][debug][gc,phases      ] GC(62)     Dead                           Min: 0, Avg:  0.0, Max: 0, Diff: 0, Sum: 0, Workers: 4
[2251.183s][debug][gc,phases      ] GC(62)     Total                          Min: 0, Avg:  1.5, Max: 6, Diff: 6, Sum: 6, Workers: 4
[2251.183s][debug][gc,phases      ] GC(62)   JVMTI Tag Weak OopStorage      Min: 0.00, Avg: 0.00, Max: 0.00, Diff: 0.00, Sum: 0.00, Workers: 4
[2251.183s][debug][gc,phases      ] GC(62)     Dead                           Min: 0, Avg:  0.0, Max: 0, Diff: 0, Sum: 0, Workers: 4
[2251.183s][debug][gc,phases      ] GC(62)     Total                          Min: 0, Avg:  0.0, Max: 0, Diff: 0, Sum: 0, Workers: 4
[2251.183s][debug][gc,phases      ] GC(62)   StringTable Weak               Min: 0.00, Avg: 0.12, Max: 0.17, Diff: 0.17, Sum: 0.50, Workers: 4
[2251.183s][debug][gc,phases      ] GC(62)     Dead                           Min: 0, Avg:  0.0, Max: 0, Diff: 0, Sum: 0, Workers: 4
[2251.183s][debug][gc,phases      ] GC(62)     Total                          Min: 0, Avg: 12522.0, Max: 17278, Diff: 17278, Sum: 50088, Workers: 4
[2251.183s][debug][gc,phases      ] GC(62)   ResolvedMethodTable Weak       Min: 0.00, Avg: 0.04, Max: 0.05, Diff: 0.05, Sum: 0.15, Workers: 4
[2251.183s][debug][gc,phases      ] GC(62)     Dead                           Min: 0, Avg:  5.0, Max: 20, Diff: 20, Sum: 20, Workers: 4
[2251.183s][debug][gc,phases      ] GC(62)     Total                          Min: 0, Avg: 4198.0, Max: 5631, Diff: 5631, Sum: 16792, Workers: 4
[2251.183s][debug][gc,phases      ] GC(62)   JNI Weak                       Min: 0.00, Avg: 0.00, Max: 0.00, Diff: 0.00, Sum: 0.00, Workers: 4
[2251.183s][debug][gc,phases      ] GC(62)     Dead                           Min: 0, Avg:  0.0, Max: 0, Diff: 0, Sum: 0, Workers: 4
[2251.183s][debug][gc,phases      ] GC(62)     Total                          Min: 0, Avg: 13.2, Max: 48, Diff: 48, Sum: 53, Workers: 4
[2251.183s][debug][gc,phases      ] GC(62)   StringDedup Table Weak         Min: 0.00, Avg: 0.00, Max: 0.00, Diff: 0.00, Sum: 0.00, Workers: 4
[2251.183s][debug][gc,phases      ] GC(62)     Dead                           Min: 0, Avg:  0.0, Max: 0, Diff: 0, Sum: 0, Workers: 4
[2251.183s][debug][gc,phases      ] GC(62)     Total                          Min: 0, Avg:  0.0, Max: 0, Diff: 0, Sum: 0, Workers: 4
[2251.183s][debug][gc,phases      ] GC(62)   StringDedup Requests0 Weak     Min: 0.00, Avg: 0.00, Max: 0.00, Diff: 0.00, Sum: 0.00, Workers: 4
[2251.183s][debug][gc,phases      ] GC(62)     Dead                           Min: 0, Avg:  0.0, Max: 0, Diff: 0, Sum: 0, Workers: 4
[2251.183s][debug][gc,phases      ] GC(62)     Total                          Min: 0, Avg:  0.0, Max: 0, Diff: 0, Sum: 0, Workers: 4
[2251.183s][debug][gc,phases      ] GC(62)   StringDedup Requests1 Weak     Min: 0.00, Avg: 0.00, Max: 0.00, Diff: 0.00, Sum: 0.00, Workers: 4
[2251.183s][debug][gc,phases      ] GC(62)     Dead                           Min: 0, Avg:  0.0, Max: 0, Diff: 0, Sum: 0, Workers: 4
[2251.183s][debug][gc,phases      ] GC(62)     Total                          Min: 0, Avg:  0.0, Max: 0, Diff: 0, Sum: 0, Workers: 4
[2251.183s][debug][gc,phases      ] GC(62)   Weak JFR Old Object Samples    Min: 0.00, Avg: 0.00, Max: 0.00, Diff: 0.00, Sum: 0.00, Workers: 4
[2251.183s][debug][gc,phases      ] GC(62)     Dead                           Min: 0, Avg:  0.0, Max: 0, Diff: 0, Sum: 0, Workers: 4
[2251.183s][debug][gc,phases      ] GC(62)     Total                          Min: 0, Avg:  0.0, Max: 0, Diff: 0, Sum: 0, Workers: 4
[2251.183s][debug][gc,phases      ] GC(62) Weak Processing 0.423ms
[2251.183s][debug][gc,age         ] GC(62) Desired survivor size 65011712 bytes, new threshold 1 (max threshold 15)
[2251.183s][info ][gc,heap        ] GC(62) PSYoungGen: 1953248K(2021376K)->6048K(2033664K) Eden: 1949184K(1949184K)->0K(1965568K) From: 4064K(72192K)->6048K(68096K)
[2251.183s][info ][gc,heap        ] GC(62) ParOldGen: 566680K(566784K)->568197K(568320K)
[2251.183s][info ][gc,metaspace   ] GC(62) Metaspace: 109284K(110528K)->109284K(110528K) NonClass: 93217K(93952K)->93217K(93952K) Class: 16067K(16576K)->16067K(16576K)
[2251.184s][info ][gc             ] GC(62) Pause Young (Allocation Failure) 2460M->560M(2541M) 6.077ms
[2251.184s][info ][gc,cpu         ] GC(62) User=0.02s Sys=0.00s Real=0.01s
[2251.184s][info ][safepoint      ] Safepoint "ParallelCollectForAllocation", Time since last: 51230040465 ns, Reaching safepoint: 107700 ns, At safepoint: 6139668 ns, Leaving safepoint: 15600 ns, Total: 6262968 ns, Threads: 2 runnable, 27 total
[2302.274s][info ][gc,start       ] GC(63) Pause Young (Allocation Failure)
[2302.278s][debug][gc,phases      ] GC(63) Scavenge 3.711ms
[2302.278s][debug][gc,ref         ] GC(63) Skipped SoftWeakFinalRefsPhase of Reference Processing: no references
[2302.278s][debug][gc,ref         ] GC(63) Skipped KeepAliveFinalRefsPhase of Reference Processing: no references
[2302.278s][debug][gc,ref         ] GC(63) Skipped PhantomRefsPhase of Reference Processing: no references
[2302.278s][debug][gc,phases      ] GC(63) Reference Processing 0.022ms
[2302.278s][debug][gc,phases      ] GC(63)   VM Weak                        Min: 0.00, Avg: 0.00, Max: 0.01, Diff: 0.01, Sum: 0.01, Workers: 4
[2302.278s][debug][gc,phases      ] GC(63)     Dead                           Min: 0, Avg:  0.0, Max: 0, Diff: 0, Sum: 0, Workers: 4
[2302.278s][debug][gc,phases      ] GC(63)     Total                          Min: 0, Avg: 231.2, Max: 733, Diff: 733, Sum: 925, Workers: 4
[2302.278s][debug][gc,phases      ] GC(63)   ObjectSynchronizer Weak        Min: 0.00, Avg: 0.00, Max: 0.00, Diff: 0.00, Sum: 0.00, Workers: 4
[2302.278s][debug][gc,phases      ] GC(63)     Dead                           Min: 0, Avg:  0.0, Max: 0, Diff: 0, Sum: 0, Workers: 4
[2302.278s][debug][gc,phases      ] GC(63)     Total                          Min: 0, Avg:  1.5, Max: 6, Diff: 6, Sum: 6, Workers: 4
[2302.278s][debug][gc,phases      ] GC(63)   JVMTI Tag Weak OopStorage      Min: 0.00, Avg: 0.00, Max: 0.00, Diff: 0.00, Sum: 0.00, Workers: 4
[2302.278s][debug][gc,phases      ] GC(63)     Dead                           Min: 0, Avg:  0.0, Max: 0, Diff: 0, Sum: 0, Workers: 4
[2302.278s][debug][gc,phases      ] GC(63)     Total                          Min: 0, Avg:  0.0, Max: 0, Diff: 0, Sum: 0, Workers: 4
[2302.278s][debug][gc,phases      ] GC(63)   StringTable Weak               Min: 0.11, Avg: 0.12, Max: 0.12, Diff: 0.00, Sum: 0.46, Workers: 4
[2302.278s][debug][gc,phases      ] GC(63)     Dead                           Min: 0, Avg:  0.0, Max: 0, Diff: 0, Sum: 0, Workers: 4
[2302.278s][debug][gc,phases      ] GC(63)     Total                          Min: 12158, Avg: 12522.0, Max: 12928, Diff: 770, Sum: 50088, Workers: 4
[2302.278s][debug][gc,phases      ] GC(63)   ResolvedMethodTable Weak       Min: 0.04, Avg: 0.04, Max: 0.04, Diff: 0.00, Sum: 0.15, Workers: 4
[2302.278s][debug][gc,phases      ] GC(63)     Dead                           Min: 0, Avg:  5.0, Max: 20, Diff: 20, Sum: 20, Workers: 4
[2302.278s][debug][gc,phases      ] GC(63)     Total                          Min: 4140, Avg: 4198.0, Max: 4287, Diff: 147, Sum: 16792, Workers: 4
[2302.278s][debug][gc,phases      ] GC(63)   JNI Weak                       Min: 0.00, Avg: 0.00, Max: 0.00, Diff: 0.00, Sum: 0.00, Workers: 4
[2302.278s][debug][gc,phases      ] GC(63)     Dead                           Min: 0, Avg:  0.0, Max: 0, Diff: 0, Sum: 0, Workers: 4
[2302.278s][debug][gc,phases      ] GC(63)     Total                          Min: 0, Avg: 13.0, Max: 48, Diff: 48, Sum: 52, Workers: 4
[2302.278s][debug][gc,phases      ] GC(63)   StringDedup Table Weak         Min: 0.00, Avg: 0.00, Max: 0.00, Diff: 0.00, Sum: 0.00, Workers: 4
[2302.278s][debug][gc,phases      ] GC(63)     Dead                           Min: 0, Avg:  0.0, Max: 0, Diff: 0, Sum: 0, Workers: 4
[2302.278s][debug][gc,phases      ] GC(63)     Total                          Min: 0, Avg:  0.0, Max: 0, Diff: 0, Sum: 0, Workers: 4
[2302.278s][debug][gc,phases      ] GC(63)   StringDedup Requests0 Weak     Min: 0.00, Avg: 0.00, Max: 0.00, Diff: 0.00, Sum: 0.00, Workers: 4
[2302.278s][debug][gc,phases      ] GC(63)     Dead                           Min: 0, Avg:  0.0, Max: 0, Diff: 0, Sum: 0, Workers: 4
[2302.278s][debug][gc,phases      ] GC(63)     Total                          Min: 0, Avg:  0.0, Max: 0, Diff: 0, Sum: 0, Workers: 4
[2302.278s][debug][gc,phases      ] GC(63)   StringDedup Requests1 Weak     Min: 0.00, Avg: 0.00, Max: 0.00, Diff: 0.00, Sum: 0.00, Workers: 4
[2302.278s][debug][gc,phases      ] GC(63)     Dead                           Min: 0, Avg:  0.0, Max: 0, Diff: 0, Sum: 0, Workers: 4
[2302.278s][debug][gc,phases      ] GC(63)     Total                          Min: 0, Avg:  0.0, Max: 0, Diff: 0, Sum: 0, Workers: 4
[2302.278s][debug][gc,phases      ] GC(63)   Weak JFR Old Object Samples    Min: 0.00, Avg: 0.00, Max: 0.00, Diff: 0.00, Sum: 0.00, Workers: 4
[2302.278s][debug][gc,phases      ] GC(63)     Dead                           Min: 0, Avg:  0.0, Max: 0, Diff: 0, Sum: 0, Workers: 4
[2302.278s][debug][gc,phases      ] GC(63)     Total                          Min: 0, Avg:  0.0, Max: 0, Diff: 0, Sum: 0, Workers: 4
[2302.278s][debug][gc,phases      ] GC(63) Weak Processing 0.334ms
[2302.278s][debug][gc,age         ] GC(63) Desired survivor size 61341696 bytes, new threshold 1 (max threshold 15)
[2302.278s][info ][gc,heap        ] GC(63) PSYoungGen: 1971616K(2033664K)->4272K(2029056K) Eden: 1965568K(1965568K)->0K(1965568K) From: 6048K(68096K)->4272K(63488K)
[2302.278s][info ][gc,heap        ] GC(63) ParOldGen: 568197K(568320K)->570974K(571392K)
[2302.278s][info ][gc,metaspace   ] GC(63) Metaspace: 109288K(110528K)->109288K(110528K) NonClass: 93221K(93952K)->93221K(93952K) Class: 16067K(16576K)->16067K(16576K)
[2302.278s][info ][gc             ] GC(63) Pause Young (Allocation Failure) 2480M->561M(2539M) 4.163ms
[2302.278s][info ][gc,cpu         ] GC(63) User=0.01s Sys=0.00s Real=0.00s
[2302.278s][info ][safepoint      ] Safepoint "ParallelCollectForAllocation", Time since last: 51090389265 ns, Reaching safepoint: 20400 ns, At safepoint: 4240579 ns, Leaving safepoint: 2800 ns, Total: 4263779 ns, Threads: 0 runnable, 27 total
[2352.643s][info ][gc,start       ] GC(64) Pause Young (Allocation Failure)
[2352.646s][debug][gc,phases      ] GC(64) Scavenge 2.873ms
[2352.646s][debug][gc,ref         ] GC(64) ReferenceProcessor::execute queues: 1, RefProcThreadModel::Single, marks_oops_alive: false
[2352.646s][debug][gc,ref         ] GC(64) Skipped KeepAliveFinalRefsPhase of Reference Processing: no references
[2352.646s][debug][gc,ref         ] GC(64) Skipped PhantomRefsPhase of Reference Processing: no references
[2352.646s][debug][gc,phases      ] GC(64) Reference Processing 0.093ms
[2352.647s][debug][gc,phases      ] GC(64)   VM Weak                        Min: 0.00, Avg: 0.00, Max: 0.01, Diff: 0.01, Sum: 0.01, Workers: 4
[2352.647s][debug][gc,phases      ] GC(64)     Dead                           Min: 0, Avg:  0.0, Max: 0, Diff: 0, Sum: 0, Workers: 4
[2352.647s][debug][gc,phases      ] GC(64)     Total                          Min: 0, Avg: 231.2, Max: 832, Diff: 832, Sum: 925, Workers: 4
[2352.647s][debug][gc,phases      ] GC(64)   ObjectSynchronizer Weak        Min: 0.00, Avg: 0.00, Max: 0.00, Diff: 0.00, Sum: 0.00, Workers: 4
[2352.647s][debug][gc,phases      ] GC(64)     Dead                           Min: 0, Avg:  0.0, Max: 0, Diff: 0, Sum: 0, Workers: 4
[2352.647s][debug][gc,phases      ] GC(64)     Total                          Min: 0, Avg:  1.2, Max: 5, Diff: 5, Sum: 5, Workers: 4
[2352.647s][debug][gc,phases      ] GC(64)   JVMTI Tag Weak OopStorage      Min: 0.00, Avg: 0.00, Max: 0.00, Diff: 0.00, Sum: 0.00, Workers: 4
[2352.647s][debug][gc,phases      ] GC(64)     Dead                           Min: 0, Avg:  0.0, Max: 0, Diff: 0, Sum: 0, Workers: 4
[2352.647s][debug][gc,phases      ] GC(64)     Total                          Min: 0, Avg:  0.0, Max: 0, Diff: 0, Sum: 0, Workers: 4
[2352.647s][debug][gc,phases      ] GC(64)   StringTable Weak               Min: 0.00, Avg: 0.10, Max: 0.13, Diff: 0.13, Sum: 0.39, Workers: 4
[2352.647s][debug][gc,phases      ] GC(64)     Dead                           Min: 0, Avg:  0.2, Max: 1, Diff: 1, Sum: 1, Workers: 4
[2352.647s][debug][gc,phases      ] GC(64)     Total                          Min: 0, Avg: 12529.5, Max: 21056, Diff: 21056, Sum: 50118, Workers: 4
[2352.647s][debug][gc,phases      ] GC(64)   ResolvedMethodTable Weak       Min: 0.00, Avg: 0.03, Max: 0.04, Diff: 0.04, Sum: 0.13, Workers: 4
[2352.647s][debug][gc,phases      ] GC(64)     Dead                           Min: 0, Avg:  8.0, Max: 27, Diff: 27, Sum: 32, Workers: 4
[2352.647s][debug][gc,phases      ] GC(64)     Total                          Min: 0, Avg: 4207.5, Max: 7040, Diff: 7040, Sum: 16830, Workers: 4
[2352.647s][debug][gc,phases      ] GC(64)   JNI Weak                       Min: 0.00, Avg: 0.00, Max: 0.00, Diff: 0.00, Sum: 0.00, Workers: 4
[2352.647s][debug][gc,phases      ] GC(64)     Dead                           Min: 0, Avg:  0.0, Max: 0, Diff: 0, Sum: 0, Workers: 4
[2352.647s][debug][gc,phases      ] GC(64)     Total                          Min: 0, Avg: 13.0, Max: 48, Diff: 48, Sum: 52, Workers: 4
[2352.647s][debug][gc,phases      ] GC(64)   StringDedup Table Weak         Min: 0.00, Avg: 0.00, Max: 0.00, Diff: 0.00, Sum: 0.00, Workers: 4
[2352.647s][debug][gc,phases      ] GC(64)     Dead                           Min: 0, Avg:  0.0, Max: 0, Diff: 0, Sum: 0, Workers: 4
[2352.647s][debug][gc,phases      ] GC(64)     Total                          Min: 0, Avg:  0.0, Max: 0, Diff: 0, Sum: 0, Workers: 4
[2352.647s][debug][gc,phases      ] GC(64)   StringDedup Requests0 Weak     Min: 0.00, Avg: 0.00, Max: 0.00, Diff: 0.00, Sum: 0.00, Workers: 4
[2352.647s][debug][gc,phases      ] GC(64)     Dead                           Min: 0, Avg:  0.0, Max: 0, Diff: 0, Sum: 0, Workers: 4
[2352.647s][debug][gc,phases      ] GC(64)     Total                          Min: 0, Avg:  0.0, Max: 0, Diff: 0, Sum: 0, Workers: 4
[2352.647s][debug][gc,phases      ] GC(64)   StringDedup Requests1 Weak     Min: 0.00, Avg: 0.00, Max: 0.00, Diff: 0.00, Sum: 0.00, Workers: 4
[2352.647s][debug][gc,phases      ] GC(64)     Dead                           Min: 0, Avg:  0.0, Max: 0, Diff: 0, Sum: 0, Workers: 4
[2352.647s][debug][gc,phases      ] GC(64)     Total                          Min: 0, Avg:  0.0, Max: 0, Diff: 0, Sum: 0, Workers: 4
[2352.647s][debug][gc,phases      ] GC(64)   Weak JFR Old Object Samples    Min: 0.00, Avg: 0.00, Max: 0.00, Diff: 0.00, Sum: 0.00, Workers: 4
[2352.647s][debug][gc,phases      ] GC(64)     Dead                           Min: 0, Avg:  0.0, Max: 0, Diff: 0, Sum: 0, Workers: 4
[2352.647s][debug][gc,phases      ] GC(64)     Total                          Min: 0, Avg:  0.0, Max: 0, Diff: 0, Sum: 0, Workers: 4
[2352.647s][debug][gc,phases      ] GC(64) Weak Processing 0.351ms
[2352.647s][debug][gc,age         ] GC(64) Desired survivor size 58195968 bytes, new threshold 1 (max threshold 15)
[2352.647s][info ][gc,heap        ] GC(64) PSYoungGen: 1969840K(2029056K)->2752K(2040320K) Eden: 1965568K(1965568K)->0K(1980416K) From: 4272K(63488K)->2752K(59904K)
[2352.647s][info ][gc,heap        ] GC(64) ParOldGen: 570974K(571392K)->572018K(572416K)
[2352.647s][info ][gc,metaspace   ] GC(64) Metaspace: 109378K(110592K)->109378K(110592K) NonClass: 93295K(94016K)->93295K(94016K) Class: 16082K(16576K)->16082K(16576K)
[2352.647s][info ][gc             ] GC(64) Pause Young (Allocation Failure) 2481M->561M(2551M) 3.428ms
[2352.647s][info ][gc,cpu         ] GC(64) User=0.01s Sys=0.00s Real=0.00s
[2352.647s][info ][safepoint      ] Safepoint "ParallelCollectForAllocation", Time since last: 50365154675 ns, Reaching safepoint: 27600 ns, At safepoint: 3488186 ns, Leaving safepoint: 2600 ns, Total: 3518386 ns, Threads: 0 runnable, 27 total
[2404.989s][info ][gc,start       ] GC(65) Pause Young (Allocation Failure)
[2404.992s][debug][gc,phases      ] GC(65) Scavenge 2.784ms
[2404.992s][debug][gc,ref         ] GC(65) Skipped SoftWeakFinalRefsPhase of Reference Processing: no references
[2404.992s][debug][gc,ref         ] GC(65) Skipped KeepAliveFinalRefsPhase of Reference Processing: no references
[2404.992s][debug][gc,ref         ] GC(65) Skipped PhantomRefsPhase of Reference Processing: no references
[2404.992s][debug][gc,phases      ] GC(65) Reference Processing 0.021ms
[2404.992s][debug][gc,phases      ] GC(65)   VM Weak                        Min: 0.00, Avg: 0.00, Max: 0.01, Diff: 0.01, Sum: 0.01, Workers: 4
[2404.992s][debug][gc,phases      ] GC(65)     Dead                           Min: 0, Avg:  0.0, Max: 0, Diff: 0, Sum: 0, Workers: 4
[2404.992s][debug][gc,phases      ] GC(65)     Total                          Min: 0, Avg: 231.2, Max: 925, Diff: 925, Sum: 925, Workers: 4
[2404.992s][debug][gc,phases      ] GC(65)   ObjectSynchronizer Weak        Min: 0.00, Avg: 0.00, Max: 0.00, Diff: 0.00, Sum: 0.00, Workers: 4
[2404.992s][debug][gc,phases      ] GC(65)     Dead                           Min: 0, Avg:  0.0, Max: 0, Diff: 0, Sum: 0, Workers: 4
[2404.992s][debug][gc,phases      ] GC(65)     Total                          Min: 0, Avg:  1.2, Max: 5, Diff: 5, Sum: 5, Workers: 4
[2404.992s][debug][gc,phases      ] GC(65)   JVMTI Tag Weak OopStorage      Min: 0.00, Avg: 0.00, Max: 0.00, Diff: 0.00, Sum: 0.00, Workers: 4
[2404.992s][debug][gc,phases      ] GC(65)     Dead                           Min: 0, Avg:  0.0, Max: 0, Diff: 0, Sum: 0, Workers: 4
[2404.992s][debug][gc,phases      ] GC(65)     Total                          Min: 0, Avg:  0.0, Max: 0, Diff: 0, Sum: 0, Workers: 4
[2404.992s][debug][gc,phases      ] GC(65)   StringTable Weak               Min: 0.00, Avg: 0.11, Max: 0.15, Diff: 0.15, Sum: 0.44, Workers: 4
[2404.992s][debug][gc,phases      ] GC(65)     Dead                           Min: 0, Avg:  0.0, Max: 0, Diff: 0, Sum: 0, Workers: 4
[2404.992s][debug][gc,phases      ] GC(65)     Total                          Min: 0, Avg: 12532.5, Max: 20160, Diff: 20160, Sum: 50130, Workers: 4
[2404.992s][debug][gc,phases      ] GC(65)   ResolvedMethodTable Weak       Min: 0.00, Avg: 0.03, Max: 0.04, Diff: 0.04, Sum: 0.13, Workers: 4
[2404.992s][debug][gc,phases      ] GC(65)     Dead                           Min: 0, Avg:  5.0, Max: 15, Diff: 15, Sum: 20, Workers: 4
[2404.992s][debug][gc,phases      ] GC(65)     Total                          Min: 0, Avg: 4207.5, Max: 7296, Diff: 7296, Sum: 16830, Workers: 4
[2404.992s][debug][gc,phases      ] GC(65)   JNI Weak                       Min: 0.00, Avg: 0.00, Max: 0.00, Diff: 0.00, Sum: 0.00, Workers: 4
[2404.992s][debug][gc,phases      ] GC(65)     Dead                           Min: 0, Avg:  0.0, Max: 0, Diff: 0, Sum: 0, Workers: 4
[2404.992s][debug][gc,phases      ] GC(65)     Total                          Min: 0, Avg: 13.0, Max: 48, Diff: 48, Sum: 52, Workers: 4
[2404.992s][debug][gc,phases      ] GC(65)   StringDedup Table Weak         Min: 0.00, Avg: 0.00, Max: 0.00, Diff: 0.00, Sum: 0.00, Workers: 4
[2404.992s][debug][gc,phases      ] GC(65)     Dead                           Min: 0, Avg:  0.0, Max: 0, Diff: 0, Sum: 0, Workers: 4
[2404.992s][debug][gc,phases      ] GC(65)     Total                          Min: 0, Avg:  0.0, Max: 0, Diff: 0, Sum: 0, Workers: 4
[2404.992s][debug][gc,phases      ] GC(65)   StringDedup Requests0 Weak     Min: 0.00, Avg: 0.00, Max: 0.00, Diff: 0.00, Sum: 0.00, Workers: 4
[2404.992s][debug][gc,phases      ] GC(65)     Dead                           Min: 0, Avg:  0.0, Max: 0, Diff: 0, Sum: 0, Workers: 4
[2404.992s][debug][gc,phases      ] GC(65)     Total                          Min: 0, Avg:  0.0, Max: 0, Diff: 0, Sum: 0, Workers: 4
[2404.992s][debug][gc,phases      ] GC(65)   StringDedup Requests1 Weak     Min: 0.00, Avg: 0.00, Max: 0.00, Diff: 0.00, Sum: 0.00, Workers: 4
[2404.992s][debug][gc,phases      ] GC(65)     Dead                           Min: 0, Avg:  0.0, Max: 0, Diff: 0, Sum: 0, Workers: 4
[2404.992s][debug][gc,phases      ] GC(65)     Total                          Min: 0, Avg:  0.0, Max: 0, Diff: 0, Sum: 0, Workers: 4
[2404.992s][debug][gc,phases      ] GC(65)   Weak JFR Old Object Samples    Min: 0.00, Avg: 0.00, Max: 0.00, Diff: 0.00, Sum: 0.00, Workers: 4
[2404.992s][debug][gc,phases      ] GC(65)     Dead                           Min: 0, Avg:  0.0, Max: 0, Diff: 0, Sum: 0, Workers: 4
[2404.992s][debug][gc,phases      ] GC(65)     Total                          Min: 0, Avg:  0.0, Max: 0, Diff: 0, Sum: 0, Workers: 4
[2404.992s][debug][gc,phases      ] GC(65) Weak Processing 0.391ms
[2404.992s][debug][gc,age         ] GC(65) Desired survivor size 54525952 bytes, new threshold 1 (max threshold 15)
[2404.992s][info ][gc,heap        ] GC(65) PSYoungGen: 1983168K(2040320K)->3568K(2037248K) Eden: 1980416K(1980416K)->0K(1980416K) From: 2752K(59904K)->3568K(56832K)
[2404.992s][info ][gc,heap        ] GC(65) ParOldGen: 572018K(572416K)->572474K(572928K)
[2404.992s][info ][gc,metaspace   ] GC(65) Metaspace: 109399K(110656K)->109399K(110656K) NonClass: 93316K(94080K)->93316K(94080K) Class: 16082K(16576K)->16082K(16576K)
[2404.993s][info ][gc             ] GC(65) Pause Young (Allocation Failure) 2495M->562M(2549M) 3.297ms
[2404.993s][info ][gc,cpu         ] GC(65) User=0.01s Sys=0.00s Real=0.01s
[2404.993s][info ][safepoint      ] Safepoint "ParallelCollectForAllocation", Time since last: 52342255411 ns, Reaching safepoint: 23900 ns, At safepoint: 3369584 ns, Leaving safepoint: 2300 ns, Total: 3395784 ns, Threads: 0 runnable, 27 total
[2455.671s][info ][gc,start       ] GC(66) Pause Young (Allocation Failure)
[2455.675s][debug][gc,phases      ] GC(66) Scavenge 3.865ms
[2455.675s][debug][gc,ref         ] GC(66) Skipped SoftWeakFinalRefsPhase of Reference Processing: no references
[2455.675s][debug][gc,ref         ] GC(66) Skipped KeepAliveFinalRefsPhase of Reference Processing: no references
[2455.675s][debug][gc,ref         ] GC(66) Skipped PhantomRefsPhase of Reference Processing: no references
[2455.675s][debug][gc,phases      ] GC(66) Reference Processing 0.022ms
[2455.675s][debug][gc,phases      ] GC(66)   VM Weak                        Min: 0.00, Avg: 0.00, Max: 0.01, Diff: 0.01, Sum: 0.01, Workers: 4
[2455.675s][debug][gc,phases      ] GC(66)     Dead                           Min: 0, Avg:  0.0, Max: 0, Diff: 0, Sum: 0, Workers: 4
[2455.675s][debug][gc,phases      ] GC(66)     Total                          Min: 0, Avg: 231.2, Max: 576, Diff: 576, Sum: 925, Workers: 4
[2455.675s][debug][gc,phases      ] GC(66)   ObjectSynchronizer Weak        Min: 0.00, Avg: 0.00, Max: 0.00, Diff: 0.00, Sum: 0.00, Workers: 4
[2455.675s][debug][gc,phases      ] GC(66)     Dead                           Min: 0, Avg:  0.0, Max: 0, Diff: 0, Sum: 0, Workers: 4
[2455.675s][debug][gc,phases      ] GC(66)     Total                          Min: 0, Avg:  1.5, Max: 6, Diff: 6, Sum: 6, Workers: 4
[2455.675s][debug][gc,phases      ] GC(66)   JVMTI Tag Weak OopStorage      Min: 0.00, Avg: 0.00, Max: 0.00, Diff: 0.00, Sum: 0.00, Workers: 4
[2455.675s][debug][gc,phases      ] GC(66)     Dead                           Min: 0, Avg:  0.0, Max: 0, Diff: 0, Sum: 0, Workers: 4
[2455.675s][debug][gc,phases      ] GC(66)     Total                          Min: 0, Avg:  0.0, Max: 0, Diff: 0, Sum: 0, Workers: 4
[2455.675s][debug][gc,phases      ] GC(66)   StringTable Weak               Min: 0.00, Avg: 0.11, Max: 0.15, Diff: 0.15, Sum: 0.43, Workers: 4
[2455.675s][debug][gc,phases      ] GC(66)     Dead                           Min: 0, Avg:  0.0, Max: 0, Diff: 0, Sum: 0, Workers: 4
[2455.675s][debug][gc,phases      ] GC(66)     Total                          Min: 0, Avg: 12533.0, Max: 21268, Diff: 21268, Sum: 50132, Workers: 4
[2455.675s][debug][gc,phases      ] GC(66)   ResolvedMethodTable Weak       Min: 0.00, Avg: 0.03, Max: 0.04, Diff: 0.04, Sum: 0.13, Workers: 4
[2455.675s][debug][gc,phases      ] GC(66)     Dead                           Min: 0, Avg:  5.0, Max: 15, Diff: 15, Sum: 20, Workers: 4
[2455.675s][debug][gc,phases      ] GC(66)     Total                          Min: 0, Avg: 4207.5, Max: 7166, Diff: 7166, Sum: 16830, Workers: 4
[2455.675s][debug][gc,phases      ] GC(66)   JNI Weak                       Min: 0.00, Avg: 0.00, Max: 0.00, Diff: 0.00, Sum: 0.00, Workers: 4
[2455.675s][debug][gc,phases      ] GC(66)     Dead                           Min: 0, Avg:  0.0, Max: 0, Diff: 0, Sum: 0, Workers: 4
[2455.675s][debug][gc,phases      ] GC(66)     Total                          Min: 0, Avg: 13.0, Max: 48, Diff: 48, Sum: 52, Workers: 4
[2455.675s][debug][gc,phases      ] GC(66)   StringDedup Table Weak         Min: 0.00, Avg: 0.00, Max: 0.00, Diff: 0.00, Sum: 0.00, Workers: 4
[2455.675s][debug][gc,phases      ] GC(66)     Dead                           Min: 0, Avg:  0.0, Max: 0, Diff: 0, Sum: 0, Workers: 4
[2455.675s][debug][gc,phases      ] GC(66)     Total                          Min: 0, Avg:  0.0, Max: 0, Diff: 0, Sum: 0, Workers: 4
[2455.675s][debug][gc,phases      ] GC(66)   StringDedup Requests0 Weak     Min: 0.00, Avg: 0.00, Max: 0.00, Diff: 0.00, Sum: 0.00, Workers: 4
[2455.675s][debug][gc,phases      ] GC(66)     Dead                           Min: 0, Avg:  0.0, Max: 0, Diff: 0, Sum: 0, Workers: 4
[2455.675s][debug][gc,phases      ] GC(66)     Total                          Min: 0, Avg:  0.0, Max: 0, Diff: 0, Sum: 0, Workers: 4
[2455.675s][debug][gc,phases      ] GC(66)   StringDedup Requests1 Weak     Min: 0.00, Avg: 0.00, Max: 0.00, Diff: 0.00, Sum: 0.00, Workers: 4
[2455.675s][debug][gc,phases      ] GC(66)     Dead                           Min: 0, Avg:  0.0, Max: 0, Diff: 0, Sum: 0, Workers: 4
[2455.675s][debug][gc,phases      ] GC(66)     Total                          Min: 0, Avg:  0.0, Max: 0, Diff: 0, Sum: 0, Workers: 4
[2455.675s][debug][gc,phases      ] GC(66)   Weak JFR Old Object Samples    Min: 0.00, Avg: 0.00, Max: 0.00, Diff: 0.00, Sum: 0.00, Workers: 4
[2455.675s][debug][gc,phases      ] GC(66)     Dead                           Min: 0, Avg:  0.0, Max: 0, Diff: 0, Sum: 0, Workers: 4
[2455.675s][debug][gc,phases      ] GC(66)     Total                          Min: 0, Avg:  0.0, Max: 0, Diff: 0, Sum: 0, Workers: 4
[2455.675s][debug][gc,phases      ] GC(66) Weak Processing 0.377ms
[2455.675s][debug][gc,age         ] GC(66) Desired survivor size 50855936 bytes, new threshold 1 (max threshold 15)
[2455.675s][info ][gc,heap        ] GC(66) PSYoungGen: 1983984K(2037248K)->5648K(2047488K) Eden: 1980416K(1980416K)->0K(1994240K) From: 3568K(56832K)->5648K(53248K)
[2455.675s][info ][gc,heap        ] GC(66) ParOldGen: 572474K(572928K)->573343K(573440K)
[2455.675s][info ][gc,metaspace   ] GC(66) Metaspace: 109404K(110656K)->109404K(110656K) NonClass: 93321K(94080K)->93321K(94080K) Class: 16082K(16576K)->16082K(16576K)
[2455.675s][info ][gc             ] GC(66) Pause Young (Allocation Failure) 2496M->565M(2559M) 4.401ms
[2455.676s][info ][gc,cpu         ] GC(66) User=0.02s Sys=0.00s Real=0.01s
[2455.676s][info ][safepoint      ] Safepoint "ParallelCollectForAllocation", Time since last: 50678504138 ns, Reaching safepoint: 25500 ns, At safepoint: 4463482 ns, Leaving safepoint: 2700 ns, Total: 4491682 ns, Threads: 0 runnable, 32 total
[2510.123s][info ][gc,start       ] GC(67) Pause Young (Allocation Failure)
[2510.127s][debug][gc,phases      ] GC(67) Scavenge 4.081ms
[2510.127s][debug][gc,ref         ] GC(67) Skipped SoftWeakFinalRefsPhase of Reference Processing: no references
[2510.127s][debug][gc,ref         ] GC(67) Skipped KeepAliveFinalRefsPhase of Reference Processing: no references
[2510.127s][debug][gc,ref         ] GC(67) Skipped PhantomRefsPhase of Reference Processing: no references
[2510.127s][debug][gc,phases      ] GC(67) Reference Processing 0.022ms
[2510.127s][debug][gc,phases      ] GC(67)   VM Weak                        Min: 0.00, Avg: 0.00, Max: 0.01, Diff: 0.01, Sum: 0.01, Workers: 4
[2510.127s][debug][gc,phases      ] GC(67)     Dead                           Min: 0, Avg:  0.0, Max: 0, Diff: 0, Sum: 0, Workers: 4
[2510.127s][debug][gc,phases      ] GC(67)     Total                          Min: 0, Avg: 231.2, Max: 733, Diff: 733, Sum: 925, Workers: 4
[2510.127s][debug][gc,phases      ] GC(67)   ObjectSynchronizer Weak        Min: 0.00, Avg: 0.00, Max: 0.00, Diff: 0.00, Sum: 0.00, Workers: 4
[2510.127s][debug][gc,phases      ] GC(67)     Dead                           Min: 0, Avg:  0.0, Max: 0, Diff: 0, Sum: 0, Workers: 4
[2510.127s][debug][gc,phases      ] GC(67)     Total                          Min: 0, Avg:  1.5, Max: 6, Diff: 6, Sum: 6, Workers: 4
[2510.127s][debug][gc,phases      ] GC(67)   JVMTI Tag Weak OopStorage      Min: 0.00, Avg: 0.00, Max: 0.00, Diff: 0.00, Sum: 0.00, Workers: 4
[2510.127s][debug][gc,phases      ] GC(67)     Dead                           Min: 0, Avg:  0.0, Max: 0, Diff: 0, Sum: 0, Workers: 4
[2510.127s][debug][gc,phases      ] GC(67)     Total                          Min: 0, Avg:  0.0, Max: 0, Diff: 0, Sum: 0, Workers: 4
[2510.127s][debug][gc,phases      ] GC(67)   StringTable Weak               Min: 0.00, Avg: 0.12, Max: 0.16, Diff: 0.16, Sum: 0.48, Workers: 4
[2510.127s][debug][gc,phases      ] GC(67)     Dead                           Min: 0, Avg:  0.0, Max: 0, Diff: 0, Sum: 0, Workers: 4
[2510.127s][debug][gc,phases      ] GC(67)     Total                          Min: 0, Avg: 12533.0, Max: 21568, Diff: 21568, Sum: 50132, Workers: 4
[2510.127s][debug][gc,phases      ] GC(67)   ResolvedMethodTable Weak       Min: 0.00, Avg: 0.03, Max: 0.04, Diff: 0.04, Sum: 0.13, Workers: 4
[2510.127s][debug][gc,phases      ] GC(67)     Dead                           Min: 0, Avg:  5.0, Max: 15, Diff: 15, Sum: 20, Workers: 4
[2510.127s][debug][gc,phases      ] GC(67)     Total                          Min: 0, Avg: 4207.5, Max: 7294, Diff: 7294, Sum: 16830, Workers: 4
[2510.127s][debug][gc,phases      ] GC(67)   JNI Weak                       Min: 0.00, Avg: 0.00, Max: 0.00, Diff: 0.00, Sum: 0.00, Workers: 4
[2510.127s][debug][gc,phases      ] GC(67)     Dead                           Min: 0, Avg:  0.0, Max: 0, Diff: 0, Sum: 0, Workers: 4
[2510.127s][debug][gc,phases      ] GC(67)     Total                          Min: 0, Avg: 13.0, Max: 48, Diff: 48, Sum: 52, Workers: 4
[2510.127s][debug][gc,phases      ] GC(67)   StringDedup Table Weak         Min: 0.00, Avg: 0.00, Max: 0.00, Diff: 0.00, Sum: 0.00, Workers: 4
[2510.127s][debug][gc,phases      ] GC(67)     Dead                           Min: 0, Avg:  0.0, Max: 0, Diff: 0, Sum: 0, Workers: 4
[2510.127s][debug][gc,phases      ] GC(67)     Total                          Min: 0, Avg:  0.0, Max: 0, Diff: 0, Sum: 0, Workers: 4
[2510.127s][debug][gc,phases      ] GC(67)   StringDedup Requests0 Weak     Min: 0.00, Avg: 0.00, Max: 0.00, Diff: 0.00, Sum: 0.00, Workers: 4
[2510.127s][debug][gc,phases      ] GC(67)     Dead                           Min: 0, Avg:  0.0, Max: 0, Diff: 0, Sum: 0, Workers: 4
[2510.127s][debug][gc,phases      ] GC(67)     Total                          Min: 0, Avg:  0.0, Max: 0, Diff: 0, Sum: 0, Workers: 4
[2510.127s][debug][gc,phases      ] GC(67)   StringDedup Requests1 Weak     Min: 0.00, Avg: 0.00, Max: 0.00, Diff: 0.00, Sum: 0.00, Workers: 4
[2510.127s][debug][gc,phases      ] GC(67)     Dead                           Min: 0, Avg:  0.0, Max: 0, Diff: 0, Sum: 0, Workers: 4
[2510.127s][debug][gc,phases      ] GC(67)     Total                          Min: 0, Avg:  0.0, Max: 0, Diff: 0, Sum: 0, Workers: 4
[2510.127s][debug][gc,phases      ] GC(67)   Weak JFR Old Object Samples    Min: 0.00, Avg: 0.00, Max: 0.00, Diff: 0.00, Sum: 0.00, Workers: 4
[2510.127s][debug][gc,phases      ] GC(67)     Dead                           Min: 0, Avg:  0.0, Max: 0, Diff: 0, Sum: 0, Workers: 4
[2510.127s][debug][gc,phases      ] GC(67)     Total                          Min: 0, Avg:  0.0, Max: 0, Diff: 0, Sum: 0, Workers: 4
[2510.127s][debug][gc,phases      ] GC(67) Weak Processing 0.401ms
[2510.127s][debug][gc,age         ] GC(67) Desired survivor size 48234496 bytes, new threshold 1 (max threshold 15)
[2510.128s][info ][gc,heap        ] GC(67) PSYoungGen: 1999888K(2047488K)->3360K(2043904K) Eden: 1994240K(1994240K)->0K(1994240K) From: 5648K(53248K)->3360K(49664K)
[2510.128s][info ][gc,heap        ] GC(67) ParOldGen: 573343K(573440K)->576583K(577024K)
[2510.128s][info ][gc,metaspace   ] GC(67) Metaspace: 109408K(110656K)->109408K(110656K) NonClass: 93326K(94080K)->93326K(94080K) Class: 16082K(16576K)->16082K(16576K)
[2510.128s][info ][gc             ] GC(67) Pause Young (Allocation Failure) 2512M->566M(2559M) 4.602ms
[2510.128s][info ][gc,cpu         ] GC(67) User=0.01s Sys=0.00s Real=0.00s
[2510.128s][info ][safepoint      ] Safepoint "ParallelCollectForAllocation", Time since last: 54447280093 ns, Reaching safepoint: 91299 ns, At safepoint: 4657780 ns, Leaving safepoint: 7000 ns, Total: 4756079 ns, Threads: 1 runnable, 26 total
[2560.177s][info ][gc,start       ] GC(68) Pause Young (Allocation Failure)
[2560.180s][debug][gc,phases      ] GC(68) Scavenge 3.546ms
[2560.180s][debug][gc,ref         ] GC(68) Skipped SoftWeakFinalRefsPhase of Reference Processing: no references
[2560.180s][debug][gc,ref         ] GC(68) Skipped KeepAliveFinalRefsPhase of Reference Processing: no references
[2560.180s][debug][gc,ref         ] GC(68) Skipped PhantomRefsPhase of Reference Processing: no references
[2560.180s][debug][gc,phases      ] GC(68) Reference Processing 0.021ms
[2560.181s][debug][gc,phases      ] GC(68)   VM Weak                        Min: 0.00, Avg: 0.00, Max: 0.01, Diff: 0.01, Sum: 0.01, Workers: 4
[2560.181s][debug][gc,phases      ] GC(68)     Dead                           Min: 0, Avg:  0.0, Max: 0, Diff: 0, Sum: 0, Workers: 4
[2560.181s][debug][gc,phases      ] GC(68)     Total                          Min: 0, Avg: 231.2, Max: 925, Diff: 925, Sum: 925, Workers: 4
[2560.181s][debug][gc,phases      ] GC(68)   ObjectSynchronizer Weak        Min: 0.00, Avg: 0.00, Max: 0.00, Diff: 0.00, Sum: 0.00, Workers: 4
[2560.181s][debug][gc,phases      ] GC(68)     Dead                           Min: 0, Avg:  0.0, Max: 0, Diff: 0, Sum: 0, Workers: 4
[2560.181s][debug][gc,phases      ] GC(68)     Total                          Min: 0, Avg:  1.5, Max: 6, Diff: 6, Sum: 6, Workers: 4
[2560.181s][debug][gc,phases      ] GC(68)   JVMTI Tag Weak OopStorage      Min: 0.00, Avg: 0.00, Max: 0.00, Diff: 0.00, Sum: 0.00, Workers: 4
[2560.181s][debug][gc,phases      ] GC(68)     Dead                           Min: 0, Avg:  0.0, Max: 0, Diff: 0, Sum: 0, Workers: 4
[2560.181s][debug][gc,phases      ] GC(68)     Total                          Min: 0, Avg:  0.0, Max: 0, Diff: 0, Sum: 0, Workers: 4
[2560.181s][debug][gc,phases      ] GC(68)   StringTable Weak               Min: 0.11, Avg: 0.11, Max: 0.11, Diff: 0.00, Sum: 0.46, Workers: 4
[2560.181s][debug][gc,phases      ] GC(68)     Dead                           Min: 0, Avg:  0.0, Max: 0, Diff: 0, Sum: 0, Workers: 4
[2560.181s][debug][gc,phases      ] GC(68)     Total                          Min: 12032, Avg: 12535.2, Max: 12928, Diff: 896, Sum: 50141, Workers: 4
[2560.181s][debug][gc,phases      ] GC(68)   ResolvedMethodTable Weak       Min: 0.04, Avg: 0.04, Max: 0.04, Diff: 0.00, Sum: 0.15, Workers: 4
[2560.181s][debug][gc,phases      ] GC(68)     Dead                           Min: 0, Avg:  5.0, Max: 15, Diff: 15, Sum: 20, Workers: 4
[2560.181s][debug][gc,phases      ] GC(68)     Total                          Min: 4096, Avg: 4207.5, Max: 4416, Diff: 320, Sum: 16830, Workers: 4
[2560.181s][debug][gc,phases      ] GC(68)   JNI Weak                       Min: 0.00, Avg: 0.00, Max: 0.00, Diff: 0.00, Sum: 0.00, Workers: 4
[2560.181s][debug][gc,phases      ] GC(68)     Dead                           Min: 0, Avg:  0.0, Max: 0, Diff: 0, Sum: 0, Workers: 4
[2560.181s][debug][gc,phases      ] GC(68)     Total                          Min: 0, Avg: 13.0, Max: 48, Diff: 48, Sum: 52, Workers: 4
[2560.181s][debug][gc,phases      ] GC(68)   StringDedup Table Weak         Min: 0.00, Avg: 0.00, Max: 0.00, Diff: 0.00, Sum: 0.00, Workers: 4
[2560.181s][debug][gc,phases      ] GC(68)     Dead                           Min: 0, Avg:  0.0, Max: 0, Diff: 0, Sum: 0, Workers: 4
[2560.181s][debug][gc,phases      ] GC(68)     Total                          Min: 0, Avg:  0.0, Max: 0, Diff: 0, Sum: 0, Workers: 4
[2560.181s][debug][gc,phases      ] GC(68)   StringDedup Requests0 Weak     Min: 0.00, Avg: 0.00, Max: 0.00, Diff: 0.00, Sum: 0.00, Workers: 4
[2560.181s][debug][gc,phases      ] GC(68)     Dead                           Min: 0, Avg:  0.0, Max: 0, Diff: 0, Sum: 0, Workers: 4
[2560.181s][debug][gc,phases      ] GC(68)     Total                          Min: 0, Avg:  0.0, Max: 0, Diff: 0, Sum: 0, Workers: 4
[2560.181s][debug][gc,phases      ] GC(68)   StringDedup Requests1 Weak     Min: 0.00, Avg: 0.00, Max: 0.00, Diff: 0.00, Sum: 0.00, Workers: 4
[2560.181s][debug][gc,phases      ] GC(68)     Dead                           Min: 0, Avg:  0.0, Max: 0, Diff: 0, Sum: 0, Workers: 4
[2560.181s][debug][gc,phases      ] GC(68)     Total                          Min: 0, Avg:  0.0, Max: 0, Diff: 0, Sum: 0, Workers: 4
[2560.181s][debug][gc,phases      ] GC(68)   Weak JFR Old Object Samples    Min: 0.00, Avg: 0.00, Max: 0.00, Diff: 0.00, Sum: 0.00, Workers: 4
[2560.181s][debug][gc,phases      ] GC(68)     Dead                           Min: 0, Avg:  0.0, Max: 0, Diff: 0, Sum: 0, Workers: 4
[2560.181s][debug][gc,phases      ] GC(68)     Total                          Min: 0, Avg:  0.0, Max: 0, Diff: 0, Sum: 0, Workers: 4
[2560.181s][debug][gc,phases      ] GC(68) Weak Processing 0.340ms
[2560.181s][debug][gc,age         ] GC(68) Desired survivor size 45088768 bytes, new threshold 1 (max threshold 15)
[2560.181s][info ][gc,heap        ] GC(68) PSYoungGen: 1997600K(2043904K)->4784K(2053120K) Eden: 1994240K(1994240K)->0K(2006016K) From: 3360K(49664K)->4784K(47104K)
[2560.181s][info ][gc,heap        ] GC(68) ParOldGen: 576583K(577024K)->577091K(577536K)
[2560.181s][info ][gc,metaspace   ] GC(68) Metaspace: 109420K(110656K)->109420K(110656K) NonClass: 93337K(94080K)->93337K(94080K) Class: 16082K(16576K)->16082K(16576K)
[2560.181s][info ][gc             ] GC(68) Pause Young (Allocation Failure) 2513M->568M(2569M) 4.006ms
[2560.181s][info ][gc,cpu         ] GC(68) User=0.02s Sys=0.00s Real=0.00s
[2560.181s][info ][safepoint      ] Safepoint "ParallelCollectForAllocation", Time since last: 50049231180 ns, Reaching safepoint: 21300 ns, At safepoint: 4065383 ns, Leaving safepoint: 2500 ns, Total: 4089183 ns, Threads: 0 runnable, 28 total
[2614.573s][info ][gc,start       ] GC(69) Pause Young (Allocation Failure)
[2614.576s][debug][gc,phases      ] GC(69) Scavenge 3.339ms
[2614.576s][debug][gc,ref         ] GC(69) Skipped SoftWeakFinalRefsPhase of Reference Processing: no references
[2614.576s][debug][gc,ref         ] GC(69) Skipped KeepAliveFinalRefsPhase of Reference Processing: no references
[2614.576s][debug][gc,ref         ] GC(69) Skipped PhantomRefsPhase of Reference Processing: no references
[2614.576s][debug][gc,phases      ] GC(69) Reference Processing 0.022ms
[2614.577s][debug][gc,phases      ] GC(69)   VM Weak                        Min: 0.00, Avg: 0.00, Max: 0.01, Diff: 0.01, Sum: 0.01, Workers: 4
[2614.577s][debug][gc,phases      ] GC(69)     Dead                           Min: 0, Avg:  0.0, Max: 0, Diff: 0, Sum: 0, Workers: 4
[2614.577s][debug][gc,phases      ] GC(69)     Total                          Min: 0, Avg: 231.2, Max: 925, Diff: 925, Sum: 925, Workers: 4
[2614.577s][debug][gc,phases      ] GC(69)   ObjectSynchronizer Weak        Min: 0.00, Avg: 0.00, Max: 0.00, Diff: 0.00, Sum: 0.00, Workers: 4
[2614.577s][debug][gc,phases      ] GC(69)     Dead                           Min: 0, Avg:  0.0, Max: 0, Diff: 0, Sum: 0, Workers: 4
[2614.577s][debug][gc,phases      ] GC(69)     Total                          Min: 0, Avg:  1.5, Max: 6, Diff: 6, Sum: 6, Workers: 4
[2614.577s][debug][gc,phases      ] GC(69)   JVMTI Tag Weak OopStorage      Min: 0.00, Avg: 0.00, Max: 0.00, Diff: 0.00, Sum: 0.00, Workers: 4
[2614.577s][debug][gc,phases      ] GC(69)     Dead                           Min: 0, Avg:  0.0, Max: 0, Diff: 0, Sum: 0, Workers: 4
[2614.577s][debug][gc,phases      ] GC(69)     Total                          Min: 0, Avg:  0.0, Max: 0, Diff: 0, Sum: 0, Workers: 4
[2614.577s][debug][gc,phases      ] GC(69)   StringTable Weak               Min: 0.00, Avg: 0.10, Max: 0.13, Diff: 0.13, Sum: 0.40, Workers: 4
[2614.577s][debug][gc,phases      ] GC(69)     Dead                           Min: 0, Avg:  0.0, Max: 0, Diff: 0, Sum: 0, Workers: 4
[2614.577s][debug][gc,phases      ] GC(69)     Total                          Min: 0, Avg: 12535.2, Max: 20992, Diff: 20992, Sum: 50141, Workers: 4
[2614.577s][debug][gc,phases      ] GC(69)   ResolvedMethodTable Weak       Min: 0.00, Avg: 0.03, Max: 0.04, Diff: 0.04, Sum: 0.13, Workers: 4
[2614.577s][debug][gc,phases      ] GC(69)     Dead                           Min: 0, Avg:  5.0, Max: 17, Diff: 17, Sum: 20, Workers: 4
[2614.577s][debug][gc,phases      ] GC(69)     Total                          Min: 0, Avg: 4207.5, Max: 7166, Diff: 7166, Sum: 16830, Workers: 4
[2614.577s][debug][gc,phases      ] GC(69)   JNI Weak                       Min: 0.00, Avg: 0.00, Max: 0.00, Diff: 0.00, Sum: 0.00, Workers: 4
[2614.577s][debug][gc,phases      ] GC(69)     Dead                           Min: 0, Avg:  0.0, Max: 0, Diff: 0, Sum: 0, Workers: 4
[2614.577s][debug][gc,phases      ] GC(69)     Total                          Min: 0, Avg: 13.0, Max: 48, Diff: 48, Sum: 52, Workers: 4
[2614.577s][debug][gc,phases      ] GC(69)   StringDedup Table Weak         Min: 0.00, Avg: 0.00, Max: 0.00, Diff: 0.00, Sum: 0.00, Workers: 4
[2614.577s][debug][gc,phases      ] GC(69)     Dead                           Min: 0, Avg:  0.0, Max: 0, Diff: 0, Sum: 0, Workers: 4
[2614.577s][debug][gc,phases      ] GC(69)     Total                          Min: 0, Avg:  0.0, Max: 0, Diff: 0, Sum: 0, Workers: 4
[2614.577s][debug][gc,phases      ] GC(69)   StringDedup Requests0 Weak     Min: 0.00, Avg: 0.00, Max: 0.00, Diff: 0.00, Sum: 0.00, Workers: 4
[2614.577s][debug][gc,phases      ] GC(69)     Dead                           Min: 0, Avg:  0.0, Max: 0, Diff: 0, Sum: 0, Workers: 4
[2614.577s][debug][gc,phases      ] GC(69)     Total                          Min: 0, Avg:  0.0, Max: 0, Diff: 0, Sum: 0, Workers: 4
[2614.577s][debug][gc,phases      ] GC(69)   StringDedup Requests1 Weak     Min: 0.00, Avg: 0.00, Max: 0.00, Diff: 0.00, Sum: 0.00, Workers: 4
[2614.577s][debug][gc,phases      ] GC(69)     Dead                           Min: 0, Avg:  0.0, Max: 0, Diff: 0, Sum: 0, Workers: 4
[2614.577s][debug][gc,phases      ] GC(69)     Total                          Min: 0, Avg:  0.0, Max: 0, Diff: 0, Sum: 0, Workers: 4
[2614.577s][debug][gc,phases      ] GC(69)   Weak JFR Old Object Samples    Min: 0.00, Avg: 0.00, Max: 0.00, Diff: 0.00, Sum: 0.00, Workers: 4
[2614.577s][debug][gc,phases      ] GC(69)     Dead                           Min: 0, Avg:  0.0, Max: 0, Diff: 0, Sum: 0, Workers: 4
[2614.577s][debug][gc,phases      ] GC(69)     Total                          Min: 0, Avg:  0.0, Max: 0, Diff: 0, Sum: 0, Workers: 4
[2614.577s][debug][gc,phases      ] GC(69) Weak Processing 0.351ms
[2614.577s][debug][gc,age         ] GC(69) Desired survivor size 41943040 bytes, new threshold 1 (max threshold 15)
[2614.577s][info ][gc,heap        ] GC(69) PSYoungGen: 2010800K(2053120K)->3312K(2050048K) Eden: 2006016K(2006016K)->0K(2006016K) From: 4784K(47104K)->3312K(44032K)
[2614.577s][info ][gc,heap        ] GC(69) ParOldGen: 577091K(577536K)->579292K(579584K)
[2614.577s][info ][gc,metaspace   ] GC(69) Metaspace: 109434K(110656K)->109434K(110656K) NonClass: 93351K(94080K)->93351K(94080K) Class: 16082K(16576K)->16082K(16576K)
[2614.577s][info ][gc             ] GC(69) Pause Young (Allocation Failure) 2527M->568M(2568M) 3.825ms
[2614.577s][info ][gc,cpu         ] GC(69) User=0.02s Sys=0.01s Real=0.00s
[2614.577s][info ][safepoint      ] Safepoint "ParallelCollectForAllocation", Time since last: 54392149282 ns, Reaching safepoint: 5100 ns, At safepoint: 3882389 ns, Leaving safepoint: 2300 ns, Total: 3889789 ns, Threads: 0 runnable, 27 total
[2662.680s][info ][gc,start       ] GC(70) Pause Young (Allocation Failure)
[2662.685s][debug][gc,phases      ] GC(70) Scavenge 4.911ms
[2662.685s][debug][gc,ref         ] GC(70) Skipped SoftWeakFinalRefsPhase of Reference Processing: no references
[2662.685s][debug][gc,ref         ] GC(70) Skipped KeepAliveFinalRefsPhase of Reference Processing: no references
[2662.685s][debug][gc,ref         ] GC(70) Skipped PhantomRefsPhase of Reference Processing: no references
[2662.685s][debug][gc,phases      ] GC(70) Reference Processing 0.022ms
[2662.685s][debug][gc,phases      ] GC(70)   VM Weak                        Min: 0.00, Avg: 0.00, Max: 0.01, Diff: 0.00, Sum: 0.01, Workers: 4
[2662.685s][debug][gc,phases      ] GC(70)     Dead                           Min: 0, Avg:  0.0, Max: 0, Diff: 0, Sum: 0, Workers: 4
[2662.685s][debug][gc,phases      ] GC(70)     Total                          Min: 0, Avg: 231.2, Max: 448, Diff: 448, Sum: 925, Workers: 4
[2662.685s][debug][gc,phases      ] GC(70)   ObjectSynchronizer Weak        Min: 0.00, Avg: 0.00, Max: 0.00, Diff: 0.00, Sum: 0.00, Workers: 4
[2662.685s][debug][gc,phases      ] GC(70)     Dead                           Min: 0, Avg:  0.0, Max: 0, Diff: 0, Sum: 0, Workers: 4
[2662.685s][debug][gc,phases      ] GC(70)     Total                          Min: 0, Avg:  1.5, Max: 6, Diff: 6, Sum: 6, Workers: 4
[2662.685s][debug][gc,phases      ] GC(70)   JVMTI Tag Weak OopStorage      Min: 0.00, Avg: 0.00, Max: 0.00, Diff: 0.00, Sum: 0.00, Workers: 4
[2662.685s][debug][gc,phases      ] GC(70)     Dead                           Min: 0, Avg:  0.0, Max: 0, Diff: 0, Sum: 0, Workers: 4
[2662.685s][debug][gc,phases      ] GC(70)     Total                          Min: 0, Avg:  0.0, Max: 0, Diff: 0, Sum: 0, Workers: 4
[2662.685s][debug][gc,phases      ] GC(70)   StringTable Weak               Min: 0.11, Avg: 0.12, Max: 0.12, Diff: 0.00, Sum: 0.46, Workers: 4
[2662.685s][debug][gc,phases      ] GC(70)     Dead                           Min: 0, Avg:  0.0, Max: 0, Diff: 0, Sum: 0, Workers: 4
[2662.685s][debug][gc,phases      ] GC(70)     Total                          Min: 12125, Avg: 12535.2, Max: 12864, Diff: 739, Sum: 50141, Workers: 4
[2662.685s][debug][gc,phases      ] GC(70)   ResolvedMethodTable Weak       Min: 0.04, Avg: 0.04, Max: 0.04, Diff: 0.00, Sum: 0.15, Workers: 4
[2662.685s][debug][gc,phases      ] GC(70)     Dead                           Min: 0, Avg:  5.0, Max: 17, Diff: 17, Sum: 20, Workers: 4
[2662.685s][debug][gc,phases      ] GC(70)     Total                          Min: 4160, Avg: 4207.5, Max: 4286, Diff: 126, Sum: 16830, Workers: 4
[2662.685s][debug][gc,phases      ] GC(70)   JNI Weak                       Min: 0.00, Avg: 0.00, Max: 0.00, Diff: 0.00, Sum: 0.00, Workers: 4
[2662.685s][debug][gc,phases      ] GC(70)     Dead                           Min: 0, Avg:  0.0, Max: 0, Diff: 0, Sum: 0, Workers: 4
[2662.685s][debug][gc,phases      ] GC(70)     Total                          Min: 0, Avg: 13.0, Max: 48, Diff: 48, Sum: 52, Workers: 4
[2662.685s][debug][gc,phases      ] GC(70)   StringDedup Table Weak         Min: 0.00, Avg: 0.00, Max: 0.00, Diff: 0.00, Sum: 0.00, Workers: 4
[2662.685s][debug][gc,phases      ] GC(70)     Dead                           Min: 0, Avg:  0.0, Max: 0, Diff: 0, Sum: 0, Workers: 4
[2662.685s][debug][gc,phases      ] GC(70)     Total                          Min: 0, Avg:  0.0, Max: 0, Diff: 0, Sum: 0, Workers: 4
[2662.685s][debug][gc,phases      ] GC(70)   StringDedup Requests0 Weak     Min: 0.00, Avg: 0.00, Max: 0.00, Diff: 0.00, Sum: 0.00, Workers: 4
[2662.685s][debug][gc,phases      ] GC(70)     Dead                           Min: 0, Avg:  0.0, Max: 0, Diff: 0, Sum: 0, Workers: 4
[2662.685s][debug][gc,phases      ] GC(70)     Total                          Min: 0, Avg:  0.0, Max: 0, Diff: 0, Sum: 0, Workers: 4
[2662.685s][debug][gc,phases      ] GC(70)   StringDedup Requests1 Weak     Min: 0.00, Avg: 0.00, Max: 0.00, Diff: 0.00, Sum: 0.00, Workers: 4
[2662.685s][debug][gc,phases      ] GC(70)     Dead                           Min: 0, Avg:  0.0, Max: 0, Diff: 0, Sum: 0, Workers: 4
[2662.685s][debug][gc,phases      ] GC(70)     Total                          Min: 0, Avg:  0.0, Max: 0, Diff: 0, Sum: 0, Workers: 4
[2662.685s][debug][gc,phases      ] GC(70)   Weak JFR Old Object Samples    Min: 0.00, Avg: 0.00, Max: 0.00, Diff: 0.00, Sum: 0.00, Workers: 4
[2662.685s][debug][gc,phases      ] GC(70)     Dead                           Min: 0, Avg:  0.0, Max: 0, Diff: 0, Sum: 0, Workers: 4
[2662.685s][debug][gc,phases      ] GC(70)     Total                          Min: 0, Avg:  0.0, Max: 0, Diff: 0, Sum: 0, Workers: 4
[2662.685s][debug][gc,phases      ] GC(70) Weak Processing 0.351ms
[2662.685s][debug][gc,age         ] GC(70) Desired survivor size 38797312 bytes, new threshold 1 (max threshold 15)
[2662.685s][info ][gc,heap        ] GC(70) PSYoungGen: 2009328K(2050048K)->8400K(2059264K) Eden: 2006016K(2006016K)->0K(2018304K) From: 3312K(44032K)->8400K(40960K)
[2662.685s][info ][gc,heap        ] GC(70) ParOldGen: 579292K(579584K)->579792K(580096K)
[2662.685s][info ][gc,metaspace   ] GC(70) Metaspace: 109436K(110656K)->109436K(110656K) NonClass: 93353K(94080K)->93353K(94080K) Class: 16082K(16576K)->16082K(16576K)
[2662.685s][info ][gc             ] GC(70) Pause Young (Allocation Failure) 2527M->574M(2577M) 5.393ms
[2662.685s][info ][gc,cpu         ] GC(70) User=0.01s Sys=0.00s Real=0.01s
[2662.685s][info ][safepoint      ] Safepoint "ParallelCollectForAllocation", Time since last: 48102781092 ns, Reaching safepoint: 25600 ns, At safepoint: 5480571 ns, Leaving safepoint: 2300 ns, Total: 5508471 ns, Threads: 0 runnable, 29 total
[2713.275s][info ][gc,start       ] GC(71) Pause Young (Allocation Failure)
[2713.280s][debug][gc,phases      ] GC(71) Scavenge 5.451ms
[2713.280s][debug][gc,ref         ] GC(71) Skipped SoftWeakFinalRefsPhase of Reference Processing: no references
[2713.280s][debug][gc,ref         ] GC(71) Skipped KeepAliveFinalRefsPhase of Reference Processing: no references
[2713.280s][debug][gc,ref         ] GC(71) Skipped PhantomRefsPhase of Reference Processing: no references
[2713.280s][debug][gc,phases      ] GC(71) Reference Processing 0.029ms
[2713.280s][debug][gc,phases      ] GC(71)   VM Weak                        Min: 0.00, Avg: 0.00, Max: 0.01, Diff: 0.01, Sum: 0.01, Workers: 4
[2713.280s][debug][gc,phases      ] GC(71)     Dead                           Min: 0, Avg:  0.0, Max: 0, Diff: 0, Sum: 0, Workers: 4
[2713.280s][debug][gc,phases      ] GC(71)     Total                          Min: 0, Avg: 231.2, Max: 733, Diff: 733, Sum: 925, Workers: 4
[2713.280s][debug][gc,phases      ] GC(71)   ObjectSynchronizer Weak        Min: 0.00, Avg: 0.00, Max: 0.00, Diff: 0.00, Sum: 0.00, Workers: 4
[2713.280s][debug][gc,phases      ] GC(71)     Dead                           Min: 0, Avg:  0.0, Max: 0, Diff: 0, Sum: 0, Workers: 4
[2713.280s][debug][gc,phases      ] GC(71)     Total                          Min: 0, Avg:  1.5, Max: 6, Diff: 6, Sum: 6, Workers: 4
[2713.280s][debug][gc,phases      ] GC(71)   JVMTI Tag Weak OopStorage      Min: 0.00, Avg: 0.00, Max: 0.00, Diff: 0.00, Sum: 0.00, Workers: 4
[2713.280s][debug][gc,phases      ] GC(71)     Dead                           Min: 0, Avg:  0.0, Max: 0, Diff: 0, Sum: 0, Workers: 4
[2713.280s][debug][gc,phases      ] GC(71)     Total                          Min: 0, Avg:  0.0, Max: 0, Diff: 0, Sum: 0, Workers: 4
[2713.280s][debug][gc,phases      ] GC(71)   StringTable Weak               Min: 0.13, Avg: 0.13, Max: 0.13, Diff: 0.00, Sum: 0.51, Workers: 4
[2713.280s][debug][gc,phases      ] GC(71)     Dead                           Min: 0, Avg:  0.0, Max: 0, Diff: 0, Sum: 0, Workers: 4
[2713.280s][debug][gc,phases      ] GC(71)     Total                          Min: 12096, Avg: 12535.8, Max: 13023, Diff: 927, Sum: 50143, Workers: 4
[2713.280s][debug][gc,phases      ] GC(71)   ResolvedMethodTable Weak       Min: 0.04, Avg: 0.04, Max: 0.04, Diff: 0.00, Sum: 0.15, Workers: 4
[2713.280s][debug][gc,phases      ] GC(71)     Dead                           Min: 0, Avg:  5.0, Max: 15, Diff: 15, Sum: 20, Workers: 4
[2713.280s][debug][gc,phases      ] GC(71)     Total                          Min: 4096, Avg: 4207.5, Max: 4416, Diff: 320, Sum: 16830, Workers: 4
[2713.280s][debug][gc,phases      ] GC(71)   JNI Weak                       Min: 0.00, Avg: 0.00, Max: 0.00, Diff: 0.00, Sum: 0.00, Workers: 4
[2713.280s][debug][gc,phases      ] GC(71)     Dead                           Min: 0, Avg:  0.0, Max: 0, Diff: 0, Sum: 0, Workers: 4
[2713.280s][debug][gc,phases      ] GC(71)     Total                          Min: 0, Avg: 13.0, Max: 48, Diff: 48, Sum: 52, Workers: 4
[2713.280s][debug][gc,phases      ] GC(71)   StringDedup Table Weak         Min: 0.00, Avg: 0.00, Max: 0.00, Diff: 0.00, Sum: 0.00, Workers: 4
[2713.280s][debug][gc,phases      ] GC(71)     Dead                           Min: 0, Avg:  0.0, Max: 0, Diff: 0, Sum: 0, Workers: 4
[2713.280s][debug][gc,phases      ] GC(71)     Total                          Min: 0, Avg:  0.0, Max: 0, Diff: 0, Sum: 0, Workers: 4
[2713.280s][debug][gc,phases      ] GC(71)   StringDedup Requests0 Weak     Min: 0.00, Avg: 0.00, Max: 0.00, Diff: 0.00, Sum: 0.00, Workers: 4
[2713.280s][debug][gc,phases      ] GC(71)     Dead                           Min: 0, Avg:  0.0, Max: 0, Diff: 0, Sum: 0, Workers: 4
[2713.280s][debug][gc,phases      ] GC(71)     Total                          Min: 0, Avg:  0.0, Max: 0, Diff: 0, Sum: 0, Workers: 4
[2713.280s][debug][gc,phases      ] GC(71)   StringDedup Requests1 Weak     Min: 0.00, Avg: 0.00, Max: 0.00, Diff: 0.00, Sum: 0.00, Workers: 4
[2713.280s][debug][gc,phases      ] GC(71)     Dead                           Min: 0, Avg:  0.0, Max: 0, Diff: 0, Sum: 0, Workers: 4
[2713.280s][debug][gc,phases      ] GC(71)     Total                          Min: 0, Avg:  0.0, Max: 0, Diff: 0, Sum: 0, Workers: 4
[2713.280s][debug][gc,phases      ] GC(71)   Weak JFR Old Object Samples    Min: 0.00, Avg: 0.00, Max: 0.00, Diff: 0.00, Sum: 0.00, Workers: 4
[2713.280s][debug][gc,phases      ] GC(71)     Dead                           Min: 0, Avg:  0.0, Max: 0, Diff: 0, Sum: 0, Workers: 4
[2713.280s][debug][gc,phases      ] GC(71)     Total                          Min: 0, Avg:  0.0, Max: 0, Diff: 0, Sum: 0, Workers: 4
[2713.280s][debug][gc,phases      ] GC(71) Weak Processing 0.351ms
[2713.280s][debug][gc,age         ] GC(71) Desired survivor size 36700160 bytes, new threshold 1 (max threshold 15)
[2713.280s][info ][gc,heap        ] GC(71) PSYoungGen: 2026704K(2059264K)->4416K(2056192K) Eden: 2018304K(2018304K)->0K(2018304K) From: 8400K(40960K)->4416K(37888K)
[2713.280s][info ][gc,heap        ] GC(71) ParOldGen: 579792K(580096K)->584893K(585216K)
[2713.280s][info ][gc,metaspace   ] GC(71) Metaspace: 109438K(110656K)->109438K(110656K) NonClass: 93356K(94080K)->93356K(94080K) Class: 16082K(16576K)->16082K(16576K)
[2713.280s][info ][gc             ] GC(71) Pause Young (Allocation Failure) 2545M->575M(2579M) 5.948ms
[2713.281s][info ][gc,cpu         ] GC(71) User=0.02s Sys=0.00s Real=0.00s
[2713.281s][info ][safepoint      ] Safepoint "ParallelCollectForAllocation", Time since last: 50589300944 ns, Reaching safepoint: 4400 ns, At safepoint: 6005475 ns, Leaving safepoint: 2800 ns, Total: 6012675 ns, Threads: 0 runnable, 26 total
[2763.774s][info ][gc,start       ] GC(72) Pause Young (Allocation Failure)
[2763.778s][debug][gc,phases      ] GC(72) Scavenge 4.097ms
[2763.778s][debug][gc,ref         ] GC(72) Skipped SoftWeakFinalRefsPhase of Reference Processing: no references
[2763.778s][debug][gc,ref         ] GC(72) Skipped KeepAliveFinalRefsPhase of Reference Processing: no references
[2763.778s][debug][gc,ref         ] GC(72) Skipped PhantomRefsPhase of Reference Processing: no references
[2763.778s][debug][gc,phases      ] GC(72) Reference Processing 0.018ms
[2763.779s][debug][gc,phases      ] GC(72)   VM Weak                        Min: 0.00, Avg: 0.00, Max: 0.01, Diff: 0.01, Sum: 0.01, Workers: 4
[2763.779s][debug][gc,phases      ] GC(72)     Dead                           Min: 0, Avg:  0.0, Max: 0, Diff: 0, Sum: 0, Workers: 4
[2763.779s][debug][gc,phases      ] GC(72)     Total                          Min: 0, Avg: 231.2, Max: 605, Diff: 605, Sum: 925, Workers: 4
[2763.779s][debug][gc,phases      ] GC(72)   ObjectSynchronizer Weak        Min: 0.00, Avg: 0.00, Max: 0.00, Diff: 0.00, Sum: 0.00, Workers: 4
[2763.779s][debug][gc,phases      ] GC(72)     Dead                           Min: 0, Avg:  0.0, Max: 0, Diff: 0, Sum: 0, Workers: 4
[2763.779s][debug][gc,phases      ] GC(72)     Total                          Min: 0, Avg:  1.5, Max: 6, Diff: 6, Sum: 6, Workers: 4
[2763.779s][debug][gc,phases      ] GC(72)   JVMTI Tag Weak OopStorage      Min: 0.00, Avg: 0.00, Max: 0.00, Diff: 0.00, Sum: 0.00, Workers: 4
[2763.779s][debug][gc,phases      ] GC(72)     Dead                           Min: 0, Avg:  0.0, Max: 0, Diff: 0, Sum: 0, Workers: 4
[2763.779s][debug][gc,phases      ] GC(72)     Total                          Min: 0, Avg:  0.0, Max: 0, Diff: 0, Sum: 0, Workers: 4
[2763.779s][debug][gc,phases      ] GC(72)   StringTable Weak               Min: 0.00, Avg: 0.10, Max: 0.13, Diff: 0.13, Sum: 0.39, Workers: 4
[2763.779s][debug][gc,phases      ] GC(72)     Dead                           Min: 0, Avg:  0.0, Max: 0, Diff: 0, Sum: 0, Workers: 4
[2763.779s][debug][gc,phases      ] GC(72)     Total                          Min: 0, Avg: 12537.0, Max: 21028, Diff: 21028, Sum: 50148, Workers: 4
[2763.779s][debug][gc,phases      ] GC(72)   ResolvedMethodTable Weak       Min: 0.00, Avg: 0.03, Max: 0.04, Diff: 0.04, Sum: 0.13, Workers: 4
[2763.779s][debug][gc,phases      ] GC(72)     Dead                           Min: 0, Avg:  5.0, Max: 17, Diff: 17, Sum: 20, Workers: 4
[2763.779s][debug][gc,phases      ] GC(72)     Total                          Min: 0, Avg: 4207.5, Max: 7038, Diff: 7038, Sum: 16830, Workers: 4
[2763.779s][debug][gc,phases      ] GC(72)   JNI Weak                       Min: 0.00, Avg: 0.00, Max: 0.00, Diff: 0.00, Sum: 0.00, Workers: 4
[2763.779s][debug][gc,phases      ] GC(72)     Dead                           Min: 0, Avg:  0.0, Max: 0, Diff: 0, Sum: 0, Workers: 4
[2763.779s][debug][gc,phases      ] GC(72)     Total                          Min: 0, Avg: 13.0, Max: 48, Diff: 48, Sum: 52, Workers: 4
[2763.779s][debug][gc,phases      ] GC(72)   StringDedup Table Weak         Min: 0.00, Avg: 0.00, Max: 0.00, Diff: 0.00, Sum: 0.00, Workers: 4
[2763.779s][debug][gc,phases      ] GC(72)     Dead                           Min: 0, Avg:  0.0, Max: 0, Diff: 0, Sum: 0, Workers: 4
[2763.779s][debug][gc,phases      ] GC(72)     Total                          Min: 0, Avg:  0.0, Max: 0, Diff: 0, Sum: 0, Workers: 4
[2763.779s][debug][gc,phases      ] GC(72)   StringDedup Requests0 Weak     Min: 0.00, Avg: 0.00, Max: 0.00, Diff: 0.00, Sum: 0.00, Workers: 4
[2763.779s][debug][gc,phases      ] GC(72)     Dead                           Min: 0, Avg:  0.0, Max: 0, Diff: 0, Sum: 0, Workers: 4
[2763.779s][debug][gc,phases      ] GC(72)     Total                          Min: 0, Avg:  0.0, Max: 0, Diff: 0, Sum: 0, Workers: 4
[2763.779s][debug][gc,phases      ] GC(72)   StringDedup Requests1 Weak     Min: 0.00, Avg: 0.00, Max: 0.00, Diff: 0.00, Sum: 0.00, Workers: 4
[2763.779s][debug][gc,phases      ] GC(72)     Dead                           Min: 0, Avg:  0.0, Max: 0, Diff: 0, Sum: 0, Workers: 4
[2763.779s][debug][gc,phases      ] GC(72)     Total                          Min: 0, Avg:  0.0, Max: 0, Diff: 0, Sum: 0, Workers: 4
[2763.779s][debug][gc,phases      ] GC(72)   Weak JFR Old Object Samples    Min: 0.00, Avg: 0.00, Max: 0.00, Diff: 0.00, Sum: 0.00, Workers: 4
[2763.779s][debug][gc,phases      ] GC(72)     Dead                           Min: 0, Avg:  0.0, Max: 0, Diff: 0, Sum: 0, Workers: 4
[2763.779s][debug][gc,phases      ] GC(72)     Total                          Min: 0, Avg:  0.0, Max: 0, Diff: 0, Sum: 0, Workers: 4
[2763.779s][debug][gc,phases      ] GC(72) Weak Processing 0.347ms
[2763.779s][debug][gc,age         ] GC(72) Desired survivor size 34078720 bytes, new threshold 1 (max threshold 15)
[2763.779s][info ][gc,heap        ] GC(72) PSYoungGen: 2022720K(2056192K)->4656K(2063872K) Eden: 2018304K(2018304K)->0K(2028032K) From: 4416K(37888K)->4656K(35840K)
[2763.779s][info ][gc,heap        ] GC(72) ParOldGen: 584893K(585216K)->585885K(586240K)
[2763.779s][info ][gc,metaspace   ] GC(72) Metaspace: 109463K(110656K)->109463K(110656K) NonClass: 93380K(94080K)->93380K(94080K) Class: 16082K(16576K)->16082K(16576K)
[2763.779s][info ][gc             ] GC(72) Pause Young (Allocation Failure) 2546M->576M(2588M) 4.573ms
[2763.779s][info ][gc,cpu         ] GC(72) User=0.02s Sys=0.00s Real=0.00s
[2763.779s][info ][safepoint      ] Safepoint "ParallelCollectForAllocation", Time since last: 50493552118 ns, Reaching safepoint: 111499 ns, At safepoint: 4637282 ns, Leaving safepoint: 6700 ns, Total: 4755481 ns, Threads: 1 runnable, 34 total
[2816.527s][info ][gc,start       ] GC(73) Pause Young (Allocation Failure)
[2816.531s][debug][gc,phases      ] GC(73) Scavenge 4.263ms
[2816.531s][debug][gc,ref         ] GC(73) Skipped SoftWeakFinalRefsPhase of Reference Processing: no references
[2816.531s][debug][gc,ref         ] GC(73) Skipped KeepAliveFinalRefsPhase of Reference Processing: no references
[2816.531s][debug][gc,ref         ] GC(73) Skipped PhantomRefsPhase of Reference Processing: no references
[2816.531s][debug][gc,phases      ] GC(73) Reference Processing 0.043ms
[2816.531s][debug][gc,phases      ] GC(73)   VM Weak                        Min: 0.00, Avg: 0.00, Max: 0.01, Diff: 0.01, Sum: 0.01, Workers: 4
[2816.531s][debug][gc,phases      ] GC(73)     Dead                           Min: 0, Avg:  0.0, Max: 0, Diff: 0, Sum: 0, Workers: 4
[2816.531s][debug][gc,phases      ] GC(73)     Total                          Min: 0, Avg: 231.2, Max: 896, Diff: 896, Sum: 925, Workers: 4
[2816.531s][debug][gc,phases      ] GC(73)   ObjectSynchronizer Weak        Min: 0.00, Avg: 0.00, Max: 0.00, Diff: 0.00, Sum: 0.00, Workers: 4
[2816.531s][debug][gc,phases      ] GC(73)     Dead                           Min: 0, Avg:  0.0, Max: 0, Diff: 0, Sum: 0, Workers: 4
[2816.531s][debug][gc,phases      ] GC(73)     Total                          Min: 0, Avg:  1.5, Max: 6, Diff: 6, Sum: 6, Workers: 4
[2816.531s][debug][gc,phases      ] GC(73)   JVMTI Tag Weak OopStorage      Min: 0.00, Avg: 0.00, Max: 0.00, Diff: 0.00, Sum: 0.00, Workers: 4
[2816.531s][debug][gc,phases      ] GC(73)     Dead                           Min: 0, Avg:  0.0, Max: 0, Diff: 0, Sum: 0, Workers: 4
[2816.531s][debug][gc,phases      ] GC(73)     Total                          Min: 0, Avg:  0.0, Max: 0, Diff: 0, Sum: 0, Workers: 4
[2816.531s][debug][gc,phases      ] GC(73)   StringTable Weak               Min: 0.00, Avg: 0.10, Max: 0.13, Diff: 0.13, Sum: 0.39, Workers: 4
[2816.531s][debug][gc,phases      ] GC(73)     Dead                           Min: 0, Avg:  0.0, Max: 0, Diff: 0, Sum: 0, Workers: 4
[2816.532s][debug][gc,phases      ] GC(73)     Total                          Min: 0, Avg: 12537.2, Max: 21541, Diff: 21541, Sum: 50149, Workers: 4
[2816.532s][debug][gc,phases      ] GC(73)   ResolvedMethodTable Weak       Min: 0.00, Avg: 0.03, Max: 0.04, Diff: 0.04, Sum: 0.13, Workers: 4
[2816.532s][debug][gc,phases      ] GC(73)     Dead                           Min: 0, Avg:  5.0, Max: 18, Diff: 18, Sum: 20, Workers: 4
[2816.532s][debug][gc,phases      ] GC(73)     Total                          Min: 0, Avg: 4207.5, Max: 7102, Diff: 7102, Sum: 16830, Workers: 4
[2816.532s][debug][gc,phases      ] GC(73)   JNI Weak                       Min: 0.00, Avg: 0.00, Max: 0.00, Diff: 0.00, Sum: 0.00, Workers: 4
[2816.532s][debug][gc,phases      ] GC(73)     Dead                           Min: 0, Avg:  0.0, Max: 0, Diff: 0, Sum: 0, Workers: 4
[2816.532s][debug][gc,phases      ] GC(73)     Total                          Min: 0, Avg: 13.0, Max: 48, Diff: 48, Sum: 52, Workers: 4
[2816.532s][debug][gc,phases      ] GC(73)   StringDedup Table Weak         Min: 0.00, Avg: 0.00, Max: 0.00, Diff: 0.00, Sum: 0.00, Workers: 4
[2816.532s][debug][gc,phases      ] GC(73)     Dead                           Min: 0, Avg:  0.0, Max: 0, Diff: 0, Sum: 0, Workers: 4
[2816.532s][debug][gc,phases      ] GC(73)     Total                          Min: 0, Avg:  0.0, Max: 0, Diff: 0, Sum: 0, Workers: 4
[2816.532s][debug][gc,phases      ] GC(73)   StringDedup Requests0 Weak     Min: 0.00, Avg: 0.00, Max: 0.00, Diff: 0.00, Sum: 0.00, Workers: 4
[2816.532s][debug][gc,phases      ] GC(73)     Dead                           Min: 0, Avg:  0.0, Max: 0, Diff: 0, Sum: 0, Workers: 4
[2816.532s][debug][gc,phases      ] GC(73)     Total                          Min: 0, Avg:  0.0, Max: 0, Diff: 0, Sum: 0, Workers: 4
[2816.532s][debug][gc,phases      ] GC(73)   StringDedup Requests1 Weak     Min: 0.00, Avg: 0.00, Max: 0.00, Diff: 0.00, Sum: 0.00, Workers: 4
[2816.532s][debug][gc,phases      ] GC(73)     Dead                           Min: 0, Avg:  0.0, Max: 0, Diff: 0, Sum: 0, Workers: 4
[2816.532s][debug][gc,phases      ] GC(73)     Total                          Min: 0, Avg:  0.0, Max: 0, Diff: 0, Sum: 0, Workers: 4
[2816.532s][debug][gc,phases      ] GC(73)   Weak JFR Old Object Samples    Min: 0.00, Avg: 0.00, Max: 0.00, Diff: 0.00, Sum: 0.00, Workers: 4
[2816.532s][debug][gc,phases      ] GC(73)     Dead                           Min: 0, Avg:  0.0, Max: 0, Diff: 0, Sum: 0, Workers: 4
[2816.532s][debug][gc,phases      ] GC(73)     Total                          Min: 0, Avg:  0.0, Max: 0, Diff: 0, Sum: 0, Workers: 4
[2816.532s][debug][gc,phases      ] GC(73) Weak Processing 0.362ms
[2816.532s][debug][gc,age         ] GC(73) Desired survivor size 31981568 bytes, new threshold 1 (max threshold 15)
[2816.532s][info ][gc,heap        ] GC(73) PSYoungGen: 2032688K(2063872K)->3968K(2061312K) Eden: 2028032K(2028032K)->0K(2028032K) From: 4656K(35840K)->3968K(33280K)
[2816.532s][info ][gc,heap        ] GC(73) ParOldGen: 585885K(586240K)->588030K(588288K)
[2816.532s][info ][gc,metaspace   ] GC(73) Metaspace: 109477K(110656K)->109477K(110656K) NonClass: 93394K(94080K)->93394K(94080K) Class: 16082K(16576K)->16082K(16576K)
[2816.532s][info ][gc             ] GC(73) Pause Young (Allocation Failure) 2557M->578M(2587M) 4.777ms
[2816.532s][info ][gc,cpu         ] GC(73) User=0.01s Sys=0.00s Real=0.00s
[2816.532s][info ][safepoint      ] Safepoint "ParallelCollectForAllocation", Time since last: 52747975753 ns, Reaching safepoint: 4900 ns, At safepoint: 4833980 ns, Leaving safepoint: 2000 ns, Total: 4840880 ns, Threads: 0 runnable, 28 total
[2867.878s][info ][gc,start       ] GC(74) Pause Young (Allocation Failure)
[2867.881s][debug][gc,phases      ] GC(74) Scavenge 3.463ms
[2867.881s][debug][gc,ref         ] GC(74) Skipped SoftWeakFinalRefsPhase of Reference Processing: no references
[2867.881s][debug][gc,ref         ] GC(74) Skipped KeepAliveFinalRefsPhase of Reference Processing: no references
[2867.881s][debug][gc,ref         ] GC(74) Skipped PhantomRefsPhase of Reference Processing: no references
[2867.881s][debug][gc,phases      ] GC(74) Reference Processing 0.022ms
[2867.881s][debug][gc,phases      ] GC(74)   VM Weak                        Min: 0.00, Avg: 0.00, Max: 0.01, Diff: 0.01, Sum: 0.01, Workers: 4
[2867.881s][debug][gc,phases      ] GC(74)     Dead                           Min: 0, Avg:  0.0, Max: 0, Diff: 0, Sum: 0, Workers: 4
[2867.881s][debug][gc,phases      ] GC(74)     Total                          Min: 0, Avg: 232.2, Max: 929, Diff: 929, Sum: 929, Workers: 4
[2867.881s][debug][gc,phases      ] GC(74)   ObjectSynchronizer Weak        Min: 0.00, Avg: 0.00, Max: 0.00, Diff: 0.00, Sum: 0.00, Workers: 4
[2867.881s][debug][gc,phases      ] GC(74)     Dead                           Min: 0, Avg:  0.0, Max: 0, Diff: 0, Sum: 0, Workers: 4
[2867.881s][debug][gc,phases      ] GC(74)     Total                          Min: 0, Avg:  1.5, Max: 6, Diff: 6, Sum: 6, Workers: 4
[2867.881s][debug][gc,phases      ] GC(74)   JVMTI Tag Weak OopStorage      Min: 0.00, Avg: 0.00, Max: 0.00, Diff: 0.00, Sum: 0.00, Workers: 4
[2867.881s][debug][gc,phases      ] GC(74)     Dead                           Min: 0, Avg:  0.0, Max: 0, Diff: 0, Sum: 0, Workers: 4
[2867.881s][debug][gc,phases      ] GC(74)     Total                          Min: 0, Avg:  0.0, Max: 0, Diff: 0, Sum: 0, Workers: 4
[2867.881s][debug][gc,phases      ] GC(74)   StringTable Weak               Min: 0.12, Avg: 0.12, Max: 0.12, Diff: 0.00, Sum: 0.50, Workers: 4
[2867.881s][debug][gc,phases      ] GC(74)     Dead                           Min: 0, Avg:  0.0, Max: 0, Diff: 0, Sum: 0, Workers: 4
[2867.881s][debug][gc,phases      ] GC(74)     Total                          Min: 12352, Avg: 12537.2, Max: 12965, Diff: 613, Sum: 50149, Workers: 4
[2867.881s][debug][gc,phases      ] GC(74)   ResolvedMethodTable Weak       Min: 0.04, Avg: 0.04, Max: 0.04, Diff: 0.00, Sum: 0.15, Workers: 4
[2867.881s][debug][gc,phases      ] GC(74)     Dead                           Min: 0, Avg:  5.0, Max: 17, Diff: 17, Sum: 20, Workers: 4
[2867.881s][debug][gc,phases      ] GC(74)     Total                          Min: 3904, Avg: 4208.5, Max: 4608, Diff: 704, Sum: 16834, Workers: 4
[2867.881s][debug][gc,phases      ] GC(74)   JNI Weak                       Min: 0.00, Avg: 0.00, Max: 0.00, Diff: 0.00, Sum: 0.00, Workers: 4
[2867.881s][debug][gc,phases      ] GC(74)     Dead                           Min: 0, Avg:  0.0, Max: 0, Diff: 0, Sum: 0, Workers: 4
[2867.881s][debug][gc,phases      ] GC(74)     Total                          Min: 0, Avg: 13.0, Max: 48, Diff: 48, Sum: 52, Workers: 4
[2867.881s][debug][gc,phases      ] GC(74)   StringDedup Table Weak         Min: 0.00, Avg: 0.00, Max: 0.00, Diff: 0.00, Sum: 0.00, Workers: 4
[2867.881s][debug][gc,phases      ] GC(74)     Dead                           Min: 0, Avg:  0.0, Max: 0, Diff: 0, Sum: 0, Workers: 4
[2867.881s][debug][gc,phases      ] GC(74)     Total                          Min: 0, Avg:  0.0, Max: 0, Diff: 0, Sum: 0, Workers: 4
[2867.881s][debug][gc,phases      ] GC(74)   StringDedup Requests0 Weak     Min: 0.00, Avg: 0.00, Max: 0.00, Diff: 0.00, Sum: 0.00, Workers: 4
[2867.881s][debug][gc,phases      ] GC(74)     Dead                           Min: 0, Avg:  0.0, Max: 0, Diff: 0, Sum: 0, Workers: 4
[2867.881s][debug][gc,phases      ] GC(74)     Total                          Min: 0, Avg:  0.0, Max: 0, Diff: 0, Sum: 0, Workers: 4
[2867.881s][debug][gc,phases      ] GC(74)   StringDedup Requests1 Weak     Min: 0.00, Avg: 0.00, Max: 0.00, Diff: 0.00, Sum: 0.00, Workers: 4
[2867.881s][debug][gc,phases      ] GC(74)     Dead                           Min: 0, Avg:  0.0, Max: 0, Diff: 0, Sum: 0, Workers: 4
[2867.881s][debug][gc,phases      ] GC(74)     Total                          Min: 0, Avg:  0.0, Max: 0, Diff: 0, Sum: 0, Workers: 4
[2867.881s][debug][gc,phases      ] GC(74)   Weak JFR Old Object Samples    Min: 0.00, Avg: 0.00, Max: 0.00, Diff: 0.00, Sum: 0.00, Workers: 4
[2867.881s][debug][gc,phases      ] GC(74)     Dead                           Min: 0, Avg:  0.0, Max: 0, Diff: 0, Sum: 0, Workers: 4
[2867.881s][debug][gc,phases      ] GC(74)     Total                          Min: 0, Avg:  0.0, Max: 0, Diff: 0, Sum: 0, Workers: 4
[2867.881s][debug][gc,phases      ] GC(74) Weak Processing 0.339ms
[2867.881s][debug][gc,age         ] GC(74) Desired survivor size 30408704 bytes, new threshold 1 (max threshold 15)
[2867.881s][info ][gc,heap        ] GC(74) PSYoungGen: 2032000K(2061312K)->4400K(2067456K) Eden: 2028032K(2028032K)->0K(2036224K) From: 3968K(33280K)->4400K(31232K)
[2867.881s][info ][gc,heap        ] GC(74) ParOldGen: 588030K(588288K)->589010K(589312K)
[2867.881s][info ][gc,metaspace   ] GC(74) Metaspace: 109491K(110720K)->109491K(110720K) NonClass: 93406K(94144K)->93406K(94144K) Class: 16084K(16576K)->16084K(16576K)
[2867.881s][info ][gc             ] GC(74) Pause Young (Allocation Failure) 2558M->579M(2594M) 3.924ms
[2867.881s][info ][gc,cpu         ] GC(74) User=0.01s Sys=0.00s Real=0.00s
[2867.882s][info ][safepoint      ] Safepoint "ParallelCollectForAllocation", Time since last: 51345859728 ns, Reaching safepoint: 25799 ns, At safepoint: 3978784 ns, Leaving safepoint: 2800 ns, Total: 4007383 ns, Threads: 0 runnable, 28 total
[2923.105s][info ][gc,start       ] GC(75) Pause Young (Allocation Failure)
[2923.108s][debug][gc,phases      ] GC(75) Scavenge 3.513ms
[2923.108s][debug][gc,ref         ] GC(75) ReferenceProcessor::execute queues: 1, RefProcThreadModel::Single, marks_oops_alive: false
[2923.108s][debug][gc,ref         ] GC(75) Skipped KeepAliveFinalRefsPhase of Reference Processing: no references
[2923.108s][debug][gc,ref         ] GC(75) Skipped PhantomRefsPhase of Reference Processing: no references
[2923.108s][debug][gc,phases      ] GC(75) Reference Processing 0.093ms
[2923.109s][debug][gc,phases      ] GC(75)   VM Weak                        Min: 0.00, Avg: 0.00, Max: 0.01, Diff: 0.01, Sum: 0.01, Workers: 4
[2923.109s][debug][gc,phases      ] GC(75)     Dead                           Min: 0, Avg:  0.0, Max: 0, Diff: 0, Sum: 0, Workers: 4
[2923.109s][debug][gc,phases      ] GC(75)     Total                          Min: 0, Avg: 232.2, Max: 865, Diff: 865, Sum: 929, Workers: 4
[2923.109s][debug][gc,phases      ] GC(75)   ObjectSynchronizer Weak        Min: 0.00, Avg: 0.00, Max: 0.00, Diff: 0.00, Sum: 0.00, Workers: 4
[2923.109s][debug][gc,phases      ] GC(75)     Dead                           Min: 0, Avg:  0.0, Max: 0, Diff: 0, Sum: 0, Workers: 4
[2923.109s][debug][gc,phases      ] GC(75)     Total                          Min: 0, Avg:  1.5, Max: 6, Diff: 6, Sum: 6, Workers: 4
[2923.109s][debug][gc,phases      ] GC(75)   JVMTI Tag Weak OopStorage      Min: 0.00, Avg: 0.00, Max: 0.00, Diff: 0.00, Sum: 0.00, Workers: 4
[2923.109s][debug][gc,phases      ] GC(75)     Dead                           Min: 0, Avg:  0.0, Max: 0, Diff: 0, Sum: 0, Workers: 4
[2923.109s][debug][gc,phases      ] GC(75)     Total                          Min: 0, Avg:  0.0, Max: 0, Diff: 0, Sum: 0, Workers: 4
[2923.109s][debug][gc,phases      ] GC(75)   StringTable Weak               Min: 0.00, Avg: 0.10, Max: 0.13, Diff: 0.13, Sum: 0.38, Workers: 4
[2923.109s][debug][gc,phases      ] GC(75)     Dead                           Min: 0, Avg:  0.2, Max: 1, Diff: 1, Sum: 1, Workers: 4
[2923.109s][debug][gc,phases      ] GC(75)     Total                          Min: 0, Avg: 12537.5, Max: 21351, Diff: 21351, Sum: 50150, Workers: 4
[2923.109s][debug][gc,phases      ] GC(75)   ResolvedMethodTable Weak       Min: 0.00, Avg: 0.03, Max: 0.04, Diff: 0.04, Sum: 0.13, Workers: 4
[2923.109s][debug][gc,phases      ] GC(75)     Dead                           Min: 0, Avg:  5.0, Max: 20, Diff: 20, Sum: 20, Workers: 4
[2923.109s][debug][gc,phases      ] GC(75)     Total                          Min: 0, Avg: 4209.0, Max: 7279, Diff: 7279, Sum: 16836, Workers: 4
[2923.109s][debug][gc,phases      ] GC(75)   JNI Weak                       Min: 0.00, Avg: 0.00, Max: 0.00, Diff: 0.00, Sum: 0.00, Workers: 4
[2923.109s][debug][gc,phases      ] GC(75)     Dead                           Min: 0, Avg:  0.0, Max: 0, Diff: 0, Sum: 0, Workers: 4
[2923.109s][debug][gc,phases      ] GC(75)     Total                          Min: 0, Avg: 13.0, Max: 52, Diff: 52, Sum: 52, Workers: 4
[2923.109s][debug][gc,phases      ] GC(75)   StringDedup Table Weak         Min: 0.00, Avg: 0.00, Max: 0.00, Diff: 0.00, Sum: 0.00, Workers: 4
[2923.109s][debug][gc,phases      ] GC(75)     Dead                           Min: 0, Avg:  0.0, Max: 0, Diff: 0, Sum: 0, Workers: 4
[2923.109s][debug][gc,phases      ] GC(75)     Total                          Min: 0, Avg:  0.0, Max: 0, Diff: 0, Sum: 0, Workers: 4
[2923.109s][debug][gc,phases      ] GC(75)   StringDedup Requests0 Weak     Min: 0.00, Avg: 0.00, Max: 0.00, Diff: 0.00, Sum: 0.00, Workers: 4
[2923.109s][debug][gc,phases      ] GC(75)     Dead                           Min: 0, Avg:  0.0, Max: 0, Diff: 0, Sum: 0, Workers: 4
[2923.109s][debug][gc,phases      ] GC(75)     Total                          Min: 0, Avg:  0.0, Max: 0, Diff: 0, Sum: 0, Workers: 4
[2923.109s][debug][gc,phases      ] GC(75)   StringDedup Requests1 Weak     Min: 0.00, Avg: 0.00, Max: 0.00, Diff: 0.00, Sum: 0.00, Workers: 4
[2923.109s][debug][gc,phases      ] GC(75)     Dead                           Min: 0, Avg:  0.0, Max: 0, Diff: 0, Sum: 0, Workers: 4
[2923.109s][debug][gc,phases      ] GC(75)     Total                          Min: 0, Avg:  0.0, Max: 0, Diff: 0, Sum: 0, Workers: 4
[2923.109s][debug][gc,phases      ] GC(75)   Weak JFR Old Object Samples    Min: 0.00, Avg: 0.00, Max: 0.00, Diff: 0.00, Sum: 0.00, Workers: 4
[2923.109s][debug][gc,phases      ] GC(75)     Dead                           Min: 0, Avg:  0.0, Max: 0, Diff: 0, Sum: 0, Workers: 4
[2923.109s][debug][gc,phases      ] GC(75)     Total                          Min: 0, Avg:  0.0, Max: 0, Diff: 0, Sum: 0, Workers: 4
[2923.109s][debug][gc,phases      ] GC(75) Weak Processing 0.366ms
[2923.109s][debug][gc,age         ] GC(75) Desired survivor size 28311552 bytes, new threshold 1 (max threshold 15)
[2923.109s][info ][gc,heap        ] GC(75) PSYoungGen: 2040624K(2067456K)->4096K(2065920K) Eden: 2036224K(2036224K)->0K(2036224K) From: 4400K(31232K)->4096K(29696K)
[2923.109s][info ][gc,heap        ] GC(75) ParOldGen: 589010K(589312K)->590746K(590848K)
[2923.109s][info ][gc,metaspace   ] GC(75) Metaspace: 109502K(110720K)->109502K(110720K) NonClass: 93417K(94144K)->93417K(94144K) Class: 16085K(16576K)->16085K(16576K)
[2923.109s][info ][gc             ] GC(75) Pause Young (Allocation Failure) 2568M->580M(2594M) 4.070ms
[2923.109s][info ][gc,cpu         ] GC(75) User=0.01s Sys=0.00s Real=0.00s
[2923.109s][info ][safepoint      ] Safepoint "ParallelCollectForAllocation", Time since last: 55223222373 ns, Reaching safepoint: 19600 ns, At safepoint: 4125584 ns, Leaving safepoint: 2600 ns, Total: 4147784 ns, Threads: 0 runnable, 26 total
[2979.723s][info ][gc,start       ] GC(76) Pause Young (Allocation Failure)
[2979.726s][debug][gc,phases      ] GC(76) Scavenge 2.801ms
[2979.726s][debug][gc,ref         ] GC(76) Skipped SoftWeakFinalRefsPhase of Reference Processing: no references
[2979.726s][debug][gc,ref         ] GC(76) Skipped KeepAliveFinalRefsPhase of Reference Processing: no references
[2979.726s][debug][gc,ref         ] GC(76) Skipped PhantomRefsPhase of Reference Processing: no references
[2979.726s][debug][gc,phases      ] GC(76) Reference Processing 0.022ms
[2979.726s][debug][gc,phases      ] GC(76)   VM Weak                        Min: 0.00, Avg: 0.00, Max: 0.01, Diff: 0.01, Sum: 0.01, Workers: 4
[2979.726s][debug][gc,phases      ] GC(76)     Dead                           Min: 0, Avg:  0.0, Max: 0, Diff: 0, Sum: 0, Workers: 4
[2979.726s][debug][gc,phases      ] GC(76)     Total                          Min: 0, Avg: 232.2, Max: 832, Diff: 832, Sum: 929, Workers: 4
[2979.726s][debug][gc,phases      ] GC(76)   ObjectSynchronizer Weak        Min: 0.00, Avg: 0.00, Max: 0.00, Diff: 0.00, Sum: 0.00, Workers: 4
[2979.726s][debug][gc,phases      ] GC(76)     Dead                           Min: 0, Avg:  0.0, Max: 0, Diff: 0, Sum: 0, Workers: 4
[2979.726s][debug][gc,phases      ] GC(76)     Total                          Min: 0, Avg:  1.2, Max: 5, Diff: 5, Sum: 5, Workers: 4
[2979.726s][debug][gc,phases      ] GC(76)   JVMTI Tag Weak OopStorage      Min: 0.00, Avg: 0.00, Max: 0.00, Diff: 0.00, Sum: 0.00, Workers: 4
[2979.726s][debug][gc,phases      ] GC(76)     Dead                           Min: 0, Avg:  0.0, Max: 0, Diff: 0, Sum: 0, Workers: 4
[2979.726s][debug][gc,phases      ] GC(76)     Total                          Min: 0, Avg:  0.0, Max: 0, Diff: 0, Sum: 0, Workers: 4
[2979.726s][debug][gc,phases      ] GC(76)   StringTable Weak               Min: 0.00, Avg: 0.09, Max: 0.13, Diff: 0.13, Sum: 0.38, Workers: 4
[2979.726s][debug][gc,phases      ] GC(76)     Dead                           Min: 0, Avg:  0.0, Max: 0, Diff: 0, Sum: 0, Workers: 4
[2979.726s][debug][gc,phases      ] GC(76)     Total                          Min: 0, Avg: 12537.5, Max: 21479, Diff: 21479, Sum: 50150, Workers: 4
[2979.726s][debug][gc,phases      ] GC(76)   ResolvedMethodTable Weak       Min: 0.00, Avg: 0.03, Max: 0.04, Diff: 0.04, Sum: 0.13, Workers: 4
[2979.726s][debug][gc,phases      ] GC(76)     Dead                           Min: 0, Avg:  5.0, Max: 20, Diff: 20, Sum: 20, Workers: 4
[2979.726s][debug][gc,phases      ] GC(76)     Total                          Min: 0, Avg: 4209.0, Max: 7256, Diff: 7256, Sum: 16836, Workers: 4
[2979.726s][debug][gc,phases      ] GC(76)   JNI Weak                       Min: 0.00, Avg: 0.00, Max: 0.00, Diff: 0.00, Sum: 0.00, Workers: 4
[2979.726s][debug][gc,phases      ] GC(76)     Dead                           Min: 0, Avg:  0.0, Max: 0, Diff: 0, Sum: 0, Workers: 4
[2979.726s][debug][gc,phases      ] GC(76)     Total                          Min: 0, Avg: 13.0, Max: 48, Diff: 48, Sum: 52, Workers: 4
[2979.726s][debug][gc,phases      ] GC(76)   StringDedup Table Weak         Min: 0.00, Avg: 0.00, Max: 0.00, Diff: 0.00, Sum: 0.00, Workers: 4
[2979.726s][debug][gc,phases      ] GC(76)     Dead                           Min: 0, Avg:  0.0, Max: 0, Diff: 0, Sum: 0, Workers: 4
[2979.726s][debug][gc,phases      ] GC(76)     Total                          Min: 0, Avg:  0.0, Max: 0, Diff: 0, Sum: 0, Workers: 4
[2979.726s][debug][gc,phases      ] GC(76)   StringDedup Requests0 Weak     Min: 0.00, Avg: 0.00, Max: 0.00, Diff: 0.00, Sum: 0.00, Workers: 4
[2979.726s][debug][gc,phases      ] GC(76)     Dead                           Min: 0, Avg:  0.0, Max: 0, Diff: 0, Sum: 0, Workers: 4
[2979.726s][debug][gc,phases      ] GC(76)     Total                          Min: 0, Avg:  0.0, Max: 0, Diff: 0, Sum: 0, Workers: 4
[2979.726s][debug][gc,phases      ] GC(76)   StringDedup Requests1 Weak     Min: 0.00, Avg: 0.00, Max: 0.00, Diff: 0.00, Sum: 0.00, Workers: 4
[2979.726s][debug][gc,phases      ] GC(76)     Dead                           Min: 0, Avg:  0.0, Max: 0, Diff: 0, Sum: 0, Workers: 4
[2979.726s][debug][gc,phases      ] GC(76)     Total                          Min: 0, Avg:  0.0, Max: 0, Diff: 0, Sum: 0, Workers: 4
[2979.726s][debug][gc,phases      ] GC(76)   Weak JFR Old Object Samples    Min: 0.00, Avg: 0.00, Max: 0.00, Diff: 0.00, Sum: 0.00, Workers: 4
[2979.726s][debug][gc,phases      ] GC(76)     Dead                           Min: 0, Avg:  0.0, Max: 0, Diff: 0, Sum: 0, Workers: 4
[2979.726s][debug][gc,phases      ] GC(76)     Total                          Min: 0, Avg:  0.0, Max: 0, Diff: 0, Sum: 0, Workers: 4
[2979.726s][debug][gc,phases      ] GC(76) Weak Processing 0.367ms
[2979.726s][debug][gc,age         ] GC(76) Desired survivor size 26738688 bytes, new threshold 1 (max threshold 15)
[2979.726s][info ][gc,heap        ] GC(76) PSYoungGen: 2040320K(2065920K)->3632K(2071040K) Eden: 2036224K(2036224K)->0K(2043392K) From: 4096K(29696K)->3632K(27648K)
[2979.726s][info ][gc,heap        ] GC(76) ParOldGen: 590746K(590848K)->592075K(592384K)
[2979.726s][info ][gc,metaspace   ] GC(76) Metaspace: 109502K(110720K)->109502K(110720K) NonClass: 93417K(94144K)->93417K(94144K) Class: 16085K(16576K)->16085K(16576K)
[2979.726s][info ][gc             ] GC(76) Pause Young (Allocation Failure) 2569M->581M(2601M) 3.288ms
[2979.726s][info ][gc,cpu         ] GC(76) User=0.00s Sys=0.00s Real=0.00s
[2979.726s][info ][safepoint      ] Safepoint "ParallelCollectForAllocation", Time since last: 56614049756 ns, Reaching safepoint: 99200 ns, At safepoint: 3343087 ns, Leaving safepoint: 5800 ns, Total: 3448087 ns, Threads: 1 runnable, 26 total
[3033.129s][info ][gc,start       ] GC(77) Pause Young (Allocation Failure)
[3033.133s][debug][gc,phases      ] GC(77) Scavenge 3.886ms
[3033.133s][debug][gc,ref         ] GC(77) Skipped SoftWeakFinalRefsPhase of Reference Processing: no references
[3033.133s][debug][gc,ref         ] GC(77) Skipped KeepAliveFinalRefsPhase of Reference Processing: no references
[3033.133s][debug][gc,ref         ] GC(77) Skipped PhantomRefsPhase of Reference Processing: no references
[3033.133s][debug][gc,phases      ] GC(77) Reference Processing 0.053ms
[3033.133s][debug][gc,phases      ] GC(77)   VM Weak                        Min: 0.00, Avg: 0.00, Max: 0.01, Diff: 0.01, Sum: 0.01, Workers: 4
[3033.133s][debug][gc,phases      ] GC(77)     Dead                           Min: 0, Avg:  0.0, Max: 0, Diff: 0, Sum: 0, Workers: 4
[3033.133s][debug][gc,phases      ] GC(77)     Total                          Min: 0, Avg: 232.2, Max: 801, Diff: 801, Sum: 929, Workers: 4
[3033.133s][debug][gc,phases      ] GC(77)   ObjectSynchronizer Weak        Min: 0.00, Avg: 0.00, Max: 0.00, Diff: 0.00, Sum: 0.00, Workers: 4
[3033.133s][debug][gc,phases      ] GC(77)     Dead                           Min: 0, Avg:  0.0, Max: 0, Diff: 0, Sum: 0, Workers: 4
[3033.133s][debug][gc,phases      ] GC(77)     Total                          Min: 0, Avg:  1.5, Max: 6, Diff: 6, Sum: 6, Workers: 4
[3033.133s][debug][gc,phases      ] GC(77)   JVMTI Tag Weak OopStorage      Min: 0.00, Avg: 0.00, Max: 0.00, Diff: 0.00, Sum: 0.00, Workers: 4
[3033.133s][debug][gc,phases      ] GC(77)     Dead                           Min: 0, Avg:  0.0, Max: 0, Diff: 0, Sum: 0, Workers: 4
[3033.133s][debug][gc,phases      ] GC(77)     Total                          Min: 0, Avg:  0.0, Max: 0, Diff: 0, Sum: 0, Workers: 4
[3033.133s][debug][gc,phases      ] GC(77)   StringTable Weak               Min: 0.00, Avg: 0.10, Max: 0.13, Diff: 0.13, Sum: 0.39, Workers: 4
[3033.133s][debug][gc,phases      ] GC(77)     Dead                           Min: 0, Avg:  0.0, Max: 0, Diff: 0, Sum: 0, Workers: 4
[3033.133s][debug][gc,phases      ] GC(77)     Total                          Min: 0, Avg: 12537.5, Max: 21798, Diff: 21798, Sum: 50150, Workers: 4
[3033.133s][debug][gc,phases      ] GC(77)   ResolvedMethodTable Weak       Min: 0.00, Avg: 0.03, Max: 0.04, Diff: 0.04, Sum: 0.13, Workers: 4
[3033.133s][debug][gc,phases      ] GC(77)     Dead                           Min: 0, Avg:  5.0, Max: 20, Diff: 20, Sum: 20, Workers: 4
[3033.134s][debug][gc,phases      ] GC(77)     Total                          Min: 0, Avg: 4209.0, Max: 7128, Diff: 7128, Sum: 16836, Workers: 4
[3033.134s][debug][gc,phases      ] GC(77)   JNI Weak                       Min: 0.00, Avg: 0.00, Max: 0.00, Diff: 0.00, Sum: 0.00, Workers: 4
[3033.134s][debug][gc,phases      ] GC(77)     Dead                           Min: 0, Avg:  0.0, Max: 0, Diff: 0, Sum: 0, Workers: 4
[3033.134s][debug][gc,phases      ] GC(77)     Total                          Min: 0, Avg: 13.0, Max: 48, Diff: 48, Sum: 52, Workers: 4
[3033.134s][debug][gc,phases      ] GC(77)   StringDedup Table Weak         Min: 0.00, Avg: 0.00, Max: 0.00, Diff: 0.00, Sum: 0.00, Workers: 4
[3033.134s][debug][gc,phases      ] GC(77)     Dead                           Min: 0, Avg:  0.0, Max: 0, Diff: 0, Sum: 0, Workers: 4
[3033.134s][debug][gc,phases      ] GC(77)     Total                          Min: 0, Avg:  0.0, Max: 0, Diff: 0, Sum: 0, Workers: 4
[3033.134s][debug][gc,phases      ] GC(77)   StringDedup Requests0 Weak     Min: 0.00, Avg: 0.00, Max: 0.00, Diff: 0.00, Sum: 0.00, Workers: 4
[3033.134s][debug][gc,phases      ] GC(77)     Dead                           Min: 0, Avg:  0.0, Max: 0, Diff: 0, Sum: 0, Workers: 4
[3033.134s][debug][gc,phases      ] GC(77)     Total                          Min: 0, Avg:  0.0, Max: 0, Diff: 0, Sum: 0, Workers: 4
[3033.134s][debug][gc,phases      ] GC(77)   StringDedup Requests1 Weak     Min: 0.00, Avg: 0.00, Max: 0.00, Diff: 0.00, Sum: 0.00, Workers: 4
[3033.134s][debug][gc,phases      ] GC(77)     Dead                           Min: 0, Avg:  0.0, Max: 0, Diff: 0, Sum: 0, Workers: 4
[3033.134s][debug][gc,phases      ] GC(77)     Total                          Min: 0, Avg:  0.0, Max: 0, Diff: 0, Sum: 0, Workers: 4
[3033.134s][debug][gc,phases      ] GC(77)   Weak JFR Old Object Samples    Min: 0.00, Avg: 0.00, Max: 0.00, Diff: 0.00, Sum: 0.00, Workers: 4
[3033.134s][debug][gc,phases      ] GC(77)     Dead                           Min: 0, Avg:  0.0, Max: 0, Diff: 0, Sum: 0, Workers: 4
[3033.134s][debug][gc,phases      ] GC(77)     Total                          Min: 0, Avg:  0.0, Max: 0, Diff: 0, Sum: 0, Workers: 4
[3033.134s][debug][gc,phases      ] GC(77) Weak Processing 0.343ms
[3033.134s][debug][gc,age         ] GC(77) Desired survivor size 25165824 bytes, new threshold 1 (max threshold 15)
[3033.134s][info ][gc,heap        ] GC(77) PSYoungGen: 2047024K(2071040K)->4784K(2069504K) Eden: 2043392K(2043392K)->0K(2043392K) From: 3632K(27648K)->4784K(26112K)
[3033.134s][info ][gc,heap        ] GC(77) ParOldGen: 592075K(592384K)->592627K(592896K)
[3033.134s][info ][gc,metaspace   ] GC(77) Metaspace: 109513K(110720K)->109513K(110720K) NonClass: 93427K(94144K)->93427K(94144K) Class: 16085K(16576K)->16085K(16576K)
[3033.134s][info ][gc             ] GC(77) Pause Young (Allocation Failure) 2577M->583M(2600M) 4.382ms
[3033.134s][info ][gc,cpu         ] GC(77) User=0.01s Sys=0.00s Real=0.01s
[3033.134s][info ][safepoint      ] Safepoint "ParallelCollectForAllocation", Time since last: 53402747822 ns, Reaching safepoint: 21000 ns, At safepoint: 4474484 ns, Leaving safepoint: 2800 ns, Total: 4498284 ns, Threads: 0 runnable, 31 total
[3087.142s][info ][gc,start       ] GC(78) Pause Young (Allocation Failure)
[3087.150s][debug][gc,phases      ] GC(78) Scavenge 7.809ms
[3087.150s][debug][gc,ref         ] GC(78) Skipped SoftWeakFinalRefsPhase of Reference Processing: no references
[3087.150s][debug][gc,ref         ] GC(78) Skipped KeepAliveFinalRefsPhase of Reference Processing: no references
[3087.150s][debug][gc,ref         ] GC(78) Skipped PhantomRefsPhase of Reference Processing: no references
[3087.150s][debug][gc,phases      ] GC(78) Reference Processing 0.030ms
[3087.150s][debug][gc,phases      ] GC(78)   VM Weak                        Min: 0.00, Avg: 0.00, Max: 0.01, Diff: 0.01, Sum: 0.01, Workers: 4
[3087.150s][debug][gc,phases      ] GC(78)     Dead                           Min: 0, Avg:  0.0, Max: 0, Diff: 0, Sum: 0, Workers: 4
[3087.150s][debug][gc,phases      ] GC(78)     Total                          Min: 0, Avg: 232.2, Max: 929, Diff: 929, Sum: 929, Workers: 4
[3087.150s][debug][gc,phases      ] GC(78)   ObjectSynchronizer Weak        Min: 0.00, Avg: 0.00, Max: 0.00, Diff: 0.00, Sum: 0.00, Workers: 4
[3087.150s][debug][gc,phases      ] GC(78)     Dead                           Min: 0, Avg:  0.0, Max: 0, Diff: 0, Sum: 0, Workers: 4
[3087.150s][debug][gc,phases      ] GC(78)     Total                          Min: 0, Avg:  1.5, Max: 6, Diff: 6, Sum: 6, Workers: 4
[3087.150s][debug][gc,phases      ] GC(78)   JVMTI Tag Weak OopStorage      Min: 0.00, Avg: 0.00, Max: 0.00, Diff: 0.00, Sum: 0.00, Workers: 4
[3087.150s][debug][gc,phases      ] GC(78)     Dead                           Min: 0, Avg:  0.0, Max: 0, Diff: 0, Sum: 0, Workers: 4
[3087.150s][debug][gc,phases      ] GC(78)     Total                          Min: 0, Avg:  0.0, Max: 0, Diff: 0, Sum: 0, Workers: 4
[3087.150s][debug][gc,phases      ] GC(78)   StringTable Weak               Min: 0.00, Avg: 0.10, Max: 0.40, Diff: 0.40, Sum: 0.40, Workers: 4
[3087.150s][debug][gc,phases      ] GC(78)     Dead                           Min: 0, Avg:  0.0, Max: 0, Diff: 0, Sum: 0, Workers: 4
[3087.150s][debug][gc,phases      ] GC(78)     Total                          Min: 0, Avg: 12537.8, Max: 50151, Diff: 50151, Sum: 50151, Workers: 4
[3087.150s][debug][gc,phases      ] GC(78)   ResolvedMethodTable Weak       Min: 0.00, Avg: 0.04, Max: 0.15, Diff: 0.15, Sum: 0.15, Workers: 4
[3087.150s][debug][gc,phases      ] GC(78)     Dead                           Min: 0, Avg:  5.0, Max: 20, Diff: 20, Sum: 20, Workers: 4
[3087.150s][debug][gc,phases      ] GC(78)     Total                          Min: 0, Avg: 4209.0, Max: 16836, Diff: 16836, Sum: 16836, Workers: 4
[3087.150s][debug][gc,phases      ] GC(78)   JNI Weak                       Min: 0.00, Avg: 0.00, Max: 0.00, Diff: 0.00, Sum: 0.00, Workers: 4
[3087.150s][debug][gc,phases      ] GC(78)     Dead                           Min: 0, Avg:  0.0, Max: 0, Diff: 0, Sum: 0, Workers: 4
[3087.150s][debug][gc,phases      ] GC(78)     Total                          Min: 0, Avg: 13.0, Max: 52, Diff: 52, Sum: 52, Workers: 4
[3087.150s][debug][gc,phases      ] GC(78)   StringDedup Table Weak         Min: 0.00, Avg: 0.00, Max: 0.00, Diff: 0.00, Sum: 0.00, Workers: 4
[3087.150s][debug][gc,phases      ] GC(78)     Dead                           Min: 0, Avg:  0.0, Max: 0, Diff: 0, Sum: 0, Workers: 4
[3087.150s][debug][gc,phases      ] GC(78)     Total                          Min: 0, Avg:  0.0, Max: 0, Diff: 0, Sum: 0, Workers: 4
[3087.150s][debug][gc,phases      ] GC(78)   StringDedup Requests0 Weak     Min: 0.00, Avg: 0.00, Max: 0.00, Diff: 0.00, Sum: 0.00, Workers: 4
[3087.150s][debug][gc,phases      ] GC(78)     Dead                           Min: 0, Avg:  0.0, Max: 0, Diff: 0, Sum: 0, Workers: 4
[3087.150s][debug][gc,phases      ] GC(78)     Total                          Min: 0, Avg:  0.0, Max: 0, Diff: 0, Sum: 0, Workers: 4
[3087.150s][debug][gc,phases      ] GC(78)   StringDedup Requests1 Weak     Min: 0.00, Avg: 0.00, Max: 0.00, Diff: 0.00, Sum: 0.00, Workers: 4
[3087.150s][debug][gc,phases      ] GC(78)     Dead                           Min: 0, Avg:  0.0, Max: 0, Diff: 0, Sum: 0, Workers: 4
[3087.151s][debug][gc,phases      ] GC(78)     Total                          Min: 0, Avg:  0.0, Max: 0, Diff: 0, Sum: 0, Workers: 4
[3087.151s][debug][gc,phases      ] GC(78)   Weak JFR Old Object Samples    Min: 0.00, Avg: 0.00, Max: 0.00, Diff: 0.00, Sum: 0.00, Workers: 4
[3087.151s][debug][gc,phases      ] GC(78)     Dead                           Min: 0, Avg:  0.0, Max: 0, Diff: 0, Sum: 0, Workers: 4
[3087.151s][debug][gc,phases      ] GC(78)     Total                          Min: 0, Avg:  0.0, Max: 0, Diff: 0, Sum: 0, Workers: 4
[3087.151s][debug][gc,phases      ] GC(78) Weak Processing 0.842ms
[3087.151s][debug][gc,age         ] GC(78) Desired survivor size 23592960 bytes, new threshold 1 (max threshold 15)
[3087.151s][info ][gc,heap        ] GC(78) PSYoungGen: 2048176K(2069504K)->3824K(2074112K) Eden: 2043392K(2043392K)->0K(2049536K) From: 4784K(26112K)->3824K(24576K)
[3087.151s][info ][gc,heap        ] GC(78) ParOldGen: 592627K(592896K)->594180K(594432K)
[3087.151s][info ][gc,metaspace   ] GC(78) Metaspace: 109552K(110720K)->109552K(110720K) NonClass: 93465K(94144K)->93465K(94144K) Class: 16086K(16576K)->16086K(16576K)
[3087.151s][info ][gc             ] GC(78) Pause Young (Allocation Failure) 2578M->583M(2606M) 8.811ms
[3087.151s][info ][gc,cpu         ] GC(78) User=0.02s Sys=0.00s Real=0.01s
[3087.151s][info ][safepoint      ] Safepoint "ParallelCollectForAllocation", Time since last: 54008089190 ns, Reaching safepoint: 6200 ns, At safepoint: 8885064 ns, Leaving safepoint: 7600 ns, Total: 8898864 ns, Threads: 0 runnable, 27 total
[3139.773s][info ][gc,start       ] GC(79) Pause Young (Allocation Failure)
[3139.777s][debug][gc,phases      ] GC(79) Scavenge 3.790ms
[3139.777s][debug][gc,ref         ] GC(79) Skipped SoftWeakFinalRefsPhase of Reference Processing: no references
[3139.777s][debug][gc,ref         ] GC(79) Skipped KeepAliveFinalRefsPhase of Reference Processing: no references
[3139.777s][debug][gc,ref         ] GC(79) Skipped PhantomRefsPhase of Reference Processing: no references
[3139.777s][debug][gc,phases      ] GC(79) Reference Processing 0.021ms
[3139.777s][debug][gc,phases      ] GC(79)   VM Weak                        Min: 0.00, Avg: 0.00, Max: 0.01, Diff: 0.01, Sum: 0.01, Workers: 4
[3139.777s][debug][gc,phases      ] GC(79)     Dead                           Min: 0, Avg:  0.0, Max: 0, Diff: 0, Sum: 0, Workers: 4
[3139.777s][debug][gc,phases      ] GC(79)     Total                          Min: 0, Avg: 232.2, Max: 609, Diff: 609, Sum: 929, Workers: 4
[3139.777s][debug][gc,phases      ] GC(79)   ObjectSynchronizer Weak        Min: 0.00, Avg: 0.00, Max: 0.00, Diff: 0.00, Sum: 0.00, Workers: 4
[3139.777s][debug][gc,phases      ] GC(79)     Dead                           Min: 0, Avg:  0.0, Max: 0, Diff: 0, Sum: 0, Workers: 4
[3139.777s][debug][gc,phases      ] GC(79)     Total                          Min: 0, Avg:  1.5, Max: 6, Diff: 6, Sum: 6, Workers: 4
[3139.777s][debug][gc,phases      ] GC(79)   JVMTI Tag Weak OopStorage      Min: 0.00, Avg: 0.00, Max: 0.00, Diff: 0.00, Sum: 0.00, Workers: 4
[3139.777s][debug][gc,phases      ] GC(79)     Dead                           Min: 0, Avg:  0.0, Max: 0, Diff: 0, Sum: 0, Workers: 4
[3139.777s][debug][gc,phases      ] GC(79)     Total                          Min: 0, Avg:  0.0, Max: 0, Diff: 0, Sum: 0, Workers: 4
[3139.777s][debug][gc,phases      ] GC(79)   StringTable Weak               Min: 0.00, Avg: 0.11, Max: 0.14, Diff: 0.14, Sum: 0.43, Workers: 4
[3139.777s][debug][gc,phases      ] GC(79)     Dead                           Min: 0, Avg:  0.0, Max: 0, Diff: 0, Sum: 0, Workers: 4
[3139.777s][debug][gc,phases      ] GC(79)     Total                          Min: 0, Avg: 12537.8, Max: 20904, Diff: 20904, Sum: 50151, Workers: 4
[3139.777s][debug][gc,phases      ] GC(79)   ResolvedMethodTable Weak       Min: 0.00, Avg: 0.04, Max: 0.05, Diff: 0.05, Sum: 0.15, Workers: 4
[3139.777s][debug][gc,phases      ] GC(79)     Dead                           Min: 0, Avg:  5.0, Max: 20, Diff: 20, Sum: 20, Workers: 4
[3139.777s][debug][gc,phases      ] GC(79)     Total                          Min: 0, Avg: 4209.0, Max: 7111, Diff: 7111, Sum: 16836, Workers: 4
[3139.777s][debug][gc,phases      ] GC(79)   JNI Weak                       Min: 0.00, Avg: 0.00, Max: 0.00, Diff: 0.00, Sum: 0.00, Workers: 4
[3139.777s][debug][gc,phases      ] GC(79)     Dead                           Min: 0, Avg:  0.0, Max: 0, Diff: 0, Sum: 0, Workers: 4
[3139.777s][debug][gc,phases      ] GC(79)     Total                          Min: 0, Avg: 13.0, Max: 48, Diff: 48, Sum: 52, Workers: 4
[3139.777s][debug][gc,phases      ] GC(79)   StringDedup Table Weak         Min: 0.00, Avg: 0.00, Max: 0.00, Diff: 0.00, Sum: 0.00, Workers: 4
[3139.777s][debug][gc,phases      ] GC(79)     Dead                           Min: 0, Avg:  0.0, Max: 0, Diff: 0, Sum: 0, Workers: 4
[3139.777s][debug][gc,phases      ] GC(79)     Total                          Min: 0, Avg:  0.0, Max: 0, Diff: 0, Sum: 0, Workers: 4
[3139.777s][debug][gc,phases      ] GC(79)   StringDedup Requests0 Weak     Min: 0.00, Avg: 0.00, Max: 0.00, Diff: 0.00, Sum: 0.00, Workers: 4
[3139.777s][debug][gc,phases      ] GC(79)     Dead                           Min: 0, Avg:  0.0, Max: 0, Diff: 0, Sum: 0, Workers: 4
[3139.777s][debug][gc,phases      ] GC(79)     Total                          Min: 0, Avg:  0.0, Max: 0, Diff: 0, Sum: 0, Workers: 4
[3139.777s][debug][gc,phases      ] GC(79)   StringDedup Requests1 Weak     Min: 0.00, Avg: 0.00, Max: 0.00, Diff: 0.00, Sum: 0.00, Workers: 4
[3139.777s][debug][gc,phases      ] GC(79)     Dead                           Min: 0, Avg:  0.0, Max: 0, Diff: 0, Sum: 0, Workers: 4
[3139.777s][debug][gc,phases      ] GC(79)     Total                          Min: 0, Avg:  0.0, Max: 0, Diff: 0, Sum: 0, Workers: 4
[3139.777s][debug][gc,phases      ] GC(79)   Weak JFR Old Object Samples    Min: 0.00, Avg: 0.00, Max: 0.00, Diff: 0.00, Sum: 0.00, Workers: 4
[3139.777s][debug][gc,phases      ] GC(79)     Dead                           Min: 0, Avg:  0.0, Max: 0, Diff: 0, Sum: 0, Workers: 4
[3139.777s][debug][gc,phases      ] GC(79)     Total                          Min: 0, Avg:  0.0, Max: 0, Diff: 0, Sum: 0, Workers: 4
[3139.777s][debug][gc,phases      ] GC(79) Weak Processing 0.374ms
[3139.777s][debug][gc,age         ] GC(79) Desired survivor size 22020096 bytes, new threshold 1 (max threshold 15)
[3139.777s][info ][gc,heap        ] GC(79) PSYoungGen: 2053360K(2074112K)->4624K(2072576K) Eden: 2049536K(2049536K)->0K(2049536K) From: 3824K(24576K)->4624K(23040K)
[3139.777s][info ][gc,heap        ] GC(79) ParOldGen: 594180K(594432K)->595148K(595456K)
[3139.777s][info ][gc,metaspace   ] GC(79) Metaspace: 109555K(110784K)->109555K(110784K) NonClass: 93468K(94208K)->93468K(94208K) Class: 16086K(16576K)->16086K(16576K)
[3139.777s][info ][gc             ] GC(79) Pause Young (Allocation Failure) 2585M->585M(2605M) 4.302ms
[3139.777s][info ][gc,cpu         ] GC(79) User=0.02s Sys=0.00s Real=0.00s
[3139.778s][info ][safepoint      ] Safepoint "ParallelCollectForAllocation", Time since last: 52622424191 ns, Reaching safepoint: 97500 ns, At safepoint: 4357179 ns, Leaving safepoint: 6100 ns, Total: 4460779 ns, Threads: 1 runnable, 27 total
[3193.127s][info ][gc,start       ] GC(80) Pause Young (Allocation Failure)
[3193.132s][debug][gc,phases      ] GC(80) Scavenge 5.034ms
[3193.132s][debug][gc,ref         ] GC(80) Skipped SoftWeakFinalRefsPhase of Reference Processing: no references
[3193.132s][debug][gc,ref         ] GC(80) Skipped KeepAliveFinalRefsPhase of Reference Processing: no references
[3193.132s][debug][gc,ref         ] GC(80) Skipped PhantomRefsPhase of Reference Processing: no references
[3193.132s][debug][gc,phases      ] GC(80) Reference Processing 0.021ms
[3193.132s][debug][gc,phases      ] GC(80)   VM Weak                        Min: 0.00, Avg: 0.00, Max: 0.00, Diff: 0.00, Sum: 0.01, Workers: 4
[3193.132s][debug][gc,phases      ] GC(80)     Dead                           Min: 0, Avg:  0.0, Max: 0, Diff: 0, Sum: 0, Workers: 4
[3193.132s][debug][gc,phases      ] GC(80)     Total                          Min: 0, Avg: 232.2, Max: 448, Diff: 448, Sum: 929, Workers: 4
[3193.132s][debug][gc,phases      ] GC(80)   ObjectSynchronizer Weak        Min: 0.00, Avg: 0.00, Max: 0.00, Diff: 0.00, Sum: 0.00, Workers: 4
[3193.132s][debug][gc,phases      ] GC(80)     Dead                           Min: 0, Avg:  0.0, Max: 0, Diff: 0, Sum: 0, Workers: 4
[3193.132s][debug][gc,phases      ] GC(80)     Total                          Min: 0, Avg:  1.5, Max: 6, Diff: 6, Sum: 6, Workers: 4
[3193.132s][debug][gc,phases      ] GC(80)   JVMTI Tag Weak OopStorage      Min: 0.00, Avg: 0.00, Max: 0.00, Diff: 0.00, Sum: 0.00, Workers: 4
[3193.132s][debug][gc,phases      ] GC(80)     Dead                           Min: 0, Avg:  0.0, Max: 0, Diff: 0, Sum: 0, Workers: 4
[3193.132s][debug][gc,phases      ] GC(80)     Total                          Min: 0, Avg:  0.0, Max: 0, Diff: 0, Sum: 0, Workers: 4
[3193.132s][debug][gc,phases      ] GC(80)   StringTable Weak               Min: 0.00, Avg: 0.11, Max: 0.15, Diff: 0.15, Sum: 0.45, Workers: 4
[3193.132s][debug][gc,phases      ] GC(80)     Dead                           Min: 0, Avg:  0.0, Max: 0, Diff: 0, Sum: 0, Workers: 4
[3193.132s][debug][gc,phases      ] GC(80)     Total                          Min: 0, Avg: 12537.8, Max: 17216, Diff: 17216, Sum: 50151, Workers: 4
[3193.132s][debug][gc,phases      ] GC(80)   ResolvedMethodTable Weak       Min: 0.00, Avg: 0.04, Max: 0.05, Diff: 0.05, Sum: 0.15, Workers: 4
[3193.132s][debug][gc,phases      ] GC(80)     Dead                           Min: 0, Avg:  5.0, Max: 20, Diff: 20, Sum: 20, Workers: 4
[3193.132s][debug][gc,phases      ] GC(80)     Total                          Min: 0, Avg: 4209.0, Max: 5758, Diff: 5758, Sum: 16836, Workers: 4
[3193.132s][debug][gc,phases      ] GC(80)   JNI Weak                       Min: 0.00, Avg: 0.00, Max: 0.00, Diff: 0.00, Sum: 0.00, Workers: 4
[3193.132s][debug][gc,phases      ] GC(80)     Dead                           Min: 0, Avg:  0.0, Max: 0, Diff: 0, Sum: 0, Workers: 4
[3193.132s][debug][gc,phases      ] GC(80)     Total                          Min: 0, Avg: 13.0, Max: 48, Diff: 48, Sum: 52, Workers: 4
[3193.132s][debug][gc,phases      ] GC(80)   StringDedup Table Weak         Min: 0.00, Avg: 0.00, Max: 0.00, Diff: 0.00, Sum: 0.00, Workers: 4
[3193.132s][debug][gc,phases      ] GC(80)     Dead                           Min: 0, Avg:  0.0, Max: 0, Diff: 0, Sum: 0, Workers: 4
[3193.132s][debug][gc,phases      ] GC(80)     Total                          Min: 0, Avg:  0.0, Max: 0, Diff: 0, Sum: 0, Workers: 4
[3193.132s][debug][gc,phases      ] GC(80)   StringDedup Requests0 Weak     Min: 0.00, Avg: 0.00, Max: 0.00, Diff: 0.00, Sum: 0.00, Workers: 4
[3193.132s][debug][gc,phases      ] GC(80)     Dead                           Min: 0, Avg:  0.0, Max: 0, Diff: 0, Sum: 0, Workers: 4
[3193.132s][debug][gc,phases      ] GC(80)     Total                          Min: 0, Avg:  0.0, Max: 0, Diff: 0, Sum: 0, Workers: 4
[3193.132s][debug][gc,phases      ] GC(80)   StringDedup Requests1 Weak     Min: 0.00, Avg: 0.00, Max: 0.00, Diff: 0.00, Sum: 0.00, Workers: 4
[3193.132s][debug][gc,phases      ] GC(80)     Dead                           Min: 0, Avg:  0.0, Max: 0, Diff: 0, Sum: 0, Workers: 4
[3193.132s][debug][gc,phases      ] GC(80)     Total                          Min: 0, Avg:  0.0, Max: 0, Diff: 0, Sum: 0, Workers: 4
[3193.132s][debug][gc,phases      ] GC(80)   Weak JFR Old Object Samples    Min: 0.00, Avg: 0.00, Max: 0.00, Diff: 0.00, Sum: 0.00, Workers: 4
[3193.132s][debug][gc,phases      ] GC(80)     Dead                           Min: 0, Avg:  0.0, Max: 0, Diff: 0, Sum: 0, Workers: 4
[3193.132s][debug][gc,phases      ] GC(80)     Total                          Min: 0, Avg:  0.0, Max: 0, Diff: 0, Sum: 0, Workers: 4
[3193.132s][debug][gc,phases      ] GC(80) Weak Processing 0.427ms
[3193.132s][debug][gc,age         ] GC(80) Desired survivor size 20447232 bytes, new threshold 1 (max threshold 15)
[3193.132s][info ][gc,heap        ] GC(80) PSYoungGen: 2054160K(2072576K)->4384K(2077184K) Eden: 2049536K(2049536K)->0K(2055680K) From: 4624K(23040K)->4384K(21504K)
[3193.132s][info ][gc,heap        ] GC(80) ParOldGen: 595148K(595456K)->595836K(595968K)
[3193.132s][info ][gc,metaspace   ] GC(80) Metaspace: 109580K(110784K)->109580K(110784K) NonClass: 93493K(94208K)->93493K(94208K) Class: 16086K(16576K)->16086K(16576K)
[3193.132s][info ][gc             ] GC(80) Pause Young (Allocation Failure) 2587M->586M(2610M) 5.580ms
[3193.132s][info ][gc,cpu         ] GC(80) User=0.01s Sys=0.00s Real=0.01s
[3193.132s][info ][safepoint      ] Safepoint "ParallelCollectForAllocation", Time since last: 53349221305 ns, Reaching safepoint: 25100 ns, At safepoint: 5635671 ns, Leaving safepoint: 2200 ns, Total: 5662971 ns, Threads: 0 runnable, 28 total
[3247.179s][info ][gc,start       ] GC(81) Pause Young (Allocation Failure)
[3247.183s][debug][gc,phases      ] GC(81) Scavenge 3.814ms
[3247.183s][debug][gc,ref         ] GC(81) Skipped SoftWeakFinalRefsPhase of Reference Processing: no references
[3247.183s][debug][gc,ref         ] GC(81) Skipped KeepAliveFinalRefsPhase of Reference Processing: no references
[3247.183s][debug][gc,ref         ] GC(81) Skipped PhantomRefsPhase of Reference Processing: no references
[3247.183s][debug][gc,phases      ] GC(81) Reference Processing 0.022ms
[3247.183s][debug][gc,phases      ] GC(81)   VM Weak                        Min: 0.00, Avg: 0.00, Max: 0.01, Diff: 0.01, Sum: 0.01, Workers: 4
[3247.183s][debug][gc,phases      ] GC(81)     Dead                           Min: 0, Avg:  0.0, Max: 0, Diff: 0, Sum: 0, Workers: 4
[3247.183s][debug][gc,phases      ] GC(81)     Total                          Min: 0, Avg: 232.2, Max: 576, Diff: 576, Sum: 929, Workers: 4
[3247.183s][debug][gc,phases      ] GC(81)   ObjectSynchronizer Weak        Min: 0.00, Avg: 0.00, Max: 0.00, Diff: 0.00, Sum: 0.00, Workers: 4
[3247.183s][debug][gc,phases      ] GC(81)     Dead                           Min: 0, Avg:  0.0, Max: 0, Diff: 0, Sum: 0, Workers: 4
[3247.183s][debug][gc,phases      ] GC(81)     Total                          Min: 0, Avg:  1.5, Max: 6, Diff: 6, Sum: 6, Workers: 4
[3247.183s][debug][gc,phases      ] GC(81)   JVMTI Tag Weak OopStorage      Min: 0.00, Avg: 0.00, Max: 0.00, Diff: 0.00, Sum: 0.00, Workers: 4
[3247.183s][debug][gc,phases      ] GC(81)     Dead                           Min: 0, Avg:  0.0, Max: 0, Diff: 0, Sum: 0, Workers: 4
[3247.183s][debug][gc,phases      ] GC(81)     Total                          Min: 0, Avg:  0.0, Max: 0, Diff: 0, Sum: 0, Workers: 4
[3247.183s][debug][gc,phases      ] GC(81)   StringTable Weak               Min: 0.00, Avg: 0.11, Max: 0.14, Diff: 0.14, Sum: 0.43, Workers: 4
[3247.183s][debug][gc,phases      ] GC(81)     Dead                           Min: 0, Avg:  0.0, Max: 0, Diff: 0, Sum: 0, Workers: 4
[3247.183s][debug][gc,phases      ] GC(81)     Total                          Min: 0, Avg: 12541.2, Max: 21110, Diff: 21110, Sum: 50165, Workers: 4
[3247.183s][debug][gc,phases      ] GC(81)   ResolvedMethodTable Weak       Min: 0.00, Avg: 0.03, Max: 0.04, Diff: 0.04, Sum: 0.13, Workers: 4
[3247.183s][debug][gc,phases      ] GC(81)     Dead                           Min: 0, Avg:  5.0, Max: 20, Diff: 20, Sum: 20, Workers: 4
[3247.183s][debug][gc,phases      ] GC(81)     Total                          Min: 0, Avg: 4209.0, Max: 7101, Diff: 7101, Sum: 16836, Workers: 4
[3247.183s][debug][gc,phases      ] GC(81)   JNI Weak                       Min: 0.00, Avg: 0.00, Max: 0.00, Diff: 0.00, Sum: 0.00, Workers: 4
[3247.183s][debug][gc,phases      ] GC(81)     Dead                           Min: 0, Avg:  0.0, Max: 0, Diff: 0, Sum: 0, Workers: 4
[3247.183s][debug][gc,phases      ] GC(81)     Total                          Min: 0, Avg: 13.0, Max: 48, Diff: 48, Sum: 52, Workers: 4
[3247.183s][debug][gc,phases      ] GC(81)   StringDedup Table Weak         Min: 0.00, Avg: 0.00, Max: 0.00, Diff: 0.00, Sum: 0.00, Workers: 4
[3247.183s][debug][gc,phases      ] GC(81)     Dead                           Min: 0, Avg:  0.0, Max: 0, Diff: 0, Sum: 0, Workers: 4
[3247.183s][debug][gc,phases      ] GC(81)     Total                          Min: 0, Avg:  0.0, Max: 0, Diff: 0, Sum: 0, Workers: 4
[3247.183s][debug][gc,phases      ] GC(81)   StringDedup Requests0 Weak     Min: 0.00, Avg: 0.00, Max: 0.00, Diff: 0.00, Sum: 0.00, Workers: 4
[3247.183s][debug][gc,phases      ] GC(81)     Dead                           Min: 0, Avg:  0.0, Max: 0, Diff: 0, Sum: 0, Workers: 4
[3247.183s][debug][gc,phases      ] GC(81)     Total                          Min: 0, Avg:  0.0, Max: 0, Diff: 0, Sum: 0, Workers: 4
[3247.183s][debug][gc,phases      ] GC(81)   StringDedup Requests1 Weak     Min: 0.00, Avg: 0.00, Max: 0.00, Diff: 0.00, Sum: 0.00, Workers: 4
[3247.183s][debug][gc,phases      ] GC(81)     Dead                           Min: 0, Avg:  0.0, Max: 0, Diff: 0, Sum: 0, Workers: 4
[3247.183s][debug][gc,phases      ] GC(81)     Total                          Min: 0, Avg:  0.0, Max: 0, Diff: 0, Sum: 0, Workers: 4
[3247.183s][debug][gc,phases      ] GC(81)   Weak JFR Old Object Samples    Min: 0.00, Avg: 0.00, Max: 0.00, Diff: 0.00, Sum: 0.00, Workers: 4
[3247.183s][debug][gc,phases      ] GC(81)     Dead                           Min: 0, Avg:  0.0, Max: 0, Diff: 0, Sum: 0, Workers: 4
[3247.183s][debug][gc,phases      ] GC(81)     Total                          Min: 0, Avg:  0.0, Max: 0, Diff: 0, Sum: 0, Workers: 4
[3247.183s][debug][gc,phases      ] GC(81) Weak Processing 0.402ms
[3247.183s][debug][gc,age         ] GC(81) Desired survivor size 19398656 bytes, new threshold 1 (max threshold 15)
[3247.183s][info ][gc,heap        ] GC(81) PSYoungGen: 2060064K(2077184K)->4656K(2075648K) Eden: 2055680K(2055680K)->0K(2055680K) From: 4384K(21504K)->4656K(19968K)
[3247.183s][info ][gc,heap        ] GC(81) ParOldGen: 595836K(595968K)->596657K(596992K)
[3247.183s][info ][gc,metaspace   ] GC(81) Metaspace: 109583K(110784K)->109583K(110784K) NonClass: 93496K(94208K)->93496K(94208K) Class: 16086K(16576K)->16086K(16576K)
[3247.183s][info ][gc             ] GC(81) Pause Young (Allocation Failure) 2593M->587M(2610M) 4.360ms
[3247.183s][info ][gc,cpu         ] GC(81) User=0.01s Sys=0.00s Real=0.01s
[3247.183s][info ][safepoint      ] Safepoint "ParallelCollectForAllocation", Time since last: 54046548052 ns, Reaching safepoint: 6700 ns, At safepoint: 4418777 ns, Leaving safepoint: 2700 ns, Total: 4428177 ns, Threads: 0 runnable, 26 total
[3302.773s][info ][gc,start       ] GC(82) Pause Young (Allocation Failure)
[3302.776s][debug][gc,phases      ] GC(82) Scavenge 2.867ms
[3302.776s][debug][gc,ref         ] GC(82) Skipped SoftWeakFinalRefsPhase of Reference Processing: no references
[3302.776s][debug][gc,ref         ] GC(82) Skipped KeepAliveFinalRefsPhase of Reference Processing: no references
[3302.776s][debug][gc,ref         ] GC(82) Skipped PhantomRefsPhase of Reference Processing: no references
[3302.776s][debug][gc,phases      ] GC(82) Reference Processing 0.029ms
[3302.776s][debug][gc,phases      ] GC(82)   VM Weak                        Min: 0.00, Avg: 0.00, Max: 0.00, Diff: 0.00, Sum: 0.01, Workers: 4
[3302.776s][debug][gc,phases      ] GC(82)     Dead                           Min: 0, Avg:  0.0, Max: 0, Diff: 0, Sum: 0, Workers: 4
[3302.776s][debug][gc,phases      ] GC(82)     Total                          Min: 0, Avg: 232.2, Max: 545, Diff: 545, Sum: 929, Workers: 4
[3302.776s][debug][gc,phases      ] GC(82)   ObjectSynchronizer Weak        Min: 0.00, Avg: 0.00, Max: 0.00, Diff: 0.00, Sum: 0.00, Workers: 4
[3302.776s][debug][gc,phases      ] GC(82)     Dead                           Min: 0, Avg:  0.0, Max: 0, Diff: 0, Sum: 0, Workers: 4
[3302.776s][debug][gc,phases      ] GC(82)     Total                          Min: 0, Avg:  1.2, Max: 5, Diff: 5, Sum: 5, Workers: 4
[3302.776s][debug][gc,phases      ] GC(82)   JVMTI Tag Weak OopStorage      Min: 0.00, Avg: 0.00, Max: 0.00, Diff: 0.00, Sum: 0.00, Workers: 4
[3302.776s][debug][gc,phases      ] GC(82)     Dead                           Min: 0, Avg:  0.0, Max: 0, Diff: 0, Sum: 0, Workers: 4
[3302.776s][debug][gc,phases      ] GC(82)     Total                          Min: 0, Avg:  0.0, Max: 0, Diff: 0, Sum: 0, Workers: 4
[3302.776s][debug][gc,phases      ] GC(82)   StringTable Weak               Min: 0.11, Avg: 0.12, Max: 0.12, Diff: 0.00, Sum: 0.46, Workers: 4
[3302.776s][debug][gc,phases      ] GC(82)     Dead                           Min: 0, Avg:  0.0, Max: 0, Diff: 0, Sum: 0, Workers: 4
[3302.776s][debug][gc,phases      ] GC(82)     Total                          Min: 12345, Avg: 12542.0, Max: 12671, Diff: 326, Sum: 50168, Workers: 4
[3302.776s][debug][gc,phases      ] GC(82)   ResolvedMethodTable Weak       Min: 0.04, Avg: 0.04, Max: 0.04, Diff: 0.00, Sum: 0.17, Workers: 4
[3302.776s][debug][gc,phases      ] GC(82)     Dead                           Min: 0, Avg:  5.0, Max: 20, Diff: 20, Sum: 20, Workers: 4
[3302.776s][debug][gc,phases      ] GC(82)     Total                          Min: 3325, Avg: 4209.0, Max: 4655, Diff: 1330, Sum: 16836, Workers: 4
[3302.776s][debug][gc,phases      ] GC(82)   JNI Weak                       Min: 0.00, Avg: 0.00, Max: 0.00, Diff: 0.00, Sum: 0.00, Workers: 4
[3302.776s][debug][gc,phases      ] GC(82)     Dead                           Min: 0, Avg:  0.0, Max: 0, Diff: 0, Sum: 0, Workers: 4
[3302.776s][debug][gc,phases      ] GC(82)     Total                          Min: 0, Avg: 13.0, Max: 48, Diff: 48, Sum: 52, Workers: 4
[3302.776s][debug][gc,phases      ] GC(82)   StringDedup Table Weak         Min: 0.00, Avg: 0.00, Max: 0.00, Diff: 0.00, Sum: 0.00, Workers: 4
[3302.776s][debug][gc,phases      ] GC(82)     Dead                           Min: 0, Avg:  0.0, Max: 0, Diff: 0, Sum: 0, Workers: 4
[3302.776s][debug][gc,phases      ] GC(82)     Total                          Min: 0, Avg:  0.0, Max: 0, Diff: 0, Sum: 0, Workers: 4
[3302.776s][debug][gc,phases      ] GC(82)   StringDedup Requests0 Weak     Min: 0.00, Avg: 0.00, Max: 0.00, Diff: 0.00, Sum: 0.00, Workers: 4
[3302.776s][debug][gc,phases      ] GC(82)     Dead                           Min: 0, Avg:  0.0, Max: 0, Diff: 0, Sum: 0, Workers: 4
[3302.776s][debug][gc,phases      ] GC(82)     Total                          Min: 0, Avg:  0.0, Max: 0, Diff: 0, Sum: 0, Workers: 4
[3302.776s][debug][gc,phases      ] GC(82)   StringDedup Requests1 Weak     Min: 0.00, Avg: 0.00, Max: 0.00, Diff: 0.00, Sum: 0.00, Workers: 4
[3302.776s][debug][gc,phases      ] GC(82)     Dead                           Min: 0, Avg:  0.0, Max: 0, Diff: 0, Sum: 0, Workers: 4
[3302.776s][debug][gc,phases      ] GC(82)     Total                          Min: 0, Avg:  0.0, Max: 0, Diff: 0, Sum: 0, Workers: 4
[3302.776s][debug][gc,phases      ] GC(82)   Weak JFR Old Object Samples    Min: 0.00, Avg: 0.00, Max: 0.00, Diff: 0.00, Sum: 0.00, Workers: 4
[3302.776s][debug][gc,phases      ] GC(82)     Dead                           Min: 0, Avg:  0.0, Max: 0, Diff: 0, Sum: 0, Workers: 4
[3302.776s][debug][gc,phases      ] GC(82)     Total                          Min: 0, Avg:  0.0, Max: 0, Diff: 0, Sum: 0, Workers: 4
[3302.776s][debug][gc,phases      ] GC(82) Weak Processing 0.326ms
[3302.776s][debug][gc,age         ] GC(82) Desired survivor size 18350080 bytes, new threshold 1 (max threshold 15)
[3302.776s][info ][gc,heap        ] GC(82) PSYoungGen: 2060336K(2075648K)->3440K(2079232K) Eden: 2055680K(2055680K)->0K(2060288K) From: 4656K(19968K)->3440K(18944K)
[3302.776s][info ][gc,heap        ] GC(82) ParOldGen: 596657K(596992K)->597301K(597504K)
[3302.776s][info ][gc,metaspace   ] GC(82) Metaspace: 109583K(110784K)->109583K(110784K) NonClass: 93496K(94208K)->93496K(94208K) Class: 16086K(16576K)->16086K(16576K)
[3302.776s][info ][gc             ] GC(82) Pause Young (Allocation Failure) 2594M->586M(2614M) 3.315ms
[3302.776s][info ][gc,cpu         ] GC(82) User=0.01s Sys=0.00s Real=0.00s
[3302.776s][info ][safepoint      ] Safepoint "ParallelCollectForAllocation", Time since last: 55589186072 ns, Reaching safepoint: 20600 ns, At safepoint: 3369083 ns, Leaving safepoint: 1900 ns, Total: 3391583 ns, Threads: 0 runnable, 26 total
[3358.926s][info ][gc,start       ] GC(83) Pause Young (Allocation Failure)
[3358.929s][debug][gc,phases      ] GC(83) Scavenge 2.936ms
[3358.929s][debug][gc,ref         ] GC(83) Skipped SoftWeakFinalRefsPhase of Reference Processing: no references
[3358.929s][debug][gc,ref         ] GC(83) Skipped KeepAliveFinalRefsPhase of Reference Processing: no references
[3358.929s][debug][gc,ref         ] GC(83) Skipped PhantomRefsPhase of Reference Processing: no references
[3358.929s][debug][gc,phases      ] GC(83) Reference Processing 0.022ms
[3358.929s][debug][gc,phases      ] GC(83)   VM Weak                        Min: 0.00, Avg: 0.00, Max: 0.01, Diff: 0.01, Sum: 0.01, Workers: 4
[3358.929s][debug][gc,phases      ] GC(83)     Dead                           Min: 0, Avg:  0.0, Max: 0, Diff: 0, Sum: 0, Workers: 4
[3358.929s][debug][gc,phases      ] GC(83)     Total                          Min: 0, Avg: 232.2, Max: 929, Diff: 929, Sum: 929, Workers: 4
[3358.929s][debug][gc,phases      ] GC(83)   ObjectSynchronizer Weak        Min: 0.00, Avg: 0.00, Max: 0.00, Diff: 0.00, Sum: 0.00, Workers: 4
[3358.929s][debug][gc,phases      ] GC(83)     Dead                           Min: 0, Avg:  0.0, Max: 0, Diff: 0, Sum: 0, Workers: 4
[3358.929s][debug][gc,phases      ] GC(83)     Total                          Min: 0, Avg:  1.5, Max: 6, Diff: 6, Sum: 6, Workers: 4
[3358.929s][debug][gc,phases      ] GC(83)   JVMTI Tag Weak OopStorage      Min: 0.00, Avg: 0.00, Max: 0.00, Diff: 0.00, Sum: 0.00, Workers: 4
[3358.929s][debug][gc,phases      ] GC(83)     Dead                           Min: 0, Avg:  0.0, Max: 0, Diff: 0, Sum: 0, Workers: 4
[3358.929s][debug][gc,phases      ] GC(83)     Total                          Min: 0, Avg:  0.0, Max: 0, Diff: 0, Sum: 0, Workers: 4
[3358.929s][debug][gc,phases      ] GC(83)   StringTable Weak               Min: 0.00, Avg: 0.10, Max: 0.13, Diff: 0.13, Sum: 0.39, Workers: 4
[3358.929s][debug][gc,phases      ] GC(83)     Dead                           Min: 0, Avg:  0.0, Max: 0, Diff: 0, Sum: 0, Workers: 4
[3358.929s][debug][gc,phases      ] GC(83)     Total                          Min: 0, Avg: 12542.0, Max: 21759, Diff: 21759, Sum: 50168, Workers: 4
[3358.929s][debug][gc,phases      ] GC(83)   ResolvedMethodTable Weak       Min: 0.00, Avg: 0.03, Max: 0.04, Diff: 0.04, Sum: 0.13, Workers: 4
[3358.929s][debug][gc,phases      ] GC(83)     Dead                           Min: 0, Avg:  5.0, Max: 20, Diff: 20, Sum: 20, Workers: 4
[3358.929s][debug][gc,phases      ] GC(83)     Total                          Min: 0, Avg: 4209.0, Max: 7215, Diff: 7215, Sum: 16836, Workers: 4
[3358.929s][debug][gc,phases      ] GC(83)   JNI Weak                       Min: 0.00, Avg: 0.00, Max: 0.00, Diff: 0.00, Sum: 0.00, Workers: 4
[3358.929s][debug][gc,phases      ] GC(83)     Dead                           Min: 0, Avg:  0.0, Max: 0, Diff: 0, Sum: 0, Workers: 4
[3358.929s][debug][gc,phases      ] GC(83)     Total                          Min: 0, Avg: 13.0, Max: 52, Diff: 52, Sum: 52, Workers: 4
[3358.929s][debug][gc,phases      ] GC(83)   StringDedup Table Weak         Min: 0.00, Avg: 0.00, Max: 0.00, Diff: 0.00, Sum: 0.00, Workers: 4
[3358.929s][debug][gc,phases      ] GC(83)     Dead                           Min: 0, Avg:  0.0, Max: 0, Diff: 0, Sum: 0, Workers: 4
[3358.929s][debug][gc,phases      ] GC(83)     Total                          Min: 0, Avg:  0.0, Max: 0, Diff: 0, Sum: 0, Workers: 4
[3358.929s][debug][gc,phases      ] GC(83)   StringDedup Requests0 Weak     Min: 0.00, Avg: 0.00, Max: 0.00, Diff: 0.00, Sum: 0.00, Workers: 4
[3358.929s][debug][gc,phases      ] GC(83)     Dead                           Min: 0, Avg:  0.0, Max: 0, Diff: 0, Sum: 0, Workers: 4
[3358.929s][debug][gc,phases      ] GC(83)     Total                          Min: 0, Avg:  0.0, Max: 0, Diff: 0, Sum: 0, Workers: 4
[3358.929s][debug][gc,phases      ] GC(83)   StringDedup Requests1 Weak     Min: 0.00, Avg: 0.00, Max: 0.00, Diff: 0.00, Sum: 0.00, Workers: 4
[3358.929s][debug][gc,phases      ] GC(83)     Dead                           Min: 0, Avg:  0.0, Max: 0, Diff: 0, Sum: 0, Workers: 4
[3358.929s][debug][gc,phases      ] GC(83)     Total                          Min: 0, Avg:  0.0, Max: 0, Diff: 0, Sum: 0, Workers: 4
[3358.929s][debug][gc,phases      ] GC(83)   Weak JFR Old Object Samples    Min: 0.00, Avg: 0.00, Max: 0.00, Diff: 0.00, Sum: 0.00, Workers: 4
[3358.929s][debug][gc,phases      ] GC(83)     Dead                           Min: 0, Avg:  0.0, Max: 0, Diff: 0, Sum: 0, Workers: 4
[3358.929s][debug][gc,phases      ] GC(83)     Total                          Min: 0, Avg:  0.0, Max: 0, Diff: 0, Sum: 0, Workers: 4
[3358.929s][debug][gc,phases      ] GC(83) Weak Processing 0.392ms
[3358.929s][debug][gc,age         ] GC(83) Desired survivor size 17301504 bytes, new threshold 1 (max threshold 15)
[3358.929s][info ][gc,heap        ] GC(83) PSYoungGen: 2063728K(2079232K)->3632K(2078208K) Eden: 2060288K(2060288K)->0K(2060288K) From: 3440K(18944K)->3632K(17920K)
[3358.929s][info ][gc,heap        ] GC(83) ParOldGen: 597301K(597504K)->598161K(598528K)
[3358.929s][info ][gc,metaspace   ] GC(83) Metaspace: 109603K(110784K)->109603K(110784K) NonClass: 93516K(94208K)->93516K(94208K) Class: 16086K(16576K)->16086K(16576K)
[3358.929s][info ][gc             ] GC(83) Pause Young (Allocation Failure) 2598M->587M(2614M) 3.456ms
[3358.929s][info ][gc,cpu         ] GC(83) User=0.02s Sys=0.00s Real=0.00s
[3358.929s][info ][safepoint      ] Safepoint "ParallelCollectForAllocation", Time since last: 56149835560 ns, Reaching safepoint: 27200 ns, At safepoint: 3520283 ns, Leaving safepoint: 2900 ns, Total: 3550383 ns, Threads: 0 runnable, 33 total
[3412.923s][info ][gc,start       ] GC(84) Pause Young (Allocation Failure)
[3412.927s][debug][gc,phases      ] GC(84) Scavenge 3.914ms
[3412.927s][debug][gc,ref         ] GC(84) Skipped SoftWeakFinalRefsPhase of Reference Processing: no references
[3412.927s][debug][gc,ref         ] GC(84) Skipped KeepAliveFinalRefsPhase of Reference Processing: no references
[3412.927s][debug][gc,ref         ] GC(84) Skipped PhantomRefsPhase of Reference Processing: no references
[3412.927s][debug][gc,phases      ] GC(84) Reference Processing 0.022ms
[3412.927s][debug][gc,phases      ] GC(84)   VM Weak                        Min: 0.00, Avg: 0.00, Max: 0.00, Diff: 0.00, Sum: 0.01, Workers: 4
[3412.927s][debug][gc,phases      ] GC(84)     Dead                           Min: 0, Avg:  0.0, Max: 0, Diff: 0, Sum: 0, Workers: 4
[3412.927s][debug][gc,phases      ] GC(84)     Total                          Min: 0, Avg: 232.2, Max: 448, Diff: 448, Sum: 929, Workers: 4
[3412.927s][debug][gc,phases      ] GC(84)   ObjectSynchronizer Weak        Min: 0.00, Avg: 0.00, Max: 0.00, Diff: 0.00, Sum: 0.00, Workers: 4
[3412.927s][debug][gc,phases      ] GC(84)     Dead                           Min: 0, Avg:  0.0, Max: 0, Diff: 0, Sum: 0, Workers: 4
[3412.927s][debug][gc,phases      ] GC(84)     Total                          Min: 0, Avg:  1.5, Max: 6, Diff: 6, Sum: 6, Workers: 4
[3412.927s][debug][gc,phases      ] GC(84)   JVMTI Tag Weak OopStorage      Min: 0.00, Avg: 0.00, Max: 0.00, Diff: 0.00, Sum: 0.00, Workers: 4
[3412.927s][debug][gc,phases      ] GC(84)     Dead                           Min: 0, Avg:  0.0, Max: 0, Diff: 0, Sum: 0, Workers: 4
[3412.927s][debug][gc,phases      ] GC(84)     Total                          Min: 0, Avg:  0.0, Max: 0, Diff: 0, Sum: 0, Workers: 4
[3412.927s][debug][gc,phases      ] GC(84)   StringTable Weak               Min: 0.13, Avg: 0.13, Max: 0.13, Diff: 0.00, Sum: 0.53, Workers: 4
[3412.927s][debug][gc,phases      ] GC(84)     Dead                           Min: 0, Avg:  0.0, Max: 0, Diff: 0, Sum: 0, Workers: 4
[3412.927s][debug][gc,phases      ] GC(84)     Total                          Min: 12224, Avg: 12542.2, Max: 12928, Diff: 704, Sum: 50169, Workers: 4
[3412.927s][debug][gc,phases      ] GC(84)   ResolvedMethodTable Weak       Min: 0.04, Avg: 0.04, Max: 0.04, Diff: 0.00, Sum: 0.16, Workers: 4
[3412.927s][debug][gc,phases      ] GC(84)     Dead                           Min: 0, Avg:  5.0, Max: 20, Diff: 20, Sum: 20, Workers: 4
[3412.927s][debug][gc,phases      ] GC(84)     Total                          Min: 4157, Avg: 4209.0, Max: 4288, Diff: 131, Sum: 16836, Workers: 4
[3412.927s][debug][gc,phases      ] GC(84)   JNI Weak                       Min: 0.00, Avg: 0.00, Max: 0.00, Diff: 0.00, Sum: 0.00, Workers: 4
[3412.927s][debug][gc,phases      ] GC(84)     Dead                           Min: 0, Avg:  0.0, Max: 0, Diff: 0, Sum: 0, Workers: 4
[3412.927s][debug][gc,phases      ] GC(84)     Total                          Min: 0, Avg: 13.0, Max: 48, Diff: 48, Sum: 52, Workers: 4
[3412.927s][debug][gc,phases      ] GC(84)   StringDedup Table Weak         Min: 0.00, Avg: 0.00, Max: 0.00, Diff: 0.00, Sum: 0.00, Workers: 4
[3412.927s][debug][gc,phases      ] GC(84)     Dead                           Min: 0, Avg:  0.0, Max: 0, Diff: 0, Sum: 0, Workers: 4
[3412.927s][debug][gc,phases      ] GC(84)     Total                          Min: 0, Avg:  0.0, Max: 0, Diff: 0, Sum: 0, Workers: 4
[3412.927s][debug][gc,phases      ] GC(84)   StringDedup Requests0 Weak     Min: 0.00, Avg: 0.00, Max: 0.00, Diff: 0.00, Sum: 0.00, Workers: 4
[3412.927s][debug][gc,phases      ] GC(84)     Dead                           Min: 0, Avg:  0.0, Max: 0, Diff: 0, Sum: 0, Workers: 4
[3412.927s][debug][gc,phases      ] GC(84)     Total                          Min: 0, Avg:  0.0, Max: 0, Diff: 0, Sum: 0, Workers: 4
[3412.927s][debug][gc,phases      ] GC(84)   StringDedup Requests1 Weak     Min: 0.00, Avg: 0.00, Max: 0.00, Diff: 0.00, Sum: 0.00, Workers: 4
[3412.927s][debug][gc,phases      ] GC(84)     Dead                           Min: 0, Avg:  0.0, Max: 0, Diff: 0, Sum: 0, Workers: 4
[3412.927s][debug][gc,phases      ] GC(84)     Total                          Min: 0, Avg:  0.0, Max: 0, Diff: 0, Sum: 0, Workers: 4
[3412.927s][debug][gc,phases      ] GC(84)   Weak JFR Old Object Samples    Min: 0.00, Avg: 0.00, Max: 0.00, Diff: 0.00, Sum: 0.00, Workers: 4
[3412.927s][debug][gc,phases      ] GC(84)     Dead                           Min: 0, Avg:  0.0, Max: 0, Diff: 0, Sum: 0, Workers: 4
[3412.927s][debug][gc,phases      ] GC(84)     Total                          Min: 0, Avg:  0.0, Max: 0, Diff: 0, Sum: 0, Workers: 4
[3412.927s][debug][gc,phases      ] GC(84) Weak Processing 0.393ms
[3412.927s][debug][gc,age         ] GC(84) Desired survivor size 16252928 bytes, new threshold 1 (max threshold 15)
[3412.927s][info ][gc,heap        ] GC(84) PSYoungGen: 2063920K(2078208K)->3984K(2081280K) Eden: 2060288K(2060288K)->0K(2064384K) From: 3632K(17920K)->3984K(16896K)
[3412.927s][info ][gc,heap        ] GC(84) ParOldGen: 598161K(598528K)->599269K(599552K)
[3412.927s][info ][gc,metaspace   ] GC(84) Metaspace: 109615K(110848K)->109615K(110848K) NonClass: 93528K(94272K)->93528K(94272K) Class: 16086K(16576K)->16086K(16576K)
[3412.927s][info ][gc             ] GC(84) Pause Young (Allocation Failure) 2599M->589M(2618M) 4.434ms
[3412.927s][info ][gc,cpu         ] GC(84) User=0.01s Sys=0.00s Real=0.00s
[3412.928s][info ][safepoint      ] Safepoint "ParallelCollectForAllocation", Time since last: 53993568362 ns, Reaching safepoint: 100899 ns, At safepoint: 4500279 ns, Leaving safepoint: 7500 ns, Total: 4608678 ns, Threads: 1 runnable, 28 total
[3469.174s][info ][gc,start       ] GC(85) Pause Young (Allocation Failure)
[3469.178s][debug][gc,phases      ] GC(85) Scavenge 4.081ms
[3469.178s][debug][gc,ref         ] GC(85) Skipped SoftWeakFinalRefsPhase of Reference Processing: no references
[3469.178s][debug][gc,ref         ] GC(85) Skipped KeepAliveFinalRefsPhase of Reference Processing: no references
[3469.178s][debug][gc,ref         ] GC(85) Skipped PhantomRefsPhase of Reference Processing: no references
[3469.178s][debug][gc,phases      ] GC(85) Reference Processing 0.021ms
[3469.178s][debug][gc,phases      ] GC(85)   VM Weak                        Min: 0.00, Avg: 0.00, Max: 0.01, Diff: 0.01, Sum: 0.01, Workers: 4
[3469.178s][debug][gc,phases      ] GC(85)     Dead                           Min: 0, Avg:  0.0, Max: 0, Diff: 0, Sum: 0, Workers: 4
[3469.178s][debug][gc,phases      ] GC(85)     Total                          Min: 0, Avg: 232.2, Max: 896, Diff: 896, Sum: 929, Workers: 4
[3469.178s][debug][gc,phases      ] GC(85)   ObjectSynchronizer Weak        Min: 0.00, Avg: 0.00, Max: 0.00, Diff: 0.00, Sum: 0.00, Workers: 4
[3469.178s][debug][gc,phases      ] GC(85)     Dead                           Min: 0, Avg:  0.0, Max: 0, Diff: 0, Sum: 0, Workers: 4
[3469.178s][debug][gc,phases      ] GC(85)     Total                          Min: 0, Avg:  1.5, Max: 6, Diff: 6, Sum: 6, Workers: 4
[3469.178s][debug][gc,phases      ] GC(85)   JVMTI Tag Weak OopStorage      Min: 0.00, Avg: 0.00, Max: 0.00, Diff: 0.00, Sum: 0.00, Workers: 4
[3469.178s][debug][gc,phases      ] GC(85)     Dead                           Min: 0, Avg:  0.0, Max: 0, Diff: 0, Sum: 0, Workers: 4
[3469.178s][debug][gc,phases      ] GC(85)     Total                          Min: 0, Avg:  0.0, Max: 0, Diff: 0, Sum: 0, Workers: 4
[3469.178s][debug][gc,phases      ] GC(85)   StringTable Weak               Min: 0.00, Avg: 0.10, Max: 0.13, Diff: 0.13, Sum: 0.38, Workers: 4
[3469.178s][debug][gc,phases      ] GC(85)     Dead                           Min: 0, Avg:  0.0, Max: 0, Diff: 0, Sum: 0, Workers: 4
[3469.178s][debug][gc,phases      ] GC(85)     Total                          Min: 0, Avg: 12542.2, Max: 21312, Diff: 21312, Sum: 50169, Workers: 4
[3469.178s][debug][gc,phases      ] GC(85)   ResolvedMethodTable Weak       Min: 0.00, Avg: 0.03, Max: 0.04, Diff: 0.04, Sum: 0.13, Workers: 4
[3469.178s][debug][gc,phases      ] GC(85)     Dead                           Min: 0, Avg:  5.0, Max: 20, Diff: 20, Sum: 20, Workers: 4
[3469.178s][debug][gc,phases      ] GC(85)     Total                          Min: 0, Avg: 4209.0, Max: 7189, Diff: 7189, Sum: 16836, Workers: 4
[3469.178s][debug][gc,phases      ] GC(85)   JNI Weak                       Min: 0.00, Avg: 0.00, Max: 0.00, Diff: 0.00, Sum: 0.00, Workers: 4
[3469.178s][debug][gc,phases      ] GC(85)     Dead                           Min: 0, Avg:  0.0, Max: 0, Diff: 0, Sum: 0, Workers: 4
[3469.178s][debug][gc,phases      ] GC(85)     Total                          Min: 0, Avg: 13.0, Max: 48, Diff: 48, Sum: 52, Workers: 4
[3469.178s][debug][gc,phases      ] GC(85)   StringDedup Table Weak         Min: 0.00, Avg: 0.00, Max: 0.00, Diff: 0.00, Sum: 0.00, Workers: 4
[3469.178s][debug][gc,phases      ] GC(85)     Dead                           Min: 0, Avg:  0.0, Max: 0, Diff: 0, Sum: 0, Workers: 4
[3469.178s][debug][gc,phases      ] GC(85)     Total                          Min: 0, Avg:  0.0, Max: 0, Diff: 0, Sum: 0, Workers: 4
[3469.178s][debug][gc,phases      ] GC(85)   StringDedup Requests0 Weak     Min: 0.00, Avg: 0.00, Max: 0.00, Diff: 0.00, Sum: 0.00, Workers: 4
[3469.178s][debug][gc,phases      ] GC(85)     Dead                           Min: 0, Avg:  0.0, Max: 0, Diff: 0, Sum: 0, Workers: 4
[3469.178s][debug][gc,phases      ] GC(85)     Total                          Min: 0, Avg:  0.0, Max: 0, Diff: 0, Sum: 0, Workers: 4
[3469.178s][debug][gc,phases      ] GC(85)   StringDedup Requests1 Weak     Min: 0.00, Avg: 0.00, Max: 0.00, Diff: 0.00, Sum: 0.00, Workers: 4
[3469.178s][debug][gc,phases      ] GC(85)     Dead                           Min: 0, Avg:  0.0, Max: 0, Diff: 0, Sum: 0, Workers: 4
[3469.178s][debug][gc,phases      ] GC(85)     Total                          Min: 0, Avg:  0.0, Max: 0, Diff: 0, Sum: 0, Workers: 4
[3469.178s][debug][gc,phases      ] GC(85)   Weak JFR Old Object Samples    Min: 0.00, Avg: 0.00, Max: 0.00, Diff: 0.00, Sum: 0.00, Workers: 4
[3469.178s][debug][gc,phases      ] GC(85)     Dead                           Min: 0, Avg:  0.0, Max: 0, Diff: 0, Sum: 0, Workers: 4
[3469.178s][debug][gc,phases      ] GC(85)     Total                          Min: 0, Avg:  0.0, Max: 0, Diff: 0, Sum: 0, Workers: 4
[3469.178s][debug][gc,phases      ] GC(85) Weak Processing 0.393ms
[3469.178s][debug][gc,age         ] GC(85) Desired survivor size 15204352 bytes, new threshold 1 (max threshold 15)
[3469.178s][info ][gc,heap        ] GC(85) PSYoungGen: 2068368K(2081280K)->4160K(2080256K) Eden: 2064384K(2064384K)->0K(2064384K) From: 3984K(16896K)->4160K(15872K)
[3469.178s][info ][gc,heap        ] GC(85) ParOldGen: 599269K(599552K)->600714K(601088K)
[3469.178s][info ][gc,metaspace   ] GC(85) Metaspace: 109621K(110848K)->109621K(110848K) NonClass: 93534K(94272K)->93534K(94272K) Class: 16086K(16576K)->16086K(16576K)
[3469.178s][info ][gc             ] GC(85) Pause Young (Allocation Failure) 2605M->590M(2618M) 4.602ms
[3469.178s][info ][gc,cpu         ] GC(85) User=0.01s Sys=0.00s Real=0.00s
[3469.178s][info ][safepoint      ] Safepoint "ParallelCollectForAllocation", Time since last: 56245998495 ns, Reaching safepoint: 102600 ns, At safepoint: 4663375 ns, Leaving safepoint: 6800 ns, Total: 4772775 ns, Threads: 1 runnable, 28 total
[3522.921s][info ][gc,start       ] GC(86) Pause Young (Allocation Failure)
[3522.925s][debug][gc,phases      ] GC(86) Scavenge 4.067ms
[3522.925s][debug][gc,ref         ] GC(86) Skipped SoftWeakFinalRefsPhase of Reference Processing: no references
[3522.925s][debug][gc,ref         ] GC(86) Skipped KeepAliveFinalRefsPhase of Reference Processing: no references
[3522.925s][debug][gc,ref         ] GC(86) Skipped PhantomRefsPhase of Reference Processing: no references
[3522.925s][debug][gc,phases      ] GC(86) Reference Processing 0.022ms
[3522.926s][debug][gc,phases      ] GC(86)   VM Weak                        Min: 0.00, Avg: 0.00, Max: 0.01, Diff: 0.01, Sum: 0.01, Workers: 4
[3522.926s][debug][gc,phases      ] GC(86)     Dead                           Min: 0, Avg:  0.0, Max: 0, Diff: 0, Sum: 0, Workers: 4
[3522.926s][debug][gc,phases      ] GC(86)     Total                          Min: 0, Avg: 232.2, Max: 929, Diff: 929, Sum: 929, Workers: 4
[3522.926s][debug][gc,phases      ] GC(86)   ObjectSynchronizer Weak        Min: 0.00, Avg: 0.00, Max: 0.00, Diff: 0.00, Sum: 0.00, Workers: 4
[3522.926s][debug][gc,phases      ] GC(86)     Dead                           Min: 0, Avg:  0.0, Max: 0, Diff: 0, Sum: 0, Workers: 4
[3522.926s][debug][gc,phases      ] GC(86)     Total                          Min: 0, Avg:  1.5, Max: 6, Diff: 6, Sum: 6, Workers: 4
[3522.926s][debug][gc,phases      ] GC(86)   JVMTI Tag Weak OopStorage      Min: 0.00, Avg: 0.00, Max: 0.00, Diff: 0.00, Sum: 0.00, Workers: 4
[3522.926s][debug][gc,phases      ] GC(86)     Dead                           Min: 0, Avg:  0.0, Max: 0, Diff: 0, Sum: 0, Workers: 4
[3522.926s][debug][gc,phases      ] GC(86)     Total                          Min: 0, Avg:  0.0, Max: 0, Diff: 0, Sum: 0, Workers: 4
[3522.926s][debug][gc,phases      ] GC(86)   StringTable Weak               Min: 0.00, Avg: 0.09, Max: 0.12, Diff: 0.12, Sum: 0.36, Workers: 4
[3522.926s][debug][gc,phases      ] GC(86)     Dead                           Min: 0, Avg:  0.0, Max: 0, Diff: 0, Sum: 0, Workers: 4
[3522.926s][debug][gc,phases      ] GC(86)     Total                          Min: 0, Avg: 12542.2, Max: 22015, Diff: 22015, Sum: 50169, Workers: 4
[3522.926s][debug][gc,phases      ] GC(86)   ResolvedMethodTable Weak       Min: 0.00, Avg: 0.03, Max: 0.04, Diff: 0.04, Sum: 0.13, Workers: 4
[3522.926s][debug][gc,phases      ] GC(86)     Dead                           Min: 0, Avg:  5.0, Max: 20, Diff: 20, Sum: 20, Workers: 4
[3522.926s][debug][gc,phases      ] GC(86)     Total                          Min: 0, Avg: 4209.0, Max: 7279, Diff: 7279, Sum: 16836, Workers: 4
[3522.926s][debug][gc,phases      ] GC(86)   JNI Weak                       Min: 0.00, Avg: 0.00, Max: 0.00, Diff: 0.00, Sum: 0.00, Workers: 4
[3522.926s][debug][gc,phases      ] GC(86)     Dead                           Min: 0, Avg:  0.0, Max: 0, Diff: 0, Sum: 0, Workers: 4
[3522.926s][debug][gc,phases      ] GC(86)     Total                          Min: 0, Avg: 13.0, Max: 48, Diff: 48, Sum: 52, Workers: 4
[3522.926s][debug][gc,phases      ] GC(86)   StringDedup Table Weak         Min: 0.00, Avg: 0.00, Max: 0.00, Diff: 0.00, Sum: 0.00, Workers: 4
[3522.926s][debug][gc,phases      ] GC(86)     Dead                           Min: 0, Avg:  0.0, Max: 0, Diff: 0, Sum: 0, Workers: 4
[3522.926s][debug][gc,phases      ] GC(86)     Total                          Min: 0, Avg:  0.0, Max: 0, Diff: 0, Sum: 0, Workers: 4
[3522.926s][debug][gc,phases      ] GC(86)   StringDedup Requests0 Weak     Min: 0.00, Avg: 0.00, Max: 0.00, Diff: 0.00, Sum: 0.00, Workers: 4
[3522.926s][debug][gc,phases      ] GC(86)     Dead                           Min: 0, Avg:  0.0, Max: 0, Diff: 0, Sum: 0, Workers: 4
[3522.926s][debug][gc,phases      ] GC(86)     Total                          Min: 0, Avg:  0.0, Max: 0, Diff: 0, Sum: 0, Workers: 4
[3522.926s][debug][gc,phases      ] GC(86)   StringDedup Requests1 Weak     Min: 0.00, Avg: 0.00, Max: 0.00, Diff: 0.00, Sum: 0.00, Workers: 4
[3522.926s][debug][gc,phases      ] GC(86)     Dead                           Min: 0, Avg:  0.0, Max: 0, Diff: 0, Sum: 0, Workers: 4
[3522.926s][debug][gc,phases      ] GC(86)     Total                          Min: 0, Avg:  0.0, Max: 0, Diff: 0, Sum: 0, Workers: 4
[3522.926s][debug][gc,phases      ] GC(86)   Weak JFR Old Object Samples    Min: 0.00, Avg: 0.00, Max: 0.00, Diff: 0.00, Sum: 0.00, Workers: 4
[3522.926s][debug][gc,phases      ] GC(86)     Dead                           Min: 0, Avg:  0.0, Max: 0, Diff: 0, Sum: 0, Workers: 4
[3522.926s][debug][gc,phases      ] GC(86)     Total                          Min: 0, Avg:  0.0, Max: 0, Diff: 0, Sum: 0, Workers: 4
[3522.926s][debug][gc,phases      ] GC(86) Weak Processing 0.355ms
[3522.926s][debug][gc,age         ] GC(86) Desired survivor size 14680064 bytes, new threshold 1 (max threshold 15)
[3522.926s][info ][gc,heap        ] GC(86) PSYoungGen: 2068544K(2080256K)->4400K(2082816K) Eden: 2064384K(2064384K)->0K(2067968K) From: 4160K(15872K)->4400K(14848K)
[3522.926s][info ][gc,heap        ] GC(86) ParOldGen: 600714K(601088K)->601546K(601600K)
[3522.926s][info ][gc,metaspace   ] GC(86) Metaspace: 109622K(110848K)->109622K(110848K) NonClass: 93535K(94272K)->93535K(94272K) Class: 16086K(16576K)->16086K(16576K)
[3522.926s][info ][gc             ] GC(86) Pause Young (Allocation Failure) 2606M->591M(2621M) 4.546ms
[3522.926s][info ][gc,cpu         ] GC(86) User=0.02s Sys=0.00s Real=0.01s
[3522.926s][info ][safepoint      ] Safepoint "ParallelCollectForAllocation", Time since last: 53742878292 ns, Reaching safepoint: 84499 ns, At safepoint: 4605481 ns, Leaving safepoint: 6400 ns, Total: 4696380 ns, Threads: 1 runnable, 27 total
[3576.183s][info ][gc,start       ] GC(87) Pause Young (Allocation Failure)
[3576.188s][debug][gc,phases      ] GC(87) Scavenge 4.448ms
[3576.188s][debug][gc,ref         ] GC(87) Skipped SoftWeakFinalRefsPhase of Reference Processing: no references
[3576.188s][debug][gc,ref         ] GC(87) Skipped KeepAliveFinalRefsPhase of Reference Processing: no references
[3576.188s][debug][gc,ref         ] GC(87) Skipped PhantomRefsPhase of Reference Processing: no references
[3576.188s][debug][gc,phases      ] GC(87) Reference Processing 0.024ms
[3576.188s][debug][gc,phases      ] GC(87)   VM Weak                        Min: 0.00, Avg: 0.00, Max: 0.01, Diff: 0.01, Sum: 0.01, Workers: 4
[3576.188s][debug][gc,phases      ] GC(87)     Dead                           Min: 0, Avg:  0.0, Max: 0, Diff: 0, Sum: 0, Workers: 4
[3576.188s][debug][gc,phases      ] GC(87)     Total                          Min: 0, Avg: 232.2, Max: 704, Diff: 704, Sum: 929, Workers: 4
[3576.188s][debug][gc,phases      ] GC(87)   ObjectSynchronizer Weak        Min: 0.00, Avg: 0.00, Max: 0.00, Diff: 0.00, Sum: 0.00, Workers: 4
[3576.188s][debug][gc,phases      ] GC(87)     Dead                           Min: 0, Avg:  0.0, Max: 0, Diff: 0, Sum: 0, Workers: 4
[3576.188s][debug][gc,phases      ] GC(87)     Total                          Min: 0, Avg:  1.5, Max: 6, Diff: 6, Sum: 6, Workers: 4
[3576.188s][debug][gc,phases      ] GC(87)   JVMTI Tag Weak OopStorage      Min: 0.00, Avg: 0.00, Max: 0.00, Diff: 0.00, Sum: 0.00, Workers: 4
[3576.188s][debug][gc,phases      ] GC(87)     Dead                           Min: 0, Avg:  0.0, Max: 0, Diff: 0, Sum: 0, Workers: 4
[3576.188s][debug][gc,phases      ] GC(87)     Total                          Min: 0, Avg:  0.0, Max: 0, Diff: 0, Sum: 0, Workers: 4
[3576.188s][debug][gc,phases      ] GC(87)   StringTable Weak               Min: 0.10, Avg: 0.11, Max: 0.11, Diff: 0.00, Sum: 0.42, Workers: 4
[3576.188s][debug][gc,phases      ] GC(87)     Dead                           Min: 0, Avg:  0.0, Max: 0, Diff: 0, Sum: 0, Workers: 4
[3576.188s][debug][gc,phases      ] GC(87)     Total                          Min: 12190, Avg: 12551.5, Max: 12928, Diff: 738, Sum: 50206, Workers: 4
[3576.188s][debug][gc,phases      ] GC(87)   ResolvedMethodTable Weak       Min: 0.03, Avg: 0.03, Max: 0.03, Diff: 0.00, Sum: 0.14, Workers: 4
[3576.188s][debug][gc,phases      ] GC(87)     Dead                           Min: 0, Avg:  5.0, Max: 20, Diff: 20, Sum: 20, Workers: 4
[3576.188s][debug][gc,phases      ] GC(87)     Total                          Min: 3992, Avg: 4209.0, Max: 4669, Diff: 677, Sum: 16836, Workers: 4
[3576.188s][debug][gc,phases      ] GC(87)   JNI Weak                       Min: 0.00, Avg: 0.00, Max: 0.00, Diff: 0.00, Sum: 0.00, Workers: 4
[3576.188s][debug][gc,phases      ] GC(87)     Dead                           Min: 0, Avg:  0.0, Max: 0, Diff: 0, Sum: 0, Workers: 4
[3576.188s][debug][gc,phases      ] GC(87)     Total                          Min: 0, Avg: 13.0, Max: 48, Diff: 48, Sum: 52, Workers: 4
[3576.188s][debug][gc,phases      ] GC(87)   StringDedup Table Weak         Min: 0.00, Avg: 0.00, Max: 0.00, Diff: 0.00, Sum: 0.00, Workers: 4
[3576.188s][debug][gc,phases      ] GC(87)     Dead                           Min: 0, Avg:  0.0, Max: 0, Diff: 0, Sum: 0, Workers: 4
[3576.188s][debug][gc,phases      ] GC(87)     Total                          Min: 0, Avg:  0.0, Max: 0, Diff: 0, Sum: 0, Workers: 4
[3576.188s][debug][gc,phases      ] GC(87)   StringDedup Requests0 Weak     Min: 0.00, Avg: 0.00, Max: 0.00, Diff: 0.00, Sum: 0.00, Workers: 4
[3576.188s][debug][gc,phases      ] GC(87)     Dead                           Min: 0, Avg:  0.0, Max: 0, Diff: 0, Sum: 0, Workers: 4
[3576.188s][debug][gc,phases      ] GC(87)     Total                          Min: 0, Avg:  0.0, Max: 0, Diff: 0, Sum: 0, Workers: 4
[3576.188s][debug][gc,phases      ] GC(87)   StringDedup Requests1 Weak     Min: 0.00, Avg: 0.00, Max: 0.00, Diff: 0.00, Sum: 0.00, Workers: 4
[3576.188s][debug][gc,phases      ] GC(87)     Dead                           Min: 0, Avg:  0.0, Max: 0, Diff: 0, Sum: 0, Workers: 4
[3576.188s][debug][gc,phases      ] GC(87)     Total                          Min: 0, Avg:  0.0, Max: 0, Diff: 0, Sum: 0, Workers: 4
[3576.188s][debug][gc,phases      ] GC(87)   Weak JFR Old Object Samples    Min: 0.00, Avg: 0.00, Max: 0.00, Diff: 0.00, Sum: 0.00, Workers: 4
[3576.188s][debug][gc,phases      ] GC(87)     Dead                           Min: 0, Avg:  0.0, Max: 0, Diff: 0, Sum: 0, Workers: 4
[3576.188s][debug][gc,phases      ] GC(87)     Total                          Min: 0, Avg:  0.0, Max: 0, Diff: 0, Sum: 0, Workers: 4
[3576.188s][debug][gc,phases      ] GC(87) Weak Processing 0.307ms
[3576.188s][debug][gc,age         ] GC(87) Desired survivor size 14680064 bytes, new threshold 1 (max threshold 15)
[3576.188s][info ][gc,heap        ] GC(87) PSYoungGen: 2072368K(2082816K)->7184K(2082304K) Eden: 2067968K(2067968K)->0K(2067968K) From: 4400K(14848K)->7184K(14336K)
[3576.188s][info ][gc,heap        ] GC(87) ParOldGen: 601546K(601600K)->602218K(602624K)
[3576.188s][info ][gc,metaspace   ] GC(87) Metaspace: 109626K(110848K)->109626K(110848K) NonClass: 93539K(94272K)->93539K(94272K) Class: 16087K(16576K)->16087K(16576K)
[3576.188s][info ][gc             ] GC(87) Pause Young (Allocation Failure) 2611M->595M(2622M) 4.905ms
[3576.188s][info ][gc,cpu         ] GC(87) User=0.01s Sys=0.00s Real=0.00s
[3576.188s][info ][safepoint      ] Safepoint "ParallelCollectForAllocation", Time since last: 53257204596 ns, Reaching safepoint: 79100 ns, At safepoint: 4960278 ns, Leaving safepoint: 15500 ns, Total: 5054878 ns, Threads: 1 runnable, 28 total
[3629.266s][info ][gc,start       ] GC(88) Pause Young (Allocation Failure)
[3629.274s][debug][gc,phases      ] GC(88) Scavenge 7.011ms
[3629.274s][debug][gc,ref         ] GC(88) ReferenceProcessor::execute queues: 1, RefProcThreadModel::Single, marks_oops_alive: false
[3629.274s][debug][gc,ref         ] GC(88) Skipped KeepAliveFinalRefsPhase of Reference Processing: no references
[3629.274s][debug][gc,ref         ] GC(88) Skipped PhantomRefsPhase of Reference Processing: no references
[3629.274s][debug][gc,phases      ] GC(88) Reference Processing 0.084ms
[3629.274s][debug][gc,phases      ] GC(88)   VM Weak                        Min: 0.00, Avg: 0.00, Max: 0.01, Diff: 0.01, Sum: 0.01, Workers: 4
[3629.274s][debug][gc,phases      ] GC(88)     Dead                           Min: 0, Avg:  0.0, Max: 0, Diff: 0, Sum: 0, Workers: 4
[3629.274s][debug][gc,phases      ] GC(88)     Total                          Min: 0, Avg: 232.8, Max: 512, Diff: 512, Sum: 931, Workers: 4
[3629.274s][debug][gc,phases      ] GC(88)   ObjectSynchronizer Weak        Min: 0.00, Avg: 0.00, Max: 0.00, Diff: 0.00, Sum: 0.00, Workers: 4
[3629.274s][debug][gc,phases      ] GC(88)     Dead                           Min: 0, Avg:  0.0, Max: 0, Diff: 0, Sum: 0, Workers: 4
[3629.274s][debug][gc,phases      ] GC(88)     Total                          Min: 0, Avg:  1.5, Max: 6, Diff: 6, Sum: 6, Workers: 4
[3629.274s][debug][gc,phases      ] GC(88)   JVMTI Tag Weak OopStorage      Min: 0.00, Avg: 0.00, Max: 0.00, Diff: 0.00, Sum: 0.00, Workers: 4
[3629.274s][debug][gc,phases      ] GC(88)     Dead                           Min: 0, Avg:  0.0, Max: 0, Diff: 0, Sum: 0, Workers: 4
[3629.274s][debug][gc,phases      ] GC(88)     Total                          Min: 0, Avg:  0.0, Max: 0, Diff: 0, Sum: 0, Workers: 4
[3629.274s][debug][gc,phases      ] GC(88)   StringTable Weak               Min: 0.00, Avg: 0.09, Max: 0.12, Diff: 0.12, Sum: 0.37, Workers: 4
[3629.274s][debug][gc,phases      ] GC(88)     Dead                           Min: 0, Avg:  0.2, Max: 1, Diff: 1, Sum: 1, Workers: 4
[3629.274s][debug][gc,phases      ] GC(88)     Total                          Min: 0, Avg: 12552.5, Max: 21474, Diff: 21474, Sum: 50210, Workers: 4
[3629.274s][debug][gc,phases      ] GC(88)   ResolvedMethodTable Weak       Min: 0.00, Avg: 0.03, Max: 0.04, Diff: 0.04, Sum: 0.13, Workers: 4
[3629.274s][debug][gc,phases      ] GC(88)     Dead                           Min: 0, Avg:  7.2, Max: 29, Diff: 29, Sum: 29, Workers: 4
[3629.274s][debug][gc,phases      ] GC(88)     Total                          Min: 0, Avg: 4210.0, Max: 7143, Diff: 7143, Sum: 16840, Workers: 4
[3629.274s][debug][gc,phases      ] GC(88)   JNI Weak                       Min: 0.00, Avg: 0.00, Max: 0.00, Diff: 0.00, Sum: 0.00, Workers: 4
[3629.274s][debug][gc,phases      ] GC(88)     Dead                           Min: 0, Avg:  0.0, Max: 0, Diff: 0, Sum: 0, Workers: 4
[3629.274s][debug][gc,phases      ] GC(88)     Total                          Min: 0, Avg: 13.0, Max: 48, Diff: 48, Sum: 52, Workers: 4
[3629.274s][debug][gc,phases      ] GC(88)   StringDedup Table Weak         Min: 0.00, Avg: 0.00, Max: 0.00, Diff: 0.00, Sum: 0.00, Workers: 4
[3629.274s][debug][gc,phases      ] GC(88)     Dead                           Min: 0, Avg:  0.0, Max: 0, Diff: 0, Sum: 0, Workers: 4
[3629.274s][debug][gc,phases      ] GC(88)     Total                          Min: 0, Avg:  0.0, Max: 0, Diff: 0, Sum: 0, Workers: 4
[3629.274s][debug][gc,phases      ] GC(88)   StringDedup Requests0 Weak     Min: 0.00, Avg: 0.00, Max: 0.00, Diff: 0.00, Sum: 0.00, Workers: 4
[3629.274s][debug][gc,phases      ] GC(88)     Dead                           Min: 0, Avg:  0.0, Max: 0, Diff: 0, Sum: 0, Workers: 4
[3629.274s][debug][gc,phases      ] GC(88)     Total                          Min: 0, Avg:  0.0, Max: 0, Diff: 0, Sum: 0, Workers: 4
[3629.274s][debug][gc,phases      ] GC(88)   StringDedup Requests1 Weak     Min: 0.00, Avg: 0.00, Max: 0.00, Diff: 0.00, Sum: 0.00, Workers: 4
[3629.274s][debug][gc,phases      ] GC(88)     Dead                           Min: 0, Avg:  0.0, Max: 0, Diff: 0, Sum: 0, Workers: 4
[3629.274s][debug][gc,phases      ] GC(88)     Total                          Min: 0, Avg:  0.0, Max: 0, Diff: 0, Sum: 0, Workers: 4
[3629.274s][debug][gc,phases      ] GC(88)   Weak JFR Old Object Samples    Min: 0.00, Avg: 0.00, Max: 0.00, Diff: 0.00, Sum: 0.00, Workers: 4
[3629.274s][debug][gc,phases      ] GC(88)     Dead                           Min: 0, Avg:  0.0, Max: 0, Diff: 0, Sum: 0, Workers: 4
[3629.274s][debug][gc,phases      ] GC(88)     Total                          Min: 0, Avg:  0.0, Max: 0, Diff: 0, Sum: 0, Workers: 4
[3629.274s][debug][gc,phases      ] GC(88) Weak Processing 0.363ms
[3629.274s][debug][gc,age         ] GC(88) Desired survivor size 13631488 bytes, new threshold 1 (max threshold 15)
[3629.274s][info ][gc,heap        ] GC(88) PSYoungGen: 2075152K(2082304K)->5280K(2083840K) Eden: 2067968K(2067968K)->0K(2069504K) From: 7184K(14336K)->5280K(14336K)
[3629.274s][info ][gc,heap        ] GC(88) ParOldGen: 602218K(602624K)->604655K(604672K)
[3629.274s][info ][gc,metaspace   ] GC(88) Metaspace: 109641K(110848K)->109641K(110848K) NonClass: 93551K(94272K)->93551K(94272K) Class: 16089K(16576K)->16089K(16576K)
[3629.274s][info ][gc             ] GC(88) Pause Young (Allocation Failure) 2614M->595M(2625M) 7.558ms
[3629.274s][info ][gc,cpu         ] GC(88) User=0.02s Sys=0.01s Real=0.01s
[3629.274s][info ][safepoint      ] Safepoint "ParallelCollectForAllocation", Time since last: 53078317716 ns, Reaching safepoint: 4900 ns, At safepoint: 7616368 ns, Leaving safepoint: 11300 ns, Total: 7632568 ns, Threads: 0 runnable, 29 total
[3683.224s][info ][gc,start       ] GC(89) Pause Young (Allocation Failure)
[3683.228s][debug][gc,phases      ] GC(89) Scavenge 4.387ms
[3683.228s][debug][gc,ref         ] GC(89) Skipped SoftWeakFinalRefsPhase of Reference Processing: no references
[3683.228s][debug][gc,ref         ] GC(89) Skipped KeepAliveFinalRefsPhase of Reference Processing: no references
[3683.228s][debug][gc,ref         ] GC(89) Skipped PhantomRefsPhase of Reference Processing: no references
[3683.228s][debug][gc,phases      ] GC(89) Reference Processing 0.021ms
[3683.228s][debug][gc,phases      ] GC(89)   VM Weak                        Min: 0.00, Avg: 0.00, Max: 0.01, Diff: 0.01, Sum: 0.01, Workers: 4
[3683.228s][debug][gc,phases      ] GC(89)     Dead                           Min: 0, Avg:  0.0, Max: 0, Diff: 0, Sum: 0, Workers: 4
[3683.228s][debug][gc,phases      ] GC(89)     Total                          Min: 0, Avg: 232.8, Max: 611, Diff: 611, Sum: 931, Workers: 4
[3683.228s][debug][gc,phases      ] GC(89)   ObjectSynchronizer Weak        Min: 0.00, Avg: 0.00, Max: 0.00, Diff: 0.00, Sum: 0.00, Workers: 4
[3683.228s][debug][gc,phases      ] GC(89)     Dead                           Min: 0, Avg:  0.0, Max: 0, Diff: 0, Sum: 0, Workers: 4
[3683.228s][debug][gc,phases      ] GC(89)     Total                          Min: 0, Avg:  1.5, Max: 6, Diff: 6, Sum: 6, Workers: 4
[3683.228s][debug][gc,phases      ] GC(89)   JVMTI Tag Weak OopStorage      Min: 0.00, Avg: 0.00, Max: 0.00, Diff: 0.00, Sum: 0.00, Workers: 4
[3683.228s][debug][gc,phases      ] GC(89)     Dead                           Min: 0, Avg:  0.0, Max: 0, Diff: 0, Sum: 0, Workers: 4
[3683.228s][debug][gc,phases      ] GC(89)     Total                          Min: 0, Avg:  0.0, Max: 0, Diff: 0, Sum: 0, Workers: 4
[3683.228s][debug][gc,phases      ] GC(89)   StringTable Weak               Min: 0.00, Avg: 0.11, Max: 0.14, Diff: 0.14, Sum: 0.42, Workers: 4
[3683.228s][debug][gc,phases      ] GC(89)     Dead                           Min: 0, Avg:  0.0, Max: 0, Diff: 0, Sum: 0, Workers: 4
[3683.228s][debug][gc,phases      ] GC(89)     Total                          Min: 0, Avg: 12553.2, Max: 19712, Diff: 19712, Sum: 50213, Workers: 4
[3683.228s][debug][gc,phases      ] GC(89)   ResolvedMethodTable Weak       Min: 0.00, Avg: 0.04, Max: 0.05, Diff: 0.05, Sum: 0.15, Workers: 4
[3683.228s][debug][gc,phases      ] GC(89)     Dead                           Min: 0, Avg:  5.5, Max: 22, Diff: 22, Sum: 22, Workers: 4
[3683.228s][debug][gc,phases      ] GC(89)     Total                          Min: 0, Avg: 4210.0, Max: 5735, Diff: 5735, Sum: 16840, Workers: 4
[3683.228s][debug][gc,phases      ] GC(89)   JNI Weak                       Min: 0.00, Avg: 0.00, Max: 0.00, Diff: 0.00, Sum: 0.00, Workers: 4
[3683.228s][debug][gc,phases      ] GC(89)     Dead                           Min: 0, Avg:  0.0, Max: 0, Diff: 0, Sum: 0, Workers: 4
[3683.228s][debug][gc,phases      ] GC(89)     Total                          Min: 0, Avg: 13.0, Max: 48, Diff: 48, Sum: 52, Workers: 4
[3683.228s][debug][gc,phases      ] GC(89)   StringDedup Table Weak         Min: 0.00, Avg: 0.00, Max: 0.00, Diff: 0.00, Sum: 0.00, Workers: 4
[3683.228s][debug][gc,phases      ] GC(89)     Dead                           Min: 0, Avg:  0.0, Max: 0, Diff: 0, Sum: 0, Workers: 4
[3683.228s][debug][gc,phases      ] GC(89)     Total                          Min: 0, Avg:  0.0, Max: 0, Diff: 0, Sum: 0, Workers: 4
[3683.228s][debug][gc,phases      ] GC(89)   StringDedup Requests0 Weak     Min: 0.00, Avg: 0.00, Max: 0.00, Diff: 0.00, Sum: 0.00, Workers: 4
[3683.228s][debug][gc,phases      ] GC(89)     Dead                           Min: 0, Avg:  0.0, Max: 0, Diff: 0, Sum: 0, Workers: 4
[3683.228s][debug][gc,phases      ] GC(89)     Total                          Min: 0, Avg:  0.0, Max: 0, Diff: 0, Sum: 0, Workers: 4
[3683.228s][debug][gc,phases      ] GC(89)   StringDedup Requests1 Weak     Min: 0.00, Avg: 0.00, Max: 0.00, Diff: 0.00, Sum: 0.00, Workers: 4
[3683.228s][debug][gc,phases      ] GC(89)     Dead                           Min: 0, Avg:  0.0, Max: 0, Diff: 0, Sum: 0, Workers: 4
[3683.228s][debug][gc,phases      ] GC(89)     Total                          Min: 0, Avg:  0.0, Max: 0, Diff: 0, Sum: 0, Workers: 4
[3683.228s][debug][gc,phases      ] GC(89)   Weak JFR Old Object Samples    Min: 0.00, Avg: 0.00, Max: 0.00, Diff: 0.00, Sum: 0.00, Workers: 4
[3683.228s][debug][gc,phases      ] GC(89)     Dead                           Min: 0, Avg:  0.0, Max: 0, Diff: 0, Sum: 0, Workers: 4
[3683.228s][debug][gc,phases      ] GC(89)     Total                          Min: 0, Avg:  0.0, Max: 0, Diff: 0, Sum: 0, Workers: 4
[3683.228s][debug][gc,phases      ] GC(89) Weak Processing 0.384ms
[3683.228s][debug][gc,age         ] GC(89) Desired survivor size 13107200 bytes, new threshold 1 (max threshold 15)
[3683.228s][info ][gc,heap        ] GC(89) PSYoungGen: 2074784K(2083840K)->5520K(2082816K) Eden: 2069504K(2069504K)->0K(2069504K) From: 5280K(14336K)->5520K(13312K)
[3683.228s][info ][gc,heap        ] GC(89) ParOldGen: 604655K(604672K)->605671K(605696K)
[3683.228s][info ][gc,metaspace   ] GC(89) Metaspace: 109656K(110848K)->109656K(110848K) NonClass: 93567K(94272K)->93567K(94272K) Class: 16089K(16576K)->16089K(16576K)
[3683.228s][info ][gc             ] GC(89) Pause Young (Allocation Failure) 2616M->596M(2625M) 4.908ms
[3683.228s][info ][gc,cpu         ] GC(89) User=0.02s Sys=0.01s Real=0.00s
[3683.229s][info ][safepoint      ] Safepoint "ParallelCollectForAllocation", Time since last: 53949380607 ns, Reaching safepoint: 97900 ns, At safepoint: 4966278 ns, Leaving safepoint: 7700 ns, Total: 5071878 ns, Threads: 1 runnable, 27 total
[3737.301s][info ][gc,start       ] GC(90) Pause Young (Allocation Failure)
[3737.305s][debug][gc,phases      ] GC(90) Scavenge 3.618ms
[3737.305s][debug][gc,ref         ] GC(90) Skipped SoftWeakFinalRefsPhase of Reference Processing: no references
[3737.305s][debug][gc,ref         ] GC(90) Skipped KeepAliveFinalRefsPhase of Reference Processing: no references
[3737.305s][debug][gc,ref         ] GC(90) Skipped PhantomRefsPhase of Reference Processing: no references
[3737.305s][debug][gc,phases      ] GC(90) Reference Processing 0.022ms
[3737.305s][debug][gc,phases      ] GC(90)   VM Weak                        Min: 0.00, Avg: 0.00, Max: 0.01, Diff: 0.01, Sum: 0.02, Workers: 4
[3737.305s][debug][gc,phases      ] GC(90)     Dead                           Min: 0, Avg:  0.0, Max: 0, Diff: 0, Sum: 0, Workers: 4
[3737.305s][debug][gc,phases      ] GC(90)     Total                          Min: 0, Avg: 232.8, Max: 832, Diff: 832, Sum: 931, Workers: 4
[3737.305s][debug][gc,phases      ] GC(90)   ObjectSynchronizer Weak        Min: 0.00, Avg: 0.00, Max: 0.01, Diff: 0.01, Sum: 0.01, Workers: 4
[3737.305s][debug][gc,phases      ] GC(90)     Dead                           Min: 0, Avg:  0.0, Max: 0, Diff: 0, Sum: 0, Workers: 4
[3737.305s][debug][gc,phases      ] GC(90)     Total                          Min: 0, Avg:  1.5, Max: 6, Diff: 6, Sum: 6, Workers: 4
[3737.305s][debug][gc,phases      ] GC(90)   JVMTI Tag Weak OopStorage      Min: 0.00, Avg: 0.00, Max: 0.00, Diff: 0.00, Sum: 0.00, Workers: 4
[3737.305s][debug][gc,phases      ] GC(90)     Dead                           Min: 0, Avg:  0.0, Max: 0, Diff: 0, Sum: 0, Workers: 4
[3737.305s][debug][gc,phases      ] GC(90)     Total                          Min: 0, Avg:  0.0, Max: 0, Diff: 0, Sum: 0, Workers: 4
[3737.305s][debug][gc,phases      ] GC(90)   StringTable Weak               Min: 0.00, Avg: 0.09, Max: 0.13, Diff: 0.13, Sum: 0.38, Workers: 4
[3737.305s][debug][gc,phases      ] GC(90)     Dead                           Min: 0, Avg:  0.0, Max: 0, Diff: 0, Sum: 0, Workers: 4
[3737.305s][debug][gc,phases      ] GC(90)     Total                          Min: 0, Avg: 12553.2, Max: 21477, Diff: 21477, Sum: 50213, Workers: 4
[3737.305s][debug][gc,phases      ] GC(90)   ResolvedMethodTable Weak       Min: 0.00, Avg: 0.03, Max: 0.04, Diff: 0.04, Sum: 0.13, Workers: 4
[3737.305s][debug][gc,phases      ] GC(90)     Dead                           Min: 0, Avg:  5.0, Max: 20, Diff: 20, Sum: 20, Workers: 4
[3737.305s][debug][gc,phases      ] GC(90)     Total                          Min: 0, Avg: 4210.0, Max: 7420, Diff: 7420, Sum: 16840, Workers: 4
[3737.305s][debug][gc,phases      ] GC(90)   JNI Weak                       Min: 0.00, Avg: 0.00, Max: 0.00, Diff: 0.00, Sum: 0.00, Workers: 4
[3737.305s][debug][gc,phases      ] GC(90)     Dead                           Min: 0, Avg:  0.0, Max: 0, Diff: 0, Sum: 0, Workers: 4
[3737.305s][debug][gc,phases      ] GC(90)     Total                          Min: 0, Avg: 13.0, Max: 48, Diff: 48, Sum: 52, Workers: 4
[3737.305s][debug][gc,phases      ] GC(90)   StringDedup Table Weak         Min: 0.00, Avg: 0.00, Max: 0.00, Diff: 0.00, Sum: 0.00, Workers: 4
[3737.305s][debug][gc,phases      ] GC(90)     Dead                           Min: 0, Avg:  0.0, Max: 0, Diff: 0, Sum: 0, Workers: 4
[3737.305s][debug][gc,phases      ] GC(90)     Total                          Min: 0, Avg:  0.0, Max: 0, Diff: 0, Sum: 0, Workers: 4
[3737.305s][debug][gc,phases      ] GC(90)   StringDedup Requests0 Weak     Min: 0.00, Avg: 0.00, Max: 0.00, Diff: 0.00, Sum: 0.00, Workers: 4
[3737.305s][debug][gc,phases      ] GC(90)     Dead                           Min: 0, Avg:  0.0, Max: 0, Diff: 0, Sum: 0, Workers: 4
[3737.305s][debug][gc,phases      ] GC(90)     Total                          Min: 0, Avg:  0.0, Max: 0, Diff: 0, Sum: 0, Workers: 4
[3737.306s][debug][gc,phases      ] GC(90)   StringDedup Requests1 Weak     Min: 0.00, Avg: 0.00, Max: 0.00, Diff: 0.00, Sum: 0.00, Workers: 4
[3737.306s][debug][gc,phases      ] GC(90)     Dead                           Min: 0, Avg:  0.0, Max: 0, Diff: 0, Sum: 0, Workers: 4
[3737.306s][debug][gc,phases      ] GC(90)     Total                          Min: 0, Avg:  0.0, Max: 0, Diff: 0, Sum: 0, Workers: 4
[3737.306s][debug][gc,phases      ] GC(90)   Weak JFR Old Object Samples    Min: 0.00, Avg: 0.00, Max: 0.00, Diff: 0.00, Sum: 0.00, Workers: 4
[3737.306s][debug][gc,phases      ] GC(90)     Dead                           Min: 0, Avg:  0.0, Max: 0, Diff: 0, Sum: 0, Workers: 4
[3737.306s][debug][gc,phases      ] GC(90)     Total                          Min: 0, Avg:  0.0, Max: 0, Diff: 0, Sum: 0, Workers: 4
[3737.306s][debug][gc,phases      ] GC(90) Weak Processing 0.382ms
[3737.306s][debug][gc,age         ] GC(90) Desired survivor size 12582912 bytes, new threshold 1 (max threshold 15)
[3737.306s][info ][gc,heap        ] GC(90) PSYoungGen: 2075024K(2082816K)->3904K(2084864K) Eden: 2069504K(2069504K)->0K(2072064K) From: 5520K(13312K)->3904K(12800K)
[3737.306s][info ][gc,heap        ] GC(90) ParOldGen: 605671K(605696K)->607344K(607744K)
[3737.306s][info ][gc,metaspace   ] GC(90) Metaspace: 109656K(110848K)->109656K(110848K) NonClass: 93567K(94272K)->93567K(94272K) Class: 16089K(16576K)->16089K(16576K)
[3737.306s][info ][gc             ] GC(90) Pause Young (Allocation Failure) 2617M->596M(2629M) 4.133ms
[3737.306s][info ][gc,cpu         ] GC(90) User=0.02s Sys=0.01s Real=0.01s
[3737.306s][info ][safepoint      ] Safepoint "ParallelCollectForAllocation", Time since last: 54072862387 ns, Reaching safepoint: 19700 ns, At safepoint: 4194182 ns, Leaving safepoint: 2400 ns, Total: 4216282 ns, Threads: 0 runnable, 28 total
[3789.313s][info ][gc,start       ] GC(91) Pause Young (Allocation Failure)
[3789.319s][debug][gc,phases      ] GC(91) Scavenge 6.273ms
[3789.319s][debug][gc,ref         ] GC(91) Skipped SoftWeakFinalRefsPhase of Reference Processing: no references
[3789.319s][debug][gc,ref         ] GC(91) Skipped KeepAliveFinalRefsPhase of Reference Processing: no references
[3789.319s][debug][gc,ref         ] GC(91) Skipped PhantomRefsPhase of Reference Processing: no references
[3789.319s][debug][gc,phases      ] GC(91) Reference Processing 0.023ms
[3789.319s][debug][gc,phases      ] GC(91)   VM Weak                        Min: 0.00, Avg: 0.00, Max: 0.01, Diff: 0.01, Sum: 0.01, Workers: 4
[3789.319s][debug][gc,phases      ] GC(91)     Dead                           Min: 0, Avg:  0.0, Max: 0, Diff: 0, Sum: 0, Workers: 4
[3789.319s][debug][gc,phases      ] GC(91)     Total                          Min: 0, Avg: 232.8, Max: 675, Diff: 675, Sum: 931, Workers: 4
[3789.319s][debug][gc,phases      ] GC(91)   ObjectSynchronizer Weak        Min: 0.00, Avg: 0.00, Max: 0.00, Diff: 0.00, Sum: 0.00, Workers: 4
[3789.319s][debug][gc,phases      ] GC(91)     Dead                           Min: 0, Avg:  0.0, Max: 0, Diff: 0, Sum: 0, Workers: 4
[3789.319s][debug][gc,phases      ] GC(91)     Total                          Min: 0, Avg:  1.5, Max: 6, Diff: 6, Sum: 6, Workers: 4
[3789.319s][debug][gc,phases      ] GC(91)   JVMTI Tag Weak OopStorage      Min: 0.00, Avg: 0.00, Max: 0.00, Diff: 0.00, Sum: 0.00, Workers: 4
[3789.319s][debug][gc,phases      ] GC(91)     Dead                           Min: 0, Avg:  0.0, Max: 0, Diff: 0, Sum: 0, Workers: 4
[3789.319s][debug][gc,phases      ] GC(91)     Total                          Min: 0, Avg:  0.0, Max: 0, Diff: 0, Sum: 0, Workers: 4
[3789.319s][debug][gc,phases      ] GC(91)   StringTable Weak               Min: 0.00, Avg: 0.09, Max: 0.12, Diff: 0.12, Sum: 0.37, Workers: 4
[3789.319s][debug][gc,phases      ] GC(91)     Dead                           Min: 0, Avg:  0.0, Max: 0, Diff: 0, Sum: 0, Workers: 4
[3789.319s][debug][gc,phases      ] GC(91)     Total                          Min: 0, Avg: 12553.2, Max: 21285, Diff: 21285, Sum: 50213, Workers: 4
[3789.319s][debug][gc,phases      ] GC(91)   ResolvedMethodTable Weak       Min: 0.00, Avg: 0.03, Max: 0.04, Diff: 0.04, Sum: 0.12, Workers: 4
[3789.319s][debug][gc,phases      ] GC(91)     Dead                           Min: 0, Avg:  5.0, Max: 20, Diff: 20, Sum: 20, Workers: 4
[3789.319s][debug][gc,phases      ] GC(91)     Total                          Min: 0, Avg: 4210.0, Max: 7205, Diff: 7205, Sum: 16840, Workers: 4
[3789.319s][debug][gc,phases      ] GC(91)   JNI Weak                       Min: 0.00, Avg: 0.00, Max: 0.00, Diff: 0.00, Sum: 0.00, Workers: 4
[3789.319s][debug][gc,phases      ] GC(91)     Dead                           Min: 0, Avg:  0.0, Max: 0, Diff: 0, Sum: 0, Workers: 4
[3789.319s][debug][gc,phases      ] GC(91)     Total                          Min: 0, Avg: 13.0, Max: 48, Diff: 48, Sum: 52, Workers: 4
[3789.319s][debug][gc,phases      ] GC(91)   StringDedup Table Weak         Min: 0.00, Avg: 0.00, Max: 0.00, Diff: 0.00, Sum: 0.00, Workers: 4
[3789.319s][debug][gc,phases      ] GC(91)     Dead                           Min: 0, Avg:  0.0, Max: 0, Diff: 0, Sum: 0, Workers: 4
[3789.319s][debug][gc,phases      ] GC(91)     Total                          Min: 0, Avg:  0.0, Max: 0, Diff: 0, Sum: 0, Workers: 4
[3789.319s][debug][gc,phases      ] GC(91)   StringDedup Requests0 Weak     Min: 0.00, Avg: 0.00, Max: 0.00, Diff: 0.00, Sum: 0.00, Workers: 4
[3789.319s][debug][gc,phases      ] GC(91)     Dead                           Min: 0, Avg:  0.0, Max: 0, Diff: 0, Sum: 0, Workers: 4
[3789.319s][debug][gc,phases      ] GC(91)     Total                          Min: 0, Avg:  0.0, Max: 0, Diff: 0, Sum: 0, Workers: 4
[3789.319s][debug][gc,phases      ] GC(91)   StringDedup Requests1 Weak     Min: 0.00, Avg: 0.00, Max: 0.00, Diff: 0.00, Sum: 0.00, Workers: 4
[3789.319s][debug][gc,phases      ] GC(91)     Dead                           Min: 0, Avg:  0.0, Max: 0, Diff: 0, Sum: 0, Workers: 4
[3789.319s][debug][gc,phases      ] GC(91)     Total                          Min: 0, Avg:  0.0, Max: 0, Diff: 0, Sum: 0, Workers: 4
[3789.319s][debug][gc,phases      ] GC(91)   Weak JFR Old Object Samples    Min: 0.00, Avg: 0.00, Max: 0.00, Diff: 0.00, Sum: 0.00, Workers: 4
[3789.319s][debug][gc,phases      ] GC(91)     Dead                           Min: 0, Avg:  0.0, Max: 0, Diff: 0, Sum: 0, Workers: 4
[3789.319s][debug][gc,phases      ] GC(91)     Total                          Min: 0, Avg:  0.0, Max: 0, Diff: 0, Sum: 0, Workers: 4
[3789.319s][debug][gc,phases      ] GC(91) Weak Processing 0.381ms
[3789.319s][debug][gc,age         ] GC(91) Desired survivor size 12058624 bytes, new threshold 1 (max threshold 15)
[3789.319s][info ][gc,heap        ] GC(91) PSYoungGen: 2075968K(2084864K)->5328K(2084352K) Eden: 2072064K(2072064K)->0K(2072064K) From: 3904K(12800K)->5328K(12288K)
[3789.319s][info ][gc,heap        ] GC(91) ParOldGen: 607344K(607744K)->607840K(608256K)
[3789.319s][info ][gc,metaspace   ] GC(91) Metaspace: 109656K(110848K)->109656K(110848K) NonClass: 93567K(94272K)->93567K(94272K) Class: 16089K(16576K)->16089K(16576K)
[3789.319s][info ][gc             ] GC(91) Pause Young (Allocation Failure) 2620M->598M(2629M) 6.785ms
[3789.319s][info ][gc,cpu         ] GC(91) User=0.02s Sys=0.00s Real=0.00s
[3789.319s][info ][safepoint      ] Safepoint "ParallelCollectForAllocation", Time since last: 52006889352 ns, Reaching safepoint: 4900 ns, At safepoint: 6847271 ns, Leaving safepoint: 2600 ns, Total: 6854771 ns, Threads: 0 runnable, 28 total
[3921.013s][info ][safepoint      ] Safepoint "JFRSafepointWrite", Time since last: 131693871998 ns, Reaching safepoint: 5100 ns, At safepoint: 32600 ns, Leaving safepoint: 24200 ns, Total: 61900 ns, Threads: 0 runnable, 23 total
[3921.017s][info ][gc,exit        ] Heap
[3921.017s][info ][gc,exit        ]  PSYoungGen      total 2084352K, used 615340K [0x0000000780000000, 0x0000000800000000, 0x0000000800000000)
[3921.017s][info ][gc,exit        ]   eden space 2072064K, 29% used [0x0000000780000000,0x00000007a53b7060,0x00000007fe780000)
[3921.017s][info ][gc,exit        ]   from space 12288K, 43% used [0x00000007fe780000,0x00000007fecb4150,0x00000007ff380000)
[3921.017s][info ][gc,exit        ]   to   space 11776K, 0% used [0x00000007ff480000,0x00000007ff480000,0x0000000800000000)
[3921.017s][info ][gc,exit        ]  ParOldGen       total 608256K, used 607840K [0x00000006c0000000, 0x00000006e5200000, 0x0000000780000000)
[3921.017s][info ][gc,exit        ]   object space 608256K, 99% used [0x00000006c0000000,0x00000006e51980b8,0x00000006e5200000)
[3921.017s][info ][gc,exit        ]  Metaspace       used 109753K, committed 110976K, reserved 1179648K
[3921.017s][info ][gc,exit        ]   class space    used 16104K, committed 16640K, reserved 1048576K
