[0.003s][info][gc,init] CardTable entry size: 512
[0.003s][info][gc     ] Using Parallel
[0.004s][info][gc,init] Version: 25.0.1+8-LTS (release)
[0.004s][info][gc,init] CPUs: 4 total, 4 available
[0.004s][info][gc,init] Memory: 15995M
[0.004s][info][gc,init] Large Page Support: Disabled
[0.004s][info][gc,init] NUMA Support: Disabled
[0.004s][info][gc,init] Compressed Oops: Enabled (Zero based)
[0.004s][info][gc,init] Alignments: Space 512K, Generation 512K, Heap 2M
[0.004s][info][gc,init] Heap Min Capacity: 2054M
[0.004s][info][gc,init] Heap Initial Capacity: 2054M
[0.004s][info][gc,init] Heap Max Capacity: 5G
[0.004s][info][gc,init] Pre-touch: Disabled
[0.004s][info][gc,init] Parallel Workers: 4
[0.008s][info][gc,metaspace] CDS archive(s) mapped at: [0x0000000090000000-0x0000000090d8c000-0x0000000090d8c000), size 14204928, SharedBaseAddress: 0x0000000090000000, ArchiveRelocationMode: 1.
[0.008s][info][gc,metaspace] Compressed class space mapped at: 0x0000000091000000-0x00000000d1000000, reserved size: 1073741824
[0.008s][info][gc,metaspace] UseCompressedClassPointers 1, UseCompactObjectHeaders 0
[0.008s][info][gc,metaspace] Narrow klass pointer bits 32, Max shift 3
[0.008s][info][gc,metaspace] Narrow klass base: 0x0000000090000000, Narrow klass shift: 0
[0.008s][info][gc,metaspace] Encoding Range: [0x0000000090000000 - 0x0000000190000000), (4294967296 bytes)
[0.008s][info][gc,metaspace] Klass Range:    [0x0000000090001000 - 0x00000000d1000000), (1090514944 bytes)
[0.008s][info][gc,metaspace] Klass ID Range:  [4096 - 1090519033) (1090514937)
[0.008s][info][gc,metaspace] Protection zone: [0x0000000090000000 - 0x0000000090001000), (4096 bytes)
[0.368s][info][safepoint   ] Safepoint "JFRSafepointClear", Time since last: 354195283 ns, Reaching safepoint: 85600 ns, At safepoint: 7600 ns, Leaving safepoint: 6500 ns, Total: 99700 ns, Threads: 1 runnable, 13 total
[2.182s][debug][gc,phases   ] GC(0) Pre Compact 0.017ms
[2.182s][info ][gc,start    ] GC(0) Pause Full (Metadata GC Threshold)
[2.182s][info ][gc,phases,start] GC(0) Marking Phase
[2.199s][debug][gc,phases      ] GC(0) Par Mark 16.960ms
[2.200s][debug][gc,ref         ] GC(0) ReferenceProcessor::execute queues: 3, RefProcThreadModel::Multi, marks_oops_alive: false
[2.200s][debug][gc,ref         ] GC(0) ReferenceProcessor::execute queues: 4, RefProcThreadModel::Multi, marks_oops_alive: true
[2.200s][debug][gc,ref         ] GC(0) ReferenceProcessor::execute queues: 1, RefProcThreadModel::Single, marks_oops_alive: false
[2.200s][debug][gc,phases      ] GC(0) Reference Processing 0.498ms
[2.200s][debug][gc,phases      ] GC(0) Flush Marking Stats 0.010ms
[2.200s][debug][gc,phases      ] GC(0)   VM Weak                        Min: 0.00, Avg: 0.00, Max: 0.00, Diff: 0.00, Sum: 0.01, Workers: 4
[2.200s][debug][gc,phases      ] GC(0)     Dead                           Min: 0, Avg:  0.0, Max: 0, Diff: 0, Sum: 0, Workers: 4
[2.200s][debug][gc,phases      ] GC(0)     Total                          Min: 0, Avg: 43.5, Max: 110, Diff: 110, Sum: 174, Workers: 4
[2.200s][debug][gc,phases      ] GC(0)   ObjectSynchronizer Weak        Min: 0.00, Avg: 0.00, Max: 0.00, Diff: 0.00, Sum: 0.00, Workers: 4
[2.200s][debug][gc,phases      ] GC(0)     Dead                           Min: 0, Avg:  0.8, Max: 3, Diff: 3, Sum: 3, Workers: 4
[2.200s][debug][gc,phases      ] GC(0)     Total                          Min: 0, Avg:  4.5, Max: 18, Diff: 18, Sum: 18, Workers: 4
[2.200s][debug][gc,phases      ] GC(0)   JVMTI Tag Weak OopStorage      Min: 0.00, Avg: 0.00, Max: 0.00, Diff: 0.00, Sum: 0.00, Workers: 4
[2.200s][debug][gc,phases      ] GC(0)     Dead                           Min: 0, Avg:  0.0, Max: 0, Diff: 0, Sum: 0, Workers: 4
[2.200s][debug][gc,phases      ] GC(0)     Total                          Min: 0, Avg:  0.0, Max: 0, Diff: 0, Sum: 0, Workers: 4
[2.200s][debug][gc,phases      ] GC(0)   StringTable Weak               Min: 0.00, Avg: 0.03, Max: 0.06, Diff: 0.06, Sum: 0.11, Workers: 4
[2.200s][debug][gc,phases      ] GC(0)     Dead                           Min: 0, Avg:  7.0, Max: 22, Diff: 22, Sum: 28, Workers: 4
[2.200s][debug][gc,phases      ] GC(0)     Total                          Min: 0, Avg: 2074.8, Max: 4587, Diff: 4587, Sum: 8299, Workers: 4
[2.200s][debug][gc,phases      ] GC(0)   ResolvedMethodTable Weak       Min: 0.00, Avg: 0.01, Max: 0.02, Diff: 0.02, Sum: 0.03, Workers: 4
[2.200s][debug][gc,phases      ] GC(0)     Dead                           Min: 0, Avg: 126.8, Max: 276, Diff: 276, Sum: 507, Workers: 4
[2.200s][debug][gc,phases      ] GC(0)     Total                          Min: 0, Avg: 494.8, Max: 1019, Diff: 1019, Sum: 1979, Workers: 4
[2.200s][debug][gc,phases      ] GC(0)   JNI Weak                       Min: 0.00, Avg: 0.00, Max: 0.00, Diff: 0.00, Sum: 0.00, Workers: 4
[2.200s][debug][gc,phases      ] GC(0)     Dead                           Min: 0, Avg:  0.0, Max: 0, Diff: 0, Sum: 0, Workers: 4
[2.200s][debug][gc,phases      ] GC(0)     Total                          Min: 0, Avg: 12.0, Max: 48, Diff: 48, Sum: 48, Workers: 4
[2.200s][debug][gc,phases      ] GC(0)   StringDedup Table Weak         Min: 0.00, Avg: 0.00, Max: 0.00, Diff: 0.00, Sum: 0.00, Workers: 4
[2.200s][debug][gc,phases      ] GC(0)     Dead                           Min: 0, Avg:  0.0, Max: 0, Diff: 0, Sum: 0, Workers: 4
[2.200s][debug][gc,phases      ] GC(0)     Total                          Min: 0, Avg:  0.0, Max: 0, Diff: 0, Sum: 0, Workers: 4
[2.200s][debug][gc,phases      ] GC(0)   StringDedup Requests0 Weak     Min: 0.00, Avg: 0.00, Max: 0.00, Diff: 0.00, Sum: 0.00, Workers: 4
[2.200s][debug][gc,phases      ] GC(0)     Dead                           Min: 0, Avg:  0.0, Max: 0, Diff: 0, Sum: 0, Workers: 4
[2.200s][debug][gc,phases      ] GC(0)     Total                          Min: 0, Avg:  0.0, Max: 0, Diff: 0, Sum: 0, Workers: 4
[2.200s][debug][gc,phases      ] GC(0)   StringDedup Requests1 Weak     Min: 0.00, Avg: 0.00, Max: 0.00, Diff: 0.00, Sum: 0.00, Workers: 4
[2.200s][debug][gc,phases      ] GC(0)     Dead                           Min: 0, Avg:  0.0, Max: 0, Diff: 0, Sum: 0, Workers: 4
[2.200s][debug][gc,phases      ] GC(0)     Total                          Min: 0, Avg:  0.0, Max: 0, Diff: 0, Sum: 0, Workers: 4
[2.200s][debug][gc,phases      ] GC(0)   Weak JFR Old Object Samples    Min: 0.00, Avg: 0.00, Max: 0.00, Diff: 0.00, Sum: 0.00, Workers: 4
[2.200s][debug][gc,phases      ] GC(0)     Dead                           Min: 0, Avg:  0.0, Max: 0, Diff: 0, Sum: 0, Workers: 4
[2.200s][debug][gc,phases      ] GC(0)     Total                          Min: 0, Avg:  0.0, Max: 0, Diff: 0, Sum: 0, Workers: 4
[2.200s][debug][gc,phases      ] GC(0) Weak Processing 0.249ms
[2.200s][debug][gc,phases      ] GC(0) ClassLoaderData 0.015ms
[2.200s][debug][gc,phases      ] GC(0) Trigger cleanups 0.000ms
[2.204s][debug][gc,phases      ] GC(0) Purge Unlinked NMethods 0.001ms
[2.204s][debug][gc,phases      ] GC(0) Unregister NMethods 0.071ms
[2.204s][debug][gc,phases      ] GC(0) Free Code Blobs 0.001ms
[2.204s][debug][gc,phases      ] GC(0) Class Unloading 4.189ms
[2.204s][debug][gc,phases      ] GC(0) Report Object Count 0.001ms
[2.204s][info ][gc,phases      ] GC(0) Marking Phase 21.955ms
[2.204s][info ][gc,phases,start] GC(0) Summary Phase
[2.204s][info ][gc,phases      ] GC(0) Summary Phase 0.006ms
[2.204s][info ][gc,phases,start] GC(0) Forward
[2.211s][info ][gc,phases      ] GC(0) Forward 6.805ms
[2.211s][info ][gc,phases,start] GC(0) Adjust Pointers
[2.223s][info ][gc,phases      ] GC(0) Adjust Pointers 11.622ms
[2.223s][info ][gc,phases,start] GC(0) Compaction Phase
[2.231s][info ][gc,phases      ] GC(0) Compaction Phase 7.887ms
[2.231s][info ][gc,phases,start] GC(0) Post Compact
[2.235s][debug][gc,phases      ] GC(0) Purge Class Loader Data 0.828ms
[2.236s][info ][gc,phases      ] GC(0) Post Compact 4.856ms
[2.236s][info ][gc,heap        ] GC(0) PSYoungGen: 309559K(1572864K)->33681K(1572864K) Eden: 309559K(1048576K)->33681K(1048576K) From: 0K(524288K)->0K(524288K)
[2.236s][info ][gc,heap        ] GC(0) ParOldGen: 1155K(6144K)->5238K(6144K)
[2.236s][info ][gc,metaspace   ] GC(0) Metaspace: 21198K(21504K)->21198K(21504K) NonClass: 19231K(19392K)->19231K(19392K) Class: 1966K(2112K)->1966K(2112K)
[2.236s][info ][gc             ] GC(0) Pause Full (Metadata GC Threshold) 303M->38M(1542M) 53.338ms
[2.236s][info ][gc,cpu         ] GC(0) User=0.16s Sys=0.01s Real=0.05s
[2.236s][info ][safepoint      ] Safepoint "CollectForMetadataAllocation", Time since last: 1814046144 ns, Reaching safepoint: 3000 ns, At safepoint: 53771885 ns, Leaving safepoint: 7100 ns, Total: 53781985 ns, Threads: 0 runnable, 16 total
[3.927s][debug][gc,phases      ] GC(1) Pre Compact 0.017ms
[3.927s][info ][gc,start       ] GC(1) Pause Full (Metadata GC Threshold)
[3.927s][info ][gc,phases,start] GC(1) Marking Phase
[3.958s][debug][gc,phases      ] GC(1) Par Mark 31.515ms
[3.959s][debug][gc,ref         ] GC(1) ReferenceProcessor::execute queues: 4, RefProcThreadModel::Multi, marks_oops_alive: false
[3.959s][debug][gc,ref         ] GC(1) ReferenceProcessor::execute queues: 4, RefProcThreadModel::Multi, marks_oops_alive: true
[3.959s][debug][gc,ref         ] GC(1) ReferenceProcessor::execute queues: 1, RefProcThreadModel::Single, marks_oops_alive: false
[3.959s][debug][gc,phases      ] GC(1) Reference Processing 1.056ms
[3.959s][debug][gc,phases      ] GC(1) Flush Marking Stats 0.017ms
[3.960s][debug][gc,phases      ] GC(1)   VM Weak                        Min: 0.00, Avg: 0.00, Max: 0.00, Diff: 0.00, Sum: 0.01, Workers: 4
[3.960s][debug][gc,phases      ] GC(1)     Dead                           Min: 0, Avg:  0.0, Max: 0, Diff: 0, Sum: 0, Workers: 4
[3.960s][debug][gc,phases      ] GC(1)     Total                          Min: 0, Avg: 58.5, Max: 128, Diff: 128, Sum: 234, Workers: 4
[3.960s][debug][gc,phases      ] GC(1)   ObjectSynchronizer Weak        Min: 0.00, Avg: 0.00, Max: 0.00, Diff: 0.00, Sum: 0.00, Workers: 4
[3.960s][debug][gc,phases      ] GC(1)     Dead                           Min: 0, Avg:  0.5, Max: 2, Diff: 2, Sum: 2, Workers: 4
[3.960s][debug][gc,phases      ] GC(1)     Total                          Min: 0, Avg:  5.8, Max: 23, Diff: 23, Sum: 23, Workers: 4
[3.960s][debug][gc,phases      ] GC(1)   JVMTI Tag Weak OopStorage      Min: 0.00, Avg: 0.00, Max: 0.00, Diff: 0.00, Sum: 0.00, Workers: 4
[3.960s][debug][gc,phases      ] GC(1)     Dead                           Min: 0, Avg:  0.0, Max: 0, Diff: 0, Sum: 0, Workers: 4
[3.960s][debug][gc,phases      ] GC(1)     Total                          Min: 0, Avg:  0.0, Max: 0, Diff: 0, Sum: 0, Workers: 4
[3.960s][debug][gc,phases      ] GC(1)   StringTable Weak               Min: 0.06, Avg: 0.07, Max: 0.07, Diff: 0.00, Sum: 0.26, Workers: 4
[3.960s][debug][gc,phases      ] GC(1)     Dead                           Min: 1, Avg:  2.5, Max: 4, Diff: 3, Sum: 10, Workers: 4
[3.960s][debug][gc,phases      ] GC(1)     Total                          Min: 3712, Avg: 3926.8, Max: 4160, Diff: 448, Sum: 15707, Workers: 4
[3.960s][debug][gc,phases      ] GC(1)   ResolvedMethodTable Weak       Min: 0.02, Avg: 0.02, Max: 0.02, Diff: 0.00, Sum: 0.08, Workers: 4
[3.960s][debug][gc,phases      ] GC(1)     Dead                           Min: 398, Avg: 467.0, Max: 560, Diff: 162, Sum: 1868, Workers: 4
[3.960s][debug][gc,phases      ] GC(1)     Total                          Min: 1152, Avg: 1249.5, Max: 1344, Diff: 192, Sum: 4998, Workers: 4
[3.960s][debug][gc,phases      ] GC(1)   JNI Weak                       Min: 0.00, Avg: 0.00, Max: 0.00, Diff: 0.00, Sum: 0.00, Workers: 4
[3.960s][debug][gc,phases      ] GC(1)     Dead                           Min: 0, Avg:  0.0, Max: 0, Diff: 0, Sum: 0, Workers: 4
[3.960s][debug][gc,phases      ] GC(1)     Total                          Min: 0, Avg: 18.8, Max: 51, Diff: 51, Sum: 75, Workers: 4
[3.960s][debug][gc,phases      ] GC(1)   StringDedup Table Weak         Min: 0.00, Avg: 0.00, Max: 0.00, Diff: 0.00, Sum: 0.00, Workers: 4
[3.960s][debug][gc,phases      ] GC(1)     Dead                           Min: 0, Avg:  0.0, Max: 0, Diff: 0, Sum: 0, Workers: 4
[3.960s][debug][gc,phases      ] GC(1)     Total                          Min: 0, Avg:  0.0, Max: 0, Diff: 0, Sum: 0, Workers: 4
[3.960s][debug][gc,phases      ] GC(1)   StringDedup Requests0 Weak     Min: 0.00, Avg: 0.00, Max: 0.00, Diff: 0.00, Sum: 0.00, Workers: 4
[3.960s][debug][gc,phases      ] GC(1)     Dead                           Min: 0, Avg:  0.0, Max: 0, Diff: 0, Sum: 0, Workers: 4
[3.960s][debug][gc,phases      ] GC(1)     Total                          Min: 0, Avg:  0.0, Max: 0, Diff: 0, Sum: 0, Workers: 4
[3.960s][debug][gc,phases      ] GC(1)   StringDedup Requests1 Weak     Min: 0.00, Avg: 0.00, Max: 0.00, Diff: 0.00, Sum: 0.00, Workers: 4
[3.960s][debug][gc,phases      ] GC(1)     Dead                           Min: 0, Avg:  0.0, Max: 0, Diff: 0, Sum: 0, Workers: 4
[3.960s][debug][gc,phases      ] GC(1)     Total                          Min: 0, Avg:  0.0, Max: 0, Diff: 0, Sum: 0, Workers: 4
[3.960s][debug][gc,phases      ] GC(1)   Weak JFR Old Object Samples    Min: 0.00, Avg: 0.00, Max: 0.00, Diff: 0.00, Sum: 0.00, Workers: 4
[3.960s][debug][gc,phases      ] GC(1)     Dead                           Min: 0, Avg:  0.0, Max: 0, Diff: 0, Sum: 0, Workers: 4
[3.960s][debug][gc,phases      ] GC(1)     Total                          Min: 0, Avg:  0.0, Max: 0, Diff: 0, Sum: 0, Workers: 4
[3.960s][debug][gc,phases      ] GC(1) Weak Processing 0.325ms
[3.960s][debug][gc,phases      ] GC(1) ClassLoaderData 0.030ms
[3.960s][debug][gc,phases      ] GC(1) Trigger cleanups 0.000ms
[3.966s][debug][gc,phases      ] GC(1) Purge Unlinked NMethods 0.226ms
[3.966s][debug][gc,phases      ] GC(1) Unregister NMethods 0.013ms
[3.966s][debug][gc,phases      ] GC(1) Free Code Blobs 0.032ms
[3.966s][debug][gc,phases      ] GC(1) Class Unloading 6.214ms
[3.966s][debug][gc,phases      ] GC(1) Report Object Count 0.001ms
[3.966s][info ][gc,phases      ] GC(1) Marking Phase 39.185ms
[3.966s][info ][gc,phases,start] GC(1) Summary Phase
[3.966s][info ][gc,phases      ] GC(1) Summary Phase 0.010ms
[3.966s][info ][gc,phases,start] GC(1) Forward
[3.981s][info ][gc,phases      ] GC(1) Forward 14.691ms
[3.981s][info ][gc,phases,start] GC(1) Adjust Pointers
[4.000s][info ][gc,phases      ] GC(1) Adjust Pointers 19.680ms
[4.000s][info ][gc,phases,start] GC(1) Compaction Phase
[4.015s][info ][gc,phases      ] GC(1) Compaction Phase 14.270ms
[4.015s][info ][gc,phases,start] GC(1) Post Compact
[4.016s][debug][gc,phases      ] GC(1) Purge Class Loader Data 0.239ms
[4.016s][info ][gc,phases      ] GC(1) Post Compact 1.487ms
[4.016s][info ][gc,heap        ] GC(1) PSYoungGen: 641872K(1572864K)->59303K(1572864K) Eden: 641872K(1048576K)->59303K(1048576K) From: 0K(524288K)->0K(524288K)
[4.016s][info ][gc,heap        ] GC(1) ParOldGen: 5238K(6144K)->5226K(6144K)
[4.016s][info ][gc,metaspace   ] GC(1) Metaspace: 35449K(35840K)->35449K(35840K) NonClass: 31335K(31552K)->31335K(31552K) Class: 4114K(4288K)->4114K(4288K)
[4.016s][info ][gc             ] GC(1) Pause Full (Metadata GC Threshold) 631M->63M(1542M) 89.644ms
[4.016s][info ][gc,cpu         ] GC(1) User=0.28s Sys=0.00s Real=0.09s
[4.016s][info ][safepoint      ] Safepoint "CollectForMetadataAllocation", Time since last: 1691017672 ns, Reaching safepoint: 2200 ns, At safepoint: 89728677 ns, Leaving safepoint: 9700 ns, Total: 89740577 ns, Threads: 0 runnable, 16 total
[5.858s][debug][gc,phases      ] GC(2) Pre Compact 0.017ms
[5.858s][info ][gc,start       ] GC(2) Pause Full (Metadata GC Threshold)
[5.858s][info ][gc,phases,start] GC(2) Marking Phase
[5.889s][debug][gc,phases      ] GC(2) Par Mark 31.695ms
[5.890s][debug][gc,ref         ] GC(2) ReferenceProcessor::execute queues: 4, RefProcThreadModel::Multi, marks_oops_alive: false
[5.891s][debug][gc,ref         ] GC(2) ReferenceProcessor::execute queues: 4, RefProcThreadModel::Multi, marks_oops_alive: true
[5.891s][debug][gc,ref         ] GC(2) ReferenceProcessor::execute queues: 1, RefProcThreadModel::Single, marks_oops_alive: false
[5.891s][debug][gc,phases      ] GC(2) Reference Processing 1.650ms
[5.891s][debug][gc,phases      ] GC(2) Flush Marking Stats 0.015ms
[5.891s][debug][gc,phases      ] GC(2)   VM Weak                        Min: 0.00, Avg: 0.00, Max: 0.00, Diff: 0.00, Sum: 0.01, Workers: 4
[5.891s][debug][gc,phases      ] GC(2)     Dead                           Min: 0, Avg:  0.0, Max: 0, Diff: 0, Sum: 0, Workers: 4
[5.891s][debug][gc,phases      ] GC(2)     Total                          Min: 0, Avg: 90.5, Max: 192, Diff: 192, Sum: 362, Workers: 4
[5.891s][debug][gc,phases      ] GC(2)   ObjectSynchronizer Weak        Min: 0.00, Avg: 0.00, Max: 0.00, Diff: 0.00, Sum: 0.00, Workers: 4
[5.891s][debug][gc,phases      ] GC(2)     Dead                           Min: 0, Avg:  0.8, Max: 3, Diff: 3, Sum: 3, Workers: 4
[5.891s][debug][gc,phases      ] GC(2)     Total                          Min: 0, Avg:  6.5, Max: 26, Diff: 26, Sum: 26, Workers: 4
[5.891s][debug][gc,phases      ] GC(2)   JVMTI Tag Weak OopStorage      Min: 0.00, Avg: 0.00, Max: 0.00, Diff: 0.00, Sum: 0.00, Workers: 4
[5.891s][debug][gc,phases      ] GC(2)     Dead                           Min: 0, Avg:  0.0, Max: 0, Diff: 0, Sum: 0, Workers: 4
[5.891s][debug][gc,phases      ] GC(2)     Total                          Min: 0, Avg:  0.0, Max: 0, Diff: 0, Sum: 0, Workers: 4
[5.891s][debug][gc,phases      ] GC(2)   StringTable Weak               Min: 0.00, Avg: 0.10, Max: 0.14, Diff: 0.14, Sum: 0.40, Workers: 4
[5.891s][debug][gc,phases      ] GC(2)     Dead                           Min: 0, Avg:  3.8, Max: 6, Diff: 6, Sum: 15, Workers: 4
[5.891s][debug][gc,phases      ] GC(2)     Total                          Min: 0, Avg: 7378.8, Max: 11467, Diff: 11467, Sum: 29515, Workers: 4
[5.891s][debug][gc,phases      ] GC(2)   ResolvedMethodTable Weak       Min: 0.00, Avg: 0.04, Max: 0.06, Diff: 0.06, Sum: 0.17, Workers: 4
[5.891s][debug][gc,phases      ] GC(2)     Dead                           Min: 0, Avg: 1065.8, Max: 1759, Diff: 1759, Sum: 4263, Workers: 4
[5.891s][debug][gc,phases      ] GC(2)     Total                          Min: 0, Avg: 3018.2, Max: 4672, Diff: 4672, Sum: 12073, Workers: 4
[5.891s][debug][gc,phases      ] GC(2)   JNI Weak                       Min: 0.00, Avg: 0.00, Max: 0.00, Diff: 0.00, Sum: 0.00, Workers: 4
[5.891s][debug][gc,phases      ] GC(2)     Dead                           Min: 0, Avg:  0.0, Max: 0, Diff: 0, Sum: 0, Workers: 4
[5.891s][debug][gc,phases      ] GC(2)     Total                          Min: 0, Avg: 12.0, Max: 48, Diff: 48, Sum: 48, Workers: 4
[5.891s][debug][gc,phases      ] GC(2)   StringDedup Table Weak         Min: 0.00, Avg: 0.00, Max: 0.00, Diff: 0.00, Sum: 0.00, Workers: 4
[5.891s][debug][gc,phases      ] GC(2)     Dead                           Min: 0, Avg:  0.0, Max: 0, Diff: 0, Sum: 0, Workers: 4
[5.891s][debug][gc,phases      ] GC(2)     Total                          Min: 0, Avg:  0.0, Max: 0, Diff: 0, Sum: 0, Workers: 4
[5.891s][debug][gc,phases      ] GC(2)   StringDedup Requests0 Weak     Min: 0.00, Avg: 0.00, Max: 0.00, Diff: 0.00, Sum: 0.00, Workers: 4
[5.891s][debug][gc,phases      ] GC(2)     Dead                           Min: 0, Avg:  0.0, Max: 0, Diff: 0, Sum: 0, Workers: 4
[5.891s][debug][gc,phases      ] GC(2)     Total                          Min: 0, Avg:  0.0, Max: 0, Diff: 0, Sum: 0, Workers: 4
[5.891s][debug][gc,phases      ] GC(2)   StringDedup Requests1 Weak     Min: 0.00, Avg: 0.00, Max: 0.00, Diff: 0.00, Sum: 0.00, Workers: 4
[5.891s][debug][gc,phases      ] GC(2)     Dead                           Min: 0, Avg:  0.0, Max: 0, Diff: 0, Sum: 0, Workers: 4
[5.891s][debug][gc,phases      ] GC(2)     Total                          Min: 0, Avg:  0.0, Max: 0, Diff: 0, Sum: 0, Workers: 4
[5.891s][debug][gc,phases      ] GC(2)   Weak JFR Old Object Samples    Min: 0.00, Avg: 0.00, Max: 0.00, Diff: 0.00, Sum: 0.00, Workers: 4
[5.891s][debug][gc,phases      ] GC(2)     Dead                           Min: 0, Avg:  0.0, Max: 0, Diff: 0, Sum: 0, Workers: 4
[5.891s][debug][gc,phases      ] GC(2)     Total                          Min: 0, Avg:  0.0, Max: 0, Diff: 0, Sum: 0, Workers: 4
[5.891s][debug][gc,phases      ] GC(2) Weak Processing 0.388ms
[5.891s][debug][gc,phases      ] GC(2) ClassLoaderData 0.043ms
[5.891s][debug][gc,phases      ] GC(2) Trigger cleanups 0.000ms
[5.899s][debug][gc,phases      ] GC(2) Purge Unlinked NMethods 0.298ms
[5.899s][debug][gc,phases      ] GC(2) Unregister NMethods 0.036ms
[5.899s][debug][gc,phases      ] GC(2) Free Code Blobs 0.040ms
[5.899s][debug][gc,phases      ] GC(2) Class Unloading 7.570ms
[5.899s][debug][gc,phases      ] GC(2) Report Object Count 0.001ms
[5.899s][info ][gc,phases      ] GC(2) Marking Phase 41.388ms
[5.899s][info ][gc,phases,start] GC(2) Summary Phase
[5.899s][info ][gc,phases      ] GC(2) Summary Phase 0.009ms
[5.899s][info ][gc,phases,start] GC(2) Forward
[5.913s][info ][gc,phases      ] GC(2) Forward 14.077ms
[5.913s][info ][gc,phases,start] GC(2) Adjust Pointers
[5.935s][info ][gc,phases      ] GC(2) Adjust Pointers 21.497ms
[5.935s][info ][gc,phases,start] GC(2) Compaction Phase
[5.957s][info ][gc,phases      ] GC(2) Compaction Phase 22.840ms
[5.958s][info ][gc,phases,start] GC(2) Post Compact
[5.959s][debug][gc,phases      ] GC(2) Purge Class Loader Data 0.264ms
[5.959s][info ][gc,phases      ] GC(2) Post Compact 1.365ms
[5.959s][info ][gc,heap        ] GC(2) PSYoungGen: 469606K(1572864K)->80711K(1572864K) Eden: 469606K(1048576K)->80711K(1048576K) From: 0K(524288K)->0K(524288K)
[5.959s][info ][gc,heap        ] GC(2) ParOldGen: 5226K(6144K)->5225K(6144K)
[5.959s][info ][gc,metaspace   ] GC(2) Metaspace: 59219K(59776K)->59219K(59776K) NonClass: 50010K(50304K)->50010K(50304K) Class: 9208K(9472K)->9208K(9472K)
[5.959s][info ][gc             ] GC(2) Pause Full (Metadata GC Threshold) 463M->83M(1542M) 101.803ms
[5.959s][info ][gc,cpu         ] GC(2) User=0.30s Sys=0.00s Real=0.11s
[5.959s][info ][safepoint      ] Safepoint "CollectForMetadataAllocation", Time since last: 1841019818 ns, Reaching safepoint: 3000 ns, At safepoint: 101890231 ns, Leaving safepoint: 10900 ns, Total: 101904131 ns, Threads: 0 runnable, 16 total
[14.554s][info ][gc,start       ] GC(3) Pause Young (Allocation Failure)
[14.638s][debug][gc,phases      ] GC(3) Scavenge 83.784ms
[14.638s][debug][gc,ref         ] GC(3) ReferenceProcessor::execute queues: 4, RefProcThreadModel::Multi, marks_oops_alive: false
[14.640s][debug][gc,ref         ] GC(3) ReferenceProcessor::execute queues: 4, RefProcThreadModel::Multi, marks_oops_alive: true
[14.640s][debug][gc,ref         ] GC(3) ReferenceProcessor::execute queues: 1, RefProcThreadModel::Single, marks_oops_alive: false
[14.640s][debug][gc,phases      ] GC(3) Reference Processing 2.053ms
[14.640s][debug][gc,phases      ] GC(3)   VM Weak                        Min: 0.00, Avg: 0.00, Max: 0.01, Diff: 0.01, Sum: 0.02, Workers: 4
[14.640s][debug][gc,phases      ] GC(3)     Dead                           Min: 0, Avg:  0.0, Max: 0, Diff: 0, Sum: 0, Workers: 4
[14.640s][debug][gc,phases      ] GC(3)     Total                          Min: 0, Avg: 150.8, Max: 448, Diff: 448, Sum: 603, Workers: 4
[14.640s][debug][gc,phases      ] GC(3)   ObjectSynchronizer Weak        Min: 0.00, Avg: 0.00, Max: 0.00, Diff: 0.00, Sum: 0.00, Workers: 4
[14.640s][debug][gc,phases      ] GC(3)     Dead                           Min: 0, Avg:  5.5, Max: 13, Diff: 13, Sum: 22, Workers: 4
[14.640s][debug][gc,phases      ] GC(3)     Total                          Min: 0, Avg: 22.8, Max: 64, Diff: 64, Sum: 91, Workers: 4
[14.640s][debug][gc,phases      ] GC(3)   JVMTI Tag Weak OopStorage      Min: 0.00, Avg: 0.00, Max: 0.00, Diff: 0.00, Sum: 0.00, Workers: 4
[14.640s][debug][gc,phases      ] GC(3)     Dead                           Min: 0, Avg:  0.0, Max: 0, Diff: 0, Sum: 0, Workers: 4
[14.640s][debug][gc,phases      ] GC(3)     Total                          Min: 0, Avg:  0.0, Max: 0, Diff: 0, Sum: 0, Workers: 4
[14.640s][debug][gc,phases      ] GC(3)   StringTable Weak               Min: 0.00, Avg: 0.28, Max: 0.38, Diff: 0.38, Sum: 1.12, Workers: 4
[14.640s][debug][gc,phases      ] GC(3)     Dead                           Min: 0, Avg: 11.0, Max: 19, Diff: 19, Sum: 44, Workers: 4
[14.640s][debug][gc,phases      ] GC(3)     Total                          Min: 0, Avg: 10979.0, Max: 15104, Diff: 15104, Sum: 43916, Workers: 4
[14.640s][debug][gc,phases      ] GC(3)   ResolvedMethodTable Weak       Min: 0.00, Avg: 0.14, Max: 0.18, Diff: 0.18, Sum: 0.55, Workers: 4
[14.640s][debug][gc,phases      ] GC(3)     Dead                           Min: 0, Avg: 860.8, Max: 1206, Diff: 1206, Sum: 3443, Workers: 4
[14.640s][debug][gc,phases      ] GC(3)     Total                          Min: 0, Avg: 4089.0, Max: 5668, Diff: 5668, Sum: 16356, Workers: 4
[14.640s][debug][gc,phases      ] GC(3)   JNI Weak                       Min: 0.00, Avg: 0.00, Max: 0.00, Diff: 0.00, Sum: 0.00, Workers: 4
[14.640s][debug][gc,phases      ] GC(3)     Dead                           Min: 0, Avg:  0.0, Max: 0, Diff: 0, Sum: 0, Workers: 4
[14.641s][debug][gc,phases      ] GC(3)     Total                          Min: 0, Avg: 19.8, Max: 59, Diff: 59, Sum: 79, Workers: 4
[14.641s][debug][gc,phases      ] GC(3)   StringDedup Table Weak         Min: 0.00, Avg: 0.00, Max: 0.00, Diff: 0.00, Sum: 0.00, Workers: 4
[14.641s][debug][gc,phases      ] GC(3)     Dead                           Min: 0, Avg:  0.0, Max: 0, Diff: 0, Sum: 0, Workers: 4
[14.641s][debug][gc,phases      ] GC(3)     Total                          Min: 0, Avg:  0.0, Max: 0, Diff: 0, Sum: 0, Workers: 4
[14.641s][debug][gc,phases      ] GC(3)   StringDedup Requests0 Weak     Min: 0.00, Avg: 0.00, Max: 0.00, Diff: 0.00, Sum: 0.00, Workers: 4
[14.641s][debug][gc,phases      ] GC(3)     Dead                           Min: 0, Avg:  0.0, Max: 0, Diff: 0, Sum: 0, Workers: 4
[14.641s][debug][gc,phases      ] GC(3)     Total                          Min: 0, Avg:  0.0, Max: 0, Diff: 0, Sum: 0, Workers: 4
[14.641s][debug][gc,phases      ] GC(3)   StringDedup Requests1 Weak     Min: 0.00, Avg: 0.00, Max: 0.00, Diff: 0.00, Sum: 0.00, Workers: 4
[14.641s][debug][gc,phases      ] GC(3)     Dead                           Min: 0, Avg:  0.0, Max: 0, Diff: 0, Sum: 0, Workers: 4
[14.641s][debug][gc,phases      ] GC(3)     Total                          Min: 0, Avg:  0.0, Max: 0, Diff: 0, Sum: 0, Workers: 4
[14.641s][debug][gc,phases      ] GC(3)   Weak JFR Old Object Samples    Min: 0.00, Avg: 0.00, Max: 0.00, Diff: 0.00, Sum: 0.00, Workers: 4
[14.641s][debug][gc,phases      ] GC(3)     Dead                           Min: 0, Avg:  0.0, Max: 0, Diff: 0, Sum: 0, Workers: 4
[14.641s][debug][gc,phases      ] GC(3)     Total                          Min: 0, Avg:  0.0, Max: 0, Diff: 0, Sum: 0, Workers: 4
[14.641s][debug][gc,phases      ] GC(3) Weak Processing 0.758ms
[14.641s][debug][gc,age         ] GC(3) Desired survivor size 536870912 bytes, new threshold 7 (max threshold 15)
[14.641s][info ][gc,heap        ] GC(3) PSYoungGen: 1048576K(1572864K)->135493K(1572864K) Eden: 1048576K(1048576K)->0K(1048576K) From: 0K(524288K)->135493K(524288K)
[14.641s][info ][gc,heap        ] GC(3) ParOldGen: 5225K(6144K)->5301K(6144K)
[14.641s][info ][gc,metaspace   ] GC(3) Metaspace: 91833K(92672K)->91833K(92672K) NonClass: 78043K(78528K)->78043K(78528K) Class: 13789K(14144K)->13789K(14144K)
[14.641s][info ][gc             ] GC(3) Pause Young (Allocation Failure) 1029M->137M(1542M) 86.719ms
[14.641s][info ][gc,cpu         ] GC(3) User=0.24s Sys=0.05s Real=0.09s
[14.641s][info ][safepoint      ] Safepoint "ParallelCollectForAllocation", Time since last: 8594330788 ns, Reaching safepoint: 86500 ns, At safepoint: 86781223 ns, Leaving safepoint: 31600 ns, Total: 86899323 ns, Threads: 5 runnable, 35 total
[19.628s][debug][gc,phases      ] GC(4) Pre Compact 0.020ms
[19.628s][info ][gc,start       ] GC(4) Pause Full (Metadata GC Threshold)
[19.628s][info ][gc,phases,start] GC(4) Marking Phase
[19.680s][debug][gc,phases      ] GC(4) Par Mark 51.464ms
[19.680s][debug][gc,ref         ] GC(4) ReferenceProcessor::execute queues: 4, RefProcThreadModel::Multi, marks_oops_alive: false
[19.681s][debug][gc,ref         ] GC(4) Skipped KeepAliveFinalRefsPhase of Reference Processing: no references
[19.681s][debug][gc,ref         ] GC(4) ReferenceProcessor::execute queues: 1, RefProcThreadModel::Single, marks_oops_alive: false
[19.681s][debug][gc,phases      ] GC(4) Reference Processing 0.944ms
[19.681s][debug][gc,phases      ] GC(4) Flush Marking Stats 0.012ms
[19.681s][debug][gc,phases      ] GC(4)   VM Weak                        Min: 0.00, Avg: 0.00, Max: 0.01, Diff: 0.01, Sum: 0.01, Workers: 4
[19.681s][debug][gc,phases      ] GC(4)     Dead                           Min: 0, Avg:  0.5, Max: 1, Diff: 1, Sum: 2, Workers: 4
[19.681s][debug][gc,phases      ] GC(4)     Total                          Min: 0, Avg: 167.8, Max: 256, Diff: 256, Sum: 671, Workers: 4
[19.681s][debug][gc,phases      ] GC(4)   ObjectSynchronizer Weak        Min: 0.00, Avg: 0.00, Max: 0.00, Diff: 0.00, Sum: 0.00, Workers: 4
[19.681s][debug][gc,phases      ] GC(4)     Dead                           Min: 0, Avg:  0.8, Max: 2, Diff: 2, Sum: 3, Workers: 4
[19.681s][debug][gc,phases      ] GC(4)     Total                          Min: 0, Avg: 23.8, Max: 64, Diff: 64, Sum: 95, Workers: 4
[19.681s][debug][gc,phases      ] GC(4)   JVMTI Tag Weak OopStorage      Min: 0.00, Avg: 0.00, Max: 0.00, Diff: 0.00, Sum: 0.00, Workers: 4
[19.681s][debug][gc,phases      ] GC(4)     Dead                           Min: 0, Avg:  0.0, Max: 0, Diff: 0, Sum: 0, Workers: 4
[19.681s][debug][gc,phases      ] GC(4)     Total                          Min: 0, Avg:  0.0, Max: 0, Diff: 0, Sum: 0, Workers: 4
[19.681s][debug][gc,phases      ] GC(4)   StringTable Weak               Min: 0.14, Avg: 0.14, Max: 0.14, Diff: 0.00, Sum: 0.57, Workers: 4
[19.681s][debug][gc,phases      ] GC(4)     Dead                           Min: 1, Avg:  4.0, Max: 7, Diff: 6, Sum: 16, Workers: 4
[19.681s][debug][gc,phases      ] GC(4)     Total                          Min: 11392, Avg: 11671.5, Max: 12096, Diff: 704, Sum: 46686, Workers: 4
[19.681s][debug][gc,phases      ] GC(4)   ResolvedMethodTable Weak       Min: 0.05, Avg: 0.05, Max: 0.05, Diff: 0.00, Sum: 0.20, Workers: 4
[19.681s][debug][gc,phases      ] GC(4)     Dead                           Min: 219, Avg: 251.0, Max: 269, Diff: 50, Sum: 1004, Workers: 4
[19.681s][debug][gc,phases      ] GC(4)     Total                          Min: 3744, Avg: 3810.2, Max: 3870, Diff: 126, Sum: 15241, Workers: 4
[19.681s][debug][gc,phases      ] GC(4)   JNI Weak                       Min: 0.00, Avg: 0.00, Max: 0.00, Diff: 0.00, Sum: 0.00, Workers: 4
[19.681s][debug][gc,phases      ] GC(4)     Dead                           Min: 0, Avg:  0.0, Max: 0, Diff: 0, Sum: 0, Workers: 4
[19.681s][debug][gc,phases      ] GC(4)     Total                          Min: 0, Avg: 27.2, Max: 57, Diff: 57, Sum: 109, Workers: 4
[19.681s][debug][gc,phases      ] GC(4)   StringDedup Table Weak         Min: 0.00, Avg: 0.00, Max: 0.00, Diff: 0.00, Sum: 0.00, Workers: 4
[19.681s][debug][gc,phases      ] GC(4)     Dead                           Min: 0, Avg:  0.0, Max: 0, Diff: 0, Sum: 0, Workers: 4
[19.681s][debug][gc,phases      ] GC(4)     Total                          Min: 0, Avg:  0.0, Max: 0, Diff: 0, Sum: 0, Workers: 4
[19.681s][debug][gc,phases      ] GC(4)   StringDedup Requests0 Weak     Min: 0.00, Avg: 0.00, Max: 0.00, Diff: 0.00, Sum: 0.00, Workers: 4
[19.681s][debug][gc,phases      ] GC(4)     Dead                           Min: 0, Avg:  0.0, Max: 0, Diff: 0, Sum: 0, Workers: 4
[19.681s][debug][gc,phases      ] GC(4)     Total                          Min: 0, Avg:  0.0, Max: 0, Diff: 0, Sum: 0, Workers: 4
[19.681s][debug][gc,phases      ] GC(4)   StringDedup Requests1 Weak     Min: 0.00, Avg: 0.00, Max: 0.00, Diff: 0.00, Sum: 0.00, Workers: 4
[19.681s][debug][gc,phases      ] GC(4)     Dead                           Min: 0, Avg:  0.0, Max: 0, Diff: 0, Sum: 0, Workers: 4
[19.681s][debug][gc,phases      ] GC(4)     Total                          Min: 0, Avg:  0.0, Max: 0, Diff: 0, Sum: 0, Workers: 4
[19.681s][debug][gc,phases      ] GC(4)   Weak JFR Old Object Samples    Min: 0.00, Avg: 0.00, Max: 0.00, Diff: 0.00, Sum: 0.00, Workers: 4
[19.681s][debug][gc,phases      ] GC(4)     Dead                           Min: 0, Avg:  0.0, Max: 0, Diff: 0, Sum: 0, Workers: 4
[19.681s][debug][gc,phases      ] GC(4)     Total                          Min: 0, Avg:  0.0, Max: 0, Diff: 0, Sum: 0, Workers: 4
[19.681s][debug][gc,phases      ] GC(4) Weak Processing 0.365ms
[19.681s][debug][gc,phases      ] GC(4) ClassLoaderData 0.176ms
[19.681s][debug][gc,phases      ] GC(4) Trigger cleanups 0.005ms
[19.702s][debug][gc,phases      ] GC(4) Purge Unlinked NMethods 0.346ms
[19.702s][debug][gc,phases      ] GC(4) Unregister NMethods 0.120ms
[19.702s][debug][gc,phases      ] GC(4) Free Code Blobs 0.036ms
[19.711s][debug][gc,phases      ] GC(4) Class Unloading 29.915ms
[19.711s][debug][gc,phases      ] GC(4) Report Object Count 0.001ms
[19.711s][info ][gc,phases      ] GC(4) Marking Phase 82.780ms
[19.711s][info ][gc,phases,start] GC(4) Summary Phase
[19.711s][info ][gc,phases      ] GC(4) Summary Phase 0.070ms
[19.711s][info ][gc,phases,start] GC(4) Forward
[19.724s][info ][gc,phases      ] GC(4) Forward 13.364ms
[19.724s][info ][gc,phases,start] GC(4) Adjust Pointers
[19.763s][info ][gc,phases      ] GC(4) Adjust Pointers 38.497ms
[19.763s][info ][gc,phases,start] GC(4) Compaction Phase
[19.783s][info ][gc,phases      ] GC(4) Compaction Phase 20.339ms
[19.784s][info ][gc,phases,start] GC(4) Post Compact
[19.786s][debug][gc,phases      ] GC(4) Purge Class Loader Data 1.370ms
[19.788s][info ][gc,phases      ] GC(4) Post Compact 3.917ms
[19.788s][info ][gc,heap        ] GC(4) PSYoungGen: 421510K(1572864K)->149826K(1572864K) Eden: 286016K(1048576K)->149826K(1048576K) From: 135493K(524288K)->0K(524288K)
[19.788s][info ][gc,heap        ] GC(4) ParOldGen: 5301K(6144K)->6143K(6144K)
[19.788s][info ][gc,metaspace   ] GC(4) Metaspace: 98706K(99648K)->98702K(99648K) NonClass: 83796K(84352K)->83794K(84352K) Class: 14909K(15296K)->14908K(15296K)
[19.788s][info ][gc             ] GC(4) Pause Full (Metadata GC Threshold) 416M->152M(1542M) 159.589ms
[19.788s][info ][gc,cpu         ] GC(4) User=0.46s Sys=0.01s Real=0.16s
[19.788s][info ][safepoint      ] Safepoint "CollectForMetadataAllocation", Time since last: 4987318261 ns, Reaching safepoint: 84900 ns, At safepoint: 159685365 ns, Leaving safepoint: 25900 ns, Total: 159796165 ns, Threads: 3 runnable, 36 total
[22.536s][info ][gc,start       ] GC(5) Pause Young (Allocation Failure)
[22.629s][debug][gc,phases      ] GC(5) Scavenge 92.287ms
[22.629s][debug][gc,ref         ] GC(5) ReferenceProcessor::execute queues: 4, RefProcThreadModel::Multi, marks_oops_alive: false
[22.630s][debug][gc,ref         ] GC(5) ReferenceProcessor::execute queues: 4, RefProcThreadModel::Multi, marks_oops_alive: true
[22.630s][debug][gc,ref         ] GC(5) ReferenceProcessor::execute queues: 1, RefProcThreadModel::Single, marks_oops_alive: false
[22.630s][debug][gc,phases      ] GC(5) Reference Processing 1.189ms
[22.630s][debug][gc,phases      ] GC(5)   VM Weak                        Min: 0.00, Avg: 0.01, Max: 0.01, Diff: 0.01, Sum: 0.02, Workers: 4
[22.630s][debug][gc,phases      ] GC(5)     Dead                           Min: 0, Avg:  0.0, Max: 0, Diff: 0, Sum: 0, Workers: 4
[22.630s][debug][gc,phases      ] GC(5)     Total                          Min: 51, Avg: 188.8, Max: 256, Diff: 205, Sum: 755, Workers: 4
[22.630s][debug][gc,phases      ] GC(5)   ObjectSynchronizer Weak        Min: 0.00, Avg: 0.00, Max: 0.00, Diff: 0.00, Sum: 0.00, Workers: 4
[22.630s][debug][gc,phases      ] GC(5)     Dead                           Min: 0, Avg:  0.0, Max: 0, Diff: 0, Sum: 0, Workers: 4
[22.630s][debug][gc,phases      ] GC(5)     Total                          Min: 0, Avg: 24.2, Max: 64, Diff: 64, Sum: 97, Workers: 4
[22.630s][debug][gc,phases      ] GC(5)   JVMTI Tag Weak OopStorage      Min: 0.00, Avg: 0.00, Max: 0.00, Diff: 0.00, Sum: 0.00, Workers: 4
[22.630s][debug][gc,phases      ] GC(5)     Dead                           Min: 0, Avg:  0.0, Max: 0, Diff: 0, Sum: 0, Workers: 4
[22.630s][debug][gc,phases      ] GC(5)     Total                          Min: 0, Avg:  0.0, Max: 0, Diff: 0, Sum: 0, Workers: 4
[22.630s][debug][gc,phases      ] GC(5)   StringTable Weak               Min: 0.29, Avg: 0.29, Max: 0.29, Diff: 0.00, Sum: 1.15, Workers: 4
[22.630s][debug][gc,phases      ] GC(5)     Dead                           Min: 0, Avg:  1.2, Max: 2, Diff: 2, Sum: 5, Workers: 4
[22.630s][debug][gc,phases      ] GC(5)     Total                          Min: 11072, Avg: 11816.2, Max: 12257, Diff: 1185, Sum: 47265, Workers: 4
[22.630s][debug][gc,phases      ] GC(5)   ResolvedMethodTable Weak       Min: 0.12, Avg: 0.12, Max: 0.12, Diff: 0.00, Sum: 0.47, Workers: 4
[22.630s][debug][gc,phases      ] GC(5)     Dead                           Min: 27, Avg: 38.0, Max: 51, Diff: 24, Sum: 152, Workers: 4
[22.630s][debug][gc,phases      ] GC(5)     Total                          Min: 3905, Avg: 3959.8, Max: 4043, Diff: 138, Sum: 15839, Workers: 4
[22.630s][debug][gc,phases      ] GC(5)   JNI Weak                       Min: 0.00, Avg: 0.00, Max: 0.00, Diff: 0.00, Sum: 0.00, Workers: 4
[22.630s][debug][gc,phases      ] GC(5)     Dead                           Min: 0, Avg:  0.0, Max: 0, Diff: 0, Sum: 0, Workers: 4
[22.630s][debug][gc,phases      ] GC(5)     Total                          Min: 0, Avg: 18.5, Max: 53, Diff: 53, Sum: 74, Workers: 4
[22.630s][debug][gc,phases      ] GC(5)   StringDedup Table Weak         Min: 0.00, Avg: 0.00, Max: 0.00, Diff: 0.00, Sum: 0.00, Workers: 4
[22.630s][debug][gc,phases      ] GC(5)     Dead                           Min: 0, Avg:  0.0, Max: 0, Diff: 0, Sum: 0, Workers: 4
[22.630s][debug][gc,phases      ] GC(5)     Total                          Min: 0, Avg:  0.0, Max: 0, Diff: 0, Sum: 0, Workers: 4
[22.630s][debug][gc,phases      ] GC(5)   StringDedup Requests0 Weak     Min: 0.00, Avg: 0.00, Max: 0.00, Diff: 0.00, Sum: 0.00, Workers: 4
[22.630s][debug][gc,phases      ] GC(5)     Dead                           Min: 0, Avg:  0.0, Max: 0, Diff: 0, Sum: 0, Workers: 4
[22.630s][debug][gc,phases      ] GC(5)     Total                          Min: 0, Avg:  0.0, Max: 0, Diff: 0, Sum: 0, Workers: 4
[22.630s][debug][gc,phases      ] GC(5)   StringDedup Requests1 Weak     Min: 0.00, Avg: 0.00, Max: 0.00, Diff: 0.00, Sum: 0.00, Workers: 4
[22.630s][debug][gc,phases      ] GC(5)     Dead                           Min: 0, Avg:  0.0, Max: 0, Diff: 0, Sum: 0, Workers: 4
[22.630s][debug][gc,phases      ] GC(5)     Total                          Min: 0, Avg:  0.0, Max: 0, Diff: 0, Sum: 0, Workers: 4
[22.631s][debug][gc,phases      ] GC(5)   Weak JFR Old Object Samples    Min: 0.00, Avg: 0.00, Max: 0.00, Diff: 0.00, Sum: 0.00, Workers: 4
[22.631s][debug][gc,phases      ] GC(5)     Dead                           Min: 0, Avg:  0.0, Max: 0, Diff: 0, Sum: 0, Workers: 4
[22.631s][debug][gc,phases      ] GC(5)     Total                          Min: 0, Avg:  0.0, Max: 0, Diff: 0, Sum: 0, Workers: 4
[22.631s][debug][gc,phases      ] GC(5) Weak Processing 0.581ms
[22.631s][debug][gc,age         ] GC(5) Desired survivor size 536870912 bytes, new threshold 7 (max threshold 15)
[22.631s][info ][gc,heap        ] GC(5) PSYoungGen: 1048576K(1572864K)->208029K(1572864K) Eden: 1048576K(1048576K)->0K(1048576K) From: 0K(524288K)->208029K(524288K)
[22.631s][info ][gc,heap        ] GC(5) ParOldGen: 6143K(6144K)->6151K(6656K)
[22.631s][info ][gc,metaspace   ] GC(5) Metaspace: 101033K(102080K)->101033K(102080K) NonClass: 85877K(86464K)->85877K(86464K) Class: 15156K(15616K)->15156K(15616K)
[22.631s][info ][gc             ] GC(5) Pause Young (Allocation Failure) 1029M->209M(1542M) 94.167ms
[22.631s][info ][gc,cpu         ] GC(5) User=0.24s Sys=0.12s Real=0.10s
[22.631s][info ][safepoint      ] Safepoint "ParallelCollectForAllocation", Time since last: 2748585992 ns, Reaching safepoint: 7700 ns, At safepoint: 94227956 ns, Leaving safepoint: 12599 ns, Total: 94248255 ns, Threads: 0 runnable, 36 total
[44.703s][info ][gc,start       ] GC(6) Pause Young (Allocation Failure)
[44.780s][debug][gc,phases      ] GC(6) Scavenge 77.125ms
[44.780s][debug][gc,ref         ] GC(6) ReferenceProcessor::execute queues: 4, RefProcThreadModel::Multi, marks_oops_alive: false
[44.781s][debug][gc,ref         ] GC(6) ReferenceProcessor::execute queues: 4, RefProcThreadModel::Multi, marks_oops_alive: true
[44.781s][debug][gc,ref         ] GC(6) ReferenceProcessor::execute queues: 1, RefProcThreadModel::Single, marks_oops_alive: false
[44.781s][debug][gc,phases      ] GC(6) Reference Processing 1.121ms
[44.782s][debug][gc,phases      ] GC(6)   VM Weak                        Min: 0.00, Avg: 0.01, Max: 0.01, Diff: 0.01, Sum: 0.02, Workers: 4
[44.782s][debug][gc,phases      ] GC(6)     Dead                           Min: 0, Avg:  0.0, Max: 0, Diff: 0, Sum: 0, Workers: 4
[44.782s][debug][gc,phases      ] GC(6)     Total                          Min: 0, Avg: 193.2, Max: 384, Diff: 384, Sum: 773, Workers: 4
[44.782s][debug][gc,phases      ] GC(6)   ObjectSynchronizer Weak        Min: 0.00, Avg: 0.00, Max: 0.00, Diff: 0.00, Sum: 0.00, Workers: 4
[44.782s][debug][gc,phases      ] GC(6)     Dead                           Min: 0, Avg:  0.2, Max: 1, Diff: 1, Sum: 1, Workers: 4
[44.782s][debug][gc,phases      ] GC(6)     Total                          Min: 0, Avg: 24.2, Max: 64, Diff: 64, Sum: 97, Workers: 4
[44.782s][debug][gc,phases      ] GC(6)   JVMTI Tag Weak OopStorage      Min: 0.00, Avg: 0.00, Max: 0.00, Diff: 0.00, Sum: 0.00, Workers: 4
[44.782s][debug][gc,phases      ] GC(6)     Dead                           Min: 0, Avg:  0.0, Max: 0, Diff: 0, Sum: 0, Workers: 4
[44.782s][debug][gc,phases      ] GC(6)     Total                          Min: 0, Avg:  0.0, Max: 0, Diff: 0, Sum: 0, Workers: 4
[44.782s][debug][gc,phases      ] GC(6)   StringTable Weak               Min: 0.00, Avg: 0.26, Max: 0.35, Diff: 0.35, Sum: 1.06, Workers: 4
[44.782s][debug][gc,phases      ] GC(6)     Dead                           Min: 0, Avg:  0.8, Max: 2, Diff: 2, Sum: 3, Workers: 4
[44.782s][debug][gc,phases      ] GC(6)     Total                          Min: 0, Avg: 11943.5, Max: 20160, Diff: 20160, Sum: 47774, Workers: 4
[44.782s][debug][gc,phases      ] GC(6)   ResolvedMethodTable Weak       Min: 0.00, Avg: 0.08, Max: 0.11, Diff: 0.11, Sum: 0.34, Workers: 4
[44.782s][debug][gc,phases      ] GC(6)     Dead                           Min: 0, Avg: 15.0, Max: 32, Diff: 32, Sum: 60, Workers: 4
[44.782s][debug][gc,phases      ] GC(6)     Total                          Min: 0, Avg: 4008.0, Max: 6810, Diff: 6810, Sum: 16032, Workers: 4
[44.782s][debug][gc,phases      ] GC(6)   JNI Weak                       Min: 0.00, Avg: 0.00, Max: 0.00, Diff: 0.00, Sum: 0.00, Workers: 4
[44.782s][debug][gc,phases      ] GC(6)     Dead                           Min: 0, Avg:  0.0, Max: 0, Diff: 0, Sum: 0, Workers: 4
[44.782s][debug][gc,phases      ] GC(6)     Total                          Min: 0, Avg: 13.0, Max: 48, Diff: 48, Sum: 52, Workers: 4
[44.782s][debug][gc,phases      ] GC(6)   StringDedup Table Weak         Min: 0.00, Avg: 0.00, Max: 0.00, Diff: 0.00, Sum: 0.00, Workers: 4
[44.782s][debug][gc,phases      ] GC(6)     Dead                           Min: 0, Avg:  0.0, Max: 0, Diff: 0, Sum: 0, Workers: 4
[44.782s][debug][gc,phases      ] GC(6)     Total                          Min: 0, Avg:  0.0, Max: 0, Diff: 0, Sum: 0, Workers: 4
[44.782s][debug][gc,phases      ] GC(6)   StringDedup Requests0 Weak     Min: 0.00, Avg: 0.00, Max: 0.00, Diff: 0.00, Sum: 0.00, Workers: 4
[44.782s][debug][gc,phases      ] GC(6)     Dead                           Min: 0, Avg:  0.0, Max: 0, Diff: 0, Sum: 0, Workers: 4
[44.782s][debug][gc,phases      ] GC(6)     Total                          Min: 0, Avg:  0.0, Max: 0, Diff: 0, Sum: 0, Workers: 4
[44.782s][debug][gc,phases      ] GC(6)   StringDedup Requests1 Weak     Min: 0.00, Avg: 0.00, Max: 0.00, Diff: 0.00, Sum: 0.00, Workers: 4
[44.782s][debug][gc,phases      ] GC(6)     Dead                           Min: 0, Avg:  0.0, Max: 0, Diff: 0, Sum: 0, Workers: 4
[44.782s][debug][gc,phases      ] GC(6)     Total                          Min: 0, Avg:  0.0, Max: 0, Diff: 0, Sum: 0, Workers: 4
[44.782s][debug][gc,phases      ] GC(6)   Weak JFR Old Object Samples    Min: 0.00, Avg: 0.00, Max: 0.00, Diff: 0.00, Sum: 0.00, Workers: 4
[44.782s][debug][gc,phases      ] GC(6)     Dead                           Min: 0, Avg:  0.0, Max: 0, Diff: 0, Sum: 0, Workers: 4
[44.782s][debug][gc,phases      ] GC(6)     Total                          Min: 0, Avg:  0.0, Max: 0, Diff: 0, Sum: 0, Workers: 4
[44.782s][debug][gc,phases      ] GC(6) Weak Processing 0.640ms
[44.782s][debug][gc,age         ] GC(6) Desired survivor size 536870912 bytes, new threshold 7 (max threshold 15)
[44.782s][info ][gc,heap        ] GC(6) PSYoungGen: 1256605K(1572864K)->210905K(1572864K) Eden: 1048576K(1048576K)->0K(1048576K) From: 208029K(524288K)->210905K(524288K)
[44.782s][info ][gc,heap        ] GC(6) ParOldGen: 6151K(6656K)->6495K(6656K)
[44.782s][info ][gc,metaspace   ] GC(6) Metaspace: 102168K(103232K)->102168K(103232K) NonClass: 86918K(87552K)->86918K(87552K) Class: 15250K(15680K)->15250K(15680K)
[44.782s][info ][gc             ] GC(6) Pause Young (Allocation Failure) 1233M->212M(1542M) 79.027ms
[44.782s][info ][gc,cpu         ] GC(6) User=0.29s Sys=0.02s Real=0.08s
[44.782s][info ][safepoint      ] Safepoint "ParallelCollectForAllocation", Time since last: 22072088346 ns, Reaching safepoint: 5500 ns, At safepoint: 79088396 ns, Leaving safepoint: 9900 ns, Total: 79103796 ns, Threads: 0 runnable, 35 total
[70.493s][info ][gc,start       ] GC(7) Pause Young (Allocation Failure)
[70.566s][debug][gc,phases      ] GC(7) Scavenge 72.675ms
[70.566s][debug][gc,ref         ] GC(7) ReferenceProcessor::execute queues: 4, RefProcThreadModel::Multi, marks_oops_alive: false
[70.567s][debug][gc,ref         ] GC(7) ReferenceProcessor::execute queues: 4, RefProcThreadModel::Multi, marks_oops_alive: true
[70.567s][debug][gc,ref         ] GC(7) ReferenceProcessor::execute queues: 1, RefProcThreadModel::Single, marks_oops_alive: false
[70.567s][debug][gc,phases      ] GC(7) Reference Processing 1.058ms
[70.567s][debug][gc,phases      ] GC(7)   VM Weak                        Min: 0.00, Avg: 0.01, Max: 0.01, Diff: 0.01, Sum: 0.02, Workers: 4
[70.567s][debug][gc,phases      ] GC(7)     Dead                           Min: 0, Avg:  0.0, Max: 0, Diff: 0, Sum: 0, Workers: 4
[70.567s][debug][gc,phases      ] GC(7)     Total                          Min: 23, Avg: 197.8, Max: 384, Diff: 361, Sum: 791, Workers: 4
[70.567s][debug][gc,phases      ] GC(7)   ObjectSynchronizer Weak        Min: 0.00, Avg: 0.00, Max: 0.00, Diff: 0.00, Sum: 0.00, Workers: 4
[70.567s][debug][gc,phases      ] GC(7)     Dead                           Min: 0, Avg:  0.0, Max: 0, Diff: 0, Sum: 0, Workers: 4
[70.567s][debug][gc,phases      ] GC(7)     Total                          Min: 0, Avg:  1.8, Max: 7, Diff: 7, Sum: 7, Workers: 4
[70.567s][debug][gc,phases      ] GC(7)   JVMTI Tag Weak OopStorage      Min: 0.00, Avg: 0.00, Max: 0.00, Diff: 0.00, Sum: 0.00, Workers: 4
[70.567s][debug][gc,phases      ] GC(7)     Dead                           Min: 0, Avg:  0.0, Max: 0, Diff: 0, Sum: 0, Workers: 4
[70.567s][debug][gc,phases      ] GC(7)     Total                          Min: 0, Avg:  0.0, Max: 0, Diff: 0, Sum: 0, Workers: 4
[70.567s][debug][gc,phases      ] GC(7)   StringTable Weak               Min: 0.29, Avg: 0.29, Max: 0.29, Diff: 0.00, Sum: 1.17, Workers: 4
[70.567s][debug][gc,phases      ] GC(7)     Dead                           Min: 0, Avg:  0.5, Max: 2, Diff: 2, Sum: 2, Workers: 4
[70.567s][debug][gc,phases      ] GC(7)     Total                          Min: 11776, Avg: 11984.8, Max: 12163, Diff: 387, Sum: 47939, Workers: 4
[70.567s][debug][gc,phases      ] GC(7)   ResolvedMethodTable Weak       Min: 0.11, Avg: 0.11, Max: 0.11, Diff: 0.00, Sum: 0.45, Workers: 4
[70.567s][debug][gc,phases      ] GC(7)     Dead                           Min: 1, Avg:  6.0, Max: 10, Diff: 9, Sum: 24, Workers: 4
[70.567s][debug][gc,phases      ] GC(7)     Total                          Min: 3912, Avg: 4025.2, Max: 4286, Diff: 374, Sum: 16101, Workers: 4
[70.567s][debug][gc,phases      ] GC(7)   JNI Weak                       Min: 0.00, Avg: 0.00, Max: 0.00, Diff: 0.00, Sum: 0.00, Workers: 4
[70.567s][debug][gc,phases      ] GC(7)     Dead                           Min: 0, Avg:  0.0, Max: 0, Diff: 0, Sum: 0, Workers: 4
[70.567s][debug][gc,phases      ] GC(7)     Total                          Min: 0, Avg: 13.0, Max: 48, Diff: 48, Sum: 52, Workers: 4
[70.567s][debug][gc,phases      ] GC(7)   StringDedup Table Weak         Min: 0.00, Avg: 0.00, Max: 0.00, Diff: 0.00, Sum: 0.00, Workers: 4
[70.567s][debug][gc,phases      ] GC(7)     Dead                           Min: 0, Avg:  0.0, Max: 0, Diff: 0, Sum: 0, Workers: 4
[70.567s][debug][gc,phases      ] GC(7)     Total                          Min: 0, Avg:  0.0, Max: 0, Diff: 0, Sum: 0, Workers: 4
[70.567s][debug][gc,phases      ] GC(7)   StringDedup Requests0 Weak     Min: 0.00, Avg: 0.00, Max: 0.00, Diff: 0.00, Sum: 0.00, Workers: 4
[70.567s][debug][gc,phases      ] GC(7)     Dead                           Min: 0, Avg:  0.0, Max: 0, Diff: 0, Sum: 0, Workers: 4
[70.567s][debug][gc,phases      ] GC(7)     Total                          Min: 0, Avg:  0.0, Max: 0, Diff: 0, Sum: 0, Workers: 4
[70.567s][debug][gc,phases      ] GC(7)   StringDedup Requests1 Weak     Min: 0.00, Avg: 0.00, Max: 0.00, Diff: 0.00, Sum: 0.00, Workers: 4
[70.567s][debug][gc,phases      ] GC(7)     Dead                           Min: 0, Avg:  0.0, Max: 0, Diff: 0, Sum: 0, Workers: 4
[70.567s][debug][gc,phases      ] GC(7)     Total                          Min: 0, Avg:  0.0, Max: 0, Diff: 0, Sum: 0, Workers: 4
[70.567s][debug][gc,phases      ] GC(7)   Weak JFR Old Object Samples    Min: 0.00, Avg: 0.00, Max: 0.00, Diff: 0.00, Sum: 0.00, Workers: 4
[70.567s][debug][gc,phases      ] GC(7)     Dead                           Min: 0, Avg:  0.0, Max: 0, Diff: 0, Sum: 0, Workers: 4
[70.568s][debug][gc,phases      ] GC(7)     Total                          Min: 0, Avg:  0.0, Max: 0, Diff: 0, Sum: 0, Workers: 4
[70.568s][debug][gc,phases      ] GC(7) Weak Processing 0.587ms
[70.568s][debug][gc,age         ] GC(7) Desired survivor size 536870912 bytes, new threshold 7 (max threshold 15)
[70.568s][info ][gc,heap        ] GC(7) PSYoungGen: 1259481K(1572864K)->216082K(1572864K) Eden: 1048576K(1048576K)->0K(1048576K) From: 210905K(524288K)->216082K(524288K)
[70.568s][info ][gc,heap        ] GC(7) ParOldGen: 6495K(6656K)->6503K(6656K)
[70.568s][info ][gc,metaspace   ] GC(7) Metaspace: 102460K(103552K)->102460K(103552K) NonClass: 87181K(87808K)->87181K(87808K) Class: 15278K(15744K)->15278K(15744K)
[70.568s][info ][gc             ] GC(7) Pause Young (Allocation Failure) 1236M->217M(1542M) 74.461ms
[70.568s][info ][gc,cpu         ] GC(7) User=0.27s Sys=0.01s Real=0.07s
[70.568s][info ][safepoint      ] Safepoint "ParallelCollectForAllocation", Time since last: 25711270840 ns, Reaching safepoint: 5700 ns, At safepoint: 74524738 ns, Leaving safepoint: 9700 ns, Total: 74540138 ns, Threads: 0 runnable, 34 total
[94.992s][info ][gc,start       ] GC(8) Pause Young (Allocation Failure)
[95.065s][debug][gc,phases      ] GC(8) Scavenge 72.563ms
[95.065s][debug][gc,ref         ] GC(8) ReferenceProcessor::execute queues: 4, RefProcThreadModel::Multi, marks_oops_alive: false
[95.066s][debug][gc,ref         ] GC(8) ReferenceProcessor::execute queues: 4, RefProcThreadModel::Multi, marks_oops_alive: true
[95.066s][debug][gc,ref         ] GC(8) ReferenceProcessor::execute queues: 1, RefProcThreadModel::Single, marks_oops_alive: false
[95.066s][debug][gc,phases      ] GC(8) Reference Processing 1.166ms
[95.066s][debug][gc,phases      ] GC(8)   VM Weak                        Min: 0.00, Avg: 0.01, Max: 0.01, Diff: 0.01, Sum: 0.03, Workers: 4
[95.066s][debug][gc,phases      ] GC(8)     Dead                           Min: 0, Avg:  0.0, Max: 0, Diff: 0, Sum: 0, Workers: 4
[95.066s][debug][gc,phases      ] GC(8)     Total                          Min: 28, Avg: 199.0, Max: 384, Diff: 356, Sum: 796, Workers: 4
[95.066s][debug][gc,phases      ] GC(8)   ObjectSynchronizer Weak        Min: 0.00, Avg: 0.00, Max: 0.00, Diff: 0.00, Sum: 0.00, Workers: 4
[95.066s][debug][gc,phases      ] GC(8)     Dead                           Min: 0, Avg:  0.0, Max: 0, Diff: 0, Sum: 0, Workers: 4
[95.066s][debug][gc,phases      ] GC(8)     Total                          Min: 0, Avg:  1.8, Max: 7, Diff: 7, Sum: 7, Workers: 4
[95.066s][debug][gc,phases      ] GC(8)   JVMTI Tag Weak OopStorage      Min: 0.00, Avg: 0.00, Max: 0.00, Diff: 0.00, Sum: 0.00, Workers: 4
[95.066s][debug][gc,phases      ] GC(8)     Dead                           Min: 0, Avg:  0.0, Max: 0, Diff: 0, Sum: 0, Workers: 4
[95.066s][debug][gc,phases      ] GC(8)     Total                          Min: 0, Avg:  0.0, Max: 0, Diff: 0, Sum: 0, Workers: 4
[95.066s][debug][gc,phases      ] GC(8)   StringTable Weak               Min: 0.33, Avg: 0.33, Max: 0.33, Diff: 0.00, Sum: 1.32, Workers: 4
[95.066s][debug][gc,phases      ] GC(8)     Dead                           Min: 0, Avg:  0.2, Max: 1, Diff: 1, Sum: 1, Workers: 4
[95.066s][debug][gc,phases      ] GC(8)     Total                          Min: 11840, Avg: 12002.2, Max: 12234, Diff: 394, Sum: 48009, Workers: 4
[95.067s][debug][gc,phases      ] GC(8)   ResolvedMethodTable Weak       Min: 0.10, Avg: 0.10, Max: 0.10, Diff: 0.00, Sum: 0.41, Workers: 4
[95.067s][debug][gc,phases      ] GC(8)     Dead                           Min: 2, Avg:  5.5, Max: 10, Diff: 8, Sum: 22, Workers: 4
[95.067s][debug][gc,phases      ] GC(8)     Total                          Min: 3954, Avg: 4030.8, Max: 4161, Diff: 207, Sum: 16123, Workers: 4
[95.067s][debug][gc,phases      ] GC(8)   JNI Weak                       Min: 0.00, Avg: 0.00, Max: 0.00, Diff: 0.00, Sum: 0.00, Workers: 4
[95.067s][debug][gc,phases      ] GC(8)     Dead                           Min: 0, Avg:  0.0, Max: 0, Diff: 0, Sum: 0, Workers: 4
[95.067s][debug][gc,phases      ] GC(8)     Total                          Min: 0, Avg: 13.0, Max: 48, Diff: 48, Sum: 52, Workers: 4
[95.067s][debug][gc,phases      ] GC(8)   StringDedup Table Weak         Min: 0.00, Avg: 0.00, Max: 0.00, Diff: 0.00, Sum: 0.00, Workers: 4
[95.067s][debug][gc,phases      ] GC(8)     Dead                           Min: 0, Avg:  0.0, Max: 0, Diff: 0, Sum: 0, Workers: 4
[95.067s][debug][gc,phases      ] GC(8)     Total                          Min: 0, Avg:  0.0, Max: 0, Diff: 0, Sum: 0, Workers: 4
[95.067s][debug][gc,phases      ] GC(8)   StringDedup Requests0 Weak     Min: 0.00, Avg: 0.00, Max: 0.00, Diff: 0.00, Sum: 0.00, Workers: 4
[95.067s][debug][gc,phases      ] GC(8)     Dead                           Min: 0, Avg:  0.0, Max: 0, Diff: 0, Sum: 0, Workers: 4
[95.067s][debug][gc,phases      ] GC(8)     Total                          Min: 0, Avg:  0.0, Max: 0, Diff: 0, Sum: 0, Workers: 4
[95.067s][debug][gc,phases      ] GC(8)   StringDedup Requests1 Weak     Min: 0.00, Avg: 0.00, Max: 0.00, Diff: 0.00, Sum: 0.00, Workers: 4
[95.067s][debug][gc,phases      ] GC(8)     Dead                           Min: 0, Avg:  0.0, Max: 0, Diff: 0, Sum: 0, Workers: 4
[95.067s][debug][gc,phases      ] GC(8)     Total                          Min: 0, Avg:  0.0, Max: 0, Diff: 0, Sum: 0, Workers: 4
[95.067s][debug][gc,phases      ] GC(8)   Weak JFR Old Object Samples    Min: 0.00, Avg: 0.00, Max: 0.00, Diff: 0.00, Sum: 0.00, Workers: 4
[95.067s][debug][gc,phases      ] GC(8)     Dead                           Min: 0, Avg:  0.0, Max: 0, Diff: 0, Sum: 0, Workers: 4
[95.067s][debug][gc,phases      ] GC(8)     Total                          Min: 0, Avg:  0.0, Max: 0, Diff: 0, Sum: 0, Workers: 4
[95.067s][debug][gc,phases      ] GC(8) Weak Processing 0.623ms
[95.067s][debug][gc,age         ] GC(8) Desired survivor size 268435456 bytes, new threshold 6 (max threshold 15)
[95.067s][info ][gc,heap        ] GC(8) PSYoungGen: 1264658K(1572864K)->218857K(1572864K) Eden: 1048576K(1048576K)->0K(1048576K) From: 216082K(524288K)->218857K(524288K)
[95.067s][info ][gc,heap        ] GC(8) ParOldGen: 6503K(6656K)->6511K(6656K)
[95.067s][info ][gc,metaspace   ] GC(8) Metaspace: 102790K(103872K)->102790K(103872K) NonClass: 87487K(88128K)->87487K(88128K) Class: 15302K(15744K)->15302K(15744K)
[95.067s][info ][gc             ] GC(8) Pause Young (Allocation Failure) 1241M->220M(1542M) 74.485ms
[95.067s][info ][gc,cpu         ] GC(8) User=0.28s Sys=0.01s Real=0.07s
[95.067s][info ][safepoint      ] Safepoint "ParallelCollectForAllocation", Time since last: 24424480084 ns, Reaching safepoint: 5200 ns, At safepoint: 74556338 ns, Leaving safepoint: 10200 ns, Total: 74571738 ns, Threads: 0 runnable, 30 total
[120.842s][info ][gc,start       ] GC(9) Pause Young (Allocation Failure)
[120.936s][debug][gc,phases      ] GC(9) Scavenge 93.708ms
[120.936s][debug][gc,ref         ] GC(9) ReferenceProcessor::execute queues: 4, RefProcThreadModel::Multi, marks_oops_alive: false
[120.937s][debug][gc,ref         ] GC(9) ReferenceProcessor::execute queues: 4, RefProcThreadModel::Multi, marks_oops_alive: true
[120.937s][debug][gc,ref         ] GC(9) ReferenceProcessor::execute queues: 1, RefProcThreadModel::Single, marks_oops_alive: false
[120.937s][debug][gc,phases      ] GC(9) Reference Processing 1.147ms
[120.938s][debug][gc,phases      ] GC(9)   VM Weak                        Min: 0.00, Avg: 0.01, Max: 0.01, Diff: 0.01, Sum: 0.02, Workers: 4
[120.938s][debug][gc,phases      ] GC(9)     Dead                           Min: 0, Avg:  0.0, Max: 0, Diff: 0, Sum: 0, Workers: 4
[120.938s][debug][gc,phases      ] GC(9)     Total                          Min: 0, Avg: 199.0, Max: 384, Diff: 384, Sum: 796, Workers: 4
[120.938s][debug][gc,phases      ] GC(9)   ObjectSynchronizer Weak        Min: 0.00, Avg: 0.00, Max: 0.00, Diff: 0.00, Sum: 0.00, Workers: 4
[120.938s][debug][gc,phases      ] GC(9)     Dead                           Min: 0, Avg:  0.0, Max: 0, Diff: 0, Sum: 0, Workers: 4
[120.938s][debug][gc,phases      ] GC(9)     Total                          Min: 0, Avg:  1.5, Max: 6, Diff: 6, Sum: 6, Workers: 4
[120.938s][debug][gc,phases      ] GC(9)   JVMTI Tag Weak OopStorage      Min: 0.00, Avg: 0.00, Max: 0.00, Diff: 0.00, Sum: 0.00, Workers: 4
[120.938s][debug][gc,phases      ] GC(9)     Dead                           Min: 0, Avg:  0.0, Max: 0, Diff: 0, Sum: 0, Workers: 4
[120.938s][debug][gc,phases      ] GC(9)     Total                          Min: 0, Avg:  0.0, Max: 0, Diff: 0, Sum: 0, Workers: 4
[120.938s][debug][gc,phases      ] GC(9)   StringTable Weak               Min: 0.31, Avg: 0.31, Max: 0.31, Diff: 0.00, Sum: 1.23, Workers: 4
[120.938s][debug][gc,phases      ] GC(9)     Dead                           Min: 0, Avg:  0.2, Max: 1, Diff: 1, Sum: 1, Workers: 4
[120.938s][debug][gc,phases      ] GC(9)     Total                          Min: 11648, Avg: 12022.5, Max: 12352, Diff: 704, Sum: 48090, Workers: 4
[120.938s][debug][gc,phases      ] GC(9)   ResolvedMethodTable Weak       Min: 0.10, Avg: 0.10, Max: 0.10, Diff: 0.00, Sum: 0.41, Workers: 4
[120.938s][debug][gc,phases      ] GC(9)     Dead                           Min: 0, Avg:  5.8, Max: 12, Diff: 12, Sum: 23, Workers: 4
[120.938s][debug][gc,phases      ] GC(9)     Total                          Min: 3928, Avg: 4034.8, Max: 4159, Diff: 231, Sum: 16139, Workers: 4
[120.938s][debug][gc,phases      ] GC(9)   JNI Weak                       Min: 0.00, Avg: 0.00, Max: 0.00, Diff: 0.00, Sum: 0.00, Workers: 4
[120.938s][debug][gc,phases      ] GC(9)     Dead                           Min: 0, Avg:  0.0, Max: 0, Diff: 0, Sum: 0, Workers: 4
[120.938s][debug][gc,phases      ] GC(9)     Total                          Min: 0, Avg: 13.0, Max: 48, Diff: 48, Sum: 52, Workers: 4
[120.938s][debug][gc,phases      ] GC(9)   StringDedup Table Weak         Min: 0.00, Avg: 0.00, Max: 0.00, Diff: 0.00, Sum: 0.00, Workers: 4
[120.938s][debug][gc,phases      ] GC(9)     Dead                           Min: 0, Avg:  0.0, Max: 0, Diff: 0, Sum: 0, Workers: 4
[120.938s][debug][gc,phases      ] GC(9)     Total                          Min: 0, Avg:  0.0, Max: 0, Diff: 0, Sum: 0, Workers: 4
[120.938s][debug][gc,phases      ] GC(9)   StringDedup Requests0 Weak     Min: 0.00, Avg: 0.00, Max: 0.00, Diff: 0.00, Sum: 0.00, Workers: 4
[120.938s][debug][gc,phases      ] GC(9)     Dead                           Min: 0, Avg:  0.0, Max: 0, Diff: 0, Sum: 0, Workers: 4
[120.938s][debug][gc,phases      ] GC(9)     Total                          Min: 0, Avg:  0.0, Max: 0, Diff: 0, Sum: 0, Workers: 4
[120.938s][debug][gc,phases      ] GC(9)   StringDedup Requests1 Weak     Min: 0.00, Avg: 0.00, Max: 0.00, Diff: 0.00, Sum: 0.00, Workers: 4
[120.938s][debug][gc,phases      ] GC(9)     Dead                           Min: 0, Avg:  0.0, Max: 0, Diff: 0, Sum: 0, Workers: 4
[120.938s][debug][gc,phases      ] GC(9)     Total                          Min: 0, Avg:  0.0, Max: 0, Diff: 0, Sum: 0, Workers: 4
[120.938s][debug][gc,phases      ] GC(9)   Weak JFR Old Object Samples    Min: 0.00, Avg: 0.00, Max: 0.00, Diff: 0.00, Sum: 0.00, Workers: 4
[120.938s][debug][gc,phases      ] GC(9)     Dead                           Min: 0, Avg:  0.0, Max: 0, Diff: 0, Sum: 0, Workers: 4
[120.938s][debug][gc,phases      ] GC(9)     Total                          Min: 0, Avg:  0.0, Max: 0, Diff: 0, Sum: 0, Workers: 4
[120.938s][debug][gc,phases      ] GC(9) Weak Processing 0.620ms
[120.938s][debug][gc,age         ] GC(9) Desired survivor size 270532608 bytes, new threshold 5 (max threshold 15)
[120.938s][info ][gc,heap        ] GC(9) PSYoungGen: 1267433K(1572864K)->219791K(1830912K) Eden: 1048576K(1048576K)->0K(1568768K) From: 218857K(524288K)->219791K(262144K)
[120.938s][info ][gc,heap        ] GC(9) ParOldGen: 6511K(6656K)->6519K(6656K)
[120.938s][info ][gc,metaspace   ] GC(9) Metaspace: 102888K(104000K)->102888K(104000K) NonClass: 87577K(88256K)->87577K(88256K) Class: 15311K(15744K)->15311K(15744K)
[120.938s][info ][gc             ] GC(9) Pause Young (Allocation Failure) 1244M->221M(1794M) 95.625ms
[120.938s][info ][gc,cpu         ] GC(9) User=0.25s Sys=0.10s Real=0.09s
[120.938s][info ][safepoint      ] Safepoint "ParallelCollectForAllocation", Time since last: 25775656241 ns, Reaching safepoint: 78699 ns, At safepoint: 95686952 ns, Leaving safepoint: 10500 ns, Total: 95776151 ns, Threads: 1 runnable, 30 total
[158.342s][info ][gc,start       ] GC(10) Pause Young (Allocation Failure)
[158.453s][debug][gc,phases      ] GC(10) Scavenge 111.195ms
[158.453s][debug][gc,ref         ] GC(10) ReferenceProcessor::execute queues: 1, RefProcThreadModel::Single, marks_oops_alive: false
[158.453s][debug][gc,ref         ] GC(10) Skipped KeepAliveFinalRefsPhase of Reference Processing: no references
[158.453s][debug][gc,ref         ] GC(10) Skipped PhantomRefsPhase of Reference Processing: no references
[158.453s][debug][gc,phases      ] GC(10) Reference Processing 0.116ms
[158.454s][debug][gc,phases      ] GC(10)   VM Weak                        Min: 0.00, Avg: 0.01, Max: 0.01, Diff: 0.01, Sum: 0.03, Workers: 4
[158.454s][debug][gc,phases      ] GC(10)     Dead                           Min: 0, Avg:  0.0, Max: 0, Diff: 0, Sum: 0, Workers: 4
[158.454s][debug][gc,phases      ] GC(10)     Total                          Min: 35, Avg: 200.8, Max: 320, Diff: 285, Sum: 803, Workers: 4
[158.454s][debug][gc,phases      ] GC(10)   ObjectSynchronizer Weak        Min: 0.00, Avg: 0.00, Max: 0.00, Diff: 0.00, Sum: 0.00, Workers: 4
[158.454s][debug][gc,phases      ] GC(10)     Dead                           Min: 0, Avg:  0.0, Max: 0, Diff: 0, Sum: 0, Workers: 4
[158.454s][debug][gc,phases      ] GC(10)     Total                          Min: 0, Avg:  1.5, Max: 6, Diff: 6, Sum: 6, Workers: 4
[158.454s][debug][gc,phases      ] GC(10)   JVMTI Tag Weak OopStorage      Min: 0.00, Avg: 0.00, Max: 0.00, Diff: 0.00, Sum: 0.00, Workers: 4
[158.454s][debug][gc,phases      ] GC(10)     Dead                           Min: 0, Avg:  0.0, Max: 0, Diff: 0, Sum: 0, Workers: 4
[158.454s][debug][gc,phases      ] GC(10)     Total                          Min: 0, Avg:  0.0, Max: 0, Diff: 0, Sum: 0, Workers: 4
[158.454s][debug][gc,phases      ] GC(10)   StringTable Weak               Min: 0.31, Avg: 0.32, Max: 0.32, Diff: 0.00, Sum: 1.26, Workers: 4
[158.454s][debug][gc,phases      ] GC(10)     Dead                           Min: 0, Avg:  0.0, Max: 0, Diff: 0, Sum: 0, Workers: 4
[158.454s][debug][gc,phases      ] GC(10)     Total                          Min: 11845, Avg: 12033.2, Max: 12224, Diff: 379, Sum: 48133, Workers: 4
[158.454s][debug][gc,phases      ] GC(10)   ResolvedMethodTable Weak       Min: 0.11, Avg: 0.11, Max: 0.11, Diff: 0.00, Sum: 0.46, Workers: 4
[158.454s][debug][gc,phases      ] GC(10)     Dead                           Min: 0, Avg:  5.0, Max: 20, Diff: 20, Sum: 20, Workers: 4
[158.454s][debug][gc,phases      ] GC(10)     Total                          Min: 3928, Avg: 4042.0, Max: 4225, Diff: 297, Sum: 16168, Workers: 4
[158.454s][debug][gc,phases      ] GC(10)   JNI Weak                       Min: 0.00, Avg: 0.00, Max: 0.00, Diff: 0.00, Sum: 0.00, Workers: 4
[158.454s][debug][gc,phases      ] GC(10)     Dead                           Min: 0, Avg:  0.0, Max: 0, Diff: 0, Sum: 0, Workers: 4
[158.454s][debug][gc,phases      ] GC(10)     Total                          Min: 0, Avg: 13.0, Max: 52, Diff: 52, Sum: 52, Workers: 4
[158.454s][debug][gc,phases      ] GC(10)   StringDedup Table Weak         Min: 0.00, Avg: 0.00, Max: 0.00, Diff: 0.00, Sum: 0.00, Workers: 4
[158.454s][debug][gc,phases      ] GC(10)     Dead                           Min: 0, Avg:  0.0, Max: 0, Diff: 0, Sum: 0, Workers: 4
[158.454s][debug][gc,phases      ] GC(10)     Total                          Min: 0, Avg:  0.0, Max: 0, Diff: 0, Sum: 0, Workers: 4
[158.454s][debug][gc,phases      ] GC(10)   StringDedup Requests0 Weak     Min: 0.00, Avg: 0.00, Max: 0.00, Diff: 0.00, Sum: 0.00, Workers: 4
[158.454s][debug][gc,phases      ] GC(10)     Dead                           Min: 0, Avg:  0.0, Max: 0, Diff: 0, Sum: 0, Workers: 4
[158.454s][debug][gc,phases      ] GC(10)     Total                          Min: 0, Avg:  0.0, Max: 0, Diff: 0, Sum: 0, Workers: 4
[158.454s][debug][gc,phases      ] GC(10)   StringDedup Requests1 Weak     Min: 0.00, Avg: 0.00, Max: 0.00, Diff: 0.00, Sum: 0.00, Workers: 4
[158.454s][debug][gc,phases      ] GC(10)     Dead                           Min: 0, Avg:  0.0, Max: 0, Diff: 0, Sum: 0, Workers: 4
[158.454s][debug][gc,phases      ] GC(10)     Total                          Min: 0, Avg:  0.0, Max: 0, Diff: 0, Sum: 0, Workers: 4
[158.454s][debug][gc,phases      ] GC(10)   Weak JFR Old Object Samples    Min: 0.00, Avg: 0.00, Max: 0.00, Diff: 0.00, Sum: 0.00, Workers: 4
[158.454s][debug][gc,phases      ] GC(10)     Dead                           Min: 0, Avg:  0.0, Max: 0, Diff: 0, Sum: 0, Workers: 4
[158.454s][debug][gc,phases      ] GC(10)     Total                          Min: 0, Avg:  0.0, Max: 0, Diff: 0, Sum: 0, Workers: 4
[158.454s][debug][gc,phases      ] GC(10) Weak Processing 0.623ms
[158.454s][debug][gc,age         ] GC(10) Desired survivor size 301989888 bytes, new threshold 4 (max threshold 15)
[158.454s][info ][gc,heap        ] GC(10) PSYoungGen: 1788559K(1830912K)->23179K(1592320K) Eden: 1568768K(1568768K)->0K(1568768K) From: 219791K(262144K)->23179K(23552K)
[158.454s][info ][gc,heap        ] GC(10) ParOldGen: 6519K(6656K)->209424K(209920K)
[158.454s][info ][gc,metaspace   ] GC(10) Metaspace: 103065K(104128K)->103065K(104128K) NonClass: 87743K(88384K)->87743K(88384K) Class: 15321K(15744K)->15321K(15744K)
[158.454s][info ][gc             ] GC(10) Pause Young (Allocation Failure) 1753M->227M(1760M) 112.074ms
[158.454s][info ][gc,cpu         ] GC(10) User=0.30s Sys=0.11s Real=0.11s
[158.454s][info ][safepoint      ] Safepoint "ParallelCollectForAllocation", Time since last: 37403799459 ns, Reaching safepoint: 104900 ns, At safepoint: 112145255 ns, Leaving safepoint: 12400 ns, Total: 112262555 ns, Threads: 1 runnable, 28 total
[198.344s][info ][gc,start       ] GC(11) Pause Young (Allocation Failure)
[198.358s][debug][gc,phases      ] GC(11) Scavenge 13.050ms
[198.358s][debug][gc,ref         ] GC(11) ReferenceProcessor::execute queues: 1, RefProcThreadModel::Single, marks_oops_alive: false
[198.358s][debug][gc,ref         ] GC(11) Skipped KeepAliveFinalRefsPhase of Reference Processing: no references
[198.358s][debug][gc,ref         ] GC(11) Skipped PhantomRefsPhase of Reference Processing: no references
[198.358s][debug][gc,phases      ] GC(11) Reference Processing 0.096ms
[198.358s][debug][gc,phases      ] GC(11)   VM Weak                        Min: 0.00, Avg: 0.00, Max: 0.01, Diff: 0.01, Sum: 0.01, Workers: 4
[198.358s][debug][gc,phases      ] GC(11)     Dead                           Min: 0, Avg:  0.0, Max: 0, Diff: 0, Sum: 0, Workers: 4
[198.358s][debug][gc,phases      ] GC(11)     Total                          Min: 0, Avg: 200.8, Max: 512, Diff: 512, Sum: 803, Workers: 4
[198.358s][debug][gc,phases      ] GC(11)   ObjectSynchronizer Weak        Min: 0.00, Avg: 0.00, Max: 0.00, Diff: 0.00, Sum: 0.00, Workers: 4
[198.358s][debug][gc,phases      ] GC(11)     Dead                           Min: 0, Avg:  0.0, Max: 0, Diff: 0, Sum: 0, Workers: 4
[198.358s][debug][gc,phases      ] GC(11)     Total                          Min: 0, Avg:  1.5, Max: 6, Diff: 6, Sum: 6, Workers: 4
[198.358s][debug][gc,phases      ] GC(11)   JVMTI Tag Weak OopStorage      Min: 0.00, Avg: 0.00, Max: 0.00, Diff: 0.00, Sum: 0.00, Workers: 4
[198.358s][debug][gc,phases      ] GC(11)     Dead                           Min: 0, Avg:  0.0, Max: 0, Diff: 0, Sum: 0, Workers: 4
[198.358s][debug][gc,phases      ] GC(11)     Total                          Min: 0, Avg:  0.0, Max: 0, Diff: 0, Sum: 0, Workers: 4
[198.358s][debug][gc,phases      ] GC(11)   StringTable Weak               Min: 0.00, Avg: 0.10, Max: 0.13, Diff: 0.13, Sum: 0.38, Workers: 4
[198.358s][debug][gc,phases      ] GC(11)     Dead                           Min: 0, Avg:  0.0, Max: 0, Diff: 0, Sum: 0, Workers: 4
[198.358s][debug][gc,phases      ] GC(11)     Total                          Min: 0, Avg: 12057.0, Max: 20580, Diff: 20580, Sum: 48228, Workers: 4
[198.358s][debug][gc,phases      ] GC(11)   ResolvedMethodTable Weak       Min: 0.00, Avg: 0.04, Max: 0.05, Diff: 0.05, Sum: 0.14, Workers: 4
[198.358s][debug][gc,phases      ] GC(11)     Dead                           Min: 0, Avg:  5.0, Max: 16, Diff: 16, Sum: 20, Workers: 4
[198.358s][debug][gc,phases      ] GC(11)     Total                          Min: 0, Avg: 4042.0, Max: 6576, Diff: 6576, Sum: 16168, Workers: 4
[198.358s][debug][gc,phases      ] GC(11)   JNI Weak                       Min: 0.00, Avg: 0.00, Max: 0.00, Diff: 0.00, Sum: 0.00, Workers: 4
[198.358s][debug][gc,phases      ] GC(11)     Dead                           Min: 0, Avg:  0.0, Max: 0, Diff: 0, Sum: 0, Workers: 4
[198.358s][debug][gc,phases      ] GC(11)     Total                          Min: 0, Avg: 13.0, Max: 52, Diff: 52, Sum: 52, Workers: 4
[198.358s][debug][gc,phases      ] GC(11)   StringDedup Table Weak         Min: 0.00, Avg: 0.00, Max: 0.00, Diff: 0.00, Sum: 0.00, Workers: 4
[198.358s][debug][gc,phases      ] GC(11)     Dead                           Min: 0, Avg:  0.0, Max: 0, Diff: 0, Sum: 0, Workers: 4
[198.358s][debug][gc,phases      ] GC(11)     Total                          Min: 0, Avg:  0.0, Max: 0, Diff: 0, Sum: 0, Workers: 4
[198.358s][debug][gc,phases      ] GC(11)   StringDedup Requests0 Weak     Min: 0.00, Avg: 0.00, Max: 0.00, Diff: 0.00, Sum: 0.00, Workers: 4
[198.358s][debug][gc,phases      ] GC(11)     Dead                           Min: 0, Avg:  0.0, Max: 0, Diff: 0, Sum: 0, Workers: 4
[198.358s][debug][gc,phases      ] GC(11)     Total                          Min: 0, Avg:  0.0, Max: 0, Diff: 0, Sum: 0, Workers: 4
[198.358s][debug][gc,phases      ] GC(11)   StringDedup Requests1 Weak     Min: 0.00, Avg: 0.00, Max: 0.00, Diff: 0.00, Sum: 0.00, Workers: 4
[198.358s][debug][gc,phases      ] GC(11)     Dead                           Min: 0, Avg:  0.0, Max: 0, Diff: 0, Sum: 0, Workers: 4
[198.358s][debug][gc,phases      ] GC(11)     Total                          Min: 0, Avg:  0.0, Max: 0, Diff: 0, Sum: 0, Workers: 4
[198.358s][debug][gc,phases      ] GC(11)   Weak JFR Old Object Samples    Min: 0.00, Avg: 0.00, Max: 0.00, Diff: 0.00, Sum: 0.00, Workers: 4
[198.358s][debug][gc,phases      ] GC(11)     Dead                           Min: 0, Avg:  0.0, Max: 0, Diff: 0, Sum: 0, Workers: 4
[198.358s][debug][gc,phases      ] GC(11)     Total                          Min: 0, Avg:  0.0, Max: 0, Diff: 0, Sum: 0, Workers: 4
[198.358s][debug][gc,phases      ] GC(11) Weak Processing 0.354ms
[198.358s][debug][gc,age         ] GC(11) Desired survivor size 320864256 bytes, new threshold 3 (max threshold 15)
[198.358s][info ][gc,heap        ] GC(11) PSYoungGen: 1591947K(1592320K)->10097K(1765376K) Eden: 1568768K(1568768K)->0K(1470464K) From: 23179K(23552K)->10097K(294912K)
[198.358s][info ][gc,heap        ] GC(11) ParOldGen: 209424K(209920K)->224137K(224256K)
[198.358s][info ][gc,metaspace   ] GC(11) Metaspace: 103176K(104256K)->103176K(104256K) NonClass: 87854K(88512K)->87854K(88512K) Class: 15321K(15744K)->15321K(15744K)
[198.358s][info ][gc             ] GC(11) Pause Young (Allocation Failure) 1759M->228M(1943M) 13.626ms
[198.358s][info ][gc,cpu         ] GC(11) User=0.03s Sys=0.02s Real=0.01s
[198.358s][info ][safepoint      ] Safepoint "ParallelCollectForAllocation", Time since last: 39890288688 ns, Reaching safepoint: 5200 ns, At safepoint: 13688236 ns, Leaving safepoint: 3100 ns, Total: 13696536 ns, Threads: 0 runnable, 27 total
[236.442s][info ][gc,start       ] GC(12) Pause Young (Allocation Failure)
[236.450s][debug][gc,phases      ] GC(12) Scavenge 7.875ms
[236.450s][debug][gc,ref         ] GC(12) ReferenceProcessor::execute queues: 1, RefProcThreadModel::Single, marks_oops_alive: false
[236.450s][debug][gc,ref         ] GC(12) Skipped KeepAliveFinalRefsPhase of Reference Processing: no references
[236.450s][debug][gc,ref         ] GC(12) Skipped PhantomRefsPhase of Reference Processing: no references
[236.450s][debug][gc,phases      ] GC(12) Reference Processing 0.128ms
[236.451s][debug][gc,phases      ] GC(12)   VM Weak                        Min: 0.00, Avg: 0.00, Max: 0.01, Diff: 0.01, Sum: 0.01, Workers: 4
[236.451s][debug][gc,phases      ] GC(12)     Dead                           Min: 0, Avg:  0.0, Max: 0, Diff: 0, Sum: 0, Workers: 4
[236.451s][debug][gc,phases      ] GC(12)     Total                          Min: 0, Avg: 200.8, Max: 640, Diff: 640, Sum: 803, Workers: 4
[236.451s][debug][gc,phases      ] GC(12)   ObjectSynchronizer Weak        Min: 0.00, Avg: 0.00, Max: 0.00, Diff: 0.00, Sum: 0.00, Workers: 4
[236.451s][debug][gc,phases      ] GC(12)     Dead                           Min: 0, Avg:  0.0, Max: 0, Diff: 0, Sum: 0, Workers: 4
[236.451s][debug][gc,phases      ] GC(12)     Total                          Min: 0, Avg:  1.5, Max: 6, Diff: 6, Sum: 6, Workers: 4
[236.451s][debug][gc,phases      ] GC(12)   JVMTI Tag Weak OopStorage      Min: 0.00, Avg: 0.00, Max: 0.00, Diff: 0.00, Sum: 0.00, Workers: 4
[236.451s][debug][gc,phases      ] GC(12)     Dead                           Min: 0, Avg:  0.0, Max: 0, Diff: 0, Sum: 0, Workers: 4
[236.451s][debug][gc,phases      ] GC(12)     Total                          Min: 0, Avg:  0.0, Max: 0, Diff: 0, Sum: 0, Workers: 4
[236.451s][debug][gc,phases      ] GC(12)   StringTable Weak               Min: 0.00, Avg: 0.11, Max: 0.15, Diff: 0.15, Sum: 0.44, Workers: 4
[236.451s][debug][gc,phases      ] GC(12)     Dead                           Min: 0, Avg:  0.5, Max: 2, Diff: 2, Sum: 2, Workers: 4
[236.451s][debug][gc,phases      ] GC(12)     Total                          Min: 0, Avg: 12082.5, Max: 16320, Diff: 16320, Sum: 48330, Workers: 4
[236.451s][debug][gc,phases      ] GC(12)   ResolvedMethodTable Weak       Min: 0.00, Avg: 0.04, Max: 0.05, Diff: 0.05, Sum: 0.16, Workers: 4
[236.451s][debug][gc,phases      ] GC(12)     Dead                           Min: 0, Avg:  8.5, Max: 15, Diff: 15, Sum: 34, Workers: 4
[236.451s][debug][gc,phases      ] GC(12)     Total                          Min: 0, Avg: 4055.5, Max: 5684, Diff: 5684, Sum: 16222, Workers: 4
[236.451s][debug][gc,phases      ] GC(12)   JNI Weak                       Min: 0.00, Avg: 0.00, Max: 0.00, Diff: 0.00, Sum: 0.00, Workers: 4
[236.451s][debug][gc,phases      ] GC(12)     Dead                           Min: 0, Avg:  0.0, Max: 0, Diff: 0, Sum: 0, Workers: 4
[236.451s][debug][gc,phases      ] GC(12)     Total                          Min: 0, Avg: 13.0, Max: 48, Diff: 48, Sum: 52, Workers: 4
[236.451s][debug][gc,phases      ] GC(12)   StringDedup Table Weak         Min: 0.00, Avg: 0.00, Max: 0.00, Diff: 0.00, Sum: 0.00, Workers: 4
[236.451s][debug][gc,phases      ] GC(12)     Dead                           Min: 0, Avg:  0.0, Max: 0, Diff: 0, Sum: 0, Workers: 4
[236.451s][debug][gc,phases      ] GC(12)     Total                          Min: 0, Avg:  0.0, Max: 0, Diff: 0, Sum: 0, Workers: 4
[236.451s][debug][gc,phases      ] GC(12)   StringDedup Requests0 Weak     Min: 0.00, Avg: 0.00, Max: 0.00, Diff: 0.00, Sum: 0.00, Workers: 4
[236.451s][debug][gc,phases      ] GC(12)     Dead                           Min: 0, Avg:  0.0, Max: 0, Diff: 0, Sum: 0, Workers: 4
[236.451s][debug][gc,phases      ] GC(12)     Total                          Min: 0, Avg:  0.0, Max: 0, Diff: 0, Sum: 0, Workers: 4
[236.451s][debug][gc,phases      ] GC(12)   StringDedup Requests1 Weak     Min: 0.00, Avg: 0.00, Max: 0.00, Diff: 0.00, Sum: 0.00, Workers: 4
[236.451s][debug][gc,phases      ] GC(12)     Dead                           Min: 0, Avg:  0.0, Max: 0, Diff: 0, Sum: 0, Workers: 4
[236.451s][debug][gc,phases      ] GC(12)     Total                          Min: 0, Avg:  0.0, Max: 0, Diff: 0, Sum: 0, Workers: 4
[236.451s][debug][gc,phases      ] GC(12)   Weak JFR Old Object Samples    Min: 0.00, Avg: 0.00, Max: 0.00, Diff: 0.00, Sum: 0.00, Workers: 4
[236.451s][debug][gc,phases      ] GC(12)     Dead                           Min: 0, Avg:  0.0, Max: 0, Diff: 0, Sum: 0, Workers: 4
[236.451s][debug][gc,phases      ] GC(12)     Total                          Min: 0, Avg:  0.0, Max: 0, Diff: 0, Sum: 0, Workers: 4
[236.451s][debug][gc,phases      ] GC(12) Weak Processing 0.401ms
[236.451s][debug][gc,age         ] GC(12) Desired survivor size 330825728 bytes, new threshold 2 (max threshold 15)
[236.451s][info ][gc,heap        ] GC(12) PSYoungGen: 1480561K(1765376K)->9793K(1480704K) Eden: 1470464K(1470464K)->0K(1470464K) From: 10097K(294912K)->9793K(10240K)
[236.451s][info ][gc,heap        ] GC(12) ParOldGen: 224137K(224256K)->228581K(228864K)
[236.451s][info ][gc,metaspace   ] GC(12) Metaspace: 103342K(104448K)->103342K(104448K) NonClass: 87997K(88640K)->87997K(88640K) Class: 15345K(15808K)->15345K(15808K)
[236.451s][info ][gc             ] GC(12) Pause Young (Allocation Failure) 1664M->232M(1669M) 8.539ms
[236.451s][info ][gc,cpu         ] GC(12) User=0.02s Sys=0.00s Real=0.01s
[236.451s][info ][safepoint      ] Safepoint "ParallelCollectForAllocation", Time since last: 38084100964 ns, Reaching safepoint: 5200 ns, At safepoint: 8608959 ns, Leaving safepoint: 2700 ns, Total: 8616859 ns, Threads: 0 runnable, 32 total
[274.296s][info ][gc,start       ] GC(13) Pause Young (Allocation Failure)
[274.303s][debug][gc,phases      ] GC(13) Scavenge 6.807ms
[274.303s][debug][gc,ref         ] GC(13) ReferenceProcessor::execute queues: 1, RefProcThreadModel::Single, marks_oops_alive: false
[274.303s][debug][gc,ref         ] GC(13) Skipped KeepAliveFinalRefsPhase of Reference Processing: no references
[274.303s][debug][gc,ref         ] GC(13) Skipped PhantomRefsPhase of Reference Processing: no references
[274.303s][debug][gc,phases      ] GC(13) Reference Processing 0.094ms
[274.303s][debug][gc,phases      ] GC(13)   VM Weak                        Min: 0.00, Avg: 0.00, Max: 0.01, Diff: 0.01, Sum: 0.01, Workers: 4
[274.303s][debug][gc,phases      ] GC(13)     Dead                           Min: 0, Avg:  0.0, Max: 0, Diff: 0, Sum: 0, Workers: 4
[274.303s][debug][gc,phases      ] GC(13)     Total                          Min: 0, Avg: 200.8, Max: 448, Diff: 448, Sum: 803, Workers: 4
[274.303s][debug][gc,phases      ] GC(13)   ObjectSynchronizer Weak        Min: 0.00, Avg: 0.00, Max: 0.00, Diff: 0.00, Sum: 0.00, Workers: 4
[274.303s][debug][gc,phases      ] GC(13)     Dead                           Min: 0, Avg:  0.0, Max: 0, Diff: 0, Sum: 0, Workers: 4
[274.303s][debug][gc,phases      ] GC(13)     Total                          Min: 0, Avg:  1.5, Max: 6, Diff: 6, Sum: 6, Workers: 4
[274.303s][debug][gc,phases      ] GC(13)   JVMTI Tag Weak OopStorage      Min: 0.00, Avg: 0.00, Max: 0.00, Diff: 0.00, Sum: 0.00, Workers: 4
[274.303s][debug][gc,phases      ] GC(13)     Dead                           Min: 0, Avg:  0.0, Max: 0, Diff: 0, Sum: 0, Workers: 4
[274.303s][debug][gc,phases      ] GC(13)     Total                          Min: 0, Avg:  0.0, Max: 0, Diff: 0, Sum: 0, Workers: 4
[274.303s][debug][gc,phases      ] GC(13)   StringTable Weak               Min: 0.00, Avg: 0.09, Max: 0.12, Diff: 0.12, Sum: 0.36, Workers: 4
[274.303s][debug][gc,phases      ] GC(13)     Dead                           Min: 0, Avg:  0.0, Max: 0, Diff: 0, Sum: 0, Workers: 4
[274.303s][debug][gc,phases      ] GC(13)     Total                          Min: 0, Avg: 12089.0, Max: 20388, Diff: 20388, Sum: 48356, Workers: 4
[274.303s][debug][gc,phases      ] GC(13)   ResolvedMethodTable Weak       Min: 0.00, Avg: 0.03, Max: 0.04, Diff: 0.04, Sum: 0.13, Workers: 4
[274.303s][debug][gc,phases      ] GC(13)     Dead                           Min: 0, Avg:  5.0, Max: 9, Diff: 9, Sum: 20, Workers: 4
[274.303s][debug][gc,phases      ] GC(13)     Total                          Min: 0, Avg: 4055.5, Max: 6776, Diff: 6776, Sum: 16222, Workers: 4
[274.303s][debug][gc,phases      ] GC(13)   JNI Weak                       Min: 0.00, Avg: 0.00, Max: 0.00, Diff: 0.00, Sum: 0.00, Workers: 4
[274.303s][debug][gc,phases      ] GC(13)     Dead                           Min: 0, Avg:  0.0, Max: 0, Diff: 0, Sum: 0, Workers: 4
[274.303s][debug][gc,phases      ] GC(13)     Total                          Min: 0, Avg: 13.0, Max: 48, Diff: 48, Sum: 52, Workers: 4
[274.303s][debug][gc,phases      ] GC(13)   StringDedup Table Weak         Min: 0.00, Avg: 0.00, Max: 0.00, Diff: 0.00, Sum: 0.00, Workers: 4
[274.303s][debug][gc,phases      ] GC(13)     Dead                           Min: 0, Avg:  0.0, Max: 0, Diff: 0, Sum: 0, Workers: 4
[274.303s][debug][gc,phases      ] GC(13)     Total                          Min: 0, Avg:  0.0, Max: 0, Diff: 0, Sum: 0, Workers: 4
[274.303s][debug][gc,phases      ] GC(13)   StringDedup Requests0 Weak     Min: 0.00, Avg: 0.00, Max: 0.00, Diff: 0.00, Sum: 0.00, Workers: 4
[274.303s][debug][gc,phases      ] GC(13)     Dead                           Min: 0, Avg:  0.0, Max: 0, Diff: 0, Sum: 0, Workers: 4
[274.303s][debug][gc,phases      ] GC(13)     Total                          Min: 0, Avg:  0.0, Max: 0, Diff: 0, Sum: 0, Workers: 4
[274.303s][debug][gc,phases      ] GC(13)   StringDedup Requests1 Weak     Min: 0.00, Avg: 0.00, Max: 0.00, Diff: 0.00, Sum: 0.00, Workers: 4
[274.303s][debug][gc,phases      ] GC(13)     Dead                           Min: 0, Avg:  0.0, Max: 0, Diff: 0, Sum: 0, Workers: 4
[274.303s][debug][gc,phases      ] GC(13)     Total                          Min: 0, Avg:  0.0, Max: 0, Diff: 0, Sum: 0, Workers: 4
[274.303s][debug][gc,phases      ] GC(13)   Weak JFR Old Object Samples    Min: 0.00, Avg: 0.00, Max: 0.00, Diff: 0.00, Sum: 0.00, Workers: 4
[274.303s][debug][gc,phases      ] GC(13)     Dead                           Min: 0, Avg:  0.0, Max: 0, Diff: 0, Sum: 0, Workers: 4
[274.303s][debug][gc,phases      ] GC(13)     Total                          Min: 0, Avg:  0.0, Max: 0, Diff: 0, Sum: 0, Workers: 4
[274.303s][debug][gc,phases      ] GC(13) Weak Processing 0.369ms
[274.303s][debug][gc,age         ] GC(13) Desired survivor size 335020032 bytes, new threshold 1 (max threshold 15)
[274.303s][info ][gc,heap        ] GC(13) PSYoungGen: 1480257K(1480704K)->10512K(1765888K) Eden: 1470464K(1470464K)->0K(1442816K) From: 9793K(10240K)->10512K(323072K)
[274.303s][info ][gc,heap        ] GC(13) ParOldGen: 228581K(228864K)->229842K(229888K)
[274.303s][info ][gc,metaspace   ] GC(13) Metaspace: 103491K(104576K)->103491K(104576K) NonClass: 88145K(88768K)->88145K(88768K) Class: 15346K(15808K)->15346K(15808K)
[274.303s][info ][gc             ] GC(13) Pause Young (Allocation Failure) 1668M->234M(1949M) 7.387ms
[274.303s][info ][gc,cpu         ] GC(13) User=0.03s Sys=0.01s Real=0.01s
[274.304s][info ][safepoint      ] Safepoint "ParallelCollectForAllocation", Time since last: 37845198758 ns, Reaching safepoint: 7700 ns, At safepoint: 7455364 ns, Leaving safepoint: 8400 ns, Total: 7471464 ns, Threads: 1 runnable, 32 total
[296.100s][info ][gc,start       ] GC(14) Pause Young (Allocation Failure)
[296.118s][debug][gc,phases      ] GC(14) Scavenge 18.260ms
[296.118s][debug][gc,ref         ] GC(14) ReferenceProcessor::execute queues: 1, RefProcThreadModel::Single, marks_oops_alive: false
[296.118s][debug][gc,ref         ] GC(14) Skipped KeepAliveFinalRefsPhase of Reference Processing: no references
[296.118s][debug][gc,ref         ] GC(14) Skipped PhantomRefsPhase of Reference Processing: no references
[296.118s][debug][gc,phases      ] GC(14) Reference Processing 0.107ms
[296.118s][debug][gc,phases      ] GC(14)   VM Weak                        Min: 0.00, Avg: 0.00, Max: 0.01, Diff: 0.01, Sum: 0.01, Workers: 4
[296.118s][debug][gc,phases      ] GC(14)     Dead                           Min: 0, Avg:  0.0, Max: 0, Diff: 0, Sum: 0, Workers: 4
[296.118s][debug][gc,phases      ] GC(14)     Total                          Min: 0, Avg: 201.8, Max: 615, Diff: 615, Sum: 807, Workers: 4
[296.118s][debug][gc,phases      ] GC(14)   ObjectSynchronizer Weak        Min: 0.00, Avg: 0.00, Max: 0.00, Diff: 0.00, Sum: 0.00, Workers: 4
[296.118s][debug][gc,phases      ] GC(14)     Dead                           Min: 0, Avg:  0.0, Max: 0, Diff: 0, Sum: 0, Workers: 4
[296.118s][debug][gc,phases      ] GC(14)     Total                          Min: 0, Avg:  2.0, Max: 8, Diff: 8, Sum: 8, Workers: 4
[296.118s][debug][gc,phases      ] GC(14)   JVMTI Tag Weak OopStorage      Min: 0.00, Avg: 0.00, Max: 0.00, Diff: 0.00, Sum: 0.00, Workers: 4
[296.118s][debug][gc,phases      ] GC(14)     Dead                           Min: 0, Avg:  0.0, Max: 0, Diff: 0, Sum: 0, Workers: 4
[296.118s][debug][gc,phases      ] GC(14)     Total                          Min: 0, Avg:  0.0, Max: 0, Diff: 0, Sum: 0, Workers: 4
[296.118s][debug][gc,phases      ] GC(14)   StringTable Weak               Min: 0.08, Avg: 0.11, Max: 0.12, Diff: 0.04, Sum: 0.43, Workers: 4
[296.118s][debug][gc,phases      ] GC(14)     Dead                           Min: 0, Avg:  1.5, Max: 3, Diff: 3, Sum: 6, Workers: 4
[296.118s][debug][gc,phases      ] GC(14)     Total                          Min: 8310, Avg: 12108.8, Max: 14333, Diff: 6023, Sum: 48435, Workers: 4
[296.118s][debug][gc,phases      ] GC(14)   ResolvedMethodTable Weak       Min: 0.04, Avg: 0.04, Max: 0.04, Diff: 0.00, Sum: 0.16, Workers: 4
[296.118s][debug][gc,phases      ] GC(14)     Dead                           Min: 13, Avg: 16.8, Max: 20, Diff: 7, Sum: 67, Workers: 4
[296.118s][debug][gc,phases      ] GC(14)     Total                          Min: 3817, Avg: 4078.0, Max: 4463, Diff: 646, Sum: 16312, Workers: 4
[296.118s][debug][gc,phases      ] GC(14)   JNI Weak                       Min: 0.00, Avg: 0.00, Max: 0.00, Diff: 0.00, Sum: 0.00, Workers: 4
[296.118s][debug][gc,phases      ] GC(14)     Dead                           Min: 0, Avg:  0.0, Max: 0, Diff: 0, Sum: 0, Workers: 4
[296.118s][debug][gc,phases      ] GC(14)     Total                          Min: 0, Avg: 14.0, Max: 48, Diff: 48, Sum: 56, Workers: 4
[296.118s][debug][gc,phases      ] GC(14)   StringDedup Table Weak         Min: 0.00, Avg: 0.00, Max: 0.00, Diff: 0.00, Sum: 0.00, Workers: 4
[296.118s][debug][gc,phases      ] GC(14)     Dead                           Min: 0, Avg:  0.0, Max: 0, Diff: 0, Sum: 0, Workers: 4
[296.118s][debug][gc,phases      ] GC(14)     Total                          Min: 0, Avg:  0.0, Max: 0, Diff: 0, Sum: 0, Workers: 4
[296.118s][debug][gc,phases      ] GC(14)   StringDedup Requests0 Weak     Min: 0.00, Avg: 0.00, Max: 0.00, Diff: 0.00, Sum: 0.00, Workers: 4
[296.118s][debug][gc,phases      ] GC(14)     Dead                           Min: 0, Avg:  0.0, Max: 0, Diff: 0, Sum: 0, Workers: 4
[296.118s][debug][gc,phases      ] GC(14)     Total                          Min: 0, Avg:  0.0, Max: 0, Diff: 0, Sum: 0, Workers: 4
[296.118s][debug][gc,phases      ] GC(14)   StringDedup Requests1 Weak     Min: 0.00, Avg: 0.00, Max: 0.00, Diff: 0.00, Sum: 0.00, Workers: 4
[296.118s][debug][gc,phases      ] GC(14)     Dead                           Min: 0, Avg:  0.0, Max: 0, Diff: 0, Sum: 0, Workers: 4
[296.118s][debug][gc,phases      ] GC(14)     Total                          Min: 0, Avg:  0.0, Max: 0, Diff: 0, Sum: 0, Workers: 4
[296.118s][debug][gc,phases      ] GC(14)   Weak JFR Old Object Samples    Min: 0.00, Avg: 0.00, Max: 0.00, Diff: 0.00, Sum: 0.00, Workers: 4
[296.118s][debug][gc,phases      ] GC(14)     Dead                           Min: 0, Avg:  0.0, Max: 0, Diff: 0, Sum: 0, Workers: 4
[296.118s][debug][gc,phases      ] GC(14)     Total                          Min: 0, Avg:  0.0, Max: 0, Diff: 0, Sum: 0, Workers: 4
[296.118s][debug][gc,phases      ] GC(14) Weak Processing 0.359ms
[296.118s][debug][gc,age         ] GC(14) Desired survivor size 330301440 bytes, new threshold 1 (max threshold 15)
[296.118s][info ][gc,heap        ] GC(14) PSYoungGen: 1453328K(1765888K)->34763K(1769984K) Eden: 1442816K(1442816K)->0K(1442816K) From: 10512K(323072K)->34763K(327168K)
[296.118s][info ][gc,heap        ] GC(14) ParOldGen: 229842K(229888K)->237459K(237568K)
[296.118s][info ][gc,metaspace   ] GC(14) Metaspace: 103772K(104960K)->103772K(104960K) NonClass: 88389K(89088K)->88389K(89088K) Class: 15382K(15872K)->15382K(15872K)
[296.118s][info ][gc             ] GC(14) Pause Young (Allocation Failure) 1643M->265M(1960M) 18.845ms
[296.118s][info ][gc,cpu         ] GC(14) User=0.07s Sys=0.00s Real=0.02s
[296.118s][info ][safepoint      ] Safepoint "ParallelCollectForAllocation", Time since last: 21796008946 ns, Reaching safepoint: 4800 ns, At safepoint: 18909012 ns, Leaving safepoint: 7900 ns, Total: 18921712 ns, Threads: 0 runnable, 32 total
[309.736s][info ][gc,start       ] GC(15) Pause Young (Allocation Failure)
[309.775s][debug][gc,phases      ] GC(15) Scavenge 39.143ms
[309.775s][debug][gc,ref         ] GC(15) ReferenceProcessor::execute queues: 2, RefProcThreadModel::Multi, marks_oops_alive: false
[309.775s][debug][gc,ref         ] GC(15) Skipped KeepAliveFinalRefsPhase of Reference Processing: no references
[309.775s][debug][gc,ref         ] GC(15) ReferenceProcessor::execute queues: 1, RefProcThreadModel::Single, marks_oops_alive: false
[309.775s][debug][gc,phases      ] GC(15) Reference Processing 0.170ms
[309.775s][debug][gc,phases      ] GC(15)   VM Weak                        Min: 0.00, Avg: 0.00, Max: 0.01, Diff: 0.01, Sum: 0.01, Workers: 4
[309.775s][debug][gc,phases      ] GC(15)     Dead                           Min: 0, Avg:  0.0, Max: 0, Diff: 0, Sum: 0, Workers: 4
[309.775s][debug][gc,phases      ] GC(15)     Total                          Min: 0, Avg: 219.0, Max: 812, Diff: 812, Sum: 876, Workers: 4
[309.775s][debug][gc,phases      ] GC(15)   ObjectSynchronizer Weak        Min: 0.00, Avg: 0.00, Max: 0.00, Diff: 0.00, Sum: 0.00, Workers: 4
[309.775s][debug][gc,phases      ] GC(15)     Dead                           Min: 0, Avg:  0.0, Max: 0, Diff: 0, Sum: 0, Workers: 4
[309.775s][debug][gc,phases      ] GC(15)     Total                          Min: 0, Avg:  2.8, Max: 11, Diff: 11, Sum: 11, Workers: 4
[309.775s][debug][gc,phases      ] GC(15)   JVMTI Tag Weak OopStorage      Min: 0.00, Avg: 0.00, Max: 0.00, Diff: 0.00, Sum: 0.00, Workers: 4
[309.775s][debug][gc,phases      ] GC(15)     Dead                           Min: 0, Avg:  0.0, Max: 0, Diff: 0, Sum: 0, Workers: 4
[309.775s][debug][gc,phases      ] GC(15)     Total                          Min: 0, Avg:  0.0, Max: 0, Diff: 0, Sum: 0, Workers: 4
[309.775s][debug][gc,phases      ] GC(15)   StringTable Weak               Min: 0.13, Avg: 0.13, Max: 0.13, Diff: 0.01, Sum: 0.52, Workers: 4
[309.775s][debug][gc,phases      ] GC(15)     Dead                           Min: 0, Avg:  1.5, Max: 4, Diff: 4, Sum: 6, Workers: 4
[309.775s][debug][gc,phases      ] GC(15)     Total                          Min: 11888, Avg: 12300.0, Max: 13056, Diff: 1168, Sum: 49200, Workers: 4
[309.775s][debug][gc,phases      ] GC(15)   ResolvedMethodTable Weak       Min: 0.04, Avg: 0.05, Max: 0.05, Diff: 0.01, Sum: 0.19, Workers: 4
[309.775s][debug][gc,phases      ] GC(15)     Dead                           Min: 55, Avg: 69.5, Max: 102, Diff: 47, Sum: 278, Workers: 4
[309.775s][debug][gc,phases      ] GC(15)     Total                          Min: 3518, Avg: 4285.2, Max: 4731, Diff: 1213, Sum: 17141, Workers: 4
[309.775s][debug][gc,phases      ] GC(15)   JNI Weak                       Min: 0.00, Avg: 0.00, Max: 0.00, Diff: 0.00, Sum: 0.00, Workers: 4
[309.775s][debug][gc,phases      ] GC(15)     Dead                           Min: 0, Avg:  0.0, Max: 0, Diff: 0, Sum: 0, Workers: 4
[309.775s][debug][gc,phases      ] GC(15)     Total                          Min: 0, Avg: 32.2, Max: 70, Diff: 70, Sum: 129, Workers: 4
[309.775s][debug][gc,phases      ] GC(15)   StringDedup Table Weak         Min: 0.00, Avg: 0.00, Max: 0.00, Diff: 0.00, Sum: 0.00, Workers: 4
[309.775s][debug][gc,phases      ] GC(15)     Dead                           Min: 0, Avg:  0.0, Max: 0, Diff: 0, Sum: 0, Workers: 4
[309.775s][debug][gc,phases      ] GC(15)     Total                          Min: 0, Avg:  0.0, Max: 0, Diff: 0, Sum: 0, Workers: 4
[309.775s][debug][gc,phases      ] GC(15)   StringDedup Requests0 Weak     Min: 0.00, Avg: 0.00, Max: 0.00, Diff: 0.00, Sum: 0.00, Workers: 4
[309.775s][debug][gc,phases      ] GC(15)     Dead                           Min: 0, Avg:  0.0, Max: 0, Diff: 0, Sum: 0, Workers: 4
[309.775s][debug][gc,phases      ] GC(15)     Total                          Min: 0, Avg:  0.0, Max: 0, Diff: 0, Sum: 0, Workers: 4
[309.775s][debug][gc,phases      ] GC(15)   StringDedup Requests1 Weak     Min: 0.00, Avg: 0.00, Max: 0.00, Diff: 0.00, Sum: 0.00, Workers: 4
[309.775s][debug][gc,phases      ] GC(15)     Dead                           Min: 0, Avg:  0.0, Max: 0, Diff: 0, Sum: 0, Workers: 4
[309.775s][debug][gc,phases      ] GC(15)     Total                          Min: 0, Avg:  0.0, Max: 0, Diff: 0, Sum: 0, Workers: 4
[309.775s][debug][gc,phases      ] GC(15)   Weak JFR Old Object Samples    Min: 0.00, Avg: 0.00, Max: 0.00, Diff: 0.00, Sum: 0.00, Workers: 4
[309.775s][debug][gc,phases      ] GC(15)     Dead                           Min: 0, Avg:  0.0, Max: 0, Diff: 0, Sum: 0, Workers: 4
[309.776s][debug][gc,phases      ] GC(15)     Total                          Min: 0, Avg:  0.0, Max: 0, Diff: 0, Sum: 0, Workers: 4
[309.776s][debug][gc,phases      ] GC(15) Weak Processing 0.357ms
[309.776s][debug][gc,age         ] GC(15) Desired survivor size 318242816 bytes, new threshold 1 (max threshold 15)
[309.776s][info ][gc,heap        ] GC(15) PSYoungGen: 1477579K(1769984K)->67238K(1786368K) Eden: 1442816K(1442816K)->0K(1463808K) From: 34763K(327168K)->67238K(322560K)
[309.776s][info ][gc,heap        ] GC(15) ParOldGen: 237459K(237568K)->257928K(258048K)
[309.776s][info ][gc,metaspace   ] GC(15) Metaspace: 106082K(107264K)->106082K(107264K) NonClass: 90320K(91008K)->90320K(91008K) Class: 15762K(16256K)->15762K(16256K)
[309.776s][info ][gc             ] GC(15) Pause Young (Allocation Failure) 1674M->317M(1996M) 39.786ms
[309.776s][info ][gc,cpu         ] GC(15) User=0.11s Sys=0.03s Real=0.04s
[309.776s][info ][safepoint      ] Safepoint "ParallelCollectForAllocation", Time since last: 13617268355 ns, Reaching safepoint: 6500 ns, At safepoint: 39850708 ns, Leaving safepoint: 19400 ns, Total: 39876608 ns, Threads: 1 runnable, 32 total
[312.908s][info ][gc,start       ] GC(16) Pause Young (Allocation Failure)
[312.953s][debug][gc,phases      ] GC(16) Scavenge 45.819ms
[312.954s][debug][gc,ref         ] GC(16) ReferenceProcessor::execute queues: 1, RefProcThreadModel::Single, marks_oops_alive: false
[312.954s][debug][gc,ref         ] GC(16) Skipped KeepAliveFinalRefsPhase of Reference Processing: no references
[312.954s][debug][gc,ref         ] GC(16) ReferenceProcessor::execute queues: 1, RefProcThreadModel::Single, marks_oops_alive: false
[312.954s][debug][gc,phases      ] GC(16) Reference Processing 0.101ms
[312.954s][debug][gc,phases      ] GC(16)   VM Weak                        Min: 0.00, Avg: 0.00, Max: 0.01, Diff: 0.01, Sum: 0.01, Workers: 4
[312.954s][debug][gc,phases      ] GC(16)     Dead                           Min: 0, Avg:  0.0, Max: 0, Diff: 0, Sum: 0, Workers: 4
[312.954s][debug][gc,phases      ] GC(16)     Total                          Min: 0, Avg: 221.0, Max: 884, Diff: 884, Sum: 884, Workers: 4
[312.954s][debug][gc,phases      ] GC(16)   ObjectSynchronizer Weak        Min: 0.00, Avg: 0.00, Max: 0.00, Diff: 0.00, Sum: 0.00, Workers: 4
[312.954s][debug][gc,phases      ] GC(16)     Dead                           Min: 0, Avg:  0.0, Max: 0, Diff: 0, Sum: 0, Workers: 4
[312.954s][debug][gc,phases      ] GC(16)     Total                          Min: 0, Avg:  2.8, Max: 11, Diff: 11, Sum: 11, Workers: 4
[312.954s][debug][gc,phases      ] GC(16)   JVMTI Tag Weak OopStorage      Min: 0.00, Avg: 0.00, Max: 0.00, Diff: 0.00, Sum: 0.00, Workers: 4
[312.954s][debug][gc,phases      ] GC(16)     Dead                           Min: 0, Avg:  0.0, Max: 0, Diff: 0, Sum: 0, Workers: 4
[312.954s][debug][gc,phases      ] GC(16)     Total                          Min: 0, Avg:  0.0, Max: 0, Diff: 0, Sum: 0, Workers: 4
[312.954s][debug][gc,phases      ] GC(16)   StringTable Weak               Min: 0.00, Avg: 0.10, Max: 0.13, Diff: 0.13, Sum: 0.39, Workers: 4
[312.954s][debug][gc,phases      ] GC(16)     Dead                           Min: 0, Avg:  0.8, Max: 1, Diff: 1, Sum: 3, Workers: 4
[312.954s][debug][gc,phases      ] GC(16)     Total                          Min: 0, Avg: 12337.5, Max: 19910, Diff: 19910, Sum: 49350, Workers: 4
[312.954s][debug][gc,phases      ] GC(16)   ResolvedMethodTable Weak       Min: 0.00, Avg: 0.04, Max: 0.06, Diff: 0.06, Sum: 0.18, Workers: 4
[312.954s][debug][gc,phases      ] GC(16)     Dead                           Min: 0, Avg: 23.5, Max: 40, Diff: 40, Sum: 94, Workers: 4
[312.954s][debug][gc,phases      ] GC(16)     Total                          Min: 0, Avg: 4040.0, Max: 6795, Diff: 6795, Sum: 16160, Workers: 4
[312.954s][debug][gc,phases      ] GC(16)   JNI Weak                       Min: 0.00, Avg: 0.00, Max: 0.00, Diff: 0.00, Sum: 0.00, Workers: 4
[312.954s][debug][gc,phases      ] GC(16)     Dead                           Min: 0, Avg:  0.0, Max: 0, Diff: 0, Sum: 0, Workers: 4
[312.954s][debug][gc,phases      ] GC(16)     Total                          Min: 0, Avg: 15.8, Max: 63, Diff: 63, Sum: 63, Workers: 4
[312.954s][debug][gc,phases      ] GC(16)   StringDedup Table Weak         Min: 0.00, Avg: 0.00, Max: 0.00, Diff: 0.00, Sum: 0.00, Workers: 4
[312.954s][debug][gc,phases      ] GC(16)     Dead                           Min: 0, Avg:  0.0, Max: 0, Diff: 0, Sum: 0, Workers: 4
[312.954s][debug][gc,phases      ] GC(16)     Total                          Min: 0, Avg:  0.0, Max: 0, Diff: 0, Sum: 0, Workers: 4
[312.954s][debug][gc,phases      ] GC(16)   StringDedup Requests0 Weak     Min: 0.00, Avg: 0.00, Max: 0.00, Diff: 0.00, Sum: 0.00, Workers: 4
[312.954s][debug][gc,phases      ] GC(16)     Dead                           Min: 0, Avg:  0.0, Max: 0, Diff: 0, Sum: 0, Workers: 4
[312.954s][debug][gc,phases      ] GC(16)     Total                          Min: 0, Avg:  0.0, Max: 0, Diff: 0, Sum: 0, Workers: 4
[312.954s][debug][gc,phases      ] GC(16)   StringDedup Requests1 Weak     Min: 0.00, Avg: 0.00, Max: 0.00, Diff: 0.00, Sum: 0.00, Workers: 4
[312.954s][debug][gc,phases      ] GC(16)     Dead                           Min: 0, Avg:  0.0, Max: 0, Diff: 0, Sum: 0, Workers: 4
[312.954s][debug][gc,phases      ] GC(16)     Total                          Min: 0, Avg:  0.0, Max: 0, Diff: 0, Sum: 0, Workers: 4
[312.954s][debug][gc,phases      ] GC(16)   Weak JFR Old Object Samples    Min: 0.00, Avg: 0.00, Max: 0.00, Diff: 0.00, Sum: 0.00, Workers: 4
[312.954s][debug][gc,phases      ] GC(16)     Dead                           Min: 0, Avg:  0.0, Max: 0, Diff: 0, Sum: 0, Workers: 4
[312.954s][debug][gc,phases      ] GC(16)     Total                          Min: 0, Avg:  0.0, Max: 0, Diff: 0, Sum: 0, Workers: 4
[312.954s][debug][gc,phases      ] GC(16) Weak Processing 0.358ms
[312.954s][debug][gc,age         ] GC(16) Desired survivor size 309329920 bytes, new threshold 1 (max threshold 15)
[312.954s][info ][gc,heap        ] GC(16) PSYoungGen: 1531046K(1786368K)->47776K(1774592K) Eden: 1463808K(1463808K)->0K(1463808K) From: 67238K(322560K)->47776K(310784K)
[312.954s][info ][gc,heap        ] GC(16) ParOldGen: 257928K(258048K)->324038K(324096K)
[312.954s][info ][gc,metaspace   ] GC(16) Metaspace: 106767K(107904K)->106767K(107904K) NonClass: 90922K(91584K)->90922K(91584K) Class: 15844K(16320K)->15844K(16320K)
[312.954s][info ][gc             ] GC(16) Pause Young (Allocation Failure) 1747M->363M(2049M) 46.397ms
[312.954s][info ][gc,cpu         ] GC(16) User=0.13s Sys=0.03s Real=0.05s
[312.954s][info ][safepoint      ] Safepoint "ParallelCollectForAllocation", Time since last: 3131904615 ns, Reaching safepoint: 25500 ns, At safepoint: 46464776 ns, Leaving safepoint: 15100 ns, Total: 46505376 ns, Threads: 0 runnable, 32 total
[313.948s][debug][gc,phases      ] GC(17) Pre Compact 0.021ms
[313.948s][info ][gc,start       ] GC(17) Pause Full (CodeCache GC Threshold)
[313.949s][info ][gc,phases,start] GC(17) Marking Phase
[314.030s][debug][gc,phases      ] GC(17) Par Mark 81.060ms
[314.030s][debug][gc,ref         ] GC(17) ReferenceProcessor::execute queues: 4, RefProcThreadModel::Multi, marks_oops_alive: false
[314.030s][debug][gc,ref         ] GC(17) ReferenceProcessor::execute queues: 4, RefProcThreadModel::Multi, marks_oops_alive: true
[314.031s][debug][gc,ref         ] GC(17) ReferenceProcessor::execute queues: 1, RefProcThreadModel::Single, marks_oops_alive: false
[314.031s][debug][gc,phases      ] GC(17) Reference Processing 0.976ms
[314.031s][debug][gc,phases      ] GC(17) Flush Marking Stats 0.016ms
[314.031s][debug][gc,phases      ] GC(17)   VM Weak                        Min: 0.00, Avg: 0.01, Max: 0.01, Diff: 0.01, Sum: 0.02, Workers: 4
[314.031s][debug][gc,phases      ] GC(17)     Dead                           Min: 0, Avg:  0.0, Max: 0, Diff: 0, Sum: 0, Workers: 4
[314.031s][debug][gc,phases      ] GC(17)     Total                          Min: 0, Avg: 221.2, Max: 512, Diff: 512, Sum: 885, Workers: 4
[314.031s][debug][gc,phases      ] GC(17)   ObjectSynchronizer Weak        Min: 0.00, Avg: 0.00, Max: 0.00, Diff: 0.00, Sum: 0.00, Workers: 4
[314.031s][debug][gc,phases      ] GC(17)     Dead                           Min: 0, Avg:  0.0, Max: 0, Diff: 0, Sum: 0, Workers: 4
[314.031s][debug][gc,phases      ] GC(17)     Total                          Min: 0, Avg:  2.8, Max: 11, Diff: 11, Sum: 11, Workers: 4
[314.031s][debug][gc,phases      ] GC(17)   JVMTI Tag Weak OopStorage      Min: 0.00, Avg: 0.00, Max: 0.00, Diff: 0.00, Sum: 0.00, Workers: 4
[314.031s][debug][gc,phases      ] GC(17)     Dead                           Min: 0, Avg:  0.0, Max: 0, Diff: 0, Sum: 0, Workers: 4
[314.031s][debug][gc,phases      ] GC(17)     Total                          Min: 0, Avg:  0.0, Max: 0, Diff: 0, Sum: 0, Workers: 4
[314.031s][debug][gc,phases      ] GC(17)   StringTable Weak               Min: 0.00, Avg: 0.16, Max: 0.22, Diff: 0.22, Sum: 0.66, Workers: 4
[314.031s][debug][gc,phases      ] GC(17)     Dead                           Min: 0, Avg:  0.0, Max: 0, Diff: 0, Sum: 0, Workers: 4
[314.031s][debug][gc,phases      ] GC(17)     Total                          Min: 0, Avg: 12339.2, Max: 19661, Diff: 19661, Sum: 49357, Workers: 4
[314.031s][debug][gc,phases      ] GC(17)   ResolvedMethodTable Weak       Min: 0.00, Avg: 0.05, Max: 0.06, Diff: 0.06, Sum: 0.18, Workers: 4
[314.031s][debug][gc,phases      ] GC(17)     Dead                           Min: 0, Avg:  0.0, Max: 0, Diff: 0, Sum: 0, Workers: 4
[314.031s][debug][gc,phases      ] GC(17)     Total                          Min: 0, Avg: 4041.8, Max: 6326, Diff: 6326, Sum: 16167, Workers: 4
[314.031s][debug][gc,phases      ] GC(17)   JNI Weak                       Min: 0.00, Avg: 0.00, Max: 0.00, Diff: 0.00, Sum: 0.00, Workers: 4
[314.031s][debug][gc,phases      ] GC(17)     Dead                           Min: 0, Avg:  0.0, Max: 0, Diff: 0, Sum: 0, Workers: 4
[314.031s][debug][gc,phases      ] GC(17)     Total                          Min: 0, Avg: 13.2, Max: 48, Diff: 48, Sum: 53, Workers: 4
[314.031s][debug][gc,phases      ] GC(17)   StringDedup Table Weak         Min: 0.00, Avg: 0.00, Max: 0.00, Diff: 0.00, Sum: 0.00, Workers: 4
[314.031s][debug][gc,phases      ] GC(17)     Dead                           Min: 0, Avg:  0.0, Max: 0, Diff: 0, Sum: 0, Workers: 4
[314.031s][debug][gc,phases      ] GC(17)     Total                          Min: 0, Avg:  0.0, Max: 0, Diff: 0, Sum: 0, Workers: 4
[314.031s][debug][gc,phases      ] GC(17)   StringDedup Requests0 Weak     Min: 0.00, Avg: 0.00, Max: 0.00, Diff: 0.00, Sum: 0.00, Workers: 4
[314.031s][debug][gc,phases      ] GC(17)     Dead                           Min: 0, Avg:  0.0, Max: 0, Diff: 0, Sum: 0, Workers: 4
[314.031s][debug][gc,phases      ] GC(17)     Total                          Min: 0, Avg:  0.0, Max: 0, Diff: 0, Sum: 0, Workers: 4
[314.031s][debug][gc,phases      ] GC(17)   StringDedup Requests1 Weak     Min: 0.00, Avg: 0.00, Max: 0.00, Diff: 0.00, Sum: 0.00, Workers: 4
[314.031s][debug][gc,phases      ] GC(17)     Dead                           Min: 0, Avg:  0.0, Max: 0, Diff: 0, Sum: 0, Workers: 4
[314.031s][debug][gc,phases      ] GC(17)     Total                          Min: 0, Avg:  0.0, Max: 0, Diff: 0, Sum: 0, Workers: 4
[314.031s][debug][gc,phases      ] GC(17)   Weak JFR Old Object Samples    Min: 0.00, Avg: 0.00, Max: 0.00, Diff: 0.00, Sum: 0.00, Workers: 4
[314.031s][debug][gc,phases      ] GC(17)     Dead                           Min: 0, Avg:  0.0, Max: 0, Diff: 0, Sum: 0, Workers: 4
[314.031s][debug][gc,phases      ] GC(17)     Total                          Min: 0, Avg:  0.0, Max: 0, Diff: 0, Sum: 0, Workers: 4
[314.031s][debug][gc,phases      ] GC(17) Weak Processing 0.482ms
[314.031s][debug][gc,phases      ] GC(17) ClassLoaderData 0.108ms
[314.031s][debug][gc,phases      ] GC(17) Trigger cleanups 0.000ms
[314.072s][debug][gc,phases      ] GC(17) Purge Unlinked NMethods 1.673ms
[314.072s][debug][gc,phases      ] GC(17) Unregister NMethods 0.001ms
[314.073s][debug][gc,phases      ] GC(17) Free Code Blobs 0.170ms
[314.073s][debug][gc,phases      ] GC(17) Class Unloading 41.473ms
[314.073s][debug][gc,phases      ] GC(17) Report Object Count 0.001ms
[314.073s][info ][gc,phases      ] GC(17) Marking Phase 124.077ms
[314.073s][info ][gc,phases,start] GC(17) Summary Phase
[314.073s][info ][gc,phases      ] GC(17) Summary Phase 0.011ms
[314.073s][info ][gc,phases,start] GC(17) Forward
[314.085s][info ][gc,phases      ] GC(17) Forward 12.246ms
[314.085s][info ][gc,phases,start] GC(17) Adjust Pointers
[314.150s][info ][gc,phases      ] GC(17) Adjust Pointers 65.198ms
[314.150s][info ][gc,phases,start] GC(17) Compaction Phase
[314.176s][info ][gc,phases      ] GC(17) Compaction Phase 25.424ms
[314.176s][info ][gc,phases,start] GC(17) Post Compact
[314.177s][debug][gc,phases      ] GC(17) Purge Class Loader Data 0.510ms
[314.177s][info ][gc,phases      ] GC(17) Post Compact 1.282ms
[314.177s][info ][gc,heap        ] GC(17) PSYoungGen: 151981K(1774592K)->0K(1774592K) Eden: 104204K(1463808K)->0K(1463808K) From: 47776K(310784K)->0K(310784K)
[314.177s][info ][gc,heap        ] GC(17) ParOldGen: 324038K(324096K)->302550K(324096K)
[314.177s][info ][gc,metaspace   ] GC(17) Metaspace: 106800K(108032K)->106800K(108032K) NonClass: 90953K(91712K)->90953K(91712K) Class: 15847K(16320K)->15847K(16320K)
[314.177s][info ][gc             ] GC(17) Pause Full (CodeCache GC Threshold) 464M->295M(2049M) 228.506ms
[314.177s][info ][gc,cpu         ] GC(17) User=0.67s Sys=0.01s Real=0.22s
[314.177s][info ][safepoint      ] Safepoint "ParallelGCCollect", Time since last: 994345811 ns, Reaching safepoint: 77199 ns, At safepoint: 228600999 ns, Leaving safepoint: 12600 ns, Total: 228690798 ns, Threads: 1 runnable, 32 total
[333.756s][info ][gc,start       ] GC(18) Pause Young (Allocation Failure)
[333.758s][debug][gc,phases      ] GC(18) Scavenge 2.358ms
[333.758s][debug][gc,ref         ] GC(18) ReferenceProcessor::execute queues: 1, RefProcThreadModel::Single, marks_oops_alive: false
[333.758s][debug][gc,ref         ] GC(18) Skipped KeepAliveFinalRefsPhase of Reference Processing: no references
[333.758s][debug][gc,ref         ] GC(18) Skipped PhantomRefsPhase of Reference Processing: no references
[333.758s][debug][gc,phases      ] GC(18) Reference Processing 0.114ms
[333.758s][debug][gc,phases      ] GC(18)   VM Weak                        Min: 0.00, Avg: 0.00, Max: 0.01, Diff: 0.01, Sum: 0.01, Workers: 4
[333.758s][debug][gc,phases      ] GC(18)     Dead                           Min: 0, Avg:  0.0, Max: 0, Diff: 0, Sum: 0, Workers: 4
[333.758s][debug][gc,phases      ] GC(18)     Total                          Min: 0, Avg: 223.5, Max: 766, Diff: 766, Sum: 894, Workers: 4
[333.758s][debug][gc,phases      ] GC(18)   ObjectSynchronizer Weak        Min: 0.00, Avg: 0.00, Max: 0.00, Diff: 0.00, Sum: 0.00, Workers: 4
[333.758s][debug][gc,phases      ] GC(18)     Dead                           Min: 0, Avg:  0.0, Max: 0, Diff: 0, Sum: 0, Workers: 4
[333.758s][debug][gc,phases      ] GC(18)     Total                          Min: 0, Avg:  2.8, Max: 11, Diff: 11, Sum: 11, Workers: 4
[333.758s][debug][gc,phases      ] GC(18)   JVMTI Tag Weak OopStorage      Min: 0.00, Avg: 0.00, Max: 0.00, Diff: 0.00, Sum: 0.00, Workers: 4
[333.758s][debug][gc,phases      ] GC(18)     Dead                           Min: 0, Avg:  0.0, Max: 0, Diff: 0, Sum: 0, Workers: 4
[333.758s][debug][gc,phases      ] GC(18)     Total                          Min: 0, Avg:  0.0, Max: 0, Diff: 0, Sum: 0, Workers: 4
[333.758s][debug][gc,phases      ] GC(18)   StringTable Weak               Min: 0.00, Avg: 0.11, Max: 0.14, Diff: 0.14, Sum: 0.43, Workers: 4
[333.758s][debug][gc,phases      ] GC(18)     Dead                           Min: 0, Avg:  0.5, Max: 2, Diff: 2, Sum: 2, Workers: 4
[333.758s][debug][gc,phases      ] GC(18)     Total                          Min: 0, Avg: 12405.8, Max: 20416, Diff: 20416, Sum: 49623, Workers: 4
[333.758s][debug][gc,phases      ] GC(18)   ResolvedMethodTable Weak       Min: 0.00, Avg: 0.03, Max: 0.05, Diff: 0.05, Sum: 0.14, Workers: 4
[333.758s][debug][gc,phases      ] GC(18)     Dead                           Min: 0, Avg: 13.8, Max: 25, Diff: 25, Sum: 55, Workers: 4
[333.758s][debug][gc,phases      ] GC(18)     Total                          Min: 0, Avg: 4093.0, Max: 7148, Diff: 7148, Sum: 16372, Workers: 4
[333.758s][debug][gc,phases      ] GC(18)   JNI Weak                       Min: 0.00, Avg: 0.00, Max: 0.00, Diff: 0.00, Sum: 0.00, Workers: 4
[333.758s][debug][gc,phases      ] GC(18)     Dead                           Min: 0, Avg:  0.0, Max: 0, Diff: 0, Sum: 0, Workers: 4
[333.758s][debug][gc,phases      ] GC(18)     Total                          Min: 0, Avg: 13.0, Max: 48, Diff: 48, Sum: 52, Workers: 4
[333.758s][debug][gc,phases      ] GC(18)   StringDedup Table Weak         Min: 0.00, Avg: 0.00, Max: 0.00, Diff: 0.00, Sum: 0.00, Workers: 4
[333.758s][debug][gc,phases      ] GC(18)     Dead                           Min: 0, Avg:  0.0, Max: 0, Diff: 0, Sum: 0, Workers: 4
[333.758s][debug][gc,phases      ] GC(18)     Total                          Min: 0, Avg:  0.0, Max: 0, Diff: 0, Sum: 0, Workers: 4
[333.758s][debug][gc,phases      ] GC(18)   StringDedup Requests0 Weak     Min: 0.00, Avg: 0.00, Max: 0.00, Diff: 0.00, Sum: 0.00, Workers: 4
[333.758s][debug][gc,phases      ] GC(18)     Dead                           Min: 0, Avg:  0.0, Max: 0, Diff: 0, Sum: 0, Workers: 4
[333.758s][debug][gc,phases      ] GC(18)     Total                          Min: 0, Avg:  0.0, Max: 0, Diff: 0, Sum: 0, Workers: 4
[333.759s][debug][gc,phases      ] GC(18)   StringDedup Requests1 Weak     Min: 0.00, Avg: 0.00, Max: 0.00, Diff: 0.00, Sum: 0.00, Workers: 4
[333.759s][debug][gc,phases      ] GC(18)     Dead                           Min: 0, Avg:  0.0, Max: 0, Diff: 0, Sum: 0, Workers: 4
[333.759s][debug][gc,phases      ] GC(18)     Total                          Min: 0, Avg:  0.0, Max: 0, Diff: 0, Sum: 0, Workers: 4
[333.759s][debug][gc,phases      ] GC(18)   Weak JFR Old Object Samples    Min: 0.00, Avg: 0.00, Max: 0.00, Diff: 0.00, Sum: 0.00, Workers: 4
[333.759s][debug][gc,phases      ] GC(18)     Dead                           Min: 0, Avg:  0.0, Max: 0, Diff: 0, Sum: 0, Workers: 4
[333.759s][debug][gc,phases      ] GC(18)     Total                          Min: 0, Avg:  0.0, Max: 0, Diff: 0, Sum: 0, Workers: 4
[333.759s][debug][gc,phases      ] GC(18) Weak Processing 0.378ms
[333.759s][debug][gc,age         ] GC(18) Desired survivor size 307757056 bytes, new threshold 1 (max threshold 15)
[333.759s][info ][gc,heap        ] GC(18) PSYoungGen: 1463808K(1774592K)->2752K(1796608K) Eden: 1463808K(1463808K)->0K(1494528K) From: 0K(310784K)->2752K(302080K)
[333.759s][info ][gc,heap        ] GC(18) ParOldGen: 302550K(324096K)->302550K(324096K)
[333.759s][info ][gc,metaspace   ] GC(18) Metaspace: 107758K(108928K)->107758K(108928K) NonClass: 91827K(92480K)->91827K(92480K) Class: 15931K(16448K)->15931K(16448K)
[333.759s][info ][gc             ] GC(18) Pause Young (Allocation Failure) 1724M->298M(2071M) 2.961ms
[333.759s][info ][gc,cpu         ] GC(18) User=0.01s Sys=0.00s Real=0.01s
[333.759s][info ][safepoint      ] Safepoint "ParallelCollectForAllocation", Time since last: 19578523887 ns, Reaching safepoint: 5400 ns, At safepoint: 3016886 ns, Leaving safepoint: 2200 ns, Total: 3024486 ns, Threads: 0 runnable, 34 total
[351.295s][info ][gc,start       ] GC(19) Pause Young (Allocation Failure)
[351.302s][debug][gc,phases      ] GC(19) Scavenge 6.828ms
[351.302s][debug][gc,ref         ] GC(19) ReferenceProcessor::execute queues: 1, RefProcThreadModel::Single, marks_oops_alive: false
[351.302s][debug][gc,ref         ] GC(19) Skipped KeepAliveFinalRefsPhase of Reference Processing: no references
[351.302s][debug][gc,ref         ] GC(19) Skipped PhantomRefsPhase of Reference Processing: no references
[351.302s][debug][gc,phases      ] GC(19) Reference Processing 0.096ms
[351.303s][debug][gc,phases      ] GC(19)   VM Weak                        Min: 0.00, Avg: 0.00, Max: 0.01, Diff: 0.01, Sum: 0.01, Workers: 4
[351.303s][debug][gc,phases      ] GC(19)     Dead                           Min: 0, Avg:  0.0, Max: 0, Diff: 0, Sum: 0, Workers: 4
[351.303s][debug][gc,phases      ] GC(19)     Total                          Min: 0, Avg: 226.5, Max: 640, Diff: 640, Sum: 906, Workers: 4
[351.303s][debug][gc,phases      ] GC(19)   ObjectSynchronizer Weak        Min: 0.00, Avg: 0.00, Max: 0.00, Diff: 0.00, Sum: 0.00, Workers: 4
[351.303s][debug][gc,phases      ] GC(19)     Dead                           Min: 0, Avg:  0.0, Max: 0, Diff: 0, Sum: 0, Workers: 4
[351.303s][debug][gc,phases      ] GC(19)     Total                          Min: 0, Avg:  2.8, Max: 11, Diff: 11, Sum: 11, Workers: 4
[351.303s][debug][gc,phases      ] GC(19)   JVMTI Tag Weak OopStorage      Min: 0.00, Avg: 0.00, Max: 0.00, Diff: 0.00, Sum: 0.00, Workers: 4
[351.303s][debug][gc,phases      ] GC(19)     Dead                           Min: 0, Avg:  0.0, Max: 0, Diff: 0, Sum: 0, Workers: 4
[351.303s][debug][gc,phases      ] GC(19)     Total                          Min: 0, Avg:  0.0, Max: 0, Diff: 0, Sum: 0, Workers: 4
[351.303s][debug][gc,phases      ] GC(19)   StringTable Weak               Min: 0.00, Avg: 0.11, Max: 0.15, Diff: 0.15, Sum: 0.44, Workers: 4
[351.303s][debug][gc,phases      ] GC(19)     Dead                           Min: 0, Avg:  0.2, Max: 1, Diff: 1, Sum: 1, Workers: 4
[351.303s][debug][gc,phases      ] GC(19)     Total                          Min: 0, Avg: 12427.0, Max: 20608, Diff: 20608, Sum: 49708, Workers: 4
[351.303s][debug][gc,phases      ] GC(19)   ResolvedMethodTable Weak       Min: 0.00, Avg: 0.03, Max: 0.05, Diff: 0.05, Sum: 0.14, Workers: 4
[351.303s][debug][gc,phases      ] GC(19)     Dead                           Min: 0, Avg:  6.8, Max: 18, Diff: 18, Sum: 27, Workers: 4
[351.303s][debug][gc,phases      ] GC(19)     Total                          Min: 0, Avg: 4107.8, Max: 6997, Diff: 6997, Sum: 16431, Workers: 4
[351.303s][debug][gc,phases      ] GC(19)   JNI Weak                       Min: 0.00, Avg: 0.00, Max: 0.00, Diff: 0.00, Sum: 0.00, Workers: 4
[351.303s][debug][gc,phases      ] GC(19)     Dead                           Min: 0, Avg:  0.0, Max: 0, Diff: 0, Sum: 0, Workers: 4
[351.303s][debug][gc,phases      ] GC(19)     Total                          Min: 0, Avg: 13.0, Max: 48, Diff: 48, Sum: 52, Workers: 4
[351.303s][debug][gc,phases      ] GC(19)   StringDedup Table Weak         Min: 0.00, Avg: 0.00, Max: 0.00, Diff: 0.00, Sum: 0.00, Workers: 4
[351.303s][debug][gc,phases      ] GC(19)     Dead                           Min: 0, Avg:  0.0, Max: 0, Diff: 0, Sum: 0, Workers: 4
[351.303s][debug][gc,phases      ] GC(19)     Total                          Min: 0, Avg:  0.0, Max: 0, Diff: 0, Sum: 0, Workers: 4
[351.303s][debug][gc,phases      ] GC(19)   StringDedup Requests0 Weak     Min: 0.00, Avg: 0.00, Max: 0.00, Diff: 0.00, Sum: 0.00, Workers: 4
[351.303s][debug][gc,phases      ] GC(19)     Dead                           Min: 0, Avg:  0.0, Max: 0, Diff: 0, Sum: 0, Workers: 4
[351.303s][debug][gc,phases      ] GC(19)     Total                          Min: 0, Avg:  0.0, Max: 0, Diff: 0, Sum: 0, Workers: 4
[351.303s][debug][gc,phases      ] GC(19)   StringDedup Requests1 Weak     Min: 0.00, Avg: 0.00, Max: 0.00, Diff: 0.00, Sum: 0.00, Workers: 4
[351.303s][debug][gc,phases      ] GC(19)     Dead                           Min: 0, Avg:  0.0, Max: 0, Diff: 0, Sum: 0, Workers: 4
[351.303s][debug][gc,phases      ] GC(19)     Total                          Min: 0, Avg:  0.0, Max: 0, Diff: 0, Sum: 0, Workers: 4
[351.303s][debug][gc,phases      ] GC(19)   Weak JFR Old Object Samples    Min: 0.00, Avg: 0.00, Max: 0.00, Diff: 0.00, Sum: 0.00, Workers: 4
[351.303s][debug][gc,phases      ] GC(19)     Dead                           Min: 0, Avg:  0.0, Max: 0, Diff: 0, Sum: 0, Workers: 4
[351.303s][debug][gc,phases      ] GC(19)     Total                          Min: 0, Avg:  0.0, Max: 0, Diff: 0, Sum: 0, Workers: 4
[351.303s][debug][gc,phases      ] GC(19) Weak Processing 0.395ms
[351.303s][debug][gc,age         ] GC(19) Desired survivor size 301989888 bytes, new threshold 1 (max threshold 15)
[351.303s][info ][gc,heap        ] GC(19) PSYoungGen: 1497280K(1796608K)->7946K(1795072K) Eden: 1494528K(1494528K)->0K(1494528K) From: 2752K(302080K)->7946K(300544K)
[351.303s][info ][gc,heap        ] GC(19) ParOldGen: 302550K(324096K)->303619K(324096K)
[351.303s][info ][gc,metaspace   ] GC(19) Metaspace: 107951K(109184K)->107951K(109184K) NonClass: 92001K(92736K)->92001K(92736K) Class: 15949K(16448K)->15949K(16448K)
[351.303s][info ][gc             ] GC(19) Pause Young (Allocation Failure) 1757M->304M(2069M) 7.462ms
[351.303s][info ][gc,cpu         ] GC(19) User=0.02s Sys=0.00s Real=0.01s
[351.303s][info ][safepoint      ] Safepoint "ParallelCollectForAllocation", Time since last: 17536639304 ns, Reaching safepoint: 5900 ns, At safepoint: 7523964 ns, Leaving safepoint: 2800 ns, Total: 7532664 ns, Threads: 0 runnable, 34 total
[369.491s][info ][gc,start       ] GC(20) Pause Young (Allocation Failure)
[369.497s][debug][gc,phases      ] GC(20) Scavenge 5.927ms
[369.497s][debug][gc,ref         ] GC(20) ReferenceProcessor::execute queues: 1, RefProcThreadModel::Single, marks_oops_alive: false
[369.497s][debug][gc,ref         ] GC(20) Skipped KeepAliveFinalRefsPhase of Reference Processing: no references
[369.497s][debug][gc,ref         ] GC(20) Skipped PhantomRefsPhase of Reference Processing: no references
[369.497s][debug][gc,phases      ] GC(20) Reference Processing 0.099ms
[369.497s][debug][gc,phases      ] GC(20)   VM Weak                        Min: 0.00, Avg: 0.00, Max: 0.01, Diff: 0.01, Sum: 0.01, Workers: 4
[369.497s][debug][gc,phases      ] GC(20)     Dead                           Min: 0, Avg:  0.0, Max: 0, Diff: 0, Sum: 0, Workers: 4
[369.497s][debug][gc,phases      ] GC(20)     Total                          Min: 0, Avg: 226.5, Max: 522, Diff: 522, Sum: 906, Workers: 4
[369.497s][debug][gc,phases      ] GC(20)   ObjectSynchronizer Weak        Min: 0.00, Avg: 0.00, Max: 0.00, Diff: 0.00, Sum: 0.00, Workers: 4
[369.497s][debug][gc,phases      ] GC(20)     Dead                           Min: 0, Avg:  0.0, Max: 0, Diff: 0, Sum: 0, Workers: 4
[369.497s][debug][gc,phases      ] GC(20)     Total                          Min: 0, Avg:  1.5, Max: 6, Diff: 6, Sum: 6, Workers: 4
[369.497s][debug][gc,phases      ] GC(20)   JVMTI Tag Weak OopStorage      Min: 0.00, Avg: 0.00, Max: 0.00, Diff: 0.00, Sum: 0.00, Workers: 4
[369.497s][debug][gc,phases      ] GC(20)     Dead                           Min: 0, Avg:  0.0, Max: 0, Diff: 0, Sum: 0, Workers: 4
[369.497s][debug][gc,phases      ] GC(20)     Total                          Min: 0, Avg:  0.0, Max: 0, Diff: 0, Sum: 0, Workers: 4
[369.497s][debug][gc,phases      ] GC(20)   StringTable Weak               Min: 0.00, Avg: 0.10, Max: 0.19, Diff: 0.19, Sum: 0.42, Workers: 4
[369.497s][debug][gc,phases      ] GC(20)     Dead                           Min: 0, Avg:  0.0, Max: 0, Diff: 0, Sum: 0, Workers: 4
[369.497s][debug][gc,phases      ] GC(20)     Total                          Min: 0, Avg: 12428.8, Max: 27264, Diff: 27264, Sum: 49715, Workers: 4
[369.497s][debug][gc,phases      ] GC(20)   ResolvedMethodTable Weak       Min: 0.00, Avg: 0.04, Max: 0.05, Diff: 0.05, Sum: 0.15, Workers: 4
[369.497s][debug][gc,phases      ] GC(20)     Dead                           Min: 0, Avg:  5.0, Max: 15, Diff: 15, Sum: 20, Workers: 4
[369.497s][debug][gc,phases      ] GC(20)     Total                          Min: 0, Avg: 4108.8, Max: 5551, Diff: 5551, Sum: 16435, Workers: 4
[369.498s][debug][gc,phases      ] GC(20)   JNI Weak                       Min: 0.00, Avg: 0.00, Max: 0.00, Diff: 0.00, Sum: 0.00, Workers: 4
[369.498s][debug][gc,phases      ] GC(20)     Dead                           Min: 0, Avg:  0.0, Max: 0, Diff: 0, Sum: 0, Workers: 4
[369.498s][debug][gc,phases      ] GC(20)     Total                          Min: 0, Avg: 13.0, Max: 48, Diff: 48, Sum: 52, Workers: 4
[369.498s][debug][gc,phases      ] GC(20)   StringDedup Table Weak         Min: 0.00, Avg: 0.00, Max: 0.00, Diff: 0.00, Sum: 0.00, Workers: 4
[369.498s][debug][gc,phases      ] GC(20)     Dead                           Min: 0, Avg:  0.0, Max: 0, Diff: 0, Sum: 0, Workers: 4
[369.498s][debug][gc,phases      ] GC(20)     Total                          Min: 0, Avg:  0.0, Max: 0, Diff: 0, Sum: 0, Workers: 4
[369.498s][debug][gc,phases      ] GC(20)   StringDedup Requests0 Weak     Min: 0.00, Avg: 0.00, Max: 0.00, Diff: 0.00, Sum: 0.00, Workers: 4
[369.498s][debug][gc,phases      ] GC(20)     Dead                           Min: 0, Avg:  0.0, Max: 0, Diff: 0, Sum: 0, Workers: 4
[369.498s][debug][gc,phases      ] GC(20)     Total                          Min: 0, Avg:  0.0, Max: 0, Diff: 0, Sum: 0, Workers: 4
[369.498s][debug][gc,phases      ] GC(20)   StringDedup Requests1 Weak     Min: 0.00, Avg: 0.00, Max: 0.00, Diff: 0.00, Sum: 0.00, Workers: 4
[369.498s][debug][gc,phases      ] GC(20)     Dead                           Min: 0, Avg:  0.0, Max: 0, Diff: 0, Sum: 0, Workers: 4
[369.498s][debug][gc,phases      ] GC(20)     Total                          Min: 0, Avg:  0.0, Max: 0, Diff: 0, Sum: 0, Workers: 4
[369.498s][debug][gc,phases      ] GC(20)   Weak JFR Old Object Samples    Min: 0.00, Avg: 0.00, Max: 0.00, Diff: 0.00, Sum: 0.00, Workers: 4
[369.498s][debug][gc,phases      ] GC(20)     Dead                           Min: 0, Avg:  0.0, Max: 0, Diff: 0, Sum: 0, Workers: 4
[369.498s][debug][gc,phases      ] GC(20)     Total                          Min: 0, Avg:  0.0, Max: 0, Diff: 0, Sum: 0, Workers: 4
[369.498s][debug][gc,phases      ] GC(20) Weak Processing 0.437ms
[369.498s][debug][gc,age         ] GC(20) Desired survivor size 295698432 bytes, new threshold 1 (max threshold 15)
[369.498s][info ][gc,heap        ] GC(20) PSYoungGen: 1502474K(1795072K)->2912K(1808384K) Eden: 1494528K(1494528K)->0K(1513472K) From: 7946K(300544K)->2912K(294912K)
[369.498s][info ][gc,heap        ] GC(20) ParOldGen: 303619K(324096K)->309566K(324096K)
[369.498s][info ][gc,metaspace   ] GC(20) Metaspace: 108067K(109312K)->108067K(109312K) NonClass: 92115K(92864K)->92115K(92864K) Class: 15951K(16448K)->15951K(16448K)
[369.498s][info ][gc             ] GC(20) Pause Young (Allocation Failure) 1763M->305M(2082M) 6.567ms
[369.498s][info ][gc,cpu         ] GC(20) User=0.02s Sys=0.00s Real=0.00s
[369.498s][info ][safepoint      ] Safepoint "ParallelCollectForAllocation", Time since last: 18188223390 ns, Reaching safepoint: 6000 ns, At safepoint: 6627168 ns, Leaving safepoint: 9100 ns, Total: 6642268 ns, Threads: 0 runnable, 34 total
[388.903s][info ][gc,start       ] GC(21) Pause Young (Allocation Failure)
[388.906s][debug][gc,phases      ] GC(21) Scavenge 2.636ms
[388.906s][debug][gc,ref         ] GC(21) ReferenceProcessor::execute queues: 1, RefProcThreadModel::Single, marks_oops_alive: false
[388.906s][debug][gc,ref         ] GC(21) Skipped KeepAliveFinalRefsPhase of Reference Processing: no references
[388.906s][debug][gc,ref         ] GC(21) Skipped PhantomRefsPhase of Reference Processing: no references
[388.906s][debug][gc,phases      ] GC(21) Reference Processing 0.091ms
[388.906s][debug][gc,phases      ] GC(21)   VM Weak                        Min: 0.00, Avg: 0.00, Max: 0.01, Diff: 0.01, Sum: 0.01, Workers: 4
[388.906s][debug][gc,phases      ] GC(21)     Dead                           Min: 0, Avg:  0.0, Max: 0, Diff: 0, Sum: 0, Workers: 4
[388.906s][debug][gc,phases      ] GC(21)     Total                          Min: 0, Avg: 226.5, Max: 448, Diff: 448, Sum: 906, Workers: 4
[388.906s][debug][gc,phases      ] GC(21)   ObjectSynchronizer Weak        Min: 0.00, Avg: 0.00, Max: 0.00, Diff: 0.00, Sum: 0.00, Workers: 4
[388.906s][debug][gc,phases      ] GC(21)     Dead                           Min: 0, Avg:  0.0, Max: 0, Diff: 0, Sum: 0, Workers: 4
[388.906s][debug][gc,phases      ] GC(21)     Total                          Min: 0, Avg:  1.5, Max: 6, Diff: 6, Sum: 6, Workers: 4
[388.906s][debug][gc,phases      ] GC(21)   JVMTI Tag Weak OopStorage      Min: 0.00, Avg: 0.00, Max: 0.00, Diff: 0.00, Sum: 0.00, Workers: 4
[388.906s][debug][gc,phases      ] GC(21)     Dead                           Min: 0, Avg:  0.0, Max: 0, Diff: 0, Sum: 0, Workers: 4
[388.906s][debug][gc,phases      ] GC(21)     Total                          Min: 0, Avg:  0.0, Max: 0, Diff: 0, Sum: 0, Workers: 4
[388.906s][debug][gc,phases      ] GC(21)   StringTable Weak               Min: 0.00, Avg: 0.10, Max: 0.13, Diff: 0.13, Sum: 0.39, Workers: 4
[388.906s][debug][gc,phases      ] GC(21)     Dead                           Min: 0, Avg:  0.0, Max: 0, Diff: 0, Sum: 0, Workers: 4
[388.906s][debug][gc,phases      ] GC(21)     Total                          Min: 0, Avg: 12430.2, Max: 21242, Diff: 21242, Sum: 49721, Workers: 4
[388.906s][debug][gc,phases      ] GC(21)   ResolvedMethodTable Weak       Min: 0.00, Avg: 0.03, Max: 0.04, Diff: 0.04, Sum: 0.13, Workers: 4
[388.906s][debug][gc,phases      ] GC(21)     Dead                           Min: 0, Avg:  0.0, Max: 0, Diff: 0, Sum: 0, Workers: 4
[388.906s][debug][gc,phases      ] GC(21)     Total                          Min: 0, Avg: 4109.2, Max: 7099, Diff: 7099, Sum: 16437, Workers: 4
[388.906s][debug][gc,phases      ] GC(21)   JNI Weak                       Min: 0.00, Avg: 0.00, Max: 0.00, Diff: 0.00, Sum: 0.00, Workers: 4
[388.906s][debug][gc,phases      ] GC(21)     Dead                           Min: 0, Avg:  0.0, Max: 0, Diff: 0, Sum: 0, Workers: 4
[388.906s][debug][gc,phases      ] GC(21)     Total                          Min: 0, Avg: 13.0, Max: 48, Diff: 48, Sum: 52, Workers: 4
[388.906s][debug][gc,phases      ] GC(21)   StringDedup Table Weak         Min: 0.00, Avg: 0.00, Max: 0.00, Diff: 0.00, Sum: 0.00, Workers: 4
[388.906s][debug][gc,phases      ] GC(21)     Dead                           Min: 0, Avg:  0.0, Max: 0, Diff: 0, Sum: 0, Workers: 4
[388.906s][debug][gc,phases      ] GC(21)     Total                          Min: 0, Avg:  0.0, Max: 0, Diff: 0, Sum: 0, Workers: 4
[388.906s][debug][gc,phases      ] GC(21)   StringDedup Requests0 Weak     Min: 0.00, Avg: 0.00, Max: 0.00, Diff: 0.00, Sum: 0.00, Workers: 4
[388.906s][debug][gc,phases      ] GC(21)     Dead                           Min: 0, Avg:  0.0, Max: 0, Diff: 0, Sum: 0, Workers: 4
[388.906s][debug][gc,phases      ] GC(21)     Total                          Min: 0, Avg:  0.0, Max: 0, Diff: 0, Sum: 0, Workers: 4
[388.906s][debug][gc,phases      ] GC(21)   StringDedup Requests1 Weak     Min: 0.00, Avg: 0.00, Max: 0.00, Diff: 0.00, Sum: 0.00, Workers: 4
[388.906s][debug][gc,phases      ] GC(21)     Dead                           Min: 0, Avg:  0.0, Max: 0, Diff: 0, Sum: 0, Workers: 4
[388.906s][debug][gc,phases      ] GC(21)     Total                          Min: 0, Avg:  0.0, Max: 0, Diff: 0, Sum: 0, Workers: 4
[388.906s][debug][gc,phases      ] GC(21)   Weak JFR Old Object Samples    Min: 0.00, Avg: 0.00, Max: 0.00, Diff: 0.00, Sum: 0.00, Workers: 4
[388.906s][debug][gc,phases      ] GC(21)     Dead                           Min: 0, Avg:  0.0, Max: 0, Diff: 0, Sum: 0, Workers: 4
[388.906s][debug][gc,phases      ] GC(21)     Total                          Min: 0, Avg:  0.0, Max: 0, Diff: 0, Sum: 0, Workers: 4
[388.906s][debug][gc,phases      ] GC(21) Weak Processing 0.364ms
[388.906s][debug][gc,age         ] GC(21) Desired survivor size 287309824 bytes, new threshold 1 (max threshold 15)
[388.906s][info ][gc,heap        ] GC(21) PSYoungGen: 1516384K(1808384K)->3136K(1802240K) Eden: 1513472K(1513472K)->0K(1513472K) From: 2912K(294912K)->3136K(288768K)
[388.906s][info ][gc,heap        ] GC(21) ParOldGen: 309566K(324096K)->310294K(324096K)
[388.906s][info ][gc,metaspace   ] GC(21) Metaspace: 108111K(109312K)->108111K(109312K) NonClass: 92158K(92864K)->92158K(92864K) Class: 15952K(16448K)->15952K(16448K)
[388.906s][info ][gc             ] GC(21) Pause Young (Allocation Failure) 1783M->306M(2076M) 3.239ms
[388.906s][info ][gc,cpu         ] GC(21) User=0.01s Sys=0.00s Real=0.00s
[388.907s][info ][safepoint      ] Safepoint "ParallelCollectForAllocation", Time since last: 19405578165 ns, Reaching safepoint: 5200 ns, At safepoint: 3297584 ns, Leaving safepoint: 7400 ns, Total: 3310184 ns, Threads: 0 runnable, 29 total
[407.040s][info ][gc,start       ] GC(22) Pause Young (Allocation Failure)
[407.042s][debug][gc,phases      ] GC(22) Scavenge 2.689ms
[407.043s][debug][gc,ref         ] GC(22) ReferenceProcessor::execute queues: 1, RefProcThreadModel::Single, marks_oops_alive: false
[407.043s][debug][gc,ref         ] GC(22) Skipped KeepAliveFinalRefsPhase of Reference Processing: no references
[407.043s][debug][gc,ref         ] GC(22) Skipped PhantomRefsPhase of Reference Processing: no references
[407.043s][debug][gc,phases      ] GC(22) Reference Processing 0.089ms
[407.043s][debug][gc,phases      ] GC(22)   VM Weak                        Min: 0.00, Avg: 0.00, Max: 0.01, Diff: 0.01, Sum: 0.01, Workers: 4
[407.043s][debug][gc,phases      ] GC(22)     Dead                           Min: 0, Avg:  0.0, Max: 0, Diff: 0, Sum: 0, Workers: 4
[407.043s][debug][gc,phases      ] GC(22)     Total                          Min: 0, Avg: 228.2, Max: 640, Diff: 640, Sum: 913, Workers: 4
[407.043s][debug][gc,phases      ] GC(22)   ObjectSynchronizer Weak        Min: 0.00, Avg: 0.00, Max: 0.00, Diff: 0.00, Sum: 0.00, Workers: 4
[407.043s][debug][gc,phases      ] GC(22)     Dead                           Min: 0, Avg:  0.0, Max: 0, Diff: 0, Sum: 0, Workers: 4
[407.043s][debug][gc,phases      ] GC(22)     Total                          Min: 0, Avg:  1.5, Max: 6, Diff: 6, Sum: 6, Workers: 4
[407.043s][debug][gc,phases      ] GC(22)   JVMTI Tag Weak OopStorage      Min: 0.00, Avg: 0.00, Max: 0.00, Diff: 0.00, Sum: 0.00, Workers: 4
[407.043s][debug][gc,phases      ] GC(22)     Dead                           Min: 0, Avg:  0.0, Max: 0, Diff: 0, Sum: 0, Workers: 4
[407.043s][debug][gc,phases      ] GC(22)     Total                          Min: 0, Avg:  0.0, Max: 0, Diff: 0, Sum: 0, Workers: 4
[407.043s][debug][gc,phases      ] GC(22)   StringTable Weak               Min: 0.11, Avg: 0.11, Max: 0.12, Diff: 0.02, Sum: 0.46, Workers: 4
[407.043s][debug][gc,phases      ] GC(22)     Dead                           Min: 0, Avg:  0.8, Max: 2, Diff: 2, Sum: 3, Workers: 4
[407.043s][debug][gc,phases      ] GC(22)     Total                          Min: 11648, Avg: 12440.8, Max: 13219, Diff: 1571, Sum: 49763, Workers: 4
[407.043s][debug][gc,phases      ] GC(22)   ResolvedMethodTable Weak       Min: 0.03, Avg: 0.04, Max: 0.04, Diff: 0.01, Sum: 0.16, Workers: 4
[407.043s][debug][gc,phases      ] GC(22)     Dead                           Min: 3, Avg:  8.5, Max: 23, Diff: 20, Sum: 34, Workers: 4
[407.043s][debug][gc,phases      ] GC(22)     Total                          Min: 3274, Avg: 4128.8, Max: 4575, Diff: 1301, Sum: 16515, Workers: 4
[407.043s][debug][gc,phases      ] GC(22)   JNI Weak                       Min: 0.00, Avg: 0.00, Max: 0.00, Diff: 0.00, Sum: 0.00, Workers: 4
[407.043s][debug][gc,phases      ] GC(22)     Dead                           Min: 0, Avg:  0.0, Max: 0, Diff: 0, Sum: 0, Workers: 4
[407.043s][debug][gc,phases      ] GC(22)     Total                          Min: 0, Avg: 13.0, Max: 48, Diff: 48, Sum: 52, Workers: 4
[407.043s][debug][gc,phases      ] GC(22)   StringDedup Table Weak         Min: 0.00, Avg: 0.00, Max: 0.00, Diff: 0.00, Sum: 0.00, Workers: 4
[407.043s][debug][gc,phases      ] GC(22)     Dead                           Min: 0, Avg:  0.0, Max: 0, Diff: 0, Sum: 0, Workers: 4
[407.043s][debug][gc,phases      ] GC(22)     Total                          Min: 0, Avg:  0.0, Max: 0, Diff: 0, Sum: 0, Workers: 4
[407.043s][debug][gc,phases      ] GC(22)   StringDedup Requests0 Weak     Min: 0.00, Avg: 0.00, Max: 0.00, Diff: 0.00, Sum: 0.00, Workers: 4
[407.043s][debug][gc,phases      ] GC(22)     Dead                           Min: 0, Avg:  0.0, Max: 0, Diff: 0, Sum: 0, Workers: 4
[407.043s][debug][gc,phases      ] GC(22)     Total                          Min: 0, Avg:  0.0, Max: 0, Diff: 0, Sum: 0, Workers: 4
[407.043s][debug][gc,phases      ] GC(22)   StringDedup Requests1 Weak     Min: 0.00, Avg: 0.00, Max: 0.00, Diff: 0.00, Sum: 0.00, Workers: 4
[407.043s][debug][gc,phases      ] GC(22)     Dead                           Min: 0, Avg:  0.0, Max: 0, Diff: 0, Sum: 0, Workers: 4
[407.043s][debug][gc,phases      ] GC(22)     Total                          Min: 0, Avg:  0.0, Max: 0, Diff: 0, Sum: 0, Workers: 4
[407.043s][debug][gc,phases      ] GC(22)   Weak JFR Old Object Samples    Min: 0.00, Avg: 0.00, Max: 0.00, Diff: 0.00, Sum: 0.00, Workers: 4
[407.043s][debug][gc,phases      ] GC(22)     Dead                           Min: 0, Avg:  0.0, Max: 0, Diff: 0, Sum: 0, Workers: 4
[407.043s][debug][gc,phases      ] GC(22)     Total                          Min: 0, Avg:  0.0, Max: 0, Diff: 0, Sum: 0, Workers: 4
[407.043s][debug][gc,phases      ] GC(22) Weak Processing 0.374ms
[407.043s][debug][gc,age         ] GC(22) Desired survivor size 277872640 bytes, new threshold 1 (max threshold 15)
[407.043s][info ][gc,heap        ] GC(22) PSYoungGen: 1516608K(1802240K)->2592K(1825792K) Eden: 1513472K(1513472K)->0K(1545216K) From: 3136K(288768K)->2592K(280576K)
[407.043s][info ][gc,heap        ] GC(22) ParOldGen: 310294K(324096K)->311110K(324096K)
[407.043s][info ][gc,metaspace   ] GC(22) Metaspace: 108278K(109504K)->108278K(109504K) NonClass: 92297K(93056K)->92297K(93056K) Class: 15980K(16448K)->15980K(16448K)
[407.043s][info ][gc             ] GC(22) Pause Young (Allocation Failure) 1784M->306M(2099M) 3.251ms
[407.043s][info ][gc,cpu         ] GC(22) User=0.01s Sys=0.00s Real=0.00s
[407.043s][info ][safepoint      ] Safepoint "ParallelCollectForAllocation", Time since last: 18133069844 ns, Reaching safepoint: 91699 ns, At safepoint: 3307184 ns, Leaving safepoint: 7700 ns, Total: 3406583 ns, Threads: 1 runnable, 27 total
[425.042s][info ][gc,start       ] GC(23) Pause Young (Allocation Failure)
[425.046s][debug][gc,phases      ] GC(23) Scavenge 4.289ms
[425.046s][debug][gc,ref         ] GC(23) ReferenceProcessor::execute queues: 1, RefProcThreadModel::Single, marks_oops_alive: false
[425.046s][debug][gc,ref         ] GC(23) Skipped KeepAliveFinalRefsPhase of Reference Processing: no references
[425.046s][debug][gc,ref         ] GC(23) Skipped PhantomRefsPhase of Reference Processing: no references
[425.046s][debug][gc,phases      ] GC(23) Reference Processing 0.103ms
[425.047s][debug][gc,phases      ] GC(23)   VM Weak                        Min: 0.00, Avg: 0.00, Max: 0.00, Diff: 0.00, Sum: 0.01, Workers: 4
[425.047s][debug][gc,phases      ] GC(23)     Dead                           Min: 0, Avg:  0.0, Max: 0, Diff: 0, Sum: 0, Workers: 4
[425.047s][debug][gc,phases      ] GC(23)     Total                          Min: 0, Avg: 228.5, Max: 402, Diff: 402, Sum: 914, Workers: 4
[425.047s][debug][gc,phases      ] GC(23)   ObjectSynchronizer Weak        Min: 0.00, Avg: 0.00, Max: 0.00, Diff: 0.00, Sum: 0.00, Workers: 4
[425.047s][debug][gc,phases      ] GC(23)     Dead                           Min: 0, Avg:  0.0, Max: 0, Diff: 0, Sum: 0, Workers: 4
[425.047s][debug][gc,phases      ] GC(23)     Total                          Min: 0, Avg:  1.5, Max: 6, Diff: 6, Sum: 6, Workers: 4
[425.047s][debug][gc,phases      ] GC(23)   JVMTI Tag Weak OopStorage      Min: 0.00, Avg: 0.00, Max: 0.00, Diff: 0.00, Sum: 0.00, Workers: 4
[425.047s][debug][gc,phases      ] GC(23)     Dead                           Min: 0, Avg:  0.0, Max: 0, Diff: 0, Sum: 0, Workers: 4
[425.047s][debug][gc,phases      ] GC(23)     Total                          Min: 0, Avg:  0.0, Max: 0, Diff: 0, Sum: 0, Workers: 4
[425.047s][debug][gc,phases      ] GC(23)   StringTable Weak               Min: 0.00, Avg: 0.12, Max: 0.16, Diff: 0.16, Sum: 0.47, Workers: 4
[425.047s][debug][gc,phases      ] GC(23)     Dead                           Min: 0, Avg:  0.5, Max: 2, Diff: 2, Sum: 2, Workers: 4
[425.047s][debug][gc,phases      ] GC(23)     Total                          Min: 0, Avg: 12451.0, Max: 16832, Diff: 16832, Sum: 49804, Workers: 4
[425.047s][debug][gc,phases      ] GC(23)   ResolvedMethodTable Weak       Min: 0.00, Avg: 0.04, Max: 0.05, Diff: 0.05, Sum: 0.15, Workers: 4
[425.047s][debug][gc,phases      ] GC(23)     Dead                           Min: 0, Avg:  8.2, Max: 15, Diff: 15, Sum: 33, Workers: 4
[425.047s][debug][gc,phases      ] GC(23)     Total                          Min: 0, Avg: 4138.5, Max: 5636, Diff: 5636, Sum: 16554, Workers: 4
[425.047s][debug][gc,phases      ] GC(23)   JNI Weak                       Min: 0.00, Avg: 0.00, Max: 0.00, Diff: 0.00, Sum: 0.00, Workers: 4
[425.047s][debug][gc,phases      ] GC(23)     Dead                           Min: 0, Avg:  0.0, Max: 0, Diff: 0, Sum: 0, Workers: 4
[425.047s][debug][gc,phases      ] GC(23)     Total                          Min: 0, Avg: 13.0, Max: 48, Diff: 48, Sum: 52, Workers: 4
[425.047s][debug][gc,phases      ] GC(23)   StringDedup Table Weak         Min: 0.00, Avg: 0.00, Max: 0.00, Diff: 0.00, Sum: 0.00, Workers: 4
[425.047s][debug][gc,phases      ] GC(23)     Dead                           Min: 0, Avg:  0.0, Max: 0, Diff: 0, Sum: 0, Workers: 4
[425.047s][debug][gc,phases      ] GC(23)     Total                          Min: 0, Avg:  0.0, Max: 0, Diff: 0, Sum: 0, Workers: 4
[425.047s][debug][gc,phases      ] GC(23)   StringDedup Requests0 Weak     Min: 0.00, Avg: 0.00, Max: 0.00, Diff: 0.00, Sum: 0.00, Workers: 4
[425.047s][debug][gc,phases      ] GC(23)     Dead                           Min: 0, Avg:  0.0, Max: 0, Diff: 0, Sum: 0, Workers: 4
[425.047s][debug][gc,phases      ] GC(23)     Total                          Min: 0, Avg:  0.0, Max: 0, Diff: 0, Sum: 0, Workers: 4
[425.047s][debug][gc,phases      ] GC(23)   StringDedup Requests1 Weak     Min: 0.00, Avg: 0.00, Max: 0.00, Diff: 0.00, Sum: 0.00, Workers: 4
[425.047s][debug][gc,phases      ] GC(23)     Dead                           Min: 0, Avg:  0.0, Max: 0, Diff: 0, Sum: 0, Workers: 4
[425.047s][debug][gc,phases      ] GC(23)     Total                          Min: 0, Avg:  0.0, Max: 0, Diff: 0, Sum: 0, Workers: 4
[425.047s][debug][gc,phases      ] GC(23)   Weak JFR Old Object Samples    Min: 0.00, Avg: 0.00, Max: 0.00, Diff: 0.00, Sum: 0.00, Workers: 4
[425.047s][debug][gc,phases      ] GC(23)     Dead                           Min: 0, Avg:  0.0, Max: 0, Diff: 0, Sum: 0, Workers: 4
[425.047s][debug][gc,phases      ] GC(23)     Total                          Min: 0, Avg:  0.0, Max: 0, Diff: 0, Sum: 0, Workers: 4
[425.047s][debug][gc,phases      ] GC(23) Weak Processing 0.385ms
[425.047s][debug][gc,age         ] GC(23) Desired survivor size 267386880 bytes, new threshold 1 (max threshold 15)
[425.047s][info ][gc,heap        ] GC(23) PSYoungGen: 1547808K(1825792K)->2896K(1816576K) Eden: 1545216K(1545216K)->0K(1545216K) From: 2592K(280576K)->2896K(271360K)
[425.047s][info ][gc,heap        ] GC(23) ParOldGen: 311110K(324096K)->311658K(324096K)
[425.047s][info ][gc,metaspace   ] GC(23) Metaspace: 108435K(109696K)->108435K(109696K) NonClass: 92431K(93184K)->92431K(93184K) Class: 16003K(16512K)->16003K(16512K)
[425.047s][info ][gc             ] GC(23) Pause Young (Allocation Failure) 1815M->307M(2090M) 4.888ms
[425.047s][info ][gc,cpu         ] GC(23) User=0.02s Sys=0.00s Real=0.00s
[425.047s][info ][safepoint      ] Safepoint "ParallelCollectForAllocation", Time since last: 17998893728 ns, Reaching safepoint: 77499 ns, At safepoint: 4942676 ns, Leaving safepoint: 7400 ns, Total: 5027575 ns, Threads: 1 runnable, 28 total
[442.941s][info ][gc,start       ] GC(24) Pause Young (Allocation Failure)
[442.944s][debug][gc,phases      ] GC(24) Scavenge 2.822ms
[442.944s][debug][gc,ref         ] GC(24) ReferenceProcessor::execute queues: 1, RefProcThreadModel::Single, marks_oops_alive: false
[442.944s][debug][gc,ref         ] GC(24) Skipped KeepAliveFinalRefsPhase of Reference Processing: no references
[442.944s][debug][gc,ref         ] GC(24) Skipped PhantomRefsPhase of Reference Processing: no references
[442.944s][debug][gc,phases      ] GC(24) Reference Processing 0.134ms
[442.945s][debug][gc,phases      ] GC(24)   VM Weak                        Min: 0.00, Avg: 0.00, Max: 0.00, Diff: 0.00, Sum: 0.01, Workers: 4
[442.945s][debug][gc,phases      ] GC(24)     Dead                           Min: 0, Avg:  0.0, Max: 0, Diff: 0, Sum: 0, Workers: 4
[442.945s][debug][gc,phases      ] GC(24)     Total                          Min: 0, Avg: 229.5, Max: 448, Diff: 448, Sum: 918, Workers: 4
[442.945s][debug][gc,phases      ] GC(24)   ObjectSynchronizer Weak        Min: 0.00, Avg: 0.00, Max: 0.00, Diff: 0.00, Sum: 0.00, Workers: 4
[442.945s][debug][gc,phases      ] GC(24)     Dead                           Min: 0, Avg:  0.0, Max: 0, Diff: 0, Sum: 0, Workers: 4
[442.945s][debug][gc,phases      ] GC(24)     Total                          Min: 0, Avg:  1.5, Max: 6, Diff: 6, Sum: 6, Workers: 4
[442.945s][debug][gc,phases      ] GC(24)   JVMTI Tag Weak OopStorage      Min: 0.00, Avg: 0.00, Max: 0.00, Diff: 0.00, Sum: 0.00, Workers: 4
[442.945s][debug][gc,phases      ] GC(24)     Dead                           Min: 0, Avg:  0.0, Max: 0, Diff: 0, Sum: 0, Workers: 4
[442.945s][debug][gc,phases      ] GC(24)     Total                          Min: 0, Avg:  0.0, Max: 0, Diff: 0, Sum: 0, Workers: 4
[442.945s][debug][gc,phases      ] GC(24)   StringTable Weak               Min: 0.00, Avg: 0.11, Max: 0.15, Diff: 0.15, Sum: 0.46, Workers: 4
[442.945s][debug][gc,phases      ] GC(24)     Dead                           Min: 0, Avg:  0.2, Max: 1, Diff: 1, Sum: 1, Workers: 4
[442.945s][debug][gc,phases      ] GC(24)     Total                          Min: 0, Avg: 12455.0, Max: 17599, Diff: 17599, Sum: 49820, Workers: 4
[442.945s][debug][gc,phases      ] GC(24)   ResolvedMethodTable Weak       Min: 0.00, Avg: 0.04, Max: 0.05, Diff: 0.05, Sum: 0.15, Workers: 4
[442.945s][debug][gc,phases      ] GC(24)     Dead                           Min: 0, Avg:  5.0, Max: 15, Diff: 15, Sum: 20, Workers: 4
[442.945s][debug][gc,phases      ] GC(24)     Total                          Min: 0, Avg: 4141.5, Max: 5686, Diff: 5686, Sum: 16566, Workers: 4
[442.945s][debug][gc,phases      ] GC(24)   JNI Weak                       Min: 0.00, Avg: 0.00, Max: 0.00, Diff: 0.00, Sum: 0.00, Workers: 4
[442.945s][debug][gc,phases      ] GC(24)     Dead                           Min: 0, Avg:  0.0, Max: 0, Diff: 0, Sum: 0, Workers: 4
[442.945s][debug][gc,phases      ] GC(24)     Total                          Min: 0, Avg: 13.0, Max: 48, Diff: 48, Sum: 52, Workers: 4
[442.945s][debug][gc,phases      ] GC(24)   StringDedup Table Weak         Min: 0.00, Avg: 0.00, Max: 0.00, Diff: 0.00, Sum: 0.00, Workers: 4
[442.945s][debug][gc,phases      ] GC(24)     Dead                           Min: 0, Avg:  0.0, Max: 0, Diff: 0, Sum: 0, Workers: 4
[442.945s][debug][gc,phases      ] GC(24)     Total                          Min: 0, Avg:  0.0, Max: 0, Diff: 0, Sum: 0, Workers: 4
[442.945s][debug][gc,phases      ] GC(24)   StringDedup Requests0 Weak     Min: 0.00, Avg: 0.00, Max: 0.00, Diff: 0.00, Sum: 0.00, Workers: 4
[442.945s][debug][gc,phases      ] GC(24)     Dead                           Min: 0, Avg:  0.0, Max: 0, Diff: 0, Sum: 0, Workers: 4
[442.945s][debug][gc,phases      ] GC(24)     Total                          Min: 0, Avg:  0.0, Max: 0, Diff: 0, Sum: 0, Workers: 4
[442.945s][debug][gc,phases      ] GC(24)   StringDedup Requests1 Weak     Min: 0.00, Avg: 0.00, Max: 0.00, Diff: 0.00, Sum: 0.00, Workers: 4
[442.945s][debug][gc,phases      ] GC(24)     Dead                           Min: 0, Avg:  0.0, Max: 0, Diff: 0, Sum: 0, Workers: 4
[442.945s][debug][gc,phases      ] GC(24)     Total                          Min: 0, Avg:  0.0, Max: 0, Diff: 0, Sum: 0, Workers: 4
[442.945s][debug][gc,phases      ] GC(24)   Weak JFR Old Object Samples    Min: 0.00, Avg: 0.00, Max: 0.00, Diff: 0.00, Sum: 0.00, Workers: 4
[442.945s][debug][gc,phases      ] GC(24)     Dead                           Min: 0, Avg:  0.0, Max: 0, Diff: 0, Sum: 0, Workers: 4
[442.945s][debug][gc,phases      ] GC(24)     Total                          Min: 0, Avg:  0.0, Max: 0, Diff: 0, Sum: 0, Workers: 4
[442.945s][debug][gc,phases      ] GC(24) Weak Processing 0.436ms
[442.945s][debug][gc,age         ] GC(24) Desired survivor size 256376832 bytes, new threshold 1 (max threshold 15)
[442.945s][info ][gc,heap        ] GC(24) PSYoungGen: 1548112K(1816576K)->2752K(1846784K) Eden: 1545216K(1545216K)->0K(1585664K) From: 2896K(271360K)->2752K(261120K)
[442.945s][info ][gc,heap        ] GC(24) ParOldGen: 311658K(324096K)->312515K(324096K)
[442.945s][info ][gc,metaspace   ] GC(24) Metaspace: 108500K(109696K)->108500K(109696K) NonClass: 92493K(93184K)->92493K(93184K) Class: 16006K(16512K)->16006K(16512K)
[442.945s][info ][gc             ] GC(24) Pause Young (Allocation Failure) 1816M->307M(2120M) 3.503ms
[442.945s][info ][gc,cpu         ] GC(24) User=0.01s Sys=0.00s Real=0.00s
[442.945s][info ][safepoint      ] Safepoint "ParallelCollectForAllocation", Time since last: 17894391548 ns, Reaching safepoint: 111900 ns, At safepoint: 3556483 ns, Leaving safepoint: 8200 ns, Total: 3676583 ns, Threads: 1 runnable, 28 total
[461.391s][info ][gc,start       ] GC(25) Pause Young (Allocation Failure)
[461.395s][debug][gc,phases      ] GC(25) Scavenge 3.007ms
[461.395s][debug][gc,ref         ] GC(25) ReferenceProcessor::execute queues: 1, RefProcThreadModel::Single, marks_oops_alive: false
[461.395s][debug][gc,ref         ] GC(25) Skipped KeepAliveFinalRefsPhase of Reference Processing: no references
[461.395s][debug][gc,ref         ] GC(25) Skipped PhantomRefsPhase of Reference Processing: no references
[461.395s][debug][gc,phases      ] GC(25) Reference Processing 0.093ms
[461.395s][debug][gc,phases      ] GC(25)   VM Weak                        Min: 0.00, Avg: 0.00, Max: 0.01, Diff: 0.01, Sum: 0.01, Workers: 4
[461.395s][debug][gc,phases      ] GC(25)     Dead                           Min: 0, Avg:  0.0, Max: 0, Diff: 0, Sum: 0, Workers: 4
[461.395s][debug][gc,phases      ] GC(25)     Total                          Min: 0, Avg: 229.5, Max: 662, Diff: 662, Sum: 918, Workers: 4
[461.395s][debug][gc,phases      ] GC(25)   ObjectSynchronizer Weak        Min: 0.00, Avg: 0.00, Max: 0.00, Diff: 0.00, Sum: 0.00, Workers: 4
[461.395s][debug][gc,phases      ] GC(25)     Dead                           Min: 0, Avg:  0.0, Max: 0, Diff: 0, Sum: 0, Workers: 4
[461.395s][debug][gc,phases      ] GC(25)     Total                          Min: 0, Avg:  1.5, Max: 6, Diff: 6, Sum: 6, Workers: 4
[461.395s][debug][gc,phases      ] GC(25)   JVMTI Tag Weak OopStorage      Min: 0.00, Avg: 0.00, Max: 0.00, Diff: 0.00, Sum: 0.00, Workers: 4
[461.395s][debug][gc,phases      ] GC(25)     Dead                           Min: 0, Avg:  0.0, Max: 0, Diff: 0, Sum: 0, Workers: 4
[461.395s][debug][gc,phases      ] GC(25)     Total                          Min: 0, Avg:  0.0, Max: 0, Diff: 0, Sum: 0, Workers: 4
[461.395s][debug][gc,phases      ] GC(25)   StringTable Weak               Min: 0.00, Avg: 0.12, Max: 0.16, Diff: 0.16, Sum: 0.47, Workers: 4
[461.395s][debug][gc,phases      ] GC(25)     Dead                           Min: 0, Avg:  0.0, Max: 0, Diff: 0, Sum: 0, Workers: 4
[461.395s][debug][gc,phases      ] GC(25)     Total                          Min: 0, Avg: 12456.8, Max: 17188, Diff: 17188, Sum: 49827, Workers: 4
[461.395s][debug][gc,phases      ] GC(25)   ResolvedMethodTable Weak       Min: 0.00, Avg: 0.04, Max: 0.05, Diff: 0.05, Sum: 0.15, Workers: 4
[461.395s][debug][gc,phases      ] GC(25)     Dead                           Min: 0, Avg:  0.0, Max: 0, Diff: 0, Sum: 0, Workers: 4
[461.395s][debug][gc,phases      ] GC(25)     Total                          Min: 0, Avg: 4141.5, Max: 5753, Diff: 5753, Sum: 16566, Workers: 4
[461.395s][debug][gc,phases      ] GC(25)   JNI Weak                       Min: 0.00, Avg: 0.00, Max: 0.00, Diff: 0.00, Sum: 0.00, Workers: 4
[461.395s][debug][gc,phases      ] GC(25)     Dead                           Min: 0, Avg:  0.0, Max: 0, Diff: 0, Sum: 0, Workers: 4
[461.395s][debug][gc,phases      ] GC(25)     Total                          Min: 0, Avg: 13.0, Max: 48, Diff: 48, Sum: 52, Workers: 4
[461.395s][debug][gc,phases      ] GC(25)   StringDedup Table Weak         Min: 0.00, Avg: 0.00, Max: 0.00, Diff: 0.00, Sum: 0.00, Workers: 4
[461.395s][debug][gc,phases      ] GC(25)     Dead                           Min: 0, Avg:  0.0, Max: 0, Diff: 0, Sum: 0, Workers: 4
[461.395s][debug][gc,phases      ] GC(25)     Total                          Min: 0, Avg:  0.0, Max: 0, Diff: 0, Sum: 0, Workers: 4
[461.395s][debug][gc,phases      ] GC(25)   StringDedup Requests0 Weak     Min: 0.00, Avg: 0.00, Max: 0.00, Diff: 0.00, Sum: 0.00, Workers: 4
[461.395s][debug][gc,phases      ] GC(25)     Dead                           Min: 0, Avg:  0.0, Max: 0, Diff: 0, Sum: 0, Workers: 4
[461.395s][debug][gc,phases      ] GC(25)     Total                          Min: 0, Avg:  0.0, Max: 0, Diff: 0, Sum: 0, Workers: 4
[461.395s][debug][gc,phases      ] GC(25)   StringDedup Requests1 Weak     Min: 0.00, Avg: 0.00, Max: 0.00, Diff: 0.00, Sum: 0.00, Workers: 4
[461.395s][debug][gc,phases      ] GC(25)     Dead                           Min: 0, Avg:  0.0, Max: 0, Diff: 0, Sum: 0, Workers: 4
[461.395s][debug][gc,phases      ] GC(25)     Total                          Min: 0, Avg:  0.0, Max: 0, Diff: 0, Sum: 0, Workers: 4
[461.395s][debug][gc,phases      ] GC(25)   Weak JFR Old Object Samples    Min: 0.00, Avg: 0.00, Max: 0.00, Diff: 0.00, Sum: 0.00, Workers: 4
[461.395s][debug][gc,phases      ] GC(25)     Dead                           Min: 0, Avg:  0.0, Max: 0, Diff: 0, Sum: 0, Workers: 4
[461.395s][debug][gc,phases      ] GC(25)     Total                          Min: 0, Avg:  0.0, Max: 0, Diff: 0, Sum: 0, Workers: 4
[461.395s][debug][gc,phases      ] GC(25) Weak Processing 0.390ms
[461.395s][debug][gc,age         ] GC(25) Desired survivor size 244842496 bytes, new threshold 1 (max threshold 15)
[461.395s][info ][gc,heap        ] GC(25) PSYoungGen: 1588416K(1846784K)->2992K(1836032K) Eden: 1585664K(1585664K)->0K(1585664K) From: 2752K(261120K)->2992K(250368K)
[461.395s][info ][gc,heap        ] GC(25) ParOldGen: 312515K(324096K)->313167K(324096K)
[461.395s][info ][gc,metaspace   ] GC(25) Metaspace: 108541K(109760K)->108541K(109760K) NonClass: 92533K(93248K)->92533K(93248K) Class: 16008K(16512K)->16008K(16512K)
[461.395s][info ][gc             ] GC(25) Pause Young (Allocation Failure) 1856M->308M(2109M) 3.593ms
[461.395s][info ][gc,cpu         ] GC(25) User=0.01s Sys=0.00s Real=0.00s
[461.395s][info ][safepoint      ] Safepoint "ParallelCollectForAllocation", Time since last: 18446393320 ns, Reaching safepoint: 79799 ns, At safepoint: 3651883 ns, Leaving safepoint: 8300 ns, Total: 3739982 ns, Threads: 1 runnable, 28 total
[475.704s][info ][gc,start       ] GC(26) Pause Young (Allocation Failure)
[475.710s][debug][gc,phases      ] GC(26) Scavenge 5.800ms
[475.710s][debug][gc,ref         ] GC(26) ReferenceProcessor::execute queues: 1, RefProcThreadModel::Single, marks_oops_alive: false
[475.710s][debug][gc,ref         ] GC(26) Skipped KeepAliveFinalRefsPhase of Reference Processing: no references
[475.710s][debug][gc,ref         ] GC(26) Skipped PhantomRefsPhase of Reference Processing: no references
[475.710s][debug][gc,phases      ] GC(26) Reference Processing 0.107ms
[475.710s][debug][gc,phases      ] GC(26)   VM Weak                        Min: 0.00, Avg: 0.00, Max: 0.01, Diff: 0.01, Sum: 0.01, Workers: 4
[475.710s][debug][gc,phases      ] GC(26)     Dead                           Min: 0, Avg:  0.0, Max: 0, Diff: 0, Sum: 0, Workers: 4
[475.710s][debug][gc,phases      ] GC(26)     Total                          Min: 0, Avg: 229.5, Max: 662, Diff: 662, Sum: 918, Workers: 4
[475.710s][debug][gc,phases      ] GC(26)   ObjectSynchronizer Weak        Min: 0.00, Avg: 0.00, Max: 0.00, Diff: 0.00, Sum: 0.00, Workers: 4
[475.710s][debug][gc,phases      ] GC(26)     Dead                           Min: 0, Avg:  0.0, Max: 0, Diff: 0, Sum: 0, Workers: 4
[475.710s][debug][gc,phases      ] GC(26)     Total                          Min: 0, Avg:  1.8, Max: 7, Diff: 7, Sum: 7, Workers: 4
[475.710s][debug][gc,phases      ] GC(26)   JVMTI Tag Weak OopStorage      Min: 0.00, Avg: 0.00, Max: 0.00, Diff: 0.00, Sum: 0.00, Workers: 4
[475.710s][debug][gc,phases      ] GC(26)     Dead                           Min: 0, Avg:  0.0, Max: 0, Diff: 0, Sum: 0, Workers: 4
[475.710s][debug][gc,phases      ] GC(26)     Total                          Min: 0, Avg:  0.0, Max: 0, Diff: 0, Sum: 0, Workers: 4
[475.710s][debug][gc,phases      ] GC(26)   StringTable Weak               Min: 0.00, Avg: 0.11, Max: 0.15, Diff: 0.15, Sum: 0.43, Workers: 4
[475.710s][debug][gc,phases      ] GC(26)     Dead                           Min: 0, Avg:  0.2, Max: 1, Diff: 1, Sum: 1, Workers: 4
[475.710s][debug][gc,phases      ] GC(26)     Total                          Min: 0, Avg: 12462.5, Max: 20542, Diff: 20542, Sum: 49850, Workers: 4
[475.710s][debug][gc,phases      ] GC(26)   ResolvedMethodTable Weak       Min: 0.00, Avg: 0.03, Max: 0.04, Diff: 0.04, Sum: 0.13, Workers: 4
[475.710s][debug][gc,phases      ] GC(26)     Dead                           Min: 0, Avg:  5.5, Max: 13, Diff: 13, Sum: 22, Workers: 4
[475.710s][debug][gc,phases      ] GC(26)     Total                          Min: 0, Avg: 4142.5, Max: 7090, Diff: 7090, Sum: 16570, Workers: 4
[475.710s][debug][gc,phases      ] GC(26)   JNI Weak                       Min: 0.00, Avg: 0.00, Max: 0.00, Diff: 0.00, Sum: 0.00, Workers: 4
[475.710s][debug][gc,phases      ] GC(26)     Dead                           Min: 0, Avg:  0.0, Max: 0, Diff: 0, Sum: 0, Workers: 4
[475.710s][debug][gc,phases      ] GC(26)     Total                          Min: 0, Avg: 13.0, Max: 48, Diff: 48, Sum: 52, Workers: 4
[475.710s][debug][gc,phases      ] GC(26)   StringDedup Table Weak         Min: 0.00, Avg: 0.00, Max: 0.00, Diff: 0.00, Sum: 0.00, Workers: 4
[475.710s][debug][gc,phases      ] GC(26)     Dead                           Min: 0, Avg:  0.0, Max: 0, Diff: 0, Sum: 0, Workers: 4
[475.710s][debug][gc,phases      ] GC(26)     Total                          Min: 0, Avg:  0.0, Max: 0, Diff: 0, Sum: 0, Workers: 4
[475.710s][debug][gc,phases      ] GC(26)   StringDedup Requests0 Weak     Min: 0.00, Avg: 0.00, Max: 0.00, Diff: 0.00, Sum: 0.00, Workers: 4
[475.710s][debug][gc,phases      ] GC(26)     Dead                           Min: 0, Avg:  0.0, Max: 0, Diff: 0, Sum: 0, Workers: 4
[475.710s][debug][gc,phases      ] GC(26)     Total                          Min: 0, Avg:  0.0, Max: 0, Diff: 0, Sum: 0, Workers: 4
[475.710s][debug][gc,phases      ] GC(26)   StringDedup Requests1 Weak     Min: 0.00, Avg: 0.00, Max: 0.00, Diff: 0.00, Sum: 0.00, Workers: 4
[475.711s][debug][gc,phases      ] GC(26)     Dead                           Min: 0, Avg:  0.0, Max: 0, Diff: 0, Sum: 0, Workers: 4
[475.711s][debug][gc,phases      ] GC(26)     Total                          Min: 0, Avg:  0.0, Max: 0, Diff: 0, Sum: 0, Workers: 4
[475.711s][debug][gc,phases      ] GC(26)   Weak JFR Old Object Samples    Min: 0.00, Avg: 0.00, Max: 0.00, Diff: 0.00, Sum: 0.00, Workers: 4
[475.711s][debug][gc,phases      ] GC(26)     Dead                           Min: 0, Avg:  0.0, Max: 0, Diff: 0, Sum: 0, Workers: 4
[475.711s][debug][gc,phases      ] GC(26)     Total                          Min: 0, Avg:  0.0, Max: 0, Diff: 0, Sum: 0, Workers: 4
[475.711s][debug][gc,phases      ] GC(26) Weak Processing 0.368ms
[475.711s][debug][gc,age         ] GC(26) Desired survivor size 231211008 bytes, new threshold 1 (max threshold 15)
[475.711s][info ][gc,heap        ] GC(26) PSYoungGen: 1588656K(1836032K)->12048K(1871360K) Eden: 1585664K(1585664K)->0K(1632256K) From: 2992K(250368K)->12048K(239104K)
[475.711s][info ][gc,heap        ] GC(26) ParOldGen: 313167K(324096K)->314255K(324096K)
[475.711s][info ][gc,metaspace   ] GC(26) Metaspace: 108591K(109824K)->108591K(109824K) NonClass: 92579K(93312K)->92579K(93312K) Class: 16012K(16512K)->16012K(16512K)
[475.711s][info ][gc             ] GC(26) Pause Young (Allocation Failure) 1857M->318M(2144M) 6.385ms
[475.711s][info ][gc,cpu         ] GC(26) User=0.03s Sys=0.00s Real=0.01s
[475.711s][info ][safepoint      ] Safepoint "ParallelCollectForAllocation", Time since last: 14309013283 ns, Reaching safepoint: 21900 ns, At safepoint: 6446868 ns, Leaving safepoint: 2600 ns, Total: 6471368 ns, Threads: 0 runnable, 31 total
[493.088s][info ][gc,start       ] GC(27) Pause Young (Allocation Failure)
[493.103s][debug][gc,phases      ] GC(27) Scavenge 14.222ms
[493.103s][debug][gc,ref         ] GC(27) ReferenceProcessor::execute queues: 1, RefProcThreadModel::Single, marks_oops_alive: false
[493.103s][debug][gc,ref         ] GC(27) Skipped KeepAliveFinalRefsPhase of Reference Processing: no references
[493.103s][debug][gc,ref         ] GC(27) ReferenceProcessor::execute queues: 1, RefProcThreadModel::Single, marks_oops_alive: false
[493.103s][debug][gc,phases      ] GC(27) Reference Processing 0.098ms
[493.103s][debug][gc,phases      ] GC(27)   VM Weak                        Min: 0.00, Avg: 0.00, Max: 0.01, Diff: 0.01, Sum: 0.01, Workers: 4
[493.103s][debug][gc,phases      ] GC(27)     Dead                           Min: 0, Avg:  0.0, Max: 0, Diff: 0, Sum: 0, Workers: 4
[493.103s][debug][gc,phases      ] GC(27)     Total                          Min: 0, Avg: 229.5, Max: 512, Diff: 512, Sum: 918, Workers: 4
[493.103s][debug][gc,phases      ] GC(27)   ObjectSynchronizer Weak        Min: 0.00, Avg: 0.00, Max: 0.00, Diff: 0.00, Sum: 0.00, Workers: 4
[493.103s][debug][gc,phases      ] GC(27)     Dead                           Min: 0, Avg:  0.0, Max: 0, Diff: 0, Sum: 0, Workers: 4
[493.103s][debug][gc,phases      ] GC(27)     Total                          Min: 0, Avg:  2.2, Max: 9, Diff: 9, Sum: 9, Workers: 4
[493.103s][debug][gc,phases      ] GC(27)   JVMTI Tag Weak OopStorage      Min: 0.00, Avg: 0.00, Max: 0.00, Diff: 0.00, Sum: 0.00, Workers: 4
[493.103s][debug][gc,phases      ] GC(27)     Dead                           Min: 0, Avg:  0.0, Max: 0, Diff: 0, Sum: 0, Workers: 4
[493.103s][debug][gc,phases      ] GC(27)     Total                          Min: 0, Avg:  0.0, Max: 0, Diff: 0, Sum: 0, Workers: 4
[493.103s][debug][gc,phases      ] GC(27)   StringTable Weak               Min: 0.11, Avg: 0.11, Max: 0.11, Diff: 0.00, Sum: 0.45, Workers: 4
[493.103s][debug][gc,phases      ] GC(27)     Dead                           Min: 0, Avg:  0.2, Max: 1, Diff: 1, Sum: 1, Workers: 4
[493.103s][debug][gc,phases      ] GC(27)     Total                          Min: 12243, Avg: 12468.2, Max: 12736, Diff: 493, Sum: 49873, Workers: 4
[493.103s][debug][gc,phases      ] GC(27)   ResolvedMethodTable Weak       Min: 0.04, Avg: 0.04, Max: 0.04, Diff: 0.00, Sum: 0.15, Workers: 4
[493.103s][debug][gc,phases      ] GC(27)     Dead                           Min: 0, Avg:  5.8, Max: 15, Diff: 15, Sum: 23, Workers: 4
[493.103s][debug][gc,phases      ] GC(27)     Total                          Min: 3875, Avg: 4145.8, Max: 4760, Diff: 885, Sum: 16583, Workers: 4
[493.103s][debug][gc,phases      ] GC(27)   JNI Weak                       Min: 0.00, Avg: 0.00, Max: 0.00, Diff: 0.00, Sum: 0.00, Workers: 4
[493.103s][debug][gc,phases      ] GC(27)     Dead                           Min: 0, Avg:  0.0, Max: 0, Diff: 0, Sum: 0, Workers: 4
[493.103s][debug][gc,phases      ] GC(27)     Total                          Min: 0, Avg: 16.2, Max: 48, Diff: 48, Sum: 65, Workers: 4
[493.103s][debug][gc,phases      ] GC(27)   StringDedup Table Weak         Min: 0.00, Avg: 0.00, Max: 0.00, Diff: 0.00, Sum: 0.00, Workers: 4
[493.103s][debug][gc,phases      ] GC(27)     Dead                           Min: 0, Avg:  0.0, Max: 0, Diff: 0, Sum: 0, Workers: 4
[493.103s][debug][gc,phases      ] GC(27)     Total                          Min: 0, Avg:  0.0, Max: 0, Diff: 0, Sum: 0, Workers: 4
[493.103s][debug][gc,phases      ] GC(27)   StringDedup Requests0 Weak     Min: 0.00, Avg: 0.00, Max: 0.00, Diff: 0.00, Sum: 0.00, Workers: 4
[493.103s][debug][gc,phases      ] GC(27)     Dead                           Min: 0, Avg:  0.0, Max: 0, Diff: 0, Sum: 0, Workers: 4
[493.103s][debug][gc,phases      ] GC(27)     Total                          Min: 0, Avg:  0.0, Max: 0, Diff: 0, Sum: 0, Workers: 4
[493.103s][debug][gc,phases      ] GC(27)   StringDedup Requests1 Weak     Min: 0.00, Avg: 0.00, Max: 0.00, Diff: 0.00, Sum: 0.00, Workers: 4
[493.103s][debug][gc,phases      ] GC(27)     Dead                           Min: 0, Avg:  0.0, Max: 0, Diff: 0, Sum: 0, Workers: 4
[493.103s][debug][gc,phases      ] GC(27)     Total                          Min: 0, Avg:  0.0, Max: 0, Diff: 0, Sum: 0, Workers: 4
[493.103s][debug][gc,phases      ] GC(27)   Weak JFR Old Object Samples    Min: 0.00, Avg: 0.00, Max: 0.00, Diff: 0.00, Sum: 0.00, Workers: 4
[493.103s][debug][gc,phases      ] GC(27)     Dead                           Min: 0, Avg:  0.0, Max: 0, Diff: 0, Sum: 0, Workers: 4
[493.103s][debug][gc,phases      ] GC(27)     Total                          Min: 0, Avg:  0.0, Max: 0, Diff: 0, Sum: 0, Workers: 4
[493.103s][debug][gc,phases      ] GC(27) Weak Processing 0.346ms
[493.103s][debug][gc,age         ] GC(27) Desired survivor size 217579520 bytes, new threshold 1 (max threshold 15)
[493.103s][info ][gc,heap        ] GC(27) PSYoungGen: 1644304K(1871360K)->15168K(1858048K) Eden: 1632256K(1632256K)->0K(1632256K) From: 12048K(239104K)->15168K(225792K)
[493.103s][info ][gc,heap        ] GC(27) ParOldGen: 314255K(324096K)->324276K(324608K)
[493.103s][info ][gc,metaspace   ] GC(27) Metaspace: 108659K(109888K)->108659K(109888K) NonClass: 92641K(93376K)->92641K(93376K) Class: 16017K(16512K)->16017K(16512K)
[493.103s][info ][gc             ] GC(27) Pause Young (Allocation Failure) 1912M->331M(2131M) 14.776ms
[493.103s][info ][gc,cpu         ] GC(27) User=0.04s Sys=0.00s Real=0.01s
[493.103s][info ][safepoint      ] Safepoint "ParallelCollectForAllocation", Time since last: 17377777328 ns, Reaching safepoint: 78499 ns, At safepoint: 14857829 ns, Leaving safepoint: 23000 ns, Total: 14959328 ns, Threads: 4 runnable, 31 total
[504.359s][info ][gc,start       ] GC(28) Pause Young (Allocation Failure)
[504.381s][debug][gc,phases      ] GC(28) Scavenge 22.445ms
[504.381s][debug][gc,ref         ] GC(28) Skipped SoftWeakFinalRefsPhase of Reference Processing: no references
[504.381s][debug][gc,ref         ] GC(28) Skipped KeepAliveFinalRefsPhase of Reference Processing: no references
[504.381s][debug][gc,ref         ] GC(28) ReferenceProcessor::execute queues: 1, RefProcThreadModel::Single, marks_oops_alive: false
[504.381s][debug][gc,phases      ] GC(28) Reference Processing 0.093ms
[504.382s][debug][gc,phases      ] GC(28)   VM Weak                        Min: 0.00, Avg: 0.00, Max: 0.01, Diff: 0.01, Sum: 0.01, Workers: 4
[504.382s][debug][gc,phases      ] GC(28)     Dead                           Min: 0, Avg:  0.0, Max: 0, Diff: 0, Sum: 0, Workers: 4
[504.382s][debug][gc,phases      ] GC(28)     Total                          Min: 0, Avg: 229.5, Max: 512, Diff: 512, Sum: 918, Workers: 4
[504.382s][debug][gc,phases      ] GC(28)   ObjectSynchronizer Weak        Min: 0.00, Avg: 0.00, Max: 0.00, Diff: 0.00, Sum: 0.00, Workers: 4
[504.382s][debug][gc,phases      ] GC(28)     Dead                           Min: 0, Avg:  0.0, Max: 0, Diff: 0, Sum: 0, Workers: 4
[504.382s][debug][gc,phases      ] GC(28)     Total                          Min: 0, Avg:  2.5, Max: 10, Diff: 10, Sum: 10, Workers: 4
[504.382s][debug][gc,phases      ] GC(28)   JVMTI Tag Weak OopStorage      Min: 0.00, Avg: 0.00, Max: 0.00, Diff: 0.00, Sum: 0.00, Workers: 4
[504.382s][debug][gc,phases      ] GC(28)     Dead                           Min: 0, Avg:  0.0, Max: 0, Diff: 0, Sum: 0, Workers: 4
[504.382s][debug][gc,phases      ] GC(28)     Total                          Min: 0, Avg:  0.0, Max: 0, Diff: 0, Sum: 0, Workers: 4
[504.382s][debug][gc,phases      ] GC(28)   StringTable Weak               Min: 0.00, Avg: 0.10, Max: 0.13, Diff: 0.13, Sum: 0.40, Workers: 4
[504.382s][debug][gc,phases      ] GC(28)     Dead                           Min: 0, Avg:  0.0, Max: 0, Diff: 0, Sum: 0, Workers: 4
[504.382s][debug][gc,phases      ] GC(28)     Total                          Min: 0, Avg: 12469.2, Max: 21079, Diff: 21079, Sum: 49877, Workers: 4
[504.382s][debug][gc,phases      ] GC(28)   ResolvedMethodTable Weak       Min: 0.00, Avg: 0.03, Max: 0.04, Diff: 0.04, Sum: 0.13, Workers: 4
[504.382s][debug][gc,phases      ] GC(28)     Dead                           Min: 0, Avg:  0.0, Max: 0, Diff: 0, Sum: 0, Workers: 4
[504.382s][debug][gc,phases      ] GC(28)     Total                          Min: 0, Avg: 4145.8, Max: 7021, Diff: 7021, Sum: 16583, Workers: 4
[504.382s][debug][gc,phases      ] GC(28)   JNI Weak                       Min: 0.00, Avg: 0.00, Max: 0.00, Diff: 0.00, Sum: 0.00, Workers: 4
[504.382s][debug][gc,phases      ] GC(28)     Dead                           Min: 0, Avg:  0.0, Max: 0, Diff: 0, Sum: 0, Workers: 4
[504.382s][debug][gc,phases      ] GC(28)     Total                          Min: 0, Avg: 13.0, Max: 48, Diff: 48, Sum: 52, Workers: 4
[504.382s][debug][gc,phases      ] GC(28)   StringDedup Table Weak         Min: 0.00, Avg: 0.00, Max: 0.00, Diff: 0.00, Sum: 0.00, Workers: 4
[504.382s][debug][gc,phases      ] GC(28)     Dead                           Min: 0, Avg:  0.0, Max: 0, Diff: 0, Sum: 0, Workers: 4
[504.382s][debug][gc,phases      ] GC(28)     Total                          Min: 0, Avg:  0.0, Max: 0, Diff: 0, Sum: 0, Workers: 4
[504.382s][debug][gc,phases      ] GC(28)   StringDedup Requests0 Weak     Min: 0.00, Avg: 0.00, Max: 0.00, Diff: 0.00, Sum: 0.00, Workers: 4
[504.382s][debug][gc,phases      ] GC(28)     Dead                           Min: 0, Avg:  0.0, Max: 0, Diff: 0, Sum: 0, Workers: 4
[504.382s][debug][gc,phases      ] GC(28)     Total                          Min: 0, Avg:  0.0, Max: 0, Diff: 0, Sum: 0, Workers: 4
[504.382s][debug][gc,phases      ] GC(28)   StringDedup Requests1 Weak     Min: 0.00, Avg: 0.00, Max: 0.00, Diff: 0.00, Sum: 0.00, Workers: 4
[504.382s][debug][gc,phases      ] GC(28)     Dead                           Min: 0, Avg:  0.0, Max: 0, Diff: 0, Sum: 0, Workers: 4
[504.382s][debug][gc,phases      ] GC(28)     Total                          Min: 0, Avg:  0.0, Max: 0, Diff: 0, Sum: 0, Workers: 4
[504.382s][debug][gc,phases      ] GC(28)   Weak JFR Old Object Samples    Min: 0.00, Avg: 0.00, Max: 0.00, Diff: 0.00, Sum: 0.00, Workers: 4
[504.382s][debug][gc,phases      ] GC(28)     Dead                           Min: 0, Avg:  0.0, Max: 0, Diff: 0, Sum: 0, Workers: 4
[504.382s][debug][gc,phases      ] GC(28)     Total                          Min: 0, Avg:  0.0, Max: 0, Diff: 0, Sum: 0, Workers: 4
[504.382s][debug][gc,phases      ] GC(28) Weak Processing 0.346ms
[504.382s][debug][gc,age         ] GC(28) Desired survivor size 208666624 bytes, new threshold 1 (max threshold 15)
[504.382s][info ][gc,heap        ] GC(28) PSYoungGen: 1647424K(1858048K)->63334K(1893376K) Eden: 1632256K(1632256K)->0K(1680896K) From: 15168K(225792K)->63334K(212480K)
[504.382s][info ][gc,heap        ] GC(28) ParOldGen: 324276K(324608K)->334396K(334848K)
[504.382s][info ][gc,metaspace   ] GC(28) Metaspace: 108669K(109888K)->108669K(109888K) NonClass: 92651K(93376K)->92651K(93376K) Class: 16017K(16512K)->16017K(16512K)
[504.382s][info ][gc             ] GC(28) Pause Young (Allocation Failure) 1925M->388M(2176M) 23.000ms
[504.382s][info ][gc,cpu         ] GC(28) User=0.08s Sys=0.01s Real=0.02s
[504.382s][info ][safepoint      ] Safepoint "ParallelCollectForAllocation", Time since last: 11255360132 ns, Reaching safepoint: 103699 ns, At safepoint: 23062089 ns, Leaving safepoint: 25400 ns, Total: 23191188 ns, Threads: 5 runnable, 31 total
[532.545s][info ][gc,start       ] GC(29) Pause Young (Allocation Failure)
[532.574s][debug][gc,phases      ] GC(29) Scavenge 28.859ms
[532.574s][debug][gc,ref         ] GC(29) ReferenceProcessor::execute queues: 1, RefProcThreadModel::Single, marks_oops_alive: false
[532.574s][debug][gc,ref         ] GC(29) Skipped KeepAliveFinalRefsPhase of Reference Processing: no references
[532.574s][debug][gc,ref         ] GC(29) Skipped PhantomRefsPhase of Reference Processing: no references
[532.574s][debug][gc,phases      ] GC(29) Reference Processing 0.098ms
[532.574s][debug][gc,phases      ] GC(29)   VM Weak                        Min: 0.00, Avg: 0.00, Max: 0.01, Diff: 0.01, Sum: 0.01, Workers: 4
[532.574s][debug][gc,phases      ] GC(29)     Dead                           Min: 0, Avg:  0.0, Max: 0, Diff: 0, Sum: 0, Workers: 4
[532.574s][debug][gc,phases      ] GC(29)     Total                          Min: 0, Avg: 229.5, Max: 896, Diff: 896, Sum: 918, Workers: 4
[532.574s][debug][gc,phases      ] GC(29)   ObjectSynchronizer Weak        Min: 0.00, Avg: 0.00, Max: 0.00, Diff: 0.00, Sum: 0.00, Workers: 4
[532.574s][debug][gc,phases      ] GC(29)     Dead                           Min: 0, Avg:  0.0, Max: 0, Diff: 0, Sum: 0, Workers: 4
[532.574s][debug][gc,phases      ] GC(29)     Total                          Min: 0, Avg:  2.8, Max: 11, Diff: 11, Sum: 11, Workers: 4
[532.574s][debug][gc,phases      ] GC(29)   JVMTI Tag Weak OopStorage      Min: 0.00, Avg: 0.00, Max: 0.00, Diff: 0.00, Sum: 0.00, Workers: 4
[532.574s][debug][gc,phases      ] GC(29)     Dead                           Min: 0, Avg:  0.0, Max: 0, Diff: 0, Sum: 0, Workers: 4
[532.574s][debug][gc,phases      ] GC(29)     Total                          Min: 0, Avg:  0.0, Max: 0, Diff: 0, Sum: 0, Workers: 4
[532.574s][debug][gc,phases      ] GC(29)   StringTable Weak               Min: 0.00, Avg: 0.12, Max: 0.16, Diff: 0.16, Sum: 0.48, Workers: 4
[532.574s][debug][gc,phases      ] GC(29)     Dead                           Min: 0, Avg:  0.0, Max: 0, Diff: 0, Sum: 0, Workers: 4
[532.574s][debug][gc,phases      ] GC(29)     Total                          Min: 0, Avg: 12471.2, Max: 18462, Diff: 18462, Sum: 49885, Workers: 4
[532.574s][debug][gc,phases      ] GC(29)   ResolvedMethodTable Weak       Min: 0.00, Avg: 0.04, Max: 0.06, Diff: 0.06, Sum: 0.17, Workers: 4
[532.574s][debug][gc,phases      ] GC(29)     Dead                           Min: 0, Avg:  5.0, Max: 14, Diff: 14, Sum: 20, Workers: 4
[532.574s][debug][gc,phases      ] GC(29)     Total                          Min: 0, Avg: 4145.8, Max: 6634, Diff: 6634, Sum: 16583, Workers: 4
[532.574s][debug][gc,phases      ] GC(29)   JNI Weak                       Min: 0.00, Avg: 0.00, Max: 0.00, Diff: 0.00, Sum: 0.00, Workers: 4
[532.574s][debug][gc,phases      ] GC(29)     Dead                           Min: 0, Avg:  0.0, Max: 0, Diff: 0, Sum: 0, Workers: 4
[532.574s][debug][gc,phases      ] GC(29)     Total                          Min: 0, Avg: 13.0, Max: 48, Diff: 48, Sum: 52, Workers: 4
[532.574s][debug][gc,phases      ] GC(29)   StringDedup Table Weak         Min: 0.00, Avg: 0.00, Max: 0.00, Diff: 0.00, Sum: 0.00, Workers: 4
[532.574s][debug][gc,phases      ] GC(29)     Dead                           Min: 0, Avg:  0.0, Max: 0, Diff: 0, Sum: 0, Workers: 4
[532.574s][debug][gc,phases      ] GC(29)     Total                          Min: 0, Avg:  0.0, Max: 0, Diff: 0, Sum: 0, Workers: 4
[532.574s][debug][gc,phases      ] GC(29)   StringDedup Requests0 Weak     Min: 0.00, Avg: 0.00, Max: 0.00, Diff: 0.00, Sum: 0.00, Workers: 4
[532.574s][debug][gc,phases      ] GC(29)     Dead                           Min: 0, Avg:  0.0, Max: 0, Diff: 0, Sum: 0, Workers: 4
[532.574s][debug][gc,phases      ] GC(29)     Total                          Min: 0, Avg:  0.0, Max: 0, Diff: 0, Sum: 0, Workers: 4
[532.574s][debug][gc,phases      ] GC(29)   StringDedup Requests1 Weak     Min: 0.00, Avg: 0.00, Max: 0.00, Diff: 0.00, Sum: 0.00, Workers: 4
[532.574s][debug][gc,phases      ] GC(29)     Dead                           Min: 0, Avg:  0.0, Max: 0, Diff: 0, Sum: 0, Workers: 4
[532.574s][debug][gc,phases      ] GC(29)     Total                          Min: 0, Avg:  0.0, Max: 0, Diff: 0, Sum: 0, Workers: 4
[532.574s][debug][gc,phases      ] GC(29)   Weak JFR Old Object Samples    Min: 0.00, Avg: 0.00, Max: 0.00, Diff: 0.00, Sum: 0.00, Workers: 4
[532.574s][debug][gc,phases      ] GC(29)     Dead                           Min: 0, Avg:  0.0, Max: 0, Diff: 0, Sum: 0, Workers: 4
[532.574s][debug][gc,phases      ] GC(29)     Total                          Min: 0, Avg:  0.0, Max: 0, Diff: 0, Sum: 0, Workers: 4
[532.574s][debug][gc,phases      ] GC(29) Weak Processing 0.417ms
[532.574s][debug][gc,age         ] GC(29) Desired survivor size 195035136 bytes, new threshold 1 (max threshold 15)
[532.574s][info ][gc,heap        ] GC(29) PSYoungGen: 1744230K(1893376K)->26449K(1884672K) Eden: 1680896K(1680896K)->0K(1680896K) From: 63334K(212480K)->26449K(203776K)
[532.575s][info ][gc,heap        ] GC(29) ParOldGen: 334396K(334848K)->385259K(385536K)
[532.575s][info ][gc,metaspace   ] GC(29) Metaspace: 108681K(109888K)->108681K(109888K) NonClass: 92663K(93376K)->92663K(93376K) Class: 16017K(16512K)->16017K(16512K)
[532.575s][info ][gc             ] GC(29) Pause Young (Allocation Failure) 2029M->402M(2217M) 29.499ms
[532.575s][info ][gc,cpu         ] GC(29) User=0.08s Sys=0.03s Real=0.03s
[532.575s][info ][safepoint      ] Safepoint "ParallelCollectForAllocation", Time since last: 28162982383 ns, Reaching safepoint: 110599 ns, At safepoint: 29568658 ns, Leaving safepoint: 13000 ns, Total: 29692257 ns, Threads: 1 runnable, 31 total
[577.555s][info ][gc,start       ] GC(30) Pause Young (Allocation Failure)
[577.567s][debug][gc,phases      ] GC(30) Scavenge 11.632ms
[577.567s][debug][gc,ref         ] GC(30) ReferenceProcessor::execute queues: 1, RefProcThreadModel::Single, marks_oops_alive: false
[577.567s][debug][gc,ref         ] GC(30) Skipped KeepAliveFinalRefsPhase of Reference Processing: no references
[577.567s][debug][gc,ref         ] GC(30) Skipped PhantomRefsPhase of Reference Processing: no references
[577.567s][debug][gc,phases      ] GC(30) Reference Processing 0.093ms
[577.567s][debug][gc,phases      ] GC(30)   VM Weak                        Min: 0.00, Avg: 0.00, Max: 0.01, Diff: 0.01, Sum: 0.01, Workers: 4
[577.567s][debug][gc,phases      ] GC(30)     Dead                           Min: 0, Avg:  0.0, Max: 0, Diff: 0, Sum: 0, Workers: 4
[577.567s][debug][gc,phases      ] GC(30)     Total                          Min: 0, Avg: 229.5, Max: 470, Diff: 470, Sum: 918, Workers: 4
[577.567s][debug][gc,phases      ] GC(30)   ObjectSynchronizer Weak        Min: 0.00, Avg: 0.00, Max: 0.00, Diff: 0.00, Sum: 0.00, Workers: 4
[577.567s][debug][gc,phases      ] GC(30)     Dead                           Min: 0, Avg:  0.0, Max: 0, Diff: 0, Sum: 0, Workers: 4
[577.567s][debug][gc,phases      ] GC(30)     Total                          Min: 0, Avg:  1.5, Max: 6, Diff: 6, Sum: 6, Workers: 4
[577.567s][debug][gc,phases      ] GC(30)   JVMTI Tag Weak OopStorage      Min: 0.00, Avg: 0.00, Max: 0.00, Diff: 0.00, Sum: 0.00, Workers: 4
[577.567s][debug][gc,phases      ] GC(30)     Dead                           Min: 0, Avg:  0.0, Max: 0, Diff: 0, Sum: 0, Workers: 4
[577.567s][debug][gc,phases      ] GC(30)     Total                          Min: 0, Avg:  0.0, Max: 0, Diff: 0, Sum: 0, Workers: 4
[577.567s][debug][gc,phases      ] GC(30)   StringTable Weak               Min: 0.00, Avg: 0.10, Max: 0.13, Diff: 0.13, Sum: 0.39, Workers: 4
[577.567s][debug][gc,phases      ] GC(30)     Dead                           Min: 0, Avg:  0.0, Max: 0, Diff: 0, Sum: 0, Workers: 4
[577.567s][debug][gc,phases      ] GC(30)     Total                          Min: 0, Avg: 12474.2, Max: 21355, Diff: 21355, Sum: 49897, Workers: 4
[577.567s][debug][gc,phases      ] GC(30)   ResolvedMethodTable Weak       Min: 0.00, Avg: 0.03, Max: 0.04, Diff: 0.04, Sum: 0.13, Workers: 4
[577.567s][debug][gc,phases      ] GC(30)     Dead                           Min: 0, Avg:  5.0, Max: 12, Diff: 12, Sum: 20, Workers: 4
[577.567s][debug][gc,phases      ] GC(30)     Total                          Min: 0, Avg: 4145.8, Max: 7160, Diff: 7160, Sum: 16583, Workers: 4
[577.567s][debug][gc,phases      ] GC(30)   JNI Weak                       Min: 0.00, Avg: 0.00, Max: 0.00, Diff: 0.00, Sum: 0.00, Workers: 4
[577.567s][debug][gc,phases      ] GC(30)     Dead                           Min: 0, Avg:  0.0, Max: 0, Diff: 0, Sum: 0, Workers: 4
[577.567s][debug][gc,phases      ] GC(30)     Total                          Min: 0, Avg: 13.0, Max: 48, Diff: 48, Sum: 52, Workers: 4
[577.567s][debug][gc,phases      ] GC(30)   StringDedup Table Weak         Min: 0.00, Avg: 0.00, Max: 0.00, Diff: 0.00, Sum: 0.00, Workers: 4
[577.567s][debug][gc,phases      ] GC(30)     Dead                           Min: 0, Avg:  0.0, Max: 0, Diff: 0, Sum: 0, Workers: 4
[577.567s][debug][gc,phases      ] GC(30)     Total                          Min: 0, Avg:  0.0, Max: 0, Diff: 0, Sum: 0, Workers: 4
[577.567s][debug][gc,phases      ] GC(30)   StringDedup Requests0 Weak     Min: 0.00, Avg: 0.00, Max: 0.00, Diff: 0.00, Sum: 0.00, Workers: 4
[577.567s][debug][gc,phases      ] GC(30)     Dead                           Min: 0, Avg:  0.0, Max: 0, Diff: 0, Sum: 0, Workers: 4
[577.567s][debug][gc,phases      ] GC(30)     Total                          Min: 0, Avg:  0.0, Max: 0, Diff: 0, Sum: 0, Workers: 4
[577.567s][debug][gc,phases      ] GC(30)   StringDedup Requests1 Weak     Min: 0.00, Avg: 0.00, Max: 0.00, Diff: 0.00, Sum: 0.00, Workers: 4
[577.567s][debug][gc,phases      ] GC(30)     Dead                           Min: 0, Avg:  0.0, Max: 0, Diff: 0, Sum: 0, Workers: 4
[577.567s][debug][gc,phases      ] GC(30)     Total                          Min: 0, Avg:  0.0, Max: 0, Diff: 0, Sum: 0, Workers: 4
[577.567s][debug][gc,phases      ] GC(30)   Weak JFR Old Object Samples    Min: 0.00, Avg: 0.00, Max: 0.00, Diff: 0.00, Sum: 0.00, Workers: 4
[577.567s][debug][gc,phases      ] GC(30)     Dead                           Min: 0, Avg:  0.0, Max: 0, Diff: 0, Sum: 0, Workers: 4
[577.567s][debug][gc,phases      ] GC(30)     Total                          Min: 0, Avg:  0.0, Max: 0, Diff: 0, Sum: 0, Workers: 4
[577.567s][debug][gc,phases      ] GC(30) Weak Processing 0.358ms
[577.567s][debug][gc,age         ] GC(30) Desired survivor size 186646528 bytes, new threshold 1 (max threshold 15)
[577.567s][info ][gc,heap        ] GC(30) PSYoungGen: 1707345K(1884672K)->3616K(1914880K) Eden: 1680896K(1680896K)->0K(1724416K) From: 26449K(203776K)->3616K(190464K)
[577.567s][info ][gc,heap        ] GC(30) ParOldGen: 385259K(385536K)->409449K(409600K)
[577.567s][info ][gc,metaspace   ] GC(30) Metaspace: 108694K(109888K)->108694K(109888K) NonClass: 92676K(93376K)->92676K(93376K) Class: 16017K(16512K)->16017K(16512K)
[577.567s][info ][gc             ] GC(30) Pause Young (Allocation Failure) 2043M->403M(2270M) 12.201ms
[577.567s][info ][gc,cpu         ] GC(30) User=0.03s Sys=0.01s Real=0.01s
[577.567s][info ][safepoint      ] Safepoint "ParallelCollectForAllocation", Time since last: 44980399519 ns, Reaching safepoint: 26199 ns, At safepoint: 12268042 ns, Leaving safepoint: 8800 ns, Total: 12303041 ns, Threads: 0 runnable, 31 total
[624.142s][info ][gc,start       ] GC(31) Pause Young (Allocation Failure)
[624.146s][debug][gc,phases      ] GC(31) Scavenge 4.164ms
[624.146s][debug][gc,ref         ] GC(31) ReferenceProcessor::execute queues: 1, RefProcThreadModel::Single, marks_oops_alive: false
[624.146s][debug][gc,ref         ] GC(31) Skipped KeepAliveFinalRefsPhase of Reference Processing: no references
[624.146s][debug][gc,ref         ] GC(31) Skipped PhantomRefsPhase of Reference Processing: no references
[624.146s][debug][gc,phases      ] GC(31) Reference Processing 0.121ms
[624.147s][debug][gc,phases      ] GC(31)   VM Weak                        Min: 0.00, Avg: 0.00, Max: 0.00, Diff: 0.00, Sum: 0.01, Workers: 4
[624.147s][debug][gc,phases      ] GC(31)     Dead                           Min: 0, Avg:  0.0, Max: 0, Diff: 0, Sum: 0, Workers: 4
[624.147s][debug][gc,phases      ] GC(31)     Total                          Min: 0, Avg: 229.5, Max: 384, Diff: 384, Sum: 918, Workers: 4
[624.147s][debug][gc,phases      ] GC(31)   ObjectSynchronizer Weak        Min: 0.00, Avg: 0.00, Max: 0.00, Diff: 0.00, Sum: 0.00, Workers: 4
[624.147s][debug][gc,phases      ] GC(31)     Dead                           Min: 0, Avg:  0.0, Max: 0, Diff: 0, Sum: 0, Workers: 4
[624.147s][debug][gc,phases      ] GC(31)     Total                          Min: 0, Avg:  1.5, Max: 6, Diff: 6, Sum: 6, Workers: 4
[624.147s][debug][gc,phases      ] GC(31)   JVMTI Tag Weak OopStorage      Min: 0.00, Avg: 0.00, Max: 0.00, Diff: 0.00, Sum: 0.00, Workers: 4
[624.147s][debug][gc,phases      ] GC(31)     Dead                           Min: 0, Avg:  0.0, Max: 0, Diff: 0, Sum: 0, Workers: 4
[624.147s][debug][gc,phases      ] GC(31)     Total                          Min: 0, Avg:  0.0, Max: 0, Diff: 0, Sum: 0, Workers: 4
[624.147s][debug][gc,phases      ] GC(31)   StringTable Weak               Min: 0.00, Avg: 0.11, Max: 0.15, Diff: 0.15, Sum: 0.45, Workers: 4
[624.147s][debug][gc,phases      ] GC(31)     Dead                           Min: 0, Avg:  0.0, Max: 0, Diff: 0, Sum: 0, Workers: 4
[624.147s][debug][gc,phases      ] GC(31)     Total                          Min: 0, Avg: 12477.0, Max: 16822, Diff: 16822, Sum: 49908, Workers: 4
[624.147s][debug][gc,phases      ] GC(31)   ResolvedMethodTable Weak       Min: 0.00, Avg: 0.04, Max: 0.05, Diff: 0.05, Sum: 0.15, Workers: 4
[624.147s][debug][gc,phases      ] GC(31)     Dead                           Min: 0, Avg:  5.2, Max: 17, Diff: 17, Sum: 21, Workers: 4
[624.147s][debug][gc,phases      ] GC(31)     Total                          Min: 0, Avg: 4146.0, Max: 5579, Diff: 5579, Sum: 16584, Workers: 4
[624.147s][debug][gc,phases      ] GC(31)   JNI Weak                       Min: 0.00, Avg: 0.00, Max: 0.00, Diff: 0.00, Sum: 0.00, Workers: 4
[624.147s][debug][gc,phases      ] GC(31)     Dead                           Min: 0, Avg:  0.0, Max: 0, Diff: 0, Sum: 0, Workers: 4
[624.147s][debug][gc,phases      ] GC(31)     Total                          Min: 0, Avg: 13.0, Max: 48, Diff: 48, Sum: 52, Workers: 4
[624.147s][debug][gc,phases      ] GC(31)   StringDedup Table Weak         Min: 0.00, Avg: 0.00, Max: 0.00, Diff: 0.00, Sum: 0.00, Workers: 4
[624.147s][debug][gc,phases      ] GC(31)     Dead                           Min: 0, Avg:  0.0, Max: 0, Diff: 0, Sum: 0, Workers: 4
[624.147s][debug][gc,phases      ] GC(31)     Total                          Min: 0, Avg:  0.0, Max: 0, Diff: 0, Sum: 0, Workers: 4
[624.147s][debug][gc,phases      ] GC(31)   StringDedup Requests0 Weak     Min: 0.00, Avg: 0.00, Max: 0.00, Diff: 0.00, Sum: 0.00, Workers: 4
[624.147s][debug][gc,phases      ] GC(31)     Dead                           Min: 0, Avg:  0.0, Max: 0, Diff: 0, Sum: 0, Workers: 4
[624.147s][debug][gc,phases      ] GC(31)     Total                          Min: 0, Avg:  0.0, Max: 0, Diff: 0, Sum: 0, Workers: 4
[624.147s][debug][gc,phases      ] GC(31)   StringDedup Requests1 Weak     Min: 0.00, Avg: 0.00, Max: 0.00, Diff: 0.00, Sum: 0.00, Workers: 4
[624.147s][debug][gc,phases      ] GC(31)     Dead                           Min: 0, Avg:  0.0, Max: 0, Diff: 0, Sum: 0, Workers: 4
[624.147s][debug][gc,phases      ] GC(31)     Total                          Min: 0, Avg:  0.0, Max: 0, Diff: 0, Sum: 0, Workers: 4
[624.147s][debug][gc,phases      ] GC(31)   Weak JFR Old Object Samples    Min: 0.00, Avg: 0.00, Max: 0.00, Diff: 0.00, Sum: 0.00, Workers: 4
[624.147s][debug][gc,phases      ] GC(31)     Dead                           Min: 0, Avg:  0.0, Max: 0, Diff: 0, Sum: 0, Workers: 4
[624.147s][debug][gc,phases      ] GC(31)     Total                          Min: 0, Avg:  0.0, Max: 0, Diff: 0, Sum: 0, Workers: 4
[624.147s][debug][gc,phases      ] GC(31) Weak Processing 0.375ms
[624.147s][debug][gc,age         ] GC(31) Desired survivor size 177733632 bytes, new threshold 1 (max threshold 15)
[624.147s][info ][gc,heap        ] GC(31) PSYoungGen: 1728032K(1914880K)->5328K(1906688K) Eden: 1724416K(1724416K)->0K(1724416K) From: 3616K(190464K)->5328K(182272K)
[624.147s][info ][gc,heap        ] GC(31) ParOldGen: 409449K(409600K)->411118K(411136K)
[624.147s][info ][gc,metaspace   ] GC(31) Metaspace: 108725K(109952K)->108725K(109952K) NonClass: 92707K(93440K)->92707K(93440K) Class: 16017K(16512K)->16017K(16512K)
[624.147s][info ][gc             ] GC(31) Pause Young (Allocation Failure) 2087M->406M(2263M) 4.773ms
[624.147s][info ][gc,cpu         ] GC(31) User=0.02s Sys=0.00s Real=0.00s
[624.147s][info ][safepoint      ] Safepoint "ParallelCollectForAllocation", Time since last: 46574567006 ns, Reaching safepoint: 86600 ns, At safepoint: 4835876 ns, Leaving safepoint: 6600 ns, Total: 4929076 ns, Threads: 1 runnable, 32 total
[670.541s][info ][gc,start       ] GC(32) Pause Young (Allocation Failure)
[670.545s][debug][gc,phases      ] GC(32) Scavenge 3.926ms
[670.545s][debug][gc,ref         ] GC(32) ReferenceProcessor::execute queues: 1, RefProcThreadModel::Single, marks_oops_alive: false
[670.545s][debug][gc,ref         ] GC(32) Skipped KeepAliveFinalRefsPhase of Reference Processing: no references
[670.545s][debug][gc,ref         ] GC(32) Skipped PhantomRefsPhase of Reference Processing: no references
[670.545s][debug][gc,phases      ] GC(32) Reference Processing 0.113ms
[670.545s][debug][gc,phases      ] GC(32)   VM Weak                        Min: 0.00, Avg: 0.00, Max: 0.01, Diff: 0.01, Sum: 0.01, Workers: 4
[670.545s][debug][gc,phases      ] GC(32)     Dead                           Min: 0, Avg:  0.0, Max: 0, Diff: 0, Sum: 0, Workers: 4
[670.545s][debug][gc,phases      ] GC(32)     Total                          Min: 0, Avg: 229.5, Max: 726, Diff: 726, Sum: 918, Workers: 4
[670.545s][debug][gc,phases      ] GC(32)   ObjectSynchronizer Weak        Min: 0.00, Avg: 0.00, Max: 0.00, Diff: 0.00, Sum: 0.00, Workers: 4
[670.545s][debug][gc,phases      ] GC(32)     Dead                           Min: 0, Avg:  0.0, Max: 0, Diff: 0, Sum: 0, Workers: 4
[670.545s][debug][gc,phases      ] GC(32)     Total                          Min: 0, Avg:  1.5, Max: 6, Diff: 6, Sum: 6, Workers: 4
[670.545s][debug][gc,phases      ] GC(32)   JVMTI Tag Weak OopStorage      Min: 0.00, Avg: 0.00, Max: 0.00, Diff: 0.00, Sum: 0.00, Workers: 4
[670.545s][debug][gc,phases      ] GC(32)     Dead                           Min: 0, Avg:  0.0, Max: 0, Diff: 0, Sum: 0, Workers: 4
[670.545s][debug][gc,phases      ] GC(32)     Total                          Min: 0, Avg:  0.0, Max: 0, Diff: 0, Sum: 0, Workers: 4
[670.545s][debug][gc,phases      ] GC(32)   StringTable Weak               Min: 0.00, Avg: 0.13, Max: 0.17, Diff: 0.17, Sum: 0.50, Workers: 4
[670.545s][debug][gc,phases      ] GC(32)     Dead                           Min: 0, Avg:  0.0, Max: 0, Diff: 0, Sum: 0, Workers: 4
[670.545s][debug][gc,phases      ] GC(32)     Total                          Min: 0, Avg: 12478.5, Max: 16832, Diff: 16832, Sum: 49914, Workers: 4
[670.545s][debug][gc,phases      ] GC(32)   ResolvedMethodTable Weak       Min: 0.00, Avg: 0.04, Max: 0.05, Diff: 0.05, Sum: 0.15, Workers: 4
[670.546s][debug][gc,phases      ] GC(32)     Dead                           Min: 0, Avg:  5.0, Max: 20, Diff: 20, Sum: 20, Workers: 4
[670.546s][debug][gc,phases      ] GC(32)     Total                          Min: 0, Avg: 4146.0, Max: 5654, Diff: 5654, Sum: 16584, Workers: 4
[670.546s][debug][gc,phases      ] GC(32)   JNI Weak                       Min: 0.00, Avg: 0.00, Max: 0.00, Diff: 0.00, Sum: 0.00, Workers: 4
[670.546s][debug][gc,phases      ] GC(32)     Dead                           Min: 0, Avg:  0.0, Max: 0, Diff: 0, Sum: 0, Workers: 4
[670.546s][debug][gc,phases      ] GC(32)     Total                          Min: 0, Avg: 13.0, Max: 48, Diff: 48, Sum: 52, Workers: 4
[670.546s][debug][gc,phases      ] GC(32)   StringDedup Table Weak         Min: 0.00, Avg: 0.00, Max: 0.00, Diff: 0.00, Sum: 0.00, Workers: 4
[670.546s][debug][gc,phases      ] GC(32)     Dead                           Min: 0, Avg:  0.0, Max: 0, Diff: 0, Sum: 0, Workers: 4
[670.546s][debug][gc,phases      ] GC(32)     Total                          Min: 0, Avg:  0.0, Max: 0, Diff: 0, Sum: 0, Workers: 4
[670.546s][debug][gc,phases      ] GC(32)   StringDedup Requests0 Weak     Min: 0.00, Avg: 0.00, Max: 0.00, Diff: 0.00, Sum: 0.00, Workers: 4
[670.546s][debug][gc,phases      ] GC(32)     Dead                           Min: 0, Avg:  0.0, Max: 0, Diff: 0, Sum: 0, Workers: 4
[670.546s][debug][gc,phases      ] GC(32)     Total                          Min: 0, Avg:  0.0, Max: 0, Diff: 0, Sum: 0, Workers: 4
[670.546s][debug][gc,phases      ] GC(32)   StringDedup Requests1 Weak     Min: 0.00, Avg: 0.00, Max: 0.00, Diff: 0.00, Sum: 0.00, Workers: 4
[670.546s][debug][gc,phases      ] GC(32)     Dead                           Min: 0, Avg:  0.0, Max: 0, Diff: 0, Sum: 0, Workers: 4
[670.546s][debug][gc,phases      ] GC(32)     Total                          Min: 0, Avg:  0.0, Max: 0, Diff: 0, Sum: 0, Workers: 4
[670.546s][debug][gc,phases      ] GC(32)   Weak JFR Old Object Samples    Min: 0.00, Avg: 0.00, Max: 0.00, Diff: 0.00, Sum: 0.00, Workers: 4
[670.546s][debug][gc,phases      ] GC(32)     Dead                           Min: 0, Avg:  0.0, Max: 0, Diff: 0, Sum: 0, Workers: 4
[670.546s][debug][gc,phases      ] GC(32)     Total                          Min: 0, Avg:  0.0, Max: 0, Diff: 0, Sum: 0, Workers: 4
[670.546s][debug][gc,phases      ] GC(32) Weak Processing 0.495ms
[670.546s][debug][gc,age         ] GC(32) Desired survivor size 168820736 bytes, new threshold 1 (max threshold 15)
[670.546s][info ][gc,heap        ] GC(32) PSYoungGen: 1729744K(1906688K)->2880K(1932288K) Eden: 1724416K(1724416K)->0K(1758720K) From: 5328K(182272K)->2880K(173568K)
[670.546s][info ][gc,heap        ] GC(32) ParOldGen: 411118K(411136K)->413823K(414208K)
[670.546s][info ][gc,metaspace   ] GC(32) Metaspace: 108746K(109952K)->108746K(109952K) NonClass: 92728K(93440K)->92728K(93440K) Class: 16017K(16512K)->16017K(16512K)
[670.546s][info ][gc             ] GC(32) Pause Young (Allocation Failure) 2090M->406M(2291M) 4.653ms
[670.546s][info ][gc,cpu         ] GC(32) User=0.01s Sys=0.00s Real=0.00s
[670.546s][info ][safepoint      ] Safepoint "ParallelCollectForAllocation", Time since last: 46394185632 ns, Reaching safepoint: 28700 ns, At safepoint: 4728077 ns, Leaving safepoint: 1900 ns, Total: 4758677 ns, Threads: 0 runnable, 32 total
[718.304s][info ][gc,start       ] GC(33) Pause Young (Allocation Failure)
[718.308s][debug][gc,phases      ] GC(33) Scavenge 3.297ms
[718.308s][debug][gc,ref         ] GC(33) ReferenceProcessor::execute queues: 1, RefProcThreadModel::Single, marks_oops_alive: false
[718.308s][debug][gc,ref         ] GC(33) Skipped KeepAliveFinalRefsPhase of Reference Processing: no references
[718.308s][debug][gc,ref         ] GC(33) Skipped PhantomRefsPhase of Reference Processing: no references
[718.308s][debug][gc,phases      ] GC(33) Reference Processing 0.096ms
[718.308s][debug][gc,phases      ] GC(33)   VM Weak                        Min: 0.00, Avg: 0.00, Max: 0.01, Diff: 0.01, Sum: 0.01, Workers: 4
[718.308s][debug][gc,phases      ] GC(33)     Dead                           Min: 0, Avg:  0.0, Max: 0, Diff: 0, Sum: 0, Workers: 4
[718.308s][debug][gc,phases      ] GC(33)     Total                          Min: 0, Avg: 229.5, Max: 918, Diff: 918, Sum: 918, Workers: 4
[718.308s][debug][gc,phases      ] GC(33)   ObjectSynchronizer Weak        Min: 0.00, Avg: 0.00, Max: 0.00, Diff: 0.00, Sum: 0.00, Workers: 4
[718.308s][debug][gc,phases      ] GC(33)     Dead                           Min: 0, Avg:  0.0, Max: 0, Diff: 0, Sum: 0, Workers: 4
[718.308s][debug][gc,phases      ] GC(33)     Total                          Min: 0, Avg:  1.5, Max: 6, Diff: 6, Sum: 6, Workers: 4
[718.308s][debug][gc,phases      ] GC(33)   JVMTI Tag Weak OopStorage      Min: 0.00, Avg: 0.00, Max: 0.00, Diff: 0.00, Sum: 0.00, Workers: 4
[718.308s][debug][gc,phases      ] GC(33)     Dead                           Min: 0, Avg:  0.0, Max: 0, Diff: 0, Sum: 0, Workers: 4
[718.308s][debug][gc,phases      ] GC(33)     Total                          Min: 0, Avg:  0.0, Max: 0, Diff: 0, Sum: 0, Workers: 4
[718.308s][debug][gc,phases      ] GC(33)   StringTable Weak               Min: 0.00, Avg: 0.10, Max: 0.13, Diff: 0.13, Sum: 0.39, Workers: 4
[718.308s][debug][gc,phases      ] GC(33)     Dead                           Min: 0, Avg:  0.0, Max: 0, Diff: 0, Sum: 0, Workers: 4
[718.308s][debug][gc,phases      ] GC(33)     Total                          Min: 0, Avg: 12478.5, Max: 20924, Diff: 20924, Sum: 49914, Workers: 4
[718.308s][debug][gc,phases      ] GC(33)   ResolvedMethodTable Weak       Min: 0.00, Avg: 0.03, Max: 0.04, Diff: 0.04, Sum: 0.13, Workers: 4
[718.308s][debug][gc,phases      ] GC(33)     Dead                           Min: 0, Avg:  5.0, Max: 16, Diff: 16, Sum: 20, Workers: 4
[718.308s][debug][gc,phases      ] GC(33)     Total                          Min: 0, Avg: 4146.0, Max: 7092, Diff: 7092, Sum: 16584, Workers: 4
[718.308s][debug][gc,phases      ] GC(33)   JNI Weak                       Min: 0.00, Avg: 0.00, Max: 0.00, Diff: 0.00, Sum: 0.00, Workers: 4
[718.308s][debug][gc,phases      ] GC(33)     Dead                           Min: 0, Avg:  0.0, Max: 0, Diff: 0, Sum: 0, Workers: 4
[718.308s][debug][gc,phases      ] GC(33)     Total                          Min: 0, Avg: 13.0, Max: 48, Diff: 48, Sum: 52, Workers: 4
[718.308s][debug][gc,phases      ] GC(33)   StringDedup Table Weak         Min: 0.00, Avg: 0.00, Max: 0.00, Diff: 0.00, Sum: 0.00, Workers: 4
[718.308s][debug][gc,phases      ] GC(33)     Dead                           Min: 0, Avg:  0.0, Max: 0, Diff: 0, Sum: 0, Workers: 4
[718.308s][debug][gc,phases      ] GC(33)     Total                          Min: 0, Avg:  0.0, Max: 0, Diff: 0, Sum: 0, Workers: 4
[718.308s][debug][gc,phases      ] GC(33)   StringDedup Requests0 Weak     Min: 0.00, Avg: 0.00, Max: 0.00, Diff: 0.00, Sum: 0.00, Workers: 4
[718.308s][debug][gc,phases      ] GC(33)     Dead                           Min: 0, Avg:  0.0, Max: 0, Diff: 0, Sum: 0, Workers: 4
[718.308s][debug][gc,phases      ] GC(33)     Total                          Min: 0, Avg:  0.0, Max: 0, Diff: 0, Sum: 0, Workers: 4
[718.308s][debug][gc,phases      ] GC(33)   StringDedup Requests1 Weak     Min: 0.00, Avg: 0.00, Max: 0.00, Diff: 0.00, Sum: 0.00, Workers: 4
[718.308s][debug][gc,phases      ] GC(33)     Dead                           Min: 0, Avg:  0.0, Max: 0, Diff: 0, Sum: 0, Workers: 4
[718.308s][debug][gc,phases      ] GC(33)     Total                          Min: 0, Avg:  0.0, Max: 0, Diff: 0, Sum: 0, Workers: 4
[718.308s][debug][gc,phases      ] GC(33)   Weak JFR Old Object Samples    Min: 0.00, Avg: 0.00, Max: 0.00, Diff: 0.00, Sum: 0.00, Workers: 4
[718.308s][debug][gc,phases      ] GC(33)     Dead                           Min: 0, Avg:  0.0, Max: 0, Diff: 0, Sum: 0, Workers: 4
[718.308s][debug][gc,phases      ] GC(33)     Total                          Min: 0, Avg:  0.0, Max: 0, Diff: 0, Sum: 0, Workers: 4
[718.308s][debug][gc,phases      ] GC(33) Weak Processing 0.379ms
[718.308s][debug][gc,age         ] GC(33) Desired survivor size 159907840 bytes, new threshold 1 (max threshold 15)
[718.308s][info ][gc,heap        ] GC(33) PSYoungGen: 1761600K(1932288K)->3744K(1923584K) Eden: 1758720K(1758720K)->0K(1758720K) From: 2880K(173568K)->3744K(164864K)
[718.308s][info ][gc,heap        ] GC(33) ParOldGen: 413823K(414208K)->414939K(415232K)
[718.308s][info ][gc,metaspace   ] GC(33) Metaspace: 108760K(109952K)->108760K(109952K) NonClass: 92742K(93440K)->92742K(93440K) Class: 16017K(16512K)->16017K(16512K)
[718.308s][info ][gc             ] GC(33) Pause Young (Allocation Failure) 2124M->408M(2284M) 3.871ms
[718.308s][info ][gc,cpu         ] GC(33) User=0.01s Sys=0.01s Real=0.01s
[718.308s][info ][safepoint      ] Safepoint "ParallelCollectForAllocation", Time since last: 47758713935 ns, Reaching safepoint: 30300 ns, At safepoint: 3933881 ns, Leaving safepoint: 2000 ns, Total: 3966181 ns, Threads: 0 runnable, 27 total
[768.610s][info ][gc,start       ] GC(34) Pause Young (Allocation Failure)
[768.613s][debug][gc,phases      ] GC(34) Scavenge 2.857ms
[768.613s][debug][gc,ref         ] GC(34) ReferenceProcessor::execute queues: 1, RefProcThreadModel::Single, marks_oops_alive: false
[768.613s][debug][gc,ref         ] GC(34) Skipped KeepAliveFinalRefsPhase of Reference Processing: no references
[768.613s][debug][gc,ref         ] GC(34) Skipped PhantomRefsPhase of Reference Processing: no references
[768.613s][debug][gc,phases      ] GC(34) Reference Processing 0.091ms
[768.613s][debug][gc,phases      ] GC(34)   VM Weak                        Min: 0.00, Avg: 0.00, Max: 0.01, Diff: 0.01, Sum: 0.01, Workers: 4
[768.613s][debug][gc,phases      ] GC(34)     Dead                           Min: 0, Avg:  0.0, Max: 0, Diff: 0, Sum: 0, Workers: 4
[768.613s][debug][gc,phases      ] GC(34)     Total                          Min: 0, Avg: 229.5, Max: 320, Diff: 320, Sum: 918, Workers: 4
[768.613s][debug][gc,phases      ] GC(34)   ObjectSynchronizer Weak        Min: 0.00, Avg: 0.00, Max: 0.00, Diff: 0.00, Sum: 0.00, Workers: 4
[768.613s][debug][gc,phases      ] GC(34)     Dead                           Min: 0, Avg:  0.0, Max: 0, Diff: 0, Sum: 0, Workers: 4
[768.613s][debug][gc,phases      ] GC(34)     Total                          Min: 0, Avg:  1.2, Max: 5, Diff: 5, Sum: 5, Workers: 4
[768.613s][debug][gc,phases      ] GC(34)   JVMTI Tag Weak OopStorage      Min: 0.00, Avg: 0.00, Max: 0.00, Diff: 0.00, Sum: 0.00, Workers: 4
[768.613s][debug][gc,phases      ] GC(34)     Dead                           Min: 0, Avg:  0.0, Max: 0, Diff: 0, Sum: 0, Workers: 4
[768.613s][debug][gc,phases      ] GC(34)     Total                          Min: 0, Avg:  0.0, Max: 0, Diff: 0, Sum: 0, Workers: 4
[768.613s][debug][gc,phases      ] GC(34)   StringTable Weak               Min: 0.00, Avg: 0.10, Max: 0.13, Diff: 0.13, Sum: 0.40, Workers: 4
[768.613s][debug][gc,phases      ] GC(34)     Dead                           Min: 0, Avg:  0.2, Max: 1, Diff: 1, Sum: 1, Workers: 4
[768.613s][debug][gc,phases      ] GC(34)     Total                          Min: 0, Avg: 12482.8, Max: 19787, Diff: 19787, Sum: 49931, Workers: 4
[768.613s][debug][gc,phases      ] GC(34)   ResolvedMethodTable Weak       Min: 0.00, Avg: 0.03, Max: 0.04, Diff: 0.04, Sum: 0.13, Workers: 4
[768.613s][debug][gc,phases      ] GC(34)     Dead                           Min: 0, Avg:  5.2, Max: 13, Diff: 13, Sum: 21, Workers: 4
[768.613s][debug][gc,phases      ] GC(34)     Total                          Min: 0, Avg: 4151.0, Max: 7225, Diff: 7225, Sum: 16604, Workers: 4
[768.613s][debug][gc,phases      ] GC(34)   JNI Weak                       Min: 0.00, Avg: 0.00, Max: 0.00, Diff: 0.00, Sum: 0.00, Workers: 4
[768.613s][debug][gc,phases      ] GC(34)     Dead                           Min: 0, Avg:  0.0, Max: 0, Diff: 0, Sum: 0, Workers: 4
[768.613s][debug][gc,phases      ] GC(34)     Total                          Min: 0, Avg: 13.0, Max: 48, Diff: 48, Sum: 52, Workers: 4
[768.613s][debug][gc,phases      ] GC(34)   StringDedup Table Weak         Min: 0.00, Avg: 0.00, Max: 0.00, Diff: 0.00, Sum: 0.00, Workers: 4
[768.613s][debug][gc,phases      ] GC(34)     Dead                           Min: 0, Avg:  0.0, Max: 0, Diff: 0, Sum: 0, Workers: 4
[768.613s][debug][gc,phases      ] GC(34)     Total                          Min: 0, Avg:  0.0, Max: 0, Diff: 0, Sum: 0, Workers: 4
[768.613s][debug][gc,phases      ] GC(34)   StringDedup Requests0 Weak     Min: 0.00, Avg: 0.00, Max: 0.00, Diff: 0.00, Sum: 0.00, Workers: 4
[768.613s][debug][gc,phases      ] GC(34)     Dead                           Min: 0, Avg:  0.0, Max: 0, Diff: 0, Sum: 0, Workers: 4
[768.613s][debug][gc,phases      ] GC(34)     Total                          Min: 0, Avg:  0.0, Max: 0, Diff: 0, Sum: 0, Workers: 4
[768.613s][debug][gc,phases      ] GC(34)   StringDedup Requests1 Weak     Min: 0.00, Avg: 0.00, Max: 0.00, Diff: 0.00, Sum: 0.00, Workers: 4
[768.613s][debug][gc,phases      ] GC(34)     Dead                           Min: 0, Avg:  0.0, Max: 0, Diff: 0, Sum: 0, Workers: 4
[768.613s][debug][gc,phases      ] GC(34)     Total                          Min: 0, Avg:  0.0, Max: 0, Diff: 0, Sum: 0, Workers: 4
[768.613s][debug][gc,phases      ] GC(34)   Weak JFR Old Object Samples    Min: 0.00, Avg: 0.00, Max: 0.00, Diff: 0.00, Sum: 0.00, Workers: 4
[768.613s][debug][gc,phases      ] GC(34)     Dead                           Min: 0, Avg:  0.0, Max: 0, Diff: 0, Sum: 0, Workers: 4
[768.613s][debug][gc,phases      ] GC(34)     Total                          Min: 0, Avg:  0.0, Max: 0, Diff: 0, Sum: 0, Workers: 4
[768.613s][debug][gc,phases      ] GC(34) Weak Processing 0.408ms
[768.613s][debug][gc,age         ] GC(34) Desired survivor size 151519232 bytes, new threshold 1 (max threshold 15)
[768.613s][info ][gc,heap        ] GC(34) PSYoungGen: 1762464K(1923584K)->2368K(1949184K) Eden: 1758720K(1758720K)->0K(1793024K) From: 3744K(164864K)->2368K(156160K)
[768.613s][info ][gc,heap        ] GC(34) ParOldGen: 414939K(415232K)->416548K(416768K)
[768.613s][info ][gc,metaspace   ] GC(34) Metaspace: 108821K(110016K)->108821K(110016K) NonClass: 92795K(93504K)->92795K(93504K) Class: 16025K(16512K)->16025K(16512K)
[768.613s][info ][gc             ] GC(34) Pause Young (Allocation Failure) 2126M->409M(2310M) 3.453ms
[768.613s][info ][gc,cpu         ] GC(34) User=0.01s Sys=0.00s Real=0.00s
[768.613s][info ][safepoint      ] Safepoint "ParallelCollectForAllocation", Time since last: 50301483043 ns, Reaching safepoint: 5400 ns, At safepoint: 3508383 ns, Leaving safepoint: 1700 ns, Total: 3515483 ns, Threads: 0 runnable, 26 total
[821.042s][info ][gc,start       ] GC(35) Pause Young (Allocation Failure)
[821.044s][debug][gc,phases      ] GC(35) Scavenge 2.396ms
[821.044s][debug][gc,ref         ] GC(35) ReferenceProcessor::execute queues: 1, RefProcThreadModel::Single, marks_oops_alive: false
[821.044s][debug][gc,ref         ] GC(35) Skipped KeepAliveFinalRefsPhase of Reference Processing: no references
[821.044s][debug][gc,ref         ] GC(35) Skipped PhantomRefsPhase of Reference Processing: no references
[821.044s][debug][gc,phases      ] GC(35) Reference Processing 0.106ms
[821.045s][debug][gc,phases      ] GC(35)   VM Weak                        Min: 0.00, Avg: 0.00, Max: 0.01, Diff: 0.01, Sum: 0.01, Workers: 4
[821.045s][debug][gc,phases      ] GC(35)     Dead                           Min: 0, Avg:  0.0, Max: 0, Diff: 0, Sum: 0, Workers: 4
[821.045s][debug][gc,phases      ] GC(35)     Total                          Min: 0, Avg: 229.5, Max: 704, Diff: 704, Sum: 918, Workers: 4
[821.045s][debug][gc,phases      ] GC(35)   ObjectSynchronizer Weak        Min: 0.00, Avg: 0.00, Max: 0.00, Diff: 0.00, Sum: 0.00, Workers: 4
[821.045s][debug][gc,phases      ] GC(35)     Dead                           Min: 0, Avg:  0.0, Max: 0, Diff: 0, Sum: 0, Workers: 4
[821.045s][debug][gc,phases      ] GC(35)     Total                          Min: 0, Avg:  1.2, Max: 5, Diff: 5, Sum: 5, Workers: 4
[821.045s][debug][gc,phases      ] GC(35)   JVMTI Tag Weak OopStorage      Min: 0.00, Avg: 0.00, Max: 0.00, Diff: 0.00, Sum: 0.00, Workers: 4
[821.045s][debug][gc,phases      ] GC(35)     Dead                           Min: 0, Avg:  0.0, Max: 0, Diff: 0, Sum: 0, Workers: 4
[821.045s][debug][gc,phases      ] GC(35)     Total                          Min: 0, Avg:  0.0, Max: 0, Diff: 0, Sum: 0, Workers: 4
[821.045s][debug][gc,phases      ] GC(35)   StringTable Weak               Min: 0.00, Avg: 0.11, Max: 0.15, Diff: 0.15, Sum: 0.44, Workers: 4
[821.045s][debug][gc,phases      ] GC(35)     Dead                           Min: 0, Avg:  0.0, Max: 0, Diff: 0, Sum: 0, Workers: 4
[821.045s][debug][gc,phases      ] GC(35)     Total                          Min: 0, Avg: 12482.8, Max: 17024, Diff: 17024, Sum: 49931, Workers: 4
[821.045s][debug][gc,phases      ] GC(35)   ResolvedMethodTable Weak       Min: 0.00, Avg: 0.04, Max: 0.05, Diff: 0.05, Sum: 0.15, Workers: 4
[821.045s][debug][gc,phases      ] GC(35)     Dead                           Min: 0, Avg:  5.0, Max: 15, Diff: 15, Sum: 20, Workers: 4
[821.045s][debug][gc,phases      ] GC(35)     Total                          Min: 0, Avg: 4151.0, Max: 5661, Diff: 5661, Sum: 16604, Workers: 4
[821.045s][debug][gc,phases      ] GC(35)   JNI Weak                       Min: 0.00, Avg: 0.00, Max: 0.00, Diff: 0.00, Sum: 0.00, Workers: 4
[821.045s][debug][gc,phases      ] GC(35)     Dead                           Min: 0, Avg:  0.0, Max: 0, Diff: 0, Sum: 0, Workers: 4
[821.045s][debug][gc,phases      ] GC(35)     Total                          Min: 0, Avg: 13.0, Max: 48, Diff: 48, Sum: 52, Workers: 4
[821.045s][debug][gc,phases      ] GC(35)   StringDedup Table Weak         Min: 0.00, Avg: 0.00, Max: 0.00, Diff: 0.00, Sum: 0.00, Workers: 4
[821.045s][debug][gc,phases      ] GC(35)     Dead                           Min: 0, Avg:  0.0, Max: 0, Diff: 0, Sum: 0, Workers: 4
[821.045s][debug][gc,phases      ] GC(35)     Total                          Min: 0, Avg:  0.0, Max: 0, Diff: 0, Sum: 0, Workers: 4
[821.045s][debug][gc,phases      ] GC(35)   StringDedup Requests0 Weak     Min: 0.00, Avg: 0.00, Max: 0.00, Diff: 0.00, Sum: 0.00, Workers: 4
[821.045s][debug][gc,phases      ] GC(35)     Dead                           Min: 0, Avg:  0.0, Max: 0, Diff: 0, Sum: 0, Workers: 4
[821.045s][debug][gc,phases      ] GC(35)     Total                          Min: 0, Avg:  0.0, Max: 0, Diff: 0, Sum: 0, Workers: 4
[821.045s][debug][gc,phases      ] GC(35)   StringDedup Requests1 Weak     Min: 0.00, Avg: 0.00, Max: 0.00, Diff: 0.00, Sum: 0.00, Workers: 4
[821.045s][debug][gc,phases      ] GC(35)     Dead                           Min: 0, Avg:  0.0, Max: 0, Diff: 0, Sum: 0, Workers: 4
[821.045s][debug][gc,phases      ] GC(35)     Total                          Min: 0, Avg:  0.0, Max: 0, Diff: 0, Sum: 0, Workers: 4
[821.045s][debug][gc,phases      ] GC(35)   Weak JFR Old Object Samples    Min: 0.00, Avg: 0.00, Max: 0.00, Diff: 0.00, Sum: 0.00, Workers: 4
[821.045s][debug][gc,phases      ] GC(35)     Dead                           Min: 0, Avg:  0.0, Max: 0, Diff: 0, Sum: 0, Workers: 4
[821.045s][debug][gc,phases      ] GC(35)     Total                          Min: 0, Avg:  0.0, Max: 0, Diff: 0, Sum: 0, Workers: 4
[821.045s][debug][gc,phases      ] GC(35) Weak Processing 0.389ms
[821.045s][debug][gc,age         ] GC(35) Desired survivor size 143130624 bytes, new threshold 1 (max threshold 15)
[821.045s][info ][gc,heap        ] GC(35) PSYoungGen: 1795392K(1949184K)->2832K(1940992K) Eden: 1793024K(1793024K)->0K(1793024K) From: 2368K(156160K)->2832K(147968K)
[821.045s][info ][gc,heap        ] GC(35) ParOldGen: 416548K(416768K)->417100K(417280K)
[821.045s][info ][gc,metaspace   ] GC(35) Metaspace: 108830K(110016K)->108830K(110016K) NonClass: 92804K(93504K)->92804K(93504K) Class: 16025K(16512K)->16025K(16512K)
[821.045s][info ][gc             ] GC(35) Pause Young (Allocation Failure) 2160M->410M(2303M) 2.985ms
[821.045s][info ][gc,cpu         ] GC(35) User=0.01s Sys=0.00s Real=0.00s
[821.045s][info ][safepoint      ] Safepoint "ParallelCollectForAllocation", Time since last: 52428455684 ns, Reaching safepoint: 28099 ns, At safepoint: 3042986 ns, Leaving safepoint: 1800 ns, Total: 3072885 ns, Threads: 0 runnable, 26 total
[869.345s][info ][gc,start       ] GC(36) Pause Young (Allocation Failure)
[869.348s][debug][gc,phases      ] GC(36) Scavenge 3.472ms
[869.349s][debug][gc,ref         ] GC(36) ReferenceProcessor::execute queues: 1, RefProcThreadModel::Single, marks_oops_alive: false
[869.349s][debug][gc,ref         ] GC(36) Skipped KeepAliveFinalRefsPhase of Reference Processing: no references
[869.349s][debug][gc,ref         ] GC(36) Skipped PhantomRefsPhase of Reference Processing: no references
[869.349s][debug][gc,phases      ] GC(36) Reference Processing 0.096ms
[869.349s][debug][gc,phases      ] GC(36)   VM Weak                        Min: 0.00, Avg: 0.00, Max: 0.01, Diff: 0.01, Sum: 0.01, Workers: 4
[869.349s][debug][gc,phases      ] GC(36)     Dead                           Min: 0, Avg:  0.0, Max: 0, Diff: 0, Sum: 0, Workers: 4
[869.349s][debug][gc,phases      ] GC(36)     Total                          Min: 0, Avg: 229.5, Max: 726, Diff: 726, Sum: 918, Workers: 4
[869.349s][debug][gc,phases      ] GC(36)   ObjectSynchronizer Weak        Min: 0.00, Avg: 0.00, Max: 0.00, Diff: 0.00, Sum: 0.00, Workers: 4
[869.349s][debug][gc,phases      ] GC(36)     Dead                           Min: 0, Avg:  0.0, Max: 0, Diff: 0, Sum: 0, Workers: 4
[869.349s][debug][gc,phases      ] GC(36)     Total                          Min: 0, Avg:  1.2, Max: 5, Diff: 5, Sum: 5, Workers: 4
[869.349s][debug][gc,phases      ] GC(36)   JVMTI Tag Weak OopStorage      Min: 0.00, Avg: 0.00, Max: 0.00, Diff: 0.00, Sum: 0.00, Workers: 4
[869.349s][debug][gc,phases      ] GC(36)     Dead                           Min: 0, Avg:  0.0, Max: 0, Diff: 0, Sum: 0, Workers: 4
[869.349s][debug][gc,phases      ] GC(36)     Total                          Min: 0, Avg:  0.0, Max: 0, Diff: 0, Sum: 0, Workers: 4
[869.349s][debug][gc,phases      ] GC(36)   StringTable Weak               Min: 0.00, Avg: 0.12, Max: 0.16, Diff: 0.16, Sum: 0.47, Workers: 4
[869.349s][debug][gc,phases      ] GC(36)     Dead                           Min: 0, Avg:  0.0, Max: 0, Diff: 0, Sum: 0, Workers: 4
[869.349s][debug][gc,phases      ] GC(36)     Total                          Min: 0, Avg: 12483.2, Max: 16781, Diff: 16781, Sum: 49933, Workers: 4
[869.349s][debug][gc,phases      ] GC(36)   ResolvedMethodTable Weak       Min: 0.00, Avg: 0.04, Max: 0.05, Diff: 0.05, Sum: 0.15, Workers: 4
[869.349s][debug][gc,phases      ] GC(36)     Dead                           Min: 0, Avg:  5.0, Max: 12, Diff: 12, Sum: 20, Workers: 4
[869.349s][debug][gc,phases      ] GC(36)     Total                          Min: 0, Avg: 4151.0, Max: 5630, Diff: 5630, Sum: 16604, Workers: 4
[869.349s][debug][gc,phases      ] GC(36)   JNI Weak                       Min: 0.00, Avg: 0.00, Max: 0.00, Diff: 0.00, Sum: 0.00, Workers: 4
[869.349s][debug][gc,phases      ] GC(36)     Dead                           Min: 0, Avg:  0.0, Max: 0, Diff: 0, Sum: 0, Workers: 4
[869.349s][debug][gc,phases      ] GC(36)     Total                          Min: 0, Avg: 13.0, Max: 48, Diff: 48, Sum: 52, Workers: 4
[869.349s][debug][gc,phases      ] GC(36)   StringDedup Table Weak         Min: 0.00, Avg: 0.00, Max: 0.00, Diff: 0.00, Sum: 0.00, Workers: 4
[869.349s][debug][gc,phases      ] GC(36)     Dead                           Min: 0, Avg:  0.0, Max: 0, Diff: 0, Sum: 0, Workers: 4
[869.349s][debug][gc,phases      ] GC(36)     Total                          Min: 0, Avg:  0.0, Max: 0, Diff: 0, Sum: 0, Workers: 4
[869.349s][debug][gc,phases      ] GC(36)   StringDedup Requests0 Weak     Min: 0.00, Avg: 0.00, Max: 0.00, Diff: 0.00, Sum: 0.00, Workers: 4
[869.349s][debug][gc,phases      ] GC(36)     Dead                           Min: 0, Avg:  0.0, Max: 0, Diff: 0, Sum: 0, Workers: 4
[869.349s][debug][gc,phases      ] GC(36)     Total                          Min: 0, Avg:  0.0, Max: 0, Diff: 0, Sum: 0, Workers: 4
[869.349s][debug][gc,phases      ] GC(36)   StringDedup Requests1 Weak     Min: 0.00, Avg: 0.00, Max: 0.00, Diff: 0.00, Sum: 0.00, Workers: 4
[869.349s][debug][gc,phases      ] GC(36)     Dead                           Min: 0, Avg:  0.0, Max: 0, Diff: 0, Sum: 0, Workers: 4
[869.349s][debug][gc,phases      ] GC(36)     Total                          Min: 0, Avg:  0.0, Max: 0, Diff: 0, Sum: 0, Workers: 4
[869.349s][debug][gc,phases      ] GC(36)   Weak JFR Old Object Samples    Min: 0.00, Avg: 0.00, Max: 0.00, Diff: 0.00, Sum: 0.00, Workers: 4
[869.349s][debug][gc,phases      ] GC(36)     Dead                           Min: 0, Avg:  0.0, Max: 0, Diff: 0, Sum: 0, Workers: 4
[869.349s][debug][gc,phases      ] GC(36)     Total                          Min: 0, Avg:  0.0, Max: 0, Diff: 0, Sum: 0, Workers: 4
[869.349s][debug][gc,phases      ] GC(36) Weak Processing 0.407ms
[869.349s][debug][gc,age         ] GC(36) Desired survivor size 135266304 bytes, new threshold 1 (max threshold 15)
[869.349s][info ][gc,heap        ] GC(36) PSYoungGen: 1795856K(1940992K)->2576K(1965056K) Eden: 1793024K(1793024K)->0K(1825280K) From: 2832K(147968K)->2576K(139776K)
[869.349s][info ][gc,heap        ] GC(36) ParOldGen: 417100K(417280K)->418032K(418304K)
[869.349s][info ][gc,metaspace   ] GC(36) Metaspace: 108850K(110016K)->108850K(110016K) NonClass: 92824K(93504K)->92824K(93504K) Class: 16026K(16512K)->16026K(16512K)
[869.349s][info ][gc             ] GC(36) Pause Young (Allocation Failure) 2161M->410M(2327M) 4.091ms
[869.349s][info ][gc,cpu         ] GC(36) User=0.01s Sys=0.00s Real=0.01s
[869.349s][info ][safepoint      ] Safepoint "ParallelCollectForAllocation", Time since last: 48299987302 ns, Reaching safepoint: 4700 ns, At safepoint: 4151780 ns, Leaving safepoint: 1500 ns, Total: 4157980 ns, Threads: 0 runnable, 26 total
[921.592s][info ][gc,start       ] GC(37) Pause Young (Allocation Failure)
[921.594s][debug][gc,phases      ] GC(37) Scavenge 2.080ms
[921.594s][debug][gc,ref         ] GC(37) ReferenceProcessor::execute queues: 1, RefProcThreadModel::Single, marks_oops_alive: false
[921.594s][debug][gc,ref         ] GC(37) Skipped KeepAliveFinalRefsPhase of Reference Processing: no references
[921.594s][debug][gc,ref         ] GC(37) Skipped PhantomRefsPhase of Reference Processing: no references
[921.594s][debug][gc,phases      ] GC(37) Reference Processing 0.093ms
[921.594s][debug][gc,phases      ] GC(37)   VM Weak                        Min: 0.00, Avg: 0.00, Max: 0.01, Diff: 0.01, Sum: 0.01, Workers: 4
[921.594s][debug][gc,phases      ] GC(37)     Dead                           Min: 0, Avg:  0.0, Max: 0, Diff: 0, Sum: 0, Workers: 4
[921.594s][debug][gc,phases      ] GC(37)     Total                          Min: 0, Avg: 229.5, Max: 854, Diff: 854, Sum: 918, Workers: 4
[921.594s][debug][gc,phases      ] GC(37)   ObjectSynchronizer Weak        Min: 0.00, Avg: 0.00, Max: 0.00, Diff: 0.00, Sum: 0.00, Workers: 4
[921.594s][debug][gc,phases      ] GC(37)     Dead                           Min: 0, Avg:  0.0, Max: 0, Diff: 0, Sum: 0, Workers: 4
[921.594s][debug][gc,phases      ] GC(37)     Total                          Min: 0, Avg:  1.2, Max: 5, Diff: 5, Sum: 5, Workers: 4
[921.594s][debug][gc,phases      ] GC(37)   JVMTI Tag Weak OopStorage      Min: 0.00, Avg: 0.00, Max: 0.00, Diff: 0.00, Sum: 0.00, Workers: 4
[921.594s][debug][gc,phases      ] GC(37)     Dead                           Min: 0, Avg:  0.0, Max: 0, Diff: 0, Sum: 0, Workers: 4
[921.594s][debug][gc,phases      ] GC(37)     Total                          Min: 0, Avg:  0.0, Max: 0, Diff: 0, Sum: 0, Workers: 4
[921.594s][debug][gc,phases      ] GC(37)   StringTable Weak               Min: 0.00, Avg: 0.12, Max: 0.16, Diff: 0.16, Sum: 0.48, Workers: 4
[921.594s][debug][gc,phases      ] GC(37)     Dead                           Min: 0, Avg:  0.0, Max: 0, Diff: 0, Sum: 0, Workers: 4
[921.594s][debug][gc,phases      ] GC(37)     Total                          Min: 0, Avg: 12483.2, Max: 16704, Diff: 16704, Sum: 49933, Workers: 4
[921.594s][debug][gc,phases      ] GC(37)   ResolvedMethodTable Weak       Min: 0.00, Avg: 0.04, Max: 0.05, Diff: 0.05, Sum: 0.15, Workers: 4
[921.594s][debug][gc,phases      ] GC(37)     Dead                           Min: 0, Avg:  5.0, Max: 17, Diff: 17, Sum: 20, Workers: 4
[921.594s][debug][gc,phases      ] GC(37)     Total                          Min: 0, Avg: 4151.0, Max: 5614, Diff: 5614, Sum: 16604, Workers: 4
[921.594s][debug][gc,phases      ] GC(37)   JNI Weak                       Min: 0.00, Avg: 0.00, Max: 0.00, Diff: 0.00, Sum: 0.00, Workers: 4
[921.594s][debug][gc,phases      ] GC(37)     Dead                           Min: 0, Avg:  0.0, Max: 0, Diff: 0, Sum: 0, Workers: 4
[921.594s][debug][gc,phases      ] GC(37)     Total                          Min: 0, Avg: 13.0, Max: 48, Diff: 48, Sum: 52, Workers: 4
[921.594s][debug][gc,phases      ] GC(37)   StringDedup Table Weak         Min: 0.00, Avg: 0.00, Max: 0.00, Diff: 0.00, Sum: 0.00, Workers: 4
[921.594s][debug][gc,phases      ] GC(37)     Dead                           Min: 0, Avg:  0.0, Max: 0, Diff: 0, Sum: 0, Workers: 4
[921.595s][debug][gc,phases      ] GC(37)     Total                          Min: 0, Avg:  0.0, Max: 0, Diff: 0, Sum: 0, Workers: 4
[921.595s][debug][gc,phases      ] GC(37)   StringDedup Requests0 Weak     Min: 0.00, Avg: 0.00, Max: 0.00, Diff: 0.00, Sum: 0.00, Workers: 4
[921.595s][debug][gc,phases      ] GC(37)     Dead                           Min: 0, Avg:  0.0, Max: 0, Diff: 0, Sum: 0, Workers: 4
[921.595s][debug][gc,phases      ] GC(37)     Total                          Min: 0, Avg:  0.0, Max: 0, Diff: 0, Sum: 0, Workers: 4
[921.595s][debug][gc,phases      ] GC(37)   StringDedup Requests1 Weak     Min: 0.00, Avg: 0.00, Max: 0.00, Diff: 0.00, Sum: 0.00, Workers: 4
[921.595s][debug][gc,phases      ] GC(37)     Dead                           Min: 0, Avg:  0.0, Max: 0, Diff: 0, Sum: 0, Workers: 4
[921.595s][debug][gc,phases      ] GC(37)     Total                          Min: 0, Avg:  0.0, Max: 0, Diff: 0, Sum: 0, Workers: 4
[921.595s][debug][gc,phases      ] GC(37)   Weak JFR Old Object Samples    Min: 0.00, Avg: 0.00, Max: 0.00, Diff: 0.00, Sum: 0.00, Workers: 4
[921.595s][debug][gc,phases      ] GC(37)     Dead                           Min: 0, Avg:  0.0, Max: 0, Diff: 0, Sum: 0, Workers: 4
[921.595s][debug][gc,phases      ] GC(37)     Total                          Min: 0, Avg:  0.0, Max: 0, Diff: 0, Sum: 0, Workers: 4
[921.595s][debug][gc,phases      ] GC(37) Weak Processing 0.417ms
[921.595s][debug][gc,age         ] GC(37) Desired survivor size 127401984 bytes, new threshold 1 (max threshold 15)
[921.595s][info ][gc,heap        ] GC(37) PSYoungGen: 1827856K(1965056K)->2400K(1957376K) Eden: 1825280K(1825280K)->0K(1825280K) From: 2576K(139776K)->2400K(132096K)
[921.595s][info ][gc,heap        ] GC(37) ParOldGen: 418032K(418304K)->418744K(418816K)
[921.595s][info ][gc,metaspace   ] GC(37) Metaspace: 108870K(110016K)->108870K(110016K) NonClass: 92844K(93504K)->92844K(93504K) Class: 16026K(16512K)->16026K(16512K)
[921.595s][info ][gc             ] GC(37) Pause Young (Allocation Failure) 2193M->411M(2320M) 2.693ms
[921.595s][info ][gc,cpu         ] GC(37) User=0.00s Sys=0.00s Real=0.00s
[921.595s][info ][safepoint      ] Safepoint "ParallelCollectForAllocation", Time since last: 52242706295 ns, Reaching safepoint: 80200 ns, At safepoint: 2754587 ns, Leaving safepoint: 7999 ns, Total: 2842786 ns, Threads: 1 runnable, 30 total
[972.293s][info ][gc,start       ] GC(38) Pause Young (Allocation Failure)
[972.295s][debug][gc,phases      ] GC(38) Scavenge 2.117ms
[972.295s][debug][gc,ref         ] GC(38) ReferenceProcessor::execute queues: 1, RefProcThreadModel::Single, marks_oops_alive: false
[972.295s][debug][gc,ref         ] GC(38) Skipped KeepAliveFinalRefsPhase of Reference Processing: no references
[972.295s][debug][gc,ref         ] GC(38) Skipped PhantomRefsPhase of Reference Processing: no references
[972.295s][debug][gc,phases      ] GC(38) Reference Processing 0.093ms
[972.296s][debug][gc,phases      ] GC(38)   VM Weak                        Min: 0.00, Avg: 0.00, Max: 0.01, Diff: 0.01, Sum: 0.01, Workers: 4
[972.296s][debug][gc,phases      ] GC(38)     Dead                           Min: 0, Avg:  0.0, Max: 0, Diff: 0, Sum: 0, Workers: 4
[972.296s][debug][gc,phases      ] GC(38)     Total                          Min: 0, Avg: 229.5, Max: 640, Diff: 640, Sum: 918, Workers: 4
[972.296s][debug][gc,phases      ] GC(38)   ObjectSynchronizer Weak        Min: 0.00, Avg: 0.00, Max: 0.00, Diff: 0.00, Sum: 0.00, Workers: 4
[972.296s][debug][gc,phases      ] GC(38)     Dead                           Min: 0, Avg:  0.0, Max: 0, Diff: 0, Sum: 0, Workers: 4
[972.296s][debug][gc,phases      ] GC(38)     Total                          Min: 0, Avg:  1.2, Max: 5, Diff: 5, Sum: 5, Workers: 4
[972.296s][debug][gc,phases      ] GC(38)   JVMTI Tag Weak OopStorage      Min: 0.00, Avg: 0.00, Max: 0.00, Diff: 0.00, Sum: 0.00, Workers: 4
[972.296s][debug][gc,phases      ] GC(38)     Dead                           Min: 0, Avg:  0.0, Max: 0, Diff: 0, Sum: 0, Workers: 4
[972.296s][debug][gc,phases      ] GC(38)     Total                          Min: 0, Avg:  0.0, Max: 0, Diff: 0, Sum: 0, Workers: 4
[972.296s][debug][gc,phases      ] GC(38)   StringTable Weak               Min: 0.00, Avg: 0.11, Max: 0.15, Diff: 0.15, Sum: 0.45, Workers: 4
[972.296s][debug][gc,phases      ] GC(38)     Dead                           Min: 0, Avg:  0.0, Max: 0, Diff: 0, Sum: 0, Workers: 4
[972.296s][debug][gc,phases      ] GC(38)     Total                          Min: 0, Avg: 12484.2, Max: 16832, Diff: 16832, Sum: 49937, Workers: 4
[972.296s][debug][gc,phases      ] GC(38)   ResolvedMethodTable Weak       Min: 0.00, Avg: 0.04, Max: 0.05, Diff: 0.05, Sum: 0.15, Workers: 4
[972.296s][debug][gc,phases      ] GC(38)     Dead                           Min: 0, Avg:  5.0, Max: 8, Diff: 8, Sum: 20, Workers: 4
[972.296s][debug][gc,phases      ] GC(38)     Total                          Min: 0, Avg: 4151.0, Max: 5679, Diff: 5679, Sum: 16604, Workers: 4
[972.296s][debug][gc,phases      ] GC(38)   JNI Weak                       Min: 0.00, Avg: 0.00, Max: 0.00, Diff: 0.00, Sum: 0.00, Workers: 4
[972.296s][debug][gc,phases      ] GC(38)     Dead                           Min: 0, Avg:  0.0, Max: 0, Diff: 0, Sum: 0, Workers: 4
[972.296s][debug][gc,phases      ] GC(38)     Total                          Min: 0, Avg: 13.0, Max: 48, Diff: 48, Sum: 52, Workers: 4
[972.296s][debug][gc,phases      ] GC(38)   StringDedup Table Weak         Min: 0.00, Avg: 0.00, Max: 0.00, Diff: 0.00, Sum: 0.00, Workers: 4
[972.296s][debug][gc,phases      ] GC(38)     Dead                           Min: 0, Avg:  0.0, Max: 0, Diff: 0, Sum: 0, Workers: 4
[972.296s][debug][gc,phases      ] GC(38)     Total                          Min: 0, Avg:  0.0, Max: 0, Diff: 0, Sum: 0, Workers: 4
[972.296s][debug][gc,phases      ] GC(38)   StringDedup Requests0 Weak     Min: 0.00, Avg: 0.00, Max: 0.00, Diff: 0.00, Sum: 0.00, Workers: 4
[972.296s][debug][gc,phases      ] GC(38)     Dead                           Min: 0, Avg:  0.0, Max: 0, Diff: 0, Sum: 0, Workers: 4
[972.296s][debug][gc,phases      ] GC(38)     Total                          Min: 0, Avg:  0.0, Max: 0, Diff: 0, Sum: 0, Workers: 4
[972.296s][debug][gc,phases      ] GC(38)   StringDedup Requests1 Weak     Min: 0.00, Avg: 0.00, Max: 0.00, Diff: 0.00, Sum: 0.00, Workers: 4
[972.296s][debug][gc,phases      ] GC(38)     Dead                           Min: 0, Avg:  0.0, Max: 0, Diff: 0, Sum: 0, Workers: 4
[972.296s][debug][gc,phases      ] GC(38)     Total                          Min: 0, Avg:  0.0, Max: 0, Diff: 0, Sum: 0, Workers: 4
[972.296s][debug][gc,phases      ] GC(38)   Weak JFR Old Object Samples    Min: 0.00, Avg: 0.00, Max: 0.00, Diff: 0.00, Sum: 0.00, Workers: 4
[972.296s][debug][gc,phases      ] GC(38)     Dead                           Min: 0, Avg:  0.0, Max: 0, Diff: 0, Sum: 0, Workers: 4
[972.296s][debug][gc,phases      ] GC(38)     Total                          Min: 0, Avg:  0.0, Max: 0, Diff: 0, Sum: 0, Workers: 4
[972.296s][debug][gc,phases      ] GC(38) Weak Processing 0.388ms
[972.296s][debug][gc,age         ] GC(38) Desired survivor size 119537664 bytes, new threshold 1 (max threshold 15)
[972.296s][info ][gc,heap        ] GC(38) PSYoungGen: 1827680K(1957376K)->3072K(1980416K) Eden: 1825280K(1825280K)->0K(1856000K) From: 2400K(132096K)->3072K(124416K)
[972.296s][info ][gc,heap        ] GC(38) ParOldGen: 418744K(418816K)->419248K(419328K)
[972.296s][info ][gc,metaspace   ] GC(38) Metaspace: 108880K(110080K)->108880K(110080K) NonClass: 92854K(93568K)->92854K(93568K) Class: 16026K(16512K)->16026K(16512K)
[972.296s][info ][gc             ] GC(38) Pause Young (Allocation Failure) 2193M->412M(2343M) 2.691ms
[972.296s][info ][gc,cpu         ] GC(38) User=0.01s Sys=0.00s Real=0.00s
[972.296s][info ][safepoint      ] Safepoint "ParallelCollectForAllocation", Time since last: 50698545458 ns, Reaching safepoint: 28200 ns, At safepoint: 2759187 ns, Leaving safepoint: 1400 ns, Total: 2788787 ns, Threads: 0 runnable, 30 total
[1020.592s][info ][gc,start       ] GC(39) Pause Young (Allocation Failure)
[1020.595s][debug][gc,phases      ] GC(39) Scavenge 3.145ms
[1020.596s][debug][gc,ref         ] GC(39) ReferenceProcessor::execute queues: 1, RefProcThreadModel::Single, marks_oops_alive: false
[1020.596s][debug][gc,ref         ] GC(39) Skipped KeepAliveFinalRefsPhase of Reference Processing: no references
[1020.596s][debug][gc,ref         ] GC(39) Skipped PhantomRefsPhase of Reference Processing: no references
[1020.596s][debug][gc,phases      ] GC(39) Reference Processing 0.112ms
[1020.596s][debug][gc,phases      ] GC(39)   VM Weak                        Min: 0.00, Avg: 0.00, Max: 0.01, Diff: 0.01, Sum: 0.01, Workers: 4
[1020.596s][debug][gc,phases      ] GC(39)     Dead                           Min: 0, Avg:  0.0, Max: 0, Diff: 0, Sum: 0, Workers: 4
[1020.596s][debug][gc,phases      ] GC(39)     Total                          Min: 0, Avg: 229.5, Max: 704, Diff: 704, Sum: 918, Workers: 4
[1020.596s][debug][gc,phases      ] GC(39)   ObjectSynchronizer Weak        Min: 0.00, Avg: 0.00, Max: 0.00, Diff: 0.00, Sum: 0.00, Workers: 4
[1020.596s][debug][gc,phases      ] GC(39)     Dead                           Min: 0, Avg:  0.0, Max: 0, Diff: 0, Sum: 0, Workers: 4
[1020.596s][debug][gc,phases      ] GC(39)     Total                          Min: 0, Avg:  1.2, Max: 5, Diff: 5, Sum: 5, Workers: 4
[1020.596s][debug][gc,phases      ] GC(39)   JVMTI Tag Weak OopStorage      Min: 0.00, Avg: 0.00, Max: 0.00, Diff: 0.00, Sum: 0.00, Workers: 4
[1020.596s][debug][gc,phases      ] GC(39)     Dead                           Min: 0, Avg:  0.0, Max: 0, Diff: 0, Sum: 0, Workers: 4
[1020.596s][debug][gc,phases      ] GC(39)     Total                          Min: 0, Avg:  0.0, Max: 0, Diff: 0, Sum: 0, Workers: 4
[1020.596s][debug][gc,phases      ] GC(39)   StringTable Weak               Min: 0.00, Avg: 0.12, Max: 0.23, Diff: 0.23, Sum: 0.46, Workers: 4
[1020.596s][debug][gc,phases      ] GC(39)     Dead                           Min: 0, Avg:  0.0, Max: 0, Diff: 0, Sum: 0, Workers: 4
[1020.596s][debug][gc,phases      ] GC(39)     Total                          Min: 0, Avg: 12484.8, Max: 25152, Diff: 25152, Sum: 49939, Workers: 4
[1020.596s][debug][gc,phases      ] GC(39)   ResolvedMethodTable Weak       Min: 0.00, Avg: 0.04, Max: 0.07, Diff: 0.07, Sum: 0.15, Workers: 4
[1020.596s][debug][gc,phases      ] GC(39)     Dead                           Min: 0, Avg:  5.0, Max: 10, Diff: 10, Sum: 20, Workers: 4
[1020.596s][debug][gc,phases      ] GC(39)     Total                          Min: 0, Avg: 4151.0, Max: 8748, Diff: 8748, Sum: 16604, Workers: 4
[1020.596s][debug][gc,phases      ] GC(39)   JNI Weak                       Min: 0.00, Avg: 0.00, Max: 0.00, Diff: 0.00, Sum: 0.00, Workers: 4
[1020.596s][debug][gc,phases      ] GC(39)     Dead                           Min: 0, Avg:  0.0, Max: 0, Diff: 0, Sum: 0, Workers: 4
[1020.596s][debug][gc,phases      ] GC(39)     Total                          Min: 0, Avg: 13.0, Max: 48, Diff: 48, Sum: 52, Workers: 4
[1020.596s][debug][gc,phases      ] GC(39)   StringDedup Table Weak         Min: 0.00, Avg: 0.00, Max: 0.00, Diff: 0.00, Sum: 0.00, Workers: 4
[1020.596s][debug][gc,phases      ] GC(39)     Dead                           Min: 0, Avg:  0.0, Max: 0, Diff: 0, Sum: 0, Workers: 4
[1020.596s][debug][gc,phases      ] GC(39)     Total                          Min: 0, Avg:  0.0, Max: 0, Diff: 0, Sum: 0, Workers: 4
[1020.596s][debug][gc,phases      ] GC(39)   StringDedup Requests0 Weak     Min: 0.00, Avg: 0.00, Max: 0.00, Diff: 0.00, Sum: 0.00, Workers: 4
[1020.596s][debug][gc,phases      ] GC(39)     Dead                           Min: 0, Avg:  0.0, Max: 0, Diff: 0, Sum: 0, Workers: 4
[1020.596s][debug][gc,phases      ] GC(39)     Total                          Min: 0, Avg:  0.0, Max: 0, Diff: 0, Sum: 0, Workers: 4
[1020.596s][debug][gc,phases      ] GC(39)   StringDedup Requests1 Weak     Min: 0.00, Avg: 0.00, Max: 0.00, Diff: 0.00, Sum: 0.00, Workers: 4
[1020.596s][debug][gc,phases      ] GC(39)     Dead                           Min: 0, Avg:  0.0, Max: 0, Diff: 0, Sum: 0, Workers: 4
[1020.596s][debug][gc,phases      ] GC(39)     Total                          Min: 0, Avg:  0.0, Max: 0, Diff: 0, Sum: 0, Workers: 4
[1020.596s][debug][gc,phases      ] GC(39)   Weak JFR Old Object Samples    Min: 0.00, Avg: 0.00, Max: 0.00, Diff: 0.00, Sum: 0.00, Workers: 4
[1020.596s][debug][gc,phases      ] GC(39)     Dead                           Min: 0, Avg:  0.0, Max: 0, Diff: 0, Sum: 0, Workers: 4
[1020.596s][debug][gc,phases      ] GC(39)     Total                          Min: 0, Avg:  0.0, Max: 0, Diff: 0, Sum: 0, Workers: 4
[1020.596s][debug][gc,phases      ] GC(39) Weak Processing 0.550ms
[1020.596s][debug][gc,age         ] GC(39) Desired survivor size 111673344 bytes, new threshold 1 (max threshold 15)
[1020.596s][info ][gc,heap        ] GC(39) PSYoungGen: 1859072K(1980416K)->3904K(1972736K) Eden: 1856000K(1856000K)->0K(1856000K) From: 3072K(124416K)->3904K(116736K)
[1020.596s][info ][gc,heap        ] GC(39) ParOldGen: 419248K(419328K)->420129K(420352K)
[1020.596s][info ][gc,metaspace   ] GC(39) Metaspace: 108916K(110144K)->108916K(110144K) NonClass: 92890K(93632K)->92890K(93632K) Class: 16026K(16512K)->16026K(16512K)
[1020.596s][info ][gc             ] GC(39) Pause Young (Allocation Failure) 2224M->414M(2337M) 3.939ms
[1020.596s][info ][gc,cpu         ] GC(39) User=0.01s Sys=0.00s Real=0.00s
[1020.596s][info ][safepoint      ] Safepoint "ParallelCollectForAllocation", Time since last: 48296164670 ns, Reaching safepoint: 77800 ns, At safepoint: 4004481 ns, Leaving safepoint: 8100 ns, Total: 4090381 ns, Threads: 1 runnable, 28 total
[1068.600s][info ][gc,start       ] GC(40) Pause Young (Allocation Failure)
[1068.603s][debug][gc,phases      ] GC(40) Scavenge 3.296ms
[1068.603s][debug][gc,ref         ] GC(40) ReferenceProcessor::execute queues: 1, RefProcThreadModel::Single, marks_oops_alive: false
[1068.603s][debug][gc,ref         ] GC(40) Skipped KeepAliveFinalRefsPhase of Reference Processing: no references
[1068.603s][debug][gc,ref         ] GC(40) Skipped PhantomRefsPhase of Reference Processing: no references
[1068.604s][debug][gc,phases      ] GC(40) Reference Processing 0.092ms
[1068.604s][debug][gc,phases      ] GC(40)   VM Weak                        Min: 0.00, Avg: 0.00, Max: 0.00, Diff: 0.00, Sum: 0.01, Workers: 4
[1068.604s][debug][gc,phases      ] GC(40)     Dead                           Min: 0, Avg:  0.0, Max: 0, Diff: 0, Sum: 0, Workers: 4
[1068.604s][debug][gc,phases      ] GC(40)     Total                          Min: 0, Avg: 229.5, Max: 342, Diff: 342, Sum: 918, Workers: 4
[1068.604s][debug][gc,phases      ] GC(40)   ObjectSynchronizer Weak        Min: 0.00, Avg: 0.00, Max: 0.00, Diff: 0.00, Sum: 0.00, Workers: 4
[1068.604s][debug][gc,phases      ] GC(40)     Dead                           Min: 0, Avg:  0.0, Max: 0, Diff: 0, Sum: 0, Workers: 4
[1068.604s][debug][gc,phases      ] GC(40)     Total                          Min: 0, Avg:  1.5, Max: 6, Diff: 6, Sum: 6, Workers: 4
[1068.604s][debug][gc,phases      ] GC(40)   JVMTI Tag Weak OopStorage      Min: 0.00, Avg: 0.00, Max: 0.00, Diff: 0.00, Sum: 0.00, Workers: 4
[1068.604s][debug][gc,phases      ] GC(40)     Dead                           Min: 0, Avg:  0.0, Max: 0, Diff: 0, Sum: 0, Workers: 4
[1068.604s][debug][gc,phases      ] GC(40)     Total                          Min: 0, Avg:  0.0, Max: 0, Diff: 0, Sum: 0, Workers: 4
[1068.604s][debug][gc,phases      ] GC(40)   StringTable Weak               Min: 0.12, Avg: 0.12, Max: 0.12, Diff: 0.00, Sum: 0.49, Workers: 4
[1068.604s][debug][gc,phases      ] GC(40)     Dead                           Min: 0, Avg:  0.0, Max: 0, Diff: 0, Sum: 0, Workers: 4
[1068.604s][debug][gc,phases      ] GC(40)     Total                          Min: 12115, Avg: 12484.8, Max: 12928, Diff: 813, Sum: 49939, Workers: 4
[1068.604s][debug][gc,phases      ] GC(40)   ResolvedMethodTable Weak       Min: 0.04, Avg: 0.04, Max: 0.04, Diff: 0.00, Sum: 0.15, Workers: 4
[1068.604s][debug][gc,phases      ] GC(40)     Dead                           Min: 0, Avg:  5.0, Max: 8, Diff: 8, Sum: 20, Workers: 4
[1068.604s][debug][gc,phases      ] GC(40)     Total                          Min: 3978, Avg: 4151.0, Max: 4318, Diff: 340, Sum: 16604, Workers: 4
[1068.604s][debug][gc,phases      ] GC(40)   JNI Weak                       Min: 0.00, Avg: 0.00, Max: 0.00, Diff: 0.00, Sum: 0.00, Workers: 4
[1068.604s][debug][gc,phases      ] GC(40)     Dead                           Min: 0, Avg:  0.0, Max: 0, Diff: 0, Sum: 0, Workers: 4
[1068.604s][debug][gc,phases      ] GC(40)     Total                          Min: 0, Avg: 13.0, Max: 48, Diff: 48, Sum: 52, Workers: 4
[1068.604s][debug][gc,phases      ] GC(40)   StringDedup Table Weak         Min: 0.00, Avg: 0.00, Max: 0.00, Diff: 0.00, Sum: 0.00, Workers: 4
[1068.604s][debug][gc,phases      ] GC(40)     Dead                           Min: 0, Avg:  0.0, Max: 0, Diff: 0, Sum: 0, Workers: 4
[1068.604s][debug][gc,phases      ] GC(40)     Total                          Min: 0, Avg:  0.0, Max: 0, Diff: 0, Sum: 0, Workers: 4
[1068.604s][debug][gc,phases      ] GC(40)   StringDedup Requests0 Weak     Min: 0.00, Avg: 0.00, Max: 0.00, Diff: 0.00, Sum: 0.00, Workers: 4
[1068.604s][debug][gc,phases      ] GC(40)     Dead                           Min: 0, Avg:  0.0, Max: 0, Diff: 0, Sum: 0, Workers: 4
[1068.604s][debug][gc,phases      ] GC(40)     Total                          Min: 0, Avg:  0.0, Max: 0, Diff: 0, Sum: 0, Workers: 4
[1068.604s][debug][gc,phases      ] GC(40)   StringDedup Requests1 Weak     Min: 0.00, Avg: 0.00, Max: 0.00, Diff: 0.00, Sum: 0.00, Workers: 4
[1068.604s][debug][gc,phases      ] GC(40)     Dead                           Min: 0, Avg:  0.0, Max: 0, Diff: 0, Sum: 0, Workers: 4
[1068.604s][debug][gc,phases      ] GC(40)     Total                          Min: 0, Avg:  0.0, Max: 0, Diff: 0, Sum: 0, Workers: 4
[1068.604s][debug][gc,phases      ] GC(40)   Weak JFR Old Object Samples    Min: 0.00, Avg: 0.00, Max: 0.00, Diff: 0.00, Sum: 0.00, Workers: 4
[1068.604s][debug][gc,phases      ] GC(40)     Dead                           Min: 0, Avg:  0.0, Max: 0, Diff: 0, Sum: 0, Workers: 4
[1068.604s][debug][gc,phases      ] GC(40)     Total                          Min: 0, Avg:  0.0, Max: 0, Diff: 0, Sum: 0, Workers: 4
[1068.604s][debug][gc,phases      ] GC(40) Weak Processing 0.352ms
[1068.604s][debug][gc,age         ] GC(40) Desired survivor size 104333312 bytes, new threshold 1 (max threshold 15)
[1068.604s][info ][gc,heap        ] GC(40) PSYoungGen: 1859885K(1972736K)->4176K(1995264K) Eden: 1855981K(1856000K)->0K(1886208K) From: 3904K(116736K)->4176K(109056K)
[1068.604s][info ][gc,heap        ] GC(40) ParOldGen: 420129K(420352K)->421241K(421376K)
[1068.604s][info ][gc,metaspace   ] GC(40) Metaspace: 108934K(110144K)->108934K(110144K) NonClass: 92908K(93632K)->92908K(93632K) Class: 16026K(16512K)->16026K(16512K)
[1068.604s][info ][gc             ] GC(40) Pause Young (Allocation Failure) 2226M->415M(2360M) 3.833ms
[1068.604s][info ][gc,cpu         ] GC(40) User=0.01s Sys=0.00s Real=0.00s
[1068.604s][info ][safepoint      ] Safepoint "ParallelCollectForAllocation", Time since last: 48003804339 ns, Reaching safepoint: 26700 ns, At safepoint: 3889781 ns, Leaving safepoint: 1600 ns, Total: 3918081 ns, Threads: 0 runnable, 28 total
[1117.343s][info ][gc,start       ] GC(41) Pause Young (Allocation Failure)
[1117.346s][debug][gc,phases      ] GC(41) Scavenge 3.231ms
[1117.346s][debug][gc,ref         ] GC(41) ReferenceProcessor::execute queues: 1, RefProcThreadModel::Single, marks_oops_alive: false
[1117.346s][debug][gc,ref         ] GC(41) Skipped KeepAliveFinalRefsPhase of Reference Processing: no references
[1117.346s][debug][gc,ref         ] GC(41) Skipped PhantomRefsPhase of Reference Processing: no references
[1117.346s][debug][gc,phases      ] GC(41) Reference Processing 0.096ms
[1117.346s][debug][gc,phases      ] GC(41)   VM Weak                        Min: 0.00, Avg: 0.00, Max: 0.01, Diff: 0.01, Sum: 0.01, Workers: 4
[1117.346s][debug][gc,phases      ] GC(41)     Dead                           Min: 0, Avg:  0.0, Max: 0, Diff: 0, Sum: 0, Workers: 4
[1117.346s][debug][gc,phases      ] GC(41)     Total                          Min: 0, Avg: 229.5, Max: 662, Diff: 662, Sum: 918, Workers: 4
[1117.346s][debug][gc,phases      ] GC(41)   ObjectSynchronizer Weak        Min: 0.00, Avg: 0.00, Max: 0.00, Diff: 0.00, Sum: 0.00, Workers: 4
[1117.346s][debug][gc,phases      ] GC(41)     Dead                           Min: 0, Avg:  0.0, Max: 0, Diff: 0, Sum: 0, Workers: 4
[1117.346s][debug][gc,phases      ] GC(41)     Total                          Min: 0, Avg:  1.5, Max: 6, Diff: 6, Sum: 6, Workers: 4
[1117.346s][debug][gc,phases      ] GC(41)   JVMTI Tag Weak OopStorage      Min: 0.00, Avg: 0.00, Max: 0.00, Diff: 0.00, Sum: 0.00, Workers: 4
[1117.346s][debug][gc,phases      ] GC(41)     Dead                           Min: 0, Avg:  0.0, Max: 0, Diff: 0, Sum: 0, Workers: 4
[1117.346s][debug][gc,phases      ] GC(41)     Total                          Min: 0, Avg:  0.0, Max: 0, Diff: 0, Sum: 0, Workers: 4
[1117.346s][debug][gc,phases      ] GC(41)   StringTable Weak               Min: 0.00, Avg: 0.13, Max: 0.17, Diff: 0.17, Sum: 0.52, Workers: 4
[1117.346s][debug][gc,phases      ] GC(41)     Dead                           Min: 0, Avg:  0.0, Max: 0, Diff: 0, Sum: 0, Workers: 4
[1117.347s][debug][gc,phases      ] GC(41)     Total                          Min: 0, Avg: 12485.0, Max: 17088, Diff: 17088, Sum: 49940, Workers: 4
[1117.347s][debug][gc,phases      ] GC(41)   ResolvedMethodTable Weak       Min: 0.00, Avg: 0.04, Max: 0.05, Diff: 0.05, Sum: 0.15, Workers: 4
[1117.347s][debug][gc,phases      ] GC(41)     Dead                           Min: 0, Avg:  5.0, Max: 11, Diff: 11, Sum: 20, Workers: 4
[1117.347s][debug][gc,phases      ] GC(41)     Total                          Min: 0, Avg: 4151.0, Max: 5812, Diff: 5812, Sum: 16604, Workers: 4
[1117.347s][debug][gc,phases      ] GC(41)   JNI Weak                       Min: 0.00, Avg: 0.00, Max: 0.00, Diff: 0.00, Sum: 0.00, Workers: 4
[1117.347s][debug][gc,phases      ] GC(41)     Dead                           Min: 0, Avg:  0.0, Max: 0, Diff: 0, Sum: 0, Workers: 4
[1117.347s][debug][gc,phases      ] GC(41)     Total                          Min: 0, Avg: 13.0, Max: 48, Diff: 48, Sum: 52, Workers: 4
[1117.347s][debug][gc,phases      ] GC(41)   StringDedup Table Weak         Min: 0.00, Avg: 0.00, Max: 0.00, Diff: 0.00, Sum: 0.00, Workers: 4
[1117.347s][debug][gc,phases      ] GC(41)     Dead                           Min: 0, Avg:  0.0, Max: 0, Diff: 0, Sum: 0, Workers: 4
[1117.347s][debug][gc,phases      ] GC(41)     Total                          Min: 0, Avg:  0.0, Max: 0, Diff: 0, Sum: 0, Workers: 4
[1117.347s][debug][gc,phases      ] GC(41)   StringDedup Requests0 Weak     Min: 0.00, Avg: 0.00, Max: 0.00, Diff: 0.00, Sum: 0.00, Workers: 4
[1117.347s][debug][gc,phases      ] GC(41)     Dead                           Min: 0, Avg:  0.0, Max: 0, Diff: 0, Sum: 0, Workers: 4
[1117.347s][debug][gc,phases      ] GC(41)     Total                          Min: 0, Avg:  0.0, Max: 0, Diff: 0, Sum: 0, Workers: 4
[1117.347s][debug][gc,phases      ] GC(41)   StringDedup Requests1 Weak     Min: 0.00, Avg: 0.00, Max: 0.00, Diff: 0.00, Sum: 0.00, Workers: 4
[1117.347s][debug][gc,phases      ] GC(41)     Dead                           Min: 0, Avg:  0.0, Max: 0, Diff: 0, Sum: 0, Workers: 4
[1117.347s][debug][gc,phases      ] GC(41)     Total                          Min: 0, Avg:  0.0, Max: 0, Diff: 0, Sum: 0, Workers: 4
[1117.347s][debug][gc,phases      ] GC(41)   Weak JFR Old Object Samples    Min: 0.00, Avg: 0.00, Max: 0.00, Diff: 0.00, Sum: 0.00, Workers: 4
[1117.347s][debug][gc,phases      ] GC(41)     Dead                           Min: 0, Avg:  0.0, Max: 0, Diff: 0, Sum: 0, Workers: 4
[1117.347s][debug][gc,phases      ] GC(41)     Total                          Min: 0, Avg:  0.0, Max: 0, Diff: 0, Sum: 0, Workers: 4
[1117.347s][debug][gc,phases      ] GC(41) Weak Processing 0.481ms
[1117.347s][debug][gc,age         ] GC(41) Desired survivor size 97517568 bytes, new threshold 1 (max threshold 15)
[1117.347s][info ][gc,heap        ] GC(41) PSYoungGen: 1890384K(1995264K)->3264K(1988096K) Eden: 1886208K(1886208K)->0K(1886208K) From: 4176K(109056K)->3264K(101888K)
[1117.347s][info ][gc,heap        ] GC(41) ParOldGen: 421241K(421376K)->422278K(422400K)
[1117.347s][info ][gc,metaspace   ] GC(41) Metaspace: 108946K(110208K)->108946K(110208K) NonClass: 92920K(93696K)->92920K(93696K) Class: 16026K(16512K)->16026K(16512K)
[1117.347s][info ][gc             ] GC(41) Pause Young (Allocation Failure) 2257M->415M(2354M) 3.926ms
[1117.347s][info ][gc,cpu         ] GC(41) User=0.01s Sys=0.00s Real=0.00s
[1117.347s][info ][safepoint      ] Safepoint "ParallelCollectForAllocation", Time since last: 48738749113 ns, Reaching safepoint: 29199 ns, At safepoint: 3992481 ns, Leaving safepoint: 2000 ns, Total: 4023680 ns, Threads: 0 runnable, 28 total
[1167.195s][info ][gc,start       ] GC(42) Pause Young (Allocation Failure)
[1167.199s][debug][gc,phases      ] GC(42) Scavenge 3.968ms
[1167.200s][debug][gc,ref         ] GC(42) ReferenceProcessor::execute queues: 1, RefProcThreadModel::Single, marks_oops_alive: false
[1167.200s][debug][gc,ref         ] GC(42) Skipped KeepAliveFinalRefsPhase of Reference Processing: no references
[1167.200s][debug][gc,ref         ] GC(42) Skipped PhantomRefsPhase of Reference Processing: no references
[1167.200s][debug][gc,phases      ] GC(42) Reference Processing 0.094ms
[1167.200s][debug][gc,phases      ] GC(42)   VM Weak                        Min: 0.00, Avg: 0.00, Max: 0.00, Diff: 0.00, Sum: 0.01, Workers: 4
[1167.200s][debug][gc,phases      ] GC(42)     Dead                           Min: 0, Avg:  0.0, Max: 0, Diff: 0, Sum: 0, Workers: 4
[1167.200s][debug][gc,phases      ] GC(42)     Total                          Min: 0, Avg: 229.5, Max: 384, Diff: 384, Sum: 918, Workers: 4
[1167.200s][debug][gc,phases      ] GC(42)   ObjectSynchronizer Weak        Min: 0.00, Avg: 0.00, Max: 0.00, Diff: 0.00, Sum: 0.00, Workers: 4
[1167.200s][debug][gc,phases      ] GC(42)     Dead                           Min: 0, Avg:  0.0, Max: 0, Diff: 0, Sum: 0, Workers: 4
[1167.200s][debug][gc,phases      ] GC(42)     Total                          Min: 0, Avg:  1.5, Max: 6, Diff: 6, Sum: 6, Workers: 4
[1167.200s][debug][gc,phases      ] GC(42)   JVMTI Tag Weak OopStorage      Min: 0.00, Avg: 0.00, Max: 0.00, Diff: 0.00, Sum: 0.00, Workers: 4
[1167.200s][debug][gc,phases      ] GC(42)     Dead                           Min: 0, Avg:  0.0, Max: 0, Diff: 0, Sum: 0, Workers: 4
[1167.200s][debug][gc,phases      ] GC(42)     Total                          Min: 0, Avg:  0.0, Max: 0, Diff: 0, Sum: 0, Workers: 4
[1167.200s][debug][gc,phases      ] GC(42)   StringTable Weak               Min: 0.00, Avg: 0.12, Max: 0.15, Diff: 0.15, Sum: 0.46, Workers: 4
[1167.200s][debug][gc,phases      ] GC(42)     Dead                           Min: 0, Avg:  0.0, Max: 0, Diff: 0, Sum: 0, Workers: 4
[1167.200s][debug][gc,phases      ] GC(42)     Total                          Min: 0, Avg: 12485.0, Max: 16960, Diff: 16960, Sum: 49940, Workers: 4
[1167.200s][debug][gc,phases      ] GC(42)   ResolvedMethodTable Weak       Min: 0.00, Avg: 0.04, Max: 0.05, Diff: 0.05, Sum: 0.15, Workers: 4
[1167.200s][debug][gc,phases      ] GC(42)     Dead                           Min: 0, Avg:  5.0, Max: 10, Diff: 10, Sum: 20, Workers: 4
[1167.200s][debug][gc,phases      ] GC(42)     Total                          Min: 0, Avg: 4151.0, Max: 5749, Diff: 5749, Sum: 16604, Workers: 4
[1167.200s][debug][gc,phases      ] GC(42)   JNI Weak                       Min: 0.00, Avg: 0.00, Max: 0.00, Diff: 0.00, Sum: 0.00, Workers: 4
[1167.200s][debug][gc,phases      ] GC(42)     Dead                           Min: 0, Avg:  0.0, Max: 0, Diff: 0, Sum: 0, Workers: 4
[1167.200s][debug][gc,phases      ] GC(42)     Total                          Min: 0, Avg: 13.0, Max: 48, Diff: 48, Sum: 52, Workers: 4
[1167.200s][debug][gc,phases      ] GC(42)   StringDedup Table Weak         Min: 0.00, Avg: 0.00, Max: 0.00, Diff: 0.00, Sum: 0.00, Workers: 4
[1167.200s][debug][gc,phases      ] GC(42)     Dead                           Min: 0, Avg:  0.0, Max: 0, Diff: 0, Sum: 0, Workers: 4
[1167.200s][debug][gc,phases      ] GC(42)     Total                          Min: 0, Avg:  0.0, Max: 0, Diff: 0, Sum: 0, Workers: 4
[1167.200s][debug][gc,phases      ] GC(42)   StringDedup Requests0 Weak     Min: 0.00, Avg: 0.00, Max: 0.00, Diff: 0.00, Sum: 0.00, Workers: 4
[1167.200s][debug][gc,phases      ] GC(42)     Dead                           Min: 0, Avg:  0.0, Max: 0, Diff: 0, Sum: 0, Workers: 4
[1167.200s][debug][gc,phases      ] GC(42)     Total                          Min: 0, Avg:  0.0, Max: 0, Diff: 0, Sum: 0, Workers: 4
[1167.200s][debug][gc,phases      ] GC(42)   StringDedup Requests1 Weak     Min: 0.00, Avg: 0.00, Max: 0.00, Diff: 0.00, Sum: 0.00, Workers: 4
[1167.200s][debug][gc,phases      ] GC(42)     Dead                           Min: 0, Avg:  0.0, Max: 0, Diff: 0, Sum: 0, Workers: 4
[1167.200s][debug][gc,phases      ] GC(42)     Total                          Min: 0, Avg:  0.0, Max: 0, Diff: 0, Sum: 0, Workers: 4
[1167.200s][debug][gc,phases      ] GC(42)   Weak JFR Old Object Samples    Min: 0.00, Avg: 0.00, Max: 0.00, Diff: 0.00, Sum: 0.00, Workers: 4
[1167.200s][debug][gc,phases      ] GC(42)     Dead                           Min: 0, Avg:  0.0, Max: 0, Diff: 0, Sum: 0, Workers: 4
[1167.200s][debug][gc,phases      ] GC(42)     Total                          Min: 0, Avg:  0.0, Max: 0, Diff: 0, Sum: 0, Workers: 4
[1167.200s][debug][gc,phases      ] GC(42) Weak Processing 0.419ms
[1167.200s][debug][gc,age         ] GC(42) Desired survivor size 91226112 bytes, new threshold 1 (max threshold 15)
[1167.200s][info ][gc,heap        ] GC(42) PSYoungGen: 1889472K(1988096K)->3520K(2008064K) Eden: 1886208K(1886208K)->0K(1912832K) From: 3264K(101888K)->3520K(95232K)
[1167.200s][info ][gc,heap        ] GC(42) ParOldGen: 422278K(422400K)->422866K(422912K)
[1167.200s][info ][gc,metaspace   ] GC(42) Metaspace: 108951K(110208K)->108951K(110208K) NonClass: 92925K(93696K)->92925K(93696K) Class: 16026K(16512K)->16026K(16512K)
[1167.200s][info ][gc             ] GC(42) Pause Young (Allocation Failure) 2257M->416M(2374M) 4.573ms
[1167.200s][info ][gc,cpu         ] GC(42) User=0.02s Sys=0.00s Real=0.01s
[1167.200s][info ][safepoint      ] Safepoint "ParallelCollectForAllocation", Time since last: 49848692508 ns, Reaching safepoint: 27400 ns, At safepoint: 4629178 ns, Leaving safepoint: 2000 ns, Total: 4658578 ns, Threads: 0 runnable, 27 total
[1215.697s][info ][gc,start       ] GC(43) Pause Young (Allocation Failure)
[1215.702s][debug][gc,phases      ] GC(43) Scavenge 4.698ms
[1215.702s][debug][gc,ref         ] GC(43) ReferenceProcessor::execute queues: 1, RefProcThreadModel::Single, marks_oops_alive: false
[1215.702s][debug][gc,ref         ] GC(43) Skipped KeepAliveFinalRefsPhase of Reference Processing: no references
[1215.702s][debug][gc,ref         ] GC(43) Skipped PhantomRefsPhase of Reference Processing: no references
[1215.702s][debug][gc,phases      ] GC(43) Reference Processing 0.091ms
[1215.703s][debug][gc,phases      ] GC(43)   VM Weak                        Min: 0.00, Avg: 0.00, Max: 0.01, Diff: 0.01, Sum: 0.01, Workers: 4
[1215.703s][debug][gc,phases      ] GC(43)     Dead                           Min: 0, Avg:  0.0, Max: 0, Diff: 0, Sum: 0, Workers: 4
[1215.703s][debug][gc,phases      ] GC(43)     Total                          Min: 0, Avg: 229.5, Max: 640, Diff: 640, Sum: 918, Workers: 4
[1215.703s][debug][gc,phases      ] GC(43)   ObjectSynchronizer Weak        Min: 0.00, Avg: 0.00, Max: 0.00, Diff: 0.00, Sum: 0.00, Workers: 4
[1215.703s][debug][gc,phases      ] GC(43)     Dead                           Min: 0, Avg:  0.0, Max: 0, Diff: 0, Sum: 0, Workers: 4
[1215.703s][debug][gc,phases      ] GC(43)     Total                          Min: 0, Avg:  1.5, Max: 6, Diff: 6, Sum: 6, Workers: 4
[1215.703s][debug][gc,phases      ] GC(43)   JVMTI Tag Weak OopStorage      Min: 0.00, Avg: 0.00, Max: 0.00, Diff: 0.00, Sum: 0.00, Workers: 4
[1215.703s][debug][gc,phases      ] GC(43)     Dead                           Min: 0, Avg:  0.0, Max: 0, Diff: 0, Sum: 0, Workers: 4
[1215.703s][debug][gc,phases      ] GC(43)     Total                          Min: 0, Avg:  0.0, Max: 0, Diff: 0, Sum: 0, Workers: 4
[1215.703s][debug][gc,phases      ] GC(43)   StringTable Weak               Min: 0.11, Avg: 0.11, Max: 0.11, Diff: 0.00, Sum: 0.45, Workers: 4
[1215.703s][debug][gc,phases      ] GC(43)     Dead                           Min: 0, Avg:  0.0, Max: 0, Diff: 0, Sum: 0, Workers: 4
[1215.703s][debug][gc,phases      ] GC(43)     Total                          Min: 12245, Avg: 12485.2, Max: 12608, Diff: 363, Sum: 49941, Workers: 4
[1215.703s][debug][gc,phases      ] GC(43)   ResolvedMethodTable Weak       Min: 0.04, Avg: 0.04, Max: 0.04, Diff: 0.00, Sum: 0.15, Workers: 4
[1215.703s][debug][gc,phases      ] GC(43)     Dead                           Min: 3, Avg:  5.0, Max: 9, Diff: 6, Sum: 20, Workers: 4
[1215.703s][debug][gc,phases      ] GC(43)     Total                          Min: 4103, Avg: 4151.0, Max: 4216, Diff: 113, Sum: 16604, Workers: 4
[1215.703s][debug][gc,phases      ] GC(43)   JNI Weak                       Min: 0.00, Avg: 0.00, Max: 0.00, Diff: 0.00, Sum: 0.00, Workers: 4
[1215.703s][debug][gc,phases      ] GC(43)     Dead                           Min: 0, Avg:  0.0, Max: 0, Diff: 0, Sum: 0, Workers: 4
[1215.703s][debug][gc,phases      ] GC(43)     Total                          Min: 0, Avg: 13.0, Max: 48, Diff: 48, Sum: 52, Workers: 4
[1215.703s][debug][gc,phases      ] GC(43)   StringDedup Table Weak         Min: 0.00, Avg: 0.00, Max: 0.00, Diff: 0.00, Sum: 0.00, Workers: 4
[1215.703s][debug][gc,phases      ] GC(43)     Dead                           Min: 0, Avg:  0.0, Max: 0, Diff: 0, Sum: 0, Workers: 4
[1215.703s][debug][gc,phases      ] GC(43)     Total                          Min: 0, Avg:  0.0, Max: 0, Diff: 0, Sum: 0, Workers: 4
[1215.703s][debug][gc,phases      ] GC(43)   StringDedup Requests0 Weak     Min: 0.00, Avg: 0.00, Max: 0.00, Diff: 0.00, Sum: 0.00, Workers: 4
[1215.703s][debug][gc,phases      ] GC(43)     Dead                           Min: 0, Avg:  0.0, Max: 0, Diff: 0, Sum: 0, Workers: 4
[1215.703s][debug][gc,phases      ] GC(43)     Total                          Min: 0, Avg:  0.0, Max: 0, Diff: 0, Sum: 0, Workers: 4
[1215.703s][debug][gc,phases      ] GC(43)   StringDedup Requests1 Weak     Min: 0.00, Avg: 0.00, Max: 0.00, Diff: 0.00, Sum: 0.00, Workers: 4
[1215.703s][debug][gc,phases      ] GC(43)     Dead                           Min: 0, Avg:  0.0, Max: 0, Diff: 0, Sum: 0, Workers: 4
[1215.703s][debug][gc,phases      ] GC(43)     Total                          Min: 0, Avg:  0.0, Max: 0, Diff: 0, Sum: 0, Workers: 4
[1215.703s][debug][gc,phases      ] GC(43)   Weak JFR Old Object Samples    Min: 0.00, Avg: 0.00, Max: 0.00, Diff: 0.00, Sum: 0.00, Workers: 4
[1215.703s][debug][gc,phases      ] GC(43)     Dead                           Min: 0, Avg:  0.0, Max: 0, Diff: 0, Sum: 0, Workers: 4
[1215.703s][debug][gc,phases      ] GC(43)     Total                          Min: 0, Avg:  0.0, Max: 0, Diff: 0, Sum: 0, Workers: 4
[1215.703s][debug][gc,phases      ] GC(43) Weak Processing 0.355ms
[1215.703s][debug][gc,age         ] GC(43) Desired survivor size 85458944 bytes, new threshold 1 (max threshold 15)
[1215.703s][info ][gc,heap        ] GC(43) PSYoungGen: 1916352K(2008064K)->3392K(2001920K) Eden: 1912832K(1912832K)->0K(1912832K) From: 3520K(95232K)->3392K(89088K)
[1215.703s][info ][gc,heap        ] GC(43) ParOldGen: 422866K(422912K)->424230K(424448K)
[1215.703s][info ][gc,metaspace   ] GC(43) Metaspace: 108957K(110208K)->108957K(110208K) NonClass: 92931K(93696K)->92931K(93696K) Class: 16026K(16512K)->16026K(16512K)
[1215.703s][info ][gc             ] GC(43) Pause Young (Allocation Failure) 2284M->417M(2369M) 5.257ms
[1215.703s][info ][gc,cpu         ] GC(43) User=0.01s Sys=0.00s Real=0.01s
[1215.703s][info ][safepoint      ] Safepoint "ParallelCollectForAllocation", Time since last: 48497327704 ns, Reaching safepoint: 7200 ns, At safepoint: 5323375 ns, Leaving safepoint: 1600 ns, Total: 5332175 ns, Threads: 0 runnable, 30 total
[1265.443s][info ][gc,start       ] GC(44) Pause Young (Allocation Failure)
[1265.448s][debug][gc,phases      ] GC(44) Scavenge 4.176ms
[1265.448s][debug][gc,ref         ] GC(44) ReferenceProcessor::execute queues: 1, RefProcThreadModel::Single, marks_oops_alive: false
[1265.448s][debug][gc,ref         ] GC(44) Skipped KeepAliveFinalRefsPhase of Reference Processing: no references
[1265.448s][debug][gc,ref         ] GC(44) Skipped PhantomRefsPhase of Reference Processing: no references
[1265.448s][debug][gc,phases      ] GC(44) Reference Processing 0.291ms
[1265.448s][debug][gc,phases      ] GC(44)   VM Weak                        Min: 0.00, Avg: 0.00, Max: 0.00, Diff: 0.00, Sum: 0.01, Workers: 4
[1265.448s][debug][gc,phases      ] GC(44)     Dead                           Min: 0, Avg:  0.0, Max: 0, Diff: 0, Sum: 0, Workers: 4
[1265.448s][debug][gc,phases      ] GC(44)     Total                          Min: 0, Avg: 229.5, Max: 384, Diff: 384, Sum: 918, Workers: 4
[1265.448s][debug][gc,phases      ] GC(44)   ObjectSynchronizer Weak        Min: 0.00, Avg: 0.00, Max: 0.00, Diff: 0.00, Sum: 0.00, Workers: 4
[1265.448s][debug][gc,phases      ] GC(44)     Dead                           Min: 0, Avg:  0.0, Max: 0, Diff: 0, Sum: 0, Workers: 4
[1265.448s][debug][gc,phases      ] GC(44)     Total                          Min: 0, Avg:  1.5, Max: 6, Diff: 6, Sum: 6, Workers: 4
[1265.448s][debug][gc,phases      ] GC(44)   JVMTI Tag Weak OopStorage      Min: 0.00, Avg: 0.00, Max: 0.00, Diff: 0.00, Sum: 0.00, Workers: 4
[1265.448s][debug][gc,phases      ] GC(44)     Dead                           Min: 0, Avg:  0.0, Max: 0, Diff: 0, Sum: 0, Workers: 4
[1265.448s][debug][gc,phases      ] GC(44)     Total                          Min: 0, Avg:  0.0, Max: 0, Diff: 0, Sum: 0, Workers: 4
[1265.448s][debug][gc,phases      ] GC(44)   StringTable Weak               Min: 0.00, Avg: 0.11, Max: 0.15, Diff: 0.15, Sum: 0.45, Workers: 4
[1265.448s][debug][gc,phases      ] GC(44)     Dead                           Min: 0, Avg:  0.2, Max: 1, Diff: 1, Sum: 1, Workers: 4
[1265.448s][debug][gc,phases      ] GC(44)     Total                          Min: 0, Avg: 12487.8, Max: 17120, Diff: 17120, Sum: 49951, Workers: 4
[1265.448s][debug][gc,phases      ] GC(44)   ResolvedMethodTable Weak       Min: 0.00, Avg: 0.04, Max: 0.05, Diff: 0.05, Sum: 0.15, Workers: 4
[1265.448s][debug][gc,phases      ] GC(44)     Dead                           Min: 0, Avg:  5.0, Max: 12, Diff: 12, Sum: 20, Workers: 4
[1265.448s][debug][gc,phases      ] GC(44)     Total                          Min: 0, Avg: 4152.2, Max: 5650, Diff: 5650, Sum: 16609, Workers: 4
[1265.448s][debug][gc,phases      ] GC(44)   JNI Weak                       Min: 0.00, Avg: 0.00, Max: 0.00, Diff: 0.00, Sum: 0.00, Workers: 4
[1265.448s][debug][gc,phases      ] GC(44)     Dead                           Min: 0, Avg:  0.0, Max: 0, Diff: 0, Sum: 0, Workers: 4
[1265.448s][debug][gc,phases      ] GC(44)     Total                          Min: 0, Avg: 13.0, Max: 48, Diff: 48, Sum: 52, Workers: 4
[1265.448s][debug][gc,phases      ] GC(44)   StringDedup Table Weak         Min: 0.00, Avg: 0.00, Max: 0.00, Diff: 0.00, Sum: 0.00, Workers: 4
[1265.448s][debug][gc,phases      ] GC(44)     Dead                           Min: 0, Avg:  0.0, Max: 0, Diff: 0, Sum: 0, Workers: 4
[1265.448s][debug][gc,phases      ] GC(44)     Total                          Min: 0, Avg:  0.0, Max: 0, Diff: 0, Sum: 0, Workers: 4
[1265.448s][debug][gc,phases      ] GC(44)   StringDedup Requests0 Weak     Min: 0.00, Avg: 0.00, Max: 0.00, Diff: 0.00, Sum: 0.00, Workers: 4
[1265.448s][debug][gc,phases      ] GC(44)     Dead                           Min: 0, Avg:  0.0, Max: 0, Diff: 0, Sum: 0, Workers: 4
[1265.448s][debug][gc,phases      ] GC(44)     Total                          Min: 0, Avg:  0.0, Max: 0, Diff: 0, Sum: 0, Workers: 4
[1265.448s][debug][gc,phases      ] GC(44)   StringDedup Requests1 Weak     Min: 0.00, Avg: 0.00, Max: 0.00, Diff: 0.00, Sum: 0.00, Workers: 4
[1265.448s][debug][gc,phases      ] GC(44)     Dead                           Min: 0, Avg:  0.0, Max: 0, Diff: 0, Sum: 0, Workers: 4
[1265.448s][debug][gc,phases      ] GC(44)     Total                          Min: 0, Avg:  0.0, Max: 0, Diff: 0, Sum: 0, Workers: 4
[1265.448s][debug][gc,phases      ] GC(44)   Weak JFR Old Object Samples    Min: 0.00, Avg: 0.00, Max: 0.00, Diff: 0.00, Sum: 0.00, Workers: 4
[1265.448s][debug][gc,phases      ] GC(44)     Dead                           Min: 0, Avg:  0.0, Max: 0, Diff: 0, Sum: 0, Workers: 4
[1265.448s][debug][gc,phases      ] GC(44)     Total                          Min: 0, Avg:  0.0, Max: 0, Diff: 0, Sum: 0, Workers: 4
[1265.448s][debug][gc,phases      ] GC(44) Weak Processing 0.492ms
[1265.448s][debug][gc,age         ] GC(44) Desired survivor size 79167488 bytes, new threshold 1 (max threshold 15)
[1265.448s][info ][gc,heap        ] GC(44) PSYoungGen: 1916224K(2001920K)->4480K(2019840K) Eden: 1912832K(1912832K)->0K(1936384K) From: 3392K(89088K)->4480K(83456K)
[1265.448s][info ][gc,heap        ] GC(44) ParOldGen: 424230K(424448K)->425283K(425472K)
[1265.448s][info ][gc,metaspace   ] GC(44) Metaspace: 109018K(110272K)->109018K(110272K) NonClass: 92985K(93760K)->92985K(93760K) Class: 16033K(16512K)->16033K(16512K)
[1265.448s][info ][gc             ] GC(44) Pause Young (Allocation Failure) 2285M->419M(2388M) 5.103ms
[1265.448s][info ][gc,cpu         ] GC(44) User=0.01s Sys=0.00s Real=0.01s
[1265.448s][info ][safepoint      ] Safepoint "ParallelCollectForAllocation", Time since last: 49740511733 ns, Reaching safepoint: 26400 ns, At safepoint: 5172075 ns, Leaving safepoint: 2600 ns, Total: 5201075 ns, Threads: 0 runnable, 30 total
[1316.736s][info ][gc,start       ] GC(45) Pause Young (Allocation Failure)
[1316.740s][debug][gc,phases      ] GC(45) Scavenge 4.084ms
[1316.740s][debug][gc,ref         ] GC(45) ReferenceProcessor::execute queues: 1, RefProcThreadModel::Single, marks_oops_alive: false
[1316.740s][debug][gc,ref         ] GC(45) Skipped KeepAliveFinalRefsPhase of Reference Processing: no references
[1316.740s][debug][gc,ref         ] GC(45) Skipped PhantomRefsPhase of Reference Processing: no references
[1316.740s][debug][gc,phases      ] GC(45) Reference Processing 0.096ms
[1316.740s][debug][gc,phases      ] GC(45)   VM Weak                        Min: 0.00, Avg: 0.00, Max: 0.01, Diff: 0.01, Sum: 0.01, Workers: 4
[1316.740s][debug][gc,phases      ] GC(45)     Dead                           Min: 0, Avg:  0.0, Max: 0, Diff: 0, Sum: 0, Workers: 4
[1316.740s][debug][gc,phases      ] GC(45)     Total                          Min: 0, Avg: 229.5, Max: 832, Diff: 832, Sum: 918, Workers: 4
[1316.740s][debug][gc,phases      ] GC(45)   ObjectSynchronizer Weak        Min: 0.00, Avg: 0.00, Max: 0.00, Diff: 0.00, Sum: 0.00, Workers: 4
[1316.740s][debug][gc,phases      ] GC(45)     Dead                           Min: 0, Avg:  0.0, Max: 0, Diff: 0, Sum: 0, Workers: 4
[1316.740s][debug][gc,phases      ] GC(45)     Total                          Min: 0, Avg:  1.5, Max: 6, Diff: 6, Sum: 6, Workers: 4
[1316.740s][debug][gc,phases      ] GC(45)   JVMTI Tag Weak OopStorage      Min: 0.00, Avg: 0.00, Max: 0.00, Diff: 0.00, Sum: 0.00, Workers: 4
[1316.740s][debug][gc,phases      ] GC(45)     Dead                           Min: 0, Avg:  0.0, Max: 0, Diff: 0, Sum: 0, Workers: 4
[1316.740s][debug][gc,phases      ] GC(45)     Total                          Min: 0, Avg:  0.0, Max: 0, Diff: 0, Sum: 0, Workers: 4
[1316.740s][debug][gc,phases      ] GC(45)   StringTable Weak               Min: 0.00, Avg: 0.09, Max: 0.13, Diff: 0.13, Sum: 0.38, Workers: 4
[1316.740s][debug][gc,phases      ] GC(45)     Dead                           Min: 0, Avg:  0.0, Max: 0, Diff: 0, Sum: 0, Workers: 4
[1316.740s][debug][gc,phases      ] GC(45)     Total                          Min: 0, Avg: 12487.8, Max: 20511, Diff: 20511, Sum: 49951, Workers: 4
[1316.740s][debug][gc,phases      ] GC(45)   ResolvedMethodTable Weak       Min: 0.00, Avg: 0.03, Max: 0.04, Diff: 0.04, Sum: 0.13, Workers: 4
[1316.740s][debug][gc,phases      ] GC(45)     Dead                           Min: 0, Avg:  5.0, Max: 12, Diff: 12, Sum: 20, Workers: 4
[1316.740s][debug][gc,phases      ] GC(45)     Total                          Min: 0, Avg: 4152.2, Max: 6822, Diff: 6822, Sum: 16609, Workers: 4
[1316.740s][debug][gc,phases      ] GC(45)   JNI Weak                       Min: 0.00, Avg: 0.00, Max: 0.00, Diff: 0.00, Sum: 0.00, Workers: 4
[1316.740s][debug][gc,phases      ] GC(45)     Dead                           Min: 0, Avg:  0.0, Max: 0, Diff: 0, Sum: 0, Workers: 4
[1316.740s][debug][gc,phases      ] GC(45)     Total                          Min: 0, Avg: 13.0, Max: 48, Diff: 48, Sum: 52, Workers: 4
[1316.740s][debug][gc,phases      ] GC(45)   StringDedup Table Weak         Min: 0.00, Avg: 0.00, Max: 0.00, Diff: 0.00, Sum: 0.00, Workers: 4
[1316.740s][debug][gc,phases      ] GC(45)     Dead                           Min: 0, Avg:  0.0, Max: 0, Diff: 0, Sum: 0, Workers: 4
[1316.740s][debug][gc,phases      ] GC(45)     Total                          Min: 0, Avg:  0.0, Max: 0, Diff: 0, Sum: 0, Workers: 4
[1316.740s][debug][gc,phases      ] GC(45)   StringDedup Requests0 Weak     Min: 0.00, Avg: 0.00, Max: 0.00, Diff: 0.00, Sum: 0.00, Workers: 4
[1316.740s][debug][gc,phases      ] GC(45)     Dead                           Min: 0, Avg:  0.0, Max: 0, Diff: 0, Sum: 0, Workers: 4
[1316.740s][debug][gc,phases      ] GC(45)     Total                          Min: 0, Avg:  0.0, Max: 0, Diff: 0, Sum: 0, Workers: 4
[1316.740s][debug][gc,phases      ] GC(45)   StringDedup Requests1 Weak     Min: 0.00, Avg: 0.00, Max: 0.00, Diff: 0.00, Sum: 0.00, Workers: 4
[1316.740s][debug][gc,phases      ] GC(45)     Dead                           Min: 0, Avg:  0.0, Max: 0, Diff: 0, Sum: 0, Workers: 4
[1316.740s][debug][gc,phases      ] GC(45)     Total                          Min: 0, Avg:  0.0, Max: 0, Diff: 0, Sum: 0, Workers: 4
[1316.740s][debug][gc,phases      ] GC(45)   Weak JFR Old Object Samples    Min: 0.00, Avg: 0.00, Max: 0.00, Diff: 0.00, Sum: 0.00, Workers: 4
[1316.740s][debug][gc,phases      ] GC(45)     Dead                           Min: 0, Avg:  0.0, Max: 0, Diff: 0, Sum: 0, Workers: 4
[1316.740s][debug][gc,phases      ] GC(45)     Total                          Min: 0, Avg:  0.0, Max: 0, Diff: 0, Sum: 0, Workers: 4
[1316.740s][debug][gc,phases      ] GC(45) Weak Processing 0.363ms
[1316.740s][debug][gc,age         ] GC(45) Desired survivor size 73924608 bytes, new threshold 1 (max threshold 15)
[1316.740s][info ][gc,heap        ] GC(45) PSYoungGen: 1940864K(2019840K)->5104K(2013696K) Eden: 1936384K(1936384K)->0K(1936384K) From: 4480K(83456K)->5104K(77312K)
[1316.740s][info ][gc,heap        ] GC(45) ParOldGen: 425283K(425472K)->426191K(426496K)
[1316.740s][info ][gc,metaspace   ] GC(45) Metaspace: 109030K(110272K)->109030K(110272K) NonClass: 92997K(93760K)->92997K(93760K) Class: 16033K(16512K)->16033K(16512K)
[1316.740s][info ][gc             ] GC(45) Pause Young (Allocation Failure) 2310M->421M(2383M) 4.649ms
[1316.740s][info ][gc,cpu         ] GC(45) User=0.01s Sys=0.00s Real=0.01s
[1316.740s][info ][safepoint      ] Safepoint "ParallelCollectForAllocation", Time since last: 51287161744 ns, Reaching safepoint: 5600 ns, At safepoint: 4735977 ns, Leaving safepoint: 6100 ns, Total: 4747677 ns, Threads: 0 runnable, 27 total
[1367.002s][info ][gc,start       ] GC(46) Pause Young (Allocation Failure)
[1367.005s][debug][gc,phases      ] GC(46) Scavenge 3.085ms
[1367.005s][debug][gc,ref         ] GC(46) ReferenceProcessor::execute queues: 1, RefProcThreadModel::Single, marks_oops_alive: false
[1367.005s][debug][gc,ref         ] GC(46) Skipped KeepAliveFinalRefsPhase of Reference Processing: no references
[1367.005s][debug][gc,ref         ] GC(46) Skipped PhantomRefsPhase of Reference Processing: no references
[1367.005s][debug][gc,phases      ] GC(46) Reference Processing 0.116ms
[1367.006s][debug][gc,phases      ] GC(46)   VM Weak                        Min: 0.00, Avg: 0.00, Max: 0.01, Diff: 0.01, Sum: 0.01, Workers: 4
[1367.006s][debug][gc,phases      ] GC(46)     Dead                           Min: 0, Avg:  0.0, Max: 0, Diff: 0, Sum: 0, Workers: 4
[1367.006s][debug][gc,phases      ] GC(46)     Total                          Min: 0, Avg: 229.8, Max: 919, Diff: 919, Sum: 919, Workers: 4
[1367.006s][debug][gc,phases      ] GC(46)   ObjectSynchronizer Weak        Min: 0.00, Avg: 0.00, Max: 0.00, Diff: 0.00, Sum: 0.00, Workers: 4
[1367.006s][debug][gc,phases      ] GC(46)     Dead                           Min: 0, Avg:  0.0, Max: 0, Diff: 0, Sum: 0, Workers: 4
[1367.006s][debug][gc,phases      ] GC(46)     Total                          Min: 0, Avg:  1.5, Max: 6, Diff: 6, Sum: 6, Workers: 4
[1367.006s][debug][gc,phases      ] GC(46)   JVMTI Tag Weak OopStorage      Min: 0.00, Avg: 0.00, Max: 0.00, Diff: 0.00, Sum: 0.00, Workers: 4
[1367.006s][debug][gc,phases      ] GC(46)     Dead                           Min: 0, Avg:  0.0, Max: 0, Diff: 0, Sum: 0, Workers: 4
[1367.006s][debug][gc,phases      ] GC(46)     Total                          Min: 0, Avg:  0.0, Max: 0, Diff: 0, Sum: 0, Workers: 4
[1367.006s][debug][gc,phases      ] GC(46)   StringTable Weak               Min: 0.00, Avg: 0.10, Max: 0.13, Diff: 0.13, Sum: 0.38, Workers: 4
[1367.006s][debug][gc,phases      ] GC(46)     Dead                           Min: 0, Avg:  0.5, Max: 2, Diff: 2, Sum: 2, Workers: 4
[1367.006s][debug][gc,phases      ] GC(46)     Total                          Min: 0, Avg: 12495.0, Max: 20927, Diff: 20927, Sum: 49980, Workers: 4
[1367.006s][debug][gc,phases      ] GC(46)   ResolvedMethodTable Weak       Min: 0.00, Avg: 0.03, Max: 0.04, Diff: 0.04, Sum: 0.13, Workers: 4
[1367.006s][debug][gc,phases      ] GC(46)     Dead                           Min: 0, Avg:  5.0, Max: 10, Diff: 10, Sum: 20, Workers: 4
[1367.006s][debug][gc,phases      ] GC(46)     Total                          Min: 0, Avg: 4155.2, Max: 7229, Diff: 7229, Sum: 16621, Workers: 4
[1367.006s][debug][gc,phases      ] GC(46)   JNI Weak                       Min: 0.00, Avg: 0.00, Max: 0.00, Diff: 0.00, Sum: 0.00, Workers: 4
[1367.006s][debug][gc,phases      ] GC(46)     Dead                           Min: 0, Avg:  0.0, Max: 0, Diff: 0, Sum: 0, Workers: 4
[1367.006s][debug][gc,phases      ] GC(46)     Total                          Min: 0, Avg: 13.0, Max: 48, Diff: 48, Sum: 52, Workers: 4
[1367.006s][debug][gc,phases      ] GC(46)   StringDedup Table Weak         Min: 0.00, Avg: 0.00, Max: 0.00, Diff: 0.00, Sum: 0.00, Workers: 4
[1367.006s][debug][gc,phases      ] GC(46)     Dead                           Min: 0, Avg:  0.0, Max: 0, Diff: 0, Sum: 0, Workers: 4
[1367.006s][debug][gc,phases      ] GC(46)     Total                          Min: 0, Avg:  0.0, Max: 0, Diff: 0, Sum: 0, Workers: 4
[1367.006s][debug][gc,phases      ] GC(46)   StringDedup Requests0 Weak     Min: 0.00, Avg: 0.00, Max: 0.00, Diff: 0.00, Sum: 0.00, Workers: 4
[1367.006s][debug][gc,phases      ] GC(46)     Dead                           Min: 0, Avg:  0.0, Max: 0, Diff: 0, Sum: 0, Workers: 4
[1367.006s][debug][gc,phases      ] GC(46)     Total                          Min: 0, Avg:  0.0, Max: 0, Diff: 0, Sum: 0, Workers: 4
[1367.006s][debug][gc,phases      ] GC(46)   StringDedup Requests1 Weak     Min: 0.00, Avg: 0.00, Max: 0.00, Diff: 0.00, Sum: 0.00, Workers: 4
[1367.006s][debug][gc,phases      ] GC(46)     Dead                           Min: 0, Avg:  0.0, Max: 0, Diff: 0, Sum: 0, Workers: 4
[1367.006s][debug][gc,phases      ] GC(46)     Total                          Min: 0, Avg:  0.0, Max: 0, Diff: 0, Sum: 0, Workers: 4
[1367.006s][debug][gc,phases      ] GC(46)   Weak JFR Old Object Samples    Min: 0.00, Avg: 0.00, Max: 0.00, Diff: 0.00, Sum: 0.00, Workers: 4
[1367.006s][debug][gc,phases      ] GC(46)     Dead                           Min: 0, Avg:  0.0, Max: 0, Diff: 0, Sum: 0, Workers: 4
[1367.006s][debug][gc,phases      ] GC(46)     Total                          Min: 0, Avg:  0.0, Max: 0, Diff: 0, Sum: 0, Workers: 4
[1367.006s][debug][gc,phases      ] GC(46) Weak Processing 0.348ms
[1367.006s][debug][gc,age         ] GC(46) Desired survivor size 68681728 bytes, new threshold 1 (max threshold 15)
[1367.006s][info ][gc,heap        ] GC(46) PSYoungGen: 1941488K(2013696K)->3648K(2030080K) Eden: 1936384K(1936384K)->0K(1957888K) From: 5104K(77312K)->3648K(72192K)
[1367.006s][info ][gc,heap        ] GC(46) ParOldGen: 426191K(426496K)->427559K(428032K)
[1367.006s][info ][gc,metaspace   ] GC(46) Metaspace: 109140K(110400K)->109140K(110400K) NonClass: 93099K(93824K)->93099K(93824K) Class: 16041K(16576K)->16041K(16576K)
[1367.006s][info ][gc             ] GC(46) Pause Young (Allocation Failure) 2312M->421M(2400M) 3.648ms
[1367.006s][info ][gc,cpu         ] GC(46) User=0.01s Sys=0.00s Real=0.00s
[1367.006s][info ][safepoint      ] Safepoint "ParallelCollectForAllocation", Time since last: 50261756881 ns, Reaching safepoint: 26000 ns, At safepoint: 3704282 ns, Leaving safepoint: 2200 ns, Total: 3732482 ns, Threads: 0 runnable, 28 total
[1417.746s][info ][gc,start       ] GC(47) Pause Young (Allocation Failure)
[1417.750s][debug][gc,phases      ] GC(47) Scavenge 4.766ms
[1417.751s][debug][gc,ref         ] GC(47) ReferenceProcessor::execute queues: 1, RefProcThreadModel::Single, marks_oops_alive: false
[1417.751s][debug][gc,ref         ] GC(47) Skipped KeepAliveFinalRefsPhase of Reference Processing: no references
[1417.751s][debug][gc,ref         ] GC(47) Skipped PhantomRefsPhase of Reference Processing: no references
[1417.751s][debug][gc,phases      ] GC(47) Reference Processing 0.101ms
[1417.751s][debug][gc,phases      ] GC(47)   VM Weak                        Min: 0.00, Avg: 0.00, Max: 0.00, Diff: 0.00, Sum: 0.01, Workers: 4
[1417.751s][debug][gc,phases      ] GC(47)     Dead                           Min: 0, Avg:  0.0, Max: 0, Diff: 0, Sum: 0, Workers: 4
[1417.751s][debug][gc,phases      ] GC(47)     Total                          Min: 0, Avg: 229.8, Max: 384, Diff: 384, Sum: 919, Workers: 4
[1417.751s][debug][gc,phases      ] GC(47)   ObjectSynchronizer Weak        Min: 0.00, Avg: 0.00, Max: 0.00, Diff: 0.00, Sum: 0.00, Workers: 4
[1417.751s][debug][gc,phases      ] GC(47)     Dead                           Min: 0, Avg:  0.0, Max: 0, Diff: 0, Sum: 0, Workers: 4
[1417.751s][debug][gc,phases      ] GC(47)     Total                          Min: 0, Avg:  1.5, Max: 6, Diff: 6, Sum: 6, Workers: 4
[1417.751s][debug][gc,phases      ] GC(47)   JVMTI Tag Weak OopStorage      Min: 0.00, Avg: 0.00, Max: 0.00, Diff: 0.00, Sum: 0.00, Workers: 4
[1417.751s][debug][gc,phases      ] GC(47)     Dead                           Min: 0, Avg:  0.0, Max: 0, Diff: 0, Sum: 0, Workers: 4
[1417.751s][debug][gc,phases      ] GC(47)     Total                          Min: 0, Avg:  0.0, Max: 0, Diff: 0, Sum: 0, Workers: 4
[1417.751s][debug][gc,phases      ] GC(47)   StringTable Weak               Min: 0.00, Avg: 0.09, Max: 0.13, Diff: 0.13, Sum: 0.38, Workers: 4
[1417.751s][debug][gc,phases      ] GC(47)     Dead                           Min: 0, Avg:  0.0, Max: 0, Diff: 0, Sum: 0, Workers: 4
[1417.751s][debug][gc,phases      ] GC(47)     Total                          Min: 0, Avg: 12495.2, Max: 21695, Diff: 21695, Sum: 49981, Workers: 4
[1417.751s][debug][gc,phases      ] GC(47)   ResolvedMethodTable Weak       Min: 0.00, Avg: 0.03, Max: 0.04, Diff: 0.04, Sum: 0.13, Workers: 4
[1417.751s][debug][gc,phases      ] GC(47)     Dead                           Min: 0, Avg:  5.0, Max: 9, Diff: 9, Sum: 20, Workers: 4
[1417.751s][debug][gc,phases      ] GC(47)     Total                          Min: 0, Avg: 4155.2, Max: 7172, Diff: 7172, Sum: 16621, Workers: 4
[1417.751s][debug][gc,phases      ] GC(47)   JNI Weak                       Min: 0.00, Avg: 0.00, Max: 0.00, Diff: 0.00, Sum: 0.00, Workers: 4
[1417.751s][debug][gc,phases      ] GC(47)     Dead                           Min: 0, Avg:  0.0, Max: 0, Diff: 0, Sum: 0, Workers: 4
[1417.751s][debug][gc,phases      ] GC(47)     Total                          Min: 0, Avg: 13.0, Max: 48, Diff: 48, Sum: 52, Workers: 4
[1417.751s][debug][gc,phases      ] GC(47)   StringDedup Table Weak         Min: 0.00, Avg: 0.00, Max: 0.00, Diff: 0.00, Sum: 0.00, Workers: 4
[1417.751s][debug][gc,phases      ] GC(47)     Dead                           Min: 0, Avg:  0.0, Max: 0, Diff: 0, Sum: 0, Workers: 4
[1417.751s][debug][gc,phases      ] GC(47)     Total                          Min: 0, Avg:  0.0, Max: 0, Diff: 0, Sum: 0, Workers: 4
[1417.751s][debug][gc,phases      ] GC(47)   StringDedup Requests0 Weak     Min: 0.00, Avg: 0.00, Max: 0.00, Diff: 0.00, Sum: 0.00, Workers: 4
[1417.751s][debug][gc,phases      ] GC(47)     Dead                           Min: 0, Avg:  0.0, Max: 0, Diff: 0, Sum: 0, Workers: 4
[1417.751s][debug][gc,phases      ] GC(47)     Total                          Min: 0, Avg:  0.0, Max: 0, Diff: 0, Sum: 0, Workers: 4
[1417.751s][debug][gc,phases      ] GC(47)   StringDedup Requests1 Weak     Min: 0.00, Avg: 0.00, Max: 0.00, Diff: 0.00, Sum: 0.00, Workers: 4
[1417.751s][debug][gc,phases      ] GC(47)     Dead                           Min: 0, Avg:  0.0, Max: 0, Diff: 0, Sum: 0, Workers: 4
[1417.751s][debug][gc,phases      ] GC(47)     Total                          Min: 0, Avg:  0.0, Max: 0, Diff: 0, Sum: 0, Workers: 4
[1417.751s][debug][gc,phases      ] GC(47)   Weak JFR Old Object Samples    Min: 0.00, Avg: 0.00, Max: 0.00, Diff: 0.00, Sum: 0.00, Workers: 4
[1417.751s][debug][gc,phases      ] GC(47)     Dead                           Min: 0, Avg:  0.0, Max: 0, Diff: 0, Sum: 0, Workers: 4
[1417.751s][debug][gc,phases      ] GC(47)     Total                          Min: 0, Avg:  0.0, Max: 0, Diff: 0, Sum: 0, Workers: 4
[1417.751s][debug][gc,phases      ] GC(47) Weak Processing 0.374ms
[1417.751s][debug][gc,age         ] GC(47) Desired survivor size 63963136 bytes, new threshold 1 (max threshold 15)
[1417.751s][info ][gc,heap        ] GC(47) PSYoungGen: 1961536K(2030080K)->4512K(2024960K) Eden: 1957888K(1957888K)->0K(1957888K) From: 3648K(72192K)->4512K(67072K)
[1417.751s][info ][gc,heap        ] GC(47) ParOldGen: 427559K(428032K)->428976K(429056K)
[1417.751s][info ][gc,metaspace   ] GC(47) Metaspace: 109142K(110400K)->109142K(110400K) NonClass: 93101K(93824K)->93101K(93824K) Class: 16041K(16576K)->16041K(16576K)
[1417.751s][info ][gc             ] GC(47) Pause Young (Allocation Failure) 2333M->423M(2396M) 5.348ms
[1417.751s][info ][gc,cpu         ] GC(47) User=0.02s Sys=0.00s Real=0.01s
[1417.751s][info ][safepoint      ] Safepoint "ParallelCollectForAllocation", Time since last: 50739702991 ns, Reaching safepoint: 31300 ns, At safepoint: 5424074 ns, Leaving safepoint: 2000 ns, Total: 5457374 ns, Threads: 0 runnable, 28 total
[1468.771s][info ][gc,start       ] GC(48) Pause Young (Allocation Failure)
[1468.774s][debug][gc,phases      ] GC(48) Scavenge 3.786ms
[1468.774s][debug][gc,ref         ] GC(48) ReferenceProcessor::execute queues: 1, RefProcThreadModel::Single, marks_oops_alive: false
[1468.774s][debug][gc,ref         ] GC(48) Skipped KeepAliveFinalRefsPhase of Reference Processing: no references
[1468.774s][debug][gc,ref         ] GC(48) Skipped PhantomRefsPhase of Reference Processing: no references
[1468.774s][debug][gc,phases      ] GC(48) Reference Processing 0.101ms
[1468.775s][debug][gc,phases      ] GC(48)   VM Weak                        Min: 0.00, Avg: 0.00, Max: 0.01, Diff: 0.01, Sum: 0.01, Workers: 4
[1468.775s][debug][gc,phases      ] GC(48)     Dead                           Min: 0, Avg:  0.0, Max: 0, Diff: 0, Sum: 0, Workers: 4
[1468.775s][debug][gc,phases      ] GC(48)     Total                          Min: 0, Avg: 229.8, Max: 471, Diff: 471, Sum: 919, Workers: 4
[1468.775s][debug][gc,phases      ] GC(48)   ObjectSynchronizer Weak        Min: 0.00, Avg: 0.00, Max: 0.00, Diff: 0.00, Sum: 0.00, Workers: 4
[1468.775s][debug][gc,phases      ] GC(48)     Dead                           Min: 0, Avg:  0.0, Max: 0, Diff: 0, Sum: 0, Workers: 4
[1468.775s][debug][gc,phases      ] GC(48)     Total                          Min: 0, Avg:  1.8, Max: 7, Diff: 7, Sum: 7, Workers: 4
[1468.775s][debug][gc,phases      ] GC(48)   JVMTI Tag Weak OopStorage      Min: 0.00, Avg: 0.00, Max: 0.00, Diff: 0.00, Sum: 0.00, Workers: 4
[1468.775s][debug][gc,phases      ] GC(48)     Dead                           Min: 0, Avg:  0.0, Max: 0, Diff: 0, Sum: 0, Workers: 4
[1468.775s][debug][gc,phases      ] GC(48)     Total                          Min: 0, Avg:  0.0, Max: 0, Diff: 0, Sum: 0, Workers: 4
[1468.775s][debug][gc,phases      ] GC(48)   StringTable Weak               Min: 0.00, Avg: 0.10, Max: 0.13, Diff: 0.13, Sum: 0.39, Workers: 4
[1468.775s][debug][gc,phases      ] GC(48)     Dead                           Min: 0, Avg:  0.0, Max: 0, Diff: 0, Sum: 0, Workers: 4
[1468.775s][debug][gc,phases      ] GC(48)     Total                          Min: 0, Avg: 12495.8, Max: 21119, Diff: 21119, Sum: 49983, Workers: 4
[1468.775s][debug][gc,phases      ] GC(48)   ResolvedMethodTable Weak       Min: 0.00, Avg: 0.03, Max: 0.04, Diff: 0.04, Sum: 0.13, Workers: 4
[1468.775s][debug][gc,phases      ] GC(48)     Dead                           Min: 0, Avg:  5.0, Max: 11, Diff: 11, Sum: 20, Workers: 4
[1468.775s][debug][gc,phases      ] GC(48)     Total                          Min: 0, Avg: 4155.2, Max: 7168, Diff: 7168, Sum: 16621, Workers: 4
[1468.775s][debug][gc,phases      ] GC(48)   JNI Weak                       Min: 0.00, Avg: 0.00, Max: 0.00, Diff: 0.00, Sum: 0.00, Workers: 4
[1468.775s][debug][gc,phases      ] GC(48)     Dead                           Min: 0, Avg:  0.0, Max: 0, Diff: 0, Sum: 0, Workers: 4
[1468.775s][debug][gc,phases      ] GC(48)     Total                          Min: 0, Avg: 13.0, Max: 48, Diff: 48, Sum: 52, Workers: 4
[1468.775s][debug][gc,phases      ] GC(48)   StringDedup Table Weak         Min: 0.00, Avg: 0.00, Max: 0.00, Diff: 0.00, Sum: 0.00, Workers: 4
[1468.775s][debug][gc,phases      ] GC(48)     Dead                           Min: 0, Avg:  0.0, Max: 0, Diff: 0, Sum: 0, Workers: 4
[1468.775s][debug][gc,phases      ] GC(48)     Total                          Min: 0, Avg:  0.0, Max: 0, Diff: 0, Sum: 0, Workers: 4
[1468.775s][debug][gc,phases      ] GC(48)   StringDedup Requests0 Weak     Min: 0.00, Avg: 0.00, Max: 0.00, Diff: 0.00, Sum: 0.00, Workers: 4
[1468.775s][debug][gc,phases      ] GC(48)     Dead                           Min: 0, Avg:  0.0, Max: 0, Diff: 0, Sum: 0, Workers: 4
[1468.775s][debug][gc,phases      ] GC(48)     Total                          Min: 0, Avg:  0.0, Max: 0, Diff: 0, Sum: 0, Workers: 4
[1468.775s][debug][gc,phases      ] GC(48)   StringDedup Requests1 Weak     Min: 0.00, Avg: 0.00, Max: 0.00, Diff: 0.00, Sum: 0.00, Workers: 4
[1468.775s][debug][gc,phases      ] GC(48)     Dead                           Min: 0, Avg:  0.0, Max: 0, Diff: 0, Sum: 0, Workers: 4
[1468.775s][debug][gc,phases      ] GC(48)     Total                          Min: 0, Avg:  0.0, Max: 0, Diff: 0, Sum: 0, Workers: 4
[1468.775s][debug][gc,phases      ] GC(48)   Weak JFR Old Object Samples    Min: 0.00, Avg: 0.00, Max: 0.00, Diff: 0.00, Sum: 0.00, Workers: 4
[1468.775s][debug][gc,phases      ] GC(48)     Dead                           Min: 0, Avg:  0.0, Max: 0, Diff: 0, Sum: 0, Workers: 4
[1468.775s][debug][gc,phases      ] GC(48)     Total                          Min: 0, Avg:  0.0, Max: 0, Diff: 0, Sum: 0, Workers: 4
[1468.775s][debug][gc,phases      ] GC(48) Weak Processing 0.364ms
[1468.775s][debug][gc,age         ] GC(48) Desired survivor size 59768832 bytes, new threshold 1 (max threshold 15)
[1468.775s][info ][gc,heap        ] GC(48) PSYoungGen: 1962400K(2024960K)->2704K(2038784K) Eden: 1957888K(1957888K)->0K(1976320K) From: 4512K(67072K)->2704K(62464K)
[1468.775s][info ][gc,heap        ] GC(48) ParOldGen: 428976K(429056K)->431197K(431616K)
[1468.775s][info ][gc,metaspace   ] GC(48) Metaspace: 109143K(110400K)->109143K(110400K) NonClass: 93102K(93824K)->93102K(93824K) Class: 16041K(16576K)->16041K(16576K)
[1468.775s][info ][gc             ] GC(48) Pause Young (Allocation Failure) 2335M->423M(2412M) 4.370ms
[1468.775s][info ][gc,cpu         ] GC(48) User=0.01s Sys=0.00s Real=0.00s
[1468.775s][info ][safepoint      ] Safepoint "ParallelCollectForAllocation", Time since last: 51019497502 ns, Reaching safepoint: 22100 ns, At safepoint: 4428877 ns, Leaving safepoint: 6300 ns, Total: 4457277 ns, Threads: 0 runnable, 27 total
[1518.746s][info ][gc,start       ] GC(49) Pause Young (Allocation Failure)
[1518.750s][debug][gc,phases      ] GC(49) Scavenge 4.220ms
[1518.750s][debug][gc,ref         ] GC(49) ReferenceProcessor::execute queues: 1, RefProcThreadModel::Single, marks_oops_alive: false
[1518.750s][debug][gc,ref         ] GC(49) Skipped KeepAliveFinalRefsPhase of Reference Processing: no references
[1518.750s][debug][gc,ref         ] GC(49) Skipped PhantomRefsPhase of Reference Processing: no references
[1518.750s][debug][gc,phases      ] GC(49) Reference Processing 0.099ms
[1518.751s][debug][gc,phases      ] GC(49)   VM Weak                        Min: 0.00, Avg: 0.00, Max: 0.01, Diff: 0.01, Sum: 0.01, Workers: 4
[1518.751s][debug][gc,phases      ] GC(49)     Dead                           Min: 0, Avg:  0.0, Max: 0, Diff: 0, Sum: 0, Workers: 4
[1518.751s][debug][gc,phases      ] GC(49)     Total                          Min: 0, Avg: 229.8, Max: 512, Diff: 512, Sum: 919, Workers: 4
[1518.751s][debug][gc,phases      ] GC(49)   ObjectSynchronizer Weak        Min: 0.00, Avg: 0.00, Max: 0.00, Diff: 0.00, Sum: 0.00, Workers: 4
[1518.751s][debug][gc,phases      ] GC(49)     Dead                           Min: 0, Avg:  0.0, Max: 0, Diff: 0, Sum: 0, Workers: 4
[1518.751s][debug][gc,phases      ] GC(49)     Total                          Min: 0, Avg:  1.5, Max: 6, Diff: 6, Sum: 6, Workers: 4
[1518.751s][debug][gc,phases      ] GC(49)   JVMTI Tag Weak OopStorage      Min: 0.00, Avg: 0.00, Max: 0.00, Diff: 0.00, Sum: 0.00, Workers: 4
[1518.751s][debug][gc,phases      ] GC(49)     Dead                           Min: 0, Avg:  0.0, Max: 0, Diff: 0, Sum: 0, Workers: 4
[1518.751s][debug][gc,phases      ] GC(49)     Total                          Min: 0, Avg:  0.0, Max: 0, Diff: 0, Sum: 0, Workers: 4
[1518.751s][debug][gc,phases      ] GC(49)   StringTable Weak               Min: 0.00, Avg: 0.10, Max: 0.14, Diff: 0.14, Sum: 0.41, Workers: 4
[1518.751s][debug][gc,phases      ] GC(49)     Dead                           Min: 0, Avg:  0.2, Max: 1, Diff: 1, Sum: 1, Workers: 4
[1518.751s][debug][gc,phases      ] GC(49)     Total                          Min: 0, Avg: 12497.0, Max: 20736, Diff: 20736, Sum: 49988, Workers: 4
[1518.751s][debug][gc,phases      ] GC(49)   ResolvedMethodTable Weak       Min: 0.00, Avg: 0.04, Max: 0.05, Diff: 0.05, Sum: 0.15, Workers: 4
[1518.751s][debug][gc,phases      ] GC(49)     Dead                           Min: 0, Avg:  5.0, Max: 12, Diff: 12, Sum: 20, Workers: 4
[1518.751s][debug][gc,phases      ] GC(49)     Total                          Min: 0, Avg: 4156.8, Max: 5667, Diff: 5667, Sum: 16627, Workers: 4
[1518.751s][debug][gc,phases      ] GC(49)   JNI Weak                       Min: 0.00, Avg: 0.00, Max: 0.00, Diff: 0.00, Sum: 0.00, Workers: 4
[1518.751s][debug][gc,phases      ] GC(49)     Dead                           Min: 0, Avg:  0.0, Max: 0, Diff: 0, Sum: 0, Workers: 4
[1518.751s][debug][gc,phases      ] GC(49)     Total                          Min: 0, Avg: 13.0, Max: 48, Diff: 48, Sum: 52, Workers: 4
[1518.751s][debug][gc,phases      ] GC(49)   StringDedup Table Weak         Min: 0.00, Avg: 0.00, Max: 0.00, Diff: 0.00, Sum: 0.00, Workers: 4
[1518.751s][debug][gc,phases      ] GC(49)     Dead                           Min: 0, Avg:  0.0, Max: 0, Diff: 0, Sum: 0, Workers: 4
[1518.751s][debug][gc,phases      ] GC(49)     Total                          Min: 0, Avg:  0.0, Max: 0, Diff: 0, Sum: 0, Workers: 4
[1518.751s][debug][gc,phases      ] GC(49)   StringDedup Requests0 Weak     Min: 0.00, Avg: 0.00, Max: 0.00, Diff: 0.00, Sum: 0.00, Workers: 4
[1518.751s][debug][gc,phases      ] GC(49)     Dead                           Min: 0, Avg:  0.0, Max: 0, Diff: 0, Sum: 0, Workers: 4
[1518.751s][debug][gc,phases      ] GC(49)     Total                          Min: 0, Avg:  0.0, Max: 0, Diff: 0, Sum: 0, Workers: 4
[1518.751s][debug][gc,phases      ] GC(49)   StringDedup Requests1 Weak     Min: 0.00, Avg: 0.00, Max: 0.00, Diff: 0.00, Sum: 0.00, Workers: 4
[1518.751s][debug][gc,phases      ] GC(49)     Dead                           Min: 0, Avg:  0.0, Max: 0, Diff: 0, Sum: 0, Workers: 4
[1518.751s][debug][gc,phases      ] GC(49)     Total                          Min: 0, Avg:  0.0, Max: 0, Diff: 0, Sum: 0, Workers: 4
[1518.751s][debug][gc,phases      ] GC(49)   Weak JFR Old Object Samples    Min: 0.00, Avg: 0.00, Max: 0.00, Diff: 0.00, Sum: 0.00, Workers: 4
[1518.751s][debug][gc,phases      ] GC(49)     Dead                           Min: 0, Avg:  0.0, Max: 0, Diff: 0, Sum: 0, Workers: 4
[1518.751s][debug][gc,phases      ] GC(49)     Total                          Min: 0, Avg:  0.0, Max: 0, Diff: 0, Sum: 0, Workers: 4
[1518.751s][debug][gc,phases      ] GC(49) Weak Processing 0.379ms
[1518.751s][debug][gc,age         ] GC(49) Desired survivor size 55574528 bytes, new threshold 1 (max threshold 15)
[1518.751s][info ][gc,heap        ] GC(49) PSYoungGen: 1979024K(2038784K)->3728K(2034688K) Eden: 1976320K(1976320K)->0K(1976320K) From: 2704K(62464K)->3728K(58368K)
[1518.751s][info ][gc,heap        ] GC(49) ParOldGen: 431197K(431616K)->431901K(432128K)
[1518.751s][info ][gc,metaspace   ] GC(49) Metaspace: 109185K(110464K)->109185K(110464K) NonClass: 93142K(93888K)->93142K(93888K) Class: 16043K(16576K)->16043K(16576K)
[1518.751s][info ][gc             ] GC(49) Pause Young (Allocation Failure) 2353M->425M(2409M) 4.798ms
[1518.751s][info ][gc,cpu         ] GC(49) User=0.01s Sys=0.00s Real=0.01s
[1518.751s][info ][safepoint      ] Safepoint "ParallelCollectForAllocation", Time since last: 49971114663 ns, Reaching safepoint: 6000 ns, At safepoint: 4856977 ns, Leaving safepoint: 2100 ns, Total: 4865077 ns, Threads: 0 runnable, 31 total
[1571.793s][info ][gc,start       ] GC(50) Pause Young (Allocation Failure)
[1571.798s][debug][gc,phases      ] GC(50) Scavenge 4.491ms
[1571.798s][debug][gc,ref         ] GC(50) ReferenceProcessor::execute queues: 1, RefProcThreadModel::Single, marks_oops_alive: false
[1571.798s][debug][gc,ref         ] GC(50) Skipped KeepAliveFinalRefsPhase of Reference Processing: no references
[1571.798s][debug][gc,ref         ] GC(50) Skipped PhantomRefsPhase of Reference Processing: no references
[1571.798s][debug][gc,phases      ] GC(50) Reference Processing 0.095ms
[1571.798s][debug][gc,phases      ] GC(50)   VM Weak                        Min: 0.00, Avg: 0.00, Max: 0.00, Diff: 0.00, Sum: 0.01, Workers: 4
[1571.798s][debug][gc,phases      ] GC(50)     Dead                           Min: 0, Avg:  0.0, Max: 0, Diff: 0, Sum: 0, Workers: 4
[1571.798s][debug][gc,phases      ] GC(50)     Total                          Min: 0, Avg: 229.8, Max: 407, Diff: 407, Sum: 919, Workers: 4
[1571.798s][debug][gc,phases      ] GC(50)   ObjectSynchronizer Weak        Min: 0.00, Avg: 0.00, Max: 0.00, Diff: 0.00, Sum: 0.00, Workers: 4
[1571.798s][debug][gc,phases      ] GC(50)     Dead                           Min: 0, Avg:  0.0, Max: 0, Diff: 0, Sum: 0, Workers: 4
[1571.798s][debug][gc,phases      ] GC(50)     Total                          Min: 0, Avg:  1.5, Max: 6, Diff: 6, Sum: 6, Workers: 4
[1571.798s][debug][gc,phases      ] GC(50)   JVMTI Tag Weak OopStorage      Min: 0.00, Avg: 0.00, Max: 0.00, Diff: 0.00, Sum: 0.00, Workers: 4
[1571.798s][debug][gc,phases      ] GC(50)     Dead                           Min: 0, Avg:  0.0, Max: 0, Diff: 0, Sum: 0, Workers: 4
[1571.798s][debug][gc,phases      ] GC(50)     Total                          Min: 0, Avg:  0.0, Max: 0, Diff: 0, Sum: 0, Workers: 4
[1571.798s][debug][gc,phases      ] GC(50)   StringTable Weak               Min: 0.00, Avg: 0.12, Max: 0.16, Diff: 0.16, Sum: 0.48, Workers: 4
[1571.798s][debug][gc,phases      ] GC(50)     Dead                           Min: 0, Avg:  0.0, Max: 0, Diff: 0, Sum: 0, Workers: 4
[1571.798s][debug][gc,phases      ] GC(50)     Total                          Min: 0, Avg: 12497.0, Max: 16837, Diff: 16837, Sum: 49988, Workers: 4
[1571.798s][debug][gc,phases      ] GC(50)   ResolvedMethodTable Weak       Min: 0.00, Avg: 0.04, Max: 0.05, Diff: 0.05, Sum: 0.16, Workers: 4
[1571.798s][debug][gc,phases      ] GC(50)     Dead                           Min: 0, Avg:  5.0, Max: 10, Diff: 10, Sum: 20, Workers: 4
[1571.798s][debug][gc,phases      ] GC(50)     Total                          Min: 0, Avg: 4156.8, Max: 5641, Diff: 5641, Sum: 16627, Workers: 4
[1571.798s][debug][gc,phases      ] GC(50)   JNI Weak                       Min: 0.00, Avg: 0.00, Max: 0.00, Diff: 0.00, Sum: 0.00, Workers: 4
[1571.798s][debug][gc,phases      ] GC(50)     Dead                           Min: 0, Avg:  0.0, Max: 0, Diff: 0, Sum: 0, Workers: 4
[1571.798s][debug][gc,phases      ] GC(50)     Total                          Min: 0, Avg: 13.0, Max: 48, Diff: 48, Sum: 52, Workers: 4
[1571.798s][debug][gc,phases      ] GC(50)   StringDedup Table Weak         Min: 0.00, Avg: 0.00, Max: 0.00, Diff: 0.00, Sum: 0.00, Workers: 4
[1571.798s][debug][gc,phases      ] GC(50)     Dead                           Min: 0, Avg:  0.0, Max: 0, Diff: 0, Sum: 0, Workers: 4
[1571.798s][debug][gc,phases      ] GC(50)     Total                          Min: 0, Avg:  0.0, Max: 0, Diff: 0, Sum: 0, Workers: 4
[1571.798s][debug][gc,phases      ] GC(50)   StringDedup Requests0 Weak     Min: 0.00, Avg: 0.00, Max: 0.00, Diff: 0.00, Sum: 0.00, Workers: 4
[1571.798s][debug][gc,phases      ] GC(50)     Dead                           Min: 0, Avg:  0.0, Max: 0, Diff: 0, Sum: 0, Workers: 4
[1571.798s][debug][gc,phases      ] GC(50)     Total                          Min: 0, Avg:  0.0, Max: 0, Diff: 0, Sum: 0, Workers: 4
[1571.798s][debug][gc,phases      ] GC(50)   StringDedup Requests1 Weak     Min: 0.00, Avg: 0.00, Max: 0.00, Diff: 0.00, Sum: 0.00, Workers: 4
[1571.798s][debug][gc,phases      ] GC(50)     Dead                           Min: 0, Avg:  0.0, Max: 0, Diff: 0, Sum: 0, Workers: 4
[1571.798s][debug][gc,phases      ] GC(50)     Total                          Min: 0, Avg:  0.0, Max: 0, Diff: 0, Sum: 0, Workers: 4
[1571.798s][debug][gc,phases      ] GC(50)   Weak JFR Old Object Samples    Min: 0.00, Avg: 0.00, Max: 0.00, Diff: 0.00, Sum: 0.00, Workers: 4
[1571.798s][debug][gc,phases      ] GC(50)     Dead                           Min: 0, Avg:  0.0, Max: 0, Diff: 0, Sum: 0, Workers: 4
[1571.798s][debug][gc,phases      ] GC(50)     Total                          Min: 0, Avg:  0.0, Max: 0, Diff: 0, Sum: 0, Workers: 4
[1571.798s][debug][gc,phases      ] GC(50) Weak Processing 0.408ms
[1571.798s][debug][gc,age         ] GC(50) Desired survivor size 51380224 bytes, new threshold 1 (max threshold 15)
[1571.798s][info ][gc,heap        ] GC(50) PSYoungGen: 1980048K(2034688K)->3504K(2046976K) Eden: 1976320K(1976320K)->0K(1992704K) From: 3728K(58368K)->3504K(54272K)
[1571.798s][info ][gc,heap        ] GC(50) ParOldGen: 431901K(432128K)->433210K(433664K)
[1571.798s][info ][gc,metaspace   ] GC(50) Metaspace: 109195K(110464K)->109195K(110464K) NonClass: 93151K(93888K)->93151K(93888K) Class: 16043K(16576K)->16043K(16576K)
[1571.798s][info ][gc             ] GC(50) Pause Young (Allocation Failure) 2355M->426M(2422M) 5.095ms
[1571.798s][info ][gc,cpu         ] GC(50) User=0.01s Sys=0.00s Real=0.00s
[1571.798s][info ][safepoint      ] Safepoint "ParallelCollectForAllocation", Time since last: 53041945806 ns, Reaching safepoint: 99500 ns, At safepoint: 5160175 ns, Leaving safepoint: 7100 ns, Total: 5266775 ns, Threads: 1 runnable, 31 total
[1623.804s][info ][gc,start       ] GC(51) Pause Young (Allocation Failure)
[1623.812s][debug][gc,phases      ] GC(51) Scavenge 8.271ms
[1623.813s][debug][gc,ref         ] GC(51) ReferenceProcessor::execute queues: 1, RefProcThreadModel::Single, marks_oops_alive: false
[1623.813s][debug][gc,ref         ] GC(51) Skipped KeepAliveFinalRefsPhase of Reference Processing: no references
[1623.813s][debug][gc,ref         ] GC(51) Skipped PhantomRefsPhase of Reference Processing: no references
[1623.813s][debug][gc,phases      ] GC(51) Reference Processing 0.113ms
[1623.813s][debug][gc,phases      ] GC(51)   VM Weak                        Min: 0.00, Avg: 0.00, Max: 0.01, Diff: 0.01, Sum: 0.01, Workers: 4
[1623.813s][debug][gc,phases      ] GC(51)     Dead                           Min: 0, Avg:  0.0, Max: 0, Diff: 0, Sum: 0, Workers: 4
[1623.813s][debug][gc,phases      ] GC(51)     Total                          Min: 0, Avg: 229.8, Max: 919, Diff: 919, Sum: 919, Workers: 4
[1623.813s][debug][gc,phases      ] GC(51)   ObjectSynchronizer Weak        Min: 0.00, Avg: 0.00, Max: 0.00, Diff: 0.00, Sum: 0.00, Workers: 4
[1623.813s][debug][gc,phases      ] GC(51)     Dead                           Min: 0, Avg:  0.0, Max: 0, Diff: 0, Sum: 0, Workers: 4
[1623.813s][debug][gc,phases      ] GC(51)     Total                          Min: 0, Avg:  1.2, Max: 5, Diff: 5, Sum: 5, Workers: 4
[1623.813s][debug][gc,phases      ] GC(51)   JVMTI Tag Weak OopStorage      Min: 0.00, Avg: 0.00, Max: 0.00, Diff: 0.00, Sum: 0.00, Workers: 4
[1623.813s][debug][gc,phases      ] GC(51)     Dead                           Min: 0, Avg:  0.0, Max: 0, Diff: 0, Sum: 0, Workers: 4
[1623.813s][debug][gc,phases      ] GC(51)     Total                          Min: 0, Avg:  0.0, Max: 0, Diff: 0, Sum: 0, Workers: 4
[1623.813s][debug][gc,phases      ] GC(51)   StringTable Weak               Min: 0.00, Avg: 0.09, Max: 0.37, Diff: 0.37, Sum: 0.37, Workers: 4
[1623.813s][debug][gc,phases      ] GC(51)     Dead                           Min: 0, Avg:  0.0, Max: 0, Diff: 0, Sum: 0, Workers: 4
[1623.813s][debug][gc,phases      ] GC(51)     Total                          Min: 0, Avg: 12497.0, Max: 49988, Diff: 49988, Sum: 49988, Workers: 4
[1623.813s][debug][gc,phases      ] GC(51)   ResolvedMethodTable Weak       Min: 0.00, Avg: 0.03, Max: 0.12, Diff: 0.12, Sum: 0.12, Workers: 4
[1623.813s][debug][gc,phases      ] GC(51)     Dead                           Min: 0, Avg:  5.0, Max: 20, Diff: 20, Sum: 20, Workers: 4
[1623.813s][debug][gc,phases      ] GC(51)     Total                          Min: 0, Avg: 4156.8, Max: 16627, Diff: 16627, Sum: 16627, Workers: 4
[1623.813s][debug][gc,phases      ] GC(51)   JNI Weak                       Min: 0.00, Avg: 0.00, Max: 0.00, Diff: 0.00, Sum: 0.00, Workers: 4
[1623.813s][debug][gc,phases      ] GC(51)     Dead                           Min: 0, Avg:  0.0, Max: 0, Diff: 0, Sum: 0, Workers: 4
[1623.813s][debug][gc,phases      ] GC(51)     Total                          Min: 0, Avg: 13.0, Max: 52, Diff: 52, Sum: 52, Workers: 4
[1623.813s][debug][gc,phases      ] GC(51)   StringDedup Table Weak         Min: 0.00, Avg: 0.00, Max: 0.00, Diff: 0.00, Sum: 0.00, Workers: 4
[1623.813s][debug][gc,phases      ] GC(51)     Dead                           Min: 0, Avg:  0.0, Max: 0, Diff: 0, Sum: 0, Workers: 4
[1623.813s][debug][gc,phases      ] GC(51)     Total                          Min: 0, Avg:  0.0, Max: 0, Diff: 0, Sum: 0, Workers: 4
[1623.813s][debug][gc,phases      ] GC(51)   StringDedup Requests0 Weak     Min: 0.00, Avg: 0.00, Max: 0.00, Diff: 0.00, Sum: 0.00, Workers: 4
[1623.813s][debug][gc,phases      ] GC(51)     Dead                           Min: 0, Avg:  0.0, Max: 0, Diff: 0, Sum: 0, Workers: 4
[1623.813s][debug][gc,phases      ] GC(51)     Total                          Min: 0, Avg:  0.0, Max: 0, Diff: 0, Sum: 0, Workers: 4
[1623.813s][debug][gc,phases      ] GC(51)   StringDedup Requests1 Weak     Min: 0.00, Avg: 0.00, Max: 0.00, Diff: 0.00, Sum: 0.00, Workers: 4
[1623.813s][debug][gc,phases      ] GC(51)     Dead                           Min: 0, Avg:  0.0, Max: 0, Diff: 0, Sum: 0, Workers: 4
[1623.813s][debug][gc,phases      ] GC(51)     Total                          Min: 0, Avg:  0.0, Max: 0, Diff: 0, Sum: 0, Workers: 4
[1623.813s][debug][gc,phases      ] GC(51)   Weak JFR Old Object Samples    Min: 0.00, Avg: 0.00, Max: 0.00, Diff: 0.00, Sum: 0.00, Workers: 4
[1623.813s][debug][gc,phases      ] GC(51)     Dead                           Min: 0, Avg:  0.0, Max: 0, Diff: 0, Sum: 0, Workers: 4
[1623.813s][debug][gc,phases      ] GC(51)     Total                          Min: 0, Avg:  0.0, Max: 0, Diff: 0, Sum: 0, Workers: 4
[1623.813s][debug][gc,phases      ] GC(51) Weak Processing 0.757ms
[1623.813s][debug][gc,age         ] GC(51) Desired survivor size 47710208 bytes, new threshold 1 (max threshold 15)
[1623.813s][info ][gc,heap        ] GC(51) PSYoungGen: 1996208K(2046976K)->4368K(2042880K) Eden: 1992704K(1992704K)->0K(1992704K) From: 3504K(54272K)->4368K(50176K)
[1623.813s][info ][gc,heap        ] GC(51) ParOldGen: 433210K(433664K)->433850K(434176K)
[1623.813s][info ][gc,metaspace   ] GC(51) Metaspace: 109197K(110464K)->109197K(110464K) NonClass: 93154K(93888K)->93154K(93888K) Class: 16043K(16576K)->16043K(16576K)
[1623.813s][info ][gc             ] GC(51) Pause Young (Allocation Failure) 2372M->427M(2419M) 9.265ms
[1623.813s][info ][gc,cpu         ] GC(51) User=0.01s Sys=0.00s Real=0.01s
[1623.813s][info ][safepoint      ] Safepoint "ParallelCollectForAllocation", Time since last: 52005952095 ns, Reaching safepoint: 21600 ns, At safepoint: 9338455 ns, Leaving safepoint: 1800 ns, Total: 9361855 ns, Threads: 0 runnable, 27 total
[1676.802s][info ][gc,start       ] GC(52) Pause Young (Allocation Failure)
[1676.805s][debug][gc,phases      ] GC(52) Scavenge 3.269ms
[1676.805s][debug][gc,ref         ] GC(52) ReferenceProcessor::execute queues: 1, RefProcThreadModel::Single, marks_oops_alive: false
[1676.805s][debug][gc,ref         ] GC(52) Skipped KeepAliveFinalRefsPhase of Reference Processing: no references
[1676.805s][debug][gc,ref         ] GC(52) Skipped PhantomRefsPhase of Reference Processing: no references
[1676.805s][debug][gc,phases      ] GC(52) Reference Processing 0.109ms
[1676.806s][debug][gc,phases      ] GC(52)   VM Weak                        Min: 0.00, Avg: 0.00, Max: 0.01, Diff: 0.01, Sum: 0.01, Workers: 4
[1676.806s][debug][gc,phases      ] GC(52)     Dead                           Min: 0, Avg:  0.0, Max: 0, Diff: 0, Sum: 0, Workers: 4
[1676.806s][debug][gc,phases      ] GC(52)     Total                          Min: 0, Avg: 229.8, Max: 640, Diff: 640, Sum: 919, Workers: 4
[1676.806s][debug][gc,phases      ] GC(52)   ObjectSynchronizer Weak        Min: 0.00, Avg: 0.00, Max: 0.00, Diff: 0.00, Sum: 0.00, Workers: 4
[1676.806s][debug][gc,phases      ] GC(52)     Dead                           Min: 0, Avg:  0.0, Max: 0, Diff: 0, Sum: 0, Workers: 4
[1676.806s][debug][gc,phases      ] GC(52)     Total                          Min: 0, Avg:  1.2, Max: 5, Diff: 5, Sum: 5, Workers: 4
[1676.806s][debug][gc,phases      ] GC(52)   JVMTI Tag Weak OopStorage      Min: 0.00, Avg: 0.00, Max: 0.00, Diff: 0.00, Sum: 0.00, Workers: 4
[1676.806s][debug][gc,phases      ] GC(52)     Dead                           Min: 0, Avg:  0.0, Max: 0, Diff: 0, Sum: 0, Workers: 4
[1676.806s][debug][gc,phases      ] GC(52)     Total                          Min: 0, Avg:  0.0, Max: 0, Diff: 0, Sum: 0, Workers: 4
[1676.806s][debug][gc,phases      ] GC(52)   StringTable Weak               Min: 0.00, Avg: 0.10, Max: 0.13, Diff: 0.13, Sum: 0.39, Workers: 4
[1676.806s][debug][gc,phases      ] GC(52)     Dead                           Min: 0, Avg:  0.0, Max: 0, Diff: 0, Sum: 0, Workers: 4
[1676.806s][debug][gc,phases      ] GC(52)     Total                          Min: 0, Avg: 12497.0, Max: 21183, Diff: 21183, Sum: 49988, Workers: 4
[1676.806s][debug][gc,phases      ] GC(52)   ResolvedMethodTable Weak       Min: 0.00, Avg: 0.03, Max: 0.04, Diff: 0.04, Sum: 0.13, Workers: 4
[1676.806s][debug][gc,phases      ] GC(52)     Dead                           Min: 0, Avg:  5.0, Max: 14, Diff: 14, Sum: 20, Workers: 4
[1676.806s][debug][gc,phases      ] GC(52)     Total                          Min: 0, Avg: 4156.8, Max: 7051, Diff: 7051, Sum: 16627, Workers: 4
[1676.806s][debug][gc,phases      ] GC(52)   JNI Weak                       Min: 0.00, Avg: 0.00, Max: 0.00, Diff: 0.00, Sum: 0.00, Workers: 4
[1676.806s][debug][gc,phases      ] GC(52)     Dead                           Min: 0, Avg:  0.0, Max: 0, Diff: 0, Sum: 0, Workers: 4
[1676.806s][debug][gc,phases      ] GC(52)     Total                          Min: 0, Avg: 13.0, Max: 48, Diff: 48, Sum: 52, Workers: 4
[1676.806s][debug][gc,phases      ] GC(52)   StringDedup Table Weak         Min: 0.00, Avg: 0.00, Max: 0.00, Diff: 0.00, Sum: 0.00, Workers: 4
[1676.806s][debug][gc,phases      ] GC(52)     Dead                           Min: 0, Avg:  0.0, Max: 0, Diff: 0, Sum: 0, Workers: 4
[1676.806s][debug][gc,phases      ] GC(52)     Total                          Min: 0, Avg:  0.0, Max: 0, Diff: 0, Sum: 0, Workers: 4
[1676.806s][debug][gc,phases      ] GC(52)   StringDedup Requests0 Weak     Min: 0.00, Avg: 0.00, Max: 0.00, Diff: 0.00, Sum: 0.00, Workers: 4
[1676.806s][debug][gc,phases      ] GC(52)     Dead                           Min: 0, Avg:  0.0, Max: 0, Diff: 0, Sum: 0, Workers: 4
[1676.806s][debug][gc,phases      ] GC(52)     Total                          Min: 0, Avg:  0.0, Max: 0, Diff: 0, Sum: 0, Workers: 4
[1676.806s][debug][gc,phases      ] GC(52)   StringDedup Requests1 Weak     Min: 0.00, Avg: 0.00, Max: 0.00, Diff: 0.00, Sum: 0.00, Workers: 4
[1676.806s][debug][gc,phases      ] GC(52)     Dead                           Min: 0, Avg:  0.0, Max: 0, Diff: 0, Sum: 0, Workers: 4
[1676.806s][debug][gc,phases      ] GC(52)     Total                          Min: 0, Avg:  0.0, Max: 0, Diff: 0, Sum: 0, Workers: 4
[1676.806s][debug][gc,phases      ] GC(52)   Weak JFR Old Object Samples    Min: 0.00, Avg: 0.00, Max: 0.00, Diff: 0.00, Sum: 0.00, Workers: 4
[1676.806s][debug][gc,phases      ] GC(52)     Dead                           Min: 0, Avg:  0.0, Max: 0, Diff: 0, Sum: 0, Workers: 4
[1676.806s][debug][gc,phases      ] GC(52)     Total                          Min: 0, Avg:  0.0, Max: 0, Diff: 0, Sum: 0, Workers: 4
[1676.806s][debug][gc,phases      ] GC(52) Weak Processing 0.374ms
[1676.806s][debug][gc,age         ] GC(52) Desired survivor size 44564480 bytes, new threshold 1 (max threshold 15)
[1676.806s][info ][gc,heap        ] GC(52) PSYoungGen: 1997072K(2042880K)->3232K(2053632K) Eden: 1992704K(1992704K)->0K(2007040K) From: 4368K(50176K)->3232K(46592K)
[1676.806s][info ][gc,heap        ] GC(52) ParOldGen: 433850K(434176K)->435786K(436224K)
[1676.806s][info ][gc,metaspace   ] GC(52) Metaspace: 109207K(110464K)->109207K(110464K) NonClass: 93163K(93888K)->93163K(93888K) Class: 16043K(16576K)->16043K(16576K)
[1676.806s][info ][gc             ] GC(52) Pause Young (Allocation Failure) 2373M->428M(2431M) 3.850ms
[1676.806s][info ][gc,cpu         ] GC(52) User=0.01s Sys=0.00s Real=0.00s
[1676.806s][info ][safepoint      ] Safepoint "ParallelCollectForAllocation", Time since last: 52988432344 ns, Reaching safepoint: 26200 ns, At safepoint: 3909581 ns, Leaving safepoint: 1800 ns, Total: 3937581 ns, Threads: 0 runnable, 27 total
[1728.642s][info ][gc,start       ] GC(53) Pause Young (Allocation Failure)
[1728.645s][debug][gc,phases      ] GC(53) Scavenge 3.079ms
[1728.645s][debug][gc,ref         ] GC(53) ReferenceProcessor::execute queues: 1, RefProcThreadModel::Single, marks_oops_alive: false
[1728.645s][debug][gc,ref         ] GC(53) Skipped KeepAliveFinalRefsPhase of Reference Processing: no references
[1728.645s][debug][gc,ref         ] GC(53) Skipped PhantomRefsPhase of Reference Processing: no references
[1728.645s][debug][gc,phases      ] GC(53) Reference Processing 0.091ms
[1728.645s][debug][gc,phases      ] GC(53)   VM Weak                        Min: 0.00, Avg: 0.00, Max: 0.01, Diff: 0.01, Sum: 0.01, Workers: 4
[1728.646s][debug][gc,phases      ] GC(53)     Dead                           Min: 0, Avg:  0.0, Max: 0, Diff: 0, Sum: 0, Workers: 4
[1728.646s][debug][gc,phases      ] GC(53)     Total                          Min: 0, Avg: 229.8, Max: 727, Diff: 727, Sum: 919, Workers: 4
[1728.646s][debug][gc,phases      ] GC(53)   ObjectSynchronizer Weak        Min: 0.00, Avg: 0.00, Max: 0.00, Diff: 0.00, Sum: 0.00, Workers: 4
[1728.646s][debug][gc,phases      ] GC(53)     Dead                           Min: 0, Avg:  0.0, Max: 0, Diff: 0, Sum: 0, Workers: 4
[1728.646s][debug][gc,phases      ] GC(53)     Total                          Min: 0, Avg:  1.2, Max: 5, Diff: 5, Sum: 5, Workers: 4
[1728.646s][debug][gc,phases      ] GC(53)   JVMTI Tag Weak OopStorage      Min: 0.00, Avg: 0.00, Max: 0.00, Diff: 0.00, Sum: 0.00, Workers: 4
[1728.646s][debug][gc,phases      ] GC(53)     Dead                           Min: 0, Avg:  0.0, Max: 0, Diff: 0, Sum: 0, Workers: 4
[1728.646s][debug][gc,phases      ] GC(53)     Total                          Min: 0, Avg:  0.0, Max: 0, Diff: 0, Sum: 0, Workers: 4
[1728.646s][debug][gc,phases      ] GC(53)   StringTable Weak               Min: 0.00, Avg: 0.12, Max: 0.16, Diff: 0.16, Sum: 0.49, Workers: 4
[1728.646s][debug][gc,phases      ] GC(53)     Dead                           Min: 0, Avg:  0.0, Max: 0, Diff: 0, Sum: 0, Workers: 4
[1728.646s][debug][gc,phases      ] GC(53)     Total                          Min: 0, Avg: 12497.0, Max: 17344, Diff: 17344, Sum: 49988, Workers: 4
[1728.646s][debug][gc,phases      ] GC(53)   ResolvedMethodTable Weak       Min: 0.00, Avg: 0.04, Max: 0.05, Diff: 0.05, Sum: 0.15, Workers: 4
[1728.646s][debug][gc,phases      ] GC(53)     Dead                           Min: 0, Avg:  5.0, Max: 9, Diff: 9, Sum: 20, Workers: 4
[1728.646s][debug][gc,phases      ] GC(53)     Total                          Min: 0, Avg: 4156.8, Max: 5665, Diff: 5665, Sum: 16627, Workers: 4
[1728.646s][debug][gc,phases      ] GC(53)   JNI Weak                       Min: 0.00, Avg: 0.00, Max: 0.00, Diff: 0.00, Sum: 0.00, Workers: 4
[1728.646s][debug][gc,phases      ] GC(53)     Dead                           Min: 0, Avg:  0.0, Max: 0, Diff: 0, Sum: 0, Workers: 4
[1728.646s][debug][gc,phases      ] GC(53)     Total                          Min: 0, Avg: 13.0, Max: 48, Diff: 48, Sum: 52, Workers: 4
[1728.646s][debug][gc,phases      ] GC(53)   StringDedup Table Weak         Min: 0.00, Avg: 0.00, Max: 0.00, Diff: 0.00, Sum: 0.00, Workers: 4
[1728.646s][debug][gc,phases      ] GC(53)     Dead                           Min: 0, Avg:  0.0, Max: 0, Diff: 0, Sum: 0, Workers: 4
[1728.646s][debug][gc,phases      ] GC(53)     Total                          Min: 0, Avg:  0.0, Max: 0, Diff: 0, Sum: 0, Workers: 4
[1728.646s][debug][gc,phases      ] GC(53)   StringDedup Requests0 Weak     Min: 0.00, Avg: 0.00, Max: 0.00, Diff: 0.00, Sum: 0.00, Workers: 4
[1728.646s][debug][gc,phases      ] GC(53)     Dead                           Min: 0, Avg:  0.0, Max: 0, Diff: 0, Sum: 0, Workers: 4
[1728.646s][debug][gc,phases      ] GC(53)     Total                          Min: 0, Avg:  0.0, Max: 0, Diff: 0, Sum: 0, Workers: 4
[1728.646s][debug][gc,phases      ] GC(53)   StringDedup Requests1 Weak     Min: 0.00, Avg: 0.00, Max: 0.00, Diff: 0.00, Sum: 0.00, Workers: 4
[1728.646s][debug][gc,phases      ] GC(53)     Dead                           Min: 0, Avg:  0.0, Max: 0, Diff: 0, Sum: 0, Workers: 4
[1728.646s][debug][gc,phases      ] GC(53)     Total                          Min: 0, Avg:  0.0, Max: 0, Diff: 0, Sum: 0, Workers: 4
[1728.646s][debug][gc,phases      ] GC(53)   Weak JFR Old Object Samples    Min: 0.00, Avg: 0.00, Max: 0.00, Diff: 0.00, Sum: 0.00, Workers: 4
[1728.646s][debug][gc,phases      ] GC(53)     Dead                           Min: 0, Avg:  0.0, Max: 0, Diff: 0, Sum: 0, Workers: 4
[1728.646s][debug][gc,phases      ] GC(53)     Total                          Min: 0, Avg:  0.0, Max: 0, Diff: 0, Sum: 0, Workers: 4
[1728.646s][debug][gc,phases      ] GC(53) Weak Processing 0.399ms
[1728.646s][debug][gc,age         ] GC(53) Desired survivor size 41418752 bytes, new threshold 1 (max threshold 15)
[1728.646s][info ][gc,heap        ] GC(53) PSYoungGen: 2010272K(2053632K)->4064K(2050560K) Eden: 2007040K(2007040K)->0K(2007040K) From: 3232K(46592K)->4064K(43520K)
[1728.646s][info ][gc,heap        ] GC(53) ParOldGen: 435786K(436224K)->436467K(436736K)
[1728.646s][info ][gc,metaspace   ] GC(53) Metaspace: 109212K(110464K)->109212K(110464K) NonClass: 93169K(93888K)->93169K(93888K) Class: 16043K(16576K)->16043K(16576K)
[1728.646s][info ][gc             ] GC(53) Pause Young (Allocation Failure) 2388M->430M(2429M) 3.672ms
[1728.646s][info ][gc,cpu         ] GC(53) User=0.02s Sys=0.00s Real=0.00s
[1728.646s][info ][safepoint      ] Safepoint "ParallelCollectForAllocation", Time since last: 51836071875 ns, Reaching safepoint: 79499 ns, At safepoint: 3729882 ns, Leaving safepoint: 7000 ns, Total: 3816381 ns, Threads: 1 runnable, 26 total
[1779.844s][info ][gc,start       ] GC(54) Pause Young (Allocation Failure)
[1779.848s][debug][gc,phases      ] GC(54) Scavenge 4.206ms
[1779.848s][debug][gc,ref         ] GC(54) ReferenceProcessor::execute queues: 1, RefProcThreadModel::Single, marks_oops_alive: false
[1779.848s][debug][gc,ref         ] GC(54) Skipped KeepAliveFinalRefsPhase of Reference Processing: no references
[1779.848s][debug][gc,ref         ] GC(54) Skipped PhantomRefsPhase of Reference Processing: no references
[1779.848s][debug][gc,phases      ] GC(54) Reference Processing 0.101ms
[1779.849s][debug][gc,phases      ] GC(54)   VM Weak                        Min: 0.00, Avg: 0.00, Max: 0.01, Diff: 0.01, Sum: 0.01, Workers: 4
[1779.849s][debug][gc,phases      ] GC(54)     Dead                           Min: 0, Avg:  0.0, Max: 0, Diff: 0, Sum: 0, Workers: 4
[1779.849s][debug][gc,phases      ] GC(54)     Total                          Min: 0, Avg: 229.8, Max: 599, Diff: 599, Sum: 919, Workers: 4
[1779.849s][debug][gc,phases      ] GC(54)   ObjectSynchronizer Weak        Min: 0.00, Avg: 0.00, Max: 0.00, Diff: 0.00, Sum: 0.00, Workers: 4
[1779.849s][debug][gc,phases      ] GC(54)     Dead                           Min: 0, Avg:  0.0, Max: 0, Diff: 0, Sum: 0, Workers: 4
[1779.849s][debug][gc,phases      ] GC(54)     Total                          Min: 0, Avg:  1.2, Max: 5, Diff: 5, Sum: 5, Workers: 4
[1779.849s][debug][gc,phases      ] GC(54)   JVMTI Tag Weak OopStorage      Min: 0.00, Avg: 0.00, Max: 0.00, Diff: 0.00, Sum: 0.00, Workers: 4
[1779.849s][debug][gc,phases      ] GC(54)     Dead                           Min: 0, Avg:  0.0, Max: 0, Diff: 0, Sum: 0, Workers: 4
[1779.849s][debug][gc,phases      ] GC(54)     Total                          Min: 0, Avg:  0.0, Max: 0, Diff: 0, Sum: 0, Workers: 4
[1779.849s][debug][gc,phases      ] GC(54)   StringTable Weak               Min: 0.00, Avg: 0.11, Max: 0.15, Diff: 0.15, Sum: 0.46, Workers: 4
[1779.849s][debug][gc,phases      ] GC(54)     Dead                           Min: 0, Avg:  0.0, Max: 0, Diff: 0, Sum: 0, Workers: 4
[1779.849s][debug][gc,phases      ] GC(54)     Total                          Min: 0, Avg: 12497.2, Max: 16774, Diff: 16774, Sum: 49989, Workers: 4
[1779.849s][debug][gc,phases      ] GC(54)   ResolvedMethodTable Weak       Min: 0.00, Avg: 0.04, Max: 0.05, Diff: 0.05, Sum: 0.16, Workers: 4
[1779.849s][debug][gc,phases      ] GC(54)     Dead                           Min: 0, Avg:  5.0, Max: 13, Diff: 13, Sum: 20, Workers: 4
[1779.849s][debug][gc,phases      ] GC(54)     Total                          Min: 0, Avg: 4156.8, Max: 5639, Diff: 5639, Sum: 16627, Workers: 4
[1779.849s][debug][gc,phases      ] GC(54)   JNI Weak                       Min: 0.00, Avg: 0.00, Max: 0.00, Diff: 0.00, Sum: 0.00, Workers: 4
[1779.849s][debug][gc,phases      ] GC(54)     Dead                           Min: 0, Avg:  0.0, Max: 0, Diff: 0, Sum: 0, Workers: 4
[1779.849s][debug][gc,phases      ] GC(54)     Total                          Min: 0, Avg: 13.0, Max: 48, Diff: 48, Sum: 52, Workers: 4
[1779.849s][debug][gc,phases      ] GC(54)   StringDedup Table Weak         Min: 0.00, Avg: 0.00, Max: 0.00, Diff: 0.00, Sum: 0.00, Workers: 4
[1779.849s][debug][gc,phases      ] GC(54)     Dead                           Min: 0, Avg:  0.0, Max: 0, Diff: 0, Sum: 0, Workers: 4
[1779.849s][debug][gc,phases      ] GC(54)     Total                          Min: 0, Avg:  0.0, Max: 0, Diff: 0, Sum: 0, Workers: 4
[1779.849s][debug][gc,phases      ] GC(54)   StringDedup Requests0 Weak     Min: 0.00, Avg: 0.00, Max: 0.00, Diff: 0.00, Sum: 0.00, Workers: 4
[1779.849s][debug][gc,phases      ] GC(54)     Dead                           Min: 0, Avg:  0.0, Max: 0, Diff: 0, Sum: 0, Workers: 4
[1779.849s][debug][gc,phases      ] GC(54)     Total                          Min: 0, Avg:  0.0, Max: 0, Diff: 0, Sum: 0, Workers: 4
[1779.849s][debug][gc,phases      ] GC(54)   StringDedup Requests1 Weak     Min: 0.00, Avg: 0.00, Max: 0.00, Diff: 0.00, Sum: 0.00, Workers: 4
[1779.849s][debug][gc,phases      ] GC(54)     Dead                           Min: 0, Avg:  0.0, Max: 0, Diff: 0, Sum: 0, Workers: 4
[1779.849s][debug][gc,phases      ] GC(54)     Total                          Min: 0, Avg:  0.0, Max: 0, Diff: 0, Sum: 0, Workers: 4
[1779.849s][debug][gc,phases      ] GC(54)   Weak JFR Old Object Samples    Min: 0.00, Avg: 0.00, Max: 0.00, Diff: 0.00, Sum: 0.00, Workers: 4
[1779.849s][debug][gc,phases      ] GC(54)     Dead                           Min: 0, Avg:  0.0, Max: 0, Diff: 0, Sum: 0, Workers: 4
[1779.849s][debug][gc,phases      ] GC(54)     Total                          Min: 0, Avg:  0.0, Max: 0, Diff: 0, Sum: 0, Workers: 4
[1779.849s][debug][gc,phases      ] GC(54) Weak Processing 0.393ms
[1779.849s][debug][gc,age         ] GC(54) Desired survivor size 38797312 bytes, new threshold 1 (max threshold 15)
[1779.849s][info ][gc,heap        ] GC(54) PSYoungGen: 2011104K(2050560K)->3376K(2059264K) Eden: 2007040K(2007040K)->0K(2018816K) From: 4064K(43520K)->3376K(40448K)
[1779.849s][info ][gc,heap        ] GC(54) ParOldGen: 436467K(436736K)->437619K(437760K)
[1779.849s][info ][gc,metaspace   ] GC(54) Metaspace: 109213K(110464K)->109213K(110464K) NonClass: 93170K(93888K)->93170K(93888K) Class: 16043K(16576K)->16043K(16576K)
[1779.849s][info ][gc             ] GC(54) Pause Young (Allocation Failure) 2390M->430M(2438M) 4.800ms
[1779.849s][info ][gc,cpu         ] GC(54) User=0.01s Sys=0.00s Real=0.01s
[1779.849s][info ][safepoint      ] Safepoint "ParallelCollectForAllocation", Time since last: 51198092546 ns, Reaching safepoint: 91200 ns, At safepoint: 4859276 ns, Leaving safepoint: 8500 ns, Total: 4958976 ns, Threads: 1 runnable, 26 total
[1796.176s][info ][gc,start       ] GC(55) Pause Young (Allocation Failure)
[1796.221s][debug][gc,phases      ] GC(55) Scavenge 44.947ms
[1796.221s][debug][gc,ref         ] GC(55) Skipped SoftWeakFinalRefsPhase of Reference Processing: no references
[1796.221s][debug][gc,ref         ] GC(55) Skipped KeepAliveFinalRefsPhase of Reference Processing: no references
[1796.221s][debug][gc,ref         ] GC(55) ReferenceProcessor::execute queues: 1, RefProcThreadModel::Single, marks_oops_alive: false
[1796.221s][debug][gc,phases      ] GC(55) Reference Processing 0.117ms
[1796.222s][debug][gc,phases      ] GC(55)   VM Weak                        Min: 0.00, Avg: 0.00, Max: 0.01, Diff: 0.01, Sum: 0.01, Workers: 4
[1796.222s][debug][gc,phases      ] GC(55)     Dead                           Min: 0, Avg:  0.0, Max: 0, Diff: 0, Sum: 0, Workers: 4
[1796.222s][debug][gc,phases      ] GC(55)     Total                          Min: 0, Avg: 229.8, Max: 919, Diff: 919, Sum: 919, Workers: 4
[1796.222s][debug][gc,phases      ] GC(55)   ObjectSynchronizer Weak        Min: 0.00, Avg: 0.00, Max: 0.00, Diff: 0.00, Sum: 0.00, Workers: 4
[1796.222s][debug][gc,phases      ] GC(55)     Dead                           Min: 0, Avg:  0.5, Max: 2, Diff: 2, Sum: 2, Workers: 4
[1796.222s][debug][gc,phases      ] GC(55)     Total                          Min: 0, Avg:  2.5, Max: 10, Diff: 10, Sum: 10, Workers: 4
[1796.222s][debug][gc,phases      ] GC(55)   JVMTI Tag Weak OopStorage      Min: 0.00, Avg: 0.00, Max: 0.00, Diff: 0.00, Sum: 0.00, Workers: 4
[1796.222s][debug][gc,phases      ] GC(55)     Dead                           Min: 0, Avg:  0.0, Max: 0, Diff: 0, Sum: 0, Workers: 4
[1796.222s][debug][gc,phases      ] GC(55)     Total                          Min: 0, Avg:  0.0, Max: 0, Diff: 0, Sum: 0, Workers: 4
[1796.222s][debug][gc,phases      ] GC(55)   StringTable Weak               Min: 0.11, Avg: 0.11, Max: 0.12, Diff: 0.01, Sum: 0.45, Workers: 4
[1796.222s][debug][gc,phases      ] GC(55)     Dead                           Min: 0, Avg:  0.5, Max: 1, Diff: 1, Sum: 2, Workers: 4
[1796.222s][debug][gc,phases      ] GC(55)     Total                          Min: 11968, Avg: 12517.5, Max: 13143, Diff: 1175, Sum: 50070, Workers: 4
[1796.222s][debug][gc,phases      ] GC(55)   ResolvedMethodTable Weak       Min: 0.04, Avg: 0.04, Max: 0.04, Diff: 0.00, Sum: 0.15, Workers: 4
[1796.222s][debug][gc,phases      ] GC(55)     Dead                           Min: 6, Avg: 11.0, Max: 14, Diff: 8, Sum: 44, Workers: 4
[1796.222s][debug][gc,phases      ] GC(55)     Total                          Min: 3987, Avg: 4165.2, Max: 4329, Diff: 342, Sum: 16661, Workers: 4
[1796.222s][debug][gc,phases      ] GC(55)   JNI Weak                       Min: 0.00, Avg: 0.00, Max: 0.00, Diff: 0.00, Sum: 0.00, Workers: 4
[1796.222s][debug][gc,phases      ] GC(55)     Dead                           Min: 0, Avg:  0.0, Max: 0, Diff: 0, Sum: 0, Workers: 4
[1796.222s][debug][gc,phases      ] GC(55)     Total                          Min: 0, Avg: 13.5, Max: 48, Diff: 48, Sum: 54, Workers: 4
[1796.222s][debug][gc,phases      ] GC(55)   StringDedup Table Weak         Min: 0.00, Avg: 0.00, Max: 0.00, Diff: 0.00, Sum: 0.00, Workers: 4
[1796.222s][debug][gc,phases      ] GC(55)     Dead                           Min: 0, Avg:  0.0, Max: 0, Diff: 0, Sum: 0, Workers: 4
[1796.222s][debug][gc,phases      ] GC(55)     Total                          Min: 0, Avg:  0.0, Max: 0, Diff: 0, Sum: 0, Workers: 4
[1796.222s][debug][gc,phases      ] GC(55)   StringDedup Requests0 Weak     Min: 0.00, Avg: 0.00, Max: 0.00, Diff: 0.00, Sum: 0.00, Workers: 4
[1796.222s][debug][gc,phases      ] GC(55)     Dead                           Min: 0, Avg:  0.0, Max: 0, Diff: 0, Sum: 0, Workers: 4
[1796.222s][debug][gc,phases      ] GC(55)     Total                          Min: 0, Avg:  0.0, Max: 0, Diff: 0, Sum: 0, Workers: 4
[1796.222s][debug][gc,phases      ] GC(55)   StringDedup Requests1 Weak     Min: 0.00, Avg: 0.00, Max: 0.00, Diff: 0.00, Sum: 0.00, Workers: 4
[1796.222s][debug][gc,phases      ] GC(55)     Dead                           Min: 0, Avg:  0.0, Max: 0, Diff: 0, Sum: 0, Workers: 4
[1796.222s][debug][gc,phases      ] GC(55)     Total                          Min: 0, Avg:  0.0, Max: 0, Diff: 0, Sum: 0, Workers: 4
[1796.222s][debug][gc,phases      ] GC(55)   Weak JFR Old Object Samples    Min: 0.00, Avg: 0.00, Max: 0.00, Diff: 0.00, Sum: 0.00, Workers: 4
[1796.222s][debug][gc,phases      ] GC(55)     Dead                           Min: 0, Avg:  0.0, Max: 0, Diff: 0, Sum: 0, Workers: 4
[1796.222s][debug][gc,phases      ] GC(55)     Total                          Min: 0, Avg:  0.0, Max: 0, Diff: 0, Sum: 0, Workers: 4
[1796.222s][debug][gc,phases      ] GC(55) Weak Processing 0.322ms
[1796.222s][debug][gc,age         ] GC(55) Desired survivor size 70778880 bytes, new threshold 1 (max threshold 15)
[1796.222s][info ][gc,heap        ] GC(55) PSYoungGen: 2022192K(2059264K)->37885K(2056704K) Eden: 2018816K(2018816K)->0K(2018816K) From: 3376K(40448K)->37885K(37888K)
[1796.222s][info ][gc,heap        ] GC(55) ParOldGen: 437619K(437760K)->498918K(499200K)
[1796.222s][info ][gc,metaspace   ] GC(55) Metaspace: 109335K(110528K)->109335K(110528K) NonClass: 93282K(93952K)->93282K(93952K) Class: 16052K(16576K)->16052K(16576K)
[1796.222s][info ][gc             ] GC(55) Pause Young (Allocation Failure) 2402M->524M(2496M) 45.498ms
[1796.222s][info ][gc,cpu         ] GC(55) User=0.12s Sys=0.04s Real=0.05s
[1796.222s][info ][safepoint      ] Safepoint "ParallelCollectForAllocation", Time since last: 16327337821 ns, Reaching safepoint: 88799 ns, At safepoint: 45563882 ns, Leaving safepoint: 19999 ns, Total: 45672680 ns, Threads: 1 runnable, 34 total
[1805.622s][info ][gc,start       ] GC(56) Pause Young (Allocation Failure)
[1805.756s][debug][gc,phases      ] GC(56) Scavenge 133.914ms
[1805.757s][debug][gc,ref         ] GC(56) ReferenceProcessor::execute queues: 1, RefProcThreadModel::Single, marks_oops_alive: false
[1805.757s][debug][gc,ref         ] GC(56) Skipped KeepAliveFinalRefsPhase of Reference Processing: no references
[1805.757s][debug][gc,ref         ] GC(56) Skipped PhantomRefsPhase of Reference Processing: no references
[1805.757s][debug][gc,phases      ] GC(56) Reference Processing 0.140ms
[1805.757s][debug][gc,phases      ] GC(56)   VM Weak                        Min: 0.00, Avg: 0.00, Max: 0.01, Diff: 0.01, Sum: 0.01, Workers: 4
[1805.757s][debug][gc,phases      ] GC(56)     Dead                           Min: 0, Avg:  0.0, Max: 0, Diff: 0, Sum: 0, Workers: 4
[1805.757s][debug][gc,phases      ] GC(56)     Total                          Min: 0, Avg: 232.0, Max: 480, Diff: 480, Sum: 928, Workers: 4
[1805.757s][debug][gc,phases      ] GC(56)   ObjectSynchronizer Weak        Min: 0.00, Avg: 0.00, Max: 0.00, Diff: 0.00, Sum: 0.00, Workers: 4
[1805.757s][debug][gc,phases      ] GC(56)     Dead                           Min: 0, Avg:  0.2, Max: 1, Diff: 1, Sum: 1, Workers: 4
[1805.757s][debug][gc,phases      ] GC(56)     Total                          Min: 0, Avg:  3.0, Max: 12, Diff: 12, Sum: 12, Workers: 4
[1805.757s][debug][gc,phases      ] GC(56)   JVMTI Tag Weak OopStorage      Min: 0.00, Avg: 0.00, Max: 0.00, Diff: 0.00, Sum: 0.00, Workers: 4
[1805.757s][debug][gc,phases      ] GC(56)     Dead                           Min: 0, Avg:  0.0, Max: 0, Diff: 0, Sum: 0, Workers: 4
[1805.757s][debug][gc,phases      ] GC(56)     Total                          Min: 0, Avg:  0.0, Max: 0, Diff: 0, Sum: 0, Workers: 4
[1805.757s][debug][gc,phases      ] GC(56)   StringTable Weak               Min: 0.00, Avg: 0.11, Max: 0.21, Diff: 0.21, Sum: 0.42, Workers: 4
[1805.757s][debug][gc,phases      ] GC(56)     Dead                           Min: 0, Avg:  1.2, Max: 3, Diff: 3, Sum: 5, Workers: 4
[1805.757s][debug][gc,phases      ] GC(56)     Total                          Min: 0, Avg: 12644.2, Max: 25425, Diff: 25425, Sum: 50577, Workers: 4
[1805.757s][debug][gc,phases      ] GC(56)   ResolvedMethodTable Weak       Min: 0.00, Avg: 0.04, Max: 0.08, Diff: 0.08, Sum: 0.16, Workers: 4
[1805.757s][debug][gc,phases      ] GC(56)     Dead                           Min: 0, Avg: 34.5, Max: 79, Diff: 79, Sum: 138, Workers: 4
[1805.757s][debug][gc,phases      ] GC(56)     Total                          Min: 0, Avg: 4227.2, Max: 8533, Diff: 8533, Sum: 16909, Workers: 4
[1805.757s][debug][gc,phases      ] GC(56)   JNI Weak                       Min: 0.00, Avg: 0.00, Max: 0.00, Diff: 0.00, Sum: 0.00, Workers: 4
[1805.757s][debug][gc,phases      ] GC(56)     Dead                           Min: 0, Avg:  0.0, Max: 0, Diff: 0, Sum: 0, Workers: 4
[1805.757s][debug][gc,phases      ] GC(56)     Total                          Min: 0, Avg: 13.0, Max: 48, Diff: 48, Sum: 52, Workers: 4
[1805.757s][debug][gc,phases      ] GC(56)   StringDedup Table Weak         Min: 0.00, Avg: 0.00, Max: 0.00, Diff: 0.00, Sum: 0.00, Workers: 4
[1805.757s][debug][gc,phases      ] GC(56)     Dead                           Min: 0, Avg:  0.0, Max: 0, Diff: 0, Sum: 0, Workers: 4
[1805.757s][debug][gc,phases      ] GC(56)     Total                          Min: 0, Avg:  0.0, Max: 0, Diff: 0, Sum: 0, Workers: 4
[1805.757s][debug][gc,phases      ] GC(56)   StringDedup Requests0 Weak     Min: 0.00, Avg: 0.00, Max: 0.00, Diff: 0.00, Sum: 0.00, Workers: 4
[1805.757s][debug][gc,phases      ] GC(56)     Dead                           Min: 0, Avg:  0.0, Max: 0, Diff: 0, Sum: 0, Workers: 4
[1805.757s][debug][gc,phases      ] GC(56)     Total                          Min: 0, Avg:  0.0, Max: 0, Diff: 0, Sum: 0, Workers: 4
[1805.757s][debug][gc,phases      ] GC(56)   StringDedup Requests1 Weak     Min: 0.00, Avg: 0.00, Max: 0.00, Diff: 0.00, Sum: 0.00, Workers: 4
[1805.757s][debug][gc,phases      ] GC(56)     Dead                           Min: 0, Avg:  0.0, Max: 0, Diff: 0, Sum: 0, Workers: 4
[1805.757s][debug][gc,phases      ] GC(56)     Total                          Min: 0, Avg:  0.0, Max: 0, Diff: 0, Sum: 0, Workers: 4
[1805.757s][debug][gc,phases      ] GC(56)   Weak JFR Old Object Samples    Min: 0.00, Avg: 0.00, Max: 0.00, Diff: 0.00, Sum: 0.00, Workers: 4
[1805.757s][debug][gc,phases      ] GC(56)     Dead                           Min: 0, Avg:  0.0, Max: 0, Diff: 0, Sum: 0, Workers: 4
[1805.757s][debug][gc,phases      ] GC(56)     Total                          Min: 0, Avg:  0.0, Max: 0, Diff: 0, Sum: 0, Workers: 4
[1805.757s][debug][gc,phases      ] GC(56) Weak Processing 0.530ms
[1805.757s][debug][gc,age         ] GC(56) Desired survivor size 101187584 bytes, new threshold 1 (max threshold 15)
[1805.757s][info ][gc,heap        ] GC(56) PSYoungGen: 2056701K(2056704K)->40432K(1939968K) Eden: 2018816K(2018816K)->0K(1899520K) From: 37885K(37888K)->40432K(40448K)
[1805.757s][info ][gc,heap        ] GC(56) ParOldGen: 498918K(499200K)->569500K(569856K)
[1805.757s][info ][gc,metaspace   ] GC(56) Metaspace: 110664K(111872K)->110664K(111872K) NonClass: 94467K(95168K)->94467K(95168K) Class: 16197K(16704K)->16197K(16704K)
[1805.757s][info ][gc             ] GC(56) Pause Young (Allocation Failure) 2495M->595M(2451M) 134.716ms
[1805.757s][info ][gc,cpu         ] GC(56) User=0.14s Sys=0.04s Real=0.13s
[1805.757s][info ][safepoint      ] Safepoint "ParallelCollectForAllocation", Time since last: 9398585764 ns, Reaching safepoint: 2087090 ns, At safepoint: 134797763 ns, Leaving safepoint: 17600 ns, Total: 136902453 ns, Threads: 2 runnable, 36 total
[1817.840s][info ][gc,start       ] GC(57) Pause Young (Allocation Failure)
[1817.871s][debug][gc,phases      ] GC(57) Scavenge 30.879ms
[1817.871s][debug][gc,ref         ] GC(57) ReferenceProcessor::execute queues: 1, RefProcThreadModel::Single, marks_oops_alive: false
[1817.871s][debug][gc,ref         ] GC(57) Skipped KeepAliveFinalRefsPhase of Reference Processing: no references
[1817.871s][debug][gc,ref         ] GC(57) Skipped PhantomRefsPhase of Reference Processing: no references
[1817.871s][debug][gc,phases      ] GC(57) Reference Processing 0.125ms
[1817.871s][debug][gc,phases      ] GC(57)   VM Weak                        Min: 0.00, Avg: 0.00, Max: 0.01, Diff: 0.01, Sum: 0.01, Workers: 4
[1817.871s][debug][gc,phases      ] GC(57)     Dead                           Min: 0, Avg:  0.0, Max: 0, Diff: 0, Sum: 0, Workers: 4
[1817.871s][debug][gc,phases      ] GC(57)     Total                          Min: 0, Avg: 232.0, Max: 864, Diff: 864, Sum: 928, Workers: 4
[1817.871s][debug][gc,phases      ] GC(57)   ObjectSynchronizer Weak        Min: 0.00, Avg: 0.00, Max: 0.00, Diff: 0.00, Sum: 0.00, Workers: 4
[1817.871s][debug][gc,phases      ] GC(57)     Dead                           Min: 0, Avg:  0.8, Max: 3, Diff: 3, Sum: 3, Workers: 4
[1817.871s][debug][gc,phases      ] GC(57)     Total                          Min: 0, Avg:  3.2, Max: 13, Diff: 13, Sum: 13, Workers: 4
[1817.871s][debug][gc,phases      ] GC(57)   JVMTI Tag Weak OopStorage      Min: 0.00, Avg: 0.00, Max: 0.00, Diff: 0.00, Sum: 0.00, Workers: 4
[1817.871s][debug][gc,phases      ] GC(57)     Dead                           Min: 0, Avg:  0.0, Max: 0, Diff: 0, Sum: 0, Workers: 4
[1817.871s][debug][gc,phases      ] GC(57)     Total                          Min: 0, Avg:  0.0, Max: 0, Diff: 0, Sum: 0, Workers: 4
[1817.871s][debug][gc,phases      ] GC(57)   StringTable Weak               Min: 0.00, Avg: 0.12, Max: 0.25, Diff: 0.25, Sum: 0.50, Workers: 4
[1817.871s][debug][gc,phases      ] GC(57)     Dead                           Min: 0, Avg:  0.0, Max: 0, Diff: 0, Sum: 0, Workers: 4
[1817.871s][debug][gc,phases      ] GC(57)     Total                          Min: 0, Avg: 12646.0, Max: 26712, Diff: 26712, Sum: 50584, Workers: 4
[1817.871s][debug][gc,phases      ] GC(57)   ResolvedMethodTable Weak       Min: 0.00, Avg: 0.04, Max: 0.08, Diff: 0.08, Sum: 0.16, Workers: 4
[1817.871s][debug][gc,phases      ] GC(57)     Dead                           Min: 0, Avg:  9.0, Max: 25, Diff: 25, Sum: 36, Workers: 4
[1817.871s][debug][gc,phases      ] GC(57)     Total                          Min: 0, Avg: 4227.8, Max: 8779, Diff: 8779, Sum: 16911, Workers: 4
[1817.871s][debug][gc,phases      ] GC(57)   JNI Weak                       Min: 0.00, Avg: 0.00, Max: 0.00, Diff: 0.00, Sum: 0.00, Workers: 4
[1817.871s][debug][gc,phases      ] GC(57)     Dead                           Min: 0, Avg:  0.0, Max: 0, Diff: 0, Sum: 0, Workers: 4
[1817.871s][debug][gc,phases      ] GC(57)     Total                          Min: 0, Avg: 13.0, Max: 48, Diff: 48, Sum: 52, Workers: 4
[1817.871s][debug][gc,phases      ] GC(57)   StringDedup Table Weak         Min: 0.00, Avg: 0.00, Max: 0.00, Diff: 0.00, Sum: 0.00, Workers: 4
[1817.871s][debug][gc,phases      ] GC(57)     Dead                           Min: 0, Avg:  0.0, Max: 0, Diff: 0, Sum: 0, Workers: 4
[1817.871s][debug][gc,phases      ] GC(57)     Total                          Min: 0, Avg:  0.0, Max: 0, Diff: 0, Sum: 0, Workers: 4
[1817.871s][debug][gc,phases      ] GC(57)   StringDedup Requests0 Weak     Min: 0.00, Avg: 0.00, Max: 0.00, Diff: 0.00, Sum: 0.00, Workers: 4
[1817.871s][debug][gc,phases      ] GC(57)     Dead                           Min: 0, Avg:  0.0, Max: 0, Diff: 0, Sum: 0, Workers: 4
[1817.871s][debug][gc,phases      ] GC(57)     Total                          Min: 0, Avg:  0.0, Max: 0, Diff: 0, Sum: 0, Workers: 4
[1817.871s][debug][gc,phases      ] GC(57)   StringDedup Requests1 Weak     Min: 0.00, Avg: 0.00, Max: 0.00, Diff: 0.00, Sum: 0.00, Workers: 4
[1817.871s][debug][gc,phases      ] GC(57)     Dead                           Min: 0, Avg:  0.0, Max: 0, Diff: 0, Sum: 0, Workers: 4
[1817.871s][debug][gc,phases      ] GC(57)     Total                          Min: 0, Avg:  0.0, Max: 0, Diff: 0, Sum: 0, Workers: 4
[1817.871s][debug][gc,phases      ] GC(57)   Weak JFR Old Object Samples    Min: 0.00, Avg: 0.00, Max: 0.00, Diff: 0.00, Sum: 0.00, Workers: 4
[1817.871s][debug][gc,phases      ] GC(57)     Dead                           Min: 0, Avg:  0.0, Max: 0, Diff: 0, Sum: 0, Workers: 4
[1817.871s][debug][gc,phases      ] GC(57)     Total                          Min: 0, Avg:  0.0, Max: 0, Diff: 0, Sum: 0, Workers: 4
[1817.871s][debug][gc,phases      ] GC(57) Weak Processing 0.603ms
[1817.871s][debug][gc,age         ] GC(57) Desired survivor size 99090432 bytes, new threshold 1 (max threshold 15)
[1817.871s][info ][gc,heap        ] GC(57) PSYoungGen: 1939952K(1939968K)->39856K(1998336K) Eden: 1899520K(1899520K)->0K(1899520K) From: 40432K(40448K)->39856K(98816K)
[1817.871s][info ][gc,heap        ] GC(57) ParOldGen: 569500K(569856K)->610954K(611328K)
[1817.871s][info ][gc,metaspace   ] GC(57) Metaspace: 110735K(111936K)->110735K(111936K) NonClass: 94537K(95232K)->94537K(95232K) Class: 16198K(16704K)->16198K(16704K)
[1817.871s][info ][gc             ] GC(57) Pause Young (Allocation Failure) 2450M->635M(2548M) 31.749ms
[1817.871s][info ][gc,cpu         ] GC(57) User=0.09s Sys=0.03s Real=0.03s
[1817.871s][info ][safepoint      ] Safepoint "ParallelCollectForAllocation", Time since last: 12082268273 ns, Reaching safepoint: 82900 ns, At safepoint: 31826048 ns, Leaving safepoint: 19900 ns, Total: 31928848 ns, Threads: 1 runnable, 38 total
[1829.477s][info ][gc,start       ] GC(58) Pause Young (Allocation Failure)
[1829.538s][debug][gc,phases      ] GC(58) Scavenge 60.476ms
[1829.538s][debug][gc,ref         ] GC(58) ReferenceProcessor::execute queues: 1, RefProcThreadModel::Single, marks_oops_alive: false
[1829.538s][debug][gc,ref         ] GC(58) Skipped KeepAliveFinalRefsPhase of Reference Processing: no references
[1829.538s][debug][gc,ref         ] GC(58) Skipped PhantomRefsPhase of Reference Processing: no references
[1829.538s][debug][gc,phases      ] GC(58) Reference Processing 0.138ms
[1829.539s][debug][gc,phases      ] GC(58)   VM Weak                        Min: 0.00, Avg: 0.00, Max: 0.01, Diff: 0.01, Sum: 0.01, Workers: 4
[1829.539s][debug][gc,phases      ] GC(58)     Dead                           Min: 0, Avg:  0.0, Max: 0, Diff: 0, Sum: 0, Workers: 4
[1829.539s][debug][gc,phases      ] GC(58)     Total                          Min: 0, Avg: 232.2, Max: 929, Diff: 929, Sum: 929, Workers: 4
[1829.539s][debug][gc,phases      ] GC(58)   ObjectSynchronizer Weak        Min: 0.00, Avg: 0.00, Max: 0.00, Diff: 0.00, Sum: 0.00, Workers: 4
[1829.539s][debug][gc,phases      ] GC(58)     Dead                           Min: 0, Avg:  0.2, Max: 1, Diff: 1, Sum: 1, Workers: 4
[1829.539s][debug][gc,phases      ] GC(58)     Total                          Min: 0, Avg:  3.2, Max: 13, Diff: 13, Sum: 13, Workers: 4
[1829.539s][debug][gc,phases      ] GC(58)   JVMTI Tag Weak OopStorage      Min: 0.00, Avg: 0.00, Max: 0.00, Diff: 0.00, Sum: 0.00, Workers: 4
[1829.539s][debug][gc,phases      ] GC(58)     Dead                           Min: 0, Avg:  0.0, Max: 0, Diff: 0, Sum: 0, Workers: 4
[1829.539s][debug][gc,phases      ] GC(58)     Total                          Min: 0, Avg:  0.0, Max: 0, Diff: 0, Sum: 0, Workers: 4
[1829.539s][debug][gc,phases      ] GC(58)   StringTable Weak               Min: 0.00, Avg: 0.10, Max: 0.40, Diff: 0.40, Sum: 0.40, Workers: 4
[1829.539s][debug][gc,phases      ] GC(58)     Dead                           Min: 0, Avg:  0.5, Max: 2, Diff: 2, Sum: 2, Workers: 4
[1829.539s][debug][gc,phases      ] GC(58)     Total                          Min: 0, Avg: 12650.5, Max: 50602, Diff: 50602, Sum: 50602, Workers: 4
[1829.539s][debug][gc,phases      ] GC(58)   ResolvedMethodTable Weak       Min: 0.00, Avg: 0.03, Max: 0.13, Diff: 0.13, Sum: 0.13, Workers: 4
[1829.539s][debug][gc,phases      ] GC(58)     Dead                           Min: 0, Avg:  1.0, Max: 4, Diff: 4, Sum: 4, Workers: 4
[1829.539s][debug][gc,phases      ] GC(58)     Total                          Min: 0, Avg: 4234.8, Max: 16939, Diff: 16939, Sum: 16939, Workers: 4
[1829.539s][debug][gc,phases      ] GC(58)   JNI Weak                       Min: 0.00, Avg: 0.00, Max: 0.00, Diff: 0.00, Sum: 0.00, Workers: 4
[1829.539s][debug][gc,phases      ] GC(58)     Dead                           Min: 0, Avg:  0.0, Max: 0, Diff: 0, Sum: 0, Workers: 4
[1829.539s][debug][gc,phases      ] GC(58)     Total                          Min: 0, Avg: 13.0, Max: 52, Diff: 52, Sum: 52, Workers: 4
[1829.539s][debug][gc,phases      ] GC(58)   StringDedup Table Weak         Min: 0.00, Avg: 0.00, Max: 0.00, Diff: 0.00, Sum: 0.00, Workers: 4
[1829.539s][debug][gc,phases      ] GC(58)     Dead                           Min: 0, Avg:  0.0, Max: 0, Diff: 0, Sum: 0, Workers: 4
[1829.539s][debug][gc,phases      ] GC(58)     Total                          Min: 0, Avg:  0.0, Max: 0, Diff: 0, Sum: 0, Workers: 4
[1829.539s][debug][gc,phases      ] GC(58)   StringDedup Requests0 Weak     Min: 0.00, Avg: 0.00, Max: 0.00, Diff: 0.00, Sum: 0.00, Workers: 4
[1829.539s][debug][gc,phases      ] GC(58)     Dead                           Min: 0, Avg:  0.0, Max: 0, Diff: 0, Sum: 0, Workers: 4
[1829.539s][debug][gc,phases      ] GC(58)     Total                          Min: 0, Avg:  0.0, Max: 0, Diff: 0, Sum: 0, Workers: 4
[1829.539s][debug][gc,phases      ] GC(58)   StringDedup Requests1 Weak     Min: 0.00, Avg: 0.00, Max: 0.00, Diff: 0.00, Sum: 0.00, Workers: 4
[1829.539s][debug][gc,phases      ] GC(58)     Dead                           Min: 0, Avg:  0.0, Max: 0, Diff: 0, Sum: 0, Workers: 4
[1829.539s][debug][gc,phases      ] GC(58)     Total                          Min: 0, Avg:  0.0, Max: 0, Diff: 0, Sum: 0, Workers: 4
[1829.539s][debug][gc,phases      ] GC(58)   Weak JFR Old Object Samples    Min: 0.00, Avg: 0.00, Max: 0.00, Diff: 0.00, Sum: 0.00, Workers: 4
[1829.539s][debug][gc,phases      ] GC(58)     Dead                           Min: 0, Avg:  0.0, Max: 0, Diff: 0, Sum: 0, Workers: 4
[1829.539s][debug][gc,phases      ] GC(58)     Total                          Min: 0, Avg:  0.0, Max: 0, Diff: 0, Sum: 0, Workers: 4
[1829.539s][debug][gc,phases      ] GC(58) Weak Processing 0.764ms
[1829.539s][debug][gc,age         ] GC(58) Desired survivor size 93323264 bytes, new threshold 1 (max threshold 15)
[1829.539s][info ][gc,heap        ] GC(58) PSYoungGen: 1939376K(1998336K)->20448K(2006016K) Eden: 1899520K(1899520K)->0K(1909248K) From: 39856K(98816K)->20448K(96768K)
[1829.539s][info ][gc,heap        ] GC(58) ParOldGen: 610954K(611328K)->650499K(650752K)
[1829.539s][info ][gc,metaspace   ] GC(58) Metaspace: 110814K(112000K)->110814K(112000K) NonClass: 94605K(95296K)->94605K(95296K) Class: 16208K(16704K)->16208K(16704K)
[1829.539s][info ][gc             ] GC(58) Pause Young (Allocation Failure) 2490M->655M(2594M) 62.203ms
[1829.539s][info ][gc,cpu         ] GC(58) User=0.07s Sys=0.02s Real=0.07s
[1829.539s][info ][safepoint      ] Safepoint "ParallelCollectForAllocation", Time since last: 11605229191 ns, Reaching safepoint: 8500 ns, At safepoint: 62285404 ns, Leaving safepoint: 14600 ns, Total: 62308504 ns, Threads: 0 runnable, 37 total
[1840.050s][info ][gc,start       ] GC(59) Pause Young (Allocation Failure)
[1840.076s][debug][gc,phases      ] GC(59) Scavenge 25.703ms
[1840.076s][debug][gc,ref         ] GC(59) ReferenceProcessor::execute queues: 1, RefProcThreadModel::Single, marks_oops_alive: false
[1840.076s][debug][gc,ref         ] GC(59) Skipped KeepAliveFinalRefsPhase of Reference Processing: no references
[1840.076s][debug][gc,ref         ] GC(59) Skipped PhantomRefsPhase of Reference Processing: no references
[1840.076s][debug][gc,phases      ] GC(59) Reference Processing 0.213ms
[1840.077s][debug][gc,phases      ] GC(59)   VM Weak                        Min: 0.00, Avg: 0.00, Max: 0.01, Diff: 0.01, Sum: 0.01, Workers: 4
[1840.077s][debug][gc,phases      ] GC(59)     Dead                           Min: 0, Avg:  0.0, Max: 0, Diff: 0, Sum: 0, Workers: 4
[1840.077s][debug][gc,phases      ] GC(59)     Total                          Min: 0, Avg: 232.2, Max: 768, Diff: 768, Sum: 929, Workers: 4
[1840.077s][debug][gc,phases      ] GC(59)   ObjectSynchronizer Weak        Min: 0.00, Avg: 0.00, Max: 0.00, Diff: 0.00, Sum: 0.00, Workers: 4
[1840.077s][debug][gc,phases      ] GC(59)     Dead                           Min: 0, Avg:  0.0, Max: 0, Diff: 0, Sum: 0, Workers: 4
[1840.077s][debug][gc,phases      ] GC(59)     Total                          Min: 0, Avg:  3.2, Max: 13, Diff: 13, Sum: 13, Workers: 4
[1840.077s][debug][gc,phases      ] GC(59)   JVMTI Tag Weak OopStorage      Min: 0.00, Avg: 0.00, Max: 0.00, Diff: 0.00, Sum: 0.00, Workers: 4
[1840.077s][debug][gc,phases      ] GC(59)     Dead                           Min: 0, Avg:  0.0, Max: 0, Diff: 0, Sum: 0, Workers: 4
[1840.077s][debug][gc,phases      ] GC(59)     Total                          Min: 0, Avg:  0.0, Max: 0, Diff: 0, Sum: 0, Workers: 4
[1840.077s][debug][gc,phases      ] GC(59)   StringTable Weak               Min: 0.10, Avg: 0.19, Max: 0.27, Diff: 0.18, Sum: 0.76, Workers: 4
[1840.077s][debug][gc,phases      ] GC(59)     Dead                           Min: 0, Avg:  0.2, Max: 1, Diff: 1, Sum: 1, Workers: 4
[1840.077s][debug][gc,phases      ] GC(59)     Total                          Min: 4480, Avg: 12656.8, Max: 18752, Diff: 14272, Sum: 50627, Workers: 4
[1840.077s][debug][gc,phases      ] GC(59)   ResolvedMethodTable Weak       Min: 0.00, Avg: 0.05, Max: 0.07, Diff: 0.07, Sum: 0.19, Workers: 4
[1840.077s][debug][gc,phases      ] GC(59)     Dead                           Min: 0, Avg:  8.8, Max: 16, Diff: 16, Sum: 35, Workers: 4
[1840.077s][debug][gc,phases      ] GC(59)     Total                          Min: 0, Avg: 4240.5, Max: 5834, Diff: 5834, Sum: 16962, Workers: 4
[1840.077s][debug][gc,phases      ] GC(59)   JNI Weak                       Min: 0.00, Avg: 0.00, Max: 0.00, Diff: 0.00, Sum: 0.00, Workers: 4
[1840.077s][debug][gc,phases      ] GC(59)     Dead                           Min: 0, Avg:  0.0, Max: 0, Diff: 0, Sum: 0, Workers: 4
[1840.077s][debug][gc,phases      ] GC(59)     Total                          Min: 0, Avg: 13.0, Max: 48, Diff: 48, Sum: 52, Workers: 4
[1840.077s][debug][gc,phases      ] GC(59)   StringDedup Table Weak         Min: 0.00, Avg: 0.00, Max: 0.00, Diff: 0.00, Sum: 0.00, Workers: 4
[1840.077s][debug][gc,phases      ] GC(59)     Dead                           Min: 0, Avg:  0.0, Max: 0, Diff: 0, Sum: 0, Workers: 4
[1840.077s][debug][gc,phases      ] GC(59)     Total                          Min: 0, Avg:  0.0, Max: 0, Diff: 0, Sum: 0, Workers: 4
[1840.077s][debug][gc,phases      ] GC(59)   StringDedup Requests0 Weak     Min: 0.00, Avg: 0.00, Max: 0.00, Diff: 0.00, Sum: 0.00, Workers: 4
[1840.077s][debug][gc,phases      ] GC(59)     Dead                           Min: 0, Avg:  0.0, Max: 0, Diff: 0, Sum: 0, Workers: 4
[1840.077s][debug][gc,phases      ] GC(59)     Total                          Min: 0, Avg:  0.0, Max: 0, Diff: 0, Sum: 0, Workers: 4
[1840.077s][debug][gc,phases      ] GC(59)   StringDedup Requests1 Weak     Min: 0.00, Avg: 0.00, Max: 0.00, Diff: 0.00, Sum: 0.00, Workers: 4
[1840.077s][debug][gc,phases      ] GC(59)     Dead                           Min: 0, Avg:  0.0, Max: 0, Diff: 0, Sum: 0, Workers: 4
[1840.077s][debug][gc,phases      ] GC(59)     Total                          Min: 0, Avg:  0.0, Max: 0, Diff: 0, Sum: 0, Workers: 4
[1840.077s][debug][gc,phases      ] GC(59)   Weak JFR Old Object Samples    Min: 0.00, Avg: 0.00, Max: 0.00, Diff: 0.00, Sum: 0.00, Workers: 4
[1840.077s][debug][gc,phases      ] GC(59)     Dead                           Min: 0, Avg:  0.0, Max: 0, Diff: 0, Sum: 0, Workers: 4
[1840.077s][debug][gc,phases      ] GC(59)     Total                          Min: 0, Avg:  0.0, Max: 0, Diff: 0, Sum: 0, Workers: 4
[1840.077s][debug][gc,phases      ] GC(59) Weak Processing 0.513ms
[1840.077s][debug][gc,age         ] GC(59) Desired survivor size 88080384 bytes, new threshold 1 (max threshold 15)
[1840.077s][info ][gc,heap        ] GC(59) PSYoungGen: 1929696K(2006016K)->17200K(2000384K) Eden: 1909248K(1909248K)->0K(1909248K) From: 20448K(96768K)->17200K(91136K)
[1840.077s][info ][gc,heap        ] GC(59) ParOldGen: 650499K(650752K)->668900K(669184K)
[1840.077s][info ][gc,metaspace   ] GC(59) Metaspace: 110872K(112064K)->110872K(112064K) NonClass: 94655K(95360K)->94655K(95360K) Class: 16217K(16704K)->16217K(16704K)
[1840.077s][info ][gc             ] GC(59) Pause Young (Allocation Failure) 2519M->670M(2607M) 26.580ms
[1840.077s][info ][gc,cpu         ] GC(59) User=0.06s Sys=0.03s Real=0.02s
[1840.077s][info ][safepoint      ] Safepoint "ParallelCollectForAllocation", Time since last: 10511337698 ns, Reaching safepoint: 119600 ns, At safepoint: 26671144 ns, Leaving safepoint: 21900 ns, Total: 26812644 ns, Threads: 1 runnable, 37 total
[1855.443s][info ][gc,start       ] GC(60) Pause Young (Allocation Failure)
[1855.452s][debug][gc,phases      ] GC(60) Scavenge 8.616ms
[1855.452s][debug][gc,ref         ] GC(60) ReferenceProcessor::execute queues: 1, RefProcThreadModel::Single, marks_oops_alive: false
[1855.452s][debug][gc,ref         ] GC(60) Skipped KeepAliveFinalRefsPhase of Reference Processing: no references
[1855.452s][debug][gc,ref         ] GC(60) Skipped PhantomRefsPhase of Reference Processing: no references
[1855.452s][debug][gc,phases      ] GC(60) Reference Processing 0.121ms
[1855.452s][debug][gc,phases      ] GC(60)   VM Weak                        Min: 0.00, Avg: 0.00, Max: 0.00, Diff: 0.00, Sum: 0.01, Workers: 4
[1855.452s][debug][gc,phases      ] GC(60)     Dead                           Min: 0, Avg:  0.0, Max: 0, Diff: 0, Sum: 0, Workers: 4
[1855.452s][debug][gc,phases      ] GC(60)     Total                          Min: 0, Avg: 232.2, Max: 481, Diff: 481, Sum: 929, Workers: 4
[1855.452s][debug][gc,phases      ] GC(60)   ObjectSynchronizer Weak        Min: 0.00, Avg: 0.00, Max: 0.00, Diff: 0.00, Sum: 0.00, Workers: 4
[1855.452s][debug][gc,phases      ] GC(60)     Dead                           Min: 0, Avg:  0.0, Max: 0, Diff: 0, Sum: 0, Workers: 4
[1855.452s][debug][gc,phases      ] GC(60)     Total                          Min: 0, Avg:  3.2, Max: 13, Diff: 13, Sum: 13, Workers: 4
[1855.452s][debug][gc,phases      ] GC(60)   JVMTI Tag Weak OopStorage      Min: 0.00, Avg: 0.00, Max: 0.00, Diff: 0.00, Sum: 0.00, Workers: 4
[1855.452s][debug][gc,phases      ] GC(60)     Dead                           Min: 0, Avg:  0.0, Max: 0, Diff: 0, Sum: 0, Workers: 4
[1855.452s][debug][gc,phases      ] GC(60)     Total                          Min: 0, Avg:  0.0, Max: 0, Diff: 0, Sum: 0, Workers: 4
[1855.452s][debug][gc,phases      ] GC(60)   StringTable Weak               Min: 0.00, Avg: 0.11, Max: 0.15, Diff: 0.15, Sum: 0.45, Workers: 4
[1855.452s][debug][gc,phases      ] GC(60)     Dead                           Min: 0, Avg:  0.0, Max: 0, Diff: 0, Sum: 0, Workers: 4
[1855.452s][debug][gc,phases      ] GC(60)     Total                          Min: 0, Avg: 12657.8, Max: 17472, Diff: 17472, Sum: 50631, Workers: 4
[1855.452s][debug][gc,phases      ] GC(60)   ResolvedMethodTable Weak       Min: 0.00, Avg: 0.04, Max: 0.05, Diff: 0.05, Sum: 0.15, Workers: 4
[1855.452s][debug][gc,phases      ] GC(60)     Dead                           Min: 0, Avg:  0.2, Max: 1, Diff: 1, Sum: 1, Workers: 4
[1855.452s][debug][gc,phases      ] GC(60)     Total                          Min: 0, Avg: 4242.0, Max: 5789, Diff: 5789, Sum: 16968, Workers: 4
[1855.452s][debug][gc,phases      ] GC(60)   JNI Weak                       Min: 0.00, Avg: 0.00, Max: 0.00, Diff: 0.00, Sum: 0.00, Workers: 4
[1855.452s][debug][gc,phases      ] GC(60)     Dead                           Min: 0, Avg:  0.0, Max: 0, Diff: 0, Sum: 0, Workers: 4
[1855.452s][debug][gc,phases      ] GC(60)     Total                          Min: 0, Avg: 13.0, Max: 48, Diff: 48, Sum: 52, Workers: 4
[1855.452s][debug][gc,phases      ] GC(60)   StringDedup Table Weak         Min: 0.00, Avg: 0.00, Max: 0.00, Diff: 0.00, Sum: 0.00, Workers: 4
[1855.452s][debug][gc,phases      ] GC(60)     Dead                           Min: 0, Avg:  0.0, Max: 0, Diff: 0, Sum: 0, Workers: 4
[1855.452s][debug][gc,phases      ] GC(60)     Total                          Min: 0, Avg:  0.0, Max: 0, Diff: 0, Sum: 0, Workers: 4
[1855.452s][debug][gc,phases      ] GC(60)   StringDedup Requests0 Weak     Min: 0.00, Avg: 0.00, Max: 0.00, Diff: 0.00, Sum: 0.00, Workers: 4
[1855.452s][debug][gc,phases      ] GC(60)     Dead                           Min: 0, Avg:  0.0, Max: 0, Diff: 0, Sum: 0, Workers: 4
[1855.452s][debug][gc,phases      ] GC(60)     Total                          Min: 0, Avg:  0.0, Max: 0, Diff: 0, Sum: 0, Workers: 4
[1855.452s][debug][gc,phases      ] GC(60)   StringDedup Requests1 Weak     Min: 0.00, Avg: 0.00, Max: 0.00, Diff: 0.00, Sum: 0.00, Workers: 4
[1855.452s][debug][gc,phases      ] GC(60)     Dead                           Min: 0, Avg:  0.0, Max: 0, Diff: 0, Sum: 0, Workers: 4
[1855.452s][debug][gc,phases      ] GC(60)     Total                          Min: 0, Avg:  0.0, Max: 0, Diff: 0, Sum: 0, Workers: 4
[1855.452s][debug][gc,phases      ] GC(60)   Weak JFR Old Object Samples    Min: 0.00, Avg: 0.00, Max: 0.00, Diff: 0.00, Sum: 0.00, Workers: 4
[1855.452s][debug][gc,phases      ] GC(60)     Dead                           Min: 0, Avg:  0.0, Max: 0, Diff: 0, Sum: 0, Workers: 4
[1855.452s][debug][gc,phases      ] GC(60)     Total                          Min: 0, Avg:  0.0, Max: 0, Diff: 0, Sum: 0, Workers: 4
[1855.452s][debug][gc,phases      ] GC(60) Weak Processing 0.480ms
[1855.452s][debug][gc,age         ] GC(60) Desired survivor size 84934656 bytes, new threshold 1 (max threshold 15)
[1855.452s][info ][gc,heap        ] GC(60) PSYoungGen: 1926448K(2000384K)->8176K(2014208K) Eden: 1909248K(1909248K)->0K(1928192K) From: 17200K(91136K)->8176K(86016K)
[1855.452s][info ][gc,heap        ] GC(60) ParOldGen: 668900K(669184K)->670436K(670720K)
[1855.452s][info ][gc,metaspace   ] GC(60) Metaspace: 110902K(112064K)->110902K(112064K) NonClass: 94683K(95360K)->94683K(95360K) Class: 16219K(16704K)->16219K(16704K)
[1855.452s][info ][gc             ] GC(60) Pause Young (Allocation Failure) 2534M->662M(2622M) 9.361ms
[1855.452s][info ][gc,cpu         ] GC(60) User=0.03s Sys=0.00s Real=0.01s
[1855.452s][info ][safepoint      ] Safepoint "ParallelCollectForAllocation", Time since last: 15365651227 ns, Reaching safepoint: 81100 ns, At safepoint: 9464450 ns, Leaving safepoint: 6800 ns, Total: 9552350 ns, Threads: 1 runnable, 37 total
[1870.092s][info ][gc,start       ] GC(61) Pause Young (Allocation Failure)
[1870.116s][debug][gc,phases      ] GC(61) Scavenge 23.399ms
[1870.116s][debug][gc,ref         ] GC(61) Skipped SoftWeakFinalRefsPhase of Reference Processing: no references
[1870.116s][debug][gc,ref         ] GC(61) Skipped KeepAliveFinalRefsPhase of Reference Processing: no references
[1870.116s][debug][gc,ref         ] GC(61) Skipped PhantomRefsPhase of Reference Processing: no references
[1870.116s][debug][gc,phases      ] GC(61) Reference Processing 0.019ms
[1870.116s][debug][gc,phases      ] GC(61)   VM Weak                        Min: 0.00, Avg: 0.00, Max: 0.01, Diff: 0.01, Sum: 0.01, Workers: 4
[1870.116s][debug][gc,phases      ] GC(61)     Dead                           Min: 0, Avg:  0.0, Max: 0, Diff: 0, Sum: 0, Workers: 4
[1870.116s][debug][gc,phases      ] GC(61)     Total                          Min: 0, Avg: 232.2, Max: 801, Diff: 801, Sum: 929, Workers: 4
[1870.116s][debug][gc,phases      ] GC(61)   ObjectSynchronizer Weak        Min: 0.00, Avg: 0.00, Max: 0.00, Diff: 0.00, Sum: 0.00, Workers: 4
[1870.116s][debug][gc,phases      ] GC(61)     Dead                           Min: 0, Avg:  0.0, Max: 0, Diff: 0, Sum: 0, Workers: 4
[1870.116s][debug][gc,phases      ] GC(61)     Total                          Min: 0, Avg:  1.5, Max: 6, Diff: 6, Sum: 6, Workers: 4
[1870.116s][debug][gc,phases      ] GC(61)   JVMTI Tag Weak OopStorage      Min: 0.00, Avg: 0.00, Max: 0.00, Diff: 0.00, Sum: 0.00, Workers: 4
[1870.116s][debug][gc,phases      ] GC(61)     Dead                           Min: 0, Avg:  0.0, Max: 0, Diff: 0, Sum: 0, Workers: 4
[1870.116s][debug][gc,phases      ] GC(61)     Total                          Min: 0, Avg:  0.0, Max: 0, Diff: 0, Sum: 0, Workers: 4
[1870.116s][debug][gc,phases      ] GC(61)   StringTable Weak               Min: 0.00, Avg: 0.10, Max: 0.13, Diff: 0.13, Sum: 0.39, Workers: 4
[1870.116s][debug][gc,phases      ] GC(61)     Dead                           Min: 0, Avg:  0.0, Max: 0, Diff: 0, Sum: 0, Workers: 4
[1870.116s][debug][gc,phases      ] GC(61)     Total                          Min: 0, Avg: 12658.2, Max: 20745, Diff: 20745, Sum: 50633, Workers: 4
[1870.116s][debug][gc,phases      ] GC(61)   ResolvedMethodTable Weak       Min: 0.00, Avg: 0.03, Max: 0.04, Diff: 0.04, Sum: 0.13, Workers: 4
[1870.116s][debug][gc,phases      ] GC(61)     Dead                           Min: 0, Avg:  5.0, Max: 11, Diff: 11, Sum: 20, Workers: 4
[1870.116s][debug][gc,phases      ] GC(61)     Total                          Min: 0, Avg: 4242.0, Max: 6921, Diff: 6921, Sum: 16968, Workers: 4
[1870.116s][debug][gc,phases      ] GC(61)   JNI Weak                       Min: 0.00, Avg: 0.00, Max: 0.00, Diff: 0.00, Sum: 0.00, Workers: 4
[1870.116s][debug][gc,phases      ] GC(61)     Dead                           Min: 0, Avg:  0.0, Max: 0, Diff: 0, Sum: 0, Workers: 4
[1870.116s][debug][gc,phases      ] GC(61)     Total                          Min: 0, Avg: 13.0, Max: 48, Diff: 48, Sum: 52, Workers: 4
[1870.116s][debug][gc,phases      ] GC(61)   StringDedup Table Weak         Min: 0.00, Avg: 0.00, Max: 0.00, Diff: 0.00, Sum: 0.00, Workers: 4
[1870.116s][debug][gc,phases      ] GC(61)     Dead                           Min: 0, Avg:  0.0, Max: 0, Diff: 0, Sum: 0, Workers: 4
[1870.116s][debug][gc,phases      ] GC(61)     Total                          Min: 0, Avg:  0.0, Max: 0, Diff: 0, Sum: 0, Workers: 4
[1870.116s][debug][gc,phases      ] GC(61)   StringDedup Requests0 Weak     Min: 0.00, Avg: 0.00, Max: 0.00, Diff: 0.00, Sum: 0.00, Workers: 4
[1870.116s][debug][gc,phases      ] GC(61)     Dead                           Min: 0, Avg:  0.0, Max: 0, Diff: 0, Sum: 0, Workers: 4
[1870.116s][debug][gc,phases      ] GC(61)     Total                          Min: 0, Avg:  0.0, Max: 0, Diff: 0, Sum: 0, Workers: 4
[1870.116s][debug][gc,phases      ] GC(61)   StringDedup Requests1 Weak     Min: 0.00, Avg: 0.00, Max: 0.00, Diff: 0.00, Sum: 0.00, Workers: 4
[1870.116s][debug][gc,phases      ] GC(61)     Dead                           Min: 0, Avg:  0.0, Max: 0, Diff: 0, Sum: 0, Workers: 4
[1870.116s][debug][gc,phases      ] GC(61)     Total                          Min: 0, Avg:  0.0, Max: 0, Diff: 0, Sum: 0, Workers: 4
[1870.116s][debug][gc,phases      ] GC(61)   Weak JFR Old Object Samples    Min: 0.00, Avg: 0.00, Max: 0.00, Diff: 0.00, Sum: 0.00, Workers: 4
[1870.116s][debug][gc,phases      ] GC(61)     Dead                           Min: 0, Avg:  0.0, Max: 0, Diff: 0, Sum: 0, Workers: 4
[1870.116s][debug][gc,phases      ] GC(61)     Total                          Min: 0, Avg:  0.0, Max: 0, Diff: 0, Sum: 0, Workers: 4
[1870.116s][debug][gc,phases      ] GC(61) Weak Processing 0.354ms
[1870.116s][debug][gc,age         ] GC(61) Desired survivor size 93847552 bytes, new threshold 1 (max threshold 15)
[1870.116s][info ][gc,heap        ] GC(61) PSYoungGen: 1936368K(2014208K)->62786K(1991168K) Eden: 1928192K(1928192K)->0K(1928192K) From: 8176K(86016K)->62786K(62976K)
[1870.116s][info ][gc,heap        ] GC(61) ParOldGen: 670436K(670720K)->674553K(674816K)
[1870.116s][info ][gc,metaspace   ] GC(61) Metaspace: 110915K(112128K)->110915K(112128K) NonClass: 94695K(95424K)->94695K(95424K) Class: 16219K(16704K)->16219K(16704K)
[1870.116s][info ][gc             ] GC(61) Pause Young (Allocation Failure) 2545M->720M(2603M) 23.883ms
[1870.116s][info ][gc,cpu         ] GC(61) User=0.08s Sys=0.00s Real=0.02s
[1870.116s][info ][safepoint      ] Safepoint "ParallelCollectForAllocation", Time since last: 14640026641 ns, Reaching safepoint: 6100 ns, At safepoint: 23973979 ns, Leaving safepoint: 7300 ns, Total: 23987379 ns, Threads: 0 runnable, 36 total
[1886.691s][info ][gc,start       ] GC(62) Pause Young (Allocation Failure)
[1886.726s][debug][gc,phases      ] GC(62) Scavenge 34.348ms
[1886.726s][debug][gc,ref         ] GC(62) ReferenceProcessor::execute queues: 1, RefProcThreadModel::Single, marks_oops_alive: false
[1886.726s][debug][gc,ref         ] GC(62) Skipped KeepAliveFinalRefsPhase of Reference Processing: no references
[1886.726s][debug][gc,ref         ] GC(62) Skipped PhantomRefsPhase of Reference Processing: no references
[1886.726s][debug][gc,phases      ] GC(62) Reference Processing 0.094ms
[1886.726s][debug][gc,phases      ] GC(62)   VM Weak                        Min: 0.00, Avg: 0.00, Max: 0.01, Diff: 0.01, Sum: 0.01, Workers: 4
[1886.726s][debug][gc,phases      ] GC(62)     Dead                           Min: 0, Avg:  0.0, Max: 0, Diff: 0, Sum: 0, Workers: 4
[1886.726s][debug][gc,phases      ] GC(62)     Total                          Min: 0, Avg: 232.2, Max: 865, Diff: 865, Sum: 929, Workers: 4
[1886.726s][debug][gc,phases      ] GC(62)   ObjectSynchronizer Weak        Min: 0.00, Avg: 0.00, Max: 0.00, Diff: 0.00, Sum: 0.00, Workers: 4
[1886.726s][debug][gc,phases      ] GC(62)     Dead                           Min: 0, Avg:  0.0, Max: 0, Diff: 0, Sum: 0, Workers: 4
[1886.726s][debug][gc,phases      ] GC(62)     Total                          Min: 0, Avg:  2.2, Max: 9, Diff: 9, Sum: 9, Workers: 4
[1886.726s][debug][gc,phases      ] GC(62)   JVMTI Tag Weak OopStorage      Min: 0.00, Avg: 0.00, Max: 0.00, Diff: 0.00, Sum: 0.00, Workers: 4
[1886.726s][debug][gc,phases      ] GC(62)     Dead                           Min: 0, Avg:  0.0, Max: 0, Diff: 0, Sum: 0, Workers: 4
[1886.726s][debug][gc,phases      ] GC(62)     Total                          Min: 0, Avg:  0.0, Max: 0, Diff: 0, Sum: 0, Workers: 4
[1886.726s][debug][gc,phases      ] GC(62)   StringTable Weak               Min: 0.00, Avg: 0.10, Max: 0.14, Diff: 0.14, Sum: 0.41, Workers: 4
[1886.726s][debug][gc,phases      ] GC(62)     Dead                           Min: 0, Avg:  0.0, Max: 0, Diff: 0, Sum: 0, Workers: 4
[1886.726s][debug][gc,phases      ] GC(62)     Total                          Min: 0, Avg: 12659.0, Max: 21056, Diff: 21056, Sum: 50636, Workers: 4
[1886.726s][debug][gc,phases      ] GC(62)   ResolvedMethodTable Weak       Min: 0.00, Avg: 0.03, Max: 0.05, Diff: 0.05, Sum: 0.14, Workers: 4
[1886.726s][debug][gc,phases      ] GC(62)     Dead                           Min: 0, Avg:  0.0, Max: 0, Diff: 0, Sum: 0, Workers: 4
[1886.726s][debug][gc,phases      ] GC(62)     Total                          Min: 0, Avg: 4242.5, Max: 7305, Diff: 7305, Sum: 16970, Workers: 4
[1886.726s][debug][gc,phases      ] GC(62)   JNI Weak                       Min: 0.00, Avg: 0.00, Max: 0.00, Diff: 0.00, Sum: 0.00, Workers: 4
[1886.726s][debug][gc,phases      ] GC(62)     Dead                           Min: 0, Avg:  0.0, Max: 0, Diff: 0, Sum: 0, Workers: 4
[1886.726s][debug][gc,phases      ] GC(62)     Total                          Min: 0, Avg: 13.0, Max: 48, Diff: 48, Sum: 52, Workers: 4
[1886.726s][debug][gc,phases      ] GC(62)   StringDedup Table Weak         Min: 0.00, Avg: 0.00, Max: 0.00, Diff: 0.00, Sum: 0.00, Workers: 4
[1886.726s][debug][gc,phases      ] GC(62)     Dead                           Min: 0, Avg:  0.0, Max: 0, Diff: 0, Sum: 0, Workers: 4
[1886.726s][debug][gc,phases      ] GC(62)     Total                          Min: 0, Avg:  0.0, Max: 0, Diff: 0, Sum: 0, Workers: 4
[1886.726s][debug][gc,phases      ] GC(62)   StringDedup Requests0 Weak     Min: 0.00, Avg: 0.00, Max: 0.00, Diff: 0.00, Sum: 0.00, Workers: 4
[1886.726s][debug][gc,phases      ] GC(62)     Dead                           Min: 0, Avg:  0.0, Max: 0, Diff: 0, Sum: 0, Workers: 4
[1886.726s][debug][gc,phases      ] GC(62)     Total                          Min: 0, Avg:  0.0, Max: 0, Diff: 0, Sum: 0, Workers: 4
[1886.726s][debug][gc,phases      ] GC(62)   StringDedup Requests1 Weak     Min: 0.00, Avg: 0.00, Max: 0.00, Diff: 0.00, Sum: 0.00, Workers: 4
[1886.726s][debug][gc,phases      ] GC(62)     Dead                           Min: 0, Avg:  0.0, Max: 0, Diff: 0, Sum: 0, Workers: 4
[1886.726s][debug][gc,phases      ] GC(62)     Total                          Min: 0, Avg:  0.0, Max: 0, Diff: 0, Sum: 0, Workers: 4
[1886.726s][debug][gc,phases      ] GC(62)   Weak JFR Old Object Samples    Min: 0.00, Avg: 0.00, Max: 0.00, Diff: 0.00, Sum: 0.00, Workers: 4
[1886.726s][debug][gc,phases      ] GC(62)     Dead                           Min: 0, Avg:  0.0, Max: 0, Diff: 0, Sum: 0, Workers: 4
[1886.726s][debug][gc,phases      ] GC(62)     Total                          Min: 0, Avg:  0.0, Max: 0, Diff: 0, Sum: 0, Workers: 4
[1886.726s][debug][gc,phases      ] GC(62) Weak Processing 0.352ms
[1886.726s][debug][gc,age         ] GC(62) Desired survivor size 92274688 bytes, new threshold 1 (max threshold 15)
[1886.726s][info ][gc,heap        ] GC(62) PSYoungGen: 1990978K(1991168K)->40465K(2007040K) Eden: 1928192K(1928192K)->0K(1915392K) From: 62786K(62976K)->40465K(91648K)
[1886.726s][info ][gc,heap        ] GC(62) ParOldGen: 674553K(674816K)->719403K(719872K)
[1886.726s][info ][gc,metaspace   ] GC(62) Metaspace: 110929K(112128K)->110929K(112128K) NonClass: 94709K(95424K)->94709K(95424K) Class: 16219K(16704K)->16219K(16704K)
[1886.726s][info ][gc             ] GC(62) Pause Young (Allocation Failure) 2603M->742M(2663M) 34.913ms
[1886.726s][info ][gc,cpu         ] GC(62) User=0.10s Sys=0.03s Real=0.03s
[1886.726s][info ][safepoint      ] Safepoint "ParallelCollectForAllocation", Time since last: 16574797251 ns, Reaching safepoint: 111000 ns, At safepoint: 35010430 ns, Leaving safepoint: 12100 ns, Total: 35133530 ns, Threads: 1 runnable, 36 total
[1916.641s][info ][gc,start       ] GC(63) Pause Young (Allocation Failure)
[1916.663s][debug][gc,phases      ] GC(63) Scavenge 21.494ms
[1916.663s][debug][gc,ref         ] GC(63) Skipped SoftWeakFinalRefsPhase of Reference Processing: no references
[1916.663s][debug][gc,ref         ] GC(63) Skipped KeepAliveFinalRefsPhase of Reference Processing: no references
[1916.663s][debug][gc,ref         ] GC(63) Skipped PhantomRefsPhase of Reference Processing: no references
[1916.663s][debug][gc,phases      ] GC(63) Reference Processing 0.023ms
[1916.663s][debug][gc,phases      ] GC(63)   VM Weak                        Min: 0.00, Avg: 0.00, Max: 0.01, Diff: 0.01, Sum: 0.01, Workers: 4
[1916.663s][debug][gc,phases      ] GC(63)     Dead                           Min: 0, Avg:  0.0, Max: 0, Diff: 0, Sum: 0, Workers: 4
[1916.663s][debug][gc,phases      ] GC(63)     Total                          Min: 0, Avg: 232.2, Max: 481, Diff: 481, Sum: 929, Workers: 4
[1916.663s][debug][gc,phases      ] GC(63)   ObjectSynchronizer Weak        Min: 0.00, Avg: 0.00, Max: 0.00, Diff: 0.00, Sum: 0.00, Workers: 4
[1916.663s][debug][gc,phases      ] GC(63)     Dead                           Min: 0, Avg:  0.0, Max: 0, Diff: 0, Sum: 0, Workers: 4
[1916.663s][debug][gc,phases      ] GC(63)     Total                          Min: 0, Avg:  2.2, Max: 9, Diff: 9, Sum: 9, Workers: 4
[1916.663s][debug][gc,phases      ] GC(63)   JVMTI Tag Weak OopStorage      Min: 0.00, Avg: 0.00, Max: 0.00, Diff: 0.00, Sum: 0.00, Workers: 4
[1916.663s][debug][gc,phases      ] GC(63)     Dead                           Min: 0, Avg:  0.0, Max: 0, Diff: 0, Sum: 0, Workers: 4
[1916.663s][debug][gc,phases      ] GC(63)     Total                          Min: 0, Avg:  0.0, Max: 0, Diff: 0, Sum: 0, Workers: 4
[1916.663s][debug][gc,phases      ] GC(63)   StringTable Weak               Min: 0.00, Avg: 0.10, Max: 0.13, Diff: 0.13, Sum: 0.40, Workers: 4
[1916.663s][debug][gc,phases      ] GC(63)     Dead                           Min: 0, Avg:  0.0, Max: 0, Diff: 0, Sum: 0, Workers: 4
[1916.663s][debug][gc,phases      ] GC(63)     Total                          Min: 0, Avg: 12659.8, Max: 21583, Diff: 21583, Sum: 50639, Workers: 4
[1916.663s][debug][gc,phases      ] GC(63)   ResolvedMethodTable Weak       Min: 0.00, Avg: 0.03, Max: 0.04, Diff: 0.04, Sum: 0.13, Workers: 4
[1916.663s][debug][gc,phases      ] GC(63)     Dead                           Min: 0, Avg:  5.0, Max: 11, Diff: 11, Sum: 20, Workers: 4
[1916.663s][debug][gc,phases      ] GC(63)     Total                          Min: 0, Avg: 4242.5, Max: 7211, Diff: 7211, Sum: 16970, Workers: 4
[1916.663s][debug][gc,phases      ] GC(63)   JNI Weak                       Min: 0.00, Avg: 0.00, Max: 0.00, Diff: 0.00, Sum: 0.00, Workers: 4
[1916.663s][debug][gc,phases      ] GC(63)     Dead                           Min: 0, Avg:  0.0, Max: 0, Diff: 0, Sum: 0, Workers: 4
[1916.663s][debug][gc,phases      ] GC(63)     Total                          Min: 0, Avg: 13.0, Max: 52, Diff: 52, Sum: 52, Workers: 4
[1916.663s][debug][gc,phases      ] GC(63)   StringDedup Table Weak         Min: 0.00, Avg: 0.00, Max: 0.00, Diff: 0.00, Sum: 0.00, Workers: 4
[1916.663s][debug][gc,phases      ] GC(63)     Dead                           Min: 0, Avg:  0.0, Max: 0, Diff: 0, Sum: 0, Workers: 4
[1916.663s][debug][gc,phases      ] GC(63)     Total                          Min: 0, Avg:  0.0, Max: 0, Diff: 0, Sum: 0, Workers: 4
[1916.663s][debug][gc,phases      ] GC(63)   StringDedup Requests0 Weak     Min: 0.00, Avg: 0.00, Max: 0.00, Diff: 0.00, Sum: 0.00, Workers: 4
[1916.663s][debug][gc,phases      ] GC(63)     Dead                           Min: 0, Avg:  0.0, Max: 0, Diff: 0, Sum: 0, Workers: 4
[1916.663s][debug][gc,phases      ] GC(63)     Total                          Min: 0, Avg:  0.0, Max: 0, Diff: 0, Sum: 0, Workers: 4
[1916.663s][debug][gc,phases      ] GC(63)   StringDedup Requests1 Weak     Min: 0.00, Avg: 0.00, Max: 0.00, Diff: 0.00, Sum: 0.00, Workers: 4
[1916.663s][debug][gc,phases      ] GC(63)     Dead                           Min: 0, Avg:  0.0, Max: 0, Diff: 0, Sum: 0, Workers: 4
[1916.663s][debug][gc,phases      ] GC(63)     Total                          Min: 0, Avg:  0.0, Max: 0, Diff: 0, Sum: 0, Workers: 4
[1916.663s][debug][gc,phases      ] GC(63)   Weak JFR Old Object Samples    Min: 0.00, Avg: 0.00, Max: 0.00, Diff: 0.00, Sum: 0.00, Workers: 4
[1916.663s][debug][gc,phases      ] GC(63)     Dead                           Min: 0, Avg:  0.0, Max: 0, Diff: 0, Sum: 0, Workers: 4
[1916.663s][debug][gc,phases      ] GC(63)     Total                          Min: 0, Avg:  0.0, Max: 0, Diff: 0, Sum: 0, Workers: 4
[1916.663s][debug][gc,phases      ] GC(63) Weak Processing 0.363ms
[1916.663s][debug][gc,age         ] GC(63) Desired survivor size 89653248 bytes, new threshold 1 (max threshold 15)
[1916.663s][info ][gc,heap        ] GC(63) PSYoungGen: 1955857K(2007040K)->6224K(2005504K) Eden: 1915392K(1915392K)->0K(1915392K) From: 40465K(91648K)->6224K(90112K)
[1916.663s][info ][gc,heap        ] GC(63) ParOldGen: 719403K(719872K)->758525K(758784K)
[1916.663s][info ][gc,metaspace   ] GC(63) Metaspace: 110943K(112128K)->110943K(112128K) NonClass: 94724K(95424K)->94724K(95424K) Class: 16219K(16704K)->16219K(16704K)
[1916.663s][info ][gc             ] GC(63) Pause Young (Allocation Failure) 2612M->746M(2699M) 21.997ms
[1916.663s][info ][gc,cpu         ] GC(63) User=0.05s Sys=0.03s Real=0.02s
[1916.663s][info ][safepoint      ] Safepoint "ParallelCollectForAllocation", Time since last: 29914761660 ns, Reaching safepoint: 98599 ns, At safepoint: 22065993 ns, Leaving safepoint: 8900 ns, Total: 22173492 ns, Threads: 1 runnable, 36 total
[1946.143s][info ][gc,start       ] GC(64) Pause Young (Allocation Failure)
[1946.148s][debug][gc,phases      ] GC(64) Scavenge 5.001ms
[1946.148s][debug][gc,ref         ] GC(64) Skipped SoftWeakFinalRefsPhase of Reference Processing: no references
[1946.148s][debug][gc,ref         ] GC(64) Skipped KeepAliveFinalRefsPhase of Reference Processing: no references
[1946.148s][debug][gc,ref         ] GC(64) Skipped PhantomRefsPhase of Reference Processing: no references
[1946.148s][debug][gc,phases      ] GC(64) Reference Processing 0.032ms
[1946.148s][debug][gc,phases      ] GC(64)   VM Weak                        Min: 0.00, Avg: 0.00, Max: 0.01, Diff: 0.01, Sum: 0.01, Workers: 4
[1946.148s][debug][gc,phases      ] GC(64)     Dead                           Min: 0, Avg:  0.0, Max: 0, Diff: 0, Sum: 0, Workers: 4
[1946.148s][debug][gc,phases      ] GC(64)     Total                          Min: 0, Avg: 232.2, Max: 576, Diff: 576, Sum: 929, Workers: 4
[1946.148s][debug][gc,phases      ] GC(64)   ObjectSynchronizer Weak        Min: 0.00, Avg: 0.00, Max: 0.00, Diff: 0.00, Sum: 0.00, Workers: 4
[1946.148s][debug][gc,phases      ] GC(64)     Dead                           Min: 0, Avg:  0.0, Max: 0, Diff: 0, Sum: 0, Workers: 4
[1946.148s][debug][gc,phases      ] GC(64)     Total                          Min: 0, Avg:  1.5, Max: 6, Diff: 6, Sum: 6, Workers: 4
[1946.148s][debug][gc,phases      ] GC(64)   JVMTI Tag Weak OopStorage      Min: 0.00, Avg: 0.00, Max: 0.00, Diff: 0.00, Sum: 0.00, Workers: 4
[1946.148s][debug][gc,phases      ] GC(64)     Dead                           Min: 0, Avg:  0.0, Max: 0, Diff: 0, Sum: 0, Workers: 4
[1946.148s][debug][gc,phases      ] GC(64)     Total                          Min: 0, Avg:  0.0, Max: 0, Diff: 0, Sum: 0, Workers: 4
[1946.148s][debug][gc,phases      ] GC(64)   StringTable Weak               Min: 0.00, Avg: 0.14, Max: 0.19, Diff: 0.19, Sum: 0.58, Workers: 4
[1946.148s][debug][gc,phases      ] GC(64)     Dead                           Min: 0, Avg:  0.0, Max: 0, Diff: 0, Sum: 0, Workers: 4
[1946.148s][debug][gc,phases      ] GC(64)     Total                          Min: 0, Avg: 12659.8, Max: 20815, Diff: 20815, Sum: 50639, Workers: 4
[1946.148s][debug][gc,phases      ] GC(64)   ResolvedMethodTable Weak       Min: 0.00, Avg: 0.04, Max: 0.05, Diff: 0.05, Sum: 0.16, Workers: 4
[1946.148s][debug][gc,phases      ] GC(64)     Dead                           Min: 0, Avg:  5.0, Max: 16, Diff: 16, Sum: 20, Workers: 4
[1946.148s][debug][gc,phases      ] GC(64)     Total                          Min: 0, Avg: 4242.5, Max: 5774, Diff: 5774, Sum: 16970, Workers: 4
[1946.148s][debug][gc,phases      ] GC(64)   JNI Weak                       Min: 0.00, Avg: 0.00, Max: 0.00, Diff: 0.00, Sum: 0.00, Workers: 4
[1946.148s][debug][gc,phases      ] GC(64)     Dead                           Min: 0, Avg:  0.0, Max: 0, Diff: 0, Sum: 0, Workers: 4
[1946.148s][debug][gc,phases      ] GC(64)     Total                          Min: 0, Avg: 13.0, Max: 48, Diff: 48, Sum: 52, Workers: 4
[1946.148s][debug][gc,phases      ] GC(64)   StringDedup Table Weak         Min: 0.00, Avg: 0.00, Max: 0.00, Diff: 0.00, Sum: 0.00, Workers: 4
[1946.148s][debug][gc,phases      ] GC(64)     Dead                           Min: 0, Avg:  0.0, Max: 0, Diff: 0, Sum: 0, Workers: 4
[1946.148s][debug][gc,phases      ] GC(64)     Total                          Min: 0, Avg:  0.0, Max: 0, Diff: 0, Sum: 0, Workers: 4
[1946.148s][debug][gc,phases      ] GC(64)   StringDedup Requests0 Weak     Min: 0.00, Avg: 0.00, Max: 0.00, Diff: 0.00, Sum: 0.00, Workers: 4
[1946.148s][debug][gc,phases      ] GC(64)     Dead                           Min: 0, Avg:  0.0, Max: 0, Diff: 0, Sum: 0, Workers: 4
[1946.148s][debug][gc,phases      ] GC(64)     Total                          Min: 0, Avg:  0.0, Max: 0, Diff: 0, Sum: 0, Workers: 4
[1946.148s][debug][gc,phases      ] GC(64)   StringDedup Requests1 Weak     Min: 0.00, Avg: 0.00, Max: 0.00, Diff: 0.00, Sum: 0.00, Workers: 4
[1946.148s][debug][gc,phases      ] GC(64)     Dead                           Min: 0, Avg:  0.0, Max: 0, Diff: 0, Sum: 0, Workers: 4
[1946.148s][debug][gc,phases      ] GC(64)     Total                          Min: 0, Avg:  0.0, Max: 0, Diff: 0, Sum: 0, Workers: 4
[1946.148s][debug][gc,phases      ] GC(64)   Weak JFR Old Object Samples    Min: 0.00, Avg: 0.00, Max: 0.00, Diff: 0.00, Sum: 0.00, Workers: 4
[1946.148s][debug][gc,phases      ] GC(64)     Dead                           Min: 0, Avg:  0.0, Max: 0, Diff: 0, Sum: 0, Workers: 4
[1946.148s][debug][gc,phases      ] GC(64)     Total                          Min: 0, Avg:  0.0, Max: 0, Diff: 0, Sum: 0, Workers: 4
[1946.148s][debug][gc,phases      ] GC(64) Weak Processing 0.419ms
[1946.148s][debug][gc,age         ] GC(64) Desired survivor size 87031808 bytes, new threshold 1 (max threshold 15)
[1946.148s][info ][gc,heap        ] GC(64) PSYoungGen: 1921616K(2005504K)->5568K(2012160K) Eden: 1915392K(1915392K)->0K(1924608K) From: 6224K(90112K)->5568K(87552K)
[1946.148s][info ][gc,heap        ] GC(64) ParOldGen: 758525K(758784K)->761186K(761344K)
[1946.148s][info ][gc,metaspace   ] GC(64) Metaspace: 110945K(112128K)->110945K(112128K) NonClass: 94725K(95424K)->94725K(95424K) Class: 16219K(16704K)->16219K(16704K)
[1946.148s][info ][gc             ] GC(64) Pause Young (Allocation Failure) 2617M->748M(2708M) 5.567ms
[1946.148s][info ][gc,cpu         ] GC(64) User=0.02s Sys=0.00s Real=0.00s
[1946.148s][info ][safepoint      ] Safepoint "ParallelCollectForAllocation", Time since last: 29479181051 ns, Reaching safepoint: 80800 ns, At safepoint: 5631373 ns, Leaving safepoint: 21700 ns, Total: 5733873 ns, Threads: 1 runnable, 34 total
[1972.693s][info ][gc,start       ] GC(65) Pause Young (Allocation Failure)
[1972.705s][debug][gc,phases      ] GC(65) Scavenge 11.527ms
[1972.705s][debug][gc,ref         ] GC(65) ReferenceProcessor::execute queues: 1, RefProcThreadModel::Single, marks_oops_alive: false
[1972.705s][debug][gc,ref         ] GC(65) Skipped KeepAliveFinalRefsPhase of Reference Processing: no references
[1972.705s][debug][gc,ref         ] GC(65) Skipped PhantomRefsPhase of Reference Processing: no references
[1972.705s][debug][gc,phases      ] GC(65) Reference Processing 0.097ms
[1972.705s][debug][gc,phases      ] GC(65)   VM Weak                        Min: 0.00, Avg: 0.00, Max: 0.01, Diff: 0.01, Sum: 0.01, Workers: 4
[1972.705s][debug][gc,phases      ] GC(65)     Dead                           Min: 0, Avg:  0.0, Max: 0, Diff: 0, Sum: 0, Workers: 4
[1972.705s][debug][gc,phases      ] GC(65)     Total                          Min: 0, Avg: 232.2, Max: 545, Diff: 545, Sum: 929, Workers: 4
[1972.705s][debug][gc,phases      ] GC(65)   ObjectSynchronizer Weak        Min: 0.00, Avg: 0.00, Max: 0.00, Diff: 0.00, Sum: 0.00, Workers: 4
[1972.705s][debug][gc,phases      ] GC(65)     Dead                           Min: 0, Avg:  0.0, Max: 0, Diff: 0, Sum: 0, Workers: 4
[1972.705s][debug][gc,phases      ] GC(65)     Total                          Min: 0, Avg:  2.0, Max: 8, Diff: 8, Sum: 8, Workers: 4
[1972.705s][debug][gc,phases      ] GC(65)   JVMTI Tag Weak OopStorage      Min: 0.00, Avg: 0.00, Max: 0.00, Diff: 0.00, Sum: 0.00, Workers: 4
[1972.705s][debug][gc,phases      ] GC(65)     Dead                           Min: 0, Avg:  0.0, Max: 0, Diff: 0, Sum: 0, Workers: 4
[1972.705s][debug][gc,phases      ] GC(65)     Total                          Min: 0, Avg:  0.0, Max: 0, Diff: 0, Sum: 0, Workers: 4
[1972.705s][debug][gc,phases      ] GC(65)   StringTable Weak               Min: 0.00, Avg: 0.11, Max: 0.22, Diff: 0.22, Sum: 0.44, Workers: 4
[1972.705s][debug][gc,phases      ] GC(65)     Dead                           Min: 0, Avg:  0.2, Max: 1, Diff: 1, Sum: 1, Workers: 4
[1972.705s][debug][gc,phases      ] GC(65)     Total                          Min: 0, Avg: 12673.0, Max: 25476, Diff: 25476, Sum: 50692, Workers: 4
[1972.705s][debug][gc,phases      ] GC(65)   ResolvedMethodTable Weak       Min: 0.00, Avg: 0.04, Max: 0.08, Diff: 0.08, Sum: 0.15, Workers: 4
[1972.705s][debug][gc,phases      ] GC(65)     Dead                           Min: 0, Avg:  5.0, Max: 12, Diff: 12, Sum: 20, Workers: 4
[1972.705s][debug][gc,phases      ] GC(65)     Total                          Min: 0, Avg: 4243.0, Max: 8527, Diff: 8527, Sum: 16972, Workers: 4
[1972.705s][debug][gc,phases      ] GC(65)   JNI Weak                       Min: 0.00, Avg: 0.00, Max: 0.00, Diff: 0.00, Sum: 0.00, Workers: 4
[1972.705s][debug][gc,phases      ] GC(65)     Dead                           Min: 0, Avg:  0.0, Max: 0, Diff: 0, Sum: 0, Workers: 4
[1972.705s][debug][gc,phases      ] GC(65)     Total                          Min: 0, Avg: 13.0, Max: 48, Diff: 48, Sum: 52, Workers: 4
[1972.705s][debug][gc,phases      ] GC(65)   StringDedup Table Weak         Min: 0.00, Avg: 0.00, Max: 0.00, Diff: 0.00, Sum: 0.00, Workers: 4
[1972.705s][debug][gc,phases      ] GC(65)     Dead                           Min: 0, Avg:  0.0, Max: 0, Diff: 0, Sum: 0, Workers: 4
[1972.705s][debug][gc,phases      ] GC(65)     Total                          Min: 0, Avg:  0.0, Max: 0, Diff: 0, Sum: 0, Workers: 4
[1972.705s][debug][gc,phases      ] GC(65)   StringDedup Requests0 Weak     Min: 0.00, Avg: 0.00, Max: 0.00, Diff: 0.00, Sum: 0.00, Workers: 4
[1972.705s][debug][gc,phases      ] GC(65)     Dead                           Min: 0, Avg:  0.0, Max: 0, Diff: 0, Sum: 0, Workers: 4
[1972.705s][debug][gc,phases      ] GC(65)     Total                          Min: 0, Avg:  0.0, Max: 0, Diff: 0, Sum: 0, Workers: 4
[1972.705s][debug][gc,phases      ] GC(65)   StringDedup Requests1 Weak     Min: 0.00, Avg: 0.00, Max: 0.00, Diff: 0.00, Sum: 0.00, Workers: 4
[1972.705s][debug][gc,phases      ] GC(65)     Dead                           Min: 0, Avg:  0.0, Max: 0, Diff: 0, Sum: 0, Workers: 4
[1972.705s][debug][gc,phases      ] GC(65)     Total                          Min: 0, Avg:  0.0, Max: 0, Diff: 0, Sum: 0, Workers: 4
[1972.705s][debug][gc,phases      ] GC(65)   Weak JFR Old Object Samples    Min: 0.00, Avg: 0.00, Max: 0.00, Diff: 0.00, Sum: 0.00, Workers: 4
[1972.705s][debug][gc,phases      ] GC(65)     Dead                           Min: 0, Avg:  0.0, Max: 0, Diff: 0, Sum: 0, Workers: 4
[1972.705s][debug][gc,phases      ] GC(65)     Total                          Min: 0, Avg:  0.0, Max: 0, Diff: 0, Sum: 0, Workers: 4
[1972.705s][debug][gc,phases      ] GC(65) Weak Processing 0.510ms
[1972.705s][debug][gc,age         ] GC(65) Desired survivor size 83361792 bytes, new threshold 1 (max threshold 15)
[1972.705s][info ][gc,heap        ] GC(65) PSYoungGen: 1930176K(2012160K)->11904K(2009600K) Eden: 1924608K(1924608K)->0K(1924608K) From: 5568K(87552K)->11904K(84992K)
[1972.705s][info ][gc,heap        ] GC(65) ParOldGen: 761186K(761344K)->762507K(762880K)
[1972.705s][info ][gc,metaspace   ] GC(65) Metaspace: 110970K(112128K)->110970K(112128K) NonClass: 94749K(95424K)->94749K(95424K) Class: 16220K(16704K)->16220K(16704K)
[1972.705s][info ][gc             ] GC(65) Pause Young (Allocation Failure) 2628M->756M(2707M) 12.249ms
[1972.705s][info ][gc,cpu         ] GC(65) User=0.03s Sys=0.00s Real=0.01s
[1972.706s][info ][safepoint      ] Safepoint "ParallelCollectForAllocation", Time since last: 26544971586 ns, Reaching safepoint: 82900 ns, At safepoint: 12312440 ns, Leaving safepoint: 9100 ns, Total: 12404440 ns, Threads: 1 runnable, 34 total
[2001.926s][info ][gc,start       ] GC(66) Pause Young (Allocation Failure)
[2001.933s][debug][gc,phases      ] GC(66) Scavenge 7.546ms
[2001.933s][debug][gc,ref         ] GC(66) ReferenceProcessor::execute queues: 1, RefProcThreadModel::Single, marks_oops_alive: false
[2001.933s][debug][gc,ref         ] GC(66) Skipped KeepAliveFinalRefsPhase of Reference Processing: no references
[2001.933s][debug][gc,ref         ] GC(66) Skipped PhantomRefsPhase of Reference Processing: no references
[2001.933s][debug][gc,phases      ] GC(66) Reference Processing 0.113ms
[2001.934s][debug][gc,phases      ] GC(66)   VM Weak                        Min: 0.00, Avg: 0.00, Max: 0.01, Diff: 0.01, Sum: 0.01, Workers: 4
[2001.934s][debug][gc,phases      ] GC(66)     Dead                           Min: 0, Avg:  0.0, Max: 0, Diff: 0, Sum: 0, Workers: 4
[2001.934s][debug][gc,phases      ] GC(66)     Total                          Min: 0, Avg: 232.2, Max: 673, Diff: 673, Sum: 929, Workers: 4
[2001.934s][debug][gc,phases      ] GC(66)   ObjectSynchronizer Weak        Min: 0.00, Avg: 0.00, Max: 0.00, Diff: 0.00, Sum: 0.00, Workers: 4
[2001.934s][debug][gc,phases      ] GC(66)     Dead                           Min: 0, Avg:  0.0, Max: 0, Diff: 0, Sum: 0, Workers: 4
[2001.934s][debug][gc,phases      ] GC(66)     Total                          Min: 0, Avg:  1.8, Max: 7, Diff: 7, Sum: 7, Workers: 4
[2001.934s][debug][gc,phases      ] GC(66)   JVMTI Tag Weak OopStorage      Min: 0.00, Avg: 0.00, Max: 0.00, Diff: 0.00, Sum: 0.00, Workers: 4
[2001.934s][debug][gc,phases      ] GC(66)     Dead                           Min: 0, Avg:  0.0, Max: 0, Diff: 0, Sum: 0, Workers: 4
[2001.934s][debug][gc,phases      ] GC(66)     Total                          Min: 0, Avg:  0.0, Max: 0, Diff: 0, Sum: 0, Workers: 4
[2001.934s][debug][gc,phases      ] GC(66)   StringTable Weak               Min: 0.00, Avg: 0.10, Max: 0.13, Diff: 0.13, Sum: 0.38, Workers: 4
[2001.934s][debug][gc,phases      ] GC(66)     Dead                           Min: 0, Avg:  0.2, Max: 1, Diff: 1, Sum: 1, Workers: 4
[2001.934s][debug][gc,phases      ] GC(66)     Total                          Min: 0, Avg: 12675.2, Max: 21518, Diff: 21518, Sum: 50701, Workers: 4
[2001.934s][debug][gc,phases      ] GC(66)   ResolvedMethodTable Weak       Min: 0.00, Avg: 0.03, Max: 0.04, Diff: 0.04, Sum: 0.13, Workers: 4
[2001.934s][debug][gc,phases      ] GC(66)     Dead                           Min: 0, Avg:  6.2, Max: 14, Diff: 14, Sum: 25, Workers: 4
[2001.934s][debug][gc,phases      ] GC(66)     Total                          Min: 0, Avg: 4247.5, Max: 7275, Diff: 7275, Sum: 16990, Workers: 4
[2001.934s][debug][gc,phases      ] GC(66)   JNI Weak                       Min: 0.00, Avg: 0.00, Max: 0.00, Diff: 0.00, Sum: 0.00, Workers: 4
[2001.934s][debug][gc,phases      ] GC(66)     Dead                           Min: 0, Avg:  0.0, Max: 0, Diff: 0, Sum: 0, Workers: 4
[2001.934s][debug][gc,phases      ] GC(66)     Total                          Min: 0, Avg: 13.0, Max: 48, Diff: 48, Sum: 52, Workers: 4
[2001.934s][debug][gc,phases      ] GC(66)   StringDedup Table Weak         Min: 0.00, Avg: 0.00, Max: 0.00, Diff: 0.00, Sum: 0.00, Workers: 4
[2001.934s][debug][gc,phases      ] GC(66)     Dead                           Min: 0, Avg:  0.0, Max: 0, Diff: 0, Sum: 0, Workers: 4
[2001.934s][debug][gc,phases      ] GC(66)     Total                          Min: 0, Avg:  0.0, Max: 0, Diff: 0, Sum: 0, Workers: 4
[2001.934s][debug][gc,phases      ] GC(66)   StringDedup Requests0 Weak     Min: 0.00, Avg: 0.00, Max: 0.00, Diff: 0.00, Sum: 0.00, Workers: 4
[2001.934s][debug][gc,phases      ] GC(66)     Dead                           Min: 0, Avg:  0.0, Max: 0, Diff: 0, Sum: 0, Workers: 4
[2001.934s][debug][gc,phases      ] GC(66)     Total                          Min: 0, Avg:  0.0, Max: 0, Diff: 0, Sum: 0, Workers: 4
[2001.934s][debug][gc,phases      ] GC(66)   StringDedup Requests1 Weak     Min: 0.00, Avg: 0.00, Max: 0.00, Diff: 0.00, Sum: 0.00, Workers: 4
[2001.934s][debug][gc,phases      ] GC(66)     Dead                           Min: 0, Avg:  0.0, Max: 0, Diff: 0, Sum: 0, Workers: 4
[2001.934s][debug][gc,phases      ] GC(66)     Total                          Min: 0, Avg:  0.0, Max: 0, Diff: 0, Sum: 0, Workers: 4
[2001.934s][debug][gc,phases      ] GC(66)   Weak JFR Old Object Samples    Min: 0.00, Avg: 0.00, Max: 0.00, Diff: 0.00, Sum: 0.00, Workers: 4
[2001.934s][debug][gc,phases      ] GC(66)     Dead                           Min: 0, Avg:  0.0, Max: 0, Diff: 0, Sum: 0, Workers: 4
[2001.934s][debug][gc,phases      ] GC(66)     Total                          Min: 0, Avg:  0.0, Max: 0, Diff: 0, Sum: 0, Workers: 4
[2001.934s][debug][gc,phases      ] GC(66) Weak Processing 0.342ms
[2001.934s][debug][gc,age         ] GC(66) Desired survivor size 80216064 bytes, new threshold 1 (max threshold 15)
[2001.934s][info ][gc,heap        ] GC(66) PSYoungGen: 1936512K(2009600K)->6592K(2018816K) Eden: 1924608K(1924608K)->0K(1937408K) From: 11904K(84992K)->6592K(81408K)
[2001.934s][info ][gc,heap        ] GC(66) ParOldGen: 762507K(762880K)->769127K(769536K)
[2001.934s][info ][gc,metaspace   ] GC(66) Metaspace: 111001K(112192K)->111001K(112192K) NonClass: 94774K(95488K)->94774K(95488K) Class: 16226K(16704K)->16226K(16704K)
[2001.934s][info ][gc             ] GC(66) Pause Young (Allocation Failure) 2635M->757M(2723M) 8.104ms
[2001.934s][info ][gc,cpu         ] GC(66) User=0.03s Sys=0.00s Real=0.01s
[2001.934s][info ][safepoint      ] Safepoint "ParallelCollectForAllocation", Time since last: 29220057949 ns, Reaching safepoint: 5600 ns, At safepoint: 8171761 ns, Leaving safepoint: 7700 ns, Total: 8185061 ns, Threads: 0 runnable, 34 total
[2031.941s][info ][gc,start       ] GC(67) Pause Young (Allocation Failure)
[2031.946s][debug][gc,phases      ] GC(67) Scavenge 5.250ms
[2031.946s][debug][gc,ref         ] GC(67) Skipped SoftWeakFinalRefsPhase of Reference Processing: no references
[2031.946s][debug][gc,ref         ] GC(67) Skipped KeepAliveFinalRefsPhase of Reference Processing: no references
[2031.946s][debug][gc,ref         ] GC(67) Skipped PhantomRefsPhase of Reference Processing: no references
[2031.946s][debug][gc,phases      ] GC(67) Reference Processing 0.029ms
[2031.946s][debug][gc,phases      ] GC(67)   VM Weak                        Min: 0.00, Avg: 0.00, Max: 0.01, Diff: 0.01, Sum: 0.01, Workers: 4
[2031.946s][debug][gc,phases      ] GC(67)     Dead                           Min: 0, Avg:  0.0, Max: 0, Diff: 0, Sum: 0, Workers: 4
[2031.946s][debug][gc,phases      ] GC(67)     Total                          Min: 0, Avg: 232.2, Max: 609, Diff: 609, Sum: 929, Workers: 4
[2031.946s][debug][gc,phases      ] GC(67)   ObjectSynchronizer Weak        Min: 0.00, Avg: 0.00, Max: 0.00, Diff: 0.00, Sum: 0.00, Workers: 4
[2031.946s][debug][gc,phases      ] GC(67)     Dead                           Min: 0, Avg:  0.0, Max: 0, Diff: 0, Sum: 0, Workers: 4
[2031.946s][debug][gc,phases      ] GC(67)     Total                          Min: 0, Avg:  1.8, Max: 7, Diff: 7, Sum: 7, Workers: 4
[2031.946s][debug][gc,phases      ] GC(67)   JVMTI Tag Weak OopStorage      Min: 0.00, Avg: 0.00, Max: 0.00, Diff: 0.00, Sum: 0.00, Workers: 4
[2031.946s][debug][gc,phases      ] GC(67)     Dead                           Min: 0, Avg:  0.0, Max: 0, Diff: 0, Sum: 0, Workers: 4
[2031.946s][debug][gc,phases      ] GC(67)     Total                          Min: 0, Avg:  0.0, Max: 0, Diff: 0, Sum: 0, Workers: 4
[2031.946s][debug][gc,phases      ] GC(67)   StringTable Weak               Min: 0.00, Avg: 0.12, Max: 0.16, Diff: 0.16, Sum: 0.47, Workers: 4
[2031.946s][debug][gc,phases      ] GC(67)     Dead                           Min: 0, Avg:  0.0, Max: 0, Diff: 0, Sum: 0, Workers: 4
[2031.946s][debug][gc,phases      ] GC(67)     Total                          Min: 0, Avg: 12675.2, Max: 17023, Diff: 17023, Sum: 50701, Workers: 4
[2031.946s][debug][gc,phases      ] GC(67)   ResolvedMethodTable Weak       Min: 0.00, Avg: 0.04, Max: 0.05, Diff: 0.05, Sum: 0.16, Workers: 4
[2031.946s][debug][gc,phases      ] GC(67)     Dead                           Min: 0, Avg:  5.0, Max: 20, Diff: 20, Sum: 20, Workers: 4
[2031.946s][debug][gc,phases      ] GC(67)     Total                          Min: 0, Avg: 4247.5, Max: 5774, Diff: 5774, Sum: 16990, Workers: 4
[2031.946s][debug][gc,phases      ] GC(67)   JNI Weak                       Min: 0.00, Avg: 0.00, Max: 0.00, Diff: 0.00, Sum: 0.00, Workers: 4
[2031.946s][debug][gc,phases      ] GC(67)     Dead                           Min: 0, Avg:  0.0, Max: 0, Diff: 0, Sum: 0, Workers: 4
[2031.946s][debug][gc,phases      ] GC(67)     Total                          Min: 0, Avg: 13.0, Max: 48, Diff: 48, Sum: 52, Workers: 4
[2031.946s][debug][gc,phases      ] GC(67)   StringDedup Table Weak         Min: 0.00, Avg: 0.00, Max: 0.00, Diff: 0.00, Sum: 0.00, Workers: 4
[2031.946s][debug][gc,phases      ] GC(67)     Dead                           Min: 0, Avg:  0.0, Max: 0, Diff: 0, Sum: 0, Workers: 4
[2031.946s][debug][gc,phases      ] GC(67)     Total                          Min: 0, Avg:  0.0, Max: 0, Diff: 0, Sum: 0, Workers: 4
[2031.946s][debug][gc,phases      ] GC(67)   StringDedup Requests0 Weak     Min: 0.00, Avg: 0.00, Max: 0.00, Diff: 0.00, Sum: 0.00, Workers: 4
[2031.946s][debug][gc,phases      ] GC(67)     Dead                           Min: 0, Avg:  0.0, Max: 0, Diff: 0, Sum: 0, Workers: 4
[2031.946s][debug][gc,phases      ] GC(67)     Total                          Min: 0, Avg:  0.0, Max: 0, Diff: 0, Sum: 0, Workers: 4
[2031.946s][debug][gc,phases      ] GC(67)   StringDedup Requests1 Weak     Min: 0.00, Avg: 0.00, Max: 0.00, Diff: 0.00, Sum: 0.00, Workers: 4
[2031.946s][debug][gc,phases      ] GC(67)     Dead                           Min: 0, Avg:  0.0, Max: 0, Diff: 0, Sum: 0, Workers: 4
[2031.946s][debug][gc,phases      ] GC(67)     Total                          Min: 0, Avg:  0.0, Max: 0, Diff: 0, Sum: 0, Workers: 4
[2031.946s][debug][gc,phases      ] GC(67)   Weak JFR Old Object Samples    Min: 0.00, Avg: 0.00, Max: 0.00, Diff: 0.00, Sum: 0.00, Workers: 4
[2031.946s][debug][gc,phases      ] GC(67)     Dead                           Min: 0, Avg:  0.0, Max: 0, Diff: 0, Sum: 0, Workers: 4
[2031.946s][debug][gc,phases      ] GC(67)     Total                          Min: 0, Avg:  0.0, Max: 0, Diff: 0, Sum: 0, Workers: 4
[2031.946s][debug][gc,phases      ] GC(67) Weak Processing 0.526ms
[2031.946s][debug][gc,age         ] GC(67) Desired survivor size 77070336 bytes, new threshold 1 (max threshold 15)
[2031.946s][info ][gc,heap        ] GC(67) PSYoungGen: 1944000K(2018816K)->5088K(2015744K) Eden: 1937408K(1937408K)->0K(1937408K) From: 6592K(81408K)->5088K(78336K)
[2031.946s][info ][gc,heap        ] GC(67) ParOldGen: 769127K(769536K)->772048K(772096K)
[2031.946s][info ][gc,metaspace   ] GC(67) Metaspace: 111007K(112192K)->111007K(112192K) NonClass: 94780K(95488K)->94780K(95488K) Class: 16226K(16704K)->16226K(16704K)
[2031.946s][info ][gc             ] GC(67) Pause Young (Allocation Failure) 2649M->758M(2722M) 5.935ms
[2031.946s][info ][gc,cpu         ] GC(67) User=0.01s Sys=0.00s Real=0.00s
[2031.947s][info ][safepoint      ] Safepoint "ParallelCollectForAllocation", Time since last: 30006642702 ns, Reaching safepoint: 91200 ns, At safepoint: 6015471 ns, Leaving safepoint: 8500 ns, Total: 6115171 ns, Threads: 1 runnable, 33 total
[2062.246s][info ][gc,start       ] GC(68) Pause Young (Allocation Failure)
[2062.251s][debug][gc,phases      ] GC(68) Scavenge 4.992ms
[2062.251s][debug][gc,ref         ] GC(68) Skipped SoftWeakFinalRefsPhase of Reference Processing: no references
[2062.251s][debug][gc,ref         ] GC(68) Skipped KeepAliveFinalRefsPhase of Reference Processing: no references
[2062.251s][debug][gc,ref         ] GC(68) Skipped PhantomRefsPhase of Reference Processing: no references
[2062.251s][debug][gc,phases      ] GC(68) Reference Processing 0.018ms
[2062.251s][debug][gc,phases      ] GC(68)   VM Weak                        Min: 0.00, Avg: 0.00, Max: 0.01, Diff: 0.01, Sum: 0.01, Workers: 4
[2062.251s][debug][gc,phases      ] GC(68)     Dead                           Min: 0, Avg:  0.0, Max: 0, Diff: 0, Sum: 0, Workers: 4
[2062.251s][debug][gc,phases      ] GC(68)     Total                          Min: 0, Avg: 232.2, Max: 640, Diff: 640, Sum: 929, Workers: 4
[2062.251s][debug][gc,phases      ] GC(68)   ObjectSynchronizer Weak        Min: 0.00, Avg: 0.00, Max: 0.00, Diff: 0.00, Sum: 0.00, Workers: 4
[2062.251s][debug][gc,phases      ] GC(68)     Dead                           Min: 0, Avg:  0.0, Max: 0, Diff: 0, Sum: 0, Workers: 4
[2062.251s][debug][gc,phases      ] GC(68)     Total                          Min: 0, Avg:  1.2, Max: 5, Diff: 5, Sum: 5, Workers: 4
[2062.251s][debug][gc,phases      ] GC(68)   JVMTI Tag Weak OopStorage      Min: 0.00, Avg: 0.00, Max: 0.00, Diff: 0.00, Sum: 0.00, Workers: 4
[2062.251s][debug][gc,phases      ] GC(68)     Dead                           Min: 0, Avg:  0.0, Max: 0, Diff: 0, Sum: 0, Workers: 4
[2062.251s][debug][gc,phases      ] GC(68)     Total                          Min: 0, Avg:  0.0, Max: 0, Diff: 0, Sum: 0, Workers: 4
[2062.251s][debug][gc,phases      ] GC(68)   StringTable Weak               Min: 0.00, Avg: 0.11, Max: 0.15, Diff: 0.15, Sum: 0.46, Workers: 4
[2062.251s][debug][gc,phases      ] GC(68)     Dead                           Min: 0, Avg:  0.0, Max: 0, Diff: 0, Sum: 0, Workers: 4
[2062.251s][debug][gc,phases      ] GC(68)     Total                          Min: 0, Avg: 12675.2, Max: 21055, Diff: 21055, Sum: 50701, Workers: 4
[2062.251s][debug][gc,phases      ] GC(68)   ResolvedMethodTable Weak       Min: 0.00, Avg: 0.03, Max: 0.05, Diff: 0.05, Sum: 0.14, Workers: 4
[2062.251s][debug][gc,phases      ] GC(68)     Dead                           Min: 0, Avg:  5.0, Max: 16, Diff: 16, Sum: 20, Workers: 4
[2062.251s][debug][gc,phases      ] GC(68)     Total                          Min: 0, Avg: 4247.5, Max: 7342, Diff: 7342, Sum: 16990, Workers: 4
[2062.251s][debug][gc,phases      ] GC(68)   JNI Weak                       Min: 0.00, Avg: 0.00, Max: 0.00, Diff: 0.00, Sum: 0.00, Workers: 4
[2062.251s][debug][gc,phases      ] GC(68)     Dead                           Min: 0, Avg:  0.0, Max: 0, Diff: 0, Sum: 0, Workers: 4
[2062.251s][debug][gc,phases      ] GC(68)     Total                          Min: 0, Avg: 13.0, Max: 48, Diff: 48, Sum: 52, Workers: 4
[2062.251s][debug][gc,phases      ] GC(68)   StringDedup Table Weak         Min: 0.00, Avg: 0.00, Max: 0.00, Diff: 0.00, Sum: 0.00, Workers: 4
[2062.251s][debug][gc,phases      ] GC(68)     Dead                           Min: 0, Avg:  0.0, Max: 0, Diff: 0, Sum: 0, Workers: 4
[2062.251s][debug][gc,phases      ] GC(68)     Total                          Min: 0, Avg:  0.0, Max: 0, Diff: 0, Sum: 0, Workers: 4
[2062.251s][debug][gc,phases      ] GC(68)   StringDedup Requests0 Weak     Min: 0.00, Avg: 0.00, Max: 0.00, Diff: 0.00, Sum: 0.00, Workers: 4
[2062.251s][debug][gc,phases      ] GC(68)     Dead                           Min: 0, Avg:  0.0, Max: 0, Diff: 0, Sum: 0, Workers: 4
[2062.251s][debug][gc,phases      ] GC(68)     Total                          Min: 0, Avg:  0.0, Max: 0, Diff: 0, Sum: 0, Workers: 4
[2062.251s][debug][gc,phases      ] GC(68)   StringDedup Requests1 Weak     Min: 0.00, Avg: 0.00, Max: 0.00, Diff: 0.00, Sum: 0.00, Workers: 4
[2062.251s][debug][gc,phases      ] GC(68)     Dead                           Min: 0, Avg:  0.0, Max: 0, Diff: 0, Sum: 0, Workers: 4
[2062.252s][debug][gc,phases      ] GC(68)     Total                          Min: 0, Avg:  0.0, Max: 0, Diff: 0, Sum: 0, Workers: 4
[2062.252s][debug][gc,phases      ] GC(68)   Weak JFR Old Object Samples    Min: 0.00, Avg: 0.00, Max: 0.00, Diff: 0.00, Sum: 0.00, Workers: 4
[2062.252s][debug][gc,phases      ] GC(68)     Dead                           Min: 0, Avg:  0.0, Max: 0, Diff: 0, Sum: 0, Workers: 4
[2062.252s][debug][gc,phases      ] GC(68)     Total                          Min: 0, Avg:  0.0, Max: 0, Diff: 0, Sum: 0, Workers: 4
[2062.252s][debug][gc,phases      ] GC(68) Weak Processing 0.373ms
[2062.252s][debug][gc,age         ] GC(68) Desired survivor size 74448896 bytes, new threshold 1 (max threshold 15)
[2062.252s][info ][gc,heap        ] GC(68) PSYoungGen: 1942496K(2015744K)->4512K(2024448K) Eden: 1937408K(1937408K)->0K(1949184K) From: 5088K(78336K)->4512K(75264K)
[2062.252s][info ][gc,heap        ] GC(68) ParOldGen: 772048K(772096K)->773680K(774144K)
[2062.252s][info ][gc,metaspace   ] GC(68) Metaspace: 111007K(112192K)->111007K(112192K) NonClass: 94781K(95488K)->94781K(95488K) Class: 16226K(16704K)->16226K(16704K)
[2062.252s][info ][gc             ] GC(68) Pause Young (Allocation Failure) 2650M->759M(2733M) 5.486ms
[2062.252s][info ][gc,cpu         ] GC(68) User=0.01s Sys=0.00s Real=0.01s
[2062.252s][info ][safepoint      ] Safepoint "ParallelCollectForAllocation", Time since last: 30299447329 ns, Reaching safepoint: 81100 ns, At safepoint: 5546973 ns, Leaving safepoint: 9000 ns, Total: 5637073 ns, Threads: 1 runnable, 31 total
[2093.447s][info ][gc,start       ] GC(69) Pause Young (Allocation Failure)
[2093.452s][debug][gc,phases      ] GC(69) Scavenge 4.748ms
[2093.452s][debug][gc,ref         ] GC(69) ReferenceProcessor::execute queues: 1, RefProcThreadModel::Single, marks_oops_alive: false
[2093.452s][debug][gc,ref         ] GC(69) Skipped KeepAliveFinalRefsPhase of Reference Processing: no references
[2093.452s][debug][gc,ref         ] GC(69) Skipped PhantomRefsPhase of Reference Processing: no references
[2093.452s][debug][gc,phases      ] GC(69) Reference Processing 0.095ms
[2093.452s][debug][gc,phases      ] GC(69)   VM Weak                        Min: 0.00, Avg: 0.00, Max: 0.01, Diff: 0.01, Sum: 0.01, Workers: 4
[2093.452s][debug][gc,phases      ] GC(69)     Dead                           Min: 0, Avg:  0.0, Max: 0, Diff: 0, Sum: 0, Workers: 4
[2093.452s][debug][gc,phases      ] GC(69)     Total                          Min: 0, Avg: 232.2, Max: 704, Diff: 704, Sum: 929, Workers: 4
[2093.452s][debug][gc,phases      ] GC(69)   ObjectSynchronizer Weak        Min: 0.00, Avg: 0.00, Max: 0.00, Diff: 0.00, Sum: 0.00, Workers: 4
[2093.452s][debug][gc,phases      ] GC(69)     Dead                           Min: 0, Avg:  0.0, Max: 0, Diff: 0, Sum: 0, Workers: 4
[2093.452s][debug][gc,phases      ] GC(69)     Total                          Min: 0, Avg:  1.2, Max: 5, Diff: 5, Sum: 5, Workers: 4
[2093.452s][debug][gc,phases      ] GC(69)   JVMTI Tag Weak OopStorage      Min: 0.00, Avg: 0.00, Max: 0.00, Diff: 0.00, Sum: 0.00, Workers: 4
[2093.452s][debug][gc,phases      ] GC(69)     Dead                           Min: 0, Avg:  0.0, Max: 0, Diff: 0, Sum: 0, Workers: 4
[2093.452s][debug][gc,phases      ] GC(69)     Total                          Min: 0, Avg:  0.0, Max: 0, Diff: 0, Sum: 0, Workers: 4
[2093.452s][debug][gc,phases      ] GC(69)   StringTable Weak               Min: 0.00, Avg: 0.10, Max: 0.13, Diff: 0.13, Sum: 0.40, Workers: 4
[2093.452s][debug][gc,phases      ] GC(69)     Dead                           Min: 0, Avg:  0.5, Max: 2, Diff: 2, Sum: 2, Workers: 4
[2093.452s][debug][gc,phases      ] GC(69)     Total                          Min: 0, Avg: 12677.0, Max: 21759, Diff: 21759, Sum: 50708, Workers: 4
[2093.452s][debug][gc,phases      ] GC(69)   ResolvedMethodTable Weak       Min: 0.00, Avg: 0.03, Max: 0.04, Diff: 0.04, Sum: 0.13, Workers: 4
[2093.452s][debug][gc,phases      ] GC(69)     Dead                           Min: 0, Avg:  5.0, Max: 16, Diff: 16, Sum: 20, Workers: 4
[2093.452s][debug][gc,phases      ] GC(69)     Total                          Min: 0, Avg: 4248.5, Max: 7362, Diff: 7362, Sum: 16994, Workers: 4
[2093.452s][debug][gc,phases      ] GC(69)   JNI Weak                       Min: 0.00, Avg: 0.00, Max: 0.00, Diff: 0.00, Sum: 0.00, Workers: 4
[2093.452s][debug][gc,phases      ] GC(69)     Dead                           Min: 0, Avg:  0.0, Max: 0, Diff: 0, Sum: 0, Workers: 4
[2093.452s][debug][gc,phases      ] GC(69)     Total                          Min: 0, Avg: 13.0, Max: 48, Diff: 48, Sum: 52, Workers: 4
[2093.452s][debug][gc,phases      ] GC(69)   StringDedup Table Weak         Min: 0.00, Avg: 0.00, Max: 0.00, Diff: 0.00, Sum: 0.00, Workers: 4
[2093.452s][debug][gc,phases      ] GC(69)     Dead                           Min: 0, Avg:  0.0, Max: 0, Diff: 0, Sum: 0, Workers: 4
[2093.452s][debug][gc,phases      ] GC(69)     Total                          Min: 0, Avg:  0.0, Max: 0, Diff: 0, Sum: 0, Workers: 4
[2093.452s][debug][gc,phases      ] GC(69)   StringDedup Requests0 Weak     Min: 0.00, Avg: 0.00, Max: 0.00, Diff: 0.00, Sum: 0.00, Workers: 4
[2093.452s][debug][gc,phases      ] GC(69)     Dead                           Min: 0, Avg:  0.0, Max: 0, Diff: 0, Sum: 0, Workers: 4
[2093.452s][debug][gc,phases      ] GC(69)     Total                          Min: 0, Avg:  0.0, Max: 0, Diff: 0, Sum: 0, Workers: 4
[2093.452s][debug][gc,phases      ] GC(69)   StringDedup Requests1 Weak     Min: 0.00, Avg: 0.00, Max: 0.00, Diff: 0.00, Sum: 0.00, Workers: 4
[2093.452s][debug][gc,phases      ] GC(69)     Dead                           Min: 0, Avg:  0.0, Max: 0, Diff: 0, Sum: 0, Workers: 4
[2093.452s][debug][gc,phases      ] GC(69)     Total                          Min: 0, Avg:  0.0, Max: 0, Diff: 0, Sum: 0, Workers: 4
[2093.452s][debug][gc,phases      ] GC(69)   Weak JFR Old Object Samples    Min: 0.00, Avg: 0.00, Max: 0.00, Diff: 0.00, Sum: 0.00, Workers: 4
[2093.452s][debug][gc,phases      ] GC(69)     Dead                           Min: 0, Avg:  0.0, Max: 0, Diff: 0, Sum: 0, Workers: 4
[2093.452s][debug][gc,phases      ] GC(69)     Total                          Min: 0, Avg:  0.0, Max: 0, Diff: 0, Sum: 0, Workers: 4
[2093.452s][debug][gc,phases      ] GC(69) Weak Processing 0.351ms
[2093.452s][debug][gc,age         ] GC(69) Desired survivor size 70778880 bytes, new threshold 1 (max threshold 15)
[2093.452s][info ][gc,heap        ] GC(69) PSYoungGen: 1953696K(2024448K)->4832K(2021888K) Eden: 1949184K(1949184K)->0K(1949184K) From: 4512K(75264K)->4832K(72704K)
[2093.452s][info ][gc,heap        ] GC(69) ParOldGen: 773680K(774144K)->774793K(775168K)
[2093.452s][info ][gc,metaspace   ] GC(69) Metaspace: 111027K(112192K)->111027K(112192K) NonClass: 94797K(95488K)->94797K(95488K) Class: 16229K(16704K)->16229K(16704K)
[2093.452s][info ][gc             ] GC(69) Pause Young (Allocation Failure) 2663M->761M(2731M) 5.313ms
[2093.452s][info ][gc,cpu         ] GC(69) User=0.01s Sys=0.00s Real=0.01s
[2093.452s][info ][safepoint      ] Safepoint "ParallelCollectForAllocation", Time since last: 31195059107 ns, Reaching safepoint: 82399 ns, At safepoint: 5379075 ns, Leaving safepoint: 6500 ns, Total: 5467974 ns, Threads: 1 runnable, 31 total
[2124.195s][info ][gc,start       ] GC(70) Pause Young (Allocation Failure)
[2124.201s][debug][gc,phases      ] GC(70) Scavenge 6.478ms
[2124.202s][debug][gc,ref         ] GC(70) ReferenceProcessor::execute queues: 1, RefProcThreadModel::Single, marks_oops_alive: false
[2124.202s][debug][gc,ref         ] GC(70) Skipped KeepAliveFinalRefsPhase of Reference Processing: no references
[2124.202s][debug][gc,ref         ] GC(70) Skipped PhantomRefsPhase of Reference Processing: no references
[2124.202s][debug][gc,phases      ] GC(70) Reference Processing 0.096ms
[2124.202s][debug][gc,phases      ] GC(70)   VM Weak                        Min: 0.00, Avg: 0.00, Max: 0.01, Diff: 0.01, Sum: 0.01, Workers: 4
[2124.202s][debug][gc,phases      ] GC(70)     Dead                           Min: 0, Avg:  0.0, Max: 0, Diff: 0, Sum: 0, Workers: 4
[2124.202s][debug][gc,phases      ] GC(70)     Total                          Min: 0, Avg: 232.5, Max: 768, Diff: 768, Sum: 930, Workers: 4
[2124.202s][debug][gc,phases      ] GC(70)   ObjectSynchronizer Weak        Min: 0.00, Avg: 0.00, Max: 0.00, Diff: 0.00, Sum: 0.00, Workers: 4
[2124.202s][debug][gc,phases      ] GC(70)     Dead                           Min: 0, Avg:  0.0, Max: 0, Diff: 0, Sum: 0, Workers: 4
[2124.202s][debug][gc,phases      ] GC(70)     Total                          Min: 0, Avg:  1.5, Max: 6, Diff: 6, Sum: 6, Workers: 4
[2124.202s][debug][gc,phases      ] GC(70)   JVMTI Tag Weak OopStorage      Min: 0.00, Avg: 0.00, Max: 0.00, Diff: 0.00, Sum: 0.00, Workers: 4
[2124.202s][debug][gc,phases      ] GC(70)     Dead                           Min: 0, Avg:  0.0, Max: 0, Diff: 0, Sum: 0, Workers: 4
[2124.202s][debug][gc,phases      ] GC(70)     Total                          Min: 0, Avg:  0.0, Max: 0, Diff: 0, Sum: 0, Workers: 4
[2124.202s][debug][gc,phases      ] GC(70)   StringTable Weak               Min: 0.00, Avg: 0.10, Max: 0.13, Diff: 0.13, Sum: 0.39, Workers: 4
[2124.202s][debug][gc,phases      ] GC(70)     Dead                           Min: 0, Avg:  0.2, Max: 1, Diff: 1, Sum: 1, Workers: 4
[2124.202s][debug][gc,phases      ] GC(70)     Total                          Min: 0, Avg: 12682.5, Max: 21440, Diff: 21440, Sum: 50730, Workers: 4
[2124.202s][debug][gc,phases      ] GC(70)   ResolvedMethodTable Weak       Min: 0.00, Avg: 0.03, Max: 0.04, Diff: 0.04, Sum: 0.13, Workers: 4
[2124.202s][debug][gc,phases      ] GC(70)     Dead                           Min: 0, Avg:  7.0, Max: 17, Diff: 17, Sum: 28, Workers: 4
[2124.202s][debug][gc,phases      ] GC(70)     Total                          Min: 0, Avg: 4254.8, Max: 7287, Diff: 7287, Sum: 17019, Workers: 4
[2124.202s][debug][gc,phases      ] GC(70)   JNI Weak                       Min: 0.00, Avg: 0.00, Max: 0.00, Diff: 0.00, Sum: 0.00, Workers: 4
[2124.202s][debug][gc,phases      ] GC(70)     Dead                           Min: 0, Avg:  0.0, Max: 0, Diff: 0, Sum: 0, Workers: 4
[2124.202s][debug][gc,phases      ] GC(70)     Total                          Min: 0, Avg: 13.0, Max: 48, Diff: 48, Sum: 52, Workers: 4
[2124.202s][debug][gc,phases      ] GC(70)   StringDedup Table Weak         Min: 0.00, Avg: 0.00, Max: 0.00, Diff: 0.00, Sum: 0.00, Workers: 4
[2124.202s][debug][gc,phases      ] GC(70)     Dead                           Min: 0, Avg:  0.0, Max: 0, Diff: 0, Sum: 0, Workers: 4
[2124.202s][debug][gc,phases      ] GC(70)     Total                          Min: 0, Avg:  0.0, Max: 0, Diff: 0, Sum: 0, Workers: 4
[2124.202s][debug][gc,phases      ] GC(70)   StringDedup Requests0 Weak     Min: 0.00, Avg: 0.00, Max: 0.00, Diff: 0.00, Sum: 0.00, Workers: 4
[2124.202s][debug][gc,phases      ] GC(70)     Dead                           Min: 0, Avg:  0.0, Max: 0, Diff: 0, Sum: 0, Workers: 4
[2124.202s][debug][gc,phases      ] GC(70)     Total                          Min: 0, Avg:  0.0, Max: 0, Diff: 0, Sum: 0, Workers: 4
[2124.202s][debug][gc,phases      ] GC(70)   StringDedup Requests1 Weak     Min: 0.00, Avg: 0.00, Max: 0.00, Diff: 0.00, Sum: 0.00, Workers: 4
[2124.202s][debug][gc,phases      ] GC(70)     Dead                           Min: 0, Avg:  0.0, Max: 0, Diff: 0, Sum: 0, Workers: 4
[2124.202s][debug][gc,phases      ] GC(70)     Total                          Min: 0, Avg:  0.0, Max: 0, Diff: 0, Sum: 0, Workers: 4
[2124.202s][debug][gc,phases      ] GC(70)   Weak JFR Old Object Samples    Min: 0.00, Avg: 0.00, Max: 0.00, Diff: 0.00, Sum: 0.00, Workers: 4
[2124.202s][debug][gc,phases      ] GC(70)     Dead                           Min: 0, Avg:  0.0, Max: 0, Diff: 0, Sum: 0, Workers: 4
[2124.202s][debug][gc,phases      ] GC(70)     Total                          Min: 0, Avg:  0.0, Max: 0, Diff: 0, Sum: 0, Workers: 4
[2124.202s][debug][gc,phases      ] GC(70) Weak Processing 0.374ms
[2124.202s][debug][gc,age         ] GC(70) Desired survivor size 67633152 bytes, new threshold 1 (max threshold 15)
[2124.202s][info ][gc,heap        ] GC(70) PSYoungGen: 1954016K(2021888K)->5232K(2031104K) Eden: 1949184K(1949184K)->0K(1961984K) From: 4832K(72704K)->5232K(69120K)
[2124.202s][info ][gc,heap        ] GC(70) ParOldGen: 774793K(775168K)->776253K(776704K)
[2124.202s][info ][gc,metaspace   ] GC(70) Metaspace: 111080K(112320K)->111080K(112320K) NonClass: 94841K(95552K)->94841K(95552K) Class: 16238K(16768K)->16238K(16768K)
[2124.202s][info ][gc             ] GC(70) Pause Young (Allocation Failure) 2664M->763M(2742M) 7.070ms
[2124.202s][info ][gc,cpu         ] GC(70) User=0.01s Sys=0.01s Real=0.01s
[2124.202s][info ][safepoint      ] Safepoint "ParallelCollectForAllocation", Time since last: 30742707590 ns, Reaching safepoint: 8700 ns, At safepoint: 7146966 ns, Leaving safepoint: 2800 ns, Total: 7158466 ns, Threads: 0 runnable, 38 total
[2155.967s][info ][gc,start       ] GC(71) Pause Young (Allocation Failure)
[2155.971s][debug][gc,phases      ] GC(71) Scavenge 4.583ms
[2155.971s][debug][gc,ref         ] GC(71) Skipped SoftWeakFinalRefsPhase of Reference Processing: no references
[2155.971s][debug][gc,ref         ] GC(71) Skipped KeepAliveFinalRefsPhase of Reference Processing: no references
[2155.971s][debug][gc,ref         ] GC(71) Skipped PhantomRefsPhase of Reference Processing: no references
[2155.971s][debug][gc,phases      ] GC(71) Reference Processing 0.022ms
[2155.971s][debug][gc,phases      ] GC(71)   VM Weak                        Min: 0.00, Avg: 0.00, Max: 0.01, Diff: 0.01, Sum: 0.01, Workers: 4
[2155.972s][debug][gc,phases      ] GC(71)     Dead                           Min: 0, Avg:  0.0, Max: 0, Diff: 0, Sum: 0, Workers: 4
[2155.972s][debug][gc,phases      ] GC(71)     Total                          Min: 0, Avg: 232.5, Max: 930, Diff: 930, Sum: 930, Workers: 4
[2155.972s][debug][gc,phases      ] GC(71)   ObjectSynchronizer Weak        Min: 0.00, Avg: 0.00, Max: 0.00, Diff: 0.00, Sum: 0.00, Workers: 4
[2155.972s][debug][gc,phases      ] GC(71)     Dead                           Min: 0, Avg:  0.0, Max: 0, Diff: 0, Sum: 0, Workers: 4
[2155.972s][debug][gc,phases      ] GC(71)     Total                          Min: 0, Avg:  1.5, Max: 6, Diff: 6, Sum: 6, Workers: 4
[2155.972s][debug][gc,phases      ] GC(71)   JVMTI Tag Weak OopStorage      Min: 0.00, Avg: 0.00, Max: 0.00, Diff: 0.00, Sum: 0.00, Workers: 4
[2155.972s][debug][gc,phases      ] GC(71)     Dead                           Min: 0, Avg:  0.0, Max: 0, Diff: 0, Sum: 0, Workers: 4
[2155.972s][debug][gc,phases      ] GC(71)     Total                          Min: 0, Avg:  0.0, Max: 0, Diff: 0, Sum: 0, Workers: 4
[2155.972s][debug][gc,phases      ] GC(71)   StringTable Weak               Min: 0.00, Avg: 0.11, Max: 0.15, Diff: 0.15, Sum: 0.44, Workers: 4
[2155.972s][debug][gc,phases      ] GC(71)     Dead                           Min: 0, Avg:  0.0, Max: 0, Diff: 0, Sum: 0, Workers: 4
[2155.972s][debug][gc,phases      ] GC(71)     Total                          Min: 0, Avg: 12682.5, Max: 20011, Diff: 20011, Sum: 50730, Workers: 4
[2155.972s][debug][gc,phases      ] GC(71)   ResolvedMethodTable Weak       Min: 0.00, Avg: 0.03, Max: 0.04, Diff: 0.04, Sum: 0.13, Workers: 4
[2155.972s][debug][gc,phases      ] GC(71)     Dead                           Min: 0, Avg:  5.0, Max: 11, Diff: 11, Sum: 20, Workers: 4
[2155.972s][debug][gc,phases      ] GC(71)     Total                          Min: 0, Avg: 4254.8, Max: 7306, Diff: 7306, Sum: 17019, Workers: 4
[2155.972s][debug][gc,phases      ] GC(71)   JNI Weak                       Min: 0.00, Avg: 0.00, Max: 0.00, Diff: 0.00, Sum: 0.00, Workers: 4
[2155.972s][debug][gc,phases      ] GC(71)     Dead                           Min: 0, Avg:  0.0, Max: 0, Diff: 0, Sum: 0, Workers: 4
[2155.972s][debug][gc,phases      ] GC(71)     Total                          Min: 0, Avg: 13.0, Max: 48, Diff: 48, Sum: 52, Workers: 4
[2155.972s][debug][gc,phases      ] GC(71)   StringDedup Table Weak         Min: 0.00, Avg: 0.00, Max: 0.00, Diff: 0.00, Sum: 0.00, Workers: 4
[2155.972s][debug][gc,phases      ] GC(71)     Dead                           Min: 0, Avg:  0.0, Max: 0, Diff: 0, Sum: 0, Workers: 4
[2155.972s][debug][gc,phases      ] GC(71)     Total                          Min: 0, Avg:  0.0, Max: 0, Diff: 0, Sum: 0, Workers: 4
[2155.972s][debug][gc,phases      ] GC(71)   StringDedup Requests0 Weak     Min: 0.00, Avg: 0.00, Max: 0.00, Diff: 0.00, Sum: 0.00, Workers: 4
[2155.972s][debug][gc,phases      ] GC(71)     Dead                           Min: 0, Avg:  0.0, Max: 0, Diff: 0, Sum: 0, Workers: 4
[2155.972s][debug][gc,phases      ] GC(71)     Total                          Min: 0, Avg:  0.0, Max: 0, Diff: 0, Sum: 0, Workers: 4
[2155.972s][debug][gc,phases      ] GC(71)   StringDedup Requests1 Weak     Min: 0.00, Avg: 0.00, Max: 0.00, Diff: 0.00, Sum: 0.00, Workers: 4
[2155.972s][debug][gc,phases      ] GC(71)     Dead                           Min: 0, Avg:  0.0, Max: 0, Diff: 0, Sum: 0, Workers: 4
[2155.972s][debug][gc,phases      ] GC(71)     Total                          Min: 0, Avg:  0.0, Max: 0, Diff: 0, Sum: 0, Workers: 4
[2155.972s][debug][gc,phases      ] GC(71)   Weak JFR Old Object Samples    Min: 0.00, Avg: 0.00, Max: 0.00, Diff: 0.00, Sum: 0.00, Workers: 4
[2155.972s][debug][gc,phases      ] GC(71)     Dead                           Min: 0, Avg:  0.0, Max: 0, Diff: 0, Sum: 0, Workers: 4
[2155.972s][debug][gc,phases      ] GC(71)     Total                          Min: 0, Avg:  0.0, Max: 0, Diff: 0, Sum: 0, Workers: 4
[2155.972s][debug][gc,phases      ] GC(71) Weak Processing 0.372ms
[2155.972s][debug][gc,age         ] GC(71) Desired survivor size 64487424 bytes, new threshold 1 (max threshold 15)
[2155.972s][info ][gc,heap        ] GC(71) PSYoungGen: 1967216K(2031104K)->5536K(2028032K) Eden: 1961984K(1961984K)->0K(1961984K) From: 5232K(69120K)->5536K(66048K)
[2155.972s][info ][gc,heap        ] GC(71) ParOldGen: 776253K(776704K)->777785K(778240K)
[2155.972s][info ][gc,metaspace   ] GC(71) Metaspace: 111083K(112320K)->111083K(112320K) NonClass: 94845K(95552K)->94845K(95552K) Class: 16238K(16768K)->16238K(16768K)
[2155.972s][info ][gc             ] GC(71) Pause Young (Allocation Failure) 2679M->764M(2740M) 5.078ms
[2155.972s][info ][gc,cpu         ] GC(71) User=0.02s Sys=0.00s Real=0.01s
[2155.972s][info ][safepoint      ] Safepoint "ParallelCollectForAllocation", Time since last: 31764537391 ns, Reaching safepoint: 20500 ns, At safepoint: 5142375 ns, Leaving safepoint: 8400 ns, Total: 5171275 ns, Threads: 0 runnable, 38 total
[2185.391s][info ][gc,start       ] GC(72) Pause Young (Allocation Failure)
[2185.396s][debug][gc,phases      ] GC(72) Scavenge 5.175ms
[2185.396s][debug][gc,ref         ] GC(72) ReferenceProcessor::execute queues: 1, RefProcThreadModel::Single, marks_oops_alive: false
[2185.396s][debug][gc,ref         ] GC(72) Skipped KeepAliveFinalRefsPhase of Reference Processing: no references
[2185.396s][debug][gc,ref         ] GC(72) Skipped PhantomRefsPhase of Reference Processing: no references
[2185.396s][debug][gc,phases      ] GC(72) Reference Processing 0.121ms
[2185.397s][debug][gc,phases      ] GC(72)   VM Weak                        Min: 0.00, Avg: 0.00, Max: 0.01, Diff: 0.01, Sum: 0.01, Workers: 4
[2185.397s][debug][gc,phases      ] GC(72)     Dead                           Min: 0, Avg:  0.0, Max: 0, Diff: 0, Sum: 0, Workers: 4
[2185.397s][debug][gc,phases      ] GC(72)     Total                          Min: 0, Avg: 232.5, Max: 546, Diff: 546, Sum: 930, Workers: 4
[2185.397s][debug][gc,phases      ] GC(72)   ObjectSynchronizer Weak        Min: 0.00, Avg: 0.00, Max: 0.00, Diff: 0.00, Sum: 0.00, Workers: 4
[2185.397s][debug][gc,phases      ] GC(72)     Dead                           Min: 0, Avg:  0.0, Max: 0, Diff: 0, Sum: 0, Workers: 4
[2185.397s][debug][gc,phases      ] GC(72)     Total                          Min: 0, Avg:  1.5, Max: 6, Diff: 6, Sum: 6, Workers: 4
[2185.397s][debug][gc,phases      ] GC(72)   JVMTI Tag Weak OopStorage      Min: 0.00, Avg: 0.00, Max: 0.00, Diff: 0.00, Sum: 0.00, Workers: 4
[2185.397s][debug][gc,phases      ] GC(72)     Dead                           Min: 0, Avg:  0.0, Max: 0, Diff: 0, Sum: 0, Workers: 4
[2185.397s][debug][gc,phases      ] GC(72)     Total                          Min: 0, Avg:  0.0, Max: 0, Diff: 0, Sum: 0, Workers: 4
[2185.397s][debug][gc,phases      ] GC(72)   StringTable Weak               Min: 0.00, Avg: 0.12, Max: 0.16, Diff: 0.16, Sum: 0.46, Workers: 4
[2185.397s][debug][gc,phases      ] GC(72)     Dead                           Min: 0, Avg:  0.0, Max: 0, Diff: 0, Sum: 0, Workers: 4
[2185.397s][debug][gc,phases      ] GC(72)     Total                          Min: 0, Avg: 12683.0, Max: 17472, Diff: 17472, Sum: 50732, Workers: 4
[2185.397s][debug][gc,phases      ] GC(72)   ResolvedMethodTable Weak       Min: 0.00, Avg: 0.04, Max: 0.05, Diff: 0.05, Sum: 0.15, Workers: 4
[2185.397s][debug][gc,phases      ] GC(72)     Dead                           Min: 0, Avg:  5.0, Max: 15, Diff: 15, Sum: 20, Workers: 4
[2185.397s][debug][gc,phases      ] GC(72)     Total                          Min: 0, Avg: 4255.2, Max: 5781, Diff: 5781, Sum: 17021, Workers: 4
[2185.397s][debug][gc,phases      ] GC(72)   JNI Weak                       Min: 0.00, Avg: 0.00, Max: 0.00, Diff: 0.00, Sum: 0.00, Workers: 4
[2185.397s][debug][gc,phases      ] GC(72)     Dead                           Min: 0, Avg:  0.0, Max: 0, Diff: 0, Sum: 0, Workers: 4
[2185.397s][debug][gc,phases      ] GC(72)     Total                          Min: 0, Avg: 13.0, Max: 48, Diff: 48, Sum: 52, Workers: 4
[2185.397s][debug][gc,phases      ] GC(72)   StringDedup Table Weak         Min: 0.00, Avg: 0.00, Max: 0.00, Diff: 0.00, Sum: 0.00, Workers: 4
[2185.397s][debug][gc,phases      ] GC(72)     Dead                           Min: 0, Avg:  0.0, Max: 0, Diff: 0, Sum: 0, Workers: 4
[2185.397s][debug][gc,phases      ] GC(72)     Total                          Min: 0, Avg:  0.0, Max: 0, Diff: 0, Sum: 0, Workers: 4
[2185.397s][debug][gc,phases      ] GC(72)   StringDedup Requests0 Weak     Min: 0.00, Avg: 0.00, Max: 0.00, Diff: 0.00, Sum: 0.00, Workers: 4
[2185.397s][debug][gc,phases      ] GC(72)     Dead                           Min: 0, Avg:  0.0, Max: 0, Diff: 0, Sum: 0, Workers: 4
[2185.397s][debug][gc,phases      ] GC(72)     Total                          Min: 0, Avg:  0.0, Max: 0, Diff: 0, Sum: 0, Workers: 4
[2185.397s][debug][gc,phases      ] GC(72)   StringDedup Requests1 Weak     Min: 0.00, Avg: 0.00, Max: 0.00, Diff: 0.00, Sum: 0.00, Workers: 4
[2185.397s][debug][gc,phases      ] GC(72)     Dead                           Min: 0, Avg:  0.0, Max: 0, Diff: 0, Sum: 0, Workers: 4
[2185.397s][debug][gc,phases      ] GC(72)     Total                          Min: 0, Avg:  0.0, Max: 0, Diff: 0, Sum: 0, Workers: 4
[2185.397s][debug][gc,phases      ] GC(72)   Weak JFR Old Object Samples    Min: 0.00, Avg: 0.00, Max: 0.00, Diff: 0.00, Sum: 0.00, Workers: 4
[2185.397s][debug][gc,phases      ] GC(72)     Dead                           Min: 0, Avg:  0.0, Max: 0, Diff: 0, Sum: 0, Workers: 4
[2185.397s][debug][gc,phases      ] GC(72)     Total                          Min: 0, Avg:  0.0, Max: 0, Diff: 0, Sum: 0, Workers: 4
[2185.397s][debug][gc,phases      ] GC(72) Weak Processing 0.455ms
[2185.397s][debug][gc,age         ] GC(72) Desired survivor size 60817408 bytes, new threshold 1 (max threshold 15)
[2185.397s][info ][gc,heap        ] GC(72) PSYoungGen: 1967520K(2028032K)->5616K(2037760K) Eden: 1961984K(1961984K)->0K(1974784K) From: 5536K(66048K)->5616K(62976K)
[2185.397s][info ][gc,heap        ] GC(72) ParOldGen: 777785K(778240K)->778990K(779264K)
[2185.397s][info ][gc,metaspace   ] GC(72) Metaspace: 111088K(112320K)->111088K(112320K) NonClass: 94848K(95552K)->94848K(95552K) Class: 16240K(16768K)->16240K(16768K)
[2185.397s][info ][gc             ] GC(72) Pause Young (Allocation Failure) 2680M->766M(2751M) 5.871ms
[2185.397s][info ][gc,cpu         ] GC(72) User=0.02s Sys=0.00s Real=0.00s
[2185.397s][info ][safepoint      ] Safepoint "ParallelCollectForAllocation", Time since last: 29419298797 ns, Reaching safepoint: 101300 ns, At safepoint: 5942671 ns, Leaving safepoint: 7900 ns, Total: 6051871 ns, Threads: 1 runnable, 33 total
[2214.979s][info ][gc,start       ] GC(73) Pause Young (Allocation Failure)
[2214.983s][debug][gc,phases      ] GC(73) Scavenge 4.281ms
[2214.983s][debug][gc,ref         ] GC(73) Skipped SoftWeakFinalRefsPhase of Reference Processing: no references
[2214.983s][debug][gc,ref         ] GC(73) Skipped KeepAliveFinalRefsPhase of Reference Processing: no references
[2214.983s][debug][gc,ref         ] GC(73) Skipped PhantomRefsPhase of Reference Processing: no references
[2214.983s][debug][gc,phases      ] GC(73) Reference Processing 0.022ms
[2214.983s][debug][gc,phases      ] GC(73)   VM Weak                        Min: 0.00, Avg: 0.00, Max: 0.01, Diff: 0.01, Sum: 0.01, Workers: 4
[2214.983s][debug][gc,phases      ] GC(73)     Dead                           Min: 0, Avg:  0.0, Max: 0, Diff: 0, Sum: 0, Workers: 4
[2214.983s][debug][gc,phases      ] GC(73)     Total                          Min: 0, Avg: 232.5, Max: 930, Diff: 930, Sum: 930, Workers: 4
[2214.983s][debug][gc,phases      ] GC(73)   ObjectSynchronizer Weak        Min: 0.00, Avg: 0.00, Max: 0.00, Diff: 0.00, Sum: 0.00, Workers: 4
[2214.983s][debug][gc,phases      ] GC(73)     Dead                           Min: 0, Avg:  0.0, Max: 0, Diff: 0, Sum: 0, Workers: 4
[2214.983s][debug][gc,phases      ] GC(73)     Total                          Min: 0, Avg:  1.5, Max: 6, Diff: 6, Sum: 6, Workers: 4
[2214.983s][debug][gc,phases      ] GC(73)   JVMTI Tag Weak OopStorage      Min: 0.00, Avg: 0.00, Max: 0.00, Diff: 0.00, Sum: 0.00, Workers: 4
[2214.984s][debug][gc,phases      ] GC(73)     Dead                           Min: 0, Avg:  0.0, Max: 0, Diff: 0, Sum: 0, Workers: 4
[2214.984s][debug][gc,phases      ] GC(73)     Total                          Min: 0, Avg:  0.0, Max: 0, Diff: 0, Sum: 0, Workers: 4
[2214.984s][debug][gc,phases      ] GC(73)   StringTable Weak               Min: 0.09, Avg: 0.12, Max: 0.13, Diff: 0.05, Sum: 0.49, Workers: 4
[2214.984s][debug][gc,phases      ] GC(73)     Dead                           Min: 0, Avg:  0.0, Max: 0, Diff: 0, Sum: 0, Workers: 4
[2214.984s][debug][gc,phases      ] GC(73)     Total                          Min: 9472, Avg: 12683.0, Max: 13997, Diff: 4525, Sum: 50732, Workers: 4
[2214.984s][debug][gc,phases      ] GC(73)   ResolvedMethodTable Weak       Min: 0.04, Avg: 0.04, Max: 0.04, Diff: 0.00, Sum: 0.15, Workers: 4
[2214.984s][debug][gc,phases      ] GC(73)     Dead                           Min: 0, Avg:  5.0, Max: 13, Diff: 13, Sum: 20, Workers: 4
[2214.984s][debug][gc,phases      ] GC(73)     Total                          Min: 3952, Avg: 4255.2, Max: 4546, Diff: 594, Sum: 17021, Workers: 4
[2214.984s][debug][gc,phases      ] GC(73)   JNI Weak                       Min: 0.00, Avg: 0.00, Max: 0.00, Diff: 0.00, Sum: 0.00, Workers: 4
[2214.984s][debug][gc,phases      ] GC(73)     Dead                           Min: 0, Avg:  0.0, Max: 0, Diff: 0, Sum: 0, Workers: 4
[2214.984s][debug][gc,phases      ] GC(73)     Total                          Min: 0, Avg: 13.0, Max: 48, Diff: 48, Sum: 52, Workers: 4
[2214.984s][debug][gc,phases      ] GC(73)   StringDedup Table Weak         Min: 0.00, Avg: 0.00, Max: 0.00, Diff: 0.00, Sum: 0.00, Workers: 4
[2214.984s][debug][gc,phases      ] GC(73)     Dead                           Min: 0, Avg:  0.0, Max: 0, Diff: 0, Sum: 0, Workers: 4
[2214.984s][debug][gc,phases      ] GC(73)     Total                          Min: 0, Avg:  0.0, Max: 0, Diff: 0, Sum: 0, Workers: 4
[2214.984s][debug][gc,phases      ] GC(73)   StringDedup Requests0 Weak     Min: 0.00, Avg: 0.00, Max: 0.00, Diff: 0.00, Sum: 0.00, Workers: 4
[2214.984s][debug][gc,phases      ] GC(73)     Dead                           Min: 0, Avg:  0.0, Max: 0, Diff: 0, Sum: 0, Workers: 4
[2214.984s][debug][gc,phases      ] GC(73)     Total                          Min: 0, Avg:  0.0, Max: 0, Diff: 0, Sum: 0, Workers: 4
[2214.984s][debug][gc,phases      ] GC(73)   StringDedup Requests1 Weak     Min: 0.00, Avg: 0.00, Max: 0.00, Diff: 0.00, Sum: 0.00, Workers: 4
[2214.984s][debug][gc,phases      ] GC(73)     Dead                           Min: 0, Avg:  0.0, Max: 0, Diff: 0, Sum: 0, Workers: 4
[2214.984s][debug][gc,phases      ] GC(73)     Total                          Min: 0, Avg:  0.0, Max: 0, Diff: 0, Sum: 0, Workers: 4
[2214.984s][debug][gc,phases      ] GC(73)   Weak JFR Old Object Samples    Min: 0.00, Avg: 0.00, Max: 0.00, Diff: 0.00, Sum: 0.00, Workers: 4
[2214.984s][debug][gc,phases      ] GC(73)     Dead                           Min: 0, Avg:  0.0, Max: 0, Diff: 0, Sum: 0, Workers: 4
[2214.984s][debug][gc,phases      ] GC(73)     Total                          Min: 0, Avg:  0.0, Max: 0, Diff: 0, Sum: 0, Workers: 4
[2214.984s][debug][gc,phases      ] GC(73) Weak Processing 0.364ms
[2214.984s][debug][gc,age         ] GC(73) Desired survivor size 57671680 bytes, new threshold 1 (max threshold 15)
[2214.984s][info ][gc,heap        ] GC(73) PSYoungGen: 1980400K(2037760K)->5056K(2034176K) Eden: 1974784K(1974784K)->0K(1974784K) From: 5616K(62976K)->5056K(59392K)
[2214.984s][info ][gc,heap        ] GC(73) ParOldGen: 778990K(779264K)->780658K(780800K)
[2214.984s][info ][gc,metaspace   ] GC(73) Metaspace: 111116K(112320K)->111116K(112320K) NonClass: 94876K(95552K)->94876K(95552K) Class: 16240K(16768K)->16240K(16768K)
[2214.984s][info ][gc             ] GC(73) Pause Young (Allocation Failure) 2694M->767M(2749M) 4.778ms
[2214.984s][info ][gc,cpu         ] GC(73) User=0.02s Sys=0.00s Real=0.00s
[2214.984s][info ][safepoint      ] Safepoint "ParallelCollectForAllocation", Time since last: 29581774429 ns, Reaching safepoint: 6000 ns, At safepoint: 4835877 ns, Leaving safepoint: 8800 ns, Total: 4850677 ns, Threads: 0 runnable, 33 total
[2244.757s][info ][gc,start       ] GC(74) Pause Young (Allocation Failure)
[2244.763s][debug][gc,phases      ] GC(74) Scavenge 5.440ms
[2244.763s][debug][gc,ref         ] GC(74) Skipped SoftWeakFinalRefsPhase of Reference Processing: no references
[2244.763s][debug][gc,ref         ] GC(74) Skipped KeepAliveFinalRefsPhase of Reference Processing: no references
[2244.763s][debug][gc,ref         ] GC(74) Skipped PhantomRefsPhase of Reference Processing: no references
[2244.763s][debug][gc,phases      ] GC(74) Reference Processing 0.019ms
[2244.763s][debug][gc,phases      ] GC(74)   VM Weak                        Min: 0.00, Avg: 0.00, Max: 0.01, Diff: 0.01, Sum: 0.01, Workers: 4
[2244.763s][debug][gc,phases      ] GC(74)     Dead                           Min: 0, Avg:  0.0, Max: 0, Diff: 0, Sum: 0, Workers: 4
[2244.763s][debug][gc,phases      ] GC(74)     Total                          Min: 0, Avg: 232.5, Max: 482, Diff: 482, Sum: 930, Workers: 4
[2244.763s][debug][gc,phases      ] GC(74)   ObjectSynchronizer Weak        Min: 0.00, Avg: 0.00, Max: 0.00, Diff: 0.00, Sum: 0.00, Workers: 4
[2244.763s][debug][gc,phases      ] GC(74)     Dead                           Min: 0, Avg:  0.0, Max: 0, Diff: 0, Sum: 0, Workers: 4
[2244.763s][debug][gc,phases      ] GC(74)     Total                          Min: 0, Avg:  1.8, Max: 7, Diff: 7, Sum: 7, Workers: 4
[2244.763s][debug][gc,phases      ] GC(74)   JVMTI Tag Weak OopStorage      Min: 0.00, Avg: 0.00, Max: 0.00, Diff: 0.00, Sum: 0.00, Workers: 4
[2244.763s][debug][gc,phases      ] GC(74)     Dead                           Min: 0, Avg:  0.0, Max: 0, Diff: 0, Sum: 0, Workers: 4
[2244.763s][debug][gc,phases      ] GC(74)     Total                          Min: 0, Avg:  0.0, Max: 0, Diff: 0, Sum: 0, Workers: 4
[2244.763s][debug][gc,phases      ] GC(74)   StringTable Weak               Min: 0.00, Avg: 0.10, Max: 0.13, Diff: 0.13, Sum: 0.40, Workers: 4
[2244.763s][debug][gc,phases      ] GC(74)     Dead                           Min: 0, Avg:  0.0, Max: 0, Diff: 0, Sum: 0, Workers: 4
[2244.763s][debug][gc,phases      ] GC(74)     Total                          Min: 0, Avg: 12686.8, Max: 21564, Diff: 21564, Sum: 50747, Workers: 4
[2244.763s][debug][gc,phases      ] GC(74)   ResolvedMethodTable Weak       Min: 0.00, Avg: 0.03, Max: 0.04, Diff: 0.04, Sum: 0.13, Workers: 4
[2244.763s][debug][gc,phases      ] GC(74)     Dead                           Min: 0, Avg:  5.0, Max: 14, Diff: 14, Sum: 20, Workers: 4
[2244.763s][debug][gc,phases      ] GC(74)     Total                          Min: 0, Avg: 4255.2, Max: 7215, Diff: 7215, Sum: 17021, Workers: 4
[2244.763s][debug][gc,phases      ] GC(74)   JNI Weak                       Min: 0.00, Avg: 0.00, Max: 0.00, Diff: 0.00, Sum: 0.00, Workers: 4
[2244.763s][debug][gc,phases      ] GC(74)     Dead                           Min: 0, Avg:  0.0, Max: 0, Diff: 0, Sum: 0, Workers: 4
[2244.763s][debug][gc,phases      ] GC(74)     Total                          Min: 0, Avg: 13.0, Max: 48, Diff: 48, Sum: 52, Workers: 4
[2244.763s][debug][gc,phases      ] GC(74)   StringDedup Table Weak         Min: 0.00, Avg: 0.00, Max: 0.00, Diff: 0.00, Sum: 0.00, Workers: 4
[2244.763s][debug][gc,phases      ] GC(74)     Dead                           Min: 0, Avg:  0.0, Max: 0, Diff: 0, Sum: 0, Workers: 4
[2244.763s][debug][gc,phases      ] GC(74)     Total                          Min: 0, Avg:  0.0, Max: 0, Diff: 0, Sum: 0, Workers: 4
[2244.763s][debug][gc,phases      ] GC(74)   StringDedup Requests0 Weak     Min: 0.00, Avg: 0.00, Max: 0.00, Diff: 0.00, Sum: 0.00, Workers: 4
[2244.763s][debug][gc,phases      ] GC(74)     Dead                           Min: 0, Avg:  0.0, Max: 0, Diff: 0, Sum: 0, Workers: 4
[2244.763s][debug][gc,phases      ] GC(74)     Total                          Min: 0, Avg:  0.0, Max: 0, Diff: 0, Sum: 0, Workers: 4
[2244.763s][debug][gc,phases      ] GC(74)   StringDedup Requests1 Weak     Min: 0.00, Avg: 0.00, Max: 0.00, Diff: 0.00, Sum: 0.00, Workers: 4
[2244.763s][debug][gc,phases      ] GC(74)     Dead                           Min: 0, Avg:  0.0, Max: 0, Diff: 0, Sum: 0, Workers: 4
[2244.763s][debug][gc,phases      ] GC(74)     Total                          Min: 0, Avg:  0.0, Max: 0, Diff: 0, Sum: 0, Workers: 4
[2244.763s][debug][gc,phases      ] GC(74)   Weak JFR Old Object Samples    Min: 0.00, Avg: 0.00, Max: 0.00, Diff: 0.00, Sum: 0.00, Workers: 4
[2244.763s][debug][gc,phases      ] GC(74)     Dead                           Min: 0, Avg:  0.0, Max: 0, Diff: 0, Sum: 0, Workers: 4
[2244.763s][debug][gc,phases      ] GC(74)     Total                          Min: 0, Avg:  0.0, Max: 0, Diff: 0, Sum: 0, Workers: 4
[2244.763s][debug][gc,phases      ] GC(74) Weak Processing 0.356ms
[2244.763s][debug][gc,age         ] GC(74) Desired survivor size 54525952 bytes, new threshold 1 (max threshold 15)
[2244.763s][info ][gc,heap        ] GC(74) PSYoungGen: 1979840K(2034176K)->7696K(2043904K) Eden: 1974784K(1974784K)->0K(1987584K) From: 5056K(59392K)->7696K(56320K)
[2244.763s][info ][gc,heap        ] GC(74) ParOldGen: 780658K(780800K)->781923K(782336K)
[2244.763s][info ][gc,metaspace   ] GC(74) Metaspace: 111121K(112320K)->111121K(112320K) NonClass: 94881K(95552K)->94881K(95552K) Class: 16240K(16768K)->16240K(16768K)
[2244.763s][info ][gc             ] GC(74) Pause Young (Allocation Failure) 2695M->771M(2760M) 5.950ms
[2244.763s][info ][gc,cpu         ] GC(74) User=0.02s Sys=0.00s Real=0.01s
[2244.763s][info ][safepoint      ] Safepoint "ParallelCollectForAllocation", Time since last: 29773544908 ns, Reaching safepoint: 30600 ns, At safepoint: 6015471 ns, Leaving safepoint: 7800 ns, Total: 6053871 ns, Threads: 0 runnable, 33 total
[2275.763s][info ][gc,start       ] GC(75) Pause Young (Allocation Failure)
[2275.768s][debug][gc,phases      ] GC(75) Scavenge 5.401ms
[2275.768s][debug][gc,ref         ] GC(75) Skipped SoftWeakFinalRefsPhase of Reference Processing: no references
[2275.768s][debug][gc,ref         ] GC(75) Skipped KeepAliveFinalRefsPhase of Reference Processing: no references
[2275.768s][debug][gc,ref         ] GC(75) Skipped PhantomRefsPhase of Reference Processing: no references
[2275.768s][debug][gc,phases      ] GC(75) Reference Processing 0.022ms
[2275.768s][debug][gc,phases      ] GC(75)   VM Weak                        Min: 0.00, Avg: 0.00, Max: 0.01, Diff: 0.01, Sum: 0.01, Workers: 4
[2275.768s][debug][gc,phases      ] GC(75)     Dead                           Min: 0, Avg:  0.0, Max: 0, Diff: 0, Sum: 0, Workers: 4
[2275.768s][debug][gc,phases      ] GC(75)     Total                          Min: 0, Avg: 232.5, Max: 640, Diff: 640, Sum: 930, Workers: 4
[2275.768s][debug][gc,phases      ] GC(75)   ObjectSynchronizer Weak        Min: 0.00, Avg: 0.00, Max: 0.00, Diff: 0.00, Sum: 0.00, Workers: 4
[2275.768s][debug][gc,phases      ] GC(75)     Dead                           Min: 0, Avg:  0.0, Max: 0, Diff: 0, Sum: 0, Workers: 4
[2275.768s][debug][gc,phases      ] GC(75)     Total                          Min: 0, Avg:  1.8, Max: 7, Diff: 7, Sum: 7, Workers: 4
[2275.768s][debug][gc,phases      ] GC(75)   JVMTI Tag Weak OopStorage      Min: 0.00, Avg: 0.00, Max: 0.00, Diff: 0.00, Sum: 0.00, Workers: 4
[2275.768s][debug][gc,phases      ] GC(75)     Dead                           Min: 0, Avg:  0.0, Max: 0, Diff: 0, Sum: 0, Workers: 4
[2275.768s][debug][gc,phases      ] GC(75)     Total                          Min: 0, Avg:  0.0, Max: 0, Diff: 0, Sum: 0, Workers: 4
[2275.768s][debug][gc,phases      ] GC(75)   StringTable Weak               Min: 0.00, Avg: 0.11, Max: 0.15, Diff: 0.15, Sum: 0.44, Workers: 4
[2275.768s][debug][gc,phases      ] GC(75)     Dead                           Min: 0, Avg:  0.0, Max: 0, Diff: 0, Sum: 0, Workers: 4
[2275.768s][debug][gc,phases      ] GC(75)     Total                          Min: 0, Avg: 12686.8, Max: 21116, Diff: 21116, Sum: 50747, Workers: 4
[2275.768s][debug][gc,phases      ] GC(75)   ResolvedMethodTable Weak       Min: 0.00, Avg: 0.03, Max: 0.05, Diff: 0.05, Sum: 0.14, Workers: 4
[2275.768s][debug][gc,phases      ] GC(75)     Dead                           Min: 0, Avg:  5.0, Max: 16, Diff: 16, Sum: 20, Workers: 4
[2275.768s][debug][gc,phases      ] GC(75)     Total                          Min: 0, Avg: 4255.2, Max: 7046, Diff: 7046, Sum: 17021, Workers: 4
[2275.768s][debug][gc,phases      ] GC(75)   JNI Weak                       Min: 0.00, Avg: 0.00, Max: 0.00, Diff: 0.00, Sum: 0.00, Workers: 4
[2275.768s][debug][gc,phases      ] GC(75)     Dead                           Min: 0, Avg:  0.0, Max: 0, Diff: 0, Sum: 0, Workers: 4
[2275.768s][debug][gc,phases      ] GC(75)     Total                          Min: 0, Avg: 13.0, Max: 48, Diff: 48, Sum: 52, Workers: 4
[2275.768s][debug][gc,phases      ] GC(75)   StringDedup Table Weak         Min: 0.00, Avg: 0.00, Max: 0.00, Diff: 0.00, Sum: 0.00, Workers: 4
[2275.768s][debug][gc,phases      ] GC(75)     Dead                           Min: 0, Avg:  0.0, Max: 0, Diff: 0, Sum: 0, Workers: 4
[2275.768s][debug][gc,phases      ] GC(75)     Total                          Min: 0, Avg:  0.0, Max: 0, Diff: 0, Sum: 0, Workers: 4
[2275.768s][debug][gc,phases      ] GC(75)   StringDedup Requests0 Weak     Min: 0.00, Avg: 0.00, Max: 0.00, Diff: 0.00, Sum: 0.00, Workers: 4
[2275.768s][debug][gc,phases      ] GC(75)     Dead                           Min: 0, Avg:  0.0, Max: 0, Diff: 0, Sum: 0, Workers: 4
[2275.768s][debug][gc,phases      ] GC(75)     Total                          Min: 0, Avg:  0.0, Max: 0, Diff: 0, Sum: 0, Workers: 4
[2275.769s][debug][gc,phases      ] GC(75)   StringDedup Requests1 Weak     Min: 0.00, Avg: 0.00, Max: 0.00, Diff: 0.00, Sum: 0.00, Workers: 4
[2275.769s][debug][gc,phases      ] GC(75)     Dead                           Min: 0, Avg:  0.0, Max: 0, Diff: 0, Sum: 0, Workers: 4
[2275.769s][debug][gc,phases      ] GC(75)     Total                          Min: 0, Avg:  0.0, Max: 0, Diff: 0, Sum: 0, Workers: 4
[2275.769s][debug][gc,phases      ] GC(75)   Weak JFR Old Object Samples    Min: 0.00, Avg: 0.00, Max: 0.00, Diff: 0.00, Sum: 0.00, Workers: 4
[2275.769s][debug][gc,phases      ] GC(75)     Dead                           Min: 0, Avg:  0.0, Max: 0, Diff: 0, Sum: 0, Workers: 4
[2275.769s][debug][gc,phases      ] GC(75)     Total                          Min: 0, Avg:  0.0, Max: 0, Diff: 0, Sum: 0, Workers: 4
[2275.769s][debug][gc,phases      ] GC(75) Weak Processing 0.390ms
[2275.769s][debug][gc,age         ] GC(75) Desired survivor size 51380224 bytes, new threshold 1 (max threshold 15)
[2275.769s][info ][gc,heap        ] GC(75) PSYoungGen: 1995280K(2043904K)->6144K(2040832K) Eden: 1987584K(1987584K)->0K(1987584K) From: 7696K(56320K)->6144K(53248K)
[2275.769s][info ][gc,heap        ] GC(75) ParOldGen: 781923K(782336K)->785275K(785408K)
[2275.769s][info ][gc,metaspace   ] GC(75) Metaspace: 111147K(112448K)->111147K(112448K) NonClass: 94907K(95680K)->94907K(95680K) Class: 16240K(16768K)->16240K(16768K)
[2275.769s][info ][gc             ] GC(75) Pause Young (Allocation Failure) 2712M->772M(2760M) 5.915ms
[2275.769s][info ][gc,cpu         ] GC(75) User=0.02s Sys=0.01s Real=0.01s
[2275.769s][info ][safepoint      ] Safepoint "ParallelCollectForAllocation", Time since last: 30999316416 ns, Reaching safepoint: 28300 ns, At safepoint: 5975171 ns, Leaving safepoint: 7000 ns, Total: 6010471 ns, Threads: 0 runnable, 33 total
[2306.347s][info ][gc,start       ] GC(76) Pause Young (Allocation Failure)
[2306.352s][debug][gc,phases      ] GC(76) Scavenge 5.403ms
[2306.352s][debug][gc,ref         ] GC(76) Skipped SoftWeakFinalRefsPhase of Reference Processing: no references
[2306.352s][debug][gc,ref         ] GC(76) Skipped KeepAliveFinalRefsPhase of Reference Processing: no references
[2306.352s][debug][gc,ref         ] GC(76) Skipped PhantomRefsPhase of Reference Processing: no references
[2306.352s][debug][gc,phases      ] GC(76) Reference Processing 0.018ms
[2306.352s][debug][gc,phases      ] GC(76)   VM Weak                        Min: 0.00, Avg: 0.00, Max: 0.01, Diff: 0.01, Sum: 0.01, Workers: 4
[2306.352s][debug][gc,phases      ] GC(76)     Dead                           Min: 0, Avg:  0.0, Max: 0, Diff: 0, Sum: 0, Workers: 4
[2306.352s][debug][gc,phases      ] GC(76)     Total                          Min: 0, Avg: 232.5, Max: 738, Diff: 738, Sum: 930, Workers: 4
[2306.352s][debug][gc,phases      ] GC(76)   ObjectSynchronizer Weak        Min: 0.00, Avg: 0.00, Max: 0.00, Diff: 0.00, Sum: 0.00, Workers: 4
[2306.352s][debug][gc,phases      ] GC(76)     Dead                           Min: 0, Avg:  0.0, Max: 0, Diff: 0, Sum: 0, Workers: 4
[2306.352s][debug][gc,phases      ] GC(76)     Total                          Min: 0, Avg:  1.5, Max: 6, Diff: 6, Sum: 6, Workers: 4
[2306.352s][debug][gc,phases      ] GC(76)   JVMTI Tag Weak OopStorage      Min: 0.00, Avg: 0.00, Max: 0.00, Diff: 0.00, Sum: 0.00, Workers: 4
[2306.352s][debug][gc,phases      ] GC(76)     Dead                           Min: 0, Avg:  0.0, Max: 0, Diff: 0, Sum: 0, Workers: 4
[2306.352s][debug][gc,phases      ] GC(76)     Total                          Min: 0, Avg:  0.0, Max: 0, Diff: 0, Sum: 0, Workers: 4
[2306.352s][debug][gc,phases      ] GC(76)   StringTable Weak               Min: 0.00, Avg: 0.10, Max: 0.13, Diff: 0.13, Sum: 0.39, Workers: 4
[2306.352s][debug][gc,phases      ] GC(76)     Dead                           Min: 0, Avg:  0.0, Max: 0, Diff: 0, Sum: 0, Workers: 4
[2306.352s][debug][gc,phases      ] GC(76)     Total                          Min: 0, Avg: 12687.2, Max: 22206, Diff: 22206, Sum: 50749, Workers: 4
[2306.352s][debug][gc,phases      ] GC(76)   ResolvedMethodTable Weak       Min: 0.00, Avg: 0.03, Max: 0.04, Diff: 0.04, Sum: 0.13, Workers: 4
[2306.352s][debug][gc,phases      ] GC(76)     Dead                           Min: 0, Avg:  5.0, Max: 11, Diff: 11, Sum: 20, Workers: 4
[2306.352s][debug][gc,phases      ] GC(76)     Total                          Min: 0, Avg: 4255.2, Max: 7225, Diff: 7225, Sum: 17021, Workers: 4
[2306.352s][debug][gc,phases      ] GC(76)   JNI Weak                       Min: 0.00, Avg: 0.00, Max: 0.00, Diff: 0.00, Sum: 0.00, Workers: 4
[2306.352s][debug][gc,phases      ] GC(76)     Dead                           Min: 0, Avg:  0.0, Max: 0, Diff: 0, Sum: 0, Workers: 4
[2306.352s][debug][gc,phases      ] GC(76)     Total                          Min: 0, Avg: 13.0, Max: 48, Diff: 48, Sum: 52, Workers: 4
[2306.352s][debug][gc,phases      ] GC(76)   StringDedup Table Weak         Min: 0.00, Avg: 0.00, Max: 0.00, Diff: 0.00, Sum: 0.00, Workers: 4
[2306.352s][debug][gc,phases      ] GC(76)     Dead                           Min: 0, Avg:  0.0, Max: 0, Diff: 0, Sum: 0, Workers: 4
[2306.352s][debug][gc,phases      ] GC(76)     Total                          Min: 0, Avg:  0.0, Max: 0, Diff: 0, Sum: 0, Workers: 4
[2306.352s][debug][gc,phases      ] GC(76)   StringDedup Requests0 Weak     Min: 0.00, Avg: 0.00, Max: 0.00, Diff: 0.00, Sum: 0.00, Workers: 4
[2306.352s][debug][gc,phases      ] GC(76)     Dead                           Min: 0, Avg:  0.0, Max: 0, Diff: 0, Sum: 0, Workers: 4
[2306.352s][debug][gc,phases      ] GC(76)     Total                          Min: 0, Avg:  0.0, Max: 0, Diff: 0, Sum: 0, Workers: 4
[2306.352s][debug][gc,phases      ] GC(76)   StringDedup Requests1 Weak     Min: 0.00, Avg: 0.00, Max: 0.00, Diff: 0.00, Sum: 0.00, Workers: 4
[2306.352s][debug][gc,phases      ] GC(76)     Dead                           Min: 0, Avg:  0.0, Max: 0, Diff: 0, Sum: 0, Workers: 4
[2306.352s][debug][gc,phases      ] GC(76)     Total                          Min: 0, Avg:  0.0, Max: 0, Diff: 0, Sum: 0, Workers: 4
[2306.352s][debug][gc,phases      ] GC(76)   Weak JFR Old Object Samples    Min: 0.00, Avg: 0.00, Max: 0.00, Diff: 0.00, Sum: 0.00, Workers: 4
[2306.352s][debug][gc,phases      ] GC(76)     Dead                           Min: 0, Avg:  0.0, Max: 0, Diff: 0, Sum: 0, Workers: 4
[2306.352s][debug][gc,phases      ] GC(76)     Total                          Min: 0, Avg:  0.0, Max: 0, Diff: 0, Sum: 0, Workers: 4
[2306.352s][debug][gc,phases      ] GC(76) Weak Processing 0.367ms
[2306.352s][debug][gc,age         ] GC(76) Desired survivor size 48758784 bytes, new threshold 1 (max threshold 15)
[2306.352s][info ][gc,heap        ] GC(76) PSYoungGen: 1993728K(2040832K)->5536K(2049536K) Eden: 1987584K(1987584K)->0K(1999360K) From: 6144K(53248K)->5536K(50176K)
[2306.352s][info ][gc,heap        ] GC(76) ParOldGen: 785275K(785408K)->786844K(786944K)
[2306.352s][info ][gc,metaspace   ] GC(76) Metaspace: 111170K(112448K)->111170K(112448K) NonClass: 94930K(95680K)->94930K(95680K) Class: 16240K(16768K)->16240K(16768K)
[2306.352s][info ][gc             ] GC(76) Pause Young (Allocation Failure) 2713M->773M(2770M) 5.889ms
[2306.352s][info ][gc,cpu         ] GC(76) User=0.02s Sys=0.00s Real=0.01s
[2306.352s][info ][safepoint      ] Safepoint "ParallelCollectForAllocation", Time since last: 30577827182 ns, Reaching safepoint: 110699 ns, At safepoint: 5958574 ns, Leaving safepoint: 6500 ns, Total: 6075773 ns, Threads: 1 runnable, 33 total
[2337.301s][info ][gc,start       ] GC(77) Pause Young (Allocation Failure)
[2337.305s][debug][gc,phases      ] GC(77) Scavenge 4.637ms
[2337.305s][debug][gc,ref         ] GC(77) Skipped SoftWeakFinalRefsPhase of Reference Processing: no references
[2337.305s][debug][gc,ref         ] GC(77) Skipped KeepAliveFinalRefsPhase of Reference Processing: no references
[2337.305s][debug][gc,ref         ] GC(77) Skipped PhantomRefsPhase of Reference Processing: no references
[2337.305s][debug][gc,phases      ] GC(77) Reference Processing 0.022ms
[2337.306s][debug][gc,phases      ] GC(77)   VM Weak                        Min: 0.00, Avg: 0.00, Max: 0.01, Diff: 0.01, Sum: 0.01, Workers: 4
[2337.306s][debug][gc,phases      ] GC(77)     Dead                           Min: 0, Avg:  0.0, Max: 0, Diff: 0, Sum: 0, Workers: 4
[2337.306s][debug][gc,phases      ] GC(77)     Total                          Min: 0, Avg: 232.5, Max: 640, Diff: 640, Sum: 930, Workers: 4
[2337.306s][debug][gc,phases      ] GC(77)   ObjectSynchronizer Weak        Min: 0.00, Avg: 0.00, Max: 0.00, Diff: 0.00, Sum: 0.00, Workers: 4
[2337.306s][debug][gc,phases      ] GC(77)     Dead                           Min: 0, Avg:  0.0, Max: 0, Diff: 0, Sum: 0, Workers: 4
[2337.306s][debug][gc,phases      ] GC(77)     Total                          Min: 0, Avg:  1.8, Max: 7, Diff: 7, Sum: 7, Workers: 4
[2337.306s][debug][gc,phases      ] GC(77)   JVMTI Tag Weak OopStorage      Min: 0.00, Avg: 0.00, Max: 0.00, Diff: 0.00, Sum: 0.00, Workers: 4
[2337.306s][debug][gc,phases      ] GC(77)     Dead                           Min: 0, Avg:  0.0, Max: 0, Diff: 0, Sum: 0, Workers: 4
[2337.306s][debug][gc,phases      ] GC(77)     Total                          Min: 0, Avg:  0.0, Max: 0, Diff: 0, Sum: 0, Workers: 4
[2337.306s][debug][gc,phases      ] GC(77)   StringTable Weak               Min: 0.00, Avg: 0.10, Max: 0.13, Diff: 0.13, Sum: 0.40, Workers: 4
[2337.306s][debug][gc,phases      ] GC(77)     Dead                           Min: 0, Avg:  0.0, Max: 0, Diff: 0, Sum: 0, Workers: 4
[2337.306s][debug][gc,phases      ] GC(77)     Total                          Min: 0, Avg: 12687.2, Max: 21375, Diff: 21375, Sum: 50749, Workers: 4
[2337.306s][debug][gc,phases      ] GC(77)   ResolvedMethodTable Weak       Min: 0.00, Avg: 0.03, Max: 0.04, Diff: 0.04, Sum: 0.13, Workers: 4
[2337.306s][debug][gc,phases      ] GC(77)     Dead                           Min: 0, Avg:  5.0, Max: 11, Diff: 11, Sum: 20, Workers: 4
[2337.306s][debug][gc,phases      ] GC(77)     Total                          Min: 0, Avg: 4255.2, Max: 7225, Diff: 7225, Sum: 17021, Workers: 4
[2337.306s][debug][gc,phases      ] GC(77)   JNI Weak                       Min: 0.00, Avg: 0.00, Max: 0.00, Diff: 0.00, Sum: 0.00, Workers: 4
[2337.306s][debug][gc,phases      ] GC(77)     Dead                           Min: 0, Avg:  0.0, Max: 0, Diff: 0, Sum: 0, Workers: 4
[2337.306s][debug][gc,phases      ] GC(77)     Total                          Min: 0, Avg: 13.0, Max: 48, Diff: 48, Sum: 52, Workers: 4
[2337.306s][debug][gc,phases      ] GC(77)   StringDedup Table Weak         Min: 0.00, Avg: 0.00, Max: 0.00, Diff: 0.00, Sum: 0.00, Workers: 4
[2337.306s][debug][gc,phases      ] GC(77)     Dead                           Min: 0, Avg:  0.0, Max: 0, Diff: 0, Sum: 0, Workers: 4
[2337.306s][debug][gc,phases      ] GC(77)     Total                          Min: 0, Avg:  0.0, Max: 0, Diff: 0, Sum: 0, Workers: 4
[2337.306s][debug][gc,phases      ] GC(77)   StringDedup Requests0 Weak     Min: 0.00, Avg: 0.00, Max: 0.00, Diff: 0.00, Sum: 0.00, Workers: 4
[2337.306s][debug][gc,phases      ] GC(77)     Dead                           Min: 0, Avg:  0.0, Max: 0, Diff: 0, Sum: 0, Workers: 4
[2337.306s][debug][gc,phases      ] GC(77)     Total                          Min: 0, Avg:  0.0, Max: 0, Diff: 0, Sum: 0, Workers: 4
[2337.306s][debug][gc,phases      ] GC(77)   StringDedup Requests1 Weak     Min: 0.00, Avg: 0.00, Max: 0.00, Diff: 0.00, Sum: 0.00, Workers: 4
[2337.306s][debug][gc,phases      ] GC(77)     Dead                           Min: 0, Avg:  0.0, Max: 0, Diff: 0, Sum: 0, Workers: 4
[2337.306s][debug][gc,phases      ] GC(77)     Total                          Min: 0, Avg:  0.0, Max: 0, Diff: 0, Sum: 0, Workers: 4
[2337.306s][debug][gc,phases      ] GC(77)   Weak JFR Old Object Samples    Min: 0.00, Avg: 0.00, Max: 0.00, Diff: 0.00, Sum: 0.00, Workers: 4
[2337.306s][debug][gc,phases      ] GC(77)     Dead                           Min: 0, Avg:  0.0, Max: 0, Diff: 0, Sum: 0, Workers: 4
[2337.306s][debug][gc,phases      ] GC(77)     Total                          Min: 0, Avg:  0.0, Max: 0, Diff: 0, Sum: 0, Workers: 4
[2337.306s][debug][gc,phases      ] GC(77) Weak Processing 0.385ms
[2337.306s][debug][gc,age         ] GC(77) Desired survivor size 45613056 bytes, new threshold 1 (max threshold 15)
[2337.306s][info ][gc,heap        ] GC(77) PSYoungGen: 2004896K(2049536K)->5808K(2046976K) Eden: 1999360K(1999360K)->0K(1999360K) From: 5536K(50176K)->5808K(47616K)
[2337.306s][info ][gc,heap        ] GC(77) ParOldGen: 786844K(786944K)->787856K(787968K)
[2337.306s][info ][gc,metaspace   ] GC(77) Metaspace: 111170K(112448K)->111170K(112448K) NonClass: 94930K(95680K)->94930K(95680K) Class: 16240K(16768K)->16240K(16768K)
[2337.306s][info ][gc             ] GC(77) Pause Young (Allocation Failure) 2726M->775M(2768M) 5.143ms
[2337.306s][info ][gc,cpu         ] GC(77) User=0.02s Sys=0.01s Real=0.00s
[2337.306s][info ][safepoint      ] Safepoint "ParallelCollectForAllocation", Time since last: 30948192810 ns, Reaching safepoint: 27600 ns, At safepoint: 5202475 ns, Leaving safepoint: 2200 ns, Total: 5232275 ns, Threads: 0 runnable, 33 total
[2368.016s][info ][gc,start       ] GC(78) Pause Young (Allocation Failure)
[2368.021s][debug][gc,phases      ] GC(78) Scavenge 4.819ms
[2368.021s][debug][gc,ref         ] GC(78) Skipped SoftWeakFinalRefsPhase of Reference Processing: no references
[2368.021s][debug][gc,ref         ] GC(78) Skipped KeepAliveFinalRefsPhase of Reference Processing: no references
[2368.021s][debug][gc,ref         ] GC(78) Skipped PhantomRefsPhase of Reference Processing: no references
[2368.021s][debug][gc,phases      ] GC(78) Reference Processing 0.019ms
[2368.021s][debug][gc,phases      ] GC(78)   VM Weak                        Min: 0.00, Avg: 0.00, Max: 0.01, Diff: 0.01, Sum: 0.01, Workers: 4
[2368.021s][debug][gc,phases      ] GC(78)     Dead                           Min: 0, Avg:  0.0, Max: 0, Diff: 0, Sum: 0, Workers: 4
[2368.021s][debug][gc,phases      ] GC(78)     Total                          Min: 0, Avg: 232.5, Max: 832, Diff: 832, Sum: 930, Workers: 4
[2368.021s][debug][gc,phases      ] GC(78)   ObjectSynchronizer Weak        Min: 0.00, Avg: 0.00, Max: 0.00, Diff: 0.00, Sum: 0.00, Workers: 4
[2368.021s][debug][gc,phases      ] GC(78)     Dead                           Min: 0, Avg:  0.0, Max: 0, Diff: 0, Sum: 0, Workers: 4
[2368.021s][debug][gc,phases      ] GC(78)     Total                          Min: 0, Avg:  1.8, Max: 7, Diff: 7, Sum: 7, Workers: 4
[2368.021s][debug][gc,phases      ] GC(78)   JVMTI Tag Weak OopStorage      Min: 0.00, Avg: 0.00, Max: 0.00, Diff: 0.00, Sum: 0.00, Workers: 4
[2368.021s][debug][gc,phases      ] GC(78)     Dead                           Min: 0, Avg:  0.0, Max: 0, Diff: 0, Sum: 0, Workers: 4
[2368.021s][debug][gc,phases      ] GC(78)     Total                          Min: 0, Avg:  0.0, Max: 0, Diff: 0, Sum: 0, Workers: 4
[2368.021s][debug][gc,phases      ] GC(78)   StringTable Weak               Min: 0.00, Avg: 0.10, Max: 0.13, Diff: 0.13, Sum: 0.40, Workers: 4
[2368.021s][debug][gc,phases      ] GC(78)     Dead                           Min: 0, Avg:  0.0, Max: 0, Diff: 0, Sum: 0, Workers: 4
[2368.021s][debug][gc,phases      ] GC(78)     Total                          Min: 0, Avg: 12687.8, Max: 21567, Diff: 21567, Sum: 50751, Workers: 4
[2368.021s][debug][gc,phases      ] GC(78)   ResolvedMethodTable Weak       Min: 0.00, Avg: 0.04, Max: 0.05, Diff: 0.05, Sum: 0.16, Workers: 4
[2368.021s][debug][gc,phases      ] GC(78)     Dead                           Min: 0, Avg:  5.0, Max: 11, Diff: 11, Sum: 20, Workers: 4
[2368.021s][debug][gc,phases      ] GC(78)     Total                          Min: 0, Avg: 4255.2, Max: 6975, Diff: 6975, Sum: 17021, Workers: 4
[2368.021s][debug][gc,phases      ] GC(78)   JNI Weak                       Min: 0.00, Avg: 0.00, Max: 0.00, Diff: 0.00, Sum: 0.00, Workers: 4
[2368.021s][debug][gc,phases      ] GC(78)     Dead                           Min: 0, Avg:  0.0, Max: 0, Diff: 0, Sum: 0, Workers: 4
[2368.021s][debug][gc,phases      ] GC(78)     Total                          Min: 0, Avg: 13.0, Max: 48, Diff: 48, Sum: 52, Workers: 4
[2368.021s][debug][gc,phases      ] GC(78)   StringDedup Table Weak         Min: 0.00, Avg: 0.00, Max: 0.00, Diff: 0.00, Sum: 0.00, Workers: 4
[2368.021s][debug][gc,phases      ] GC(78)     Dead                           Min: 0, Avg:  0.0, Max: 0, Diff: 0, Sum: 0, Workers: 4
[2368.021s][debug][gc,phases      ] GC(78)     Total                          Min: 0, Avg:  0.0, Max: 0, Diff: 0, Sum: 0, Workers: 4
[2368.021s][debug][gc,phases      ] GC(78)   StringDedup Requests0 Weak     Min: 0.00, Avg: 0.00, Max: 0.00, Diff: 0.00, Sum: 0.00, Workers: 4
[2368.021s][debug][gc,phases      ] GC(78)     Dead                           Min: 0, Avg:  0.0, Max: 0, Diff: 0, Sum: 0, Workers: 4
[2368.021s][debug][gc,phases      ] GC(78)     Total                          Min: 0, Avg:  0.0, Max: 0, Diff: 0, Sum: 0, Workers: 4
[2368.021s][debug][gc,phases      ] GC(78)   StringDedup Requests1 Weak     Min: 0.00, Avg: 0.00, Max: 0.00, Diff: 0.00, Sum: 0.00, Workers: 4
[2368.021s][debug][gc,phases      ] GC(78)     Dead                           Min: 0, Avg:  0.0, Max: 0, Diff: 0, Sum: 0, Workers: 4
[2368.021s][debug][gc,phases      ] GC(78)     Total                          Min: 0, Avg:  0.0, Max: 0, Diff: 0, Sum: 0, Workers: 4
[2368.021s][debug][gc,phases      ] GC(78)   Weak JFR Old Object Samples    Min: 0.00, Avg: 0.00, Max: 0.00, Diff: 0.00, Sum: 0.00, Workers: 4
[2368.021s][debug][gc,phases      ] GC(78)     Dead                           Min: 0, Avg:  0.0, Max: 0, Diff: 0, Sum: 0, Workers: 4
[2368.021s][debug][gc,phases      ] GC(78)     Total                          Min: 0, Avg:  0.0, Max: 0, Diff: 0, Sum: 0, Workers: 4
[2368.021s][debug][gc,phases      ] GC(78) Weak Processing 0.379ms
[2368.021s][debug][gc,age         ] GC(78) Desired survivor size 42991616 bytes, new threshold 1 (max threshold 15)
[2368.021s][info ][gc,heap        ] GC(78) PSYoungGen: 2005168K(2046976K)->6080K(2055168K) Eden: 1999360K(1999360K)->0K(2010624K) From: 5808K(47616K)->6080K(44544K)
[2368.021s][info ][gc,heap        ] GC(78) ParOldGen: 787856K(787968K)->789549K(790016K)
[2368.021s][info ][gc,metaspace   ] GC(78) Metaspace: 111171K(112448K)->111171K(112448K) NonClass: 94931K(95680K)->94931K(95680K) Class: 16240K(16768K)->16240K(16768K)
[2368.021s][info ][gc             ] GC(78) Pause Young (Allocation Failure) 2727M->776M(2778M) 5.319ms
[2368.021s][info ][gc,cpu         ] GC(78) User=0.02s Sys=0.01s Real=0.01s
[2368.021s][info ][safepoint      ] Safepoint "ParallelCollectForAllocation", Time since last: 30710048129 ns, Reaching safepoint: 24300 ns, At safepoint: 5381875 ns, Leaving safepoint: 7200 ns, Total: 5413375 ns, Threads: 0 runnable, 33 total
[2400.023s][info ][gc,start       ] GC(79) Pause Young (Allocation Failure)
[2400.027s][debug][gc,phases      ] GC(79) Scavenge 4.620ms
[2400.027s][debug][gc,ref         ] GC(79) Skipped SoftWeakFinalRefsPhase of Reference Processing: no references
[2400.027s][debug][gc,ref         ] GC(79) Skipped KeepAliveFinalRefsPhase of Reference Processing: no references
[2400.027s][debug][gc,ref         ] GC(79) Skipped PhantomRefsPhase of Reference Processing: no references
[2400.027s][debug][gc,phases      ] GC(79) Reference Processing 0.022ms
[2400.028s][debug][gc,phases      ] GC(79)   VM Weak                        Min: 0.00, Avg: 0.00, Max: 0.01, Diff: 0.01, Sum: 0.01, Workers: 4
[2400.028s][debug][gc,phases      ] GC(79)     Dead                           Min: 0, Avg:  0.0, Max: 0, Diff: 0, Sum: 0, Workers: 4
[2400.028s][debug][gc,phases      ] GC(79)     Total                          Min: 0, Avg: 232.5, Max: 738, Diff: 738, Sum: 930, Workers: 4
[2400.028s][debug][gc,phases      ] GC(79)   ObjectSynchronizer Weak        Min: 0.00, Avg: 0.00, Max: 0.00, Diff: 0.00, Sum: 0.00, Workers: 4
[2400.028s][debug][gc,phases      ] GC(79)     Dead                           Min: 0, Avg:  0.0, Max: 0, Diff: 0, Sum: 0, Workers: 4
[2400.028s][debug][gc,phases      ] GC(79)     Total                          Min: 0, Avg:  1.8, Max: 7, Diff: 7, Sum: 7, Workers: 4
[2400.028s][debug][gc,phases      ] GC(79)   JVMTI Tag Weak OopStorage      Min: 0.00, Avg: 0.00, Max: 0.00, Diff: 0.00, Sum: 0.00, Workers: 4
[2400.028s][debug][gc,phases      ] GC(79)     Dead                           Min: 0, Avg:  0.0, Max: 0, Diff: 0, Sum: 0, Workers: 4
[2400.028s][debug][gc,phases      ] GC(79)     Total                          Min: 0, Avg:  0.0, Max: 0, Diff: 0, Sum: 0, Workers: 4
[2400.028s][debug][gc,phases      ] GC(79)   StringTable Weak               Min: 0.00, Avg: 0.10, Max: 0.13, Diff: 0.13, Sum: 0.39, Workers: 4
[2400.028s][debug][gc,phases      ] GC(79)     Dead                           Min: 0, Avg:  0.0, Max: 0, Diff: 0, Sum: 0, Workers: 4
[2400.028s][debug][gc,phases      ] GC(79)     Total                          Min: 0, Avg: 12687.8, Max: 21696, Diff: 21696, Sum: 50751, Workers: 4
[2400.028s][debug][gc,phases      ] GC(79)   ResolvedMethodTable Weak       Min: 0.00, Avg: 0.03, Max: 0.04, Diff: 0.04, Sum: 0.13, Workers: 4
[2400.028s][debug][gc,phases      ] GC(79)     Dead                           Min: 0, Avg:  5.0, Max: 12, Diff: 12, Sum: 20, Workers: 4
[2400.028s][debug][gc,phases      ] GC(79)     Total                          Min: 0, Avg: 4255.2, Max: 7291, Diff: 7291, Sum: 17021, Workers: 4
[2400.028s][debug][gc,phases      ] GC(79)   JNI Weak                       Min: 0.00, Avg: 0.00, Max: 0.00, Diff: 0.00, Sum: 0.00, Workers: 4
[2400.028s][debug][gc,phases      ] GC(79)     Dead                           Min: 0, Avg:  0.0, Max: 0, Diff: 0, Sum: 0, Workers: 4
[2400.028s][debug][gc,phases      ] GC(79)     Total                          Min: 0, Avg: 13.0, Max: 48, Diff: 48, Sum: 52, Workers: 4
[2400.028s][debug][gc,phases      ] GC(79)   StringDedup Table Weak         Min: 0.00, Avg: 0.00, Max: 0.00, Diff: 0.00, Sum: 0.00, Workers: 4
[2400.028s][debug][gc,phases      ] GC(79)     Dead                           Min: 0, Avg:  0.0, Max: 0, Diff: 0, Sum: 0, Workers: 4
[2400.028s][debug][gc,phases      ] GC(79)     Total                          Min: 0, Avg:  0.0, Max: 0, Diff: 0, Sum: 0, Workers: 4
[2400.028s][debug][gc,phases      ] GC(79)   StringDedup Requests0 Weak     Min: 0.00, Avg: 0.00, Max: 0.00, Diff: 0.00, Sum: 0.00, Workers: 4
[2400.028s][debug][gc,phases      ] GC(79)     Dead                           Min: 0, Avg:  0.0, Max: 0, Diff: 0, Sum: 0, Workers: 4
[2400.028s][debug][gc,phases      ] GC(79)     Total                          Min: 0, Avg:  0.0, Max: 0, Diff: 0, Sum: 0, Workers: 4
[2400.028s][debug][gc,phases      ] GC(79)   StringDedup Requests1 Weak     Min: 0.00, Avg: 0.00, Max: 0.00, Diff: 0.00, Sum: 0.00, Workers: 4
[2400.028s][debug][gc,phases      ] GC(79)     Dead                           Min: 0, Avg:  0.0, Max: 0, Diff: 0, Sum: 0, Workers: 4
[2400.028s][debug][gc,phases      ] GC(79)     Total                          Min: 0, Avg:  0.0, Max: 0, Diff: 0, Sum: 0, Workers: 4
[2400.028s][debug][gc,phases      ] GC(79)   Weak JFR Old Object Samples    Min: 0.00, Avg: 0.00, Max: 0.00, Diff: 0.00, Sum: 0.00, Workers: 4
[2400.028s][debug][gc,phases      ] GC(79)     Dead                           Min: 0, Avg:  0.0, Max: 0, Diff: 0, Sum: 0, Workers: 4
[2400.028s][debug][gc,phases      ] GC(79)     Total                          Min: 0, Avg:  0.0, Max: 0, Diff: 0, Sum: 0, Workers: 4
[2400.028s][debug][gc,phases      ] GC(79) Weak Processing 0.352ms
[2400.028s][debug][gc,age         ] GC(79) Desired survivor size 40894464 bytes, new threshold 1 (max threshold 15)
[2400.028s][info ][gc,heap        ] GC(79) PSYoungGen: 2016704K(2055168K)->3824K(2052608K) Eden: 2010624K(2010624K)->0K(2010624K) From: 6080K(44544K)->3824K(41984K)
[2400.028s][info ][gc,heap        ] GC(79) ParOldGen: 789549K(790016K)->793049K(793600K)
[2400.028s][info ][gc,metaspace   ] GC(79) Metaspace: 111172K(112448K)->111172K(112448K) NonClass: 94932K(95680K)->94932K(95680K) Class: 16240K(16768K)->16240K(16768K)
[2400.028s][info ][gc             ] GC(79) Pause Young (Allocation Failure) 2740M->778M(2779M) 5.105ms
[2400.028s][info ][gc,cpu         ] GC(79) User=0.01s Sys=0.01s Real=0.00s
[2400.028s][info ][safepoint      ] Safepoint "ParallelCollectForAllocation", Time since last: 32001243818 ns, Reaching safepoint: 18100 ns, At safepoint: 5174075 ns, Leaving safepoint: 1800 ns, Total: 5193975 ns, Threads: 0 runnable, 32 total
[2432.029s][info ][gc,start       ] GC(80) Pause Young (Allocation Failure)
[2432.033s][debug][gc,phases      ] GC(80) Scavenge 3.728ms
[2432.033s][debug][gc,ref         ] GC(80) Skipped SoftWeakFinalRefsPhase of Reference Processing: no references
[2432.033s][debug][gc,ref         ] GC(80) Skipped KeepAliveFinalRefsPhase of Reference Processing: no references
[2432.033s][debug][gc,ref         ] GC(80) Skipped PhantomRefsPhase of Reference Processing: no references
[2432.033s][debug][gc,phases      ] GC(80) Reference Processing 0.024ms
[2432.033s][debug][gc,phases      ] GC(80)   VM Weak                        Min: 0.00, Avg: 0.00, Max: 0.01, Diff: 0.01, Sum: 0.01, Workers: 4
[2432.033s][debug][gc,phases      ] GC(80)     Dead                           Min: 0, Avg:  0.0, Max: 0, Diff: 0, Sum: 0, Workers: 4
[2432.033s][debug][gc,phases      ] GC(80)     Total                          Min: 0, Avg: 232.5, Max: 674, Diff: 674, Sum: 930, Workers: 4
[2432.033s][debug][gc,phases      ] GC(80)   ObjectSynchronizer Weak        Min: 0.00, Avg: 0.00, Max: 0.00, Diff: 0.00, Sum: 0.00, Workers: 4
[2432.033s][debug][gc,phases      ] GC(80)     Dead                           Min: 0, Avg:  0.0, Max: 0, Diff: 0, Sum: 0, Workers: 4
[2432.033s][debug][gc,phases      ] GC(80)     Total                          Min: 0, Avg:  1.5, Max: 6, Diff: 6, Sum: 6, Workers: 4
[2432.033s][debug][gc,phases      ] GC(80)   JVMTI Tag Weak OopStorage      Min: 0.00, Avg: 0.00, Max: 0.00, Diff: 0.00, Sum: 0.00, Workers: 4
[2432.033s][debug][gc,phases      ] GC(80)     Dead                           Min: 0, Avg:  0.0, Max: 0, Diff: 0, Sum: 0, Workers: 4
[2432.033s][debug][gc,phases      ] GC(80)     Total                          Min: 0, Avg:  0.0, Max: 0, Diff: 0, Sum: 0, Workers: 4
[2432.033s][debug][gc,phases      ] GC(80)   StringTable Weak               Min: 0.13, Avg: 0.13, Max: 0.13, Diff: 0.00, Sum: 0.51, Workers: 4
[2432.033s][debug][gc,phases      ] GC(80)     Dead                           Min: 0, Avg:  0.0, Max: 0, Diff: 0, Sum: 0, Workers: 4
[2432.034s][debug][gc,phases      ] GC(80)     Total                          Min: 12416, Avg: 12696.8, Max: 12992, Diff: 576, Sum: 50787, Workers: 4
[2432.034s][debug][gc,phases      ] GC(80)   ResolvedMethodTable Weak       Min: 0.04, Avg: 0.04, Max: 0.04, Diff: 0.00, Sum: 0.15, Workers: 4
[2432.034s][debug][gc,phases      ] GC(80)     Dead                           Min: 0, Avg:  5.0, Max: 12, Diff: 12, Sum: 20, Workers: 4
[2432.034s][debug][gc,phases      ] GC(80)     Total                          Min: 4185, Avg: 4255.2, Max: 4368, Diff: 183, Sum: 17021, Workers: 4
[2432.034s][debug][gc,phases      ] GC(80)   JNI Weak                       Min: 0.00, Avg: 0.00, Max: 0.00, Diff: 0.00, Sum: 0.00, Workers: 4
[2432.034s][debug][gc,phases      ] GC(80)     Dead                           Min: 0, Avg:  0.0, Max: 0, Diff: 0, Sum: 0, Workers: 4
[2432.034s][debug][gc,phases      ] GC(80)     Total                          Min: 0, Avg: 13.0, Max: 48, Diff: 48, Sum: 52, Workers: 4
[2432.034s][debug][gc,phases      ] GC(80)   StringDedup Table Weak         Min: 0.00, Avg: 0.00, Max: 0.00, Diff: 0.00, Sum: 0.00, Workers: 4
[2432.034s][debug][gc,phases      ] GC(80)     Dead                           Min: 0, Avg:  0.0, Max: 0, Diff: 0, Sum: 0, Workers: 4
[2432.034s][debug][gc,phases      ] GC(80)     Total                          Min: 0, Avg:  0.0, Max: 0, Diff: 0, Sum: 0, Workers: 4
[2432.034s][debug][gc,phases      ] GC(80)   StringDedup Requests0 Weak     Min: 0.00, Avg: 0.00, Max: 0.00, Diff: 0.00, Sum: 0.00, Workers: 4
[2432.034s][debug][gc,phases      ] GC(80)     Dead                           Min: 0, Avg:  0.0, Max: 0, Diff: 0, Sum: 0, Workers: 4
[2432.034s][debug][gc,phases      ] GC(80)     Total                          Min: 0, Avg:  0.0, Max: 0, Diff: 0, Sum: 0, Workers: 4
[2432.034s][debug][gc,phases      ] GC(80)   StringDedup Requests1 Weak     Min: 0.00, Avg: 0.00, Max: 0.00, Diff: 0.00, Sum: 0.00, Workers: 4
[2432.034s][debug][gc,phases      ] GC(80)     Dead                           Min: 0, Avg:  0.0, Max: 0, Diff: 0, Sum: 0, Workers: 4
[2432.034s][debug][gc,phases      ] GC(80)     Total                          Min: 0, Avg:  0.0, Max: 0, Diff: 0, Sum: 0, Workers: 4
[2432.034s][debug][gc,phases      ] GC(80)   Weak JFR Old Object Samples    Min: 0.00, Avg: 0.00, Max: 0.00, Diff: 0.00, Sum: 0.00, Workers: 4
[2432.034s][debug][gc,phases      ] GC(80)     Dead                           Min: 0, Avg:  0.0, Max: 0, Diff: 0, Sum: 0, Workers: 4
[2432.034s][debug][gc,phases      ] GC(80)     Total                          Min: 0, Avg:  0.0, Max: 0, Diff: 0, Sum: 0, Workers: 4
[2432.034s][debug][gc,phases      ] GC(80) Weak Processing 0.363ms
[2432.034s][debug][gc,age         ] GC(80) Desired survivor size 38797312 bytes, new threshold 1 (max threshold 15)
[2432.034s][info ][gc,heap        ] GC(80) PSYoungGen: 2014448K(2052608K)->4512K(2059264K) Eden: 2010624K(2010624K)->0K(2019328K) From: 3824K(41984K)->4512K(39936K)
[2432.034s][info ][gc,heap        ] GC(80) ParOldGen: 793049K(793600K)->794066K(794112K)
[2432.034s][info ][gc,metaspace   ] GC(80) Metaspace: 111177K(112448K)->111177K(112448K) NonClass: 94937K(95680K)->94937K(95680K) Class: 16240K(16768K)->16240K(16768K)
[2432.034s][info ][gc             ] GC(80) Pause Young (Allocation Failure) 2741M->779M(2786M) 4.229ms
[2432.034s][info ][gc,cpu         ] GC(80) User=0.02s Sys=0.00s Real=0.00s
[2432.034s][info ][safepoint      ] Safepoint "ParallelCollectForAllocation", Time since last: 32001517816 ns, Reaching safepoint: 21500 ns, At safepoint: 4292080 ns, Leaving safepoint: 2700 ns, Total: 4316280 ns, Threads: 0 runnable, 36 total
[2464.241s][info ][gc,start       ] GC(81) Pause Young (Allocation Failure)
[2464.246s][debug][gc,phases      ] GC(81) Scavenge 4.875ms
[2464.246s][debug][gc,ref         ] GC(81) Skipped SoftWeakFinalRefsPhase of Reference Processing: no references
[2464.246s][debug][gc,ref         ] GC(81) Skipped KeepAliveFinalRefsPhase of Reference Processing: no references
[2464.246s][debug][gc,ref         ] GC(81) Skipped PhantomRefsPhase of Reference Processing: no references
[2464.246s][debug][gc,phases      ] GC(81) Reference Processing 0.024ms
[2464.246s][debug][gc,phases      ] GC(81)   VM Weak                        Min: 0.00, Avg: 0.00, Max: 0.01, Diff: 0.01, Sum: 0.01, Workers: 4
[2464.246s][debug][gc,phases      ] GC(81)     Dead                           Min: 0, Avg:  0.0, Max: 0, Diff: 0, Sum: 0, Workers: 4
[2464.246s][debug][gc,phases      ] GC(81)     Total                          Min: 0, Avg: 232.5, Max: 512, Diff: 512, Sum: 930, Workers: 4
[2464.246s][debug][gc,phases      ] GC(81)   ObjectSynchronizer Weak        Min: 0.00, Avg: 0.00, Max: 0.00, Diff: 0.00, Sum: 0.00, Workers: 4
[2464.246s][debug][gc,phases      ] GC(81)     Dead                           Min: 0, Avg:  0.0, Max: 0, Diff: 0, Sum: 0, Workers: 4
[2464.246s][debug][gc,phases      ] GC(81)     Total                          Min: 0, Avg:  1.2, Max: 5, Diff: 5, Sum: 5, Workers: 4
[2464.246s][debug][gc,phases      ] GC(81)   JVMTI Tag Weak OopStorage      Min: 0.00, Avg: 0.00, Max: 0.00, Diff: 0.00, Sum: 0.00, Workers: 4
[2464.246s][debug][gc,phases      ] GC(81)     Dead                           Min: 0, Avg:  0.0, Max: 0, Diff: 0, Sum: 0, Workers: 4
[2464.246s][debug][gc,phases      ] GC(81)     Total                          Min: 0, Avg:  0.0, Max: 0, Diff: 0, Sum: 0, Workers: 4
[2464.246s][debug][gc,phases      ] GC(81)   StringTable Weak               Min: 0.00, Avg: 0.12, Max: 0.15, Diff: 0.15, Sum: 0.46, Workers: 4
[2464.246s][debug][gc,phases      ] GC(81)     Dead                           Min: 0, Avg:  0.0, Max: 0, Diff: 0, Sum: 0, Workers: 4
[2464.246s][debug][gc,phases      ] GC(81)     Total                          Min: 0, Avg: 12697.0, Max: 17088, Diff: 17088, Sum: 50788, Workers: 4
[2464.246s][debug][gc,phases      ] GC(81)   ResolvedMethodTable Weak       Min: 0.00, Avg: 0.04, Max: 0.06, Diff: 0.06, Sum: 0.16, Workers: 4
[2464.246s][debug][gc,phases      ] GC(81)     Dead                           Min: 0, Avg:  5.0, Max: 17, Diff: 17, Sum: 20, Workers: 4
[2464.246s][debug][gc,phases      ] GC(81)     Total                          Min: 0, Avg: 4255.2, Max: 6101, Diff: 6101, Sum: 17021, Workers: 4
[2464.246s][debug][gc,phases      ] GC(81)   JNI Weak                       Min: 0.00, Avg: 0.00, Max: 0.00, Diff: 0.00, Sum: 0.00, Workers: 4
[2464.246s][debug][gc,phases      ] GC(81)     Dead                           Min: 0, Avg:  0.0, Max: 0, Diff: 0, Sum: 0, Workers: 4
[2464.246s][debug][gc,phases      ] GC(81)     Total                          Min: 0, Avg: 13.0, Max: 48, Diff: 48, Sum: 52, Workers: 4
[2464.246s][debug][gc,phases      ] GC(81)   StringDedup Table Weak         Min: 0.00, Avg: 0.00, Max: 0.00, Diff: 0.00, Sum: 0.00, Workers: 4
[2464.246s][debug][gc,phases      ] GC(81)     Dead                           Min: 0, Avg:  0.0, Max: 0, Diff: 0, Sum: 0, Workers: 4
[2464.246s][debug][gc,phases      ] GC(81)     Total                          Min: 0, Avg:  0.0, Max: 0, Diff: 0, Sum: 0, Workers: 4
[2464.246s][debug][gc,phases      ] GC(81)   StringDedup Requests0 Weak     Min: 0.00, Avg: 0.00, Max: 0.00, Diff: 0.00, Sum: 0.00, Workers: 4
[2464.246s][debug][gc,phases      ] GC(81)     Dead                           Min: 0, Avg:  0.0, Max: 0, Diff: 0, Sum: 0, Workers: 4
[2464.246s][debug][gc,phases      ] GC(81)     Total                          Min: 0, Avg:  0.0, Max: 0, Diff: 0, Sum: 0, Workers: 4
[2464.246s][debug][gc,phases      ] GC(81)   StringDedup Requests1 Weak     Min: 0.00, Avg: 0.00, Max: 0.00, Diff: 0.00, Sum: 0.00, Workers: 4
[2464.246s][debug][gc,phases      ] GC(81)     Dead                           Min: 0, Avg:  0.0, Max: 0, Diff: 0, Sum: 0, Workers: 4
[2464.246s][debug][gc,phases      ] GC(81)     Total                          Min: 0, Avg:  0.0, Max: 0, Diff: 0, Sum: 0, Workers: 4
[2464.246s][debug][gc,phases      ] GC(81)   Weak JFR Old Object Samples    Min: 0.00, Avg: 0.00, Max: 0.00, Diff: 0.00, Sum: 0.00, Workers: 4
[2464.246s][debug][gc,phases      ] GC(81)     Dead                           Min: 0, Avg:  0.0, Max: 0, Diff: 0, Sum: 0, Workers: 4
[2464.246s][debug][gc,phases      ] GC(81)     Total                          Min: 0, Avg:  0.0, Max: 0, Diff: 0, Sum: 0, Workers: 4
[2464.246s][debug][gc,phases      ] GC(81) Weak Processing 0.404ms
[2464.246s][debug][gc,age         ] GC(81) Desired survivor size 36700160 bytes, new threshold 1 (max threshold 15)
[2464.246s][info ][gc,heap        ] GC(81) PSYoungGen: 2023840K(2059264K)->5120K(2057216K) Eden: 2019328K(2019328K)->0K(2019328K) From: 4512K(39936K)->5120K(37888K)
[2464.246s][info ][gc,heap        ] GC(81) ParOldGen: 794066K(794112K)->795374K(795648K)
[2464.246s][info ][gc,metaspace   ] GC(81) Metaspace: 111178K(112448K)->111178K(112448K) NonClass: 94938K(95680K)->94938K(95680K) Class: 16240K(16768K)->16240K(16768K)
[2464.246s][info ][gc             ] GC(81) Pause Young (Allocation Failure) 2751M->781M(2786M) 5.396ms
[2464.246s][info ][gc,cpu         ] GC(81) User=0.02s Sys=0.00s Real=0.00s
[2464.246s][info ][safepoint      ] Safepoint "ParallelCollectForAllocation", Time since last: 32207204923 ns, Reaching safepoint: 105100 ns, At safepoint: 5457474 ns, Leaving safepoint: 7300 ns, Total: 5569874 ns, Threads: 1 runnable, 36 total
[2496.043s][info ][gc,start       ] GC(82) Pause Young (Allocation Failure)
[2496.048s][debug][gc,phases      ] GC(82) Scavenge 5.461ms
[2496.048s][debug][gc,ref         ] GC(82) Skipped SoftWeakFinalRefsPhase of Reference Processing: no references
[2496.048s][debug][gc,ref         ] GC(82) Skipped KeepAliveFinalRefsPhase of Reference Processing: no references
[2496.048s][debug][gc,ref         ] GC(82) Skipped PhantomRefsPhase of Reference Processing: no references
[2496.048s][debug][gc,phases      ] GC(82) Reference Processing 0.019ms
[2496.049s][debug][gc,phases      ] GC(82)   VM Weak                        Min: 0.00, Avg: 0.00, Max: 0.01, Diff: 0.01, Sum: 0.01, Workers: 4
[2496.049s][debug][gc,phases      ] GC(82)     Dead                           Min: 0, Avg:  0.0, Max: 0, Diff: 0, Sum: 0, Workers: 4
[2496.049s][debug][gc,phases      ] GC(82)     Total                          Min: 0, Avg: 232.5, Max: 546, Diff: 546, Sum: 930, Workers: 4
[2496.049s][debug][gc,phases      ] GC(82)   ObjectSynchronizer Weak        Min: 0.00, Avg: 0.00, Max: 0.00, Diff: 0.00, Sum: 0.00, Workers: 4
[2496.049s][debug][gc,phases      ] GC(82)     Dead                           Min: 0, Avg:  0.0, Max: 0, Diff: 0, Sum: 0, Workers: 4
[2496.049s][debug][gc,phases      ] GC(82)     Total                          Min: 0, Avg:  1.5, Max: 6, Diff: 6, Sum: 6, Workers: 4
[2496.049s][debug][gc,phases      ] GC(82)   JVMTI Tag Weak OopStorage      Min: 0.00, Avg: 0.00, Max: 0.00, Diff: 0.00, Sum: 0.00, Workers: 4
[2496.049s][debug][gc,phases      ] GC(82)     Dead                           Min: 0, Avg:  0.0, Max: 0, Diff: 0, Sum: 0, Workers: 4
[2496.049s][debug][gc,phases      ] GC(82)     Total                          Min: 0, Avg:  0.0, Max: 0, Diff: 0, Sum: 0, Workers: 4
[2496.049s][debug][gc,phases      ] GC(82)   StringTable Weak               Min: 0.00, Avg: 0.12, Max: 0.16, Diff: 0.16, Sum: 0.46, Workers: 4
[2496.049s][debug][gc,phases      ] GC(82)     Dead                           Min: 0, Avg:  0.0, Max: 0, Diff: 0, Sum: 0, Workers: 4
[2496.049s][debug][gc,phases      ] GC(82)     Total                          Min: 0, Avg: 12697.0, Max: 17024, Diff: 17024, Sum: 50788, Workers: 4
[2496.049s][debug][gc,phases      ] GC(82)   ResolvedMethodTable Weak       Min: 0.00, Avg: 0.04, Max: 0.05, Diff: 0.05, Sum: 0.16, Workers: 4
[2496.049s][debug][gc,phases      ] GC(82)     Dead                           Min: 0, Avg:  5.0, Max: 18, Diff: 18, Sum: 20, Workers: 4
[2496.049s][debug][gc,phases      ] GC(82)     Total                          Min: 0, Avg: 4255.2, Max: 5818, Diff: 5818, Sum: 17021, Workers: 4
[2496.049s][debug][gc,phases      ] GC(82)   JNI Weak                       Min: 0.00, Avg: 0.00, Max: 0.00, Diff: 0.00, Sum: 0.00, Workers: 4
[2496.049s][debug][gc,phases      ] GC(82)     Dead                           Min: 0, Avg:  0.0, Max: 0, Diff: 0, Sum: 0, Workers: 4
[2496.049s][debug][gc,phases      ] GC(82)     Total                          Min: 0, Avg: 13.0, Max: 48, Diff: 48, Sum: 52, Workers: 4
[2496.049s][debug][gc,phases      ] GC(82)   StringDedup Table Weak         Min: 0.00, Avg: 0.00, Max: 0.00, Diff: 0.00, Sum: 0.00, Workers: 4
[2496.049s][debug][gc,phases      ] GC(82)     Dead                           Min: 0, Avg:  0.0, Max: 0, Diff: 0, Sum: 0, Workers: 4
[2496.049s][debug][gc,phases      ] GC(82)     Total                          Min: 0, Avg:  0.0, Max: 0, Diff: 0, Sum: 0, Workers: 4
[2496.049s][debug][gc,phases      ] GC(82)   StringDedup Requests0 Weak     Min: 0.00, Avg: 0.00, Max: 0.00, Diff: 0.00, Sum: 0.00, Workers: 4
[2496.049s][debug][gc,phases      ] GC(82)     Dead                           Min: 0, Avg:  0.0, Max: 0, Diff: 0, Sum: 0, Workers: 4
[2496.049s][debug][gc,phases      ] GC(82)     Total                          Min: 0, Avg:  0.0, Max: 0, Diff: 0, Sum: 0, Workers: 4
[2496.049s][debug][gc,phases      ] GC(82)   StringDedup Requests1 Weak     Min: 0.00, Avg: 0.00, Max: 0.00, Diff: 0.00, Sum: 0.00, Workers: 4
[2496.049s][debug][gc,phases      ] GC(82)     Dead                           Min: 0, Avg:  0.0, Max: 0, Diff: 0, Sum: 0, Workers: 4
[2496.049s][debug][gc,phases      ] GC(82)     Total                          Min: 0, Avg:  0.0, Max: 0, Diff: 0, Sum: 0, Workers: 4
[2496.049s][debug][gc,phases      ] GC(82)   Weak JFR Old Object Samples    Min: 0.00, Avg: 0.00, Max: 0.00, Diff: 0.00, Sum: 0.00, Workers: 4
[2496.049s][debug][gc,phases      ] GC(82)     Dead                           Min: 0, Avg:  0.0, Max: 0, Diff: 0, Sum: 0, Workers: 4
[2496.049s][debug][gc,phases      ] GC(82)     Total                          Min: 0, Avg:  0.0, Max: 0, Diff: 0, Sum: 0, Workers: 4
[2496.049s][debug][gc,phases      ] GC(82) Weak Processing 0.375ms
[2496.049s][debug][gc,age         ] GC(82) Desired survivor size 34603008 bytes, new threshold 1 (max threshold 15)
[2496.049s][info ][gc,heap        ] GC(82) PSYoungGen: 2024448K(2057216K)->4032K(2063360K) Eden: 2019328K(2019328K)->0K(2027520K) From: 5120K(37888K)->4032K(35840K)
[2496.049s][info ][gc,heap        ] GC(82) ParOldGen: 795374K(795648K)->797239K(797696K)
[2496.049s][info ][gc,metaspace   ] GC(82) Metaspace: 111184K(112448K)->111184K(112448K) NonClass: 94944K(95680K)->94944K(95680K) Class: 16240K(16768K)->16240K(16768K)
[2496.049s][info ][gc             ] GC(82) Pause Young (Allocation Failure) 2753M->782M(2794M) 5.970ms
[2496.049s][info ][gc,cpu         ] GC(82) User=0.02s Sys=0.00s Real=0.01s
[2496.049s][info ][safepoint      ] Safepoint "ParallelCollectForAllocation", Time since last: 31796295389 ns, Reaching safepoint: 91799 ns, At safepoint: 6029072 ns, Leaving safepoint: 7900 ns, Total: 6128771 ns, Threads: 1 runnable, 33 total
[2528.306s][info ][gc,start       ] GC(83) Pause Young (Allocation Failure)
[2528.310s][debug][gc,phases      ] GC(83) Scavenge 4.261ms
[2528.310s][debug][gc,ref         ] GC(83) Skipped SoftWeakFinalRefsPhase of Reference Processing: no references
[2528.310s][debug][gc,ref         ] GC(83) Skipped KeepAliveFinalRefsPhase of Reference Processing: no references
[2528.310s][debug][gc,ref         ] GC(83) Skipped PhantomRefsPhase of Reference Processing: no references
[2528.310s][debug][gc,phases      ] GC(83) Reference Processing 0.018ms
[2528.310s][debug][gc,phases      ] GC(83)   VM Weak                        Min: 0.00, Avg: 0.00, Max: 0.01, Diff: 0.01, Sum: 0.01, Workers: 4
[2528.310s][debug][gc,phases      ] GC(83)     Dead                           Min: 0, Avg:  0.0, Max: 0, Diff: 0, Sum: 0, Workers: 4
[2528.310s][debug][gc,phases      ] GC(83)     Total                          Min: 0, Avg: 232.5, Max: 640, Diff: 640, Sum: 930, Workers: 4
[2528.310s][debug][gc,phases      ] GC(83)   ObjectSynchronizer Weak        Min: 0.00, Avg: 0.00, Max: 0.00, Diff: 0.00, Sum: 0.00, Workers: 4
[2528.310s][debug][gc,phases      ] GC(83)     Dead                           Min: 0, Avg:  0.0, Max: 0, Diff: 0, Sum: 0, Workers: 4
[2528.310s][debug][gc,phases      ] GC(83)     Total                          Min: 0, Avg:  1.8, Max: 7, Diff: 7, Sum: 7, Workers: 4
[2528.310s][debug][gc,phases      ] GC(83)   JVMTI Tag Weak OopStorage      Min: 0.00, Avg: 0.00, Max: 0.00, Diff: 0.00, Sum: 0.00, Workers: 4
[2528.310s][debug][gc,phases      ] GC(83)     Dead                           Min: 0, Avg:  0.0, Max: 0, Diff: 0, Sum: 0, Workers: 4
[2528.310s][debug][gc,phases      ] GC(83)     Total                          Min: 0, Avg:  0.0, Max: 0, Diff: 0, Sum: 0, Workers: 4
[2528.310s][debug][gc,phases      ] GC(83)   StringTable Weak               Min: 0.13, Avg: 0.13, Max: 0.13, Diff: 0.00, Sum: 0.51, Workers: 4
[2528.310s][debug][gc,phases      ] GC(83)     Dead                           Min: 0, Avg:  0.0, Max: 0, Diff: 0, Sum: 0, Workers: 4
[2528.310s][debug][gc,phases      ] GC(83)     Total                          Min: 12544, Avg: 12697.0, Max: 12900, Diff: 356, Sum: 50788, Workers: 4
[2528.310s][debug][gc,phases      ] GC(83)   ResolvedMethodTable Weak       Min: 0.05, Avg: 0.05, Max: 0.05, Diff: 0.00, Sum: 0.19, Workers: 4
[2528.310s][debug][gc,phases      ] GC(83)     Dead                           Min: 0, Avg:  5.0, Max: 13, Diff: 13, Sum: 20, Workers: 4
[2528.310s][debug][gc,phases      ] GC(83)     Total                          Min: 4180, Avg: 4255.2, Max: 4317, Diff: 137, Sum: 17021, Workers: 4
[2528.310s][debug][gc,phases      ] GC(83)   JNI Weak                       Min: 0.00, Avg: 0.00, Max: 0.00, Diff: 0.00, Sum: 0.00, Workers: 4
[2528.310s][debug][gc,phases      ] GC(83)     Dead                           Min: 0, Avg:  0.0, Max: 0, Diff: 0, Sum: 0, Workers: 4
[2528.310s][debug][gc,phases      ] GC(83)     Total                          Min: 0, Avg: 13.0, Max: 48, Diff: 48, Sum: 52, Workers: 4
[2528.310s][debug][gc,phases      ] GC(83)   StringDedup Table Weak         Min: 0.00, Avg: 0.00, Max: 0.00, Diff: 0.00, Sum: 0.00, Workers: 4
[2528.310s][debug][gc,phases      ] GC(83)     Dead                           Min: 0, Avg:  0.0, Max: 0, Diff: 0, Sum: 0, Workers: 4
[2528.310s][debug][gc,phases      ] GC(83)     Total                          Min: 0, Avg:  0.0, Max: 0, Diff: 0, Sum: 0, Workers: 4
[2528.310s][debug][gc,phases      ] GC(83)   StringDedup Requests0 Weak     Min: 0.00, Avg: 0.00, Max: 0.00, Diff: 0.00, Sum: 0.00, Workers: 4
[2528.310s][debug][gc,phases      ] GC(83)     Dead                           Min: 0, Avg:  0.0, Max: 0, Diff: 0, Sum: 0, Workers: 4
[2528.310s][debug][gc,phases      ] GC(83)     Total                          Min: 0, Avg:  0.0, Max: 0, Diff: 0, Sum: 0, Workers: 4
[2528.310s][debug][gc,phases      ] GC(83)   StringDedup Requests1 Weak     Min: 0.00, Avg: 0.00, Max: 0.00, Diff: 0.00, Sum: 0.00, Workers: 4
[2528.310s][debug][gc,phases      ] GC(83)     Dead                           Min: 0, Avg:  0.0, Max: 0, Diff: 0, Sum: 0, Workers: 4
[2528.310s][debug][gc,phases      ] GC(83)     Total                          Min: 0, Avg:  0.0, Max: 0, Diff: 0, Sum: 0, Workers: 4
[2528.310s][debug][gc,phases      ] GC(83)   Weak JFR Old Object Samples    Min: 0.00, Avg: 0.00, Max: 0.00, Diff: 0.00, Sum: 0.00, Workers: 4
[2528.310s][debug][gc,phases      ] GC(83)     Dead                           Min: 0, Avg:  0.0, Max: 0, Diff: 0, Sum: 0, Workers: 4
[2528.310s][debug][gc,phases      ] GC(83)     Total                          Min: 0, Avg:  0.0, Max: 0, Diff: 0, Sum: 0, Workers: 4
[2528.310s][debug][gc,phases      ] GC(83) Weak Processing 0.371ms
[2528.310s][debug][gc,age         ] GC(83) Desired survivor size 32505856 bytes, new threshold 1 (max threshold 15)
[2528.310s][info ][gc,heap        ] GC(83) PSYoungGen: 2031552K(2063360K)->4672K(2061312K) Eden: 2027520K(2027520K)->0K(2027520K) From: 4032K(35840K)->4672K(33792K)
[2528.310s][info ][gc,heap        ] GC(83) ParOldGen: 797239K(797696K)->798299K(798720K)
[2528.310s][info ][gc,metaspace   ] GC(83) Metaspace: 111186K(112448K)->111186K(112448K) NonClass: 94946K(95680K)->94946K(95680K) Class: 16240K(16768K)->16240K(16768K)
[2528.310s][info ][gc             ] GC(83) Pause Young (Allocation Failure) 2762M->784M(2793M) 4.761ms
[2528.310s][info ][gc,cpu         ] GC(83) User=0.01s Sys=0.00s Real=0.01s
[2528.310s][info ][safepoint      ] Safepoint "ParallelCollectForAllocation", Time since last: 32256727350 ns, Reaching safepoint: 27299 ns, At safepoint: 4828578 ns, Leaving safepoint: 9100 ns, Total: 4864977 ns, Threads: 0 runnable, 33 total
[2561.301s][info ][gc,start       ] GC(84) Pause Young (Allocation Failure)
[2561.305s][debug][gc,phases      ] GC(84) Scavenge 4.402ms
[2561.305s][debug][gc,ref         ] GC(84) ReferenceProcessor::execute queues: 1, RefProcThreadModel::Single, marks_oops_alive: false
[2561.305s][debug][gc,ref         ] GC(84) Skipped KeepAliveFinalRefsPhase of Reference Processing: no references
[2561.305s][debug][gc,ref         ] GC(84) Skipped PhantomRefsPhase of Reference Processing: no references
[2561.305s][debug][gc,phases      ] GC(84) Reference Processing 0.096ms
[2561.305s][debug][gc,phases      ] GC(84)   VM Weak                        Min: 0.00, Avg: 0.00, Max: 0.01, Diff: 0.01, Sum: 0.01, Workers: 4
[2561.305s][debug][gc,phases      ] GC(84)     Dead                           Min: 0, Avg:  0.0, Max: 0, Diff: 0, Sum: 0, Workers: 4
[2561.305s][debug][gc,phases      ] GC(84)     Total                          Min: 0, Avg: 232.5, Max: 896, Diff: 896, Sum: 930, Workers: 4
[2561.305s][debug][gc,phases      ] GC(84)   ObjectSynchronizer Weak        Min: 0.00, Avg: 0.00, Max: 0.00, Diff: 0.00, Sum: 0.00, Workers: 4
[2561.305s][debug][gc,phases      ] GC(84)     Dead                           Min: 0, Avg:  0.0, Max: 0, Diff: 0, Sum: 0, Workers: 4
[2561.305s][debug][gc,phases      ] GC(84)     Total                          Min: 0, Avg:  1.8, Max: 7, Diff: 7, Sum: 7, Workers: 4
[2561.305s][debug][gc,phases      ] GC(84)   JVMTI Tag Weak OopStorage      Min: 0.00, Avg: 0.00, Max: 0.00, Diff: 0.00, Sum: 0.00, Workers: 4
[2561.305s][debug][gc,phases      ] GC(84)     Dead                           Min: 0, Avg:  0.0, Max: 0, Diff: 0, Sum: 0, Workers: 4
[2561.305s][debug][gc,phases      ] GC(84)     Total                          Min: 0, Avg:  0.0, Max: 0, Diff: 0, Sum: 0, Workers: 4
[2561.305s][debug][gc,phases      ] GC(84)   StringTable Weak               Min: 0.00, Avg: 0.10, Max: 0.13, Diff: 0.13, Sum: 0.38, Workers: 4
[2561.305s][debug][gc,phases      ] GC(84)     Dead                           Min: 0, Avg:  0.0, Max: 0, Diff: 0, Sum: 0, Workers: 4
[2561.305s][debug][gc,phases      ] GC(84)     Total                          Min: 0, Avg: 12700.8, Max: 21747, Diff: 21747, Sum: 50803, Workers: 4
[2561.305s][debug][gc,phases      ] GC(84)   ResolvedMethodTable Weak       Min: 0.00, Avg: 0.03, Max: 0.04, Diff: 0.04, Sum: 0.13, Workers: 4
[2561.305s][debug][gc,phases      ] GC(84)     Dead                           Min: 0, Avg:  5.0, Max: 13, Diff: 13, Sum: 20, Workers: 4
[2561.305s][debug][gc,phases      ] GC(84)     Total                          Min: 0, Avg: 4255.8, Max: 7307, Diff: 7307, Sum: 17023, Workers: 4
[2561.305s][debug][gc,phases      ] GC(84)   JNI Weak                       Min: 0.00, Avg: 0.00, Max: 0.00, Diff: 0.00, Sum: 0.00, Workers: 4
[2561.305s][debug][gc,phases      ] GC(84)     Dead                           Min: 0, Avg:  0.0, Max: 0, Diff: 0, Sum: 0, Workers: 4
[2561.305s][debug][gc,phases      ] GC(84)     Total                          Min: 0, Avg: 13.0, Max: 48, Diff: 48, Sum: 52, Workers: 4
[2561.305s][debug][gc,phases      ] GC(84)   StringDedup Table Weak         Min: 0.00, Avg: 0.00, Max: 0.00, Diff: 0.00, Sum: 0.00, Workers: 4
[2561.305s][debug][gc,phases      ] GC(84)     Dead                           Min: 0, Avg:  0.0, Max: 0, Diff: 0, Sum: 0, Workers: 4
[2561.305s][debug][gc,phases      ] GC(84)     Total                          Min: 0, Avg:  0.0, Max: 0, Diff: 0, Sum: 0, Workers: 4
[2561.305s][debug][gc,phases      ] GC(84)   StringDedup Requests0 Weak     Min: 0.00, Avg: 0.00, Max: 0.00, Diff: 0.00, Sum: 0.00, Workers: 4
[2561.305s][debug][gc,phases      ] GC(84)     Dead                           Min: 0, Avg:  0.0, Max: 0, Diff: 0, Sum: 0, Workers: 4
[2561.305s][debug][gc,phases      ] GC(84)     Total                          Min: 0, Avg:  0.0, Max: 0, Diff: 0, Sum: 0, Workers: 4
[2561.305s][debug][gc,phases      ] GC(84)   StringDedup Requests1 Weak     Min: 0.00, Avg: 0.00, Max: 0.00, Diff: 0.00, Sum: 0.00, Workers: 4
[2561.305s][debug][gc,phases      ] GC(84)     Dead                           Min: 0, Avg:  0.0, Max: 0, Diff: 0, Sum: 0, Workers: 4
[2561.305s][debug][gc,phases      ] GC(84)     Total                          Min: 0, Avg:  0.0, Max: 0, Diff: 0, Sum: 0, Workers: 4
[2561.305s][debug][gc,phases      ] GC(84)   Weak JFR Old Object Samples    Min: 0.00, Avg: 0.00, Max: 0.00, Diff: 0.00, Sum: 0.00, Workers: 4
[2561.305s][debug][gc,phases      ] GC(84)     Dead                           Min: 0, Avg:  0.0, Max: 0, Diff: 0, Sum: 0, Workers: 4
[2561.305s][debug][gc,phases      ] GC(84)     Total                          Min: 0, Avg:  0.0, Max: 0, Diff: 0, Sum: 0, Workers: 4
[2561.305s][debug][gc,phases      ] GC(84) Weak Processing 0.369ms
[2561.305s][debug][gc,age         ] GC(84) Desired survivor size 30408704 bytes, new threshold 1 (max threshold 15)
[2561.305s][info ][gc,heap        ] GC(84) PSYoungGen: 2032192K(2061312K)->5888K(2067456K) Eden: 2027520K(2027520K)->0K(2035712K) From: 4672K(33792K)->5888K(31744K)
[2561.305s][info ][gc,heap        ] GC(84) ParOldGen: 798299K(798720K)->799892K(800256K)
[2561.305s][info ][gc,metaspace   ] GC(84) Metaspace: 111195K(112448K)->111195K(112448K) NonClass: 94955K(95680K)->94955K(95680K) Class: 16240K(16768K)->16240K(16768K)
[2561.305s][info ][gc             ] GC(84) Pause Young (Allocation Failure) 2764M->786M(2800M) 4.975ms
[2561.305s][info ][gc,cpu         ] GC(84) User=0.01s Sys=0.00s Real=0.00s
[2561.306s][info ][safepoint      ] Safepoint "ParallelCollectForAllocation", Time since last: 32990020104 ns, Reaching safepoint: 5700 ns, At safepoint: 5033677 ns, Leaving safepoint: 2100 ns, Total: 5041477 ns, Threads: 0 runnable, 33 total
[2593.441s][info ][gc,start       ] GC(85) Pause Young (Allocation Failure)
[2593.446s][debug][gc,phases      ] GC(85) Scavenge 4.955ms
[2593.446s][debug][gc,ref         ] GC(85) Skipped SoftWeakFinalRefsPhase of Reference Processing: no references
[2593.446s][debug][gc,ref         ] GC(85) Skipped KeepAliveFinalRefsPhase of Reference Processing: no references
[2593.446s][debug][gc,ref         ] GC(85) Skipped PhantomRefsPhase of Reference Processing: no references
[2593.446s][debug][gc,phases      ] GC(85) Reference Processing 0.024ms
[2593.446s][debug][gc,phases      ] GC(85)   VM Weak                        Min: 0.00, Avg: 0.00, Max: 0.01, Diff: 0.01, Sum: 0.01, Workers: 4
[2593.446s][debug][gc,phases      ] GC(85)     Dead                           Min: 0, Avg:  0.0, Max: 0, Diff: 0, Sum: 0, Workers: 4
[2593.446s][debug][gc,phases      ] GC(85)     Total                          Min: 0, Avg: 232.5, Max: 704, Diff: 704, Sum: 930, Workers: 4
[2593.446s][debug][gc,phases      ] GC(85)   ObjectSynchronizer Weak        Min: 0.00, Avg: 0.00, Max: 0.00, Diff: 0.00, Sum: 0.00, Workers: 4
[2593.446s][debug][gc,phases      ] GC(85)     Dead                           Min: 0, Avg:  0.0, Max: 0, Diff: 0, Sum: 0, Workers: 4
[2593.446s][debug][gc,phases      ] GC(85)     Total                          Min: 0, Avg:  1.5, Max: 6, Diff: 6, Sum: 6, Workers: 4
[2593.446s][debug][gc,phases      ] GC(85)   JVMTI Tag Weak OopStorage      Min: 0.00, Avg: 0.00, Max: 0.00, Diff: 0.00, Sum: 0.00, Workers: 4
[2593.446s][debug][gc,phases      ] GC(85)     Dead                           Min: 0, Avg:  0.0, Max: 0, Diff: 0, Sum: 0, Workers: 4
[2593.446s][debug][gc,phases      ] GC(85)     Total                          Min: 0, Avg:  0.0, Max: 0, Diff: 0, Sum: 0, Workers: 4
[2593.446s][debug][gc,phases      ] GC(85)   StringTable Weak               Min: 0.00, Avg: 0.12, Max: 0.16, Diff: 0.16, Sum: 0.48, Workers: 4
[2593.446s][debug][gc,phases      ] GC(85)     Dead                           Min: 0, Avg:  0.0, Max: 0, Diff: 0, Sum: 0, Workers: 4
[2593.446s][debug][gc,phases      ] GC(85)     Total                          Min: 0, Avg: 12700.8, Max: 17216, Diff: 17216, Sum: 50803, Workers: 4
[2593.446s][debug][gc,phases      ] GC(85)   ResolvedMethodTable Weak       Min: 0.00, Avg: 0.04, Max: 0.05, Diff: 0.05, Sum: 0.15, Workers: 4
[2593.446s][debug][gc,phases      ] GC(85)     Dead                           Min: 0, Avg:  5.0, Max: 20, Diff: 20, Sum: 20, Workers: 4
[2593.446s][debug][gc,phases      ] GC(85)     Total                          Min: 0, Avg: 4255.8, Max: 5784, Diff: 5784, Sum: 17023, Workers: 4
[2593.446s][debug][gc,phases      ] GC(85)   JNI Weak                       Min: 0.00, Avg: 0.00, Max: 0.00, Diff: 0.00, Sum: 0.00, Workers: 4
[2593.446s][debug][gc,phases      ] GC(85)     Dead                           Min: 0, Avg:  0.0, Max: 0, Diff: 0, Sum: 0, Workers: 4
[2593.446s][debug][gc,phases      ] GC(85)     Total                          Min: 0, Avg: 13.0, Max: 48, Diff: 48, Sum: 52, Workers: 4
[2593.446s][debug][gc,phases      ] GC(85)   StringDedup Table Weak         Min: 0.00, Avg: 0.00, Max: 0.00, Diff: 0.00, Sum: 0.00, Workers: 4
[2593.446s][debug][gc,phases      ] GC(85)     Dead                           Min: 0, Avg:  0.0, Max: 0, Diff: 0, Sum: 0, Workers: 4
[2593.446s][debug][gc,phases      ] GC(85)     Total                          Min: 0, Avg:  0.0, Max: 0, Diff: 0, Sum: 0, Workers: 4
[2593.446s][debug][gc,phases      ] GC(85)   StringDedup Requests0 Weak     Min: 0.00, Avg: 0.00, Max: 0.00, Diff: 0.00, Sum: 0.00, Workers: 4
[2593.446s][debug][gc,phases      ] GC(85)     Dead                           Min: 0, Avg:  0.0, Max: 0, Diff: 0, Sum: 0, Workers: 4
[2593.446s][debug][gc,phases      ] GC(85)     Total                          Min: 0, Avg:  0.0, Max: 0, Diff: 0, Sum: 0, Workers: 4
[2593.446s][debug][gc,phases      ] GC(85)   StringDedup Requests1 Weak     Min: 0.00, Avg: 0.00, Max: 0.00, Diff: 0.00, Sum: 0.00, Workers: 4
[2593.446s][debug][gc,phases      ] GC(85)     Dead                           Min: 0, Avg:  0.0, Max: 0, Diff: 0, Sum: 0, Workers: 4
[2593.446s][debug][gc,phases      ] GC(85)     Total                          Min: 0, Avg:  0.0, Max: 0, Diff: 0, Sum: 0, Workers: 4
[2593.446s][debug][gc,phases      ] GC(85)   Weak JFR Old Object Samples    Min: 0.00, Avg: 0.00, Max: 0.00, Diff: 0.00, Sum: 0.00, Workers: 4
[2593.446s][debug][gc,phases      ] GC(85)     Dead                           Min: 0, Avg:  0.0, Max: 0, Diff: 0, Sum: 0, Workers: 4
[2593.446s][debug][gc,phases      ] GC(85)     Total                          Min: 0, Avg:  0.0, Max: 0, Diff: 0, Sum: 0, Workers: 4
[2593.446s][debug][gc,phases      ] GC(85) Weak Processing 0.471ms
[2593.446s][debug][gc,age         ] GC(85) Desired survivor size 28835840 bytes, new threshold 1 (max threshold 15)
[2593.446s][info ][gc,heap        ] GC(85) PSYoungGen: 2041600K(2067456K)->5856K(2065408K) Eden: 2035712K(2035712K)->0K(2035712K) From: 5888K(31744K)->5856K(29696K)
[2593.446s][info ][gc,heap        ] GC(85) ParOldGen: 799892K(800256K)->801856K(802304K)
[2593.446s][info ][gc,metaspace   ] GC(85) Metaspace: 111197K(112448K)->111197K(112448K) NonClass: 94957K(95680K)->94957K(95680K) Class: 16240K(16768K)->16240K(16768K)
[2593.447s][info ][gc             ] GC(85) Pause Young (Allocation Failure) 2774M->788M(2800M) 5.567ms
[2593.447s][info ][gc,cpu         ] GC(85) User=0.02s Sys=0.00s Real=0.00s
[2593.447s][info ][safepoint      ] Safepoint "ParallelCollectForAllocation", Time since last: 32135319293 ns, Reaching safepoint: 77699 ns, At safepoint: 5631274 ns, Leaving safepoint: 7900 ns, Total: 5716873 ns, Threads: 1 runnable, 32 total
[2626.791s][info ][gc,start       ] GC(86) Pause Young (Allocation Failure)
[2626.798s][debug][gc,phases      ] GC(86) Scavenge 6.507ms
[2626.798s][debug][gc,ref         ] GC(86) Skipped SoftWeakFinalRefsPhase of Reference Processing: no references
[2626.798s][debug][gc,ref         ] GC(86) Skipped KeepAliveFinalRefsPhase of Reference Processing: no references
[2626.798s][debug][gc,ref         ] GC(86) Skipped PhantomRefsPhase of Reference Processing: no references
[2626.798s][debug][gc,phases      ] GC(86) Reference Processing 0.022ms
[2626.798s][debug][gc,phases      ] GC(86)   VM Weak                        Min: 0.00, Avg: 0.00, Max: 0.01, Diff: 0.01, Sum: 0.01, Workers: 4
[2626.798s][debug][gc,phases      ] GC(86)     Dead                           Min: 0, Avg:  0.0, Max: 0, Diff: 0, Sum: 0, Workers: 4
[2626.798s][debug][gc,phases      ] GC(86)     Total                          Min: 0, Avg: 232.5, Max: 704, Diff: 704, Sum: 930, Workers: 4
[2626.798s][debug][gc,phases      ] GC(86)   ObjectSynchronizer Weak        Min: 0.00, Avg: 0.00, Max: 0.00, Diff: 0.00, Sum: 0.00, Workers: 4
[2626.798s][debug][gc,phases      ] GC(86)     Dead                           Min: 0, Avg:  0.0, Max: 0, Diff: 0, Sum: 0, Workers: 4
[2626.798s][debug][gc,phases      ] GC(86)     Total                          Min: 0, Avg:  1.8, Max: 7, Diff: 7, Sum: 7, Workers: 4
[2626.798s][debug][gc,phases      ] GC(86)   JVMTI Tag Weak OopStorage      Min: 0.00, Avg: 0.00, Max: 0.00, Diff: 0.00, Sum: 0.00, Workers: 4
[2626.798s][debug][gc,phases      ] GC(86)     Dead                           Min: 0, Avg:  0.0, Max: 0, Diff: 0, Sum: 0, Workers: 4
[2626.798s][debug][gc,phases      ] GC(86)     Total                          Min: 0, Avg:  0.0, Max: 0, Diff: 0, Sum: 0, Workers: 4
[2626.798s][debug][gc,phases      ] GC(86)   StringTable Weak               Min: 0.06, Avg: 0.16, Max: 0.24, Diff: 0.18, Sum: 0.66, Workers: 4
[2626.798s][debug][gc,phases      ] GC(86)     Dead                           Min: 0, Avg:  0.0, Max: 0, Diff: 0, Sum: 0, Workers: 4
[2626.798s][debug][gc,phases      ] GC(86)     Total                          Min: 6400, Avg: 12700.8, Max: 18880, Diff: 12480, Sum: 50803, Workers: 4
[2626.798s][debug][gc,phases      ] GC(86)   ResolvedMethodTable Weak       Min: 0.00, Avg: 0.04, Max: 0.05, Diff: 0.05, Sum: 0.16, Workers: 4
[2626.798s][debug][gc,phases      ] GC(86)     Dead                           Min: 0, Avg:  5.0, Max: 20, Diff: 20, Sum: 20, Workers: 4
[2626.798s][debug][gc,phases      ] GC(86)     Total                          Min: 0, Avg: 4255.8, Max: 5815, Diff: 5815, Sum: 17023, Workers: 4
[2626.798s][debug][gc,phases      ] GC(86)   JNI Weak                       Min: 0.00, Avg: 0.00, Max: 0.00, Diff: 0.00, Sum: 0.00, Workers: 4
[2626.798s][debug][gc,phases      ] GC(86)     Dead                           Min: 0, Avg:  0.0, Max: 0, Diff: 0, Sum: 0, Workers: 4
[2626.798s][debug][gc,phases      ] GC(86)     Total                          Min: 0, Avg: 13.0, Max: 48, Diff: 48, Sum: 52, Workers: 4
[2626.798s][debug][gc,phases      ] GC(86)   StringDedup Table Weak         Min: 0.00, Avg: 0.00, Max: 0.00, Diff: 0.00, Sum: 0.00, Workers: 4
[2626.798s][debug][gc,phases      ] GC(86)     Dead                           Min: 0, Avg:  0.0, Max: 0, Diff: 0, Sum: 0, Workers: 4
[2626.798s][debug][gc,phases      ] GC(86)     Total                          Min: 0, Avg:  0.0, Max: 0, Diff: 0, Sum: 0, Workers: 4
[2626.798s][debug][gc,phases      ] GC(86)   StringDedup Requests0 Weak     Min: 0.00, Avg: 0.00, Max: 0.00, Diff: 0.00, Sum: 0.00, Workers: 4
[2626.798s][debug][gc,phases      ] GC(86)     Dead                           Min: 0, Avg:  0.0, Max: 0, Diff: 0, Sum: 0, Workers: 4
[2626.798s][debug][gc,phases      ] GC(86)     Total                          Min: 0, Avg:  0.0, Max: 0, Diff: 0, Sum: 0, Workers: 4
[2626.798s][debug][gc,phases      ] GC(86)   StringDedup Requests1 Weak     Min: 0.00, Avg: 0.00, Max: 0.00, Diff: 0.00, Sum: 0.00, Workers: 4
[2626.798s][debug][gc,phases      ] GC(86)     Dead                           Min: 0, Avg:  0.0, Max: 0, Diff: 0, Sum: 0, Workers: 4
[2626.798s][debug][gc,phases      ] GC(86)     Total                          Min: 0, Avg:  0.0, Max: 0, Diff: 0, Sum: 0, Workers: 4
[2626.798s][debug][gc,phases      ] GC(86)   Weak JFR Old Object Samples    Min: 0.00, Avg: 0.00, Max: 0.00, Diff: 0.00, Sum: 0.00, Workers: 4
[2626.798s][debug][gc,phases      ] GC(86)     Dead                           Min: 0, Avg:  0.0, Max: 0, Diff: 0, Sum: 0, Workers: 4
[2626.798s][debug][gc,phases      ] GC(86)     Total                          Min: 0, Avg:  0.0, Max: 0, Diff: 0, Sum: 0, Workers: 4
[2626.798s][debug][gc,phases      ] GC(86) Weak Processing 0.436ms
[2626.798s][debug][gc,age         ] GC(86) Desired survivor size 26738688 bytes, new threshold 1 (max threshold 15)
[2626.798s][info ][gc,heap        ] GC(86) PSYoungGen: 2041568K(2065408K)->6640K(2071040K) Eden: 2035712K(2035712K)->0K(2042880K) From: 5856K(29696K)->6640K(28160K)
[2626.798s][info ][gc,heap        ] GC(86) ParOldGen: 801856K(802304K)->804072K(804352K)
[2626.798s][info ][gc,metaspace   ] GC(86) Metaspace: 111203K(112448K)->111203K(112448K) NonClass: 94963K(95680K)->94963K(95680K) Class: 16240K(16768K)->16240K(16768K)
[2626.798s][info ][gc             ] GC(86) Pause Young (Allocation Failure) 2776M->791M(2808M) 7.082ms
[2626.798s][info ][gc,cpu         ] GC(86) User=0.02s Sys=0.00s Real=0.00s
[2626.798s][info ][safepoint      ] Safepoint "ParallelCollectForAllocation", Time since last: 33344325093 ns, Reaching safepoint: 102399 ns, At safepoint: 7151767 ns, Leaving safepoint: 8400 ns, Total: 7262566 ns, Threads: 1 runnable, 32 total
[2660.446s][info ][gc,start       ] GC(87) Pause Young (Allocation Failure)
[2660.453s][debug][gc,phases      ] GC(87) Scavenge 6.227ms
[2660.453s][debug][gc,ref         ] GC(87) Skipped SoftWeakFinalRefsPhase of Reference Processing: no references
[2660.453s][debug][gc,ref         ] GC(87) Skipped KeepAliveFinalRefsPhase of Reference Processing: no references
[2660.453s][debug][gc,ref         ] GC(87) Skipped PhantomRefsPhase of Reference Processing: no references
[2660.453s][debug][gc,phases      ] GC(87) Reference Processing 0.026ms
[2660.453s][debug][gc,phases      ] GC(87)   VM Weak                        Min: 0.00, Avg: 0.00, Max: 0.01, Diff: 0.01, Sum: 0.01, Workers: 4
[2660.453s][debug][gc,phases      ] GC(87)     Dead                           Min: 0, Avg:  0.0, Max: 0, Diff: 0, Sum: 0, Workers: 4
[2660.453s][debug][gc,phases      ] GC(87)     Total                          Min: 0, Avg: 232.5, Max: 768, Diff: 768, Sum: 930, Workers: 4
[2660.453s][debug][gc,phases      ] GC(87)   ObjectSynchronizer Weak        Min: 0.00, Avg: 0.00, Max: 0.00, Diff: 0.00, Sum: 0.00, Workers: 4
[2660.453s][debug][gc,phases      ] GC(87)     Dead                           Min: 0, Avg:  0.0, Max: 0, Diff: 0, Sum: 0, Workers: 4
[2660.453s][debug][gc,phases      ] GC(87)     Total                          Min: 0, Avg:  1.5, Max: 6, Diff: 6, Sum: 6, Workers: 4
[2660.453s][debug][gc,phases      ] GC(87)   JVMTI Tag Weak OopStorage      Min: 0.00, Avg: 0.00, Max: 0.00, Diff: 0.00, Sum: 0.00, Workers: 4
[2660.453s][debug][gc,phases      ] GC(87)     Dead                           Min: 0, Avg:  0.0, Max: 0, Diff: 0, Sum: 0, Workers: 4
[2660.453s][debug][gc,phases      ] GC(87)     Total                          Min: 0, Avg:  0.0, Max: 0, Diff: 0, Sum: 0, Workers: 4
[2660.453s][debug][gc,phases      ] GC(87)   StringTable Weak               Min: 0.00, Avg: 0.10, Max: 0.13, Diff: 0.13, Sum: 0.40, Workers: 4
[2660.453s][debug][gc,phases      ] GC(87)     Dead                           Min: 0, Avg:  0.0, Max: 0, Diff: 0, Sum: 0, Workers: 4
[2660.453s][debug][gc,phases      ] GC(87)     Total                          Min: 0, Avg: 12700.8, Max: 21747, Diff: 21747, Sum: 50803, Workers: 4
[2660.453s][debug][gc,phases      ] GC(87)   ResolvedMethodTable Weak       Min: 0.00, Avg: 0.03, Max: 0.04, Diff: 0.04, Sum: 0.13, Workers: 4
[2660.453s][debug][gc,phases      ] GC(87)     Dead                           Min: 0, Avg:  5.0, Max: 13, Diff: 13, Sum: 20, Workers: 4
[2660.453s][debug][gc,phases      ] GC(87)     Total                          Min: 0, Avg: 4255.8, Max: 7286, Diff: 7286, Sum: 17023, Workers: 4
[2660.453s][debug][gc,phases      ] GC(87)   JNI Weak                       Min: 0.00, Avg: 0.00, Max: 0.00, Diff: 0.00, Sum: 0.00, Workers: 4
[2660.453s][debug][gc,phases      ] GC(87)     Dead                           Min: 0, Avg:  0.0, Max: 0, Diff: 0, Sum: 0, Workers: 4
[2660.453s][debug][gc,phases      ] GC(87)     Total                          Min: 0, Avg: 13.0, Max: 48, Diff: 48, Sum: 52, Workers: 4
[2660.453s][debug][gc,phases      ] GC(87)   StringDedup Table Weak         Min: 0.00, Avg: 0.00, Max: 0.00, Diff: 0.00, Sum: 0.00, Workers: 4
[2660.453s][debug][gc,phases      ] GC(87)     Dead                           Min: 0, Avg:  0.0, Max: 0, Diff: 0, Sum: 0, Workers: 4
[2660.453s][debug][gc,phases      ] GC(87)     Total                          Min: 0, Avg:  0.0, Max: 0, Diff: 0, Sum: 0, Workers: 4
[2660.453s][debug][gc,phases      ] GC(87)   StringDedup Requests0 Weak     Min: 0.00, Avg: 0.00, Max: 0.00, Diff: 0.00, Sum: 0.00, Workers: 4
[2660.453s][debug][gc,phases      ] GC(87)     Dead                           Min: 0, Avg:  0.0, Max: 0, Diff: 0, Sum: 0, Workers: 4
[2660.453s][debug][gc,phases      ] GC(87)     Total                          Min: 0, Avg:  0.0, Max: 0, Diff: 0, Sum: 0, Workers: 4
[2660.453s][debug][gc,phases      ] GC(87)   StringDedup Requests1 Weak     Min: 0.00, Avg: 0.00, Max: 0.00, Diff: 0.00, Sum: 0.00, Workers: 4
[2660.453s][debug][gc,phases      ] GC(87)     Dead                           Min: 0, Avg:  0.0, Max: 0, Diff: 0, Sum: 0, Workers: 4
[2660.453s][debug][gc,phases      ] GC(87)     Total                          Min: 0, Avg:  0.0, Max: 0, Diff: 0, Sum: 0, Workers: 4
[2660.453s][debug][gc,phases      ] GC(87)   Weak JFR Old Object Samples    Min: 0.00, Avg: 0.00, Max: 0.00, Diff: 0.00, Sum: 0.00, Workers: 4
[2660.453s][debug][gc,phases      ] GC(87)     Dead                           Min: 0, Avg:  0.0, Max: 0, Diff: 0, Sum: 0, Workers: 4
[2660.453s][debug][gc,phases      ] GC(87)     Total                          Min: 0, Avg:  0.0, Max: 0, Diff: 0, Sum: 0, Workers: 4
[2660.453s][debug][gc,phases      ] GC(87) Weak Processing 0.345ms
[2660.453s][debug][gc,age         ] GC(87) Desired survivor size 25165824 bytes, new threshold 1 (max threshold 15)
[2660.453s][info ][gc,heap        ] GC(87) PSYoungGen: 2049520K(2071040K)->4928K(2068992K) Eden: 2042880K(2042880K)->0K(2042880K) From: 6640K(28160K)->4928K(26112K)
[2660.453s][info ][gc,heap        ] GC(87) ParOldGen: 804072K(804352K)->806629K(806912K)
[2660.453s][info ][gc,metaspace   ] GC(87) Metaspace: 111205K(112448K)->111205K(112448K) NonClass: 94964K(95680K)->94964K(95680K) Class: 16240K(16768K)->16240K(16768K)
[2660.453s][info ][gc             ] GC(87) Pause Young (Allocation Failure) 2786M->792M(2808M) 6.712ms
[2660.453s][info ][gc,cpu         ] GC(87) User=0.01s Sys=0.01s Real=0.01s
[2660.453s][info ][safepoint      ] Safepoint "ParallelCollectForAllocation", Time since last: 33647995472 ns, Reaching safepoint: 110600 ns, At safepoint: 6780968 ns, Leaving safepoint: 6700 ns, Total: 6898268 ns, Threads: 1 runnable, 32 total
[2693.241s][info ][gc,start       ] GC(88) Pause Young (Allocation Failure)
[2693.245s][debug][gc,phases      ] GC(88) Scavenge 3.888ms
[2693.245s][debug][gc,ref         ] GC(88) Skipped SoftWeakFinalRefsPhase of Reference Processing: no references
[2693.245s][debug][gc,ref         ] GC(88) Skipped KeepAliveFinalRefsPhase of Reference Processing: no references
[2693.245s][debug][gc,ref         ] GC(88) Skipped PhantomRefsPhase of Reference Processing: no references
[2693.245s][debug][gc,phases      ] GC(88) Reference Processing 0.029ms
[2693.245s][debug][gc,phases      ] GC(88)   VM Weak                        Min: 0.00, Avg: 0.00, Max: 0.01, Diff: 0.01, Sum: 0.01, Workers: 4
[2693.245s][debug][gc,phases      ] GC(88)     Dead                           Min: 0, Avg:  0.0, Max: 0, Diff: 0, Sum: 0, Workers: 4
[2693.245s][debug][gc,phases      ] GC(88)     Total                          Min: 0, Avg: 232.5, Max: 482, Diff: 482, Sum: 930, Workers: 4
[2693.245s][debug][gc,phases      ] GC(88)   ObjectSynchronizer Weak        Min: 0.00, Avg: 0.00, Max: 0.00, Diff: 0.00, Sum: 0.00, Workers: 4
[2693.245s][debug][gc,phases      ] GC(88)     Dead                           Min: 0, Avg:  0.0, Max: 0, Diff: 0, Sum: 0, Workers: 4
[2693.245s][debug][gc,phases      ] GC(88)     Total                          Min: 0, Avg:  1.5, Max: 6, Diff: 6, Sum: 6, Workers: 4
[2693.245s][debug][gc,phases      ] GC(88)   JVMTI Tag Weak OopStorage      Min: 0.00, Avg: 0.00, Max: 0.00, Diff: 0.00, Sum: 0.00, Workers: 4
[2693.245s][debug][gc,phases      ] GC(88)     Dead                           Min: 0, Avg:  0.0, Max: 0, Diff: 0, Sum: 0, Workers: 4
[2693.245s][debug][gc,phases      ] GC(88)     Total                          Min: 0, Avg:  0.0, Max: 0, Diff: 0, Sum: 0, Workers: 4
[2693.245s][debug][gc,phases      ] GC(88)   StringTable Weak               Min: 0.00, Avg: 0.12, Max: 0.16, Diff: 0.16, Sum: 0.48, Workers: 4
[2693.245s][debug][gc,phases      ] GC(88)     Dead                           Min: 0, Avg:  0.0, Max: 0, Diff: 0, Sum: 0, Workers: 4
[2693.245s][debug][gc,phases      ] GC(88)     Total                          Min: 0, Avg: 12700.8, Max: 17536, Diff: 17536, Sum: 50803, Workers: 4
[2693.245s][debug][gc,phases      ] GC(88)   ResolvedMethodTable Weak       Min: 0.00, Avg: 0.05, Max: 0.07, Diff: 0.07, Sum: 0.19, Workers: 4
[2693.245s][debug][gc,phases      ] GC(88)     Dead                           Min: 0, Avg:  5.0, Max: 20, Diff: 20, Sum: 20, Workers: 4
[2693.245s][debug][gc,phases      ] GC(88)     Total                          Min: 0, Avg: 4255.8, Max: 5771, Diff: 5771, Sum: 17023, Workers: 4
[2693.245s][debug][gc,phases      ] GC(88)   JNI Weak                       Min: 0.00, Avg: 0.00, Max: 0.00, Diff: 0.00, Sum: 0.00, Workers: 4
[2693.246s][debug][gc,phases      ] GC(88)     Dead                           Min: 0, Avg:  0.0, Max: 0, Diff: 0, Sum: 0, Workers: 4
[2693.246s][debug][gc,phases      ] GC(88)     Total                          Min: 0, Avg: 13.0, Max: 48, Diff: 48, Sum: 52, Workers: 4
[2693.246s][debug][gc,phases      ] GC(88)   StringDedup Table Weak         Min: 0.00, Avg: 0.00, Max: 0.00, Diff: 0.00, Sum: 0.00, Workers: 4
[2693.246s][debug][gc,phases      ] GC(88)     Dead                           Min: 0, Avg:  0.0, Max: 0, Diff: 0, Sum: 0, Workers: 4
[2693.246s][debug][gc,phases      ] GC(88)     Total                          Min: 0, Avg:  0.0, Max: 0, Diff: 0, Sum: 0, Workers: 4
[2693.246s][debug][gc,phases      ] GC(88)   StringDedup Requests0 Weak     Min: 0.00, Avg: 0.00, Max: 0.00, Diff: 0.00, Sum: 0.00, Workers: 4
[2693.246s][debug][gc,phases      ] GC(88)     Dead                           Min: 0, Avg:  0.0, Max: 0, Diff: 0, Sum: 0, Workers: 4
[2693.246s][debug][gc,phases      ] GC(88)     Total                          Min: 0, Avg:  0.0, Max: 0, Diff: 0, Sum: 0, Workers: 4
[2693.246s][debug][gc,phases      ] GC(88)   StringDedup Requests1 Weak     Min: 0.00, Avg: 0.00, Max: 0.00, Diff: 0.00, Sum: 0.00, Workers: 4
[2693.246s][debug][gc,phases      ] GC(88)     Dead                           Min: 0, Avg:  0.0, Max: 0, Diff: 0, Sum: 0, Workers: 4
[2693.246s][debug][gc,phases      ] GC(88)     Total                          Min: 0, Avg:  0.0, Max: 0, Diff: 0, Sum: 0, Workers: 4
[2693.246s][debug][gc,phases      ] GC(88)   Weak JFR Old Object Samples    Min: 0.00, Avg: 0.00, Max: 0.00, Diff: 0.00, Sum: 0.00, Workers: 4
[2693.246s][debug][gc,phases      ] GC(88)     Dead                           Min: 0, Avg:  0.0, Max: 0, Diff: 0, Sum: 0, Workers: 4
[2693.246s][debug][gc,phases      ] GC(88)     Total                          Min: 0, Avg:  0.0, Max: 0, Diff: 0, Sum: 0, Workers: 4
[2693.246s][debug][gc,phases      ] GC(88) Weak Processing 0.529ms
[2693.246s][debug][gc,age         ] GC(88) Desired survivor size 24117248 bytes, new threshold 1 (max threshold 15)
[2693.246s][info ][gc,heap        ] GC(88) PSYoungGen: 2047808K(2068992K)->4672K(2073600K) Eden: 2042880K(2042880K)->0K(2049024K) From: 4928K(26112K)->4672K(24576K)
[2693.246s][info ][gc,heap        ] GC(88) ParOldGen: 806629K(806912K)->808197K(808448K)
[2693.246s][info ][gc,metaspace   ] GC(88) Metaspace: 111208K(112448K)->111208K(112448K) NonClass: 94967K(95680K)->94967K(95680K) Class: 16240K(16768K)->16240K(16768K)
[2693.246s][info ][gc             ] GC(88) Pause Young (Allocation Failure) 2787M->793M(2814M) 4.578ms
[2693.246s][info ][gc,cpu         ] GC(88) User=0.01s Sys=0.00s Real=0.00s
[2693.246s][info ][safepoint      ] Safepoint "ParallelCollectForAllocation", Time since last: 32787888615 ns, Reaching safepoint: 105199 ns, At safepoint: 4646579 ns, Leaving safepoint: 7900 ns, Total: 4759678 ns, Threads: 1 runnable, 32 total
[2724.091s][info ][gc,start       ] GC(89) Pause Young (Allocation Failure)
[2724.096s][debug][gc,phases      ] GC(89) Scavenge 4.885ms
[2724.096s][debug][gc,ref         ] GC(89) Skipped SoftWeakFinalRefsPhase of Reference Processing: no references
[2724.096s][debug][gc,ref         ] GC(89) Skipped KeepAliveFinalRefsPhase of Reference Processing: no references
[2724.096s][debug][gc,ref         ] GC(89) Skipped PhantomRefsPhase of Reference Processing: no references
[2724.096s][debug][gc,phases      ] GC(89) Reference Processing 0.018ms
[2724.096s][debug][gc,phases      ] GC(89)   VM Weak                        Min: 0.00, Avg: 0.00, Max: 0.01, Diff: 0.01, Sum: 0.01, Workers: 4
[2724.096s][debug][gc,phases      ] GC(89)     Dead                           Min: 0, Avg:  0.0, Max: 0, Diff: 0, Sum: 0, Workers: 4
[2724.096s][debug][gc,phases      ] GC(89)     Total                          Min: 0, Avg: 232.5, Max: 704, Diff: 704, Sum: 930, Workers: 4
[2724.096s][debug][gc,phases      ] GC(89)   ObjectSynchronizer Weak        Min: 0.00, Avg: 0.00, Max: 0.00, Diff: 0.00, Sum: 0.00, Workers: 4
[2724.096s][debug][gc,phases      ] GC(89)     Dead                           Min: 0, Avg:  0.0, Max: 0, Diff: 0, Sum: 0, Workers: 4
[2724.096s][debug][gc,phases      ] GC(89)     Total                          Min: 0, Avg:  1.5, Max: 6, Diff: 6, Sum: 6, Workers: 4
[2724.096s][debug][gc,phases      ] GC(89)   JVMTI Tag Weak OopStorage      Min: 0.00, Avg: 0.00, Max: 0.00, Diff: 0.00, Sum: 0.00, Workers: 4
[2724.096s][debug][gc,phases      ] GC(89)     Dead                           Min: 0, Avg:  0.0, Max: 0, Diff: 0, Sum: 0, Workers: 4
[2724.096s][debug][gc,phases      ] GC(89)     Total                          Min: 0, Avg:  0.0, Max: 0, Diff: 0, Sum: 0, Workers: 4
[2724.096s][debug][gc,phases      ] GC(89)   StringTable Weak               Min: 0.00, Avg: 0.12, Max: 0.15, Diff: 0.15, Sum: 0.46, Workers: 4
[2724.096s][debug][gc,phases      ] GC(89)     Dead                           Min: 0, Avg:  0.0, Max: 0, Diff: 0, Sum: 0, Workers: 4
[2724.096s][debug][gc,phases      ] GC(89)     Total                          Min: 0, Avg: 12702.0, Max: 17080, Diff: 17080, Sum: 50808, Workers: 4
[2724.096s][debug][gc,phases      ] GC(89)   ResolvedMethodTable Weak       Min: 0.00, Avg: 0.04, Max: 0.05, Diff: 0.05, Sum: 0.16, Workers: 4
[2724.096s][debug][gc,phases      ] GC(89)     Dead                           Min: 0, Avg:  5.0, Max: 20, Diff: 20, Sum: 20, Workers: 4
[2724.096s][debug][gc,phases      ] GC(89)     Total                          Min: 0, Avg: 4255.8, Max: 5820, Diff: 5820, Sum: 17023, Workers: 4
[2724.096s][debug][gc,phases      ] GC(89)   JNI Weak                       Min: 0.00, Avg: 0.00, Max: 0.00, Diff: 0.00, Sum: 0.00, Workers: 4
[2724.096s][debug][gc,phases      ] GC(89)     Dead                           Min: 0, Avg:  0.0, Max: 0, Diff: 0, Sum: 0, Workers: 4
[2724.096s][debug][gc,phases      ] GC(89)     Total                          Min: 0, Avg: 13.0, Max: 48, Diff: 48, Sum: 52, Workers: 4
[2724.096s][debug][gc,phases      ] GC(89)   StringDedup Table Weak         Min: 0.00, Avg: 0.00, Max: 0.00, Diff: 0.00, Sum: 0.00, Workers: 4
[2724.096s][debug][gc,phases      ] GC(89)     Dead                           Min: 0, Avg:  0.0, Max: 0, Diff: 0, Sum: 0, Workers: 4
[2724.096s][debug][gc,phases      ] GC(89)     Total                          Min: 0, Avg:  0.0, Max: 0, Diff: 0, Sum: 0, Workers: 4
[2724.096s][debug][gc,phases      ] GC(89)   StringDedup Requests0 Weak     Min: 0.00, Avg: 0.00, Max: 0.00, Diff: 0.00, Sum: 0.00, Workers: 4
[2724.096s][debug][gc,phases      ] GC(89)     Dead                           Min: 0, Avg:  0.0, Max: 0, Diff: 0, Sum: 0, Workers: 4
[2724.096s][debug][gc,phases      ] GC(89)     Total                          Min: 0, Avg:  0.0, Max: 0, Diff: 0, Sum: 0, Workers: 4
[2724.096s][debug][gc,phases      ] GC(89)   StringDedup Requests1 Weak     Min: 0.00, Avg: 0.00, Max: 0.00, Diff: 0.00, Sum: 0.00, Workers: 4
[2724.096s][debug][gc,phases      ] GC(89)     Dead                           Min: 0, Avg:  0.0, Max: 0, Diff: 0, Sum: 0, Workers: 4
[2724.096s][debug][gc,phases      ] GC(89)     Total                          Min: 0, Avg:  0.0, Max: 0, Diff: 0, Sum: 0, Workers: 4
[2724.096s][debug][gc,phases      ] GC(89)   Weak JFR Old Object Samples    Min: 0.00, Avg: 0.00, Max: 0.00, Diff: 0.00, Sum: 0.00, Workers: 4
[2724.096s][debug][gc,phases      ] GC(89)     Dead                           Min: 0, Avg:  0.0, Max: 0, Diff: 0, Sum: 0, Workers: 4
[2724.096s][debug][gc,phases      ] GC(89)     Total                          Min: 0, Avg:  0.0, Max: 0, Diff: 0, Sum: 0, Workers: 4
[2724.096s][debug][gc,phases      ] GC(89) Weak Processing 0.438ms
[2724.096s][debug][gc,age         ] GC(89) Desired survivor size 22544384 bytes, new threshold 1 (max threshold 15)
[2724.096s][info ][gc,heap        ] GC(89) PSYoungGen: 2053696K(2073600K)->5632K(2072576K) Eden: 2049024K(2049024K)->0K(2049024K) From: 4672K(24576K)->5632K(23552K)
[2724.096s][info ][gc,heap        ] GC(89) ParOldGen: 808197K(808448K)->809650K(809984K)
[2724.096s][info ][gc,metaspace   ] GC(89) Metaspace: 111217K(112448K)->111217K(112448K) NonClass: 94976K(95680K)->94976K(95680K) Class: 16240K(16768K)->16240K(16768K)
[2724.097s][info ][gc             ] GC(89) Pause Young (Allocation Failure) 2794M->796M(2815M) 5.452ms
[2724.097s][info ][gc,cpu         ] GC(89) User=0.02s Sys=0.01s Real=0.00s
[2724.097s][info ][safepoint      ] Safepoint "ParallelCollectForAllocation", Time since last: 30845224871 ns, Reaching safepoint: 98600 ns, At safepoint: 5529074 ns, Leaving safepoint: 7700 ns, Total: 5635374 ns, Threads: 1 runnable, 36 total
[2757.591s][info ][gc,start       ] GC(90) Pause Young (Allocation Failure)
[2757.597s][debug][gc,phases      ] GC(90) Scavenge 5.210ms
[2757.597s][debug][gc,ref         ] GC(90) Skipped SoftWeakFinalRefsPhase of Reference Processing: no references
[2757.597s][debug][gc,ref         ] GC(90) Skipped KeepAliveFinalRefsPhase of Reference Processing: no references
[2757.597s][debug][gc,ref         ] GC(90) Skipped PhantomRefsPhase of Reference Processing: no references
[2757.597s][debug][gc,phases      ] GC(90) Reference Processing 0.032ms
[2757.597s][debug][gc,phases      ] GC(90)   VM Weak                        Min: 0.00, Avg: 0.00, Max: 0.01, Diff: 0.01, Sum: 0.01, Workers: 4
[2757.597s][debug][gc,phases      ] GC(90)     Dead                           Min: 0, Avg:  0.0, Max: 0, Diff: 0, Sum: 0, Workers: 4
[2757.597s][debug][gc,phases      ] GC(90)     Total                          Min: 0, Avg: 232.5, Max: 930, Diff: 930, Sum: 930, Workers: 4
[2757.597s][debug][gc,phases      ] GC(90)   ObjectSynchronizer Weak        Min: 0.00, Avg: 0.00, Max: 0.00, Diff: 0.00, Sum: 0.00, Workers: 4
[2757.597s][debug][gc,phases      ] GC(90)     Dead                           Min: 0, Avg:  0.0, Max: 0, Diff: 0, Sum: 0, Workers: 4
[2757.597s][debug][gc,phases      ] GC(90)     Total                          Min: 0, Avg:  1.5, Max: 6, Diff: 6, Sum: 6, Workers: 4
[2757.597s][debug][gc,phases      ] GC(90)   JVMTI Tag Weak OopStorage      Min: 0.00, Avg: 0.00, Max: 0.00, Diff: 0.00, Sum: 0.00, Workers: 4
[2757.597s][debug][gc,phases      ] GC(90)     Dead                           Min: 0, Avg:  0.0, Max: 0, Diff: 0, Sum: 0, Workers: 4
[2757.597s][debug][gc,phases      ] GC(90)     Total                          Min: 0, Avg:  0.0, Max: 0, Diff: 0, Sum: 0, Workers: 4
[2757.597s][debug][gc,phases      ] GC(90)   StringTable Weak               Min: 0.00, Avg: 0.12, Max: 0.16, Diff: 0.16, Sum: 0.47, Workers: 4
[2757.597s][debug][gc,phases      ] GC(90)     Dead                           Min: 0, Avg:  0.0, Max: 0, Diff: 0, Sum: 0, Workers: 4
[2757.597s][debug][gc,phases      ] GC(90)     Total                          Min: 0, Avg: 12702.0, Max: 17344, Diff: 17344, Sum: 50808, Workers: 4
[2757.597s][debug][gc,phases      ] GC(90)   ResolvedMethodTable Weak       Min: 0.00, Avg: 0.04, Max: 0.05, Diff: 0.05, Sum: 0.16, Workers: 4
[2757.597s][debug][gc,phases      ] GC(90)     Dead                           Min: 0, Avg:  5.0, Max: 20, Diff: 20, Sum: 20, Workers: 4
[2757.597s][debug][gc,phases      ] GC(90)     Total                          Min: 0, Avg: 4255.8, Max: 5825, Diff: 5825, Sum: 17023, Workers: 4
[2757.597s][debug][gc,phases      ] GC(90)   JNI Weak                       Min: 0.00, Avg: 0.00, Max: 0.00, Diff: 0.00, Sum: 0.00, Workers: 4
[2757.597s][debug][gc,phases      ] GC(90)     Dead                           Min: 0, Avg:  0.0, Max: 0, Diff: 0, Sum: 0, Workers: 4
[2757.597s][debug][gc,phases      ] GC(90)     Total                          Min: 0, Avg: 13.0, Max: 48, Diff: 48, Sum: 52, Workers: 4
[2757.597s][debug][gc,phases      ] GC(90)   StringDedup Table Weak         Min: 0.00, Avg: 0.00, Max: 0.00, Diff: 0.00, Sum: 0.00, Workers: 4
[2757.597s][debug][gc,phases      ] GC(90)     Dead                           Min: 0, Avg:  0.0, Max: 0, Diff: 0, Sum: 0, Workers: 4
[2757.597s][debug][gc,phases      ] GC(90)     Total                          Min: 0, Avg:  0.0, Max: 0, Diff: 0, Sum: 0, Workers: 4
[2757.597s][debug][gc,phases      ] GC(90)   StringDedup Requests0 Weak     Min: 0.00, Avg: 0.00, Max: 0.00, Diff: 0.00, Sum: 0.00, Workers: 4
[2757.597s][debug][gc,phases      ] GC(90)     Dead                           Min: 0, Avg:  0.0, Max: 0, Diff: 0, Sum: 0, Workers: 4
[2757.597s][debug][gc,phases      ] GC(90)     Total                          Min: 0, Avg:  0.0, Max: 0, Diff: 0, Sum: 0, Workers: 4
[2757.597s][debug][gc,phases      ] GC(90)   StringDedup Requests1 Weak     Min: 0.00, Avg: 0.00, Max: 0.00, Diff: 0.00, Sum: 0.00, Workers: 4
[2757.597s][debug][gc,phases      ] GC(90)     Dead                           Min: 0, Avg:  0.0, Max: 0, Diff: 0, Sum: 0, Workers: 4
[2757.597s][debug][gc,phases      ] GC(90)     Total                          Min: 0, Avg:  0.0, Max: 0, Diff: 0, Sum: 0, Workers: 4
[2757.597s][debug][gc,phases      ] GC(90)   Weak JFR Old Object Samples    Min: 0.00, Avg: 0.00, Max: 0.00, Diff: 0.00, Sum: 0.00, Workers: 4
[2757.597s][debug][gc,phases      ] GC(90)     Dead                           Min: 0, Avg:  0.0, Max: 0, Diff: 0, Sum: 0, Workers: 4
[2757.597s][debug][gc,phases      ] GC(90)     Total                          Min: 0, Avg:  0.0, Max: 0, Diff: 0, Sum: 0, Workers: 4
[2757.597s][debug][gc,phases      ] GC(90) Weak Processing 0.424ms
[2757.597s][debug][gc,age         ] GC(90) Desired survivor size 21495808 bytes, new threshold 1 (max threshold 15)
[2757.597s][info ][gc,heap        ] GC(90) PSYoungGen: 2054656K(2072576K)->4640K(2076160K) Eden: 2049024K(2049024K)->0K(2054144K) From: 5632K(23552K)->4640K(22016K)
[2757.597s][info ][gc,heap        ] GC(90) ParOldGen: 809650K(809984K)->811878K(812032K)
[2757.597s][info ][gc,metaspace   ] GC(90) Metaspace: 111228K(112512K)->111228K(112512K) NonClass: 94987K(95744K)->94987K(95744K) Class: 16240K(16768K)->16240K(16768K)
[2757.597s][info ][gc             ] GC(90) Pause Young (Allocation Failure) 2797M->797M(2820M) 5.785ms
[2757.597s][info ][gc,cpu         ] GC(90) User=0.02s Sys=0.00s Real=0.00s
[2757.597s][info ][safepoint      ] Safepoint "ParallelCollectForAllocation", Time since last: 33494725149 ns, Reaching safepoint: 120199 ns, At safepoint: 5851473 ns, Leaving safepoint: 9300 ns, Total: 5980972 ns, Threads: 1 runnable, 36 total
[2789.297s][info ][gc,start       ] GC(91) Pause Young (Allocation Failure)
[2789.303s][debug][gc,phases      ] GC(91) Scavenge 6.024ms
[2789.303s][debug][gc,ref         ] GC(91) Skipped SoftWeakFinalRefsPhase of Reference Processing: no references
[2789.303s][debug][gc,ref         ] GC(91) Skipped KeepAliveFinalRefsPhase of Reference Processing: no references
[2789.303s][debug][gc,ref         ] GC(91) Skipped PhantomRefsPhase of Reference Processing: no references
[2789.303s][debug][gc,phases      ] GC(91) Reference Processing 0.022ms
[2789.303s][debug][gc,phases      ] GC(91)   VM Weak                        Min: 0.00, Avg: 0.00, Max: 0.01, Diff: 0.01, Sum: 0.01, Workers: 4
[2789.303s][debug][gc,phases      ] GC(91)     Dead                           Min: 0, Avg:  0.0, Max: 0, Diff: 0, Sum: 0, Workers: 4
[2789.303s][debug][gc,phases      ] GC(91)     Total                          Min: 0, Avg: 232.5, Max: 674, Diff: 674, Sum: 930, Workers: 4
[2789.303s][debug][gc,phases      ] GC(91)   ObjectSynchronizer Weak        Min: 0.00, Avg: 0.00, Max: 0.00, Diff: 0.00, Sum: 0.00, Workers: 4
[2789.303s][debug][gc,phases      ] GC(91)     Dead                           Min: 0, Avg:  0.0, Max: 0, Diff: 0, Sum: 0, Workers: 4
[2789.303s][debug][gc,phases      ] GC(91)     Total                          Min: 0, Avg:  1.8, Max: 7, Diff: 7, Sum: 7, Workers: 4
[2789.303s][debug][gc,phases      ] GC(91)   JVMTI Tag Weak OopStorage      Min: 0.00, Avg: 0.00, Max: 0.00, Diff: 0.00, Sum: 0.00, Workers: 4
[2789.303s][debug][gc,phases      ] GC(91)     Dead                           Min: 0, Avg:  0.0, Max: 0, Diff: 0, Sum: 0, Workers: 4
[2789.303s][debug][gc,phases      ] GC(91)     Total                          Min: 0, Avg:  0.0, Max: 0, Diff: 0, Sum: 0, Workers: 4
[2789.303s][debug][gc,phases      ] GC(91)   StringTable Weak               Min: 0.11, Avg: 0.11, Max: 0.11, Diff: 0.00, Sum: 0.45, Workers: 4
[2789.303s][debug][gc,phases      ] GC(91)     Dead                           Min: 0, Avg:  0.0, Max: 0, Diff: 0, Sum: 0, Workers: 4
[2789.303s][debug][gc,phases      ] GC(91)     Total                          Min: 12544, Avg: 12703.0, Max: 12796, Diff: 252, Sum: 50812, Workers: 4
[2789.303s][debug][gc,phases      ] GC(91)   ResolvedMethodTable Weak       Min: 0.04, Avg: 0.04, Max: 0.04, Diff: 0.00, Sum: 0.15, Workers: 4
[2789.303s][debug][gc,phases      ] GC(91)     Dead                           Min: 0, Avg:  5.0, Max: 13, Diff: 13, Sum: 20, Workers: 4
[2789.303s][debug][gc,phases      ] GC(91)     Total                          Min: 4062, Avg: 4255.8, Max: 4369, Diff: 307, Sum: 17023, Workers: 4
[2789.303s][debug][gc,phases      ] GC(91)   JNI Weak                       Min: 0.00, Avg: 0.00, Max: 0.00, Diff: 0.00, Sum: 0.00, Workers: 4
[2789.303s][debug][gc,phases      ] GC(91)     Dead                           Min: 0, Avg:  0.0, Max: 0, Diff: 0, Sum: 0, Workers: 4
[2789.303s][debug][gc,phases      ] GC(91)     Total                          Min: 0, Avg: 13.0, Max: 48, Diff: 48, Sum: 52, Workers: 4
[2789.303s][debug][gc,phases      ] GC(91)   StringDedup Table Weak         Min: 0.00, Avg: 0.00, Max: 0.00, Diff: 0.00, Sum: 0.00, Workers: 4
[2789.303s][debug][gc,phases      ] GC(91)     Dead                           Min: 0, Avg:  0.0, Max: 0, Diff: 0, Sum: 0, Workers: 4
[2789.303s][debug][gc,phases      ] GC(91)     Total                          Min: 0, Avg:  0.0, Max: 0, Diff: 0, Sum: 0, Workers: 4
[2789.303s][debug][gc,phases      ] GC(91)   StringDedup Requests0 Weak     Min: 0.00, Avg: 0.00, Max: 0.00, Diff: 0.00, Sum: 0.00, Workers: 4
[2789.303s][debug][gc,phases      ] GC(91)     Dead                           Min: 0, Avg:  0.0, Max: 0, Diff: 0, Sum: 0, Workers: 4
[2789.303s][debug][gc,phases      ] GC(91)     Total                          Min: 0, Avg:  0.0, Max: 0, Diff: 0, Sum: 0, Workers: 4
[2789.303s][debug][gc,phases      ] GC(91)   StringDedup Requests1 Weak     Min: 0.00, Avg: 0.00, Max: 0.00, Diff: 0.00, Sum: 0.00, Workers: 4
[2789.303s][debug][gc,phases      ] GC(91)     Dead                           Min: 0, Avg:  0.0, Max: 0, Diff: 0, Sum: 0, Workers: 4
[2789.303s][debug][gc,phases      ] GC(91)     Total                          Min: 0, Avg:  0.0, Max: 0, Diff: 0, Sum: 0, Workers: 4
[2789.303s][debug][gc,phases      ] GC(91)   Weak JFR Old Object Samples    Min: 0.00, Avg: 0.00, Max: 0.00, Diff: 0.00, Sum: 0.00, Workers: 4
[2789.303s][debug][gc,phases      ] GC(91)     Dead                           Min: 0, Avg:  0.0, Max: 0, Diff: 0, Sum: 0, Workers: 4
[2789.303s][debug][gc,phases      ] GC(91)     Total                          Min: 0, Avg:  0.0, Max: 0, Diff: 0, Sum: 0, Workers: 4
[2789.303s][debug][gc,phases      ] GC(91) Weak Processing 0.333ms
[2789.303s][debug][gc,age         ] GC(91) Desired survivor size 20447232 bytes, new threshold 1 (max threshold 15)
[2789.303s][info ][gc,heap        ] GC(91) PSYoungGen: 2058784K(2076160K)->4352K(2075136K) Eden: 2054144K(2054144K)->0K(2054144K) From: 4640K(22016K)->4352K(20992K)
[2789.303s][info ][gc,heap        ] GC(91) ParOldGen: 811878K(812032K)->813379K(813568K)
[2789.303s][info ][gc,metaspace   ] GC(91) Metaspace: 111256K(112512K)->111256K(112512K) NonClass: 95015K(95744K)->95015K(95744K) Class: 16241K(16768K)->16241K(16768K)
[2789.303s][info ][gc             ] GC(91) Pause Young (Allocation Failure) 2803M->798M(2821M) 6.477ms
[2789.303s][info ][gc,cpu         ] GC(91) User=0.02s Sys=0.00s Real=0.01s
[2789.303s][info ][safepoint      ] Safepoint "ParallelCollectForAllocation", Time since last: 31699207881 ns, Reaching safepoint: 91699 ns, At safepoint: 6539469 ns, Leaving safepoint: 7300 ns, Total: 6638468 ns, Threads: 1 runnable, 32 total
[2822.145s][info ][gc,start       ] GC(92) Pause Young (Allocation Failure)
[2822.151s][debug][gc,phases      ] GC(92) Scavenge 5.598ms
[2822.151s][debug][gc,ref         ] GC(92) Skipped SoftWeakFinalRefsPhase of Reference Processing: no references
[2822.151s][debug][gc,ref         ] GC(92) Skipped KeepAliveFinalRefsPhase of Reference Processing: no references
[2822.151s][debug][gc,ref         ] GC(92) Skipped PhantomRefsPhase of Reference Processing: no references
[2822.151s][debug][gc,phases      ] GC(92) Reference Processing 0.026ms
[2822.151s][debug][gc,phases      ] GC(92)   VM Weak                        Min: 0.00, Avg: 0.00, Max: 0.01, Diff: 0.01, Sum: 0.01, Workers: 4
[2822.151s][debug][gc,phases      ] GC(92)     Dead                           Min: 0, Avg:  0.0, Max: 0, Diff: 0, Sum: 0, Workers: 4
[2822.151s][debug][gc,phases      ] GC(92)     Total                          Min: 0, Avg: 232.5, Max: 832, Diff: 832, Sum: 930, Workers: 4
[2822.151s][debug][gc,phases      ] GC(92)   ObjectSynchronizer Weak        Min: 0.00, Avg: 0.00, Max: 0.00, Diff: 0.00, Sum: 0.00, Workers: 4
[2822.151s][debug][gc,phases      ] GC(92)     Dead                           Min: 0, Avg:  0.0, Max: 0, Diff: 0, Sum: 0, Workers: 4
[2822.151s][debug][gc,phases      ] GC(92)     Total                          Min: 0, Avg:  1.2, Max: 5, Diff: 5, Sum: 5, Workers: 4
[2822.151s][debug][gc,phases      ] GC(92)   JVMTI Tag Weak OopStorage      Min: 0.00, Avg: 0.00, Max: 0.00, Diff: 0.00, Sum: 0.00, Workers: 4
[2822.151s][debug][gc,phases      ] GC(92)     Dead                           Min: 0, Avg:  0.0, Max: 0, Diff: 0, Sum: 0, Workers: 4
[2822.151s][debug][gc,phases      ] GC(92)     Total                          Min: 0, Avg:  0.0, Max: 0, Diff: 0, Sum: 0, Workers: 4
[2822.151s][debug][gc,phases      ] GC(92)   StringTable Weak               Min: 0.00, Avg: 0.10, Max: 0.13, Diff: 0.13, Sum: 0.40, Workers: 4
[2822.151s][debug][gc,phases      ] GC(92)     Dead                           Min: 0, Avg:  0.0, Max: 0, Diff: 0, Sum: 0, Workers: 4
[2822.151s][debug][gc,phases      ] GC(92)     Total                          Min: 0, Avg: 12703.2, Max: 21376, Diff: 21376, Sum: 50813, Workers: 4
[2822.151s][debug][gc,phases      ] GC(92)   ResolvedMethodTable Weak       Min: 0.00, Avg: 0.03, Max: 0.05, Diff: 0.05, Sum: 0.13, Workers: 4
[2822.151s][debug][gc,phases      ] GC(92)     Dead                           Min: 0, Avg:  5.0, Max: 13, Diff: 13, Sum: 20, Workers: 4
[2822.151s][debug][gc,phases      ] GC(92)     Total                          Min: 0, Avg: 4255.8, Max: 7358, Diff: 7358, Sum: 17023, Workers: 4
[2822.151s][debug][gc,phases      ] GC(92)   JNI Weak                       Min: 0.00, Avg: 0.00, Max: 0.00, Diff: 0.00, Sum: 0.00, Workers: 4
[2822.151s][debug][gc,phases      ] GC(92)     Dead                           Min: 0, Avg:  0.0, Max: 0, Diff: 0, Sum: 0, Workers: 4
[2822.151s][debug][gc,phases      ] GC(92)     Total                          Min: 0, Avg: 13.0, Max: 48, Diff: 48, Sum: 52, Workers: 4
[2822.151s][debug][gc,phases      ] GC(92)   StringDedup Table Weak         Min: 0.00, Avg: 0.00, Max: 0.00, Diff: 0.00, Sum: 0.00, Workers: 4
[2822.151s][debug][gc,phases      ] GC(92)     Dead                           Min: 0, Avg:  0.0, Max: 0, Diff: 0, Sum: 0, Workers: 4
[2822.151s][debug][gc,phases      ] GC(92)     Total                          Min: 0, Avg:  0.0, Max: 0, Diff: 0, Sum: 0, Workers: 4
[2822.151s][debug][gc,phases      ] GC(92)   StringDedup Requests0 Weak     Min: 0.00, Avg: 0.00, Max: 0.00, Diff: 0.00, Sum: 0.00, Workers: 4
[2822.151s][debug][gc,phases      ] GC(92)     Dead                           Min: 0, Avg:  0.0, Max: 0, Diff: 0, Sum: 0, Workers: 4
[2822.151s][debug][gc,phases      ] GC(92)     Total                          Min: 0, Avg:  0.0, Max: 0, Diff: 0, Sum: 0, Workers: 4
[2822.151s][debug][gc,phases      ] GC(92)   StringDedup Requests1 Weak     Min: 0.00, Avg: 0.00, Max: 0.00, Diff: 0.00, Sum: 0.00, Workers: 4
[2822.151s][debug][gc,phases      ] GC(92)     Dead                           Min: 0, Avg:  0.0, Max: 0, Diff: 0, Sum: 0, Workers: 4
[2822.151s][debug][gc,phases      ] GC(92)     Total                          Min: 0, Avg:  0.0, Max: 0, Diff: 0, Sum: 0, Workers: 4
[2822.151s][debug][gc,phases      ] GC(92)   Weak JFR Old Object Samples    Min: 0.00, Avg: 0.00, Max: 0.00, Diff: 0.00, Sum: 0.00, Workers: 4
[2822.151s][debug][gc,phases      ] GC(92)     Dead                           Min: 0, Avg:  0.0, Max: 0, Diff: 0, Sum: 0, Workers: 4
[2822.151s][debug][gc,phases      ] GC(92)     Total                          Min: 0, Avg:  0.0, Max: 0, Diff: 0, Sum: 0, Workers: 4
[2822.151s][debug][gc,phases      ] GC(92) Weak Processing 0.351ms
[2822.151s][debug][gc,age         ] GC(92) Desired survivor size 19398656 bytes, new threshold 1 (max threshold 15)
[2822.151s][info ][gc,heap        ] GC(92) PSYoungGen: 2058496K(2075136K)->4816K(2078208K) Eden: 2054144K(2054144K)->0K(2058240K) From: 4352K(20992K)->4816K(19968K)
[2822.151s][info ][gc,heap        ] GC(92) ParOldGen: 813379K(813568K)->814715K(815104K)
[2822.151s][info ][gc,metaspace   ] GC(92) Metaspace: 111259K(112512K)->111259K(112512K) NonClass: 95018K(95744K)->95018K(95744K) Class: 16241K(16768K)->16241K(16768K)
[2822.151s][info ][gc             ] GC(92) Pause Young (Allocation Failure) 2804M->800M(2825M) 6.075ms
[2822.151s][info ][gc,cpu         ] GC(92) User=0.02s Sys=0.00s Real=0.01s
[2822.151s][info ][safepoint      ] Safepoint "ParallelCollectForAllocation", Time since last: 32842005218 ns, Reaching safepoint: 27300 ns, At safepoint: 6140672 ns, Leaving safepoint: 2300 ns, Total: 6170272 ns, Threads: 0 runnable, 32 total
[2854.900s][info ][gc,start       ] GC(93) Pause Young (Allocation Failure)
[2854.904s][debug][gc,phases      ] GC(93) Scavenge 3.739ms
[2854.904s][debug][gc,ref         ] GC(93) Skipped SoftWeakFinalRefsPhase of Reference Processing: no references
[2854.904s][debug][gc,ref         ] GC(93) Skipped KeepAliveFinalRefsPhase of Reference Processing: no references
[2854.904s][debug][gc,ref         ] GC(93) Skipped PhantomRefsPhase of Reference Processing: no references
[2854.904s][debug][gc,phases      ] GC(93) Reference Processing 0.022ms
[2854.904s][debug][gc,phases      ] GC(93)   VM Weak                        Min: 0.00, Avg: 0.00, Max: 0.01, Diff: 0.01, Sum: 0.01, Workers: 4
[2854.904s][debug][gc,phases      ] GC(93)     Dead                           Min: 0, Avg:  0.0, Max: 0, Diff: 0, Sum: 0, Workers: 4
[2854.904s][debug][gc,phases      ] GC(93)     Total                          Min: 0, Avg: 232.5, Max: 512, Diff: 512, Sum: 930, Workers: 4
[2854.904s][debug][gc,phases      ] GC(93)   ObjectSynchronizer Weak        Min: 0.00, Avg: 0.00, Max: 0.00, Diff: 0.00, Sum: 0.00, Workers: 4
[2854.904s][debug][gc,phases      ] GC(93)     Dead                           Min: 0, Avg:  0.0, Max: 0, Diff: 0, Sum: 0, Workers: 4
[2854.904s][debug][gc,phases      ] GC(93)     Total                          Min: 0, Avg:  1.8, Max: 7, Diff: 7, Sum: 7, Workers: 4
[2854.904s][debug][gc,phases      ] GC(93)   JVMTI Tag Weak OopStorage      Min: 0.00, Avg: 0.00, Max: 0.00, Diff: 0.00, Sum: 0.00, Workers: 4
[2854.904s][debug][gc,phases      ] GC(93)     Dead                           Min: 0, Avg:  0.0, Max: 0, Diff: 0, Sum: 0, Workers: 4
[2854.904s][debug][gc,phases      ] GC(93)     Total                          Min: 0, Avg:  0.0, Max: 0, Diff: 0, Sum: 0, Workers: 4
[2854.904s][debug][gc,phases      ] GC(93)   StringTable Weak               Min: 0.00, Avg: 0.11, Max: 0.15, Diff: 0.15, Sum: 0.45, Workers: 4
[2854.904s][debug][gc,phases      ] GC(93)     Dead                           Min: 0, Avg:  0.0, Max: 0, Diff: 0, Sum: 0, Workers: 4
[2854.904s][debug][gc,phases      ] GC(93)     Total                          Min: 0, Avg: 12703.2, Max: 20672, Diff: 20672, Sum: 50813, Workers: 4
[2854.904s][debug][gc,phases      ] GC(93)   ResolvedMethodTable Weak       Min: 0.00, Avg: 0.04, Max: 0.05, Diff: 0.05, Sum: 0.16, Workers: 4
[2854.904s][debug][gc,phases      ] GC(93)     Dead                           Min: 0, Avg:  5.0, Max: 20, Diff: 20, Sum: 20, Workers: 4
[2854.904s][debug][gc,phases      ] GC(93)     Total                          Min: 0, Avg: 4255.8, Max: 5883, Diff: 5883, Sum: 17023, Workers: 4
[2854.904s][debug][gc,phases      ] GC(93)   JNI Weak                       Min: 0.00, Avg: 0.00, Max: 0.00, Diff: 0.00, Sum: 0.00, Workers: 4
[2854.904s][debug][gc,phases      ] GC(93)     Dead                           Min: 0, Avg:  0.0, Max: 0, Diff: 0, Sum: 0, Workers: 4
[2854.905s][debug][gc,phases      ] GC(93)     Total                          Min: 0, Avg: 13.0, Max: 48, Diff: 48, Sum: 52, Workers: 4
[2854.905s][debug][gc,phases      ] GC(93)   StringDedup Table Weak         Min: 0.00, Avg: 0.00, Max: 0.00, Diff: 0.00, Sum: 0.00, Workers: 4
[2854.905s][debug][gc,phases      ] GC(93)     Dead                           Min: 0, Avg:  0.0, Max: 0, Diff: 0, Sum: 0, Workers: 4
[2854.905s][debug][gc,phases      ] GC(93)     Total                          Min: 0, Avg:  0.0, Max: 0, Diff: 0, Sum: 0, Workers: 4
[2854.905s][debug][gc,phases      ] GC(93)   StringDedup Requests0 Weak     Min: 0.00, Avg: 0.00, Max: 0.00, Diff: 0.00, Sum: 0.00, Workers: 4
[2854.905s][debug][gc,phases      ] GC(93)     Dead                           Min: 0, Avg:  0.0, Max: 0, Diff: 0, Sum: 0, Workers: 4
[2854.905s][debug][gc,phases      ] GC(93)     Total                          Min: 0, Avg:  0.0, Max: 0, Diff: 0, Sum: 0, Workers: 4
[2854.905s][debug][gc,phases      ] GC(93)   StringDedup Requests1 Weak     Min: 0.00, Avg: 0.00, Max: 0.00, Diff: 0.00, Sum: 0.00, Workers: 4
[2854.905s][debug][gc,phases      ] GC(93)     Dead                           Min: 0, Avg:  0.0, Max: 0, Diff: 0, Sum: 0, Workers: 4
[2854.905s][debug][gc,phases      ] GC(93)     Total                          Min: 0, Avg:  0.0, Max: 0, Diff: 0, Sum: 0, Workers: 4
[2854.905s][debug][gc,phases      ] GC(93)   Weak JFR Old Object Samples    Min: 0.00, Avg: 0.00, Max: 0.00, Diff: 0.00, Sum: 0.00, Workers: 4
[2854.905s][debug][gc,phases      ] GC(93)     Dead                           Min: 0, Avg:  0.0, Max: 0, Diff: 0, Sum: 0, Workers: 4
[2854.905s][debug][gc,phases      ] GC(93)     Total                          Min: 0, Avg:  0.0, Max: 0, Diff: 0, Sum: 0, Workers: 4
[2854.905s][debug][gc,phases      ] GC(93) Weak Processing 0.400ms
[2854.905s][debug][gc,age         ] GC(93) Desired survivor size 18350080 bytes, new threshold 1 (max threshold 15)
[2854.905s][info ][gc,heap        ] GC(93) PSYoungGen: 2063056K(2078208K)->4768K(2077184K) Eden: 2058240K(2058240K)->0K(2058240K) From: 4816K(19968K)->4768K(18944K)
[2854.905s][info ][gc,heap        ] GC(93) ParOldGen: 814715K(815104K)->815932K(816128K)
[2854.905s][info ][gc,metaspace   ] GC(93) Metaspace: 111268K(112512K)->111268K(112512K) NonClass: 95026K(95744K)->95026K(95744K) Class: 16241K(16768K)->16241K(16768K)
[2854.905s][info ][gc             ] GC(93) Pause Young (Allocation Failure) 2810M->801M(2825M) 4.265ms
[2854.905s][info ][gc,cpu         ] GC(93) User=0.02s Sys=0.00s Real=0.00s
[2854.905s][info ][safepoint      ] Safepoint "ParallelCollectForAllocation", Time since last: 32748996324 ns, Reaching safepoint: 5600 ns, At safepoint: 4347980 ns, Leaving safepoint: 1500 ns, Total: 4355080 ns, Threads: 0 runnable, 32 total
[2885.701s][info ][gc,start       ] GC(94) Pause Young (Allocation Failure)
[2885.706s][debug][gc,phases      ] GC(94) Scavenge 4.264ms
[2885.706s][debug][gc,ref         ] GC(94) Skipped SoftWeakFinalRefsPhase of Reference Processing: no references
[2885.706s][debug][gc,ref         ] GC(94) Skipped KeepAliveFinalRefsPhase of Reference Processing: no references
[2885.706s][debug][gc,ref         ] GC(94) Skipped PhantomRefsPhase of Reference Processing: no references
[2885.706s][debug][gc,phases      ] GC(94) Reference Processing 0.022ms
[2885.706s][debug][gc,phases      ] GC(94)   VM Weak                        Min: 0.00, Avg: 0.00, Max: 0.01, Diff: 0.01, Sum: 0.01, Workers: 4
[2885.706s][debug][gc,phases      ] GC(94)     Dead                           Min: 0, Avg:  0.0, Max: 0, Diff: 0, Sum: 0, Workers: 4
[2885.706s][debug][gc,phases      ] GC(94)     Total                          Min: 0, Avg: 232.5, Max: 546, Diff: 546, Sum: 930, Workers: 4
[2885.706s][debug][gc,phases      ] GC(94)   ObjectSynchronizer Weak        Min: 0.00, Avg: 0.00, Max: 0.00, Diff: 0.00, Sum: 0.00, Workers: 4
[2885.706s][debug][gc,phases      ] GC(94)     Dead                           Min: 0, Avg:  0.0, Max: 0, Diff: 0, Sum: 0, Workers: 4
[2885.706s][debug][gc,phases      ] GC(94)     Total                          Min: 0, Avg:  1.5, Max: 6, Diff: 6, Sum: 6, Workers: 4
[2885.706s][debug][gc,phases      ] GC(94)   JVMTI Tag Weak OopStorage      Min: 0.00, Avg: 0.00, Max: 0.00, Diff: 0.00, Sum: 0.00, Workers: 4
[2885.706s][debug][gc,phases      ] GC(94)     Dead                           Min: 0, Avg:  0.0, Max: 0, Diff: 0, Sum: 0, Workers: 4
[2885.706s][debug][gc,phases      ] GC(94)     Total                          Min: 0, Avg:  0.0, Max: 0, Diff: 0, Sum: 0, Workers: 4
[2885.706s][debug][gc,phases      ] GC(94)   StringTable Weak               Min: 0.00, Avg: 0.10, Max: 0.13, Diff: 0.13, Sum: 0.39, Workers: 4
[2885.706s][debug][gc,phases      ] GC(94)     Dead                           Min: 0, Avg:  0.0, Max: 0, Diff: 0, Sum: 0, Workers: 4
[2885.706s][debug][gc,phases      ] GC(94)     Total                          Min: 0, Avg: 12703.5, Max: 21566, Diff: 21566, Sum: 50814, Workers: 4
[2885.706s][debug][gc,phases      ] GC(94)   ResolvedMethodTable Weak       Min: 0.00, Avg: 0.03, Max: 0.05, Diff: 0.05, Sum: 0.13, Workers: 4
[2885.706s][debug][gc,phases      ] GC(94)     Dead                           Min: 0, Avg:  5.0, Max: 16, Diff: 16, Sum: 20, Workers: 4
[2885.706s][debug][gc,phases      ] GC(94)     Total                          Min: 0, Avg: 4255.8, Max: 7228, Diff: 7228, Sum: 17023, Workers: 4
[2885.706s][debug][gc,phases      ] GC(94)   JNI Weak                       Min: 0.00, Avg: 0.00, Max: 0.00, Diff: 0.00, Sum: 0.00, Workers: 4
[2885.706s][debug][gc,phases      ] GC(94)     Dead                           Min: 0, Avg:  0.0, Max: 0, Diff: 0, Sum: 0, Workers: 4
[2885.706s][debug][gc,phases      ] GC(94)     Total                          Min: 0, Avg: 13.0, Max: 48, Diff: 48, Sum: 52, Workers: 4
[2885.706s][debug][gc,phases      ] GC(94)   StringDedup Table Weak         Min: 0.00, Avg: 0.00, Max: 0.00, Diff: 0.00, Sum: 0.00, Workers: 4
[2885.706s][debug][gc,phases      ] GC(94)     Dead                           Min: 0, Avg:  0.0, Max: 0, Diff: 0, Sum: 0, Workers: 4
[2885.706s][debug][gc,phases      ] GC(94)     Total                          Min: 0, Avg:  0.0, Max: 0, Diff: 0, Sum: 0, Workers: 4
[2885.706s][debug][gc,phases      ] GC(94)   StringDedup Requests0 Weak     Min: 0.00, Avg: 0.00, Max: 0.00, Diff: 0.00, Sum: 0.00, Workers: 4
[2885.706s][debug][gc,phases      ] GC(94)     Dead                           Min: 0, Avg:  0.0, Max: 0, Diff: 0, Sum: 0, Workers: 4
[2885.706s][debug][gc,phases      ] GC(94)     Total                          Min: 0, Avg:  0.0, Max: 0, Diff: 0, Sum: 0, Workers: 4
[2885.706s][debug][gc,phases      ] GC(94)   StringDedup Requests1 Weak     Min: 0.00, Avg: 0.00, Max: 0.00, Diff: 0.00, Sum: 0.00, Workers: 4
[2885.706s][debug][gc,phases      ] GC(94)     Dead                           Min: 0, Avg:  0.0, Max: 0, Diff: 0, Sum: 0, Workers: 4
[2885.706s][debug][gc,phases      ] GC(94)     Total                          Min: 0, Avg:  0.0, Max: 0, Diff: 0, Sum: 0, Workers: 4
[2885.706s][debug][gc,phases      ] GC(94)   Weak JFR Old Object Samples    Min: 0.00, Avg: 0.00, Max: 0.00, Diff: 0.00, Sum: 0.00, Workers: 4
[2885.706s][debug][gc,phases      ] GC(94)     Dead                           Min: 0, Avg:  0.0, Max: 0, Diff: 0, Sum: 0, Workers: 4
[2885.706s][debug][gc,phases      ] GC(94)     Total                          Min: 0, Avg:  0.0, Max: 0, Diff: 0, Sum: 0, Workers: 4
[2885.706s][debug][gc,phases      ] GC(94) Weak Processing 0.363ms
[2885.706s][debug][gc,age         ] GC(94) Desired survivor size 17301504 bytes, new threshold 1 (max threshold 15)
[2885.706s][info ][gc,heap        ] GC(94) PSYoungGen: 2063008K(2077184K)->5152K(2080256K) Eden: 2058240K(2058240K)->0K(2062336K) From: 4768K(18944K)->5152K(17920K)
[2885.706s][info ][gc,heap        ] GC(94) ParOldGen: 815932K(816128K)->817160K(817664K)
[2885.706s][info ][gc,metaspace   ] GC(94) Metaspace: 111269K(112512K)->111269K(112512K) NonClass: 95027K(95744K)->95027K(95744K) Class: 16241K(16768K)->16241K(16768K)
[2885.706s][info ][gc             ] GC(94) Pause Young (Allocation Failure) 2811M->803M(2830M) 4.746ms
[2885.706s][info ][gc,cpu         ] GC(94) User=0.01s Sys=0.01s Real=0.00s
[2885.706s][info ][safepoint      ] Safepoint "ParallelCollectForAllocation", Time since last: 30796573609 ns, Reaching safepoint: 22300 ns, At safepoint: 4813978 ns, Leaving safepoint: 7599 ns, Total: 4843877 ns, Threads: 0 runnable, 33 total
[2917.647s][info ][gc,start       ] GC(95) Pause Young (Allocation Failure)
[2917.652s][debug][gc,phases      ] GC(95) Scavenge 5.623ms
[2917.652s][debug][gc,ref         ] GC(95) Skipped SoftWeakFinalRefsPhase of Reference Processing: no references
[2917.652s][debug][gc,ref         ] GC(95) Skipped KeepAliveFinalRefsPhase of Reference Processing: no references
[2917.652s][debug][gc,ref         ] GC(95) Skipped PhantomRefsPhase of Reference Processing: no references
[2917.652s][debug][gc,phases      ] GC(95) Reference Processing 0.022ms
[2917.653s][debug][gc,phases      ] GC(95)   VM Weak                        Min: 0.00, Avg: 0.00, Max: 0.01, Diff: 0.01, Sum: 0.01, Workers: 4
[2917.653s][debug][gc,phases      ] GC(95)     Dead                           Min: 0, Avg:  0.0, Max: 0, Diff: 0, Sum: 0, Workers: 4
[2917.653s][debug][gc,phases      ] GC(95)     Total                          Min: 0, Avg: 232.5, Max: 576, Diff: 576, Sum: 930, Workers: 4
[2917.653s][debug][gc,phases      ] GC(95)   ObjectSynchronizer Weak        Min: 0.00, Avg: 0.00, Max: 0.00, Diff: 0.00, Sum: 0.00, Workers: 4
[2917.653s][debug][gc,phases      ] GC(95)     Dead                           Min: 0, Avg:  0.0, Max: 0, Diff: 0, Sum: 0, Workers: 4
[2917.653s][debug][gc,phases      ] GC(95)     Total                          Min: 0, Avg:  1.8, Max: 7, Diff: 7, Sum: 7, Workers: 4
[2917.653s][debug][gc,phases      ] GC(95)   JVMTI Tag Weak OopStorage      Min: 0.00, Avg: 0.00, Max: 0.00, Diff: 0.00, Sum: 0.00, Workers: 4
[2917.653s][debug][gc,phases      ] GC(95)     Dead                           Min: 0, Avg:  0.0, Max: 0, Diff: 0, Sum: 0, Workers: 4
[2917.653s][debug][gc,phases      ] GC(95)     Total                          Min: 0, Avg:  0.0, Max: 0, Diff: 0, Sum: 0, Workers: 4
[2917.653s][debug][gc,phases      ] GC(95)   StringTable Weak               Min: 0.00, Avg: 0.10, Max: 0.13, Diff: 0.13, Sum: 0.39, Workers: 4
[2917.653s][debug][gc,phases      ] GC(95)     Dead                           Min: 0, Avg:  0.0, Max: 0, Diff: 0, Sum: 0, Workers: 4
[2917.653s][debug][gc,phases      ] GC(95)     Total                          Min: 0, Avg: 12703.5, Max: 21630, Diff: 21630, Sum: 50814, Workers: 4
[2917.653s][debug][gc,phases      ] GC(95)   ResolvedMethodTable Weak       Min: 0.00, Avg: 0.03, Max: 0.04, Diff: 0.04, Sum: 0.13, Workers: 4
[2917.653s][debug][gc,phases      ] GC(95)     Dead                           Min: 0, Avg:  5.0, Max: 16, Diff: 16, Sum: 20, Workers: 4
[2917.653s][debug][gc,phases      ] GC(95)     Total                          Min: 0, Avg: 4255.8, Max: 7441, Diff: 7441, Sum: 17023, Workers: 4
[2917.653s][debug][gc,phases      ] GC(95)   JNI Weak                       Min: 0.00, Avg: 0.00, Max: 0.00, Diff: 0.00, Sum: 0.00, Workers: 4
[2917.653s][debug][gc,phases      ] GC(95)     Dead                           Min: 0, Avg:  0.0, Max: 0, Diff: 0, Sum: 0, Workers: 4
[2917.653s][debug][gc,phases      ] GC(95)     Total                          Min: 0, Avg: 13.0, Max: 48, Diff: 48, Sum: 52, Workers: 4
[2917.653s][debug][gc,phases      ] GC(95)   StringDedup Table Weak         Min: 0.00, Avg: 0.00, Max: 0.00, Diff: 0.00, Sum: 0.00, Workers: 4
[2917.653s][debug][gc,phases      ] GC(95)     Dead                           Min: 0, Avg:  0.0, Max: 0, Diff: 0, Sum: 0, Workers: 4
[2917.653s][debug][gc,phases      ] GC(95)     Total                          Min: 0, Avg:  0.0, Max: 0, Diff: 0, Sum: 0, Workers: 4
[2917.653s][debug][gc,phases      ] GC(95)   StringDedup Requests0 Weak     Min: 0.00, Avg: 0.00, Max: 0.00, Diff: 0.00, Sum: 0.00, Workers: 4
[2917.653s][debug][gc,phases      ] GC(95)     Dead                           Min: 0, Avg:  0.0, Max: 0, Diff: 0, Sum: 0, Workers: 4
[2917.653s][debug][gc,phases      ] GC(95)     Total                          Min: 0, Avg:  0.0, Max: 0, Diff: 0, Sum: 0, Workers: 4
[2917.653s][debug][gc,phases      ] GC(95)   StringDedup Requests1 Weak     Min: 0.00, Avg: 0.00, Max: 0.00, Diff: 0.00, Sum: 0.00, Workers: 4
[2917.653s][debug][gc,phases      ] GC(95)     Dead                           Min: 0, Avg:  0.0, Max: 0, Diff: 0, Sum: 0, Workers: 4
[2917.653s][debug][gc,phases      ] GC(95)     Total                          Min: 0, Avg:  0.0, Max: 0, Diff: 0, Sum: 0, Workers: 4
[2917.653s][debug][gc,phases      ] GC(95)   Weak JFR Old Object Samples    Min: 0.00, Avg: 0.00, Max: 0.00, Diff: 0.00, Sum: 0.00, Workers: 4
[2917.653s][debug][gc,phases      ] GC(95)     Dead                           Min: 0, Avg:  0.0, Max: 0, Diff: 0, Sum: 0, Workers: 4
[2917.653s][debug][gc,phases      ] GC(95)     Total                          Min: 0, Avg:  0.0, Max: 0, Diff: 0, Sum: 0, Workers: 4
[2917.653s][debug][gc,phases      ] GC(95) Weak Processing 0.381ms
[2917.653s][debug][gc,age         ] GC(95) Desired survivor size 16252928 bytes, new threshold 1 (max threshold 15)
[2917.653s][info ][gc,heap        ] GC(95) PSYoungGen: 2067488K(2080256K)->5344K(2079232K) Eden: 2062336K(2062336K)->0K(2062336K) From: 5152K(17920K)->5344K(16896K)
[2917.653s][info ][gc,heap        ] GC(95) ParOldGen: 817160K(817664K)->818772K(819200K)
[2917.653s][info ][gc,metaspace   ] GC(95) Metaspace: 111269K(112512K)->111269K(112512K) NonClass: 95027K(95744K)->95027K(95744K) Class: 16241K(16768K)->16241K(16768K)
[2917.653s][info ][gc             ] GC(95) Pause Young (Allocation Failure) 2817M->804M(2830M) 6.125ms
[2917.653s][info ][gc,cpu         ] GC(95) User=0.01s Sys=0.00s Real=0.01s
[2917.653s][info ][safepoint      ] Safepoint "ParallelCollectForAllocation", Time since last: 31940576707 ns, Reaching safepoint: 109800 ns, At safepoint: 6184971 ns, Leaving safepoint: 7900 ns, Total: 6302671 ns, Threads: 1 runnable, 33 total
[2949.897s][info ][gc,start       ] GC(96) Pause Young (Allocation Failure)
[2949.902s][debug][gc,phases      ] GC(96) Scavenge 5.123ms
[2949.902s][debug][gc,ref         ] GC(96) Skipped SoftWeakFinalRefsPhase of Reference Processing: no references
[2949.902s][debug][gc,ref         ] GC(96) Skipped KeepAliveFinalRefsPhase of Reference Processing: no references
[2949.902s][debug][gc,ref         ] GC(96) Skipped PhantomRefsPhase of Reference Processing: no references
[2949.902s][debug][gc,phases      ] GC(96) Reference Processing 0.017ms
[2949.902s][debug][gc,phases      ] GC(96)   VM Weak                        Min: 0.00, Avg: 0.00, Max: 0.01, Diff: 0.01, Sum: 0.01, Workers: 4
[2949.902s][debug][gc,phases      ] GC(96)     Dead                           Min: 0, Avg:  0.0, Max: 0, Diff: 0, Sum: 0, Workers: 4
[2949.902s][debug][gc,phases      ] GC(96)     Total                          Min: 0, Avg: 232.5, Max: 930, Diff: 930, Sum: 930, Workers: 4
[2949.902s][debug][gc,phases      ] GC(96)   ObjectSynchronizer Weak        Min: 0.00, Avg: 0.00, Max: 0.00, Diff: 0.00, Sum: 0.00, Workers: 4
[2949.902s][debug][gc,phases      ] GC(96)     Dead                           Min: 0, Avg:  0.0, Max: 0, Diff: 0, Sum: 0, Workers: 4
[2949.902s][debug][gc,phases      ] GC(96)     Total                          Min: 0, Avg:  1.5, Max: 6, Diff: 6, Sum: 6, Workers: 4
[2949.902s][debug][gc,phases      ] GC(96)   JVMTI Tag Weak OopStorage      Min: 0.00, Avg: 0.00, Max: 0.00, Diff: 0.00, Sum: 0.00, Workers: 4
[2949.902s][debug][gc,phases      ] GC(96)     Dead                           Min: 0, Avg:  0.0, Max: 0, Diff: 0, Sum: 0, Workers: 4
[2949.902s][debug][gc,phases      ] GC(96)     Total                          Min: 0, Avg:  0.0, Max: 0, Diff: 0, Sum: 0, Workers: 4
[2949.902s][debug][gc,phases      ] GC(96)   StringTable Weak               Min: 0.00, Avg: 0.10, Max: 0.13, Diff: 0.13, Sum: 0.39, Workers: 4
[2949.902s][debug][gc,phases      ] GC(96)     Dead                           Min: 0, Avg:  0.0, Max: 0, Diff: 0, Sum: 0, Workers: 4
[2949.902s][debug][gc,phases      ] GC(96)     Total                          Min: 0, Avg: 12703.5, Max: 21374, Diff: 21374, Sum: 50814, Workers: 4
[2949.902s][debug][gc,phases      ] GC(96)   ResolvedMethodTable Weak       Min: 0.00, Avg: 0.03, Max: 0.05, Diff: 0.04, Sum: 0.13, Workers: 4
[2949.902s][debug][gc,phases      ] GC(96)     Dead                           Min: 0, Avg:  5.0, Max: 13, Diff: 13, Sum: 20, Workers: 4
[2949.902s][debug][gc,phases      ] GC(96)     Total                          Min: 0, Avg: 4255.8, Max: 7287, Diff: 7287, Sum: 17023, Workers: 4
[2949.902s][debug][gc,phases      ] GC(96)   JNI Weak                       Min: 0.00, Avg: 0.00, Max: 0.00, Diff: 0.00, Sum: 0.00, Workers: 4
[2949.902s][debug][gc,phases      ] GC(96)     Dead                           Min: 0, Avg:  0.0, Max: 0, Diff: 0, Sum: 0, Workers: 4
[2949.902s][debug][gc,phases      ] GC(96)     Total                          Min: 0, Avg: 13.0, Max: 48, Diff: 48, Sum: 52, Workers: 4
[2949.902s][debug][gc,phases      ] GC(96)   StringDedup Table Weak         Min: 0.00, Avg: 0.00, Max: 0.00, Diff: 0.00, Sum: 0.00, Workers: 4
[2949.902s][debug][gc,phases      ] GC(96)     Dead                           Min: 0, Avg:  0.0, Max: 0, Diff: 0, Sum: 0, Workers: 4
[2949.902s][debug][gc,phases      ] GC(96)     Total                          Min: 0, Avg:  0.0, Max: 0, Diff: 0, Sum: 0, Workers: 4
[2949.902s][debug][gc,phases      ] GC(96)   StringDedup Requests0 Weak     Min: 0.00, Avg: 0.00, Max: 0.00, Diff: 0.00, Sum: 0.00, Workers: 4
[2949.902s][debug][gc,phases      ] GC(96)     Dead                           Min: 0, Avg:  0.0, Max: 0, Diff: 0, Sum: 0, Workers: 4
[2949.902s][debug][gc,phases      ] GC(96)     Total                          Min: 0, Avg:  0.0, Max: 0, Diff: 0, Sum: 0, Workers: 4
[2949.902s][debug][gc,phases      ] GC(96)   StringDedup Requests1 Weak     Min: 0.00, Avg: 0.00, Max: 0.00, Diff: 0.00, Sum: 0.00, Workers: 4
[2949.902s][debug][gc,phases      ] GC(96)     Dead                           Min: 0, Avg:  0.0, Max: 0, Diff: 0, Sum: 0, Workers: 4
[2949.902s][debug][gc,phases      ] GC(96)     Total                          Min: 0, Avg:  0.0, Max: 0, Diff: 0, Sum: 0, Workers: 4
[2949.902s][debug][gc,phases      ] GC(96)   Weak JFR Old Object Samples    Min: 0.00, Avg: 0.00, Max: 0.00, Diff: 0.00, Sum: 0.00, Workers: 4
[2949.902s][debug][gc,phases      ] GC(96)     Dead                           Min: 0, Avg:  0.0, Max: 0, Diff: 0, Sum: 0, Workers: 4
[2949.902s][debug][gc,phases      ] GC(96)     Total                          Min: 0, Avg:  0.0, Max: 0, Diff: 0, Sum: 0, Workers: 4
[2949.902s][debug][gc,phases      ] GC(96) Weak Processing 0.355ms
[2949.902s][debug][gc,age         ] GC(96) Desired survivor size 15204352 bytes, new threshold 1 (max threshold 15)
[2949.902s][info ][gc,heap        ] GC(96) PSYoungGen: 2067680K(2079232K)->5216K(2082304K) Eden: 2062336K(2062336K)->0K(2066432K) From: 5344K(16896K)->5216K(15872K)
[2949.902s][info ][gc,heap        ] GC(96) ParOldGen: 818772K(819200K)->820305K(820736K)
[2949.902s][info ][gc,metaspace   ] GC(96) Metaspace: 111293K(112576K)->111293K(112576K) NonClass: 95051K(95808K)->95051K(95808K) Class: 16241K(16768K)->16241K(16768K)
[2949.902s][info ][gc             ] GC(96) Pause Young (Allocation Failure) 2818M->806M(2835M) 5.595ms
[2949.902s][info ][gc,cpu         ] GC(96) User=0.02s Sys=0.01s Real=0.01s
[2949.902s][info ][safepoint      ] Safepoint "ParallelCollectForAllocation", Time since last: 32243525150 ns, Reaching safepoint: 111700 ns, At safepoint: 5662173 ns, Leaving safepoint: 5700 ns, Total: 5779573 ns, Threads: 1 runnable, 32 total
[2981.250s][info ][gc,start       ] GC(97) Pause Young (Allocation Failure)
[2981.255s][debug][gc,phases      ] GC(97) Scavenge 4.789ms
[2981.255s][debug][gc,ref         ] GC(97) Skipped SoftWeakFinalRefsPhase of Reference Processing: no references
[2981.255s][debug][gc,ref         ] GC(97) Skipped KeepAliveFinalRefsPhase of Reference Processing: no references
[2981.255s][debug][gc,ref         ] GC(97) Skipped PhantomRefsPhase of Reference Processing: no references
[2981.255s][debug][gc,phases      ] GC(97) Reference Processing 0.023ms
[2981.255s][debug][gc,phases      ] GC(97)   VM Weak                        Min: 0.00, Avg: 0.00, Max: 0.01, Diff: 0.01, Sum: 0.01, Workers: 4
[2981.255s][debug][gc,phases      ] GC(97)     Dead                           Min: 0, Avg:  0.0, Max: 0, Diff: 0, Sum: 0, Workers: 4
[2981.255s][debug][gc,phases      ] GC(97)     Total                          Min: 0, Avg: 232.5, Max: 546, Diff: 546, Sum: 930, Workers: 4
[2981.255s][debug][gc,phases      ] GC(97)   ObjectSynchronizer Weak        Min: 0.00, Avg: 0.00, Max: 0.00, Diff: 0.00, Sum: 0.00, Workers: 4
[2981.255s][debug][gc,phases      ] GC(97)     Dead                           Min: 0, Avg:  0.0, Max: 0, Diff: 0, Sum: 0, Workers: 4
[2981.255s][debug][gc,phases      ] GC(97)     Total                          Min: 0, Avg:  1.5, Max: 6, Diff: 6, Sum: 6, Workers: 4
[2981.255s][debug][gc,phases      ] GC(97)   JVMTI Tag Weak OopStorage      Min: 0.00, Avg: 0.00, Max: 0.00, Diff: 0.00, Sum: 0.00, Workers: 4
[2981.255s][debug][gc,phases      ] GC(97)     Dead                           Min: 0, Avg:  0.0, Max: 0, Diff: 0, Sum: 0, Workers: 4
[2981.255s][debug][gc,phases      ] GC(97)     Total                          Min: 0, Avg:  0.0, Max: 0, Diff: 0, Sum: 0, Workers: 4
[2981.255s][debug][gc,phases      ] GC(97)   StringTable Weak               Min: 0.11, Avg: 0.12, Max: 0.12, Diff: 0.01, Sum: 0.46, Workers: 4
[2981.255s][debug][gc,phases      ] GC(97)     Dead                           Min: 0, Avg:  0.0, Max: 0, Diff: 0, Sum: 0, Workers: 4
[2981.255s][debug][gc,phases      ] GC(97)     Total                          Min: 12224, Avg: 12703.5, Max: 13056, Diff: 832, Sum: 50814, Workers: 4
[2981.255s][debug][gc,phases      ] GC(97)   ResolvedMethodTable Weak       Min: 0.04, Avg: 0.04, Max: 0.04, Diff: 0.00, Sum: 0.16, Workers: 4
[2981.255s][debug][gc,phases      ] GC(97)     Dead                           Min: 0, Avg:  5.0, Max: 9, Diff: 9, Sum: 20, Workers: 4
[2981.255s][debug][gc,phases      ] GC(97)     Total                          Min: 4124, Avg: 4255.8, Max: 4375, Diff: 251, Sum: 17023, Workers: 4
[2981.255s][debug][gc,phases      ] GC(97)   JNI Weak                       Min: 0.00, Avg: 0.00, Max: 0.00, Diff: 0.00, Sum: 0.00, Workers: 4
[2981.255s][debug][gc,phases      ] GC(97)     Dead                           Min: 0, Avg:  0.0, Max: 0, Diff: 0, Sum: 0, Workers: 4
[2981.255s][debug][gc,phases      ] GC(97)     Total                          Min: 0, Avg: 13.0, Max: 48, Diff: 48, Sum: 52, Workers: 4
[2981.255s][debug][gc,phases      ] GC(97)   StringDedup Table Weak         Min: 0.00, Avg: 0.00, Max: 0.00, Diff: 0.00, Sum: 0.00, Workers: 4
[2981.255s][debug][gc,phases      ] GC(97)     Dead                           Min: 0, Avg:  0.0, Max: 0, Diff: 0, Sum: 0, Workers: 4
[2981.255s][debug][gc,phases      ] GC(97)     Total                          Min: 0, Avg:  0.0, Max: 0, Diff: 0, Sum: 0, Workers: 4
[2981.255s][debug][gc,phases      ] GC(97)   StringDedup Requests0 Weak     Min: 0.00, Avg: 0.00, Max: 0.00, Diff: 0.00, Sum: 0.00, Workers: 4
[2981.255s][debug][gc,phases      ] GC(97)     Dead                           Min: 0, Avg:  0.0, Max: 0, Diff: 0, Sum: 0, Workers: 4
[2981.255s][debug][gc,phases      ] GC(97)     Total                          Min: 0, Avg:  0.0, Max: 0, Diff: 0, Sum: 0, Workers: 4
[2981.255s][debug][gc,phases      ] GC(97)   StringDedup Requests1 Weak     Min: 0.00, Avg: 0.00, Max: 0.00, Diff: 0.00, Sum: 0.00, Workers: 4
[2981.255s][debug][gc,phases      ] GC(97)     Dead                           Min: 0, Avg:  0.0, Max: 0, Diff: 0, Sum: 0, Workers: 4
[2981.255s][debug][gc,phases      ] GC(97)     Total                          Min: 0, Avg:  0.0, Max: 0, Diff: 0, Sum: 0, Workers: 4
[2981.255s][debug][gc,phases      ] GC(97)   Weak JFR Old Object Samples    Min: 0.00, Avg: 0.00, Max: 0.00, Diff: 0.00, Sum: 0.00, Workers: 4
[2981.255s][debug][gc,phases      ] GC(97)     Dead                           Min: 0, Avg:  0.0, Max: 0, Diff: 0, Sum: 0, Workers: 4
[2981.255s][debug][gc,phases      ] GC(97)     Total                          Min: 0, Avg:  0.0, Max: 0, Diff: 0, Sum: 0, Workers: 4
[2981.255s][debug][gc,phases      ] GC(97) Weak Processing 0.333ms
[2981.255s][debug][gc,age         ] GC(97) Desired survivor size 14680064 bytes, new threshold 1 (max threshold 15)
[2981.255s][info ][gc,heap        ] GC(97) PSYoungGen: 2071648K(2082304K)->6224K(2081280K) Eden: 2066432K(2066432K)->0K(2066432K) From: 5216K(15872K)->6224K(14848K)
[2981.255s][info ][gc,heap        ] GC(97) ParOldGen: 820305K(820736K)->821665K(821760K)
[2981.255s][info ][gc,metaspace   ] GC(97) Metaspace: 111294K(112576K)->111294K(112576K) NonClass: 95053K(95808K)->95053K(95808K) Class: 16241K(16768K)->16241K(16768K)
[2981.255s][info ][gc             ] GC(97) Pause Young (Allocation Failure) 2824M->808M(2835M) 5.276ms
[2981.255s][info ][gc,cpu         ] GC(97) User=0.02s Sys=0.00s Real=0.00s
[2981.255s][info ][safepoint      ] Safepoint "ParallelCollectForAllocation", Time since last: 31347790245 ns, Reaching safepoint: 26000 ns, At safepoint: 5340275 ns, Leaving safepoint: 2200 ns, Total: 5368475 ns, Threads: 0 runnable, 32 total
[3014.327s][info ][gc,start       ] GC(98) Pause Young (Allocation Failure)
[3014.332s][debug][gc,phases      ] GC(98) Scavenge 4.834ms
[3014.332s][debug][gc,ref         ] GC(98) Skipped SoftWeakFinalRefsPhase of Reference Processing: no references
[3014.332s][debug][gc,ref         ] GC(98) Skipped KeepAliveFinalRefsPhase of Reference Processing: no references
[3014.332s][debug][gc,ref         ] GC(98) Skipped PhantomRefsPhase of Reference Processing: no references
[3014.332s][debug][gc,phases      ] GC(98) Reference Processing 0.022ms
[3014.332s][debug][gc,phases      ] GC(98)   VM Weak                        Min: 0.00, Avg: 0.00, Max: 0.00, Diff: 0.00, Sum: 0.01, Workers: 4
[3014.332s][debug][gc,phases      ] GC(98)     Dead                           Min: 0, Avg:  0.0, Max: 0, Diff: 0, Sum: 0, Workers: 4
[3014.332s][debug][gc,phases      ] GC(98)     Total                          Min: 0, Avg: 232.5, Max: 482, Diff: 482, Sum: 930, Workers: 4
[3014.332s][debug][gc,phases      ] GC(98)   ObjectSynchronizer Weak        Min: 0.00, Avg: 0.00, Max: 0.00, Diff: 0.00, Sum: 0.00, Workers: 4
[3014.332s][debug][gc,phases      ] GC(98)     Dead                           Min: 0, Avg:  0.0, Max: 0, Diff: 0, Sum: 0, Workers: 4
[3014.332s][debug][gc,phases      ] GC(98)     Total                          Min: 0, Avg:  1.2, Max: 5, Diff: 5, Sum: 5, Workers: 4
[3014.332s][debug][gc,phases      ] GC(98)   JVMTI Tag Weak OopStorage      Min: 0.00, Avg: 0.00, Max: 0.00, Diff: 0.00, Sum: 0.00, Workers: 4
[3014.332s][debug][gc,phases      ] GC(98)     Dead                           Min: 0, Avg:  0.0, Max: 0, Diff: 0, Sum: 0, Workers: 4
[3014.332s][debug][gc,phases      ] GC(98)     Total                          Min: 0, Avg:  0.0, Max: 0, Diff: 0, Sum: 0, Workers: 4
[3014.332s][debug][gc,phases      ] GC(98)   StringTable Weak               Min: 0.12, Avg: 0.12, Max: 0.12, Diff: 0.00, Sum: 0.47, Workers: 4
[3014.332s][debug][gc,phases      ] GC(98)     Dead                           Min: 0, Avg:  0.0, Max: 0, Diff: 0, Sum: 0, Workers: 4
[3014.332s][debug][gc,phases      ] GC(98)     Total                          Min: 12542, Avg: 12703.5, Max: 12864, Diff: 322, Sum: 50814, Workers: 4
[3014.332s][debug][gc,phases      ] GC(98)   ResolvedMethodTable Weak       Min: 0.04, Avg: 0.04, Max: 0.04, Diff: 0.00, Sum: 0.16, Workers: 4
[3014.332s][debug][gc,phases      ] GC(98)     Dead                           Min: 0, Avg:  5.0, Max: 9, Diff: 9, Sum: 20, Workers: 4
[3014.332s][debug][gc,phases      ] GC(98)     Total                          Min: 4127, Avg: 4255.8, Max: 4368, Diff: 241, Sum: 17023, Workers: 4
[3014.332s][debug][gc,phases      ] GC(98)   JNI Weak                       Min: 0.00, Avg: 0.00, Max: 0.00, Diff: 0.00, Sum: 0.00, Workers: 4
[3014.332s][debug][gc,phases      ] GC(98)     Dead                           Min: 0, Avg:  0.0, Max: 0, Diff: 0, Sum: 0, Workers: 4
[3014.332s][debug][gc,phases      ] GC(98)     Total                          Min: 0, Avg: 13.0, Max: 48, Diff: 48, Sum: 52, Workers: 4
[3014.332s][debug][gc,phases      ] GC(98)   StringDedup Table Weak         Min: 0.00, Avg: 0.00, Max: 0.00, Diff: 0.00, Sum: 0.00, Workers: 4
[3014.332s][debug][gc,phases      ] GC(98)     Dead                           Min: 0, Avg:  0.0, Max: 0, Diff: 0, Sum: 0, Workers: 4
[3014.332s][debug][gc,phases      ] GC(98)     Total                          Min: 0, Avg:  0.0, Max: 0, Diff: 0, Sum: 0, Workers: 4
[3014.332s][debug][gc,phases      ] GC(98)   StringDedup Requests0 Weak     Min: 0.00, Avg: 0.00, Max: 0.00, Diff: 0.00, Sum: 0.00, Workers: 4
[3014.332s][debug][gc,phases      ] GC(98)     Dead                           Min: 0, Avg:  0.0, Max: 0, Diff: 0, Sum: 0, Workers: 4
[3014.332s][debug][gc,phases      ] GC(98)     Total                          Min: 0, Avg:  0.0, Max: 0, Diff: 0, Sum: 0, Workers: 4
[3014.332s][debug][gc,phases      ] GC(98)   StringDedup Requests1 Weak     Min: 0.00, Avg: 0.00, Max: 0.00, Diff: 0.00, Sum: 0.00, Workers: 4
[3014.332s][debug][gc,phases      ] GC(98)     Dead                           Min: 0, Avg:  0.0, Max: 0, Diff: 0, Sum: 0, Workers: 4
[3014.332s][debug][gc,phases      ] GC(98)     Total                          Min: 0, Avg:  0.0, Max: 0, Diff: 0, Sum: 0, Workers: 4
[3014.332s][debug][gc,phases      ] GC(98)   Weak JFR Old Object Samples    Min: 0.00, Avg: 0.00, Max: 0.00, Diff: 0.00, Sum: 0.00, Workers: 4
[3014.332s][debug][gc,phases      ] GC(98)     Dead                           Min: 0, Avg:  0.0, Max: 0, Diff: 0, Sum: 0, Workers: 4
[3014.332s][debug][gc,phases      ] GC(98)     Total                          Min: 0, Avg:  0.0, Max: 0, Diff: 0, Sum: 0, Workers: 4
[3014.332s][debug][gc,phases      ] GC(98) Weak Processing 0.370ms
[3014.332s][debug][gc,age         ] GC(98) Desired survivor size 13631488 bytes, new threshold 1 (max threshold 15)
[3014.332s][info ][gc,heap        ] GC(98) PSYoungGen: 2072656K(2081280K)->5296K(2083840K) Eden: 2066432K(2066432K)->0K(2069504K) From: 6224K(14848K)->5296K(14336K)
[3014.332s][info ][gc,heap        ] GC(98) ParOldGen: 821665K(821760K)->825150K(825856K)
[3014.332s][info ][gc,metaspace   ] GC(98) Metaspace: 111297K(112576K)->111297K(112576K) NonClass: 95055K(95808K)->95055K(95808K) Class: 16241K(16768K)->16241K(16768K)
[3014.332s][info ][gc             ] GC(98) Pause Young (Allocation Failure) 2826M->810M(2841M) 5.317ms
[3014.332s][info ][gc,cpu         ] GC(98) User=0.02s Sys=0.01s Real=0.01s
[3014.332s][info ][safepoint      ] Safepoint "ParallelCollectForAllocation", Time since last: 33071561941 ns, Reaching safepoint: 81299 ns, At safepoint: 5373175 ns, Leaving safepoint: 14800 ns, Total: 5469274 ns, Threads: 1 runnable, 34 total
[3046.945s][info ][gc,start       ] GC(99) Pause Young (Allocation Failure)
[3046.951s][debug][gc,phases      ] GC(99) Scavenge 5.352ms
[3046.951s][debug][gc,ref         ] GC(99) Skipped SoftWeakFinalRefsPhase of Reference Processing: no references
[3046.951s][debug][gc,ref         ] GC(99) Skipped KeepAliveFinalRefsPhase of Reference Processing: no references
[3046.951s][debug][gc,ref         ] GC(99) Skipped PhantomRefsPhase of Reference Processing: no references
[3046.951s][debug][gc,phases      ] GC(99) Reference Processing 0.022ms
[3046.951s][debug][gc,phases      ] GC(99)   VM Weak                        Min: 0.00, Avg: 0.00, Max: 0.01, Diff: 0.01, Sum: 0.01, Workers: 4
[3046.951s][debug][gc,phases      ] GC(99)     Dead                           Min: 0, Avg:  0.0, Max: 0, Diff: 0, Sum: 0, Workers: 4
[3046.951s][debug][gc,phases      ] GC(99)     Total                          Min: 0, Avg: 232.5, Max: 768, Diff: 768, Sum: 930, Workers: 4
[3046.951s][debug][gc,phases      ] GC(99)   ObjectSynchronizer Weak        Min: 0.00, Avg: 0.00, Max: 0.00, Diff: 0.00, Sum: 0.00, Workers: 4
[3046.951s][debug][gc,phases      ] GC(99)     Dead                           Min: 0, Avg:  0.0, Max: 0, Diff: 0, Sum: 0, Workers: 4
[3046.951s][debug][gc,phases      ] GC(99)     Total                          Min: 0, Avg:  1.2, Max: 5, Diff: 5, Sum: 5, Workers: 4
[3046.951s][debug][gc,phases      ] GC(99)   JVMTI Tag Weak OopStorage      Min: 0.00, Avg: 0.00, Max: 0.00, Diff: 0.00, Sum: 0.00, Workers: 4
[3046.951s][debug][gc,phases      ] GC(99)     Dead                           Min: 0, Avg:  0.0, Max: 0, Diff: 0, Sum: 0, Workers: 4
[3046.951s][debug][gc,phases      ] GC(99)     Total                          Min: 0, Avg:  0.0, Max: 0, Diff: 0, Sum: 0, Workers: 4
[3046.951s][debug][gc,phases      ] GC(99)   StringTable Weak               Min: 0.00, Avg: 0.12, Max: 0.16, Diff: 0.16, Sum: 0.47, Workers: 4
[3046.951s][debug][gc,phases      ] GC(99)     Dead                           Min: 0, Avg:  0.0, Max: 0, Diff: 0, Sum: 0, Workers: 4
[3046.951s][debug][gc,phases      ] GC(99)     Total                          Min: 0, Avg: 12703.5, Max: 18240, Diff: 18240, Sum: 50814, Workers: 4
[3046.951s][debug][gc,phases      ] GC(99)   ResolvedMethodTable Weak       Min: 0.00, Avg: 0.04, Max: 0.05, Diff: 0.05, Sum: 0.16, Workers: 4
[3046.951s][debug][gc,phases      ] GC(99)     Dead                           Min: 0, Avg:  5.0, Max: 20, Diff: 20, Sum: 20, Workers: 4
[3046.951s][debug][gc,phases      ] GC(99)     Total                          Min: 0, Avg: 4255.8, Max: 5880, Diff: 5880, Sum: 17023, Workers: 4
[3046.951s][debug][gc,phases      ] GC(99)   JNI Weak                       Min: 0.00, Avg: 0.00, Max: 0.00, Diff: 0.00, Sum: 0.00, Workers: 4
[3046.951s][debug][gc,phases      ] GC(99)     Dead                           Min: 0, Avg:  0.0, Max: 0, Diff: 0, Sum: 0, Workers: 4
[3046.951s][debug][gc,phases      ] GC(99)     Total                          Min: 0, Avg: 13.0, Max: 48, Diff: 48, Sum: 52, Workers: 4
[3046.951s][debug][gc,phases      ] GC(99)   StringDedup Table Weak         Min: 0.00, Avg: 0.00, Max: 0.00, Diff: 0.00, Sum: 0.00, Workers: 4
[3046.951s][debug][gc,phases      ] GC(99)     Dead                           Min: 0, Avg:  0.0, Max: 0, Diff: 0, Sum: 0, Workers: 4
[3046.951s][debug][gc,phases      ] GC(99)     Total                          Min: 0, Avg:  0.0, Max: 0, Diff: 0, Sum: 0, Workers: 4
[3046.951s][debug][gc,phases      ] GC(99)   StringDedup Requests0 Weak     Min: 0.00, Avg: 0.00, Max: 0.00, Diff: 0.00, Sum: 0.00, Workers: 4
[3046.951s][debug][gc,phases      ] GC(99)     Dead                           Min: 0, Avg:  0.0, Max: 0, Diff: 0, Sum: 0, Workers: 4
[3046.951s][debug][gc,phases      ] GC(99)     Total                          Min: 0, Avg:  0.0, Max: 0, Diff: 0, Sum: 0, Workers: 4
[3046.951s][debug][gc,phases      ] GC(99)   StringDedup Requests1 Weak     Min: 0.00, Avg: 0.00, Max: 0.00, Diff: 0.00, Sum: 0.00, Workers: 4
[3046.951s][debug][gc,phases      ] GC(99)     Dead                           Min: 0, Avg:  0.0, Max: 0, Diff: 0, Sum: 0, Workers: 4
[3046.951s][debug][gc,phases      ] GC(99)     Total                          Min: 0, Avg:  0.0, Max: 0, Diff: 0, Sum: 0, Workers: 4
[3046.951s][debug][gc,phases      ] GC(99)   Weak JFR Old Object Samples    Min: 0.00, Avg: 0.00, Max: 0.00, Diff: 0.00, Sum: 0.00, Workers: 4
[3046.951s][debug][gc,phases      ] GC(99)     Dead                           Min: 0, Avg:  0.0, Max: 0, Diff: 0, Sum: 0, Workers: 4
[3046.951s][debug][gc,phases      ] GC(99)     Total                          Min: 0, Avg:  0.0, Max: 0, Diff: 0, Sum: 0, Workers: 4
[3046.951s][debug][gc,phases      ] GC(99) Weak Processing 0.397ms
[3046.951s][debug][gc,age         ] GC(99) Desired survivor size 13107200 bytes, new threshold 1 (max threshold 15)
[3046.951s][info ][gc,heap        ] GC(99) PSYoungGen: 2074800K(2083840K)->4352K(2082816K) Eden: 2069504K(2069504K)->0K(2069504K) From: 5296K(14336K)->4352K(13312K)
[3046.951s][info ][gc,heap        ] GC(99) ParOldGen: 825150K(825856K)->826294K(826368K)
[3046.951s][info ][gc,metaspace   ] GC(99) Metaspace: 111318K(112576K)->111318K(112576K) NonClass: 95077K(95808K)->95077K(95808K) Class: 16241K(16768K)->16241K(16768K)
[3046.951s][info ][gc             ] GC(99) Pause Young (Allocation Failure) 2831M->811M(2841M) 5.871ms
[3046.951s][info ][gc,cpu         ] GC(99) User=0.02s Sys=0.00s Real=0.01s
[3046.951s][info ][safepoint      ] Safepoint "ParallelCollectForAllocation", Time since last: 32612850730 ns, Reaching safepoint: 41900 ns, At safepoint: 5945572 ns, Leaving safepoint: 2100 ns, Total: 5989572 ns, Threads: 0 runnable, 38 total
[3079.640s][info ][gc,start       ] GC(100) Pause Young (Allocation Failure)
[3079.644s][debug][gc,phases      ] GC(100) Scavenge 4.416ms
[3079.644s][debug][gc,ref         ] GC(100) Skipped SoftWeakFinalRefsPhase of Reference Processing: no references
[3079.644s][debug][gc,ref         ] GC(100) Skipped KeepAliveFinalRefsPhase of Reference Processing: no references
[3079.644s][debug][gc,ref         ] GC(100) Skipped PhantomRefsPhase of Reference Processing: no references
[3079.644s][debug][gc,phases      ] GC(100) Reference Processing 0.018ms
[3079.645s][debug][gc,phases      ] GC(100)   VM Weak                        Min: 0.00, Avg: 0.00, Max: 0.00, Diff: 0.00, Sum: 0.01, Workers: 4
[3079.645s][debug][gc,phases      ] GC(100)     Dead                           Min: 0, Avg:  0.0, Max: 0, Diff: 0, Sum: 0, Workers: 4
[3079.645s][debug][gc,phases      ] GC(100)     Total                          Min: 0, Avg: 232.5, Max: 384, Diff: 384, Sum: 930, Workers: 4
[3079.645s][debug][gc,phases      ] GC(100)   ObjectSynchronizer Weak        Min: 0.00, Avg: 0.00, Max: 0.00, Diff: 0.00, Sum: 0.00, Workers: 4
[3079.645s][debug][gc,phases      ] GC(100)     Dead                           Min: 0, Avg:  0.0, Max: 0, Diff: 0, Sum: 0, Workers: 4
[3079.645s][debug][gc,phases      ] GC(100)     Total                          Min: 0, Avg:  1.2, Max: 5, Diff: 5, Sum: 5, Workers: 4
[3079.645s][debug][gc,phases      ] GC(100)   JVMTI Tag Weak OopStorage      Min: 0.00, Avg: 0.00, Max: 0.00, Diff: 0.00, Sum: 0.00, Workers: 4
[3079.645s][debug][gc,phases      ] GC(100)     Dead                           Min: 0, Avg:  0.0, Max: 0, Diff: 0, Sum: 0, Workers: 4
[3079.645s][debug][gc,phases      ] GC(100)     Total                          Min: 0, Avg:  0.0, Max: 0, Diff: 0, Sum: 0, Workers: 4
[3079.645s][debug][gc,phases      ] GC(100)   StringTable Weak               Min: 0.00, Avg: 0.12, Max: 0.15, Diff: 0.15, Sum: 0.46, Workers: 4
[3079.645s][debug][gc,phases      ] GC(100)     Dead                           Min: 0, Avg:  0.0, Max: 0, Diff: 0, Sum: 0, Workers: 4
[3079.645s][debug][gc,phases      ] GC(100)     Total                          Min: 0, Avg: 12703.5, Max: 17088, Diff: 17088, Sum: 50814, Workers: 4
[3079.645s][debug][gc,phases      ] GC(100)   ResolvedMethodTable Weak       Min: 0.00, Avg: 0.05, Max: 0.06, Diff: 0.06, Sum: 0.19, Workers: 4
[3079.645s][debug][gc,phases      ] GC(100)     Dead                           Min: 0, Avg:  5.0, Max: 20, Diff: 20, Sum: 20, Workers: 4
[3079.645s][debug][gc,phases      ] GC(100)     Total                          Min: 0, Avg: 4255.8, Max: 5764, Diff: 5764, Sum: 17023, Workers: 4
[3079.645s][debug][gc,phases      ] GC(100)   JNI Weak                       Min: 0.00, Avg: 0.00, Max: 0.00, Diff: 0.00, Sum: 0.00, Workers: 4
[3079.645s][debug][gc,phases      ] GC(100)     Dead                           Min: 0, Avg:  0.0, Max: 0, Diff: 0, Sum: 0, Workers: 4
[3079.645s][debug][gc,phases      ] GC(100)     Total                          Min: 0, Avg: 13.0, Max: 48, Diff: 48, Sum: 52, Workers: 4
[3079.645s][debug][gc,phases      ] GC(100)   StringDedup Table Weak         Min: 0.00, Avg: 0.00, Max: 0.00, Diff: 0.00, Sum: 0.00, Workers: 4
[3079.645s][debug][gc,phases      ] GC(100)     Dead                           Min: 0, Avg:  0.0, Max: 0, Diff: 0, Sum: 0, Workers: 4
[3079.645s][debug][gc,phases      ] GC(100)     Total                          Min: 0, Avg:  0.0, Max: 0, Diff: 0, Sum: 0, Workers: 4
[3079.645s][debug][gc,phases      ] GC(100)   StringDedup Requests0 Weak     Min: 0.00, Avg: 0.00, Max: 0.00, Diff: 0.00, Sum: 0.00, Workers: 4
[3079.645s][debug][gc,phases      ] GC(100)     Dead                           Min: 0, Avg:  0.0, Max: 0, Diff: 0, Sum: 0, Workers: 4
[3079.645s][debug][gc,phases      ] GC(100)     Total                          Min: 0, Avg:  0.0, Max: 0, Diff: 0, Sum: 0, Workers: 4
[3079.645s][debug][gc,phases      ] GC(100)   StringDedup Requests1 Weak     Min: 0.00, Avg: 0.00, Max: 0.00, Diff: 0.00, Sum: 0.00, Workers: 4
[3079.645s][debug][gc,phases      ] GC(100)     Dead                           Min: 0, Avg:  0.0, Max: 0, Diff: 0, Sum: 0, Workers: 4
[3079.645s][debug][gc,phases      ] GC(100)     Total                          Min: 0, Avg:  0.0, Max: 0, Diff: 0, Sum: 0, Workers: 4
[3079.645s][debug][gc,phases      ] GC(100)   Weak JFR Old Object Samples    Min: 0.00, Avg: 0.00, Max: 0.00, Diff: 0.00, Sum: 0.00, Workers: 4
[3079.645s][debug][gc,phases      ] GC(100)     Dead                           Min: 0, Avg:  0.0, Max: 0, Diff: 0, Sum: 0, Workers: 4
[3079.645s][debug][gc,phases      ] GC(100)     Total                          Min: 0, Avg:  0.0, Max: 0, Diff: 0, Sum: 0, Workers: 4
[3079.645s][debug][gc,phases      ] GC(100) Weak Processing 0.387ms
[3079.645s][debug][gc,age         ] GC(100) Desired survivor size 12582912 bytes, new threshold 1 (max threshold 15)
[3079.645s][info ][gc,heap        ] GC(100) PSYoungGen: 2073856K(2082816K)->4528K(2084864K) Eden: 2069504K(2069504K)->0K(2072064K) From: 4352K(13312K)->4528K(12800K)
[3079.645s][info ][gc,heap        ] GC(100) ParOldGen: 826294K(826368K)->828019K(828416K)
[3079.645s][info ][gc,metaspace   ] GC(100) Metaspace: 111326K(112576K)->111326K(112576K) NonClass: 95085K(95808K)->95085K(95808K) Class: 16241K(16768K)->16241K(16768K)
[3079.645s][info ][gc             ] GC(100) Pause Young (Allocation Failure) 2832M->813M(2845M) 4.943ms
[3079.645s][info ][gc,cpu         ] GC(100) User=0.01s Sys=0.00s Real=0.00s
[3079.645s][info ][safepoint      ] Safepoint "ParallelCollectForAllocation", Time since last: 32688460819 ns, Reaching safepoint: 84799 ns, At safepoint: 5005177 ns, Leaving safepoint: 7000 ns, Total: 5096976 ns, Threads: 1 runnable, 32 total
[3111.251s][info ][gc,start       ] GC(101) Pause Young (Allocation Failure)
[3111.255s][debug][gc,phases      ] GC(101) Scavenge 3.623ms
[3111.255s][debug][gc,ref         ] GC(101) ReferenceProcessor::execute queues: 1, RefProcThreadModel::Single, marks_oops_alive: false
[3111.255s][debug][gc,ref         ] GC(101) Skipped KeepAliveFinalRefsPhase of Reference Processing: no references
[3111.255s][debug][gc,ref         ] GC(101) Skipped PhantomRefsPhase of Reference Processing: no references
[3111.255s][debug][gc,phases      ] GC(101) Reference Processing 0.096ms
[3111.255s][debug][gc,phases      ] GC(101)   VM Weak                        Min: 0.00, Avg: 0.00, Max: 0.01, Diff: 0.01, Sum: 0.01, Workers: 4
[3111.255s][debug][gc,phases      ] GC(101)     Dead                           Min: 0, Avg:  0.0, Max: 0, Diff: 0, Sum: 0, Workers: 4
[3111.255s][debug][gc,phases      ] GC(101)     Total                          Min: 0, Avg: 232.5, Max: 832, Diff: 832, Sum: 930, Workers: 4
[3111.255s][debug][gc,phases      ] GC(101)   ObjectSynchronizer Weak        Min: 0.00, Avg: 0.00, Max: 0.00, Diff: 0.00, Sum: 0.00, Workers: 4
[3111.255s][debug][gc,phases      ] GC(101)     Dead                           Min: 0, Avg:  0.0, Max: 0, Diff: 0, Sum: 0, Workers: 4
[3111.255s][debug][gc,phases      ] GC(101)     Total                          Min: 0, Avg:  1.5, Max: 6, Diff: 6, Sum: 6, Workers: 4
[3111.255s][debug][gc,phases      ] GC(101)   JVMTI Tag Weak OopStorage      Min: 0.00, Avg: 0.00, Max: 0.00, Diff: 0.00, Sum: 0.00, Workers: 4
[3111.255s][debug][gc,phases      ] GC(101)     Dead                           Min: 0, Avg:  0.0, Max: 0, Diff: 0, Sum: 0, Workers: 4
[3111.255s][debug][gc,phases      ] GC(101)     Total                          Min: 0, Avg:  0.0, Max: 0, Diff: 0, Sum: 0, Workers: 4
[3111.255s][debug][gc,phases      ] GC(101)   StringTable Weak               Min: 0.00, Avg: 0.10, Max: 0.13, Diff: 0.13, Sum: 0.38, Workers: 4
[3111.255s][debug][gc,phases      ] GC(101)     Dead                           Min: 0, Avg:  0.2, Max: 1, Diff: 1, Sum: 1, Workers: 4
[3111.255s][debug][gc,phases      ] GC(101)     Total                          Min: 0, Avg: 12703.8, Max: 22015, Diff: 22015, Sum: 50815, Workers: 4
[3111.255s][debug][gc,phases      ] GC(101)   ResolvedMethodTable Weak       Min: 0.00, Avg: 0.03, Max: 0.04, Diff: 0.04, Sum: 0.13, Workers: 4
[3111.255s][debug][gc,phases      ] GC(101)     Dead                           Min: 0, Avg:  5.0, Max: 12, Diff: 12, Sum: 20, Workers: 4
[3111.255s][debug][gc,phases      ] GC(101)     Total                          Min: 0, Avg: 4256.2, Max: 7227, Diff: 7227, Sum: 17025, Workers: 4
[3111.255s][debug][gc,phases      ] GC(101)   JNI Weak                       Min: 0.00, Avg: 0.00, Max: 0.00, Diff: 0.00, Sum: 0.00, Workers: 4
[3111.255s][debug][gc,phases      ] GC(101)     Dead                           Min: 0, Avg:  0.0, Max: 0, Diff: 0, Sum: 0, Workers: 4
[3111.255s][debug][gc,phases      ] GC(101)     Total                          Min: 0, Avg: 13.0, Max: 48, Diff: 48, Sum: 52, Workers: 4
[3111.255s][debug][gc,phases      ] GC(101)   StringDedup Table Weak         Min: 0.00, Avg: 0.00, Max: 0.00, Diff: 0.00, Sum: 0.00, Workers: 4
[3111.255s][debug][gc,phases      ] GC(101)     Dead                           Min: 0, Avg:  0.0, Max: 0, Diff: 0, Sum: 0, Workers: 4
[3111.255s][debug][gc,phases      ] GC(101)     Total                          Min: 0, Avg:  0.0, Max: 0, Diff: 0, Sum: 0, Workers: 4
[3111.255s][debug][gc,phases      ] GC(101)   StringDedup Requests0 Weak     Min: 0.00, Avg: 0.00, Max: 0.00, Diff: 0.00, Sum: 0.00, Workers: 4
[3111.255s][debug][gc,phases      ] GC(101)     Dead                           Min: 0, Avg:  0.0, Max: 0, Diff: 0, Sum: 0, Workers: 4
[3111.255s][debug][gc,phases      ] GC(101)     Total                          Min: 0, Avg:  0.0, Max: 0, Diff: 0, Sum: 0, Workers: 4
[3111.255s][debug][gc,phases      ] GC(101)   StringDedup Requests1 Weak     Min: 0.00, Avg: 0.00, Max: 0.00, Diff: 0.00, Sum: 0.00, Workers: 4
[3111.255s][debug][gc,phases      ] GC(101)     Dead                           Min: 0, Avg:  0.0, Max: 0, Diff: 0, Sum: 0, Workers: 4
[3111.255s][debug][gc,phases      ] GC(101)     Total                          Min: 0, Avg:  0.0, Max: 0, Diff: 0, Sum: 0, Workers: 4
[3111.255s][debug][gc,phases      ] GC(101)   Weak JFR Old Object Samples    Min: 0.00, Avg: 0.00, Max: 0.00, Diff: 0.00, Sum: 0.00, Workers: 4
[3111.255s][debug][gc,phases      ] GC(101)     Dead                           Min: 0, Avg:  0.0, Max: 0, Diff: 0, Sum: 0, Workers: 4
[3111.255s][debug][gc,phases      ] GC(101)     Total                          Min: 0, Avg:  0.0, Max: 0, Diff: 0, Sum: 0, Workers: 4
[3111.255s][debug][gc,phases      ] GC(101) Weak Processing 0.379ms
[3111.255s][debug][gc,age         ] GC(101) Desired survivor size 12058624 bytes, new threshold 1 (max threshold 15)
[3111.255s][info ][gc,heap        ] GC(101) PSYoungGen: 2076592K(2084864K)->4800K(2084352K) Eden: 2072064K(2072064K)->0K(2072064K) From: 4528K(12800K)->4800K(12288K)
[3111.255s][info ][gc,heap        ] GC(101) ParOldGen: 828019K(828416K)->829055K(829440K)
[3111.255s][info ][gc,metaspace   ] GC(101) Metaspace: 111332K(112576K)->111332K(112576K) NonClass: 95090K(95808K)->95090K(95808K) Class: 16241K(16768K)->16241K(16768K)
[3111.255s][info ][gc             ] GC(101) Pause Young (Allocation Failure) 2836M->814M(2845M) 4.209ms
[3111.255s][info ][gc,cpu         ] GC(101) User=0.01s Sys=0.00s Real=0.00s
[3111.256s][info ][safepoint      ] Safepoint "ParallelCollectForAllocation", Time since last: 31606392809 ns, Reaching safepoint: 33899 ns, At safepoint: 4271080 ns, Leaving safepoint: 1900 ns, Total: 4306879 ns, Threads: 0 runnable, 31 total
[3142.641s][info ][gc,start       ] GC(102) Pause Young (Allocation Failure)
[3142.645s][debug][gc,phases      ] GC(102) Scavenge 4.009ms
[3142.645s][debug][gc,ref         ] GC(102) Skipped SoftWeakFinalRefsPhase of Reference Processing: no references
[3142.645s][debug][gc,ref         ] GC(102) Skipped KeepAliveFinalRefsPhase of Reference Processing: no references
[3142.645s][debug][gc,ref         ] GC(102) Skipped PhantomRefsPhase of Reference Processing: no references
[3142.645s][debug][gc,phases      ] GC(102) Reference Processing 0.029ms
[3142.645s][debug][gc,phases      ] GC(102)   VM Weak                        Min: 0.00, Avg: 0.00, Max: 0.00, Diff: 0.00, Sum: 0.01, Workers: 4
[3142.646s][debug][gc,phases      ] GC(102)     Dead                           Min: 0, Avg:  0.0, Max: 0, Diff: 0, Sum: 0, Workers: 4
[3142.646s][debug][gc,phases      ] GC(102)     Total                          Min: 0, Avg: 232.5, Max: 482, Diff: 482, Sum: 930, Workers: 4
[3142.646s][debug][gc,phases      ] GC(102)   ObjectSynchronizer Weak        Min: 0.00, Avg: 0.00, Max: 0.00, Diff: 0.00, Sum: 0.00, Workers: 4
[3142.646s][debug][gc,phases      ] GC(102)     Dead                           Min: 0, Avg:  0.0, Max: 0, Diff: 0, Sum: 0, Workers: 4
[3142.646s][debug][gc,phases      ] GC(102)     Total                          Min: 0, Avg:  1.5, Max: 6, Diff: 6, Sum: 6, Workers: 4
[3142.646s][debug][gc,phases      ] GC(102)   JVMTI Tag Weak OopStorage      Min: 0.00, Avg: 0.00, Max: 0.00, Diff: 0.00, Sum: 0.00, Workers: 4
[3142.646s][debug][gc,phases      ] GC(102)     Dead                           Min: 0, Avg:  0.0, Max: 0, Diff: 0, Sum: 0, Workers: 4
[3142.646s][debug][gc,phases      ] GC(102)     Total                          Min: 0, Avg:  0.0, Max: 0, Diff: 0, Sum: 0, Workers: 4
[3142.646s][debug][gc,phases      ] GC(102)   StringTable Weak               Min: 0.00, Avg: 0.12, Max: 0.16, Diff: 0.16, Sum: 0.48, Workers: 4
[3142.646s][debug][gc,phases      ] GC(102)     Dead                           Min: 0, Avg:  0.0, Max: 0, Diff: 0, Sum: 0, Workers: 4
[3142.646s][debug][gc,phases      ] GC(102)     Total                          Min: 0, Avg: 12703.8, Max: 17215, Diff: 17215, Sum: 50815, Workers: 4
[3142.646s][debug][gc,phases      ] GC(102)   ResolvedMethodTable Weak       Min: 0.00, Avg: 0.04, Max: 0.05, Diff: 0.05, Sum: 0.15, Workers: 4
[3142.646s][debug][gc,phases      ] GC(102)     Dead                           Min: 0, Avg:  5.0, Max: 18, Diff: 18, Sum: 20, Workers: 4
[3142.646s][debug][gc,phases      ] GC(102)     Total                          Min: 0, Avg: 4256.2, Max: 5896, Diff: 5896, Sum: 17025, Workers: 4
[3142.646s][debug][gc,phases      ] GC(102)   JNI Weak                       Min: 0.00, Avg: 0.00, Max: 0.00, Diff: 0.00, Sum: 0.00, Workers: 4
[3142.646s][debug][gc,phases      ] GC(102)     Dead                           Min: 0, Avg:  0.0, Max: 0, Diff: 0, Sum: 0, Workers: 4
[3142.646s][debug][gc,phases      ] GC(102)     Total                          Min: 0, Avg: 13.0, Max: 48, Diff: 48, Sum: 52, Workers: 4
[3142.646s][debug][gc,phases      ] GC(102)   StringDedup Table Weak         Min: 0.00, Avg: 0.00, Max: 0.00, Diff: 0.00, Sum: 0.00, Workers: 4
[3142.646s][debug][gc,phases      ] GC(102)     Dead                           Min: 0, Avg:  0.0, Max: 0, Diff: 0, Sum: 0, Workers: 4
[3142.646s][debug][gc,phases      ] GC(102)     Total                          Min: 0, Avg:  0.0, Max: 0, Diff: 0, Sum: 0, Workers: 4
[3142.646s][debug][gc,phases      ] GC(102)   StringDedup Requests0 Weak     Min: 0.00, Avg: 0.00, Max: 0.00, Diff: 0.00, Sum: 0.00, Workers: 4
[3142.646s][debug][gc,phases      ] GC(102)     Dead                           Min: 0, Avg:  0.0, Max: 0, Diff: 0, Sum: 0, Workers: 4
[3142.646s][debug][gc,phases      ] GC(102)     Total                          Min: 0, Avg:  0.0, Max: 0, Diff: 0, Sum: 0, Workers: 4
[3142.646s][debug][gc,phases      ] GC(102)   StringDedup Requests1 Weak     Min: 0.00, Avg: 0.00, Max: 0.00, Diff: 0.00, Sum: 0.00, Workers: 4
[3142.646s][debug][gc,phases      ] GC(102)     Dead                           Min: 0, Avg:  0.0, Max: 0, Diff: 0, Sum: 0, Workers: 4
[3142.646s][debug][gc,phases      ] GC(102)     Total                          Min: 0, Avg:  0.0, Max: 0, Diff: 0, Sum: 0, Workers: 4
[3142.646s][debug][gc,phases      ] GC(102)   Weak JFR Old Object Samples    Min: 0.00, Avg: 0.00, Max: 0.00, Diff: 0.00, Sum: 0.00, Workers: 4
[3142.646s][debug][gc,phases      ] GC(102)     Dead                           Min: 0, Avg:  0.0, Max: 0, Diff: 0, Sum: 0, Workers: 4
[3142.646s][debug][gc,phases      ] GC(102)     Total                          Min: 0, Avg:  0.0, Max: 0, Diff: 0, Sum: 0, Workers: 4
[3142.646s][debug][gc,phases      ] GC(102) Weak Processing 0.460ms
[3142.646s][debug][gc,age         ] GC(102) Desired survivor size 11534336 bytes, new threshold 1 (max threshold 15)
[3142.646s][info ][gc,heap        ] GC(102) PSYoungGen: 2076864K(2084352K)->5360K(2085888K) Eden: 2072064K(2072064K)->0K(2074112K) From: 4800K(12288K)->5360K(11776K)
[3142.646s][info ][gc,heap        ] GC(102) ParOldGen: 829055K(829440K)->830067K(830464K)
[3142.646s][info ][gc,metaspace   ] GC(102) Metaspace: 111337K(112576K)->111337K(112576K) NonClass: 95095K(95808K)->95095K(95808K) Class: 16241K(16768K)->16241K(16768K)
[3142.646s][info ][gc             ] GC(102) Pause Young (Allocation Failure) 2837M->815M(2848M) 4.627ms
[3142.646s][info ][gc,cpu         ] GC(102) User=0.01s Sys=0.00s Real=0.00s
[3142.646s][info ][safepoint      ] Safepoint "ParallelCollectForAllocation", Time since last: 31385474542 ns, Reaching safepoint: 80100 ns, At safepoint: 4694878 ns, Leaving safepoint: 8000 ns, Total: 4782978 ns, Threads: 1 runnable, 32 total
[3174.847s][info ][gc,start       ] GC(103) Pause Young (Allocation Failure)
[3174.853s][debug][gc,phases      ] GC(103) Scavenge 5.294ms
[3174.853s][debug][gc,ref         ] GC(103) Skipped SoftWeakFinalRefsPhase of Reference Processing: no references
[3174.853s][debug][gc,ref         ] GC(103) Skipped KeepAliveFinalRefsPhase of Reference Processing: no references
[3174.853s][debug][gc,ref         ] GC(103) Skipped PhantomRefsPhase of Reference Processing: no references
[3174.853s][debug][gc,phases      ] GC(103) Reference Processing 0.018ms
[3174.853s][debug][gc,phases      ] GC(103)   VM Weak                        Min: 0.00, Avg: 0.00, Max: 0.00, Diff: 0.00, Sum: 0.01, Workers: 4
[3174.853s][debug][gc,phases      ] GC(103)     Dead                           Min: 0, Avg:  0.0, Max: 0, Diff: 0, Sum: 0, Workers: 4
[3174.853s][debug][gc,phases      ] GC(103)     Total                          Min: 0, Avg: 232.5, Max: 482, Diff: 482, Sum: 930, Workers: 4
[3174.853s][debug][gc,phases      ] GC(103)   ObjectSynchronizer Weak        Min: 0.00, Avg: 0.00, Max: 0.00, Diff: 0.00, Sum: 0.00, Workers: 4
[3174.853s][debug][gc,phases      ] GC(103)     Dead                           Min: 0, Avg:  0.0, Max: 0, Diff: 0, Sum: 0, Workers: 4
[3174.853s][debug][gc,phases      ] GC(103)     Total                          Min: 0, Avg:  1.8, Max: 7, Diff: 7, Sum: 7, Workers: 4
[3174.853s][debug][gc,phases      ] GC(103)   JVMTI Tag Weak OopStorage      Min: 0.00, Avg: 0.00, Max: 0.00, Diff: 0.00, Sum: 0.00, Workers: 4
[3174.853s][debug][gc,phases      ] GC(103)     Dead                           Min: 0, Avg:  0.0, Max: 0, Diff: 0, Sum: 0, Workers: 4
[3174.853s][debug][gc,phases      ] GC(103)     Total                          Min: 0, Avg:  0.0, Max: 0, Diff: 0, Sum: 0, Workers: 4
[3174.853s][debug][gc,phases      ] GC(103)   StringTable Weak               Min: 0.00, Avg: 0.10, Max: 0.14, Diff: 0.14, Sum: 0.40, Workers: 4
[3174.853s][debug][gc,phases      ] GC(103)     Dead                           Min: 0, Avg:  0.0, Max: 0, Diff: 0, Sum: 0, Workers: 4
[3174.853s][debug][gc,phases      ] GC(103)     Total                          Min: 0, Avg: 12704.2, Max: 22081, Diff: 22081, Sum: 50817, Workers: 4
[3174.853s][debug][gc,phases      ] GC(103)   ResolvedMethodTable Weak       Min: 0.00, Avg: 0.03, Max: 0.04, Diff: 0.04, Sum: 0.13, Workers: 4
[3174.853s][debug][gc,phases      ] GC(103)     Dead                           Min: 0, Avg:  5.0, Max: 14, Diff: 14, Sum: 20, Workers: 4
[3174.853s][debug][gc,phases      ] GC(103)     Total                          Min: 0, Avg: 4256.2, Max: 7286, Diff: 7286, Sum: 17025, Workers: 4
[3174.853s][debug][gc,phases      ] GC(103)   JNI Weak                       Min: 0.00, Avg: 0.00, Max: 0.00, Diff: 0.00, Sum: 0.00, Workers: 4
[3174.853s][debug][gc,phases      ] GC(103)     Dead                           Min: 0, Avg:  0.0, Max: 0, Diff: 0, Sum: 0, Workers: 4
[3174.853s][debug][gc,phases      ] GC(103)     Total                          Min: 0, Avg: 13.0, Max: 48, Diff: 48, Sum: 52, Workers: 4
[3174.853s][debug][gc,phases      ] GC(103)   StringDedup Table Weak         Min: 0.00, Avg: 0.00, Max: 0.00, Diff: 0.00, Sum: 0.00, Workers: 4
[3174.853s][debug][gc,phases      ] GC(103)     Dead                           Min: 0, Avg:  0.0, Max: 0, Diff: 0, Sum: 0, Workers: 4
[3174.853s][debug][gc,phases      ] GC(103)     Total                          Min: 0, Avg:  0.0, Max: 0, Diff: 0, Sum: 0, Workers: 4
[3174.853s][debug][gc,phases      ] GC(103)   StringDedup Requests0 Weak     Min: 0.00, Avg: 0.00, Max: 0.00, Diff: 0.00, Sum: 0.00, Workers: 4
[3174.853s][debug][gc,phases      ] GC(103)     Dead                           Min: 0, Avg:  0.0, Max: 0, Diff: 0, Sum: 0, Workers: 4
[3174.853s][debug][gc,phases      ] GC(103)     Total                          Min: 0, Avg:  0.0, Max: 0, Diff: 0, Sum: 0, Workers: 4
[3174.853s][debug][gc,phases      ] GC(103)   StringDedup Requests1 Weak     Min: 0.00, Avg: 0.00, Max: 0.00, Diff: 0.00, Sum: 0.00, Workers: 4
[3174.853s][debug][gc,phases      ] GC(103)     Dead                           Min: 0, Avg:  0.0, Max: 0, Diff: 0, Sum: 0, Workers: 4
[3174.853s][debug][gc,phases      ] GC(103)     Total                          Min: 0, Avg:  0.0, Max: 0, Diff: 0, Sum: 0, Workers: 4
[3174.853s][debug][gc,phases      ] GC(103)   Weak JFR Old Object Samples    Min: 0.00, Avg: 0.00, Max: 0.00, Diff: 0.00, Sum: 0.00, Workers: 4
[3174.853s][debug][gc,phases      ] GC(103)     Dead                           Min: 0, Avg:  0.0, Max: 0, Diff: 0, Sum: 0, Workers: 4
[3174.853s][debug][gc,phases      ] GC(103)     Total                          Min: 0, Avg:  0.0, Max: 0, Diff: 0, Sum: 0, Workers: 4
[3174.853s][debug][gc,phases      ] GC(103) Weak Processing 0.357ms
[3174.853s][debug][gc,age         ] GC(103) Desired survivor size 11010048 bytes, new threshold 1 (max threshold 15)
[3174.853s][info ][gc,heap        ] GC(103) PSYoungGen: 2079472K(2085888K)->5152K(2085376K) Eden: 2074112K(2074112K)->0K(2074112K) From: 5360K(11776K)->5152K(11264K)
[3174.853s][info ][gc,heap        ] GC(103) ParOldGen: 830067K(830464K)->831612K(832000K)
[3174.853s][info ][gc,metaspace   ] GC(103) Metaspace: 111345K(112576K)->111345K(112576K) NonClass: 95104K(95808K)->95104K(95808K) Class: 16241K(16768K)->16241K(16768K)
[3174.853s][info ][gc             ] GC(103) Pause Young (Allocation Failure) 2841M->817M(2849M) 5.775ms
[3174.853s][info ][gc,cpu         ] GC(103) User=0.02s Sys=0.00s Real=0.01s
[3174.853s][info ][safepoint      ] Safepoint "ParallelCollectForAllocation", Time since last: 32201315544 ns, Reaching safepoint: 51000 ns, At safepoint: 5842973 ns, Leaving safepoint: 1800 ns, Total: 5895773 ns, Threads: 0 runnable, 32 total
[3206.797s][info ][gc,start       ] GC(104) Pause Young (Allocation Failure)
[3206.802s][debug][gc,phases      ] GC(104) Scavenge 4.916ms
[3206.802s][debug][gc,ref         ] GC(104) Skipped SoftWeakFinalRefsPhase of Reference Processing: no references
[3206.802s][debug][gc,ref         ] GC(104) Skipped KeepAliveFinalRefsPhase of Reference Processing: no references
[3206.802s][debug][gc,ref         ] GC(104) Skipped PhantomRefsPhase of Reference Processing: no references
[3206.802s][debug][gc,phases      ] GC(104) Reference Processing 0.022ms
[3206.802s][debug][gc,phases      ] GC(104)   VM Weak                        Min: 0.00, Avg: 0.00, Max: 0.01, Diff: 0.01, Sum: 0.01, Workers: 4
[3206.802s][debug][gc,phases      ] GC(104)     Dead                           Min: 0, Avg:  0.0, Max: 0, Diff: 0, Sum: 0, Workers: 4
[3206.802s][debug][gc,phases      ] GC(104)     Total                          Min: 0, Avg: 232.5, Max: 674, Diff: 674, Sum: 930, Workers: 4
[3206.802s][debug][gc,phases      ] GC(104)   ObjectSynchronizer Weak        Min: 0.00, Avg: 0.00, Max: 0.00, Diff: 0.00, Sum: 0.00, Workers: 4
[3206.802s][debug][gc,phases      ] GC(104)     Dead                           Min: 0, Avg:  0.0, Max: 0, Diff: 0, Sum: 0, Workers: 4
[3206.802s][debug][gc,phases      ] GC(104)     Total                          Min: 0, Avg:  1.5, Max: 6, Diff: 6, Sum: 6, Workers: 4
[3206.802s][debug][gc,phases      ] GC(104)   JVMTI Tag Weak OopStorage      Min: 0.00, Avg: 0.00, Max: 0.00, Diff: 0.00, Sum: 0.00, Workers: 4
[3206.802s][debug][gc,phases      ] GC(104)     Dead                           Min: 0, Avg:  0.0, Max: 0, Diff: 0, Sum: 0, Workers: 4
[3206.802s][debug][gc,phases      ] GC(104)     Total                          Min: 0, Avg:  0.0, Max: 0, Diff: 0, Sum: 0, Workers: 4
[3206.802s][debug][gc,phases      ] GC(104)   StringTable Weak               Min: 0.11, Avg: 0.12, Max: 0.12, Diff: 0.01, Sum: 0.47, Workers: 4
[3206.802s][debug][gc,phases      ] GC(104)     Dead                           Min: 0, Avg:  0.0, Max: 0, Diff: 0, Sum: 0, Workers: 4
[3206.802s][debug][gc,phases      ] GC(104)     Total                          Min: 12367, Avg: 12707.8, Max: 12864, Diff: 497, Sum: 50831, Workers: 4
[3206.802s][debug][gc,phases      ] GC(104)   ResolvedMethodTable Weak       Min: 0.04, Avg: 0.04, Max: 0.04, Diff: 0.00, Sum: 0.16, Workers: 4
[3206.802s][debug][gc,phases      ] GC(104)     Dead                           Min: 0, Avg:  5.0, Max: 12, Diff: 12, Sum: 20, Workers: 4
[3206.802s][debug][gc,phases      ] GC(104)     Total                          Min: 4121, Avg: 4256.2, Max: 4328, Diff: 207, Sum: 17025, Workers: 4
[3206.802s][debug][gc,phases      ] GC(104)   JNI Weak                       Min: 0.00, Avg: 0.00, Max: 0.00, Diff: 0.00, Sum: 0.00, Workers: 4
[3206.802s][debug][gc,phases      ] GC(104)     Dead                           Min: 0, Avg:  0.0, Max: 0, Diff: 0, Sum: 0, Workers: 4
[3206.802s][debug][gc,phases      ] GC(104)     Total                          Min: 0, Avg: 13.0, Max: 48, Diff: 48, Sum: 52, Workers: 4
[3206.802s][debug][gc,phases      ] GC(104)   StringDedup Table Weak         Min: 0.00, Avg: 0.00, Max: 0.00, Diff: 0.00, Sum: 0.00, Workers: 4
[3206.802s][debug][gc,phases      ] GC(104)     Dead                           Min: 0, Avg:  0.0, Max: 0, Diff: 0, Sum: 0, Workers: 4
[3206.802s][debug][gc,phases      ] GC(104)     Total                          Min: 0, Avg:  0.0, Max: 0, Diff: 0, Sum: 0, Workers: 4
[3206.802s][debug][gc,phases      ] GC(104)   StringDedup Requests0 Weak     Min: 0.00, Avg: 0.00, Max: 0.00, Diff: 0.00, Sum: 0.00, Workers: 4
[3206.802s][debug][gc,phases      ] GC(104)     Dead                           Min: 0, Avg:  0.0, Max: 0, Diff: 0, Sum: 0, Workers: 4
[3206.802s][debug][gc,phases      ] GC(104)     Total                          Min: 0, Avg:  0.0, Max: 0, Diff: 0, Sum: 0, Workers: 4
[3206.802s][debug][gc,phases      ] GC(104)   StringDedup Requests1 Weak     Min: 0.00, Avg: 0.00, Max: 0.00, Diff: 0.00, Sum: 0.00, Workers: 4
[3206.802s][debug][gc,phases      ] GC(104)     Dead                           Min: 0, Avg:  0.0, Max: 0, Diff: 0, Sum: 0, Workers: 4
[3206.802s][debug][gc,phases      ] GC(104)     Total                          Min: 0, Avg:  0.0, Max: 0, Diff: 0, Sum: 0, Workers: 4
[3206.802s][debug][gc,phases      ] GC(104)   Weak JFR Old Object Samples    Min: 0.00, Avg: 0.00, Max: 0.00, Diff: 0.00, Sum: 0.00, Workers: 4
[3206.802s][debug][gc,phases      ] GC(104)     Dead                           Min: 0, Avg:  0.0, Max: 0, Diff: 0, Sum: 0, Workers: 4
[3206.802s][debug][gc,phases      ] GC(104)     Total                          Min: 0, Avg:  0.0, Max: 0, Diff: 0, Sum: 0, Workers: 4
[3206.802s][debug][gc,phases      ] GC(104) Weak Processing 0.362ms
[3206.802s][debug][gc,age         ] GC(104) Desired survivor size 10485760 bytes, new threshold 1 (max threshold 15)
[3206.802s][info ][gc,heap        ] GC(104) PSYoungGen: 2079264K(2085376K)->4848K(2086912K) Eden: 2074112K(2074112K)->0K(2076160K) From: 5152K(11264K)->4848K(10752K)
[3206.802s][info ][gc,heap        ] GC(104) ParOldGen: 831612K(832000K)->833264K(833536K)
[3206.802s][info ][gc,metaspace   ] GC(104) Metaspace: 111346K(112576K)->111346K(112576K) NonClass: 95105K(95808K)->95105K(95808K) Class: 16241K(16768K)->16241K(16768K)
[3206.802s][info ][gc             ] GC(104) Pause Young (Allocation Failure) 2842M->818M(2852M) 5.412ms
[3206.802s][info ][gc,cpu         ] GC(104) User=0.02s Sys=0.00s Real=0.01s
[3206.802s][info ][safepoint      ] Safepoint "ParallelCollectForAllocation", Time since last: 31944038101 ns, Reaching safepoint: 5900 ns, At safepoint: 5475074 ns, Leaving safepoint: 2000 ns, Total: 5482974 ns, Threads: 0 runnable, 31 total
[3237.341s][info ][gc,start       ] GC(105) Pause Young (Allocation Failure)
[3237.346s][debug][gc,phases      ] GC(105) Scavenge 4.409ms
[3237.346s][debug][gc,ref         ] GC(105) Skipped SoftWeakFinalRefsPhase of Reference Processing: no references
[3237.346s][debug][gc,ref         ] GC(105) Skipped KeepAliveFinalRefsPhase of Reference Processing: no references
[3237.346s][debug][gc,ref         ] GC(105) Skipped PhantomRefsPhase of Reference Processing: no references
[3237.346s][debug][gc,phases      ] GC(105) Reference Processing 0.019ms
[3237.346s][debug][gc,phases      ] GC(105)   VM Weak                        Min: 0.00, Avg: 0.00, Max: 0.01, Diff: 0.01, Sum: 0.01, Workers: 4
[3237.346s][debug][gc,phases      ] GC(105)     Dead                           Min: 0, Avg:  0.0, Max: 0, Diff: 0, Sum: 0, Workers: 4
[3237.346s][debug][gc,phases      ] GC(105)     Total                          Min: 0, Avg: 232.5, Max: 640, Diff: 640, Sum: 930, Workers: 4
[3237.346s][debug][gc,phases      ] GC(105)   ObjectSynchronizer Weak        Min: 0.00, Avg: 0.00, Max: 0.00, Diff: 0.00, Sum: 0.00, Workers: 4
[3237.346s][debug][gc,phases      ] GC(105)     Dead                           Min: 0, Avg:  0.0, Max: 0, Diff: 0, Sum: 0, Workers: 4
[3237.346s][debug][gc,phases      ] GC(105)     Total                          Min: 0, Avg:  1.5, Max: 6, Diff: 6, Sum: 6, Workers: 4
[3237.346s][debug][gc,phases      ] GC(105)   JVMTI Tag Weak OopStorage      Min: 0.00, Avg: 0.00, Max: 0.00, Diff: 0.00, Sum: 0.00, Workers: 4
[3237.346s][debug][gc,phases      ] GC(105)     Dead                           Min: 0, Avg:  0.0, Max: 0, Diff: 0, Sum: 0, Workers: 4
[3237.346s][debug][gc,phases      ] GC(105)     Total                          Min: 0, Avg:  0.0, Max: 0, Diff: 0, Sum: 0, Workers: 4
[3237.346s][debug][gc,phases      ] GC(105)   StringTable Weak               Min: 0.00, Avg: 0.12, Max: 0.16, Diff: 0.16, Sum: 0.47, Workers: 4
[3237.346s][debug][gc,phases      ] GC(105)     Dead                           Min: 0, Avg:  0.0, Max: 0, Diff: 0, Sum: 0, Workers: 4
[3237.346s][debug][gc,phases      ] GC(105)     Total                          Min: 0, Avg: 12707.8, Max: 17103, Diff: 17103, Sum: 50831, Workers: 4
[3237.346s][debug][gc,phases      ] GC(105)   ResolvedMethodTable Weak       Min: 0.00, Avg: 0.04, Max: 0.05, Diff: 0.05, Sum: 0.16, Workers: 4
[3237.346s][debug][gc,phases      ] GC(105)     Dead                           Min: 0, Avg:  5.0, Max: 20, Diff: 20, Sum: 20, Workers: 4
[3237.346s][debug][gc,phases      ] GC(105)     Total                          Min: 0, Avg: 4256.2, Max: 5893, Diff: 5893, Sum: 17025, Workers: 4
[3237.346s][debug][gc,phases      ] GC(105)   JNI Weak                       Min: 0.00, Avg: 0.00, Max: 0.00, Diff: 0.00, Sum: 0.00, Workers: 4
[3237.346s][debug][gc,phases      ] GC(105)     Dead                           Min: 0, Avg:  0.0, Max: 0, Diff: 0, Sum: 0, Workers: 4
[3237.346s][debug][gc,phases      ] GC(105)     Total                          Min: 0, Avg: 13.0, Max: 48, Diff: 48, Sum: 52, Workers: 4
[3237.346s][debug][gc,phases      ] GC(105)   StringDedup Table Weak         Min: 0.00, Avg: 0.00, Max: 0.00, Diff: 0.00, Sum: 0.00, Workers: 4
[3237.346s][debug][gc,phases      ] GC(105)     Dead                           Min: 0, Avg:  0.0, Max: 0, Diff: 0, Sum: 0, Workers: 4
[3237.346s][debug][gc,phases      ] GC(105)     Total                          Min: 0, Avg:  0.0, Max: 0, Diff: 0, Sum: 0, Workers: 4
[3237.346s][debug][gc,phases      ] GC(105)   StringDedup Requests0 Weak     Min: 0.00, Avg: 0.00, Max: 0.00, Diff: 0.00, Sum: 0.00, Workers: 4
[3237.346s][debug][gc,phases      ] GC(105)     Dead                           Min: 0, Avg:  0.0, Max: 0, Diff: 0, Sum: 0, Workers: 4
[3237.346s][debug][gc,phases      ] GC(105)     Total                          Min: 0, Avg:  0.0, Max: 0, Diff: 0, Sum: 0, Workers: 4
[3237.346s][debug][gc,phases      ] GC(105)   StringDedup Requests1 Weak     Min: 0.00, Avg: 0.00, Max: 0.00, Diff: 0.00, Sum: 0.00, Workers: 4
[3237.346s][debug][gc,phases      ] GC(105)     Dead                           Min: 0, Avg:  0.0, Max: 0, Diff: 0, Sum: 0, Workers: 4
[3237.346s][debug][gc,phases      ] GC(105)     Total                          Min: 0, Avg:  0.0, Max: 0, Diff: 0, Sum: 0, Workers: 4
[3237.346s][debug][gc,phases      ] GC(105)   Weak JFR Old Object Samples    Min: 0.00, Avg: 0.00, Max: 0.00, Diff: 0.00, Sum: 0.00, Workers: 4
[3237.346s][debug][gc,phases      ] GC(105)     Dead                           Min: 0, Avg:  0.0, Max: 0, Diff: 0, Sum: 0, Workers: 4
[3237.346s][debug][gc,phases      ] GC(105)     Total                          Min: 0, Avg:  0.0, Max: 0, Diff: 0, Sum: 0, Workers: 4
[3237.346s][debug][gc,phases      ] GC(105) Weak Processing 0.389ms
[3237.346s][debug][gc,age         ] GC(105) Desired survivor size 10485760 bytes, new threshold 1 (max threshold 15)
[3237.346s][info ][gc,heap        ] GC(105) PSYoungGen: 2081008K(2086912K)->4624K(2086400K) Eden: 2076160K(2076160K)->0K(2076160K) From: 4848K(10752K)->4624K(10240K)
[3237.346s][info ][gc,heap        ] GC(105) ParOldGen: 833264K(833536K)->834541K(834560K)
[3237.346s][info ][gc,metaspace   ] GC(105) Metaspace: 111351K(112640K)->111351K(112640K) NonClass: 95109K(95872K)->95109K(95872K) Class: 16241K(16768K)->16241K(16768K)
[3237.346s][info ][gc             ] GC(105) Pause Young (Allocation Failure) 2845M->819M(2852M) 4.937ms
[3237.346s][info ][gc,cpu         ] GC(105) User=0.02s Sys=0.00s Real=0.00s
[3237.346s][info ][safepoint      ] Safepoint "ParallelCollectForAllocation", Time since last: 30538578962 ns, Reaching safepoint: 81400 ns, At safepoint: 5003277 ns, Leaving safepoint: 8000 ns, Total: 5092677 ns, Threads: 1 runnable, 32 total
[3269.205s][info ][gc,start       ] GC(106) Pause Young (Allocation Failure)
[3269.209s][debug][gc,phases      ] GC(106) Scavenge 4.158ms
[3269.209s][debug][gc,ref         ] GC(106) Skipped SoftWeakFinalRefsPhase of Reference Processing: no references
[3269.209s][debug][gc,ref         ] GC(106) Skipped KeepAliveFinalRefsPhase of Reference Processing: no references
[3269.209s][debug][gc,ref         ] GC(106) Skipped PhantomRefsPhase of Reference Processing: no references
[3269.209s][debug][gc,phases      ] GC(106) Reference Processing 0.021ms
[3269.209s][debug][gc,phases      ] GC(106)   VM Weak                        Min: 0.00, Avg: 0.00, Max: 0.01, Diff: 0.01, Sum: 0.01, Workers: 4
[3269.209s][debug][gc,phases      ] GC(106)     Dead                           Min: 0, Avg:  0.0, Max: 0, Diff: 0, Sum: 0, Workers: 4
[3269.209s][debug][gc,phases      ] GC(106)     Total                          Min: 0, Avg: 232.5, Max: 896, Diff: 896, Sum: 930, Workers: 4
[3269.209s][debug][gc,phases      ] GC(106)   ObjectSynchronizer Weak        Min: 0.00, Avg: 0.00, Max: 0.00, Diff: 0.00, Sum: 0.00, Workers: 4
[3269.209s][debug][gc,phases      ] GC(106)     Dead                           Min: 0, Avg:  0.0, Max: 0, Diff: 0, Sum: 0, Workers: 4
[3269.209s][debug][gc,phases      ] GC(106)     Total                          Min: 0, Avg:  1.8, Max: 7, Diff: 7, Sum: 7, Workers: 4
[3269.209s][debug][gc,phases      ] GC(106)   JVMTI Tag Weak OopStorage      Min: 0.00, Avg: 0.00, Max: 0.00, Diff: 0.00, Sum: 0.00, Workers: 4
[3269.209s][debug][gc,phases      ] GC(106)     Dead                           Min: 0, Avg:  0.0, Max: 0, Diff: 0, Sum: 0, Workers: 4
[3269.209s][debug][gc,phases      ] GC(106)     Total                          Min: 0, Avg:  0.0, Max: 0, Diff: 0, Sum: 0, Workers: 4
[3269.209s][debug][gc,phases      ] GC(106)   StringTable Weak               Min: 0.00, Avg: 0.10, Max: 0.13, Diff: 0.13, Sum: 0.40, Workers: 4
[3269.209s][debug][gc,phases      ] GC(106)     Dead                           Min: 0, Avg:  0.0, Max: 0, Diff: 0, Sum: 0, Workers: 4
[3269.209s][debug][gc,phases      ] GC(106)     Total                          Min: 0, Avg: 12707.8, Max: 21327, Diff: 21327, Sum: 50831, Workers: 4
[3269.209s][debug][gc,phases      ] GC(106)   ResolvedMethodTable Weak       Min: 0.00, Avg: 0.03, Max: 0.04, Diff: 0.04, Sum: 0.13, Workers: 4
[3269.209s][debug][gc,phases      ] GC(106)     Dead                           Min: 0, Avg:  5.0, Max: 14, Diff: 14, Sum: 20, Workers: 4
[3269.209s][debug][gc,phases      ] GC(106)     Total                          Min: 0, Avg: 4256.2, Max: 7295, Diff: 7295, Sum: 17025, Workers: 4
[3269.209s][debug][gc,phases      ] GC(106)   JNI Weak                       Min: 0.00, Avg: 0.00, Max: 0.00, Diff: 0.00, Sum: 0.00, Workers: 4
[3269.209s][debug][gc,phases      ] GC(106)     Dead                           Min: 0, Avg:  0.0, Max: 0, Diff: 0, Sum: 0, Workers: 4
[3269.209s][debug][gc,phases      ] GC(106)     Total                          Min: 0, Avg: 13.0, Max: 48, Diff: 48, Sum: 52, Workers: 4
[3269.209s][debug][gc,phases      ] GC(106)   StringDedup Table Weak         Min: 0.00, Avg: 0.00, Max: 0.00, Diff: 0.00, Sum: 0.00, Workers: 4
[3269.209s][debug][gc,phases      ] GC(106)     Dead                           Min: 0, Avg:  0.0, Max: 0, Diff: 0, Sum: 0, Workers: 4
[3269.209s][debug][gc,phases      ] GC(106)     Total                          Min: 0, Avg:  0.0, Max: 0, Diff: 0, Sum: 0, Workers: 4
[3269.209s][debug][gc,phases      ] GC(106)   StringDedup Requests0 Weak     Min: 0.00, Avg: 0.00, Max: 0.00, Diff: 0.00, Sum: 0.00, Workers: 4
[3269.209s][debug][gc,phases      ] GC(106)     Dead                           Min: 0, Avg:  0.0, Max: 0, Diff: 0, Sum: 0, Workers: 4
[3269.209s][debug][gc,phases      ] GC(106)     Total                          Min: 0, Avg:  0.0, Max: 0, Diff: 0, Sum: 0, Workers: 4
[3269.209s][debug][gc,phases      ] GC(106)   StringDedup Requests1 Weak     Min: 0.00, Avg: 0.00, Max: 0.00, Diff: 0.00, Sum: 0.00, Workers: 4
[3269.209s][debug][gc,phases      ] GC(106)     Dead                           Min: 0, Avg:  0.0, Max: 0, Diff: 0, Sum: 0, Workers: 4
[3269.209s][debug][gc,phases      ] GC(106)     Total                          Min: 0, Avg:  0.0, Max: 0, Diff: 0, Sum: 0, Workers: 4
[3269.209s][debug][gc,phases      ] GC(106)   Weak JFR Old Object Samples    Min: 0.00, Avg: 0.00, Max: 0.00, Diff: 0.00, Sum: 0.00, Workers: 4
[3269.209s][debug][gc,phases      ] GC(106)     Dead                           Min: 0, Avg:  0.0, Max: 0, Diff: 0, Sum: 0, Workers: 4
[3269.209s][debug][gc,phases      ] GC(106)     Total                          Min: 0, Avg:  0.0, Max: 0, Diff: 0, Sum: 0, Workers: 4
[3269.209s][debug][gc,phases      ] GC(106) Weak Processing 0.396ms
[3269.209s][debug][gc,age         ] GC(106) Desired survivor size 9961472 bytes, new threshold 1 (max threshold 15)
[3269.209s][info ][gc,heap        ] GC(106) PSYoungGen: 2080784K(2086400K)->5456K(2087424K) Eden: 2076160K(2076160K)->0K(2077184K) From: 4624K(10240K)->5456K(10240K)
[3269.209s][info ][gc,heap        ] GC(106) ParOldGen: 834541K(834560K)->835553K(835584K)
[3269.209s][info ][gc,metaspace   ] GC(106) Metaspace: 111351K(112640K)->111351K(112640K) NonClass: 95109K(95872K)->95109K(95872K) Class: 16241K(16768K)->16241K(16768K)
[3269.209s][info ][gc             ] GC(106) Pause Young (Allocation Failure) 2846M->821M(2854M) 4.676ms
[3269.209s][info ][gc,cpu         ] GC(106) User=0.02s Sys=0.00s Real=0.01s
[3269.209s][info ][safepoint      ] Safepoint "ParallelCollectForAllocation", Time since last: 31858515653 ns, Reaching safepoint: 21800 ns, At safepoint: 4738277 ns, Leaving safepoint: 7000 ns, Total: 4767077 ns, Threads: 0 runnable, 32 total
[3300.601s][info ][gc,start       ] GC(107) Pause Young (Allocation Failure)
[3300.606s][debug][gc,phases      ] GC(107) Scavenge 4.972ms
[3300.606s][debug][gc,ref         ] GC(107) Skipped SoftWeakFinalRefsPhase of Reference Processing: no references
[3300.606s][debug][gc,ref         ] GC(107) Skipped KeepAliveFinalRefsPhase of Reference Processing: no references
[3300.606s][debug][gc,ref         ] GC(107) Skipped PhantomRefsPhase of Reference Processing: no references
[3300.606s][debug][gc,phases      ] GC(107) Reference Processing 0.022ms
[3300.606s][debug][gc,phases      ] GC(107)   VM Weak                        Min: 0.00, Avg: 0.00, Max: 0.01, Diff: 0.00, Sum: 0.01, Workers: 4
[3300.606s][debug][gc,phases      ] GC(107)     Dead                           Min: 0, Avg:  0.0, Max: 0, Diff: 0, Sum: 0, Workers: 4
[3300.606s][debug][gc,phases      ] GC(107)     Total                          Min: 34, Avg: 232.5, Max: 576, Diff: 542, Sum: 930, Workers: 4
[3300.606s][debug][gc,phases      ] GC(107)   ObjectSynchronizer Weak        Min: 0.00, Avg: 0.00, Max: 0.00, Diff: 0.00, Sum: 0.00, Workers: 4
[3300.606s][debug][gc,phases      ] GC(107)     Dead                           Min: 0, Avg:  0.0, Max: 0, Diff: 0, Sum: 0, Workers: 4
[3300.606s][debug][gc,phases      ] GC(107)     Total                          Min: 0, Avg:  1.8, Max: 7, Diff: 7, Sum: 7, Workers: 4
[3300.606s][debug][gc,phases      ] GC(107)   JVMTI Tag Weak OopStorage      Min: 0.00, Avg: 0.00, Max: 0.00, Diff: 0.00, Sum: 0.00, Workers: 4
[3300.606s][debug][gc,phases      ] GC(107)     Dead                           Min: 0, Avg:  0.0, Max: 0, Diff: 0, Sum: 0, Workers: 4
[3300.606s][debug][gc,phases      ] GC(107)     Total                          Min: 0, Avg:  0.0, Max: 0, Diff: 0, Sum: 0, Workers: 4
[3300.606s][debug][gc,phases      ] GC(107)   StringTable Weak               Min: 0.12, Avg: 0.12, Max: 0.12, Diff: 0.00, Sum: 0.46, Workers: 4
[3300.606s][debug][gc,phases      ] GC(107)     Dead                           Min: 0, Avg:  0.0, Max: 0, Diff: 0, Sum: 0, Workers: 4
[3300.606s][debug][gc,phases      ] GC(107)     Total                          Min: 12672, Avg: 12707.8, Max: 12736, Diff: 64, Sum: 50831, Workers: 4
[3300.606s][debug][gc,phases      ] GC(107)   ResolvedMethodTable Weak       Min: 0.04, Avg: 0.04, Max: 0.04, Diff: 0.00, Sum: 0.16, Workers: 4
[3300.606s][debug][gc,phases      ] GC(107)     Dead                           Min: 2, Avg:  5.0, Max: 8, Diff: 6, Sum: 20, Workers: 4
[3300.606s][debug][gc,phases      ] GC(107)     Total                          Min: 4187, Avg: 4256.2, Max: 4376, Diff: 189, Sum: 17025, Workers: 4
[3300.606s][debug][gc,phases      ] GC(107)   JNI Weak                       Min: 0.00, Avg: 0.00, Max: 0.00, Diff: 0.00, Sum: 0.00, Workers: 4
[3300.606s][debug][gc,phases      ] GC(107)     Dead                           Min: 0, Avg:  0.0, Max: 0, Diff: 0, Sum: 0, Workers: 4
[3300.606s][debug][gc,phases      ] GC(107)     Total                          Min: 0, Avg: 13.0, Max: 48, Diff: 48, Sum: 52, Workers: 4
[3300.606s][debug][gc,phases      ] GC(107)   StringDedup Table Weak         Min: 0.00, Avg: 0.00, Max: 0.00, Diff: 0.00, Sum: 0.00, Workers: 4
[3300.606s][debug][gc,phases      ] GC(107)     Dead                           Min: 0, Avg:  0.0, Max: 0, Diff: 0, Sum: 0, Workers: 4
[3300.606s][debug][gc,phases      ] GC(107)     Total                          Min: 0, Avg:  0.0, Max: 0, Diff: 0, Sum: 0, Workers: 4
[3300.606s][debug][gc,phases      ] GC(107)   StringDedup Requests0 Weak     Min: 0.00, Avg: 0.00, Max: 0.00, Diff: 0.00, Sum: 0.00, Workers: 4
[3300.606s][debug][gc,phases      ] GC(107)     Dead                           Min: 0, Avg:  0.0, Max: 0, Diff: 0, Sum: 0, Workers: 4
[3300.606s][debug][gc,phases      ] GC(107)     Total                          Min: 0, Avg:  0.0, Max: 0, Diff: 0, Sum: 0, Workers: 4
[3300.606s][debug][gc,phases      ] GC(107)   StringDedup Requests1 Weak     Min: 0.00, Avg: 0.00, Max: 0.00, Diff: 0.00, Sum: 0.00, Workers: 4
[3300.606s][debug][gc,phases      ] GC(107)     Dead                           Min: 0, Avg:  0.0, Max: 0, Diff: 0, Sum: 0, Workers: 4
[3300.606s][debug][gc,phases      ] GC(107)     Total                          Min: 0, Avg:  0.0, Max: 0, Diff: 0, Sum: 0, Workers: 4
[3300.606s][debug][gc,phases      ] GC(107)   Weak JFR Old Object Samples    Min: 0.00, Avg: 0.00, Max: 0.00, Diff: 0.00, Sum: 0.00, Workers: 4
[3300.606s][debug][gc,phases      ] GC(107)     Dead                           Min: 0, Avg:  0.0, Max: 0, Diff: 0, Sum: 0, Workers: 4
[3300.606s][debug][gc,phases      ] GC(107)     Total                          Min: 0, Avg:  0.0, Max: 0, Diff: 0, Sum: 0, Workers: 4
[3300.606s][debug][gc,phases      ] GC(107) Weak Processing 0.346ms
[3300.606s][debug][gc,age         ] GC(107) Desired survivor size 9961472 bytes, new threshold 1 (max threshold 15)
[3300.606s][info ][gc,heap        ] GC(107) PSYoungGen: 2082640K(2087424K)->6144K(2086912K) Eden: 2077184K(2077184K)->0K(2077184K) From: 5456K(10240K)->6144K(9728K)
[3300.606s][info ][gc,heap        ] GC(107) ParOldGen: 835553K(835584K)->836585K(836608K)
[3300.606s][info ][gc,metaspace   ] GC(107) Metaspace: 111358K(112640K)->111358K(112640K) NonClass: 95116K(95872K)->95116K(95872K) Class: 16241K(16768K)->16241K(16768K)
[3300.606s][info ][gc             ] GC(107) Pause Young (Allocation Failure) 2849M->822M(2855M) 5.444ms
[3300.606s][info ][gc,cpu         ] GC(107) User=0.02s Sys=0.00s Real=0.00s
[3300.606s][info ][safepoint      ] Safepoint "ParallelCollectForAllocation", Time since last: 31391310852 ns, Reaching safepoint: 38300 ns, At safepoint: 5527774 ns, Leaving safepoint: 1900 ns, Total: 5567974 ns, Threads: 0 runnable, 32 total
[3331.598s][info ][gc,start       ] GC(108) Pause Young (Allocation Failure)
[3331.603s][debug][gc,phases      ] GC(108) Scavenge 5.561ms
[3331.604s][debug][gc,ref         ] GC(108) ReferenceProcessor::execute queues: 1, RefProcThreadModel::Single, marks_oops_alive: false
[3331.604s][debug][gc,ref         ] GC(108) Skipped KeepAliveFinalRefsPhase of Reference Processing: no references
[3331.604s][debug][gc,ref         ] GC(108) Skipped PhantomRefsPhase of Reference Processing: no references
[3331.604s][debug][gc,phases      ] GC(108) Reference Processing 0.094ms
[3331.604s][debug][gc,phases      ] GC(108)   VM Weak                        Min: 0.00, Avg: 0.00, Max: 0.01, Diff: 0.01, Sum: 0.01, Workers: 4
[3331.604s][debug][gc,phases      ] GC(108)     Dead                           Min: 0, Avg:  0.0, Max: 0, Diff: 0, Sum: 0, Workers: 4
[3331.604s][debug][gc,phases      ] GC(108)     Total                          Min: 0, Avg: 233.5, Max: 678, Diff: 678, Sum: 934, Workers: 4
[3331.604s][debug][gc,phases      ] GC(108)   ObjectSynchronizer Weak        Min: 0.00, Avg: 0.00, Max: 0.00, Diff: 0.00, Sum: 0.00, Workers: 4
[3331.604s][debug][gc,phases      ] GC(108)     Dead                           Min: 0, Avg:  0.0, Max: 0, Diff: 0, Sum: 0, Workers: 4
[3331.604s][debug][gc,phases      ] GC(108)     Total                          Min: 0, Avg:  1.8, Max: 7, Diff: 7, Sum: 7, Workers: 4
[3331.604s][debug][gc,phases      ] GC(108)   JVMTI Tag Weak OopStorage      Min: 0.00, Avg: 0.00, Max: 0.00, Diff: 0.00, Sum: 0.00, Workers: 4
[3331.604s][debug][gc,phases      ] GC(108)     Dead                           Min: 0, Avg:  0.0, Max: 0, Diff: 0, Sum: 0, Workers: 4
[3331.604s][debug][gc,phases      ] GC(108)     Total                          Min: 0, Avg:  0.0, Max: 0, Diff: 0, Sum: 0, Workers: 4
[3331.604s][debug][gc,phases      ] GC(108)   StringTable Weak               Min: 0.00, Avg: 0.10, Max: 0.13, Diff: 0.13, Sum: 0.38, Workers: 4
[3331.604s][debug][gc,phases      ] GC(108)     Dead                           Min: 0, Avg:  0.0, Max: 0, Diff: 0, Sum: 0, Workers: 4
[3331.604s][debug][gc,phases      ] GC(108)     Total                          Min: 0, Avg: 12708.0, Max: 21392, Diff: 21392, Sum: 50832, Workers: 4
[3331.604s][debug][gc,phases      ] GC(108)   ResolvedMethodTable Weak       Min: 0.00, Avg: 0.03, Max: 0.04, Diff: 0.04, Sum: 0.13, Workers: 4
[3331.604s][debug][gc,phases      ] GC(108)     Dead                           Min: 0, Avg:  5.0, Max: 12, Diff: 12, Sum: 20, Workers: 4
[3331.604s][debug][gc,phases      ] GC(108)     Total                          Min: 0, Avg: 4258.8, Max: 7505, Diff: 7505, Sum: 17035, Workers: 4
[3331.604s][debug][gc,phases      ] GC(108)   JNI Weak                       Min: 0.00, Avg: 0.00, Max: 0.00, Diff: 0.00, Sum: 0.00, Workers: 4
[3331.604s][debug][gc,phases      ] GC(108)     Dead                           Min: 0, Avg:  0.0, Max: 0, Diff: 0, Sum: 0, Workers: 4
[3331.604s][debug][gc,phases      ] GC(108)     Total                          Min: 0, Avg: 13.0, Max: 48, Diff: 48, Sum: 52, Workers: 4
[3331.604s][debug][gc,phases      ] GC(108)   StringDedup Table Weak         Min: 0.00, Avg: 0.00, Max: 0.00, Diff: 0.00, Sum: 0.00, Workers: 4
[3331.604s][debug][gc,phases      ] GC(108)     Dead                           Min: 0, Avg:  0.0, Max: 0, Diff: 0, Sum: 0, Workers: 4
[3331.604s][debug][gc,phases      ] GC(108)     Total                          Min: 0, Avg:  0.0, Max: 0, Diff: 0, Sum: 0, Workers: 4
[3331.604s][debug][gc,phases      ] GC(108)   StringDedup Requests0 Weak     Min: 0.00, Avg: 0.00, Max: 0.00, Diff: 0.00, Sum: 0.00, Workers: 4
[3331.604s][debug][gc,phases      ] GC(108)     Dead                           Min: 0, Avg:  0.0, Max: 0, Diff: 0, Sum: 0, Workers: 4
[3331.604s][debug][gc,phases      ] GC(108)     Total                          Min: 0, Avg:  0.0, Max: 0, Diff: 0, Sum: 0, Workers: 4
[3331.604s][debug][gc,phases      ] GC(108)   StringDedup Requests1 Weak     Min: 0.00, Avg: 0.00, Max: 0.00, Diff: 0.00, Sum: 0.00, Workers: 4
[3331.604s][debug][gc,phases      ] GC(108)     Dead                           Min: 0, Avg:  0.0, Max: 0, Diff: 0, Sum: 0, Workers: 4
[3331.604s][debug][gc,phases      ] GC(108)     Total                          Min: 0, Avg:  0.0, Max: 0, Diff: 0, Sum: 0, Workers: 4
[3331.604s][debug][gc,phases      ] GC(108)   Weak JFR Old Object Samples    Min: 0.00, Avg: 0.00, Max: 0.00, Diff: 0.00, Sum: 0.00, Workers: 4
[3331.604s][debug][gc,phases      ] GC(108)     Dead                           Min: 0, Avg:  0.0, Max: 0, Diff: 0, Sum: 0, Workers: 4
[3331.604s][debug][gc,phases      ] GC(108)     Total                          Min: 0, Avg:  0.0, Max: 0, Diff: 0, Sum: 0, Workers: 4
[3331.604s][debug][gc,phases      ] GC(108) Weak Processing 0.372ms
[3331.604s][debug][gc,age         ] GC(108) Desired survivor size 9437184 bytes, new threshold 1 (max threshold 15)
[3331.604s][info ][gc,heap        ] GC(108) PSYoungGen: 2083328K(2086912K)->4928K(2087936K) Eden: 2077184K(2077184K)->0K(2078208K) From: 6144K(9728K)->4928K(9728K)
[3331.604s][info ][gc,heap        ] GC(108) ParOldGen: 836585K(836608K)->838662K(839168K)
[3331.604s][info ][gc,metaspace   ] GC(108) Metaspace: 111380K(112640K)->111380K(112640K) NonClass: 95135K(95872K)->95135K(95872K) Class: 16244K(16768K)->16244K(16768K)
[3331.604s][info ][gc             ] GC(108) Pause Young (Allocation Failure) 2851M->823M(2858M) 6.139ms
[3331.604s][info ][gc,cpu         ] GC(108) User=0.02s Sys=0.01s Real=0.01s
[3331.604s][info ][safepoint      ] Safepoint "ParallelCollectForAllocation", Time since last: 30991519114 ns, Reaching safepoint: 5900 ns, At safepoint: 6201371 ns, Leaving safepoint: 2400 ns, Total: 6209671 ns, Threads: 0 runnable, 35 total
[3363.646s][info ][gc,start       ] GC(109) Pause Young (Allocation Failure)
[3363.652s][debug][gc,phases      ] GC(109) Scavenge 6.569ms
[3363.652s][debug][gc,ref         ] GC(109) Skipped SoftWeakFinalRefsPhase of Reference Processing: no references
[3363.652s][debug][gc,ref         ] GC(109) Skipped KeepAliveFinalRefsPhase of Reference Processing: no references
[3363.652s][debug][gc,ref         ] GC(109) Skipped PhantomRefsPhase of Reference Processing: no references
[3363.652s][debug][gc,phases      ] GC(109) Reference Processing 0.022ms
[3363.652s][debug][gc,phases      ] GC(109)   VM Weak                        Min: 0.00, Avg: 0.01, Max: 0.02, Diff: 0.02, Sum: 0.02, Workers: 4
[3363.652s][debug][gc,phases      ] GC(109)     Dead                           Min: 0, Avg:  0.0, Max: 0, Diff: 0, Sum: 0, Workers: 4
[3363.652s][debug][gc,phases      ] GC(109)     Total                          Min: 0, Avg: 233.5, Max: 320, Diff: 320, Sum: 934, Workers: 4
[3363.653s][debug][gc,phases      ] GC(109)   ObjectSynchronizer Weak        Min: 0.00, Avg: 0.00, Max: 0.00, Diff: 0.00, Sum: 0.00, Workers: 4
[3363.653s][debug][gc,phases      ] GC(109)     Dead                           Min: 0, Avg:  0.0, Max: 0, Diff: 0, Sum: 0, Workers: 4
[3363.653s][debug][gc,phases      ] GC(109)     Total                          Min: 0, Avg:  1.2, Max: 5, Diff: 5, Sum: 5, Workers: 4
[3363.653s][debug][gc,phases      ] GC(109)   JVMTI Tag Weak OopStorage      Min: 0.00, Avg: 0.00, Max: 0.00, Diff: 0.00, Sum: 0.00, Workers: 4
[3363.653s][debug][gc,phases      ] GC(109)     Dead                           Min: 0, Avg:  0.0, Max: 0, Diff: 0, Sum: 0, Workers: 4
[3363.653s][debug][gc,phases      ] GC(109)     Total                          Min: 0, Avg:  0.0, Max: 0, Diff: 0, Sum: 0, Workers: 4
[3363.653s][debug][gc,phases      ] GC(109)   StringTable Weak               Min: 0.11, Avg: 0.11, Max: 0.11, Diff: 0.01, Sum: 0.45, Workers: 4
[3363.653s][debug][gc,phases      ] GC(109)     Dead                           Min: 0, Avg:  0.0, Max: 0, Diff: 0, Sum: 0, Workers: 4
[3363.653s][debug][gc,phases      ] GC(109)     Total                          Min: 12242, Avg: 12708.5, Max: 12992, Diff: 750, Sum: 50834, Workers: 4
[3363.653s][debug][gc,phases      ] GC(109)   ResolvedMethodTable Weak       Min: 0.04, Avg: 0.04, Max: 0.04, Diff: 0.00, Sum: 0.15, Workers: 4
[3363.653s][debug][gc,phases      ] GC(109)     Dead                           Min: 0, Avg:  5.0, Max: 11, Diff: 11, Sum: 20, Workers: 4
[3363.653s][debug][gc,phases      ] GC(109)     Total                          Min: 4120, Avg: 4258.8, Max: 4442, Diff: 322, Sum: 17035, Workers: 4
[3363.653s][debug][gc,phases      ] GC(109)   JNI Weak                       Min: 0.00, Avg: 0.00, Max: 0.00, Diff: 0.00, Sum: 0.00, Workers: 4
[3363.653s][debug][gc,phases      ] GC(109)     Dead                           Min: 0, Avg:  0.0, Max: 0, Diff: 0, Sum: 0, Workers: 4
[3363.653s][debug][gc,phases      ] GC(109)     Total                          Min: 0, Avg: 13.0, Max: 48, Diff: 48, Sum: 52, Workers: 4
[3363.653s][debug][gc,phases      ] GC(109)   StringDedup Table Weak         Min: 0.00, Avg: 0.00, Max: 0.00, Diff: 0.00, Sum: 0.00, Workers: 4
[3363.653s][debug][gc,phases      ] GC(109)     Dead                           Min: 0, Avg:  0.0, Max: 0, Diff: 0, Sum: 0, Workers: 4
[3363.653s][debug][gc,phases      ] GC(109)     Total                          Min: 0, Avg:  0.0, Max: 0, Diff: 0, Sum: 0, Workers: 4
[3363.653s][debug][gc,phases      ] GC(109)   StringDedup Requests0 Weak     Min: 0.00, Avg: 0.00, Max: 0.00, Diff: 0.00, Sum: 0.00, Workers: 4
[3363.653s][debug][gc,phases      ] GC(109)     Dead                           Min: 0, Avg:  0.0, Max: 0, Diff: 0, Sum: 0, Workers: 4
[3363.653s][debug][gc,phases      ] GC(109)     Total                          Min: 0, Avg:  0.0, Max: 0, Diff: 0, Sum: 0, Workers: 4
[3363.653s][debug][gc,phases      ] GC(109)   StringDedup Requests1 Weak     Min: 0.00, Avg: 0.00, Max: 0.00, Diff: 0.00, Sum: 0.00, Workers: 4
[3363.653s][debug][gc,phases      ] GC(109)     Dead                           Min: 0, Avg:  0.0, Max: 0, Diff: 0, Sum: 0, Workers: 4
[3363.653s][debug][gc,phases      ] GC(109)     Total                          Min: 0, Avg:  0.0, Max: 0, Diff: 0, Sum: 0, Workers: 4
[3363.653s][debug][gc,phases      ] GC(109)   Weak JFR Old Object Samples    Min: 0.00, Avg: 0.00, Max: 0.00, Diff: 0.00, Sum: 0.00, Workers: 4
[3363.653s][debug][gc,phases      ] GC(109)     Dead                           Min: 0, Avg:  0.0, Max: 0, Diff: 0, Sum: 0, Workers: 4
[3363.653s][debug][gc,phases      ] GC(109)     Total                          Min: 0, Avg:  0.0, Max: 0, Diff: 0, Sum: 0, Workers: 4
[3363.653s][debug][gc,phases      ] GC(109) Weak Processing 0.347ms
[3363.653s][debug][gc,age         ] GC(109) Desired survivor size 9437184 bytes, new threshold 1 (max threshold 15)
[3363.653s][info ][gc,heap        ] GC(109) PSYoungGen: 2083136K(2087936K)->6240K(2087424K) Eden: 2078208K(2078208K)->0K(2078208K) From: 4928K(9728K)->6240K(9216K)
[3363.653s][info ][gc,heap        ] GC(109) ParOldGen: 838662K(839168K)->839754K(840192K)
[3363.653s][info ][gc,metaspace   ] GC(109) Metaspace: 111387K(112640K)->111387K(112640K) NonClass: 95142K(95872K)->95142K(95872K) Class: 16244K(16768K)->16244K(16768K)
[3363.653s][info ][gc             ] GC(109) Pause Young (Allocation Failure) 2853M->826M(2859M) 7.046ms
[3363.653s][info ][gc,cpu         ] GC(109) User=0.02s Sys=0.00s Real=0.01s
[3363.653s][info ][safepoint      ] Safepoint "ParallelCollectForAllocation", Time since last: 32041391149 ns, Reaching safepoint: 114800 ns, At safepoint: 7118066 ns, Leaving safepoint: 7500 ns, Total: 7240366 ns, Threads: 1 runnable, 35 total
[3386.441s][info ][gc,start       ] GC(110) Pause Young (Allocation Failure)
[3386.466s][debug][gc,phases      ] GC(110) Scavenge 24.133ms
[3386.466s][debug][gc,ref         ] GC(110) Skipped SoftWeakFinalRefsPhase of Reference Processing: no references
[3386.466s][debug][gc,ref         ] GC(110) Skipped KeepAliveFinalRefsPhase of Reference Processing: no references
[3386.466s][debug][gc,ref         ] GC(110) Skipped PhantomRefsPhase of Reference Processing: no references
[3386.466s][debug][gc,phases      ] GC(110) Reference Processing 0.020ms
[3386.466s][debug][gc,phases      ] GC(110)   VM Weak                        Min: 0.00, Avg: 0.00, Max: 0.01, Diff: 0.01, Sum: 0.01, Workers: 4
[3386.466s][debug][gc,phases      ] GC(110)     Dead                           Min: 0, Avg:  0.0, Max: 0, Diff: 0, Sum: 0, Workers: 4
[3386.466s][debug][gc,phases      ] GC(110)     Total                          Min: 0, Avg: 233.5, Max: 576, Diff: 576, Sum: 934, Workers: 4
[3386.466s][debug][gc,phases      ] GC(110)   ObjectSynchronizer Weak        Min: 0.00, Avg: 0.00, Max: 0.00, Diff: 0.00, Sum: 0.00, Workers: 4
[3386.466s][debug][gc,phases      ] GC(110)     Dead                           Min: 0, Avg:  0.0, Max: 0, Diff: 0, Sum: 0, Workers: 4
[3386.466s][debug][gc,phases      ] GC(110)     Total                          Min: 0, Avg:  1.8, Max: 7, Diff: 7, Sum: 7, Workers: 4
[3386.466s][debug][gc,phases      ] GC(110)   JVMTI Tag Weak OopStorage      Min: 0.00, Avg: 0.00, Max: 0.00, Diff: 0.00, Sum: 0.00, Workers: 4
[3386.466s][debug][gc,phases      ] GC(110)     Dead                           Min: 0, Avg:  0.0, Max: 0, Diff: 0, Sum: 0, Workers: 4
[3386.466s][debug][gc,phases      ] GC(110)     Total                          Min: 0, Avg:  0.0, Max: 0, Diff: 0, Sum: 0, Workers: 4
[3386.466s][debug][gc,phases      ] GC(110)   StringTable Weak               Min: 0.00, Avg: 0.10, Max: 0.14, Diff: 0.14, Sum: 0.40, Workers: 4
[3386.466s][debug][gc,phases      ] GC(110)     Dead                           Min: 0, Avg:  0.0, Max: 0, Diff: 0, Sum: 0, Workers: 4
[3386.466s][debug][gc,phases      ] GC(110)     Total                          Min: 0, Avg: 12708.8, Max: 22592, Diff: 22592, Sum: 50835, Workers: 4
[3386.466s][debug][gc,phases      ] GC(110)   ResolvedMethodTable Weak       Min: 0.00, Avg: 0.05, Max: 0.06, Diff: 0.06, Sum: 0.18, Workers: 4
[3386.466s][debug][gc,phases      ] GC(110)     Dead                           Min: 0, Avg:  5.0, Max: 17, Diff: 17, Sum: 20, Workers: 4
[3386.466s][debug][gc,phases      ] GC(110)     Total                          Min: 0, Avg: 4258.8, Max: 6569, Diff: 6569, Sum: 17035, Workers: 4
[3386.466s][debug][gc,phases      ] GC(110)   JNI Weak                       Min: 0.00, Avg: 0.00, Max: 0.00, Diff: 0.00, Sum: 0.00, Workers: 4
[3386.466s][debug][gc,phases      ] GC(110)     Dead                           Min: 0, Avg:  0.0, Max: 0, Diff: 0, Sum: 0, Workers: 4
[3386.466s][debug][gc,phases      ] GC(110)     Total                          Min: 0, Avg: 13.0, Max: 52, Diff: 52, Sum: 52, Workers: 4
[3386.466s][debug][gc,phases      ] GC(110)   StringDedup Table Weak         Min: 0.00, Avg: 0.00, Max: 0.00, Diff: 0.00, Sum: 0.00, Workers: 4
[3386.466s][debug][gc,phases      ] GC(110)     Dead                           Min: 0, Avg:  0.0, Max: 0, Diff: 0, Sum: 0, Workers: 4
[3386.466s][debug][gc,phases      ] GC(110)     Total                          Min: 0, Avg:  0.0, Max: 0, Diff: 0, Sum: 0, Workers: 4
[3386.466s][debug][gc,phases      ] GC(110)   StringDedup Requests0 Weak     Min: 0.00, Avg: 0.00, Max: 0.00, Diff: 0.00, Sum: 0.00, Workers: 4
[3386.466s][debug][gc,phases      ] GC(110)     Dead                           Min: 0, Avg:  0.0, Max: 0, Diff: 0, Sum: 0, Workers: 4
[3386.466s][debug][gc,phases      ] GC(110)     Total                          Min: 0, Avg:  0.0, Max: 0, Diff: 0, Sum: 0, Workers: 4
[3386.466s][debug][gc,phases      ] GC(110)   StringDedup Requests1 Weak     Min: 0.00, Avg: 0.00, Max: 0.00, Diff: 0.00, Sum: 0.00, Workers: 4
[3386.466s][debug][gc,phases      ] GC(110)     Dead                           Min: 0, Avg:  0.0, Max: 0, Diff: 0, Sum: 0, Workers: 4
[3386.466s][debug][gc,phases      ] GC(110)     Total                          Min: 0, Avg:  0.0, Max: 0, Diff: 0, Sum: 0, Workers: 4
[3386.466s][debug][gc,phases      ] GC(110)   Weak JFR Old Object Samples    Min: 0.00, Avg: 0.00, Max: 0.00, Diff: 0.00, Sum: 0.00, Workers: 4
[3386.466s][debug][gc,phases      ] GC(110)     Dead                           Min: 0, Avg:  0.0, Max: 0, Diff: 0, Sum: 0, Workers: 4
[3386.466s][debug][gc,phases      ] GC(110)     Total                          Min: 0, Avg:  0.0, Max: 0, Diff: 0, Sum: 0, Workers: 4
[3386.466s][debug][gc,phases      ] GC(110) Weak Processing 0.400ms
[3386.466s][debug][gc,age         ] GC(110) Desired survivor size 22544384 bytes, new threshold 1 (max threshold 15)
[3386.466s][info ][gc,heap        ] GC(110) PSYoungGen: 2084448K(2087424K)->9200K(2062336K) Eden: 2078208K(2078208K)->0K(2053120K) From: 6240K(9216K)->9200K(9216K)
[3386.466s][info ][gc,heap        ] GC(110) ParOldGen: 839754K(840192K)->871169K(871424K)
[3386.466s][info ][gc,metaspace   ] GC(110) Metaspace: 111394K(112640K)->111394K(112640K) NonClass: 95149K(95872K)->95149K(95872K) Class: 16244K(16768K)->16244K(16768K)
[3386.466s][info ][gc             ] GC(110) Pause Young (Allocation Failure) 2855M->859M(2865M) 24.675ms
[3386.466s][info ][gc,cpu         ] GC(110) User=0.07s Sys=0.01s Real=0.02s
[3386.466s][info ][safepoint      ] Safepoint "ParallelCollectForAllocation", Time since last: 22788689129 ns, Reaching safepoint: 84700 ns, At safepoint: 24740054 ns, Leaving safepoint: 14200 ns, Total: 24838954 ns, Threads: 1 runnable, 35 total
[3397.643s][info ][gc,start       ] GC(111) Pause Young (Allocation Failure)
[3397.672s][debug][gc,phases      ] GC(111) Scavenge 28.436ms
[3397.672s][debug][gc,ref         ] GC(111) Skipped SoftWeakFinalRefsPhase of Reference Processing: no references
[3397.672s][debug][gc,ref         ] GC(111) Skipped KeepAliveFinalRefsPhase of Reference Processing: no references
[3397.672s][debug][gc,ref         ] GC(111) Skipped PhantomRefsPhase of Reference Processing: no references
[3397.672s][debug][gc,phases      ] GC(111) Reference Processing 0.019ms
[3397.672s][debug][gc,phases      ] GC(111)   VM Weak                        Min: 0.00, Avg: 0.00, Max: 0.01, Diff: 0.01, Sum: 0.01, Workers: 4
[3397.672s][debug][gc,phases      ] GC(111)     Dead                           Min: 0, Avg:  0.0, Max: 0, Diff: 0, Sum: 0, Workers: 4
[3397.672s][debug][gc,phases      ] GC(111)     Total                          Min: 0, Avg: 233.5, Max: 934, Diff: 934, Sum: 934, Workers: 4
[3397.672s][debug][gc,phases      ] GC(111)   ObjectSynchronizer Weak        Min: 0.00, Avg: 0.00, Max: 0.00, Diff: 0.00, Sum: 0.00, Workers: 4
[3397.672s][debug][gc,phases      ] GC(111)     Dead                           Min: 0, Avg:  0.0, Max: 0, Diff: 0, Sum: 0, Workers: 4
[3397.672s][debug][gc,phases      ] GC(111)     Total                          Min: 0, Avg:  2.0, Max: 8, Diff: 8, Sum: 8, Workers: 4
[3397.672s][debug][gc,phases      ] GC(111)   JVMTI Tag Weak OopStorage      Min: 0.00, Avg: 0.00, Max: 0.00, Diff: 0.00, Sum: 0.00, Workers: 4
[3397.672s][debug][gc,phases      ] GC(111)     Dead                           Min: 0, Avg:  0.0, Max: 0, Diff: 0, Sum: 0, Workers: 4
[3397.672s][debug][gc,phases      ] GC(111)     Total                          Min: 0, Avg:  0.0, Max: 0, Diff: 0, Sum: 0, Workers: 4
[3397.672s][debug][gc,phases      ] GC(111)   StringTable Weak               Min: 0.11, Avg: 0.12, Max: 0.12, Diff: 0.01, Sum: 0.47, Workers: 4
[3397.672s][debug][gc,phases      ] GC(111)     Dead                           Min: 0, Avg:  0.0, Max: 0, Diff: 0, Sum: 0, Workers: 4
[3397.672s][debug][gc,phases      ] GC(111)     Total                          Min: 12096, Avg: 12710.2, Max: 13056, Diff: 960, Sum: 50841, Workers: 4
[3397.672s][debug][gc,phases      ] GC(111)   ResolvedMethodTable Weak       Min: 0.04, Avg: 0.04, Max: 0.04, Diff: 0.00, Sum: 0.16, Workers: 4
[3397.672s][debug][gc,phases      ] GC(111)     Dead                           Min: 0, Avg:  5.0, Max: 12, Diff: 12, Sum: 20, Workers: 4
[3397.672s][debug][gc,phases      ] GC(111)     Total                          Min: 4186, Avg: 4259.8, Max: 4318, Diff: 132, Sum: 17039, Workers: 4
[3397.672s][debug][gc,phases      ] GC(111)   JNI Weak                       Min: 0.00, Avg: 0.00, Max: 0.00, Diff: 0.00, Sum: 0.00, Workers: 4
[3397.672s][debug][gc,phases      ] GC(111)     Dead                           Min: 0, Avg:  0.0, Max: 0, Diff: 0, Sum: 0, Workers: 4
[3397.672s][debug][gc,phases      ] GC(111)     Total                          Min: 0, Avg: 13.0, Max: 48, Diff: 48, Sum: 52, Workers: 4
[3397.672s][debug][gc,phases      ] GC(111)   StringDedup Table Weak         Min: 0.00, Avg: 0.00, Max: 0.00, Diff: 0.00, Sum: 0.00, Workers: 4
[3397.672s][debug][gc,phases      ] GC(111)     Dead                           Min: 0, Avg:  0.0, Max: 0, Diff: 0, Sum: 0, Workers: 4
[3397.672s][debug][gc,phases      ] GC(111)     Total                          Min: 0, Avg:  0.0, Max: 0, Diff: 0, Sum: 0, Workers: 4
[3397.672s][debug][gc,phases      ] GC(111)   StringDedup Requests0 Weak     Min: 0.00, Avg: 0.00, Max: 0.00, Diff: 0.00, Sum: 0.00, Workers: 4
[3397.672s][debug][gc,phases      ] GC(111)     Dead                           Min: 0, Avg:  0.0, Max: 0, Diff: 0, Sum: 0, Workers: 4
[3397.672s][debug][gc,phases      ] GC(111)     Total                          Min: 0, Avg:  0.0, Max: 0, Diff: 0, Sum: 0, Workers: 4
[3397.672s][debug][gc,phases      ] GC(111)   StringDedup Requests1 Weak     Min: 0.00, Avg: 0.00, Max: 0.00, Diff: 0.00, Sum: 0.00, Workers: 4
[3397.672s][debug][gc,phases      ] GC(111)     Dead                           Min: 0, Avg:  0.0, Max: 0, Diff: 0, Sum: 0, Workers: 4
[3397.672s][debug][gc,phases      ] GC(111)     Total                          Min: 0, Avg:  0.0, Max: 0, Diff: 0, Sum: 0, Workers: 4
[3397.672s][debug][gc,phases      ] GC(111)   Weak JFR Old Object Samples    Min: 0.00, Avg: 0.00, Max: 0.00, Diff: 0.00, Sum: 0.00, Workers: 4
[3397.672s][debug][gc,phases      ] GC(111)     Dead                           Min: 0, Avg:  0.0, Max: 0, Diff: 0, Sum: 0, Workers: 4
[3397.672s][debug][gc,phases      ] GC(111)     Total                          Min: 0, Avg:  0.0, Max: 0, Diff: 0, Sum: 0, Workers: 4
[3397.672s][debug][gc,phases      ] GC(111) Weak Processing 0.348ms
[3397.672s][debug][gc,age         ] GC(111) Desired survivor size 38797312 bytes, new threshold 1 (max threshold 15)
[3397.672s][info ][gc,heap        ] GC(111) PSYoungGen: 2062320K(2062336K)->21984K(2075136K) Eden: 2053120K(2053120K)->0K(2053120K) From: 9200K(9216K)->21984K(22016K)
[3397.672s][info ][gc,heap        ] GC(111) ParOldGen: 871169K(871424K)->904192K(904704K)
[3397.672s][info ][gc,metaspace   ] GC(111) Metaspace: 111423K(112704K)->111423K(112704K) NonClass: 95177K(95936K)->95177K(95936K) Class: 16245K(16768K)->16245K(16768K)
[3397.672s][info ][gc             ] GC(111) Pause Young (Allocation Failure) 2864M->904M(2910M) 28.939ms
[3397.672s][info ][gc,cpu         ] GC(111) User=0.08s Sys=0.02s Real=0.03s
[3397.672s][info ][safepoint      ] Safepoint "ParallelCollectForAllocation", Time since last: 11177031944 ns, Reaching safepoint: 83600 ns, At safepoint: 29014357 ns, Leaving safepoint: 11100 ns, Total: 29109057 ns, Threads: 1 runnable, 38 total
[3415.411s][info ][gc,start       ] GC(112) Pause Young (Allocation Failure)
[3415.425s][debug][gc,phases      ] GC(112) Scavenge 14.010ms
[3415.425s][debug][gc,ref         ] GC(112) ReferenceProcessor::execute queues: 1, RefProcThreadModel::Single, marks_oops_alive: false
[3415.425s][debug][gc,ref         ] GC(112) Skipped KeepAliveFinalRefsPhase of Reference Processing: no references
[3415.425s][debug][gc,ref         ] GC(112) Skipped PhantomRefsPhase of Reference Processing: no references
[3415.425s][debug][gc,phases      ] GC(112) Reference Processing 0.097ms
[3415.425s][debug][gc,phases      ] GC(112)   VM Weak                        Min: 0.00, Avg: 0.00, Max: 0.01, Diff: 0.01, Sum: 0.01, Workers: 4
[3415.426s][debug][gc,phases      ] GC(112)     Dead                           Min: 0, Avg:  0.0, Max: 0, Diff: 0, Sum: 0, Workers: 4
[3415.426s][debug][gc,phases      ] GC(112)     Total                          Min: 0, Avg: 234.5, Max: 576, Diff: 576, Sum: 938, Workers: 4
[3415.426s][debug][gc,phases      ] GC(112)   ObjectSynchronizer Weak        Min: 0.00, Avg: 0.00, Max: 0.00, Diff: 0.00, Sum: 0.00, Workers: 4
[3415.426s][debug][gc,phases      ] GC(112)     Dead                           Min: 0, Avg:  0.0, Max: 0, Diff: 0, Sum: 0, Workers: 4
[3415.426s][debug][gc,phases      ] GC(112)     Total                          Min: 0, Avg:  2.0, Max: 8, Diff: 8, Sum: 8, Workers: 4
[3415.426s][debug][gc,phases      ] GC(112)   JVMTI Tag Weak OopStorage      Min: 0.00, Avg: 0.00, Max: 0.00, Diff: 0.00, Sum: 0.00, Workers: 4
[3415.426s][debug][gc,phases      ] GC(112)     Dead                           Min: 0, Avg:  0.0, Max: 0, Diff: 0, Sum: 0, Workers: 4
[3415.426s][debug][gc,phases      ] GC(112)     Total                          Min: 0, Avg:  0.0, Max: 0, Diff: 0, Sum: 0, Workers: 4
[3415.426s][debug][gc,phases      ] GC(112)   StringTable Weak               Min: 0.11, Avg: 0.11, Max: 0.12, Diff: 0.01, Sum: 0.46, Workers: 4
[3415.426s][debug][gc,phases      ] GC(112)     Dead                           Min: 0, Avg:  0.0, Max: 0, Diff: 0, Sum: 0, Workers: 4
[3415.426s][debug][gc,phases      ] GC(112)     Total                          Min: 12224, Avg: 12712.2, Max: 13312, Diff: 1088, Sum: 50849, Workers: 4
[3415.426s][debug][gc,phases      ] GC(112)   ResolvedMethodTable Weak       Min: 0.05, Avg: 0.05, Max: 0.05, Diff: 0.00, Sum: 0.19, Workers: 4
[3415.426s][debug][gc,phases      ] GC(112)     Dead                           Min: 3, Avg:  5.2, Max: 7, Diff: 4, Sum: 21, Workers: 4
[3415.426s][debug][gc,phases      ] GC(112)     Total                          Min: 4129, Avg: 4262.8, Max: 4390, Diff: 261, Sum: 17051, Workers: 4
[3415.426s][debug][gc,phases      ] GC(112)   JNI Weak                       Min: 0.00, Avg: 0.00, Max: 0.00, Diff: 0.00, Sum: 0.00, Workers: 4
[3415.426s][debug][gc,phases      ] GC(112)     Dead                           Min: 0, Avg:  0.0, Max: 0, Diff: 0, Sum: 0, Workers: 4
[3415.426s][debug][gc,phases      ] GC(112)     Total                          Min: 0, Avg: 13.0, Max: 48, Diff: 48, Sum: 52, Workers: 4
[3415.426s][debug][gc,phases      ] GC(112)   StringDedup Table Weak         Min: 0.00, Avg: 0.00, Max: 0.00, Diff: 0.00, Sum: 0.00, Workers: 4
[3415.426s][debug][gc,phases      ] GC(112)     Dead                           Min: 0, Avg:  0.0, Max: 0, Diff: 0, Sum: 0, Workers: 4
[3415.426s][debug][gc,phases      ] GC(112)     Total                          Min: 0, Avg:  0.0, Max: 0, Diff: 0, Sum: 0, Workers: 4
[3415.426s][debug][gc,phases      ] GC(112)   StringDedup Requests0 Weak     Min: 0.00, Avg: 0.00, Max: 0.00, Diff: 0.00, Sum: 0.00, Workers: 4
[3415.426s][debug][gc,phases      ] GC(112)     Dead                           Min: 0, Avg:  0.0, Max: 0, Diff: 0, Sum: 0, Workers: 4
[3415.426s][debug][gc,phases      ] GC(112)     Total                          Min: 0, Avg:  0.0, Max: 0, Diff: 0, Sum: 0, Workers: 4
[3415.426s][debug][gc,phases      ] GC(112)   StringDedup Requests1 Weak     Min: 0.00, Avg: 0.00, Max: 0.00, Diff: 0.00, Sum: 0.00, Workers: 4
[3415.426s][debug][gc,phases      ] GC(112)     Dead                           Min: 0, Avg:  0.0, Max: 0, Diff: 0, Sum: 0, Workers: 4
[3415.426s][debug][gc,phases      ] GC(112)     Total                          Min: 0, Avg:  0.0, Max: 0, Diff: 0, Sum: 0, Workers: 4
[3415.426s][debug][gc,phases      ] GC(112)   Weak JFR Old Object Samples    Min: 0.00, Avg: 0.00, Max: 0.00, Diff: 0.00, Sum: 0.00, Workers: 4
[3415.426s][debug][gc,phases      ] GC(112)     Dead                           Min: 0, Avg:  0.0, Max: 0, Diff: 0, Sum: 0, Workers: 4
[3415.426s][debug][gc,phases      ] GC(112)     Total                          Min: 0, Avg:  0.0, Max: 0, Diff: 0, Sum: 0, Workers: 4
[3415.426s][debug][gc,phases      ] GC(112) Weak Processing 0.348ms
[3415.426s][debug][gc,age         ] GC(112) Desired survivor size 37224448 bytes, new threshold 1 (max threshold 15)
[3415.426s][info ][gc,heap        ] GC(112) PSYoungGen: 2075104K(2075136K)->7184K(2046464K) Eden: 2053120K(2053120K)->0K(2024448K) From: 21984K(22016K)->7184K(22016K)
[3415.426s][info ][gc,heap        ] GC(112) ParOldGen: 904192K(904704K)->926204K(926208K)
[3415.426s][info ][gc,metaspace   ] GC(112) Metaspace: 111442K(112704K)->111442K(112704K) NonClass: 95192K(95936K)->95192K(95936K) Class: 16249K(16768K)->16249K(16768K)
[3415.426s][info ][gc             ] GC(112) Pause Young (Allocation Failure) 2909M->911M(2903M) 14.584ms
[3415.426s][info ][gc,cpu         ] GC(112) User=0.04s Sys=0.02s Real=0.01s
[3415.426s][info ][safepoint      ] Safepoint "ParallelCollectForAllocation", Time since last: 17738669694 ns, Reaching safepoint: 6100 ns, At safepoint: 14655926 ns, Leaving safepoint: 11900 ns, Total: 14673926 ns, Threads: 0 runnable, 38 total
[3434.110s][info ][gc,start       ] GC(113) Pause Young (Allocation Failure)
[3434.124s][debug][gc,phases      ] GC(113) Scavenge 13.949ms
[3434.124s][debug][gc,ref         ] GC(113) ReferenceProcessor::execute queues: 1, RefProcThreadModel::Single, marks_oops_alive: false
[3434.124s][debug][gc,ref         ] GC(113) Skipped KeepAliveFinalRefsPhase of Reference Processing: no references
[3434.124s][debug][gc,ref         ] GC(113) Skipped PhantomRefsPhase of Reference Processing: no references
[3434.124s][debug][gc,phases      ] GC(113) Reference Processing 0.107ms
[3434.124s][debug][gc,phases      ] GC(113)   VM Weak                        Min: 0.00, Avg: 0.00, Max: 0.01, Diff: 0.01, Sum: 0.01, Workers: 4
[3434.124s][debug][gc,phases      ] GC(113)     Dead                           Min: 0, Avg:  0.0, Max: 0, Diff: 0, Sum: 0, Workers: 4
[3434.124s][debug][gc,phases      ] GC(113)     Total                          Min: 0, Avg: 234.5, Max: 938, Diff: 938, Sum: 938, Workers: 4
[3434.124s][debug][gc,phases      ] GC(113)   ObjectSynchronizer Weak        Min: 0.00, Avg: 0.00, Max: 0.00, Diff: 0.00, Sum: 0.00, Workers: 4
[3434.124s][debug][gc,phases      ] GC(113)     Dead                           Min: 0, Avg:  0.0, Max: 0, Diff: 0, Sum: 0, Workers: 4
[3434.124s][debug][gc,phases      ] GC(113)     Total                          Min: 0, Avg:  1.5, Max: 6, Diff: 6, Sum: 6, Workers: 4
[3434.124s][debug][gc,phases      ] GC(113)   JVMTI Tag Weak OopStorage      Min: 0.00, Avg: 0.00, Max: 0.00, Diff: 0.00, Sum: 0.00, Workers: 4
[3434.124s][debug][gc,phases      ] GC(113)     Dead                           Min: 0, Avg:  0.0, Max: 0, Diff: 0, Sum: 0, Workers: 4
[3434.124s][debug][gc,phases      ] GC(113)     Total                          Min: 0, Avg:  0.0, Max: 0, Diff: 0, Sum: 0, Workers: 4
[3434.124s][debug][gc,phases      ] GC(113)   StringTable Weak               Min: 0.00, Avg: 0.11, Max: 0.23, Diff: 0.23, Sum: 0.45, Workers: 4
[3434.124s][debug][gc,phases      ] GC(113)     Dead                           Min: 0, Avg:  0.0, Max: 0, Diff: 0, Sum: 0, Workers: 4
[3434.124s][debug][gc,phases      ] GC(113)     Total                          Min: 0, Avg: 12712.2, Max: 25792, Diff: 25792, Sum: 50849, Workers: 4
[3434.124s][debug][gc,phases      ] GC(113)   ResolvedMethodTable Weak       Min: 0.00, Avg: 0.03, Max: 0.07, Diff: 0.07, Sum: 0.14, Workers: 4
[3434.124s][debug][gc,phases      ] GC(113)     Dead                           Min: 0, Avg:  0.0, Max: 0, Diff: 0, Sum: 0, Workers: 4
[3434.124s][debug][gc,phases      ] GC(113)     Total                          Min: 0, Avg: 4262.8, Max: 9277, Diff: 9277, Sum: 17051, Workers: 4
[3434.124s][debug][gc,phases      ] GC(113)   JNI Weak                       Min: 0.00, Avg: 0.00, Max: 0.00, Diff: 0.00, Sum: 0.00, Workers: 4
[3434.124s][debug][gc,phases      ] GC(113)     Dead                           Min: 0, Avg:  0.0, Max: 0, Diff: 0, Sum: 0, Workers: 4
[3434.124s][debug][gc,phases      ] GC(113)     Total                          Min: 0, Avg: 13.0, Max: 48, Diff: 48, Sum: 52, Workers: 4
[3434.124s][debug][gc,phases      ] GC(113)   StringDedup Table Weak         Min: 0.00, Avg: 0.00, Max: 0.00, Diff: 0.00, Sum: 0.00, Workers: 4
[3434.124s][debug][gc,phases      ] GC(113)     Dead                           Min: 0, Avg:  0.0, Max: 0, Diff: 0, Sum: 0, Workers: 4
[3434.124s][debug][gc,phases      ] GC(113)     Total                          Min: 0, Avg:  0.0, Max: 0, Diff: 0, Sum: 0, Workers: 4
[3434.124s][debug][gc,phases      ] GC(113)   StringDedup Requests0 Weak     Min: 0.00, Avg: 0.00, Max: 0.00, Diff: 0.00, Sum: 0.00, Workers: 4
[3434.124s][debug][gc,phases      ] GC(113)     Dead                           Min: 0, Avg:  0.0, Max: 0, Diff: 0, Sum: 0, Workers: 4
[3434.124s][debug][gc,phases      ] GC(113)     Total                          Min: 0, Avg:  0.0, Max: 0, Diff: 0, Sum: 0, Workers: 4
[3434.124s][debug][gc,phases      ] GC(113)   StringDedup Requests1 Weak     Min: 0.00, Avg: 0.00, Max: 0.00, Diff: 0.00, Sum: 0.00, Workers: 4
[3434.124s][debug][gc,phases      ] GC(113)     Dead                           Min: 0, Avg:  0.0, Max: 0, Diff: 0, Sum: 0, Workers: 4
[3434.124s][debug][gc,phases      ] GC(113)     Total                          Min: 0, Avg:  0.0, Max: 0, Diff: 0, Sum: 0, Workers: 4
[3434.124s][debug][gc,phases      ] GC(113)   Weak JFR Old Object Samples    Min: 0.00, Avg: 0.00, Max: 0.00, Diff: 0.00, Sum: 0.00, Workers: 4
[3434.124s][debug][gc,phases      ] GC(113)     Dead                           Min: 0, Avg:  0.0, Max: 0, Diff: 0, Sum: 0, Workers: 4
[3434.124s][debug][gc,phases      ] GC(113)     Total                          Min: 0, Avg:  0.0, Max: 0, Diff: 0, Sum: 0, Workers: 4
[3434.124s][debug][gc,phases      ] GC(113) Weak Processing 0.566ms
[3434.124s][debug][gc,age         ] GC(113) Desired survivor size 36175872 bytes, new threshold 1 (max threshold 15)
[3434.124s][info ][gc,heap        ] GC(113) PSYoungGen: 2031632K(2046464K)->4512K(2060800K) Eden: 2024448K(2024448K)->0K(2024448K) From: 7184K(22016K)->4512K(36352K)
[3434.124s][info ][gc,heap        ] GC(113) ParOldGen: 926204K(926208K)->930217K(930304K)
[3434.124s][info ][gc,metaspace   ] GC(113) Metaspace: 111448K(112704K)->111448K(112704K) NonClass: 95199K(95936K)->95199K(95936K) Class: 16249K(16768K)->16249K(16768K)
[3434.124s][info ][gc             ] GC(113) Pause Young (Allocation Failure) 2888M->912M(2921M) 14.750ms
[3434.124s][info ][gc,cpu         ] GC(113) User=0.03s Sys=0.00s Real=0.01s
[3434.124s][info ][safepoint      ] Safepoint "ParallelCollectForAllocation", Time since last: 18683870452 ns, Reaching safepoint: 27900 ns, At safepoint: 14829728 ns, Leaving safepoint: 7300 ns, Total: 14864928 ns, Threads: 0 runnable, 38 total
[3453.645s][info ][gc,start       ] GC(114) Pause Young (Allocation Failure)
[3453.658s][debug][gc,phases      ] GC(114) Scavenge 13.310ms
[3453.658s][debug][gc,ref         ] GC(114) Skipped SoftWeakFinalRefsPhase of Reference Processing: no references
[3453.658s][debug][gc,ref         ] GC(114) Skipped KeepAliveFinalRefsPhase of Reference Processing: no references
[3453.658s][debug][gc,ref         ] GC(114) Skipped PhantomRefsPhase of Reference Processing: no references
[3453.658s][debug][gc,phases      ] GC(114) Reference Processing 0.030ms
[3453.659s][debug][gc,phases      ] GC(114)   VM Weak                        Min: 0.00, Avg: 0.00, Max: 0.01, Diff: 0.01, Sum: 0.01, Workers: 4
[3453.659s][debug][gc,phases      ] GC(114)     Dead                           Min: 0, Avg:  0.0, Max: 0, Diff: 0, Sum: 0, Workers: 4
[3453.659s][debug][gc,phases      ] GC(114)     Total                          Min: 0, Avg: 234.5, Max: 938, Diff: 938, Sum: 938, Workers: 4
[3453.659s][debug][gc,phases      ] GC(114)   ObjectSynchronizer Weak        Min: 0.00, Avg: 0.00, Max: 0.00, Diff: 0.00, Sum: 0.00, Workers: 4
[3453.659s][debug][gc,phases      ] GC(114)     Dead                           Min: 0, Avg:  0.0, Max: 0, Diff: 0, Sum: 0, Workers: 4
[3453.659s][debug][gc,phases      ] GC(114)     Total                          Min: 0, Avg:  1.5, Max: 6, Diff: 6, Sum: 6, Workers: 4
[3453.659s][debug][gc,phases      ] GC(114)   JVMTI Tag Weak OopStorage      Min: 0.00, Avg: 0.00, Max: 0.00, Diff: 0.00, Sum: 0.00, Workers: 4
[3453.659s][debug][gc,phases      ] GC(114)     Dead                           Min: 0, Avg:  0.0, Max: 0, Diff: 0, Sum: 0, Workers: 4
[3453.659s][debug][gc,phases      ] GC(114)     Total                          Min: 0, Avg:  0.0, Max: 0, Diff: 0, Sum: 0, Workers: 4
[3453.659s][debug][gc,phases      ] GC(114)   StringTable Weak               Min: 0.00, Avg: 0.12, Max: 0.16, Diff: 0.16, Sum: 0.47, Workers: 4
[3453.659s][debug][gc,phases      ] GC(114)     Dead                           Min: 0, Avg:  0.0, Max: 0, Diff: 0, Sum: 0, Workers: 4
[3453.659s][debug][gc,phases      ] GC(114)     Total                          Min: 0, Avg: 12713.0, Max: 17280, Diff: 17280, Sum: 50852, Workers: 4
[3453.659s][debug][gc,phases      ] GC(114)   ResolvedMethodTable Weak       Min: 0.00, Avg: 0.04, Max: 0.05, Diff: 0.05, Sum: 0.15, Workers: 4
[3453.659s][debug][gc,phases      ] GC(114)     Dead                           Min: 0, Avg:  5.0, Max: 18, Diff: 18, Sum: 20, Workers: 4
[3453.659s][debug][gc,phases      ] GC(114)     Total                          Min: 0, Avg: 4262.8, Max: 5897, Diff: 5897, Sum: 17051, Workers: 4
[3453.659s][debug][gc,phases      ] GC(114)   JNI Weak                       Min: 0.00, Avg: 0.00, Max: 0.00, Diff: 0.00, Sum: 0.00, Workers: 4
[3453.659s][debug][gc,phases      ] GC(114)     Dead                           Min: 0, Avg:  0.0, Max: 0, Diff: 0, Sum: 0, Workers: 4
[3453.659s][debug][gc,phases      ] GC(114)     Total                          Min: 0, Avg: 13.0, Max: 48, Diff: 48, Sum: 52, Workers: 4
[3453.659s][debug][gc,phases      ] GC(114)   StringDedup Table Weak         Min: 0.00, Avg: 0.00, Max: 0.00, Diff: 0.00, Sum: 0.00, Workers: 4
[3453.659s][debug][gc,phases      ] GC(114)     Dead                           Min: 0, Avg:  0.0, Max: 0, Diff: 0, Sum: 0, Workers: 4
[3453.659s][debug][gc,phases      ] GC(114)     Total                          Min: 0, Avg:  0.0, Max: 0, Diff: 0, Sum: 0, Workers: 4
[3453.659s][debug][gc,phases      ] GC(114)   StringDedup Requests0 Weak     Min: 0.00, Avg: 0.00, Max: 0.00, Diff: 0.00, Sum: 0.00, Workers: 4
[3453.659s][debug][gc,phases      ] GC(114)     Dead                           Min: 0, Avg:  0.0, Max: 0, Diff: 0, Sum: 0, Workers: 4
[3453.659s][debug][gc,phases      ] GC(114)     Total                          Min: 0, Avg:  0.0, Max: 0, Diff: 0, Sum: 0, Workers: 4
[3453.659s][debug][gc,phases      ] GC(114)   StringDedup Requests1 Weak     Min: 0.00, Avg: 0.00, Max: 0.00, Diff: 0.00, Sum: 0.00, Workers: 4
[3453.659s][debug][gc,phases      ] GC(114)     Dead                           Min: 0, Avg:  0.0, Max: 0, Diff: 0, Sum: 0, Workers: 4
[3453.659s][debug][gc,phases      ] GC(114)     Total                          Min: 0, Avg:  0.0, Max: 0, Diff: 0, Sum: 0, Workers: 4
[3453.659s][debug][gc,phases      ] GC(114)   Weak JFR Old Object Samples    Min: 0.00, Avg: 0.00, Max: 0.00, Diff: 0.00, Sum: 0.00, Workers: 4
[3453.659s][debug][gc,phases      ] GC(114)     Dead                           Min: 0, Avg:  0.0, Max: 0, Diff: 0, Sum: 0, Workers: 4
[3453.659s][debug][gc,phases      ] GC(114)     Total                          Min: 0, Avg:  0.0, Max: 0, Diff: 0, Sum: 0, Workers: 4
[3453.659s][debug][gc,phases      ] GC(114) Weak Processing 0.448ms
[3453.659s][debug][gc,age         ] GC(114) Desired survivor size 35651584 bytes, new threshold 1 (max threshold 15)
[3453.659s][info ][gc,heap        ] GC(114) PSYoungGen: 2028960K(2060800K)->3600K(2062336K) Eden: 2024448K(2024448K)->0K(2027008K) From: 4512K(36352K)->3600K(35328K)
[3453.659s][info ][gc,heap        ] GC(114) ParOldGen: 930217K(930304K)->932338K(932864K)
[3453.659s][info ][gc,metaspace   ] GC(114) Metaspace: 111464K(112704K)->111464K(112704K) NonClass: 95215K(95936K)->95215K(95936K) Class: 16249K(16768K)->16249K(16768K)
[3453.659s][info ][gc             ] GC(114) Pause Young (Allocation Failure) 2889M->914M(2925M) 13.917ms
[3453.659s][info ][gc,cpu         ] GC(114) User=0.02s Sys=0.00s Real=0.02s
[3453.659s][info ][safepoint      ] Safepoint "ParallelCollectForAllocation", Time since last: 19520416406 ns, Reaching safepoint: 92200 ns, At safepoint: 13998130 ns, Leaving safepoint: 10300 ns, Total: 14100630 ns, Threads: 1 runnable, 34 total
[3470.543s][info ][gc,start       ] GC(115) Pause Young (Allocation Failure)
[3470.559s][debug][gc,phases      ] GC(115) Scavenge 15.995ms
[3470.559s][debug][gc,ref         ] GC(115) ReferenceProcessor::execute queues: 1, RefProcThreadModel::Single, marks_oops_alive: false
[3470.559s][debug][gc,ref         ] GC(115) Skipped KeepAliveFinalRefsPhase of Reference Processing: no references
[3470.559s][debug][gc,ref         ] GC(115) Skipped PhantomRefsPhase of Reference Processing: no references
[3470.559s][debug][gc,phases      ] GC(115) Reference Processing 0.153ms
[3470.559s][debug][gc,phases      ] GC(115)   VM Weak                        Min: 0.00, Avg: 0.00, Max: 0.01, Diff: 0.01, Sum: 0.01, Workers: 4
[3470.559s][debug][gc,phases      ] GC(115)     Dead                           Min: 0, Avg:  0.0, Max: 0, Diff: 0, Sum: 0, Workers: 4
[3470.559s][debug][gc,phases      ] GC(115)     Total                          Min: 0, Avg: 234.5, Max: 640, Diff: 640, Sum: 938, Workers: 4
[3470.559s][debug][gc,phases      ] GC(115)   ObjectSynchronizer Weak        Min: 0.00, Avg: 0.00, Max: 0.00, Diff: 0.00, Sum: 0.00, Workers: 4
[3470.559s][debug][gc,phases      ] GC(115)     Dead                           Min: 0, Avg:  0.0, Max: 0, Diff: 0, Sum: 0, Workers: 4
[3470.559s][debug][gc,phases      ] GC(115)     Total                          Min: 0, Avg:  1.5, Max: 6, Diff: 6, Sum: 6, Workers: 4
[3470.559s][debug][gc,phases      ] GC(115)   JVMTI Tag Weak OopStorage      Min: 0.00, Avg: 0.00, Max: 0.00, Diff: 0.00, Sum: 0.00, Workers: 4
[3470.559s][debug][gc,phases      ] GC(115)     Dead                           Min: 0, Avg:  0.0, Max: 0, Diff: 0, Sum: 0, Workers: 4
[3470.559s][debug][gc,phases      ] GC(115)     Total                          Min: 0, Avg:  0.0, Max: 0, Diff: 0, Sum: 0, Workers: 4
[3470.559s][debug][gc,phases      ] GC(115)   StringTable Weak               Min: 0.00, Avg: 0.18, Max: 0.24, Diff: 0.24, Sum: 0.71, Workers: 4
[3470.559s][debug][gc,phases      ] GC(115)     Dead                           Min: 0, Avg:  0.0, Max: 0, Diff: 0, Sum: 0, Workers: 4
[3470.559s][debug][gc,phases      ] GC(115)     Total                          Min: 0, Avg: 12713.2, Max: 23013, Diff: 23013, Sum: 50853, Workers: 4
[3470.559s][debug][gc,phases      ] GC(115)   ResolvedMethodTable Weak       Min: 0.00, Avg: 0.03, Max: 0.05, Diff: 0.05, Sum: 0.14, Workers: 4
[3470.559s][debug][gc,phases      ] GC(115)     Dead                           Min: 0, Avg:  5.0, Max: 14, Diff: 14, Sum: 20, Workers: 4
[3470.559s][debug][gc,phases      ] GC(115)     Total                          Min: 0, Avg: 4262.8, Max: 7305, Diff: 7305, Sum: 17051, Workers: 4
[3470.559s][debug][gc,phases      ] GC(115)   JNI Weak                       Min: 0.00, Avg: 0.00, Max: 0.00, Diff: 0.00, Sum: 0.00, Workers: 4
[3470.559s][debug][gc,phases      ] GC(115)     Dead                           Min: 0, Avg:  0.0, Max: 0, Diff: 0, Sum: 0, Workers: 4
[3470.559s][debug][gc,phases      ] GC(115)     Total                          Min: 0, Avg: 13.0, Max: 48, Diff: 48, Sum: 52, Workers: 4
[3470.559s][debug][gc,phases      ] GC(115)   StringDedup Table Weak         Min: 0.00, Avg: 0.00, Max: 0.00, Diff: 0.00, Sum: 0.00, Workers: 4
[3470.559s][debug][gc,phases      ] GC(115)     Dead                           Min: 0, Avg:  0.0, Max: 0, Diff: 0, Sum: 0, Workers: 4
[3470.559s][debug][gc,phases      ] GC(115)     Total                          Min: 0, Avg:  0.0, Max: 0, Diff: 0, Sum: 0, Workers: 4
[3470.559s][debug][gc,phases      ] GC(115)   StringDedup Requests0 Weak     Min: 0.00, Avg: 0.00, Max: 0.00, Diff: 0.00, Sum: 0.00, Workers: 4
[3470.559s][debug][gc,phases      ] GC(115)     Dead                           Min: 0, Avg:  0.0, Max: 0, Diff: 0, Sum: 0, Workers: 4
[3470.559s][debug][gc,phases      ] GC(115)     Total                          Min: 0, Avg:  0.0, Max: 0, Diff: 0, Sum: 0, Workers: 4
[3470.559s][debug][gc,phases      ] GC(115)   StringDedup Requests1 Weak     Min: 0.00, Avg: 0.00, Max: 0.00, Diff: 0.00, Sum: 0.00, Workers: 4
[3470.559s][debug][gc,phases      ] GC(115)     Dead                           Min: 0, Avg:  0.0, Max: 0, Diff: 0, Sum: 0, Workers: 4
[3470.559s][debug][gc,phases      ] GC(115)     Total                          Min: 0, Avg:  0.0, Max: 0, Diff: 0, Sum: 0, Workers: 4
[3470.559s][debug][gc,phases      ] GC(115)   Weak JFR Old Object Samples    Min: 0.00, Avg: 0.00, Max: 0.00, Diff: 0.00, Sum: 0.00, Workers: 4
[3470.559s][debug][gc,phases      ] GC(115)     Dead                           Min: 0, Avg:  0.0, Max: 0, Diff: 0, Sum: 0, Workers: 4
[3470.559s][debug][gc,phases      ] GC(115)     Total                          Min: 0, Avg:  0.0, Max: 0, Diff: 0, Sum: 0, Workers: 4
[3470.559s][debug][gc,phases      ] GC(115) Weak Processing 0.621ms
[3470.559s][debug][gc,age         ] GC(115) Desired survivor size 33030144 bytes, new threshold 1 (max threshold 15)
[3470.559s][info ][gc,heap        ] GC(115) PSYoungGen: 2030608K(2062336K)->11056K(2061824K) Eden: 2027008K(2027008K)->0K(2027008K) From: 3600K(35328K)->11056K(34816K)
[3470.559s][info ][gc,heap        ] GC(115) ParOldGen: 932338K(932864K)->933234K(933376K)
[3470.559s][info ][gc,metaspace   ] GC(115) Metaspace: 111474K(112704K)->111474K(112704K) NonClass: 95225K(95936K)->95225K(95936K) Class: 16249K(16768K)->16249K(16768K)
[3470.560s][info ][gc             ] GC(115) Pause Young (Allocation Failure) 2893M->922M(2925M) 16.943ms
[3470.560s][info ][gc,cpu         ] GC(115) User=0.03s Sys=0.01s Real=0.02s
[3470.560s][info ][safepoint      ] Safepoint "ParallelCollectForAllocation", Time since last: 16883537989 ns, Reaching safepoint: 29300 ns, At safepoint: 17031015 ns, Leaving safepoint: 9700 ns, Total: 17070015 ns, Threads: 0 runnable, 35 total
[3490.242s][info ][gc,start       ] GC(116) Pause Young (Allocation Failure)
[3490.252s][debug][gc,phases      ] GC(116) Scavenge 9.854ms
[3490.252s][debug][gc,ref         ] GC(116) ReferenceProcessor::execute queues: 1, RefProcThreadModel::Single, marks_oops_alive: false
[3490.252s][debug][gc,ref         ] GC(116) Skipped KeepAliveFinalRefsPhase of Reference Processing: no references
[3490.252s][debug][gc,ref         ] GC(116) Skipped PhantomRefsPhase of Reference Processing: no references
[3490.252s][debug][gc,phases      ] GC(116) Reference Processing 0.104ms
[3490.252s][debug][gc,phases      ] GC(116)   VM Weak                        Min: 0.00, Avg: 0.00, Max: 0.01, Diff: 0.01, Sum: 0.01, Workers: 4
[3490.252s][debug][gc,phases      ] GC(116)     Dead                           Min: 0, Avg:  0.0, Max: 0, Diff: 0, Sum: 0, Workers: 4
[3490.252s][debug][gc,phases      ] GC(116)     Total                          Min: 0, Avg: 234.5, Max: 618, Diff: 618, Sum: 938, Workers: 4
[3490.252s][debug][gc,phases      ] GC(116)   ObjectSynchronizer Weak        Min: 0.00, Avg: 0.00, Max: 0.00, Diff: 0.00, Sum: 0.00, Workers: 4
[3490.252s][debug][gc,phases      ] GC(116)     Dead                           Min: 0, Avg:  0.0, Max: 0, Diff: 0, Sum: 0, Workers: 4
[3490.252s][debug][gc,phases      ] GC(116)     Total                          Min: 0, Avg:  1.2, Max: 5, Diff: 5, Sum: 5, Workers: 4
[3490.252s][debug][gc,phases      ] GC(116)   JVMTI Tag Weak OopStorage      Min: 0.00, Avg: 0.00, Max: 0.00, Diff: 0.00, Sum: 0.00, Workers: 4
[3490.253s][debug][gc,phases      ] GC(116)     Dead                           Min: 0, Avg:  0.0, Max: 0, Diff: 0, Sum: 0, Workers: 4
[3490.253s][debug][gc,phases      ] GC(116)     Total                          Min: 0, Avg:  0.0, Max: 0, Diff: 0, Sum: 0, Workers: 4
[3490.253s][debug][gc,phases      ] GC(116)   StringTable Weak               Min: 0.09, Avg: 0.13, Max: 0.14, Diff: 0.05, Sum: 0.50, Workers: 4
[3490.253s][debug][gc,phases      ] GC(116)     Dead                           Min: 0, Avg:  0.0, Max: 0, Diff: 0, Sum: 0, Workers: 4
[3490.253s][debug][gc,phases      ] GC(116)     Total                          Min: 9705, Avg: 12714.2, Max: 14016, Diff: 4311, Sum: 50857, Workers: 4
[3490.253s][debug][gc,phases      ] GC(116)   ResolvedMethodTable Weak       Min: 0.04, Avg: 0.04, Max: 0.04, Diff: 0.00, Sum: 0.16, Workers: 4
[3490.253s][debug][gc,phases      ] GC(116)     Dead                           Min: 0, Avg:  5.2, Max: 15, Diff: 15, Sum: 21, Workers: 4
[3490.253s][debug][gc,phases      ] GC(116)     Total                          Min: 4189, Avg: 4264.2, Max: 4337, Diff: 148, Sum: 17057, Workers: 4
[3490.253s][debug][gc,phases      ] GC(116)   JNI Weak                       Min: 0.00, Avg: 0.00, Max: 0.00, Diff: 0.00, Sum: 0.00, Workers: 4
[3490.253s][debug][gc,phases      ] GC(116)     Dead                           Min: 0, Avg:  0.0, Max: 0, Diff: 0, Sum: 0, Workers: 4
[3490.253s][debug][gc,phases      ] GC(116)     Total                          Min: 0, Avg: 13.0, Max: 48, Diff: 48, Sum: 52, Workers: 4
[3490.253s][debug][gc,phases      ] GC(116)   StringDedup Table Weak         Min: 0.00, Avg: 0.00, Max: 0.00, Diff: 0.00, Sum: 0.00, Workers: 4
[3490.253s][debug][gc,phases      ] GC(116)     Dead                           Min: 0, Avg:  0.0, Max: 0, Diff: 0, Sum: 0, Workers: 4
[3490.253s][debug][gc,phases      ] GC(116)     Total                          Min: 0, Avg:  0.0, Max: 0, Diff: 0, Sum: 0, Workers: 4
[3490.253s][debug][gc,phases      ] GC(116)   StringDedup Requests0 Weak     Min: 0.00, Avg: 0.00, Max: 0.00, Diff: 0.00, Sum: 0.00, Workers: 4
[3490.253s][debug][gc,phases      ] GC(116)     Dead                           Min: 0, Avg:  0.0, Max: 0, Diff: 0, Sum: 0, Workers: 4
[3490.253s][debug][gc,phases      ] GC(116)     Total                          Min: 0, Avg:  0.0, Max: 0, Diff: 0, Sum: 0, Workers: 4
[3490.253s][debug][gc,phases      ] GC(116)   StringDedup Requests1 Weak     Min: 0.00, Avg: 0.00, Max: 0.00, Diff: 0.00, Sum: 0.00, Workers: 4
[3490.253s][debug][gc,phases      ] GC(116)     Dead                           Min: 0, Avg:  0.0, Max: 0, Diff: 0, Sum: 0, Workers: 4
[3490.253s][debug][gc,phases      ] GC(116)     Total                          Min: 0, Avg:  0.0, Max: 0, Diff: 0, Sum: 0, Workers: 4
[3490.253s][debug][gc,phases      ] GC(116)   Weak JFR Old Object Samples    Min: 0.00, Avg: 0.00, Max: 0.00, Diff: 0.00, Sum: 0.00, Workers: 4
[3490.253s][debug][gc,phases      ] GC(116)     Dead                           Min: 0, Avg:  0.0, Max: 0, Diff: 0, Sum: 0, Workers: 4
[3490.253s][debug][gc,phases      ] GC(116)     Total                          Min: 0, Avg:  0.0, Max: 0, Diff: 0, Sum: 0, Workers: 4
[3490.253s][debug][gc,phases      ] GC(116) Weak Processing 0.365ms
[3490.253s][debug][gc,age         ] GC(116) Desired survivor size 32505856 bytes, new threshold 1 (max threshold 15)
[3490.253s][info ][gc,heap        ] GC(116) PSYoungGen: 2038064K(2061824K)->3744K(2065408K) Eden: 2027008K(2027008K)->0K(2033152K) From: 11056K(34816K)->3744K(32256K)
[3490.253s][info ][gc,heap        ] GC(116) ParOldGen: 933234K(933376K)->942111K(942592K)
[3490.253s][info ][gc,metaspace   ] GC(116) Metaspace: 111490K(112704K)->111490K(112704K) NonClass: 95239K(95936K)->95239K(95936K) Class: 16250K(16768K)->16250K(16768K)
[3490.253s][info ][gc             ] GC(116) Pause Young (Allocation Failure) 2901M->923M(2937M) 10.432ms
[3490.253s][info ][gc,cpu         ] GC(116) User=0.02s Sys=0.00s Real=0.01s
[3490.253s][info ][safepoint      ] Safepoint "ParallelCollectForAllocation", Time since last: 19682531524 ns, Reaching safepoint: 78500 ns, At safepoint: 10492248 ns, Leaving safepoint: 7600 ns, Total: 10578348 ns, Threads: 1 runnable, 35 total
[3498.147s][debug][gc,phases      ] GC(117) Pre Compact 0.023ms
[3498.147s][info ][gc,start       ] GC(117) Pause Full (CodeCache GC Threshold)
[3498.147s][info ][gc,phases,start] GC(117) Marking Phase
[3498.249s][debug][gc,phases      ] GC(117) Par Mark 101.990ms
[3498.249s][debug][gc,ref         ] GC(117) ReferenceProcessor::execute queues: 4, RefProcThreadModel::Multi, marks_oops_alive: false
[3498.250s][debug][gc,ref         ] GC(117) Skipped KeepAliveFinalRefsPhase of Reference Processing: no references
[3498.250s][debug][gc,ref         ] GC(117) ReferenceProcessor::execute queues: 1, RefProcThreadModel::Single, marks_oops_alive: false
[3498.250s][debug][gc,phases      ] GC(117) Reference Processing 1.082ms
[3498.250s][debug][gc,phases      ] GC(117) Flush Marking Stats 0.024ms
[3498.250s][debug][gc,phases      ] GC(117)   VM Weak                        Min: 0.00, Avg: 0.01, Max: 0.01, Diff: 0.01, Sum: 0.02, Workers: 4
[3498.250s][debug][gc,phases      ] GC(117)     Dead                           Min: 0, Avg:  0.0, Max: 0, Diff: 0, Sum: 0, Workers: 4
[3498.250s][debug][gc,phases      ] GC(117)     Total                          Min: 0, Avg: 234.5, Max: 512, Diff: 512, Sum: 938, Workers: 4
[3498.250s][debug][gc,phases      ] GC(117)   ObjectSynchronizer Weak        Min: 0.00, Avg: 0.00, Max: 0.00, Diff: 0.00, Sum: 0.00, Workers: 4
[3498.250s][debug][gc,phases      ] GC(117)     Dead                           Min: 0, Avg:  0.0, Max: 0, Diff: 0, Sum: 0, Workers: 4
[3498.250s][debug][gc,phases      ] GC(117)     Total                          Min: 0, Avg:  1.2, Max: 5, Diff: 5, Sum: 5, Workers: 4
[3498.250s][debug][gc,phases      ] GC(117)   JVMTI Tag Weak OopStorage      Min: 0.00, Avg: 0.00, Max: 0.00, Diff: 0.00, Sum: 0.00, Workers: 4
[3498.250s][debug][gc,phases      ] GC(117)     Dead                           Min: 0, Avg:  0.0, Max: 0, Diff: 0, Sum: 0, Workers: 4
[3498.251s][debug][gc,phases      ] GC(117)     Total                          Min: 0, Avg:  0.0, Max: 0, Diff: 0, Sum: 0, Workers: 4
[3498.251s][debug][gc,phases      ] GC(117)   StringTable Weak               Min: 0.00, Avg: 0.20, Max: 0.27, Diff: 0.27, Sum: 0.81, Workers: 4
[3498.251s][debug][gc,phases      ] GC(117)     Dead                           Min: 0, Avg:  0.0, Max: 0, Diff: 0, Sum: 0, Workers: 4
[3498.251s][debug][gc,phases      ] GC(117)     Total                          Min: 0, Avg: 12714.2, Max: 17065, Diff: 17065, Sum: 50857, Workers: 4
[3498.251s][debug][gc,phases      ] GC(117)   ResolvedMethodTable Weak       Min: 0.00, Avg: 0.05, Max: 0.07, Diff: 0.07, Sum: 0.20, Workers: 4
[3498.251s][debug][gc,phases      ] GC(117)     Dead                           Min: 0, Avg:  0.0, Max: 0, Diff: 0, Sum: 0, Workers: 4
[3498.251s][debug][gc,phases      ] GC(117)     Total                          Min: 0, Avg: 4264.2, Max: 5845, Diff: 5845, Sum: 17057, Workers: 4
[3498.251s][debug][gc,phases      ] GC(117)   JNI Weak                       Min: 0.00, Avg: 0.00, Max: 0.00, Diff: 0.00, Sum: 0.00, Workers: 4
[3498.251s][debug][gc,phases      ] GC(117)     Dead                           Min: 0, Avg:  0.0, Max: 0, Diff: 0, Sum: 0, Workers: 4
[3498.251s][debug][gc,phases      ] GC(117)     Total                          Min: 0, Avg: 13.0, Max: 48, Diff: 48, Sum: 52, Workers: 4
[3498.251s][debug][gc,phases      ] GC(117)   StringDedup Table Weak         Min: 0.00, Avg: 0.00, Max: 0.00, Diff: 0.00, Sum: 0.00, Workers: 4
[3498.251s][debug][gc,phases      ] GC(117)     Dead                           Min: 0, Avg:  0.0, Max: 0, Diff: 0, Sum: 0, Workers: 4
[3498.251s][debug][gc,phases      ] GC(117)     Total                          Min: 0, Avg:  0.0, Max: 0, Diff: 0, Sum: 0, Workers: 4
[3498.251s][debug][gc,phases      ] GC(117)   StringDedup Requests0 Weak     Min: 0.00, Avg: 0.00, Max: 0.00, Diff: 0.00, Sum: 0.00, Workers: 4
[3498.251s][debug][gc,phases      ] GC(117)     Dead                           Min: 0, Avg:  0.0, Max: 0, Diff: 0, Sum: 0, Workers: 4
[3498.251s][debug][gc,phases      ] GC(117)     Total                          Min: 0, Avg:  0.0, Max: 0, Diff: 0, Sum: 0, Workers: 4
[3498.251s][debug][gc,phases      ] GC(117)   StringDedup Requests1 Weak     Min: 0.00, Avg: 0.00, Max: 0.00, Diff: 0.00, Sum: 0.00, Workers: 4
[3498.251s][debug][gc,phases      ] GC(117)     Dead                           Min: 0, Avg:  0.0, Max: 0, Diff: 0, Sum: 0, Workers: 4
[3498.251s][debug][gc,phases      ] GC(117)     Total                          Min: 0, Avg:  0.0, Max: 0, Diff: 0, Sum: 0, Workers: 4
[3498.251s][debug][gc,phases      ] GC(117)   Weak JFR Old Object Samples    Min: 0.00, Avg: 0.00, Max: 0.00, Diff: 0.00, Sum: 0.00, Workers: 4
[3498.251s][debug][gc,phases      ] GC(117)     Dead                           Min: 0, Avg:  0.0, Max: 0, Diff: 0, Sum: 0, Workers: 4
[3498.251s][debug][gc,phases      ] GC(117)     Total                          Min: 0, Avg:  0.0, Max: 0, Diff: 0, Sum: 0, Workers: 4
[3498.251s][debug][gc,phases      ] GC(117) Weak Processing 0.514ms
[3498.251s][debug][gc,phases      ] GC(117) ClassLoaderData 0.113ms
[3498.251s][debug][gc,phases      ] GC(117) Trigger cleanups 0.000ms
[3498.309s][debug][gc,phases      ] GC(117) Purge Unlinked NMethods 4.481ms
[3498.309s][debug][gc,phases      ] GC(117) Unregister NMethods 0.001ms
[3498.310s][debug][gc,phases      ] GC(117) Free Code Blobs 0.410ms
[3498.310s][debug][gc,phases      ] GC(117) Class Unloading 59.016ms
[3498.310s][debug][gc,phases      ] GC(117) Report Object Count 0.001ms
[3498.310s][info ][gc,phases      ] GC(117) Marking Phase 162.688ms
[3498.310s][info ][gc,phases,start] GC(117) Summary Phase
[3498.310s][info ][gc,phases      ] GC(117) Summary Phase 0.033ms
[3498.310s][info ][gc,phases,start] GC(117) Forward
[3498.328s][info ][gc,phases      ] GC(117) Forward 18.281ms
[3498.328s][info ][gc,phases,start] GC(117) Adjust Pointers
[3498.411s][info ][gc,phases      ] GC(117) Adjust Pointers 82.838ms
[3498.411s][info ][gc,phases,start] GC(117) Compaction Phase
[3498.444s][info ][gc,phases      ] GC(117) Compaction Phase 32.729ms
[3498.444s][info ][gc,phases,start] GC(117) Post Compact
[3498.451s][debug][gc,phases      ] GC(117) Purge Class Loader Data 1.191ms
[3498.451s][info ][gc,phases      ] GC(117) Post Compact 7.367ms
[3498.451s][info ][gc,heap        ] GC(117) PSYoungGen: 860417K(2065408K)->0K(2065408K) Eden: 856673K(2033152K)->0K(2033152K) From: 3744K(32256K)->0K(32256K)
[3498.451s][info ][gc,heap        ] GC(117) ParOldGen: 942111K(942592K)->415816K(942592K)
[3498.451s][info ][gc,metaspace   ] GC(117) Metaspace: 111493K(112768K)->111493K(112768K) NonClass: 95242K(96000K)->95242K(96000K) Class: 16250K(16768K)->16250K(16768K)
[3498.451s][info ][gc             ] GC(117) Pause Full (CodeCache GC Threshold) 1760M->406M(2937M) 304.241ms
[3498.451s][info ][gc,cpu         ] GC(117) User=0.85s Sys=0.02s Real=0.31s
[3498.451s][info ][safepoint      ] Safepoint "ParallelGCCollect", Time since last: 7894090677 ns, Reaching safepoint: 83899 ns, At safepoint: 304343500 ns, Leaving safepoint: 25900 ns, Total: 304453299 ns, Threads: 1 runnable, 35 total
[3518.052s][info ][gc,start       ] GC(118) Pause Young (Allocation Failure)
[3518.055s][debug][gc,phases      ] GC(118) Scavenge 2.780ms
[3518.055s][debug][gc,ref         ] GC(118) ReferenceProcessor::execute queues: 1, RefProcThreadModel::Single, marks_oops_alive: false
[3518.055s][debug][gc,ref         ] GC(118) Skipped KeepAliveFinalRefsPhase of Reference Processing: no references
[3518.055s][debug][gc,ref         ] GC(118) Skipped PhantomRefsPhase of Reference Processing: no references
[3518.055s][debug][gc,phases      ] GC(118) Reference Processing 0.088ms
[3518.055s][debug][gc,phases      ] GC(118)   VM Weak                        Min: 0.00, Avg: 0.00, Max: 0.01, Diff: 0.01, Sum: 0.01, Workers: 4
[3518.055s][debug][gc,phases      ] GC(118)     Dead                           Min: 0, Avg:  0.0, Max: 0, Diff: 0, Sum: 0, Workers: 4
[3518.055s][debug][gc,phases      ] GC(118)     Total                          Min: 0, Avg: 234.5, Max: 640, Diff: 640, Sum: 938, Workers: 4
[3518.055s][debug][gc,phases      ] GC(118)   ObjectSynchronizer Weak        Min: 0.00, Avg: 0.00, Max: 0.00, Diff: 0.00, Sum: 0.00, Workers: 4
[3518.055s][debug][gc,phases      ] GC(118)     Dead                           Min: 0, Avg:  0.0, Max: 0, Diff: 0, Sum: 0, Workers: 4
[3518.055s][debug][gc,phases      ] GC(118)     Total                          Min: 0, Avg:  1.2, Max: 5, Diff: 5, Sum: 5, Workers: 4
[3518.055s][debug][gc,phases      ] GC(118)   JVMTI Tag Weak OopStorage      Min: 0.00, Avg: 0.00, Max: 0.00, Diff: 0.00, Sum: 0.00, Workers: 4
[3518.055s][debug][gc,phases      ] GC(118)     Dead                           Min: 0, Avg:  0.0, Max: 0, Diff: 0, Sum: 0, Workers: 4
[3518.055s][debug][gc,phases      ] GC(118)     Total                          Min: 0, Avg:  0.0, Max: 0, Diff: 0, Sum: 0, Workers: 4
[3518.055s][debug][gc,phases      ] GC(118)   StringTable Weak               Min: 0.00, Avg: 0.10, Max: 0.13, Diff: 0.13, Sum: 0.39, Workers: 4
[3518.055s][debug][gc,phases      ] GC(118)     Dead                           Min: 0, Avg:  0.0, Max: 0, Diff: 0, Sum: 0, Workers: 4
[3518.055s][debug][gc,phases      ] GC(118)     Total                          Min: 0, Avg: 12714.5, Max: 21824, Diff: 21824, Sum: 50858, Workers: 4
[3518.055s][debug][gc,phases      ] GC(118)   ResolvedMethodTable Weak       Min: 0.00, Avg: 0.04, Max: 0.05, Diff: 0.05, Sum: 0.16, Workers: 4
[3518.055s][debug][gc,phases      ] GC(118)     Dead                           Min: 0, Avg:  5.0, Max: 15, Diff: 15, Sum: 20, Workers: 4
[3518.055s][debug][gc,phases      ] GC(118)     Total                          Min: 0, Avg: 4264.2, Max: 7327, Diff: 7327, Sum: 17057, Workers: 4
[3518.055s][debug][gc,phases      ] GC(118)   JNI Weak                       Min: 0.00, Avg: 0.00, Max: 0.00, Diff: 0.00, Sum: 0.00, Workers: 4
[3518.055s][debug][gc,phases      ] GC(118)     Dead                           Min: 0, Avg:  0.0, Max: 0, Diff: 0, Sum: 0, Workers: 4
[3518.055s][debug][gc,phases      ] GC(118)     Total                          Min: 0, Avg: 13.0, Max: 48, Diff: 48, Sum: 52, Workers: 4
[3518.055s][debug][gc,phases      ] GC(118)   StringDedup Table Weak         Min: 0.00, Avg: 0.00, Max: 0.00, Diff: 0.00, Sum: 0.00, Workers: 4
[3518.055s][debug][gc,phases      ] GC(118)     Dead                           Min: 0, Avg:  0.0, Max: 0, Diff: 0, Sum: 0, Workers: 4
[3518.055s][debug][gc,phases      ] GC(118)     Total                          Min: 0, Avg:  0.0, Max: 0, Diff: 0, Sum: 0, Workers: 4
[3518.055s][debug][gc,phases      ] GC(118)   StringDedup Requests0 Weak     Min: 0.00, Avg: 0.00, Max: 0.00, Diff: 0.00, Sum: 0.00, Workers: 4
[3518.055s][debug][gc,phases      ] GC(118)     Dead                           Min: 0, Avg:  0.0, Max: 0, Diff: 0, Sum: 0, Workers: 4
[3518.055s][debug][gc,phases      ] GC(118)     Total                          Min: 0, Avg:  0.0, Max: 0, Diff: 0, Sum: 0, Workers: 4
[3518.055s][debug][gc,phases      ] GC(118)   StringDedup Requests1 Weak     Min: 0.00, Avg: 0.00, Max: 0.00, Diff: 0.00, Sum: 0.00, Workers: 4
[3518.055s][debug][gc,phases      ] GC(118)     Dead                           Min: 0, Avg:  0.0, Max: 0, Diff: 0, Sum: 0, Workers: 4
[3518.055s][debug][gc,phases      ] GC(118)     Total                          Min: 0, Avg:  0.0, Max: 0, Diff: 0, Sum: 0, Workers: 4
[3518.055s][debug][gc,phases      ] GC(118)   Weak JFR Old Object Samples    Min: 0.00, Avg: 0.00, Max: 0.00, Diff: 0.00, Sum: 0.00, Workers: 4
[3518.055s][debug][gc,phases      ] GC(118)     Dead                           Min: 0, Avg:  0.0, Max: 0, Diff: 0, Sum: 0, Workers: 4
[3518.055s][debug][gc,phases      ] GC(118)     Total                          Min: 0, Avg:  0.0, Max: 0, Diff: 0, Sum: 0, Workers: 4
[3518.055s][debug][gc,phases      ] GC(118) Weak Processing 0.372ms
[3518.055s][debug][gc,age         ] GC(118) Desired survivor size 31457280 bytes, new threshold 1 (max threshold 15)
[3518.055s][info ][gc,heap        ] GC(118) PSYoungGen: 2033152K(2065408K)->3968K(2064896K) Eden: 2033152K(2033152K)->0K(2033152K) From: 0K(32256K)->3968K(31744K)
[3518.055s][info ][gc,heap        ] GC(118) ParOldGen: 415816K(942592K)->415816K(942592K)
[3518.055s][info ][gc,metaspace   ] GC(118) Metaspace: 111493K(112768K)->111493K(112768K) NonClass: 95242K(96000K)->95242K(96000K) Class: 16250K(16768K)->16250K(16768K)
[3518.055s][info ][gc             ] GC(118) Pause Young (Allocation Failure) 2391M->409M(2937M) 3.351ms
[3518.055s][info ][gc,cpu         ] GC(118) User=0.01s Sys=0.00s Real=0.00s
[3518.055s][info ][safepoint      ] Safepoint "ParallelCollectForAllocation", Time since last: 19600451853 ns, Reaching safepoint: 6700 ns, At safepoint: 3412184 ns, Leaving safepoint: 8600 ns, Total: 3427484 ns, Threads: 0 runnable, 35 total
[3536.042s][info ][gc,start       ] GC(119) Pause Young (Allocation Failure)
[3536.047s][debug][gc,phases      ] GC(119) Scavenge 4.243ms
[3536.047s][debug][gc,ref         ] GC(119) ReferenceProcessor::execute queues: 1, RefProcThreadModel::Single, marks_oops_alive: false
[3536.047s][debug][gc,ref         ] GC(119) Skipped KeepAliveFinalRefsPhase of Reference Processing: no references
[3536.047s][debug][gc,ref         ] GC(119) Skipped PhantomRefsPhase of Reference Processing: no references
[3536.047s][debug][gc,phases      ] GC(119) Reference Processing 0.097ms
[3536.047s][debug][gc,phases      ] GC(119)   VM Weak                        Min: 0.00, Avg: 0.00, Max: 0.00, Diff: 0.00, Sum: 0.01, Workers: 4
[3536.047s][debug][gc,phases      ] GC(119)     Dead                           Min: 0, Avg:  0.0, Max: 0, Diff: 0, Sum: 0, Workers: 4
[3536.047s][debug][gc,phases      ] GC(119)     Total                          Min: 0, Avg: 234.5, Max: 384, Diff: 384, Sum: 938, Workers: 4
[3536.047s][debug][gc,phases      ] GC(119)   ObjectSynchronizer Weak        Min: 0.00, Avg: 0.00, Max: 0.00, Diff: 0.00, Sum: 0.00, Workers: 4
[3536.047s][debug][gc,phases      ] GC(119)     Dead                           Min: 0, Avg:  0.0, Max: 0, Diff: 0, Sum: 0, Workers: 4
[3536.047s][debug][gc,phases      ] GC(119)     Total                          Min: 0, Avg:  1.5, Max: 6, Diff: 6, Sum: 6, Workers: 4
[3536.047s][debug][gc,phases      ] GC(119)   JVMTI Tag Weak OopStorage      Min: 0.00, Avg: 0.00, Max: 0.00, Diff: 0.00, Sum: 0.00, Workers: 4
[3536.047s][debug][gc,phases      ] GC(119)     Dead                           Min: 0, Avg:  0.0, Max: 0, Diff: 0, Sum: 0, Workers: 4
[3536.047s][debug][gc,phases      ] GC(119)     Total                          Min: 0, Avg:  0.0, Max: 0, Diff: 0, Sum: 0, Workers: 4
[3536.047s][debug][gc,phases      ] GC(119)   StringTable Weak               Min: 0.00, Avg: 0.12, Max: 0.15, Diff: 0.15, Sum: 0.46, Workers: 4
[3536.047s][debug][gc,phases      ] GC(119)     Dead                           Min: 0, Avg:  0.0, Max: 0, Diff: 0, Sum: 0, Workers: 4
[3536.047s][debug][gc,phases      ] GC(119)     Total                          Min: 0, Avg: 12714.8, Max: 17408, Diff: 17408, Sum: 50859, Workers: 4
[3536.047s][debug][gc,phases      ] GC(119)   ResolvedMethodTable Weak       Min: 0.00, Avg: 0.04, Max: 0.05, Diff: 0.05, Sum: 0.15, Workers: 4
[3536.047s][debug][gc,phases      ] GC(119)     Dead                           Min: 0, Avg:  0.0, Max: 0, Diff: 0, Sum: 0, Workers: 4
[3536.047s][debug][gc,phases      ] GC(119)     Total                          Min: 0, Avg: 4264.2, Max: 5899, Diff: 5899, Sum: 17057, Workers: 4
[3536.047s][debug][gc,phases      ] GC(119)   JNI Weak                       Min: 0.00, Avg: 0.00, Max: 0.00, Diff: 0.00, Sum: 0.00, Workers: 4
[3536.047s][debug][gc,phases      ] GC(119)     Dead                           Min: 0, Avg:  0.0, Max: 0, Diff: 0, Sum: 0, Workers: 4
[3536.047s][debug][gc,phases      ] GC(119)     Total                          Min: 0, Avg: 13.0, Max: 48, Diff: 48, Sum: 52, Workers: 4
[3536.047s][debug][gc,phases      ] GC(119)   StringDedup Table Weak         Min: 0.00, Avg: 0.00, Max: 0.00, Diff: 0.00, Sum: 0.00, Workers: 4
[3536.047s][debug][gc,phases      ] GC(119)     Dead                           Min: 0, Avg:  0.0, Max: 0, Diff: 0, Sum: 0, Workers: 4
[3536.047s][debug][gc,phases      ] GC(119)     Total                          Min: 0, Avg:  0.0, Max: 0, Diff: 0, Sum: 0, Workers: 4
[3536.047s][debug][gc,phases      ] GC(119)   StringDedup Requests0 Weak     Min: 0.00, Avg: 0.00, Max: 0.00, Diff: 0.00, Sum: 0.00, Workers: 4
[3536.047s][debug][gc,phases      ] GC(119)     Dead                           Min: 0, Avg:  0.0, Max: 0, Diff: 0, Sum: 0, Workers: 4
[3536.047s][debug][gc,phases      ] GC(119)     Total                          Min: 0, Avg:  0.0, Max: 0, Diff: 0, Sum: 0, Workers: 4
[3536.047s][debug][gc,phases      ] GC(119)   StringDedup Requests1 Weak     Min: 0.00, Avg: 0.00, Max: 0.00, Diff: 0.00, Sum: 0.00, Workers: 4
[3536.047s][debug][gc,phases      ] GC(119)     Dead                           Min: 0, Avg:  0.0, Max: 0, Diff: 0, Sum: 0, Workers: 4
[3536.047s][debug][gc,phases      ] GC(119)     Total                          Min: 0, Avg:  0.0, Max: 0, Diff: 0, Sum: 0, Workers: 4
[3536.047s][debug][gc,phases      ] GC(119)   Weak JFR Old Object Samples    Min: 0.00, Avg: 0.00, Max: 0.00, Diff: 0.00, Sum: 0.00, Workers: 4
[3536.047s][debug][gc,phases      ] GC(119)     Dead                           Min: 0, Avg:  0.0, Max: 0, Diff: 0, Sum: 0, Workers: 4
[3536.047s][debug][gc,phases      ] GC(119)     Total                          Min: 0, Avg:  0.0, Max: 0, Diff: 0, Sum: 0, Workers: 4
[3536.047s][debug][gc,phases      ] GC(119) Weak Processing 0.445ms
[3536.047s][debug][gc,age         ] GC(119) Desired survivor size 29884416 bytes, new threshold 1 (max threshold 15)
[3536.047s][info ][gc,heap        ] GC(119) PSYoungGen: 2037120K(2064896K)->5792K(2067968K) Eden: 2033152K(2033152K)->0K(2037248K) From: 3968K(31744K)->5792K(30720K)
[3536.047s][info ][gc,heap        ] GC(119) ParOldGen: 415816K(942592K)->417173K(942592K)
[3536.047s][info ][gc,metaspace   ] GC(119) Metaspace: 111499K(112768K)->111499K(112768K) NonClass: 95249K(96000K)->95249K(96000K) Class: 16250K(16768K)->16250K(16768K)
[3536.047s][info ][gc             ] GC(119) Pause Young (Allocation Failure) 2395M->413M(2940M) 4.906ms
[3536.047s][info ][gc,cpu         ] GC(119) User=0.02s Sys=0.00s Real=0.00s
[3536.047s][info ][safepoint      ] Safepoint "ParallelCollectForAllocation", Time since last: 17987258820 ns, Reaching safepoint: 82000 ns, At safepoint: 4965675 ns, Leaving safepoint: 11000 ns, Total: 5058675 ns, Threads: 1 runnable, 33 total
[3557.897s][info ][gc,start       ] GC(120) Pause Young (Allocation Failure)
[3557.903s][debug][gc,phases      ] GC(120) Scavenge 5.909ms
[3557.903s][debug][gc,ref         ] GC(120) ReferenceProcessor::execute queues: 1, RefProcThreadModel::Single, marks_oops_alive: false
[3557.903s][debug][gc,ref         ] GC(120) Skipped KeepAliveFinalRefsPhase of Reference Processing: no references
[3557.903s][debug][gc,ref         ] GC(120) Skipped PhantomRefsPhase of Reference Processing: no references
[3557.903s][debug][gc,phases      ] GC(120) Reference Processing 0.091ms
[3557.903s][debug][gc,phases      ] GC(120)   VM Weak                        Min: 0.00, Avg: 0.00, Max: 0.01, Diff: 0.01, Sum: 0.01, Workers: 4
[3557.903s][debug][gc,phases      ] GC(120)     Dead                           Min: 0, Avg:  0.0, Max: 0, Diff: 0, Sum: 0, Workers: 4
[3557.903s][debug][gc,phases      ] GC(120)     Total                          Min: 0, Avg: 234.5, Max: 554, Diff: 554, Sum: 938, Workers: 4
[3557.903s][debug][gc,phases      ] GC(120)   ObjectSynchronizer Weak        Min: 0.00, Avg: 0.00, Max: 0.00, Diff: 0.00, Sum: 0.00, Workers: 4
[3557.903s][debug][gc,phases      ] GC(120)     Dead                           Min: 0, Avg:  0.0, Max: 0, Diff: 0, Sum: 0, Workers: 4
[3557.903s][debug][gc,phases      ] GC(120)     Total                          Min: 0, Avg:  1.5, Max: 6, Diff: 6, Sum: 6, Workers: 4
[3557.903s][debug][gc,phases      ] GC(120)   JVMTI Tag Weak OopStorage      Min: 0.00, Avg: 0.00, Max: 0.00, Diff: 0.00, Sum: 0.00, Workers: 4
[3557.903s][debug][gc,phases      ] GC(120)     Dead                           Min: 0, Avg:  0.0, Max: 0, Diff: 0, Sum: 0, Workers: 4
[3557.903s][debug][gc,phases      ] GC(120)     Total                          Min: 0, Avg:  0.0, Max: 0, Diff: 0, Sum: 0, Workers: 4
[3557.903s][debug][gc,phases      ] GC(120)   StringTable Weak               Min: 0.00, Avg: 0.11, Max: 0.15, Diff: 0.15, Sum: 0.45, Workers: 4
[3557.903s][debug][gc,phases      ] GC(120)     Dead                           Min: 0, Avg:  0.0, Max: 0, Diff: 0, Sum: 0, Workers: 4
[3557.903s][debug][gc,phases      ] GC(120)     Total                          Min: 0, Avg: 12716.8, Max: 20608, Diff: 20608, Sum: 50867, Workers: 4
[3557.903s][debug][gc,phases      ] GC(120)   ResolvedMethodTable Weak       Min: 0.00, Avg: 0.03, Max: 0.05, Diff: 0.05, Sum: 0.14, Workers: 4
[3557.903s][debug][gc,phases      ] GC(120)     Dead                           Min: 0, Avg:  9.5, Max: 19, Diff: 19, Sum: 38, Workers: 4
[3557.903s][debug][gc,phases      ] GC(120)     Total                          Min: 0, Avg: 4268.2, Max: 7254, Diff: 7254, Sum: 17073, Workers: 4
[3557.903s][debug][gc,phases      ] GC(120)   JNI Weak                       Min: 0.00, Avg: 0.00, Max: 0.00, Diff: 0.00, Sum: 0.00, Workers: 4
[3557.903s][debug][gc,phases      ] GC(120)     Dead                           Min: 0, Avg:  0.0, Max: 0, Diff: 0, Sum: 0, Workers: 4
[3557.903s][debug][gc,phases      ] GC(120)     Total                          Min: 0, Avg: 13.0, Max: 48, Diff: 48, Sum: 52, Workers: 4
[3557.903s][debug][gc,phases      ] GC(120)   StringDedup Table Weak         Min: 0.00, Avg: 0.00, Max: 0.00, Diff: 0.00, Sum: 0.00, Workers: 4
[3557.903s][debug][gc,phases      ] GC(120)     Dead                           Min: 0, Avg:  0.0, Max: 0, Diff: 0, Sum: 0, Workers: 4
[3557.903s][debug][gc,phases      ] GC(120)     Total                          Min: 0, Avg:  0.0, Max: 0, Diff: 0, Sum: 0, Workers: 4
[3557.903s][debug][gc,phases      ] GC(120)   StringDedup Requests0 Weak     Min: 0.00, Avg: 0.00, Max: 0.00, Diff: 0.00, Sum: 0.00, Workers: 4
[3557.903s][debug][gc,phases      ] GC(120)     Dead                           Min: 0, Avg:  0.0, Max: 0, Diff: 0, Sum: 0, Workers: 4
[3557.903s][debug][gc,phases      ] GC(120)     Total                          Min: 0, Avg:  0.0, Max: 0, Diff: 0, Sum: 0, Workers: 4
[3557.903s][debug][gc,phases      ] GC(120)   StringDedup Requests1 Weak     Min: 0.00, Avg: 0.00, Max: 0.00, Diff: 0.00, Sum: 0.00, Workers: 4
[3557.903s][debug][gc,phases      ] GC(120)     Dead                           Min: 0, Avg:  0.0, Max: 0, Diff: 0, Sum: 0, Workers: 4
[3557.903s][debug][gc,phases      ] GC(120)     Total                          Min: 0, Avg:  0.0, Max: 0, Diff: 0, Sum: 0, Workers: 4
[3557.903s][debug][gc,phases      ] GC(120)   Weak JFR Old Object Samples    Min: 0.00, Avg: 0.00, Max: 0.00, Diff: 0.00, Sum: 0.00, Workers: 4
[3557.904s][debug][gc,phases      ] GC(120)     Dead                           Min: 0, Avg:  0.0, Max: 0, Diff: 0, Sum: 0, Workers: 4
[3557.904s][debug][gc,phases      ] GC(120)     Total                          Min: 0, Avg:  0.0, Max: 0, Diff: 0, Sum: 0, Workers: 4
[3557.904s][debug][gc,phases      ] GC(120) Weak Processing 0.378ms
[3557.904s][debug][gc,age         ] GC(120) Desired survivor size 28835840 bytes, new threshold 1 (max threshold 15)
[3557.904s][info ][gc,heap        ] GC(120) PSYoungGen: 2043040K(2067968K)->4704K(2066432K) Eden: 2037248K(2037248K)->0K(2037248K) From: 5792K(30720K)->4704K(29184K)
[3557.904s][info ][gc,heap        ] GC(120) ParOldGen: 417173K(942592K)->419781K(942592K)
[3557.904s][info ][gc,metaspace   ] GC(120) Metaspace: 111546K(112768K)->111546K(112768K) NonClass: 95290K(96000K)->95290K(96000K) Class: 16255K(16768K)->16255K(16768K)
[3557.904s][info ][gc             ] GC(120) Pause Young (Allocation Failure) 2402M->414M(2938M) 6.491ms
[3557.904s][info ][gc,cpu         ] GC(120) User=0.02s Sys=0.00s Real=0.01s
[3557.904s][info ][safepoint      ] Safepoint "ParallelCollectForAllocation", Time since last: 21849566569 ns, Reaching safepoint: 47800 ns, At safepoint: 6561169 ns, Leaving safepoint: 2600 ns, Total: 6611569 ns, Threads: 0 runnable, 33 total
[3574.397s][info ][gc,start       ] GC(121) Pause Young (Allocation Failure)
[3574.420s][debug][gc,phases      ] GC(121) Scavenge 22.853ms
[3574.420s][debug][gc,ref         ] GC(121) ReferenceProcessor::execute queues: 1, RefProcThreadModel::Single, marks_oops_alive: false
[3574.420s][debug][gc,ref         ] GC(121) Skipped KeepAliveFinalRefsPhase of Reference Processing: no references
[3574.420s][debug][gc,ref         ] GC(121) Skipped PhantomRefsPhase of Reference Processing: no references
[3574.420s][debug][gc,phases      ] GC(121) Reference Processing 0.098ms
[3574.420s][debug][gc,phases      ] GC(121)   VM Weak                        Min: 0.00, Avg: 0.00, Max: 0.01, Diff: 0.01, Sum: 0.01, Workers: 4
[3574.420s][debug][gc,phases      ] GC(121)     Dead                           Min: 0, Avg:  0.0, Max: 0, Diff: 0, Sum: 0, Workers: 4
[3574.420s][debug][gc,phases      ] GC(121)     Total                          Min: 0, Avg: 234.5, Max: 938, Diff: 938, Sum: 938, Workers: 4
[3574.420s][debug][gc,phases      ] GC(121)   ObjectSynchronizer Weak        Min: 0.00, Avg: 0.00, Max: 0.00, Diff: 0.00, Sum: 0.00, Workers: 4
[3574.420s][debug][gc,phases      ] GC(121)     Dead                           Min: 0, Avg:  0.0, Max: 0, Diff: 0, Sum: 0, Workers: 4
[3574.420s][debug][gc,phases      ] GC(121)     Total                          Min: 0, Avg:  2.2, Max: 9, Diff: 9, Sum: 9, Workers: 4
[3574.420s][debug][gc,phases      ] GC(121)   JVMTI Tag Weak OopStorage      Min: 0.00, Avg: 0.00, Max: 0.00, Diff: 0.00, Sum: 0.00, Workers: 4
[3574.420s][debug][gc,phases      ] GC(121)     Dead                           Min: 0, Avg:  0.0, Max: 0, Diff: 0, Sum: 0, Workers: 4
[3574.420s][debug][gc,phases      ] GC(121)     Total                          Min: 0, Avg:  0.0, Max: 0, Diff: 0, Sum: 0, Workers: 4
[3574.420s][debug][gc,phases      ] GC(121)   StringTable Weak               Min: 0.00, Avg: 0.11, Max: 0.15, Diff: 0.15, Sum: 0.45, Workers: 4
[3574.420s][debug][gc,phases      ] GC(121)     Dead                           Min: 0, Avg:  0.0, Max: 0, Diff: 0, Sum: 0, Workers: 4
[3574.420s][debug][gc,phases      ] GC(121)     Total                          Min: 0, Avg: 12720.5, Max: 20672, Diff: 20672, Sum: 50882, Workers: 4
[3574.421s][debug][gc,phases      ] GC(121)   ResolvedMethodTable Weak       Min: 0.00, Avg: 0.03, Max: 0.05, Diff: 0.05, Sum: 0.14, Workers: 4
[3574.421s][debug][gc,phases      ] GC(121)     Dead                           Min: 0, Avg:  5.0, Max: 13, Diff: 13, Sum: 20, Workers: 4
[3574.421s][debug][gc,phases      ] GC(121)     Total                          Min: 0, Avg: 4268.2, Max: 7313, Diff: 7313, Sum: 17073, Workers: 4
[3574.421s][debug][gc,phases      ] GC(121)   JNI Weak                       Min: 0.00, Avg: 0.00, Max: 0.00, Diff: 0.00, Sum: 0.00, Workers: 4
[3574.421s][debug][gc,phases      ] GC(121)     Dead                           Min: 0, Avg:  0.0, Max: 0, Diff: 0, Sum: 0, Workers: 4
[3574.421s][debug][gc,phases      ] GC(121)     Total                          Min: 0, Avg: 13.0, Max: 48, Diff: 48, Sum: 52, Workers: 4
[3574.421s][debug][gc,phases      ] GC(121)   StringDedup Table Weak         Min: 0.00, Avg: 0.00, Max: 0.00, Diff: 0.00, Sum: 0.00, Workers: 4
[3574.421s][debug][gc,phases      ] GC(121)     Dead                           Min: 0, Avg:  0.0, Max: 0, Diff: 0, Sum: 0, Workers: 4
[3574.421s][debug][gc,phases      ] GC(121)     Total                          Min: 0, Avg:  0.0, Max: 0, Diff: 0, Sum: 0, Workers: 4
[3574.421s][debug][gc,phases      ] GC(121)   StringDedup Requests0 Weak     Min: 0.00, Avg: 0.00, Max: 0.00, Diff: 0.00, Sum: 0.00, Workers: 4
[3574.421s][debug][gc,phases      ] GC(121)     Dead                           Min: 0, Avg:  0.0, Max: 0, Diff: 0, Sum: 0, Workers: 4
[3574.421s][debug][gc,phases      ] GC(121)     Total                          Min: 0, Avg:  0.0, Max: 0, Diff: 0, Sum: 0, Workers: 4
[3574.421s][debug][gc,phases      ] GC(121)   StringDedup Requests1 Weak     Min: 0.00, Avg: 0.00, Max: 0.00, Diff: 0.00, Sum: 0.00, Workers: 4
[3574.421s][debug][gc,phases      ] GC(121)     Dead                           Min: 0, Avg:  0.0, Max: 0, Diff: 0, Sum: 0, Workers: 4
[3574.421s][debug][gc,phases      ] GC(121)     Total                          Min: 0, Avg:  0.0, Max: 0, Diff: 0, Sum: 0, Workers: 4
[3574.421s][debug][gc,phases      ] GC(121)   Weak JFR Old Object Samples    Min: 0.00, Avg: 0.00, Max: 0.00, Diff: 0.00, Sum: 0.00, Workers: 4
[3574.421s][debug][gc,phases      ] GC(121)     Dead                           Min: 0, Avg:  0.0, Max: 0, Diff: 0, Sum: 0, Workers: 4
[3574.421s][debug][gc,phases      ] GC(121)     Total                          Min: 0, Avg:  0.0, Max: 0, Diff: 0, Sum: 0, Workers: 4
[3574.421s][debug][gc,phases      ] GC(121) Weak Processing 0.376ms
[3574.421s][debug][gc,age         ] GC(121) Desired survivor size 49283072 bytes, new threshold 1 (max threshold 15)
[3574.421s][info ][gc,heap        ] GC(121) PSYoungGen: 2041952K(2066432K)->28130K(2029056K) Eden: 2037248K(2037248K)->0K(2000896K) From: 4704K(29184K)->28130K(28160K)
[3574.421s][info ][gc,heap        ] GC(121) ParOldGen: 419781K(942592K)->460683K(942592K)
[3574.421s][info ][gc,metaspace   ] GC(121) Metaspace: 111558K(112768K)->111558K(112768K) NonClass: 95302K(96000K)->95302K(96000K) Class: 16255K(16768K)->16255K(16768K)
[3574.421s][info ][gc             ] GC(121) Pause Young (Allocation Failure) 2404M->477M(2902M) 23.466ms
[3574.421s][info ][gc,cpu         ] GC(121) User=0.08s Sys=0.00s Real=0.03s
[3574.421s][info ][safepoint      ] Safepoint "ParallelCollectForAllocation", Time since last: 16493515967 ns, Reaching safepoint: 6700 ns, At safepoint: 23530284 ns, Leaving safepoint: 5300 ns, Total: 23542284 ns, Threads: 0 runnable, 37 total
[3601.826s][info ][gc,start       ] GC(122) Pause Young (Allocation Failure)
[3601.846s][debug][gc,phases      ] GC(122) Scavenge 20.420ms
[3601.847s][debug][gc,ref         ] GC(122) ReferenceProcessor::execute queues: 1, RefProcThreadModel::Single, marks_oops_alive: false
[3601.847s][debug][gc,ref         ] GC(122) Skipped KeepAliveFinalRefsPhase of Reference Processing: no references
[3601.847s][debug][gc,ref         ] GC(122) Skipped PhantomRefsPhase of Reference Processing: no references
[3601.847s][debug][gc,phases      ] GC(122) Reference Processing 0.125ms
[3601.847s][debug][gc,phases      ] GC(122)   VM Weak                        Min: 0.00, Avg: 0.00, Max: 0.01, Diff: 0.01, Sum: 0.01, Workers: 4
[3601.847s][debug][gc,phases      ] GC(122)     Dead                           Min: 0, Avg:  0.0, Max: 0, Diff: 0, Sum: 0, Workers: 4
[3601.847s][debug][gc,phases      ] GC(122)     Total                          Min: 0, Avg: 234.5, Max: 618, Diff: 618, Sum: 938, Workers: 4
[3601.847s][debug][gc,phases      ] GC(122)   ObjectSynchronizer Weak        Min: 0.00, Avg: 0.00, Max: 0.00, Diff: 0.00, Sum: 0.00, Workers: 4
[3601.847s][debug][gc,phases      ] GC(122)     Dead                           Min: 0, Avg:  0.5, Max: 2, Diff: 2, Sum: 2, Workers: 4
[3601.847s][debug][gc,phases      ] GC(122)     Total                          Min: 0, Avg:  2.0, Max: 8, Diff: 8, Sum: 8, Workers: 4
[3601.847s][debug][gc,phases      ] GC(122)   JVMTI Tag Weak OopStorage      Min: 0.00, Avg: 0.00, Max: 0.00, Diff: 0.00, Sum: 0.00, Workers: 4
[3601.847s][debug][gc,phases      ] GC(122)     Dead                           Min: 0, Avg:  0.0, Max: 0, Diff: 0, Sum: 0, Workers: 4
[3601.847s][debug][gc,phases      ] GC(122)     Total                          Min: 0, Avg:  0.0, Max: 0, Diff: 0, Sum: 0, Workers: 4
[3601.847s][debug][gc,phases      ] GC(122)   StringTable Weak               Min: 0.00, Avg: 0.12, Max: 0.16, Diff: 0.16, Sum: 0.47, Workers: 4
[3601.847s][debug][gc,phases      ] GC(122)     Dead                           Min: 0, Avg:  0.0, Max: 0, Diff: 0, Sum: 0, Workers: 4
[3601.847s][debug][gc,phases      ] GC(122)     Total                          Min: 0, Avg: 12722.8, Max: 17408, Diff: 17408, Sum: 50891, Workers: 4
[3601.847s][debug][gc,phases      ] GC(122)   ResolvedMethodTable Weak       Min: 0.00, Avg: 0.04, Max: 0.06, Diff: 0.06, Sum: 0.18, Workers: 4
[3601.847s][debug][gc,phases      ] GC(122)     Dead                           Min: 0, Avg: 10.2, Max: 24, Diff: 24, Sum: 41, Workers: 4
[3601.847s][debug][gc,phases      ] GC(122)     Total                          Min: 0, Avg: 4268.2, Max: 5980, Diff: 5980, Sum: 17073, Workers: 4
[3601.847s][debug][gc,phases      ] GC(122)   JNI Weak                       Min: 0.00, Avg: 0.00, Max: 0.00, Diff: 0.00, Sum: 0.00, Workers: 4
[3601.847s][debug][gc,phases      ] GC(122)     Dead                           Min: 0, Avg:  0.0, Max: 0, Diff: 0, Sum: 0, Workers: 4
[3601.847s][debug][gc,phases      ] GC(122)     Total                          Min: 0, Avg: 13.0, Max: 48, Diff: 48, Sum: 52, Workers: 4
[3601.847s][debug][gc,phases      ] GC(122)   StringDedup Table Weak         Min: 0.00, Avg: 0.00, Max: 0.00, Diff: 0.00, Sum: 0.00, Workers: 4
[3601.847s][debug][gc,phases      ] GC(122)     Dead                           Min: 0, Avg:  0.0, Max: 0, Diff: 0, Sum: 0, Workers: 4
[3601.847s][debug][gc,phases      ] GC(122)     Total                          Min: 0, Avg:  0.0, Max: 0, Diff: 0, Sum: 0, Workers: 4
[3601.847s][debug][gc,phases      ] GC(122)   StringDedup Requests0 Weak     Min: 0.00, Avg: 0.00, Max: 0.00, Diff: 0.00, Sum: 0.00, Workers: 4
[3601.847s][debug][gc,phases      ] GC(122)     Dead                           Min: 0, Avg:  0.0, Max: 0, Diff: 0, Sum: 0, Workers: 4
[3601.847s][debug][gc,phases      ] GC(122)     Total                          Min: 0, Avg:  0.0, Max: 0, Diff: 0, Sum: 0, Workers: 4
[3601.847s][debug][gc,phases      ] GC(122)   StringDedup Requests1 Weak     Min: 0.00, Avg: 0.00, Max: 0.00, Diff: 0.00, Sum: 0.00, Workers: 4
[3601.847s][debug][gc,phases      ] GC(122)     Dead                           Min: 0, Avg:  0.0, Max: 0, Diff: 0, Sum: 0, Workers: 4
[3601.847s][debug][gc,phases      ] GC(122)     Total                          Min: 0, Avg:  0.0, Max: 0, Diff: 0, Sum: 0, Workers: 4
[3601.847s][debug][gc,phases      ] GC(122)   Weak JFR Old Object Samples    Min: 0.00, Avg: 0.00, Max: 0.00, Diff: 0.00, Sum: 0.00, Workers: 4
[3601.847s][debug][gc,phases      ] GC(122)     Dead                           Min: 0, Avg:  0.0, Max: 0, Diff: 0, Sum: 0, Workers: 4
[3601.847s][debug][gc,phases      ] GC(122)     Total                          Min: 0, Avg:  0.0, Max: 0, Diff: 0, Sum: 0, Workers: 4
[3601.847s][debug][gc,phases      ] GC(122) Weak Processing 0.471ms
[3601.847s][debug][gc,age         ] GC(122) Desired survivor size 57671680 bytes, new threshold 1 (max threshold 15)
[3601.847s][info ][gc,heap        ] GC(122) PSYoungGen: 2029026K(2029056K)->45006K(2045952K) Eden: 2000896K(2000896K)->0K(2000896K) From: 28130K(28160K)->45006K(45056K)
[3601.847s][info ][gc,heap        ] GC(122) ParOldGen: 460683K(942592K)->488655K(942592K)
[3601.847s][info ][gc,metaspace   ] GC(122) Metaspace: 111590K(112896K)->111590K(112896K) NonClass: 95334K(96064K)->95334K(96064K) Class: 16256K(16832K)->16256K(16832K)
[3601.847s][info ][gc             ] GC(122) Pause Young (Allocation Failure) 2431M->521M(2918M) 21.171ms
[3601.847s][info ][gc,cpu         ] GC(122) User=0.08s Sys=0.00s Real=0.02s
[3601.847s][info ][safepoint      ] Safepoint "ParallelCollectForAllocation", Time since last: 27405156859 ns, Reaching safepoint: 83499 ns, At safepoint: 21243797 ns, Leaving safepoint: 25700 ns, Total: 21352996 ns, Threads: 1 runnable, 39 total
[3612.245s][info ][gc,start       ] GC(123) Pause Young (Allocation Failure)
[3612.271s][debug][gc,phases      ] GC(123) Scavenge 26.482ms
[3612.272s][debug][gc,ref         ] GC(123) ReferenceProcessor::execute queues: 1, RefProcThreadModel::Single, marks_oops_alive: false
[3612.272s][debug][gc,ref         ] GC(123) Skipped KeepAliveFinalRefsPhase of Reference Processing: no references
[3612.272s][debug][gc,ref         ] GC(123) ReferenceProcessor::execute queues: 1, RefProcThreadModel::Single, marks_oops_alive: false
[3612.272s][debug][gc,phases      ] GC(123) Reference Processing 0.105ms
[3612.272s][debug][gc,phases      ] GC(123)   VM Weak                        Min: 0.00, Avg: 0.00, Max: 0.01, Diff: 0.01, Sum: 0.01, Workers: 4
[3612.272s][debug][gc,phases      ] GC(123)     Dead                           Min: 0, Avg:  0.0, Max: 0, Diff: 0, Sum: 0, Workers: 4
[3612.272s][debug][gc,phases      ] GC(123)     Total                          Min: 0, Avg: 234.5, Max: 746, Diff: 746, Sum: 938, Workers: 4
[3612.272s][debug][gc,phases      ] GC(123)   ObjectSynchronizer Weak        Min: 0.00, Avg: 0.00, Max: 0.00, Diff: 0.00, Sum: 0.00, Workers: 4
[3612.272s][debug][gc,phases      ] GC(123)     Dead                           Min: 0, Avg:  0.0, Max: 0, Diff: 0, Sum: 0, Workers: 4
[3612.272s][debug][gc,phases      ] GC(123)     Total                          Min: 0, Avg:  2.2, Max: 9, Diff: 9, Sum: 9, Workers: 4
[3612.272s][debug][gc,phases      ] GC(123)   JVMTI Tag Weak OopStorage      Min: 0.00, Avg: 0.00, Max: 0.00, Diff: 0.00, Sum: 0.00, Workers: 4
[3612.272s][debug][gc,phases      ] GC(123)     Dead                           Min: 0, Avg:  0.0, Max: 0, Diff: 0, Sum: 0, Workers: 4
[3612.272s][debug][gc,phases      ] GC(123)     Total                          Min: 0, Avg:  0.0, Max: 0, Diff: 0, Sum: 0, Workers: 4
[3612.272s][debug][gc,phases      ] GC(123)   StringTable Weak               Min: 0.00, Avg: 0.10, Max: 0.14, Diff: 0.14, Sum: 0.41, Workers: 4
[3612.272s][debug][gc,phases      ] GC(123)     Dead                           Min: 0, Avg:  0.0, Max: 0, Diff: 0, Sum: 0, Workers: 4
[3612.272s][debug][gc,phases      ] GC(123)     Total                          Min: 0, Avg: 12723.2, Max: 21568, Diff: 21568, Sum: 50893, Workers: 4
[3612.272s][debug][gc,phases      ] GC(123)   ResolvedMethodTable Weak       Min: 0.00, Avg: 0.04, Max: 0.05, Diff: 0.05, Sum: 0.16, Workers: 4
[3612.272s][debug][gc,phases      ] GC(123)     Dead                           Min: 0, Avg:  6.5, Max: 13, Diff: 13, Sum: 26, Workers: 4
[3612.272s][debug][gc,phases      ] GC(123)     Total                          Min: 0, Avg: 4268.2, Max: 7317, Diff: 7317, Sum: 17073, Workers: 4
[3612.272s][debug][gc,phases      ] GC(123)   JNI Weak                       Min: 0.00, Avg: 0.00, Max: 0.00, Diff: 0.00, Sum: 0.00, Workers: 4
[3612.272s][debug][gc,phases      ] GC(123)     Dead                           Min: 0, Avg:  0.0, Max: 0, Diff: 0, Sum: 0, Workers: 4
[3612.272s][debug][gc,phases      ] GC(123)     Total                          Min: 0, Avg: 13.0, Max: 48, Diff: 48, Sum: 52, Workers: 4
[3612.272s][debug][gc,phases      ] GC(123)   StringDedup Table Weak         Min: 0.00, Avg: 0.00, Max: 0.00, Diff: 0.00, Sum: 0.00, Workers: 4
[3612.272s][debug][gc,phases      ] GC(123)     Dead                           Min: 0, Avg:  0.0, Max: 0, Diff: 0, Sum: 0, Workers: 4
[3612.272s][debug][gc,phases      ] GC(123)     Total                          Min: 0, Avg:  0.0, Max: 0, Diff: 0, Sum: 0, Workers: 4
[3612.272s][debug][gc,phases      ] GC(123)   StringDedup Requests0 Weak     Min: 0.00, Avg: 0.00, Max: 0.00, Diff: 0.00, Sum: 0.00, Workers: 4
[3612.272s][debug][gc,phases      ] GC(123)     Dead                           Min: 0, Avg:  0.0, Max: 0, Diff: 0, Sum: 0, Workers: 4
[3612.272s][debug][gc,phases      ] GC(123)     Total                          Min: 0, Avg:  0.0, Max: 0, Diff: 0, Sum: 0, Workers: 4
[3612.272s][debug][gc,phases      ] GC(123)   StringDedup Requests1 Weak     Min: 0.00, Avg: 0.00, Max: 0.00, Diff: 0.00, Sum: 0.00, Workers: 4
[3612.272s][debug][gc,phases      ] GC(123)     Dead                           Min: 0, Avg:  0.0, Max: 0, Diff: 0, Sum: 0, Workers: 4
[3612.272s][debug][gc,phases      ] GC(123)     Total                          Min: 0, Avg:  0.0, Max: 0, Diff: 0, Sum: 0, Workers: 4
[3612.272s][debug][gc,phases      ] GC(123)   Weak JFR Old Object Samples    Min: 0.00, Avg: 0.00, Max: 0.00, Diff: 0.00, Sum: 0.00, Workers: 4
[3612.272s][debug][gc,phases      ] GC(123)     Dead                           Min: 0, Avg:  0.0, Max: 0, Diff: 0, Sum: 0, Workers: 4
[3612.272s][debug][gc,phases      ] GC(123)     Total                          Min: 0, Avg:  0.0, Max: 0, Diff: 0, Sum: 0, Workers: 4
[3612.272s][debug][gc,phases      ] GC(123) Weak Processing 0.389ms
[3612.272s][debug][gc,age         ] GC(123) Desired survivor size 65011712 bytes, new threshold 1 (max threshold 15)
[3612.272s][info ][gc,heap        ] GC(123) PSYoungGen: 2045902K(2045952K)->47808K(2021376K) Eden: 2000896K(2000896K)->0K(1970176K) From: 45006K(45056K)->47808K(51200K)
[3612.272s][info ][gc,heap        ] GC(123) ParOldGen: 488655K(942592K)->531758K(942592K)
[3612.272s][info ][gc,metaspace   ] GC(123) Metaspace: 111601K(112896K)->111601K(112896K) NonClass: 95344K(96064K)->95344K(96064K) Class: 16256K(16832K)->16256K(16832K)
[3612.272s][info ][gc             ] GC(123) Pause Young (Allocation Failure) 2475M->565M(2894M) 27.110ms
[3612.272s][info ][gc,cpu         ] GC(123) User=0.10s Sys=0.00s Real=0.03s
[3612.272s][info ][safepoint      ] Safepoint "ParallelCollectForAllocation", Time since last: 10397623263 ns, Reaching safepoint: 96100 ns, At safepoint: 27183767 ns, Leaving safepoint: 21800 ns, Total: 27301667 ns, Threads: 1 runnable, 39 total
[3658.449s][info ][gc,start       ] GC(124) Pause Young (Allocation Failure)
[3658.464s][debug][gc,phases      ] GC(124) Scavenge 14.582ms
[3658.464s][debug][gc,ref         ] GC(124) Skipped SoftWeakFinalRefsPhase of Reference Processing: no references
[3658.464s][debug][gc,ref         ] GC(124) Skipped KeepAliveFinalRefsPhase of Reference Processing: no references
[3658.464s][debug][gc,ref         ] GC(124) Skipped PhantomRefsPhase of Reference Processing: no references
[3658.464s][debug][gc,phases      ] GC(124) Reference Processing 0.024ms
[3658.465s][debug][gc,phases      ] GC(124)   VM Weak                        Min: 0.00, Avg: 0.00, Max: 0.01, Diff: 0.01, Sum: 0.01, Workers: 4
[3658.465s][debug][gc,phases      ] GC(124)     Dead                           Min: 0, Avg:  0.0, Max: 0, Diff: 0, Sum: 0, Workers: 4
[3658.465s][debug][gc,phases      ] GC(124)     Total                          Min: 0, Avg: 234.5, Max: 746, Diff: 746, Sum: 938, Workers: 4
[3658.465s][debug][gc,phases      ] GC(124)   ObjectSynchronizer Weak        Min: 0.00, Avg: 0.00, Max: 0.00, Diff: 0.00, Sum: 0.00, Workers: 4
[3658.465s][debug][gc,phases      ] GC(124)     Dead                           Min: 0, Avg:  0.0, Max: 0, Diff: 0, Sum: 0, Workers: 4
[3658.465s][debug][gc,phases      ] GC(124)     Total                          Min: 0, Avg:  2.5, Max: 10, Diff: 10, Sum: 10, Workers: 4
[3658.465s][debug][gc,phases      ] GC(124)   JVMTI Tag Weak OopStorage      Min: 0.00, Avg: 0.00, Max: 0.00, Diff: 0.00, Sum: 0.00, Workers: 4
[3658.465s][debug][gc,phases      ] GC(124)     Dead                           Min: 0, Avg:  0.0, Max: 0, Diff: 0, Sum: 0, Workers: 4
[3658.465s][debug][gc,phases      ] GC(124)     Total                          Min: 0, Avg:  0.0, Max: 0, Diff: 0, Sum: 0, Workers: 4
[3658.465s][debug][gc,phases      ] GC(124)   StringTable Weak               Min: 0.00, Avg: 0.10, Max: 0.13, Diff: 0.13, Sum: 0.40, Workers: 4
[3658.465s][debug][gc,phases      ] GC(124)     Dead                           Min: 0, Avg:  0.0, Max: 0, Diff: 0, Sum: 0, Workers: 4
[3658.465s][debug][gc,phases      ] GC(124)     Total                          Min: 0, Avg: 12723.2, Max: 21568, Diff: 21568, Sum: 50893, Workers: 4
[3658.465s][debug][gc,phases      ] GC(124)   ResolvedMethodTable Weak       Min: 0.00, Avg: 0.03, Max: 0.05, Diff: 0.05, Sum: 0.13, Workers: 4
[3658.465s][debug][gc,phases      ] GC(124)     Dead                           Min: 0, Avg:  7.2, Max: 15, Diff: 15, Sum: 29, Workers: 4
[3658.465s][debug][gc,phases      ] GC(124)     Total                          Min: 0, Avg: 4268.5, Max: 7315, Diff: 7315, Sum: 17074, Workers: 4
[3658.465s][debug][gc,phases      ] GC(124)   JNI Weak                       Min: 0.00, Avg: 0.00, Max: 0.00, Diff: 0.00, Sum: 0.00, Workers: 4
[3658.465s][debug][gc,phases      ] GC(124)     Dead                           Min: 0, Avg:  0.0, Max: 0, Diff: 0, Sum: 0, Workers: 4
[3658.465s][debug][gc,phases      ] GC(124)     Total                          Min: 0, Avg: 13.0, Max: 48, Diff: 48, Sum: 52, Workers: 4
[3658.465s][debug][gc,phases      ] GC(124)   StringDedup Table Weak         Min: 0.00, Avg: 0.00, Max: 0.00, Diff: 0.00, Sum: 0.00, Workers: 4
[3658.465s][debug][gc,phases      ] GC(124)     Dead                           Min: 0, Avg:  0.0, Max: 0, Diff: 0, Sum: 0, Workers: 4
[3658.465s][debug][gc,phases      ] GC(124)     Total                          Min: 0, Avg:  0.0, Max: 0, Diff: 0, Sum: 0, Workers: 4
[3658.465s][debug][gc,phases      ] GC(124)   StringDedup Requests0 Weak     Min: 0.00, Avg: 0.00, Max: 0.00, Diff: 0.00, Sum: 0.00, Workers: 4
[3658.465s][debug][gc,phases      ] GC(124)     Dead                           Min: 0, Avg:  0.0, Max: 0, Diff: 0, Sum: 0, Workers: 4
[3658.465s][debug][gc,phases      ] GC(124)     Total                          Min: 0, Avg:  0.0, Max: 0, Diff: 0, Sum: 0, Workers: 4
[3658.465s][debug][gc,phases      ] GC(124)   StringDedup Requests1 Weak     Min: 0.00, Avg: 0.00, Max: 0.00, Diff: 0.00, Sum: 0.00, Workers: 4
[3658.465s][debug][gc,phases      ] GC(124)     Dead                           Min: 0, Avg:  0.0, Max: 0, Diff: 0, Sum: 0, Workers: 4
[3658.465s][debug][gc,phases      ] GC(124)     Total                          Min: 0, Avg:  0.0, Max: 0, Diff: 0, Sum: 0, Workers: 4
[3658.465s][debug][gc,phases      ] GC(124)   Weak JFR Old Object Samples    Min: 0.00, Avg: 0.00, Max: 0.00, Diff: 0.00, Sum: 0.00, Workers: 4
[3658.465s][debug][gc,phases      ] GC(124)     Dead                           Min: 0, Avg:  0.0, Max: 0, Diff: 0, Sum: 0, Workers: 4
[3658.465s][debug][gc,phases      ] GC(124)     Total                          Min: 0, Avg:  0.0, Max: 0, Diff: 0, Sum: 0, Workers: 4
[3658.465s][debug][gc,phases      ] GC(124) Weak Processing 0.396ms
[3658.465s][debug][gc,age         ] GC(124) Desired survivor size 63963136 bytes, new threshold 1 (max threshold 15)
[3658.465s][info ][gc,heap        ] GC(124) PSYoungGen: 2017984K(2021376K)->2912K(2033664K) Eden: 1970176K(1970176K)->0K(1970176K) From: 47808K(51200K)->2912K(63488K)
[3658.465s][info ][gc,heap        ] GC(124) ParOldGen: 531758K(942592K)->579498K(942592K)
[3658.465s][info ][gc,metaspace   ] GC(124) Metaspace: 111602K(112896K)->111602K(112896K) NonClass: 95345K(96064K)->95345K(96064K) Class: 16256K(16832K)->16256K(16832K)
[3658.465s][info ][gc             ] GC(124) Pause Young (Allocation Failure) 2489M->568M(2906M) 15.378ms
[3658.465s][info ][gc,cpu         ] GC(124) User=0.05s Sys=0.00s Real=0.01s
[3658.465s][info ][safepoint      ] Safepoint "ParallelCollectForAllocation", Time since last: 46177297666 ns, Reaching safepoint: 27700 ns, At safepoint: 15443026 ns, Leaving safepoint: 4400 ns, Total: 15475126 ns, Threads: 0 runnable, 37 total
[3671.093s][info ][gc,start       ] GC(125) Pause Young (Allocation Failure)
[3671.117s][debug][gc,phases      ] GC(125) Scavenge 24.425ms
[3671.117s][debug][gc,ref         ] GC(125) ReferenceProcessor::execute queues: 1, RefProcThreadModel::Single, marks_oops_alive: false
[3671.117s][debug][gc,ref         ] GC(125) Skipped KeepAliveFinalRefsPhase of Reference Processing: no references
[3671.117s][debug][gc,ref         ] GC(125) ReferenceProcessor::execute queues: 1, RefProcThreadModel::Single, marks_oops_alive: false
[3671.117s][debug][gc,phases      ] GC(125) Reference Processing 0.096ms
[3671.118s][debug][gc,phases      ] GC(125)   VM Weak                        Min: 0.00, Avg: 0.00, Max: 0.01, Diff: 0.01, Sum: 0.01, Workers: 4
[3671.118s][debug][gc,phases      ] GC(125)     Dead                           Min: 0, Avg:  0.0, Max: 0, Diff: 0, Sum: 0, Workers: 4
[3671.118s][debug][gc,phases      ] GC(125)     Total                          Min: 0, Avg: 234.5, Max: 704, Diff: 704, Sum: 938, Workers: 4
[3671.118s][debug][gc,phases      ] GC(125)   ObjectSynchronizer Weak        Min: 0.00, Avg: 0.00, Max: 0.00, Diff: 0.00, Sum: 0.00, Workers: 4
[3671.118s][debug][gc,phases      ] GC(125)     Dead                           Min: 0, Avg:  0.5, Max: 2, Diff: 2, Sum: 2, Workers: 4
[3671.118s][debug][gc,phases      ] GC(125)     Total                          Min: 0, Avg:  2.0, Max: 8, Diff: 8, Sum: 8, Workers: 4
[3671.118s][debug][gc,phases      ] GC(125)   JVMTI Tag Weak OopStorage      Min: 0.00, Avg: 0.00, Max: 0.00, Diff: 0.00, Sum: 0.00, Workers: 4
[3671.118s][debug][gc,phases      ] GC(125)     Dead                           Min: 0, Avg:  0.0, Max: 0, Diff: 0, Sum: 0, Workers: 4
[3671.118s][debug][gc,phases      ] GC(125)     Total                          Min: 0, Avg:  0.0, Max: 0, Diff: 0, Sum: 0, Workers: 4
[3671.118s][debug][gc,phases      ] GC(125)   StringTable Weak               Min: 0.00, Avg: 0.10, Max: 0.14, Diff: 0.14, Sum: 0.41, Workers: 4
[3671.118s][debug][gc,phases      ] GC(125)     Dead                           Min: 0, Avg:  0.0, Max: 0, Diff: 0, Sum: 0, Workers: 4
[3671.118s][debug][gc,phases      ] GC(125)     Total                          Min: 0, Avg: 12727.0, Max: 21532, Diff: 21532, Sum: 50908, Workers: 4
[3671.118s][debug][gc,phases      ] GC(125)   ResolvedMethodTable Weak       Min: 0.00, Avg: 0.03, Max: 0.05, Diff: 0.05, Sum: 0.14, Workers: 4
[3671.118s][debug][gc,phases      ] GC(125)     Dead                           Min: 0, Avg: 10.2, Max: 18, Diff: 18, Sum: 41, Workers: 4
[3671.118s][debug][gc,phases      ] GC(125)     Total                          Min: 0, Avg: 4268.5, Max: 7323, Diff: 7323, Sum: 17074, Workers: 4
[3671.118s][debug][gc,phases      ] GC(125)   JNI Weak                       Min: 0.00, Avg: 0.00, Max: 0.00, Diff: 0.00, Sum: 0.00, Workers: 4
[3671.118s][debug][gc,phases      ] GC(125)     Dead                           Min: 0, Avg:  0.0, Max: 0, Diff: 0, Sum: 0, Workers: 4
[3671.118s][debug][gc,phases      ] GC(125)     Total                          Min: 0, Avg: 13.0, Max: 48, Diff: 48, Sum: 52, Workers: 4
[3671.118s][debug][gc,phases      ] GC(125)   StringDedup Table Weak         Min: 0.00, Avg: 0.00, Max: 0.00, Diff: 0.00, Sum: 0.00, Workers: 4
[3671.118s][debug][gc,phases      ] GC(125)     Dead                           Min: 0, Avg:  0.0, Max: 0, Diff: 0, Sum: 0, Workers: 4
[3671.118s][debug][gc,phases      ] GC(125)     Total                          Min: 0, Avg:  0.0, Max: 0, Diff: 0, Sum: 0, Workers: 4
[3671.118s][debug][gc,phases      ] GC(125)   StringDedup Requests0 Weak     Min: 0.00, Avg: 0.00, Max: 0.00, Diff: 0.00, Sum: 0.00, Workers: 4
[3671.118s][debug][gc,phases      ] GC(125)     Dead                           Min: 0, Avg:  0.0, Max: 0, Diff: 0, Sum: 0, Workers: 4
[3671.118s][debug][gc,phases      ] GC(125)     Total                          Min: 0, Avg:  0.0, Max: 0, Diff: 0, Sum: 0, Workers: 4
[3671.118s][debug][gc,phases      ] GC(125)   StringDedup Requests1 Weak     Min: 0.00, Avg: 0.00, Max: 0.00, Diff: 0.00, Sum: 0.00, Workers: 4
[3671.118s][debug][gc,phases      ] GC(125)     Dead                           Min: 0, Avg:  0.0, Max: 0, Diff: 0, Sum: 0, Workers: 4
[3671.118s][debug][gc,phases      ] GC(125)     Total                          Min: 0, Avg:  0.0, Max: 0, Diff: 0, Sum: 0, Workers: 4
[3671.118s][debug][gc,phases      ] GC(125)   Weak JFR Old Object Samples    Min: 0.00, Avg: 0.00, Max: 0.00, Diff: 0.00, Sum: 0.00, Workers: 4
[3671.118s][debug][gc,phases      ] GC(125)     Dead                           Min: 0, Avg:  0.0, Max: 0, Diff: 0, Sum: 0, Workers: 4
[3671.118s][debug][gc,phases      ] GC(125)     Total                          Min: 0, Avg:  0.0, Max: 0, Diff: 0, Sum: 0, Workers: 4
[3671.118s][debug][gc,phases      ] GC(125) Weak Processing 0.369ms
[3671.118s][debug][gc,age         ] GC(125) Desired survivor size 82837504 bytes, new threshold 1 (max threshold 15)
[3671.118s][info ][gc,heap        ] GC(125) PSYoungGen: 1973088K(2033664K)->62445K(1997824K) Eden: 1970176K(1970176K)->0K(1935360K) From: 2912K(63488K)->62445K(62464K)
[3671.118s][info ][gc,heap        ] GC(125) ParOldGen: 579498K(942592K)->597787K(942592K)
[3671.118s][info ][gc,metaspace   ] GC(125) Metaspace: 111633K(112960K)->111633K(112960K) NonClass: 95376K(96128K)->95376K(96128K) Class: 16256K(16832K)->16256K(16832K)
[3671.118s][info ][gc             ] GC(125) Pause Young (Allocation Failure) 2492M->644M(2871M) 25.009ms
[3671.118s][info ][gc,cpu         ] GC(125) User=0.08s Sys=0.00s Real=0.02s
[3671.118s][info ][safepoint      ] Safepoint "ParallelCollectForAllocation", Time since last: 12627928937 ns, Reaching safepoint: 83400 ns, At safepoint: 25079579 ns, Leaving safepoint: 97799 ns, Total: 25260778 ns, Threads: 3 runnable, 38 total
[3696.342s][info ][gc,start       ] GC(126) Pause Young (Allocation Failure)
[3696.359s][debug][gc,phases      ] GC(126) Scavenge 16.986ms
[3696.359s][debug][gc,ref         ] GC(126) Skipped SoftWeakFinalRefsPhase of Reference Processing: no references
[3696.359s][debug][gc,ref         ] GC(126) Skipped KeepAliveFinalRefsPhase of Reference Processing: no references
[3696.359s][debug][gc,ref         ] GC(126) Skipped PhantomRefsPhase of Reference Processing: no references
[3696.359s][debug][gc,phases      ] GC(126) Reference Processing 0.030ms
[3696.359s][debug][gc,phases      ] GC(126)   VM Weak                        Min: 0.00, Avg: 0.00, Max: 0.01, Diff: 0.01, Sum: 0.01, Workers: 4
[3696.359s][debug][gc,phases      ] GC(126)     Dead                           Min: 0, Avg:  0.0, Max: 0, Diff: 0, Sum: 0, Workers: 4
[3696.359s][debug][gc,phases      ] GC(126)     Total                          Min: 0, Avg: 234.5, Max: 618, Diff: 618, Sum: 938, Workers: 4
[3696.359s][debug][gc,phases      ] GC(126)   ObjectSynchronizer Weak        Min: 0.00, Avg: 0.00, Max: 0.00, Diff: 0.00, Sum: 0.00, Workers: 4
[3696.359s][debug][gc,phases      ] GC(126)     Dead                           Min: 0, Avg:  0.2, Max: 1, Diff: 1, Sum: 1, Workers: 4
[3696.359s][debug][gc,phases      ] GC(126)     Total                          Min: 0, Avg:  2.2, Max: 9, Diff: 9, Sum: 9, Workers: 4
[3696.359s][debug][gc,phases      ] GC(126)   JVMTI Tag Weak OopStorage      Min: 0.00, Avg: 0.00, Max: 0.00, Diff: 0.00, Sum: 0.00, Workers: 4
[3696.359s][debug][gc,phases      ] GC(126)     Dead                           Min: 0, Avg:  0.0, Max: 0, Diff: 0, Sum: 0, Workers: 4
[3696.359s][debug][gc,phases      ] GC(126)     Total                          Min: 0, Avg:  0.0, Max: 0, Diff: 0, Sum: 0, Workers: 4
[3696.359s][debug][gc,phases      ] GC(126)   StringTable Weak               Min: 0.00, Avg: 0.12, Max: 0.16, Diff: 0.16, Sum: 0.49, Workers: 4
[3696.359s][debug][gc,phases      ] GC(126)     Dead                           Min: 0, Avg:  0.0, Max: 0, Diff: 0, Sum: 0, Workers: 4
[3696.359s][debug][gc,phases      ] GC(126)     Total                          Min: 0, Avg: 12727.0, Max: 17180, Diff: 17180, Sum: 50908, Workers: 4
[3696.359s][debug][gc,phases      ] GC(126)   ResolvedMethodTable Weak       Min: 0.00, Avg: 0.04, Max: 0.05, Diff: 0.05, Sum: 0.16, Workers: 4
[3696.359s][debug][gc,phases      ] GC(126)     Dead                           Min: 0, Avg:  5.0, Max: 14, Diff: 14, Sum: 20, Workers: 4
[3696.359s][debug][gc,phases      ] GC(126)     Total                          Min: 0, Avg: 4268.5, Max: 5909, Diff: 5909, Sum: 17074, Workers: 4
[3696.359s][debug][gc,phases      ] GC(126)   JNI Weak                       Min: 0.00, Avg: 0.00, Max: 0.00, Diff: 0.00, Sum: 0.00, Workers: 4
[3696.359s][debug][gc,phases      ] GC(126)     Dead                           Min: 0, Avg:  0.0, Max: 0, Diff: 0, Sum: 0, Workers: 4
[3696.359s][debug][gc,phases      ] GC(126)     Total                          Min: 0, Avg: 13.0, Max: 48, Diff: 48, Sum: 52, Workers: 4
[3696.359s][debug][gc,phases      ] GC(126)   StringDedup Table Weak         Min: 0.00, Avg: 0.00, Max: 0.00, Diff: 0.00, Sum: 0.00, Workers: 4
[3696.359s][debug][gc,phases      ] GC(126)     Dead                           Min: 0, Avg:  0.0, Max: 0, Diff: 0, Sum: 0, Workers: 4
[3696.359s][debug][gc,phases      ] GC(126)     Total                          Min: 0, Avg:  0.0, Max: 0, Diff: 0, Sum: 0, Workers: 4
[3696.359s][debug][gc,phases      ] GC(126)   StringDedup Requests0 Weak     Min: 0.00, Avg: 0.00, Max: 0.00, Diff: 0.00, Sum: 0.00, Workers: 4
[3696.359s][debug][gc,phases      ] GC(126)     Dead                           Min: 0, Avg:  0.0, Max: 0, Diff: 0, Sum: 0, Workers: 4
[3696.359s][debug][gc,phases      ] GC(126)     Total                          Min: 0, Avg:  0.0, Max: 0, Diff: 0, Sum: 0, Workers: 4
[3696.359s][debug][gc,phases      ] GC(126)   StringDedup Requests1 Weak     Min: 0.00, Avg: 0.00, Max: 0.00, Diff: 0.00, Sum: 0.00, Workers: 4
[3696.359s][debug][gc,phases      ] GC(126)     Dead                           Min: 0, Avg:  0.0, Max: 0, Diff: 0, Sum: 0, Workers: 4
[3696.359s][debug][gc,phases      ] GC(126)     Total                          Min: 0, Avg:  0.0, Max: 0, Diff: 0, Sum: 0, Workers: 4
[3696.359s][debug][gc,phases      ] GC(126)   Weak JFR Old Object Samples    Min: 0.00, Avg: 0.00, Max: 0.00, Diff: 0.00, Sum: 0.00, Workers: 4
[3696.359s][debug][gc,phases      ] GC(126)     Dead                           Min: 0, Avg:  0.0, Max: 0, Diff: 0, Sum: 0, Workers: 4
[3696.359s][debug][gc,phases      ] GC(126)     Total                          Min: 0, Avg:  0.0, Max: 0, Diff: 0, Sum: 0, Workers: 4
[3696.359s][debug][gc,phases      ] GC(126) Weak Processing 0.398ms
[3696.359s][debug][gc,age         ] GC(126) Desired survivor size 80740352 bytes, new threshold 1 (max threshold 15)
[3696.359s][info ][gc,heap        ] GC(126) PSYoungGen: 1997805K(1997824K)->3568K(2016256K) Eden: 1935360K(1935360K)->0K(1935360K) From: 62445K(62464K)->3568K(80896K)
[3696.359s][info ][gc,heap        ] GC(126) ParOldGen: 597787K(942592K)->662073K(942592K)
[3696.359s][info ][gc,metaspace   ] GC(126) Metaspace: 111634K(112960K)->111634K(112960K) NonClass: 95377K(96128K)->95377K(96128K) Class: 16256K(16832K)->16256K(16832K)
[3696.359s][info ][gc             ] GC(126) Pause Young (Allocation Failure) 2534M->650M(2889M) 17.578ms
[3696.359s][info ][gc,cpu         ] GC(126) User=0.06s Sys=0.00s Real=0.02s
[3696.359s][info ][safepoint      ] Safepoint "ParallelCollectForAllocation", Time since last: 25223690158 ns, Reaching safepoint: 5900 ns, At safepoint: 17644315 ns, Leaving safepoint: 15299 ns, Total: 17665514 ns, Threads: 0 runnable, 37 total
[3725.247s][info ][gc,start       ] GC(127) Pause Young (Allocation Failure)
[3725.253s][debug][gc,phases      ] GC(127) Scavenge 5.451ms
[3725.253s][debug][gc,ref         ] GC(127) Skipped SoftWeakFinalRefsPhase of Reference Processing: no references
[3725.253s][debug][gc,ref         ] GC(127) Skipped KeepAliveFinalRefsPhase of Reference Processing: no references
[3725.253s][debug][gc,ref         ] GC(127) Skipped PhantomRefsPhase of Reference Processing: no references
[3725.253s][debug][gc,phases      ] GC(127) Reference Processing 0.018ms
[3725.253s][debug][gc,phases      ] GC(127)   VM Weak                        Min: 0.00, Avg: 0.00, Max: 0.01, Diff: 0.01, Sum: 0.01, Workers: 4
[3725.253s][debug][gc,phases      ] GC(127)     Dead                           Min: 0, Avg:  0.0, Max: 0, Diff: 0, Sum: 0, Workers: 4
[3725.253s][debug][gc,phases      ] GC(127)     Total                          Min: 0, Avg: 234.5, Max: 576, Diff: 576, Sum: 938, Workers: 4
[3725.253s][debug][gc,phases      ] GC(127)   ObjectSynchronizer Weak        Min: 0.00, Avg: 0.00, Max: 0.00, Diff: 0.00, Sum: 0.00, Workers: 4
[3725.253s][debug][gc,phases      ] GC(127)     Dead                           Min: 0, Avg:  0.0, Max: 0, Diff: 0, Sum: 0, Workers: 4
[3725.253s][debug][gc,phases      ] GC(127)     Total                          Min: 0, Avg:  1.5, Max: 6, Diff: 6, Sum: 6, Workers: 4
[3725.253s][debug][gc,phases      ] GC(127)   JVMTI Tag Weak OopStorage      Min: 0.00, Avg: 0.00, Max: 0.00, Diff: 0.00, Sum: 0.00, Workers: 4
[3725.253s][debug][gc,phases      ] GC(127)     Dead                           Min: 0, Avg:  0.0, Max: 0, Diff: 0, Sum: 0, Workers: 4
[3725.253s][debug][gc,phases      ] GC(127)     Total                          Min: 0, Avg:  0.0, Max: 0, Diff: 0, Sum: 0, Workers: 4
[3725.253s][debug][gc,phases      ] GC(127)   StringTable Weak               Min: 0.00, Avg: 0.10, Max: 0.13, Diff: 0.13, Sum: 0.40, Workers: 4
[3725.253s][debug][gc,phases      ] GC(127)     Dead                           Min: 0, Avg:  0.0, Max: 0, Diff: 0, Sum: 0, Workers: 4
[3725.253s][debug][gc,phases      ] GC(127)     Total                          Min: 0, Avg: 12727.0, Max: 21632, Diff: 21632, Sum: 50908, Workers: 4
[3725.253s][debug][gc,phases      ] GC(127)   ResolvedMethodTable Weak       Min: 0.00, Avg: 0.03, Max: 0.04, Diff: 0.04, Sum: 0.13, Workers: 4
[3725.253s][debug][gc,phases      ] GC(127)     Dead                           Min: 0, Avg:  5.0, Max: 9, Diff: 9, Sum: 20, Workers: 4
[3725.253s][debug][gc,phases      ] GC(127)     Total                          Min: 0, Avg: 4268.5, Max: 7393, Diff: 7393, Sum: 17074, Workers: 4
[3725.253s][debug][gc,phases      ] GC(127)   JNI Weak                       Min: 0.00, Avg: 0.00, Max: 0.00, Diff: 0.00, Sum: 0.00, Workers: 4
[3725.253s][debug][gc,phases      ] GC(127)     Dead                           Min: 0, Avg:  0.0, Max: 0, Diff: 0, Sum: 0, Workers: 4
[3725.253s][debug][gc,phases      ] GC(127)     Total                          Min: 0, Avg: 13.0, Max: 48, Diff: 48, Sum: 52, Workers: 4
[3725.253s][debug][gc,phases      ] GC(127)   StringDedup Table Weak         Min: 0.00, Avg: 0.00, Max: 0.00, Diff: 0.00, Sum: 0.00, Workers: 4
[3725.253s][debug][gc,phases      ] GC(127)     Dead                           Min: 0, Avg:  0.0, Max: 0, Diff: 0, Sum: 0, Workers: 4
[3725.253s][debug][gc,phases      ] GC(127)     Total                          Min: 0, Avg:  0.0, Max: 0, Diff: 0, Sum: 0, Workers: 4
[3725.253s][debug][gc,phases      ] GC(127)   StringDedup Requests0 Weak     Min: 0.00, Avg: 0.00, Max: 0.00, Diff: 0.00, Sum: 0.00, Workers: 4
[3725.253s][debug][gc,phases      ] GC(127)     Dead                           Min: 0, Avg:  0.0, Max: 0, Diff: 0, Sum: 0, Workers: 4
[3725.253s][debug][gc,phases      ] GC(127)     Total                          Min: 0, Avg:  0.0, Max: 0, Diff: 0, Sum: 0, Workers: 4
[3725.253s][debug][gc,phases      ] GC(127)   StringDedup Requests1 Weak     Min: 0.00, Avg: 0.00, Max: 0.00, Diff: 0.00, Sum: 0.00, Workers: 4
[3725.253s][debug][gc,phases      ] GC(127)     Dead                           Min: 0, Avg:  0.0, Max: 0, Diff: 0, Sum: 0, Workers: 4
[3725.253s][debug][gc,phases      ] GC(127)     Total                          Min: 0, Avg:  0.0, Max: 0, Diff: 0, Sum: 0, Workers: 4
[3725.253s][debug][gc,phases      ] GC(127)   Weak JFR Old Object Samples    Min: 0.00, Avg: 0.00, Max: 0.00, Diff: 0.00, Sum: 0.00, Workers: 4
[3725.253s][debug][gc,phases      ] GC(127)     Dead                           Min: 0, Avg:  0.0, Max: 0, Diff: 0, Sum: 0, Workers: 4
[3725.253s][debug][gc,phases      ] GC(127)     Total                          Min: 0, Avg:  0.0, Max: 0, Diff: 0, Sum: 0, Workers: 4
[3725.253s][debug][gc,phases      ] GC(127) Weak Processing 0.359ms
[3725.253s][debug][gc,age         ] GC(127) Desired survivor size 78118912 bytes, new threshold 1 (max threshold 15)
[3725.253s][info ][gc,heap        ] GC(127) PSYoungGen: 1938928K(2016256K)->5984K(2020864K) Eden: 1935360K(1935360K)->0K(1942016K) From: 3568K(80896K)->5984K(78848K)
[3725.253s][info ][gc,heap        ] GC(127) ParOldGen: 662073K(942592K)->663546K(942592K)
[3725.253s][info ][gc,metaspace   ] GC(127) Metaspace: 111635K(112960K)->111635K(112960K) NonClass: 95378K(96128K)->95378K(96128K) Class: 16256K(16832K)->16256K(16832K)
[3725.253s][info ][gc             ] GC(127) Pause Young (Allocation Failure) 2540M->653M(2894M) 5.930ms
[3725.253s][info ][gc,cpu         ] GC(127) User=0.01s Sys=0.00s Real=0.01s
[3725.253s][info ][safepoint      ] Safepoint "ParallelCollectForAllocation", Time since last: 28887478380 ns, Reaching safepoint: 106299 ns, At safepoint: 5991772 ns, Leaving safepoint: 7200 ns, Total: 6105271 ns, Threads: 1 runnable, 37 total
[3737.314s][info ][gc,start       ] GC(128) Pause Young (Allocation Failure)
[3737.329s][debug][gc,phases      ] GC(128) Scavenge 15.243ms
[3737.329s][debug][gc,ref         ] GC(128) Skipped SoftWeakFinalRefsPhase of Reference Processing: no references
[3737.329s][debug][gc,ref         ] GC(128) Skipped KeepAliveFinalRefsPhase of Reference Processing: no references
[3737.329s][debug][gc,ref         ] GC(128) Skipped PhantomRefsPhase of Reference Processing: no references
[3737.329s][debug][gc,phases      ] GC(128) Reference Processing 0.023ms
[3737.329s][debug][gc,phases      ] GC(128)   VM Weak                        Min: 0.00, Avg: 0.00, Max: 0.01, Diff: 0.01, Sum: 0.01, Workers: 4
[3737.329s][debug][gc,phases      ] GC(128)     Dead                           Min: 0, Avg:  0.0, Max: 0, Diff: 0, Sum: 0, Workers: 4
[3737.329s][debug][gc,phases      ] GC(128)     Total                          Min: 0, Avg: 234.5, Max: 554, Diff: 554, Sum: 938, Workers: 4
[3737.329s][debug][gc,phases      ] GC(128)   ObjectSynchronizer Weak        Min: 0.00, Avg: 0.00, Max: 0.00, Diff: 0.00, Sum: 0.00, Workers: 4
[3737.329s][debug][gc,phases      ] GC(128)     Dead                           Min: 0, Avg:  0.0, Max: 0, Diff: 0, Sum: 0, Workers: 4
[3737.329s][debug][gc,phases      ] GC(128)     Total                          Min: 0, Avg:  2.0, Max: 8, Diff: 8, Sum: 8, Workers: 4
[3737.329s][debug][gc,phases      ] GC(128)   JVMTI Tag Weak OopStorage      Min: 0.00, Avg: 0.00, Max: 0.00, Diff: 0.00, Sum: 0.00, Workers: 4
[3737.329s][debug][gc,phases      ] GC(128)     Dead                           Min: 0, Avg:  0.0, Max: 0, Diff: 0, Sum: 0, Workers: 4
[3737.329s][debug][gc,phases      ] GC(128)     Total                          Min: 0, Avg:  0.0, Max: 0, Diff: 0, Sum: 0, Workers: 4
[3737.329s][debug][gc,phases      ] GC(128)   StringTable Weak               Min: 0.11, Avg: 0.12, Max: 0.12, Diff: 0.01, Sum: 0.48, Workers: 4
[3737.329s][debug][gc,phases      ] GC(128)     Dead                           Min: 0, Avg:  0.0, Max: 0, Diff: 0, Sum: 0, Workers: 4
[3737.329s][debug][gc,phases      ] GC(128)     Total                          Min: 12061, Avg: 12727.2, Max: 13184, Diff: 1123, Sum: 50909, Workers: 4
[3737.329s][debug][gc,phases      ] GC(128)   ResolvedMethodTable Weak       Min: 0.04, Avg: 0.04, Max: 0.04, Diff: 0.00, Sum: 0.16, Workers: 4
[3737.329s][debug][gc,phases      ] GC(128)     Dead                           Min: 0, Avg:  0.0, Max: 0, Diff: 0, Sum: 0, Workers: 4
[3737.329s][debug][gc,phases      ] GC(128)     Total                          Min: 4121, Avg: 4268.5, Max: 4402, Diff: 281, Sum: 17074, Workers: 4
[3737.329s][debug][gc,phases      ] GC(128)   JNI Weak                       Min: 0.00, Avg: 0.00, Max: 0.00, Diff: 0.00, Sum: 0.00, Workers: 4
[3737.329s][debug][gc,phases      ] GC(128)     Dead                           Min: 0, Avg:  0.0, Max: 0, Diff: 0, Sum: 0, Workers: 4
[3737.329s][debug][gc,phases      ] GC(128)     Total                          Min: 0, Avg: 13.0, Max: 48, Diff: 48, Sum: 52, Workers: 4
[3737.329s][debug][gc,phases      ] GC(128)   StringDedup Table Weak         Min: 0.00, Avg: 0.00, Max: 0.00, Diff: 0.00, Sum: 0.00, Workers: 4
[3737.329s][debug][gc,phases      ] GC(128)     Dead                           Min: 0, Avg:  0.0, Max: 0, Diff: 0, Sum: 0, Workers: 4
[3737.329s][debug][gc,phases      ] GC(128)     Total                          Min: 0, Avg:  0.0, Max: 0, Diff: 0, Sum: 0, Workers: 4
[3737.329s][debug][gc,phases      ] GC(128)   StringDedup Requests0 Weak     Min: 0.00, Avg: 0.00, Max: 0.00, Diff: 0.00, Sum: 0.00, Workers: 4
[3737.329s][debug][gc,phases      ] GC(128)     Dead                           Min: 0, Avg:  0.0, Max: 0, Diff: 0, Sum: 0, Workers: 4
[3737.329s][debug][gc,phases      ] GC(128)     Total                          Min: 0, Avg:  0.0, Max: 0, Diff: 0, Sum: 0, Workers: 4
[3737.329s][debug][gc,phases      ] GC(128)   StringDedup Requests1 Weak     Min: 0.00, Avg: 0.00, Max: 0.00, Diff: 0.00, Sum: 0.00, Workers: 4
[3737.329s][debug][gc,phases      ] GC(128)     Dead                           Min: 0, Avg:  0.0, Max: 0, Diff: 0, Sum: 0, Workers: 4
[3737.329s][debug][gc,phases      ] GC(128)     Total                          Min: 0, Avg:  0.0, Max: 0, Diff: 0, Sum: 0, Workers: 4
[3737.329s][debug][gc,phases      ] GC(128)   Weak JFR Old Object Samples    Min: 0.00, Avg: 0.00, Max: 0.00, Diff: 0.00, Sum: 0.00, Workers: 4
[3737.329s][debug][gc,phases      ] GC(128)     Dead                           Min: 0, Avg:  0.0, Max: 0, Diff: 0, Sum: 0, Workers: 4
[3737.329s][debug][gc,phases      ] GC(128)     Total                          Min: 0, Avg:  0.0, Max: 0, Diff: 0, Sum: 0, Workers: 4
[3737.329s][debug][gc,phases      ] GC(128) Weak Processing 0.368ms
[3737.329s][debug][gc,age         ] GC(128) Desired survivor size 81264640 bytes, new threshold 1 (max threshold 15)
[3737.329s][info ][gc,heap        ] GC(128) PSYoungGen: 1948000K(2020864K)->44267K(1986560K) Eden: 1942016K(1942016K)->0K(1942016K) From: 5984K(78848K)->44267K(44544K)
[3737.329s][info ][gc,heap        ] GC(128) ParOldGen: 663546K(942592K)->666942K(942592K)
[3737.329s][info ][gc,metaspace   ] GC(128) Metaspace: 111651K(112960K)->111651K(112960K) NonClass: 95395K(96128K)->95395K(96128K) Class: 16256K(16832K)->16256K(16832K)
[3737.329s][info ][gc             ] GC(128) Pause Young (Allocation Failure) 2550M->694M(2860M) 15.762ms
[3737.329s][info ][gc,cpu         ] GC(128) User=0.06s Sys=0.00s Real=0.02s
[3737.329s][info ][safepoint      ] Safepoint "ParallelCollectForAllocation", Time since last: 12060429622 ns, Reaching safepoint: 148400 ns, At safepoint: 15826724 ns, Leaving safepoint: 8400 ns, Total: 15983524 ns, Threads: 1 runnable, 37 total
[3747.243s][info ][gc,start       ] GC(129) Pause Young (Allocation Failure)
[3747.267s][debug][gc,phases      ] GC(129) Scavenge 23.688ms
[3747.267s][debug][gc,ref         ] GC(129) ReferenceProcessor::execute queues: 1, RefProcThreadModel::Single, marks_oops_alive: false
[3747.267s][debug][gc,ref         ] GC(129) Skipped KeepAliveFinalRefsPhase of Reference Processing: no references
[3747.267s][debug][gc,ref         ] GC(129) Skipped PhantomRefsPhase of Reference Processing: no references
[3747.267s][debug][gc,phases      ] GC(129) Reference Processing 0.124ms
[3747.268s][debug][gc,phases      ] GC(129)   VM Weak                        Min: 0.00, Avg: 0.00, Max: 0.01, Diff: 0.01, Sum: 0.01, Workers: 4
[3747.268s][debug][gc,phases      ] GC(129)     Dead                           Min: 0, Avg:  0.0, Max: 0, Diff: 0, Sum: 0, Workers: 4
[3747.268s][debug][gc,phases      ] GC(129)     Total                          Min: 0, Avg: 234.5, Max: 554, Diff: 554, Sum: 938, Workers: 4
[3747.268s][debug][gc,phases      ] GC(129)   ObjectSynchronizer Weak        Min: 0.00, Avg: 0.00, Max: 0.00, Diff: 0.00, Sum: 0.00, Workers: 4
[3747.268s][debug][gc,phases      ] GC(129)     Dead                           Min: 0, Avg:  0.0, Max: 0, Diff: 0, Sum: 0, Workers: 4
[3747.268s][debug][gc,phases      ] GC(129)     Total                          Min: 0, Avg:  2.0, Max: 8, Diff: 8, Sum: 8, Workers: 4
[3747.268s][debug][gc,phases      ] GC(129)   JVMTI Tag Weak OopStorage      Min: 0.00, Avg: 0.00, Max: 0.00, Diff: 0.00, Sum: 0.00, Workers: 4
[3747.268s][debug][gc,phases      ] GC(129)     Dead                           Min: 0, Avg:  0.0, Max: 0, Diff: 0, Sum: 0, Workers: 4
[3747.268s][debug][gc,phases      ] GC(129)     Total                          Min: 0, Avg:  0.0, Max: 0, Diff: 0, Sum: 0, Workers: 4
[3747.268s][debug][gc,phases      ] GC(129)   StringTable Weak               Min: 0.00, Avg: 0.10, Max: 0.14, Diff: 0.14, Sum: 0.41, Workers: 4
[3747.268s][debug][gc,phases      ] GC(129)     Dead                           Min: 0, Avg:  0.0, Max: 0, Diff: 0, Sum: 0, Workers: 4
[3747.268s][debug][gc,phases      ] GC(129)     Total                          Min: 0, Avg: 12727.5, Max: 21598, Diff: 21598, Sum: 50910, Workers: 4
[3747.268s][debug][gc,phases      ] GC(129)   ResolvedMethodTable Weak       Min: 0.00, Avg: 0.03, Max: 0.04, Diff: 0.04, Sum: 0.13, Workers: 4
[3747.268s][debug][gc,phases      ] GC(129)     Dead                           Min: 0, Avg:  5.0, Max: 12, Diff: 12, Sum: 20, Workers: 4
[3747.268s][debug][gc,phases      ] GC(129)     Total                          Min: 0, Avg: 4268.5, Max: 7314, Diff: 7314, Sum: 17074, Workers: 4
[3747.268s][debug][gc,phases      ] GC(129)   JNI Weak                       Min: 0.00, Avg: 0.00, Max: 0.00, Diff: 0.00, Sum: 0.00, Workers: 4
[3747.268s][debug][gc,phases      ] GC(129)     Dead                           Min: 0, Avg:  0.0, Max: 0, Diff: 0, Sum: 0, Workers: 4
[3747.268s][debug][gc,phases      ] GC(129)     Total                          Min: 0, Avg: 13.0, Max: 48, Diff: 48, Sum: 52, Workers: 4
[3747.268s][debug][gc,phases      ] GC(129)   StringDedup Table Weak         Min: 0.00, Avg: 0.00, Max: 0.00, Diff: 0.00, Sum: 0.00, Workers: 4
[3747.268s][debug][gc,phases      ] GC(129)     Dead                           Min: 0, Avg:  0.0, Max: 0, Diff: 0, Sum: 0, Workers: 4
[3747.268s][debug][gc,phases      ] GC(129)     Total                          Min: 0, Avg:  0.0, Max: 0, Diff: 0, Sum: 0, Workers: 4
[3747.268s][debug][gc,phases      ] GC(129)   StringDedup Requests0 Weak     Min: 0.00, Avg: 0.00, Max: 0.00, Diff: 0.00, Sum: 0.00, Workers: 4
[3747.268s][debug][gc,phases      ] GC(129)     Dead                           Min: 0, Avg:  0.0, Max: 0, Diff: 0, Sum: 0, Workers: 4
[3747.268s][debug][gc,phases      ] GC(129)     Total                          Min: 0, Avg:  0.0, Max: 0, Diff: 0, Sum: 0, Workers: 4
[3747.268s][debug][gc,phases      ] GC(129)   StringDedup Requests1 Weak     Min: 0.00, Avg: 0.00, Max: 0.00, Diff: 0.00, Sum: 0.00, Workers: 4
[3747.268s][debug][gc,phases      ] GC(129)     Dead                           Min: 0, Avg:  0.0, Max: 0, Diff: 0, Sum: 0, Workers: 4
[3747.268s][debug][gc,phases      ] GC(129)     Total                          Min: 0, Avg:  0.0, Max: 0, Diff: 0, Sum: 0, Workers: 4
[3747.268s][debug][gc,phases      ] GC(129)   Weak JFR Old Object Samples    Min: 0.00, Avg: 0.00, Max: 0.00, Diff: 0.00, Sum: 0.00, Workers: 4
[3747.268s][debug][gc,phases      ] GC(129)     Dead                           Min: 0, Avg:  0.0, Max: 0, Diff: 0, Sum: 0, Workers: 4
[3747.268s][debug][gc,phases      ] GC(129)     Total                          Min: 0, Avg:  0.0, Max: 0, Diff: 0, Sum: 0, Workers: 4
[3747.268s][debug][gc,phases      ] GC(129) Weak Processing 0.395ms
[3747.268s][debug][gc,age         ] GC(129) Desired survivor size 79691776 bytes, new threshold 1 (max threshold 15)
[3747.268s][info ][gc,heap        ] GC(129) PSYoungGen: 1986283K(1986560K)->34896K(2019328K) Eden: 1942016K(1942016K)->0K(1939968K) From: 44267K(44544K)->34896K(79360K)
[3747.268s][info ][gc,heap        ] GC(129) ParOldGen: 666942K(942592K)->709038K(942592K)
[3747.268s][info ][gc,metaspace   ] GC(129) Metaspace: 111666K(112960K)->111666K(112960K) NonClass: 95410K(96128K)->95410K(96128K) Class: 16256K(16832K)->16256K(16832K)
[3747.268s][info ][gc             ] GC(129) Pause Young (Allocation Failure) 2591M->726M(2892M) 24.327ms
[3747.268s][info ][gc,cpu         ] GC(129) User=0.08s Sys=0.00s Real=0.02s
[3747.268s][info ][safepoint      ] Safepoint "ParallelCollectForAllocation", Time since last: 9913932944 ns, Reaching safepoint: 77300 ns, At safepoint: 24391081 ns, Leaving safepoint: 14100 ns, Total: 24482481 ns, Threads: 1 runnable, 38 total
[3761.898s][info ][gc,start       ] GC(130) Pause Young (Allocation Failure)
[3761.914s][debug][gc,phases      ] GC(130) Scavenge 15.485ms
[3761.914s][debug][gc,ref         ] GC(130) ReferenceProcessor::execute queues: 1, RefProcThreadModel::Single, marks_oops_alive: false
[3761.914s][debug][gc,ref         ] GC(130) Skipped KeepAliveFinalRefsPhase of Reference Processing: no references
[3761.914s][debug][gc,ref         ] GC(130) Skipped PhantomRefsPhase of Reference Processing: no references
[3761.914s][debug][gc,phases      ] GC(130) Reference Processing 0.097ms
[3761.914s][debug][gc,phases      ] GC(130)   VM Weak                        Min: 0.00, Avg: 0.00, Max: 0.01, Diff: 0.01, Sum: 0.01, Workers: 4
[3761.914s][debug][gc,phases      ] GC(130)     Dead                           Min: 0, Avg:  0.0, Max: 0, Diff: 0, Sum: 0, Workers: 4
[3761.914s][debug][gc,phases      ] GC(130)     Total                          Min: 0, Avg: 234.5, Max: 490, Diff: 490, Sum: 938, Workers: 4
[3761.914s][debug][gc,phases      ] GC(130)   ObjectSynchronizer Weak        Min: 0.00, Avg: 0.00, Max: 0.00, Diff: 0.00, Sum: 0.00, Workers: 4
[3761.914s][debug][gc,phases      ] GC(130)     Dead                           Min: 0, Avg:  0.0, Max: 0, Diff: 0, Sum: 0, Workers: 4
[3761.914s][debug][gc,phases      ] GC(130)     Total                          Min: 0, Avg:  2.0, Max: 8, Diff: 8, Sum: 8, Workers: 4
[3761.914s][debug][gc,phases      ] GC(130)   JVMTI Tag Weak OopStorage      Min: 0.00, Avg: 0.00, Max: 0.00, Diff: 0.00, Sum: 0.00, Workers: 4
[3761.914s][debug][gc,phases      ] GC(130)     Dead                           Min: 0, Avg:  0.0, Max: 0, Diff: 0, Sum: 0, Workers: 4
[3761.914s][debug][gc,phases      ] GC(130)     Total                          Min: 0, Avg:  0.0, Max: 0, Diff: 0, Sum: 0, Workers: 4
[3761.914s][debug][gc,phases      ] GC(130)   StringTable Weak               Min: 0.00, Avg: 0.10, Max: 0.14, Diff: 0.14, Sum: 0.41, Workers: 4
[3761.914s][debug][gc,phases      ] GC(130)     Dead                           Min: 0, Avg:  0.0, Max: 0, Diff: 0, Sum: 0, Workers: 4
[3761.914s][debug][gc,phases      ] GC(130)     Total                          Min: 0, Avg: 12727.5, Max: 21568, Diff: 21568, Sum: 50910, Workers: 4
[3761.914s][debug][gc,phases      ] GC(130)   ResolvedMethodTable Weak       Min: 0.00, Avg: 0.03, Max: 0.04, Diff: 0.04, Sum: 0.13, Workers: 4
[3761.914s][debug][gc,phases      ] GC(130)     Dead                           Min: 0, Avg:  0.0, Max: 0, Diff: 0, Sum: 0, Workers: 4
[3761.914s][debug][gc,phases      ] GC(130)     Total                          Min: 0, Avg: 4268.5, Max: 7394, Diff: 7394, Sum: 17074, Workers: 4
[3761.914s][debug][gc,phases      ] GC(130)   JNI Weak                       Min: 0.00, Avg: 0.00, Max: 0.00, Diff: 0.00, Sum: 0.00, Workers: 4
[3761.914s][debug][gc,phases      ] GC(130)     Dead                           Min: 0, Avg:  0.0, Max: 0, Diff: 0, Sum: 0, Workers: 4
[3761.914s][debug][gc,phases      ] GC(130)     Total                          Min: 0, Avg: 13.0, Max: 48, Diff: 48, Sum: 52, Workers: 4
[3761.914s][debug][gc,phases      ] GC(130)   StringDedup Table Weak         Min: 0.00, Avg: 0.00, Max: 0.00, Diff: 0.00, Sum: 0.00, Workers: 4
[3761.914s][debug][gc,phases      ] GC(130)     Dead                           Min: 0, Avg:  0.0, Max: 0, Diff: 0, Sum: 0, Workers: 4
[3761.914s][debug][gc,phases      ] GC(130)     Total                          Min: 0, Avg:  0.0, Max: 0, Diff: 0, Sum: 0, Workers: 4
[3761.914s][debug][gc,phases      ] GC(130)   StringDedup Requests0 Weak     Min: 0.00, Avg: 0.00, Max: 0.00, Diff: 0.00, Sum: 0.00, Workers: 4
[3761.914s][debug][gc,phases      ] GC(130)     Dead                           Min: 0, Avg:  0.0, Max: 0, Diff: 0, Sum: 0, Workers: 4
[3761.914s][debug][gc,phases      ] GC(130)     Total                          Min: 0, Avg:  0.0, Max: 0, Diff: 0, Sum: 0, Workers: 4
[3761.914s][debug][gc,phases      ] GC(130)   StringDedup Requests1 Weak     Min: 0.00, Avg: 0.00, Max: 0.00, Diff: 0.00, Sum: 0.00, Workers: 4
[3761.914s][debug][gc,phases      ] GC(130)     Dead                           Min: 0, Avg:  0.0, Max: 0, Diff: 0, Sum: 0, Workers: 4
[3761.914s][debug][gc,phases      ] GC(130)     Total                          Min: 0, Avg:  0.0, Max: 0, Diff: 0, Sum: 0, Workers: 4
[3761.914s][debug][gc,phases      ] GC(130)   Weak JFR Old Object Samples    Min: 0.00, Avg: 0.00, Max: 0.00, Diff: 0.00, Sum: 0.00, Workers: 4
[3761.914s][debug][gc,phases      ] GC(130)     Dead                           Min: 0, Avg:  0.0, Max: 0, Diff: 0, Sum: 0, Workers: 4
[3761.914s][debug][gc,phases      ] GC(130)     Total                          Min: 0, Avg:  0.0, Max: 0, Diff: 0, Sum: 0, Workers: 4
[3761.914s][debug][gc,phases      ] GC(130) Weak Processing 0.380ms
[3761.914s][debug][gc,age         ] GC(130) Desired survivor size 76021760 bytes, new threshold 1 (max threshold 15)
[3761.914s][info ][gc,heap        ] GC(130) PSYoungGen: 1974864K(2019328K)->15664K(2017792K) Eden: 1939968K(1939968K)->0K(1939968K) From: 34896K(79360K)->15664K(77824K)
[3761.914s][info ][gc,heap        ] GC(130) ParOldGen: 709038K(942592K)->742824K(942592K)
[3761.914s][info ][gc,metaspace   ] GC(130) Metaspace: 111678K(113024K)->111678K(113024K) NonClass: 95421K(96192K)->95421K(96192K) Class: 16256K(16832K)->16256K(16832K)
[3761.914s][info ][gc             ] GC(130) Pause Young (Allocation Failure) 2620M->740M(2891M) 16.087ms
[3761.914s][info ][gc,cpu         ] GC(130) User=0.06s Sys=0.00s Real=0.01s
[3761.915s][info ][safepoint      ] Safepoint "ParallelCollectForAllocation", Time since last: 14630508298 ns, Reaching safepoint: 34300 ns, At safepoint: 16160122 ns, Leaving safepoint: 11800 ns, Total: 16206222 ns, Threads: 0 runnable, 39 total
[3774.508s][info ][gc,start       ] GC(131) Pause Young (Allocation Failure)
[3774.525s][debug][gc,phases      ] GC(131) Scavenge 16.505ms
[3774.525s][debug][gc,ref         ] GC(131) Skipped SoftWeakFinalRefsPhase of Reference Processing: no references
[3774.525s][debug][gc,ref         ] GC(131) Skipped KeepAliveFinalRefsPhase of Reference Processing: no references
[3774.525s][debug][gc,ref         ] GC(131) Skipped PhantomRefsPhase of Reference Processing: no references
[3774.525s][debug][gc,phases      ] GC(131) Reference Processing 0.032ms
[3774.525s][debug][gc,phases      ] GC(131)   VM Weak                        Min: 0.00, Avg: 0.00, Max: 0.01, Diff: 0.01, Sum: 0.01, Workers: 4
[3774.525s][debug][gc,phases      ] GC(131)     Dead                           Min: 0, Avg:  0.0, Max: 0, Diff: 0, Sum: 0, Workers: 4
[3774.525s][debug][gc,phases      ] GC(131)     Total                          Min: 0, Avg: 234.5, Max: 938, Diff: 938, Sum: 938, Workers: 4
[3774.525s][debug][gc,phases      ] GC(131)   ObjectSynchronizer Weak        Min: 0.00, Avg: 0.00, Max: 0.00, Diff: 0.00, Sum: 0.00, Workers: 4
[3774.525s][debug][gc,phases      ] GC(131)     Dead                           Min: 0, Avg:  0.0, Max: 0, Diff: 0, Sum: 0, Workers: 4
[3774.525s][debug][gc,phases      ] GC(131)     Total                          Min: 0, Avg:  2.0, Max: 8, Diff: 8, Sum: 8, Workers: 4
[3774.525s][debug][gc,phases      ] GC(131)   JVMTI Tag Weak OopStorage      Min: 0.00, Avg: 0.00, Max: 0.00, Diff: 0.00, Sum: 0.00, Workers: 4
[3774.525s][debug][gc,phases      ] GC(131)     Dead                           Min: 0, Avg:  0.0, Max: 0, Diff: 0, Sum: 0, Workers: 4
[3774.525s][debug][gc,phases      ] GC(131)     Total                          Min: 0, Avg:  0.0, Max: 0, Diff: 0, Sum: 0, Workers: 4
[3774.525s][debug][gc,phases      ] GC(131)   StringTable Weak               Min: 0.00, Avg: 0.11, Max: 0.15, Diff: 0.15, Sum: 0.45, Workers: 4
[3774.525s][debug][gc,phases      ] GC(131)     Dead                           Min: 0, Avg:  0.0, Max: 0, Diff: 0, Sum: 0, Workers: 4
[3774.525s][debug][gc,phases      ] GC(131)     Total                          Min: 0, Avg: 12727.5, Max: 18974, Diff: 18974, Sum: 50910, Workers: 4
[3774.525s][debug][gc,phases      ] GC(131)   ResolvedMethodTable Weak       Min: 0.00, Avg: 0.03, Max: 0.05, Diff: 0.05, Sum: 0.14, Workers: 4
[3774.525s][debug][gc,phases      ] GC(131)     Dead                           Min: 0, Avg:  5.0, Max: 9, Diff: 9, Sum: 20, Workers: 4
[3774.525s][debug][gc,phases      ] GC(131)     Total                          Min: 0, Avg: 4268.5, Max: 7459, Diff: 7459, Sum: 17074, Workers: 4
[3774.525s][debug][gc,phases      ] GC(131)   JNI Weak                       Min: 0.00, Avg: 0.00, Max: 0.00, Diff: 0.00, Sum: 0.00, Workers: 4
[3774.525s][debug][gc,phases      ] GC(131)     Dead                           Min: 0, Avg:  0.0, Max: 0, Diff: 0, Sum: 0, Workers: 4
[3774.525s][debug][gc,phases      ] GC(131)     Total                          Min: 0, Avg: 13.0, Max: 48, Diff: 48, Sum: 52, Workers: 4
[3774.525s][debug][gc,phases      ] GC(131)   StringDedup Table Weak         Min: 0.00, Avg: 0.00, Max: 0.00, Diff: 0.00, Sum: 0.00, Workers: 4
[3774.525s][debug][gc,phases      ] GC(131)     Dead                           Min: 0, Avg:  0.0, Max: 0, Diff: 0, Sum: 0, Workers: 4
[3774.525s][debug][gc,phases      ] GC(131)     Total                          Min: 0, Avg:  0.0, Max: 0, Diff: 0, Sum: 0, Workers: 4
[3774.525s][debug][gc,phases      ] GC(131)   StringDedup Requests0 Weak     Min: 0.00, Avg: 0.00, Max: 0.00, Diff: 0.00, Sum: 0.00, Workers: 4
[3774.525s][debug][gc,phases      ] GC(131)     Dead                           Min: 0, Avg:  0.0, Max: 0, Diff: 0, Sum: 0, Workers: 4
[3774.525s][debug][gc,phases      ] GC(131)     Total                          Min: 0, Avg:  0.0, Max: 0, Diff: 0, Sum: 0, Workers: 4
[3774.525s][debug][gc,phases      ] GC(131)   StringDedup Requests1 Weak     Min: 0.00, Avg: 0.00, Max: 0.00, Diff: 0.00, Sum: 0.00, Workers: 4
[3774.525s][debug][gc,phases      ] GC(131)     Dead                           Min: 0, Avg:  0.0, Max: 0, Diff: 0, Sum: 0, Workers: 4
[3774.525s][debug][gc,phases      ] GC(131)     Total                          Min: 0, Avg:  0.0, Max: 0, Diff: 0, Sum: 0, Workers: 4
[3774.525s][debug][gc,phases      ] GC(131)   Weak JFR Old Object Samples    Min: 0.00, Avg: 0.00, Max: 0.00, Diff: 0.00, Sum: 0.00, Workers: 4
[3774.525s][debug][gc,phases      ] GC(131)     Dead                           Min: 0, Avg:  0.0, Max: 0, Diff: 0, Sum: 0, Workers: 4
[3774.525s][debug][gc,phases      ] GC(131)     Total                          Min: 0, Avg:  0.0, Max: 0, Diff: 0, Sum: 0, Workers: 4
[3774.525s][debug][gc,phases      ] GC(131) Weak Processing 0.397ms
[3774.525s][debug][gc,age         ] GC(131) Desired survivor size 74973184 bytes, new threshold 1 (max threshold 15)
[3774.525s][info ][gc,heap        ] GC(131) PSYoungGen: 1955632K(2017792K)->35328K(2023936K) Eden: 1939968K(1939968K)->0K(1949696K) From: 15664K(77824K)->35328K(74240K)
[3774.525s][info ][gc,heap        ] GC(131) ParOldGen: 742824K(942592K)->752105K(942592K)
[3774.525s][info ][gc,metaspace   ] GC(131) Metaspace: 111698K(113024K)->111698K(113024K) NonClass: 95442K(96192K)->95442K(96192K) Class: 16256K(16832K)->16256K(16832K)
[3774.525s][info ][gc             ] GC(131) Pause Young (Allocation Failure) 2635M->768M(2897M) 17.059ms
[3774.525s][info ][gc,cpu         ] GC(131) User=0.06s Sys=0.00s Real=0.01s
[3774.525s][info ][safepoint      ] Safepoint "ParallelCollectForAllocation", Time since last: 12593649958 ns, Reaching safepoint: 81800 ns, At safepoint: 17147817 ns, Leaving safepoint: 14800 ns, Total: 17244417 ns, Threads: 1 runnable, 39 total
[3802.197s][info ][gc,start       ] GC(132) Pause Young (Allocation Failure)
[3802.210s][debug][gc,phases      ] GC(132) Scavenge 13.301ms
[3802.210s][debug][gc,ref         ] GC(132) ReferenceProcessor::execute queues: 1, RefProcThreadModel::Single, marks_oops_alive: false
[3802.210s][debug][gc,ref         ] GC(132) Skipped KeepAliveFinalRefsPhase of Reference Processing: no references
[3802.210s][debug][gc,ref         ] GC(132) Skipped PhantomRefsPhase of Reference Processing: no references
[3802.210s][debug][gc,phases      ] GC(132) Reference Processing 0.096ms
[3802.210s][debug][gc,phases      ] GC(132)   VM Weak                        Min: 0.00, Avg: 0.00, Max: 0.01, Diff: 0.01, Sum: 0.01, Workers: 4
[3802.210s][debug][gc,phases      ] GC(132)     Dead                           Min: 0, Avg:  0.0, Max: 0, Diff: 0, Sum: 0, Workers: 4
[3802.210s][debug][gc,phases      ] GC(132)     Total                          Min: 0, Avg: 235.8, Max: 768, Diff: 768, Sum: 943, Workers: 4
[3802.210s][debug][gc,phases      ] GC(132)   ObjectSynchronizer Weak        Min: 0.00, Avg: 0.00, Max: 0.00, Diff: 0.00, Sum: 0.00, Workers: 4
[3802.210s][debug][gc,phases      ] GC(132)     Dead                           Min: 0, Avg:  0.0, Max: 0, Diff: 0, Sum: 0, Workers: 4
[3802.210s][debug][gc,phases      ] GC(132)     Total                          Min: 0, Avg:  1.8, Max: 7, Diff: 7, Sum: 7, Workers: 4
[3802.210s][debug][gc,phases      ] GC(132)   JVMTI Tag Weak OopStorage      Min: 0.00, Avg: 0.00, Max: 0.00, Diff: 0.00, Sum: 0.00, Workers: 4
[3802.210s][debug][gc,phases      ] GC(132)     Dead                           Min: 0, Avg:  0.0, Max: 0, Diff: 0, Sum: 0, Workers: 4
[3802.210s][debug][gc,phases      ] GC(132)     Total                          Min: 0, Avg:  0.0, Max: 0, Diff: 0, Sum: 0, Workers: 4
[3802.210s][debug][gc,phases      ] GC(132)   StringTable Weak               Min: 0.00, Avg: 0.11, Max: 0.15, Diff: 0.15, Sum: 0.45, Workers: 4
[3802.210s][debug][gc,phases      ] GC(132)     Dead                           Min: 0, Avg:  0.5, Max: 2, Diff: 2, Sum: 2, Workers: 4
[3802.210s][debug][gc,phases      ] GC(132)     Total                          Min: 0, Avg: 12734.0, Max: 20730, Diff: 20730, Sum: 50936, Workers: 4
[3802.210s][debug][gc,phases      ] GC(132)   ResolvedMethodTable Weak       Min: 0.00, Avg: 0.03, Max: 0.05, Diff: 0.05, Sum: 0.14, Workers: 4
[3802.210s][debug][gc,phases      ] GC(132)     Dead                           Min: 0, Avg:  6.2, Max: 11, Diff: 11, Sum: 25, Workers: 4
[3802.210s][debug][gc,phases      ] GC(132)     Total                          Min: 0, Avg: 4279.8, Max: 7344, Diff: 7344, Sum: 17119, Workers: 4
[3802.210s][debug][gc,phases      ] GC(132)   JNI Weak                       Min: 0.00, Avg: 0.00, Max: 0.00, Diff: 0.00, Sum: 0.00, Workers: 4
[3802.211s][debug][gc,phases      ] GC(132)     Dead                           Min: 0, Avg:  0.0, Max: 0, Diff: 0, Sum: 0, Workers: 4
[3802.211s][debug][gc,phases      ] GC(132)     Total                          Min: 0, Avg: 13.0, Max: 48, Diff: 48, Sum: 52, Workers: 4
[3802.211s][debug][gc,phases      ] GC(132)   StringDedup Table Weak         Min: 0.00, Avg: 0.00, Max: 0.00, Diff: 0.00, Sum: 0.00, Workers: 4
[3802.211s][debug][gc,phases      ] GC(132)     Dead                           Min: 0, Avg:  0.0, Max: 0, Diff: 0, Sum: 0, Workers: 4
[3802.211s][debug][gc,phases      ] GC(132)     Total                          Min: 0, Avg:  0.0, Max: 0, Diff: 0, Sum: 0, Workers: 4
[3802.211s][debug][gc,phases      ] GC(132)   StringDedup Requests0 Weak     Min: 0.00, Avg: 0.00, Max: 0.00, Diff: 0.00, Sum: 0.00, Workers: 4
[3802.211s][debug][gc,phases      ] GC(132)     Dead                           Min: 0, Avg:  0.0, Max: 0, Diff: 0, Sum: 0, Workers: 4
[3802.211s][debug][gc,phases      ] GC(132)     Total                          Min: 0, Avg:  0.0, Max: 0, Diff: 0, Sum: 0, Workers: 4
[3802.211s][debug][gc,phases      ] GC(132)   StringDedup Requests1 Weak     Min: 0.00, Avg: 0.00, Max: 0.00, Diff: 0.00, Sum: 0.00, Workers: 4
[3802.211s][debug][gc,phases      ] GC(132)     Dead                           Min: 0, Avg:  0.0, Max: 0, Diff: 0, Sum: 0, Workers: 4
[3802.211s][debug][gc,phases      ] GC(132)     Total                          Min: 0, Avg:  0.0, Max: 0, Diff: 0, Sum: 0, Workers: 4
[3802.211s][debug][gc,phases      ] GC(132)   Weak JFR Old Object Samples    Min: 0.00, Avg: 0.00, Max: 0.00, Diff: 0.00, Sum: 0.00, Workers: 4
[3802.211s][debug][gc,phases      ] GC(132)     Dead                           Min: 0, Avg:  0.0, Max: 0, Diff: 0, Sum: 0, Workers: 4
[3802.211s][debug][gc,phases      ] GC(132)     Total                          Min: 0, Avg:  0.0, Max: 0, Diff: 0, Sum: 0, Workers: 4
[3802.211s][debug][gc,phases      ] GC(132) Weak Processing 0.384ms
[3802.211s][debug][gc,age         ] GC(132) Desired survivor size 73400320 bytes, new threshold 1 (max threshold 15)
[3802.211s][info ][gc,heap        ] GC(132) PSYoungGen: 1985024K(2023936K)->6736K(2022912K) Eden: 1949696K(1949696K)->0K(1949696K) From: 35328K(74240K)->6736K(73216K)
[3802.211s][info ][gc,heap        ] GC(132) ParOldGen: 752105K(942592K)->786213K(942592K)
[3802.211s][info ][gc,metaspace   ] GC(132) Metaspace: 111765K(113088K)->111765K(113088K) NonClass: 95492K(96256K)->95492K(96256K) Class: 16273K(16832K)->16273K(16832K)
[3802.211s][info ][gc             ] GC(132) Pause Young (Allocation Failure) 2672M->774M(2896M) 13.916ms
[3802.211s][info ][gc,cpu         ] GC(132) User=0.05s Sys=0.00s Real=0.02s
[3802.211s][info ][safepoint      ] Safepoint "ParallelCollectForAllocation", Time since last: 27671213361 ns, Reaching safepoint: 9100 ns, At safepoint: 13990631 ns, Leaving safepoint: 12400 ns, Total: 14012131 ns, Threads: 0 runnable, 39 total
[3832.746s][info ][gc,start       ] GC(133) Pause Young (Allocation Failure)
[3832.752s][debug][gc,phases      ] GC(133) Scavenge 5.466ms
[3832.752s][debug][gc,ref         ] GC(133) Skipped SoftWeakFinalRefsPhase of Reference Processing: no references
[3832.752s][debug][gc,ref         ] GC(133) Skipped KeepAliveFinalRefsPhase of Reference Processing: no references
[3832.752s][debug][gc,ref         ] GC(133) Skipped PhantomRefsPhase of Reference Processing: no references
[3832.752s][debug][gc,phases      ] GC(133) Reference Processing 0.022ms
[3832.752s][debug][gc,phases      ] GC(133)   VM Weak                        Min: 0.00, Avg: 0.00, Max: 0.01, Diff: 0.01, Sum: 0.01, Workers: 4
[3832.752s][debug][gc,phases      ] GC(133)     Dead                           Min: 0, Avg:  0.0, Max: 0, Diff: 0, Sum: 0, Workers: 4
[3832.752s][debug][gc,phases      ] GC(133)     Total                          Min: 0, Avg: 235.8, Max: 576, Diff: 576, Sum: 943, Workers: 4
[3832.752s][debug][gc,phases      ] GC(133)   ObjectSynchronizer Weak        Min: 0.00, Avg: 0.00, Max: 0.00, Diff: 0.00, Sum: 0.00, Workers: 4
[3832.752s][debug][gc,phases      ] GC(133)     Dead                           Min: 0, Avg:  0.0, Max: 0, Diff: 0, Sum: 0, Workers: 4
[3832.752s][debug][gc,phases      ] GC(133)     Total                          Min: 0, Avg:  1.8, Max: 7, Diff: 7, Sum: 7, Workers: 4
[3832.752s][debug][gc,phases      ] GC(133)   JVMTI Tag Weak OopStorage      Min: 0.00, Avg: 0.00, Max: 0.00, Diff: 0.00, Sum: 0.00, Workers: 4
[3832.752s][debug][gc,phases      ] GC(133)     Dead                           Min: 0, Avg:  0.0, Max: 0, Diff: 0, Sum: 0, Workers: 4
[3832.752s][debug][gc,phases      ] GC(133)     Total                          Min: 0, Avg:  0.0, Max: 0, Diff: 0, Sum: 0, Workers: 4
[3832.752s][debug][gc,phases      ] GC(133)   StringTable Weak               Min: 0.00, Avg: 0.11, Max: 0.14, Diff: 0.14, Sum: 0.43, Workers: 4
[3832.752s][debug][gc,phases      ] GC(133)     Dead                           Min: 0, Avg:  0.0, Max: 0, Diff: 0, Sum: 0, Workers: 4
[3832.752s][debug][gc,phases      ] GC(133)     Total                          Min: 0, Avg: 12734.0, Max: 21311, Diff: 21311, Sum: 50936, Workers: 4
[3832.752s][debug][gc,phases      ] GC(133)   ResolvedMethodTable Weak       Min: 0.00, Avg: 0.03, Max: 0.05, Diff: 0.05, Sum: 0.14, Workers: 4
[3832.752s][debug][gc,phases      ] GC(133)     Dead                           Min: 0, Avg:  5.0, Max: 10, Diff: 10, Sum: 20, Workers: 4
[3832.752s][debug][gc,phases      ] GC(133)     Total                          Min: 0, Avg: 4279.8, Max: 7276, Diff: 7276, Sum: 17119, Workers: 4
[3832.752s][debug][gc,phases      ] GC(133)   JNI Weak                       Min: 0.00, Avg: 0.00, Max: 0.00, Diff: 0.00, Sum: 0.00, Workers: 4
[3832.752s][debug][gc,phases      ] GC(133)     Dead                           Min: 0, Avg:  0.0, Max: 0, Diff: 0, Sum: 0, Workers: 4
[3832.752s][debug][gc,phases      ] GC(133)     Total                          Min: 0, Avg: 13.0, Max: 48, Diff: 48, Sum: 52, Workers: 4
[3832.752s][debug][gc,phases      ] GC(133)   StringDedup Table Weak         Min: 0.00, Avg: 0.00, Max: 0.00, Diff: 0.00, Sum: 0.00, Workers: 4
[3832.752s][debug][gc,phases      ] GC(133)     Dead                           Min: 0, Avg:  0.0, Max: 0, Diff: 0, Sum: 0, Workers: 4
[3832.752s][debug][gc,phases      ] GC(133)     Total                          Min: 0, Avg:  0.0, Max: 0, Diff: 0, Sum: 0, Workers: 4
[3832.752s][debug][gc,phases      ] GC(133)   StringDedup Requests0 Weak     Min: 0.00, Avg: 0.00, Max: 0.00, Diff: 0.00, Sum: 0.00, Workers: 4
[3832.752s][debug][gc,phases      ] GC(133)     Dead                           Min: 0, Avg:  0.0, Max: 0, Diff: 0, Sum: 0, Workers: 4
[3832.752s][debug][gc,phases      ] GC(133)     Total                          Min: 0, Avg:  0.0, Max: 0, Diff: 0, Sum: 0, Workers: 4
[3832.752s][debug][gc,phases      ] GC(133)   StringDedup Requests1 Weak     Min: 0.00, Avg: 0.00, Max: 0.00, Diff: 0.00, Sum: 0.00, Workers: 4
[3832.752s][debug][gc,phases      ] GC(133)     Dead                           Min: 0, Avg:  0.0, Max: 0, Diff: 0, Sum: 0, Workers: 4
[3832.752s][debug][gc,phases      ] GC(133)     Total                          Min: 0, Avg:  0.0, Max: 0, Diff: 0, Sum: 0, Workers: 4
[3832.752s][debug][gc,phases      ] GC(133)   Weak JFR Old Object Samples    Min: 0.00, Avg: 0.00, Max: 0.00, Diff: 0.00, Sum: 0.00, Workers: 4
[3832.752s][debug][gc,phases      ] GC(133)     Dead                           Min: 0, Avg:  0.0, Max: 0, Diff: 0, Sum: 0, Workers: 4
[3832.752s][debug][gc,phases      ] GC(133)     Total                          Min: 0, Avg:  0.0, Max: 0, Diff: 0, Sum: 0, Workers: 4
[3832.752s][debug][gc,phases      ] GC(133) Weak Processing 0.395ms
[3832.752s][debug][gc,age         ] GC(133) Desired survivor size 71827456 bytes, new threshold 1 (max threshold 15)
[3832.752s][info ][gc,heap        ] GC(133) PSYoungGen: 1956432K(2022912K)->3296K(2027008K) Eden: 1949696K(1949696K)->0K(1955328K) From: 6736K(73216K)->3296K(71680K)
[3832.752s][info ][gc,heap        ] GC(133) ParOldGen: 786213K(942592K)->790918K(942592K)
[3832.752s][info ][gc,metaspace   ] GC(133) Metaspace: 111773K(113088K)->111773K(113088K) NonClass: 95500K(96256K)->95500K(96256K) Class: 16273K(16832K)->16273K(16832K)
[3832.752s][info ][gc             ] GC(133) Pause Young (Allocation Failure) 2678M->775M(2900M) 6.011ms
[3832.753s][info ][gc,cpu         ] GC(133) User=0.02s Sys=0.00s Real=0.01s
[3832.753s][info ][safepoint      ] Safepoint "ParallelCollectForAllocation", Time since last: 30535697895 ns, Reaching safepoint: 85500 ns, At safepoint: 6087971 ns, Leaving safepoint: 6900 ns, Total: 6180371 ns, Threads: 1 runnable, 36 total
[3863.397s][info ][gc,start       ] GC(134) Pause Young (Allocation Failure)
[3863.401s][debug][gc,phases      ] GC(134) Scavenge 4.081ms
[3863.401s][debug][gc,ref         ] GC(134) ReferenceProcessor::execute queues: 1, RefProcThreadModel::Single, marks_oops_alive: false
[3863.401s][debug][gc,ref         ] GC(134) Skipped KeepAliveFinalRefsPhase of Reference Processing: no references
[3863.401s][debug][gc,ref         ] GC(134) Skipped PhantomRefsPhase of Reference Processing: no references
[3863.401s][debug][gc,phases      ] GC(134) Reference Processing 0.116ms
[3863.402s][debug][gc,phases      ] GC(134)   VM Weak                        Min: 0.00, Avg: 0.00, Max: 0.01, Diff: 0.01, Sum: 0.01, Workers: 4
[3863.402s][debug][gc,phases      ] GC(134)     Dead                           Min: 0, Avg:  0.0, Max: 0, Diff: 0, Sum: 0, Workers: 4
[3863.402s][debug][gc,phases      ] GC(134)     Total                          Min: 0, Avg: 235.8, Max: 768, Diff: 768, Sum: 943, Workers: 4
[3863.402s][debug][gc,phases      ] GC(134)   ObjectSynchronizer Weak        Min: 0.00, Avg: 0.00, Max: 0.00, Diff: 0.00, Sum: 0.00, Workers: 4
[3863.402s][debug][gc,phases      ] GC(134)     Dead                           Min: 0, Avg:  0.0, Max: 0, Diff: 0, Sum: 0, Workers: 4
[3863.402s][debug][gc,phases      ] GC(134)     Total                          Min: 0, Avg:  1.5, Max: 6, Diff: 6, Sum: 6, Workers: 4
[3863.402s][debug][gc,phases      ] GC(134)   JVMTI Tag Weak OopStorage      Min: 0.00, Avg: 0.00, Max: 0.00, Diff: 0.00, Sum: 0.00, Workers: 4
[3863.402s][debug][gc,phases      ] GC(134)     Dead                           Min: 0, Avg:  0.0, Max: 0, Diff: 0, Sum: 0, Workers: 4
[3863.402s][debug][gc,phases      ] GC(134)     Total                          Min: 0, Avg:  0.0, Max: 0, Diff: 0, Sum: 0, Workers: 4
[3863.402s][debug][gc,phases      ] GC(134)   StringTable Weak               Min: 0.12, Avg: 0.12, Max: 0.13, Diff: 0.00, Sum: 0.50, Workers: 4
[3863.402s][debug][gc,phases      ] GC(134)     Dead                           Min: 0, Avg:  0.0, Max: 0, Diff: 0, Sum: 0, Workers: 4
[3863.402s][debug][gc,phases      ] GC(134)     Total                          Min: 12480, Avg: 12743.8, Max: 12928, Diff: 448, Sum: 50975, Workers: 4
[3863.402s][debug][gc,phases      ] GC(134)   ResolvedMethodTable Weak       Min: 0.04, Avg: 0.04, Max: 0.04, Diff: 0.00, Sum: 0.15, Workers: 4
[3863.402s][debug][gc,phases      ] GC(134)     Dead                           Min: 1, Avg:  5.0, Max: 9, Diff: 8, Sum: 20, Workers: 4
[3863.402s][debug][gc,phases      ] GC(134)     Total                          Min: 4151, Avg: 4280.2, Max: 4408, Diff: 257, Sum: 17121, Workers: 4
[3863.402s][debug][gc,phases      ] GC(134)   JNI Weak                       Min: 0.00, Avg: 0.00, Max: 0.00, Diff: 0.00, Sum: 0.00, Workers: 4
[3863.402s][debug][gc,phases      ] GC(134)     Dead                           Min: 0, Avg:  0.0, Max: 0, Diff: 0, Sum: 0, Workers: 4
[3863.402s][debug][gc,phases      ] GC(134)     Total                          Min: 0, Avg: 13.0, Max: 48, Diff: 48, Sum: 52, Workers: 4
[3863.402s][debug][gc,phases      ] GC(134)   StringDedup Table Weak         Min: 0.00, Avg: 0.00, Max: 0.00, Diff: 0.00, Sum: 0.00, Workers: 4
[3863.402s][debug][gc,phases      ] GC(134)     Dead                           Min: 0, Avg:  0.0, Max: 0, Diff: 0, Sum: 0, Workers: 4
[3863.402s][debug][gc,phases      ] GC(134)     Total                          Min: 0, Avg:  0.0, Max: 0, Diff: 0, Sum: 0, Workers: 4
[3863.402s][debug][gc,phases      ] GC(134)   StringDedup Requests0 Weak     Min: 0.00, Avg: 0.00, Max: 0.00, Diff: 0.00, Sum: 0.00, Workers: 4
[3863.402s][debug][gc,phases      ] GC(134)     Dead                           Min: 0, Avg:  0.0, Max: 0, Diff: 0, Sum: 0, Workers: 4
[3863.402s][debug][gc,phases      ] GC(134)     Total                          Min: 0, Avg:  0.0, Max: 0, Diff: 0, Sum: 0, Workers: 4
[3863.402s][debug][gc,phases      ] GC(134)   StringDedup Requests1 Weak     Min: 0.00, Avg: 0.00, Max: 0.00, Diff: 0.00, Sum: 0.00, Workers: 4
[3863.402s][debug][gc,phases      ] GC(134)     Dead                           Min: 0, Avg:  0.0, Max: 0, Diff: 0, Sum: 0, Workers: 4
[3863.402s][debug][gc,phases      ] GC(134)     Total                          Min: 0, Avg:  0.0, Max: 0, Diff: 0, Sum: 0, Workers: 4
[3863.402s][debug][gc,phases      ] GC(134)   Weak JFR Old Object Samples    Min: 0.00, Avg: 0.00, Max: 0.00, Diff: 0.00, Sum: 0.00, Workers: 4
[3863.402s][debug][gc,phases      ] GC(134)     Dead                           Min: 0, Avg:  0.0, Max: 0, Diff: 0, Sum: 0, Workers: 4
[3863.402s][debug][gc,phases      ] GC(134)     Total                          Min: 0, Avg:  0.0, Max: 0, Diff: 0, Sum: 0, Workers: 4
[3863.402s][debug][gc,phases      ] GC(134) Weak Processing 0.337ms
[3863.402s][debug][gc,age         ] GC(134) Desired survivor size 70254592 bytes, new threshold 1 (max threshold 15)
[3863.402s][info ][gc,heap        ] GC(134) PSYoungGen: 1958624K(2027008K)->3664K(2025472K) Eden: 1955328K(1955328K)->0K(1955328K) From: 3296K(71680K)->3664K(70144K)
[3863.402s][info ][gc,heap        ] GC(134) ParOldGen: 790918K(942592K)->791898K(942592K)
[3863.402s][info ][gc,metaspace   ] GC(134) Metaspace: 111803K(113088K)->111803K(113088K) NonClass: 95526K(96256K)->95526K(96256K) Class: 16276K(16832K)->16276K(16832K)
[3863.402s][info ][gc             ] GC(134) Pause Young (Allocation Failure) 2685M->776M(2898M) 4.656ms
[3863.402s][info ][gc,cpu         ] GC(134) User=0.01s Sys=0.00s Real=0.01s
[3863.402s][info ][safepoint      ] Safepoint "ParallelCollectForAllocation", Time since last: 30644406358 ns, Reaching safepoint: 86900 ns, At safepoint: 4726777 ns, Leaving safepoint: 7700 ns, Total: 4821377 ns, Threads: 1 runnable, 35 total
[3893.741s][info ][gc,start       ] GC(135) Pause Young (Allocation Failure)
[3893.746s][debug][gc,phases      ] GC(135) Scavenge 4.509ms
[3893.746s][debug][gc,ref         ] GC(135) Skipped SoftWeakFinalRefsPhase of Reference Processing: no references
[3893.746s][debug][gc,ref         ] GC(135) Skipped KeepAliveFinalRefsPhase of Reference Processing: no references
[3893.746s][debug][gc,ref         ] GC(135) Skipped PhantomRefsPhase of Reference Processing: no references
[3893.746s][debug][gc,phases      ] GC(135) Reference Processing 0.031ms
[3893.746s][debug][gc,phases      ] GC(135)   VM Weak                        Min: 0.00, Avg: 0.00, Max: 0.01, Diff: 0.01, Sum: 0.01, Workers: 4
[3893.746s][debug][gc,phases      ] GC(135)     Dead                           Min: 0, Avg:  0.0, Max: 0, Diff: 0, Sum: 0, Workers: 4
[3893.746s][debug][gc,phases      ] GC(135)     Total                          Min: 0, Avg: 235.8, Max: 640, Diff: 640, Sum: 943, Workers: 4
[3893.746s][debug][gc,phases      ] GC(135)   ObjectSynchronizer Weak        Min: 0.00, Avg: 0.00, Max: 0.00, Diff: 0.00, Sum: 0.00, Workers: 4
[3893.746s][debug][gc,phases      ] GC(135)     Dead                           Min: 0, Avg:  0.0, Max: 0, Diff: 0, Sum: 0, Workers: 4
[3893.746s][debug][gc,phases      ] GC(135)     Total                          Min: 0, Avg:  1.5, Max: 6, Diff: 6, Sum: 6, Workers: 4
[3893.746s][debug][gc,phases      ] GC(135)   JVMTI Tag Weak OopStorage      Min: 0.00, Avg: 0.00, Max: 0.00, Diff: 0.00, Sum: 0.00, Workers: 4
[3893.746s][debug][gc,phases      ] GC(135)     Dead                           Min: 0, Avg:  0.0, Max: 0, Diff: 0, Sum: 0, Workers: 4
[3893.746s][debug][gc,phases      ] GC(135)     Total                          Min: 0, Avg:  0.0, Max: 0, Diff: 0, Sum: 0, Workers: 4
[3893.746s][debug][gc,phases      ] GC(135)   StringTable Weak               Min: 0.00, Avg: 0.13, Max: 0.17, Diff: 0.17, Sum: 0.50, Workers: 4
[3893.746s][debug][gc,phases      ] GC(135)     Dead                           Min: 0, Avg:  0.0, Max: 0, Diff: 0, Sum: 0, Workers: 4
[3893.746s][debug][gc,phases      ] GC(135)     Total                          Min: 0, Avg: 12743.8, Max: 17280, Diff: 17280, Sum: 50975, Workers: 4
[3893.746s][debug][gc,phases      ] GC(135)   ResolvedMethodTable Weak       Min: 0.00, Avg: 0.04, Max: 0.05, Diff: 0.05, Sum: 0.16, Workers: 4
[3893.746s][debug][gc,phases      ] GC(135)     Dead                           Min: 0, Avg:  5.0, Max: 14, Diff: 14, Sum: 20, Workers: 4
[3893.746s][debug][gc,phases      ] GC(135)     Total                          Min: 0, Avg: 4280.2, Max: 5873, Diff: 5873, Sum: 17121, Workers: 4
[3893.746s][debug][gc,phases      ] GC(135)   JNI Weak                       Min: 0.00, Avg: 0.00, Max: 0.00, Diff: 0.00, Sum: 0.00, Workers: 4
[3893.746s][debug][gc,phases      ] GC(135)     Dead                           Min: 0, Avg:  0.0, Max: 0, Diff: 0, Sum: 0, Workers: 4
[3893.746s][debug][gc,phases      ] GC(135)     Total                          Min: 0, Avg: 13.0, Max: 48, Diff: 48, Sum: 52, Workers: 4
[3893.746s][debug][gc,phases      ] GC(135)   StringDedup Table Weak         Min: 0.00, Avg: 0.00, Max: 0.00, Diff: 0.00, Sum: 0.00, Workers: 4
[3893.746s][debug][gc,phases      ] GC(135)     Dead                           Min: 0, Avg:  0.0, Max: 0, Diff: 0, Sum: 0, Workers: 4
[3893.746s][debug][gc,phases      ] GC(135)     Total                          Min: 0, Avg:  0.0, Max: 0, Diff: 0, Sum: 0, Workers: 4
[3893.746s][debug][gc,phases      ] GC(135)   StringDedup Requests0 Weak     Min: 0.00, Avg: 0.00, Max: 0.00, Diff: 0.00, Sum: 0.00, Workers: 4
[3893.746s][debug][gc,phases      ] GC(135)     Dead                           Min: 0, Avg:  0.0, Max: 0, Diff: 0, Sum: 0, Workers: 4
[3893.746s][debug][gc,phases      ] GC(135)     Total                          Min: 0, Avg:  0.0, Max: 0, Diff: 0, Sum: 0, Workers: 4
[3893.746s][debug][gc,phases      ] GC(135)   StringDedup Requests1 Weak     Min: 0.00, Avg: 0.00, Max: 0.00, Diff: 0.00, Sum: 0.00, Workers: 4
[3893.746s][debug][gc,phases      ] GC(135)     Dead                           Min: 0, Avg:  0.0, Max: 0, Diff: 0, Sum: 0, Workers: 4
[3893.746s][debug][gc,phases      ] GC(135)     Total                          Min: 0, Avg:  0.0, Max: 0, Diff: 0, Sum: 0, Workers: 4
[3893.746s][debug][gc,phases      ] GC(135)   Weak JFR Old Object Samples    Min: 0.00, Avg: 0.00, Max: 0.00, Diff: 0.00, Sum: 0.00, Workers: 4
[3893.746s][debug][gc,phases      ] GC(135)     Dead                           Min: 0, Avg:  0.0, Max: 0, Diff: 0, Sum: 0, Workers: 4
[3893.746s][debug][gc,phases      ] GC(135)     Total                          Min: 0, Avg:  0.0, Max: 0, Diff: 0, Sum: 0, Workers: 4
[3893.746s][debug][gc,phases      ] GC(135) Weak Processing 0.522ms
[3893.746s][debug][gc,age         ] GC(135) Desired survivor size 67633152 bytes, new threshold 1 (max threshold 15)
[3893.746s][info ][gc,heap        ] GC(135) PSYoungGen: 1958992K(2025472K)->4160K(2031104K) Eden: 1955328K(1955328K)->0K(1962496K) From: 3664K(70144K)->4160K(68608K)
[3893.746s][info ][gc,heap        ] GC(135) ParOldGen: 791898K(942592K)->793350K(942592K)
[3893.746s][info ][gc,metaspace   ] GC(135) Metaspace: 111803K(113088K)->111803K(113088K) NonClass: 95526K(96256K)->95526K(96256K) Class: 16276K(16832K)->16276K(16832K)
[3893.746s][info ][gc             ] GC(135) Pause Young (Allocation Failure) 2686M->778M(2904M) 5.213ms
[3893.746s][info ][gc,cpu         ] GC(135) User=0.02s Sys=0.01s Real=0.00s
[3893.747s][info ][safepoint      ] Safepoint "ParallelCollectForAllocation", Time since last: 30339371203 ns, Reaching safepoint: 101199 ns, At safepoint: 5283275 ns, Leaving safepoint: 9200 ns, Total: 5393674 ns, Threads: 1 runnable, 35 total
[3923.996s][info ][gc,start       ] GC(136) Pause Young (Allocation Failure)
[3924.001s][debug][gc,phases      ] GC(136) Scavenge 4.919ms
[3924.001s][debug][gc,ref         ] GC(136) Skipped SoftWeakFinalRefsPhase of Reference Processing: no references
[3924.001s][debug][gc,ref         ] GC(136) Skipped KeepAliveFinalRefsPhase of Reference Processing: no references
[3924.001s][debug][gc,ref         ] GC(136) Skipped PhantomRefsPhase of Reference Processing: no references
[3924.001s][debug][gc,phases      ] GC(136) Reference Processing 0.046ms
[3924.002s][debug][gc,phases      ] GC(136)   VM Weak                        Min: 0.00, Avg: 0.00, Max: 0.01, Diff: 0.01, Sum: 0.01, Workers: 4
[3924.002s][debug][gc,phases      ] GC(136)     Dead                           Min: 0, Avg:  0.0, Max: 0, Diff: 0, Sum: 0, Workers: 4
[3924.002s][debug][gc,phases      ] GC(136)     Total                          Min: 0, Avg: 235.8, Max: 751, Diff: 751, Sum: 943, Workers: 4
[3924.002s][debug][gc,phases      ] GC(136)   ObjectSynchronizer Weak        Min: 0.00, Avg: 0.00, Max: 0.00, Diff: 0.00, Sum: 0.00, Workers: 4
[3924.002s][debug][gc,phases      ] GC(136)     Dead                           Min: 0, Avg:  0.0, Max: 0, Diff: 0, Sum: 0, Workers: 4
[3924.002s][debug][gc,phases      ] GC(136)     Total                          Min: 0, Avg:  1.2, Max: 5, Diff: 5, Sum: 5, Workers: 4
[3924.002s][debug][gc,phases      ] GC(136)   JVMTI Tag Weak OopStorage      Min: 0.00, Avg: 0.00, Max: 0.00, Diff: 0.00, Sum: 0.00, Workers: 4
[3924.002s][debug][gc,phases      ] GC(136)     Dead                           Min: 0, Avg:  0.0, Max: 0, Diff: 0, Sum: 0, Workers: 4
[3924.002s][debug][gc,phases      ] GC(136)     Total                          Min: 0, Avg:  0.0, Max: 0, Diff: 0, Sum: 0, Workers: 4
[3924.002s][debug][gc,phases      ] GC(136)   StringTable Weak               Min: 0.00, Avg: 0.13, Max: 0.18, Diff: 0.18, Sum: 0.53, Workers: 4
[3924.002s][debug][gc,phases      ] GC(136)     Dead                           Min: 0, Avg:  0.0, Max: 0, Diff: 0, Sum: 0, Workers: 4
[3924.002s][debug][gc,phases      ] GC(136)     Total                          Min: 0, Avg: 12743.8, Max: 19200, Diff: 19200, Sum: 50975, Workers: 4
[3924.002s][debug][gc,phases      ] GC(136)   ResolvedMethodTable Weak       Min: 0.00, Avg: 0.04, Max: 0.05, Diff: 0.05, Sum: 0.15, Workers: 4
[3924.002s][debug][gc,phases      ] GC(136)     Dead                           Min: 0, Avg:  5.0, Max: 13, Diff: 13, Sum: 20, Workers: 4
[3924.002s][debug][gc,phases      ] GC(136)     Total                          Min: 0, Avg: 4280.2, Max: 6011, Diff: 6011, Sum: 17121, Workers: 4
[3924.002s][debug][gc,phases      ] GC(136)   JNI Weak                       Min: 0.00, Avg: 0.00, Max: 0.00, Diff: 0.00, Sum: 0.00, Workers: 4
[3924.002s][debug][gc,phases      ] GC(136)     Dead                           Min: 0, Avg:  0.0, Max: 0, Diff: 0, Sum: 0, Workers: 4
[3924.002s][debug][gc,phases      ] GC(136)     Total                          Min: 0, Avg: 13.0, Max: 48, Diff: 48, Sum: 52, Workers: 4
[3924.002s][debug][gc,phases      ] GC(136)   StringDedup Table Weak         Min: 0.00, Avg: 0.00, Max: 0.00, Diff: 0.00, Sum: 0.00, Workers: 4
[3924.002s][debug][gc,phases      ] GC(136)     Dead                           Min: 0, Avg:  0.0, Max: 0, Diff: 0, Sum: 0, Workers: 4
[3924.002s][debug][gc,phases      ] GC(136)     Total                          Min: 0, Avg:  0.0, Max: 0, Diff: 0, Sum: 0, Workers: 4
[3924.002s][debug][gc,phases      ] GC(136)   StringDedup Requests0 Weak     Min: 0.00, Avg: 0.00, Max: 0.00, Diff: 0.00, Sum: 0.00, Workers: 4
[3924.002s][debug][gc,phases      ] GC(136)     Dead                           Min: 0, Avg:  0.0, Max: 0, Diff: 0, Sum: 0, Workers: 4
[3924.002s][debug][gc,phases      ] GC(136)     Total                          Min: 0, Avg:  0.0, Max: 0, Diff: 0, Sum: 0, Workers: 4
[3924.002s][debug][gc,phases      ] GC(136)   StringDedup Requests1 Weak     Min: 0.00, Avg: 0.00, Max: 0.00, Diff: 0.00, Sum: 0.00, Workers: 4
[3924.002s][debug][gc,phases      ] GC(136)     Dead                           Min: 0, Avg:  0.0, Max: 0, Diff: 0, Sum: 0, Workers: 4
[3924.002s][debug][gc,phases      ] GC(136)     Total                          Min: 0, Avg:  0.0, Max: 0, Diff: 0, Sum: 0, Workers: 4
[3924.002s][debug][gc,phases      ] GC(136)   Weak JFR Old Object Samples    Min: 0.00, Avg: 0.00, Max: 0.00, Diff: 0.00, Sum: 0.00, Workers: 4
[3924.002s][debug][gc,phases      ] GC(136)     Dead                           Min: 0, Avg:  0.0, Max: 0, Diff: 0, Sum: 0, Workers: 4
[3924.002s][debug][gc,phases      ] GC(136)     Total                          Min: 0, Avg:  0.0, Max: 0, Diff: 0, Sum: 0, Workers: 4
[3924.002s][debug][gc,phases      ] GC(136) Weak Processing 0.444ms
[3924.002s][debug][gc,age         ] GC(136) Desired survivor size 65536000 bytes, new threshold 1 (max threshold 15)
[3924.002s][info ][gc,heap        ] GC(136) PSYoungGen: 1966656K(2031104K)->3120K(2028544K) Eden: 1962496K(1962496K)->0K(1962496K) From: 4160K(68608K)->3120K(66048K)
[3924.002s][info ][gc,heap        ] GC(136) ParOldGen: 793350K(942592K)->795467K(942592K)
[3924.002s][info ][gc,metaspace   ] GC(136) Metaspace: 111829K(113152K)->111829K(113152K) NonClass: 95553K(96320K)->95553K(96320K) Class: 16276K(16832K)->16276K(16832K)
[3924.002s][info ][gc             ] GC(136) Pause Young (Allocation Failure) 2695M->779M(2901M) 5.581ms
[3924.002s][info ][gc,cpu         ] GC(136) User=0.02s Sys=0.00s Real=0.01s
[3924.002s][info ][safepoint      ] Safepoint "ParallelCollectForAllocation", Time since last: 30249624772 ns, Reaching safepoint: 90299 ns, At safepoint: 5655773 ns, Leaving safepoint: 8700 ns, Total: 5754772 ns, Threads: 1 runnable, 39 total
[3955.091s][info ][gc,start       ] GC(137) Pause Young (Allocation Failure)
[3955.094s][debug][gc,phases      ] GC(137) Scavenge 3.365ms
[3955.094s][debug][gc,ref         ] GC(137) Skipped SoftWeakFinalRefsPhase of Reference Processing: no references
[3955.094s][debug][gc,ref         ] GC(137) Skipped KeepAliveFinalRefsPhase of Reference Processing: no references
[3955.094s][debug][gc,ref         ] GC(137) Skipped PhantomRefsPhase of Reference Processing: no references
[3955.094s][debug][gc,phases      ] GC(137) Reference Processing 0.027ms
[3955.094s][debug][gc,phases      ] GC(137)   VM Weak                        Min: 0.00, Avg: 0.00, Max: 0.00, Diff: 0.00, Sum: 0.01, Workers: 4
[3955.094s][debug][gc,phases      ] GC(137)     Dead                           Min: 0, Avg:  0.0, Max: 0, Diff: 0, Sum: 0, Workers: 4
[3955.094s][debug][gc,phases      ] GC(137)     Total                          Min: 0, Avg: 235.8, Max: 367, Diff: 367, Sum: 943, Workers: 4
[3955.094s][debug][gc,phases      ] GC(137)   ObjectSynchronizer Weak        Min: 0.00, Avg: 0.00, Max: 0.00, Diff: 0.00, Sum: 0.00, Workers: 4
[3955.094s][debug][gc,phases      ] GC(137)     Dead                           Min: 0, Avg:  0.0, Max: 0, Diff: 0, Sum: 0, Workers: 4
[3955.094s][debug][gc,phases      ] GC(137)     Total                          Min: 0, Avg:  1.2, Max: 5, Diff: 5, Sum: 5, Workers: 4
[3955.094s][debug][gc,phases      ] GC(137)   JVMTI Tag Weak OopStorage      Min: 0.00, Avg: 0.00, Max: 0.00, Diff: 0.00, Sum: 0.00, Workers: 4
[3955.094s][debug][gc,phases      ] GC(137)     Dead                           Min: 0, Avg:  0.0, Max: 0, Diff: 0, Sum: 0, Workers: 4
[3955.094s][debug][gc,phases      ] GC(137)     Total                          Min: 0, Avg:  0.0, Max: 0, Diff: 0, Sum: 0, Workers: 4
[3955.094s][debug][gc,phases      ] GC(137)   StringTable Weak               Min: 0.00, Avg: 0.14, Max: 0.18, Diff: 0.18, Sum: 0.55, Workers: 4
[3955.094s][debug][gc,phases      ] GC(137)     Dead                           Min: 0, Avg:  0.0, Max: 0, Diff: 0, Sum: 0, Workers: 4
[3955.094s][debug][gc,phases      ] GC(137)     Total                          Min: 0, Avg: 12743.8, Max: 18335, Diff: 18335, Sum: 50975, Workers: 4
[3955.094s][debug][gc,phases      ] GC(137)   ResolvedMethodTable Weak       Min: 0.00, Avg: 0.04, Max: 0.05, Diff: 0.05, Sum: 0.16, Workers: 4
[3955.094s][debug][gc,phases      ] GC(137)     Dead                           Min: 0, Avg:  5.0, Max: 13, Diff: 13, Sum: 20, Workers: 4
[3955.094s][debug][gc,phases      ] GC(137)     Total                          Min: 0, Avg: 4280.2, Max: 5819, Diff: 5819, Sum: 17121, Workers: 4
[3955.094s][debug][gc,phases      ] GC(137)   JNI Weak                       Min: 0.00, Avg: 0.00, Max: 0.00, Diff: 0.00, Sum: 0.00, Workers: 4
[3955.094s][debug][gc,phases      ] GC(137)     Dead                           Min: 0, Avg:  0.0, Max: 0, Diff: 0, Sum: 0, Workers: 4
[3955.094s][debug][gc,phases      ] GC(137)     Total                          Min: 0, Avg: 13.0, Max: 48, Diff: 48, Sum: 52, Workers: 4
[3955.094s][debug][gc,phases      ] GC(137)   StringDedup Table Weak         Min: 0.00, Avg: 0.00, Max: 0.00, Diff: 0.00, Sum: 0.00, Workers: 4
[3955.095s][debug][gc,phases      ] GC(137)     Dead                           Min: 0, Avg:  0.0, Max: 0, Diff: 0, Sum: 0, Workers: 4
[3955.095s][debug][gc,phases      ] GC(137)     Total                          Min: 0, Avg:  0.0, Max: 0, Diff: 0, Sum: 0, Workers: 4
[3955.095s][debug][gc,phases      ] GC(137)   StringDedup Requests0 Weak     Min: 0.00, Avg: 0.00, Max: 0.00, Diff: 0.00, Sum: 0.00, Workers: 4
[3955.095s][debug][gc,phases      ] GC(137)     Dead                           Min: 0, Avg:  0.0, Max: 0, Diff: 0, Sum: 0, Workers: 4
[3955.095s][debug][gc,phases      ] GC(137)     Total                          Min: 0, Avg:  0.0, Max: 0, Diff: 0, Sum: 0, Workers: 4
[3955.095s][debug][gc,phases      ] GC(137)   StringDedup Requests1 Weak     Min: 0.00, Avg: 0.00, Max: 0.00, Diff: 0.00, Sum: 0.00, Workers: 4
[3955.095s][debug][gc,phases      ] GC(137)     Dead                           Min: 0, Avg:  0.0, Max: 0, Diff: 0, Sum: 0, Workers: 4
[3955.095s][debug][gc,phases      ] GC(137)     Total                          Min: 0, Avg:  0.0, Max: 0, Diff: 0, Sum: 0, Workers: 4
[3955.095s][debug][gc,phases      ] GC(137)   Weak JFR Old Object Samples    Min: 0.00, Avg: 0.00, Max: 0.00, Diff: 0.00, Sum: 0.00, Workers: 4
[3955.095s][debug][gc,phases      ] GC(137)     Dead                           Min: 0, Avg:  0.0, Max: 0, Diff: 0, Sum: 0, Workers: 4
[3955.095s][debug][gc,phases      ] GC(137)     Total                          Min: 0, Avg:  0.0, Max: 0, Diff: 0, Sum: 0, Workers: 4
[3955.095s][debug][gc,phases      ] GC(137) Weak Processing 0.450ms
[3955.095s][debug][gc,age         ] GC(137) Desired survivor size 62914560 bytes, new threshold 1 (max threshold 15)
[3955.095s][info ][gc,heap        ] GC(137) PSYoungGen: 1965616K(2028544K)->3968K(2035712K) Eden: 1962496K(1962496K)->0K(1971712K) From: 3120K(66048K)->3968K(64000K)
[3955.095s][info ][gc,heap        ] GC(137) ParOldGen: 795467K(942592K)->796599K(942592K)
[3955.095s][info ][gc,metaspace   ] GC(137) Metaspace: 111830K(113152K)->111830K(113152K) NonClass: 95554K(96320K)->95554K(96320K) Class: 16276K(16832K)->16276K(16832K)
[3955.095s][info ][gc             ] GC(137) Pause Young (Allocation Failure) 2696M->781M(2908M) 3.958ms
[3955.095s][info ][gc,cpu         ] GC(137) User=0.01s Sys=0.00s Real=0.00s
[3955.095s][info ][safepoint      ] Safepoint "ParallelCollectForAllocation", Time since last: 31088600433 ns, Reaching safepoint: 98400 ns, At safepoint: 4019880 ns, Leaving safepoint: 7300 ns, Total: 4125580 ns, Threads: 1 runnable, 39 total
[3987.569s][info ][gc,start       ] GC(138) Pause Young (Allocation Failure)
[3987.572s][debug][gc,phases      ] GC(138) Scavenge 2.841ms
[3987.572s][debug][gc,ref         ] GC(138) Skipped SoftWeakFinalRefsPhase of Reference Processing: no references
[3987.572s][debug][gc,ref         ] GC(138) Skipped KeepAliveFinalRefsPhase of Reference Processing: no references
[3987.572s][debug][gc,ref         ] GC(138) Skipped PhantomRefsPhase of Reference Processing: no references
[3987.572s][debug][gc,phases      ] GC(138) Reference Processing 0.023ms
[3987.573s][debug][gc,phases      ] GC(138)   VM Weak                        Min: 0.00, Avg: 0.00, Max: 0.00, Diff: 0.00, Sum: 0.01, Workers: 4
[3987.573s][debug][gc,phases      ] GC(138)     Dead                           Min: 0, Avg:  0.0, Max: 0, Diff: 0, Sum: 0, Workers: 4
[3987.573s][debug][gc,phases      ] GC(138)     Total                          Min: 0, Avg: 235.8, Max: 448, Diff: 448, Sum: 943, Workers: 4
[3987.573s][debug][gc,phases      ] GC(138)   ObjectSynchronizer Weak        Min: 0.00, Avg: 0.00, Max: 0.00, Diff: 0.00, Sum: 0.00, Workers: 4
[3987.573s][debug][gc,phases      ] GC(138)     Dead                           Min: 0, Avg:  0.0, Max: 0, Diff: 0, Sum: 0, Workers: 4
[3987.573s][debug][gc,phases      ] GC(138)     Total                          Min: 0, Avg:  1.2, Max: 5, Diff: 5, Sum: 5, Workers: 4
[3987.573s][debug][gc,phases      ] GC(138)   JVMTI Tag Weak OopStorage      Min: 0.00, Avg: 0.00, Max: 0.00, Diff: 0.00, Sum: 0.00, Workers: 4
[3987.573s][debug][gc,phases      ] GC(138)     Dead                           Min: 0, Avg:  0.0, Max: 0, Diff: 0, Sum: 0, Workers: 4
[3987.573s][debug][gc,phases      ] GC(138)     Total                          Min: 0, Avg:  0.0, Max: 0, Diff: 0, Sum: 0, Workers: 4
[3987.573s][debug][gc,phases      ] GC(138)   StringTable Weak               Min: 0.00, Avg: 0.10, Max: 0.14, Diff: 0.14, Sum: 0.41, Workers: 4
[3987.573s][debug][gc,phases      ] GC(138)     Dead                           Min: 0, Avg:  0.0, Max: 0, Diff: 0, Sum: 0, Workers: 4
[3987.573s][debug][gc,phases      ] GC(138)     Total                          Min: 0, Avg: 12743.8, Max: 21983, Diff: 21983, Sum: 50975, Workers: 4
[3987.573s][debug][gc,phases      ] GC(138)   ResolvedMethodTable Weak       Min: 0.00, Avg: 0.03, Max: 0.05, Diff: 0.05, Sum: 0.14, Workers: 4
[3987.573s][debug][gc,phases      ] GC(138)     Dead                           Min: 0, Avg:  5.0, Max: 10, Diff: 10, Sum: 20, Workers: 4
[3987.573s][debug][gc,phases      ] GC(138)     Total                          Min: 0, Avg: 4280.2, Max: 7416, Diff: 7416, Sum: 17121, Workers: 4
[3987.573s][debug][gc,phases      ] GC(138)   JNI Weak                       Min: 0.00, Avg: 0.00, Max: 0.00, Diff: 0.00, Sum: 0.00, Workers: 4
[3987.573s][debug][gc,phases      ] GC(138)     Dead                           Min: 0, Avg:  0.0, Max: 0, Diff: 0, Sum: 0, Workers: 4
[3987.573s][debug][gc,phases      ] GC(138)     Total                          Min: 0, Avg: 13.0, Max: 48, Diff: 48, Sum: 52, Workers: 4
[3987.573s][debug][gc,phases      ] GC(138)   StringDedup Table Weak         Min: 0.00, Avg: 0.00, Max: 0.00, Diff: 0.00, Sum: 0.00, Workers: 4
[3987.573s][debug][gc,phases      ] GC(138)     Dead                           Min: 0, Avg:  0.0, Max: 0, Diff: 0, Sum: 0, Workers: 4
[3987.573s][debug][gc,phases      ] GC(138)     Total                          Min: 0, Avg:  0.0, Max: 0, Diff: 0, Sum: 0, Workers: 4
[3987.573s][debug][gc,phases      ] GC(138)   StringDedup Requests0 Weak     Min: 0.00, Avg: 0.00, Max: 0.00, Diff: 0.00, Sum: 0.00, Workers: 4
[3987.573s][debug][gc,phases      ] GC(138)     Dead                           Min: 0, Avg:  0.0, Max: 0, Diff: 0, Sum: 0, Workers: 4
[3987.573s][debug][gc,phases      ] GC(138)     Total                          Min: 0, Avg:  0.0, Max: 0, Diff: 0, Sum: 0, Workers: 4
[3987.573s][debug][gc,phases      ] GC(138)   StringDedup Requests1 Weak     Min: 0.00, Avg: 0.00, Max: 0.00, Diff: 0.00, Sum: 0.00, Workers: 4
[3987.573s][debug][gc,phases      ] GC(138)     Dead                           Min: 0, Avg:  0.0, Max: 0, Diff: 0, Sum: 0, Workers: 4
[3987.573s][debug][gc,phases      ] GC(138)     Total                          Min: 0, Avg:  0.0, Max: 0, Diff: 0, Sum: 0, Workers: 4
[3987.573s][debug][gc,phases      ] GC(138)   Weak JFR Old Object Samples    Min: 0.00, Avg: 0.00, Max: 0.00, Diff: 0.00, Sum: 0.00, Workers: 4
[3987.573s][debug][gc,phases      ] GC(138)     Dead                           Min: 0, Avg:  0.0, Max: 0, Diff: 0, Sum: 0, Workers: 4
[3987.573s][debug][gc,phases      ] GC(138)     Total                          Min: 0, Avg:  0.0, Max: 0, Diff: 0, Sum: 0, Workers: 4
[3987.573s][debug][gc,phases      ] GC(138) Weak Processing 0.377ms
[3987.573s][debug][gc,age         ] GC(138) Desired survivor size 60293120 bytes, new threshold 1 (max threshold 15)
[3987.573s][info ][gc,heap        ] GC(138) PSYoungGen: 1975680K(2035712K)->3136K(2033152K) Eden: 1971712K(1971712K)->0K(1971712K) From: 3968K(64000K)->3136K(61440K)
[3987.573s][info ][gc,heap        ] GC(138) ParOldGen: 796599K(942592K)->798160K(942592K)
[3987.573s][info ][gc,metaspace   ] GC(138) Metaspace: 111836K(113152K)->111836K(113152K) NonClass: 95560K(96320K)->95560K(96320K) Class: 16276K(16832K)->16276K(16832K)
[3987.573s][info ][gc             ] GC(138) Pause Young (Allocation Failure) 2707M->782M(2906M) 3.372ms
[3987.573s][info ][gc,cpu         ] GC(138) User=0.01s Sys=0.00s Real=0.00s
[3987.573s][info ][safepoint      ] Safepoint "ParallelCollectForAllocation", Time since last: 32474612863 ns, Reaching safepoint: 21900 ns, At safepoint: 3459483 ns, Leaving safepoint: 2400 ns, Total: 3483783 ns, Threads: 0 runnable, 33 total
[4018.891s][info ][gc,start       ] GC(139) Pause Young (Allocation Failure)
[4018.894s][debug][gc,phases      ] GC(139) Scavenge 3.327ms
[4018.894s][debug][gc,ref         ] GC(139) Skipped SoftWeakFinalRefsPhase of Reference Processing: no references
[4018.894s][debug][gc,ref         ] GC(139) Skipped KeepAliveFinalRefsPhase of Reference Processing: no references
[4018.894s][debug][gc,ref         ] GC(139) Skipped PhantomRefsPhase of Reference Processing: no references
[4018.894s][debug][gc,phases      ] GC(139) Reference Processing 0.030ms
[4018.895s][debug][gc,phases      ] GC(139)   VM Weak                        Min: 0.00, Avg: 0.00, Max: 0.01, Diff: 0.01, Sum: 0.01, Workers: 4
[4018.895s][debug][gc,phases      ] GC(139)     Dead                           Min: 0, Avg:  0.0, Max: 0, Diff: 0, Sum: 0, Workers: 4
[4018.895s][debug][gc,phases      ] GC(139)     Total                          Min: 0, Avg: 235.8, Max: 623, Diff: 623, Sum: 943, Workers: 4
[4018.895s][debug][gc,phases      ] GC(139)   ObjectSynchronizer Weak        Min: 0.00, Avg: 0.00, Max: 0.00, Diff: 0.00, Sum: 0.00, Workers: 4
[4018.895s][debug][gc,phases      ] GC(139)     Dead                           Min: 0, Avg:  0.0, Max: 0, Diff: 0, Sum: 0, Workers: 4
[4018.895s][debug][gc,phases      ] GC(139)     Total                          Min: 0, Avg:  1.2, Max: 5, Diff: 5, Sum: 5, Workers: 4
[4018.895s][debug][gc,phases      ] GC(139)   JVMTI Tag Weak OopStorage      Min: 0.00, Avg: 0.00, Max: 0.00, Diff: 0.00, Sum: 0.00, Workers: 4
[4018.895s][debug][gc,phases      ] GC(139)     Dead                           Min: 0, Avg:  0.0, Max: 0, Diff: 0, Sum: 0, Workers: 4
[4018.895s][debug][gc,phases      ] GC(139)     Total                          Min: 0, Avg:  0.0, Max: 0, Diff: 0, Sum: 0, Workers: 4
[4018.895s][debug][gc,phases      ] GC(139)   StringTable Weak               Min: 0.00, Avg: 0.13, Max: 0.17, Diff: 0.17, Sum: 0.51, Workers: 4
[4018.895s][debug][gc,phases      ] GC(139)     Dead                           Min: 0, Avg:  0.0, Max: 0, Diff: 0, Sum: 0, Workers: 4
[4018.895s][debug][gc,phases      ] GC(139)     Total                          Min: 0, Avg: 12743.8, Max: 19072, Diff: 19072, Sum: 50975, Workers: 4
[4018.895s][debug][gc,phases      ] GC(139)   ResolvedMethodTable Weak       Min: 0.00, Avg: 0.04, Max: 0.05, Diff: 0.05, Sum: 0.14, Workers: 4
[4018.895s][debug][gc,phases      ] GC(139)     Dead                           Min: 0, Avg:  5.0, Max: 10, Diff: 10, Sum: 20, Workers: 4
[4018.895s][debug][gc,phases      ] GC(139)     Total                          Min: 0, Avg: 4280.2, Max: 6202, Diff: 6202, Sum: 17121, Workers: 4
[4018.895s][debug][gc,phases      ] GC(139)   JNI Weak                       Min: 0.00, Avg: 0.00, Max: 0.00, Diff: 0.00, Sum: 0.00, Workers: 4
[4018.895s][debug][gc,phases      ] GC(139)     Dead                           Min: 0, Avg:  0.0, Max: 0, Diff: 0, Sum: 0, Workers: 4
[4018.895s][debug][gc,phases      ] GC(139)     Total                          Min: 0, Avg: 13.0, Max: 48, Diff: 48, Sum: 52, Workers: 4
[4018.895s][debug][gc,phases      ] GC(139)   StringDedup Table Weak         Min: 0.00, Avg: 0.00, Max: 0.00, Diff: 0.00, Sum: 0.00, Workers: 4
[4018.895s][debug][gc,phases      ] GC(139)     Dead                           Min: 0, Avg:  0.0, Max: 0, Diff: 0, Sum: 0, Workers: 4
[4018.895s][debug][gc,phases      ] GC(139)     Total                          Min: 0, Avg:  0.0, Max: 0, Diff: 0, Sum: 0, Workers: 4
[4018.895s][debug][gc,phases      ] GC(139)   StringDedup Requests0 Weak     Min: 0.00, Avg: 0.00, Max: 0.00, Diff: 0.00, Sum: 0.00, Workers: 4
[4018.895s][debug][gc,phases      ] GC(139)     Dead                           Min: 0, Avg:  0.0, Max: 0, Diff: 0, Sum: 0, Workers: 4
[4018.895s][debug][gc,phases      ] GC(139)     Total                          Min: 0, Avg:  0.0, Max: 0, Diff: 0, Sum: 0, Workers: 4
[4018.895s][debug][gc,phases      ] GC(139)   StringDedup Requests1 Weak     Min: 0.00, Avg: 0.00, Max: 0.00, Diff: 0.00, Sum: 0.00, Workers: 4
[4018.895s][debug][gc,phases      ] GC(139)     Dead                           Min: 0, Avg:  0.0, Max: 0, Diff: 0, Sum: 0, Workers: 4
[4018.895s][debug][gc,phases      ] GC(139)     Total                          Min: 0, Avg:  0.0, Max: 0, Diff: 0, Sum: 0, Workers: 4
[4018.895s][debug][gc,phases      ] GC(139)   Weak JFR Old Object Samples    Min: 0.00, Avg: 0.00, Max: 0.00, Diff: 0.00, Sum: 0.00, Workers: 4
[4018.895s][debug][gc,phases      ] GC(139)     Dead                           Min: 0, Avg:  0.0, Max: 0, Diff: 0, Sum: 0, Workers: 4
[4018.895s][debug][gc,phases      ] GC(139)     Total                          Min: 0, Avg:  0.0, Max: 0, Diff: 0, Sum: 0, Workers: 4
[4018.895s][debug][gc,phases      ] GC(139) Weak Processing 0.503ms
[4018.895s][debug][gc,age         ] GC(139) Desired survivor size 57671680 bytes, new threshold 1 (max threshold 15)
[4018.895s][info ][gc,heap        ] GC(139) PSYoungGen: 1974848K(2033152K)->3392K(2040832K) Eden: 1971712K(1971712K)->0K(1981952K) From: 3136K(61440K)->3392K(58880K)
[4018.895s][info ][gc,heap        ] GC(139) ParOldGen: 798160K(942592K)->799268K(942592K)
[4018.895s][info ][gc,metaspace   ] GC(139) Metaspace: 111838K(113152K)->111838K(113152K) NonClass: 95562K(96320K)->95562K(96320K) Class: 16276K(16832K)->16276K(16832K)
[4018.895s][info ][gc             ] GC(139) Pause Young (Allocation Failure) 2708M->783M(2913M) 3.981ms
[4018.895s][info ][gc,cpu         ] GC(139) User=0.02s Sys=0.00s Real=0.00s
[4018.895s][info ][safepoint      ] Safepoint "ParallelCollectForAllocation", Time since last: 31317985360 ns, Reaching safepoint: 76200 ns, At safepoint: 4047080 ns, Leaving safepoint: 8000 ns, Total: 4131280 ns, Threads: 1 runnable, 33 total
[4050.342s][info ][gc,start       ] GC(140) Pause Young (Allocation Failure)
[4050.346s][debug][gc,phases      ] GC(140) Scavenge 4.118ms
[4050.346s][debug][gc,ref         ] GC(140) Skipped SoftWeakFinalRefsPhase of Reference Processing: no references
[4050.346s][debug][gc,ref         ] GC(140) Skipped KeepAliveFinalRefsPhase of Reference Processing: no references
[4050.346s][debug][gc,ref         ] GC(140) Skipped PhantomRefsPhase of Reference Processing: no references
[4050.346s][debug][gc,phases      ] GC(140) Reference Processing 0.018ms
[4050.347s][debug][gc,phases      ] GC(140)   VM Weak                        Min: 0.00, Avg: 0.00, Max: 0.01, Diff: 0.01, Sum: 0.01, Workers: 4
[4050.347s][debug][gc,phases      ] GC(140)     Dead                           Min: 0, Avg:  0.0, Max: 0, Diff: 0, Sum: 0, Workers: 4
[4050.347s][debug][gc,phases      ] GC(140)     Total                          Min: 0, Avg: 235.8, Max: 879, Diff: 879, Sum: 943, Workers: 4
[4050.347s][debug][gc,phases      ] GC(140)   ObjectSynchronizer Weak        Min: 0.00, Avg: 0.00, Max: 0.00, Diff: 0.00, Sum: 0.00, Workers: 4
[4050.347s][debug][gc,phases      ] GC(140)     Dead                           Min: 0, Avg:  0.0, Max: 0, Diff: 0, Sum: 0, Workers: 4
[4050.347s][debug][gc,phases      ] GC(140)     Total                          Min: 0, Avg:  1.5, Max: 6, Diff: 6, Sum: 6, Workers: 4
[4050.347s][debug][gc,phases      ] GC(140)   JVMTI Tag Weak OopStorage      Min: 0.00, Avg: 0.00, Max: 0.00, Diff: 0.00, Sum: 0.00, Workers: 4
[4050.347s][debug][gc,phases      ] GC(140)     Dead                           Min: 0, Avg:  0.0, Max: 0, Diff: 0, Sum: 0, Workers: 4
[4050.347s][debug][gc,phases      ] GC(140)     Total                          Min: 0, Avg:  0.0, Max: 0, Diff: 0, Sum: 0, Workers: 4
[4050.347s][debug][gc,phases      ] GC(140)   StringTable Weak               Min: 0.00, Avg: 0.12, Max: 0.16, Diff: 0.16, Sum: 0.47, Workers: 4
[4050.347s][debug][gc,phases      ] GC(140)     Dead                           Min: 0, Avg:  0.0, Max: 0, Diff: 0, Sum: 0, Workers: 4
[4050.347s][debug][gc,phases      ] GC(140)     Total                          Min: 0, Avg: 12743.8, Max: 17600, Diff: 17600, Sum: 50975, Workers: 4
[4050.347s][debug][gc,phases      ] GC(140)   ResolvedMethodTable Weak       Min: 0.00, Avg: 0.04, Max: 0.05, Diff: 0.05, Sum: 0.15, Workers: 4
[4050.347s][debug][gc,phases      ] GC(140)     Dead                           Min: 0, Avg:  5.0, Max: 15, Diff: 15, Sum: 20, Workers: 4
[4050.347s][debug][gc,phases      ] GC(140)     Total                          Min: 0, Avg: 4280.2, Max: 6010, Diff: 6010, Sum: 17121, Workers: 4
[4050.347s][debug][gc,phases      ] GC(140)   JNI Weak                       Min: 0.00, Avg: 0.00, Max: 0.00, Diff: 0.00, Sum: 0.00, Workers: 4
[4050.347s][debug][gc,phases      ] GC(140)     Dead                           Min: 0, Avg:  0.0, Max: 0, Diff: 0, Sum: 0, Workers: 4
[4050.347s][debug][gc,phases      ] GC(140)     Total                          Min: 0, Avg: 13.0, Max: 48, Diff: 48, Sum: 52, Workers: 4
[4050.347s][debug][gc,phases      ] GC(140)   StringDedup Table Weak         Min: 0.00, Avg: 0.00, Max: 0.00, Diff: 0.00, Sum: 0.00, Workers: 4
[4050.347s][debug][gc,phases      ] GC(140)     Dead                           Min: 0, Avg:  0.0, Max: 0, Diff: 0, Sum: 0, Workers: 4
[4050.347s][debug][gc,phases      ] GC(140)     Total                          Min: 0, Avg:  0.0, Max: 0, Diff: 0, Sum: 0, Workers: 4
[4050.347s][debug][gc,phases      ] GC(140)   StringDedup Requests0 Weak     Min: 0.00, Avg: 0.00, Max: 0.00, Diff: 0.00, Sum: 0.00, Workers: 4
[4050.347s][debug][gc,phases      ] GC(140)     Dead                           Min: 0, Avg:  0.0, Max: 0, Diff: 0, Sum: 0, Workers: 4
[4050.347s][debug][gc,phases      ] GC(140)     Total                          Min: 0, Avg:  0.0, Max: 0, Diff: 0, Sum: 0, Workers: 4
[4050.347s][debug][gc,phases      ] GC(140)   StringDedup Requests1 Weak     Min: 0.00, Avg: 0.00, Max: 0.00, Diff: 0.00, Sum: 0.00, Workers: 4
[4050.347s][debug][gc,phases      ] GC(140)     Dead                           Min: 0, Avg:  0.0, Max: 0, Diff: 0, Sum: 0, Workers: 4
[4050.347s][debug][gc,phases      ] GC(140)     Total                          Min: 0, Avg:  0.0, Max: 0, Diff: 0, Sum: 0, Workers: 4
[4050.347s][debug][gc,phases      ] GC(140)   Weak JFR Old Object Samples    Min: 0.00, Avg: 0.00, Max: 0.00, Diff: 0.00, Sum: 0.00, Workers: 4
[4050.347s][debug][gc,phases      ] GC(140)     Dead                           Min: 0, Avg:  0.0, Max: 0, Diff: 0, Sum: 0, Workers: 4
[4050.347s][debug][gc,phases      ] GC(140)     Total                          Min: 0, Avg:  0.0, Max: 0, Diff: 0, Sum: 0, Workers: 4
[4050.347s][debug][gc,phases      ] GC(140) Weak Processing 0.464ms
[4050.347s][debug][gc,age         ] GC(140) Desired survivor size 54525952 bytes, new threshold 1 (max threshold 15)
[4050.347s][info ][gc,heap        ] GC(140) PSYoungGen: 1985344K(2040832K)->5024K(2038272K) Eden: 1981952K(1981952K)->0K(1981952K) From: 3392K(58880K)->5024K(56320K)
[4050.347s][info ][gc,heap        ] GC(140) ParOldGen: 799268K(942592K)->800264K(942592K)
[4050.347s][info ][gc,metaspace   ] GC(140) Metaspace: 111840K(113152K)->111840K(113152K) NonClass: 95563K(96320K)->95563K(96320K) Class: 16276K(16832K)->16276K(16832K)
[4050.347s][info ][gc             ] GC(140) Pause Young (Allocation Failure) 2719M->786M(2911M) 4.719ms
[4050.347s][info ][gc,cpu         ] GC(140) User=0.02s Sys=0.00s Real=0.00s
[4050.347s][info ][safepoint      ] Safepoint "ParallelCollectForAllocation", Time since last: 31447203136 ns, Reaching safepoint: 5200 ns, At safepoint: 4778277 ns, Leaving safepoint: 2500 ns, Total: 4785977 ns, Threads: 0 runnable, 34 total
[4081.946s][info ][gc,start       ] GC(141) Pause Young (Allocation Failure)
[4081.952s][debug][gc,phases      ] GC(141) Scavenge 5.155ms
[4081.952s][debug][gc,ref         ] GC(141) Skipped SoftWeakFinalRefsPhase of Reference Processing: no references
[4081.952s][debug][gc,ref         ] GC(141) Skipped KeepAliveFinalRefsPhase of Reference Processing: no references
[4081.952s][debug][gc,ref         ] GC(141) Skipped PhantomRefsPhase of Reference Processing: no references
[4081.952s][debug][gc,phases      ] GC(141) Reference Processing 0.018ms
[4081.952s][debug][gc,phases      ] GC(141)   VM Weak                        Min: 0.00, Avg: 0.00, Max: 0.01, Diff: 0.01, Sum: 0.01, Workers: 4
[4081.952s][debug][gc,phases      ] GC(141)     Dead                           Min: 0, Avg:  0.0, Max: 0, Diff: 0, Sum: 0, Workers: 4
[4081.952s][debug][gc,phases      ] GC(141)     Total                          Min: 0, Avg: 235.8, Max: 704, Diff: 704, Sum: 943, Workers: 4
[4081.952s][debug][gc,phases      ] GC(141)   ObjectSynchronizer Weak        Min: 0.00, Avg: 0.00, Max: 0.00, Diff: 0.00, Sum: 0.00, Workers: 4
[4081.952s][debug][gc,phases      ] GC(141)     Dead                           Min: 0, Avg:  0.0, Max: 0, Diff: 0, Sum: 0, Workers: 4
[4081.952s][debug][gc,phases      ] GC(141)     Total                          Min: 0, Avg:  1.2, Max: 5, Diff: 5, Sum: 5, Workers: 4
[4081.952s][debug][gc,phases      ] GC(141)   JVMTI Tag Weak OopStorage      Min: 0.00, Avg: 0.00, Max: 0.00, Diff: 0.00, Sum: 0.00, Workers: 4
[4081.952s][debug][gc,phases      ] GC(141)     Dead                           Min: 0, Avg:  0.0, Max: 0, Diff: 0, Sum: 0, Workers: 4
[4081.952s][debug][gc,phases      ] GC(141)     Total                          Min: 0, Avg:  0.0, Max: 0, Diff: 0, Sum: 0, Workers: 4
[4081.952s][debug][gc,phases      ] GC(141)   StringTable Weak               Min: 0.06, Avg: 0.14, Max: 0.16, Diff: 0.11, Sum: 0.55, Workers: 4
[4081.952s][debug][gc,phases      ] GC(141)     Dead                           Min: 0, Avg:  0.0, Max: 0, Diff: 0, Sum: 0, Workers: 4
[4081.952s][debug][gc,phases      ] GC(141)     Total                          Min: 5952, Avg: 12743.8, Max: 17856, Diff: 11904, Sum: 50975, Workers: 4
[4081.952s][debug][gc,phases      ] GC(141)   ResolvedMethodTable Weak       Min: 0.04, Avg: 0.04, Max: 0.04, Diff: 0.00, Sum: 0.16, Workers: 4
[4081.952s][debug][gc,phases      ] GC(141)     Dead                           Min: 0, Avg:  5.0, Max: 10, Diff: 10, Sum: 20, Workers: 4
[4081.952s][debug][gc,phases      ] GC(141)     Total                          Min: 4147, Avg: 4280.2, Max: 4478, Diff: 331, Sum: 17121, Workers: 4
[4081.952s][debug][gc,phases      ] GC(141)   JNI Weak                       Min: 0.00, Avg: 0.00, Max: 0.00, Diff: 0.00, Sum: 0.00, Workers: 4
[4081.952s][debug][gc,phases      ] GC(141)     Dead                           Min: 0, Avg:  0.0, Max: 0, Diff: 0, Sum: 0, Workers: 4
[4081.952s][debug][gc,phases      ] GC(141)     Total                          Min: 0, Avg: 13.0, Max: 48, Diff: 48, Sum: 52, Workers: 4
[4081.952s][debug][gc,phases      ] GC(141)   StringDedup Table Weak         Min: 0.00, Avg: 0.00, Max: 0.00, Diff: 0.00, Sum: 0.00, Workers: 4
[4081.952s][debug][gc,phases      ] GC(141)     Dead                           Min: 0, Avg:  0.0, Max: 0, Diff: 0, Sum: 0, Workers: 4
[4081.952s][debug][gc,phases      ] GC(141)     Total                          Min: 0, Avg:  0.0, Max: 0, Diff: 0, Sum: 0, Workers: 4
[4081.952s][debug][gc,phases      ] GC(141)   StringDedup Requests0 Weak     Min: 0.00, Avg: 0.00, Max: 0.00, Diff: 0.00, Sum: 0.00, Workers: 4
[4081.952s][debug][gc,phases      ] GC(141)     Dead                           Min: 0, Avg:  0.0, Max: 0, Diff: 0, Sum: 0, Workers: 4
[4081.952s][debug][gc,phases      ] GC(141)     Total                          Min: 0, Avg:  0.0, Max: 0, Diff: 0, Sum: 0, Workers: 4
[4081.952s][debug][gc,phases      ] GC(141)   StringDedup Requests1 Weak     Min: 0.00, Avg: 0.00, Max: 0.00, Diff: 0.00, Sum: 0.00, Workers: 4
[4081.952s][debug][gc,phases      ] GC(141)     Dead                           Min: 0, Avg:  0.0, Max: 0, Diff: 0, Sum: 0, Workers: 4
[4081.952s][debug][gc,phases      ] GC(141)     Total                          Min: 0, Avg:  0.0, Max: 0, Diff: 0, Sum: 0, Workers: 4
[4081.952s][debug][gc,phases      ] GC(141)   Weak JFR Old Object Samples    Min: 0.00, Avg: 0.00, Max: 0.00, Diff: 0.00, Sum: 0.00, Workers: 4
[4081.952s][debug][gc,phases      ] GC(141)     Dead                           Min: 0, Avg:  0.0, Max: 0, Diff: 0, Sum: 0, Workers: 4
[4081.952s][debug][gc,phases      ] GC(141)     Total                          Min: 0, Avg:  0.0, Max: 0, Diff: 0, Sum: 0, Workers: 4
[4081.952s][debug][gc,phases      ] GC(141) Weak Processing 0.391ms
[4081.952s][debug][gc,age         ] GC(141) Desired survivor size 51904512 bytes, new threshold 1 (max threshold 15)
[4081.952s][info ][gc,heap        ] GC(141) PSYoungGen: 1986976K(2038272K)->4048K(2046464K) Eden: 1981952K(1981952K)->0K(1993216K) From: 5024K(56320K)->4048K(53248K)
[4081.952s][info ][gc,heap        ] GC(141) ParOldGen: 800264K(942592K)->802484K(942592K)
[4081.952s][info ][gc,metaspace   ] GC(141) Metaspace: 111840K(113152K)->111840K(113152K) NonClass: 95564K(96320K)->95564K(96320K) Class: 16276K(16832K)->16276K(16832K)
[4081.952s][info ][gc             ] GC(141) Pause Young (Allocation Failure) 2721M->787M(2919M) 5.685ms
[4081.952s][info ][gc,cpu         ] GC(141) User=0.02s Sys=0.00s Real=0.01s
[4081.952s][info ][safepoint      ] Safepoint "ParallelCollectForAllocation", Time since last: 31599417885 ns, Reaching safepoint: 104600 ns, At safepoint: 5744972 ns, Leaving safepoint: 9000 ns, Total: 5858572 ns, Threads: 1 runnable, 34 total
[4113.590s][info ][gc,start       ] GC(142) Pause Young (Allocation Failure)
[4113.593s][debug][gc,phases      ] GC(142) Scavenge 3.567ms
[4113.593s][debug][gc,ref         ] GC(142) Skipped SoftWeakFinalRefsPhase of Reference Processing: no references
[4113.593s][debug][gc,ref         ] GC(142) Skipped KeepAliveFinalRefsPhase of Reference Processing: no references
[4113.593s][debug][gc,ref         ] GC(142) Skipped PhantomRefsPhase of Reference Processing: no references
[4113.593s][debug][gc,phases      ] GC(142) Reference Processing 0.017ms
[4113.593s][debug][gc,phases      ] GC(142)   VM Weak                        Min: 0.00, Avg: 0.00, Max: 0.01, Diff: 0.01, Sum: 0.01, Workers: 4
[4113.593s][debug][gc,phases      ] GC(142)     Dead                           Min: 0, Avg:  0.0, Max: 0, Diff: 0, Sum: 0, Workers: 4
[4113.593s][debug][gc,phases      ] GC(142)     Total                          Min: 0, Avg: 235.8, Max: 768, Diff: 768, Sum: 943, Workers: 4
[4113.593s][debug][gc,phases      ] GC(142)   ObjectSynchronizer Weak        Min: 0.00, Avg: 0.00, Max: 0.00, Diff: 0.00, Sum: 0.00, Workers: 4
[4113.593s][debug][gc,phases      ] GC(142)     Dead                           Min: 0, Avg:  0.0, Max: 0, Diff: 0, Sum: 0, Workers: 4
[4113.593s][debug][gc,phases      ] GC(142)     Total                          Min: 0, Avg:  1.5, Max: 6, Diff: 6, Sum: 6, Workers: 4
[4113.593s][debug][gc,phases      ] GC(142)   JVMTI Tag Weak OopStorage      Min: 0.00, Avg: 0.00, Max: 0.00, Diff: 0.00, Sum: 0.00, Workers: 4
[4113.593s][debug][gc,phases      ] GC(142)     Dead                           Min: 0, Avg:  0.0, Max: 0, Diff: 0, Sum: 0, Workers: 4
[4113.593s][debug][gc,phases      ] GC(142)     Total                          Min: 0, Avg:  0.0, Max: 0, Diff: 0, Sum: 0, Workers: 4
[4113.593s][debug][gc,phases      ] GC(142)   StringTable Weak               Min: 0.00, Avg: 0.12, Max: 0.16, Diff: 0.16, Sum: 0.47, Workers: 4
[4113.593s][debug][gc,phases      ] GC(142)     Dead                           Min: 0, Avg:  0.0, Max: 0, Diff: 0, Sum: 0, Workers: 4
[4113.593s][debug][gc,phases      ] GC(142)     Total                          Min: 0, Avg: 12743.8, Max: 20736, Diff: 20736, Sum: 50975, Workers: 4
[4113.593s][debug][gc,phases      ] GC(142)   ResolvedMethodTable Weak       Min: 0.00, Avg: 0.03, Max: 0.05, Diff: 0.05, Sum: 0.13, Workers: 4
[4113.593s][debug][gc,phases      ] GC(142)     Dead                           Min: 0, Avg:  5.0, Max: 10, Diff: 10, Sum: 20, Workers: 4
[4113.594s][debug][gc,phases      ] GC(142)     Total                          Min: 0, Avg: 4280.2, Max: 7406, Diff: 7406, Sum: 17121, Workers: 4
[4113.594s][debug][gc,phases      ] GC(142)   JNI Weak                       Min: 0.00, Avg: 0.00, Max: 0.00, Diff: 0.00, Sum: 0.00, Workers: 4
[4113.594s][debug][gc,phases      ] GC(142)     Dead                           Min: 0, Avg:  0.0, Max: 0, Diff: 0, Sum: 0, Workers: 4
[4113.594s][debug][gc,phases      ] GC(142)     Total                          Min: 0, Avg: 13.0, Max: 48, Diff: 48, Sum: 52, Workers: 4
[4113.594s][debug][gc,phases      ] GC(142)   StringDedup Table Weak         Min: 0.00, Avg: 0.00, Max: 0.00, Diff: 0.00, Sum: 0.00, Workers: 4
[4113.594s][debug][gc,phases      ] GC(142)     Dead                           Min: 0, Avg:  0.0, Max: 0, Diff: 0, Sum: 0, Workers: 4
[4113.594s][debug][gc,phases      ] GC(142)     Total                          Min: 0, Avg:  0.0, Max: 0, Diff: 0, Sum: 0, Workers: 4
[4113.594s][debug][gc,phases      ] GC(142)   StringDedup Requests0 Weak     Min: 0.00, Avg: 0.00, Max: 0.00, Diff: 0.00, Sum: 0.00, Workers: 4
[4113.594s][debug][gc,phases      ] GC(142)     Dead                           Min: 0, Avg:  0.0, Max: 0, Diff: 0, Sum: 0, Workers: 4
[4113.594s][debug][gc,phases      ] GC(142)     Total                          Min: 0, Avg:  0.0, Max: 0, Diff: 0, Sum: 0, Workers: 4
[4113.594s][debug][gc,phases      ] GC(142)   StringDedup Requests1 Weak     Min: 0.00, Avg: 0.00, Max: 0.00, Diff: 0.00, Sum: 0.00, Workers: 4
[4113.594s][debug][gc,phases      ] GC(142)     Dead                           Min: 0, Avg:  0.0, Max: 0, Diff: 0, Sum: 0, Workers: 4
[4113.594s][debug][gc,phases      ] GC(142)     Total                          Min: 0, Avg:  0.0, Max: 0, Diff: 0, Sum: 0, Workers: 4
[4113.594s][debug][gc,phases      ] GC(142)   Weak JFR Old Object Samples    Min: 0.00, Avg: 0.00, Max: 0.00, Diff: 0.00, Sum: 0.00, Workers: 4
[4113.594s][debug][gc,phases      ] GC(142)     Dead                           Min: 0, Avg:  0.0, Max: 0, Diff: 0, Sum: 0, Workers: 4
[4113.594s][debug][gc,phases      ] GC(142)     Total                          Min: 0, Avg:  0.0, Max: 0, Diff: 0, Sum: 0, Workers: 4
[4113.594s][debug][gc,phases      ] GC(142) Weak Processing 0.383ms
[4113.594s][debug][gc,age         ] GC(142) Desired survivor size 48758784 bytes, new threshold 1 (max threshold 15)
[4113.594s][info ][gc,heap        ] GC(142) PSYoungGen: 1997264K(2046464K)->4064K(2043904K) Eden: 1993216K(1993216K)->0K(1993216K) From: 4048K(53248K)->4064K(50688K)
[4113.594s][info ][gc,heap        ] GC(142) ParOldGen: 802484K(942592K)->804525K(942592K)
[4113.594s][info ][gc,metaspace   ] GC(142) Metaspace: 111842K(113152K)->111842K(113152K) NonClass: 95566K(96320K)->95566K(96320K) Class: 16276K(16832K)->16276K(16832K)
[4113.594s][info ][gc             ] GC(142) Pause Young (Allocation Failure) 2734M->789M(2916M) 4.081ms
[4113.594s][info ][gc,cpu         ] GC(142) User=0.01s Sys=0.00s Real=0.00s
[4113.594s][info ][safepoint      ] Safepoint "ParallelCollectForAllocation", Time since last: 31637316299 ns, Reaching safepoint: 82599 ns, At safepoint: 4142481 ns, Leaving safepoint: 6500 ns, Total: 4231580 ns, Threads: 1 runnable, 33 total
[4144.705s][info ][gc,start       ] GC(143) Pause Young (Allocation Failure)
[4144.709s][debug][gc,phases      ] GC(143) Scavenge 4.007ms
[4144.709s][debug][gc,ref         ] GC(143) Skipped SoftWeakFinalRefsPhase of Reference Processing: no references
[4144.709s][debug][gc,ref         ] GC(143) Skipped KeepAliveFinalRefsPhase of Reference Processing: no references
[4144.709s][debug][gc,ref         ] GC(143) Skipped PhantomRefsPhase of Reference Processing: no references
[4144.709s][debug][gc,phases      ] GC(143) Reference Processing 0.021ms
[4144.709s][debug][gc,phases      ] GC(143)   VM Weak                        Min: 0.00, Avg: 0.00, Max: 0.00, Diff: 0.00, Sum: 0.01, Workers: 4
[4144.709s][debug][gc,phases      ] GC(143)     Dead                           Min: 0, Avg:  0.0, Max: 0, Diff: 0, Sum: 0, Workers: 4
[4144.709s][debug][gc,phases      ] GC(143)     Total                          Min: 128, Avg: 235.8, Max: 303, Diff: 175, Sum: 943, Workers: 4
[4144.709s][debug][gc,phases      ] GC(143)   ObjectSynchronizer Weak        Min: 0.00, Avg: 0.00, Max: 0.00, Diff: 0.00, Sum: 0.00, Workers: 4
[4144.709s][debug][gc,phases      ] GC(143)     Dead                           Min: 0, Avg:  0.0, Max: 0, Diff: 0, Sum: 0, Workers: 4
[4144.709s][debug][gc,phases      ] GC(143)     Total                          Min: 0, Avg:  1.2, Max: 5, Diff: 5, Sum: 5, Workers: 4
[4144.709s][debug][gc,phases      ] GC(143)   JVMTI Tag Weak OopStorage      Min: 0.00, Avg: 0.00, Max: 0.00, Diff: 0.00, Sum: 0.00, Workers: 4
[4144.709s][debug][gc,phases      ] GC(143)     Dead                           Min: 0, Avg:  0.0, Max: 0, Diff: 0, Sum: 0, Workers: 4
[4144.709s][debug][gc,phases      ] GC(143)     Total                          Min: 0, Avg:  0.0, Max: 0, Diff: 0, Sum: 0, Workers: 4
[4144.709s][debug][gc,phases      ] GC(143)   StringTable Weak               Min: 0.12, Avg: 0.12, Max: 0.12, Diff: 0.00, Sum: 0.48, Workers: 4
[4144.709s][debug][gc,phases      ] GC(143)     Dead                           Min: 0, Avg:  0.0, Max: 0, Diff: 0, Sum: 0, Workers: 4
[4144.709s][debug][gc,phases      ] GC(143)     Total                          Min: 12544, Avg: 12744.0, Max: 12960, Diff: 416, Sum: 50976, Workers: 4
[4144.709s][debug][gc,phases      ] GC(143)   ResolvedMethodTable Weak       Min: 0.04, Avg: 0.04, Max: 0.04, Diff: 0.00, Sum: 0.16, Workers: 4
[4144.709s][debug][gc,phases      ] GC(143)     Dead                           Min: 0, Avg:  5.0, Max: 8, Diff: 8, Sum: 20, Workers: 4
[4144.709s][debug][gc,phases      ] GC(143)     Total                          Min: 4213, Avg: 4280.2, Max: 4409, Diff: 196, Sum: 17121, Workers: 4
[4144.709s][debug][gc,phases      ] GC(143)   JNI Weak                       Min: 0.00, Avg: 0.00, Max: 0.00, Diff: 0.00, Sum: 0.00, Workers: 4
[4144.709s][debug][gc,phases      ] GC(143)     Dead                           Min: 0, Avg:  0.0, Max: 0, Diff: 0, Sum: 0, Workers: 4
[4144.709s][debug][gc,phases      ] GC(143)     Total                          Min: 0, Avg: 13.0, Max: 48, Diff: 48, Sum: 52, Workers: 4
[4144.709s][debug][gc,phases      ] GC(143)   StringDedup Table Weak         Min: 0.00, Avg: 0.00, Max: 0.00, Diff: 0.00, Sum: 0.00, Workers: 4
[4144.709s][debug][gc,phases      ] GC(143)     Dead                           Min: 0, Avg:  0.0, Max: 0, Diff: 0, Sum: 0, Workers: 4
[4144.709s][debug][gc,phases      ] GC(143)     Total                          Min: 0, Avg:  0.0, Max: 0, Diff: 0, Sum: 0, Workers: 4
[4144.709s][debug][gc,phases      ] GC(143)   StringDedup Requests0 Weak     Min: 0.00, Avg: 0.00, Max: 0.00, Diff: 0.00, Sum: 0.00, Workers: 4
[4144.709s][debug][gc,phases      ] GC(143)     Dead                           Min: 0, Avg:  0.0, Max: 0, Diff: 0, Sum: 0, Workers: 4
[4144.709s][debug][gc,phases      ] GC(143)     Total                          Min: 0, Avg:  0.0, Max: 0, Diff: 0, Sum: 0, Workers: 4
[4144.709s][debug][gc,phases      ] GC(143)   StringDedup Requests1 Weak     Min: 0.00, Avg: 0.00, Max: 0.00, Diff: 0.00, Sum: 0.00, Workers: 4
[4144.709s][debug][gc,phases      ] GC(143)     Dead                           Min: 0, Avg:  0.0, Max: 0, Diff: 0, Sum: 0, Workers: 4
[4144.709s][debug][gc,phases      ] GC(143)     Total                          Min: 0, Avg:  0.0, Max: 0, Diff: 0, Sum: 0, Workers: 4
[4144.709s][debug][gc,phases      ] GC(143)   Weak JFR Old Object Samples    Min: 0.00, Avg: 0.00, Max: 0.00, Diff: 0.00, Sum: 0.00, Workers: 4
[4144.709s][debug][gc,phases      ] GC(143)     Dead                           Min: 0, Avg:  0.0, Max: 0, Diff: 0, Sum: 0, Workers: 4
[4144.709s][debug][gc,phases      ] GC(143)     Total                          Min: 0, Avg:  0.0, Max: 0, Diff: 0, Sum: 0, Workers: 4
[4144.709s][debug][gc,phases      ] GC(143) Weak Processing 0.356ms
[4144.709s][debug][gc,age         ] GC(143) Desired survivor size 46137344 bytes, new threshold 1 (max threshold 15)
[4144.709s][info ][gc,heap        ] GC(143) PSYoungGen: 1997280K(2043904K)->4352K(2052096K) Eden: 1993216K(1993216K)->0K(2004480K) From: 4064K(50688K)->4352K(47616K)
[4144.709s][info ][gc,heap        ] GC(143) ParOldGen: 804525K(942592K)->805745K(942592K)
[4144.709s][info ][gc,metaspace   ] GC(143) Metaspace: 111843K(113152K)->111843K(113152K) NonClass: 95567K(96320K)->95567K(96320K) Class: 16276K(16832K)->16276K(16832K)
[4144.709s][info ][gc             ] GC(143) Pause Young (Allocation Failure) 2736M->791M(2924M) 4.518ms
[4144.709s][info ][gc,cpu         ] GC(143) User=0.02s Sys=0.00s Real=0.01s
[4144.709s][info ][safepoint      ] Safepoint "ParallelCollectForAllocation", Time since last: 31111126797 ns, Reaching safepoint: 32300 ns, At safepoint: 4579078 ns, Leaving safepoint: 12400 ns, Total: 4623778 ns, Threads: 0 runnable, 35 total
[4176.611s][info ][gc,start       ] GC(144) Pause Young (Allocation Failure)
[4176.615s][debug][gc,phases      ] GC(144) Scavenge 4.067ms
[4176.615s][debug][gc,ref         ] GC(144) Skipped SoftWeakFinalRefsPhase of Reference Processing: no references
[4176.615s][debug][gc,ref         ] GC(144) Skipped KeepAliveFinalRefsPhase of Reference Processing: no references
[4176.615s][debug][gc,ref         ] GC(144) Skipped PhantomRefsPhase of Reference Processing: no references
[4176.615s][debug][gc,phases      ] GC(144) Reference Processing 0.021ms
[4176.615s][debug][gc,phases      ] GC(144)   VM Weak                        Min: 0.00, Avg: 0.00, Max: 0.01, Diff: 0.01, Sum: 0.01, Workers: 4
[4176.615s][debug][gc,phases      ] GC(144)     Dead                           Min: 0, Avg:  0.0, Max: 0, Diff: 0, Sum: 0, Workers: 4
[4176.615s][debug][gc,phases      ] GC(144)     Total                          Min: 0, Avg: 235.8, Max: 512, Diff: 512, Sum: 943, Workers: 4
[4176.615s][debug][gc,phases      ] GC(144)   ObjectSynchronizer Weak        Min: 0.00, Avg: 0.00, Max: 0.00, Diff: 0.00, Sum: 0.00, Workers: 4
[4176.615s][debug][gc,phases      ] GC(144)     Dead                           Min: 0, Avg:  0.0, Max: 0, Diff: 0, Sum: 0, Workers: 4
[4176.615s][debug][gc,phases      ] GC(144)     Total                          Min: 0, Avg:  1.5, Max: 6, Diff: 6, Sum: 6, Workers: 4
[4176.615s][debug][gc,phases      ] GC(144)   JVMTI Tag Weak OopStorage      Min: 0.00, Avg: 0.00, Max: 0.00, Diff: 0.00, Sum: 0.00, Workers: 4
[4176.615s][debug][gc,phases      ] GC(144)     Dead                           Min: 0, Avg:  0.0, Max: 0, Diff: 0, Sum: 0, Workers: 4
[4176.615s][debug][gc,phases      ] GC(144)     Total                          Min: 0, Avg:  0.0, Max: 0, Diff: 0, Sum: 0, Workers: 4
[4176.615s][debug][gc,phases      ] GC(144)   StringTable Weak               Min: 0.00, Avg: 0.10, Max: 0.14, Diff: 0.14, Sum: 0.40, Workers: 4
[4176.615s][debug][gc,phases      ] GC(144)     Dead                           Min: 0, Avg:  0.0, Max: 0, Diff: 0, Sum: 0, Workers: 4
[4176.615s][debug][gc,phases      ] GC(144)     Total                          Min: 0, Avg: 12744.0, Max: 21888, Diff: 21888, Sum: 50976, Workers: 4
[4176.615s][debug][gc,phases      ] GC(144)   ResolvedMethodTable Weak       Min: 0.00, Avg: 0.03, Max: 0.04, Diff: 0.04, Sum: 0.13, Workers: 4
[4176.615s][debug][gc,phases      ] GC(144)     Dead                           Min: 0, Avg:  5.0, Max: 11, Diff: 11, Sum: 20, Workers: 4
[4176.615s][debug][gc,phases      ] GC(144)     Total                          Min: 0, Avg: 4280.2, Max: 7087, Diff: 7087, Sum: 17121, Workers: 4
[4176.615s][debug][gc,phases      ] GC(144)   JNI Weak                       Min: 0.00, Avg: 0.00, Max: 0.00, Diff: 0.00, Sum: 0.00, Workers: 4
[4176.615s][debug][gc,phases      ] GC(144)     Dead                           Min: 0, Avg:  0.0, Max: 0, Diff: 0, Sum: 0, Workers: 4
[4176.615s][debug][gc,phases      ] GC(144)     Total                          Min: 0, Avg: 13.0, Max: 48, Diff: 48, Sum: 52, Workers: 4
[4176.615s][debug][gc,phases      ] GC(144)   StringDedup Table Weak         Min: 0.00, Avg: 0.00, Max: 0.00, Diff: 0.00, Sum: 0.00, Workers: 4
[4176.615s][debug][gc,phases      ] GC(144)     Dead                           Min: 0, Avg:  0.0, Max: 0, Diff: 0, Sum: 0, Workers: 4
[4176.615s][debug][gc,phases      ] GC(144)     Total                          Min: 0, Avg:  0.0, Max: 0, Diff: 0, Sum: 0, Workers: 4
[4176.615s][debug][gc,phases      ] GC(144)   StringDedup Requests0 Weak     Min: 0.00, Avg: 0.00, Max: 0.00, Diff: 0.00, Sum: 0.00, Workers: 4
[4176.615s][debug][gc,phases      ] GC(144)     Dead                           Min: 0, Avg:  0.0, Max: 0, Diff: 0, Sum: 0, Workers: 4
[4176.615s][debug][gc,phases      ] GC(144)     Total                          Min: 0, Avg:  0.0, Max: 0, Diff: 0, Sum: 0, Workers: 4
[4176.615s][debug][gc,phases      ] GC(144)   StringDedup Requests1 Weak     Min: 0.00, Avg: 0.00, Max: 0.00, Diff: 0.00, Sum: 0.00, Workers: 4
[4176.615s][debug][gc,phases      ] GC(144)     Dead                           Min: 0, Avg:  0.0, Max: 0, Diff: 0, Sum: 0, Workers: 4
[4176.615s][debug][gc,phases      ] GC(144)     Total                          Min: 0, Avg:  0.0, Max: 0, Diff: 0, Sum: 0, Workers: 4
[4176.615s][debug][gc,phases      ] GC(144)   Weak JFR Old Object Samples    Min: 0.00, Avg: 0.00, Max: 0.00, Diff: 0.00, Sum: 0.00, Workers: 4
[4176.615s][debug][gc,phases      ] GC(144)     Dead                           Min: 0, Avg:  0.0, Max: 0, Diff: 0, Sum: 0, Workers: 4
[4176.615s][debug][gc,phases      ] GC(144)     Total                          Min: 0, Avg:  0.0, Max: 0, Diff: 0, Sum: 0, Workers: 4
[4176.615s][debug][gc,phases      ] GC(144) Weak Processing 0.383ms
[4176.615s][debug][gc,age         ] GC(144) Desired survivor size 43515904 bytes, new threshold 1 (max threshold 15)
[4176.615s][info ][gc,heap        ] GC(144) PSYoungGen: 2008832K(2052096K)->3888K(2049536K) Eden: 2004480K(2004480K)->0K(2004480K) From: 4352K(47616K)->3888K(45056K)
[4176.615s][info ][gc,heap        ] GC(144) ParOldGen: 805745K(942592K)->807798K(942592K)
[4176.615s][info ][gc,metaspace   ] GC(144) Metaspace: 111843K(113152K)->111843K(113152K) NonClass: 95567K(96320K)->95567K(96320K) Class: 16276K(16832K)->16276K(16832K)
[4176.615s][info ][gc             ] GC(144) Pause Young (Allocation Failure) 2748M->792M(2922M) 4.582ms
[4176.615s][info ][gc,cpu         ] GC(144) User=0.02s Sys=0.00s Real=0.00s
[4176.615s][info ][safepoint      ] Safepoint "ParallelCollectForAllocation", Time since last: 31901152334 ns, Reaching safepoint: 40699 ns, At safepoint: 4653578 ns, Leaving safepoint: 6700 ns, Total: 4700977 ns, Threads: 0 runnable, 35 total
[4207.617s][info ][gc,start       ] GC(145) Pause Young (Allocation Failure)
[4207.621s][debug][gc,phases      ] GC(145) Scavenge 3.942ms
[4207.621s][debug][gc,ref         ] GC(145) Skipped SoftWeakFinalRefsPhase of Reference Processing: no references
[4207.621s][debug][gc,ref         ] GC(145) Skipped KeepAliveFinalRefsPhase of Reference Processing: no references
[4207.621s][debug][gc,ref         ] GC(145) Skipped PhantomRefsPhase of Reference Processing: no references
[4207.621s][debug][gc,phases      ] GC(145) Reference Processing 0.021ms
[4207.621s][debug][gc,phases      ] GC(145)   VM Weak                        Min: 0.00, Avg: 0.00, Max: 0.01, Diff: 0.01, Sum: 0.01, Workers: 4
[4207.621s][debug][gc,phases      ] GC(145)     Dead                           Min: 0, Avg:  0.0, Max: 0, Diff: 0, Sum: 0, Workers: 4
[4207.621s][debug][gc,phases      ] GC(145)     Total                          Min: 0, Avg: 235.8, Max: 559, Diff: 559, Sum: 943, Workers: 4
[4207.621s][debug][gc,phases      ] GC(145)   ObjectSynchronizer Weak        Min: 0.00, Avg: 0.00, Max: 0.00, Diff: 0.00, Sum: 0.00, Workers: 4
[4207.621s][debug][gc,phases      ] GC(145)     Dead                           Min: 0, Avg:  0.0, Max: 0, Diff: 0, Sum: 0, Workers: 4
[4207.621s][debug][gc,phases      ] GC(145)     Total                          Min: 0, Avg:  1.5, Max: 6, Diff: 6, Sum: 6, Workers: 4
[4207.621s][debug][gc,phases      ] GC(145)   JVMTI Tag Weak OopStorage      Min: 0.00, Avg: 0.00, Max: 0.00, Diff: 0.00, Sum: 0.00, Workers: 4
[4207.621s][debug][gc,phases      ] GC(145)     Dead                           Min: 0, Avg:  0.0, Max: 0, Diff: 0, Sum: 0, Workers: 4
[4207.621s][debug][gc,phases      ] GC(145)     Total                          Min: 0, Avg:  0.0, Max: 0, Diff: 0, Sum: 0, Workers: 4
[4207.621s][debug][gc,phases      ] GC(145)   StringTable Weak               Min: 0.12, Avg: 0.12, Max: 0.12, Diff: 0.00, Sum: 0.47, Workers: 4
[4207.621s][debug][gc,phases      ] GC(145)     Dead                           Min: 0, Avg:  0.0, Max: 0, Diff: 0, Sum: 0, Workers: 4
[4207.621s][debug][gc,phases      ] GC(145)     Total                          Min: 12448, Avg: 12744.0, Max: 12864, Diff: 416, Sum: 50976, Workers: 4
[4207.621s][debug][gc,phases      ] GC(145)   ResolvedMethodTable Weak       Min: 0.04, Avg: 0.04, Max: 0.04, Diff: 0.00, Sum: 0.15, Workers: 4
[4207.621s][debug][gc,phases      ] GC(145)     Dead                           Min: 0, Avg:  5.0, Max: 9, Diff: 9, Sum: 20, Workers: 4
[4207.621s][debug][gc,phases      ] GC(145)     Total                          Min: 4030, Avg: 4280.2, Max: 4732, Diff: 702, Sum: 17121, Workers: 4
[4207.621s][debug][gc,phases      ] GC(145)   JNI Weak                       Min: 0.00, Avg: 0.00, Max: 0.00, Diff: 0.00, Sum: 0.00, Workers: 4
[4207.621s][debug][gc,phases      ] GC(145)     Dead                           Min: 0, Avg:  0.0, Max: 0, Diff: 0, Sum: 0, Workers: 4
[4207.621s][debug][gc,phases      ] GC(145)     Total                          Min: 0, Avg: 13.0, Max: 48, Diff: 48, Sum: 52, Workers: 4
[4207.621s][debug][gc,phases      ] GC(145)   StringDedup Table Weak         Min: 0.00, Avg: 0.00, Max: 0.00, Diff: 0.00, Sum: 0.00, Workers: 4
[4207.621s][debug][gc,phases      ] GC(145)     Dead                           Min: 0, Avg:  0.0, Max: 0, Diff: 0, Sum: 0, Workers: 4
[4207.621s][debug][gc,phases      ] GC(145)     Total                          Min: 0, Avg:  0.0, Max: 0, Diff: 0, Sum: 0, Workers: 4
[4207.621s][debug][gc,phases      ] GC(145)   StringDedup Requests0 Weak     Min: 0.00, Avg: 0.00, Max: 0.00, Diff: 0.00, Sum: 0.00, Workers: 4
[4207.621s][debug][gc,phases      ] GC(145)     Dead                           Min: 0, Avg:  0.0, Max: 0, Diff: 0, Sum: 0, Workers: 4
[4207.621s][debug][gc,phases      ] GC(145)     Total                          Min: 0, Avg:  0.0, Max: 0, Diff: 0, Sum: 0, Workers: 4
[4207.621s][debug][gc,phases      ] GC(145)   StringDedup Requests1 Weak     Min: 0.00, Avg: 0.00, Max: 0.00, Diff: 0.00, Sum: 0.00, Workers: 4
[4207.621s][debug][gc,phases      ] GC(145)     Dead                           Min: 0, Avg:  0.0, Max: 0, Diff: 0, Sum: 0, Workers: 4
[4207.621s][debug][gc,phases      ] GC(145)     Total                          Min: 0, Avg:  0.0, Max: 0, Diff: 0, Sum: 0, Workers: 4
[4207.621s][debug][gc,phases      ] GC(145)   Weak JFR Old Object Samples    Min: 0.00, Avg: 0.00, Max: 0.00, Diff: 0.00, Sum: 0.00, Workers: 4
[4207.621s][debug][gc,phases      ] GC(145)     Dead                           Min: 0, Avg:  0.0, Max: 0, Diff: 0, Sum: 0, Workers: 4
[4207.621s][debug][gc,phases      ] GC(145)     Total                          Min: 0, Avg:  0.0, Max: 0, Diff: 0, Sum: 0, Workers: 4
[4207.621s][debug][gc,phases      ] GC(145) Weak Processing 0.355ms
[4207.621s][debug][gc,age         ] GC(145) Desired survivor size 40894464 bytes, new threshold 1 (max threshold 15)
[4207.621s][info ][gc,heap        ] GC(145) PSYoungGen: 2008368K(2049536K)->5120K(2057216K) Eden: 2004480K(2004480K)->0K(2014720K) From: 3888K(45056K)->5120K(42496K)
[4207.621s][info ][gc,heap        ] GC(145) ParOldGen: 807798K(942592K)->809054K(942592K)
[4207.621s][info ][gc,metaspace   ] GC(145) Metaspace: 111844K(113152K)->111844K(113152K) NonClass: 95568K(96320K)->95568K(96320K) Class: 16276K(16832K)->16276K(16832K)
[4207.621s][info ][gc             ] GC(145) Pause Young (Allocation Failure) 2750M->795M(2929M) 4.419ms
[4207.621s][info ][gc,cpu         ] GC(145) User=0.02s Sys=0.00s Real=0.01s
[4207.621s][info ][safepoint      ] Safepoint "ParallelCollectForAllocation", Time since last: 31001382905 ns, Reaching safepoint: 23800 ns, At safepoint: 4485178 ns, Leaving safepoint: 2800 ns, Total: 4511778 ns, Threads: 0 runnable, 34 total
[4235.555s][info ][gc,start       ] GC(146) Pause Young (Allocation Failure)
[4235.564s][debug][gc,phases      ] GC(146) Scavenge 9.075ms
[4235.564s][debug][gc,ref         ] GC(146) Skipped SoftWeakFinalRefsPhase of Reference Processing: no references
[4235.564s][debug][gc,ref         ] GC(146) Skipped KeepAliveFinalRefsPhase of Reference Processing: no references
[4235.564s][debug][gc,ref         ] GC(146) Skipped PhantomRefsPhase of Reference Processing: no references
[4235.564s][debug][gc,phases      ] GC(146) Reference Processing 0.018ms
[4235.564s][debug][gc,phases      ] GC(146)   VM Weak                        Min: 0.00, Avg: 0.00, Max: 0.01, Diff: 0.01, Sum: 0.01, Workers: 4
[4235.564s][debug][gc,phases      ] GC(146)     Dead                           Min: 0, Avg:  0.0, Max: 0, Diff: 0, Sum: 0, Workers: 4
[4235.564s][debug][gc,phases      ] GC(146)     Total                          Min: 0, Avg: 235.8, Max: 495, Diff: 495, Sum: 943, Workers: 4
[4235.564s][debug][gc,phases      ] GC(146)   ObjectSynchronizer Weak        Min: 0.00, Avg: 0.00, Max: 0.00, Diff: 0.00, Sum: 0.00, Workers: 4
[4235.564s][debug][gc,phases      ] GC(146)     Dead                           Min: 0, Avg:  0.0, Max: 0, Diff: 0, Sum: 0, Workers: 4
[4235.564s][debug][gc,phases      ] GC(146)     Total                          Min: 0, Avg:  1.8, Max: 7, Diff: 7, Sum: 7, Workers: 4
[4235.564s][debug][gc,phases      ] GC(146)   JVMTI Tag Weak OopStorage      Min: 0.00, Avg: 0.00, Max: 0.00, Diff: 0.00, Sum: 0.00, Workers: 4
[4235.564s][debug][gc,phases      ] GC(146)     Dead                           Min: 0, Avg:  0.0, Max: 0, Diff: 0, Sum: 0, Workers: 4
[4235.564s][debug][gc,phases      ] GC(146)     Total                          Min: 0, Avg:  0.0, Max: 0, Diff: 0, Sum: 0, Workers: 4
[4235.564s][debug][gc,phases      ] GC(146)   StringTable Weak               Min: 0.00, Avg: 0.10, Max: 0.13, Diff: 0.13, Sum: 0.39, Workers: 4
[4235.564s][debug][gc,phases      ] GC(146)     Dead                           Min: 0, Avg:  0.0, Max: 0, Diff: 0, Sum: 0, Workers: 4
[4235.564s][debug][gc,phases      ] GC(146)     Total                          Min: 0, Avg: 12744.0, Max: 21440, Diff: 21440, Sum: 50976, Workers: 4
[4235.564s][debug][gc,phases      ] GC(146)   ResolvedMethodTable Weak       Min: 0.00, Avg: 0.03, Max: 0.04, Diff: 0.04, Sum: 0.13, Workers: 4
[4235.564s][debug][gc,phases      ] GC(146)     Dead                           Min: 0, Avg:  5.0, Max: 10, Diff: 10, Sum: 20, Workers: 4
[4235.564s][debug][gc,phases      ] GC(146)     Total                          Min: 0, Avg: 4280.2, Max: 7278, Diff: 7278, Sum: 17121, Workers: 4
[4235.564s][debug][gc,phases      ] GC(146)   JNI Weak                       Min: 0.00, Avg: 0.00, Max: 0.00, Diff: 0.00, Sum: 0.00, Workers: 4
[4235.564s][debug][gc,phases      ] GC(146)     Dead                           Min: 0, Avg:  0.0, Max: 0, Diff: 0, Sum: 0, Workers: 4
[4235.564s][debug][gc,phases      ] GC(146)     Total                          Min: 0, Avg: 13.0, Max: 48, Diff: 48, Sum: 52, Workers: 4
[4235.564s][debug][gc,phases      ] GC(146)   StringDedup Table Weak         Min: 0.00, Avg: 0.00, Max: 0.00, Diff: 0.00, Sum: 0.00, Workers: 4
[4235.564s][debug][gc,phases      ] GC(146)     Dead                           Min: 0, Avg:  0.0, Max: 0, Diff: 0, Sum: 0, Workers: 4
[4235.564s][debug][gc,phases      ] GC(146)     Total                          Min: 0, Avg:  0.0, Max: 0, Diff: 0, Sum: 0, Workers: 4
[4235.564s][debug][gc,phases      ] GC(146)   StringDedup Requests0 Weak     Min: 0.00, Avg: 0.00, Max: 0.00, Diff: 0.00, Sum: 0.00, Workers: 4
[4235.564s][debug][gc,phases      ] GC(146)     Dead                           Min: 0, Avg:  0.0, Max: 0, Diff: 0, Sum: 0, Workers: 4
[4235.564s][debug][gc,phases      ] GC(146)     Total                          Min: 0, Avg:  0.0, Max: 0, Diff: 0, Sum: 0, Workers: 4
[4235.564s][debug][gc,phases      ] GC(146)   StringDedup Requests1 Weak     Min: 0.00, Avg: 0.00, Max: 0.00, Diff: 0.00, Sum: 0.00, Workers: 4
[4235.564s][debug][gc,phases      ] GC(146)     Dead                           Min: 0, Avg:  0.0, Max: 0, Diff: 0, Sum: 0, Workers: 4
[4235.564s][debug][gc,phases      ] GC(146)     Total                          Min: 0, Avg:  0.0, Max: 0, Diff: 0, Sum: 0, Workers: 4
[4235.564s][debug][gc,phases      ] GC(146)   Weak JFR Old Object Samples    Min: 0.00, Avg: 0.00, Max: 0.00, Diff: 0.00, Sum: 0.00, Workers: 4
[4235.564s][debug][gc,phases      ] GC(146)     Dead                           Min: 0, Avg:  0.0, Max: 0, Diff: 0, Sum: 0, Workers: 4
[4235.564s][debug][gc,phases      ] GC(146)     Total                          Min: 0, Avg:  0.0, Max: 0, Diff: 0, Sum: 0, Workers: 4
[4235.564s][debug][gc,phases      ] GC(146) Weak Processing 0.370ms
[4235.564s][debug][gc,age         ] GC(146) Desired survivor size 38797312 bytes, new threshold 1 (max threshold 15)
[4235.564s][info ][gc,heap        ] GC(146) PSYoungGen: 2019840K(2057216K)->11216K(2054656K) Eden: 2014720K(2014720K)->0K(2014720K) From: 5120K(42496K)->11216K(39936K)
[4235.564s][info ][gc,heap        ] GC(146) ParOldGen: 809054K(942592K)->810063K(942592K)
[4235.564s][info ][gc,metaspace   ] GC(146) Metaspace: 111856K(113152K)->111856K(113152K) NonClass: 95580K(96320K)->95580K(96320K) Class: 16276K(16832K)->16276K(16832K)
[4235.564s][info ][gc             ] GC(146) Pause Young (Allocation Failure) 2762M->802M(2927M) 9.583ms
[4235.564s][info ][gc,cpu         ] GC(146) User=0.03s Sys=0.00s Real=0.01s
[4235.564s][info ][safepoint      ] Safepoint "ParallelCollectForAllocation", Time since last: 27933572592 ns, Reaching safepoint: 8200 ns, At safepoint: 9661053 ns, Leaving safepoint: 5700 ns, Total: 9674953 ns, Threads: 0 runnable, 37 total
[4245.624s][info ][gc,start       ] GC(147) Pause Young (Allocation Failure)
[4245.640s][debug][gc,phases      ] GC(147) Scavenge 16.254ms
[4245.640s][debug][gc,ref         ] GC(147) ReferenceProcessor::execute queues: 1, RefProcThreadModel::Single, marks_oops_alive: false
[4245.640s][debug][gc,ref         ] GC(147) Skipped KeepAliveFinalRefsPhase of Reference Processing: no references
[4245.640s][debug][gc,ref         ] GC(147) Skipped PhantomRefsPhase of Reference Processing: no references
[4245.640s][debug][gc,phases      ] GC(147) Reference Processing 0.103ms
[4245.641s][debug][gc,phases      ] GC(147)   VM Weak                        Min: 0.00, Avg: 0.00, Max: 0.01, Diff: 0.01, Sum: 0.01, Workers: 4
[4245.641s][debug][gc,phases      ] GC(147)     Dead                           Min: 0, Avg:  0.0, Max: 0, Diff: 0, Sum: 0, Workers: 4
[4245.641s][debug][gc,phases      ] GC(147)     Total                          Min: 0, Avg: 235.8, Max: 559, Diff: 559, Sum: 943, Workers: 4
[4245.641s][debug][gc,phases      ] GC(147)   ObjectSynchronizer Weak        Min: 0.00, Avg: 0.00, Max: 0.00, Diff: 0.00, Sum: 0.00, Workers: 4
[4245.641s][debug][gc,phases      ] GC(147)     Dead                           Min: 0, Avg:  0.0, Max: 0, Diff: 0, Sum: 0, Workers: 4
[4245.641s][debug][gc,phases      ] GC(147)     Total                          Min: 0, Avg:  1.8, Max: 7, Diff: 7, Sum: 7, Workers: 4
[4245.641s][debug][gc,phases      ] GC(147)   JVMTI Tag Weak OopStorage      Min: 0.00, Avg: 0.00, Max: 0.00, Diff: 0.00, Sum: 0.00, Workers: 4
[4245.641s][debug][gc,phases      ] GC(147)     Dead                           Min: 0, Avg:  0.0, Max: 0, Diff: 0, Sum: 0, Workers: 4
[4245.641s][debug][gc,phases      ] GC(147)     Total                          Min: 0, Avg:  0.0, Max: 0, Diff: 0, Sum: 0, Workers: 4
[4245.641s][debug][gc,phases      ] GC(147)   StringTable Weak               Min: 0.00, Avg: 0.10, Max: 0.14, Diff: 0.14, Sum: 0.41, Workers: 4
[4245.641s][debug][gc,phases      ] GC(147)     Dead                           Min: 0, Avg:  0.0, Max: 0, Diff: 0, Sum: 0, Workers: 4
[4245.641s][debug][gc,phases      ] GC(147)     Total                          Min: 0, Avg: 12744.0, Max: 21504, Diff: 21504, Sum: 50976, Workers: 4
[4245.641s][debug][gc,phases      ] GC(147)   ResolvedMethodTable Weak       Min: 0.00, Avg: 0.03, Max: 0.04, Diff: 0.04, Sum: 0.13, Workers: 4
[4245.641s][debug][gc,phases      ] GC(147)     Dead                           Min: 0, Avg:  5.0, Max: 15, Diff: 15, Sum: 20, Workers: 4
[4245.641s][debug][gc,phases      ] GC(147)     Total                          Min: 0, Avg: 4280.2, Max: 7097, Diff: 7097, Sum: 17121, Workers: 4
[4245.641s][debug][gc,phases      ] GC(147)   JNI Weak                       Min: 0.00, Avg: 0.00, Max: 0.00, Diff: 0.00, Sum: 0.00, Workers: 4
[4245.641s][debug][gc,phases      ] GC(147)     Dead                           Min: 0, Avg:  0.0, Max: 0, Diff: 0, Sum: 0, Workers: 4
[4245.641s][debug][gc,phases      ] GC(147)     Total                          Min: 0, Avg: 13.0, Max: 48, Diff: 48, Sum: 52, Workers: 4
[4245.641s][debug][gc,phases      ] GC(147)   StringDedup Table Weak         Min: 0.00, Avg: 0.00, Max: 0.00, Diff: 0.00, Sum: 0.00, Workers: 4
[4245.641s][debug][gc,phases      ] GC(147)     Dead                           Min: 0, Avg:  0.0, Max: 0, Diff: 0, Sum: 0, Workers: 4
[4245.641s][debug][gc,phases      ] GC(147)     Total                          Min: 0, Avg:  0.0, Max: 0, Diff: 0, Sum: 0, Workers: 4
[4245.641s][debug][gc,phases      ] GC(147)   StringDedup Requests0 Weak     Min: 0.00, Avg: 0.00, Max: 0.00, Diff: 0.00, Sum: 0.00, Workers: 4
[4245.641s][debug][gc,phases      ] GC(147)     Dead                           Min: 0, Avg:  0.0, Max: 0, Diff: 0, Sum: 0, Workers: 4
[4245.641s][debug][gc,phases      ] GC(147)     Total                          Min: 0, Avg:  0.0, Max: 0, Diff: 0, Sum: 0, Workers: 4
[4245.641s][debug][gc,phases      ] GC(147)   StringDedup Requests1 Weak     Min: 0.00, Avg: 0.00, Max: 0.00, Diff: 0.00, Sum: 0.00, Workers: 4
[4245.641s][debug][gc,phases      ] GC(147)     Dead                           Min: 0, Avg:  0.0, Max: 0, Diff: 0, Sum: 0, Workers: 4
[4245.641s][debug][gc,phases      ] GC(147)     Total                          Min: 0, Avg:  0.0, Max: 0, Diff: 0, Sum: 0, Workers: 4
[4245.641s][debug][gc,phases      ] GC(147)   Weak JFR Old Object Samples    Min: 0.00, Avg: 0.00, Max: 0.00, Diff: 0.00, Sum: 0.00, Workers: 4
[4245.641s][debug][gc,phases      ] GC(147)     Dead                           Min: 0, Avg:  0.0, Max: 0, Diff: 0, Sum: 0, Workers: 4
[4245.641s][debug][gc,phases      ] GC(147)     Total                          Min: 0, Avg:  0.0, Max: 0, Diff: 0, Sum: 0, Workers: 4
[4245.641s][debug][gc,phases      ] GC(147) Weak Processing 0.378ms
[4245.641s][debug][gc,age         ] GC(147) Desired survivor size 46661632 bytes, new threshold 1 (max threshold 15)
[4245.641s][info ][gc,heap        ] GC(147) PSYoungGen: 2025936K(2054656K)->37568K(2043904K) Eden: 2014720K(2014720K)->0K(2006016K) From: 11216K(39936K)->37568K(37888K)
[4245.641s][info ][gc,heap        ] GC(147) ParOldGen: 810063K(942592K)->817676K(942592K)
[4245.641s][info ][gc,metaspace   ] GC(147) Metaspace: 111866K(113152K)->111866K(113152K) NonClass: 95590K(96320K)->95590K(96320K) Class: 16276K(16832K)->16276K(16832K)
[4245.641s][info ][gc             ] GC(147) Pause Young (Allocation Failure) 2769M->835M(2916M) 16.866ms
[4245.641s][info ][gc,cpu         ] GC(147) User=0.06s Sys=0.00s Real=0.02s
[4245.641s][info ][safepoint      ] Safepoint "ParallelCollectForAllocation", Time since last: 10059612522 ns, Reaching safepoint: 24000 ns, At safepoint: 16934118 ns, Leaving safepoint: 8600 ns, Total: 16966718 ns, Threads: 0 runnable, 37 total
[4259.627s][info ][gc,start       ] GC(148) Pause Young (Allocation Failure)
[4259.647s][debug][gc,phases      ] GC(148) Scavenge 20.481ms
[4259.648s][debug][gc,ref         ] GC(148) ReferenceProcessor::execute queues: 1, RefProcThreadModel::Single, marks_oops_alive: false
[4259.648s][debug][gc,ref         ] GC(148) Skipped KeepAliveFinalRefsPhase of Reference Processing: no references
[4259.648s][debug][gc,ref         ] GC(148) Skipped PhantomRefsPhase of Reference Processing: no references
[4259.648s][debug][gc,phases      ] GC(148) Reference Processing 0.100ms
[4259.648s][debug][gc,phases      ] GC(148)   VM Weak                        Min: 0.00, Avg: 0.00, Max: 0.01, Diff: 0.00, Sum: 0.01, Workers: 4
[4259.648s][debug][gc,phases      ] GC(148)     Dead                           Min: 0, Avg:  0.0, Max: 0, Diff: 0, Sum: 0, Workers: 4
[4259.648s][debug][gc,phases      ] GC(148)     Total                          Min: 0, Avg: 235.8, Max: 448, Diff: 448, Sum: 943, Workers: 4
[4259.648s][debug][gc,phases      ] GC(148)   ObjectSynchronizer Weak        Min: 0.00, Avg: 0.00, Max: 0.00, Diff: 0.00, Sum: 0.00, Workers: 4
[4259.648s][debug][gc,phases      ] GC(148)     Dead                           Min: 0, Avg:  0.0, Max: 0, Diff: 0, Sum: 0, Workers: 4
[4259.648s][debug][gc,phases      ] GC(148)     Total                          Min: 0, Avg:  2.2, Max: 9, Diff: 9, Sum: 9, Workers: 4
[4259.648s][debug][gc,phases      ] GC(148)   JVMTI Tag Weak OopStorage      Min: 0.00, Avg: 0.00, Max: 0.00, Diff: 0.00, Sum: 0.00, Workers: 4
[4259.648s][debug][gc,phases      ] GC(148)     Dead                           Min: 0, Avg:  0.0, Max: 0, Diff: 0, Sum: 0, Workers: 4
[4259.648s][debug][gc,phases      ] GC(148)     Total                          Min: 0, Avg:  0.0, Max: 0, Diff: 0, Sum: 0, Workers: 4
[4259.648s][debug][gc,phases      ] GC(148)   StringTable Weak               Min: 0.00, Avg: 0.12, Max: 0.16, Diff: 0.16, Sum: 0.49, Workers: 4
[4259.648s][debug][gc,phases      ] GC(148)     Dead                           Min: 0, Avg:  0.0, Max: 0, Diff: 0, Sum: 0, Workers: 4
[4259.648s][debug][gc,phases      ] GC(148)     Total                          Min: 0, Avg: 12744.0, Max: 17152, Diff: 17152, Sum: 50976, Workers: 4
[4259.648s][debug][gc,phases      ] GC(148)   ResolvedMethodTable Weak       Min: 0.00, Avg: 0.05, Max: 0.06, Diff: 0.06, Sum: 0.19, Workers: 4
[4259.648s][debug][gc,phases      ] GC(148)     Dead                           Min: 0, Avg:  0.0, Max: 0, Diff: 0, Sum: 0, Workers: 4
[4259.648s][debug][gc,phases      ] GC(148)     Total                          Min: 0, Avg: 4280.2, Max: 5819, Diff: 5819, Sum: 17121, Workers: 4
[4259.648s][debug][gc,phases      ] GC(148)   JNI Weak                       Min: 0.00, Avg: 0.00, Max: 0.00, Diff: 0.00, Sum: 0.00, Workers: 4
[4259.648s][debug][gc,phases      ] GC(148)     Dead                           Min: 0, Avg:  0.0, Max: 0, Diff: 0, Sum: 0, Workers: 4
[4259.648s][debug][gc,phases      ] GC(148)     Total                          Min: 0, Avg: 13.0, Max: 48, Diff: 48, Sum: 52, Workers: 4
[4259.648s][debug][gc,phases      ] GC(148)   StringDedup Table Weak         Min: 0.00, Avg: 0.00, Max: 0.00, Diff: 0.00, Sum: 0.00, Workers: 4
[4259.648s][debug][gc,phases      ] GC(148)     Dead                           Min: 0, Avg:  0.0, Max: 0, Diff: 0, Sum: 0, Workers: 4
[4259.648s][debug][gc,phases      ] GC(148)     Total                          Min: 0, Avg:  0.0, Max: 0, Diff: 0, Sum: 0, Workers: 4
[4259.648s][debug][gc,phases      ] GC(148)   StringDedup Requests0 Weak     Min: 0.00, Avg: 0.00, Max: 0.00, Diff: 0.00, Sum: 0.00, Workers: 4
[4259.648s][debug][gc,phases      ] GC(148)     Dead                           Min: 0, Avg:  0.0, Max: 0, Diff: 0, Sum: 0, Workers: 4
[4259.648s][debug][gc,phases      ] GC(148)     Total                          Min: 0, Avg:  0.0, Max: 0, Diff: 0, Sum: 0, Workers: 4
[4259.648s][debug][gc,phases      ] GC(148)   StringDedup Requests1 Weak     Min: 0.00, Avg: 0.00, Max: 0.00, Diff: 0.00, Sum: 0.00, Workers: 4
[4259.648s][debug][gc,phases      ] GC(148)     Dead                           Min: 0, Avg:  0.0, Max: 0, Diff: 0, Sum: 0, Workers: 4
[4259.648s][debug][gc,phases      ] GC(148)     Total                          Min: 0, Avg:  0.0, Max: 0, Diff: 0, Sum: 0, Workers: 4
[4259.648s][debug][gc,phases      ] GC(148)   Weak JFR Old Object Samples    Min: 0.00, Avg: 0.00, Max: 0.00, Diff: 0.00, Sum: 0.00, Workers: 4
[4259.648s][debug][gc,phases      ] GC(148)     Dead                           Min: 0, Avg:  0.0, Max: 0, Diff: 0, Sum: 0, Workers: 4
[4259.648s][debug][gc,phases      ] GC(148)     Total                          Min: 0, Avg:  0.0, Max: 0, Diff: 0, Sum: 0, Workers: 4
[4259.648s][debug][gc,phases      ] GC(148) Weak Processing 0.401ms
[4259.648s][debug][gc,age         ] GC(148) Desired survivor size 52953088 bytes, new threshold 1 (max threshold 15)
[4259.648s][info ][gc,heap        ] GC(148) PSYoungGen: 2043584K(2043904K)->37201K(2043392K) Eden: 2006016K(2006016K)->0K(2006016K) From: 37568K(37888K)->37201K(37376K)
[4259.648s][info ][gc,heap        ] GC(148) ParOldGen: 817676K(942592K)->844617K(942592K)
[4259.648s][info ][gc,metaspace   ] GC(148) Metaspace: 111868K(113152K)->111868K(113152K) NonClass: 95592K(96320K)->95592K(96320K) Class: 16276K(16832K)->16276K(16832K)
[4259.648s][info ][gc             ] GC(148) Pause Young (Allocation Failure) 2794M->861M(2916M) 21.104ms
[4259.648s][info ][gc,cpu         ] GC(148) User=0.08s Sys=0.00s Real=0.02s
[4259.648s][info ][safepoint      ] Safepoint "ParallelCollectForAllocation", Time since last: 13985904957 ns, Reaching safepoint: 6700 ns, At safepoint: 21169298 ns, Leaving safepoint: 15200 ns, Total: 21191198 ns, Threads: 0 runnable, 40 total
[4296.192s][info ][gc,start       ] GC(149) Pause Young (Allocation Failure)
[4296.204s][debug][gc,phases      ] GC(149) Scavenge 11.593ms
[4296.204s][debug][gc,ref         ] GC(149) Skipped SoftWeakFinalRefsPhase of Reference Processing: no references
[4296.204s][debug][gc,ref         ] GC(149) Skipped KeepAliveFinalRefsPhase of Reference Processing: no references
[4296.204s][debug][gc,ref         ] GC(149) Skipped PhantomRefsPhase of Reference Processing: no references
[4296.204s][debug][gc,phases      ] GC(149) Reference Processing 0.022ms
[4296.204s][debug][gc,phases      ] GC(149)   VM Weak                        Min: 0.00, Avg: 0.00, Max: 0.01, Diff: 0.01, Sum: 0.01, Workers: 4
[4296.204s][debug][gc,phases      ] GC(149)     Dead                           Min: 0, Avg:  0.0, Max: 0, Diff: 0, Sum: 0, Workers: 4
[4296.204s][debug][gc,phases      ] GC(149)     Total                          Min: 0, Avg: 235.8, Max: 431, Diff: 431, Sum: 943, Workers: 4
[4296.204s][debug][gc,phases      ] GC(149)   ObjectSynchronizer Weak        Min: 0.00, Avg: 0.00, Max: 0.00, Diff: 0.00, Sum: 0.00, Workers: 4
[4296.204s][debug][gc,phases      ] GC(149)     Dead                           Min: 0, Avg:  0.0, Max: 0, Diff: 0, Sum: 0, Workers: 4
[4296.204s][debug][gc,phases      ] GC(149)     Total                          Min: 0, Avg:  1.5, Max: 6, Diff: 6, Sum: 6, Workers: 4
[4296.204s][debug][gc,phases      ] GC(149)   JVMTI Tag Weak OopStorage      Min: 0.00, Avg: 0.00, Max: 0.00, Diff: 0.00, Sum: 0.00, Workers: 4
[4296.204s][debug][gc,phases      ] GC(149)     Dead                           Min: 0, Avg:  0.0, Max: 0, Diff: 0, Sum: 0, Workers: 4
[4296.204s][debug][gc,phases      ] GC(149)     Total                          Min: 0, Avg:  0.0, Max: 0, Diff: 0, Sum: 0, Workers: 4
[4296.204s][debug][gc,phases      ] GC(149)   StringTable Weak               Min: 0.00, Avg: 0.12, Max: 0.15, Diff: 0.15, Sum: 0.46, Workers: 4
[4296.204s][debug][gc,phases      ] GC(149)     Dead                           Min: 0, Avg:  0.0, Max: 0, Diff: 0, Sum: 0, Workers: 4
[4296.204s][debug][gc,phases      ] GC(149)     Total                          Min: 0, Avg: 12745.0, Max: 17216, Diff: 17216, Sum: 50980, Workers: 4
[4296.204s][debug][gc,phases      ] GC(149)   ResolvedMethodTable Weak       Min: 0.00, Avg: 0.04, Max: 0.05, Diff: 0.05, Sum: 0.16, Workers: 4
[4296.204s][debug][gc,phases      ] GC(149)     Dead                           Min: 0, Avg:  5.0, Max: 13, Diff: 13, Sum: 20, Workers: 4
[4296.204s][debug][gc,phases      ] GC(149)     Total                          Min: 0, Avg: 4280.2, Max: 5755, Diff: 5755, Sum: 17121, Workers: 4
[4296.204s][debug][gc,phases      ] GC(149)   JNI Weak                       Min: 0.00, Avg: 0.00, Max: 0.00, Diff: 0.00, Sum: 0.00, Workers: 4
[4296.204s][debug][gc,phases      ] GC(149)     Dead                           Min: 0, Avg:  0.0, Max: 0, Diff: 0, Sum: 0, Workers: 4
[4296.204s][debug][gc,phases      ] GC(149)     Total                          Min: 0, Avg: 13.0, Max: 48, Diff: 48, Sum: 52, Workers: 4
[4296.204s][debug][gc,phases      ] GC(149)   StringDedup Table Weak         Min: 0.00, Avg: 0.00, Max: 0.00, Diff: 0.00, Sum: 0.00, Workers: 4
[4296.204s][debug][gc,phases      ] GC(149)     Dead                           Min: 0, Avg:  0.0, Max: 0, Diff: 0, Sum: 0, Workers: 4
[4296.204s][debug][gc,phases      ] GC(149)     Total                          Min: 0, Avg:  0.0, Max: 0, Diff: 0, Sum: 0, Workers: 4
[4296.204s][debug][gc,phases      ] GC(149)   StringDedup Requests0 Weak     Min: 0.00, Avg: 0.00, Max: 0.00, Diff: 0.00, Sum: 0.00, Workers: 4
[4296.204s][debug][gc,phases      ] GC(149)     Dead                           Min: 0, Avg:  0.0, Max: 0, Diff: 0, Sum: 0, Workers: 4
[4296.204s][debug][gc,phases      ] GC(149)     Total                          Min: 0, Avg:  0.0, Max: 0, Diff: 0, Sum: 0, Workers: 4
[4296.204s][debug][gc,phases      ] GC(149)   StringDedup Requests1 Weak     Min: 0.00, Avg: 0.00, Max: 0.00, Diff: 0.00, Sum: 0.00, Workers: 4
[4296.204s][debug][gc,phases      ] GC(149)     Dead                           Min: 0, Avg:  0.0, Max: 0, Diff: 0, Sum: 0, Workers: 4
[4296.204s][debug][gc,phases      ] GC(149)     Total                          Min: 0, Avg:  0.0, Max: 0, Diff: 0, Sum: 0, Workers: 4
[4296.204s][debug][gc,phases      ] GC(149)   Weak JFR Old Object Samples    Min: 0.00, Avg: 0.00, Max: 0.00, Diff: 0.00, Sum: 0.00, Workers: 4
[4296.204s][debug][gc,phases      ] GC(149)     Dead                           Min: 0, Avg:  0.0, Max: 0, Diff: 0, Sum: 0, Workers: 4
[4296.204s][debug][gc,phases      ] GC(149)     Total                          Min: 0, Avg:  0.0, Max: 0, Diff: 0, Sum: 0, Workers: 4
[4296.204s][debug][gc,phases      ] GC(149) Weak Processing 0.434ms
[4296.204s][debug][gc,age         ] GC(149) Desired survivor size 50331648 bytes, new threshold 1 (max threshold 15)
[4296.204s][info ][gc,heap        ] GC(149) PSYoungGen: 2043217K(2043392K)->5568K(2048000K) Eden: 2006016K(2006016K)->0K(1996288K) From: 37201K(37376K)->5568K(51712K)
[4296.204s][info ][gc,heap        ] GC(149) ParOldGen: 844617K(942592K)->863704K(942592K)
[4296.204s][info ][gc,metaspace   ] GC(149) Metaspace: 111894K(113216K)->111894K(113216K) NonClass: 95617K(96384K)->95617K(96384K) Class: 16276K(16832K)->16276K(16832K)
[4296.204s][info ][gc             ] GC(149) Pause Young (Allocation Failure) 2820M->848M(2920M) 12.180ms
[4296.204s][info ][gc,cpu         ] GC(149) User=0.04s Sys=0.00s Real=0.01s
[4296.204s][info ][safepoint      ] Safepoint "ParallelCollectForAllocation", Time since last: 36544031764 ns, Reaching safepoint: 104900 ns, At safepoint: 12249241 ns, Leaving safepoint: 14300 ns, Total: 12368441 ns, Threads: 2 runnable, 40 total
[4338.399s][info ][gc,start       ] GC(150) Pause Young (Allocation Failure)
[4338.403s][debug][gc,phases      ] GC(150) Scavenge 3.894ms
[4338.403s][debug][gc,ref         ] GC(150) Skipped SoftWeakFinalRefsPhase of Reference Processing: no references
[4338.403s][debug][gc,ref         ] GC(150) Skipped KeepAliveFinalRefsPhase of Reference Processing: no references
[4338.403s][debug][gc,ref         ] GC(150) Skipped PhantomRefsPhase of Reference Processing: no references
[4338.403s][debug][gc,phases      ] GC(150) Reference Processing 0.022ms
[4338.404s][debug][gc,phases      ] GC(150)   VM Weak                        Min: 0.00, Avg: 0.00, Max: 0.01, Diff: 0.01, Sum: 0.01, Workers: 4
[4338.404s][debug][gc,phases      ] GC(150)     Dead                           Min: 0, Avg:  0.0, Max: 0, Diff: 0, Sum: 0, Workers: 4
[4338.404s][debug][gc,phases      ] GC(150)     Total                          Min: 0, Avg: 235.8, Max: 704, Diff: 704, Sum: 943, Workers: 4
[4338.404s][debug][gc,phases      ] GC(150)   ObjectSynchronizer Weak        Min: 0.00, Avg: 0.00, Max: 0.00, Diff: 0.00, Sum: 0.00, Workers: 4
[4338.404s][debug][gc,phases      ] GC(150)     Dead                           Min: 0, Avg:  0.0, Max: 0, Diff: 0, Sum: 0, Workers: 4
[4338.404s][debug][gc,phases      ] GC(150)     Total                          Min: 0, Avg:  1.5, Max: 6, Diff: 6, Sum: 6, Workers: 4
[4338.404s][debug][gc,phases      ] GC(150)   JVMTI Tag Weak OopStorage      Min: 0.00, Avg: 0.00, Max: 0.00, Diff: 0.00, Sum: 0.00, Workers: 4
[4338.404s][debug][gc,phases      ] GC(150)     Dead                           Min: 0, Avg:  0.0, Max: 0, Diff: 0, Sum: 0, Workers: 4
[4338.404s][debug][gc,phases      ] GC(150)     Total                          Min: 0, Avg:  0.0, Max: 0, Diff: 0, Sum: 0, Workers: 4
[4338.404s][debug][gc,phases      ] GC(150)   StringTable Weak               Min: 0.00, Avg: 0.10, Max: 0.13, Diff: 0.13, Sum: 0.39, Workers: 4
[4338.404s][debug][gc,phases      ] GC(150)     Dead                           Min: 0, Avg:  0.0, Max: 0, Diff: 0, Sum: 0, Workers: 4
[4338.404s][debug][gc,phases      ] GC(150)     Total                          Min: 0, Avg: 12745.2, Max: 21696, Diff: 21696, Sum: 50981, Workers: 4
[4338.404s][debug][gc,phases      ] GC(150)   ResolvedMethodTable Weak       Min: 0.00, Avg: 0.03, Max: 0.04, Diff: 0.04, Sum: 0.13, Workers: 4
[4338.404s][debug][gc,phases      ] GC(150)     Dead                           Min: 0, Avg:  5.0, Max: 9, Diff: 9, Sum: 20, Workers: 4
[4338.404s][debug][gc,phases      ] GC(150)     Total                          Min: 0, Avg: 4280.2, Max: 7340, Diff: 7340, Sum: 17121, Workers: 4
[4338.404s][debug][gc,phases      ] GC(150)   JNI Weak                       Min: 0.00, Avg: 0.00, Max: 0.00, Diff: 0.00, Sum: 0.00, Workers: 4
[4338.404s][debug][gc,phases      ] GC(150)     Dead                           Min: 0, Avg:  0.0, Max: 0, Diff: 0, Sum: 0, Workers: 4
[4338.404s][debug][gc,phases      ] GC(150)     Total                          Min: 0, Avg: 13.0, Max: 48, Diff: 48, Sum: 52, Workers: 4
[4338.404s][debug][gc,phases      ] GC(150)   StringDedup Table Weak         Min: 0.00, Avg: 0.00, Max: 0.00, Diff: 0.00, Sum: 0.00, Workers: 4
[4338.404s][debug][gc,phases      ] GC(150)     Dead                           Min: 0, Avg:  0.0, Max: 0, Diff: 0, Sum: 0, Workers: 4
[4338.404s][debug][gc,phases      ] GC(150)     Total                          Min: 0, Avg:  0.0, Max: 0, Diff: 0, Sum: 0, Workers: 4
[4338.404s][debug][gc,phases      ] GC(150)   StringDedup Requests0 Weak     Min: 0.00, Avg: 0.00, Max: 0.00, Diff: 0.00, Sum: 0.00, Workers: 4
[4338.404s][debug][gc,phases      ] GC(150)     Dead                           Min: 0, Avg:  0.0, Max: 0, Diff: 0, Sum: 0, Workers: 4
[4338.404s][debug][gc,phases      ] GC(150)     Total                          Min: 0, Avg:  0.0, Max: 0, Diff: 0, Sum: 0, Workers: 4
[4338.404s][debug][gc,phases      ] GC(150)   StringDedup Requests1 Weak     Min: 0.00, Avg: 0.00, Max: 0.00, Diff: 0.00, Sum: 0.00, Workers: 4
[4338.404s][debug][gc,phases      ] GC(150)     Dead                           Min: 0, Avg:  0.0, Max: 0, Diff: 0, Sum: 0, Workers: 4
[4338.404s][debug][gc,phases      ] GC(150)     Total                          Min: 0, Avg:  0.0, Max: 0, Diff: 0, Sum: 0, Workers: 4
[4338.404s][debug][gc,phases      ] GC(150)   Weak JFR Old Object Samples    Min: 0.00, Avg: 0.00, Max: 0.00, Diff: 0.00, Sum: 0.00, Workers: 4
[4338.404s][debug][gc,phases      ] GC(150)     Dead                           Min: 0, Avg:  0.0, Max: 0, Diff: 0, Sum: 0, Workers: 4
[4338.404s][debug][gc,phases      ] GC(150)     Total                          Min: 0, Avg:  0.0, Max: 0, Diff: 0, Sum: 0, Workers: 4
[4338.404s][debug][gc,phases      ] GC(150) Weak Processing 0.373ms
[4338.404s][debug][gc,age         ] GC(150) Desired survivor size 48758784 bytes, new threshold 1 (max threshold 15)
[4338.404s][info ][gc,heap        ] GC(150) PSYoungGen: 2001856K(2048000K)->3995K(2045440K) Eden: 1996288K(1996288K)->0K(1996288K) From: 5568K(51712K)->3995K(49152K)
[4338.404s][info ][gc,heap        ] GC(150) ParOldGen: 863704K(942592K)->867442K(942592K)
[4338.404s][info ][gc,metaspace   ] GC(150) Metaspace: 111896K(113216K)->111896K(113216K) NonClass: 95619K(96384K)->95619K(96384K) Class: 16276K(16832K)->16276K(16832K)
[4338.404s][info ][gc             ] GC(150) Pause Young (Allocation Failure) 2798M->851M(2918M) 4.395ms
[4338.404s][info ][gc,cpu         ] GC(150) User=0.01s Sys=0.00s Real=0.00s
[4338.404s][info ][safepoint      ] Safepoint "ParallelCollectForAllocation", Time since last: 42194875487 ns, Reaching safepoint: 102799 ns, At safepoint: 4484979 ns, Leaving safepoint: 9500 ns, Total: 4597278 ns, Threads: 1 runnable, 35 total
[4377.245s][info ][gc,start       ] GC(151) Pause Young (Allocation Failure)
[4377.251s][debug][gc,phases      ] GC(151) Scavenge 5.962ms
[4377.251s][debug][gc,ref         ] GC(151) Skipped SoftWeakFinalRefsPhase of Reference Processing: no references
[4377.251s][debug][gc,ref         ] GC(151) Skipped KeepAliveFinalRefsPhase of Reference Processing: no references
[4377.251s][debug][gc,ref         ] GC(151) Skipped PhantomRefsPhase of Reference Processing: no references
[4377.251s][debug][gc,phases      ] GC(151) Reference Processing 0.022ms
[4377.251s][debug][gc,phases      ] GC(151)   VM Weak                        Min: 0.00, Avg: 0.00, Max: 0.00, Diff: 0.00, Sum: 0.01, Workers: 4
[4377.251s][debug][gc,phases      ] GC(151)     Dead                           Min: 0, Avg:  0.0, Max: 0, Diff: 0, Sum: 0, Workers: 4
[4377.251s][debug][gc,phases      ] GC(151)     Total                          Min: 0, Avg: 235.8, Max: 367, Diff: 367, Sum: 943, Workers: 4
[4377.251s][debug][gc,phases      ] GC(151)   ObjectSynchronizer Weak        Min: 0.00, Avg: 0.00, Max: 0.00, Diff: 0.00, Sum: 0.00, Workers: 4
[4377.251s][debug][gc,phases      ] GC(151)     Dead                           Min: 0, Avg:  0.0, Max: 0, Diff: 0, Sum: 0, Workers: 4
[4377.251s][debug][gc,phases      ] GC(151)     Total                          Min: 0, Avg:  1.5, Max: 6, Diff: 6, Sum: 6, Workers: 4
[4377.251s][debug][gc,phases      ] GC(151)   JVMTI Tag Weak OopStorage      Min: 0.00, Avg: 0.00, Max: 0.00, Diff: 0.00, Sum: 0.00, Workers: 4
[4377.251s][debug][gc,phases      ] GC(151)     Dead                           Min: 0, Avg:  0.0, Max: 0, Diff: 0, Sum: 0, Workers: 4
[4377.251s][debug][gc,phases      ] GC(151)     Total                          Min: 0, Avg:  0.0, Max: 0, Diff: 0, Sum: 0, Workers: 4
[4377.251s][debug][gc,phases      ] GC(151)   StringTable Weak               Min: 0.00, Avg: 0.12, Max: 0.16, Diff: 0.16, Sum: 0.48, Workers: 4
[4377.251s][debug][gc,phases      ] GC(151)     Dead                           Min: 0, Avg:  0.0, Max: 0, Diff: 0, Sum: 0, Workers: 4
[4377.251s][debug][gc,phases      ] GC(151)     Total                          Min: 0, Avg: 12745.2, Max: 17125, Diff: 17125, Sum: 50981, Workers: 4
[4377.251s][debug][gc,phases      ] GC(151)   ResolvedMethodTable Weak       Min: 0.00, Avg: 0.04, Max: 0.05, Diff: 0.05, Sum: 0.16, Workers: 4
[4377.251s][debug][gc,phases      ] GC(151)     Dead                           Min: 0, Avg:  5.0, Max: 13, Diff: 13, Sum: 20, Workers: 4
[4377.251s][debug][gc,phases      ] GC(151)     Total                          Min: 0, Avg: 4280.2, Max: 5812, Diff: 5812, Sum: 17121, Workers: 4
[4377.251s][debug][gc,phases      ] GC(151)   JNI Weak                       Min: 0.00, Avg: 0.00, Max: 0.00, Diff: 0.00, Sum: 0.00, Workers: 4
[4377.251s][debug][gc,phases      ] GC(151)     Dead                           Min: 0, Avg:  0.0, Max: 0, Diff: 0, Sum: 0, Workers: 4
[4377.251s][debug][gc,phases      ] GC(151)     Total                          Min: 0, Avg: 13.0, Max: 48, Diff: 48, Sum: 52, Workers: 4
[4377.251s][debug][gc,phases      ] GC(151)   StringDedup Table Weak         Min: 0.00, Avg: 0.00, Max: 0.00, Diff: 0.00, Sum: 0.00, Workers: 4
[4377.251s][debug][gc,phases      ] GC(151)     Dead                           Min: 0, Avg:  0.0, Max: 0, Diff: 0, Sum: 0, Workers: 4
[4377.251s][debug][gc,phases      ] GC(151)     Total                          Min: 0, Avg:  0.0, Max: 0, Diff: 0, Sum: 0, Workers: 4
[4377.251s][debug][gc,phases      ] GC(151)   StringDedup Requests0 Weak     Min: 0.00, Avg: 0.00, Max: 0.00, Diff: 0.00, Sum: 0.00, Workers: 4
[4377.251s][debug][gc,phases      ] GC(151)     Dead                           Min: 0, Avg:  0.0, Max: 0, Diff: 0, Sum: 0, Workers: 4
[4377.251s][debug][gc,phases      ] GC(151)     Total                          Min: 0, Avg:  0.0, Max: 0, Diff: 0, Sum: 0, Workers: 4
[4377.251s][debug][gc,phases      ] GC(151)   StringDedup Requests1 Weak     Min: 0.00, Avg: 0.00, Max: 0.00, Diff: 0.00, Sum: 0.00, Workers: 4
[4377.251s][debug][gc,phases      ] GC(151)     Dead                           Min: 0, Avg:  0.0, Max: 0, Diff: 0, Sum: 0, Workers: 4
[4377.251s][debug][gc,phases      ] GC(151)     Total                          Min: 0, Avg:  0.0, Max: 0, Diff: 0, Sum: 0, Workers: 4
[4377.251s][debug][gc,phases      ] GC(151)   Weak JFR Old Object Samples    Min: 0.00, Avg: 0.00, Max: 0.00, Diff: 0.00, Sum: 0.00, Workers: 4
[4377.251s][debug][gc,phases      ] GC(151)     Dead                           Min: 0, Avg:  0.0, Max: 0, Diff: 0, Sum: 0, Workers: 4
[4377.251s][debug][gc,phases      ] GC(151)     Total                          Min: 0, Avg:  0.0, Max: 0, Diff: 0, Sum: 0, Workers: 4
[4377.251s][debug][gc,phases      ] GC(151) Weak Processing 0.422ms
[4377.251s][debug][gc,age         ] GC(151) Desired survivor size 46661632 bytes, new threshold 1 (max threshold 15)
[4377.251s][info ][gc,heap        ] GC(151) PSYoungGen: 2000283K(2045440K)->4624K(2051584K) Eden: 1996288K(1996288K)->0K(2003968K) From: 3995K(49152K)->4624K(47616K)
[4377.251s][info ][gc,heap        ] GC(151) ParOldGen: 867442K(942592K)->868666K(942592K)
[4377.251s][info ][gc,metaspace   ] GC(151) Metaspace: 111899K(113216K)->111899K(113216K) NonClass: 95622K(96384K)->95622K(96384K) Class: 16276K(16832K)->16276K(16832K)
[4377.251s][info ][gc             ] GC(151) Pause Young (Allocation Failure) 2800M->852M(2924M) 6.516ms
[4377.251s][info ][gc,cpu         ] GC(151) User=0.01s Sys=0.00s Real=0.01s
[4377.251s][info ][safepoint      ] Safepoint "ParallelCollectForAllocation", Time since last: 38840503442 ns, Reaching safepoint: 27200 ns, At safepoint: 6576769 ns, Leaving safepoint: 8400 ns, Total: 6612369 ns, Threads: 0 runnable, 35 total
[4418.192s][info ][gc,start       ] GC(152) Pause Young (Allocation Failure)
[4418.198s][debug][gc,phases      ] GC(152) Scavenge 5.463ms
[4418.198s][debug][gc,ref         ] GC(152) Skipped SoftWeakFinalRefsPhase of Reference Processing: no references
[4418.198s][debug][gc,ref         ] GC(152) Skipped KeepAliveFinalRefsPhase of Reference Processing: no references
[4418.198s][debug][gc,ref         ] GC(152) Skipped PhantomRefsPhase of Reference Processing: no references
[4418.198s][debug][gc,phases      ] GC(152) Reference Processing 0.033ms
[4418.198s][debug][gc,phases      ] GC(152)   VM Weak                        Min: 0.00, Avg: 0.00, Max: 0.01, Diff: 0.01, Sum: 0.01, Workers: 4
[4418.198s][debug][gc,phases      ] GC(152)     Dead                           Min: 0, Avg:  0.0, Max: 0, Diff: 0, Sum: 0, Workers: 4
[4418.198s][debug][gc,phases      ] GC(152)     Total                          Min: 0, Avg: 235.8, Max: 623, Diff: 623, Sum: 943, Workers: 4
[4418.198s][debug][gc,phases      ] GC(152)   ObjectSynchronizer Weak        Min: 0.00, Avg: 0.00, Max: 0.00, Diff: 0.00, Sum: 0.00, Workers: 4
[4418.198s][debug][gc,phases      ] GC(152)     Dead                           Min: 0, Avg:  0.0, Max: 0, Diff: 0, Sum: 0, Workers: 4
[4418.198s][debug][gc,phases      ] GC(152)     Total                          Min: 0, Avg:  1.5, Max: 6, Diff: 6, Sum: 6, Workers: 4
[4418.198s][debug][gc,phases      ] GC(152)   JVMTI Tag Weak OopStorage      Min: 0.00, Avg: 0.00, Max: 0.00, Diff: 0.00, Sum: 0.00, Workers: 4
[4418.198s][debug][gc,phases      ] GC(152)     Dead                           Min: 0, Avg:  0.0, Max: 0, Diff: 0, Sum: 0, Workers: 4
[4418.198s][debug][gc,phases      ] GC(152)     Total                          Min: 0, Avg:  0.0, Max: 0, Diff: 0, Sum: 0, Workers: 4
[4418.198s][debug][gc,phases      ] GC(152)   StringTable Weak               Min: 0.00, Avg: 0.11, Max: 0.15, Diff: 0.15, Sum: 0.45, Workers: 4
[4418.198s][debug][gc,phases      ] GC(152)     Dead                           Min: 0, Avg:  0.0, Max: 0, Diff: 0, Sum: 0, Workers: 4
[4418.198s][debug][gc,phases      ] GC(152)     Total                          Min: 0, Avg: 12746.0, Max: 18048, Diff: 18048, Sum: 50984, Workers: 4
[4418.198s][debug][gc,phases      ] GC(152)   ResolvedMethodTable Weak       Min: 0.00, Avg: 0.04, Max: 0.05, Diff: 0.05, Sum: 0.15, Workers: 4
[4418.198s][debug][gc,phases      ] GC(152)     Dead                           Min: 0, Avg:  5.0, Max: 15, Diff: 15, Sum: 20, Workers: 4
[4418.198s][debug][gc,phases      ] GC(152)     Total                          Min: 0, Avg: 4280.2, Max: 6001, Diff: 6001, Sum: 17121, Workers: 4
[4418.198s][debug][gc,phases      ] GC(152)   JNI Weak                       Min: 0.00, Avg: 0.00, Max: 0.00, Diff: 0.00, Sum: 0.00, Workers: 4
[4418.198s][debug][gc,phases      ] GC(152)     Dead                           Min: 0, Avg:  0.0, Max: 0, Diff: 0, Sum: 0, Workers: 4
[4418.198s][debug][gc,phases      ] GC(152)     Total                          Min: 0, Avg: 13.0, Max: 48, Diff: 48, Sum: 52, Workers: 4
[4418.198s][debug][gc,phases      ] GC(152)   StringDedup Table Weak         Min: 0.00, Avg: 0.00, Max: 0.00, Diff: 0.00, Sum: 0.00, Workers: 4
[4418.198s][debug][gc,phases      ] GC(152)     Dead                           Min: 0, Avg:  0.0, Max: 0, Diff: 0, Sum: 0, Workers: 4
[4418.198s][debug][gc,phases      ] GC(152)     Total                          Min: 0, Avg:  0.0, Max: 0, Diff: 0, Sum: 0, Workers: 4
[4418.198s][debug][gc,phases      ] GC(152)   StringDedup Requests0 Weak     Min: 0.00, Avg: 0.00, Max: 0.00, Diff: 0.00, Sum: 0.00, Workers: 4
[4418.198s][debug][gc,phases      ] GC(152)     Dead                           Min: 0, Avg:  0.0, Max: 0, Diff: 0, Sum: 0, Workers: 4
[4418.198s][debug][gc,phases      ] GC(152)     Total                          Min: 0, Avg:  0.0, Max: 0, Diff: 0, Sum: 0, Workers: 4
[4418.198s][debug][gc,phases      ] GC(152)   StringDedup Requests1 Weak     Min: 0.00, Avg: 0.00, Max: 0.00, Diff: 0.00, Sum: 0.00, Workers: 4
[4418.198s][debug][gc,phases      ] GC(152)     Dead                           Min: 0, Avg:  0.0, Max: 0, Diff: 0, Sum: 0, Workers: 4
[4418.198s][debug][gc,phases      ] GC(152)     Total                          Min: 0, Avg:  0.0, Max: 0, Diff: 0, Sum: 0, Workers: 4
[4418.198s][debug][gc,phases      ] GC(152)   Weak JFR Old Object Samples    Min: 0.00, Avg: 0.00, Max: 0.00, Diff: 0.00, Sum: 0.00, Workers: 4
[4418.198s][debug][gc,phases      ] GC(152)     Dead                           Min: 0, Avg:  0.0, Max: 0, Diff: 0, Sum: 0, Workers: 4
[4418.198s][debug][gc,phases      ] GC(152)     Total                          Min: 0, Avg:  0.0, Max: 0, Diff: 0, Sum: 0, Workers: 4
[4418.198s][debug][gc,phases      ] GC(152) Weak Processing 0.403ms
[4418.198s][debug][gc,age         ] GC(152) Desired survivor size 44564480 bytes, new threshold 1 (max threshold 15)
[4418.198s][info ][gc,heap        ] GC(152) PSYoungGen: 2008592K(2051584K)->3680K(2049536K) Eden: 2003968K(2003968K)->0K(2003968K) From: 4624K(47616K)->3680K(45568K)
[4418.198s][info ][gc,heap        ] GC(152) ParOldGen: 868666K(942592K)->871239K(942592K)
[4418.198s][info ][gc,metaspace   ] GC(152) Metaspace: 111905K(113216K)->111905K(113216K) NonClass: 95628K(96384K)->95628K(96384K) Class: 16276K(16832K)->16276K(16832K)
[4418.198s][info ][gc             ] GC(152) Pause Young (Allocation Failure) 2809M->854M(2922M) 6.018ms
[4418.198s][info ][gc,cpu         ] GC(152) User=0.02s Sys=0.01s Real=0.00s
[4418.198s][info ][safepoint      ] Safepoint "ParallelCollectForAllocation", Time since last: 40940986523 ns, Reaching safepoint: 97700 ns, At safepoint: 6081471 ns, Leaving safepoint: 8400 ns, Total: 6187571 ns, Threads: 1 runnable, 35 total
[4458.642s][info ][gc,start       ] GC(153) Pause Young (Allocation Failure)
[4458.646s][debug][gc,phases      ] GC(153) Scavenge 3.794ms
[4458.646s][debug][gc,ref         ] GC(153) ReferenceProcessor::execute queues: 1, RefProcThreadModel::Single, marks_oops_alive: false
[4458.646s][debug][gc,ref         ] GC(153) Skipped KeepAliveFinalRefsPhase of Reference Processing: no references
[4458.646s][debug][gc,ref         ] GC(153) Skipped PhantomRefsPhase of Reference Processing: no references
[4458.646s][debug][gc,phases      ] GC(153) Reference Processing 0.095ms
[4458.647s][debug][gc,phases      ] GC(153)   VM Weak                        Min: 0.00, Avg: 0.00, Max: 0.01, Diff: 0.01, Sum: 0.01, Workers: 4
[4458.647s][debug][gc,phases      ] GC(153)     Dead                           Min: 0, Avg:  0.0, Max: 0, Diff: 0, Sum: 0, Workers: 4
[4458.647s][debug][gc,phases      ] GC(153)     Total                          Min: 0, Avg: 235.8, Max: 704, Diff: 704, Sum: 943, Workers: 4
[4458.647s][debug][gc,phases      ] GC(153)   ObjectSynchronizer Weak        Min: 0.00, Avg: 0.00, Max: 0.00, Diff: 0.00, Sum: 0.00, Workers: 4
[4458.647s][debug][gc,phases      ] GC(153)     Dead                           Min: 0, Avg:  0.0, Max: 0, Diff: 0, Sum: 0, Workers: 4
[4458.647s][debug][gc,phases      ] GC(153)     Total                          Min: 0, Avg:  1.5, Max: 6, Diff: 6, Sum: 6, Workers: 4
[4458.647s][debug][gc,phases      ] GC(153)   JVMTI Tag Weak OopStorage      Min: 0.00, Avg: 0.00, Max: 0.00, Diff: 0.00, Sum: 0.00, Workers: 4
[4458.647s][debug][gc,phases      ] GC(153)     Dead                           Min: 0, Avg:  0.0, Max: 0, Diff: 0, Sum: 0, Workers: 4
[4458.647s][debug][gc,phases      ] GC(153)     Total                          Min: 0, Avg:  0.0, Max: 0, Diff: 0, Sum: 0, Workers: 4
[4458.647s][debug][gc,phases      ] GC(153)   StringTable Weak               Min: 0.00, Avg: 0.10, Max: 0.19, Diff: 0.19, Sum: 0.39, Workers: 4
[4458.647s][debug][gc,phases      ] GC(153)     Dead                           Min: 0, Avg:  0.0, Max: 0, Diff: 0, Sum: 0, Workers: 4
[4458.647s][debug][gc,phases      ] GC(153)     Total                          Min: 0, Avg: 12746.2, Max: 30400, Diff: 30400, Sum: 50985, Workers: 4
[4458.647s][debug][gc,phases      ] GC(153)   ResolvedMethodTable Weak       Min: 0.00, Avg: 0.03, Max: 0.07, Diff: 0.07, Sum: 0.13, Workers: 4
[4458.647s][debug][gc,phases      ] GC(153)     Dead                           Min: 0, Avg:  5.0, Max: 16, Diff: 16, Sum: 20, Workers: 4
[4458.647s][debug][gc,phases      ] GC(153)     Total                          Min: 0, Avg: 4280.5, Max: 10730, Diff: 10730, Sum: 17122, Workers: 4
[4458.647s][debug][gc,phases      ] GC(153)   JNI Weak                       Min: 0.00, Avg: 0.00, Max: 0.00, Diff: 0.00, Sum: 0.00, Workers: 4
[4458.647s][debug][gc,phases      ] GC(153)     Dead                           Min: 0, Avg:  0.0, Max: 0, Diff: 0, Sum: 0, Workers: 4
[4458.647s][debug][gc,phases      ] GC(153)     Total                          Min: 0, Avg: 13.0, Max: 52, Diff: 52, Sum: 52, Workers: 4
[4458.647s][debug][gc,phases      ] GC(153)   StringDedup Table Weak         Min: 0.00, Avg: 0.00, Max: 0.00, Diff: 0.00, Sum: 0.00, Workers: 4
[4458.647s][debug][gc,phases      ] GC(153)     Dead                           Min: 0, Avg:  0.0, Max: 0, Diff: 0, Sum: 0, Workers: 4
[4458.647s][debug][gc,phases      ] GC(153)     Total                          Min: 0, Avg:  0.0, Max: 0, Diff: 0, Sum: 0, Workers: 4
[4458.647s][debug][gc,phases      ] GC(153)   StringDedup Requests0 Weak     Min: 0.00, Avg: 0.00, Max: 0.00, Diff: 0.00, Sum: 0.00, Workers: 4
[4458.647s][debug][gc,phases      ] GC(153)     Dead                           Min: 0, Avg:  0.0, Max: 0, Diff: 0, Sum: 0, Workers: 4
[4458.647s][debug][gc,phases      ] GC(153)     Total                          Min: 0, Avg:  0.0, Max: 0, Diff: 0, Sum: 0, Workers: 4
[4458.647s][debug][gc,phases      ] GC(153)   StringDedup Requests1 Weak     Min: 0.00, Avg: 0.00, Max: 0.00, Diff: 0.00, Sum: 0.00, Workers: 4
[4458.647s][debug][gc,phases      ] GC(153)     Dead                           Min: 0, Avg:  0.0, Max: 0, Diff: 0, Sum: 0, Workers: 4
[4458.647s][debug][gc,phases      ] GC(153)     Total                          Min: 0, Avg:  0.0, Max: 0, Diff: 0, Sum: 0, Workers: 4
[4458.647s][debug][gc,phases      ] GC(153)   Weak JFR Old Object Samples    Min: 0.00, Avg: 0.00, Max: 0.00, Diff: 0.00, Sum: 0.00, Workers: 4
[4458.647s][debug][gc,phases      ] GC(153)     Dead                           Min: 0, Avg:  0.0, Max: 0, Diff: 0, Sum: 0, Workers: 4
[4458.647s][debug][gc,phases      ] GC(153)     Total                          Min: 0, Avg:  0.0, Max: 0, Diff: 0, Sum: 0, Workers: 4
[4458.647s][debug][gc,phases      ] GC(153) Weak Processing 0.473ms
[4458.647s][debug][gc,age         ] GC(153) Desired survivor size 42467328 bytes, new threshold 1 (max threshold 15)
[4458.647s][info ][gc,heap        ] GC(153) PSYoungGen: 2007648K(2049536K)->3424K(2055680K) Eden: 2003968K(2003968K)->0K(2012160K) From: 3680K(45568K)->3424K(43520K)
[4458.647s][info ][gc,heap        ] GC(153) ParOldGen: 871239K(942592K)->873227K(942592K)
[4458.647s][info ][gc,metaspace   ] GC(153) Metaspace: 111913K(113216K)->111913K(113216K) NonClass: 95636K(96384K)->95636K(96384K) Class: 16277K(16832K)->16277K(16832K)
[4458.647s][info ][gc             ] GC(153) Pause Young (Allocation Failure) 2811M->856M(2928M) 4.489ms
[4458.647s][info ][gc,cpu         ] GC(153) User=0.01s Sys=0.00s Real=0.00s
[4458.647s][info ][safepoint      ] Safepoint "ParallelCollectForAllocation", Time since last: 40443907463 ns, Reaching safepoint: 100599 ns, At safepoint: 4548679 ns, Leaving safepoint: 8300 ns, Total: 4657578 ns, Threads: 1 runnable, 35 total
[4476.299s][info ][gc,start       ] GC(154) Pause Young (Allocation Failure)
[4476.312s][debug][gc,phases      ] GC(154) Scavenge 13.604ms
[4476.312s][debug][gc,ref         ] GC(154) ReferenceProcessor::execute queues: 1, RefProcThreadModel::Single, marks_oops_alive: false
[4476.312s][debug][gc,ref         ] GC(154) Skipped KeepAliveFinalRefsPhase of Reference Processing: no references
[4476.312s][debug][gc,ref         ] GC(154) Skipped PhantomRefsPhase of Reference Processing: no references
[4476.312s][debug][gc,phases      ] GC(154) Reference Processing 0.098ms
[4476.313s][debug][gc,phases      ] GC(154)   VM Weak                        Min: 0.00, Avg: 0.00, Max: 0.01, Diff: 0.01, Sum: 0.01, Workers: 4
[4476.313s][debug][gc,phases      ] GC(154)     Dead                           Min: 0, Avg:  0.0, Max: 0, Diff: 0, Sum: 0, Workers: 4
[4476.313s][debug][gc,phases      ] GC(154)     Total                          Min: 0, Avg: 235.8, Max: 623, Diff: 623, Sum: 943, Workers: 4
[4476.313s][debug][gc,phases      ] GC(154)   ObjectSynchronizer Weak        Min: 0.00, Avg: 0.00, Max: 0.00, Diff: 0.00, Sum: 0.00, Workers: 4
[4476.313s][debug][gc,phases      ] GC(154)     Dead                           Min: 0, Avg:  0.0, Max: 0, Diff: 0, Sum: 0, Workers: 4
[4476.313s][debug][gc,phases      ] GC(154)     Total                          Min: 0, Avg:  1.5, Max: 6, Diff: 6, Sum: 6, Workers: 4
[4476.313s][debug][gc,phases      ] GC(154)   JVMTI Tag Weak OopStorage      Min: 0.00, Avg: 0.00, Max: 0.00, Diff: 0.00, Sum: 0.00, Workers: 4
[4476.313s][debug][gc,phases      ] GC(154)     Dead                           Min: 0, Avg:  0.0, Max: 0, Diff: 0, Sum: 0, Workers: 4
[4476.313s][debug][gc,phases      ] GC(154)     Total                          Min: 0, Avg:  0.0, Max: 0, Diff: 0, Sum: 0, Workers: 4
[4476.313s][debug][gc,phases      ] GC(154)   StringTable Weak               Min: 0.00, Avg: 0.10, Max: 0.13, Diff: 0.13, Sum: 0.40, Workers: 4
[4476.313s][debug][gc,phases      ] GC(154)     Dead                           Min: 0, Avg:  0.2, Max: 1, Diff: 1, Sum: 1, Workers: 4
[4476.313s][debug][gc,phases      ] GC(154)     Total                          Min: 0, Avg: 12748.2, Max: 21248, Diff: 21248, Sum: 50993, Workers: 4
[4476.313s][debug][gc,phases      ] GC(154)   ResolvedMethodTable Weak       Min: 0.00, Avg: 0.03, Max: 0.05, Diff: 0.05, Sum: 0.14, Workers: 4
[4476.313s][debug][gc,phases      ] GC(154)     Dead                           Min: 0, Avg:  5.5, Max: 13, Diff: 13, Sum: 22, Workers: 4
[4476.313s][debug][gc,phases      ] GC(154)     Total                          Min: 0, Avg: 4283.0, Max: 7350, Diff: 7350, Sum: 17132, Workers: 4
[4476.313s][debug][gc,phases      ] GC(154)   JNI Weak                       Min: 0.00, Avg: 0.00, Max: 0.00, Diff: 0.00, Sum: 0.00, Workers: 4
[4476.313s][debug][gc,phases      ] GC(154)     Dead                           Min: 0, Avg:  0.0, Max: 0, Diff: 0, Sum: 0, Workers: 4
[4476.313s][debug][gc,phases      ] GC(154)     Total                          Min: 0, Avg: 13.0, Max: 48, Diff: 48, Sum: 52, Workers: 4
[4476.313s][debug][gc,phases      ] GC(154)   StringDedup Table Weak         Min: 0.00, Avg: 0.00, Max: 0.00, Diff: 0.00, Sum: 0.00, Workers: 4
[4476.313s][debug][gc,phases      ] GC(154)     Dead                           Min: 0, Avg:  0.0, Max: 0, Diff: 0, Sum: 0, Workers: 4
[4476.313s][debug][gc,phases      ] GC(154)     Total                          Min: 0, Avg:  0.0, Max: 0, Diff: 0, Sum: 0, Workers: 4
[4476.313s][debug][gc,phases      ] GC(154)   StringDedup Requests0 Weak     Min: 0.00, Avg: 0.00, Max: 0.00, Diff: 0.00, Sum: 0.00, Workers: 4
[4476.313s][debug][gc,phases      ] GC(154)     Dead                           Min: 0, Avg:  0.0, Max: 0, Diff: 0, Sum: 0, Workers: 4
[4476.313s][debug][gc,phases      ] GC(154)     Total                          Min: 0, Avg:  0.0, Max: 0, Diff: 0, Sum: 0, Workers: 4
[4476.313s][debug][gc,phases      ] GC(154)   StringDedup Requests1 Weak     Min: 0.00, Avg: 0.00, Max: 0.00, Diff: 0.00, Sum: 0.00, Workers: 4
[4476.313s][debug][gc,phases      ] GC(154)     Dead                           Min: 0, Avg:  0.0, Max: 0, Diff: 0, Sum: 0, Workers: 4
[4476.313s][debug][gc,phases      ] GC(154)     Total                          Min: 0, Avg:  0.0, Max: 0, Diff: 0, Sum: 0, Workers: 4
[4476.313s][debug][gc,phases      ] GC(154)   Weak JFR Old Object Samples    Min: 0.00, Avg: 0.00, Max: 0.00, Diff: 0.00, Sum: 0.00, Workers: 4
[4476.313s][debug][gc,phases      ] GC(154)     Dead                           Min: 0, Avg:  0.0, Max: 0, Diff: 0, Sum: 0, Workers: 4
[4476.313s][debug][gc,phases      ] GC(154)     Total                          Min: 0, Avg:  0.0, Max: 0, Diff: 0, Sum: 0, Workers: 4
[4476.313s][debug][gc,phases      ] GC(154) Weak Processing 0.367ms
[4476.313s][debug][gc,age         ] GC(154) Desired survivor size 50331648 bytes, new threshold 1 (max threshold 15)
[4476.313s][info ][gc,heap        ] GC(154) PSYoungGen: 2015584K(2055680K)->38785K(2051072K) Eden: 2012160K(2012160K)->0K(2012160K) From: 3424K(43520K)->38785K(38912K)
[4476.313s][info ][gc,heap        ] GC(154) ParOldGen: 873227K(942592K)->875012K(942592K)
[4476.313s][info ][gc,metaspace   ] GC(154) Metaspace: 111934K(113216K)->111934K(113216K) NonClass: 95653K(96384K)->95653K(96384K) Class: 16281K(16832K)->16281K(16832K)
[4476.313s][info ][gc             ] GC(154) Pause Young (Allocation Failure) 2821M->892M(2923M) 14.194ms
[4476.313s][info ][gc,cpu         ] GC(154) User=0.06s Sys=0.00s Real=0.01s
[4476.313s][info ][safepoint      ] Safepoint "ParallelCollectForAllocation", Time since last: 17651733615 ns, Reaching safepoint: 84300 ns, At safepoint: 14258734 ns, Leaving safepoint: 16600 ns, Total: 14359634 ns, Threads: 2 runnable, 38 total
[4492.047s][info ][gc,start       ] GC(155) Pause Young (Allocation Failure)
[4492.066s][debug][gc,phases      ] GC(155) Scavenge 19.632ms
[4492.067s][debug][gc,ref         ] GC(155) Skipped SoftWeakFinalRefsPhase of Reference Processing: no references
[4492.067s][debug][gc,ref         ] GC(155) Skipped KeepAliveFinalRefsPhase of Reference Processing: no references
[4492.067s][debug][gc,ref         ] GC(155) Skipped PhantomRefsPhase of Reference Processing: no references
[4492.067s][debug][gc,phases      ] GC(155) Reference Processing 0.019ms
[4492.067s][debug][gc,phases      ] GC(155)   VM Weak                        Min: 0.00, Avg: 0.00, Max: 0.01, Diff: 0.01, Sum: 0.01, Workers: 4
[4492.067s][debug][gc,phases      ] GC(155)     Dead                           Min: 0, Avg:  0.0, Max: 0, Diff: 0, Sum: 0, Workers: 4
[4492.067s][debug][gc,phases      ] GC(155)     Total                          Min: 0, Avg: 235.8, Max: 751, Diff: 751, Sum: 943, Workers: 4
[4492.067s][debug][gc,phases      ] GC(155)   ObjectSynchronizer Weak        Min: 0.00, Avg: 0.00, Max: 0.00, Diff: 0.00, Sum: 0.00, Workers: 4
[4492.067s][debug][gc,phases      ] GC(155)     Dead                           Min: 0, Avg:  0.0, Max: 0, Diff: 0, Sum: 0, Workers: 4
[4492.067s][debug][gc,phases      ] GC(155)     Total                          Min: 0, Avg:  1.5, Max: 6, Diff: 6, Sum: 6, Workers: 4
[4492.067s][debug][gc,phases      ] GC(155)   JVMTI Tag Weak OopStorage      Min: 0.00, Avg: 0.00, Max: 0.00, Diff: 0.00, Sum: 0.00, Workers: 4
[4492.067s][debug][gc,phases      ] GC(155)     Dead                           Min: 0, Avg:  0.0, Max: 0, Diff: 0, Sum: 0, Workers: 4
[4492.067s][debug][gc,phases      ] GC(155)     Total                          Min: 0, Avg:  0.0, Max: 0, Diff: 0, Sum: 0, Workers: 4
[4492.067s][debug][gc,phases      ] GC(155)   StringTable Weak               Min: 0.00, Avg: 0.10, Max: 0.13, Diff: 0.13, Sum: 0.40, Workers: 4
[4492.067s][debug][gc,phases      ] GC(155)     Dead                           Min: 0, Avg:  0.0, Max: 0, Diff: 0, Sum: 0, Workers: 4
[4492.067s][debug][gc,phases      ] GC(155)     Total                          Min: 0, Avg: 12748.2, Max: 21362, Diff: 21362, Sum: 50993, Workers: 4
[4492.067s][debug][gc,phases      ] GC(155)   ResolvedMethodTable Weak       Min: 0.00, Avg: 0.03, Max: 0.05, Diff: 0.05, Sum: 0.13, Workers: 4
[4492.067s][debug][gc,phases      ] GC(155)     Dead                           Min: 0, Avg:  5.0, Max: 10, Diff: 10, Sum: 20, Workers: 4
[4492.067s][debug][gc,phases      ] GC(155)     Total                          Min: 0, Avg: 4283.0, Max: 7419, Diff: 7419, Sum: 17132, Workers: 4
[4492.067s][debug][gc,phases      ] GC(155)   JNI Weak                       Min: 0.00, Avg: 0.00, Max: 0.00, Diff: 0.00, Sum: 0.00, Workers: 4
[4492.067s][debug][gc,phases      ] GC(155)     Dead                           Min: 0, Avg:  0.0, Max: 0, Diff: 0, Sum: 0, Workers: 4
[4492.067s][debug][gc,phases      ] GC(155)     Total                          Min: 0, Avg: 13.0, Max: 48, Diff: 48, Sum: 52, Workers: 4
[4492.067s][debug][gc,phases      ] GC(155)   StringDedup Table Weak         Min: 0.00, Avg: 0.00, Max: 0.00, Diff: 0.00, Sum: 0.00, Workers: 4
[4492.067s][debug][gc,phases      ] GC(155)     Dead                           Min: 0, Avg:  0.0, Max: 0, Diff: 0, Sum: 0, Workers: 4
[4492.067s][debug][gc,phases      ] GC(155)     Total                          Min: 0, Avg:  0.0, Max: 0, Diff: 0, Sum: 0, Workers: 4
[4492.067s][debug][gc,phases      ] GC(155)   StringDedup Requests0 Weak     Min: 0.00, Avg: 0.00, Max: 0.00, Diff: 0.00, Sum: 0.00, Workers: 4
[4492.067s][debug][gc,phases      ] GC(155)     Dead                           Min: 0, Avg:  0.0, Max: 0, Diff: 0, Sum: 0, Workers: 4
[4492.067s][debug][gc,phases      ] GC(155)     Total                          Min: 0, Avg:  0.0, Max: 0, Diff: 0, Sum: 0, Workers: 4
[4492.067s][debug][gc,phases      ] GC(155)   StringDedup Requests1 Weak     Min: 0.00, Avg: 0.00, Max: 0.00, Diff: 0.00, Sum: 0.00, Workers: 4
[4492.067s][debug][gc,phases      ] GC(155)     Dead                           Min: 0, Avg:  0.0, Max: 0, Diff: 0, Sum: 0, Workers: 4
[4492.067s][debug][gc,phases      ] GC(155)     Total                          Min: 0, Avg:  0.0, Max: 0, Diff: 0, Sum: 0, Workers: 4
[4492.067s][debug][gc,phases      ] GC(155)   Weak JFR Old Object Samples    Min: 0.00, Avg: 0.00, Max: 0.00, Diff: 0.00, Sum: 0.00, Workers: 4
[4492.067s][debug][gc,phases      ] GC(155)     Dead                           Min: 0, Avg:  0.0, Max: 0, Diff: 0, Sum: 0, Workers: 4
[4492.067s][debug][gc,phases      ] GC(155)     Total                          Min: 0, Avg:  0.0, Max: 0, Diff: 0, Sum: 0, Workers: 4
[4492.067s][debug][gc,phases      ] GC(155) Weak Processing 0.362ms
[4492.067s][debug][gc,age         ] GC(155) Desired survivor size 54525952 bytes, new threshold 1 (max threshold 15)
[4492.067s][info ][gc,heap        ] GC(155) PSYoungGen: 2050945K(2051072K)->34417K(2036736K) Eden: 2012160K(2012160K)->0K(1990656K) From: 38785K(38912K)->34417K(46080K)
[4492.067s][info ][gc,heap        ] GC(155) ParOldGen: 875012K(942592K)->910263K(942592K)
[4492.067s][info ][gc,metaspace   ] GC(155) Metaspace: 111942K(113216K)->111942K(113216K) NonClass: 95661K(96384K)->95661K(96384K) Class: 16281K(16832K)->16281K(16832K)
[4492.067s][info ][gc             ] GC(155) Pause Young (Allocation Failure) 2857M->922M(2909M) 20.161ms
[4492.067s][info ][gc,cpu         ] GC(155) User=0.07s Sys=0.00s Real=0.02s
[4492.067s][info ][safepoint      ] Safepoint "ParallelCollectForAllocation", Time since last: 15733764098 ns, Reaching safepoint: 113700 ns, At safepoint: 20234904 ns, Leaving safepoint: 148300 ns, Total: 20496904 ns, Threads: 2 runnable, 38 total
[4511.009s][info ][gc,start       ] GC(156) Pause Young (Allocation Failure)
[4511.040s][debug][gc,phases      ] GC(156) Scavenge 31.587ms
[4511.040s][debug][gc,ref         ] GC(156) ReferenceProcessor::execute queues: 1, RefProcThreadModel::Single, marks_oops_alive: false
[4511.040s][debug][gc,ref         ] GC(156) Skipped KeepAliveFinalRefsPhase of Reference Processing: no references
[4511.040s][debug][gc,ref         ] GC(156) Skipped PhantomRefsPhase of Reference Processing: no references
[4511.040s][debug][gc,phases      ] GC(156) Reference Processing 0.100ms
[4511.041s][debug][gc,phases      ] GC(156)   VM Weak                        Min: 0.00, Avg: 0.00, Max: 0.01, Diff: 0.01, Sum: 0.01, Workers: 4
[4511.041s][debug][gc,phases      ] GC(156)     Dead                           Min: 0, Avg:  0.0, Max: 0, Diff: 0, Sum: 0, Workers: 4
[4511.041s][debug][gc,phases      ] GC(156)     Total                          Min: 0, Avg: 235.8, Max: 559, Diff: 559, Sum: 943, Workers: 4
[4511.041s][debug][gc,phases      ] GC(156)   ObjectSynchronizer Weak        Min: 0.00, Avg: 0.00, Max: 0.00, Diff: 0.00, Sum: 0.00, Workers: 4
[4511.041s][debug][gc,phases      ] GC(156)     Dead                           Min: 0, Avg:  0.0, Max: 0, Diff: 0, Sum: 0, Workers: 4
[4511.041s][debug][gc,phases      ] GC(156)     Total                          Min: 0, Avg:  1.8, Max: 7, Diff: 7, Sum: 7, Workers: 4
[4511.041s][debug][gc,phases      ] GC(156)   JVMTI Tag Weak OopStorage      Min: 0.00, Avg: 0.00, Max: 0.00, Diff: 0.00, Sum: 0.00, Workers: 4
[4511.041s][debug][gc,phases      ] GC(156)     Dead                           Min: 0, Avg:  0.0, Max: 0, Diff: 0, Sum: 0, Workers: 4
[4511.041s][debug][gc,phases      ] GC(156)     Total                          Min: 0, Avg:  0.0, Max: 0, Diff: 0, Sum: 0, Workers: 4
[4511.041s][debug][gc,phases      ] GC(156)   StringTable Weak               Min: 0.12, Avg: 0.12, Max: 0.12, Diff: 0.00, Sum: 0.48, Workers: 4
[4511.041s][debug][gc,phases      ] GC(156)     Dead                           Min: 0, Avg:  0.0, Max: 0, Diff: 0, Sum: 0, Workers: 4
[4511.041s][debug][gc,phases      ] GC(156)     Total                          Min: 12543, Avg: 12748.8, Max: 12992, Diff: 449, Sum: 50995, Workers: 4
[4511.041s][debug][gc,phases      ] GC(156)   ResolvedMethodTable Weak       Min: 0.04, Avg: 0.04, Max: 0.04, Diff: 0.00, Sum: 0.16, Workers: 4
[4511.041s][debug][gc,phases      ] GC(156)     Dead                           Min: 0, Avg:  0.2, Max: 1, Diff: 1, Sum: 1, Workers: 4
[4511.041s][debug][gc,phases      ] GC(156)     Total                          Min: 4218, Avg: 4283.5, Max: 4410, Diff: 192, Sum: 17134, Workers: 4
[4511.041s][debug][gc,phases      ] GC(156)   JNI Weak                       Min: 0.00, Avg: 0.00, Max: 0.00, Diff: 0.00, Sum: 0.00, Workers: 4
[4511.041s][debug][gc,phases      ] GC(156)     Dead                           Min: 0, Avg:  0.0, Max: 0, Diff: 0, Sum: 0, Workers: 4
[4511.041s][debug][gc,phases      ] GC(156)     Total                          Min: 0, Avg: 13.0, Max: 48, Diff: 48, Sum: 52, Workers: 4
[4511.041s][debug][gc,phases      ] GC(156)   StringDedup Table Weak         Min: 0.00, Avg: 0.00, Max: 0.00, Diff: 0.00, Sum: 0.00, Workers: 4
[4511.041s][debug][gc,phases      ] GC(156)     Dead                           Min: 0, Avg:  0.0, Max: 0, Diff: 0, Sum: 0, Workers: 4
[4511.041s][debug][gc,phases      ] GC(156)     Total                          Min: 0, Avg:  0.0, Max: 0, Diff: 0, Sum: 0, Workers: 4
[4511.041s][debug][gc,phases      ] GC(156)   StringDedup Requests0 Weak     Min: 0.00, Avg: 0.00, Max: 0.00, Diff: 0.00, Sum: 0.00, Workers: 4
[4511.041s][debug][gc,phases      ] GC(156)     Dead                           Min: 0, Avg:  0.0, Max: 0, Diff: 0, Sum: 0, Workers: 4
[4511.041s][debug][gc,phases      ] GC(156)     Total                          Min: 0, Avg:  0.0, Max: 0, Diff: 0, Sum: 0, Workers: 4
[4511.041s][debug][gc,phases      ] GC(156)   StringDedup Requests1 Weak     Min: 0.00, Avg: 0.00, Max: 0.00, Diff: 0.00, Sum: 0.00, Workers: 4
[4511.041s][debug][gc,phases      ] GC(156)     Dead                           Min: 0, Avg:  0.0, Max: 0, Diff: 0, Sum: 0, Workers: 4
[4511.041s][debug][gc,phases      ] GC(156)     Total                          Min: 0, Avg:  0.0, Max: 0, Diff: 0, Sum: 0, Workers: 4
[4511.041s][debug][gc,phases      ] GC(156)   Weak JFR Old Object Samples    Min: 0.00, Avg: 0.00, Max: 0.00, Diff: 0.00, Sum: 0.00, Workers: 4
[4511.041s][debug][gc,phases      ] GC(156)     Dead                           Min: 0, Avg:  0.0, Max: 0, Diff: 0, Sum: 0, Workers: 4
[4511.041s][debug][gc,phases      ] GC(156)     Total                          Min: 0, Avg:  0.0, Max: 0, Diff: 0, Sum: 0, Workers: 4
[4511.041s][debug][gc,phases      ] GC(156) Weak Processing 0.358ms
[4511.041s][debug][gc,age         ] GC(156) Desired survivor size 82313216 bytes, new threshold 1 (max threshold 15)
[4511.041s][info ][gc,heap        ] GC(156) PSYoungGen: 2025073K(2036736K)->53240K(2043904K) Eden: 1990656K(1990656K)->0K(1990656K) From: 34417K(46080K)->53240K(53248K)
[4511.041s][info ][gc,heap        ] GC(156) ParOldGen: 910263K(942592K)->956196K(956416K)
[4511.041s][info ][gc,metaspace   ] GC(156) Metaspace: 111958K(113216K)->111958K(113216K) NonClass: 95677K(96384K)->95677K(96384K) Class: 16281K(16832K)->16281K(16832K)
[4511.041s][info ][gc             ] GC(156) Pause Young (Allocation Failure) 2866M->985M(2930M) 32.172ms
[4511.041s][info ][gc,cpu         ] GC(156) User=0.12s Sys=0.00s Real=0.03s
[4511.041s][info ][safepoint      ] Safepoint "ParallelCollectForAllocation", Time since last: 18941456519 ns, Reaching safepoint: 86999 ns, At safepoint: 32237849 ns, Leaving safepoint: 19200 ns, Total: 32344048 ns, Threads: 3 runnable, 40 total
[4518.555s][info ][gc,start       ] GC(157) Pause Young (Allocation Failure)
[4518.590s][debug][gc,phases      ] GC(157) Scavenge 35.401ms
[4518.590s][debug][gc,ref         ] GC(157) Skipped SoftWeakFinalRefsPhase of Reference Processing: no references
[4518.590s][debug][gc,ref         ] GC(157) Skipped KeepAliveFinalRefsPhase of Reference Processing: no references
[4518.590s][debug][gc,ref         ] GC(157) Skipped PhantomRefsPhase of Reference Processing: no references
[4518.590s][debug][gc,phases      ] GC(157) Reference Processing 0.019ms
[4518.590s][debug][gc,phases      ] GC(157)   VM Weak                        Min: 0.00, Avg: 0.00, Max: 0.01, Diff: 0.01, Sum: 0.01, Workers: 4
[4518.590s][debug][gc,phases      ] GC(157)     Dead                           Min: 0, Avg:  0.0, Max: 0, Diff: 0, Sum: 0, Workers: 4
[4518.590s][debug][gc,phases      ] GC(157)     Total                          Min: 0, Avg: 235.8, Max: 576, Diff: 576, Sum: 943, Workers: 4
[4518.590s][debug][gc,phases      ] GC(157)   ObjectSynchronizer Weak        Min: 0.00, Avg: 0.00, Max: 0.00, Diff: 0.00, Sum: 0.00, Workers: 4
[4518.590s][debug][gc,phases      ] GC(157)     Dead                           Min: 0, Avg:  0.0, Max: 0, Diff: 0, Sum: 0, Workers: 4
[4518.590s][debug][gc,phases      ] GC(157)     Total                          Min: 0, Avg:  1.8, Max: 7, Diff: 7, Sum: 7, Workers: 4
[4518.590s][debug][gc,phases      ] GC(157)   JVMTI Tag Weak OopStorage      Min: 0.00, Avg: 0.00, Max: 0.00, Diff: 0.00, Sum: 0.00, Workers: 4
[4518.591s][debug][gc,phases      ] GC(157)     Dead                           Min: 0, Avg:  0.0, Max: 0, Diff: 0, Sum: 0, Workers: 4
[4518.591s][debug][gc,phases      ] GC(157)     Total                          Min: 0, Avg:  0.0, Max: 0, Diff: 0, Sum: 0, Workers: 4
[4518.591s][debug][gc,phases      ] GC(157)   StringTable Weak               Min: 0.07, Avg: 0.13, Max: 0.16, Diff: 0.09, Sum: 0.51, Workers: 4
[4518.591s][debug][gc,phases      ] GC(157)     Dead                           Min: 0, Avg:  0.0, Max: 0, Diff: 0, Sum: 0, Workers: 4
[4518.591s][debug][gc,phases      ] GC(157)     Total                          Min: 7744, Avg: 12750.2, Max: 15546, Diff: 7802, Sum: 51001, Workers: 4
[4518.591s][debug][gc,phases      ] GC(157)   ResolvedMethodTable Weak       Min: 0.04, Avg: 0.04, Max: 0.04, Diff: 0.00, Sum: 0.16, Workers: 4
[4518.591s][debug][gc,phases      ] GC(157)     Dead                           Min: 0, Avg:  5.0, Max: 9, Diff: 9, Sum: 20, Workers: 4
[4518.591s][debug][gc,phases      ] GC(157)     Total                          Min: 4088, Avg: 4283.5, Max: 4539, Diff: 451, Sum: 17134, Workers: 4
[4518.591s][debug][gc,phases      ] GC(157)   JNI Weak                       Min: 0.00, Avg: 0.00, Max: 0.00, Diff: 0.00, Sum: 0.00, Workers: 4
[4518.591s][debug][gc,phases      ] GC(157)     Dead                           Min: 0, Avg:  0.0, Max: 0, Diff: 0, Sum: 0, Workers: 4
[4518.591s][debug][gc,phases      ] GC(157)     Total                          Min: 0, Avg: 13.0, Max: 48, Diff: 48, Sum: 52, Workers: 4
[4518.591s][debug][gc,phases      ] GC(157)   StringDedup Table Weak         Min: 0.00, Avg: 0.00, Max: 0.00, Diff: 0.00, Sum: 0.00, Workers: 4
[4518.591s][debug][gc,phases      ] GC(157)     Dead                           Min: 0, Avg:  0.0, Max: 0, Diff: 0, Sum: 0, Workers: 4
[4518.591s][debug][gc,phases      ] GC(157)     Total                          Min: 0, Avg:  0.0, Max: 0, Diff: 0, Sum: 0, Workers: 4
[4518.591s][debug][gc,phases      ] GC(157)   StringDedup Requests0 Weak     Min: 0.00, Avg: 0.00, Max: 0.00, Diff: 0.00, Sum: 0.00, Workers: 4
[4518.591s][debug][gc,phases      ] GC(157)     Dead                           Min: 0, Avg:  0.0, Max: 0, Diff: 0, Sum: 0, Workers: 4
[4518.591s][debug][gc,phases      ] GC(157)     Total                          Min: 0, Avg:  0.0, Max: 0, Diff: 0, Sum: 0, Workers: 4
[4518.591s][debug][gc,phases      ] GC(157)   StringDedup Requests1 Weak     Min: 0.00, Avg: 0.00, Max: 0.00, Diff: 0.00, Sum: 0.00, Workers: 4
[4518.591s][debug][gc,phases      ] GC(157)     Dead                           Min: 0, Avg:  0.0, Max: 0, Diff: 0, Sum: 0, Workers: 4
[4518.591s][debug][gc,phases      ] GC(157)     Total                          Min: 0, Avg:  0.0, Max: 0, Diff: 0, Sum: 0, Workers: 4
[4518.591s][debug][gc,phases      ] GC(157)   Weak JFR Old Object Samples    Min: 0.00, Avg: 0.00, Max: 0.00, Diff: 0.00, Sum: 0.00, Workers: 4
[4518.591s][debug][gc,phases      ] GC(157)     Dead                           Min: 0, Avg:  0.0, Max: 0, Diff: 0, Sum: 0, Workers: 4
[4518.591s][debug][gc,phases      ] GC(157)     Total                          Min: 0, Avg:  0.0, Max: 0, Diff: 0, Sum: 0, Workers: 4
[4518.591s][debug][gc,phases      ] GC(157) Weak Processing 0.391ms
[4518.591s][debug][gc,age         ] GC(157) Desired survivor size 83361792 bytes, new threshold 1 (max threshold 15)
[4518.591s][info ][gc,heap        ] GC(157) PSYoungGen: 2043896K(2043904K)->40720K(1987584K) Eden: 1990656K(1990656K)->0K(1934336K) From: 53240K(53248K)->40720K(53248K)
[4518.591s][info ][gc,heap        ] GC(157) ParOldGen: 956196K(956416K)->1006922K(1007104K)
[4518.591s][info ][gc,metaspace   ] GC(157) Metaspace: 111973K(113280K)->111973K(113280K) NonClass: 95692K(96448K)->95692K(96448K) Class: 16281K(16832K)->16281K(16832K)
[4518.591s][info ][gc             ] GC(157) Pause Young (Allocation Failure) 2929M->1023M(2924M) 35.943ms
[4518.591s][info ][gc,cpu         ] GC(157) User=0.10s Sys=0.03s Real=0.04s
[4518.591s][info ][safepoint      ] Safepoint "ParallelCollectForAllocation", Time since last: 7513713481 ns, Reaching safepoint: 6500 ns, At safepoint: 36009737 ns, Leaving safepoint: 15500 ns, Total: 36031737 ns, Threads: 0 runnable, 41 total
[4533.196s][info ][gc,start       ] GC(158) Pause Young (Allocation Failure)
[4533.220s][debug][gc,phases      ] GC(158) Scavenge 23.906ms
[4533.220s][debug][gc,ref         ] GC(158) ReferenceProcessor::execute queues: 1, RefProcThreadModel::Single, marks_oops_alive: false
[4533.220s][debug][gc,ref         ] GC(158) Skipped KeepAliveFinalRefsPhase of Reference Processing: no references
[4533.220s][debug][gc,ref         ] GC(158) Skipped PhantomRefsPhase of Reference Processing: no references
[4533.220s][debug][gc,phases      ] GC(158) Reference Processing 0.093ms
[4533.220s][debug][gc,phases      ] GC(158)   VM Weak                        Min: 0.00, Avg: 0.00, Max: 0.01, Diff: 0.01, Sum: 0.01, Workers: 4
[4533.220s][debug][gc,phases      ] GC(158)     Dead                           Min: 0, Avg:  0.0, Max: 0, Diff: 0, Sum: 0, Workers: 4
[4533.220s][debug][gc,phases      ] GC(158)     Total                          Min: 0, Avg: 235.8, Max: 704, Diff: 704, Sum: 943, Workers: 4
[4533.220s][debug][gc,phases      ] GC(158)   ObjectSynchronizer Weak        Min: 0.00, Avg: 0.00, Max: 0.00, Diff: 0.00, Sum: 0.00, Workers: 4
[4533.220s][debug][gc,phases      ] GC(158)     Dead                           Min: 0, Avg:  0.0, Max: 0, Diff: 0, Sum: 0, Workers: 4
[4533.220s][debug][gc,phases      ] GC(158)     Total                          Min: 0, Avg:  1.8, Max: 7, Diff: 7, Sum: 7, Workers: 4
[4533.220s][debug][gc,phases      ] GC(158)   JVMTI Tag Weak OopStorage      Min: 0.00, Avg: 0.00, Max: 0.00, Diff: 0.00, Sum: 0.00, Workers: 4
[4533.220s][debug][gc,phases      ] GC(158)     Dead                           Min: 0, Avg:  0.0, Max: 0, Diff: 0, Sum: 0, Workers: 4
[4533.220s][debug][gc,phases      ] GC(158)     Total                          Min: 0, Avg:  0.0, Max: 0, Diff: 0, Sum: 0, Workers: 4
[4533.220s][debug][gc,phases      ] GC(158)   StringTable Weak               Min: 0.00, Avg: 0.10, Max: 0.13, Diff: 0.13, Sum: 0.39, Workers: 4
[4533.220s][debug][gc,phases      ] GC(158)     Dead                           Min: 0, Avg:  0.5, Max: 2, Diff: 2, Sum: 2, Workers: 4
[4533.220s][debug][gc,phases      ] GC(158)     Total                          Min: 0, Avg: 12752.0, Max: 21568, Diff: 21568, Sum: 51008, Workers: 4
[4533.220s][debug][gc,phases      ] GC(158)   ResolvedMethodTable Weak       Min: 0.00, Avg: 0.03, Max: 0.04, Diff: 0.04, Sum: 0.13, Workers: 4
[4533.220s][debug][gc,phases      ] GC(158)     Dead                           Min: 0, Avg:  1.0, Max: 2, Diff: 2, Sum: 4, Workers: 4
[4533.220s][debug][gc,phases      ] GC(158)     Total                          Min: 0, Avg: 4286.2, Max: 7486, Diff: 7486, Sum: 17145, Workers: 4
[4533.220s][debug][gc,phases      ] GC(158)   JNI Weak                       Min: 0.00, Avg: 0.00, Max: 0.00, Diff: 0.00, Sum: 0.00, Workers: 4
[4533.220s][debug][gc,phases      ] GC(158)     Dead                           Min: 0, Avg:  0.0, Max: 0, Diff: 0, Sum: 0, Workers: 4
[4533.220s][debug][gc,phases      ] GC(158)     Total                          Min: 0, Avg: 13.0, Max: 48, Diff: 48, Sum: 52, Workers: 4
[4533.220s][debug][gc,phases      ] GC(158)   StringDedup Table Weak         Min: 0.00, Avg: 0.00, Max: 0.00, Diff: 0.00, Sum: 0.00, Workers: 4
[4533.220s][debug][gc,phases      ] GC(158)     Dead                           Min: 0, Avg:  0.0, Max: 0, Diff: 0, Sum: 0, Workers: 4
[4533.220s][debug][gc,phases      ] GC(158)     Total                          Min: 0, Avg:  0.0, Max: 0, Diff: 0, Sum: 0, Workers: 4
[4533.220s][debug][gc,phases      ] GC(158)   StringDedup Requests0 Weak     Min: 0.00, Avg: 0.00, Max: 0.00, Diff: 0.00, Sum: 0.00, Workers: 4
[4533.220s][debug][gc,phases      ] GC(158)     Dead                           Min: 0, Avg:  0.0, Max: 0, Diff: 0, Sum: 0, Workers: 4
[4533.220s][debug][gc,phases      ] GC(158)     Total                          Min: 0, Avg:  0.0, Max: 0, Diff: 0, Sum: 0, Workers: 4
[4533.220s][debug][gc,phases      ] GC(158)   StringDedup Requests1 Weak     Min: 0.00, Avg: 0.00, Max: 0.00, Diff: 0.00, Sum: 0.00, Workers: 4
[4533.220s][debug][gc,phases      ] GC(158)     Dead                           Min: 0, Avg:  0.0, Max: 0, Diff: 0, Sum: 0, Workers: 4
[4533.220s][debug][gc,phases      ] GC(158)     Total                          Min: 0, Avg:  0.0, Max: 0, Diff: 0, Sum: 0, Workers: 4
[4533.220s][debug][gc,phases      ] GC(158)   Weak JFR Old Object Samples    Min: 0.00, Avg: 0.00, Max: 0.00, Diff: 0.00, Sum: 0.00, Workers: 4
[4533.220s][debug][gc,phases      ] GC(158)     Dead                           Min: 0, Avg:  0.0, Max: 0, Diff: 0, Sum: 0, Workers: 4
[4533.220s][debug][gc,phases      ] GC(158)     Total                          Min: 0, Avg:  0.0, Max: 0, Diff: 0, Sum: 0, Workers: 4
[4533.220s][debug][gc,phases      ] GC(158) Weak Processing 0.348ms
[4533.220s][debug][gc,age         ] GC(158) Desired survivor size 80216064 bytes, new threshold 1 (max threshold 15)
[4533.220s][info ][gc,heap        ] GC(158) PSYoungGen: 1975056K(1987584K)->10336K(2015744K) Eden: 1934336K(1934336K)->0K(1934336K) From: 40720K(53248K)->10336K(81408K)
[4533.220s][info ][gc,heap        ] GC(158) ParOldGen: 1006922K(1007104K)->1045516K(1046016K)
[4533.220s][info ][gc,metaspace   ] GC(158) Metaspace: 111987K(113280K)->111987K(113280K) NonClass: 95702K(96448K)->95702K(96448K) Class: 16285K(16832K)->16285K(16832K)
[4533.220s][info ][gc             ] GC(158) Pause Young (Allocation Failure) 2912M->1031M(2990M) 24.475ms
[4533.220s][info ][gc,cpu         ] GC(158) User=0.06s Sys=0.03s Real=0.03s
[4533.220s][info ][safepoint      ] Safepoint "ParallelCollectForAllocation", Time since last: 14604825939 ns, Reaching safepoint: 9200 ns, At safepoint: 24551084 ns, Leaving safepoint: 10500 ns, Total: 24570784 ns, Threads: 0 runnable, 41 total
[4549.261s][info ][gc,start       ] GC(159) Pause Young (Allocation Failure)
[4549.269s][debug][gc,phases      ] GC(159) Scavenge 8.515ms
[4549.269s][debug][gc,ref         ] GC(159) ReferenceProcessor::execute queues: 1, RefProcThreadModel::Single, marks_oops_alive: false
[4549.269s][debug][gc,ref         ] GC(159) Skipped KeepAliveFinalRefsPhase of Reference Processing: no references
[4549.269s][debug][gc,ref         ] GC(159) Skipped PhantomRefsPhase of Reference Processing: no references
[4549.269s][debug][gc,phases      ] GC(159) Reference Processing 0.097ms
[4549.270s][debug][gc,phases      ] GC(159)   VM Weak                        Min: 0.00, Avg: 0.00, Max: 0.01, Diff: 0.01, Sum: 0.01, Workers: 4
[4549.270s][debug][gc,phases      ] GC(159)     Dead                           Min: 0, Avg:  0.0, Max: 0, Diff: 0, Sum: 0, Workers: 4
[4549.270s][debug][gc,phases      ] GC(159)     Total                          Min: 0, Avg: 235.8, Max: 943, Diff: 943, Sum: 943, Workers: 4
[4549.270s][debug][gc,phases      ] GC(159)   ObjectSynchronizer Weak        Min: 0.00, Avg: 0.00, Max: 0.00, Diff: 0.00, Sum: 0.00, Workers: 4
[4549.270s][debug][gc,phases      ] GC(159)     Dead                           Min: 0, Avg:  0.0, Max: 0, Diff: 0, Sum: 0, Workers: 4
[4549.270s][debug][gc,phases      ] GC(159)     Total                          Min: 0, Avg:  1.8, Max: 7, Diff: 7, Sum: 7, Workers: 4
[4549.270s][debug][gc,phases      ] GC(159)   JVMTI Tag Weak OopStorage      Min: 0.00, Avg: 0.00, Max: 0.00, Diff: 0.00, Sum: 0.00, Workers: 4
[4549.270s][debug][gc,phases      ] GC(159)     Dead                           Min: 0, Avg:  0.0, Max: 0, Diff: 0, Sum: 0, Workers: 4
[4549.270s][debug][gc,phases      ] GC(159)     Total                          Min: 0, Avg:  0.0, Max: 0, Diff: 0, Sum: 0, Workers: 4
[4549.270s][debug][gc,phases      ] GC(159)   StringTable Weak               Min: 0.00, Avg: 0.10, Max: 0.14, Diff: 0.14, Sum: 0.40, Workers: 4
[4549.270s][debug][gc,phases      ] GC(159)     Dead                           Min: 0, Avg:  0.2, Max: 1, Diff: 1, Sum: 1, Workers: 4
[4549.270s][debug][gc,phases      ] GC(159)     Total                          Min: 0, Avg: 12753.5, Max: 20928, Diff: 20928, Sum: 51014, Workers: 4
[4549.270s][debug][gc,phases      ] GC(159)   ResolvedMethodTable Weak       Min: 0.00, Avg: 0.03, Max: 0.05, Diff: 0.05, Sum: 0.14, Workers: 4
[4549.270s][debug][gc,phases      ] GC(159)     Dead                           Min: 0, Avg:  5.0, Max: 20, Diff: 20, Sum: 20, Workers: 4
[4549.270s][debug][gc,phases      ] GC(159)     Total                          Min: 0, Avg: 4288.2, Max: 7351, Diff: 7351, Sum: 17153, Workers: 4
[4549.270s][debug][gc,phases      ] GC(159)   JNI Weak                       Min: 0.00, Avg: 0.00, Max: 0.00, Diff: 0.00, Sum: 0.00, Workers: 4
[4549.270s][debug][gc,phases      ] GC(159)     Dead                           Min: 0, Avg:  0.0, Max: 0, Diff: 0, Sum: 0, Workers: 4
[4549.270s][debug][gc,phases      ] GC(159)     Total                          Min: 0, Avg: 13.0, Max: 48, Diff: 48, Sum: 52, Workers: 4
[4549.270s][debug][gc,phases      ] GC(159)   StringDedup Table Weak         Min: 0.00, Avg: 0.00, Max: 0.00, Diff: 0.00, Sum: 0.00, Workers: 4
[4549.270s][debug][gc,phases      ] GC(159)     Dead                           Min: 0, Avg:  0.0, Max: 0, Diff: 0, Sum: 0, Workers: 4
[4549.270s][debug][gc,phases      ] GC(159)     Total                          Min: 0, Avg:  0.0, Max: 0, Diff: 0, Sum: 0, Workers: 4
[4549.270s][debug][gc,phases      ] GC(159)   StringDedup Requests0 Weak     Min: 0.00, Avg: 0.00, Max: 0.00, Diff: 0.00, Sum: 0.00, Workers: 4
[4549.270s][debug][gc,phases      ] GC(159)     Dead                           Min: 0, Avg:  0.0, Max: 0, Diff: 0, Sum: 0, Workers: 4
[4549.270s][debug][gc,phases      ] GC(159)     Total                          Min: 0, Avg:  0.0, Max: 0, Diff: 0, Sum: 0, Workers: 4
[4549.270s][debug][gc,phases      ] GC(159)   StringDedup Requests1 Weak     Min: 0.00, Avg: 0.00, Max: 0.00, Diff: 0.00, Sum: 0.00, Workers: 4
[4549.270s][debug][gc,phases      ] GC(159)     Dead                           Min: 0, Avg:  0.0, Max: 0, Diff: 0, Sum: 0, Workers: 4
[4549.270s][debug][gc,phases      ] GC(159)     Total                          Min: 0, Avg:  0.0, Max: 0, Diff: 0, Sum: 0, Workers: 4
[4549.270s][debug][gc,phases      ] GC(159)   Weak JFR Old Object Samples    Min: 0.00, Avg: 0.00, Max: 0.00, Diff: 0.00, Sum: 0.00, Workers: 4
[4549.270s][debug][gc,phases      ] GC(159)     Dead                           Min: 0, Avg:  0.0, Max: 0, Diff: 0, Sum: 0, Workers: 4
[4549.270s][debug][gc,phases      ] GC(159)     Total                          Min: 0, Avg:  0.0, Max: 0, Diff: 0, Sum: 0, Workers: 4
[4549.270s][debug][gc,phases      ] GC(159) Weak Processing 0.389ms
[4549.270s][debug][gc,age         ] GC(159) Desired survivor size 77070336 bytes, new threshold 1 (max threshold 15)
[4549.270s][info ][gc,heap        ] GC(159) PSYoungGen: 1944672K(2015744K)->8976K(2021888K) Eden: 1934336K(1934336K)->0K(1943552K) From: 10336K(81408K)->8976K(78336K)
[4549.270s][info ][gc,heap        ] GC(159) ParOldGen: 1045516K(1046016K)->1050961K(1051136K)
[4549.270s][info ][gc,metaspace   ] GC(159) Metaspace: 111997K(113280K)->111997K(113280K) NonClass: 95708K(96448K)->95708K(96448K) Class: 16288K(16832K)->16288K(16832K)
[4549.270s][info ][gc             ] GC(159) Pause Young (Allocation Failure) 2920M->1035M(3001M) 9.104ms
[4549.270s][info ][gc,cpu         ] GC(159) User=0.03s Sys=0.01s Real=0.01s
[4549.270s][info ][safepoint      ] Safepoint "ParallelCollectForAllocation", Time since last: 16040453750 ns, Reaching safepoint: 21400 ns, At safepoint: 9168758 ns, Leaving safepoint: 3500 ns, Total: 9193658 ns, Threads: 0 runnable, 41 total
[4566.341s][info ][gc,start       ] GC(160) Pause Young (Allocation Failure)
[4566.350s][debug][gc,phases      ] GC(160) Scavenge 8.589ms
[4566.350s][debug][gc,ref         ] GC(160) ReferenceProcessor::execute queues: 1, RefProcThreadModel::Single, marks_oops_alive: false
[4566.350s][debug][gc,ref         ] GC(160) Skipped KeepAliveFinalRefsPhase of Reference Processing: no references
[4566.350s][debug][gc,ref         ] GC(160) Skipped PhantomRefsPhase of Reference Processing: no references
[4566.350s][debug][gc,phases      ] GC(160) Reference Processing 0.101ms
[4566.350s][debug][gc,phases      ] GC(160)   VM Weak                        Min: 0.00, Avg: 0.00, Max: 0.01, Diff: 0.01, Sum: 0.01, Workers: 4
[4566.350s][debug][gc,phases      ] GC(160)     Dead                           Min: 0, Avg:  0.0, Max: 0, Diff: 0, Sum: 0, Workers: 4
[4566.350s][debug][gc,phases      ] GC(160)     Total                          Min: 0, Avg: 235.8, Max: 751, Diff: 751, Sum: 943, Workers: 4
[4566.350s][debug][gc,phases      ] GC(160)   ObjectSynchronizer Weak        Min: 0.00, Avg: 0.00, Max: 0.00, Diff: 0.00, Sum: 0.00, Workers: 4
[4566.350s][debug][gc,phases      ] GC(160)     Dead                           Min: 0, Avg:  0.0, Max: 0, Diff: 0, Sum: 0, Workers: 4
[4566.350s][debug][gc,phases      ] GC(160)     Total                          Min: 0, Avg:  1.2, Max: 5, Diff: 5, Sum: 5, Workers: 4
[4566.350s][debug][gc,phases      ] GC(160)   JVMTI Tag Weak OopStorage      Min: 0.00, Avg: 0.00, Max: 0.00, Diff: 0.00, Sum: 0.00, Workers: 4
[4566.350s][debug][gc,phases      ] GC(160)     Dead                           Min: 0, Avg:  0.0, Max: 0, Diff: 0, Sum: 0, Workers: 4
[4566.350s][debug][gc,phases      ] GC(160)     Total                          Min: 0, Avg:  0.0, Max: 0, Diff: 0, Sum: 0, Workers: 4
[4566.350s][debug][gc,phases      ] GC(160)   StringTable Weak               Min: 0.00, Avg: 0.11, Max: 0.15, Diff: 0.15, Sum: 0.46, Workers: 4
[4566.350s][debug][gc,phases      ] GC(160)     Dead                           Min: 0, Avg:  0.0, Max: 0, Diff: 0, Sum: 0, Workers: 4
[4566.350s][debug][gc,phases      ] GC(160)     Total                          Min: 0, Avg: 12753.5, Max: 17408, Diff: 17408, Sum: 51014, Workers: 4
[4566.350s][debug][gc,phases      ] GC(160)   ResolvedMethodTable Weak       Min: 0.00, Avg: 0.04, Max: 0.05, Diff: 0.05, Sum: 0.16, Workers: 4
[4566.350s][debug][gc,phases      ] GC(160)     Dead                           Min: 0, Avg:  5.0, Max: 20, Diff: 20, Sum: 20, Workers: 4
[4566.350s][debug][gc,phases      ] GC(160)     Total                          Min: 0, Avg: 4288.2, Max: 5942, Diff: 5942, Sum: 17153, Workers: 4
[4566.350s][debug][gc,phases      ] GC(160)   JNI Weak                       Min: 0.00, Avg: 0.00, Max: 0.00, Diff: 0.00, Sum: 0.00, Workers: 4
[4566.350s][debug][gc,phases      ] GC(160)     Dead                           Min: 0, Avg:  0.0, Max: 0, Diff: 0, Sum: 0, Workers: 4
[4566.350s][debug][gc,phases      ] GC(160)     Total                          Min: 0, Avg: 13.0, Max: 48, Diff: 48, Sum: 52, Workers: 4
[4566.350s][debug][gc,phases      ] GC(160)   StringDedup Table Weak         Min: 0.00, Avg: 0.00, Max: 0.00, Diff: 0.00, Sum: 0.00, Workers: 4
[4566.350s][debug][gc,phases      ] GC(160)     Dead                           Min: 0, Avg:  0.0, Max: 0, Diff: 0, Sum: 0, Workers: 4
[4566.350s][debug][gc,phases      ] GC(160)     Total                          Min: 0, Avg:  0.0, Max: 0, Diff: 0, Sum: 0, Workers: 4
[4566.350s][debug][gc,phases      ] GC(160)   StringDedup Requests0 Weak     Min: 0.00, Avg: 0.00, Max: 0.00, Diff: 0.00, Sum: 0.00, Workers: 4
[4566.350s][debug][gc,phases      ] GC(160)     Dead                           Min: 0, Avg:  0.0, Max: 0, Diff: 0, Sum: 0, Workers: 4
[4566.350s][debug][gc,phases      ] GC(160)     Total                          Min: 0, Avg:  0.0, Max: 0, Diff: 0, Sum: 0, Workers: 4
[4566.350s][debug][gc,phases      ] GC(160)   StringDedup Requests1 Weak     Min: 0.00, Avg: 0.00, Max: 0.00, Diff: 0.00, Sum: 0.00, Workers: 4
[4566.350s][debug][gc,phases      ] GC(160)     Dead                           Min: 0, Avg:  0.0, Max: 0, Diff: 0, Sum: 0, Workers: 4
[4566.350s][debug][gc,phases      ] GC(160)     Total                          Min: 0, Avg:  0.0, Max: 0, Diff: 0, Sum: 0, Workers: 4
[4566.350s][debug][gc,phases      ] GC(160)   Weak JFR Old Object Samples    Min: 0.00, Avg: 0.00, Max: 0.00, Diff: 0.00, Sum: 0.00, Workers: 4
[4566.350s][debug][gc,phases      ] GC(160)     Dead                           Min: 0, Avg:  0.0, Max: 0, Diff: 0, Sum: 0, Workers: 4
[4566.350s][debug][gc,phases      ] GC(160)     Total                          Min: 0, Avg:  0.0, Max: 0, Diff: 0, Sum: 0, Workers: 4
[4566.350s][debug][gc,phases      ] GC(160) Weak Processing 0.406ms
[4566.350s][debug][gc,age         ] GC(160) Desired survivor size 74448896 bytes, new threshold 1 (max threshold 15)
[4566.350s][info ][gc,heap        ] GC(160) PSYoungGen: 1952528K(2021888K)->6832K(2018816K) Eden: 1943552K(1943552K)->0K(1943552K) From: 8976K(78336K)->6832K(75264K)
[4566.350s][info ][gc,heap        ] GC(160) ParOldGen: 1050961K(1051136K)->1054998K(1055232K)
[4566.350s][info ][gc,metaspace   ] GC(160) Metaspace: 112001K(113280K)->112001K(113280K) NonClass: 95713K(96448K)->95713K(96448K) Class: 16288K(16832K)->16288K(16832K)
[4566.350s][info ][gc             ] GC(160) Pause Young (Allocation Failure) 2933M->1036M(3002M) 9.207ms
[4566.350s][info ][gc,cpu         ] GC(160) User=0.02s Sys=0.01s Real=0.01s
[4566.350s][info ][safepoint      ] Safepoint "ParallelCollectForAllocation", Time since last: 17071349300 ns, Reaching safepoint: 78500 ns, At safepoint: 9277156 ns, Leaving safepoint: 11500 ns, Total: 9367156 ns, Threads: 1 runnable, 41 total
[4583.956s][info ][gc,start       ] GC(161) Pause Young (Allocation Failure)
[4583.963s][debug][gc,phases      ] GC(161) Scavenge 6.586ms
[4583.963s][debug][gc,ref         ] GC(161) Skipped SoftWeakFinalRefsPhase of Reference Processing: no references
[4583.963s][debug][gc,ref         ] GC(161) Skipped KeepAliveFinalRefsPhase of Reference Processing: no references
[4583.963s][debug][gc,ref         ] GC(161) Skipped PhantomRefsPhase of Reference Processing: no references
[4583.963s][debug][gc,phases      ] GC(161) Reference Processing 0.022ms
[4583.963s][debug][gc,phases      ] GC(161)   VM Weak                        Min: 0.00, Avg: 0.00, Max: 0.01, Diff: 0.00, Sum: 0.01, Workers: 4
[4583.963s][debug][gc,phases      ] GC(161)     Dead                           Min: 0, Avg:  0.0, Max: 0, Diff: 0, Sum: 0, Workers: 4
[4583.963s][debug][gc,phases      ] GC(161)     Total                          Min: 0, Avg: 235.8, Max: 495, Diff: 495, Sum: 943, Workers: 4
[4583.963s][debug][gc,phases      ] GC(161)   ObjectSynchronizer Weak        Min: 0.00, Avg: 0.00, Max: 0.00, Diff: 0.00, Sum: 0.00, Workers: 4
[4583.963s][debug][gc,phases      ] GC(161)     Dead                           Min: 0, Avg:  0.0, Max: 0, Diff: 0, Sum: 0, Workers: 4
[4583.963s][debug][gc,phases      ] GC(161)     Total                          Min: 0, Avg:  1.5, Max: 6, Diff: 6, Sum: 6, Workers: 4
[4583.963s][debug][gc,phases      ] GC(161)   JVMTI Tag Weak OopStorage      Min: 0.00, Avg: 0.00, Max: 0.00, Diff: 0.00, Sum: 0.00, Workers: 4
[4583.963s][debug][gc,phases      ] GC(161)     Dead                           Min: 0, Avg:  0.0, Max: 0, Diff: 0, Sum: 0, Workers: 4
[4583.963s][debug][gc,phases      ] GC(161)     Total                          Min: 0, Avg:  0.0, Max: 0, Diff: 0, Sum: 0, Workers: 4
[4583.963s][debug][gc,phases      ] GC(161)   StringTable Weak               Min: 0.00, Avg: 0.10, Max: 0.14, Diff: 0.14, Sum: 0.40, Workers: 4
[4583.963s][debug][gc,phases      ] GC(161)     Dead                           Min: 0, Avg:  0.0, Max: 0, Diff: 0, Sum: 0, Workers: 4
[4583.963s][debug][gc,phases      ] GC(161)     Total                          Min: 0, Avg: 12754.2, Max: 21450, Diff: 21450, Sum: 51017, Workers: 4
[4583.963s][debug][gc,phases      ] GC(161)   ResolvedMethodTable Weak       Min: 0.00, Avg: 0.03, Max: 0.05, Diff: 0.05, Sum: 0.13, Workers: 4
[4583.963s][debug][gc,phases      ] GC(161)     Dead                           Min: 0, Avg:  0.0, Max: 0, Diff: 0, Sum: 0, Workers: 4
[4583.963s][debug][gc,phases      ] GC(161)     Total                          Min: 0, Avg: 4288.2, Max: 7418, Diff: 7418, Sum: 17153, Workers: 4
[4583.963s][debug][gc,phases      ] GC(161)   JNI Weak                       Min: 0.00, Avg: 0.00, Max: 0.00, Diff: 0.00, Sum: 0.00, Workers: 4
[4583.963s][debug][gc,phases      ] GC(161)     Dead                           Min: 0, Avg:  0.0, Max: 0, Diff: 0, Sum: 0, Workers: 4
[4583.963s][debug][gc,phases      ] GC(161)     Total                          Min: 0, Avg: 13.0, Max: 48, Diff: 48, Sum: 52, Workers: 4
[4583.963s][debug][gc,phases      ] GC(161)   StringDedup Table Weak         Min: 0.00, Avg: 0.00, Max: 0.00, Diff: 0.00, Sum: 0.00, Workers: 4
[4583.963s][debug][gc,phases      ] GC(161)     Dead                           Min: 0, Avg:  0.0, Max: 0, Diff: 0, Sum: 0, Workers: 4
[4583.963s][debug][gc,phases      ] GC(161)     Total                          Min: 0, Avg:  0.0, Max: 0, Diff: 0, Sum: 0, Workers: 4
[4583.963s][debug][gc,phases      ] GC(161)   StringDedup Requests0 Weak     Min: 0.00, Avg: 0.00, Max: 0.00, Diff: 0.00, Sum: 0.00, Workers: 4
[4583.963s][debug][gc,phases      ] GC(161)     Dead                           Min: 0, Avg:  0.0, Max: 0, Diff: 0, Sum: 0, Workers: 4
[4583.963s][debug][gc,phases      ] GC(161)     Total                          Min: 0, Avg:  0.0, Max: 0, Diff: 0, Sum: 0, Workers: 4
[4583.963s][debug][gc,phases      ] GC(161)   StringDedup Requests1 Weak     Min: 0.00, Avg: 0.00, Max: 0.00, Diff: 0.00, Sum: 0.00, Workers: 4
[4583.963s][debug][gc,phases      ] GC(161)     Dead                           Min: 0, Avg:  0.0, Max: 0, Diff: 0, Sum: 0, Workers: 4
[4583.963s][debug][gc,phases      ] GC(161)     Total                          Min: 0, Avg:  0.0, Max: 0, Diff: 0, Sum: 0, Workers: 4
[4583.963s][debug][gc,phases      ] GC(161)   Weak JFR Old Object Samples    Min: 0.00, Avg: 0.00, Max: 0.00, Diff: 0.00, Sum: 0.00, Workers: 4
[4583.963s][debug][gc,phases      ] GC(161)     Dead                           Min: 0, Avg:  0.0, Max: 0, Diff: 0, Sum: 0, Workers: 4
[4583.963s][debug][gc,phases      ] GC(161)     Total                          Min: 0, Avg:  0.0, Max: 0, Diff: 0, Sum: 0, Workers: 4
[4583.963s][debug][gc,phases      ] GC(161) Weak Processing 0.387ms
[4583.963s][debug][gc,age         ] GC(161) Desired survivor size 71303168 bytes, new threshold 1 (max threshold 15)
[4583.963s][info ][gc,heap        ] GC(161) PSYoungGen: 1950384K(2018816K)->7840K(2027520K) Eden: 1943552K(1943552K)->0K(1954816K) From: 6832K(75264K)->7840K(72704K)
[4583.963s][info ][gc,heap        ] GC(161) ParOldGen: 1054998K(1055232K)->1056811K(1057280K)
[4583.963s][info ][gc,metaspace   ] GC(161) Metaspace: 112023K(113280K)->112023K(113280K) NonClass: 95735K(96448K)->95735K(96448K) Class: 16288K(16832K)->16288K(16832K)
[4583.963s][info ][gc             ] GC(161) Pause Young (Allocation Failure) 2934M->1039M(3012M) 7.107ms
[4583.963s][info ][gc,cpu         ] GC(161) User=0.02s Sys=0.01s Real=0.01s
[4583.963s][info ][safepoint      ] Safepoint "ParallelCollectForAllocation", Time since last: 17605529418 ns, Reaching safepoint: 83999 ns, At safepoint: 7170568 ns, Leaving safepoint: 12900 ns, Total: 7267467 ns, Threads: 1 runnable, 36 total
[4599.592s][info ][gc,start       ] GC(162) Pause Young (Allocation Failure)
[4599.602s][debug][gc,phases      ] GC(162) Scavenge 10.140ms
[4599.602s][debug][gc,ref         ] GC(162) ReferenceProcessor::execute queues: 1, RefProcThreadModel::Single, marks_oops_alive: false
[4599.602s][debug][gc,ref         ] GC(162) Skipped KeepAliveFinalRefsPhase of Reference Processing: no references
[4599.602s][debug][gc,ref         ] GC(162) Skipped PhantomRefsPhase of Reference Processing: no references
[4599.602s][debug][gc,phases      ] GC(162) Reference Processing 0.125ms
[4599.603s][debug][gc,phases      ] GC(162)   VM Weak                        Min: 0.00, Avg: 0.00, Max: 0.01, Diff: 0.01, Sum: 0.01, Workers: 4
[4599.603s][debug][gc,phases      ] GC(162)     Dead                           Min: 0, Avg:  0.0, Max: 0, Diff: 0, Sum: 0, Workers: 4
[4599.603s][debug][gc,phases      ] GC(162)     Total                          Min: 0, Avg: 235.8, Max: 943, Diff: 943, Sum: 943, Workers: 4
[4599.603s][debug][gc,phases      ] GC(162)   ObjectSynchronizer Weak        Min: 0.00, Avg: 0.00, Max: 0.00, Diff: 0.00, Sum: 0.00, Workers: 4
[4599.603s][debug][gc,phases      ] GC(162)     Dead                           Min: 0, Avg:  0.0, Max: 0, Diff: 0, Sum: 0, Workers: 4
[4599.603s][debug][gc,phases      ] GC(162)     Total                          Min: 0, Avg:  1.8, Max: 7, Diff: 7, Sum: 7, Workers: 4
[4599.603s][debug][gc,phases      ] GC(162)   JVMTI Tag Weak OopStorage      Min: 0.00, Avg: 0.00, Max: 0.00, Diff: 0.00, Sum: 0.00, Workers: 4
[4599.603s][debug][gc,phases      ] GC(162)     Dead                           Min: 0, Avg:  0.0, Max: 0, Diff: 0, Sum: 0, Workers: 4
[4599.603s][debug][gc,phases      ] GC(162)     Total                          Min: 0, Avg:  0.0, Max: 0, Diff: 0, Sum: 0, Workers: 4
[4599.603s][debug][gc,phases      ] GC(162)   StringTable Weak               Min: 0.00, Avg: 0.12, Max: 0.16, Diff: 0.16, Sum: 0.47, Workers: 4
[4599.603s][debug][gc,phases      ] GC(162)     Dead                           Min: 0, Avg:  0.0, Max: 0, Diff: 0, Sum: 0, Workers: 4
[4599.603s][debug][gc,phases      ] GC(162)     Total                          Min: 0, Avg: 12756.0, Max: 17489, Diff: 17489, Sum: 51024, Workers: 4
[4599.603s][debug][gc,phases      ] GC(162)   ResolvedMethodTable Weak       Min: 0.00, Avg: 0.05, Max: 0.08, Diff: 0.08, Sum: 0.18, Workers: 4
[4599.603s][debug][gc,phases      ] GC(162)     Dead                           Min: 0, Avg:  5.0, Max: 20, Diff: 20, Sum: 20, Workers: 4
[4599.603s][debug][gc,phases      ] GC(162)     Total                          Min: 0, Avg: 4288.2, Max: 5902, Diff: 5902, Sum: 17153, Workers: 4
[4599.603s][debug][gc,phases      ] GC(162)   JNI Weak                       Min: 0.00, Avg: 0.00, Max: 0.00, Diff: 0.00, Sum: 0.00, Workers: 4
[4599.603s][debug][gc,phases      ] GC(162)     Dead                           Min: 0, Avg:  0.0, Max: 0, Diff: 0, Sum: 0, Workers: 4
[4599.603s][debug][gc,phases      ] GC(162)     Total                          Min: 0, Avg: 13.0, Max: 52, Diff: 52, Sum: 52, Workers: 4
[4599.603s][debug][gc,phases      ] GC(162)   StringDedup Table Weak         Min: 0.00, Avg: 0.00, Max: 0.00, Diff: 0.00, Sum: 0.00, Workers: 4
[4599.603s][debug][gc,phases      ] GC(162)     Dead                           Min: 0, Avg:  0.0, Max: 0, Diff: 0, Sum: 0, Workers: 4
[4599.603s][debug][gc,phases      ] GC(162)     Total                          Min: 0, Avg:  0.0, Max: 0, Diff: 0, Sum: 0, Workers: 4
[4599.603s][debug][gc,phases      ] GC(162)   StringDedup Requests0 Weak     Min: 0.00, Avg: 0.00, Max: 0.00, Diff: 0.00, Sum: 0.00, Workers: 4
[4599.603s][debug][gc,phases      ] GC(162)     Dead                           Min: 0, Avg:  0.0, Max: 0, Diff: 0, Sum: 0, Workers: 4
[4599.603s][debug][gc,phases      ] GC(162)     Total                          Min: 0, Avg:  0.0, Max: 0, Diff: 0, Sum: 0, Workers: 4
[4599.603s][debug][gc,phases      ] GC(162)   StringDedup Requests1 Weak     Min: 0.00, Avg: 0.00, Max: 0.00, Diff: 0.00, Sum: 0.00, Workers: 4
[4599.603s][debug][gc,phases      ] GC(162)     Dead                           Min: 0, Avg:  0.0, Max: 0, Diff: 0, Sum: 0, Workers: 4
[4599.603s][debug][gc,phases      ] GC(162)     Total                          Min: 0, Avg:  0.0, Max: 0, Diff: 0, Sum: 0, Workers: 4
[4599.603s][debug][gc,phases      ] GC(162)   Weak JFR Old Object Samples    Min: 0.00, Avg: 0.00, Max: 0.00, Diff: 0.00, Sum: 0.00, Workers: 4
[4599.603s][debug][gc,phases      ] GC(162)     Dead                           Min: 0, Avg:  0.0, Max: 0, Diff: 0, Sum: 0, Workers: 4
[4599.603s][debug][gc,phases      ] GC(162)     Total                          Min: 0, Avg:  0.0, Max: 0, Diff: 0, Sum: 0, Workers: 4
[4599.603s][debug][gc,phases      ] GC(162) Weak Processing 0.427ms
[4599.603s][debug][gc,age         ] GC(162) Desired survivor size 68157440 bytes, new threshold 1 (max threshold 15)
[4599.603s][info ][gc,heap        ] GC(162) PSYoungGen: 1962656K(2027520K)->8224K(2024448K) Eden: 1954816K(1954816K)->0K(1954816K) From: 7840K(72704K)->8224K(69632K)
[4599.603s][info ][gc,heap        ] GC(162) ParOldGen: 1056811K(1057280K)->1059372K(1059840K)
[4599.603s][info ][gc,metaspace   ] GC(162) Metaspace: 112029K(113280K)->112029K(113280K) NonClass: 95741K(96448K)->95741K(96448K) Class: 16288K(16832K)->16288K(16832K)
[4599.603s][info ][gc             ] GC(162) Pause Young (Allocation Failure) 2948M->1042M(3012M) 10.814ms
[4599.603s][info ][gc,cpu         ] GC(162) User=0.03s Sys=0.01s Real=0.01s
[4599.603s][info ][safepoint      ] Safepoint "ParallelCollectForAllocation", Time since last: 15628551130 ns, Reaching safepoint: 81400 ns, At safepoint: 10879949 ns, Leaving safepoint: 14600 ns, Total: 10975949 ns, Threads: 1 runnable, 35 total
[4615.112s][info ][gc,start       ] GC(163) Pause Young (Allocation Failure)
[4615.121s][debug][gc,phases      ] GC(163) Scavenge 9.046ms
[4615.121s][debug][gc,ref         ] GC(163) ReferenceProcessor::execute queues: 1, RefProcThreadModel::Single, marks_oops_alive: false
[4615.121s][debug][gc,ref         ] GC(163) Skipped KeepAliveFinalRefsPhase of Reference Processing: no references
[4615.121s][debug][gc,ref         ] GC(163) Skipped PhantomRefsPhase of Reference Processing: no references
[4615.121s][debug][gc,phases      ] GC(163) Reference Processing 0.099ms
[4615.121s][debug][gc,phases      ] GC(163)   VM Weak                        Min: 0.00, Avg: 0.00, Max: 0.00, Diff: 0.00, Sum: 0.01, Workers: 4
[4615.121s][debug][gc,phases      ] GC(163)     Dead                           Min: 0, Avg:  0.0, Max: 0, Diff: 0, Sum: 0, Workers: 4
[4615.121s][debug][gc,phases      ] GC(163)     Total                          Min: 0, Avg: 235.8, Max: 495, Diff: 495, Sum: 943, Workers: 4
[4615.121s][debug][gc,phases      ] GC(163)   ObjectSynchronizer Weak        Min: 0.00, Avg: 0.00, Max: 0.00, Diff: 0.00, Sum: 0.00, Workers: 4
[4615.121s][debug][gc,phases      ] GC(163)     Dead                           Min: 0, Avg:  0.0, Max: 0, Diff: 0, Sum: 0, Workers: 4
[4615.121s][debug][gc,phases      ] GC(163)     Total                          Min: 0, Avg:  1.8, Max: 7, Diff: 7, Sum: 7, Workers: 4
[4615.121s][debug][gc,phases      ] GC(163)   JVMTI Tag Weak OopStorage      Min: 0.00, Avg: 0.00, Max: 0.00, Diff: 0.00, Sum: 0.00, Workers: 4
[4615.121s][debug][gc,phases      ] GC(163)     Dead                           Min: 0, Avg:  0.0, Max: 0, Diff: 0, Sum: 0, Workers: 4
[4615.121s][debug][gc,phases      ] GC(163)     Total                          Min: 0, Avg:  0.0, Max: 0, Diff: 0, Sum: 0, Workers: 4
[4615.121s][debug][gc,phases      ] GC(163)   StringTable Weak               Min: 0.07, Avg: 0.12, Max: 0.14, Diff: 0.07, Sum: 0.49, Workers: 4
[4615.121s][debug][gc,phases      ] GC(163)     Dead                           Min: 0, Avg:  0.2, Max: 1, Diff: 1, Sum: 1, Workers: 4
[4615.121s][debug][gc,phases      ] GC(163)     Total                          Min: 7616, Avg: 12756.2, Max: 15487, Diff: 7871, Sum: 51025, Workers: 4
[4615.121s][debug][gc,phases      ] GC(163)   ResolvedMethodTable Weak       Min: 0.04, Avg: 0.04, Max: 0.04, Diff: 0.00, Sum: 0.16, Workers: 4
[4615.121s][debug][gc,phases      ] GC(163)     Dead                           Min: 0, Avg:  5.0, Max: 20, Diff: 20, Sum: 20, Workers: 4
[4615.121s][debug][gc,phases      ] GC(163)     Total                          Min: 4147, Avg: 4288.8, Max: 4540, Diff: 393, Sum: 17155, Workers: 4
[4615.122s][debug][gc,phases      ] GC(163)   JNI Weak                       Min: 0.00, Avg: 0.00, Max: 0.00, Diff: 0.00, Sum: 0.00, Workers: 4
[4615.122s][debug][gc,phases      ] GC(163)     Dead                           Min: 0, Avg:  0.0, Max: 0, Diff: 0, Sum: 0, Workers: 4
[4615.122s][debug][gc,phases      ] GC(163)     Total                          Min: 0, Avg: 13.0, Max: 48, Diff: 48, Sum: 52, Workers: 4
[4615.122s][debug][gc,phases      ] GC(163)   StringDedup Table Weak         Min: 0.00, Avg: 0.00, Max: 0.00, Diff: 0.00, Sum: 0.00, Workers: 4
[4615.122s][debug][gc,phases      ] GC(163)     Dead                           Min: 0, Avg:  0.0, Max: 0, Diff: 0, Sum: 0, Workers: 4
[4615.122s][debug][gc,phases      ] GC(163)     Total                          Min: 0, Avg:  0.0, Max: 0, Diff: 0, Sum: 0, Workers: 4
[4615.122s][debug][gc,phases      ] GC(163)   StringDedup Requests0 Weak     Min: 0.00, Avg: 0.00, Max: 0.00, Diff: 0.00, Sum: 0.00, Workers: 4
[4615.122s][debug][gc,phases      ] GC(163)     Dead                           Min: 0, Avg:  0.0, Max: 0, Diff: 0, Sum: 0, Workers: 4
[4615.122s][debug][gc,phases      ] GC(163)     Total                          Min: 0, Avg:  0.0, Max: 0, Diff: 0, Sum: 0, Workers: 4
[4615.122s][debug][gc,phases      ] GC(163)   StringDedup Requests1 Weak     Min: 0.00, Avg: 0.00, Max: 0.00, Diff: 0.00, Sum: 0.00, Workers: 4
[4615.122s][debug][gc,phases      ] GC(163)     Dead                           Min: 0, Avg:  0.0, Max: 0, Diff: 0, Sum: 0, Workers: 4
[4615.122s][debug][gc,phases      ] GC(163)     Total                          Min: 0, Avg:  0.0, Max: 0, Diff: 0, Sum: 0, Workers: 4
[4615.122s][debug][gc,phases      ] GC(163)   Weak JFR Old Object Samples    Min: 0.00, Avg: 0.00, Max: 0.00, Diff: 0.00, Sum: 0.00, Workers: 4
[4615.122s][debug][gc,phases      ] GC(163)     Dead                           Min: 0, Avg:  0.0, Max: 0, Diff: 0, Sum: 0, Workers: 4
[4615.122s][debug][gc,phases      ] GC(163)     Total                          Min: 0, Avg:  0.0, Max: 0, Diff: 0, Sum: 0, Workers: 4
[4615.122s][debug][gc,phases      ] GC(163) Weak Processing 0.348ms
[4615.122s][debug][gc,age         ] GC(163) Desired survivor size 65011712 bytes, new threshold 1 (max threshold 15)
[4615.122s][info ][gc,heap        ] GC(163) PSYoungGen: 1963040K(2024448K)->8544K(2033664K) Eden: 1954816K(1954816K)->0K(1967104K) From: 8224K(69632K)->8544K(66560K)
[4615.122s][info ][gc,heap        ] GC(163) ParOldGen: 1059372K(1059840K)->1062161K(1062400K)
[4615.122s][info ][gc,metaspace   ] GC(163) Metaspace: 112041K(113344K)->112041K(113344K) NonClass: 95752K(96512K)->95752K(96512K) Class: 16288K(16832K)->16288K(16832K)
[4615.122s][info ][gc             ] GC(163) Pause Young (Allocation Failure) 2951M->1045M(3023M) 9.603ms
[4615.122s][info ][gc,cpu         ] GC(163) User=0.04s Sys=0.00s Real=0.01s
[4615.122s][info ][safepoint      ] Safepoint "ParallelCollectForAllocation", Time since last: 15509155852 ns, Reaching safepoint: 8400 ns, At safepoint: 9679055 ns, Leaving safepoint: 10300 ns, Total: 9697755 ns, Threads: 0 runnable, 36 total
[4630.894s][info ][gc,start       ] GC(164) Pause Young (Allocation Failure)
[4630.904s][debug][gc,phases      ] GC(164) Scavenge 9.991ms
[4630.904s][debug][gc,ref         ] GC(164) Skipped SoftWeakFinalRefsPhase of Reference Processing: no references
[4630.904s][debug][gc,ref         ] GC(164) Skipped KeepAliveFinalRefsPhase of Reference Processing: no references
[4630.904s][debug][gc,ref         ] GC(164) Skipped PhantomRefsPhase of Reference Processing: no references
[4630.904s][debug][gc,phases      ] GC(164) Reference Processing 0.034ms
[4630.904s][debug][gc,phases      ] GC(164)   VM Weak                        Min: 0.00, Avg: 0.00, Max: 0.01, Diff: 0.01, Sum: 0.01, Workers: 4
[4630.904s][debug][gc,phases      ] GC(164)     Dead                           Min: 0, Avg:  0.0, Max: 0, Diff: 0, Sum: 0, Workers: 4
[4630.904s][debug][gc,phases      ] GC(164)     Total                          Min: 0, Avg: 235.8, Max: 704, Diff: 704, Sum: 943, Workers: 4
[4630.904s][debug][gc,phases      ] GC(164)   ObjectSynchronizer Weak        Min: 0.00, Avg: 0.00, Max: 0.00, Diff: 0.00, Sum: 0.00, Workers: 4
[4630.904s][debug][gc,phases      ] GC(164)     Dead                           Min: 0, Avg:  0.0, Max: 0, Diff: 0, Sum: 0, Workers: 4
[4630.904s][debug][gc,phases      ] GC(164)     Total                          Min: 0, Avg:  1.8, Max: 7, Diff: 7, Sum: 7, Workers: 4
[4630.904s][debug][gc,phases      ] GC(164)   JVMTI Tag Weak OopStorage      Min: 0.00, Avg: 0.00, Max: 0.00, Diff: 0.00, Sum: 0.00, Workers: 4
[4630.904s][debug][gc,phases      ] GC(164)     Dead                           Min: 0, Avg:  0.0, Max: 0, Diff: 0, Sum: 0, Workers: 4
[4630.904s][debug][gc,phases      ] GC(164)     Total                          Min: 0, Avg:  0.0, Max: 0, Diff: 0, Sum: 0, Workers: 4
[4630.904s][debug][gc,phases      ] GC(164)   StringTable Weak               Min: 0.00, Avg: 0.11, Max: 0.15, Diff: 0.15, Sum: 0.45, Workers: 4
[4630.904s][debug][gc,phases      ] GC(164)     Dead                           Min: 0, Avg:  0.0, Max: 0, Diff: 0, Sum: 0, Workers: 4
[4630.904s][debug][gc,phases      ] GC(164)     Total                          Min: 0, Avg: 12756.2, Max: 17151, Diff: 17151, Sum: 51025, Workers: 4
[4630.904s][debug][gc,phases      ] GC(164)   ResolvedMethodTable Weak       Min: 0.00, Avg: 0.04, Max: 0.05, Diff: 0.05, Sum: 0.15, Workers: 4
[4630.904s][debug][gc,phases      ] GC(164)     Dead                           Min: 0, Avg:  0.0, Max: 0, Diff: 0, Sum: 0, Workers: 4
[4630.904s][debug][gc,phases      ] GC(164)     Total                          Min: 0, Avg: 4288.8, Max: 6005, Diff: 6005, Sum: 17155, Workers: 4
[4630.904s][debug][gc,phases      ] GC(164)   JNI Weak                       Min: 0.00, Avg: 0.00, Max: 0.00, Diff: 0.00, Sum: 0.00, Workers: 4
[4630.904s][debug][gc,phases      ] GC(164)     Dead                           Min: 0, Avg:  0.0, Max: 0, Diff: 0, Sum: 0, Workers: 4
[4630.904s][debug][gc,phases      ] GC(164)     Total                          Min: 0, Avg: 13.0, Max: 48, Diff: 48, Sum: 52, Workers: 4
[4630.904s][debug][gc,phases      ] GC(164)   StringDedup Table Weak         Min: 0.00, Avg: 0.00, Max: 0.00, Diff: 0.00, Sum: 0.00, Workers: 4
[4630.904s][debug][gc,phases      ] GC(164)     Dead                           Min: 0, Avg:  0.0, Max: 0, Diff: 0, Sum: 0, Workers: 4
[4630.904s][debug][gc,phases      ] GC(164)     Total                          Min: 0, Avg:  0.0, Max: 0, Diff: 0, Sum: 0, Workers: 4
[4630.904s][debug][gc,phases      ] GC(164)   StringDedup Requests0 Weak     Min: 0.00, Avg: 0.00, Max: 0.00, Diff: 0.00, Sum: 0.00, Workers: 4
[4630.904s][debug][gc,phases      ] GC(164)     Dead                           Min: 0, Avg:  0.0, Max: 0, Diff: 0, Sum: 0, Workers: 4
[4630.904s][debug][gc,phases      ] GC(164)     Total                          Min: 0, Avg:  0.0, Max: 0, Diff: 0, Sum: 0, Workers: 4
[4630.904s][debug][gc,phases      ] GC(164)   StringDedup Requests1 Weak     Min: 0.00, Avg: 0.00, Max: 0.00, Diff: 0.00, Sum: 0.00, Workers: 4
[4630.904s][debug][gc,phases      ] GC(164)     Dead                           Min: 0, Avg:  0.0, Max: 0, Diff: 0, Sum: 0, Workers: 4
[4630.904s][debug][gc,phases      ] GC(164)     Total                          Min: 0, Avg:  0.0, Max: 0, Diff: 0, Sum: 0, Workers: 4
[4630.904s][debug][gc,phases      ] GC(164)   Weak JFR Old Object Samples    Min: 0.00, Avg: 0.00, Max: 0.00, Diff: 0.00, Sum: 0.00, Workers: 4
[4630.904s][debug][gc,phases      ] GC(164)     Dead                           Min: 0, Avg:  0.0, Max: 0, Diff: 0, Sum: 0, Workers: 4
[4630.904s][debug][gc,phases      ] GC(164)     Total                          Min: 0, Avg:  0.0, Max: 0, Diff: 0, Sum: 0, Workers: 4
[4630.904s][debug][gc,phases      ] GC(164) Weak Processing 0.485ms
[4630.904s][debug][gc,age         ] GC(164) Desired survivor size 61865984 bytes, new threshold 1 (max threshold 15)
[4630.904s][info ][gc,heap        ] GC(164) PSYoungGen: 1975648K(2033664K)->8160K(2030592K) Eden: 1967104K(1967104K)->0K(1967104K) From: 8544K(66560K)->8160K(63488K)
[4630.904s][info ][gc,heap        ] GC(164) ParOldGen: 1062161K(1062400K)->1065030K(1065472K)
[4630.904s][info ][gc,metaspace   ] GC(164) Metaspace: 112046K(113344K)->112046K(113344K) NonClass: 95758K(96512K)->95758K(96512K) Class: 16288K(16832K)->16288K(16832K)
[4630.904s][info ][gc             ] GC(164) Pause Young (Allocation Failure) 2966M->1048M(3023M) 10.660ms
[4630.904s][info ][gc,cpu         ] GC(164) User=0.03s Sys=0.00s Real=0.01s
[4630.904s][info ][safepoint      ] Safepoint "ParallelCollectForAllocation", Time since last: 15771972567 ns, Reaching safepoint: 6100 ns, At safepoint: 10733049 ns, Leaving safepoint: 7700 ns, Total: 10746849 ns, Threads: 0 runnable, 36 total
[4643.141s][info ][gc,start       ] GC(165) Pause Young (Allocation Failure)
[4643.153s][debug][gc,phases      ] GC(165) Scavenge 11.194ms
[4643.153s][debug][gc,ref         ] GC(165) ReferenceProcessor::execute queues: 1, RefProcThreadModel::Single, marks_oops_alive: false
[4643.153s][debug][gc,ref         ] GC(165) Skipped KeepAliveFinalRefsPhase of Reference Processing: no references
[4643.153s][debug][gc,ref         ] GC(165) Skipped PhantomRefsPhase of Reference Processing: no references
[4643.153s][debug][gc,phases      ] GC(165) Reference Processing 0.095ms
[4643.153s][debug][gc,phases      ] GC(165)   VM Weak                        Min: 0.00, Avg: 0.00, Max: 0.01, Diff: 0.01, Sum: 0.01, Workers: 4
[4643.153s][debug][gc,phases      ] GC(165)     Dead                           Min: 0, Avg:  0.0, Max: 0, Diff: 0, Sum: 0, Workers: 4
[4643.153s][debug][gc,phases      ] GC(165)     Total                          Min: 0, Avg: 235.8, Max: 687, Diff: 687, Sum: 943, Workers: 4
[4643.153s][debug][gc,phases      ] GC(165)   ObjectSynchronizer Weak        Min: 0.00, Avg: 0.00, Max: 0.00, Diff: 0.00, Sum: 0.00, Workers: 4
[4643.153s][debug][gc,phases      ] GC(165)     Dead                           Min: 0, Avg:  0.0, Max: 0, Diff: 0, Sum: 0, Workers: 4
[4643.153s][debug][gc,phases      ] GC(165)     Total                          Min: 0, Avg:  1.8, Max: 7, Diff: 7, Sum: 7, Workers: 4
[4643.153s][debug][gc,phases      ] GC(165)   JVMTI Tag Weak OopStorage      Min: 0.00, Avg: 0.00, Max: 0.00, Diff: 0.00, Sum: 0.00, Workers: 4
[4643.153s][debug][gc,phases      ] GC(165)     Dead                           Min: 0, Avg:  0.0, Max: 0, Diff: 0, Sum: 0, Workers: 4
[4643.153s][debug][gc,phases      ] GC(165)     Total                          Min: 0, Avg:  0.0, Max: 0, Diff: 0, Sum: 0, Workers: 4
[4643.153s][debug][gc,phases      ] GC(165)   StringTable Weak               Min: 0.00, Avg: 0.12, Max: 0.17, Diff: 0.17, Sum: 0.50, Workers: 4
[4643.153s][debug][gc,phases      ] GC(165)     Dead                           Min: 0, Avg:  0.0, Max: 0, Diff: 0, Sum: 0, Workers: 4
[4643.153s][debug][gc,phases      ] GC(165)     Total                          Min: 0, Avg: 12756.2, Max: 18111, Diff: 18111, Sum: 51025, Workers: 4
[4643.153s][debug][gc,phases      ] GC(165)   ResolvedMethodTable Weak       Min: 0.00, Avg: 0.04, Max: 0.05, Diff: 0.05, Sum: 0.16, Workers: 4
[4643.153s][debug][gc,phases      ] GC(165)     Dead                           Min: 0, Avg:  5.0, Max: 20, Diff: 20, Sum: 20, Workers: 4
[4643.153s][debug][gc,phases      ] GC(165)     Total                          Min: 0, Avg: 4288.8, Max: 5843, Diff: 5843, Sum: 17155, Workers: 4
[4643.153s][debug][gc,phases      ] GC(165)   JNI Weak                       Min: 0.00, Avg: 0.00, Max: 0.00, Diff: 0.00, Sum: 0.00, Workers: 4
[4643.153s][debug][gc,phases      ] GC(165)     Dead                           Min: 0, Avg:  0.0, Max: 0, Diff: 0, Sum: 0, Workers: 4
[4643.153s][debug][gc,phases      ] GC(165)     Total                          Min: 0, Avg: 13.0, Max: 48, Diff: 48, Sum: 52, Workers: 4
[4643.153s][debug][gc,phases      ] GC(165)   StringDedup Table Weak         Min: 0.00, Avg: 0.00, Max: 0.00, Diff: 0.00, Sum: 0.00, Workers: 4
[4643.153s][debug][gc,phases      ] GC(165)     Dead                           Min: 0, Avg:  0.0, Max: 0, Diff: 0, Sum: 0, Workers: 4
[4643.153s][debug][gc,phases      ] GC(165)     Total                          Min: 0, Avg:  0.0, Max: 0, Diff: 0, Sum: 0, Workers: 4
[4643.153s][debug][gc,phases      ] GC(165)   StringDedup Requests0 Weak     Min: 0.00, Avg: 0.00, Max: 0.00, Diff: 0.00, Sum: 0.00, Workers: 4
[4643.153s][debug][gc,phases      ] GC(165)     Dead                           Min: 0, Avg:  0.0, Max: 0, Diff: 0, Sum: 0, Workers: 4
[4643.153s][debug][gc,phases      ] GC(165)     Total                          Min: 0, Avg:  0.0, Max: 0, Diff: 0, Sum: 0, Workers: 4
[4643.153s][debug][gc,phases      ] GC(165)   StringDedup Requests1 Weak     Min: 0.00, Avg: 0.00, Max: 0.00, Diff: 0.00, Sum: 0.00, Workers: 4
[4643.153s][debug][gc,phases      ] GC(165)     Dead                           Min: 0, Avg:  0.0, Max: 0, Diff: 0, Sum: 0, Workers: 4
[4643.153s][debug][gc,phases      ] GC(165)     Total                          Min: 0, Avg:  0.0, Max: 0, Diff: 0, Sum: 0, Workers: 4
[4643.153s][debug][gc,phases      ] GC(165)   Weak JFR Old Object Samples    Min: 0.00, Avg: 0.00, Max: 0.00, Diff: 0.00, Sum: 0.00, Workers: 4
[4643.153s][debug][gc,phases      ] GC(165)     Dead                           Min: 0, Avg:  0.0, Max: 0, Diff: 0, Sum: 0, Workers: 4
[4643.153s][debug][gc,phases      ] GC(165)     Total                          Min: 0, Avg:  0.0, Max: 0, Diff: 0, Sum: 0, Workers: 4
[4643.153s][debug][gc,phases      ] GC(165) Weak Processing 0.512ms
[4643.153s][debug][gc,age         ] GC(165) Desired survivor size 57671680 bytes, new threshold 1 (max threshold 15)
[4643.153s][info ][gc,heap        ] GC(165) PSYoungGen: 1975264K(2030592K)->14944K(2040832K) Eden: 1967104K(1967104K)->0K(1980416K) From: 8160K(63488K)->14944K(60416K)
[4643.153s][info ][gc,heap        ] GC(165) ParOldGen: 1065030K(1065472K)->1067826K(1068032K)
[4643.153s][info ][gc,metaspace   ] GC(165) Metaspace: 112053K(113344K)->112053K(113344K) NonClass: 95765K(96512K)->95765K(96512K) Class: 16288K(16832K)->16288K(16832K)
[4643.153s][info ][gc             ] GC(165) Pause Young (Allocation Failure) 2969M->1057M(3036M) 11.928ms
[4643.153s][info ][gc,cpu         ] GC(165) User=0.04s Sys=0.00s Real=0.01s
[4643.153s][info ][safepoint      ] Safepoint "ParallelCollectForAllocation", Time since last: 12236989327 ns, Reaching safepoint: 103499 ns, At safepoint: 12001344 ns, Leaving safepoint: 9900 ns, Total: 12114743 ns, Threads: 1 runnable, 37 total
[4654.871s][info ][gc,start       ] GC(166) Pause Young (Allocation Failure)
[4654.886s][debug][gc,phases      ] GC(166) Scavenge 14.232ms
[4654.886s][debug][gc,ref         ] GC(166) ReferenceProcessor::execute queues: 1, RefProcThreadModel::Single, marks_oops_alive: false
[4654.886s][debug][gc,ref         ] GC(166) Skipped KeepAliveFinalRefsPhase of Reference Processing: no references
[4654.886s][debug][gc,ref         ] GC(166) Skipped PhantomRefsPhase of Reference Processing: no references
[4654.886s][debug][gc,phases      ] GC(166) Reference Processing 0.096ms
[4654.886s][debug][gc,phases      ] GC(166)   VM Weak                        Min: 0.00, Avg: 0.00, Max: 0.00, Diff: 0.00, Sum: 0.01, Workers: 4
[4654.886s][debug][gc,phases      ] GC(166)     Dead                           Min: 0, Avg:  0.0, Max: 0, Diff: 0, Sum: 0, Workers: 4
[4654.886s][debug][gc,phases      ] GC(166)     Total                          Min: 0, Avg: 235.8, Max: 431, Diff: 431, Sum: 943, Workers: 4
[4654.886s][debug][gc,phases      ] GC(166)   ObjectSynchronizer Weak        Min: 0.00, Avg: 0.00, Max: 0.00, Diff: 0.00, Sum: 0.00, Workers: 4
[4654.886s][debug][gc,phases      ] GC(166)     Dead                           Min: 0, Avg:  0.0, Max: 0, Diff: 0, Sum: 0, Workers: 4
[4654.886s][debug][gc,phases      ] GC(166)     Total                          Min: 0, Avg:  1.8, Max: 7, Diff: 7, Sum: 7, Workers: 4
[4654.886s][debug][gc,phases      ] GC(166)   JVMTI Tag Weak OopStorage      Min: 0.00, Avg: 0.00, Max: 0.00, Diff: 0.00, Sum: 0.00, Workers: 4
[4654.886s][debug][gc,phases      ] GC(166)     Dead                           Min: 0, Avg:  0.0, Max: 0, Diff: 0, Sum: 0, Workers: 4
[4654.886s][debug][gc,phases      ] GC(166)     Total                          Min: 0, Avg:  0.0, Max: 0, Diff: 0, Sum: 0, Workers: 4
[4654.886s][debug][gc,phases      ] GC(166)   StringTable Weak               Min: 0.11, Avg: 0.12, Max: 0.12, Diff: 0.01, Sum: 0.47, Workers: 4
[4654.886s][debug][gc,phases      ] GC(166)     Dead                           Min: 0, Avg:  0.0, Max: 0, Diff: 0, Sum: 0, Workers: 4
[4654.886s][debug][gc,phases      ] GC(166)     Total                          Min: 12223, Avg: 12757.2, Max: 13056, Diff: 833, Sum: 51029, Workers: 4
[4654.886s][debug][gc,phases      ] GC(166)   ResolvedMethodTable Weak       Min: 0.04, Avg: 0.04, Max: 0.04, Diff: 0.00, Sum: 0.15, Workers: 4
[4654.886s][debug][gc,phases      ] GC(166)     Dead                           Min: 0, Avg:  0.2, Max: 1, Diff: 1, Sum: 1, Workers: 4
[4654.886s][debug][gc,phases      ] GC(166)     Total                          Min: 4084, Avg: 4290.2, Max: 4570, Diff: 486, Sum: 17161, Workers: 4
[4654.886s][debug][gc,phases      ] GC(166)   JNI Weak                       Min: 0.00, Avg: 0.00, Max: 0.00, Diff: 0.00, Sum: 0.00, Workers: 4
[4654.886s][debug][gc,phases      ] GC(166)     Dead                           Min: 0, Avg:  0.0, Max: 0, Diff: 0, Sum: 0, Workers: 4
[4654.886s][debug][gc,phases      ] GC(166)     Total                          Min: 0, Avg: 13.0, Max: 48, Diff: 48, Sum: 52, Workers: 4
[4654.886s][debug][gc,phases      ] GC(166)   StringDedup Table Weak         Min: 0.00, Avg: 0.00, Max: 0.00, Diff: 0.00, Sum: 0.00, Workers: 4
[4654.886s][debug][gc,phases      ] GC(166)     Dead                           Min: 0, Avg:  0.0, Max: 0, Diff: 0, Sum: 0, Workers: 4
[4654.886s][debug][gc,phases      ] GC(166)     Total                          Min: 0, Avg:  0.0, Max: 0, Diff: 0, Sum: 0, Workers: 4
[4654.886s][debug][gc,phases      ] GC(166)   StringDedup Requests0 Weak     Min: 0.00, Avg: 0.00, Max: 0.00, Diff: 0.00, Sum: 0.00, Workers: 4
[4654.886s][debug][gc,phases      ] GC(166)     Dead                           Min: 0, Avg:  0.0, Max: 0, Diff: 0, Sum: 0, Workers: 4
[4654.886s][debug][gc,phases      ] GC(166)     Total                          Min: 0, Avg:  0.0, Max: 0, Diff: 0, Sum: 0, Workers: 4
[4654.886s][debug][gc,phases      ] GC(166)   StringDedup Requests1 Weak     Min: 0.00, Avg: 0.00, Max: 0.00, Diff: 0.00, Sum: 0.00, Workers: 4
[4654.886s][debug][gc,phases      ] GC(166)     Dead                           Min: 0, Avg:  0.0, Max: 0, Diff: 0, Sum: 0, Workers: 4
[4654.886s][debug][gc,phases      ] GC(166)     Total                          Min: 0, Avg:  0.0, Max: 0, Diff: 0, Sum: 0, Workers: 4
[4654.886s][debug][gc,phases      ] GC(166)   Weak JFR Old Object Samples    Min: 0.00, Avg: 0.00, Max: 0.00, Diff: 0.00, Sum: 0.00, Workers: 4
[4654.886s][debug][gc,phases      ] GC(166)     Dead                           Min: 0, Avg:  0.0, Max: 0, Diff: 0, Sum: 0, Workers: 4
[4654.886s][debug][gc,phases      ] GC(166)     Total                          Min: 0, Avg:  0.0, Max: 0, Diff: 0, Sum: 0, Workers: 4
[4654.886s][debug][gc,phases      ] GC(166) Weak Processing 0.361ms
[4654.886s][debug][gc,age         ] GC(166) Desired survivor size 54525952 bytes, new threshold 1 (max threshold 15)
[4654.886s][info ][gc,heap        ] GC(166) PSYoungGen: 1995360K(2040832K)->18472K(2036736K) Eden: 1980416K(1980416K)->0K(1980416K) From: 14944K(60416K)->18472K(56320K)
[4654.886s][info ][gc,heap        ] GC(166) ParOldGen: 1067826K(1068032K)->1078878K(1079296K)
[4654.886s][info ][gc,metaspace   ] GC(166) Metaspace: 112060K(113344K)->112060K(113344K) NonClass: 95770K(96512K)->95770K(96512K) Class: 16290K(16832K)->16290K(16832K)
[4654.886s][info ][gc             ] GC(166) Pause Young (Allocation Failure) 2991M->1071M(3043M) 14.822ms
[4654.886s][info ][gc,cpu         ] GC(166) User=0.05s Sys=0.01s Real=0.01s
[4654.886s][info ][safepoint      ] Safepoint "ParallelCollectForAllocation", Time since last: 11717915083 ns, Reaching safepoint: 84699 ns, At safepoint: 14889031 ns, Leaving safepoint: 12700 ns, Total: 14986430 ns, Threads: 3 runnable, 37 total
[4664.460s][info ][gc,start       ] GC(167) Pause Young (Allocation Failure)
[4664.479s][debug][gc,phases      ] GC(167) Scavenge 19.157ms
[4664.479s][debug][gc,ref         ] GC(167) ReferenceProcessor::execute queues: 1, RefProcThreadModel::Single, marks_oops_alive: false
[4664.479s][debug][gc,ref         ] GC(167) Skipped KeepAliveFinalRefsPhase of Reference Processing: no references
[4664.479s][debug][gc,ref         ] GC(167) Skipped PhantomRefsPhase of Reference Processing: no references
[4664.479s][debug][gc,phases      ] GC(167) Reference Processing 0.102ms
[4664.479s][debug][gc,phases      ] GC(167)   VM Weak                        Min: 0.00, Avg: 0.00, Max: 0.01, Diff: 0.01, Sum: 0.01, Workers: 4
[4664.479s][debug][gc,phases      ] GC(167)     Dead                           Min: 0, Avg:  0.0, Max: 0, Diff: 0, Sum: 0, Workers: 4
[4664.479s][debug][gc,phases      ] GC(167)     Total                          Min: 0, Avg: 236.2, Max: 896, Diff: 896, Sum: 945, Workers: 4
[4664.479s][debug][gc,phases      ] GC(167)   ObjectSynchronizer Weak        Min: 0.00, Avg: 0.00, Max: 0.00, Diff: 0.00, Sum: 0.00, Workers: 4
[4664.479s][debug][gc,phases      ] GC(167)     Dead                           Min: 0, Avg:  0.0, Max: 0, Diff: 0, Sum: 0, Workers: 4
[4664.479s][debug][gc,phases      ] GC(167)     Total                          Min: 0, Avg:  1.8, Max: 7, Diff: 7, Sum: 7, Workers: 4
[4664.479s][debug][gc,phases      ] GC(167)   JVMTI Tag Weak OopStorage      Min: 0.00, Avg: 0.00, Max: 0.00, Diff: 0.00, Sum: 0.00, Workers: 4
[4664.479s][debug][gc,phases      ] GC(167)     Dead                           Min: 0, Avg:  0.0, Max: 0, Diff: 0, Sum: 0, Workers: 4
[4664.479s][debug][gc,phases      ] GC(167)     Total                          Min: 0, Avg:  0.0, Max: 0, Diff: 0, Sum: 0, Workers: 4
[4664.479s][debug][gc,phases      ] GC(167)   StringTable Weak               Min: 0.00, Avg: 0.10, Max: 0.13, Diff: 0.13, Sum: 0.39, Workers: 4
[4664.479s][debug][gc,phases      ] GC(167)     Dead                           Min: 0, Avg:  0.2, Max: 1, Diff: 1, Sum: 1, Workers: 4
[4664.479s][debug][gc,phases      ] GC(167)     Total                          Min: 0, Avg: 12759.2, Max: 21566, Diff: 21566, Sum: 51037, Workers: 4
[4664.479s][debug][gc,phases      ] GC(167)   ResolvedMethodTable Weak       Min: 0.00, Avg: 0.04, Max: 0.06, Diff: 0.06, Sum: 0.18, Workers: 4
[4664.479s][debug][gc,phases      ] GC(167)     Dead                           Min: 0, Avg:  5.2, Max: 21, Diff: 21, Sum: 21, Workers: 4
[4664.479s][debug][gc,phases      ] GC(167)     Total                          Min: 0, Avg: 4294.5, Max: 6829, Diff: 6829, Sum: 17178, Workers: 4
[4664.479s][debug][gc,phases      ] GC(167)   JNI Weak                       Min: 0.00, Avg: 0.00, Max: 0.00, Diff: 0.00, Sum: 0.00, Workers: 4
[4664.479s][debug][gc,phases      ] GC(167)     Dead                           Min: 0, Avg:  0.0, Max: 0, Diff: 0, Sum: 0, Workers: 4
[4664.479s][debug][gc,phases      ] GC(167)     Total                          Min: 0, Avg: 13.0, Max: 52, Diff: 52, Sum: 52, Workers: 4
[4664.479s][debug][gc,phases      ] GC(167)   StringDedup Table Weak         Min: 0.00, Avg: 0.00, Max: 0.00, Diff: 0.00, Sum: 0.00, Workers: 4
[4664.479s][debug][gc,phases      ] GC(167)     Dead                           Min: 0, Avg:  0.0, Max: 0, Diff: 0, Sum: 0, Workers: 4
[4664.479s][debug][gc,phases      ] GC(167)     Total                          Min: 0, Avg:  0.0, Max: 0, Diff: 0, Sum: 0, Workers: 4
[4664.479s][debug][gc,phases      ] GC(167)   StringDedup Requests0 Weak     Min: 0.00, Avg: 0.00, Max: 0.00, Diff: 0.00, Sum: 0.00, Workers: 4
[4664.479s][debug][gc,phases      ] GC(167)     Dead                           Min: 0, Avg:  0.0, Max: 0, Diff: 0, Sum: 0, Workers: 4
[4664.479s][debug][gc,phases      ] GC(167)     Total                          Min: 0, Avg:  0.0, Max: 0, Diff: 0, Sum: 0, Workers: 4
[4664.479s][debug][gc,phases      ] GC(167)   StringDedup Requests1 Weak     Min: 0.00, Avg: 0.00, Max: 0.00, Diff: 0.00, Sum: 0.00, Workers: 4
[4664.479s][debug][gc,phases      ] GC(167)     Dead                           Min: 0, Avg:  0.0, Max: 0, Diff: 0, Sum: 0, Workers: 4
[4664.479s][debug][gc,phases      ] GC(167)     Total                          Min: 0, Avg:  0.0, Max: 0, Diff: 0, Sum: 0, Workers: 4
[4664.479s][debug][gc,phases      ] GC(167)   Weak JFR Old Object Samples    Min: 0.00, Avg: 0.00, Max: 0.00, Diff: 0.00, Sum: 0.00, Workers: 4
[4664.479s][debug][gc,phases      ] GC(167)     Dead                           Min: 0, Avg:  0.0, Max: 0, Diff: 0, Sum: 0, Workers: 4
[4664.479s][debug][gc,phases      ] GC(167)     Total                          Min: 0, Avg:  0.0, Max: 0, Diff: 0, Sum: 0, Workers: 4
[4664.480s][debug][gc,phases      ] GC(167) Weak Processing 0.385ms
[4664.480s][debug][gc,age         ] GC(167) Desired survivor size 56623104 bytes, new threshold 1 (max threshold 15)
[4664.480s][info ][gc,heap        ] GC(167) PSYoungGen: 1998888K(2036736K)->32512K(2039808K) Eden: 1980416K(1980416K)->0K(1986560K) From: 18472K(56320K)->32512K(53248K)
[4664.480s][info ][gc,heap        ] GC(167) ParOldGen: 1078878K(1079296K)->1093439K(1093632K)
[4664.480s][info ][gc,metaspace   ] GC(167) Metaspace: 112085K(113408K)->112085K(113408K) NonClass: 95789K(96512K)->95789K(96512K) Class: 16295K(16896K)->16295K(16896K)
[4664.480s][info ][gc             ] GC(167) Pause Young (Allocation Failure) 3005M->1099M(3060M) 19.762ms
[4664.480s][info ][gc,cpu         ] GC(167) User=0.06s Sys=0.02s Real=0.02s
[4664.480s][info ][safepoint      ] Safepoint "ParallelCollectForAllocation", Time since last: 9573237028 ns, Reaching safepoint: 150999 ns, At safepoint: 19825707 ns, Leaving safepoint: 11700 ns, Total: 19988406 ns, Threads: 2 runnable, 39 total
[4670.912s][info ][gc,start       ] GC(168) Pause Young (Allocation Failure)
[4670.951s][debug][gc,phases      ] GC(168) Scavenge 38.573ms
[4670.951s][debug][gc,ref         ] GC(168) Skipped SoftWeakFinalRefsPhase of Reference Processing: no references
[4670.951s][debug][gc,ref         ] GC(168) Skipped KeepAliveFinalRefsPhase of Reference Processing: no references
[4670.951s][debug][gc,ref         ] GC(168) ReferenceProcessor::execute queues: 1, RefProcThreadModel::Single, marks_oops_alive: false
[4670.951s][debug][gc,phases      ] GC(168) Reference Processing 0.102ms
[4670.951s][debug][gc,phases      ] GC(168)   VM Weak                        Min: 0.00, Avg: 0.00, Max: 0.00, Diff: 0.00, Sum: 0.01, Workers: 4
[4670.951s][debug][gc,phases      ] GC(168)     Dead                           Min: 0, Avg:  0.0, Max: 0, Diff: 0, Sum: 0, Workers: 4
[4670.952s][debug][gc,phases      ] GC(168)     Total                          Min: 0, Avg: 236.2, Max: 384, Diff: 384, Sum: 945, Workers: 4
[4670.952s][debug][gc,phases      ] GC(168)   ObjectSynchronizer Weak        Min: 0.00, Avg: 0.00, Max: 0.00, Diff: 0.00, Sum: 0.00, Workers: 4
[4670.952s][debug][gc,phases      ] GC(168)     Dead                           Min: 0, Avg:  0.0, Max: 0, Diff: 0, Sum: 0, Workers: 4
[4670.952s][debug][gc,phases      ] GC(168)     Total                          Min: 0, Avg:  2.2, Max: 9, Diff: 9, Sum: 9, Workers: 4
[4670.952s][debug][gc,phases      ] GC(168)   JVMTI Tag Weak OopStorage      Min: 0.00, Avg: 0.00, Max: 0.00, Diff: 0.00, Sum: 0.00, Workers: 4
[4670.952s][debug][gc,phases      ] GC(168)     Dead                           Min: 0, Avg:  0.0, Max: 0, Diff: 0, Sum: 0, Workers: 4
[4670.952s][debug][gc,phases      ] GC(168)     Total                          Min: 0, Avg:  0.0, Max: 0, Diff: 0, Sum: 0, Workers: 4
[4670.952s][debug][gc,phases      ] GC(168)   StringTable Weak               Min: 0.00, Avg: 0.13, Max: 0.18, Diff: 0.18, Sum: 0.54, Workers: 4
[4670.952s][debug][gc,phases      ] GC(168)     Dead                           Min: 0, Avg:  0.0, Max: 0, Diff: 0, Sum: 0, Workers: 4
[4670.952s][debug][gc,phases      ] GC(168)     Total                          Min: 0, Avg: 12760.2, Max: 17764, Diff: 17764, Sum: 51041, Workers: 4
[4670.952s][debug][gc,phases      ] GC(168)   ResolvedMethodTable Weak       Min: 0.00, Avg: 0.04, Max: 0.05, Diff: 0.05, Sum: 0.15, Workers: 4
[4670.952s][debug][gc,phases      ] GC(168)     Dead                           Min: 0, Avg:  0.0, Max: 0, Diff: 0, Sum: 0, Workers: 4
[4670.952s][debug][gc,phases      ] GC(168)     Total                          Min: 0, Avg: 4294.5, Max: 5869, Diff: 5869, Sum: 17178, Workers: 4
[4670.952s][debug][gc,phases      ] GC(168)   JNI Weak                       Min: 0.00, Avg: 0.00, Max: 0.00, Diff: 0.00, Sum: 0.00, Workers: 4
[4670.952s][debug][gc,phases      ] GC(168)     Dead                           Min: 0, Avg:  0.0, Max: 0, Diff: 0, Sum: 0, Workers: 4
[4670.952s][debug][gc,phases      ] GC(168)     Total                          Min: 0, Avg: 13.0, Max: 48, Diff: 48, Sum: 52, Workers: 4
[4670.952s][debug][gc,phases      ] GC(168)   StringDedup Table Weak         Min: 0.00, Avg: 0.00, Max: 0.00, Diff: 0.00, Sum: 0.00, Workers: 4
[4670.952s][debug][gc,phases      ] GC(168)     Dead                           Min: 0, Avg:  0.0, Max: 0, Diff: 0, Sum: 0, Workers: 4
[4670.952s][debug][gc,phases      ] GC(168)     Total                          Min: 0, Avg:  0.0, Max: 0, Diff: 0, Sum: 0, Workers: 4
[4670.952s][debug][gc,phases      ] GC(168)   StringDedup Requests0 Weak     Min: 0.00, Avg: 0.00, Max: 0.00, Diff: 0.00, Sum: 0.00, Workers: 4
[4670.952s][debug][gc,phases      ] GC(168)     Dead                           Min: 0, Avg:  0.0, Max: 0, Diff: 0, Sum: 0, Workers: 4
[4670.952s][debug][gc,phases      ] GC(168)     Total                          Min: 0, Avg:  0.0, Max: 0, Diff: 0, Sum: 0, Workers: 4
[4670.952s][debug][gc,phases      ] GC(168)   StringDedup Requests1 Weak     Min: 0.00, Avg: 0.00, Max: 0.00, Diff: 0.00, Sum: 0.00, Workers: 4
[4670.952s][debug][gc,phases      ] GC(168)     Dead                           Min: 0, Avg:  0.0, Max: 0, Diff: 0, Sum: 0, Workers: 4
[4670.952s][debug][gc,phases      ] GC(168)     Total                          Min: 0, Avg:  0.0, Max: 0, Diff: 0, Sum: 0, Workers: 4
[4670.952s][debug][gc,phases      ] GC(168)   Weak JFR Old Object Samples    Min: 0.00, Avg: 0.00, Max: 0.00, Diff: 0.00, Sum: 0.00, Workers: 4
[4670.952s][debug][gc,phases      ] GC(168)     Dead                           Min: 0, Avg:  0.0, Max: 0, Diff: 0, Sum: 0, Workers: 4
[4670.952s][debug][gc,phases      ] GC(168)     Total                          Min: 0, Avg:  0.0, Max: 0, Diff: 0, Sum: 0, Workers: 4
[4670.952s][debug][gc,phases      ] GC(168) Weak Processing 0.407ms
[4670.952s][debug][gc,age         ] GC(168) Desired survivor size 83361792 bytes, new threshold 1 (max threshold 15)
[4670.952s][info ][gc,heap        ] GC(168) PSYoungGen: 2019072K(2039808K)->55281K(2041856K) Eden: 1986560K(1986560K)->0K(1986560K) From: 32512K(53248K)->55281K(55296K)
[4670.952s][info ][gc,heap        ] GC(168) ParOldGen: 1093439K(1093632K)->1136188K(1136640K)
[4670.952s][info ][gc,metaspace   ] GC(168) Metaspace: 112092K(113408K)->112092K(113408K) NonClass: 95796K(96512K)->95796K(96512K) Class: 16295K(16896K)->16295K(16896K)
[4670.952s][info ][gc             ] GC(168) Pause Young (Allocation Failure) 3039M->1163M(3104M) 39.191ms
[4670.952s][info ][gc,cpu         ] GC(168) User=0.12s Sys=0.03s Real=0.04s
[4670.952s][info ][safepoint      ] Safepoint "ParallelCollectForAllocation", Time since last: 6432659831 ns, Reaching safepoint: 177099 ns, At safepoint: 39256317 ns, Leaving safepoint: 19200 ns, Total: 39452616 ns, Threads: 1 runnable, 39 total
[4683.193s][info ][gc,start       ] GC(169) Pause Young (Allocation Failure)
[4683.225s][debug][gc,phases      ] GC(169) Scavenge 31.830ms
[4683.225s][debug][gc,ref         ] GC(169) ReferenceProcessor::execute queues: 1, RefProcThreadModel::Single, marks_oops_alive: false
[4683.225s][debug][gc,ref         ] GC(169) Skipped KeepAliveFinalRefsPhase of Reference Processing: no references
[4683.225s][debug][gc,ref         ] GC(169) Skipped PhantomRefsPhase of Reference Processing: no references
[4683.225s][debug][gc,phases      ] GC(169) Reference Processing 0.092ms
[4683.225s][debug][gc,phases      ] GC(169)   VM Weak                        Min: 0.00, Avg: 0.00, Max: 0.01, Diff: 0.01, Sum: 0.01, Workers: 4
[4683.225s][debug][gc,phases      ] GC(169)     Dead                           Min: 0, Avg:  0.0, Max: 0, Diff: 0, Sum: 0, Workers: 4
[4683.225s][debug][gc,phases      ] GC(169)     Total                          Min: 0, Avg: 236.2, Max: 640, Diff: 640, Sum: 945, Workers: 4
[4683.225s][debug][gc,phases      ] GC(169)   ObjectSynchronizer Weak        Min: 0.00, Avg: 0.00, Max: 0.00, Diff: 0.00, Sum: 0.00, Workers: 4
[4683.225s][debug][gc,phases      ] GC(169)     Dead                           Min: 0, Avg:  0.0, Max: 0, Diff: 0, Sum: 0, Workers: 4
[4683.225s][debug][gc,phases      ] GC(169)     Total                          Min: 0, Avg:  1.2, Max: 5, Diff: 5, Sum: 5, Workers: 4
[4683.225s][debug][gc,phases      ] GC(169)   JVMTI Tag Weak OopStorage      Min: 0.00, Avg: 0.00, Max: 0.00, Diff: 0.00, Sum: 0.00, Workers: 4
[4683.225s][debug][gc,phases      ] GC(169)     Dead                           Min: 0, Avg:  0.0, Max: 0, Diff: 0, Sum: 0, Workers: 4
[4683.225s][debug][gc,phases      ] GC(169)     Total                          Min: 0, Avg:  0.0, Max: 0, Diff: 0, Sum: 0, Workers: 4
[4683.225s][debug][gc,phases      ] GC(169)   StringTable Weak               Min: 0.00, Avg: 0.10, Max: 0.13, Diff: 0.13, Sum: 0.39, Workers: 4
[4683.225s][debug][gc,phases      ] GC(169)     Dead                           Min: 0, Avg:  0.2, Max: 1, Diff: 1, Sum: 1, Workers: 4
[4683.225s][debug][gc,phases      ] GC(169)     Total                          Min: 0, Avg: 12764.8, Max: 21814, Diff: 21814, Sum: 51059, Workers: 4
[4683.225s][debug][gc,phases      ] GC(169)   ResolvedMethodTable Weak       Min: 0.00, Avg: 0.03, Max: 0.04, Diff: 0.04, Sum: 0.13, Workers: 4
[4683.225s][debug][gc,phases      ] GC(169)     Dead                           Min: 0, Avg:  0.0, Max: 0, Diff: 0, Sum: 0, Workers: 4
[4683.225s][debug][gc,phases      ] GC(169)     Total                          Min: 0, Avg: 4297.8, Max: 7411, Diff: 7411, Sum: 17191, Workers: 4
[4683.225s][debug][gc,phases      ] GC(169)   JNI Weak                       Min: 0.00, Avg: 0.00, Max: 0.00, Diff: 0.00, Sum: 0.00, Workers: 4
[4683.225s][debug][gc,phases      ] GC(169)     Dead                           Min: 0, Avg:  0.0, Max: 0, Diff: 0, Sum: 0, Workers: 4
[4683.225s][debug][gc,phases      ] GC(169)     Total                          Min: 0, Avg: 13.0, Max: 48, Diff: 48, Sum: 52, Workers: 4
[4683.225s][debug][gc,phases      ] GC(169)   StringDedup Table Weak         Min: 0.00, Avg: 0.00, Max: 0.00, Diff: 0.00, Sum: 0.00, Workers: 4
[4683.225s][debug][gc,phases      ] GC(169)     Dead                           Min: 0, Avg:  0.0, Max: 0, Diff: 0, Sum: 0, Workers: 4
[4683.225s][debug][gc,phases      ] GC(169)     Total                          Min: 0, Avg:  0.0, Max: 0, Diff: 0, Sum: 0, Workers: 4
[4683.225s][debug][gc,phases      ] GC(169)   StringDedup Requests0 Weak     Min: 0.00, Avg: 0.00, Max: 0.00, Diff: 0.00, Sum: 0.00, Workers: 4
[4683.225s][debug][gc,phases      ] GC(169)     Dead                           Min: 0, Avg:  0.0, Max: 0, Diff: 0, Sum: 0, Workers: 4
[4683.225s][debug][gc,phases      ] GC(169)     Total                          Min: 0, Avg:  0.0, Max: 0, Diff: 0, Sum: 0, Workers: 4
[4683.225s][debug][gc,phases      ] GC(169)   StringDedup Requests1 Weak     Min: 0.00, Avg: 0.00, Max: 0.00, Diff: 0.00, Sum: 0.00, Workers: 4
[4683.225s][debug][gc,phases      ] GC(169)     Dead                           Min: 0, Avg:  0.0, Max: 0, Diff: 0, Sum: 0, Workers: 4
[4683.225s][debug][gc,phases      ] GC(169)     Total                          Min: 0, Avg:  0.0, Max: 0, Diff: 0, Sum: 0, Workers: 4
[4683.225s][debug][gc,phases      ] GC(169)   Weak JFR Old Object Samples    Min: 0.00, Avg: 0.00, Max: 0.00, Diff: 0.00, Sum: 0.00, Workers: 4
[4683.225s][debug][gc,phases      ] GC(169)     Dead                           Min: 0, Avg:  0.0, Max: 0, Diff: 0, Sum: 0, Workers: 4
[4683.225s][debug][gc,phases      ] GC(169)     Total                          Min: 0, Avg:  0.0, Max: 0, Diff: 0, Sum: 0, Workers: 4
[4683.225s][debug][gc,phases      ] GC(169) Weak Processing 0.351ms
[4683.225s][debug][gc,age         ] GC(169) Desired survivor size 79691776 bytes, new threshold 1 (max threshold 15)
[4683.225s][info ][gc,heap        ] GC(169) PSYoungGen: 2041841K(2041856K)->15168K(1996800K) Eden: 1986560K(1986560K)->0K(1941504K) From: 55281K(55296K)->15168K(55296K)
[4683.225s][info ][gc,heap        ] GC(169) ParOldGen: 1136188K(1136640K)->1190502K(1190912K)
[4683.225s][info ][gc,metaspace   ] GC(169) Metaspace: 112177K(113536K)->112177K(113536K) NonClass: 95873K(96640K)->95873K(96640K) Class: 16304K(16896K)->16304K(16896K)
[4683.225s][info ][gc             ] GC(169) Pause Young (Allocation Failure) 3103M->1177M(3113M) 32.392ms
[4683.225s][info ][gc,cpu         ] GC(169) User=0.08s Sys=0.04s Real=0.03s
[4683.225s][info ][safepoint      ] Safepoint "ParallelCollectForAllocation", Time since last: 12240959969 ns, Reaching safepoint: 78599 ns, At safepoint: 32460149 ns, Leaving safepoint: 13500 ns, Total: 32552248 ns, Threads: 1 runnable, 39 total
[4698.117s][info ][gc,start       ] GC(170) Pause Young (Allocation Failure)
[4698.131s][debug][gc,phases      ] GC(170) Scavenge 14.361ms
[4698.131s][debug][gc,ref         ] GC(170) ReferenceProcessor::execute queues: 1, RefProcThreadModel::Single, marks_oops_alive: false
[4698.131s][debug][gc,ref         ] GC(170) Skipped KeepAliveFinalRefsPhase of Reference Processing: no references
[4698.131s][debug][gc,ref         ] GC(170) Skipped PhantomRefsPhase of Reference Processing: no references
[4698.131s][debug][gc,phases      ] GC(170) Reference Processing 0.116ms
[4698.132s][debug][gc,phases      ] GC(170)   VM Weak                        Min: 0.00, Avg: 0.00, Max: 0.01, Diff: 0.01, Sum: 0.01, Workers: 4
[4698.132s][debug][gc,phases      ] GC(170)     Dead                           Min: 0, Avg:  0.0, Max: 0, Diff: 0, Sum: 0, Workers: 4
[4698.132s][debug][gc,phases      ] GC(170)     Total                          Min: 0, Avg: 236.2, Max: 497, Diff: 497, Sum: 945, Workers: 4
[4698.132s][debug][gc,phases      ] GC(170)   ObjectSynchronizer Weak        Min: 0.00, Avg: 0.00, Max: 0.00, Diff: 0.00, Sum: 0.00, Workers: 4
[4698.132s][debug][gc,phases      ] GC(170)     Dead                           Min: 0, Avg:  0.0, Max: 0, Diff: 0, Sum: 0, Workers: 4
[4698.132s][debug][gc,phases      ] GC(170)     Total                          Min: 0, Avg:  1.5, Max: 6, Diff: 6, Sum: 6, Workers: 4
[4698.132s][debug][gc,phases      ] GC(170)   JVMTI Tag Weak OopStorage      Min: 0.00, Avg: 0.00, Max: 0.00, Diff: 0.00, Sum: 0.00, Workers: 4
[4698.132s][debug][gc,phases      ] GC(170)     Dead                           Min: 0, Avg:  0.0, Max: 0, Diff: 0, Sum: 0, Workers: 4
[4698.132s][debug][gc,phases      ] GC(170)     Total                          Min: 0, Avg:  0.0, Max: 0, Diff: 0, Sum: 0, Workers: 4
[4698.132s][debug][gc,phases      ] GC(170)   StringTable Weak               Min: 0.00, Avg: 0.10, Max: 0.13, Diff: 0.13, Sum: 0.39, Workers: 4
[4698.132s][debug][gc,phases      ] GC(170)     Dead                           Min: 0, Avg:  0.5, Max: 2, Diff: 2, Sum: 2, Workers: 4
[4698.132s][debug][gc,phases      ] GC(170)     Total                          Min: 0, Avg: 12767.2, Max: 22271, Diff: 22271, Sum: 51069, Workers: 4
[4698.132s][debug][gc,phases      ] GC(170)   ResolvedMethodTable Weak       Min: 0.00, Avg: 0.03, Max: 0.04, Diff: 0.04, Sum: 0.13, Workers: 4
[4698.132s][debug][gc,phases      ] GC(170)     Dead                           Min: 0, Avg:  9.0, Max: 23, Diff: 23, Sum: 36, Workers: 4
[4698.132s][debug][gc,phases      ] GC(170)     Total                          Min: 0, Avg: 4304.2, Max: 7488, Diff: 7488, Sum: 17217, Workers: 4
[4698.132s][debug][gc,phases      ] GC(170)   JNI Weak                       Min: 0.00, Avg: 0.00, Max: 0.00, Diff: 0.00, Sum: 0.00, Workers: 4
[4698.132s][debug][gc,phases      ] GC(170)     Dead                           Min: 0, Avg:  0.0, Max: 0, Diff: 0, Sum: 0, Workers: 4
[4698.132s][debug][gc,phases      ] GC(170)     Total                          Min: 0, Avg: 13.0, Max: 48, Diff: 48, Sum: 52, Workers: 4
[4698.132s][debug][gc,phases      ] GC(170)   StringDedup Table Weak         Min: 0.00, Avg: 0.00, Max: 0.00, Diff: 0.00, Sum: 0.00, Workers: 4
[4698.132s][debug][gc,phases      ] GC(170)     Dead                           Min: 0, Avg:  0.0, Max: 0, Diff: 0, Sum: 0, Workers: 4
[4698.132s][debug][gc,phases      ] GC(170)     Total                          Min: 0, Avg:  0.0, Max: 0, Diff: 0, Sum: 0, Workers: 4
[4698.132s][debug][gc,phases      ] GC(170)   StringDedup Requests0 Weak     Min: 0.00, Avg: 0.00, Max: 0.00, Diff: 0.00, Sum: 0.00, Workers: 4
[4698.132s][debug][gc,phases      ] GC(170)     Dead                           Min: 0, Avg:  0.0, Max: 0, Diff: 0, Sum: 0, Workers: 4
[4698.132s][debug][gc,phases      ] GC(170)     Total                          Min: 0, Avg:  0.0, Max: 0, Diff: 0, Sum: 0, Workers: 4
[4698.132s][debug][gc,phases      ] GC(170)   StringDedup Requests1 Weak     Min: 0.00, Avg: 0.00, Max: 0.00, Diff: 0.00, Sum: 0.00, Workers: 4
[4698.132s][debug][gc,phases      ] GC(170)     Dead                           Min: 0, Avg:  0.0, Max: 0, Diff: 0, Sum: 0, Workers: 4
[4698.132s][debug][gc,phases      ] GC(170)     Total                          Min: 0, Avg:  0.0, Max: 0, Diff: 0, Sum: 0, Workers: 4
[4698.132s][debug][gc,phases      ] GC(170)   Weak JFR Old Object Samples    Min: 0.00, Avg: 0.00, Max: 0.00, Diff: 0.00, Sum: 0.00, Workers: 4
[4698.132s][debug][gc,phases      ] GC(170)     Dead                           Min: 0, Avg:  0.0, Max: 0, Diff: 0, Sum: 0, Workers: 4
[4698.132s][debug][gc,phases      ] GC(170)     Total                          Min: 0, Avg:  0.0, Max: 0, Diff: 0, Sum: 0, Workers: 4
[4698.132s][debug][gc,phases      ] GC(170) Weak Processing 0.349ms
[4698.132s][debug][gc,age         ] GC(170) Desired survivor size 74973184 bytes, new threshold 1 (max threshold 15)
[4698.132s][info ][gc,heap        ] GC(170) PSYoungGen: 1956672K(1996800K)->20381K(2019328K) Eden: 1941504K(1941504K)->0K(1941504K) From: 15168K(55296K)->20381K(77824K)
[4698.132s][info ][gc,heap        ] GC(170) ParOldGen: 1190502K(1190912K)->1199351K(1199616K)
[4698.132s][info ][gc,metaspace   ] GC(170) Metaspace: 112213K(113536K)->112213K(113536K) NonClass: 95903K(96640K)->95903K(96640K) Class: 16310K(16896K)->16310K(16896K)
[4698.132s][info ][gc             ] GC(170) Pause Young (Allocation Failure) 3073M->1191M(3143M) 14.949ms
[4698.132s][info ][gc,cpu         ] GC(170) User=0.05s Sys=0.00s Real=0.02s
[4698.132s][info ][safepoint      ] Safepoint "ParallelCollectForAllocation", Time since last: 14891582532 ns, Reaching safepoint: 6900 ns, At safepoint: 15016130 ns, Leaving safepoint: 8100 ns, Total: 15031130 ns, Threads: 0 runnable, 39 total
[4712.756s][info ][gc,start       ] GC(171) Pause Young (Allocation Failure)
[4712.771s][debug][gc,phases      ] GC(171) Scavenge 15.317ms
[4712.771s][debug][gc,ref         ] GC(171) ReferenceProcessor::execute queues: 1, RefProcThreadModel::Single, marks_oops_alive: false
[4712.771s][debug][gc,ref         ] GC(171) Skipped KeepAliveFinalRefsPhase of Reference Processing: no references
[4712.771s][debug][gc,ref         ] GC(171) Skipped PhantomRefsPhase of Reference Processing: no references
[4712.771s][debug][gc,phases      ] GC(171) Reference Processing 0.115ms
[4712.772s][debug][gc,phases      ] GC(171)   VM Weak                        Min: 0.00, Avg: 0.00, Max: 0.01, Diff: 0.01, Sum: 0.01, Workers: 4
[4712.772s][debug][gc,phases      ] GC(171)     Dead                           Min: 0, Avg:  0.0, Max: 0, Diff: 0, Sum: 0, Workers: 4
[4712.772s][debug][gc,phases      ] GC(171)     Total                          Min: 0, Avg: 236.2, Max: 896, Diff: 896, Sum: 945, Workers: 4
[4712.772s][debug][gc,phases      ] GC(171)   ObjectSynchronizer Weak        Min: 0.00, Avg: 0.00, Max: 0.00, Diff: 0.00, Sum: 0.00, Workers: 4
[4712.772s][debug][gc,phases      ] GC(171)     Dead                           Min: 0, Avg:  0.0, Max: 0, Diff: 0, Sum: 0, Workers: 4
[4712.772s][debug][gc,phases      ] GC(171)     Total                          Min: 0, Avg:  1.5, Max: 6, Diff: 6, Sum: 6, Workers: 4
[4712.772s][debug][gc,phases      ] GC(171)   JVMTI Tag Weak OopStorage      Min: 0.00, Avg: 0.00, Max: 0.00, Diff: 0.00, Sum: 0.00, Workers: 4
[4712.772s][debug][gc,phases      ] GC(171)     Dead                           Min: 0, Avg:  0.0, Max: 0, Diff: 0, Sum: 0, Workers: 4
[4712.772s][debug][gc,phases      ] GC(171)     Total                          Min: 0, Avg:  0.0, Max: 0, Diff: 0, Sum: 0, Workers: 4
[4712.772s][debug][gc,phases      ] GC(171)   StringTable Weak               Min: 0.00, Avg: 0.10, Max: 0.14, Diff: 0.14, Sum: 0.40, Workers: 4
[4712.772s][debug][gc,phases      ] GC(171)     Dead                           Min: 0, Avg:  0.2, Max: 1, Diff: 1, Sum: 1, Workers: 4
[4712.772s][debug][gc,phases      ] GC(171)     Total                          Min: 0, Avg: 12767.5, Max: 21502, Diff: 21502, Sum: 51070, Workers: 4
[4712.772s][debug][gc,phases      ] GC(171)   ResolvedMethodTable Weak       Min: 0.00, Avg: 0.03, Max: 0.05, Diff: 0.05, Sum: 0.13, Workers: 4
[4712.772s][debug][gc,phases      ] GC(171)     Dead                           Min: 0, Avg:  0.0, Max: 0, Diff: 0, Sum: 0, Workers: 4
[4712.772s][debug][gc,phases      ] GC(171)     Total                          Min: 0, Avg: 4304.8, Max: 7299, Diff: 7299, Sum: 17219, Workers: 4
[4712.772s][debug][gc,phases      ] GC(171)   JNI Weak                       Min: 0.00, Avg: 0.00, Max: 0.00, Diff: 0.00, Sum: 0.00, Workers: 4
[4712.772s][debug][gc,phases      ] GC(171)     Dead                           Min: 0, Avg:  0.0, Max: 0, Diff: 0, Sum: 0, Workers: 4
[4712.772s][debug][gc,phases      ] GC(171)     Total                          Min: 0, Avg: 13.0, Max: 48, Diff: 48, Sum: 52, Workers: 4
[4712.772s][debug][gc,phases      ] GC(171)   StringDedup Table Weak         Min: 0.00, Avg: 0.00, Max: 0.00, Diff: 0.00, Sum: 0.00, Workers: 4
[4712.772s][debug][gc,phases      ] GC(171)     Dead                           Min: 0, Avg:  0.0, Max: 0, Diff: 0, Sum: 0, Workers: 4
[4712.772s][debug][gc,phases      ] GC(171)     Total                          Min: 0, Avg:  0.0, Max: 0, Diff: 0, Sum: 0, Workers: 4
[4712.772s][debug][gc,phases      ] GC(171)   StringDedup Requests0 Weak     Min: 0.00, Avg: 0.00, Max: 0.00, Diff: 0.00, Sum: 0.00, Workers: 4
[4712.772s][debug][gc,phases      ] GC(171)     Dead                           Min: 0, Avg:  0.0, Max: 0, Diff: 0, Sum: 0, Workers: 4
[4712.772s][debug][gc,phases      ] GC(171)     Total                          Min: 0, Avg:  0.0, Max: 0, Diff: 0, Sum: 0, Workers: 4
[4712.772s][debug][gc,phases      ] GC(171)   StringDedup Requests1 Weak     Min: 0.00, Avg: 0.00, Max: 0.00, Diff: 0.00, Sum: 0.00, Workers: 4
[4712.772s][debug][gc,phases      ] GC(171)     Dead                           Min: 0, Avg:  0.0, Max: 0, Diff: 0, Sum: 0, Workers: 4
[4712.772s][debug][gc,phases      ] GC(171)     Total                          Min: 0, Avg:  0.0, Max: 0, Diff: 0, Sum: 0, Workers: 4
[4712.772s][debug][gc,phases      ] GC(171)   Weak JFR Old Object Samples    Min: 0.00, Avg: 0.00, Max: 0.00, Diff: 0.00, Sum: 0.00, Workers: 4
[4712.772s][debug][gc,phases      ] GC(171)     Dead                           Min: 0, Avg:  0.0, Max: 0, Diff: 0, Sum: 0, Workers: 4
[4712.772s][debug][gc,phases      ] GC(171)     Total                          Min: 0, Avg:  0.0, Max: 0, Diff: 0, Sum: 0, Workers: 4
[4712.772s][debug][gc,phases      ] GC(171) Weak Processing 0.377ms
[4712.772s][debug][gc,age         ] GC(171) Desired survivor size 72876032 bytes, new threshold 1 (max threshold 15)
[4712.772s][info ][gc,heap        ] GC(171) PSYoungGen: 1961885K(2019328K)->7856K(2025984K) Eden: 1941504K(1941504K)->0K(1952768K) From: 20381K(77824K)->7856K(73216K)
[4712.772s][info ][gc,heap        ] GC(171) ParOldGen: 1199351K(1199616K)->1216888K(1217024K)
[4712.772s][info ][gc,metaspace   ] GC(171) Metaspace: 112226K(113536K)->112226K(113536K) NonClass: 95915K(96640K)->95915K(96640K) Class: 16311K(16896K)->16311K(16896K)
[4712.772s][info ][gc             ] GC(171) Pause Young (Allocation Failure) 3087M->1196M(3167M) 15.945ms
[4712.772s][info ][gc,cpu         ] GC(171) User=0.04s Sys=0.01s Real=0.02s
[4712.772s][info ][safepoint      ] Safepoint "ParallelCollectForAllocation", Time since last: 14624010272 ns, Reaching safepoint: 7200 ns, At safepoint: 16010725 ns, Leaving safepoint: 11900 ns, Total: 16029825 ns, Threads: 0 runnable, 39 total
[4727.160s][info ][gc,start       ] GC(172) Pause Young (Allocation Failure)
[4727.169s][debug][gc,phases      ] GC(172) Scavenge 9.066ms
[4727.169s][debug][gc,ref         ] GC(172) ReferenceProcessor::execute queues: 1, RefProcThreadModel::Single, marks_oops_alive: false
[4727.169s][debug][gc,ref         ] GC(172) Skipped KeepAliveFinalRefsPhase of Reference Processing: no references
[4727.169s][debug][gc,ref         ] GC(172) ReferenceProcessor::execute queues: 1, RefProcThreadModel::Single, marks_oops_alive: false
[4727.169s][debug][gc,phases      ] GC(172) Reference Processing 0.094ms
[4727.169s][debug][gc,phases      ] GC(172)   VM Weak                        Min: 0.00, Avg: 0.00, Max: 0.01, Diff: 0.01, Sum: 0.01, Workers: 4
[4727.169s][debug][gc,phases      ] GC(172)     Dead                           Min: 0, Avg:  0.0, Max: 0, Diff: 0, Sum: 0, Workers: 4
[4727.169s][debug][gc,phases      ] GC(172)     Total                          Min: 0, Avg: 237.2, Max: 885, Diff: 885, Sum: 949, Workers: 4
[4727.169s][debug][gc,phases      ] GC(172)   ObjectSynchronizer Weak        Min: 0.00, Avg: 0.00, Max: 0.00, Diff: 0.00, Sum: 0.00, Workers: 4
[4727.169s][debug][gc,phases      ] GC(172)     Dead                           Min: 0, Avg:  0.0, Max: 0, Diff: 0, Sum: 0, Workers: 4
[4727.169s][debug][gc,phases      ] GC(172)     Total                          Min: 0, Avg:  1.5, Max: 6, Diff: 6, Sum: 6, Workers: 4
[4727.169s][debug][gc,phases      ] GC(172)   JVMTI Tag Weak OopStorage      Min: 0.00, Avg: 0.00, Max: 0.00, Diff: 0.00, Sum: 0.00, Workers: 4
[4727.169s][debug][gc,phases      ] GC(172)     Dead                           Min: 0, Avg:  0.0, Max: 0, Diff: 0, Sum: 0, Workers: 4
[4727.169s][debug][gc,phases      ] GC(172)     Total                          Min: 0, Avg:  0.0, Max: 0, Diff: 0, Sum: 0, Workers: 4
[4727.169s][debug][gc,phases      ] GC(172)   StringTable Weak               Min: 0.00, Avg: 0.10, Max: 0.13, Diff: 0.13, Sum: 0.39, Workers: 4
[4727.169s][debug][gc,phases      ] GC(172)     Dead                           Min: 0, Avg:  0.0, Max: 0, Diff: 0, Sum: 0, Workers: 4
[4727.169s][debug][gc,phases      ] GC(172)     Total                          Min: 0, Avg: 12769.2, Max: 21317, Diff: 21317, Sum: 51077, Workers: 4
[4727.169s][debug][gc,phases      ] GC(172)   ResolvedMethodTable Weak       Min: 0.00, Avg: 0.03, Max: 0.05, Diff: 0.05, Sum: 0.13, Workers: 4
[4727.169s][debug][gc,phases      ] GC(172)     Dead                           Min: 0, Avg:  5.2, Max: 21, Diff: 21, Sum: 21, Workers: 4
[4727.169s][debug][gc,phases      ] GC(172)     Total                          Min: 0, Avg: 4308.5, Max: 7276, Diff: 7276, Sum: 17234, Workers: 4
[4727.169s][debug][gc,phases      ] GC(172)   JNI Weak                       Min: 0.00, Avg: 0.00, Max: 0.00, Diff: 0.00, Sum: 0.00, Workers: 4
[4727.169s][debug][gc,phases      ] GC(172)     Dead                           Min: 0, Avg:  0.0, Max: 0, Diff: 0, Sum: 0, Workers: 4
[4727.169s][debug][gc,phases      ] GC(172)     Total                          Min: 0, Avg: 13.0, Max: 48, Diff: 48, Sum: 52, Workers: 4
[4727.169s][debug][gc,phases      ] GC(172)   StringDedup Table Weak         Min: 0.00, Avg: 0.00, Max: 0.00, Diff: 0.00, Sum: 0.00, Workers: 4
[4727.169s][debug][gc,phases      ] GC(172)     Dead                           Min: 0, Avg:  0.0, Max: 0, Diff: 0, Sum: 0, Workers: 4
[4727.169s][debug][gc,phases      ] GC(172)     Total                          Min: 0, Avg:  0.0, Max: 0, Diff: 0, Sum: 0, Workers: 4
[4727.169s][debug][gc,phases      ] GC(172)   StringDedup Requests0 Weak     Min: 0.00, Avg: 0.00, Max: 0.00, Diff: 0.00, Sum: 0.00, Workers: 4
[4727.169s][debug][gc,phases      ] GC(172)     Dead                           Min: 0, Avg:  0.0, Max: 0, Diff: 0, Sum: 0, Workers: 4
[4727.169s][debug][gc,phases      ] GC(172)     Total                          Min: 0, Avg:  0.0, Max: 0, Diff: 0, Sum: 0, Workers: 4
[4727.169s][debug][gc,phases      ] GC(172)   StringDedup Requests1 Weak     Min: 0.00, Avg: 0.00, Max: 0.00, Diff: 0.00, Sum: 0.00, Workers: 4
[4727.169s][debug][gc,phases      ] GC(172)     Dead                           Min: 0, Avg:  0.0, Max: 0, Diff: 0, Sum: 0, Workers: 4
[4727.169s][debug][gc,phases      ] GC(172)     Total                          Min: 0, Avg:  0.0, Max: 0, Diff: 0, Sum: 0, Workers: 4
[4727.169s][debug][gc,phases      ] GC(172)   Weak JFR Old Object Samples    Min: 0.00, Avg: 0.00, Max: 0.00, Diff: 0.00, Sum: 0.00, Workers: 4
[4727.169s][debug][gc,phases      ] GC(172)     Dead                           Min: 0, Avg:  0.0, Max: 0, Diff: 0, Sum: 0, Workers: 4
[4727.169s][debug][gc,phases      ] GC(172)     Total                          Min: 0, Avg:  0.0, Max: 0, Diff: 0, Sum: 0, Workers: 4
[4727.169s][debug][gc,phases      ] GC(172) Weak Processing 0.368ms
[4727.169s][debug][gc,age         ] GC(172) Desired survivor size 70778880 bytes, new threshold 1 (max threshold 15)
[4727.169s][info ][gc,heap        ] GC(172) PSYoungGen: 1960624K(2025984K)->6595K(2023936K) Eden: 1952768K(1952768K)->0K(1952768K) From: 7856K(73216K)->6595K(71168K)
[4727.169s][info ][gc,heap        ] GC(172) ParOldGen: 1216888K(1217024K)->1221360K(1221632K)
[4727.169s][info ][gc,metaspace   ] GC(172) Metaspace: 112277K(113600K)->112277K(113600K) NonClass: 95960K(96704K)->95960K(96704K) Class: 16316K(16896K)->16316K(16896K)
[4727.169s][info ][gc             ] GC(172) Pause Young (Allocation Failure) 3103M->1199M(3169M) 9.631ms
[4727.169s][info ][gc,cpu         ] GC(172) User=0.04s Sys=0.01s Real=0.01s
[4727.170s][info ][safepoint      ] Safepoint "ParallelCollectForAllocation", Time since last: 14387941179 ns, Reaching safepoint: 5500 ns, At safepoint: 9690955 ns, Leaving safepoint: 8200 ns, Total: 9704655 ns, Threads: 0 runnable, 38 total
[4737.600s][info ][gc,start       ] GC(173) Pause Young (Allocation Failure)
[4737.615s][debug][gc,phases      ] GC(173) Scavenge 14.960ms
[4737.615s][debug][gc,ref         ] GC(173) ReferenceProcessor::execute queues: 1, RefProcThreadModel::Single, marks_oops_alive: false
[4737.615s][debug][gc,ref         ] GC(173) Skipped KeepAliveFinalRefsPhase of Reference Processing: no references
[4737.615s][debug][gc,ref         ] GC(173) Skipped PhantomRefsPhase of Reference Processing: no references
[4737.615s][debug][gc,phases      ] GC(173) Reference Processing 0.116ms
[4737.616s][debug][gc,phases      ] GC(173)   VM Weak                        Min: 0.00, Avg: 0.00, Max: 0.01, Diff: 0.01, Sum: 0.01, Workers: 4
[4737.616s][debug][gc,phases      ] GC(173)     Dead                           Min: 0, Avg:  0.0, Max: 0, Diff: 0, Sum: 0, Workers: 4
[4737.616s][debug][gc,phases      ] GC(173)     Total                          Min: 0, Avg: 237.2, Max: 501, Diff: 501, Sum: 949, Workers: 4
[4737.616s][debug][gc,phases      ] GC(173)   ObjectSynchronizer Weak        Min: 0.00, Avg: 0.00, Max: 0.00, Diff: 0.00, Sum: 0.00, Workers: 4
[4737.616s][debug][gc,phases      ] GC(173)     Dead                           Min: 0, Avg:  0.0, Max: 0, Diff: 0, Sum: 0, Workers: 4
[4737.616s][debug][gc,phases      ] GC(173)     Total                          Min: 0, Avg:  1.5, Max: 6, Diff: 6, Sum: 6, Workers: 4
[4737.616s][debug][gc,phases      ] GC(173)   JVMTI Tag Weak OopStorage      Min: 0.00, Avg: 0.00, Max: 0.00, Diff: 0.00, Sum: 0.00, Workers: 4
[4737.616s][debug][gc,phases      ] GC(173)     Dead                           Min: 0, Avg:  0.0, Max: 0, Diff: 0, Sum: 0, Workers: 4
[4737.616s][debug][gc,phases      ] GC(173)     Total                          Min: 0, Avg:  0.0, Max: 0, Diff: 0, Sum: 0, Workers: 4
[4737.616s][debug][gc,phases      ] GC(173)   StringTable Weak               Min: 0.00, Avg: 0.11, Max: 0.15, Diff: 0.15, Sum: 0.43, Workers: 4
[4737.616s][debug][gc,phases      ] GC(173)     Dead                           Min: 0, Avg:  0.0, Max: 0, Diff: 0, Sum: 0, Workers: 4
[4737.616s][debug][gc,phases      ] GC(173)     Total                          Min: 0, Avg: 12769.8, Max: 19840, Diff: 19840, Sum: 51079, Workers: 4
[4737.616s][debug][gc,phases      ] GC(173)   ResolvedMethodTable Weak       Min: 0.02, Avg: 0.04, Max: 0.05, Diff: 0.02, Sum: 0.16, Workers: 4
[4737.616s][debug][gc,phases      ] GC(173)     Dead                           Min: 0, Avg:  0.0, Max: 0, Diff: 0, Sum: 0, Workers: 4
[4737.616s][debug][gc,phases      ] GC(173)     Total                          Min: 2432, Avg: 4309.0, Max: 5183, Diff: 2751, Sum: 17236, Workers: 4
[4737.616s][debug][gc,phases      ] GC(173)   JNI Weak                       Min: 0.00, Avg: 0.00, Max: 0.00, Diff: 0.00, Sum: 0.00, Workers: 4
[4737.616s][debug][gc,phases      ] GC(173)     Dead                           Min: 0, Avg:  0.0, Max: 0, Diff: 0, Sum: 0, Workers: 4
[4737.616s][debug][gc,phases      ] GC(173)     Total                          Min: 0, Avg: 13.0, Max: 48, Diff: 48, Sum: 52, Workers: 4
[4737.616s][debug][gc,phases      ] GC(173)   StringDedup Table Weak         Min: 0.00, Avg: 0.00, Max: 0.00, Diff: 0.00, Sum: 0.00, Workers: 4
[4737.616s][debug][gc,phases      ] GC(173)     Dead                           Min: 0, Avg:  0.0, Max: 0, Diff: 0, Sum: 0, Workers: 4
[4737.616s][debug][gc,phases      ] GC(173)     Total                          Min: 0, Avg:  0.0, Max: 0, Diff: 0, Sum: 0, Workers: 4
[4737.616s][debug][gc,phases      ] GC(173)   StringDedup Requests0 Weak     Min: 0.00, Avg: 0.00, Max: 0.00, Diff: 0.00, Sum: 0.00, Workers: 4
[4737.616s][debug][gc,phases      ] GC(173)     Dead                           Min: 0, Avg:  0.0, Max: 0, Diff: 0, Sum: 0, Workers: 4
[4737.616s][debug][gc,phases      ] GC(173)     Total                          Min: 0, Avg:  0.0, Max: 0, Diff: 0, Sum: 0, Workers: 4
[4737.616s][debug][gc,phases      ] GC(173)   StringDedup Requests1 Weak     Min: 0.00, Avg: 0.00, Max: 0.00, Diff: 0.00, Sum: 0.00, Workers: 4
[4737.616s][debug][gc,phases      ] GC(173)     Dead                           Min: 0, Avg:  0.0, Max: 0, Diff: 0, Sum: 0, Workers: 4
[4737.616s][debug][gc,phases      ] GC(173)     Total                          Min: 0, Avg:  0.0, Max: 0, Diff: 0, Sum: 0, Workers: 4
[4737.616s][debug][gc,phases      ] GC(173)   Weak JFR Old Object Samples    Min: 0.00, Avg: 0.00, Max: 0.00, Diff: 0.00, Sum: 0.00, Workers: 4
[4737.616s][debug][gc,phases      ] GC(173)     Dead                           Min: 0, Avg:  0.0, Max: 0, Diff: 0, Sum: 0, Workers: 4
[4737.616s][debug][gc,phases      ] GC(173)     Total                          Min: 0, Avg:  0.0, Max: 0, Diff: 0, Sum: 0, Workers: 4
[4737.616s][debug][gc,phases      ] GC(173) Weak Processing 0.390ms
[4737.616s][debug][gc,age         ] GC(173) Desired survivor size 68157440 bytes, new threshold 1 (max threshold 15)
[4737.616s][info ][gc,heap        ] GC(173) PSYoungGen: 1959363K(2023936K)->26768K(2030592K) Eden: 1952768K(1952768K)->0K(1961472K) From: 6595K(71168K)->26768K(69120K)
[4737.616s][info ][gc,heap        ] GC(173) ParOldGen: 1221360K(1221632K)->1224317K(1224704K)
[4737.616s][info ][gc,metaspace   ] GC(173) Metaspace: 112282K(113600K)->112282K(113600K) NonClass: 95965K(96704K)->95965K(96704K) Class: 16317K(16896K)->16317K(16896K)
[4737.616s][info ][gc             ] GC(173) Pause Young (Allocation Failure) 3106M->1221M(3179M) 15.602ms
[4737.616s][info ][gc,cpu         ] GC(173) User=0.06s Sys=0.00s Real=0.01s
[4737.616s][info ][safepoint      ] Safepoint "ParallelCollectForAllocation", Time since last: 10430598126 ns, Reaching safepoint: 84799 ns, At safepoint: 15671127 ns, Leaving safepoint: 17800 ns, Total: 15773726 ns, Threads: 1 runnable, 38 total
[4754.497s][info ][gc,start       ] GC(174) Pause Young (Allocation Failure)
[4754.518s][debug][gc,phases      ] GC(174) Scavenge 20.398ms
[4754.518s][debug][gc,ref         ] GC(174) ReferenceProcessor::execute queues: 1, RefProcThreadModel::Single, marks_oops_alive: false
[4754.518s][debug][gc,ref         ] GC(174) Skipped KeepAliveFinalRefsPhase of Reference Processing: no references
[4754.518s][debug][gc,ref         ] GC(174) Skipped PhantomRefsPhase of Reference Processing: no references
[4754.518s][debug][gc,phases      ] GC(174) Reference Processing 0.098ms
[4754.518s][debug][gc,phases      ] GC(174)   VM Weak                        Min: 0.00, Avg: 0.00, Max: 0.01, Diff: 0.01, Sum: 0.01, Workers: 4
[4754.518s][debug][gc,phases      ] GC(174)     Dead                           Min: 0, Avg:  0.0, Max: 0, Diff: 0, Sum: 0, Workers: 4
[4754.518s][debug][gc,phases      ] GC(174)     Total                          Min: 0, Avg: 237.2, Max: 565, Diff: 565, Sum: 949, Workers: 4
[4754.518s][debug][gc,phases      ] GC(174)   ObjectSynchronizer Weak        Min: 0.00, Avg: 0.00, Max: 0.00, Diff: 0.00, Sum: 0.00, Workers: 4
[4754.518s][debug][gc,phases      ] GC(174)     Dead                           Min: 0, Avg:  0.0, Max: 0, Diff: 0, Sum: 0, Workers: 4
[4754.518s][debug][gc,phases      ] GC(174)     Total                          Min: 0, Avg:  1.5, Max: 6, Diff: 6, Sum: 6, Workers: 4
[4754.518s][debug][gc,phases      ] GC(174)   JVMTI Tag Weak OopStorage      Min: 0.00, Avg: 0.00, Max: 0.00, Diff: 0.00, Sum: 0.00, Workers: 4
[4754.518s][debug][gc,phases      ] GC(174)     Dead                           Min: 0, Avg:  0.0, Max: 0, Diff: 0, Sum: 0, Workers: 4
[4754.518s][debug][gc,phases      ] GC(174)     Total                          Min: 0, Avg:  0.0, Max: 0, Diff: 0, Sum: 0, Workers: 4
[4754.518s][debug][gc,phases      ] GC(174)   StringTable Weak               Min: 0.00, Avg: 0.10, Max: 0.13, Diff: 0.13, Sum: 0.39, Workers: 4
[4754.518s][debug][gc,phases      ] GC(174)     Dead                           Min: 0, Avg:  0.0, Max: 0, Diff: 0, Sum: 0, Workers: 4
[4754.518s][debug][gc,phases      ] GC(174)     Total                          Min: 0, Avg: 12771.2, Max: 21389, Diff: 21389, Sum: 51085, Workers: 4
[4754.518s][debug][gc,phases      ] GC(174)   ResolvedMethodTable Weak       Min: 0.00, Avg: 0.04, Max: 0.05, Diff: 0.05, Sum: 0.14, Workers: 4
[4754.518s][debug][gc,phases      ] GC(174)     Dead                           Min: 0, Avg: 10.0, Max: 40, Diff: 40, Sum: 40, Workers: 4
[4754.518s][debug][gc,phases      ] GC(174)     Total                          Min: 0, Avg: 4310.0, Max: 7724, Diff: 7724, Sum: 17240, Workers: 4
[4754.518s][debug][gc,phases      ] GC(174)   JNI Weak                       Min: 0.00, Avg: 0.00, Max: 0.00, Diff: 0.00, Sum: 0.00, Workers: 4
[4754.518s][debug][gc,phases      ] GC(174)     Dead                           Min: 0, Avg:  0.0, Max: 0, Diff: 0, Sum: 0, Workers: 4
[4754.518s][debug][gc,phases      ] GC(174)     Total                          Min: 0, Avg: 13.0, Max: 48, Diff: 48, Sum: 52, Workers: 4
[4754.518s][debug][gc,phases      ] GC(174)   StringDedup Table Weak         Min: 0.00, Avg: 0.00, Max: 0.00, Diff: 0.00, Sum: 0.00, Workers: 4
[4754.518s][debug][gc,phases      ] GC(174)     Dead                           Min: 0, Avg:  0.0, Max: 0, Diff: 0, Sum: 0, Workers: 4
[4754.518s][debug][gc,phases      ] GC(174)     Total                          Min: 0, Avg:  0.0, Max: 0, Diff: 0, Sum: 0, Workers: 4
[4754.518s][debug][gc,phases      ] GC(174)   StringDedup Requests0 Weak     Min: 0.00, Avg: 0.00, Max: 0.00, Diff: 0.00, Sum: 0.00, Workers: 4
[4754.518s][debug][gc,phases      ] GC(174)     Dead                           Min: 0, Avg:  0.0, Max: 0, Diff: 0, Sum: 0, Workers: 4
[4754.518s][debug][gc,phases      ] GC(174)     Total                          Min: 0, Avg:  0.0, Max: 0, Diff: 0, Sum: 0, Workers: 4
[4754.518s][debug][gc,phases      ] GC(174)   StringDedup Requests1 Weak     Min: 0.00, Avg: 0.00, Max: 0.00, Diff: 0.00, Sum: 0.00, Workers: 4
[4754.518s][debug][gc,phases      ] GC(174)     Dead                           Min: 0, Avg:  0.0, Max: 0, Diff: 0, Sum: 0, Workers: 4
[4754.518s][debug][gc,phases      ] GC(174)     Total                          Min: 0, Avg:  0.0, Max: 0, Diff: 0, Sum: 0, Workers: 4
[4754.518s][debug][gc,phases      ] GC(174)   Weak JFR Old Object Samples    Min: 0.00, Avg: 0.00, Max: 0.00, Diff: 0.00, Sum: 0.00, Workers: 4
[4754.518s][debug][gc,phases      ] GC(174)     Dead                           Min: 0, Avg:  0.0, Max: 0, Diff: 0, Sum: 0, Workers: 4
[4754.518s][debug][gc,phases      ] GC(174)     Total                          Min: 0, Avg:  0.0, Max: 0, Diff: 0, Sum: 0, Workers: 4
[4754.518s][debug][gc,phases      ] GC(174) Weak Processing 0.367ms
[4754.518s][debug][gc,age         ] GC(174) Desired survivor size 64487424 bytes, new threshold 1 (max threshold 15)
[4754.518s][info ][gc,heap        ] GC(174) PSYoungGen: 1988240K(2030592K)->23664K(2028032K) Eden: 1961472K(1961472K)->0K(1961472K) From: 26768K(69120K)->23664K(66560K)
[4754.518s][info ][gc,heap        ] GC(174) ParOldGen: 1224317K(1224704K)->1247385K(1247744K)
[4754.518s][info ][gc,metaspace   ] GC(174) Metaspace: 112290K(113600K)->112290K(113600K) NonClass: 95973K(96704K)->95973K(96704K) Class: 16317K(16896K)->16317K(16896K)
[4754.518s][info ][gc             ] GC(174) Pause Young (Allocation Failure) 3137M->1241M(3199M) 20.996ms
[4754.518s][info ][gc,cpu         ] GC(174) User=0.06s Sys=0.02s Real=0.02s
[4754.518s][info ][safepoint      ] Safepoint "ParallelCollectForAllocation", Time since last: 16881223420 ns, Reaching safepoint: 8999 ns, At safepoint: 21068802 ns, Leaving safepoint: 15600 ns, Total: 21093401 ns, Threads: 0 runnable, 38 total
[4786.492s][info ][gc,start       ] GC(175) Pause Young (Allocation Failure)
[4786.512s][debug][gc,phases      ] GC(175) Scavenge 19.638ms
[4786.512s][debug][gc,ref         ] GC(175) Skipped SoftWeakFinalRefsPhase of Reference Processing: no references
[4786.512s][debug][gc,ref         ] GC(175) Skipped KeepAliveFinalRefsPhase of Reference Processing: no references
[4786.512s][debug][gc,ref         ] GC(175) Skipped PhantomRefsPhase of Reference Processing: no references
[4786.512s][debug][gc,phases      ] GC(175) Reference Processing 0.023ms
[4786.512s][debug][gc,phases      ] GC(175)   VM Weak                        Min: 0.00, Avg: 0.00, Max: 0.01, Diff: 0.01, Sum: 0.01, Workers: 4
[4786.512s][debug][gc,phases      ] GC(175)     Dead                           Min: 0, Avg:  0.0, Max: 0, Diff: 0, Sum: 0, Workers: 4
[4786.512s][debug][gc,phases      ] GC(175)     Total                          Min: 0, Avg: 237.2, Max: 629, Diff: 629, Sum: 949, Workers: 4
[4786.512s][debug][gc,phases      ] GC(175)   ObjectSynchronizer Weak        Min: 0.00, Avg: 0.00, Max: 0.00, Diff: 0.00, Sum: 0.00, Workers: 4
[4786.512s][debug][gc,phases      ] GC(175)     Dead                           Min: 0, Avg:  0.0, Max: 0, Diff: 0, Sum: 0, Workers: 4
[4786.512s][debug][gc,phases      ] GC(175)     Total                          Min: 0, Avg:  1.5, Max: 6, Diff: 6, Sum: 6, Workers: 4
[4786.512s][debug][gc,phases      ] GC(175)   JVMTI Tag Weak OopStorage      Min: 0.00, Avg: 0.00, Max: 0.00, Diff: 0.00, Sum: 0.00, Workers: 4
[4786.512s][debug][gc,phases      ] GC(175)     Dead                           Min: 0, Avg:  0.0, Max: 0, Diff: 0, Sum: 0, Workers: 4
[4786.512s][debug][gc,phases      ] GC(175)     Total                          Min: 0, Avg:  0.0, Max: 0, Diff: 0, Sum: 0, Workers: 4
[4786.512s][debug][gc,phases      ] GC(175)   StringTable Weak               Min: 0.00, Avg: 0.10, Max: 0.14, Diff: 0.14, Sum: 0.41, Workers: 4
[4786.512s][debug][gc,phases      ] GC(175)     Dead                           Min: 0, Avg:  0.0, Max: 0, Diff: 0, Sum: 0, Workers: 4
[4786.512s][debug][gc,phases      ] GC(175)     Total                          Min: 0, Avg: 12771.5, Max: 21646, Diff: 21646, Sum: 51086, Workers: 4
[4786.512s][debug][gc,phases      ] GC(175)   ResolvedMethodTable Weak       Min: 0.00, Avg: 0.03, Max: 0.05, Diff: 0.05, Sum: 0.13, Workers: 4
[4786.512s][debug][gc,phases      ] GC(175)     Dead                           Min: 0, Avg:  5.0, Max: 20, Diff: 20, Sum: 20, Workers: 4
[4786.512s][debug][gc,phases      ] GC(175)     Total                          Min: 0, Avg: 4310.0, Max: 7404, Diff: 7404, Sum: 17240, Workers: 4
[4786.512s][debug][gc,phases      ] GC(175)   JNI Weak                       Min: 0.00, Avg: 0.00, Max: 0.00, Diff: 0.00, Sum: 0.00, Workers: 4
[4786.512s][debug][gc,phases      ] GC(175)     Dead                           Min: 0, Avg:  0.0, Max: 0, Diff: 0, Sum: 0, Workers: 4
[4786.512s][debug][gc,phases      ] GC(175)     Total                          Min: 0, Avg: 13.0, Max: 52, Diff: 52, Sum: 52, Workers: 4
[4786.512s][debug][gc,phases      ] GC(175)   StringDedup Table Weak         Min: 0.00, Avg: 0.00, Max: 0.00, Diff: 0.00, Sum: 0.00, Workers: 4
[4786.512s][debug][gc,phases      ] GC(175)     Dead                           Min: 0, Avg:  0.0, Max: 0, Diff: 0, Sum: 0, Workers: 4
[4786.512s][debug][gc,phases      ] GC(175)     Total                          Min: 0, Avg:  0.0, Max: 0, Diff: 0, Sum: 0, Workers: 4
[4786.512s][debug][gc,phases      ] GC(175)   StringDedup Requests0 Weak     Min: 0.00, Avg: 0.00, Max: 0.00, Diff: 0.00, Sum: 0.00, Workers: 4
[4786.512s][debug][gc,phases      ] GC(175)     Dead                           Min: 0, Avg:  0.0, Max: 0, Diff: 0, Sum: 0, Workers: 4
[4786.512s][debug][gc,phases      ] GC(175)     Total                          Min: 0, Avg:  0.0, Max: 0, Diff: 0, Sum: 0, Workers: 4
[4786.512s][debug][gc,phases      ] GC(175)   StringDedup Requests1 Weak     Min: 0.00, Avg: 0.00, Max: 0.00, Diff: 0.00, Sum: 0.00, Workers: 4
[4786.512s][debug][gc,phases      ] GC(175)     Dead                           Min: 0, Avg:  0.0, Max: 0, Diff: 0, Sum: 0, Workers: 4
[4786.512s][debug][gc,phases      ] GC(175)     Total                          Min: 0, Avg:  0.0, Max: 0, Diff: 0, Sum: 0, Workers: 4
[4786.512s][debug][gc,phases      ] GC(175)   Weak JFR Old Object Samples    Min: 0.00, Avg: 0.00, Max: 0.00, Diff: 0.00, Sum: 0.00, Workers: 4
[4786.512s][debug][gc,phases      ] GC(175)     Dead                           Min: 0, Avg:  0.0, Max: 0, Diff: 0, Sum: 0, Workers: 4
[4786.512s][debug][gc,phases      ] GC(175)     Total                          Min: 0, Avg:  0.0, Max: 0, Diff: 0, Sum: 0, Workers: 4
[4786.512s][debug][gc,phases      ] GC(175) Weak Processing 0.360ms
[4786.512s][debug][gc,age         ] GC(175) Desired survivor size 60817408 bytes, new threshold 1 (max threshold 15)
[4786.512s][info ][gc,heap        ] GC(175) PSYoungGen: 1985136K(2028032K)->16400K(2037760K) Eden: 1961472K(1961472K)->0K(1974784K) From: 23664K(66560K)->16400K(62976K)
[4786.512s][info ][gc,heap        ] GC(175) ParOldGen: 1247385K(1247744K)->1269178K(1269248K)
[4786.512s][info ][gc,metaspace   ] GC(175) Metaspace: 112297K(113600K)->112297K(113600K) NonClass: 95979K(96704K)->95979K(96704K) Class: 16317K(16896K)->16317K(16896K)
[4786.512s][info ][gc             ] GC(175) Pause Young (Allocation Failure) 3156M->1255M(3229M) 20.144ms
[4786.512s][info ][gc,cpu         ] GC(175) User=0.06s Sys=0.01s Real=0.02s
[4786.512s][info ][safepoint      ] Safepoint "ParallelCollectForAllocation", Time since last: 31973575461 ns, Reaching safepoint: 101999 ns, At safepoint: 20210899 ns, Leaving safepoint: 19900 ns, Total: 20332798 ns, Threads: 2 runnable, 38 total
[4801.010s][info ][gc,start       ] GC(176) Pause Young (Allocation Failure)
[4801.029s][debug][gc,phases      ] GC(176) Scavenge 19.165ms
[4801.029s][debug][gc,ref         ] GC(176) ReferenceProcessor::execute queues: 1, RefProcThreadModel::Single, marks_oops_alive: false
[4801.029s][debug][gc,ref         ] GC(176) Skipped KeepAliveFinalRefsPhase of Reference Processing: no references
[4801.029s][debug][gc,ref         ] GC(176) Skipped PhantomRefsPhase of Reference Processing: no references
[4801.029s][debug][gc,phases      ] GC(176) Reference Processing 0.093ms
[4801.029s][debug][gc,phases      ] GC(176)   VM Weak                        Min: 0.00, Avg: 0.00, Max: 0.01, Diff: 0.01, Sum: 0.01, Workers: 4
[4801.029s][debug][gc,phases      ] GC(176)     Dead                           Min: 0, Avg:  0.0, Max: 0, Diff: 0, Sum: 0, Workers: 4
[4801.029s][debug][gc,phases      ] GC(176)     Total                          Min: 0, Avg: 237.2, Max: 949, Diff: 949, Sum: 949, Workers: 4
[4801.029s][debug][gc,phases      ] GC(176)   ObjectSynchronizer Weak        Min: 0.00, Avg: 0.00, Max: 0.00, Diff: 0.00, Sum: 0.00, Workers: 4
[4801.029s][debug][gc,phases      ] GC(176)     Dead                           Min: 0, Avg:  0.0, Max: 0, Diff: 0, Sum: 0, Workers: 4
[4801.029s][debug][gc,phases      ] GC(176)     Total                          Min: 0, Avg:  1.5, Max: 6, Diff: 6, Sum: 6, Workers: 4
[4801.029s][debug][gc,phases      ] GC(176)   JVMTI Tag Weak OopStorage      Min: 0.00, Avg: 0.00, Max: 0.00, Diff: 0.00, Sum: 0.00, Workers: 4
[4801.029s][debug][gc,phases      ] GC(176)     Dead                           Min: 0, Avg:  0.0, Max: 0, Diff: 0, Sum: 0, Workers: 4
[4801.029s][debug][gc,phases      ] GC(176)     Total                          Min: 0, Avg:  0.0, Max: 0, Diff: 0, Sum: 0, Workers: 4
[4801.029s][debug][gc,phases      ] GC(176)   StringTable Weak               Min: 0.00, Avg: 0.12, Max: 0.16, Diff: 0.16, Sum: 0.47, Workers: 4
[4801.029s][debug][gc,phases      ] GC(176)     Dead                           Min: 0, Avg:  0.0, Max: 0, Diff: 0, Sum: 0, Workers: 4
[4801.029s][debug][gc,phases      ] GC(176)     Total                          Min: 0, Avg: 12771.5, Max: 22030, Diff: 22030, Sum: 51086, Workers: 4
[4801.029s][debug][gc,phases      ] GC(176)   ResolvedMethodTable Weak       Min: 0.00, Avg: 0.04, Max: 0.05, Diff: 0.05, Sum: 0.16, Workers: 4
[4801.029s][debug][gc,phases      ] GC(176)     Dead                           Min: 0, Avg:  5.0, Max: 20, Diff: 20, Sum: 20, Workers: 4
[4801.029s][debug][gc,phases      ] GC(176)     Total                          Min: 0, Avg: 4310.0, Max: 5821, Diff: 5821, Sum: 17240, Workers: 4
[4801.029s][debug][gc,phases      ] GC(176)   JNI Weak                       Min: 0.00, Avg: 0.00, Max: 0.00, Diff: 0.00, Sum: 0.00, Workers: 4
[4801.029s][debug][gc,phases      ] GC(176)     Dead                           Min: 0, Avg:  0.0, Max: 0, Diff: 0, Sum: 0, Workers: 4
[4801.029s][debug][gc,phases      ] GC(176)     Total                          Min: 0, Avg: 13.0, Max: 48, Diff: 48, Sum: 52, Workers: 4
[4801.029s][debug][gc,phases      ] GC(176)   StringDedup Table Weak         Min: 0.00, Avg: 0.00, Max: 0.00, Diff: 0.00, Sum: 0.00, Workers: 4
[4801.029s][debug][gc,phases      ] GC(176)     Dead                           Min: 0, Avg:  0.0, Max: 0, Diff: 0, Sum: 0, Workers: 4
[4801.029s][debug][gc,phases      ] GC(176)     Total                          Min: 0, Avg:  0.0, Max: 0, Diff: 0, Sum: 0, Workers: 4
[4801.029s][debug][gc,phases      ] GC(176)   StringDedup Requests0 Weak     Min: 0.00, Avg: 0.00, Max: 0.00, Diff: 0.00, Sum: 0.00, Workers: 4
[4801.029s][debug][gc,phases      ] GC(176)     Dead                           Min: 0, Avg:  0.0, Max: 0, Diff: 0, Sum: 0, Workers: 4
[4801.029s][debug][gc,phases      ] GC(176)     Total                          Min: 0, Avg:  0.0, Max: 0, Diff: 0, Sum: 0, Workers: 4
[4801.029s][debug][gc,phases      ] GC(176)   StringDedup Requests1 Weak     Min: 0.00, Avg: 0.00, Max: 0.00, Diff: 0.00, Sum: 0.00, Workers: 4
[4801.029s][debug][gc,phases      ] GC(176)     Dead                           Min: 0, Avg:  0.0, Max: 0, Diff: 0, Sum: 0, Workers: 4
[4801.029s][debug][gc,phases      ] GC(176)     Total                          Min: 0, Avg:  0.0, Max: 0, Diff: 0, Sum: 0, Workers: 4
[4801.030s][debug][gc,phases      ] GC(176)   Weak JFR Old Object Samples    Min: 0.00, Avg: 0.00, Max: 0.00, Diff: 0.00, Sum: 0.00, Workers: 4
[4801.030s][debug][gc,phases      ] GC(176)     Dead                           Min: 0, Avg:  0.0, Max: 0, Diff: 0, Sum: 0, Workers: 4
[4801.030s][debug][gc,phases      ] GC(176)     Total                          Min: 0, Avg:  0.0, Max: 0, Diff: 0, Sum: 0, Workers: 4
[4801.030s][debug][gc,phases      ] GC(176) Weak Processing 0.382ms
[4801.030s][debug][gc,age         ] GC(176) Desired survivor size 60293120 bytes, new threshold 1 (max threshold 15)
[4801.030s][info ][gc,heap        ] GC(176) PSYoungGen: 1991184K(2037760K)->29744K(2034176K) Eden: 1974784K(1974784K)->0K(1974784K) From: 16400K(62976K)->29744K(59392K)
[4801.030s][info ][gc,heap        ] GC(176) ParOldGen: 1269178K(1269248K)->1283783K(1284096K)
[4801.030s][info ][gc,metaspace   ] GC(176) Metaspace: 112300K(113600K)->112300K(113600K) NonClass: 95983K(96704K)->95983K(96704K) Class: 16317K(16896K)->16317K(16896K)
[4801.030s][info ][gc             ] GC(176) Pause Young (Allocation Failure) 3183M->1282M(3240M) 19.768ms
[4801.030s][info ][gc,cpu         ] GC(176) User=0.07s Sys=0.01s Real=0.02s
[4801.030s][info ][safepoint      ] Safepoint "ParallelCollectForAllocation", Time since last: 14497639076 ns, Reaching safepoint: 5900 ns, At safepoint: 19835307 ns, Leaving safepoint: 10900 ns, Total: 19852107 ns, Threads: 0 runnable, 38 total
[4814.399s][info ][gc,start       ] GC(177) Pause Young (Allocation Failure)
[4814.420s][debug][gc,phases      ] GC(177) Scavenge 20.901ms
[4814.420s][debug][gc,ref         ] GC(177) ReferenceProcessor::execute queues: 1, RefProcThreadModel::Single, marks_oops_alive: false
[4814.420s][debug][gc,ref         ] GC(177) Skipped KeepAliveFinalRefsPhase of Reference Processing: no references
[4814.420s][debug][gc,ref         ] GC(177) Skipped PhantomRefsPhase of Reference Processing: no references
[4814.420s][debug][gc,phases      ] GC(177) Reference Processing 0.094ms
[4814.421s][debug][gc,phases      ] GC(177)   VM Weak                        Min: 0.00, Avg: 0.00, Max: 0.01, Diff: 0.01, Sum: 0.01, Workers: 4
[4814.421s][debug][gc,phases      ] GC(177)     Dead                           Min: 0, Avg:  0.0, Max: 0, Diff: 0, Sum: 0, Workers: 4
[4814.421s][debug][gc,phases      ] GC(177)     Total                          Min: 0, Avg: 237.2, Max: 501, Diff: 501, Sum: 949, Workers: 4
[4814.421s][debug][gc,phases      ] GC(177)   ObjectSynchronizer Weak        Min: 0.00, Avg: 0.00, Max: 0.00, Diff: 0.00, Sum: 0.00, Workers: 4
[4814.421s][debug][gc,phases      ] GC(177)     Dead                           Min: 0, Avg:  0.0, Max: 0, Diff: 0, Sum: 0, Workers: 4
[4814.421s][debug][gc,phases      ] GC(177)     Total                          Min: 0, Avg:  1.5, Max: 6, Diff: 6, Sum: 6, Workers: 4
[4814.421s][debug][gc,phases      ] GC(177)   JVMTI Tag Weak OopStorage      Min: 0.00, Avg: 0.00, Max: 0.00, Diff: 0.00, Sum: 0.00, Workers: 4
[4814.421s][debug][gc,phases      ] GC(177)     Dead                           Min: 0, Avg:  0.0, Max: 0, Diff: 0, Sum: 0, Workers: 4
[4814.421s][debug][gc,phases      ] GC(177)     Total                          Min: 0, Avg:  0.0, Max: 0, Diff: 0, Sum: 0, Workers: 4
[4814.421s][debug][gc,phases      ] GC(177)   StringTable Weak               Min: 0.00, Avg: 0.10, Max: 0.14, Diff: 0.14, Sum: 0.41, Workers: 4
[4814.421s][debug][gc,phases      ] GC(177)     Dead                           Min: 0, Avg:  0.0, Max: 0, Diff: 0, Sum: 0, Workers: 4
[4814.421s][debug][gc,phases      ] GC(177)     Total                          Min: 0, Avg: 12771.8, Max: 21583, Diff: 21583, Sum: 51087, Workers: 4
[4814.421s][debug][gc,phases      ] GC(177)   ResolvedMethodTable Weak       Min: 0.00, Avg: 0.03, Max: 0.05, Diff: 0.05, Sum: 0.14, Workers: 4
[4814.421s][debug][gc,phases      ] GC(177)     Dead                           Min: 0, Avg:  5.0, Max: 20, Diff: 20, Sum: 20, Workers: 4
[4814.421s][debug][gc,phases      ] GC(177)     Total                          Min: 0, Avg: 4310.5, Max: 7411, Diff: 7411, Sum: 17242, Workers: 4
[4814.421s][debug][gc,phases      ] GC(177)   JNI Weak                       Min: 0.00, Avg: 0.00, Max: 0.00, Diff: 0.00, Sum: 0.00, Workers: 4
[4814.421s][debug][gc,phases      ] GC(177)     Dead                           Min: 0, Avg:  0.0, Max: 0, Diff: 0, Sum: 0, Workers: 4
[4814.421s][debug][gc,phases      ] GC(177)     Total                          Min: 0, Avg: 13.0, Max: 48, Diff: 48, Sum: 52, Workers: 4
[4814.421s][debug][gc,phases      ] GC(177)   StringDedup Table Weak         Min: 0.00, Avg: 0.00, Max: 0.00, Diff: 0.00, Sum: 0.00, Workers: 4
[4814.421s][debug][gc,phases      ] GC(177)     Dead                           Min: 0, Avg:  0.0, Max: 0, Diff: 0, Sum: 0, Workers: 4
[4814.421s][debug][gc,phases      ] GC(177)     Total                          Min: 0, Avg:  0.0, Max: 0, Diff: 0, Sum: 0, Workers: 4
[4814.421s][debug][gc,phases      ] GC(177)   StringDedup Requests0 Weak     Min: 0.00, Avg: 0.00, Max: 0.00, Diff: 0.00, Sum: 0.00, Workers: 4
[4814.421s][debug][gc,phases      ] GC(177)     Dead                           Min: 0, Avg:  0.0, Max: 0, Diff: 0, Sum: 0, Workers: 4
[4814.421s][debug][gc,phases      ] GC(177)     Total                          Min: 0, Avg:  0.0, Max: 0, Diff: 0, Sum: 0, Workers: 4
[4814.421s][debug][gc,phases      ] GC(177)   StringDedup Requests1 Weak     Min: 0.00, Avg: 0.00, Max: 0.00, Diff: 0.00, Sum: 0.00, Workers: 4
[4814.421s][debug][gc,phases      ] GC(177)     Dead                           Min: 0, Avg:  0.0, Max: 0, Diff: 0, Sum: 0, Workers: 4
[4814.421s][debug][gc,phases      ] GC(177)     Total                          Min: 0, Avg:  0.0, Max: 0, Diff: 0, Sum: 0, Workers: 4
[4814.421s][debug][gc,phases      ] GC(177)   Weak JFR Old Object Samples    Min: 0.00, Avg: 0.00, Max: 0.00, Diff: 0.00, Sum: 0.00, Workers: 4
[4814.421s][debug][gc,phases      ] GC(177)     Dead                           Min: 0, Avg:  0.0, Max: 0, Diff: 0, Sum: 0, Workers: 4
[4814.421s][debug][gc,phases      ] GC(177)     Total                          Min: 0, Avg:  0.0, Max: 0, Diff: 0, Sum: 0, Workers: 4
[4814.421s][debug][gc,phases      ] GC(177) Weak Processing 0.353ms
[4814.421s][debug][gc,age         ] GC(177) Desired survivor size 58195968 bytes, new threshold 1 (max threshold 15)
[4814.421s][info ][gc,heap        ] GC(177) PSYoungGen: 2004528K(2034176K)->13728K(2040320K) Eden: 1974784K(1974784K)->0K(1981440K) From: 29744K(59392K)->13728K(58880K)
[4814.421s][info ][gc,heap        ] GC(177) ParOldGen: 1283783K(1284096K)->1311223K(1311232K)
[4814.421s][info ][gc,metaspace   ] GC(177) Metaspace: 112314K(113600K)->112314K(113600K) NonClass: 95997K(96704K)->95997K(96704K) Class: 16317K(16896K)->16317K(16896K)
[4814.421s][info ][gc             ] GC(177) Pause Young (Allocation Failure) 3211M->1293M(3273M) 21.467ms
[4814.421s][info ][gc,cpu         ] GC(177) User=0.06s Sys=0.03s Real=0.02s
[4814.421s][info ][safepoint      ] Safepoint "ParallelCollectForAllocation", Time since last: 13369681704 ns, Reaching safepoint: 100300 ns, At safepoint: 21539868 ns, Leaving safepoint: 17500 ns, Total: 21657668 ns, Threads: 2 runnable, 40 total
[4830.447s][info ][gc,start       ] GC(178) Pause Young (Allocation Failure)
[4830.456s][debug][gc,phases      ] GC(178) Scavenge 8.221ms
[4830.456s][debug][gc,ref         ] GC(178) ReferenceProcessor::execute queues: 1, RefProcThreadModel::Single, marks_oops_alive: false
[4830.456s][debug][gc,ref         ] GC(178) Skipped KeepAliveFinalRefsPhase of Reference Processing: no references
[4830.456s][debug][gc,ref         ] GC(178) Skipped PhantomRefsPhase of Reference Processing: no references
[4830.456s][debug][gc,phases      ] GC(178) Reference Processing 0.095ms
[4830.456s][debug][gc,phases      ] GC(178)   VM Weak                        Min: 0.00, Avg: 0.00, Max: 0.01, Diff: 0.00, Sum: 0.01, Workers: 4
[4830.456s][debug][gc,phases      ] GC(178)     Dead                           Min: 0, Avg:  0.0, Max: 0, Diff: 0, Sum: 0, Workers: 4
[4830.456s][debug][gc,phases      ] GC(178)     Total                          Min: 0, Avg: 238.2, Max: 512, Diff: 512, Sum: 953, Workers: 4
[4830.456s][debug][gc,phases      ] GC(178)   ObjectSynchronizer Weak        Min: 0.00, Avg: 0.00, Max: 0.00, Diff: 0.00, Sum: 0.00, Workers: 4
[4830.456s][debug][gc,phases      ] GC(178)     Dead                           Min: 0, Avg:  0.0, Max: 0, Diff: 0, Sum: 0, Workers: 4
[4830.456s][debug][gc,phases      ] GC(178)     Total                          Min: 0, Avg:  1.5, Max: 6, Diff: 6, Sum: 6, Workers: 4
[4830.456s][debug][gc,phases      ] GC(178)   JVMTI Tag Weak OopStorage      Min: 0.00, Avg: 0.00, Max: 0.00, Diff: 0.00, Sum: 0.00, Workers: 4
[4830.456s][debug][gc,phases      ] GC(178)     Dead                           Min: 0, Avg:  0.0, Max: 0, Diff: 0, Sum: 0, Workers: 4
[4830.456s][debug][gc,phases      ] GC(178)     Total                          Min: 0, Avg:  0.0, Max: 0, Diff: 0, Sum: 0, Workers: 4
[4830.456s][debug][gc,phases      ] GC(178)   StringTable Weak               Min: 0.12, Avg: 0.12, Max: 0.12, Diff: 0.00, Sum: 0.47, Workers: 4
[4830.456s][debug][gc,phases      ] GC(178)     Dead                           Min: 0, Avg:  0.0, Max: 0, Diff: 0, Sum: 0, Workers: 4
[4830.456s][debug][gc,phases      ] GC(178)     Total                          Min: 12566, Avg: 12773.5, Max: 12864, Diff: 298, Sum: 51094, Workers: 4
[4830.456s][debug][gc,phases      ] GC(178)   ResolvedMethodTable Weak       Min: 0.04, Avg: 0.04, Max: 0.04, Diff: 0.00, Sum: 0.16, Workers: 4
[4830.456s][debug][gc,phases      ] GC(178)     Dead                           Min: 0, Avg:  0.0, Max: 0, Diff: 0, Sum: 0, Workers: 4
[4830.456s][debug][gc,phases      ] GC(178)     Total                          Min: 4207, Avg: 4312.8, Max: 4478, Diff: 271, Sum: 17251, Workers: 4
[4830.456s][debug][gc,phases      ] GC(178)   JNI Weak                       Min: 0.00, Avg: 0.00, Max: 0.00, Diff: 0.00, Sum: 0.00, Workers: 4
[4830.456s][debug][gc,phases      ] GC(178)     Dead                           Min: 0, Avg:  0.0, Max: 0, Diff: 0, Sum: 0, Workers: 4
[4830.456s][debug][gc,phases      ] GC(178)     Total                          Min: 0, Avg: 13.0, Max: 48, Diff: 48, Sum: 52, Workers: 4
[4830.456s][debug][gc,phases      ] GC(178)   StringDedup Table Weak         Min: 0.00, Avg: 0.00, Max: 0.00, Diff: 0.00, Sum: 0.00, Workers: 4
[4830.456s][debug][gc,phases      ] GC(178)     Dead                           Min: 0, Avg:  0.0, Max: 0, Diff: 0, Sum: 0, Workers: 4
[4830.456s][debug][gc,phases      ] GC(178)     Total                          Min: 0, Avg:  0.0, Max: 0, Diff: 0, Sum: 0, Workers: 4
[4830.456s][debug][gc,phases      ] GC(178)   StringDedup Requests0 Weak     Min: 0.00, Avg: 0.00, Max: 0.00, Diff: 0.00, Sum: 0.00, Workers: 4
[4830.456s][debug][gc,phases      ] GC(178)     Dead                           Min: 0, Avg:  0.0, Max: 0, Diff: 0, Sum: 0, Workers: 4
[4830.456s][debug][gc,phases      ] GC(178)     Total                          Min: 0, Avg:  0.0, Max: 0, Diff: 0, Sum: 0, Workers: 4
[4830.456s][debug][gc,phases      ] GC(178)   StringDedup Requests1 Weak     Min: 0.00, Avg: 0.00, Max: 0.00, Diff: 0.00, Sum: 0.00, Workers: 4
[4830.456s][debug][gc,phases      ] GC(178)     Dead                           Min: 0, Avg:  0.0, Max: 0, Diff: 0, Sum: 0, Workers: 4
[4830.456s][debug][gc,phases      ] GC(178)     Total                          Min: 0, Avg:  0.0, Max: 0, Diff: 0, Sum: 0, Workers: 4
[4830.456s][debug][gc,phases      ] GC(178)   Weak JFR Old Object Samples    Min: 0.00, Avg: 0.00, Max: 0.00, Diff: 0.00, Sum: 0.00, Workers: 4
[4830.456s][debug][gc,phases      ] GC(178)     Dead                           Min: 0, Avg:  0.0, Max: 0, Diff: 0, Sum: 0, Workers: 4
[4830.456s][debug][gc,phases      ] GC(178)     Total                          Min: 0, Avg:  0.0, Max: 0, Diff: 0, Sum: 0, Workers: 4
[4830.456s][debug][gc,phases      ] GC(178) Weak Processing 0.362ms
[4830.456s][debug][gc,age         ] GC(178) Desired survivor size 57671680 bytes, new threshold 1 (max threshold 15)
[4830.456s][info ][gc,heap        ] GC(178) PSYoungGen: 1995168K(2040320K)->3968K(2038272K) Eden: 1981440K(1981440K)->0K(1981440K) From: 13728K(58880K)->3968K(56832K)
[4830.456s][info ][gc,heap        ] GC(178) ParOldGen: 1311223K(1311232K)->1317728K(1317888K)
[4830.456s][info ][gc,metaspace   ] GC(178) Metaspace: 112329K(113664K)->112329K(113664K) NonClass: 96008K(96768K)->96008K(96768K) Class: 16320K(16896K)->16320K(16896K)
[4830.456s][info ][gc             ] GC(178) Pause Young (Allocation Failure) 3228M->1290M(3277M) 8.787ms
[4830.456s][info ][gc,cpu         ] GC(178) User=0.03s Sys=0.00s Real=0.01s
[4830.456s][info ][safepoint      ] Safepoint "ParallelCollectForAllocation", Time since last: 16026264736 ns, Reaching safepoint: 6500 ns, At safepoint: 8846554 ns, Leaving safepoint: 11100 ns, Total: 8864154 ns, Threads: 0 runnable, 40 total
[4846.007s][info ][gc,start       ] GC(179) Pause Young (Allocation Failure)
[4846.012s][debug][gc,phases      ] GC(179) Scavenge 4.544ms
[4846.012s][debug][gc,ref         ] GC(179) ReferenceProcessor::execute queues: 1, RefProcThreadModel::Single, marks_oops_alive: false
[4846.012s][debug][gc,ref         ] GC(179) Skipped KeepAliveFinalRefsPhase of Reference Processing: no references
[4846.012s][debug][gc,ref         ] GC(179) Skipped PhantomRefsPhase of Reference Processing: no references
[4846.012s][debug][gc,phases      ] GC(179) Reference Processing 0.094ms
[4846.012s][debug][gc,phases      ] GC(179)   VM Weak                        Min: 0.00, Avg: 0.00, Max: 0.01, Diff: 0.01, Sum: 0.01, Workers: 4
[4846.012s][debug][gc,phases      ] GC(179)     Dead                           Min: 0, Avg:  0.0, Max: 0, Diff: 0, Sum: 0, Workers: 4
[4846.012s][debug][gc,phases      ] GC(179)     Total                          Min: 0, Avg: 238.2, Max: 768, Diff: 768, Sum: 953, Workers: 4
[4846.012s][debug][gc,phases      ] GC(179)   ObjectSynchronizer Weak        Min: 0.00, Avg: 0.00, Max: 0.00, Diff: 0.00, Sum: 0.00, Workers: 4
[4846.012s][debug][gc,phases      ] GC(179)     Dead                           Min: 0, Avg:  0.0, Max: 0, Diff: 0, Sum: 0, Workers: 4
[4846.012s][debug][gc,phases      ] GC(179)     Total                          Min: 0, Avg:  1.5, Max: 6, Diff: 6, Sum: 6, Workers: 4
[4846.012s][debug][gc,phases      ] GC(179)   JVMTI Tag Weak OopStorage      Min: 0.00, Avg: 0.00, Max: 0.00, Diff: 0.00, Sum: 0.00, Workers: 4
[4846.012s][debug][gc,phases      ] GC(179)     Dead                           Min: 0, Avg:  0.0, Max: 0, Diff: 0, Sum: 0, Workers: 4
[4846.012s][debug][gc,phases      ] GC(179)     Total                          Min: 0, Avg:  0.0, Max: 0, Diff: 0, Sum: 0, Workers: 4
[4846.012s][debug][gc,phases      ] GC(179)   StringTable Weak               Min: 0.11, Avg: 0.11, Max: 0.12, Diff: 0.01, Sum: 0.46, Workers: 4
[4846.012s][debug][gc,phases      ] GC(179)     Dead                           Min: 0, Avg:  0.0, Max: 0, Diff: 0, Sum: 0, Workers: 4
[4846.012s][debug][gc,phases      ] GC(179)     Total                          Min: 12480, Avg: 12776.2, Max: 12961, Diff: 481, Sum: 51105, Workers: 4
[4846.012s][debug][gc,phases      ] GC(179)   ResolvedMethodTable Weak       Min: 0.04, Avg: 0.04, Max: 0.04, Diff: 0.00, Sum: 0.16, Workers: 4
[4846.012s][debug][gc,phases      ] GC(179)     Dead                           Min: 0, Avg:  5.0, Max: 19, Diff: 19, Sum: 20, Workers: 4
[4846.012s][debug][gc,phases      ] GC(179)     Total                          Min: 4208, Avg: 4313.2, Max: 4415, Diff: 207, Sum: 17253, Workers: 4
[4846.012s][debug][gc,phases      ] GC(179)   JNI Weak                       Min: 0.00, Avg: 0.00, Max: 0.00, Diff: 0.00, Sum: 0.00, Workers: 4
[4846.012s][debug][gc,phases      ] GC(179)     Dead                           Min: 0, Avg:  0.0, Max: 0, Diff: 0, Sum: 0, Workers: 4
[4846.012s][debug][gc,phases      ] GC(179)     Total                          Min: 0, Avg: 13.0, Max: 48, Diff: 48, Sum: 52, Workers: 4
[4846.012s][debug][gc,phases      ] GC(179)   StringDedup Table Weak         Min: 0.00, Avg: 0.00, Max: 0.00, Diff: 0.00, Sum: 0.00, Workers: 4
[4846.012s][debug][gc,phases      ] GC(179)     Dead                           Min: 0, Avg:  0.0, Max: 0, Diff: 0, Sum: 0, Workers: 4
[4846.012s][debug][gc,phases      ] GC(179)     Total                          Min: 0, Avg:  0.0, Max: 0, Diff: 0, Sum: 0, Workers: 4
[4846.012s][debug][gc,phases      ] GC(179)   StringDedup Requests0 Weak     Min: 0.00, Avg: 0.00, Max: 0.00, Diff: 0.00, Sum: 0.00, Workers: 4
[4846.012s][debug][gc,phases      ] GC(179)     Dead                           Min: 0, Avg:  0.0, Max: 0, Diff: 0, Sum: 0, Workers: 4
[4846.012s][debug][gc,phases      ] GC(179)     Total                          Min: 0, Avg:  0.0, Max: 0, Diff: 0, Sum: 0, Workers: 4
[4846.012s][debug][gc,phases      ] GC(179)   StringDedup Requests1 Weak     Min: 0.00, Avg: 0.00, Max: 0.00, Diff: 0.00, Sum: 0.00, Workers: 4
[4846.012s][debug][gc,phases      ] GC(179)     Dead                           Min: 0, Avg:  0.0, Max: 0, Diff: 0, Sum: 0, Workers: 4
[4846.012s][debug][gc,phases      ] GC(179)     Total                          Min: 0, Avg:  0.0, Max: 0, Diff: 0, Sum: 0, Workers: 4
[4846.012s][debug][gc,phases      ] GC(179)   Weak JFR Old Object Samples    Min: 0.00, Avg: 0.00, Max: 0.00, Diff: 0.00, Sum: 0.00, Workers: 4
[4846.012s][debug][gc,phases      ] GC(179)     Dead                           Min: 0, Avg:  0.0, Max: 0, Diff: 0, Sum: 0, Workers: 4
[4846.012s][debug][gc,phases      ] GC(179)     Total                          Min: 0, Avg:  0.0, Max: 0, Diff: 0, Sum: 0, Workers: 4
[4846.012s][debug][gc,phases      ] GC(179) Weak Processing 0.322ms
[4846.012s][debug][gc,age         ] GC(179) Desired survivor size 56623104 bytes, new threshold 1 (max threshold 15)
[4846.012s][info ][gc,heap        ] GC(179) PSYoungGen: 1985408K(2038272K)->4304K(2041856K) Eden: 1981440K(1981440K)->0K(1985536K) From: 3968K(56832K)->4304K(56320K)
[4846.012s][info ][gc,heap        ] GC(179) ParOldGen: 1317728K(1317888K)->1318637K(1318912K)
[4846.012s][info ][gc,metaspace   ] GC(179) Metaspace: 112334K(113664K)->112334K(113664K) NonClass: 96014K(96768K)->96014K(96768K) Class: 16320K(16896K)->16320K(16896K)
[4846.012s][info ][gc             ] GC(179) Pause Young (Allocation Failure) 3225M->1291M(3282M) 5.061ms
[4846.012s][info ][gc,cpu         ] GC(179) User=0.02s Sys=0.00s Real=0.01s
[4846.012s][info ][safepoint      ] Safepoint "ParallelCollectForAllocation", Time since last: 15551042169 ns, Reaching safepoint: 6400 ns, At safepoint: 5122475 ns, Leaving safepoint: 3400 ns, Total: 5132275 ns, Threads: 0 runnable, 40 total
[4862.755s][info ][gc,start       ] GC(180) Pause Young (Allocation Failure)
[4862.762s][debug][gc,phases      ] GC(180) Scavenge 6.272ms
[4862.762s][debug][gc,ref         ] GC(180) ReferenceProcessor::execute queues: 1, RefProcThreadModel::Single, marks_oops_alive: false
[4862.762s][debug][gc,ref         ] GC(180) Skipped KeepAliveFinalRefsPhase of Reference Processing: no references
[4862.762s][debug][gc,ref         ] GC(180) Skipped PhantomRefsPhase of Reference Processing: no references
[4862.762s][debug][gc,phases      ] GC(180) Reference Processing 0.096ms
[4862.762s][debug][gc,phases      ] GC(180)   VM Weak                        Min: 0.00, Avg: 0.00, Max: 0.01, Diff: 0.00, Sum: 0.01, Workers: 4
[4862.762s][debug][gc,phases      ] GC(180)     Dead                           Min: 0, Avg:  0.0, Max: 0, Diff: 0, Sum: 0, Workers: 4
[4862.762s][debug][gc,phases      ] GC(180)     Total                          Min: 0, Avg: 238.2, Max: 512, Diff: 512, Sum: 953, Workers: 4
[4862.762s][debug][gc,phases      ] GC(180)   ObjectSynchronizer Weak        Min: 0.00, Avg: 0.00, Max: 0.00, Diff: 0.00, Sum: 0.00, Workers: 4
[4862.762s][debug][gc,phases      ] GC(180)     Dead                           Min: 0, Avg:  0.0, Max: 0, Diff: 0, Sum: 0, Workers: 4
[4862.762s][debug][gc,phases      ] GC(180)     Total                          Min: 0, Avg:  1.2, Max: 5, Diff: 5, Sum: 5, Workers: 4
[4862.762s][debug][gc,phases      ] GC(180)   JVMTI Tag Weak OopStorage      Min: 0.00, Avg: 0.00, Max: 0.00, Diff: 0.00, Sum: 0.00, Workers: 4
[4862.762s][debug][gc,phases      ] GC(180)     Dead                           Min: 0, Avg:  0.0, Max: 0, Diff: 0, Sum: 0, Workers: 4
[4862.762s][debug][gc,phases      ] GC(180)     Total                          Min: 0, Avg:  0.0, Max: 0, Diff: 0, Sum: 0, Workers: 4
[4862.762s][debug][gc,phases      ] GC(180)   StringTable Weak               Min: 0.11, Avg: 0.11, Max: 0.12, Diff: 0.01, Sum: 0.45, Workers: 4
[4862.762s][debug][gc,phases      ] GC(180)     Dead                           Min: 0, Avg:  0.2, Max: 1, Diff: 1, Sum: 1, Workers: 4
[4862.762s][debug][gc,phases      ] GC(180)     Total                          Min: 12160, Avg: 12777.0, Max: 13120, Diff: 960, Sum: 51108, Workers: 4
[4862.762s][debug][gc,phases      ] GC(180)   ResolvedMethodTable Weak       Min: 0.04, Avg: 0.04, Max: 0.04, Diff: 0.00, Sum: 0.15, Workers: 4
[4862.762s][debug][gc,phases      ] GC(180)     Dead                           Min: 0, Avg:  0.0, Max: 0, Diff: 0, Sum: 0, Workers: 4
[4862.762s][debug][gc,phases      ] GC(180)     Total                          Min: 4155, Avg: 4314.8, Max: 4400, Diff: 245, Sum: 17259, Workers: 4
[4862.762s][debug][gc,phases      ] GC(180)   JNI Weak                       Min: 0.00, Avg: 0.00, Max: 0.00, Diff: 0.00, Sum: 0.00, Workers: 4
[4862.762s][debug][gc,phases      ] GC(180)     Dead                           Min: 0, Avg:  0.0, Max: 0, Diff: 0, Sum: 0, Workers: 4
[4862.762s][debug][gc,phases      ] GC(180)     Total                          Min: 0, Avg: 13.0, Max: 48, Diff: 48, Sum: 52, Workers: 4
[4862.762s][debug][gc,phases      ] GC(180)   StringDedup Table Weak         Min: 0.00, Avg: 0.00, Max: 0.00, Diff: 0.00, Sum: 0.00, Workers: 4
[4862.762s][debug][gc,phases      ] GC(180)     Dead                           Min: 0, Avg:  0.0, Max: 0, Diff: 0, Sum: 0, Workers: 4
[4862.762s][debug][gc,phases      ] GC(180)     Total                          Min: 0, Avg:  0.0, Max: 0, Diff: 0, Sum: 0, Workers: 4
[4862.762s][debug][gc,phases      ] GC(180)   StringDedup Requests0 Weak     Min: 0.00, Avg: 0.00, Max: 0.00, Diff: 0.00, Sum: 0.00, Workers: 4
[4862.762s][debug][gc,phases      ] GC(180)     Dead                           Min: 0, Avg:  0.0, Max: 0, Diff: 0, Sum: 0, Workers: 4
[4862.762s][debug][gc,phases      ] GC(180)     Total                          Min: 0, Avg:  0.0, Max: 0, Diff: 0, Sum: 0, Workers: 4
[4862.762s][debug][gc,phases      ] GC(180)   StringDedup Requests1 Weak     Min: 0.00, Avg: 0.00, Max: 0.00, Diff: 0.00, Sum: 0.00, Workers: 4
[4862.762s][debug][gc,phases      ] GC(180)     Dead                           Min: 0, Avg:  0.0, Max: 0, Diff: 0, Sum: 0, Workers: 4
[4862.762s][debug][gc,phases      ] GC(180)     Total                          Min: 0, Avg:  0.0, Max: 0, Diff: 0, Sum: 0, Workers: 4
[4862.762s][debug][gc,phases      ] GC(180)   Weak JFR Old Object Samples    Min: 0.00, Avg: 0.00, Max: 0.00, Diff: 0.00, Sum: 0.00, Workers: 4
[4862.762s][debug][gc,phases      ] GC(180)     Dead                           Min: 0, Avg:  0.0, Max: 0, Diff: 0, Sum: 0, Workers: 4
[4862.762s][debug][gc,phases      ] GC(180)     Total                          Min: 0, Avg:  0.0, Max: 0, Diff: 0, Sum: 0, Workers: 4
[4862.762s][debug][gc,phases      ] GC(180) Weak Processing 0.325ms
[4862.762s][debug][gc,age         ] GC(180) Desired survivor size 54525952 bytes, new threshold 1 (max threshold 15)
[4862.762s][info ][gc,heap        ] GC(180) PSYoungGen: 1989840K(2041856K)->6352K(2040832K) Eden: 1985536K(1985536K)->0K(1985536K) From: 4304K(56320K)->6352K(55296K)
[4862.762s][info ][gc,heap        ] GC(180) ParOldGen: 1318637K(1318912K)->1319841K(1319936K)
[4862.762s][info ][gc,metaspace   ] GC(180) Metaspace: 112345K(113664K)->112345K(113664K) NonClass: 96022K(96768K)->96022K(96768K) Class: 16322K(16896K)->16322K(16896K)
[4862.762s][info ][gc             ] GC(180) Pause Young (Allocation Failure) 3230M->1295M(3282M) 6.804ms
[4862.762s][info ][gc,cpu         ] GC(180) User=0.02s Sys=0.00s Real=0.01s
[4862.762s][info ][safepoint      ] Safepoint "ParallelCollectForAllocation", Time since last: 16742867400 ns, Reaching safepoint: 84299 ns, At safepoint: 6867866 ns, Leaving safepoint: 14400 ns, Total: 6966565 ns, Threads: 1 runnable, 40 total
[4880.493s][info ][gc,start       ] GC(181) Pause Young (Allocation Failure)
[4880.501s][debug][gc,phases      ] GC(181) Scavenge 8.022ms
[4880.501s][debug][gc,ref         ] GC(181) ReferenceProcessor::execute queues: 1, RefProcThreadModel::Single, marks_oops_alive: false
[4880.501s][debug][gc,ref         ] GC(181) Skipped KeepAliveFinalRefsPhase of Reference Processing: no references
[4880.501s][debug][gc,ref         ] GC(181) Skipped PhantomRefsPhase of Reference Processing: no references
[4880.501s][debug][gc,phases      ] GC(181) Reference Processing 0.146ms
[4880.502s][debug][gc,phases      ] GC(181)   VM Weak                        Min: 0.00, Avg: 0.00, Max: 0.01, Diff: 0.01, Sum: 0.01, Workers: 4
[4880.502s][debug][gc,phases      ] GC(181)     Dead                           Min: 0, Avg:  0.0, Max: 0, Diff: 0, Sum: 0, Workers: 4
[4880.502s][debug][gc,phases      ] GC(181)     Total                          Min: 0, Avg: 238.2, Max: 953, Diff: 953, Sum: 953, Workers: 4
[4880.502s][debug][gc,phases      ] GC(181)   ObjectSynchronizer Weak        Min: 0.00, Avg: 0.00, Max: 0.00, Diff: 0.00, Sum: 0.00, Workers: 4
[4880.502s][debug][gc,phases      ] GC(181)     Dead                           Min: 0, Avg:  0.0, Max: 0, Diff: 0, Sum: 0, Workers: 4
[4880.502s][debug][gc,phases      ] GC(181)     Total                          Min: 0, Avg:  1.5, Max: 6, Diff: 6, Sum: 6, Workers: 4
[4880.502s][debug][gc,phases      ] GC(181)   JVMTI Tag Weak OopStorage      Min: 0.00, Avg: 0.00, Max: 0.00, Diff: 0.00, Sum: 0.00, Workers: 4
[4880.502s][debug][gc,phases      ] GC(181)     Dead                           Min: 0, Avg:  0.0, Max: 0, Diff: 0, Sum: 0, Workers: 4
[4880.502s][debug][gc,phases      ] GC(181)     Total                          Min: 0, Avg:  0.0, Max: 0, Diff: 0, Sum: 0, Workers: 4
[4880.502s][debug][gc,phases      ] GC(181)   StringTable Weak               Min: 0.00, Avg: 0.11, Max: 0.22, Diff: 0.22, Sum: 0.44, Workers: 4
[4880.502s][debug][gc,phases      ] GC(181)     Dead                           Min: 0, Avg:  0.0, Max: 0, Diff: 0, Sum: 0, Workers: 4
[4880.502s][debug][gc,phases      ] GC(181)     Total                          Min: 0, Avg: 12777.0, Max: 25765, Diff: 25765, Sum: 51108, Workers: 4
[4880.502s][debug][gc,phases      ] GC(181)   ResolvedMethodTable Weak       Min: 0.00, Avg: 0.04, Max: 0.07, Diff: 0.07, Sum: 0.14, Workers: 4
[4880.502s][debug][gc,phases      ] GC(181)     Dead                           Min: 0, Avg:  5.0, Max: 19, Diff: 19, Sum: 20, Workers: 4
[4880.502s][debug][gc,phases      ] GC(181)     Total                          Min: 0, Avg: 4314.8, Max: 9210, Diff: 9210, Sum: 17259, Workers: 4
[4880.502s][debug][gc,phases      ] GC(181)   JNI Weak                       Min: 0.00, Avg: 0.00, Max: 0.00, Diff: 0.00, Sum: 0.00, Workers: 4
[4880.502s][debug][gc,phases      ] GC(181)     Dead                           Min: 0, Avg:  0.0, Max: 0, Diff: 0, Sum: 0, Workers: 4
[4880.502s][debug][gc,phases      ] GC(181)     Total                          Min: 0, Avg: 13.0, Max: 52, Diff: 52, Sum: 52, Workers: 4
[4880.502s][debug][gc,phases      ] GC(181)   StringDedup Table Weak         Min: 0.00, Avg: 0.00, Max: 0.00, Diff: 0.00, Sum: 0.00, Workers: 4
[4880.502s][debug][gc,phases      ] GC(181)     Dead                           Min: 0, Avg:  0.0, Max: 0, Diff: 0, Sum: 0, Workers: 4
[4880.502s][debug][gc,phases      ] GC(181)     Total                          Min: 0, Avg:  0.0, Max: 0, Diff: 0, Sum: 0, Workers: 4
[4880.502s][debug][gc,phases      ] GC(181)   StringDedup Requests0 Weak     Min: 0.00, Avg: 0.00, Max: 0.00, Diff: 0.00, Sum: 0.00, Workers: 4
[4880.502s][debug][gc,phases      ] GC(181)     Dead                           Min: 0, Avg:  0.0, Max: 0, Diff: 0, Sum: 0, Workers: 4
[4880.502s][debug][gc,phases      ] GC(181)     Total                          Min: 0, Avg:  0.0, Max: 0, Diff: 0, Sum: 0, Workers: 4
[4880.502s][debug][gc,phases      ] GC(181)   StringDedup Requests1 Weak     Min: 0.00, Avg: 0.00, Max: 0.00, Diff: 0.00, Sum: 0.00, Workers: 4
[4880.502s][debug][gc,phases      ] GC(181)     Dead                           Min: 0, Avg:  0.0, Max: 0, Diff: 0, Sum: 0, Workers: 4
[4880.502s][debug][gc,phases      ] GC(181)     Total                          Min: 0, Avg:  0.0, Max: 0, Diff: 0, Sum: 0, Workers: 4
[4880.502s][debug][gc,phases      ] GC(181)   Weak JFR Old Object Samples    Min: 0.00, Avg: 0.00, Max: 0.00, Diff: 0.00, Sum: 0.00, Workers: 4
[4880.502s][debug][gc,phases      ] GC(181)     Dead                           Min: 0, Avg:  0.0, Max: 0, Diff: 0, Sum: 0, Workers: 4
[4880.502s][debug][gc,phases      ] GC(181)     Total                          Min: 0, Avg:  0.0, Max: 0, Diff: 0, Sum: 0, Workers: 4
[4880.502s][debug][gc,phases      ] GC(181) Weak Processing 0.534ms
[4880.502s][debug][gc,age         ] GC(181) Desired survivor size 53477376 bytes, new threshold 1 (max threshold 15)
[4880.502s][info ][gc,heap        ] GC(181) PSYoungGen: 1991888K(2040832K)->4128K(2044928K) Eden: 1985536K(1985536K)->0K(1991680K) From: 6352K(55296K)->4128K(53248K)
[4880.502s][info ][gc,heap        ] GC(181) ParOldGen: 1319841K(1319936K)->1323125K(1323520K)
[4880.502s][info ][gc,metaspace   ] GC(181) Metaspace: 112346K(113664K)->112346K(113664K) NonClass: 96023K(96768K)->96023K(96768K) Class: 16322K(16896K)->16322K(16896K)
[4880.502s][info ][gc             ] GC(181) Pause Young (Allocation Failure) 3234M->1296M(3289M) 8.817ms
[4880.502s][info ][gc,cpu         ] GC(181) User=0.03s Sys=0.00s Real=0.01s
[4880.502s][info ][safepoint      ] Safepoint "ParallelCollectForAllocation", Time since last: 17730888484 ns, Reaching safepoint: 82199 ns, At safepoint: 8885061 ns, Leaving safepoint: 28999 ns, Total: 8996259 ns, Threads: 2 runnable, 35 total
[4898.147s][info ][gc,start       ] GC(182) Pause Young (Allocation Failure)
[4898.154s][debug][gc,phases      ] GC(182) Scavenge 7.325ms
[4898.154s][debug][gc,ref         ] GC(182) ReferenceProcessor::execute queues: 1, RefProcThreadModel::Single, marks_oops_alive: false
[4898.154s][debug][gc,ref         ] GC(182) Skipped KeepAliveFinalRefsPhase of Reference Processing: no references
[4898.154s][debug][gc,ref         ] GC(182) Skipped PhantomRefsPhase of Reference Processing: no references
[4898.154s][debug][gc,phases      ] GC(182) Reference Processing 0.096ms
[4898.155s][debug][gc,phases      ] GC(182)   VM Weak                        Min: 0.00, Avg: 0.00, Max: 0.01, Diff: 0.01, Sum: 0.01, Workers: 4
[4898.155s][debug][gc,phases      ] GC(182)     Dead                           Min: 0, Avg:  0.0, Max: 0, Diff: 0, Sum: 0, Workers: 4
[4898.155s][debug][gc,phases      ] GC(182)     Total                          Min: 0, Avg: 238.2, Max: 832, Diff: 832, Sum: 953, Workers: 4
[4898.155s][debug][gc,phases      ] GC(182)   ObjectSynchronizer Weak        Min: 0.00, Avg: 0.00, Max: 0.00, Diff: 0.00, Sum: 0.00, Workers: 4
[4898.155s][debug][gc,phases      ] GC(182)     Dead                           Min: 0, Avg:  0.0, Max: 0, Diff: 0, Sum: 0, Workers: 4
[4898.155s][debug][gc,phases      ] GC(182)     Total                          Min: 0, Avg:  1.5, Max: 6, Diff: 6, Sum: 6, Workers: 4
[4898.155s][debug][gc,phases      ] GC(182)   JVMTI Tag Weak OopStorage      Min: 0.00, Avg: 0.00, Max: 0.00, Diff: 0.00, Sum: 0.00, Workers: 4
[4898.155s][debug][gc,phases      ] GC(182)     Dead                           Min: 0, Avg:  0.0, Max: 0, Diff: 0, Sum: 0, Workers: 4
[4898.155s][debug][gc,phases      ] GC(182)     Total                          Min: 0, Avg:  0.0, Max: 0, Diff: 0, Sum: 0, Workers: 4
[4898.155s][debug][gc,phases      ] GC(182)   StringTable Weak               Min: 0.00, Avg: 0.10, Max: 0.14, Diff: 0.14, Sum: 0.41, Workers: 4
[4898.155s][debug][gc,phases      ] GC(182)     Dead                           Min: 0, Avg:  0.0, Max: 0, Diff: 0, Sum: 0, Workers: 4
[4898.155s][debug][gc,phases      ] GC(182)     Total                          Min: 0, Avg: 12777.0, Max: 21413, Diff: 21413, Sum: 51108, Workers: 4
[4898.155s][debug][gc,phases      ] GC(182)   ResolvedMethodTable Weak       Min: 0.00, Avg: 0.03, Max: 0.05, Diff: 0.05, Sum: 0.14, Workers: 4
[4898.155s][debug][gc,phases      ] GC(182)     Dead                           Min: 0, Avg:  5.0, Max: 18, Diff: 18, Sum: 20, Workers: 4
[4898.155s][debug][gc,phases      ] GC(182)     Total                          Min: 0, Avg: 4314.8, Max: 7602, Diff: 7602, Sum: 17259, Workers: 4
[4898.155s][debug][gc,phases      ] GC(182)   JNI Weak                       Min: 0.00, Avg: 0.00, Max: 0.00, Diff: 0.00, Sum: 0.00, Workers: 4
[4898.155s][debug][gc,phases      ] GC(182)     Dead                           Min: 0, Avg:  0.0, Max: 0, Diff: 0, Sum: 0, Workers: 4
[4898.155s][debug][gc,phases      ] GC(182)     Total                          Min: 0, Avg: 13.0, Max: 48, Diff: 48, Sum: 52, Workers: 4
[4898.155s][debug][gc,phases      ] GC(182)   StringDedup Table Weak         Min: 0.00, Avg: 0.00, Max: 0.00, Diff: 0.00, Sum: 0.00, Workers: 4
[4898.155s][debug][gc,phases      ] GC(182)     Dead                           Min: 0, Avg:  0.0, Max: 0, Diff: 0, Sum: 0, Workers: 4
[4898.155s][debug][gc,phases      ] GC(182)     Total                          Min: 0, Avg:  0.0, Max: 0, Diff: 0, Sum: 0, Workers: 4
[4898.155s][debug][gc,phases      ] GC(182)   StringDedup Requests0 Weak     Min: 0.00, Avg: 0.00, Max: 0.00, Diff: 0.00, Sum: 0.00, Workers: 4
[4898.155s][debug][gc,phases      ] GC(182)     Dead                           Min: 0, Avg:  0.0, Max: 0, Diff: 0, Sum: 0, Workers: 4
[4898.155s][debug][gc,phases      ] GC(182)     Total                          Min: 0, Avg:  0.0, Max: 0, Diff: 0, Sum: 0, Workers: 4
[4898.155s][debug][gc,phases      ] GC(182)   StringDedup Requests1 Weak     Min: 0.00, Avg: 0.00, Max: 0.00, Diff: 0.00, Sum: 0.00, Workers: 4
[4898.155s][debug][gc,phases      ] GC(182)     Dead                           Min: 0, Avg:  0.0, Max: 0, Diff: 0, Sum: 0, Workers: 4
[4898.155s][debug][gc,phases      ] GC(182)     Total                          Min: 0, Avg:  0.0, Max: 0, Diff: 0, Sum: 0, Workers: 4
[4898.155s][debug][gc,phases      ] GC(182)   Weak JFR Old Object Samples    Min: 0.00, Avg: 0.00, Max: 0.00, Diff: 0.00, Sum: 0.00, Workers: 4
[4898.155s][debug][gc,phases      ] GC(182)     Dead                           Min: 0, Avg:  0.0, Max: 0, Diff: 0, Sum: 0, Workers: 4
[4898.155s][debug][gc,phases      ] GC(182)     Total                          Min: 0, Avg:  0.0, Max: 0, Diff: 0, Sum: 0, Workers: 4
[4898.155s][debug][gc,phases      ] GC(182) Weak Processing 0.416ms
[4898.155s][debug][gc,age         ] GC(182) Desired survivor size 51380224 bytes, new threshold 1 (max threshold 15)
[4898.155s][info ][gc,heap        ] GC(182) PSYoungGen: 1995808K(2044928K)->4480K(2043904K) Eden: 1991680K(1991680K)->0K(1991680K) From: 4128K(53248K)->4480K(52224K)
[4898.155s][info ][gc,heap        ] GC(182) ParOldGen: 1323125K(1323520K)->1323941K(1324032K)
[4898.155s][info ][gc,metaspace   ] GC(182) Metaspace: 112348K(113664K)->112348K(113664K) NonClass: 96025K(96768K)->96025K(96768K) Class: 16322K(16896K)->16322K(16896K)
[4898.155s][info ][gc             ] GC(182) Pause Young (Allocation Failure) 3241M->1297M(3289M) 7.951ms
[4898.155s][info ][gc,cpu         ] GC(182) User=0.02s Sys=0.00s Real=0.01s
[4898.155s][info ][safepoint      ] Safepoint "ParallelCollectForAllocation", Time since last: 17644783282 ns, Reaching safepoint: 7000 ns, At safepoint: 8018961 ns, Leaving safepoint: 7200 ns, Total: 8033161 ns, Threads: 0 runnable, 35 total
[4914.643s][info ][gc,start       ] GC(183) Pause Young (Allocation Failure)
[4914.651s][debug][gc,phases      ] GC(183) Scavenge 8.060ms
[4914.651s][debug][gc,ref         ] GC(183) Skipped SoftWeakFinalRefsPhase of Reference Processing: no references
[4914.651s][debug][gc,ref         ] GC(183) Skipped KeepAliveFinalRefsPhase of Reference Processing: no references
[4914.651s][debug][gc,ref         ] GC(183) Skipped PhantomRefsPhase of Reference Processing: no references
[4914.651s][debug][gc,phases      ] GC(183) Reference Processing 0.027ms
[4914.651s][debug][gc,phases      ] GC(183)   VM Weak                        Min: 0.00, Avg: 0.00, Max: 0.01, Diff: 0.01, Sum: 0.01, Workers: 4
[4914.651s][debug][gc,phases      ] GC(183)     Dead                           Min: 0, Avg:  0.0, Max: 0, Diff: 0, Sum: 0, Workers: 4
[4914.651s][debug][gc,phases      ] GC(183)     Total                          Min: 0, Avg: 238.2, Max: 633, Diff: 633, Sum: 953, Workers: 4
[4914.651s][debug][gc,phases      ] GC(183)   ObjectSynchronizer Weak        Min: 0.00, Avg: 0.00, Max: 0.00, Diff: 0.00, Sum: 0.00, Workers: 4
[4914.651s][debug][gc,phases      ] GC(183)     Dead                           Min: 0, Avg:  0.0, Max: 0, Diff: 0, Sum: 0, Workers: 4
[4914.651s][debug][gc,phases      ] GC(183)     Total                          Min: 0, Avg:  1.5, Max: 6, Diff: 6, Sum: 6, Workers: 4
[4914.651s][debug][gc,phases      ] GC(183)   JVMTI Tag Weak OopStorage      Min: 0.00, Avg: 0.00, Max: 0.00, Diff: 0.00, Sum: 0.00, Workers: 4
[4914.651s][debug][gc,phases      ] GC(183)     Dead                           Min: 0, Avg:  0.0, Max: 0, Diff: 0, Sum: 0, Workers: 4
[4914.651s][debug][gc,phases      ] GC(183)     Total                          Min: 0, Avg:  0.0, Max: 0, Diff: 0, Sum: 0, Workers: 4
[4914.651s][debug][gc,phases      ] GC(183)   StringTable Weak               Min: 0.00, Avg: 0.12, Max: 0.16, Diff: 0.16, Sum: 0.47, Workers: 4
[4914.651s][debug][gc,phases      ] GC(183)     Dead                           Min: 0, Avg:  0.0, Max: 0, Diff: 0, Sum: 0, Workers: 4
[4914.651s][debug][gc,phases      ] GC(183)     Total                          Min: 0, Avg: 12778.0, Max: 17152, Diff: 17152, Sum: 51112, Workers: 4
[4914.651s][debug][gc,phases      ] GC(183)   ResolvedMethodTable Weak       Min: 0.00, Avg: 0.04, Max: 0.05, Diff: 0.05, Sum: 0.16, Workers: 4
[4914.651s][debug][gc,phases      ] GC(183)     Dead                           Min: 0, Avg:  5.0, Max: 18, Diff: 18, Sum: 20, Workers: 4
[4914.651s][debug][gc,phases      ] GC(183)     Total                          Min: 0, Avg: 4314.8, Max: 5882, Diff: 5882, Sum: 17259, Workers: 4
[4914.651s][debug][gc,phases      ] GC(183)   JNI Weak                       Min: 0.00, Avg: 0.00, Max: 0.00, Diff: 0.00, Sum: 0.00, Workers: 4
[4914.651s][debug][gc,phases      ] GC(183)     Dead                           Min: 0, Avg:  0.0, Max: 0, Diff: 0, Sum: 0, Workers: 4
[4914.651s][debug][gc,phases      ] GC(183)     Total                          Min: 0, Avg: 13.0, Max: 48, Diff: 48, Sum: 52, Workers: 4
[4914.651s][debug][gc,phases      ] GC(183)   StringDedup Table Weak         Min: 0.00, Avg: 0.00, Max: 0.00, Diff: 0.00, Sum: 0.00, Workers: 4
[4914.651s][debug][gc,phases      ] GC(183)     Dead                           Min: 0, Avg:  0.0, Max: 0, Diff: 0, Sum: 0, Workers: 4
[4914.651s][debug][gc,phases      ] GC(183)     Total                          Min: 0, Avg:  0.0, Max: 0, Diff: 0, Sum: 0, Workers: 4
[4914.651s][debug][gc,phases      ] GC(183)   StringDedup Requests0 Weak     Min: 0.00, Avg: 0.00, Max: 0.00, Diff: 0.00, Sum: 0.00, Workers: 4
[4914.651s][debug][gc,phases      ] GC(183)     Dead                           Min: 0, Avg:  0.0, Max: 0, Diff: 0, Sum: 0, Workers: 4
[4914.651s][debug][gc,phases      ] GC(183)     Total                          Min: 0, Avg:  0.0, Max: 0, Diff: 0, Sum: 0, Workers: 4
[4914.651s][debug][gc,phases      ] GC(183)   StringDedup Requests1 Weak     Min: 0.00, Avg: 0.00, Max: 0.00, Diff: 0.00, Sum: 0.00, Workers: 4
[4914.651s][debug][gc,phases      ] GC(183)     Dead                           Min: 0, Avg:  0.0, Max: 0, Diff: 0, Sum: 0, Workers: 4
[4914.651s][debug][gc,phases      ] GC(183)     Total                          Min: 0, Avg:  0.0, Max: 0, Diff: 0, Sum: 0, Workers: 4
[4914.651s][debug][gc,phases      ] GC(183)   Weak JFR Old Object Samples    Min: 0.00, Avg: 0.00, Max: 0.00, Diff: 0.00, Sum: 0.00, Workers: 4
[4914.651s][debug][gc,phases      ] GC(183)     Dead                           Min: 0, Avg:  0.0, Max: 0, Diff: 0, Sum: 0, Workers: 4
[4914.651s][debug][gc,phases      ] GC(183)     Total                          Min: 0, Avg:  0.0, Max: 0, Diff: 0, Sum: 0, Workers: 4
[4914.651s][debug][gc,phases      ] GC(183) Weak Processing 0.466ms
[4914.651s][debug][gc,age         ] GC(183) Desired survivor size 49807360 bytes, new threshold 1 (max threshold 15)
[4914.651s][info ][gc,heap        ] GC(183) PSYoungGen: 1996160K(2043904K)->4944K(2048512K) Eden: 1991680K(1991680K)->0K(1998336K) From: 4480K(52224K)->4944K(50176K)
[4914.651s][info ][gc,heap        ] GC(183) ParOldGen: 1323941K(1324032K)->1324686K(1325056K)
[4914.651s][info ][gc,metaspace   ] GC(183) Metaspace: 112348K(113664K)->112348K(113664K) NonClass: 96026K(96768K)->96026K(96768K) Class: 16322K(16896K)->16322K(16896K)
[4914.651s][info ][gc             ] GC(183) Pause Young (Allocation Failure) 3242M->1298M(3294M) 8.680ms
[4914.651s][info ][gc,cpu         ] GC(183) User=0.03s Sys=0.00s Real=0.01s
[4914.651s][info ][safepoint      ] Safepoint "ParallelCollectForAllocation", Time since last: 16487637788 ns, Reaching safepoint: 84799 ns, At safepoint: 8755059 ns, Leaving safepoint: 10699 ns, Total: 8850557 ns, Threads: 1 runnable, 35 total
[4929.016s][info ][gc,start       ] GC(184) Pause Young (Allocation Failure)
[4929.028s][debug][gc,phases      ] GC(184) Scavenge 11.877ms
[4929.028s][debug][gc,ref         ] GC(184) ReferenceProcessor::execute queues: 1, RefProcThreadModel::Single, marks_oops_alive: false
[4929.028s][debug][gc,ref         ] GC(184) Skipped KeepAliveFinalRefsPhase of Reference Processing: no references
[4929.028s][debug][gc,ref         ] GC(184) Skipped PhantomRefsPhase of Reference Processing: no references
[4929.028s][debug][gc,phases      ] GC(184) Reference Processing 0.091ms
[4929.028s][debug][gc,phases      ] GC(184)   VM Weak                        Min: 0.00, Avg: 0.00, Max: 0.01, Diff: 0.01, Sum: 0.01, Workers: 4
[4929.028s][debug][gc,phases      ] GC(184)     Dead                           Min: 0, Avg:  0.0, Max: 0, Diff: 0, Sum: 0, Workers: 4
[4929.028s][debug][gc,phases      ] GC(184)     Total                          Min: 0, Avg: 238.2, Max: 761, Diff: 761, Sum: 953, Workers: 4
[4929.028s][debug][gc,phases      ] GC(184)   ObjectSynchronizer Weak        Min: 0.00, Avg: 0.00, Max: 0.00, Diff: 0.00, Sum: 0.00, Workers: 4
[4929.028s][debug][gc,phases      ] GC(184)     Dead                           Min: 0, Avg:  0.0, Max: 0, Diff: 0, Sum: 0, Workers: 4
[4929.028s][debug][gc,phases      ] GC(184)     Total                          Min: 0, Avg:  1.5, Max: 6, Diff: 6, Sum: 6, Workers: 4
[4929.028s][debug][gc,phases      ] GC(184)   JVMTI Tag Weak OopStorage      Min: 0.00, Avg: 0.00, Max: 0.00, Diff: 0.00, Sum: 0.00, Workers: 4
[4929.028s][debug][gc,phases      ] GC(184)     Dead                           Min: 0, Avg:  0.0, Max: 0, Diff: 0, Sum: 0, Workers: 4
[4929.028s][debug][gc,phases      ] GC(184)     Total                          Min: 0, Avg:  0.0, Max: 0, Diff: 0, Sum: 0, Workers: 4
[4929.028s][debug][gc,phases      ] GC(184)   StringTable Weak               Min: 0.00, Avg: 0.10, Max: 0.14, Diff: 0.14, Sum: 0.41, Workers: 4
[4929.028s][debug][gc,phases      ] GC(184)     Dead                           Min: 0, Avg:  0.0, Max: 0, Diff: 0, Sum: 0, Workers: 4
[4929.028s][debug][gc,phases      ] GC(184)     Total                          Min: 0, Avg: 12778.2, Max: 20906, Diff: 20906, Sum: 51113, Workers: 4
[4929.028s][debug][gc,phases      ] GC(184)   ResolvedMethodTable Weak       Min: 0.00, Avg: 0.03, Max: 0.04, Diff: 0.04, Sum: 0.13, Workers: 4
[4929.028s][debug][gc,phases      ] GC(184)     Dead                           Min: 0, Avg:  0.0, Max: 0, Diff: 0, Sum: 0, Workers: 4
[4929.028s][debug][gc,phases      ] GC(184)     Total                          Min: 0, Avg: 4314.8, Max: 7039, Diff: 7039, Sum: 17259, Workers: 4
[4929.028s][debug][gc,phases      ] GC(184)   JNI Weak                       Min: 0.00, Avg: 0.00, Max: 0.00, Diff: 0.00, Sum: 0.00, Workers: 4
[4929.028s][debug][gc,phases      ] GC(184)     Dead                           Min: 0, Avg:  0.0, Max: 0, Diff: 0, Sum: 0, Workers: 4
[4929.028s][debug][gc,phases      ] GC(184)     Total                          Min: 0, Avg: 13.0, Max: 48, Diff: 48, Sum: 52, Workers: 4
[4929.028s][debug][gc,phases      ] GC(184)   StringDedup Table Weak         Min: 0.00, Avg: 0.00, Max: 0.00, Diff: 0.00, Sum: 0.00, Workers: 4
[4929.028s][debug][gc,phases      ] GC(184)     Dead                           Min: 0, Avg:  0.0, Max: 0, Diff: 0, Sum: 0, Workers: 4
[4929.028s][debug][gc,phases      ] GC(184)     Total                          Min: 0, Avg:  0.0, Max: 0, Diff: 0, Sum: 0, Workers: 4
[4929.028s][debug][gc,phases      ] GC(184)   StringDedup Requests0 Weak     Min: 0.00, Avg: 0.00, Max: 0.00, Diff: 0.00, Sum: 0.00, Workers: 4
[4929.028s][debug][gc,phases      ] GC(184)     Dead                           Min: 0, Avg:  0.0, Max: 0, Diff: 0, Sum: 0, Workers: 4
[4929.028s][debug][gc,phases      ] GC(184)     Total                          Min: 0, Avg:  0.0, Max: 0, Diff: 0, Sum: 0, Workers: 4
[4929.028s][debug][gc,phases      ] GC(184)   StringDedup Requests1 Weak     Min: 0.00, Avg: 0.00, Max: 0.00, Diff: 0.00, Sum: 0.00, Workers: 4
[4929.028s][debug][gc,phases      ] GC(184)     Dead                           Min: 0, Avg:  0.0, Max: 0, Diff: 0, Sum: 0, Workers: 4
[4929.028s][debug][gc,phases      ] GC(184)     Total                          Min: 0, Avg:  0.0, Max: 0, Diff: 0, Sum: 0, Workers: 4
[4929.028s][debug][gc,phases      ] GC(184)   Weak JFR Old Object Samples    Min: 0.00, Avg: 0.00, Max: 0.00, Diff: 0.00, Sum: 0.00, Workers: 4
[4929.028s][debug][gc,phases      ] GC(184)     Dead                           Min: 0, Avg:  0.0, Max: 0, Diff: 0, Sum: 0, Workers: 4
[4929.028s][debug][gc,phases      ] GC(184)     Total                          Min: 0, Avg:  0.0, Max: 0, Diff: 0, Sum: 0, Workers: 4
[4929.028s][debug][gc,phases      ] GC(184) Weak Processing 0.395ms
[4929.028s][debug][gc,age         ] GC(184) Desired survivor size 48234496 bytes, new threshold 1 (max threshold 15)
[4929.028s][info ][gc,heap        ] GC(184) PSYoungGen: 2003280K(2048512K)->19728K(2046976K) Eden: 1998336K(1998336K)->0K(1998336K) From: 4944K(50176K)->19728K(48640K)
[4929.028s][info ][gc,heap        ] GC(184) ParOldGen: 1324686K(1325056K)->1326790K(1327104K)
[4929.028s][info ][gc,metaspace   ] GC(184) Metaspace: 112363K(113664K)->112363K(113664K) NonClass: 96041K(96768K)->96041K(96768K) Class: 16322K(16896K)->16322K(16896K)
[4929.028s][info ][gc             ] GC(184) Pause Young (Allocation Failure) 3249M->1314M(3295M) 12.476ms
[4929.028s][info ][gc,cpu         ] GC(184) User=0.04s Sys=0.01s Real=0.02s
[4929.028s][info ][safepoint      ] Safepoint "ParallelCollectForAllocation", Time since last: 14364550992 ns, Reaching safepoint: 79800 ns, At safepoint: 12539637 ns, Leaving safepoint: 10400 ns, Total: 12629837 ns, Threads: 1 runnable, 38 total
[4948.392s][info ][gc,start       ] GC(185) Pause Young (Allocation Failure)
[4948.409s][debug][gc,phases      ] GC(185) Scavenge 16.422ms
[4948.409s][debug][gc,ref         ] GC(185) ReferenceProcessor::execute queues: 1, RefProcThreadModel::Single, marks_oops_alive: false
[4948.409s][debug][gc,ref         ] GC(185) Skipped KeepAliveFinalRefsPhase of Reference Processing: no references
[4948.409s][debug][gc,ref         ] GC(185) Skipped PhantomRefsPhase of Reference Processing: no references
[4948.409s][debug][gc,phases      ] GC(185) Reference Processing 0.100ms
[4948.409s][debug][gc,phases      ] GC(185)   VM Weak                        Min: 0.00, Avg: 0.00, Max: 0.01, Diff: 0.01, Sum: 0.01, Workers: 4
[4948.409s][debug][gc,phases      ] GC(185)     Dead                           Min: 0, Avg:  0.0, Max: 0, Diff: 0, Sum: 0, Workers: 4
[4948.409s][debug][gc,phases      ] GC(185)     Total                          Min: 0, Avg: 238.2, Max: 633, Diff: 633, Sum: 953, Workers: 4
[4948.409s][debug][gc,phases      ] GC(185)   ObjectSynchronizer Weak        Min: 0.00, Avg: 0.00, Max: 0.00, Diff: 0.00, Sum: 0.00, Workers: 4
[4948.409s][debug][gc,phases      ] GC(185)     Dead                           Min: 0, Avg:  0.0, Max: 0, Diff: 0, Sum: 0, Workers: 4
[4948.409s][debug][gc,phases      ] GC(185)     Total                          Min: 0, Avg:  1.5, Max: 6, Diff: 6, Sum: 6, Workers: 4
[4948.409s][debug][gc,phases      ] GC(185)   JVMTI Tag Weak OopStorage      Min: 0.00, Avg: 0.00, Max: 0.00, Diff: 0.00, Sum: 0.00, Workers: 4
[4948.409s][debug][gc,phases      ] GC(185)     Dead                           Min: 0, Avg:  0.0, Max: 0, Diff: 0, Sum: 0, Workers: 4
[4948.409s][debug][gc,phases      ] GC(185)     Total                          Min: 0, Avg:  0.0, Max: 0, Diff: 0, Sum: 0, Workers: 4
[4948.409s][debug][gc,phases      ] GC(185)   StringTable Weak               Min: 0.00, Avg: 0.10, Max: 0.14, Diff: 0.14, Sum: 0.41, Workers: 4
[4948.409s][debug][gc,phases      ] GC(185)     Dead                           Min: 0, Avg:  0.0, Max: 0, Diff: 0, Sum: 0, Workers: 4
[4948.409s][debug][gc,phases      ] GC(185)     Total                          Min: 0, Avg: 12778.2, Max: 20970, Diff: 20970, Sum: 51113, Workers: 4
[4948.409s][debug][gc,phases      ] GC(185)   ResolvedMethodTable Weak       Min: 0.00, Avg: 0.03, Max: 0.05, Diff: 0.05, Sum: 0.14, Workers: 4
[4948.409s][debug][gc,phases      ] GC(185)     Dead                           Min: 0, Avg:  5.0, Max: 19, Diff: 19, Sum: 20, Workers: 4
[4948.409s][debug][gc,phases      ] GC(185)     Total                          Min: 0, Avg: 4314.8, Max: 7418, Diff: 7418, Sum: 17259, Workers: 4
[4948.409s][debug][gc,phases      ] GC(185)   JNI Weak                       Min: 0.00, Avg: 0.00, Max: 0.00, Diff: 0.00, Sum: 0.00, Workers: 4
[4948.409s][debug][gc,phases      ] GC(185)     Dead                           Min: 0, Avg:  0.0, Max: 0, Diff: 0, Sum: 0, Workers: 4
[4948.409s][debug][gc,phases      ] GC(185)     Total                          Min: 0, Avg: 13.0, Max: 48, Diff: 48, Sum: 52, Workers: 4
[4948.409s][debug][gc,phases      ] GC(185)   StringDedup Table Weak         Min: 0.00, Avg: 0.00, Max: 0.00, Diff: 0.00, Sum: 0.00, Workers: 4
[4948.409s][debug][gc,phases      ] GC(185)     Dead                           Min: 0, Avg:  0.0, Max: 0, Diff: 0, Sum: 0, Workers: 4
[4948.409s][debug][gc,phases      ] GC(185)     Total                          Min: 0, Avg:  0.0, Max: 0, Diff: 0, Sum: 0, Workers: 4
[4948.409s][debug][gc,phases      ] GC(185)   StringDedup Requests0 Weak     Min: 0.00, Avg: 0.00, Max: 0.00, Diff: 0.00, Sum: 0.00, Workers: 4
[4948.409s][debug][gc,phases      ] GC(185)     Dead                           Min: 0, Avg:  0.0, Max: 0, Diff: 0, Sum: 0, Workers: 4
[4948.409s][debug][gc,phases      ] GC(185)     Total                          Min: 0, Avg:  0.0, Max: 0, Diff: 0, Sum: 0, Workers: 4
[4948.409s][debug][gc,phases      ] GC(185)   StringDedup Requests1 Weak     Min: 0.00, Avg: 0.00, Max: 0.00, Diff: 0.00, Sum: 0.00, Workers: 4
[4948.409s][debug][gc,phases      ] GC(185)     Dead                           Min: 0, Avg:  0.0, Max: 0, Diff: 0, Sum: 0, Workers: 4
[4948.409s][debug][gc,phases      ] GC(185)     Total                          Min: 0, Avg:  0.0, Max: 0, Diff: 0, Sum: 0, Workers: 4
[4948.409s][debug][gc,phases      ] GC(185)   Weak JFR Old Object Samples    Min: 0.00, Avg: 0.00, Max: 0.00, Diff: 0.00, Sum: 0.00, Workers: 4
[4948.409s][debug][gc,phases      ] GC(185)     Dead                           Min: 0, Avg:  0.0, Max: 0, Diff: 0, Sum: 0, Workers: 4
[4948.409s][debug][gc,phases      ] GC(185)     Total                          Min: 0, Avg:  0.0, Max: 0, Diff: 0, Sum: 0, Workers: 4
[4948.409s][debug][gc,phases      ] GC(185) Weak Processing 0.350ms
[4948.409s][debug][gc,age         ] GC(185) Desired survivor size 45613056 bytes, new threshold 1 (max threshold 15)
[4948.409s][info ][gc,heap        ] GC(185) PSYoungGen: 2018064K(2046976K)->15936K(2052608K) Eden: 1998336K(1998336K)->0K(2005504K) From: 19728K(48640K)->15936K(47104K)
[4948.409s][info ][gc,heap        ] GC(185) ParOldGen: 1326790K(1327104K)->1343474K(1343488K)
[4948.409s][info ][gc,metaspace   ] GC(185) Metaspace: 112373K(113664K)->112373K(113664K) NonClass: 96050K(96768K)->96050K(96768K) Class: 16322K(16896K)->16322K(16896K)
[4948.409s][info ][gc             ] GC(185) Pause Young (Allocation Failure) 3266M->1327M(3316M) 16.989ms
[4948.409s][info ][gc,cpu         ] GC(185) User=0.04s Sys=0.01s Real=0.02s
[4948.409s][info ][safepoint      ] Safepoint "ParallelCollectForAllocation", Time since last: 19363591067 ns, Reaching safepoint: 106099 ns, At safepoint: 17056516 ns, Leaving safepoint: 8700 ns, Total: 17171315 ns, Threads: 1 runnable, 38 total
[4975.702s][info ][gc,start       ] GC(186) Pause Young (Allocation Failure)
[4975.712s][debug][gc,phases      ] GC(186) Scavenge 9.468ms
[4975.712s][debug][gc,ref         ] GC(186) ReferenceProcessor::execute queues: 1, RefProcThreadModel::Single, marks_oops_alive: false
[4975.712s][debug][gc,ref         ] GC(186) Skipped KeepAliveFinalRefsPhase of Reference Processing: no references
[4975.712s][debug][gc,ref         ] GC(186) Skipped PhantomRefsPhase of Reference Processing: no references
[4975.712s][debug][gc,phases      ] GC(186) Reference Processing 0.098ms
[4975.712s][debug][gc,phases      ] GC(186)   VM Weak                        Min: 0.00, Avg: 0.00, Max: 0.01, Diff: 0.01, Sum: 0.01, Workers: 4
[4975.712s][debug][gc,phases      ] GC(186)     Dead                           Min: 0, Avg:  0.0, Max: 0, Diff: 0, Sum: 0, Workers: 4
[4975.712s][debug][gc,phases      ] GC(186)     Total                          Min: 0, Avg: 238.2, Max: 633, Diff: 633, Sum: 953, Workers: 4
[4975.712s][debug][gc,phases      ] GC(186)   ObjectSynchronizer Weak        Min: 0.00, Avg: 0.00, Max: 0.00, Diff: 0.00, Sum: 0.00, Workers: 4
[4975.712s][debug][gc,phases      ] GC(186)     Dead                           Min: 0, Avg:  0.0, Max: 0, Diff: 0, Sum: 0, Workers: 4
[4975.712s][debug][gc,phases      ] GC(186)     Total                          Min: 0, Avg:  1.5, Max: 6, Diff: 6, Sum: 6, Workers: 4
[4975.712s][debug][gc,phases      ] GC(186)   JVMTI Tag Weak OopStorage      Min: 0.00, Avg: 0.00, Max: 0.00, Diff: 0.00, Sum: 0.00, Workers: 4
[4975.712s][debug][gc,phases      ] GC(186)     Dead                           Min: 0, Avg:  0.0, Max: 0, Diff: 0, Sum: 0, Workers: 4
[4975.712s][debug][gc,phases      ] GC(186)     Total                          Min: 0, Avg:  0.0, Max: 0, Diff: 0, Sum: 0, Workers: 4
[4975.712s][debug][gc,phases      ] GC(186)   StringTable Weak               Min: 0.00, Avg: 0.11, Max: 0.15, Diff: 0.15, Sum: 0.44, Workers: 4
[4975.712s][debug][gc,phases      ] GC(186)     Dead                           Min: 0, Avg:  0.0, Max: 0, Diff: 0, Sum: 0, Workers: 4
[4975.712s][debug][gc,phases      ] GC(186)     Total                          Min: 0, Avg: 12778.2, Max: 22697, Diff: 22697, Sum: 51113, Workers: 4
[4975.712s][debug][gc,phases      ] GC(186)   ResolvedMethodTable Weak       Min: 0.00, Avg: 0.03, Max: 0.05, Diff: 0.05, Sum: 0.14, Workers: 4
[4975.712s][debug][gc,phases      ] GC(186)     Dead                           Min: 0, Avg:  5.0, Max: 18, Diff: 18, Sum: 20, Workers: 4
[4975.712s][debug][gc,phases      ] GC(186)     Total                          Min: 0, Avg: 4314.8, Max: 7276, Diff: 7276, Sum: 17259, Workers: 4
[4975.712s][debug][gc,phases      ] GC(186)   JNI Weak                       Min: 0.00, Avg: 0.00, Max: 0.00, Diff: 0.00, Sum: 0.00, Workers: 4
[4975.712s][debug][gc,phases      ] GC(186)     Dead                           Min: 0, Avg:  0.0, Max: 0, Diff: 0, Sum: 0, Workers: 4
[4975.712s][debug][gc,phases      ] GC(186)     Total                          Min: 0, Avg: 13.0, Max: 48, Diff: 48, Sum: 52, Workers: 4
[4975.712s][debug][gc,phases      ] GC(186)   StringDedup Table Weak         Min: 0.00, Avg: 0.00, Max: 0.00, Diff: 0.00, Sum: 0.00, Workers: 4
[4975.712s][debug][gc,phases      ] GC(186)     Dead                           Min: 0, Avg:  0.0, Max: 0, Diff: 0, Sum: 0, Workers: 4
[4975.712s][debug][gc,phases      ] GC(186)     Total                          Min: 0, Avg:  0.0, Max: 0, Diff: 0, Sum: 0, Workers: 4
[4975.712s][debug][gc,phases      ] GC(186)   StringDedup Requests0 Weak     Min: 0.00, Avg: 0.00, Max: 0.00, Diff: 0.00, Sum: 0.00, Workers: 4
[4975.712s][debug][gc,phases      ] GC(186)     Dead                           Min: 0, Avg:  0.0, Max: 0, Diff: 0, Sum: 0, Workers: 4
[4975.712s][debug][gc,phases      ] GC(186)     Total                          Min: 0, Avg:  0.0, Max: 0, Diff: 0, Sum: 0, Workers: 4
[4975.712s][debug][gc,phases      ] GC(186)   StringDedup Requests1 Weak     Min: 0.00, Avg: 0.00, Max: 0.00, Diff: 0.00, Sum: 0.00, Workers: 4
[4975.712s][debug][gc,phases      ] GC(186)     Dead                           Min: 0, Avg:  0.0, Max: 0, Diff: 0, Sum: 0, Workers: 4
[4975.712s][debug][gc,phases      ] GC(186)     Total                          Min: 0, Avg:  0.0, Max: 0, Diff: 0, Sum: 0, Workers: 4
[4975.712s][debug][gc,phases      ] GC(186)   Weak JFR Old Object Samples    Min: 0.00, Avg: 0.00, Max: 0.00, Diff: 0.00, Sum: 0.00, Workers: 4
[4975.712s][debug][gc,phases      ] GC(186)     Dead                           Min: 0, Avg:  0.0, Max: 0, Diff: 0, Sum: 0, Workers: 4
[4975.712s][debug][gc,phases      ] GC(186)     Total                          Min: 0, Avg:  0.0, Max: 0, Diff: 0, Sum: 0, Workers: 4
[4975.712s][debug][gc,phases      ] GC(186) Weak Processing 0.390ms
[4975.712s][debug][gc,age         ] GC(186) Desired survivor size 44564480 bytes, new threshold 1 (max threshold 15)
[4975.712s][info ][gc,heap        ] GC(186) PSYoungGen: 2021440K(2052608K)->4208K(2050048K) Eden: 2005504K(2005504K)->0K(2005504K) From: 15936K(47104K)->4208K(44544K)
[4975.712s][info ][gc,heap        ] GC(186) ParOldGen: 1343474K(1343488K)->1357395K(1357824K)
[4975.712s][info ][gc,metaspace   ] GC(186) Metaspace: 112376K(113664K)->112376K(113664K) NonClass: 96053K(96768K)->96053K(96768K) Class: 16322K(16896K)->16322K(16896K)
[4975.712s][info ][gc             ] GC(186) Pause Young (Allocation Failure) 3286M->1329M(3328M) 10.070ms
[4975.712s][info ][gc,cpu         ] GC(186) User=0.03s Sys=0.01s Real=0.01s
[4975.712s][info ][safepoint      ] Safepoint "ParallelCollectForAllocation", Time since last: 27292834551 ns, Reaching safepoint: 25700 ns, At safepoint: 10134450 ns, Leaving safepoint: 7900 ns, Total: 10168050 ns, Threads: 0 runnable, 38 total
[4990.218s][info ][gc,start       ] GC(187) Pause Young (Allocation Failure)
[4990.231s][debug][gc,phases      ] GC(187) Scavenge 12.543ms
[4990.231s][debug][gc,ref         ] GC(187) ReferenceProcessor::execute queues: 1, RefProcThreadModel::Single, marks_oops_alive: false
[4990.231s][debug][gc,ref         ] GC(187) Skipped KeepAliveFinalRefsPhase of Reference Processing: no references
[4990.231s][debug][gc,ref         ] GC(187) Skipped PhantomRefsPhase of Reference Processing: no references
[4990.231s][debug][gc,phases      ] GC(187) Reference Processing 0.094ms
[4990.231s][debug][gc,phases      ] GC(187)   VM Weak                        Min: 0.00, Avg: 0.00, Max: 0.01, Diff: 0.01, Sum: 0.01, Workers: 4
[4990.231s][debug][gc,phases      ] GC(187)     Dead                           Min: 0, Avg:  0.0, Max: 0, Diff: 0, Sum: 0, Workers: 4
[4990.231s][debug][gc,phases      ] GC(187)     Total                          Min: 0, Avg: 238.2, Max: 889, Diff: 889, Sum: 953, Workers: 4
[4990.231s][debug][gc,phases      ] GC(187)   ObjectSynchronizer Weak        Min: 0.00, Avg: 0.00, Max: 0.00, Diff: 0.00, Sum: 0.00, Workers: 4
[4990.231s][debug][gc,phases      ] GC(187)     Dead                           Min: 0, Avg:  0.0, Max: 0, Diff: 0, Sum: 0, Workers: 4
[4990.231s][debug][gc,phases      ] GC(187)     Total                          Min: 0, Avg:  1.5, Max: 6, Diff: 6, Sum: 6, Workers: 4
[4990.231s][debug][gc,phases      ] GC(187)   JVMTI Tag Weak OopStorage      Min: 0.00, Avg: 0.00, Max: 0.00, Diff: 0.00, Sum: 0.00, Workers: 4
[4990.231s][debug][gc,phases      ] GC(187)     Dead                           Min: 0, Avg:  0.0, Max: 0, Diff: 0, Sum: 0, Workers: 4
[4990.231s][debug][gc,phases      ] GC(187)     Total                          Min: 0, Avg:  0.0, Max: 0, Diff: 0, Sum: 0, Workers: 4
[4990.231s][debug][gc,phases      ] GC(187)   StringTable Weak               Min: 0.12, Avg: 0.12, Max: 0.12, Diff: 0.00, Sum: 0.48, Workers: 4
[4990.231s][debug][gc,phases      ] GC(187)     Dead                           Min: 0, Avg:  0.0, Max: 0, Diff: 0, Sum: 0, Workers: 4
[4990.231s][debug][gc,phases      ] GC(187)     Total                          Min: 12480, Avg: 12778.5, Max: 12907, Diff: 427, Sum: 51114, Workers: 4
[4990.231s][debug][gc,phases      ] GC(187)   ResolvedMethodTable Weak       Min: 0.04, Avg: 0.04, Max: 0.04, Diff: 0.00, Sum: 0.16, Workers: 4
[4990.231s][debug][gc,phases      ] GC(187)     Dead                           Min: 0, Avg:  5.0, Max: 18, Diff: 18, Sum: 20, Workers: 4
[4990.231s][debug][gc,phases      ] GC(187)     Total                          Min: 4219, Avg: 4314.8, Max: 4401, Diff: 182, Sum: 17259, Workers: 4
[4990.231s][debug][gc,phases      ] GC(187)   JNI Weak                       Min: 0.00, Avg: 0.00, Max: 0.00, Diff: 0.00, Sum: 0.00, Workers: 4
[4990.231s][debug][gc,phases      ] GC(187)     Dead                           Min: 0, Avg:  0.0, Max: 0, Diff: 0, Sum: 0, Workers: 4
[4990.231s][debug][gc,phases      ] GC(187)     Total                          Min: 0, Avg: 13.0, Max: 48, Diff: 48, Sum: 52, Workers: 4
[4990.231s][debug][gc,phases      ] GC(187)   StringDedup Table Weak         Min: 0.00, Avg: 0.00, Max: 0.00, Diff: 0.00, Sum: 0.00, Workers: 4
[4990.231s][debug][gc,phases      ] GC(187)     Dead                           Min: 0, Avg:  0.0, Max: 0, Diff: 0, Sum: 0, Workers: 4
[4990.231s][debug][gc,phases      ] GC(187)     Total                          Min: 0, Avg:  0.0, Max: 0, Diff: 0, Sum: 0, Workers: 4
[4990.231s][debug][gc,phases      ] GC(187)   StringDedup Requests0 Weak     Min: 0.00, Avg: 0.00, Max: 0.00, Diff: 0.00, Sum: 0.00, Workers: 4
[4990.231s][debug][gc,phases      ] GC(187)     Dead                           Min: 0, Avg:  0.0, Max: 0, Diff: 0, Sum: 0, Workers: 4
[4990.231s][debug][gc,phases      ] GC(187)     Total                          Min: 0, Avg:  0.0, Max: 0, Diff: 0, Sum: 0, Workers: 4
[4990.231s][debug][gc,phases      ] GC(187)   StringDedup Requests1 Weak     Min: 0.00, Avg: 0.00, Max: 0.00, Diff: 0.00, Sum: 0.00, Workers: 4
[4990.231s][debug][gc,phases      ] GC(187)     Dead                           Min: 0, Avg:  0.0, Max: 0, Diff: 0, Sum: 0, Workers: 4
[4990.231s][debug][gc,phases      ] GC(187)     Total                          Min: 0, Avg:  0.0, Max: 0, Diff: 0, Sum: 0, Workers: 4
[4990.231s][debug][gc,phases      ] GC(187)   Weak JFR Old Object Samples    Min: 0.00, Avg: 0.00, Max: 0.00, Diff: 0.00, Sum: 0.00, Workers: 4
[4990.231s][debug][gc,phases      ] GC(187)     Dead                           Min: 0, Avg:  0.0, Max: 0, Diff: 0, Sum: 0, Workers: 4
[4990.231s][debug][gc,phases      ] GC(187)     Total                          Min: 0, Avg:  0.0, Max: 0, Diff: 0, Sum: 0, Workers: 4
[4990.231s][debug][gc,phases      ] GC(187) Weak Processing 0.336ms
[4990.231s][debug][gc,age         ] GC(187) Desired survivor size 44040192 bytes, new threshold 1 (max threshold 15)
[4990.231s][info ][gc,heap        ] GC(187) PSYoungGen: 2009712K(2050048K)->19859K(2054144K) Eden: 2005504K(2005504K)->0K(2010624K) From: 4208K(44544K)->19859K(43520K)
[4990.231s][info ][gc,heap        ] GC(187) ParOldGen: 1357395K(1357824K)->1357727K(1357824K)
[4990.231s][info ][gc,metaspace   ] GC(187) Metaspace: 112378K(113664K)->112378K(113664K) NonClass: 96055K(96768K)->96055K(96768K) Class: 16322K(16896K)->16322K(16896K)
[4990.231s][info ][gc             ] GC(187) Pause Young (Allocation Failure) 3288M->1345M(3332M) 13.086ms
[4990.231s][info ][gc,cpu         ] GC(187) User=0.05s Sys=0.00s Real=0.02s
[4990.231s][info ][safepoint      ] Safepoint "ParallelCollectForAllocation", Time since last: 14505877778 ns, Reaching safepoint: 6500 ns, At safepoint: 13157535 ns, Leaving safepoint: 3200 ns, Total: 13167235 ns, Threads: 0 runnable, 37 total
[4999.369s][info ][gc,start       ] GC(188) Pause Young (Allocation Failure)
[4999.386s][debug][gc,phases      ] GC(188) Scavenge 17.514ms
[4999.387s][debug][gc,ref         ] GC(188) ReferenceProcessor::execute queues: 1, RefProcThreadModel::Single, marks_oops_alive: false
[4999.387s][debug][gc,ref         ] GC(188) Skipped KeepAliveFinalRefsPhase of Reference Processing: no references
[4999.387s][debug][gc,ref         ] GC(188) ReferenceProcessor::execute queues: 1, RefProcThreadModel::Single, marks_oops_alive: false
[4999.387s][debug][gc,phases      ] GC(188) Reference Processing 0.102ms
[4999.387s][debug][gc,phases      ] GC(188)   VM Weak                        Min: 0.00, Avg: 0.00, Max: 0.01, Diff: 0.01, Sum: 0.01, Workers: 4
[4999.387s][debug][gc,phases      ] GC(188)     Dead                           Min: 0, Avg:  0.0, Max: 0, Diff: 0, Sum: 0, Workers: 4
[4999.387s][debug][gc,phases      ] GC(188)     Total                          Min: 0, Avg: 238.2, Max: 576, Diff: 576, Sum: 953, Workers: 4
[4999.387s][debug][gc,phases      ] GC(188)   ObjectSynchronizer Weak        Min: 0.00, Avg: 0.00, Max: 0.00, Diff: 0.00, Sum: 0.00, Workers: 4
[4999.387s][debug][gc,phases      ] GC(188)     Dead                           Min: 0, Avg:  0.0, Max: 0, Diff: 0, Sum: 0, Workers: 4
[4999.387s][debug][gc,phases      ] GC(188)     Total                          Min: 0, Avg:  1.8, Max: 7, Diff: 7, Sum: 7, Workers: 4
[4999.387s][debug][gc,phases      ] GC(188)   JVMTI Tag Weak OopStorage      Min: 0.00, Avg: 0.00, Max: 0.00, Diff: 0.00, Sum: 0.00, Workers: 4
[4999.387s][debug][gc,phases      ] GC(188)     Dead                           Min: 0, Avg:  0.0, Max: 0, Diff: 0, Sum: 0, Workers: 4
[4999.387s][debug][gc,phases      ] GC(188)     Total                          Min: 0, Avg:  0.0, Max: 0, Diff: 0, Sum: 0, Workers: 4
[4999.387s][debug][gc,phases      ] GC(188)   StringTable Weak               Min: 0.00, Avg: 0.10, Max: 0.14, Diff: 0.14, Sum: 0.40, Workers: 4
[4999.387s][debug][gc,phases      ] GC(188)     Dead                           Min: 0, Avg:  0.2, Max: 1, Diff: 1, Sum: 1, Workers: 4
[4999.387s][debug][gc,phases      ] GC(188)     Total                          Min: 0, Avg: 12781.0, Max: 21044, Diff: 21044, Sum: 51124, Workers: 4
[4999.387s][debug][gc,phases      ] GC(188)   ResolvedMethodTable Weak       Min: 0.00, Avg: 0.03, Max: 0.05, Diff: 0.04, Sum: 0.13, Workers: 4
[4999.387s][debug][gc,phases      ] GC(188)     Dead                           Min: 0, Avg:  0.8, Max: 2, Diff: 2, Sum: 3, Workers: 4
[4999.387s][debug][gc,phases      ] GC(188)     Total                          Min: 0, Avg: 4316.8, Max: 7411, Diff: 7411, Sum: 17267, Workers: 4
[4999.387s][debug][gc,phases      ] GC(188)   JNI Weak                       Min: 0.00, Avg: 0.00, Max: 0.00, Diff: 0.00, Sum: 0.00, Workers: 4
[4999.387s][debug][gc,phases      ] GC(188)     Dead                           Min: 0, Avg:  0.0, Max: 0, Diff: 0, Sum: 0, Workers: 4
[4999.387s][debug][gc,phases      ] GC(188)     Total                          Min: 0, Avg: 13.0, Max: 48, Diff: 48, Sum: 52, Workers: 4
[4999.387s][debug][gc,phases      ] GC(188)   StringDedup Table Weak         Min: 0.00, Avg: 0.00, Max: 0.00, Diff: 0.00, Sum: 0.00, Workers: 4
[4999.387s][debug][gc,phases      ] GC(188)     Dead                           Min: 0, Avg:  0.0, Max: 0, Diff: 0, Sum: 0, Workers: 4
[4999.387s][debug][gc,phases      ] GC(188)     Total                          Min: 0, Avg:  0.0, Max: 0, Diff: 0, Sum: 0, Workers: 4
[4999.387s][debug][gc,phases      ] GC(188)   StringDedup Requests0 Weak     Min: 0.00, Avg: 0.00, Max: 0.00, Diff: 0.00, Sum: 0.00, Workers: 4
[4999.387s][debug][gc,phases      ] GC(188)     Dead                           Min: 0, Avg:  0.0, Max: 0, Diff: 0, Sum: 0, Workers: 4
[4999.387s][debug][gc,phases      ] GC(188)     Total                          Min: 0, Avg:  0.0, Max: 0, Diff: 0, Sum: 0, Workers: 4
[4999.387s][debug][gc,phases      ] GC(188)   StringDedup Requests1 Weak     Min: 0.00, Avg: 0.00, Max: 0.00, Diff: 0.00, Sum: 0.00, Workers: 4
[4999.387s][debug][gc,phases      ] GC(188)     Dead                           Min: 0, Avg:  0.0, Max: 0, Diff: 0, Sum: 0, Workers: 4
[4999.387s][debug][gc,phases      ] GC(188)     Total                          Min: 0, Avg:  0.0, Max: 0, Diff: 0, Sum: 0, Workers: 4
[4999.387s][debug][gc,phases      ] GC(188)   Weak JFR Old Object Samples    Min: 0.00, Avg: 0.00, Max: 0.00, Diff: 0.00, Sum: 0.00, Workers: 4
[4999.387s][debug][gc,phases      ] GC(188)     Dead                           Min: 0, Avg:  0.0, Max: 0, Diff: 0, Sum: 0, Workers: 4
[4999.387s][debug][gc,phases      ] GC(188)     Total                          Min: 0, Avg:  0.0, Max: 0, Diff: 0, Sum: 0, Workers: 4
[4999.387s][debug][gc,phases      ] GC(188) Weak Processing 0.350ms
[4999.387s][debug][gc,age         ] GC(188) Desired survivor size 44564480 bytes, new threshold 1 (max threshold 15)
[4999.387s][info ][gc,heap        ] GC(188) PSYoungGen: 2030268K(2054144K)->23593K(2053632K) Eden: 2010408K(2010624K)->0K(2010624K) From: 19859K(43520K)->23593K(43008K)
[4999.387s][info ][gc,heap        ] GC(188) ParOldGen: 1357727K(1357824K)->1373431K(1373696K)
[4999.387s][info ][gc,metaspace   ] GC(188) Metaspace: 112395K(113664K)->112395K(113664K) NonClass: 96069K(96768K)->96069K(96768K) Class: 16326K(16896K)->16326K(16896K)
[4999.387s][info ][gc             ] GC(188) Pause Young (Allocation Failure) 3308M->1364M(3347M) 18.078ms
[4999.387s][info ][gc,cpu         ] GC(188) User=0.06s Sys=0.01s Real=0.01s
[4999.387s][info ][safepoint      ] Safepoint "ParallelCollectForAllocation", Time since last: 9137469925 ns, Reaching safepoint: 151999 ns, At safepoint: 18142611 ns, Leaving safepoint: 10100 ns, Total: 18304710 ns, Threads: 1 runnable, 38 total
[5005.847s][info ][gc,start       ] GC(189) Pause Young (Allocation Failure)
[5005.869s][debug][gc,phases      ] GC(189) Scavenge 22.398ms
[5005.869s][debug][gc,ref         ] GC(189) ReferenceProcessor::execute queues: 1, RefProcThreadModel::Single, marks_oops_alive: false
[5005.869s][debug][gc,ref         ] GC(189) Skipped KeepAliveFinalRefsPhase of Reference Processing: no references
[5005.869s][debug][gc,ref         ] GC(189) Skipped PhantomRefsPhase of Reference Processing: no references
[5005.869s][debug][gc,phases      ] GC(189) Reference Processing 0.096ms
[5005.869s][debug][gc,phases      ] GC(189)   VM Weak                        Min: 0.00, Avg: 0.00, Max: 0.01, Diff: 0.01, Sum: 0.01, Workers: 4
[5005.869s][debug][gc,phases      ] GC(189)     Dead                           Min: 0, Avg:  0.0, Max: 0, Diff: 0, Sum: 0, Workers: 4
[5005.869s][debug][gc,phases      ] GC(189)     Total                          Min: 0, Avg: 238.2, Max: 576, Diff: 576, Sum: 953, Workers: 4
[5005.869s][debug][gc,phases      ] GC(189)   ObjectSynchronizer Weak        Min: 0.00, Avg: 0.00, Max: 0.00, Diff: 0.00, Sum: 0.00, Workers: 4
[5005.869s][debug][gc,phases      ] GC(189)     Dead                           Min: 0, Avg:  0.0, Max: 0, Diff: 0, Sum: 0, Workers: 4
[5005.869s][debug][gc,phases      ] GC(189)     Total                          Min: 0, Avg:  1.8, Max: 7, Diff: 7, Sum: 7, Workers: 4
[5005.869s][debug][gc,phases      ] GC(189)   JVMTI Tag Weak OopStorage      Min: 0.00, Avg: 0.00, Max: 0.00, Diff: 0.00, Sum: 0.00, Workers: 4
[5005.869s][debug][gc,phases      ] GC(189)     Dead                           Min: 0, Avg:  0.0, Max: 0, Diff: 0, Sum: 0, Workers: 4
[5005.869s][debug][gc,phases      ] GC(189)     Total                          Min: 0, Avg:  0.0, Max: 0, Diff: 0, Sum: 0, Workers: 4
[5005.869s][debug][gc,phases      ] GC(189)   StringTable Weak               Min: 0.00, Avg: 0.11, Max: 0.15, Diff: 0.15, Sum: 0.45, Workers: 4
[5005.869s][debug][gc,phases      ] GC(189)     Dead                           Min: 0, Avg:  0.0, Max: 0, Diff: 0, Sum: 0, Workers: 4
[5005.869s][debug][gc,phases      ] GC(189)     Total                          Min: 0, Avg: 12782.2, Max: 21376, Diff: 21376, Sum: 51129, Workers: 4
[5005.869s][debug][gc,phases      ] GC(189)   ResolvedMethodTable Weak       Min: 0.00, Avg: 0.03, Max: 0.05, Diff: 0.05, Sum: 0.14, Workers: 4
[5005.869s][debug][gc,phases      ] GC(189)     Dead                           Min: 0, Avg:  0.5, Max: 2, Diff: 2, Sum: 2, Workers: 4
[5005.869s][debug][gc,phases      ] GC(189)     Total                          Min: 0, Avg: 4317.8, Max: 6904, Diff: 6904, Sum: 17271, Workers: 4
[5005.869s][debug][gc,phases      ] GC(189)   JNI Weak                       Min: 0.00, Avg: 0.00, Max: 0.00, Diff: 0.00, Sum: 0.00, Workers: 4
[5005.869s][debug][gc,phases      ] GC(189)     Dead                           Min: 0, Avg:  0.0, Max: 0, Diff: 0, Sum: 0, Workers: 4
[5005.869s][debug][gc,phases      ] GC(189)     Total                          Min: 0, Avg: 13.0, Max: 48, Diff: 48, Sum: 52, Workers: 4
[5005.869s][debug][gc,phases      ] GC(189)   StringDedup Table Weak         Min: 0.00, Avg: 0.00, Max: 0.00, Diff: 0.00, Sum: 0.00, Workers: 4
[5005.869s][debug][gc,phases      ] GC(189)     Dead                           Min: 0, Avg:  0.0, Max: 0, Diff: 0, Sum: 0, Workers: 4
[5005.869s][debug][gc,phases      ] GC(189)     Total                          Min: 0, Avg:  0.0, Max: 0, Diff: 0, Sum: 0, Workers: 4
[5005.869s][debug][gc,phases      ] GC(189)   StringDedup Requests0 Weak     Min: 0.00, Avg: 0.00, Max: 0.00, Diff: 0.00, Sum: 0.00, Workers: 4
[5005.869s][debug][gc,phases      ] GC(189)     Dead                           Min: 0, Avg:  0.0, Max: 0, Diff: 0, Sum: 0, Workers: 4
[5005.869s][debug][gc,phases      ] GC(189)     Total                          Min: 0, Avg:  0.0, Max: 0, Diff: 0, Sum: 0, Workers: 4
[5005.869s][debug][gc,phases      ] GC(189)   StringDedup Requests1 Weak     Min: 0.00, Avg: 0.00, Max: 0.00, Diff: 0.00, Sum: 0.00, Workers: 4
[5005.869s][debug][gc,phases      ] GC(189)     Dead                           Min: 0, Avg:  0.0, Max: 0, Diff: 0, Sum: 0, Workers: 4
[5005.869s][debug][gc,phases      ] GC(189)     Total                          Min: 0, Avg:  0.0, Max: 0, Diff: 0, Sum: 0, Workers: 4
[5005.869s][debug][gc,phases      ] GC(189)   Weak JFR Old Object Samples    Min: 0.00, Avg: 0.00, Max: 0.00, Diff: 0.00, Sum: 0.00, Workers: 4
[5005.869s][debug][gc,phases      ] GC(189)     Dead                           Min: 0, Avg:  0.0, Max: 0, Diff: 0, Sum: 0, Workers: 4
[5005.869s][debug][gc,phases      ] GC(189)     Total                          Min: 0, Avg:  0.0, Max: 0, Diff: 0, Sum: 0, Workers: 4
[5005.869s][debug][gc,phases      ] GC(189) Weak Processing 0.372ms
[5005.870s][debug][gc,age         ] GC(189) Desired survivor size 48758784 bytes, new threshold 1 (max threshold 15)
[5005.870s][info ][gc,heap        ] GC(189) PSYoungGen: 2034217K(2053632K)->33248K(2045440K) Eden: 2010624K(2010624K)->0K(2001920K) From: 23593K(43008K)->33248K(43520K)
[5005.870s][info ][gc,heap        ] GC(189) ParOldGen: 1373431K(1373696K)->1395188K(1395200K)
[5005.870s][info ][gc,metaspace   ] GC(189) Metaspace: 112405K(113728K)->112405K(113728K) NonClass: 96077K(96832K)->96077K(96832K) Class: 16328K(16896K)->16328K(16896K)
[5005.870s][info ][gc             ] GC(189) Pause Young (Allocation Failure) 3327M->1394M(3360M) 22.988ms
[5005.870s][info ][gc,cpu         ] GC(189) User=0.06s Sys=0.01s Real=0.03s
[5005.870s][info ][safepoint      ] Safepoint "ParallelCollectForAllocation", Time since last: 6459393410 ns, Reaching safepoint: 88499 ns, At safepoint: 23057186 ns, Leaving safepoint: 290699 ns, Total: 23436384 ns, Threads: 3 runnable, 40 total
[5016.194s][info ][gc,start       ] GC(190) Pause Young (Allocation Failure)
[5016.216s][debug][gc,phases      ] GC(190) Scavenge 22.171ms
[5016.216s][debug][gc,ref         ] GC(190) ReferenceProcessor::execute queues: 1, RefProcThreadModel::Single, marks_oops_alive: false
[5016.216s][debug][gc,ref         ] GC(190) Skipped KeepAliveFinalRefsPhase of Reference Processing: no references
[5016.216s][debug][gc,ref         ] GC(190) Skipped PhantomRefsPhase of Reference Processing: no references
[5016.216s][debug][gc,phases      ] GC(190) Reference Processing 0.107ms
[5016.216s][debug][gc,phases      ] GC(190)   VM Weak                        Min: 0.00, Avg: 0.00, Max: 0.01, Diff: 0.01, Sum: 0.01, Workers: 4
[5016.216s][debug][gc,phases      ] GC(190)     Dead                           Min: 0, Avg:  0.0, Max: 0, Diff: 0, Sum: 0, Workers: 4
[5016.216s][debug][gc,phases      ] GC(190)     Total                          Min: 0, Avg: 238.2, Max: 569, Diff: 569, Sum: 953, Workers: 4
[5016.216s][debug][gc,phases      ] GC(190)   ObjectSynchronizer Weak        Min: 0.00, Avg: 0.00, Max: 0.00, Diff: 0.00, Sum: 0.00, Workers: 4
[5016.216s][debug][gc,phases      ] GC(190)     Dead                           Min: 0, Avg:  0.0, Max: 0, Diff: 0, Sum: 0, Workers: 4
[5016.216s][debug][gc,phases      ] GC(190)     Total                          Min: 0, Avg:  1.8, Max: 7, Diff: 7, Sum: 7, Workers: 4
[5016.216s][debug][gc,phases      ] GC(190)   JVMTI Tag Weak OopStorage      Min: 0.00, Avg: 0.00, Max: 0.00, Diff: 0.00, Sum: 0.00, Workers: 4
[5016.216s][debug][gc,phases      ] GC(190)     Dead                           Min: 0, Avg:  0.0, Max: 0, Diff: 0, Sum: 0, Workers: 4
[5016.216s][debug][gc,phases      ] GC(190)     Total                          Min: 0, Avg:  0.0, Max: 0, Diff: 0, Sum: 0, Workers: 4
[5016.216s][debug][gc,phases      ] GC(190)   StringTable Weak               Min: 0.00, Avg: 0.10, Max: 0.13, Diff: 0.13, Sum: 0.39, Workers: 4
[5016.216s][debug][gc,phases      ] GC(190)     Dead                           Min: 0, Avg:  0.0, Max: 0, Diff: 0, Sum: 0, Workers: 4
[5016.216s][debug][gc,phases      ] GC(190)     Total                          Min: 0, Avg: 12783.8, Max: 21440, Diff: 21440, Sum: 51135, Workers: 4
[5016.216s][debug][gc,phases      ] GC(190)   ResolvedMethodTable Weak       Min: 0.00, Avg: 0.03, Max: 0.04, Diff: 0.04, Sum: 0.13, Workers: 4
[5016.216s][debug][gc,phases      ] GC(190)     Dead                           Min: 0, Avg:  5.0, Max: 14, Diff: 14, Sum: 20, Workers: 4
[5016.216s][debug][gc,phases      ] GC(190)     Total                          Min: 0, Avg: 4318.2, Max: 7550, Diff: 7550, Sum: 17273, Workers: 4
[5016.216s][debug][gc,phases      ] GC(190)   JNI Weak                       Min: 0.00, Avg: 0.00, Max: 0.00, Diff: 0.00, Sum: 0.00, Workers: 4
[5016.216s][debug][gc,phases      ] GC(190)     Dead                           Min: 0, Avg:  0.0, Max: 0, Diff: 0, Sum: 0, Workers: 4
[5016.216s][debug][gc,phases      ] GC(190)     Total                          Min: 0, Avg: 13.0, Max: 48, Diff: 48, Sum: 52, Workers: 4
[5016.216s][debug][gc,phases      ] GC(190)   StringDedup Table Weak         Min: 0.00, Avg: 0.00, Max: 0.00, Diff: 0.00, Sum: 0.00, Workers: 4
[5016.216s][debug][gc,phases      ] GC(190)     Dead                           Min: 0, Avg:  0.0, Max: 0, Diff: 0, Sum: 0, Workers: 4
[5016.216s][debug][gc,phases      ] GC(190)     Total                          Min: 0, Avg:  0.0, Max: 0, Diff: 0, Sum: 0, Workers: 4
[5016.216s][debug][gc,phases      ] GC(190)   StringDedup Requests0 Weak     Min: 0.00, Avg: 0.00, Max: 0.00, Diff: 0.00, Sum: 0.00, Workers: 4
[5016.216s][debug][gc,phases      ] GC(190)     Dead                           Min: 0, Avg:  0.0, Max: 0, Diff: 0, Sum: 0, Workers: 4
[5016.216s][debug][gc,phases      ] GC(190)     Total                          Min: 0, Avg:  0.0, Max: 0, Diff: 0, Sum: 0, Workers: 4
[5016.216s][debug][gc,phases      ] GC(190)   StringDedup Requests1 Weak     Min: 0.00, Avg: 0.00, Max: 0.00, Diff: 0.00, Sum: 0.00, Workers: 4
[5016.216s][debug][gc,phases      ] GC(190)     Dead                           Min: 0, Avg:  0.0, Max: 0, Diff: 0, Sum: 0, Workers: 4
[5016.216s][debug][gc,phases      ] GC(190)     Total                          Min: 0, Avg:  0.0, Max: 0, Diff: 0, Sum: 0, Workers: 4
[5016.216s][debug][gc,phases      ] GC(190)   Weak JFR Old Object Samples    Min: 0.00, Avg: 0.00, Max: 0.00, Diff: 0.00, Sum: 0.00, Workers: 4
[5016.216s][debug][gc,phases      ] GC(190)     Dead                           Min: 0, Avg:  0.0, Max: 0, Diff: 0, Sum: 0, Workers: 4
[5016.216s][debug][gc,phases      ] GC(190)     Total                          Min: 0, Avg:  0.0, Max: 0, Diff: 0, Sum: 0, Workers: 4
[5016.216s][debug][gc,phases      ] GC(190) Weak Processing 0.342ms
[5016.216s][debug][gc,age         ] GC(190) Desired survivor size 46137344 bytes, new threshold 1 (max threshold 15)
[5016.216s][info ][gc,heap        ] GC(190) PSYoungGen: 2035168K(2045440K)->18400K(2049536K) Eden: 2001920K(2001920K)->0K(2001920K) From: 33248K(43520K)->18400K(47616K)
[5016.216s][info ][gc,heap        ] GC(190) ParOldGen: 1395188K(1395200K)->1425201K(1425408K)
[5016.216s][info ][gc,metaspace   ] GC(190) Metaspace: 112467K(113792K)->112467K(113792K) NonClass: 96138K(96896K)->96138K(96896K) Class: 16328K(16896K)->16328K(16896K)
[5016.216s][info ][gc             ] GC(190) Pause Young (Allocation Failure) 3349M->1409M(3393M) 22.772ms
[5016.216s][info ][gc,cpu         ] GC(190) User=0.07s Sys=0.01s Real=0.02s
[5016.216s][info ][safepoint      ] Safepoint "ParallelCollectForAllocation", Time since last: 10323580639 ns, Reaching safepoint: 83800 ns, At safepoint: 22841687 ns, Leaving safepoint: 18000 ns, Total: 22943487 ns, Threads: 1 runnable, 40 total
[5031.159s][info ][gc,start       ] GC(191) Pause Young (Allocation Failure)
[5031.171s][debug][gc,phases      ] GC(191) Scavenge 11.936ms
[5031.171s][debug][gc,ref         ] GC(191) ReferenceProcessor::execute queues: 1, RefProcThreadModel::Single, marks_oops_alive: false
[5031.171s][debug][gc,ref         ] GC(191) Skipped KeepAliveFinalRefsPhase of Reference Processing: no references
[5031.171s][debug][gc,ref         ] GC(191) Skipped PhantomRefsPhase of Reference Processing: no references
[5031.171s][debug][gc,phases      ] GC(191) Reference Processing 0.095ms
[5031.172s][debug][gc,phases      ] GC(191)   VM Weak                        Min: 0.00, Avg: 0.00, Max: 0.01, Diff: 0.01, Sum: 0.01, Workers: 4
[5031.172s][debug][gc,phases      ] GC(191)     Dead                           Min: 0, Avg:  0.0, Max: 0, Diff: 0, Sum: 0, Workers: 4
[5031.172s][debug][gc,phases      ] GC(191)     Total                          Min: 0, Avg: 238.2, Max: 697, Diff: 697, Sum: 953, Workers: 4
[5031.172s][debug][gc,phases      ] GC(191)   ObjectSynchronizer Weak        Min: 0.00, Avg: 0.00, Max: 0.00, Diff: 0.00, Sum: 0.00, Workers: 4
[5031.172s][debug][gc,phases      ] GC(191)     Dead                           Min: 0, Avg:  0.0, Max: 0, Diff: 0, Sum: 0, Workers: 4
[5031.172s][debug][gc,phases      ] GC(191)     Total                          Min: 0, Avg:  1.8, Max: 7, Diff: 7, Sum: 7, Workers: 4
[5031.172s][debug][gc,phases      ] GC(191)   JVMTI Tag Weak OopStorage      Min: 0.00, Avg: 0.00, Max: 0.00, Diff: 0.00, Sum: 0.00, Workers: 4
[5031.172s][debug][gc,phases      ] GC(191)     Dead                           Min: 0, Avg:  0.0, Max: 0, Diff: 0, Sum: 0, Workers: 4
[5031.172s][debug][gc,phases      ] GC(191)     Total                          Min: 0, Avg:  0.0, Max: 0, Diff: 0, Sum: 0, Workers: 4
[5031.172s][debug][gc,phases      ] GC(191)   StringTable Weak               Min: 0.00, Avg: 0.10, Max: 0.13, Diff: 0.13, Sum: 0.39, Workers: 4
[5031.172s][debug][gc,phases      ] GC(191)     Dead                           Min: 0, Avg:  0.0, Max: 0, Diff: 0, Sum: 0, Workers: 4
[5031.172s][debug][gc,phases      ] GC(191)     Total                          Min: 0, Avg: 12784.8, Max: 21571, Diff: 21571, Sum: 51139, Workers: 4
[5031.172s][debug][gc,phases      ] GC(191)   ResolvedMethodTable Weak       Min: 0.00, Avg: 0.03, Max: 0.04, Diff: 0.04, Sum: 0.13, Workers: 4
[5031.172s][debug][gc,phases      ] GC(191)     Dead                           Min: 0, Avg:  0.0, Max: 0, Diff: 0, Sum: 0, Workers: 4
[5031.172s][debug][gc,phases      ] GC(191)     Total                          Min: 0, Avg: 4319.5, Max: 7358, Diff: 7358, Sum: 17278, Workers: 4
[5031.172s][debug][gc,phases      ] GC(191)   JNI Weak                       Min: 0.00, Avg: 0.00, Max: 0.00, Diff: 0.00, Sum: 0.00, Workers: 4
[5031.172s][debug][gc,phases      ] GC(191)     Dead                           Min: 0, Avg:  0.0, Max: 0, Diff: 0, Sum: 0, Workers: 4
[5031.172s][debug][gc,phases      ] GC(191)     Total                          Min: 0, Avg: 13.0, Max: 48, Diff: 48, Sum: 52, Workers: 4
[5031.172s][debug][gc,phases      ] GC(191)   StringDedup Table Weak         Min: 0.00, Avg: 0.00, Max: 0.00, Diff: 0.00, Sum: 0.00, Workers: 4
[5031.172s][debug][gc,phases      ] GC(191)     Dead                           Min: 0, Avg:  0.0, Max: 0, Diff: 0, Sum: 0, Workers: 4
[5031.172s][debug][gc,phases      ] GC(191)     Total                          Min: 0, Avg:  0.0, Max: 0, Diff: 0, Sum: 0, Workers: 4
[5031.172s][debug][gc,phases      ] GC(191)   StringDedup Requests0 Weak     Min: 0.00, Avg: 0.00, Max: 0.00, Diff: 0.00, Sum: 0.00, Workers: 4
[5031.172s][debug][gc,phases      ] GC(191)     Dead                           Min: 0, Avg:  0.0, Max: 0, Diff: 0, Sum: 0, Workers: 4
[5031.172s][debug][gc,phases      ] GC(191)     Total                          Min: 0, Avg:  0.0, Max: 0, Diff: 0, Sum: 0, Workers: 4
[5031.172s][debug][gc,phases      ] GC(191)   StringDedup Requests1 Weak     Min: 0.00, Avg: 0.00, Max: 0.00, Diff: 0.00, Sum: 0.00, Workers: 4
[5031.172s][debug][gc,phases      ] GC(191)     Dead                           Min: 0, Avg:  0.0, Max: 0, Diff: 0, Sum: 0, Workers: 4
[5031.172s][debug][gc,phases      ] GC(191)     Total                          Min: 0, Avg:  0.0, Max: 0, Diff: 0, Sum: 0, Workers: 4
[5031.172s][debug][gc,phases      ] GC(191)   Weak JFR Old Object Samples    Min: 0.00, Avg: 0.00, Max: 0.00, Diff: 0.00, Sum: 0.00, Workers: 4
[5031.172s][debug][gc,phases      ] GC(191)     Dead                           Min: 0, Avg:  0.0, Max: 0, Diff: 0, Sum: 0, Workers: 4
[5031.172s][debug][gc,phases      ] GC(191)     Total                          Min: 0, Avg:  0.0, Max: 0, Diff: 0, Sum: 0, Workers: 4
[5031.172s][debug][gc,phases      ] GC(191) Weak Processing 0.346ms
[5031.172s][debug][gc,age         ] GC(191) Desired survivor size 45088768 bytes, new threshold 1 (max threshold 15)
[5031.172s][info ][gc,heap        ] GC(191) PSYoungGen: 2020320K(2049536K)->6512K(2053120K) Eden: 2001920K(2001920K)->0K(2008064K) From: 18400K(47616K)->6512K(45056K)
[5031.172s][info ][gc,heap        ] GC(191) ParOldGen: 1425201K(1425408K)->1441457K(1441792K)
[5031.172s][info ][gc,metaspace   ] GC(191) Metaspace: 112480K(113792K)->112480K(113792K) NonClass: 96149K(96896K)->96149K(96896K) Class: 16330K(16896K)->16330K(16896K)
[5031.172s][info ][gc             ] GC(191) Pause Young (Allocation Failure) 3364M->1414M(3413M) 12.509ms
[5031.172s][info ][gc,cpu         ] GC(191) User=0.04s Sys=0.01s Real=0.01s
[5031.172s][info ][safepoint      ] Safepoint "ParallelCollectForAllocation", Time since last: 14942864833 ns, Reaching safepoint: 6100 ns, At safepoint: 12589041 ns, Leaving safepoint: 10000 ns, Total: 12605141 ns, Threads: 0 runnable, 40 total
[5046.794s][info ][gc,start       ] GC(192) Pause Young (Allocation Failure)
[5046.809s][debug][gc,phases      ] GC(192) Scavenge 14.304ms
[5046.809s][debug][gc,ref         ] GC(192) ReferenceProcessor::execute queues: 1, RefProcThreadModel::Single, marks_oops_alive: false
[5046.809s][debug][gc,ref         ] GC(192) Skipped KeepAliveFinalRefsPhase of Reference Processing: no references
[5046.809s][debug][gc,ref         ] GC(192) Skipped PhantomRefsPhase of Reference Processing: no references
[5046.809s][debug][gc,phases      ] GC(192) Reference Processing 0.096ms
[5046.809s][debug][gc,phases      ] GC(192)   VM Weak                        Min: 0.00, Avg: 0.00, Max: 0.01, Diff: 0.01, Sum: 0.01, Workers: 4
[5046.809s][debug][gc,phases      ] GC(192)     Dead                           Min: 0, Avg:  0.0, Max: 0, Diff: 0, Sum: 0, Workers: 4
[5046.809s][debug][gc,phases      ] GC(192)     Total                          Min: 0, Avg: 238.2, Max: 953, Diff: 953, Sum: 953, Workers: 4
[5046.809s][debug][gc,phases      ] GC(192)   ObjectSynchronizer Weak        Min: 0.00, Avg: 0.00, Max: 0.00, Diff: 0.00, Sum: 0.00, Workers: 4
[5046.809s][debug][gc,phases      ] GC(192)     Dead                           Min: 0, Avg:  0.0, Max: 0, Diff: 0, Sum: 0, Workers: 4
[5046.809s][debug][gc,phases      ] GC(192)     Total                          Min: 0, Avg:  1.5, Max: 6, Diff: 6, Sum: 6, Workers: 4
[5046.809s][debug][gc,phases      ] GC(192)   JVMTI Tag Weak OopStorage      Min: 0.00, Avg: 0.00, Max: 0.00, Diff: 0.00, Sum: 0.00, Workers: 4
[5046.809s][debug][gc,phases      ] GC(192)     Dead                           Min: 0, Avg:  0.0, Max: 0, Diff: 0, Sum: 0, Workers: 4
[5046.809s][debug][gc,phases      ] GC(192)     Total                          Min: 0, Avg:  0.0, Max: 0, Diff: 0, Sum: 0, Workers: 4
[5046.809s][debug][gc,phases      ] GC(192)   StringTable Weak               Min: 0.00, Avg: 0.10, Max: 0.13, Diff: 0.13, Sum: 0.40, Workers: 4
[5046.809s][debug][gc,phases      ] GC(192)     Dead                           Min: 0, Avg:  0.0, Max: 0, Diff: 0, Sum: 0, Workers: 4
[5046.809s][debug][gc,phases      ] GC(192)     Total                          Min: 0, Avg: 12785.0, Max: 21952, Diff: 21952, Sum: 51140, Workers: 4
[5046.809s][debug][gc,phases      ] GC(192)   ResolvedMethodTable Weak       Min: 0.00, Avg: 0.03, Max: 0.05, Diff: 0.05, Sum: 0.13, Workers: 4
[5046.809s][debug][gc,phases      ] GC(192)     Dead                           Min: 0, Avg:  5.0, Max: 13, Diff: 13, Sum: 20, Workers: 4
[5046.809s][debug][gc,phases      ] GC(192)     Total                          Min: 0, Avg: 4319.5, Max: 7486, Diff: 7486, Sum: 17278, Workers: 4
[5046.809s][debug][gc,phases      ] GC(192)   JNI Weak                       Min: 0.00, Avg: 0.00, Max: 0.00, Diff: 0.00, Sum: 0.00, Workers: 4
[5046.809s][debug][gc,phases      ] GC(192)     Dead                           Min: 0, Avg:  0.0, Max: 0, Diff: 0, Sum: 0, Workers: 4
[5046.809s][debug][gc,phases      ] GC(192)     Total                          Min: 0, Avg: 13.0, Max: 48, Diff: 48, Sum: 52, Workers: 4
[5046.809s][debug][gc,phases      ] GC(192)   StringDedup Table Weak         Min: 0.00, Avg: 0.00, Max: 0.00, Diff: 0.00, Sum: 0.00, Workers: 4
[5046.809s][debug][gc,phases      ] GC(192)     Dead                           Min: 0, Avg:  0.0, Max: 0, Diff: 0, Sum: 0, Workers: 4
[5046.809s][debug][gc,phases      ] GC(192)     Total                          Min: 0, Avg:  0.0, Max: 0, Diff: 0, Sum: 0, Workers: 4
[5046.809s][debug][gc,phases      ] GC(192)   StringDedup Requests0 Weak     Min: 0.00, Avg: 0.00, Max: 0.00, Diff: 0.00, Sum: 0.00, Workers: 4
[5046.809s][debug][gc,phases      ] GC(192)     Dead                           Min: 0, Avg:  0.0, Max: 0, Diff: 0, Sum: 0, Workers: 4
[5046.809s][debug][gc,phases      ] GC(192)     Total                          Min: 0, Avg:  0.0, Max: 0, Diff: 0, Sum: 0, Workers: 4
[5046.809s][debug][gc,phases      ] GC(192)   StringDedup Requests1 Weak     Min: 0.00, Avg: 0.00, Max: 0.00, Diff: 0.00, Sum: 0.00, Workers: 4
[5046.809s][debug][gc,phases      ] GC(192)     Dead                           Min: 0, Avg:  0.0, Max: 0, Diff: 0, Sum: 0, Workers: 4
[5046.809s][debug][gc,phases      ] GC(192)     Total                          Min: 0, Avg:  0.0, Max: 0, Diff: 0, Sum: 0, Workers: 4
[5046.809s][debug][gc,phases      ] GC(192)   Weak JFR Old Object Samples    Min: 0.00, Avg: 0.00, Max: 0.00, Diff: 0.00, Sum: 0.00, Workers: 4
[5046.809s][debug][gc,phases      ] GC(192)     Dead                           Min: 0, Avg:  0.0, Max: 0, Diff: 0, Sum: 0, Workers: 4
[5046.809s][debug][gc,phases      ] GC(192)     Total                          Min: 0, Avg:  0.0, Max: 0, Diff: 0, Sum: 0, Workers: 4
[5046.809s][debug][gc,phases      ] GC(192) Weak Processing 0.374ms
[5046.809s][debug][gc,age         ] GC(192) Desired survivor size 42991616 bytes, new threshold 1 (max threshold 15)
[5046.809s][info ][gc,heap        ] GC(192) PSYoungGen: 2014576K(2053120K)->10336K(2052096K) Eden: 2008064K(2008064K)->0K(2008064K) From: 6512K(45056K)->10336K(44032K)
[5046.809s][info ][gc,heap        ] GC(192) ParOldGen: 1441457K(1441792K)->1444462K(1444864K)
[5046.809s][info ][gc,metaspace   ] GC(192) Metaspace: 112500K(113792K)->112500K(113792K) NonClass: 96169K(96896K)->96169K(96896K) Class: 16330K(16896K)->16330K(16896K)
[5046.809s][info ][gc             ] GC(192) Pause Young (Allocation Failure) 3375M->1420M(3415M) 14.896ms
[5046.809s][info ][gc,cpu         ] GC(192) User=0.05s Sys=0.01s Real=0.02s
[5046.809s][info ][safepoint      ] Safepoint "ParallelCollectForAllocation", Time since last: 15622467429 ns, Reaching safepoint: 108800 ns, At safepoint: 14967126 ns, Leaving safepoint: 19100 ns, Total: 15095026 ns, Threads: 2 runnable, 40 total
[5058.596s][info ][gc,start       ] GC(193) Pause Young (Allocation Failure)
[5058.612s][debug][gc,phases      ] GC(193) Scavenge 15.972ms
[5058.612s][debug][gc,ref         ] GC(193) ReferenceProcessor::execute queues: 1, RefProcThreadModel::Single, marks_oops_alive: false
[5058.612s][debug][gc,ref         ] GC(193) Skipped KeepAliveFinalRefsPhase of Reference Processing: no references
[5058.612s][debug][gc,ref         ] GC(193) Skipped PhantomRefsPhase of Reference Processing: no references
[5058.612s][debug][gc,phases      ] GC(193) Reference Processing 0.095ms
[5058.612s][debug][gc,phases      ] GC(193)   VM Weak                        Min: 0.00, Avg: 0.00, Max: 0.01, Diff: 0.01, Sum: 0.01, Workers: 4
[5058.612s][debug][gc,phases      ] GC(193)     Dead                           Min: 0, Avg:  0.0, Max: 0, Diff: 0, Sum: 0, Workers: 4
[5058.612s][debug][gc,phases      ] GC(193)     Total                          Min: 0, Avg: 238.2, Max: 761, Diff: 761, Sum: 953, Workers: 4
[5058.612s][debug][gc,phases      ] GC(193)   ObjectSynchronizer Weak        Min: 0.00, Avg: 0.00, Max: 0.00, Diff: 0.00, Sum: 0.00, Workers: 4
[5058.612s][debug][gc,phases      ] GC(193)     Dead                           Min: 0, Avg:  0.0, Max: 0, Diff: 0, Sum: 0, Workers: 4
[5058.612s][debug][gc,phases      ] GC(193)     Total                          Min: 0, Avg:  1.5, Max: 6, Diff: 6, Sum: 6, Workers: 4
[5058.612s][debug][gc,phases      ] GC(193)   JVMTI Tag Weak OopStorage      Min: 0.00, Avg: 0.00, Max: 0.00, Diff: 0.00, Sum: 0.00, Workers: 4
[5058.612s][debug][gc,phases      ] GC(193)     Dead                           Min: 0, Avg:  0.0, Max: 0, Diff: 0, Sum: 0, Workers: 4
[5058.612s][debug][gc,phases      ] GC(193)     Total                          Min: 0, Avg:  0.0, Max: 0, Diff: 0, Sum: 0, Workers: 4
[5058.612s][debug][gc,phases      ] GC(193)   StringTable Weak               Min: 0.00, Avg: 0.10, Max: 0.14, Diff: 0.14, Sum: 0.41, Workers: 4
[5058.612s][debug][gc,phases      ] GC(193)     Dead                           Min: 0, Avg:  0.0, Max: 0, Diff: 0, Sum: 0, Workers: 4
[5058.612s][debug][gc,phases      ] GC(193)     Total                          Min: 0, Avg: 12785.0, Max: 21504, Diff: 21504, Sum: 51140, Workers: 4
[5058.612s][debug][gc,phases      ] GC(193)   ResolvedMethodTable Weak       Min: 0.00, Avg: 0.03, Max: 0.04, Diff: 0.04, Sum: 0.13, Workers: 4
[5058.612s][debug][gc,phases      ] GC(193)     Dead                           Min: 0, Avg:  0.0, Max: 0, Diff: 0, Sum: 0, Workers: 4
[5058.612s][debug][gc,phases      ] GC(193)     Total                          Min: 0, Avg: 4319.5, Max: 7550, Diff: 7550, Sum: 17278, Workers: 4
[5058.612s][debug][gc,phases      ] GC(193)   JNI Weak                       Min: 0.00, Avg: 0.00, Max: 0.00, Diff: 0.00, Sum: 0.00, Workers: 4
[5058.612s][debug][gc,phases      ] GC(193)     Dead                           Min: 0, Avg:  0.0, Max: 0, Diff: 0, Sum: 0, Workers: 4
[5058.612s][debug][gc,phases      ] GC(193)     Total                          Min: 0, Avg: 13.0, Max: 48, Diff: 48, Sum: 52, Workers: 4
[5058.612s][debug][gc,phases      ] GC(193)   StringDedup Table Weak         Min: 0.00, Avg: 0.00, Max: 0.00, Diff: 0.00, Sum: 0.00, Workers: 4
[5058.612s][debug][gc,phases      ] GC(193)     Dead                           Min: 0, Avg:  0.0, Max: 0, Diff: 0, Sum: 0, Workers: 4
[5058.612s][debug][gc,phases      ] GC(193)     Total                          Min: 0, Avg:  0.0, Max: 0, Diff: 0, Sum: 0, Workers: 4
[5058.612s][debug][gc,phases      ] GC(193)   StringDedup Requests0 Weak     Min: 0.00, Avg: 0.00, Max: 0.00, Diff: 0.00, Sum: 0.00, Workers: 4
[5058.612s][debug][gc,phases      ] GC(193)     Dead                           Min: 0, Avg:  0.0, Max: 0, Diff: 0, Sum: 0, Workers: 4
[5058.612s][debug][gc,phases      ] GC(193)     Total                          Min: 0, Avg:  0.0, Max: 0, Diff: 0, Sum: 0, Workers: 4
[5058.612s][debug][gc,phases      ] GC(193)   StringDedup Requests1 Weak     Min: 0.00, Avg: 0.00, Max: 0.00, Diff: 0.00, Sum: 0.00, Workers: 4
[5058.612s][debug][gc,phases      ] GC(193)     Dead                           Min: 0, Avg:  0.0, Max: 0, Diff: 0, Sum: 0, Workers: 4
[5058.612s][debug][gc,phases      ] GC(193)     Total                          Min: 0, Avg:  0.0, Max: 0, Diff: 0, Sum: 0, Workers: 4
[5058.612s][debug][gc,phases      ] GC(193)   Weak JFR Old Object Samples    Min: 0.00, Avg: 0.00, Max: 0.00, Diff: 0.00, Sum: 0.00, Workers: 4
[5058.612s][debug][gc,phases      ] GC(193)     Dead                           Min: 0, Avg:  0.0, Max: 0, Diff: 0, Sum: 0, Workers: 4
[5058.612s][debug][gc,phases      ] GC(193)     Total                          Min: 0, Avg:  0.0, Max: 0, Diff: 0, Sum: 0, Workers: 4
[5058.612s][debug][gc,phases      ] GC(193) Weak Processing 0.359ms
[5058.612s][debug][gc,age         ] GC(193) Desired survivor size 44564480 bytes, new threshold 1 (max threshold 15)
[5058.612s][info ][gc,heap        ] GC(193) PSYoungGen: 2018400K(2052096K)->25824K(2052096K) Eden: 2008064K(2008064K)->0K(2010112K) From: 10336K(44032K)->25824K(41984K)
[5058.612s][info ][gc,heap        ] GC(193) ParOldGen: 1444462K(1444864K)->1451726K(1452032K)
[5058.612s][info ][gc,metaspace   ] GC(193) Metaspace: 112502K(113792K)->112502K(113792K) NonClass: 96171K(96896K)->96171K(96896K) Class: 16330K(16896K)->16330K(16896K)
[5058.612s][info ][gc             ] GC(193) Pause Young (Allocation Failure) 3381M->1442M(3422M) 16.550ms
[5058.612s][info ][gc,cpu         ] GC(193) User=0.06s Sys=0.01s Real=0.02s
[5058.612s][info ][safepoint      ] Safepoint "ParallelCollectForAllocation", Time since last: 11786171949 ns, Reaching safepoint: 6400 ns, At safepoint: 16617123 ns, Leaving safepoint: 10000 ns, Total: 16633523 ns, Threads: 0 runnable, 40 total
[5069.162s][info ][gc,start       ] GC(194) Pause Young (Allocation Failure)
[5069.186s][debug][gc,phases      ] GC(194) Scavenge 23.254ms
[5069.186s][debug][gc,ref         ] GC(194) Skipped SoftWeakFinalRefsPhase of Reference Processing: no references
[5069.186s][debug][gc,ref         ] GC(194) Skipped KeepAliveFinalRefsPhase of Reference Processing: no references
[5069.186s][debug][gc,ref         ] GC(194) Skipped PhantomRefsPhase of Reference Processing: no references
[5069.186s][debug][gc,phases      ] GC(194) Reference Processing 0.019ms
[5069.186s][debug][gc,phases      ] GC(194)   VM Weak                        Min: 0.00, Avg: 0.00, Max: 0.01, Diff: 0.01, Sum: 0.01, Workers: 4
[5069.186s][debug][gc,phases      ] GC(194)     Dead                           Min: 0, Avg:  0.0, Max: 0, Diff: 0, Sum: 0, Workers: 4
[5069.186s][debug][gc,phases      ] GC(194)     Total                          Min: 0, Avg: 238.2, Max: 889, Diff: 889, Sum: 953, Workers: 4
[5069.186s][debug][gc,phases      ] GC(194)   ObjectSynchronizer Weak        Min: 0.00, Avg: 0.00, Max: 0.00, Diff: 0.00, Sum: 0.00, Workers: 4
[5069.186s][debug][gc,phases      ] GC(194)     Dead                           Min: 0, Avg:  0.0, Max: 0, Diff: 0, Sum: 0, Workers: 4
[5069.186s][debug][gc,phases      ] GC(194)     Total                          Min: 0, Avg:  1.5, Max: 6, Diff: 6, Sum: 6, Workers: 4
[5069.186s][debug][gc,phases      ] GC(194)   JVMTI Tag Weak OopStorage      Min: 0.00, Avg: 0.00, Max: 0.00, Diff: 0.00, Sum: 0.00, Workers: 4
[5069.186s][debug][gc,phases      ] GC(194)     Dead                           Min: 0, Avg:  0.0, Max: 0, Diff: 0, Sum: 0, Workers: 4
[5069.186s][debug][gc,phases      ] GC(194)     Total                          Min: 0, Avg:  0.0, Max: 0, Diff: 0, Sum: 0, Workers: 4
[5069.186s][debug][gc,phases      ] GC(194)   StringTable Weak               Min: 0.00, Avg: 0.10, Max: 0.14, Diff: 0.14, Sum: 0.42, Workers: 4
[5069.186s][debug][gc,phases      ] GC(194)     Dead                           Min: 0, Avg:  0.0, Max: 0, Diff: 0, Sum: 0, Workers: 4
[5069.186s][debug][gc,phases      ] GC(194)     Total                          Min: 0, Avg: 12785.2, Max: 21637, Diff: 21637, Sum: 51141, Workers: 4
[5069.186s][debug][gc,phases      ] GC(194)   ResolvedMethodTable Weak       Min: 0.00, Avg: 0.03, Max: 0.05, Diff: 0.05, Sum: 0.14, Workers: 4
[5069.186s][debug][gc,phases      ] GC(194)     Dead                           Min: 0, Avg:  5.0, Max: 13, Diff: 13, Sum: 20, Workers: 4
[5069.186s][debug][gc,phases      ] GC(194)     Total                          Min: 0, Avg: 4319.5, Max: 7423, Diff: 7423, Sum: 17278, Workers: 4
[5069.186s][debug][gc,phases      ] GC(194)   JNI Weak                       Min: 0.00, Avg: 0.00, Max: 0.00, Diff: 0.00, Sum: 0.00, Workers: 4
[5069.186s][debug][gc,phases      ] GC(194)     Dead                           Min: 0, Avg:  0.0, Max: 0, Diff: 0, Sum: 0, Workers: 4
[5069.186s][debug][gc,phases      ] GC(194)     Total                          Min: 0, Avg: 13.0, Max: 48, Diff: 48, Sum: 52, Workers: 4
[5069.186s][debug][gc,phases      ] GC(194)   StringDedup Table Weak         Min: 0.00, Avg: 0.00, Max: 0.00, Diff: 0.00, Sum: 0.00, Workers: 4
[5069.186s][debug][gc,phases      ] GC(194)     Dead                           Min: 0, Avg:  0.0, Max: 0, Diff: 0, Sum: 0, Workers: 4
[5069.186s][debug][gc,phases      ] GC(194)     Total                          Min: 0, Avg:  0.0, Max: 0, Diff: 0, Sum: 0, Workers: 4
[5069.186s][debug][gc,phases      ] GC(194)   StringDedup Requests0 Weak     Min: 0.00, Avg: 0.00, Max: 0.00, Diff: 0.00, Sum: 0.00, Workers: 4
[5069.186s][debug][gc,phases      ] GC(194)     Dead                           Min: 0, Avg:  0.0, Max: 0, Diff: 0, Sum: 0, Workers: 4
[5069.186s][debug][gc,phases      ] GC(194)     Total                          Min: 0, Avg:  0.0, Max: 0, Diff: 0, Sum: 0, Workers: 4
[5069.186s][debug][gc,phases      ] GC(194)   StringDedup Requests1 Weak     Min: 0.00, Avg: 0.00, Max: 0.00, Diff: 0.00, Sum: 0.00, Workers: 4
[5069.186s][debug][gc,phases      ] GC(194)     Dead                           Min: 0, Avg:  0.0, Max: 0, Diff: 0, Sum: 0, Workers: 4
[5069.186s][debug][gc,phases      ] GC(194)     Total                          Min: 0, Avg:  0.0, Max: 0, Diff: 0, Sum: 0, Workers: 4
[5069.186s][debug][gc,phases      ] GC(194)   Weak JFR Old Object Samples    Min: 0.00, Avg: 0.00, Max: 0.00, Diff: 0.00, Sum: 0.00, Workers: 4
[5069.186s][debug][gc,phases      ] GC(194)     Dead                           Min: 0, Avg:  0.0, Max: 0, Diff: 0, Sum: 0, Workers: 4
[5069.186s][debug][gc,phases      ] GC(194)     Total                          Min: 0, Avg:  0.0, Max: 0, Diff: 0, Sum: 0, Workers: 4
[5069.186s][debug][gc,phases      ] GC(194) Weak Processing 0.358ms
[5069.186s][debug][gc,age         ] GC(194) Desired survivor size 50855936 bytes, new threshold 1 (max threshold 15)
[5069.186s][info ][gc,heap        ] GC(194) PSYoungGen: 2035936K(2052096K)->40736K(2051072K) Eden: 2010112K(2010112K)->0K(2010112K) From: 25824K(41984K)->40736K(40960K)
[5069.186s][info ][gc,heap        ] GC(194) ParOldGen: 1451726K(1452032K)->1476191K(1476608K)
[5069.186s][info ][gc,metaspace   ] GC(194) Metaspace: 112503K(113792K)->112503K(113792K) NonClass: 96172K(96896K)->96172K(96896K) Class: 16330K(16896K)->16330K(16896K)
[5069.186s][info ][gc             ] GC(194) Pause Young (Allocation Failure) 3405M->1481M(3445M) 23.743ms
[5069.186s][info ][gc,cpu         ] GC(194) User=0.08s Sys=0.01s Real=0.02s
[5069.186s][info ][safepoint      ] Safepoint "ParallelCollectForAllocation", Time since last: 10550007263 ns, Reaching safepoint: 150199 ns, At safepoint: 23827884 ns, Leaving safepoint: 9600 ns, Total: 23987683 ns, Threads: 1 runnable, 38 total
[5109.592s][info ][gc,start       ] GC(195) Pause Young (Allocation Failure)
[5109.617s][debug][gc,phases      ] GC(195) Scavenge 24.878ms
[5109.617s][debug][gc,ref         ] GC(195) ReferenceProcessor::execute queues: 1, RefProcThreadModel::Single, marks_oops_alive: false
[5109.617s][debug][gc,ref         ] GC(195) Skipped KeepAliveFinalRefsPhase of Reference Processing: no references
[5109.617s][debug][gc,ref         ] GC(195) Skipped PhantomRefsPhase of Reference Processing: no references
[5109.617s][debug][gc,phases      ] GC(195) Reference Processing 0.092ms
[5109.617s][debug][gc,phases      ] GC(195)   VM Weak                        Min: 0.00, Avg: 0.00, Max: 0.00, Diff: 0.00, Sum: 0.01, Workers: 4
[5109.617s][debug][gc,phases      ] GC(195)     Dead                           Min: 0, Avg:  0.0, Max: 0, Diff: 0, Sum: 0, Workers: 4
[5109.617s][debug][gc,phases      ] GC(195)     Total                          Min: 0, Avg: 238.2, Max: 448, Diff: 448, Sum: 953, Workers: 4
[5109.617s][debug][gc,phases      ] GC(195)   ObjectSynchronizer Weak        Min: 0.00, Avg: 0.00, Max: 0.00, Diff: 0.00, Sum: 0.00, Workers: 4
[5109.617s][debug][gc,phases      ] GC(195)     Dead                           Min: 0, Avg:  0.0, Max: 0, Diff: 0, Sum: 0, Workers: 4
[5109.617s][debug][gc,phases      ] GC(195)     Total                          Min: 0, Avg:  1.2, Max: 5, Diff: 5, Sum: 5, Workers: 4
[5109.617s][debug][gc,phases      ] GC(195)   JVMTI Tag Weak OopStorage      Min: 0.00, Avg: 0.00, Max: 0.00, Diff: 0.00, Sum: 0.00, Workers: 4
[5109.617s][debug][gc,phases      ] GC(195)     Dead                           Min: 0, Avg:  0.0, Max: 0, Diff: 0, Sum: 0, Workers: 4
[5109.617s][debug][gc,phases      ] GC(195)     Total                          Min: 0, Avg:  0.0, Max: 0, Diff: 0, Sum: 0, Workers: 4
[5109.618s][debug][gc,phases      ] GC(195)   StringTable Weak               Min: 0.00, Avg: 0.11, Max: 0.15, Diff: 0.15, Sum: 0.45, Workers: 4
[5109.618s][debug][gc,phases      ] GC(195)     Dead                           Min: 0, Avg:  0.2, Max: 1, Diff: 1, Sum: 1, Workers: 4
[5109.618s][debug][gc,phases      ] GC(195)     Total                          Min: 0, Avg: 12789.5, Max: 21014, Diff: 21014, Sum: 51158, Workers: 4
[5109.618s][debug][gc,phases      ] GC(195)   ResolvedMethodTable Weak       Min: 0.00, Avg: 0.03, Max: 0.05, Diff: 0.05, Sum: 0.14, Workers: 4
[5109.618s][debug][gc,phases      ] GC(195)     Dead                           Min: 0, Avg:  5.2, Max: 21, Diff: 21, Sum: 21, Workers: 4
[5109.618s][debug][gc,phases      ] GC(195)     Total                          Min: 0, Avg: 4325.0, Max: 7346, Diff: 7346, Sum: 17300, Workers: 4
[5109.618s][debug][gc,phases      ] GC(195)   JNI Weak                       Min: 0.00, Avg: 0.00, Max: 0.00, Diff: 0.00, Sum: 0.00, Workers: 4
[5109.618s][debug][gc,phases      ] GC(195)     Dead                           Min: 0, Avg:  0.0, Max: 0, Diff: 0, Sum: 0, Workers: 4
[5109.618s][debug][gc,phases      ] GC(195)     Total                          Min: 0, Avg: 13.0, Max: 48, Diff: 48, Sum: 52, Workers: 4
[5109.618s][debug][gc,phases      ] GC(195)   StringDedup Table Weak         Min: 0.00, Avg: 0.00, Max: 0.00, Diff: 0.00, Sum: 0.00, Workers: 4
[5109.618s][debug][gc,phases      ] GC(195)     Dead                           Min: 0, Avg:  0.0, Max: 0, Diff: 0, Sum: 0, Workers: 4
[5109.618s][debug][gc,phases      ] GC(195)     Total                          Min: 0, Avg:  0.0, Max: 0, Diff: 0, Sum: 0, Workers: 4
[5109.618s][debug][gc,phases      ] GC(195)   StringDedup Requests0 Weak     Min: 0.00, Avg: 0.00, Max: 0.00, Diff: 0.00, Sum: 0.00, Workers: 4
[5109.618s][debug][gc,phases      ] GC(195)     Dead                           Min: 0, Avg:  0.0, Max: 0, Diff: 0, Sum: 0, Workers: 4
[5109.618s][debug][gc,phases      ] GC(195)     Total                          Min: 0, Avg:  0.0, Max: 0, Diff: 0, Sum: 0, Workers: 4
[5109.618s][debug][gc,phases      ] GC(195)   StringDedup Requests1 Weak     Min: 0.00, Avg: 0.00, Max: 0.00, Diff: 0.00, Sum: 0.00, Workers: 4
[5109.618s][debug][gc,phases      ] GC(195)     Dead                           Min: 0, Avg:  0.0, Max: 0, Diff: 0, Sum: 0, Workers: 4
[5109.618s][debug][gc,phases      ] GC(195)     Total                          Min: 0, Avg:  0.0, Max: 0, Diff: 0, Sum: 0, Workers: 4
[5109.618s][debug][gc,phases      ] GC(195)   Weak JFR Old Object Samples    Min: 0.00, Avg: 0.00, Max: 0.00, Diff: 0.00, Sum: 0.00, Workers: 4
[5109.618s][debug][gc,phases      ] GC(195)     Dead                           Min: 0, Avg:  0.0, Max: 0, Diff: 0, Sum: 0, Workers: 4
[5109.618s][debug][gc,phases      ] GC(195)     Total                          Min: 0, Avg:  0.0, Max: 0, Diff: 0, Sum: 0, Workers: 4
[5109.618s][debug][gc,phases      ] GC(195) Weak Processing 0.368ms
[5109.618s][debug][gc,age         ] GC(195) Desired survivor size 49807360 bytes, new threshold 1 (max threshold 15)
[5109.618s][info ][gc,heap        ] GC(195) PSYoungGen: 2050848K(2051072K)->5712K(2045952K) Eden: 2010112K(2010112K)->0K(1999872K) From: 40736K(40960K)->5712K(46080K)
[5109.618s][info ][gc,heap        ] GC(195) ParOldGen: 1476191K(1476608K)->1516519K(1516544K)
[5109.618s][info ][gc,metaspace   ] GC(195) Metaspace: 112538K(113792K)->112538K(113792K) NonClass: 96198K(96896K)->96198K(96896K) Class: 16339K(16896K)->16339K(16896K)
[5109.618s][info ][gc             ] GC(195) Pause Young (Allocation Failure) 3444M->1486M(3479M) 25.466ms
[5109.618s][info ][gc,cpu         ] GC(195) User=0.06s Sys=0.02s Real=0.02s
[5109.618s][info ][safepoint      ] Safepoint "ParallelCollectForAllocation", Time since last: 40405818139 ns, Reaching safepoint: 81700 ns, At safepoint: 25534175 ns, Leaving safepoint: 11000 ns, Total: 25626875 ns, Threads: 1 runnable, 38 total
[5135.516s][info ][gc,start       ] GC(196) Pause Young (Allocation Failure)
[5135.529s][debug][gc,phases      ] GC(196) Scavenge 13.399ms
[5135.529s][debug][gc,ref         ] GC(196) ReferenceProcessor::execute queues: 1, RefProcThreadModel::Single, marks_oops_alive: false
[5135.529s][debug][gc,ref         ] GC(196) Skipped KeepAliveFinalRefsPhase of Reference Processing: no references
[5135.529s][debug][gc,ref         ] GC(196) Skipped PhantomRefsPhase of Reference Processing: no references
[5135.529s][debug][gc,phases      ] GC(196) Reference Processing 0.131ms
[5135.530s][debug][gc,phases      ] GC(196)   VM Weak                        Min: 0.00, Avg: 0.00, Max: 0.01, Diff: 0.01, Sum: 0.01, Workers: 4
[5135.530s][debug][gc,phases      ] GC(196)     Dead                           Min: 0, Avg:  0.0, Max: 0, Diff: 0, Sum: 0, Workers: 4
[5135.530s][debug][gc,phases      ] GC(196)     Total                          Min: 0, Avg: 238.2, Max: 704, Diff: 704, Sum: 953, Workers: 4
[5135.530s][debug][gc,phases      ] GC(196)   ObjectSynchronizer Weak        Min: 0.00, Avg: 0.00, Max: 0.00, Diff: 0.00, Sum: 0.00, Workers: 4
[5135.530s][debug][gc,phases      ] GC(196)     Dead                           Min: 0, Avg:  0.0, Max: 0, Diff: 0, Sum: 0, Workers: 4
[5135.530s][debug][gc,phases      ] GC(196)     Total                          Min: 0, Avg:  1.5, Max: 6, Diff: 6, Sum: 6, Workers: 4
[5135.530s][debug][gc,phases      ] GC(196)   JVMTI Tag Weak OopStorage      Min: 0.00, Avg: 0.00, Max: 0.00, Diff: 0.00, Sum: 0.00, Workers: 4
[5135.530s][debug][gc,phases      ] GC(196)     Dead                           Min: 0, Avg:  0.0, Max: 0, Diff: 0, Sum: 0, Workers: 4
[5135.530s][debug][gc,phases      ] GC(196)     Total                          Min: 0, Avg:  0.0, Max: 0, Diff: 0, Sum: 0, Workers: 4
[5135.530s][debug][gc,phases      ] GC(196)   StringTable Weak               Min: 0.00, Avg: 0.11, Max: 0.14, Diff: 0.14, Sum: 0.43, Workers: 4
[5135.530s][debug][gc,phases      ] GC(196)     Dead                           Min: 0, Avg:  0.0, Max: 0, Diff: 0, Sum: 0, Workers: 4
[5135.530s][debug][gc,phases      ] GC(196)     Total                          Min: 0, Avg: 12789.5, Max: 21952, Diff: 21952, Sum: 51158, Workers: 4
[5135.530s][debug][gc,phases      ] GC(196)   ResolvedMethodTable Weak       Min: 0.00, Avg: 0.03, Max: 0.05, Diff: 0.05, Sum: 0.13, Workers: 4
[5135.530s][debug][gc,phases      ] GC(196)     Dead                           Min: 0, Avg:  5.0, Max: 20, Diff: 20, Sum: 20, Workers: 4
[5135.530s][debug][gc,phases      ] GC(196)     Total                          Min: 0, Avg: 4325.0, Max: 7346, Diff: 7346, Sum: 17300, Workers: 4
[5135.530s][debug][gc,phases      ] GC(196)   JNI Weak                       Min: 0.00, Avg: 0.00, Max: 0.00, Diff: 0.00, Sum: 0.00, Workers: 4
[5135.530s][debug][gc,phases      ] GC(196)     Dead                           Min: 0, Avg:  0.0, Max: 0, Diff: 0, Sum: 0, Workers: 4
[5135.530s][debug][gc,phases      ] GC(196)     Total                          Min: 0, Avg: 13.0, Max: 48, Diff: 48, Sum: 52, Workers: 4
[5135.530s][debug][gc,phases      ] GC(196)   StringDedup Table Weak         Min: 0.00, Avg: 0.00, Max: 0.00, Diff: 0.00, Sum: 0.00, Workers: 4
[5135.530s][debug][gc,phases      ] GC(196)     Dead                           Min: 0, Avg:  0.0, Max: 0, Diff: 0, Sum: 0, Workers: 4
[5135.530s][debug][gc,phases      ] GC(196)     Total                          Min: 0, Avg:  0.0, Max: 0, Diff: 0, Sum: 0, Workers: 4
[5135.530s][debug][gc,phases      ] GC(196)   StringDedup Requests0 Weak     Min: 0.00, Avg: 0.00, Max: 0.00, Diff: 0.00, Sum: 0.00, Workers: 4
[5135.530s][debug][gc,phases      ] GC(196)     Dead                           Min: 0, Avg:  0.0, Max: 0, Diff: 0, Sum: 0, Workers: 4
[5135.530s][debug][gc,phases      ] GC(196)     Total                          Min: 0, Avg:  0.0, Max: 0, Diff: 0, Sum: 0, Workers: 4
[5135.530s][debug][gc,phases      ] GC(196)   StringDedup Requests1 Weak     Min: 0.00, Avg: 0.00, Max: 0.00, Diff: 0.00, Sum: 0.00, Workers: 4
[5135.530s][debug][gc,phases      ] GC(196)     Dead                           Min: 0, Avg:  0.0, Max: 0, Diff: 0, Sum: 0, Workers: 4
[5135.530s][debug][gc,phases      ] GC(196)     Total                          Min: 0, Avg:  0.0, Max: 0, Diff: 0, Sum: 0, Workers: 4
[5135.530s][debug][gc,phases      ] GC(196)   Weak JFR Old Object Samples    Min: 0.00, Avg: 0.00, Max: 0.00, Diff: 0.00, Sum: 0.00, Workers: 4
[5135.530s][debug][gc,phases      ] GC(196)     Dead                           Min: 0, Avg:  0.0, Max: 0, Diff: 0, Sum: 0, Workers: 4
[5135.530s][debug][gc,phases      ] GC(196)     Total                          Min: 0, Avg:  0.0, Max: 0, Diff: 0, Sum: 0, Workers: 4
[5135.530s][debug][gc,phases      ] GC(196) Weak Processing 0.360ms
[5135.530s][debug][gc,age         ] GC(196) Desired survivor size 48758784 bytes, new threshold 1 (max threshold 15)
[5135.530s][info ][gc,heap        ] GC(196) PSYoungGen: 2005584K(2045952K)->23088K(2048512K) Eden: 1999872K(1999872K)->0K(1999872K) From: 5712K(46080K)->23088K(48640K)
[5135.530s][info ][gc,heap        ] GC(196) ParOldGen: 1516519K(1516544K)->1519160K(1519616K)
[5135.530s][info ][gc,metaspace   ] GC(196) Metaspace: 112553K(113856K)->112553K(113856K) NonClass: 96213K(96960K)->96213K(96960K) Class: 16339K(16896K)->16339K(16896K)
[5135.530s][info ][gc             ] GC(196) Pause Young (Allocation Failure) 3439M->1506M(3484M) 14.007ms
[5135.530s][info ][gc,cpu         ] GC(196) User=0.05s Sys=0.00s Real=0.02s
[5135.530s][info ][safepoint      ] Safepoint "ParallelCollectForAllocation", Time since last: 25898060016 ns, Reaching safepoint: 19500 ns, At safepoint: 14072238 ns, Leaving safepoint: 8100 ns, Total: 14099838 ns, Threads: 0 runnable, 44 total
[5151.696s][info ][gc,start       ] GC(197) Pause Young (Allocation Failure)
[5151.713s][debug][gc,phases      ] GC(197) Scavenge 16.907ms
[5151.713s][debug][gc,ref         ] GC(197) ReferenceProcessor::execute queues: 1, RefProcThreadModel::Single, marks_oops_alive: false
[5151.713s][debug][gc,ref         ] GC(197) Skipped KeepAliveFinalRefsPhase of Reference Processing: no references
[5151.713s][debug][gc,ref         ] GC(197) Skipped PhantomRefsPhase of Reference Processing: no references
[5151.713s][debug][gc,phases      ] GC(197) Reference Processing 0.101ms
[5151.713s][debug][gc,phases      ] GC(197)   VM Weak                        Min: 0.00, Avg: 0.00, Max: 0.01, Diff: 0.01, Sum: 0.01, Workers: 4
[5151.713s][debug][gc,phases      ] GC(197)     Dead                           Min: 0, Avg:  0.0, Max: 0, Diff: 0, Sum: 0, Workers: 4
[5151.713s][debug][gc,phases      ] GC(197)     Total                          Min: 0, Avg: 238.2, Max: 512, Diff: 512, Sum: 953, Workers: 4
[5151.713s][debug][gc,phases      ] GC(197)   ObjectSynchronizer Weak        Min: 0.00, Avg: 0.00, Max: 0.00, Diff: 0.00, Sum: 0.00, Workers: 4
[5151.713s][debug][gc,phases      ] GC(197)     Dead                           Min: 0, Avg:  0.0, Max: 0, Diff: 0, Sum: 0, Workers: 4
[5151.713s][debug][gc,phases      ] GC(197)     Total                          Min: 0, Avg:  1.5, Max: 6, Diff: 6, Sum: 6, Workers: 4
[5151.713s][debug][gc,phases      ] GC(197)   JVMTI Tag Weak OopStorage      Min: 0.00, Avg: 0.00, Max: 0.00, Diff: 0.00, Sum: 0.00, Workers: 4
[5151.713s][debug][gc,phases      ] GC(197)     Dead                           Min: 0, Avg:  0.0, Max: 0, Diff: 0, Sum: 0, Workers: 4
[5151.714s][debug][gc,phases      ] GC(197)     Total                          Min: 0, Avg:  0.0, Max: 0, Diff: 0, Sum: 0, Workers: 4
[5151.714s][debug][gc,phases      ] GC(197)   StringTable Weak               Min: 0.00, Avg: 0.12, Max: 0.16, Diff: 0.16, Sum: 0.47, Workers: 4
[5151.714s][debug][gc,phases      ] GC(197)     Dead                           Min: 0, Avg:  0.0, Max: 0, Diff: 0, Sum: 0, Workers: 4
[5151.714s][debug][gc,phases      ] GC(197)     Total                          Min: 0, Avg: 12789.8, Max: 20056, Diff: 20056, Sum: 51159, Workers: 4
[5151.714s][debug][gc,phases      ] GC(197)   ResolvedMethodTable Weak       Min: 0.00, Avg: 0.04, Max: 0.05, Diff: 0.05, Sum: 0.14, Workers: 4
[5151.714s][debug][gc,phases      ] GC(197)     Dead                           Min: 0, Avg:  5.0, Max: 20, Diff: 20, Sum: 20, Workers: 4
[5151.714s][debug][gc,phases      ] GC(197)     Total                          Min: 0, Avg: 4325.0, Max: 7464, Diff: 7464, Sum: 17300, Workers: 4
[5151.714s][debug][gc,phases      ] GC(197)   JNI Weak                       Min: 0.00, Avg: 0.00, Max: 0.00, Diff: 0.00, Sum: 0.00, Workers: 4
[5151.714s][debug][gc,phases      ] GC(197)     Dead                           Min: 0, Avg:  0.0, Max: 0, Diff: 0, Sum: 0, Workers: 4
[5151.714s][debug][gc,phases      ] GC(197)     Total                          Min: 0, Avg: 13.0, Max: 48, Diff: 48, Sum: 52, Workers: 4
[5151.714s][debug][gc,phases      ] GC(197)   StringDedup Table Weak         Min: 0.00, Avg: 0.00, Max: 0.00, Diff: 0.00, Sum: 0.00, Workers: 4
[5151.714s][debug][gc,phases      ] GC(197)     Dead                           Min: 0, Avg:  0.0, Max: 0, Diff: 0, Sum: 0, Workers: 4
[5151.714s][debug][gc,phases      ] GC(197)     Total                          Min: 0, Avg:  0.0, Max: 0, Diff: 0, Sum: 0, Workers: 4
[5151.714s][debug][gc,phases      ] GC(197)   StringDedup Requests0 Weak     Min: 0.00, Avg: 0.00, Max: 0.00, Diff: 0.00, Sum: 0.00, Workers: 4
[5151.714s][debug][gc,phases      ] GC(197)     Dead                           Min: 0, Avg:  0.0, Max: 0, Diff: 0, Sum: 0, Workers: 4
[5151.714s][debug][gc,phases      ] GC(197)     Total                          Min: 0, Avg:  0.0, Max: 0, Diff: 0, Sum: 0, Workers: 4
[5151.714s][debug][gc,phases      ] GC(197)   StringDedup Requests1 Weak     Min: 0.00, Avg: 0.00, Max: 0.00, Diff: 0.00, Sum: 0.00, Workers: 4
[5151.714s][debug][gc,phases      ] GC(197)     Dead                           Min: 0, Avg:  0.0, Max: 0, Diff: 0, Sum: 0, Workers: 4
[5151.714s][debug][gc,phases      ] GC(197)     Total                          Min: 0, Avg:  0.0, Max: 0, Diff: 0, Sum: 0, Workers: 4
[5151.714s][debug][gc,phases      ] GC(197)   Weak JFR Old Object Samples    Min: 0.00, Avg: 0.00, Max: 0.00, Diff: 0.00, Sum: 0.00, Workers: 4
[5151.714s][debug][gc,phases      ] GC(197)     Dead                           Min: 0, Avg:  0.0, Max: 0, Diff: 0, Sum: 0, Workers: 4
[5151.714s][debug][gc,phases      ] GC(197)     Total                          Min: 0, Avg:  0.0, Max: 0, Diff: 0, Sum: 0, Workers: 4
[5151.714s][debug][gc,phases      ] GC(197) Weak Processing 0.384ms
[5151.714s][debug][gc,age         ] GC(197) Desired survivor size 47185920 bytes, new threshold 1 (max threshold 15)
[5151.714s][info ][gc,heap        ] GC(197) PSYoungGen: 2022960K(2048512K)->9616K(2051072K) Eden: 1999872K(1999872K)->0K(2003456K) From: 23088K(48640K)->9616K(47616K)
[5151.714s][info ][gc,heap        ] GC(197) ParOldGen: 1519160K(1519616K)->1539093K(1539584K)
[5151.714s][info ][gc,metaspace   ] GC(197) Metaspace: 112557K(113856K)->112557K(113856K) NonClass: 96217K(96960K)->96217K(96960K) Class: 16339K(16896K)->16339K(16896K)
[5151.714s][info ][gc             ] GC(197) Pause Young (Allocation Failure) 3459M->1512M(3506M) 17.533ms
[5151.714s][info ][gc,cpu         ] GC(197) User=0.05s Sys=0.01s Real=0.02s
[5151.714s][info ][safepoint      ] Safepoint "ParallelCollectForAllocation", Time since last: 16166216974 ns, Reaching safepoint: 10100 ns, At safepoint: 17610222 ns, Leaving safepoint: 9800 ns, Total: 17630122 ns, Threads: 0 runnable, 44 total
[5167.593s][info ][gc,start       ] GC(198) Pause Young (Allocation Failure)
[5167.604s][debug][gc,phases      ] GC(198) Scavenge 11.132ms
[5167.604s][debug][gc,ref         ] GC(198) ReferenceProcessor::execute queues: 1, RefProcThreadModel::Single, marks_oops_alive: false
[5167.604s][debug][gc,ref         ] GC(198) Skipped KeepAliveFinalRefsPhase of Reference Processing: no references
[5167.604s][debug][gc,ref         ] GC(198) Skipped PhantomRefsPhase of Reference Processing: no references
[5167.604s][debug][gc,phases      ] GC(198) Reference Processing 0.103ms
[5167.604s][debug][gc,phases      ] GC(198)   VM Weak                        Min: 0.00, Avg: 0.00, Max: 0.01, Diff: 0.01, Sum: 0.01, Workers: 4
[5167.605s][debug][gc,phases      ] GC(198)     Dead                           Min: 0, Avg:  0.0, Max: 0, Diff: 0, Sum: 0, Workers: 4
[5167.605s][debug][gc,phases      ] GC(198)     Total                          Min: 0, Avg: 240.2, Max: 640, Diff: 640, Sum: 961, Workers: 4
[5167.605s][debug][gc,phases      ] GC(198)   ObjectSynchronizer Weak        Min: 0.00, Avg: 0.00, Max: 0.00, Diff: 0.00, Sum: 0.00, Workers: 4
[5167.605s][debug][gc,phases      ] GC(198)     Dead                           Min: 0, Avg:  0.0, Max: 0, Diff: 0, Sum: 0, Workers: 4
[5167.605s][debug][gc,phases      ] GC(198)     Total                          Min: 0, Avg:  1.5, Max: 6, Diff: 6, Sum: 6, Workers: 4
[5167.605s][debug][gc,phases      ] GC(198)   JVMTI Tag Weak OopStorage      Min: 0.00, Avg: 0.00, Max: 0.00, Diff: 0.00, Sum: 0.00, Workers: 4
[5167.605s][debug][gc,phases      ] GC(198)     Dead                           Min: 0, Avg:  0.0, Max: 0, Diff: 0, Sum: 0, Workers: 4
[5167.605s][debug][gc,phases      ] GC(198)     Total                          Min: 0, Avg:  0.0, Max: 0, Diff: 0, Sum: 0, Workers: 4
[5167.605s][debug][gc,phases      ] GC(198)   StringTable Weak               Min: 0.11, Avg: 0.12, Max: 0.12, Diff: 0.01, Sum: 0.47, Workers: 4
[5167.605s][debug][gc,phases      ] GC(198)     Dead                           Min: 0, Avg:  0.2, Max: 1, Diff: 1, Sum: 1, Workers: 4
[5167.605s][debug][gc,phases      ] GC(198)     Total                          Min: 12327, Avg: 12793.2, Max: 13439, Diff: 1112, Sum: 51173, Workers: 4
[5167.605s][debug][gc,phases      ] GC(198)   ResolvedMethodTable Weak       Min: 0.04, Avg: 0.04, Max: 0.04, Diff: 0.00, Sum: 0.16, Workers: 4
[5167.605s][debug][gc,phases      ] GC(198)     Dead                           Min: 0, Avg:  6.0, Max: 21, Diff: 21, Sum: 24, Workers: 4
[5167.605s][debug][gc,phases      ] GC(198)     Total                          Min: 4160, Avg: 4335.2, Max: 4416, Diff: 256, Sum: 17341, Workers: 4
[5167.605s][debug][gc,phases      ] GC(198)   JNI Weak                       Min: 0.00, Avg: 0.00, Max: 0.00, Diff: 0.00, Sum: 0.00, Workers: 4
[5167.605s][debug][gc,phases      ] GC(198)     Dead                           Min: 0, Avg:  0.0, Max: 0, Diff: 0, Sum: 0, Workers: 4
[5167.605s][debug][gc,phases      ] GC(198)     Total                          Min: 0, Avg: 13.0, Max: 48, Diff: 48, Sum: 52, Workers: 4
[5167.605s][debug][gc,phases      ] GC(198)   StringDedup Table Weak         Min: 0.00, Avg: 0.00, Max: 0.00, Diff: 0.00, Sum: 0.00, Workers: 4
[5167.605s][debug][gc,phases      ] GC(198)     Dead                           Min: 0, Avg:  0.0, Max: 0, Diff: 0, Sum: 0, Workers: 4
[5167.605s][debug][gc,phases      ] GC(198)     Total                          Min: 0, Avg:  0.0, Max: 0, Diff: 0, Sum: 0, Workers: 4
[5167.605s][debug][gc,phases      ] GC(198)   StringDedup Requests0 Weak     Min: 0.00, Avg: 0.00, Max: 0.00, Diff: 0.00, Sum: 0.00, Workers: 4
[5167.605s][debug][gc,phases      ] GC(198)     Dead                           Min: 0, Avg:  0.0, Max: 0, Diff: 0, Sum: 0, Workers: 4
[5167.605s][debug][gc,phases      ] GC(198)     Total                          Min: 0, Avg:  0.0, Max: 0, Diff: 0, Sum: 0, Workers: 4
[5167.605s][debug][gc,phases      ] GC(198)   StringDedup Requests1 Weak     Min: 0.00, Avg: 0.00, Max: 0.00, Diff: 0.00, Sum: 0.00, Workers: 4
[5167.605s][debug][gc,phases      ] GC(198)     Dead                           Min: 0, Avg:  0.0, Max: 0, Diff: 0, Sum: 0, Workers: 4
[5167.605s][debug][gc,phases      ] GC(198)     Total                          Min: 0, Avg:  0.0, Max: 0, Diff: 0, Sum: 0, Workers: 4
[5167.605s][debug][gc,phases      ] GC(198)   Weak JFR Old Object Samples    Min: 0.00, Avg: 0.00, Max: 0.00, Diff: 0.00, Sum: 0.00, Workers: 4
[5167.605s][debug][gc,phases      ] GC(198)     Dead                           Min: 0, Avg:  0.0, Max: 0, Diff: 0, Sum: 0, Workers: 4
[5167.605s][debug][gc,phases      ] GC(198)     Total                          Min: 0, Avg:  0.0, Max: 0, Diff: 0, Sum: 0, Workers: 4
[5167.605s][debug][gc,phases      ] GC(198) Weak Processing 0.345ms
[5167.605s][debug][gc,age         ] GC(198) Desired survivor size 46137344 bytes, new threshold 1 (max threshold 15)
[5167.605s][info ][gc,heap        ] GC(198) PSYoungGen: 2013072K(2051072K)->6624K(2049536K) Eden: 2003456K(2003456K)->0K(2003456K) From: 9616K(47616K)->6624K(46080K)
[5167.605s][info ][gc,heap        ] GC(198) ParOldGen: 1539093K(1539584K)->1545594K(1545728K)
[5167.605s][info ][gc,metaspace   ] GC(198) Metaspace: 112608K(113856K)->112608K(113856K) NonClass: 96256K(96960K)->96256K(96960K) Class: 16352K(16896K)->16352K(16896K)
[5167.605s][info ][gc             ] GC(198) Pause Young (Allocation Failure) 3468M->1515M(3511M) 11.698ms
[5167.605s][info ][gc,cpu         ] GC(198) User=0.03s Sys=0.00s Real=0.01s
[5167.605s][info ][safepoint      ] Safepoint "ParallelCollectForAllocation", Time since last: 15879166456 ns, Reaching safepoint: 85400 ns, At safepoint: 11765346 ns, Leaving safepoint: 19300 ns, Total: 11870046 ns, Threads: 2 runnable, 44 total
[5183.792s][info ][gc,start       ] GC(199) Pause Young (Allocation Failure)
[5183.801s][debug][gc,phases      ] GC(199) Scavenge 8.846ms
[5183.801s][debug][gc,ref         ] GC(199) ReferenceProcessor::execute queues: 1, RefProcThreadModel::Single, marks_oops_alive: false
[5183.801s][debug][gc,ref         ] GC(199) Skipped KeepAliveFinalRefsPhase of Reference Processing: no references
[5183.801s][debug][gc,ref         ] GC(199) Skipped PhantomRefsPhase of Reference Processing: no references
[5183.801s][debug][gc,phases      ] GC(199) Reference Processing 0.154ms
[5183.802s][debug][gc,phases      ] GC(199)   VM Weak                        Min: 0.00, Avg: 0.00, Max: 0.01, Diff: 0.01, Sum: 0.01, Workers: 4
[5183.802s][debug][gc,phases      ] GC(199)     Dead                           Min: 0, Avg:  0.0, Max: 0, Diff: 0, Sum: 0, Workers: 4
[5183.802s][debug][gc,phases      ] GC(199)     Total                          Min: 0, Avg: 240.5, Max: 834, Diff: 834, Sum: 962, Workers: 4
[5183.802s][debug][gc,phases      ] GC(199)   ObjectSynchronizer Weak        Min: 0.00, Avg: 0.00, Max: 0.00, Diff: 0.00, Sum: 0.00, Workers: 4
[5183.802s][debug][gc,phases      ] GC(199)     Dead                           Min: 0, Avg:  0.0, Max: 0, Diff: 0, Sum: 0, Workers: 4
[5183.802s][debug][gc,phases      ] GC(199)     Total                          Min: 0, Avg:  1.5, Max: 6, Diff: 6, Sum: 6, Workers: 4
[5183.802s][debug][gc,phases      ] GC(199)   JVMTI Tag Weak OopStorage      Min: 0.00, Avg: 0.00, Max: 0.00, Diff: 0.00, Sum: 0.00, Workers: 4
[5183.802s][debug][gc,phases      ] GC(199)     Dead                           Min: 0, Avg:  0.0, Max: 0, Diff: 0, Sum: 0, Workers: 4
[5183.802s][debug][gc,phases      ] GC(199)     Total                          Min: 0, Avg:  0.0, Max: 0, Diff: 0, Sum: 0, Workers: 4
[5183.802s][debug][gc,phases      ] GC(199)   StringTable Weak               Min: 0.00, Avg: 0.11, Max: 0.22, Diff: 0.22, Sum: 0.45, Workers: 4
[5183.802s][debug][gc,phases      ] GC(199)     Dead                           Min: 0, Avg:  0.8, Max: 2, Diff: 2, Sum: 3, Workers: 4
[5183.802s][debug][gc,phases      ] GC(199)     Total                          Min: 0, Avg: 12805.5, Max: 25751, Diff: 25751, Sum: 51222, Workers: 4
[5183.802s][debug][gc,phases      ] GC(199)   ResolvedMethodTable Weak       Min: 0.00, Avg: 0.04, Max: 0.07, Diff: 0.07, Sum: 0.14, Workers: 4
[5183.802s][debug][gc,phases      ] GC(199)     Dead                           Min: 0, Avg:  1.0, Max: 4, Diff: 4, Sum: 4, Workers: 4
[5183.802s][debug][gc,phases      ] GC(199)     Total                          Min: 0, Avg: 4340.5, Max: 9408, Diff: 9408, Sum: 17362, Workers: 4
[5183.802s][debug][gc,phases      ] GC(199)   JNI Weak                       Min: 0.00, Avg: 0.00, Max: 0.00, Diff: 0.00, Sum: 0.00, Workers: 4
[5183.802s][debug][gc,phases      ] GC(199)     Dead                           Min: 0, Avg:  0.0, Max: 0, Diff: 0, Sum: 0, Workers: 4
[5183.802s][debug][gc,phases      ] GC(199)     Total                          Min: 0, Avg: 13.0, Max: 48, Diff: 48, Sum: 52, Workers: 4
[5183.802s][debug][gc,phases      ] GC(199)   StringDedup Table Weak         Min: 0.00, Avg: 0.00, Max: 0.00, Diff: 0.00, Sum: 0.00, Workers: 4
[5183.802s][debug][gc,phases      ] GC(199)     Dead                           Min: 0, Avg:  0.0, Max: 0, Diff: 0, Sum: 0, Workers: 4
[5183.802s][debug][gc,phases      ] GC(199)     Total                          Min: 0, Avg:  0.0, Max: 0, Diff: 0, Sum: 0, Workers: 4
[5183.802s][debug][gc,phases      ] GC(199)   StringDedup Requests0 Weak     Min: 0.00, Avg: 0.00, Max: 0.00, Diff: 0.00, Sum: 0.00, Workers: 4
[5183.802s][debug][gc,phases      ] GC(199)     Dead                           Min: 0, Avg:  0.0, Max: 0, Diff: 0, Sum: 0, Workers: 4
[5183.802s][debug][gc,phases      ] GC(199)     Total                          Min: 0, Avg:  0.0, Max: 0, Diff: 0, Sum: 0, Workers: 4
[5183.802s][debug][gc,phases      ] GC(199)   StringDedup Requests1 Weak     Min: 0.00, Avg: 0.00, Max: 0.00, Diff: 0.00, Sum: 0.00, Workers: 4
[5183.802s][debug][gc,phases      ] GC(199)     Dead                           Min: 0, Avg:  0.0, Max: 0, Diff: 0, Sum: 0, Workers: 4
[5183.802s][debug][gc,phases      ] GC(199)     Total                          Min: 0, Avg:  0.0, Max: 0, Diff: 0, Sum: 0, Workers: 4
[5183.802s][debug][gc,phases      ] GC(199)   Weak JFR Old Object Samples    Min: 0.00, Avg: 0.00, Max: 0.00, Diff: 0.00, Sum: 0.00, Workers: 4
[5183.802s][debug][gc,phases      ] GC(199)     Dead                           Min: 0, Avg:  0.0, Max: 0, Diff: 0, Sum: 0, Workers: 4
[5183.802s][debug][gc,phases      ] GC(199)     Total                          Min: 0, Avg:  0.0, Max: 0, Diff: 0, Sum: 0, Workers: 4
[5183.802s][debug][gc,phases      ] GC(199) Weak Processing 0.565ms
[5183.802s][debug][gc,age         ] GC(199) Desired survivor size 45088768 bytes, new threshold 1 (max threshold 15)
[5183.802s][info ][gc,heap        ] GC(199) PSYoungGen: 2010080K(2049536K)->6288K(2053120K) Eden: 2003456K(2003456K)->0K(2008064K) From: 6624K(46080K)->6288K(45056K)
[5183.802s][info ][gc,heap        ] GC(199) ParOldGen: 1545594K(1545728K)->1548094K(1548288K)
[5183.802s][info ][gc,metaspace   ] GC(199) Metaspace: 112798K(114112K)->112798K(114112K) NonClass: 96422K(97152K)->96422K(97152K) Class: 16376K(16960K)->16376K(16960K)
[5183.802s][info ][gc             ] GC(199) Pause Young (Allocation Failure) 3472M->1517M(3517M) 9.707ms
[5183.802s][info ][gc,cpu         ] GC(199) User=0.03s Sys=0.00s Real=0.01s
[5183.802s][info ][safepoint      ] Safepoint "ParallelCollectForAllocation", Time since last: 16187494732 ns, Reaching safepoint: 82200 ns, At safepoint: 9808257 ns, Leaving safepoint: 13800 ns, Total: 9904257 ns, Threads: 1 runnable, 38 total
[5206.693s][info ][gc,start       ] GC(200) Pause Young (Allocation Failure)
[5206.701s][debug][gc,phases      ] GC(200) Scavenge 7.696ms
[5206.701s][debug][gc,ref         ] GC(200) ReferenceProcessor::execute queues: 1, RefProcThreadModel::Single, marks_oops_alive: false
[5206.701s][debug][gc,ref         ] GC(200) Skipped KeepAliveFinalRefsPhase of Reference Processing: no references
[5206.701s][debug][gc,ref         ] GC(200) Skipped PhantomRefsPhase of Reference Processing: no references
[5206.701s][debug][gc,phases      ] GC(200) Reference Processing 0.108ms
[5206.701s][debug][gc,phases      ] GC(200)   VM Weak                        Min: 0.00, Avg: 0.00, Max: 0.01, Diff: 0.00, Sum: 0.01, Workers: 4
[5206.701s][debug][gc,phases      ] GC(200)     Dead                           Min: 0, Avg:  0.0, Max: 0, Diff: 0, Sum: 0, Workers: 4
[5206.701s][debug][gc,phases      ] GC(200)     Total                          Min: 0, Avg: 240.5, Max: 512, Diff: 512, Sum: 962, Workers: 4
[5206.701s][debug][gc,phases      ] GC(200)   ObjectSynchronizer Weak        Min: 0.00, Avg: 0.00, Max: 0.00, Diff: 0.00, Sum: 0.00, Workers: 4
[5206.701s][debug][gc,phases      ] GC(200)     Dead                           Min: 0, Avg:  0.0, Max: 0, Diff: 0, Sum: 0, Workers: 4
[5206.701s][debug][gc,phases      ] GC(200)     Total                          Min: 0, Avg:  1.5, Max: 6, Diff: 6, Sum: 6, Workers: 4
[5206.701s][debug][gc,phases      ] GC(200)   JVMTI Tag Weak OopStorage      Min: 0.00, Avg: 0.00, Max: 0.00, Diff: 0.00, Sum: 0.00, Workers: 4
[5206.701s][debug][gc,phases      ] GC(200)     Dead                           Min: 0, Avg:  0.0, Max: 0, Diff: 0, Sum: 0, Workers: 4
[5206.701s][debug][gc,phases      ] GC(200)     Total                          Min: 0, Avg:  0.0, Max: 0, Diff: 0, Sum: 0, Workers: 4
[5206.701s][debug][gc,phases      ] GC(200)   StringTable Weak               Min: 0.00, Avg: 0.11, Max: 0.22, Diff: 0.22, Sum: 0.45, Workers: 4
[5206.701s][debug][gc,phases      ] GC(200)     Dead                           Min: 0, Avg:  0.0, Max: 0, Diff: 0, Sum: 0, Workers: 4
[5206.701s][debug][gc,phases      ] GC(200)     Total                          Min: 0, Avg: 12808.0, Max: 25825, Diff: 25825, Sum: 51232, Workers: 4
[5206.701s][debug][gc,phases      ] GC(200)   ResolvedMethodTable Weak       Min: 0.00, Avg: 0.05, Max: 0.09, Diff: 0.09, Sum: 0.18, Workers: 4
[5206.701s][debug][gc,phases      ] GC(200)     Dead                           Min: 0, Avg:  5.0, Max: 20, Diff: 20, Sum: 20, Workers: 4
[5206.701s][debug][gc,phases      ] GC(200)     Total                          Min: 0, Avg: 4342.0, Max: 8794, Diff: 8794, Sum: 17368, Workers: 4
[5206.701s][debug][gc,phases      ] GC(200)   JNI Weak                       Min: 0.00, Avg: 0.00, Max: 0.00, Diff: 0.00, Sum: 0.00, Workers: 4
[5206.701s][debug][gc,phases      ] GC(200)     Dead                           Min: 0, Avg:  0.0, Max: 0, Diff: 0, Sum: 0, Workers: 4
[5206.701s][debug][gc,phases      ] GC(200)     Total                          Min: 0, Avg: 13.0, Max: 52, Diff: 52, Sum: 52, Workers: 4
[5206.701s][debug][gc,phases      ] GC(200)   StringDedup Table Weak         Min: 0.00, Avg: 0.00, Max: 0.00, Diff: 0.00, Sum: 0.00, Workers: 4
[5206.701s][debug][gc,phases      ] GC(200)     Dead                           Min: 0, Avg:  0.0, Max: 0, Diff: 0, Sum: 0, Workers: 4
[5206.701s][debug][gc,phases      ] GC(200)     Total                          Min: 0, Avg:  0.0, Max: 0, Diff: 0, Sum: 0, Workers: 4
[5206.701s][debug][gc,phases      ] GC(200)   StringDedup Requests0 Weak     Min: 0.00, Avg: 0.00, Max: 0.00, Diff: 0.00, Sum: 0.00, Workers: 4
[5206.701s][debug][gc,phases      ] GC(200)     Dead                           Min: 0, Avg:  0.0, Max: 0, Diff: 0, Sum: 0, Workers: 4
[5206.701s][debug][gc,phases      ] GC(200)     Total                          Min: 0, Avg:  0.0, Max: 0, Diff: 0, Sum: 0, Workers: 4
[5206.701s][debug][gc,phases      ] GC(200)   StringDedup Requests1 Weak     Min: 0.00, Avg: 0.00, Max: 0.00, Diff: 0.00, Sum: 0.00, Workers: 4
[5206.701s][debug][gc,phases      ] GC(200)     Dead                           Min: 0, Avg:  0.0, Max: 0, Diff: 0, Sum: 0, Workers: 4
[5206.701s][debug][gc,phases      ] GC(200)     Total                          Min: 0, Avg:  0.0, Max: 0, Diff: 0, Sum: 0, Workers: 4
[5206.701s][debug][gc,phases      ] GC(200)   Weak JFR Old Object Samples    Min: 0.00, Avg: 0.00, Max: 0.00, Diff: 0.00, Sum: 0.00, Workers: 4
[5206.701s][debug][gc,phases      ] GC(200)     Dead                           Min: 0, Avg:  0.0, Max: 0, Diff: 0, Sum: 0, Workers: 4
[5206.701s][debug][gc,phases      ] GC(200)     Total                          Min: 0, Avg:  0.0, Max: 0, Diff: 0, Sum: 0, Workers: 4
[5206.701s][debug][gc,phases      ] GC(200) Weak Processing 0.534ms
[5206.701s][debug][gc,age         ] GC(200) Desired survivor size 44040192 bytes, new threshold 1 (max threshold 15)
[5206.702s][info ][gc,heap        ] GC(200) PSYoungGen: 2014352K(2053120K)->3360K(2052096K) Eden: 2008064K(2008064K)->0K(2008064K) From: 6288K(45056K)->3360K(44032K)
[5206.702s][info ][gc,heap        ] GC(200) ParOldGen: 1548094K(1548288K)->1551663K(1551872K)
[5206.702s][info ][gc,metaspace   ] GC(200) Metaspace: 112815K(114112K)->112815K(114112K) NonClass: 96437K(97152K)->96437K(97152K) Class: 16378K(16960K)->16378K(16960K)
[5206.702s][info ][gc             ] GC(200) Pause Young (Allocation Failure) 3478M->1518M(3519M) 8.462ms
[5206.702s][info ][gc,cpu         ] GC(200) User=0.02s Sys=0.00s Real=0.01s
[5206.702s][info ][safepoint      ] Safepoint "ParallelCollectForAllocation", Time since last: 22890898813 ns, Reaching safepoint: 29000 ns, At safepoint: 8525162 ns, Leaving safepoint: 3100 ns, Total: 8557262 ns, Threads: 0 runnable, 37 total
[5228.691s][info ][gc,start       ] GC(201) Pause Young (Allocation Failure)
[5228.696s][debug][gc,phases      ] GC(201) Scavenge 4.683ms
[5228.696s][debug][gc,ref         ] GC(201) ReferenceProcessor::execute queues: 1, RefProcThreadModel::Single, marks_oops_alive: false
[5228.696s][debug][gc,ref         ] GC(201) Skipped KeepAliveFinalRefsPhase of Reference Processing: no references
[5228.696s][debug][gc,ref         ] GC(201) Skipped PhantomRefsPhase of Reference Processing: no references
[5228.696s][debug][gc,phases      ] GC(201) Reference Processing 0.119ms
[5228.696s][debug][gc,phases      ] GC(201)   VM Weak                        Min: 0.00, Avg: 0.00, Max: 0.01, Diff: 0.01, Sum: 0.01, Workers: 4
[5228.696s][debug][gc,phases      ] GC(201)     Dead                           Min: 0, Avg:  0.0, Max: 0, Diff: 0, Sum: 0, Workers: 4
[5228.696s][debug][gc,phases      ] GC(201)     Total                          Min: 0, Avg: 240.5, Max: 770, Diff: 770, Sum: 962, Workers: 4
[5228.696s][debug][gc,phases      ] GC(201)   ObjectSynchronizer Weak        Min: 0.00, Avg: 0.00, Max: 0.00, Diff: 0.00, Sum: 0.00, Workers: 4
[5228.696s][debug][gc,phases      ] GC(201)     Dead                           Min: 0, Avg:  0.0, Max: 0, Diff: 0, Sum: 0, Workers: 4
[5228.696s][debug][gc,phases      ] GC(201)     Total                          Min: 0, Avg:  1.2, Max: 5, Diff: 5, Sum: 5, Workers: 4
[5228.696s][debug][gc,phases      ] GC(201)   JVMTI Tag Weak OopStorage      Min: 0.00, Avg: 0.00, Max: 0.00, Diff: 0.00, Sum: 0.00, Workers: 4
[5228.696s][debug][gc,phases      ] GC(201)     Dead                           Min: 0, Avg:  0.0, Max: 0, Diff: 0, Sum: 0, Workers: 4
[5228.696s][debug][gc,phases      ] GC(201)     Total                          Min: 0, Avg:  0.0, Max: 0, Diff: 0, Sum: 0, Workers: 4
[5228.696s][debug][gc,phases      ] GC(201)   StringTable Weak               Min: 0.00, Avg: 0.11, Max: 0.15, Diff: 0.15, Sum: 0.45, Workers: 4
[5228.696s][debug][gc,phases      ] GC(201)     Dead                           Min: 0, Avg:  0.0, Max: 0, Diff: 0, Sum: 0, Workers: 4
[5228.696s][debug][gc,phases      ] GC(201)     Total                          Min: 0, Avg: 12808.5, Max: 17279, Diff: 17279, Sum: 51234, Workers: 4
[5228.696s][debug][gc,phases      ] GC(201)   ResolvedMethodTable Weak       Min: 0.00, Avg: 0.04, Max: 0.05, Diff: 0.05, Sum: 0.15, Workers: 4
[5228.696s][debug][gc,phases      ] GC(201)     Dead                           Min: 0, Avg:  5.0, Max: 20, Diff: 20, Sum: 20, Workers: 4
[5228.696s][debug][gc,phases      ] GC(201)     Total                          Min: 0, Avg: 4343.0, Max: 5936, Diff: 5936, Sum: 17372, Workers: 4
[5228.696s][debug][gc,phases      ] GC(201)   JNI Weak                       Min: 0.00, Avg: 0.00, Max: 0.00, Diff: 0.00, Sum: 0.00, Workers: 4
[5228.696s][debug][gc,phases      ] GC(201)     Dead                           Min: 0, Avg:  0.0, Max: 0, Diff: 0, Sum: 0, Workers: 4
[5228.696s][debug][gc,phases      ] GC(201)     Total                          Min: 0, Avg: 13.0, Max: 48, Diff: 48, Sum: 52, Workers: 4
[5228.696s][debug][gc,phases      ] GC(201)   StringDedup Table Weak         Min: 0.00, Avg: 0.00, Max: 0.00, Diff: 0.00, Sum: 0.00, Workers: 4
[5228.696s][debug][gc,phases      ] GC(201)     Dead                           Min: 0, Avg:  0.0, Max: 0, Diff: 0, Sum: 0, Workers: 4
[5228.696s][debug][gc,phases      ] GC(201)     Total                          Min: 0, Avg:  0.0, Max: 0, Diff: 0, Sum: 0, Workers: 4
[5228.696s][debug][gc,phases      ] GC(201)   StringDedup Requests0 Weak     Min: 0.00, Avg: 0.00, Max: 0.00, Diff: 0.00, Sum: 0.00, Workers: 4
[5228.696s][debug][gc,phases      ] GC(201)     Dead                           Min: 0, Avg:  0.0, Max: 0, Diff: 0, Sum: 0, Workers: 4
[5228.696s][debug][gc,phases      ] GC(201)     Total                          Min: 0, Avg:  0.0, Max: 0, Diff: 0, Sum: 0, Workers: 4
[5228.696s][debug][gc,phases      ] GC(201)   StringDedup Requests1 Weak     Min: 0.00, Avg: 0.00, Max: 0.00, Diff: 0.00, Sum: 0.00, Workers: 4
[5228.696s][debug][gc,phases      ] GC(201)     Dead                           Min: 0, Avg:  0.0, Max: 0, Diff: 0, Sum: 0, Workers: 4
[5228.696s][debug][gc,phases      ] GC(201)     Total                          Min: 0, Avg:  0.0, Max: 0, Diff: 0, Sum: 0, Workers: 4
[5228.696s][debug][gc,phases      ] GC(201)   Weak JFR Old Object Samples    Min: 0.00, Avg: 0.00, Max: 0.00, Diff: 0.00, Sum: 0.00, Workers: 4
[5228.696s][debug][gc,phases      ] GC(201)     Dead                           Min: 0, Avg:  0.0, Max: 0, Diff: 0, Sum: 0, Workers: 4
[5228.696s][debug][gc,phases      ] GC(201)     Total                          Min: 0, Avg:  0.0, Max: 0, Diff: 0, Sum: 0, Workers: 4
[5228.696s][debug][gc,phases      ] GC(201) Weak Processing 0.458ms
[5228.696s][debug][gc,age         ] GC(201) Desired survivor size 42991616 bytes, new threshold 1 (max threshold 15)
[5228.696s][info ][gc,heap        ] GC(201) PSYoungGen: 2011424K(2052096K)->3536K(2055168K) Eden: 2008064K(2008064K)->0K(2012160K) From: 3360K(44032K)->3536K(43008K)
[5228.696s][info ][gc,heap        ] GC(201) ParOldGen: 1551663K(1551872K)->1552383K(1552384K)
[5228.696s][info ][gc,metaspace   ] GC(201) Metaspace: 112819K(114112K)->112819K(114112K) NonClass: 96440K(97152K)->96440K(97152K) Class: 16379K(16960K)->16379K(16960K)
[5228.696s][info ][gc             ] GC(201) Pause Young (Allocation Failure) 3479M->1519M(3523M) 5.385ms
[5228.696s][info ][gc,cpu         ] GC(201) User=0.01s Sys=0.00s Real=0.00s
[5228.696s][info ][safepoint      ] Safepoint "ParallelCollectForAllocation", Time since last: 21989334539 ns, Reaching safepoint: 78000 ns, At safepoint: 5455676 ns, Leaving safepoint: 12100 ns, Total: 5545776 ns, Threads: 2 runnable, 36 total
[5249.648s][info ][gc,start       ] GC(202) Pause Young (Allocation Failure)
[5249.661s][debug][gc,phases      ] GC(202) Scavenge 13.058ms
[5249.661s][debug][gc,ref         ] GC(202) ReferenceProcessor::execute queues: 1, RefProcThreadModel::Single, marks_oops_alive: false
[5249.661s][debug][gc,ref         ] GC(202) Skipped KeepAliveFinalRefsPhase of Reference Processing: no references
[5249.661s][debug][gc,ref         ] GC(202) Skipped PhantomRefsPhase of Reference Processing: no references
[5249.661s][debug][gc,phases      ] GC(202) Reference Processing 0.120ms
[5249.662s][debug][gc,phases      ] GC(202)   VM Weak                        Min: 0.00, Avg: 0.00, Max: 0.01, Diff: 0.01, Sum: 0.01, Workers: 4
[5249.662s][debug][gc,phases      ] GC(202)     Dead                           Min: 0, Avg:  0.0, Max: 0, Diff: 0, Sum: 0, Workers: 4
[5249.662s][debug][gc,phases      ] GC(202)     Total                          Min: 0, Avg: 240.5, Max: 962, Diff: 962, Sum: 962, Workers: 4
[5249.662s][debug][gc,phases      ] GC(202)   ObjectSynchronizer Weak        Min: 0.00, Avg: 0.00, Max: 0.00, Diff: 0.00, Sum: 0.00, Workers: 4
[5249.662s][debug][gc,phases      ] GC(202)     Dead                           Min: 0, Avg:  0.0, Max: 0, Diff: 0, Sum: 0, Workers: 4
[5249.662s][debug][gc,phases      ] GC(202)     Total                          Min: 0, Avg:  1.5, Max: 6, Diff: 6, Sum: 6, Workers: 4
[5249.662s][debug][gc,phases      ] GC(202)   JVMTI Tag Weak OopStorage      Min: 0.00, Avg: 0.00, Max: 0.00, Diff: 0.00, Sum: 0.00, Workers: 4
[5249.662s][debug][gc,phases      ] GC(202)     Dead                           Min: 0, Avg:  0.0, Max: 0, Diff: 0, Sum: 0, Workers: 4
[5249.662s][debug][gc,phases      ] GC(202)     Total                          Min: 0, Avg:  0.0, Max: 0, Diff: 0, Sum: 0, Workers: 4
[5249.662s][debug][gc,phases      ] GC(202)   StringTable Weak               Min: 0.00, Avg: 0.10, Max: 0.40, Diff: 0.40, Sum: 0.40, Workers: 4
[5249.662s][debug][gc,phases      ] GC(202)     Dead                           Min: 0, Avg:  0.0, Max: 0, Diff: 0, Sum: 0, Workers: 4
[5249.662s][debug][gc,phases      ] GC(202)     Total                          Min: 0, Avg: 12808.5, Max: 51234, Diff: 51234, Sum: 51234, Workers: 4
[5249.662s][debug][gc,phases      ] GC(202)   ResolvedMethodTable Weak       Min: 0.00, Avg: 0.03, Max: 0.13, Diff: 0.13, Sum: 0.13, Workers: 4
[5249.662s][debug][gc,phases      ] GC(202)     Dead                           Min: 0, Avg:  5.0, Max: 20, Diff: 20, Sum: 20, Workers: 4
[5249.662s][debug][gc,phases      ] GC(202)     Total                          Min: 0, Avg: 4343.0, Max: 17372, Diff: 17372, Sum: 17372, Workers: 4
[5249.662s][debug][gc,phases      ] GC(202)   JNI Weak                       Min: 0.00, Avg: 0.00, Max: 0.00, Diff: 0.00, Sum: 0.00, Workers: 4
[5249.662s][debug][gc,phases      ] GC(202)     Dead                           Min: 0, Avg:  0.0, Max: 0, Diff: 0, Sum: 0, Workers: 4
[5249.662s][debug][gc,phases      ] GC(202)     Total                          Min: 0, Avg: 13.0, Max: 52, Diff: 52, Sum: 52, Workers: 4
[5249.662s][debug][gc,phases      ] GC(202)   StringDedup Table Weak         Min: 0.00, Avg: 0.00, Max: 0.00, Diff: 0.00, Sum: 0.00, Workers: 4
[5249.662s][debug][gc,phases      ] GC(202)     Dead                           Min: 0, Avg:  0.0, Max: 0, Diff: 0, Sum: 0, Workers: 4
[5249.662s][debug][gc,phases      ] GC(202)     Total                          Min: 0, Avg:  0.0, Max: 0, Diff: 0, Sum: 0, Workers: 4
[5249.662s][debug][gc,phases      ] GC(202)   StringDedup Requests0 Weak     Min: 0.00, Avg: 0.00, Max: 0.00, Diff: 0.00, Sum: 0.00, Workers: 4
[5249.662s][debug][gc,phases      ] GC(202)     Dead                           Min: 0, Avg:  0.0, Max: 0, Diff: 0, Sum: 0, Workers: 4
[5249.662s][debug][gc,phases      ] GC(202)     Total                          Min: 0, Avg:  0.0, Max: 0, Diff: 0, Sum: 0, Workers: 4
[5249.662s][debug][gc,phases      ] GC(202)   StringDedup Requests1 Weak     Min: 0.00, Avg: 0.00, Max: 0.00, Diff: 0.00, Sum: 0.00, Workers: 4
[5249.662s][debug][gc,phases      ] GC(202)     Dead                           Min: 0, Avg:  0.0, Max: 0, Diff: 0, Sum: 0, Workers: 4
[5249.662s][debug][gc,phases      ] GC(202)     Total                          Min: 0, Avg:  0.0, Max: 0, Diff: 0, Sum: 0, Workers: 4
[5249.662s][debug][gc,phases      ] GC(202)   Weak JFR Old Object Samples    Min: 0.00, Avg: 0.00, Max: 0.00, Diff: 0.00, Sum: 0.00, Workers: 4
[5249.662s][debug][gc,phases      ] GC(202)     Dead                           Min: 0, Avg:  0.0, Max: 0, Diff: 0, Sum: 0, Workers: 4
[5249.662s][debug][gc,phases      ] GC(202)     Total                          Min: 0, Avg:  0.0, Max: 0, Diff: 0, Sum: 0, Workers: 4
[5249.662s][debug][gc,phases      ] GC(202) Weak Processing 0.776ms
[5249.662s][debug][gc,age         ] GC(202) Desired survivor size 41418752 bytes, new threshold 1 (max threshold 15)
[5249.662s][info ][gc,heap        ] GC(202) PSYoungGen: 2015696K(2055168K)->4080K(2054144K) Eden: 2012160K(2012160K)->0K(2012160K) From: 3536K(43008K)->4080K(41984K)
[5249.662s][info ][gc,heap        ] GC(202) ParOldGen: 1552383K(1552384K)->1552991K(1553408K)
[5249.662s][info ][gc,metaspace   ] GC(202) Metaspace: 112821K(114112K)->112821K(114112K) NonClass: 96441K(97152K)->96441K(97152K) Class: 16379K(16960K)->16379K(16960K)
[5249.662s][info ][gc             ] GC(202) Pause Young (Allocation Failure) 3484M->1520M(3523M) 14.088ms
[5249.662s][info ][gc,cpu         ] GC(202) User=0.02s Sys=0.00s Real=0.02s
[5249.662s][info ][safepoint      ] Safepoint "ParallelCollectForAllocation", Time since last: 20951165526 ns, Reaching safepoint: 7400 ns, At safepoint: 14164735 ns, Leaving safepoint: 92999 ns, Total: 14265134 ns, Threads: 0 runnable, 35 total
[5268.995s][info ][gc,start       ] GC(203) Pause Young (Allocation Failure)
[5269.007s][debug][gc,phases      ] GC(203) Scavenge 12.242ms
[5269.007s][debug][gc,ref         ] GC(203) ReferenceProcessor::execute queues: 1, RefProcThreadModel::Single, marks_oops_alive: false
[5269.007s][debug][gc,ref         ] GC(203) Skipped KeepAliveFinalRefsPhase of Reference Processing: no references
[5269.008s][debug][gc,ref         ] GC(203) Skipped PhantomRefsPhase of Reference Processing: no references
[5269.008s][debug][gc,phases      ] GC(203) Reference Processing 0.116ms
[5269.008s][debug][gc,phases      ] GC(203)   VM Weak                        Min: 0.00, Avg: 0.00, Max: 0.01, Diff: 0.01, Sum: 0.01, Workers: 4
[5269.008s][debug][gc,phases      ] GC(203)     Dead                           Min: 0, Avg:  0.0, Max: 0, Diff: 0, Sum: 0, Workers: 4
[5269.008s][debug][gc,phases      ] GC(203)     Total                          Min: 0, Avg: 240.5, Max: 706, Diff: 706, Sum: 962, Workers: 4
[5269.008s][debug][gc,phases      ] GC(203)   ObjectSynchronizer Weak        Min: 0.00, Avg: 0.00, Max: 0.00, Diff: 0.00, Sum: 0.00, Workers: 4
[5269.008s][debug][gc,phases      ] GC(203)     Dead                           Min: 0, Avg:  0.0, Max: 0, Diff: 0, Sum: 0, Workers: 4
[5269.008s][debug][gc,phases      ] GC(203)     Total                          Min: 0, Avg:  1.5, Max: 6, Diff: 6, Sum: 6, Workers: 4
[5269.008s][debug][gc,phases      ] GC(203)   JVMTI Tag Weak OopStorage      Min: 0.00, Avg: 0.00, Max: 0.00, Diff: 0.00, Sum: 0.00, Workers: 4
[5269.008s][debug][gc,phases      ] GC(203)     Dead                           Min: 0, Avg:  0.0, Max: 0, Diff: 0, Sum: 0, Workers: 4
[5269.008s][debug][gc,phases      ] GC(203)     Total                          Min: 0, Avg:  0.0, Max: 0, Diff: 0, Sum: 0, Workers: 4
[5269.008s][debug][gc,phases      ] GC(203)   StringTable Weak               Min: 0.00, Avg: 0.11, Max: 0.22, Diff: 0.22, Sum: 0.45, Workers: 4
[5269.008s][debug][gc,phases      ] GC(203)     Dead                           Min: 0, Avg:  0.0, Max: 0, Diff: 0, Sum: 0, Workers: 4
[5269.008s][debug][gc,phases      ] GC(203)     Total                          Min: 0, Avg: 12809.5, Max: 25855, Diff: 25855, Sum: 51238, Workers: 4
[5269.008s][debug][gc,phases      ] GC(203)   ResolvedMethodTable Weak       Min: 0.00, Avg: 0.04, Max: 0.08, Diff: 0.08, Sum: 0.15, Workers: 4
[5269.008s][debug][gc,phases      ] GC(203)     Dead                           Min: 0, Avg:  5.0, Max: 20, Diff: 20, Sum: 20, Workers: 4
[5269.008s][debug][gc,phases      ] GC(203)     Total                          Min: 0, Avg: 4343.0, Max: 8750, Diff: 8750, Sum: 17372, Workers: 4
[5269.008s][debug][gc,phases      ] GC(203)   JNI Weak                       Min: 0.00, Avg: 0.00, Max: 0.00, Diff: 0.00, Sum: 0.00, Workers: 4
[5269.008s][debug][gc,phases      ] GC(203)     Dead                           Min: 0, Avg:  0.0, Max: 0, Diff: 0, Sum: 0, Workers: 4
[5269.008s][debug][gc,phases      ] GC(203)     Total                          Min: 0, Avg: 13.0, Max: 48, Diff: 48, Sum: 52, Workers: 4
[5269.008s][debug][gc,phases      ] GC(203)   StringDedup Table Weak         Min: 0.00, Avg: 0.00, Max: 0.00, Diff: 0.00, Sum: 0.00, Workers: 4
[5269.008s][debug][gc,phases      ] GC(203)     Dead                           Min: 0, Avg:  0.0, Max: 0, Diff: 0, Sum: 0, Workers: 4
[5269.008s][debug][gc,phases      ] GC(203)     Total                          Min: 0, Avg:  0.0, Max: 0, Diff: 0, Sum: 0, Workers: 4
[5269.008s][debug][gc,phases      ] GC(203)   StringDedup Requests0 Weak     Min: 0.00, Avg: 0.00, Max: 0.00, Diff: 0.00, Sum: 0.00, Workers: 4
[5269.008s][debug][gc,phases      ] GC(203)     Dead                           Min: 0, Avg:  0.0, Max: 0, Diff: 0, Sum: 0, Workers: 4
[5269.008s][debug][gc,phases      ] GC(203)     Total                          Min: 0, Avg:  0.0, Max: 0, Diff: 0, Sum: 0, Workers: 4
[5269.008s][debug][gc,phases      ] GC(203)   StringDedup Requests1 Weak     Min: 0.00, Avg: 0.00, Max: 0.00, Diff: 0.00, Sum: 0.00, Workers: 4
[5269.008s][debug][gc,phases      ] GC(203)     Dead                           Min: 0, Avg:  0.0, Max: 0, Diff: 0, Sum: 0, Workers: 4
[5269.008s][debug][gc,phases      ] GC(203)     Total                          Min: 0, Avg:  0.0, Max: 0, Diff: 0, Sum: 0, Workers: 4
[5269.008s][debug][gc,phases      ] GC(203)   Weak JFR Old Object Samples    Min: 0.00, Avg: 0.00, Max: 0.00, Diff: 0.00, Sum: 0.00, Workers: 4
[5269.008s][debug][gc,phases      ] GC(203)     Dead                           Min: 0, Avg:  0.0, Max: 0, Diff: 0, Sum: 0, Workers: 4
[5269.008s][debug][gc,phases      ] GC(203)     Total                          Min: 0, Avg:  0.0, Max: 0, Diff: 0, Sum: 0, Workers: 4
[5269.008s][debug][gc,phases      ] GC(203) Weak Processing 0.793ms
[5269.008s][debug][gc,age         ] GC(203) Desired survivor size 40370176 bytes, new threshold 1 (max threshold 15)
[5269.008s][info ][gc,heap        ] GC(203) PSYoungGen: 2016240K(2054144K)->4064K(2057728K) Eden: 2012160K(2012160K)->0K(2017280K) From: 4080K(41984K)->4064K(40448K)
[5269.008s][info ][gc,heap        ] GC(203) ParOldGen: 1552991K(1553408K)->1553680K(1553920K)
[5269.008s][info ][gc,metaspace   ] GC(203) Metaspace: 112822K(114112K)->112822K(114112K) NonClass: 96442K(97152K)->96442K(97152K) Class: 16379K(16960K)->16379K(16960K)
[5269.008s][info ][gc             ] GC(203) Pause Young (Allocation Failure) 3485M->1521M(3527M) 13.279ms
[5269.008s][info ][gc,cpu         ] GC(203) User=0.01s Sys=0.00s Real=0.02s
[5269.008s][info ][safepoint      ] Safepoint "ParallelCollectForAllocation", Time since last: 19333079827 ns, Reaching safepoint: 98300 ns, At safepoint: 13361141 ns, Leaving safepoint: 75599 ns, Total: 13535040 ns, Threads: 1 runnable, 37 total
[5288.580s][info ][gc,start       ] GC(204) Pause Young (Allocation Failure)
[5288.595s][debug][gc,phases      ] GC(204) Scavenge 15.220ms
[5288.596s][debug][gc,ref         ] GC(204) ReferenceProcessor::execute queues: 1, RefProcThreadModel::Single, marks_oops_alive: false
[5288.596s][debug][gc,ref         ] GC(204) Skipped KeepAliveFinalRefsPhase of Reference Processing: no references
[5288.596s][debug][gc,ref         ] GC(204) Skipped PhantomRefsPhase of Reference Processing: no references
[5288.596s][debug][gc,phases      ] GC(204) Reference Processing 0.277ms
[5288.596s][debug][gc,phases      ] GC(204)   VM Weak                        Min: 0.00, Avg: 0.00, Max: 0.01, Diff: 0.01, Sum: 0.01, Workers: 4
[5288.596s][debug][gc,phases      ] GC(204)     Dead                           Min: 0, Avg:  0.0, Max: 0, Diff: 0, Sum: 0, Workers: 4
[5288.596s][debug][gc,phases      ] GC(204)     Total                          Min: 0, Avg: 240.5, Max: 576, Diff: 576, Sum: 962, Workers: 4
[5288.596s][debug][gc,phases      ] GC(204)   ObjectSynchronizer Weak        Min: 0.00, Avg: 0.00, Max: 0.00, Diff: 0.00, Sum: 0.00, Workers: 4
[5288.596s][debug][gc,phases      ] GC(204)     Dead                           Min: 0, Avg:  0.0, Max: 0, Diff: 0, Sum: 0, Workers: 4
[5288.596s][debug][gc,phases      ] GC(204)     Total                          Min: 0, Avg:  1.5, Max: 6, Diff: 6, Sum: 6, Workers: 4
[5288.596s][debug][gc,phases      ] GC(204)   JVMTI Tag Weak OopStorage      Min: 0.00, Avg: 0.00, Max: 0.00, Diff: 0.00, Sum: 0.00, Workers: 4
[5288.596s][debug][gc,phases      ] GC(204)     Dead                           Min: 0, Avg:  0.0, Max: 0, Diff: 0, Sum: 0, Workers: 4
[5288.596s][debug][gc,phases      ] GC(204)     Total                          Min: 0, Avg:  0.0, Max: 0, Diff: 0, Sum: 0, Workers: 4
[5288.596s][debug][gc,phases      ] GC(204)   StringTable Weak               Min: 0.00, Avg: 0.15, Max: 0.31, Diff: 0.31, Sum: 0.61, Workers: 4
[5288.596s][debug][gc,phases      ] GC(204)     Dead                           Min: 0, Avg:  0.0, Max: 0, Diff: 0, Sum: 0, Workers: 4
[5288.596s][debug][gc,phases      ] GC(204)     Total                          Min: 0, Avg: 12810.5, Max: 27264, Diff: 27264, Sum: 51242, Workers: 4
[5288.596s][debug][gc,phases      ] GC(204)   ResolvedMethodTable Weak       Min: 0.00, Avg: 0.06, Max: 0.12, Diff: 0.12, Sum: 0.24, Workers: 4
[5288.596s][debug][gc,phases      ] GC(204)     Dead                           Min: 0, Avg:  0.2, Max: 1, Diff: 1, Sum: 1, Workers: 4
[5288.597s][debug][gc,phases      ] GC(204)     Total                          Min: 0, Avg: 4344.5, Max: 9260, Diff: 9260, Sum: 17378, Workers: 4
[5288.597s][debug][gc,phases      ] GC(204)   JNI Weak                       Min: 0.00, Avg: 0.00, Max: 0.01, Diff: 0.01, Sum: 0.02, Workers: 4
[5288.597s][debug][gc,phases      ] GC(204)     Dead                           Min: 0, Avg:  0.0, Max: 0, Diff: 0, Sum: 0, Workers: 4
[5288.597s][debug][gc,phases      ] GC(204)     Total                          Min: 0, Avg: 13.0, Max: 52, Diff: 52, Sum: 52, Workers: 4
[5288.597s][debug][gc,phases      ] GC(204)   StringDedup Table Weak         Min: 0.00, Avg: 0.00, Max: 0.00, Diff: 0.00, Sum: 0.00, Workers: 4
[5288.597s][debug][gc,phases      ] GC(204)     Dead                           Min: 0, Avg:  0.0, Max: 0, Diff: 0, Sum: 0, Workers: 4
[5288.597s][debug][gc,phases      ] GC(204)     Total                          Min: 0, Avg:  0.0, Max: 0, Diff: 0, Sum: 0, Workers: 4
[5288.597s][debug][gc,phases      ] GC(204)   StringDedup Requests0 Weak     Min: 0.00, Avg: 0.00, Max: 0.00, Diff: 0.00, Sum: 0.00, Workers: 4
[5288.597s][debug][gc,phases      ] GC(204)     Dead                           Min: 0, Avg:  0.0, Max: 0, Diff: 0, Sum: 0, Workers: 4
[5288.597s][debug][gc,phases      ] GC(204)     Total                          Min: 0, Avg:  0.0, Max: 0, Diff: 0, Sum: 0, Workers: 4
[5288.597s][debug][gc,phases      ] GC(204)   StringDedup Requests1 Weak     Min: 0.00, Avg: 0.00, Max: 0.00, Diff: 0.00, Sum: 0.00, Workers: 4
[5288.597s][debug][gc,phases      ] GC(204)     Dead                           Min: 0, Avg:  0.0, Max: 0, Diff: 0, Sum: 0, Workers: 4
[5288.597s][debug][gc,phases      ] GC(204)     Total                          Min: 0, Avg:  0.0, Max: 0, Diff: 0, Sum: 0, Workers: 4
[5288.597s][debug][gc,phases      ] GC(204)   Weak JFR Old Object Samples    Min: 0.00, Avg: 0.00, Max: 0.00, Diff: 0.00, Sum: 0.00, Workers: 4
[5288.597s][debug][gc,phases      ] GC(204)     Dead                           Min: 0, Avg:  0.0, Max: 0, Diff: 0, Sum: 0, Workers: 4
[5288.597s][debug][gc,phases      ] GC(204)     Total                          Min: 0, Avg:  0.0, Max: 0, Diff: 0, Sum: 0, Workers: 4
[5288.597s][debug][gc,phases      ] GC(204) Weak Processing 0.885ms
[5288.597s][debug][gc,age         ] GC(204) Desired survivor size 38273024 bytes, new threshold 1 (max threshold 15)
[5288.597s][info ][gc,heap        ] GC(204) PSYoungGen: 2021344K(2057728K)->4595K(2056704K) Eden: 2017280K(2017280K)->0K(2017280K) From: 4064K(40448K)->4595K(39424K)
[5288.597s][info ][gc,heap        ] GC(204) ParOldGen: 1553680K(1553920K)->1554576K(1554944K)
[5288.597s][info ][gc,metaspace   ] GC(204) Metaspace: 112829K(114112K)->112829K(114112K) NonClass: 96448K(97152K)->96448K(97152K) Class: 16381K(16960K)->16381K(16960K)
[5288.597s][info ][gc             ] GC(204) Pause Young (Allocation Failure) 3491M->1522M(3527M) 16.591ms
[5288.597s][info ][gc,cpu         ] GC(204) User=0.02s Sys=0.01s Real=0.01s
[5288.597s][info ][safepoint      ] Safepoint "ParallelCollectForAllocation", Time since last: 19571551414 ns, Reaching safepoint: 8399 ns, At safepoint: 16796823 ns, Leaving safepoint: 51099 ns, Total: 16856321 ns, Threads: 0 runnable, 37 total
[5308.345s][info ][gc,start       ] GC(205) Pause Young (Allocation Failure)
[5308.354s][debug][gc,phases      ] GC(205) Scavenge 8.990ms
[5308.354s][debug][gc,ref         ] GC(205) ReferenceProcessor::execute queues: 1, RefProcThreadModel::Single, marks_oops_alive: false
[5308.354s][debug][gc,ref         ] GC(205) Skipped KeepAliveFinalRefsPhase of Reference Processing: no references
[5308.354s][debug][gc,ref         ] GC(205) Skipped PhantomRefsPhase of Reference Processing: no references
[5308.354s][debug][gc,phases      ] GC(205) Reference Processing 0.098ms
[5308.355s][debug][gc,phases      ] GC(205)   VM Weak                        Min: 0.00, Avg: 0.00, Max: 0.01, Diff: 0.01, Sum: 0.01, Workers: 4
[5308.355s][debug][gc,phases      ] GC(205)     Dead                           Min: 0, Avg:  0.0, Max: 0, Diff: 0, Sum: 0, Workers: 4
[5308.355s][debug][gc,phases      ] GC(205)     Total                          Min: 0, Avg: 240.5, Max: 770, Diff: 770, Sum: 962, Workers: 4
[5308.355s][debug][gc,phases      ] GC(205)   ObjectSynchronizer Weak        Min: 0.00, Avg: 0.00, Max: 0.00, Diff: 0.00, Sum: 0.00, Workers: 4
[5308.355s][debug][gc,phases      ] GC(205)     Dead                           Min: 0, Avg:  0.0, Max: 0, Diff: 0, Sum: 0, Workers: 4
[5308.355s][debug][gc,phases      ] GC(205)     Total                          Min: 0, Avg:  1.5, Max: 6, Diff: 6, Sum: 6, Workers: 4
[5308.355s][debug][gc,phases      ] GC(205)   JVMTI Tag Weak OopStorage      Min: 0.00, Avg: 0.00, Max: 0.00, Diff: 0.00, Sum: 0.00, Workers: 4
[5308.355s][debug][gc,phases      ] GC(205)     Dead                           Min: 0, Avg:  0.0, Max: 0, Diff: 0, Sum: 0, Workers: 4
[5308.355s][debug][gc,phases      ] GC(205)     Total                          Min: 0, Avg:  0.0, Max: 0, Diff: 0, Sum: 0, Workers: 4
[5308.355s][debug][gc,phases      ] GC(205)   StringTable Weak               Min: 0.00, Avg: 0.10, Max: 0.14, Diff: 0.14, Sum: 0.40, Workers: 4
[5308.355s][debug][gc,phases      ] GC(205)     Dead                           Min: 0, Avg:  0.0, Max: 0, Diff: 0, Sum: 0, Workers: 4
[5308.355s][debug][gc,phases      ] GC(205)     Total                          Min: 0, Avg: 12810.5, Max: 21568, Diff: 21568, Sum: 51242, Workers: 4
[5308.355s][debug][gc,phases      ] GC(205)   ResolvedMethodTable Weak       Min: 0.00, Avg: 0.03, Max: 0.05, Diff: 0.05, Sum: 0.14, Workers: 4
[5308.355s][debug][gc,phases      ] GC(205)     Dead                           Min: 0, Avg:  5.0, Max: 20, Diff: 20, Sum: 20, Workers: 4
[5308.355s][debug][gc,phases      ] GC(205)     Total                          Min: 0, Avg: 4344.5, Max: 7460, Diff: 7460, Sum: 17378, Workers: 4
[5308.355s][debug][gc,phases      ] GC(205)   JNI Weak                       Min: 0.00, Avg: 0.00, Max: 0.00, Diff: 0.00, Sum: 0.00, Workers: 4
[5308.355s][debug][gc,phases      ] GC(205)     Dead                           Min: 0, Avg:  0.0, Max: 0, Diff: 0, Sum: 0, Workers: 4
[5308.355s][debug][gc,phases      ] GC(205)     Total                          Min: 0, Avg: 13.0, Max: 48, Diff: 48, Sum: 52, Workers: 4
[5308.355s][debug][gc,phases      ] GC(205)   StringDedup Table Weak         Min: 0.00, Avg: 0.00, Max: 0.00, Diff: 0.00, Sum: 0.00, Workers: 4
[5308.355s][debug][gc,phases      ] GC(205)     Dead                           Min: 0, Avg:  0.0, Max: 0, Diff: 0, Sum: 0, Workers: 4
[5308.355s][debug][gc,phases      ] GC(205)     Total                          Min: 0, Avg:  0.0, Max: 0, Diff: 0, Sum: 0, Workers: 4
[5308.355s][debug][gc,phases      ] GC(205)   StringDedup Requests0 Weak     Min: 0.00, Avg: 0.00, Max: 0.00, Diff: 0.00, Sum: 0.00, Workers: 4
[5308.355s][debug][gc,phases      ] GC(205)     Dead                           Min: 0, Avg:  0.0, Max: 0, Diff: 0, Sum: 0, Workers: 4
[5308.355s][debug][gc,phases      ] GC(205)     Total                          Min: 0, Avg:  0.0, Max: 0, Diff: 0, Sum: 0, Workers: 4
[5308.355s][debug][gc,phases      ] GC(205)   StringDedup Requests1 Weak     Min: 0.00, Avg: 0.00, Max: 0.00, Diff: 0.00, Sum: 0.00, Workers: 4
[5308.355s][debug][gc,phases      ] GC(205)     Dead                           Min: 0, Avg:  0.0, Max: 0, Diff: 0, Sum: 0, Workers: 4
[5308.355s][debug][gc,phases      ] GC(205)     Total                          Min: 0, Avg:  0.0, Max: 0, Diff: 0, Sum: 0, Workers: 4
[5308.355s][debug][gc,phases      ] GC(205)   Weak JFR Old Object Samples    Min: 0.00, Avg: 0.00, Max: 0.00, Diff: 0.00, Sum: 0.00, Workers: 4
[5308.355s][debug][gc,phases      ] GC(205)     Dead                           Min: 0, Avg:  0.0, Max: 0, Diff: 0, Sum: 0, Workers: 4
[5308.355s][debug][gc,phases      ] GC(205)     Total                          Min: 0, Avg:  0.0, Max: 0, Diff: 0, Sum: 0, Workers: 4
[5308.355s][debug][gc,phases      ] GC(205) Weak Processing 0.383ms
[5308.355s][debug][gc,age         ] GC(205) Desired survivor size 36175872 bytes, new threshold 1 (max threshold 15)
[5308.355s][info ][gc,heap        ] GC(205) PSYoungGen: 2021875K(2056704K)->8512K(2061824K) Eden: 2017280K(2017280K)->0K(2024448K) From: 4595K(39424K)->8512K(37376K)
[5308.355s][info ][gc,heap        ] GC(205) ParOldGen: 1554576K(1554944K)->1555620K(1555968K)
[5308.355s][info ][gc,metaspace   ] GC(205) Metaspace: 112830K(114112K)->112830K(114112K) NonClass: 96449K(97152K)->96449K(97152K) Class: 16381K(16960K)->16381K(16960K)
[5308.355s][info ][gc             ] GC(205) Pause Young (Allocation Failure) 3492M->1527M(3533M) 9.584ms
[5308.355s][info ][gc,cpu         ] GC(205) User=0.03s Sys=0.00s Real=0.01s
[5308.355s][info ][safepoint      ] Safepoint "ParallelCollectForAllocation", Time since last: 19748322788 ns, Reaching safepoint: 84899 ns, At safepoint: 9649457 ns, Leaving safepoint: 37000 ns, Total: 9771356 ns, Threads: 5 runnable, 37 total
[5323.560s][info ][gc,start       ] GC(206) Pause Young (Allocation Failure)
[5323.569s][debug][gc,phases      ] GC(206) Scavenge 9.260ms
[5323.569s][debug][gc,ref         ] GC(206) ReferenceProcessor::execute queues: 1, RefProcThreadModel::Single, marks_oops_alive: false
[5323.569s][debug][gc,ref         ] GC(206) Skipped KeepAliveFinalRefsPhase of Reference Processing: no references
[5323.569s][debug][gc,ref         ] GC(206) ReferenceProcessor::execute queues: 1, RefProcThreadModel::Single, marks_oops_alive: false
[5323.569s][debug][gc,phases      ] GC(206) Reference Processing 0.096ms
[5323.569s][debug][gc,phases      ] GC(206)   VM Weak                        Min: 0.00, Avg: 0.00, Max: 0.01, Diff: 0.01, Sum: 0.01, Workers: 4
[5323.569s][debug][gc,phases      ] GC(206)     Dead                           Min: 0, Avg:  0.0, Max: 0, Diff: 0, Sum: 0, Workers: 4
[5323.569s][debug][gc,phases      ] GC(206)     Total                          Min: 0, Avg: 240.5, Max: 896, Diff: 896, Sum: 962, Workers: 4
[5323.569s][debug][gc,phases      ] GC(206)   ObjectSynchronizer Weak        Min: 0.00, Avg: 0.00, Max: 0.00, Diff: 0.00, Sum: 0.00, Workers: 4
[5323.569s][debug][gc,phases      ] GC(206)     Dead                           Min: 0, Avg:  0.0, Max: 0, Diff: 0, Sum: 0, Workers: 4
[5323.569s][debug][gc,phases      ] GC(206)     Total                          Min: 0, Avg:  1.5, Max: 6, Diff: 6, Sum: 6, Workers: 4
[5323.569s][debug][gc,phases      ] GC(206)   JVMTI Tag Weak OopStorage      Min: 0.00, Avg: 0.00, Max: 0.00, Diff: 0.00, Sum: 0.00, Workers: 4
[5323.569s][debug][gc,phases      ] GC(206)     Dead                           Min: 0, Avg:  0.0, Max: 0, Diff: 0, Sum: 0, Workers: 4
[5323.569s][debug][gc,phases      ] GC(206)     Total                          Min: 0, Avg:  0.0, Max: 0, Diff: 0, Sum: 0, Workers: 4
[5323.569s][debug][gc,phases      ] GC(206)   StringTable Weak               Min: 0.12, Avg: 0.12, Max: 0.12, Diff: 0.00, Sum: 0.47, Workers: 4
[5323.569s][debug][gc,phases      ] GC(206)     Dead                           Min: 0, Avg:  0.0, Max: 0, Diff: 0, Sum: 0, Workers: 4
[5323.569s][debug][gc,phases      ] GC(206)     Total                          Min: 12587, Avg: 12810.5, Max: 13056, Diff: 469, Sum: 51242, Workers: 4
[5323.569s][debug][gc,phases      ] GC(206)   ResolvedMethodTable Weak       Min: 0.05, Avg: 0.05, Max: 0.05, Diff: 0.00, Sum: 0.22, Workers: 4
[5323.569s][debug][gc,phases      ] GC(206)     Dead                           Min: 0, Avg:  5.0, Max: 20, Diff: 20, Sum: 20, Workers: 4
[5323.569s][debug][gc,phases      ] GC(206)     Total                          Min: 3968, Avg: 4344.5, Max: 4654, Diff: 686, Sum: 17378, Workers: 4
[5323.569s][debug][gc,phases      ] GC(206)   JNI Weak                       Min: 0.00, Avg: 0.00, Max: 0.00, Diff: 0.00, Sum: 0.00, Workers: 4
[5323.569s][debug][gc,phases      ] GC(206)     Dead                           Min: 0, Avg:  0.0, Max: 0, Diff: 0, Sum: 0, Workers: 4
[5323.569s][debug][gc,phases      ] GC(206)     Total                          Min: 0, Avg: 13.0, Max: 48, Diff: 48, Sum: 52, Workers: 4
[5323.569s][debug][gc,phases      ] GC(206)   StringDedup Table Weak         Min: 0.00, Avg: 0.00, Max: 0.00, Diff: 0.00, Sum: 0.00, Workers: 4
[5323.569s][debug][gc,phases      ] GC(206)     Dead                           Min: 0, Avg:  0.0, Max: 0, Diff: 0, Sum: 0, Workers: 4
[5323.569s][debug][gc,phases      ] GC(206)     Total                          Min: 0, Avg:  0.0, Max: 0, Diff: 0, Sum: 0, Workers: 4
[5323.569s][debug][gc,phases      ] GC(206)   StringDedup Requests0 Weak     Min: 0.00, Avg: 0.00, Max: 0.00, Diff: 0.00, Sum: 0.00, Workers: 4
[5323.569s][debug][gc,phases      ] GC(206)     Dead                           Min: 0, Avg:  0.0, Max: 0, Diff: 0, Sum: 0, Workers: 4
[5323.569s][debug][gc,phases      ] GC(206)     Total                          Min: 0, Avg:  0.0, Max: 0, Diff: 0, Sum: 0, Workers: 4
[5323.569s][debug][gc,phases      ] GC(206)   StringDedup Requests1 Weak     Min: 0.00, Avg: 0.00, Max: 0.00, Diff: 0.00, Sum: 0.00, Workers: 4
[5323.569s][debug][gc,phases      ] GC(206)     Dead                           Min: 0, Avg:  0.0, Max: 0, Diff: 0, Sum: 0, Workers: 4
[5323.569s][debug][gc,phases      ] GC(206)     Total                          Min: 0, Avg:  0.0, Max: 0, Diff: 0, Sum: 0, Workers: 4
[5323.569s][debug][gc,phases      ] GC(206)   Weak JFR Old Object Samples    Min: 0.00, Avg: 0.00, Max: 0.00, Diff: 0.00, Sum: 0.00, Workers: 4
[5323.569s][debug][gc,phases      ] GC(206)     Dead                           Min: 0, Avg:  0.0, Max: 0, Diff: 0, Sum: 0, Workers: 4
[5323.569s][debug][gc,phases      ] GC(206)     Total                          Min: 0, Avg:  0.0, Max: 0, Diff: 0, Sum: 0, Workers: 4
[5323.569s][debug][gc,phases      ] GC(206) Weak Processing 0.342ms
[5323.569s][debug][gc,age         ] GC(206) Desired survivor size 33554432 bytes, new threshold 1 (max threshold 15)
[5323.569s][info ][gc,heap        ] GC(206) PSYoungGen: 2032960K(2061824K)->9479K(2059776K) Eden: 2024448K(2024448K)->0K(2024448K) From: 8512K(37376K)->9479K(35328K)
[5323.569s][info ][gc,heap        ] GC(206) ParOldGen: 1555620K(1555968K)->1558612K(1559040K)
[5323.569s][info ][gc,metaspace   ] GC(206) Metaspace: 112838K(114176K)->112838K(114176K) NonClass: 96457K(97216K)->96457K(97216K) Class: 16381K(16960K)->16381K(16960K)
[5323.569s][info ][gc             ] GC(206) Pause Young (Allocation Failure) 3504M->1531M(3534M) 9.815ms
[5323.570s][info ][gc,cpu         ] GC(206) User=0.03s Sys=0.00s Real=0.01s
[5323.570s][info ][safepoint      ] Safepoint "ParallelCollectForAllocation", Time since last: 15204650725 ns, Reaching safepoint: 5900 ns, At safepoint: 9880156 ns, Leaving safepoint: 3300 ns, Total: 9889356 ns, Threads: 0 runnable, 37 total
[5344.245s][info ][gc,start       ] GC(207) Pause Young (Allocation Failure)
[5344.254s][debug][gc,phases      ] GC(207) Scavenge 9.704ms
[5344.254s][debug][gc,ref         ] GC(207) ReferenceProcessor::execute queues: 1, RefProcThreadModel::Single, marks_oops_alive: false
[5344.254s][debug][gc,ref         ] GC(207) Skipped KeepAliveFinalRefsPhase of Reference Processing: no references
[5344.254s][debug][gc,ref         ] GC(207) Skipped PhantomRefsPhase of Reference Processing: no references
[5344.254s][debug][gc,phases      ] GC(207) Reference Processing 0.103ms
[5344.255s][debug][gc,phases      ] GC(207)   VM Weak                        Min: 0.00, Avg: 0.00, Max: 0.00, Diff: 0.00, Sum: 0.01, Workers: 4
[5344.255s][debug][gc,phases      ] GC(207)     Dead                           Min: 0, Avg:  0.0, Max: 0, Diff: 0, Sum: 0, Workers: 4
[5344.255s][debug][gc,phases      ] GC(207)     Total                          Min: 0, Avg: 240.5, Max: 512, Diff: 512, Sum: 962, Workers: 4
[5344.255s][debug][gc,phases      ] GC(207)   ObjectSynchronizer Weak        Min: 0.00, Avg: 0.00, Max: 0.00, Diff: 0.00, Sum: 0.00, Workers: 4
[5344.255s][debug][gc,phases      ] GC(207)     Dead                           Min: 0, Avg:  0.0, Max: 0, Diff: 0, Sum: 0, Workers: 4
[5344.255s][debug][gc,phases      ] GC(207)     Total                          Min: 0, Avg:  1.5, Max: 6, Diff: 6, Sum: 6, Workers: 4
[5344.255s][debug][gc,phases      ] GC(207)   JVMTI Tag Weak OopStorage      Min: 0.00, Avg: 0.00, Max: 0.00, Diff: 0.00, Sum: 0.00, Workers: 4
[5344.255s][debug][gc,phases      ] GC(207)     Dead                           Min: 0, Avg:  0.0, Max: 0, Diff: 0, Sum: 0, Workers: 4
[5344.255s][debug][gc,phases      ] GC(207)     Total                          Min: 0, Avg:  0.0, Max: 0, Diff: 0, Sum: 0, Workers: 4
[5344.255s][debug][gc,phases      ] GC(207)   StringTable Weak               Min: 0.11, Avg: 0.12, Max: 0.12, Diff: 0.00, Sum: 0.46, Workers: 4
[5344.255s][debug][gc,phases      ] GC(207)     Dead                           Min: 0, Avg:  0.0, Max: 0, Diff: 0, Sum: 0, Workers: 4
[5344.255s][debug][gc,phases      ] GC(207)     Total                          Min: 12672, Avg: 12810.8, Max: 12972, Diff: 300, Sum: 51243, Workers: 4
[5344.255s][debug][gc,phases      ] GC(207)   ResolvedMethodTable Weak       Min: 0.04, Avg: 0.04, Max: 0.04, Diff: 0.00, Sum: 0.16, Workers: 4
[5344.255s][debug][gc,phases      ] GC(207)     Dead                           Min: 0, Avg:  5.0, Max: 20, Diff: 20, Sum: 20, Workers: 4
[5344.255s][debug][gc,phases      ] GC(207)     Total                          Min: 4158, Avg: 4345.0, Max: 4454, Diff: 296, Sum: 17380, Workers: 4
[5344.255s][debug][gc,phases      ] GC(207)   JNI Weak                       Min: 0.00, Avg: 0.00, Max: 0.00, Diff: 0.00, Sum: 0.00, Workers: 4
[5344.255s][debug][gc,phases      ] GC(207)     Dead                           Min: 0, Avg:  0.0, Max: 0, Diff: 0, Sum: 0, Workers: 4
[5344.255s][debug][gc,phases      ] GC(207)     Total                          Min: 0, Avg: 13.0, Max: 48, Diff: 48, Sum: 52, Workers: 4
[5344.255s][debug][gc,phases      ] GC(207)   StringDedup Table Weak         Min: 0.00, Avg: 0.00, Max: 0.00, Diff: 0.00, Sum: 0.00, Workers: 4
[5344.255s][debug][gc,phases      ] GC(207)     Dead                           Min: 0, Avg:  0.0, Max: 0, Diff: 0, Sum: 0, Workers: 4
[5344.255s][debug][gc,phases      ] GC(207)     Total                          Min: 0, Avg:  0.0, Max: 0, Diff: 0, Sum: 0, Workers: 4
[5344.255s][debug][gc,phases      ] GC(207)   StringDedup Requests0 Weak     Min: 0.00, Avg: 0.00, Max: 0.00, Diff: 0.00, Sum: 0.00, Workers: 4
[5344.255s][debug][gc,phases      ] GC(207)     Dead                           Min: 0, Avg:  0.0, Max: 0, Diff: 0, Sum: 0, Workers: 4
[5344.255s][debug][gc,phases      ] GC(207)     Total                          Min: 0, Avg:  0.0, Max: 0, Diff: 0, Sum: 0, Workers: 4
[5344.255s][debug][gc,phases      ] GC(207)   StringDedup Requests1 Weak     Min: 0.00, Avg: 0.00, Max: 0.00, Diff: 0.00, Sum: 0.00, Workers: 4
[5344.255s][debug][gc,phases      ] GC(207)     Dead                           Min: 0, Avg:  0.0, Max: 0, Diff: 0, Sum: 0, Workers: 4
[5344.255s][debug][gc,phases      ] GC(207)     Total                          Min: 0, Avg:  0.0, Max: 0, Diff: 0, Sum: 0, Workers: 4
[5344.255s][debug][gc,phases      ] GC(207)   Weak JFR Old Object Samples    Min: 0.00, Avg: 0.00, Max: 0.00, Diff: 0.00, Sum: 0.00, Workers: 4
[5344.255s][debug][gc,phases      ] GC(207)     Dead                           Min: 0, Avg:  0.0, Max: 0, Diff: 0, Sum: 0, Workers: 4
[5344.255s][debug][gc,phases      ] GC(207)     Total                          Min: 0, Avg:  0.0, Max: 0, Diff: 0, Sum: 0, Workers: 4
[5344.255s][debug][gc,phases      ] GC(207) Weak Processing 0.324ms
[5344.255s][debug][gc,age         ] GC(207) Desired survivor size 32505856 bytes, new threshold 1 (max threshold 15)
[5344.255s][info ][gc,heap        ] GC(207) PSYoungGen: 2033927K(2059776K)->4528K(2065408K) Eden: 2024448K(2024448K)->0K(2032640K) From: 9479K(35328K)->4528K(32768K)
[5344.255s][info ][gc,heap        ] GC(207) ParOldGen: 1558612K(1559040K)->1564016K(1564160K)
[5344.255s][info ][gc,metaspace   ] GC(207) Metaspace: 112844K(114176K)->112844K(114176K) NonClass: 96463K(97216K)->96463K(97216K) Class: 16381K(16960K)->16381K(16960K)
[5344.255s][info ][gc             ] GC(207) Pause Young (Allocation Failure) 3508M->1531M(3544M) 10.274ms
[5344.255s][info ][gc,cpu         ] GC(207) User=0.03s Sys=0.00s Real=0.01s
[5344.255s][info ][safepoint      ] Safepoint "ParallelCollectForAllocation", Time since last: 20674949538 ns, Reaching safepoint: 8500 ns, At safepoint: 10346654 ns, Leaving safepoint: 10599 ns, Total: 10365753 ns, Threads: 0 runnable, 37 total
[5358.666s][info ][gc,start       ] GC(208) Pause Young (Allocation Failure)
[5358.676s][debug][gc,phases      ] GC(208) Scavenge 10.228ms
[5358.676s][debug][gc,ref         ] GC(208) Skipped SoftWeakFinalRefsPhase of Reference Processing: no references
[5358.676s][debug][gc,ref         ] GC(208) Skipped KeepAliveFinalRefsPhase of Reference Processing: no references
[5358.676s][debug][gc,ref         ] GC(208) Skipped PhantomRefsPhase of Reference Processing: no references
[5358.676s][debug][gc,phases      ] GC(208) Reference Processing 0.019ms
[5358.676s][debug][gc,phases      ] GC(208)   VM Weak                        Min: 0.00, Avg: 0.00, Max: 0.01, Diff: 0.01, Sum: 0.01, Workers: 4
[5358.676s][debug][gc,phases      ] GC(208)     Dead                           Min: 0, Avg:  0.0, Max: 0, Diff: 0, Sum: 0, Workers: 4
[5358.676s][debug][gc,phases      ] GC(208)     Total                          Min: 0, Avg: 240.5, Max: 578, Diff: 578, Sum: 962, Workers: 4
[5358.676s][debug][gc,phases      ] GC(208)   ObjectSynchronizer Weak        Min: 0.00, Avg: 0.00, Max: 0.00, Diff: 0.00, Sum: 0.00, Workers: 4
[5358.676s][debug][gc,phases      ] GC(208)     Dead                           Min: 0, Avg:  0.0, Max: 0, Diff: 0, Sum: 0, Workers: 4
[5358.676s][debug][gc,phases      ] GC(208)     Total                          Min: 0, Avg:  1.5, Max: 6, Diff: 6, Sum: 6, Workers: 4
[5358.676s][debug][gc,phases      ] GC(208)   JVMTI Tag Weak OopStorage      Min: 0.00, Avg: 0.00, Max: 0.00, Diff: 0.00, Sum: 0.00, Workers: 4
[5358.676s][debug][gc,phases      ] GC(208)     Dead                           Min: 0, Avg:  0.0, Max: 0, Diff: 0, Sum: 0, Workers: 4
[5358.676s][debug][gc,phases      ] GC(208)     Total                          Min: 0, Avg:  0.0, Max: 0, Diff: 0, Sum: 0, Workers: 4
[5358.676s][debug][gc,phases      ] GC(208)   StringTable Weak               Min: 0.00, Avg: 0.10, Max: 0.13, Diff: 0.13, Sum: 0.40, Workers: 4
[5358.676s][debug][gc,phases      ] GC(208)     Dead                           Min: 0, Avg:  0.0, Max: 0, Diff: 0, Sum: 0, Workers: 4
[5358.676s][debug][gc,phases      ] GC(208)     Total                          Min: 0, Avg: 12810.8, Max: 21695, Diff: 21695, Sum: 51243, Workers: 4
[5358.676s][debug][gc,phases      ] GC(208)   ResolvedMethodTable Weak       Min: 0.00, Avg: 0.05, Max: 0.06, Diff: 0.06, Sum: 0.18, Workers: 4
[5358.676s][debug][gc,phases      ] GC(208)     Dead                           Min: 0, Avg:  0.0, Max: 0, Diff: 0, Sum: 0, Workers: 4
[5358.676s][debug][gc,phases      ] GC(208)     Total                          Min: 0, Avg: 4345.0, Max: 6648, Diff: 6648, Sum: 17380, Workers: 4
[5358.676s][debug][gc,phases      ] GC(208)   JNI Weak                       Min: 0.00, Avg: 0.00, Max: 0.00, Diff: 0.00, Sum: 0.00, Workers: 4
[5358.676s][debug][gc,phases      ] GC(208)     Dead                           Min: 0, Avg:  0.0, Max: 0, Diff: 0, Sum: 0, Workers: 4
[5358.676s][debug][gc,phases      ] GC(208)     Total                          Min: 0, Avg: 13.0, Max: 48, Diff: 48, Sum: 52, Workers: 4
[5358.676s][debug][gc,phases      ] GC(208)   StringDedup Table Weak         Min: 0.00, Avg: 0.00, Max: 0.00, Diff: 0.00, Sum: 0.00, Workers: 4
[5358.676s][debug][gc,phases      ] GC(208)     Dead                           Min: 0, Avg:  0.0, Max: 0, Diff: 0, Sum: 0, Workers: 4
[5358.676s][debug][gc,phases      ] GC(208)     Total                          Min: 0, Avg:  0.0, Max: 0, Diff: 0, Sum: 0, Workers: 4
[5358.676s][debug][gc,phases      ] GC(208)   StringDedup Requests0 Weak     Min: 0.00, Avg: 0.00, Max: 0.00, Diff: 0.00, Sum: 0.00, Workers: 4
[5358.676s][debug][gc,phases      ] GC(208)     Dead                           Min: 0, Avg:  0.0, Max: 0, Diff: 0, Sum: 0, Workers: 4
[5358.676s][debug][gc,phases      ] GC(208)     Total                          Min: 0, Avg:  0.0, Max: 0, Diff: 0, Sum: 0, Workers: 4
[5358.676s][debug][gc,phases      ] GC(208)   StringDedup Requests1 Weak     Min: 0.00, Avg: 0.00, Max: 0.00, Diff: 0.00, Sum: 0.00, Workers: 4
[5358.676s][debug][gc,phases      ] GC(208)     Dead                           Min: 0, Avg:  0.0, Max: 0, Diff: 0, Sum: 0, Workers: 4
[5358.676s][debug][gc,phases      ] GC(208)     Total                          Min: 0, Avg:  0.0, Max: 0, Diff: 0, Sum: 0, Workers: 4
[5358.676s][debug][gc,phases      ] GC(208)   Weak JFR Old Object Samples    Min: 0.00, Avg: 0.00, Max: 0.00, Diff: 0.00, Sum: 0.00, Workers: 4
[5358.676s][debug][gc,phases      ] GC(208)     Dead                           Min: 0, Avg:  0.0, Max: 0, Diff: 0, Sum: 0, Workers: 4
[5358.676s][debug][gc,phases      ] GC(208)     Total                          Min: 0, Avg:  0.0, Max: 0, Diff: 0, Sum: 0, Workers: 4
[5358.676s][debug][gc,phases      ] GC(208) Weak Processing 0.367ms
[5358.676s][debug][gc,age         ] GC(208) Desired survivor size 32505856 bytes, new threshold 1 (max threshold 15)
[5358.677s][info ][gc,heap        ] GC(208) PSYoungGen: 2037168K(2065408K)->15975K(2064384K) Eden: 2032640K(2032640K)->0K(2032640K) From: 4528K(32768K)->15975K(31744K)
[5358.677s][info ][gc,heap        ] GC(208) ParOldGen: 1564016K(1564160K)->1565456K(1565696K)
[5358.677s][info ][gc,metaspace   ] GC(208) Metaspace: 112847K(114176K)->112847K(114176K) NonClass: 96465K(97216K)->96465K(97216K) Class: 16381K(16960K)->16381K(16960K)
[5358.677s][info ][gc             ] GC(208) Pause Young (Allocation Failure) 3516M->1544M(3545M) 10.724ms
[5358.677s][info ][gc,cpu         ] GC(208) User=0.04s Sys=0.00s Real=0.01s
[5358.677s][info ][safepoint      ] Safepoint "ParallelCollectForAllocation", Time since last: 14410770666 ns, Reaching safepoint: 152699 ns, At safepoint: 10786852 ns, Leaving safepoint: 18000 ns, Total: 10957551 ns, Threads: 2 runnable, 37 total
[5368.693s][info ][gc,start       ] GC(209) Pause Young (Allocation Failure)
[5368.708s][debug][gc,phases      ] GC(209) Scavenge 15.877ms
[5368.709s][debug][gc,ref         ] GC(209) ReferenceProcessor::execute queues: 1, RefProcThreadModel::Single, marks_oops_alive: false
[5368.709s][debug][gc,ref         ] GC(209) Skipped KeepAliveFinalRefsPhase of Reference Processing: no references
[5368.709s][debug][gc,ref         ] GC(209) Skipped PhantomRefsPhase of Reference Processing: no references
[5368.709s][debug][gc,phases      ] GC(209) Reference Processing 0.094ms
[5368.709s][debug][gc,phases      ] GC(209)   VM Weak                        Min: 0.00, Avg: 0.00, Max: 0.01, Diff: 0.01, Sum: 0.01, Workers: 4
[5368.709s][debug][gc,phases      ] GC(209)     Dead                           Min: 0, Avg:  0.0, Max: 0, Diff: 0, Sum: 0, Workers: 4
[5368.709s][debug][gc,phases      ] GC(209)     Total                          Min: 0, Avg: 240.5, Max: 576, Diff: 576, Sum: 962, Workers: 4
[5368.709s][debug][gc,phases      ] GC(209)   ObjectSynchronizer Weak        Min: 0.00, Avg: 0.00, Max: 0.00, Diff: 0.00, Sum: 0.00, Workers: 4
[5368.709s][debug][gc,phases      ] GC(209)     Dead                           Min: 0, Avg:  0.0, Max: 0, Diff: 0, Sum: 0, Workers: 4
[5368.709s][debug][gc,phases      ] GC(209)     Total                          Min: 0, Avg:  1.5, Max: 6, Diff: 6, Sum: 6, Workers: 4
[5368.709s][debug][gc,phases      ] GC(209)   JVMTI Tag Weak OopStorage      Min: 0.00, Avg: 0.00, Max: 0.00, Diff: 0.00, Sum: 0.00, Workers: 4
[5368.709s][debug][gc,phases      ] GC(209)     Dead                           Min: 0, Avg:  0.0, Max: 0, Diff: 0, Sum: 0, Workers: 4
[5368.709s][debug][gc,phases      ] GC(209)     Total                          Min: 0, Avg:  0.0, Max: 0, Diff: 0, Sum: 0, Workers: 4
[5368.709s][debug][gc,phases      ] GC(209)   StringTable Weak               Min: 0.00, Avg: 0.10, Max: 0.13, Diff: 0.13, Sum: 0.40, Workers: 4
[5368.709s][debug][gc,phases      ] GC(209)     Dead                           Min: 0, Avg:  0.0, Max: 0, Diff: 0, Sum: 0, Workers: 4
[5368.709s][debug][gc,phases      ] GC(209)     Total                          Min: 0, Avg: 12810.8, Max: 21739, Diff: 21739, Sum: 51243, Workers: 4
[5368.709s][debug][gc,phases      ] GC(209)   ResolvedMethodTable Weak       Min: 0.00, Avg: 0.03, Max: 0.04, Diff: 0.04, Sum: 0.13, Workers: 4
[5368.709s][debug][gc,phases      ] GC(209)     Dead                           Min: 0, Avg:  5.0, Max: 20, Diff: 20, Sum: 20, Workers: 4
[5368.709s][debug][gc,phases      ] GC(209)     Total                          Min: 0, Avg: 4345.0, Max: 7478, Diff: 7478, Sum: 17380, Workers: 4
[5368.709s][debug][gc,phases      ] GC(209)   JNI Weak                       Min: 0.00, Avg: 0.00, Max: 0.00, Diff: 0.00, Sum: 0.00, Workers: 4
[5368.709s][debug][gc,phases      ] GC(209)     Dead                           Min: 0, Avg:  0.0, Max: 0, Diff: 0, Sum: 0, Workers: 4
[5368.709s][debug][gc,phases      ] GC(209)     Total                          Min: 0, Avg: 13.0, Max: 48, Diff: 48, Sum: 52, Workers: 4
[5368.709s][debug][gc,phases      ] GC(209)   StringDedup Table Weak         Min: 0.00, Avg: 0.00, Max: 0.00, Diff: 0.00, Sum: 0.00, Workers: 4
[5368.709s][debug][gc,phases      ] GC(209)     Dead                           Min: 0, Avg:  0.0, Max: 0, Diff: 0, Sum: 0, Workers: 4
[5368.709s][debug][gc,phases      ] GC(209)     Total                          Min: 0, Avg:  0.0, Max: 0, Diff: 0, Sum: 0, Workers: 4
[5368.709s][debug][gc,phases      ] GC(209)   StringDedup Requests0 Weak     Min: 0.00, Avg: 0.00, Max: 0.00, Diff: 0.00, Sum: 0.00, Workers: 4
[5368.709s][debug][gc,phases      ] GC(209)     Dead                           Min: 0, Avg:  0.0, Max: 0, Diff: 0, Sum: 0, Workers: 4
[5368.709s][debug][gc,phases      ] GC(209)     Total                          Min: 0, Avg:  0.0, Max: 0, Diff: 0, Sum: 0, Workers: 4
[5368.709s][debug][gc,phases      ] GC(209)   StringDedup Requests1 Weak     Min: 0.00, Avg: 0.00, Max: 0.00, Diff: 0.00, Sum: 0.00, Workers: 4
[5368.709s][debug][gc,phases      ] GC(209)     Dead                           Min: 0, Avg:  0.0, Max: 0, Diff: 0, Sum: 0, Workers: 4
[5368.709s][debug][gc,phases      ] GC(209)     Total                          Min: 0, Avg:  0.0, Max: 0, Diff: 0, Sum: 0, Workers: 4
[5368.709s][debug][gc,phases      ] GC(209)   Weak JFR Old Object Samples    Min: 0.00, Avg: 0.00, Max: 0.00, Diff: 0.00, Sum: 0.00, Workers: 4
[5368.709s][debug][gc,phases      ] GC(209)     Dead                           Min: 0, Avg:  0.0, Max: 0, Diff: 0, Sum: 0, Workers: 4
[5368.709s][debug][gc,phases      ] GC(209)     Total                          Min: 0, Avg:  0.0, Max: 0, Diff: 0, Sum: 0, Workers: 4
[5368.709s][debug][gc,phases      ] GC(209) Weak Processing 0.349ms
[5368.709s][debug][gc,age         ] GC(209) Desired survivor size 33030144 bytes, new threshold 1 (max threshold 15)
[5368.709s][info ][gc,heap        ] GC(209) PSYoungGen: 2048615K(2064384K)->17168K(2064384K) Eden: 2032640K(2032640K)->0K(2032640K) From: 15975K(31744K)->17168K(31744K)
[5368.709s][info ][gc,heap        ] GC(209) ParOldGen: 1565456K(1565696K)->1577237K(1577472K)
[5368.709s][info ][gc,metaspace   ] GC(209) Metaspace: 112847K(114176K)->112847K(114176K) NonClass: 96465K(97216K)->96465K(97216K) Class: 16381K(16960K)->16381K(16960K)
[5368.709s][info ][gc             ] GC(209) Pause Young (Allocation Failure) 3529M->1557M(3556M) 16.439ms
[5368.709s][info ][gc,cpu         ] GC(209) User=0.05s Sys=0.01s Real=0.02s
[5368.709s][info ][safepoint      ] Safepoint "ParallelCollectForAllocation", Time since last: 10015783352 ns, Reaching safepoint: 108400 ns, At safepoint: 16506523 ns, Leaving safepoint: 14800 ns, Total: 16629723 ns, Threads: 1 runnable, 37 total
[5388.440s][info ][gc,start       ] GC(210) Pause Young (Allocation Failure)
[5388.452s][debug][gc,phases      ] GC(210) Scavenge 11.390ms
[5388.452s][debug][gc,ref         ] GC(210) ReferenceProcessor::execute queues: 1, RefProcThreadModel::Single, marks_oops_alive: false
[5388.452s][debug][gc,ref         ] GC(210) Skipped KeepAliveFinalRefsPhase of Reference Processing: no references
[5388.452s][debug][gc,ref         ] GC(210) Skipped PhantomRefsPhase of Reference Processing: no references
[5388.452s][debug][gc,phases      ] GC(210) Reference Processing 0.099ms
[5388.452s][debug][gc,phases      ] GC(210)   VM Weak                        Min: 0.00, Avg: 0.00, Max: 0.01, Diff: 0.01, Sum: 0.01, Workers: 4
[5388.452s][debug][gc,phases      ] GC(210)     Dead                           Min: 0, Avg:  0.0, Max: 0, Diff: 0, Sum: 0, Workers: 4
[5388.452s][debug][gc,phases      ] GC(210)     Total                          Min: 0, Avg: 240.5, Max: 962, Diff: 962, Sum: 962, Workers: 4
[5388.452s][debug][gc,phases      ] GC(210)   ObjectSynchronizer Weak        Min: 0.00, Avg: 0.00, Max: 0.00, Diff: 0.00, Sum: 0.00, Workers: 4
[5388.452s][debug][gc,phases      ] GC(210)     Dead                           Min: 0, Avg:  0.0, Max: 0, Diff: 0, Sum: 0, Workers: 4
[5388.452s][debug][gc,phases      ] GC(210)     Total                          Min: 0, Avg:  1.5, Max: 6, Diff: 6, Sum: 6, Workers: 4
[5388.452s][debug][gc,phases      ] GC(210)   JVMTI Tag Weak OopStorage      Min: 0.00, Avg: 0.00, Max: 0.00, Diff: 0.00, Sum: 0.00, Workers: 4
[5388.452s][debug][gc,phases      ] GC(210)     Dead                           Min: 0, Avg:  0.0, Max: 0, Diff: 0, Sum: 0, Workers: 4
[5388.452s][debug][gc,phases      ] GC(210)     Total                          Min: 0, Avg:  0.0, Max: 0, Diff: 0, Sum: 0, Workers: 4
[5388.452s][debug][gc,phases      ] GC(210)   StringTable Weak               Min: 0.00, Avg: 0.09, Max: 0.13, Diff: 0.13, Sum: 0.38, Workers: 4
[5388.452s][debug][gc,phases      ] GC(210)     Dead                           Min: 0, Avg:  0.0, Max: 0, Diff: 0, Sum: 0, Workers: 4
[5388.452s][debug][gc,phases      ] GC(210)     Total                          Min: 0, Avg: 12819.0, Max: 22220, Diff: 22220, Sum: 51276, Workers: 4
[5388.452s][debug][gc,phases      ] GC(210)   ResolvedMethodTable Weak       Min: 0.00, Avg: 0.04, Max: 0.05, Diff: 0.05, Sum: 0.16, Workers: 4
[5388.452s][debug][gc,phases      ] GC(210)     Dead                           Min: 0, Avg:  0.0, Max: 0, Diff: 0, Sum: 0, Workers: 4
[5388.452s][debug][gc,phases      ] GC(210)     Total                          Min: 0, Avg: 4345.0, Max: 7462, Diff: 7462, Sum: 17380, Workers: 4
[5388.452s][debug][gc,phases      ] GC(210)   JNI Weak                       Min: 0.00, Avg: 0.00, Max: 0.00, Diff: 0.00, Sum: 0.00, Workers: 4
[5388.452s][debug][gc,phases      ] GC(210)     Dead                           Min: 0, Avg:  0.0, Max: 0, Diff: 0, Sum: 0, Workers: 4
[5388.452s][debug][gc,phases      ] GC(210)     Total                          Min: 0, Avg: 13.0, Max: 48, Diff: 48, Sum: 52, Workers: 4
[5388.452s][debug][gc,phases      ] GC(210)   StringDedup Table Weak         Min: 0.00, Avg: 0.00, Max: 0.00, Diff: 0.00, Sum: 0.00, Workers: 4
[5388.452s][debug][gc,phases      ] GC(210)     Dead                           Min: 0, Avg:  0.0, Max: 0, Diff: 0, Sum: 0, Workers: 4
[5388.452s][debug][gc,phases      ] GC(210)     Total                          Min: 0, Avg:  0.0, Max: 0, Diff: 0, Sum: 0, Workers: 4
[5388.452s][debug][gc,phases      ] GC(210)   StringDedup Requests0 Weak     Min: 0.00, Avg: 0.00, Max: 0.00, Diff: 0.00, Sum: 0.00, Workers: 4
[5388.452s][debug][gc,phases      ] GC(210)     Dead                           Min: 0, Avg:  0.0, Max: 0, Diff: 0, Sum: 0, Workers: 4
[5388.452s][debug][gc,phases      ] GC(210)     Total                          Min: 0, Avg:  0.0, Max: 0, Diff: 0, Sum: 0, Workers: 4
[5388.452s][debug][gc,phases      ] GC(210)   StringDedup Requests1 Weak     Min: 0.00, Avg: 0.00, Max: 0.00, Diff: 0.00, Sum: 0.00, Workers: 4
[5388.452s][debug][gc,phases      ] GC(210)     Dead                           Min: 0, Avg:  0.0, Max: 0, Diff: 0, Sum: 0, Workers: 4
[5388.452s][debug][gc,phases      ] GC(210)     Total                          Min: 0, Avg:  0.0, Max: 0, Diff: 0, Sum: 0, Workers: 4
[5388.452s][debug][gc,phases      ] GC(210)   Weak JFR Old Object Samples    Min: 0.00, Avg: 0.00, Max: 0.00, Diff: 0.00, Sum: 0.00, Workers: 4
[5388.452s][debug][gc,phases      ] GC(210)     Dead                           Min: 0, Avg:  0.0, Max: 0, Diff: 0, Sum: 0, Workers: 4
[5388.452s][debug][gc,phases      ] GC(210)     Total                          Min: 0, Avg:  0.0, Max: 0, Diff: 0, Sum: 0, Workers: 4
[5388.452s][debug][gc,phases      ] GC(210) Weak Processing 0.397ms
[5388.452s][debug][gc,age         ] GC(210) Desired survivor size 31981568 bytes, new threshold 1 (max threshold 15)
[5388.452s][info ][gc,heap        ] GC(210) PSYoungGen: 2049808K(2064384K)->4272K(2064896K) Eden: 2032640K(2032640K)->0K(2032640K) From: 17168K(31744K)->4272K(32256K)
[5388.452s][info ][gc,heap        ] GC(210) ParOldGen: 1577237K(1577472K)->1588473K(1588736K)
[5388.452s][info ][gc,metaspace   ] GC(210) Metaspace: 112852K(114176K)->112852K(114176K) NonClass: 96471K(97216K)->96471K(97216K) Class: 16381K(16960K)->16381K(16960K)
[5388.452s][info ][gc             ] GC(210) Pause Young (Allocation Failure) 3542M->1555M(3568M) 12.025ms
[5388.452s][info ][gc,cpu         ] GC(210) User=0.03s Sys=0.01s Real=0.01s
[5388.452s][info ][safepoint      ] Safepoint "ParallelCollectForAllocation", Time since last: 19731369118 ns, Reaching safepoint: 6000 ns, At safepoint: 12092146 ns, Leaving safepoint: 12700 ns, Total: 12110846 ns, Threads: 0 runnable, 36 total
[5410.903s][info ][gc,start       ] GC(211) Pause Young (Allocation Failure)
[5410.908s][debug][gc,phases      ] GC(211) Scavenge 4.570ms
[5410.908s][debug][gc,ref         ] GC(211) ReferenceProcessor::execute queues: 1, RefProcThreadModel::Single, marks_oops_alive: false
[5410.908s][debug][gc,ref         ] GC(211) Skipped KeepAliveFinalRefsPhase of Reference Processing: no references
[5410.908s][debug][gc,ref         ] GC(211) Skipped PhantomRefsPhase of Reference Processing: no references
[5410.908s][debug][gc,phases      ] GC(211) Reference Processing 0.090ms
[5410.908s][debug][gc,phases      ] GC(211)   VM Weak                        Min: 0.00, Avg: 0.00, Max: 0.01, Diff: 0.01, Sum: 0.01, Workers: 4
[5410.908s][debug][gc,phases      ] GC(211)     Dead                           Min: 0, Avg:  0.0, Max: 0, Diff: 0, Sum: 0, Workers: 4
[5410.908s][debug][gc,phases      ] GC(211)     Total                          Min: 0, Avg: 240.5, Max: 642, Diff: 642, Sum: 962, Workers: 4
[5410.908s][debug][gc,phases      ] GC(211)   ObjectSynchronizer Weak        Min: 0.00, Avg: 0.00, Max: 0.00, Diff: 0.00, Sum: 0.00, Workers: 4
[5410.908s][debug][gc,phases      ] GC(211)     Dead                           Min: 0, Avg:  0.0, Max: 0, Diff: 0, Sum: 0, Workers: 4
[5410.908s][debug][gc,phases      ] GC(211)     Total                          Min: 0, Avg:  1.5, Max: 6, Diff: 6, Sum: 6, Workers: 4
[5410.908s][debug][gc,phases      ] GC(211)   JVMTI Tag Weak OopStorage      Min: 0.00, Avg: 0.00, Max: 0.00, Diff: 0.00, Sum: 0.00, Workers: 4
[5410.908s][debug][gc,phases      ] GC(211)     Dead                           Min: 0, Avg:  0.0, Max: 0, Diff: 0, Sum: 0, Workers: 4
[5410.908s][debug][gc,phases      ] GC(211)     Total                          Min: 0, Avg:  0.0, Max: 0, Diff: 0, Sum: 0, Workers: 4
[5410.908s][debug][gc,phases      ] GC(211)   StringTable Weak               Min: 0.12, Avg: 0.12, Max: 0.13, Diff: 0.01, Sum: 0.49, Workers: 4
[5410.908s][debug][gc,phases      ] GC(211)     Dead                           Min: 0, Avg:  0.0, Max: 0, Diff: 0, Sum: 0, Workers: 4
[5410.908s][debug][gc,phases      ] GC(211)     Total                          Min: 12288, Avg: 12819.0, Max: 13184, Diff: 896, Sum: 51276, Workers: 4
[5410.908s][debug][gc,phases      ] GC(211)   ResolvedMethodTable Weak       Min: 0.04, Avg: 0.04, Max: 0.04, Diff: 0.00, Sum: 0.15, Workers: 4
[5410.908s][debug][gc,phases      ] GC(211)     Dead                           Min: 0, Avg:  5.0, Max: 20, Diff: 20, Sum: 20, Workers: 4
[5410.908s][debug][gc,phases      ] GC(211)     Total                          Min: 4214, Avg: 4345.0, Max: 4416, Diff: 202, Sum: 17380, Workers: 4
[5410.908s][debug][gc,phases      ] GC(211)   JNI Weak                       Min: 0.00, Avg: 0.00, Max: 0.00, Diff: 0.00, Sum: 0.00, Workers: 4
[5410.908s][debug][gc,phases      ] GC(211)     Dead                           Min: 0, Avg:  0.0, Max: 0, Diff: 0, Sum: 0, Workers: 4
[5410.908s][debug][gc,phases      ] GC(211)     Total                          Min: 0, Avg: 13.0, Max: 48, Diff: 48, Sum: 52, Workers: 4
[5410.908s][debug][gc,phases      ] GC(211)   StringDedup Table Weak         Min: 0.00, Avg: 0.00, Max: 0.00, Diff: 0.00, Sum: 0.00, Workers: 4
[5410.908s][debug][gc,phases      ] GC(211)     Dead                           Min: 0, Avg:  0.0, Max: 0, Diff: 0, Sum: 0, Workers: 4
[5410.908s][debug][gc,phases      ] GC(211)     Total                          Min: 0, Avg:  0.0, Max: 0, Diff: 0, Sum: 0, Workers: 4
[5410.909s][debug][gc,phases      ] GC(211)   StringDedup Requests0 Weak     Min: 0.00, Avg: 0.00, Max: 0.00, Diff: 0.00, Sum: 0.00, Workers: 4
[5410.909s][debug][gc,phases      ] GC(211)     Dead                           Min: 0, Avg:  0.0, Max: 0, Diff: 0, Sum: 0, Workers: 4
[5410.909s][debug][gc,phases      ] GC(211)     Total                          Min: 0, Avg:  0.0, Max: 0, Diff: 0, Sum: 0, Workers: 4
[5410.909s][debug][gc,phases      ] GC(211)   StringDedup Requests1 Weak     Min: 0.00, Avg: 0.00, Max: 0.00, Diff: 0.00, Sum: 0.00, Workers: 4
[5410.909s][debug][gc,phases      ] GC(211)     Dead                           Min: 0, Avg:  0.0, Max: 0, Diff: 0, Sum: 0, Workers: 4
[5410.909s][debug][gc,phases      ] GC(211)     Total                          Min: 0, Avg:  0.0, Max: 0, Diff: 0, Sum: 0, Workers: 4
[5410.909s][debug][gc,phases      ] GC(211)   Weak JFR Old Object Samples    Min: 0.00, Avg: 0.00, Max: 0.00, Diff: 0.00, Sum: 0.00, Workers: 4
[5410.909s][debug][gc,phases      ] GC(211)     Dead                           Min: 0, Avg:  0.0, Max: 0, Diff: 0, Sum: 0, Workers: 4
[5410.909s][debug][gc,phases      ] GC(211)     Total                          Min: 0, Avg:  0.0, Max: 0, Diff: 0, Sum: 0, Workers: 4
[5410.909s][debug][gc,phases      ] GC(211) Weak Processing 0.342ms
[5410.909s][debug][gc,age         ] GC(211) Desired survivor size 30932992 bytes, new threshold 1 (max threshold 15)
[5410.909s][info ][gc,heap        ] GC(211) PSYoungGen: 2036912K(2064896K)->3664K(2066944K) Eden: 2032640K(2032640K)->0K(2035712K) From: 4272K(32256K)->3664K(31232K)
[5410.909s][info ][gc,heap        ] GC(211) ParOldGen: 1588473K(1588736K)->1589745K(1589760K)
[5410.909s][info ][gc,metaspace   ] GC(211) Metaspace: 112854K(114176K)->112854K(114176K) NonClass: 96472K(97216K)->96472K(97216K) Class: 16381K(16960K)->16381K(16960K)
[5410.909s][info ][gc             ] GC(211) Pause Young (Allocation Failure) 3540M->1556M(3571M) 5.094ms
[5410.909s][info ][gc,cpu         ] GC(211) User=0.01s Sys=0.00s Real=0.01s
[5410.909s][info ][safepoint      ] Safepoint "ParallelCollectForAllocation", Time since last: 22450959791 ns, Reaching safepoint: 18699 ns, At safepoint: 5153377 ns, Leaving safepoint: 2100 ns, Total: 5174176 ns, Threads: 0 runnable, 36 total
[5430.810s][info ][gc,start       ] GC(212) Pause Young (Allocation Failure)
[5430.827s][debug][gc,phases      ] GC(212) Scavenge 16.195ms
[5430.827s][debug][gc,ref         ] GC(212) ReferenceProcessor::execute queues: 1, RefProcThreadModel::Single, marks_oops_alive: false
[5430.827s][debug][gc,ref         ] GC(212) Skipped KeepAliveFinalRefsPhase of Reference Processing: no references
[5430.827s][debug][gc,ref         ] GC(212) Skipped PhantomRefsPhase of Reference Processing: no references
[5430.827s][debug][gc,phases      ] GC(212) Reference Processing 0.120ms
[5430.827s][debug][gc,phases      ] GC(212)   VM Weak                        Min: 0.00, Avg: 0.00, Max: 0.01, Diff: 0.01, Sum: 0.01, Workers: 4
[5430.827s][debug][gc,phases      ] GC(212)     Dead                           Min: 0, Avg:  0.0, Max: 0, Diff: 0, Sum: 0, Workers: 4
[5430.827s][debug][gc,phases      ] GC(212)     Total                          Min: 0, Avg: 240.5, Max: 704, Diff: 704, Sum: 962, Workers: 4
[5430.827s][debug][gc,phases      ] GC(212)   ObjectSynchronizer Weak        Min: 0.00, Avg: 0.00, Max: 0.00, Diff: 0.00, Sum: 0.00, Workers: 4
[5430.827s][debug][gc,phases      ] GC(212)     Dead                           Min: 0, Avg:  0.0, Max: 0, Diff: 0, Sum: 0, Workers: 4
[5430.827s][debug][gc,phases      ] GC(212)     Total                          Min: 0, Avg:  1.5, Max: 6, Diff: 6, Sum: 6, Workers: 4
[5430.827s][debug][gc,phases      ] GC(212)   JVMTI Tag Weak OopStorage      Min: 0.00, Avg: 0.00, Max: 0.00, Diff: 0.00, Sum: 0.00, Workers: 4
[5430.827s][debug][gc,phases      ] GC(212)     Dead                           Min: 0, Avg:  0.0, Max: 0, Diff: 0, Sum: 0, Workers: 4
[5430.827s][debug][gc,phases      ] GC(212)     Total                          Min: 0, Avg:  0.0, Max: 0, Diff: 0, Sum: 0, Workers: 4
[5430.827s][debug][gc,phases      ] GC(212)   StringTable Weak               Min: 0.00, Avg: 0.10, Max: 0.20, Diff: 0.20, Sum: 0.40, Workers: 4
[5430.827s][debug][gc,phases      ] GC(212)     Dead                           Min: 0, Avg:  0.0, Max: 0, Diff: 0, Sum: 0, Workers: 4
[5430.827s][debug][gc,phases      ] GC(212)     Total                          Min: 0, Avg: 12819.0, Max: 26112, Diff: 26112, Sum: 51276, Workers: 4
[5430.827s][debug][gc,phases      ] GC(212)   ResolvedMethodTable Weak       Min: 0.00, Avg: 0.03, Max: 0.07, Diff: 0.07, Sum: 0.13, Workers: 4
[5430.827s][debug][gc,phases      ] GC(212)     Dead                           Min: 0, Avg:  7.2, Max: 29, Diff: 29, Sum: 29, Workers: 4
[5430.827s][debug][gc,phases      ] GC(212)     Total                          Min: 0, Avg: 4345.0, Max: 8747, Diff: 8747, Sum: 17380, Workers: 4
[5430.827s][debug][gc,phases      ] GC(212)   JNI Weak                       Min: 0.00, Avg: 0.00, Max: 0.00, Diff: 0.00, Sum: 0.00, Workers: 4
[5430.827s][debug][gc,phases      ] GC(212)     Dead                           Min: 0, Avg:  0.0, Max: 0, Diff: 0, Sum: 0, Workers: 4
[5430.827s][debug][gc,phases      ] GC(212)     Total                          Min: 0, Avg: 13.0, Max: 52, Diff: 52, Sum: 52, Workers: 4
[5430.827s][debug][gc,phases      ] GC(212)   StringDedup Table Weak         Min: 0.00, Avg: 0.00, Max: 0.00, Diff: 0.00, Sum: 0.00, Workers: 4
[5430.827s][debug][gc,phases      ] GC(212)     Dead                           Min: 0, Avg:  0.0, Max: 0, Diff: 0, Sum: 0, Workers: 4
[5430.827s][debug][gc,phases      ] GC(212)     Total                          Min: 0, Avg:  0.0, Max: 0, Diff: 0, Sum: 0, Workers: 4
[5430.827s][debug][gc,phases      ] GC(212)   StringDedup Requests0 Weak     Min: 0.00, Avg: 0.00, Max: 0.00, Diff: 0.00, Sum: 0.00, Workers: 4
[5430.827s][debug][gc,phases      ] GC(212)     Dead                           Min: 0, Avg:  0.0, Max: 0, Diff: 0, Sum: 0, Workers: 4
[5430.827s][debug][gc,phases      ] GC(212)     Total                          Min: 0, Avg:  0.0, Max: 0, Diff: 0, Sum: 0, Workers: 4
[5430.827s][debug][gc,phases      ] GC(212)   StringDedup Requests1 Weak     Min: 0.00, Avg: 0.00, Max: 0.00, Diff: 0.00, Sum: 0.00, Workers: 4
[5430.827s][debug][gc,phases      ] GC(212)     Dead                           Min: 0, Avg:  0.0, Max: 0, Diff: 0, Sum: 0, Workers: 4
[5430.827s][debug][gc,phases      ] GC(212)     Total                          Min: 0, Avg:  0.0, Max: 0, Diff: 0, Sum: 0, Workers: 4
[5430.827s][debug][gc,phases      ] GC(212)   Weak JFR Old Object Samples    Min: 0.00, Avg: 0.00, Max: 0.00, Diff: 0.00, Sum: 0.00, Workers: 4
[5430.827s][debug][gc,phases      ] GC(212)     Dead                           Min: 0, Avg:  0.0, Max: 0, Diff: 0, Sum: 0, Workers: 4
[5430.827s][debug][gc,phases      ] GC(212)     Total                          Min: 0, Avg:  0.0, Max: 0, Diff: 0, Sum: 0, Workers: 4
[5430.827s][debug][gc,phases      ] GC(212) Weak Processing 0.498ms
[5430.827s][debug][gc,age         ] GC(212) Desired survivor size 29884416 bytes, new threshold 1 (max threshold 15)
[5430.827s][info ][gc,heap        ] GC(212) PSYoungGen: 2039376K(2066944K)->4096K(2065920K) Eden: 2035712K(2035712K)->0K(2035712K) From: 3664K(31232K)->4096K(30208K)
[5430.827s][info ][gc,heap        ] GC(212) ParOldGen: 1589745K(1589760K)->1590509K(1590784K)
[5430.827s][info ][gc,metaspace   ] GC(212) Metaspace: 112866K(114176K)->112866K(114176K) NonClass: 96484K(97216K)->96484K(97216K) Class: 16381K(16960K)->16381K(16960K)
[5430.827s][info ][gc             ] GC(212) Pause Young (Allocation Failure) 3544M->1557M(3571M) 16.963ms
[5430.827s][info ][gc,cpu         ] GC(212) User=0.02s Sys=0.01s Real=0.01s
[5430.827s][info ][safepoint      ] Safepoint "ParallelCollectForAllocation", Time since last: 19901709712 ns, Reaching safepoint: 8800 ns, At safepoint: 17045971 ns, Leaving safepoint: 114999 ns, Total: 17169770 ns, Threads: 0 runnable, 40 total
[5452.697s][info ][gc,start       ] GC(213) Pause Young (Allocation Failure)
[5452.718s][debug][gc,phases      ] GC(213) Scavenge 21.317ms
[5452.718s][debug][gc,ref         ] GC(213) ReferenceProcessor::execute queues: 1, RefProcThreadModel::Single, marks_oops_alive: false
[5452.718s][debug][gc,ref         ] GC(213) Skipped KeepAliveFinalRefsPhase of Reference Processing: no references
[5452.718s][debug][gc,ref         ] GC(213) Skipped PhantomRefsPhase of Reference Processing: no references
[5452.718s][debug][gc,phases      ] GC(213) Reference Processing 0.109ms
[5452.719s][debug][gc,phases      ] GC(213)   VM Weak                        Min: 0.00, Avg: 0.00, Max: 0.01, Diff: 0.01, Sum: 0.01, Workers: 4
[5452.719s][debug][gc,phases      ] GC(213)     Dead                           Min: 0, Avg:  0.0, Max: 0, Diff: 0, Sum: 0, Workers: 4
[5452.719s][debug][gc,phases      ] GC(213)     Total                          Min: 0, Avg: 240.5, Max: 962, Diff: 962, Sum: 962, Workers: 4
[5452.719s][debug][gc,phases      ] GC(213)   ObjectSynchronizer Weak        Min: 0.00, Avg: 0.00, Max: 0.00, Diff: 0.00, Sum: 0.00, Workers: 4
[5452.719s][debug][gc,phases      ] GC(213)     Dead                           Min: 0, Avg:  0.0, Max: 0, Diff: 0, Sum: 0, Workers: 4
[5452.719s][debug][gc,phases      ] GC(213)     Total                          Min: 0, Avg:  1.5, Max: 6, Diff: 6, Sum: 6, Workers: 4
[5452.719s][debug][gc,phases      ] GC(213)   JVMTI Tag Weak OopStorage      Min: 0.00, Avg: 0.00, Max: 0.00, Diff: 0.00, Sum: 0.00, Workers: 4
[5452.719s][debug][gc,phases      ] GC(213)     Dead                           Min: 0, Avg:  0.0, Max: 0, Diff: 0, Sum: 0, Workers: 4
[5452.719s][debug][gc,phases      ] GC(213)     Total                          Min: 0, Avg:  0.0, Max: 0, Diff: 0, Sum: 0, Workers: 4
[5452.719s][debug][gc,phases      ] GC(213)   StringTable Weak               Min: 0.00, Avg: 0.10, Max: 0.23, Diff: 0.23, Sum: 0.42, Workers: 4
[5452.719s][debug][gc,phases      ] GC(213)     Dead                           Min: 0, Avg:  0.0, Max: 0, Diff: 0, Sum: 0, Workers: 4
[5452.719s][debug][gc,phases      ] GC(213)     Total                          Min: 0, Avg: 12819.0, Max: 29184, Diff: 29184, Sum: 51276, Workers: 4
[5452.719s][debug][gc,phases      ] GC(213)   ResolvedMethodTable Weak       Min: 0.00, Avg: 0.03, Max: 0.07, Diff: 0.07, Sum: 0.13, Workers: 4
[5452.719s][debug][gc,phases      ] GC(213)     Dead                           Min: 0, Avg:  5.0, Max: 20, Diff: 20, Sum: 20, Workers: 4
[5452.719s][debug][gc,phases      ] GC(213)     Total                          Min: 0, Avg: 4345.0, Max: 8695, Diff: 8695, Sum: 17380, Workers: 4
[5452.719s][debug][gc,phases      ] GC(213)   JNI Weak                       Min: 0.00, Avg: 0.00, Max: 0.00, Diff: 0.00, Sum: 0.00, Workers: 4
[5452.719s][debug][gc,phases      ] GC(213)     Dead                           Min: 0, Avg:  0.0, Max: 0, Diff: 0, Sum: 0, Workers: 4
[5452.719s][debug][gc,phases      ] GC(213)     Total                          Min: 0, Avg: 13.0, Max: 48, Diff: 48, Sum: 52, Workers: 4
[5452.719s][debug][gc,phases      ] GC(213)   StringDedup Table Weak         Min: 0.00, Avg: 0.00, Max: 0.00, Diff: 0.00, Sum: 0.00, Workers: 4
[5452.719s][debug][gc,phases      ] GC(213)     Dead                           Min: 0, Avg:  0.0, Max: 0, Diff: 0, Sum: 0, Workers: 4
[5452.719s][debug][gc,phases      ] GC(213)     Total                          Min: 0, Avg:  0.0, Max: 0, Diff: 0, Sum: 0, Workers: 4
[5452.719s][debug][gc,phases      ] GC(213)   StringDedup Requests0 Weak     Min: 0.00, Avg: 0.00, Max: 0.00, Diff: 0.00, Sum: 0.00, Workers: 4
[5452.719s][debug][gc,phases      ] GC(213)     Dead                           Min: 0, Avg:  0.0, Max: 0, Diff: 0, Sum: 0, Workers: 4
[5452.719s][debug][gc,phases      ] GC(213)     Total                          Min: 0, Avg:  0.0, Max: 0, Diff: 0, Sum: 0, Workers: 4
[5452.719s][debug][gc,phases      ] GC(213)   StringDedup Requests1 Weak     Min: 0.00, Avg: 0.00, Max: 0.00, Diff: 0.00, Sum: 0.00, Workers: 4
[5452.719s][debug][gc,phases      ] GC(213)     Dead                           Min: 0, Avg:  0.0, Max: 0, Diff: 0, Sum: 0, Workers: 4
[5452.719s][debug][gc,phases      ] GC(213)     Total                          Min: 0, Avg:  0.0, Max: 0, Diff: 0, Sum: 0, Workers: 4
[5452.719s][debug][gc,phases      ] GC(213)   Weak JFR Old Object Samples    Min: 0.00, Avg: 0.00, Max: 0.00, Diff: 0.00, Sum: 0.00, Workers: 4
[5452.719s][debug][gc,phases      ] GC(213)     Dead                           Min: 0, Avg:  0.0, Max: 0, Diff: 0, Sum: 0, Workers: 4
[5452.719s][debug][gc,phases      ] GC(213)     Total                          Min: 0, Avg:  0.0, Max: 0, Diff: 0, Sum: 0, Workers: 4
[5452.719s][debug][gc,phases      ] GC(213) Weak Processing 0.551ms
[5452.719s][debug][gc,age         ] GC(213) Desired survivor size 28835840 bytes, new threshold 1 (max threshold 15)
[5452.719s][info ][gc,heap        ] GC(213) PSYoungGen: 2039808K(2065920K)->3232K(2068992K) Eden: 2035712K(2035712K)->0K(2039808K) From: 4096K(30208K)->3232K(29184K)
[5452.719s][info ][gc,heap        ] GC(213) ParOldGen: 1590509K(1590784K)->1591665K(1591808K)
[5452.719s][info ][gc,metaspace   ] GC(213) Metaspace: 112870K(114176K)->112870K(114176K) NonClass: 96488K(97216K)->96488K(97216K) Class: 16381K(16960K)->16381K(16960K)
[5452.719s][info ][gc             ] GC(213) Pause Young (Allocation Failure) 3545M->1557M(3575M) 22.123ms
[5452.719s][info ][gc,cpu         ] GC(213) User=0.02s Sys=0.01s Real=0.03s
[5452.719s][info ][safepoint      ] Safepoint "ParallelCollectForAllocation", Time since last: 21865108881 ns, Reaching safepoint: 4278380 ns, At safepoint: 22206199 ns, Leaving safepoint: 106699 ns, Total: 26591278 ns, Threads: 1 runnable, 40 total
[5466.403s][info ][gc,start       ] GC(214) Pause Young (Allocation Failure)
[5466.415s][debug][gc,phases      ] GC(214) Scavenge 12.230ms
[5466.415s][debug][gc,ref         ] GC(214) Skipped SoftWeakFinalRefsPhase of Reference Processing: no references
[5466.415s][debug][gc,ref         ] GC(214) Skipped KeepAliveFinalRefsPhase of Reference Processing: no references
[5466.415s][debug][gc,ref         ] GC(214) Skipped PhantomRefsPhase of Reference Processing: no references
[5466.415s][debug][gc,phases      ] GC(214) Reference Processing 0.019ms
[5466.415s][debug][gc,phases      ] GC(214)   VM Weak                        Min: 0.00, Avg: 0.00, Max: 0.00, Diff: 0.00, Sum: 0.01, Workers: 4
[5466.415s][debug][gc,phases      ] GC(214)     Dead                           Min: 0, Avg:  0.0, Max: 0, Diff: 0, Sum: 0, Workers: 4
[5466.415s][debug][gc,phases      ] GC(214)     Total                          Min: 0, Avg: 240.5, Max: 448, Diff: 448, Sum: 962, Workers: 4
[5466.415s][debug][gc,phases      ] GC(214)   ObjectSynchronizer Weak        Min: 0.00, Avg: 0.00, Max: 0.00, Diff: 0.00, Sum: 0.00, Workers: 4
[5466.415s][debug][gc,phases      ] GC(214)     Dead                           Min: 0, Avg:  0.0, Max: 0, Diff: 0, Sum: 0, Workers: 4
[5466.415s][debug][gc,phases      ] GC(214)     Total                          Min: 0, Avg:  1.5, Max: 6, Diff: 6, Sum: 6, Workers: 4
[5466.415s][debug][gc,phases      ] GC(214)   JVMTI Tag Weak OopStorage      Min: 0.00, Avg: 0.00, Max: 0.00, Diff: 0.00, Sum: 0.00, Workers: 4
[5466.415s][debug][gc,phases      ] GC(214)     Dead                           Min: 0, Avg:  0.0, Max: 0, Diff: 0, Sum: 0, Workers: 4
[5466.415s][debug][gc,phases      ] GC(214)     Total                          Min: 0, Avg:  0.0, Max: 0, Diff: 0, Sum: 0, Workers: 4
[5466.415s][debug][gc,phases      ] GC(214)   StringTable Weak               Min: 0.00, Avg: 0.09, Max: 0.13, Diff: 0.13, Sum: 0.38, Workers: 4
[5466.415s][debug][gc,phases      ] GC(214)     Dead                           Min: 0, Avg:  0.0, Max: 0, Diff: 0, Sum: 0, Workers: 4
[5466.415s][debug][gc,phases      ] GC(214)     Total                          Min: 0, Avg: 12819.0, Max: 22272, Diff: 22272, Sum: 51276, Workers: 4
[5466.415s][debug][gc,phases      ] GC(214)   ResolvedMethodTable Weak       Min: 0.00, Avg: 0.03, Max: 0.04, Diff: 0.04, Sum: 0.13, Workers: 4
[5466.415s][debug][gc,phases      ] GC(214)     Dead                           Min: 0, Avg:  5.5, Max: 21, Diff: 21, Sum: 22, Workers: 4
[5466.415s][debug][gc,phases      ] GC(214)     Total                          Min: 0, Avg: 4345.0, Max: 7468, Diff: 7468, Sum: 17380, Workers: 4
[5466.415s][debug][gc,phases      ] GC(214)   JNI Weak                       Min: 0.00, Avg: 0.00, Max: 0.00, Diff: 0.00, Sum: 0.00, Workers: 4
[5466.415s][debug][gc,phases      ] GC(214)     Dead                           Min: 0, Avg:  0.0, Max: 0, Diff: 0, Sum: 0, Workers: 4
[5466.415s][debug][gc,phases      ] GC(214)     Total                          Min: 0, Avg: 13.0, Max: 48, Diff: 48, Sum: 52, Workers: 4
[5466.415s][debug][gc,phases      ] GC(214)   StringDedup Table Weak         Min: 0.00, Avg: 0.00, Max: 0.00, Diff: 0.00, Sum: 0.00, Workers: 4
[5466.415s][debug][gc,phases      ] GC(214)     Dead                           Min: 0, Avg:  0.0, Max: 0, Diff: 0, Sum: 0, Workers: 4
[5466.415s][debug][gc,phases      ] GC(214)     Total                          Min: 0, Avg:  0.0, Max: 0, Diff: 0, Sum: 0, Workers: 4
[5466.415s][debug][gc,phases      ] GC(214)   StringDedup Requests0 Weak     Min: 0.00, Avg: 0.00, Max: 0.00, Diff: 0.00, Sum: 0.00, Workers: 4
[5466.415s][debug][gc,phases      ] GC(214)     Dead                           Min: 0, Avg:  0.0, Max: 0, Diff: 0, Sum: 0, Workers: 4
[5466.415s][debug][gc,phases      ] GC(214)     Total                          Min: 0, Avg:  0.0, Max: 0, Diff: 0, Sum: 0, Workers: 4
[5466.415s][debug][gc,phases      ] GC(214)   StringDedup Requests1 Weak     Min: 0.00, Avg: 0.00, Max: 0.00, Diff: 0.00, Sum: 0.00, Workers: 4
[5466.415s][debug][gc,phases      ] GC(214)     Dead                           Min: 0, Avg:  0.0, Max: 0, Diff: 0, Sum: 0, Workers: 4
[5466.415s][debug][gc,phases      ] GC(214)     Total                          Min: 0, Avg:  0.0, Max: 0, Diff: 0, Sum: 0, Workers: 4
[5466.415s][debug][gc,phases      ] GC(214)   Weak JFR Old Object Samples    Min: 0.00, Avg: 0.00, Max: 0.00, Diff: 0.00, Sum: 0.00, Workers: 4
[5466.415s][debug][gc,phases      ] GC(214)     Dead                           Min: 0, Avg:  0.0, Max: 0, Diff: 0, Sum: 0, Workers: 4
[5466.415s][debug][gc,phases      ] GC(214)     Total                          Min: 0, Avg:  0.0, Max: 0, Diff: 0, Sum: 0, Workers: 4
[5466.415s][debug][gc,phases      ] GC(214) Weak Processing 0.344ms
[5466.415s][debug][gc,age         ] GC(214) Desired survivor size 31457280 bytes, new threshold 1 (max threshold 15)
[5466.415s][info ][gc,heap        ] GC(214) PSYoungGen: 2043040K(2068992K)->20064K(2060288K) Eden: 2039808K(2039808K)->0K(2039808K) From: 3232K(29184K)->20064K(20480K)
[5466.415s][info ][gc,heap        ] GC(214) ParOldGen: 1591665K(1591808K)->1591933K(1592320K)
[5466.415s][info ][gc,metaspace   ] GC(214) Metaspace: 112878K(114176K)->112878K(114176K) NonClass: 96496K(97216K)->96496K(97216K) Class: 16381K(16960K)->16381K(16960K)
[5466.415s][info ][gc             ] GC(214) Pause Young (Allocation Failure) 3549M->1574M(3567M) 12.694ms
[5466.415s][info ][gc,cpu         ] GC(214) User=0.05s Sys=0.00s Real=0.01s
[5466.415s][info ][safepoint      ] Safepoint "ParallelCollectForAllocation", Time since last: 13683278807 ns, Reaching safepoint: 93900 ns, At safepoint: 12778441 ns, Leaving safepoint: 10000 ns, Total: 12882341 ns, Threads: 1 runnable, 40 total
[5477.896s][info ][gc,start       ] GC(215) Pause Young (Allocation Failure)
[5477.913s][debug][gc,phases      ] GC(215) Scavenge 16.997ms
[5477.913s][debug][gc,ref         ] GC(215) ReferenceProcessor::execute queues: 1, RefProcThreadModel::Single, marks_oops_alive: false
[5477.913s][debug][gc,ref         ] GC(215) Skipped KeepAliveFinalRefsPhase of Reference Processing: no references
[5477.913s][debug][gc,ref         ] GC(215) Skipped PhantomRefsPhase of Reference Processing: no references
[5477.913s][debug][gc,phases      ] GC(215) Reference Processing 0.092ms
[5477.913s][debug][gc,phases      ] GC(215)   VM Weak                        Min: 0.00, Avg: 0.00, Max: 0.01, Diff: 0.01, Sum: 0.01, Workers: 4
[5477.913s][debug][gc,phases      ] GC(215)     Dead                           Min: 0, Avg:  0.0, Max: 0, Diff: 0, Sum: 0, Workers: 4
[5477.913s][debug][gc,phases      ] GC(215)     Total                          Min: 0, Avg: 240.5, Max: 770, Diff: 770, Sum: 962, Workers: 4
[5477.913s][debug][gc,phases      ] GC(215)   ObjectSynchronizer Weak        Min: 0.00, Avg: 0.00, Max: 0.00, Diff: 0.00, Sum: 0.00, Workers: 4
[5477.913s][debug][gc,phases      ] GC(215)     Dead                           Min: 0, Avg:  0.0, Max: 0, Diff: 0, Sum: 0, Workers: 4
[5477.913s][debug][gc,phases      ] GC(215)     Total                          Min: 0, Avg:  1.5, Max: 6, Diff: 6, Sum: 6, Workers: 4
[5477.913s][debug][gc,phases      ] GC(215)   JVMTI Tag Weak OopStorage      Min: 0.00, Avg: 0.00, Max: 0.00, Diff: 0.00, Sum: 0.00, Workers: 4
[5477.913s][debug][gc,phases      ] GC(215)     Dead                           Min: 0, Avg:  0.0, Max: 0, Diff: 0, Sum: 0, Workers: 4
[5477.913s][debug][gc,phases      ] GC(215)     Total                          Min: 0, Avg:  0.0, Max: 0, Diff: 0, Sum: 0, Workers: 4
[5477.913s][debug][gc,phases      ] GC(215)   StringTable Weak               Min: 0.00, Avg: 0.09, Max: 0.13, Diff: 0.13, Sum: 0.37, Workers: 4
[5477.913s][debug][gc,phases      ] GC(215)     Dead                           Min: 0, Avg:  0.0, Max: 0, Diff: 0, Sum: 0, Workers: 4
[5477.913s][debug][gc,phases      ] GC(215)     Total                          Min: 0, Avg: 12819.0, Max: 21952, Diff: 21952, Sum: 51276, Workers: 4
[5477.913s][debug][gc,phases      ] GC(215)   ResolvedMethodTable Weak       Min: 0.00, Avg: 0.03, Max: 0.04, Diff: 0.04, Sum: 0.13, Workers: 4
[5477.913s][debug][gc,phases      ] GC(215)     Dead                           Min: 0, Avg:  0.0, Max: 0, Diff: 0, Sum: 0, Workers: 4
[5477.913s][debug][gc,phases      ] GC(215)     Total                          Min: 0, Avg: 4345.0, Max: 7657, Diff: 7657, Sum: 17380, Workers: 4
[5477.913s][debug][gc,phases      ] GC(215)   JNI Weak                       Min: 0.00, Avg: 0.00, Max: 0.00, Diff: 0.00, Sum: 0.00, Workers: 4
[5477.913s][debug][gc,phases      ] GC(215)     Dead                           Min: 0, Avg:  0.0, Max: 0, Diff: 0, Sum: 0, Workers: 4
[5477.913s][debug][gc,phases      ] GC(215)     Total                          Min: 0, Avg: 13.0, Max: 48, Diff: 48, Sum: 52, Workers: 4
[5477.913s][debug][gc,phases      ] GC(215)   StringDedup Table Weak         Min: 0.00, Avg: 0.00, Max: 0.00, Diff: 0.00, Sum: 0.00, Workers: 4
[5477.913s][debug][gc,phases      ] GC(215)     Dead                           Min: 0, Avg:  0.0, Max: 0, Diff: 0, Sum: 0, Workers: 4
[5477.913s][debug][gc,phases      ] GC(215)     Total                          Min: 0, Avg:  0.0, Max: 0, Diff: 0, Sum: 0, Workers: 4
[5477.913s][debug][gc,phases      ] GC(215)   StringDedup Requests0 Weak     Min: 0.00, Avg: 0.00, Max: 0.00, Diff: 0.00, Sum: 0.00, Workers: 4
[5477.913s][debug][gc,phases      ] GC(215)     Dead                           Min: 0, Avg:  0.0, Max: 0, Diff: 0, Sum: 0, Workers: 4
[5477.913s][debug][gc,phases      ] GC(215)     Total                          Min: 0, Avg:  0.0, Max: 0, Diff: 0, Sum: 0, Workers: 4
[5477.913s][debug][gc,phases      ] GC(215)   StringDedup Requests1 Weak     Min: 0.00, Avg: 0.00, Max: 0.00, Diff: 0.00, Sum: 0.00, Workers: 4
[5477.913s][debug][gc,phases      ] GC(215)     Dead                           Min: 0, Avg:  0.0, Max: 0, Diff: 0, Sum: 0, Workers: 4
[5477.913s][debug][gc,phases      ] GC(215)     Total                          Min: 0, Avg:  0.0, Max: 0, Diff: 0, Sum: 0, Workers: 4
[5477.913s][debug][gc,phases      ] GC(215)   Weak JFR Old Object Samples    Min: 0.00, Avg: 0.00, Max: 0.00, Diff: 0.00, Sum: 0.00, Workers: 4
[5477.913s][debug][gc,phases      ] GC(215)     Dead                           Min: 0, Avg:  0.0, Max: 0, Diff: 0, Sum: 0, Workers: 4
[5477.913s][debug][gc,phases      ] GC(215)     Total                          Min: 0, Avg:  0.0, Max: 0, Diff: 0, Sum: 0, Workers: 4
[5477.913s][debug][gc,phases      ] GC(215) Weak Processing 0.361ms
[5477.913s][debug][gc,age         ] GC(215) Desired survivor size 33030144 bytes, new threshold 1 (max threshold 15)
[5477.913s][info ][gc,heap        ] GC(215) PSYoungGen: 2059872K(2060288K)->19376K(2063360K) Eden: 2039808K(2039808K)->0K(2032640K) From: 20064K(20480K)->19376K(30720K)
[5477.913s][info ][gc,heap        ] GC(215) ParOldGen: 1591933K(1592320K)->1606829K(1607168K)
[5477.913s][info ][gc,metaspace   ] GC(215) Metaspace: 112879K(114176K)->112879K(114176K) NonClass: 96497K(97216K)->96497K(97216K) Class: 16381K(16960K)->16381K(16960K)
[5477.913s][info ][gc             ] GC(215) Pause Young (Allocation Failure) 3566M->1588M(3584M) 17.562ms
[5477.913s][info ][gc,cpu         ] GC(215) User=0.05s Sys=0.01s Real=0.02s
[5477.913s][info ][safepoint      ] Safepoint "ParallelCollectForAllocation", Time since last: 11480412090 ns, Reaching safepoint: 83499 ns, At safepoint: 17626819 ns, Leaving safepoint: 14900 ns, Total: 17725218 ns, Threads: 1 runnable, 37 total
[5492.265s][info ][gc,start       ] GC(216) Pause Young (Allocation Failure)
[5492.282s][debug][gc,phases      ] GC(216) Scavenge 16.949ms
[5492.282s][debug][gc,ref         ] GC(216) ReferenceProcessor::execute queues: 1, RefProcThreadModel::Single, marks_oops_alive: false
[5492.282s][debug][gc,ref         ] GC(216) Skipped KeepAliveFinalRefsPhase of Reference Processing: no references
[5492.282s][debug][gc,ref         ] GC(216) ReferenceProcessor::execute queues: 1, RefProcThreadModel::Single, marks_oops_alive: false
[5492.282s][debug][gc,phases      ] GC(216) Reference Processing 0.126ms
[5492.283s][debug][gc,phases      ] GC(216)   VM Weak                        Min: 0.00, Avg: 0.00, Max: 0.01, Diff: 0.01, Sum: 0.01, Workers: 4
[5492.283s][debug][gc,phases      ] GC(216)     Dead                           Min: 0, Avg:  0.0, Max: 0, Diff: 0, Sum: 0, Workers: 4
[5492.283s][debug][gc,phases      ] GC(216)     Total                          Min: 0, Avg: 240.5, Max: 512, Diff: 512, Sum: 962, Workers: 4
[5492.283s][debug][gc,phases      ] GC(216)   ObjectSynchronizer Weak        Min: 0.00, Avg: 0.00, Max: 0.00, Diff: 0.00, Sum: 0.00, Workers: 4
[5492.283s][debug][gc,phases      ] GC(216)     Dead                           Min: 0, Avg:  0.0, Max: 0, Diff: 0, Sum: 0, Workers: 4
[5492.283s][debug][gc,phases      ] GC(216)     Total                          Min: 0, Avg:  1.8, Max: 7, Diff: 7, Sum: 7, Workers: 4
[5492.283s][debug][gc,phases      ] GC(216)   JVMTI Tag Weak OopStorage      Min: 0.00, Avg: 0.00, Max: 0.00, Diff: 0.00, Sum: 0.00, Workers: 4
[5492.283s][debug][gc,phases      ] GC(216)     Dead                           Min: 0, Avg:  0.0, Max: 0, Diff: 0, Sum: 0, Workers: 4
[5492.283s][debug][gc,phases      ] GC(216)     Total                          Min: 0, Avg:  0.0, Max: 0, Diff: 0, Sum: 0, Workers: 4
[5492.283s][debug][gc,phases      ] GC(216)   StringTable Weak               Min: 0.00, Avg: 0.09, Max: 0.13, Diff: 0.13, Sum: 0.38, Workers: 4
[5492.283s][debug][gc,phases      ] GC(216)     Dead                           Min: 0, Avg:  0.0, Max: 0, Diff: 0, Sum: 0, Workers: 4
[5492.283s][debug][gc,phases      ] GC(216)     Total                          Min: 0, Avg: 12819.0, Max: 21888, Diff: 21888, Sum: 51276, Workers: 4
[5492.283s][debug][gc,phases      ] GC(216)   ResolvedMethodTable Weak       Min: 0.00, Avg: 0.03, Max: 0.04, Diff: 0.04, Sum: 0.13, Workers: 4
[5492.283s][debug][gc,phases      ] GC(216)     Dead                           Min: 0, Avg:  5.0, Max: 19, Diff: 19, Sum: 20, Workers: 4
[5492.283s][debug][gc,phases      ] GC(216)     Total                          Min: 0, Avg: 4345.0, Max: 7466, Diff: 7466, Sum: 17380, Workers: 4
[5492.283s][debug][gc,phases      ] GC(216)   JNI Weak                       Min: 0.00, Avg: 0.00, Max: 0.00, Diff: 0.00, Sum: 0.00, Workers: 4
[5492.283s][debug][gc,phases      ] GC(216)     Dead                           Min: 0, Avg:  0.0, Max: 0, Diff: 0, Sum: 0, Workers: 4
[5492.283s][debug][gc,phases      ] GC(216)     Total                          Min: 0, Avg: 13.0, Max: 52, Diff: 52, Sum: 52, Workers: 4
[5492.283s][debug][gc,phases      ] GC(216)   StringDedup Table Weak         Min: 0.00, Avg: 0.00, Max: 0.00, Diff: 0.00, Sum: 0.00, Workers: 4
[5492.283s][debug][gc,phases      ] GC(216)     Dead                           Min: 0, Avg:  0.0, Max: 0, Diff: 0, Sum: 0, Workers: 4
[5492.283s][debug][gc,phases      ] GC(216)     Total                          Min: 0, Avg:  0.0, Max: 0, Diff: 0, Sum: 0, Workers: 4
[5492.283s][debug][gc,phases      ] GC(216)   StringDedup Requests0 Weak     Min: 0.00, Avg: 0.00, Max: 0.00, Diff: 0.00, Sum: 0.00, Workers: 4
[5492.283s][debug][gc,phases      ] GC(216)     Dead                           Min: 0, Avg:  0.0, Max: 0, Diff: 0, Sum: 0, Workers: 4
[5492.283s][debug][gc,phases      ] GC(216)     Total                          Min: 0, Avg:  0.0, Max: 0, Diff: 0, Sum: 0, Workers: 4
[5492.283s][debug][gc,phases      ] GC(216)   StringDedup Requests1 Weak     Min: 0.00, Avg: 0.00, Max: 0.00, Diff: 0.00, Sum: 0.00, Workers: 4
[5492.283s][debug][gc,phases      ] GC(216)     Dead                           Min: 0, Avg:  0.0, Max: 0, Diff: 0, Sum: 0, Workers: 4
[5492.283s][debug][gc,phases      ] GC(216)     Total                          Min: 0, Avg:  0.0, Max: 0, Diff: 0, Sum: 0, Workers: 4
[5492.283s][debug][gc,phases      ] GC(216)   Weak JFR Old Object Samples    Min: 0.00, Avg: 0.00, Max: 0.00, Diff: 0.00, Sum: 0.00, Workers: 4
[5492.283s][debug][gc,phases      ] GC(216)     Dead                           Min: 0, Avg:  0.0, Max: 0, Diff: 0, Sum: 0, Workers: 4
[5492.283s][debug][gc,phases      ] GC(216)     Total                          Min: 0, Avg:  0.0, Max: 0, Diff: 0, Sum: 0, Workers: 4
[5492.283s][debug][gc,phases      ] GC(216) Weak Processing 0.353ms
[5492.283s][debug][gc,age         ] GC(216) Desired survivor size 33554432 bytes, new threshold 1 (max threshold 15)
[5492.283s][info ][gc,heap        ] GC(216) PSYoungGen: 2051818K(2063360K)->18745K(2051584K) Eden: 2032441K(2032640K)->0K(2032640K) From: 19376K(30720K)->18745K(18944K)
[5492.283s][info ][gc,heap        ] GC(216) ParOldGen: 1606829K(1607168K)->1623518K(1623552K)
[5492.283s][info ][gc,metaspace   ] GC(216) Metaspace: 112882K(114176K)->112882K(114176K) NonClass: 96500K(97216K)->96500K(97216K) Class: 16381K(16960K)->16381K(16960K)
[5492.283s][info ][gc             ] GC(216) Pause Young (Allocation Failure) 3572M->1603M(3589M) 17.555ms
[5492.283s][info ][gc,cpu         ] GC(216) User=0.06s Sys=0.01s Real=0.02s
[5492.283s][info ][safepoint      ] Safepoint "ParallelCollectForAllocation", Time since last: 14351635050 ns, Reaching safepoint: 85599 ns, At safepoint: 17623618 ns, Leaving safepoint: 26600 ns, Total: 17735817 ns, Threads: 2 runnable, 41 total
[5513.944s][info ][gc,start       ] GC(217) Pause Young (Allocation Failure)
[5513.964s][debug][gc,phases      ] GC(217) Scavenge 20.239ms
[5513.964s][debug][gc,ref         ] GC(217) ReferenceProcessor::execute queues: 1, RefProcThreadModel::Single, marks_oops_alive: false
[5513.964s][debug][gc,ref         ] GC(217) Skipped KeepAliveFinalRefsPhase of Reference Processing: no references
[5513.964s][debug][gc,ref         ] GC(217) ReferenceProcessor::execute queues: 1, RefProcThreadModel::Single, marks_oops_alive: false
[5513.964s][debug][gc,phases      ] GC(217) Reference Processing 0.099ms
[5513.964s][debug][gc,phases      ] GC(217)   VM Weak                        Min: 0.00, Avg: 0.00, Max: 0.01, Diff: 0.01, Sum: 0.01, Workers: 4
[5513.964s][debug][gc,phases      ] GC(217)     Dead                           Min: 0, Avg:  0.0, Max: 0, Diff: 0, Sum: 0, Workers: 4
[5513.964s][debug][gc,phases      ] GC(217)     Total                          Min: 0, Avg: 240.5, Max: 642, Diff: 642, Sum: 962, Workers: 4
[5513.964s][debug][gc,phases      ] GC(217)   ObjectSynchronizer Weak        Min: 0.00, Avg: 0.00, Max: 0.00, Diff: 0.00, Sum: 0.00, Workers: 4
[5513.964s][debug][gc,phases      ] GC(217)     Dead                           Min: 0, Avg:  0.0, Max: 0, Diff: 0, Sum: 0, Workers: 4
[5513.964s][debug][gc,phases      ] GC(217)     Total                          Min: 0, Avg:  1.8, Max: 7, Diff: 7, Sum: 7, Workers: 4
[5513.964s][debug][gc,phases      ] GC(217)   JVMTI Tag Weak OopStorage      Min: 0.00, Avg: 0.00, Max: 0.00, Diff: 0.00, Sum: 0.00, Workers: 4
[5513.964s][debug][gc,phases      ] GC(217)     Dead                           Min: 0, Avg:  0.0, Max: 0, Diff: 0, Sum: 0, Workers: 4
[5513.964s][debug][gc,phases      ] GC(217)     Total                          Min: 0, Avg:  0.0, Max: 0, Diff: 0, Sum: 0, Workers: 4
[5513.964s][debug][gc,phases      ] GC(217)   StringTable Weak               Min: 0.00, Avg: 0.10, Max: 0.13, Diff: 0.13, Sum: 0.39, Workers: 4
[5513.964s][debug][gc,phases      ] GC(217)     Dead                           Min: 0, Avg:  0.2, Max: 1, Diff: 1, Sum: 1, Workers: 4
[5513.964s][debug][gc,phases      ] GC(217)     Total                          Min: 0, Avg: 12834.0, Max: 22336, Diff: 22336, Sum: 51336, Workers: 4
[5513.964s][debug][gc,phases      ] GC(217)   ResolvedMethodTable Weak       Min: 0.00, Avg: 0.03, Max: 0.05, Diff: 0.05, Sum: 0.13, Workers: 4
[5513.964s][debug][gc,phases      ] GC(217)     Dead                           Min: 0, Avg:  6.8, Max: 16, Diff: 16, Sum: 27, Workers: 4
[5513.964s][debug][gc,phases      ] GC(217)     Total                          Min: 0, Avg: 4350.5, Max: 7552, Diff: 7552, Sum: 17402, Workers: 4
[5513.964s][debug][gc,phases      ] GC(217)   JNI Weak                       Min: 0.00, Avg: 0.00, Max: 0.00, Diff: 0.00, Sum: 0.00, Workers: 4
[5513.964s][debug][gc,phases      ] GC(217)     Dead                           Min: 0, Avg:  0.0, Max: 0, Diff: 0, Sum: 0, Workers: 4
[5513.964s][debug][gc,phases      ] GC(217)     Total                          Min: 0, Avg: 13.0, Max: 52, Diff: 52, Sum: 52, Workers: 4
[5513.964s][debug][gc,phases      ] GC(217)   StringDedup Table Weak         Min: 0.00, Avg: 0.00, Max: 0.00, Diff: 0.00, Sum: 0.00, Workers: 4
[5513.964s][debug][gc,phases      ] GC(217)     Dead                           Min: 0, Avg:  0.0, Max: 0, Diff: 0, Sum: 0, Workers: 4
[5513.964s][debug][gc,phases      ] GC(217)     Total                          Min: 0, Avg:  0.0, Max: 0, Diff: 0, Sum: 0, Workers: 4
[5513.964s][debug][gc,phases      ] GC(217)   StringDedup Requests0 Weak     Min: 0.00, Avg: 0.00, Max: 0.00, Diff: 0.00, Sum: 0.00, Workers: 4
[5513.964s][debug][gc,phases      ] GC(217)     Dead                           Min: 0, Avg:  0.0, Max: 0, Diff: 0, Sum: 0, Workers: 4
[5513.964s][debug][gc,phases      ] GC(217)     Total                          Min: 0, Avg:  0.0, Max: 0, Diff: 0, Sum: 0, Workers: 4
[5513.964s][debug][gc,phases      ] GC(217)   StringDedup Requests1 Weak     Min: 0.00, Avg: 0.00, Max: 0.00, Diff: 0.00, Sum: 0.00, Workers: 4
[5513.964s][debug][gc,phases      ] GC(217)     Dead                           Min: 0, Avg:  0.0, Max: 0, Diff: 0, Sum: 0, Workers: 4
[5513.964s][debug][gc,phases      ] GC(217)     Total                          Min: 0, Avg:  0.0, Max: 0, Diff: 0, Sum: 0, Workers: 4
[5513.964s][debug][gc,phases      ] GC(217)   Weak JFR Old Object Samples    Min: 0.00, Avg: 0.00, Max: 0.00, Diff: 0.00, Sum: 0.00, Workers: 4
[5513.964s][debug][gc,phases      ] GC(217)     Dead                           Min: 0, Avg:  0.0, Max: 0, Diff: 0, Sum: 0, Workers: 4
[5513.964s][debug][gc,phases      ] GC(217)     Total                          Min: 0, Avg:  0.0, Max: 0, Diff: 0, Sum: 0, Workers: 4
[5513.964s][debug][gc,phases      ] GC(217) Weak Processing 0.383ms
[5513.964s][debug][gc,age         ] GC(217) Desired survivor size 38797312 bytes, new threshold 1 (max threshold 15)
[5513.964s][info ][gc,heap        ] GC(217) PSYoungGen: 2051385K(2051584K)->30064K(2054144K) Eden: 2032640K(2032640K)->0K(2021376K) From: 18745K(18944K)->30064K(32768K)
[5513.964s][info ][gc,heap        ] GC(217) ParOldGen: 1623518K(1623552K)->1640406K(1640448K)
[5513.964s][info ][gc,metaspace   ] GC(217) Metaspace: 112938K(114240K)->112938K(114240K) NonClass: 96546K(97280K)->96546K(97280K) Class: 16391K(16960K)->16391K(16960K)
[5513.964s][info ][gc             ] GC(217) Pause Young (Allocation Failure) 3588M->1631M(3608M) 20.850ms
[5513.964s][info ][gc,cpu         ] GC(217) User=0.06s Sys=0.01s Real=0.02s
[5513.965s][info ][safepoint      ] Safepoint "ParallelCollectForAllocation", Time since last: 21660644909 ns, Reaching safepoint: 76900 ns, At safepoint: 20918397 ns, Leaving safepoint: 84099 ns, Total: 21079396 ns, Threads: 1 runnable, 41 total
[5550.443s][info ][gc,start       ] GC(218) Pause Young (Allocation Failure)
[5550.461s][debug][gc,phases      ] GC(218) Scavenge 17.859ms
[5550.461s][debug][gc,ref         ] GC(218) Skipped SoftWeakFinalRefsPhase of Reference Processing: no references
[5550.461s][debug][gc,ref         ] GC(218) Skipped KeepAliveFinalRefsPhase of Reference Processing: no references
[5550.461s][debug][gc,ref         ] GC(218) Skipped PhantomRefsPhase of Reference Processing: no references
[5550.461s][debug][gc,phases      ] GC(218) Reference Processing 0.024ms
[5550.461s][debug][gc,phases      ] GC(218)   VM Weak                        Min: 0.00, Avg: 0.00, Max: 0.01, Diff: 0.01, Sum: 0.01, Workers: 4
[5550.461s][debug][gc,phases      ] GC(218)     Dead                           Min: 0, Avg:  0.0, Max: 0, Diff: 0, Sum: 0, Workers: 4
[5550.461s][debug][gc,phases      ] GC(218)     Total                          Min: 0, Avg: 240.5, Max: 512, Diff: 512, Sum: 962, Workers: 4
[5550.461s][debug][gc,phases      ] GC(218)   ObjectSynchronizer Weak        Min: 0.00, Avg: 0.00, Max: 0.00, Diff: 0.00, Sum: 0.00, Workers: 4
[5550.461s][debug][gc,phases      ] GC(218)     Dead                           Min: 0, Avg:  0.0, Max: 0, Diff: 0, Sum: 0, Workers: 4
[5550.461s][debug][gc,phases      ] GC(218)     Total                          Min: 0, Avg:  1.5, Max: 6, Diff: 6, Sum: 6, Workers: 4
[5550.461s][debug][gc,phases      ] GC(218)   JVMTI Tag Weak OopStorage      Min: 0.00, Avg: 0.00, Max: 0.00, Diff: 0.00, Sum: 0.00, Workers: 4
[5550.461s][debug][gc,phases      ] GC(218)     Dead                           Min: 0, Avg:  0.0, Max: 0, Diff: 0, Sum: 0, Workers: 4
[5550.461s][debug][gc,phases      ] GC(218)     Total                          Min: 0, Avg:  0.0, Max: 0, Diff: 0, Sum: 0, Workers: 4
[5550.461s][debug][gc,phases      ] GC(218)   StringTable Weak               Min: 0.00, Avg: 0.09, Max: 0.13, Diff: 0.12, Sum: 0.37, Workers: 4
[5550.461s][debug][gc,phases      ] GC(218)     Dead                           Min: 0, Avg:  0.0, Max: 0, Diff: 0, Sum: 0, Workers: 4
[5550.461s][debug][gc,phases      ] GC(218)     Total                          Min: 0, Avg: 12834.0, Max: 22400, Diff: 22400, Sum: 51336, Workers: 4
[5550.461s][debug][gc,phases      ] GC(218)   ResolvedMethodTable Weak       Min: 0.00, Avg: 0.03, Max: 0.04, Diff: 0.04, Sum: 0.13, Workers: 4
[5550.461s][debug][gc,phases      ] GC(218)     Dead                           Min: 0, Avg:  5.0, Max: 17, Diff: 17, Sum: 20, Workers: 4
[5550.461s][debug][gc,phases      ] GC(218)     Total                          Min: 0, Avg: 4350.5, Max: 7488, Diff: 7488, Sum: 17402, Workers: 4
[5550.461s][debug][gc,phases      ] GC(218)   JNI Weak                       Min: 0.00, Avg: 0.00, Max: 0.00, Diff: 0.00, Sum: 0.00, Workers: 4
[5550.461s][debug][gc,phases      ] GC(218)     Dead                           Min: 0, Avg:  0.0, Max: 0, Diff: 0, Sum: 0, Workers: 4
[5550.461s][debug][gc,phases      ] GC(218)     Total                          Min: 0, Avg: 13.0, Max: 52, Diff: 52, Sum: 52, Workers: 4
[5550.461s][debug][gc,phases      ] GC(218)   StringDedup Table Weak         Min: 0.00, Avg: 0.00, Max: 0.00, Diff: 0.00, Sum: 0.00, Workers: 4
[5550.461s][debug][gc,phases      ] GC(218)     Dead                           Min: 0, Avg:  0.0, Max: 0, Diff: 0, Sum: 0, Workers: 4
[5550.461s][debug][gc,phases      ] GC(218)     Total                          Min: 0, Avg:  0.0, Max: 0, Diff: 0, Sum: 0, Workers: 4
[5550.461s][debug][gc,phases      ] GC(218)   StringDedup Requests0 Weak     Min: 0.00, Avg: 0.00, Max: 0.00, Diff: 0.00, Sum: 0.00, Workers: 4
[5550.461s][debug][gc,phases      ] GC(218)     Dead                           Min: 0, Avg:  0.0, Max: 0, Diff: 0, Sum: 0, Workers: 4
[5550.461s][debug][gc,phases      ] GC(218)     Total                          Min: 0, Avg:  0.0, Max: 0, Diff: 0, Sum: 0, Workers: 4
[5550.461s][debug][gc,phases      ] GC(218)   StringDedup Requests1 Weak     Min: 0.00, Avg: 0.00, Max: 0.00, Diff: 0.00, Sum: 0.00, Workers: 4
[5550.461s][debug][gc,phases      ] GC(218)     Dead                           Min: 0, Avg:  0.0, Max: 0, Diff: 0, Sum: 0, Workers: 4
[5550.461s][debug][gc,phases      ] GC(218)     Total                          Min: 0, Avg:  0.0, Max: 0, Diff: 0, Sum: 0, Workers: 4
[5550.461s][debug][gc,phases      ] GC(218)   Weak JFR Old Object Samples    Min: 0.00, Avg: 0.00, Max: 0.00, Diff: 0.00, Sum: 0.00, Workers: 4
[5550.461s][debug][gc,phases      ] GC(218)     Dead                           Min: 0, Avg:  0.0, Max: 0, Diff: 0, Sum: 0, Workers: 4
[5550.461s][debug][gc,phases      ] GC(218)     Total                          Min: 0, Avg:  0.0, Max: 0, Diff: 0, Sum: 0, Workers: 4
[5550.461s][debug][gc,phases      ] GC(218) Weak Processing 0.377ms
[5550.461s][debug][gc,age         ] GC(218) Desired survivor size 37748736 bytes, new threshold 1 (max threshold 15)
[5550.461s][info ][gc,heap        ] GC(218) PSYoungGen: 2051440K(2054144K)->5104K(2059264K) Eden: 2021376K(2021376K)->0K(2021376K) From: 30064K(32768K)->5104K(37888K)
[5550.461s][info ][gc,heap        ] GC(218) ParOldGen: 1640406K(1640448K)->1668906K(1669120K)
[5550.461s][info ][gc,metaspace   ] GC(218) Metaspace: 112941K(114240K)->112941K(114240K) NonClass: 96549K(97280K)->96549K(97280K) Class: 16391K(16960K)->16391K(16960K)
[5550.461s][info ][gc             ] GC(218) Pause Young (Allocation Failure) 3605M->1634M(3641M) 18.381ms
[5550.461s][info ][gc,cpu         ] GC(218) User=0.05s Sys=0.01s Real=0.02s
[5550.461s][info ][safepoint      ] Safepoint "ParallelCollectForAllocation", Time since last: 36478349459 ns, Reaching safepoint: 106699 ns, At safepoint: 18451214 ns, Leaving safepoint: 11700 ns, Total: 18569613 ns, Threads: 1 runnable, 41 total
[5587.455s][info ][gc,start       ] GC(219) Pause Young (Allocation Failure)
[5587.463s][debug][gc,phases      ] GC(219) Scavenge 7.902ms
[5587.463s][debug][gc,ref         ] GC(219) Skipped SoftWeakFinalRefsPhase of Reference Processing: no references
[5587.463s][debug][gc,ref         ] GC(219) Skipped KeepAliveFinalRefsPhase of Reference Processing: no references
[5587.463s][debug][gc,ref         ] GC(219) Skipped PhantomRefsPhase of Reference Processing: no references
[5587.463s][debug][gc,phases      ] GC(219) Reference Processing 0.030ms
[5587.463s][debug][gc,phases      ] GC(219)   VM Weak                        Min: 0.00, Avg: 0.00, Max: 0.00, Diff: 0.00, Sum: 0.01, Workers: 4
[5587.463s][debug][gc,phases      ] GC(219)     Dead                           Min: 0, Avg:  0.0, Max: 0, Diff: 0, Sum: 0, Workers: 4
[5587.463s][debug][gc,phases      ] GC(219)     Total                          Min: 0, Avg: 240.5, Max: 576, Diff: 576, Sum: 962, Workers: 4
[5587.463s][debug][gc,phases      ] GC(219)   ObjectSynchronizer Weak        Min: 0.00, Avg: 0.00, Max: 0.00, Diff: 0.00, Sum: 0.00, Workers: 4
[5587.463s][debug][gc,phases      ] GC(219)     Dead                           Min: 0, Avg:  0.0, Max: 0, Diff: 0, Sum: 0, Workers: 4
[5587.463s][debug][gc,phases      ] GC(219)     Total                          Min: 0, Avg:  1.5, Max: 6, Diff: 6, Sum: 6, Workers: 4
[5587.463s][debug][gc,phases      ] GC(219)   JVMTI Tag Weak OopStorage      Min: 0.00, Avg: 0.00, Max: 0.00, Diff: 0.00, Sum: 0.00, Workers: 4
[5587.463s][debug][gc,phases      ] GC(219)     Dead                           Min: 0, Avg:  0.0, Max: 0, Diff: 0, Sum: 0, Workers: 4
[5587.463s][debug][gc,phases      ] GC(219)     Total                          Min: 0, Avg:  0.0, Max: 0, Diff: 0, Sum: 0, Workers: 4
[5587.463s][debug][gc,phases      ] GC(219)   StringTable Weak               Min: 0.00, Avg: 0.10, Max: 0.21, Diff: 0.21, Sum: 0.42, Workers: 4
[5587.463s][debug][gc,phases      ] GC(219)     Dead                           Min: 0, Avg:  0.0, Max: 0, Diff: 0, Sum: 0, Workers: 4
[5587.463s][debug][gc,phases      ] GC(219)     Total                          Min: 0, Avg: 12834.2, Max: 25929, Diff: 25929, Sum: 51337, Workers: 4
[5587.463s][debug][gc,phases      ] GC(219)   ResolvedMethodTable Weak       Min: 0.00, Avg: 0.04, Max: 0.07, Diff: 0.07, Sum: 0.14, Workers: 4
[5587.463s][debug][gc,phases      ] GC(219)     Dead                           Min: 0, Avg:  5.0, Max: 18, Diff: 18, Sum: 20, Workers: 4
[5587.463s][debug][gc,phases      ] GC(219)     Total                          Min: 0, Avg: 4350.5, Max: 8831, Diff: 8831, Sum: 17402, Workers: 4
[5587.463s][debug][gc,phases      ] GC(219)   JNI Weak                       Min: 0.00, Avg: 0.00, Max: 0.00, Diff: 0.00, Sum: 0.00, Workers: 4
[5587.463s][debug][gc,phases      ] GC(219)     Dead                           Min: 0, Avg:  0.0, Max: 0, Diff: 0, Sum: 0, Workers: 4
[5587.463s][debug][gc,phases      ] GC(219)     Total                          Min: 0, Avg: 13.0, Max: 48, Diff: 48, Sum: 52, Workers: 4
[5587.463s][debug][gc,phases      ] GC(219)   StringDedup Table Weak         Min: 0.00, Avg: 0.00, Max: 0.00, Diff: 0.00, Sum: 0.00, Workers: 4
[5587.463s][debug][gc,phases      ] GC(219)     Dead                           Min: 0, Avg:  0.0, Max: 0, Diff: 0, Sum: 0, Workers: 4
[5587.463s][debug][gc,phases      ] GC(219)     Total                          Min: 0, Avg:  0.0, Max: 0, Diff: 0, Sum: 0, Workers: 4
[5587.463s][debug][gc,phases      ] GC(219)   StringDedup Requests0 Weak     Min: 0.00, Avg: 0.00, Max: 0.00, Diff: 0.00, Sum: 0.00, Workers: 4
[5587.463s][debug][gc,phases      ] GC(219)     Dead                           Min: 0, Avg:  0.0, Max: 0, Diff: 0, Sum: 0, Workers: 4
[5587.463s][debug][gc,phases      ] GC(219)     Total                          Min: 0, Avg:  0.0, Max: 0, Diff: 0, Sum: 0, Workers: 4
[5587.463s][debug][gc,phases      ] GC(219)   StringDedup Requests1 Weak     Min: 0.00, Avg: 0.00, Max: 0.00, Diff: 0.00, Sum: 0.00, Workers: 4
[5587.463s][debug][gc,phases      ] GC(219)     Dead                           Min: 0, Avg:  0.0, Max: 0, Diff: 0, Sum: 0, Workers: 4
[5587.463s][debug][gc,phases      ] GC(219)     Total                          Min: 0, Avg:  0.0, Max: 0, Diff: 0, Sum: 0, Workers: 4
[5587.463s][debug][gc,phases      ] GC(219)   Weak JFR Old Object Samples    Min: 0.00, Avg: 0.00, Max: 0.00, Diff: 0.00, Sum: 0.00, Workers: 4
[5587.463s][debug][gc,phases      ] GC(219)     Dead                           Min: 0, Avg:  0.0, Max: 0, Diff: 0, Sum: 0, Workers: 4
[5587.463s][debug][gc,phases      ] GC(219)     Total                          Min: 0, Avg:  0.0, Max: 0, Diff: 0, Sum: 0, Workers: 4
[5587.463s][debug][gc,phases      ] GC(219) Weak Processing 0.522ms
[5587.463s][debug][gc,age         ] GC(219) Desired survivor size 36700160 bytes, new threshold 1 (max threshold 15)
[5587.463s][info ][gc,heap        ] GC(219) PSYoungGen: 2026480K(2059264K)->4512K(2061312K) Eden: 2021376K(2021376K)->0K(2024448K) From: 5104K(37888K)->4512K(36864K)
[5587.463s][info ][gc,heap        ] GC(219) ParOldGen: 1668906K(1669120K)->1670854K(1671168K)
[5587.463s][info ][gc,metaspace   ] GC(219) Metaspace: 112956K(114240K)->112956K(114240K) NonClass: 96564K(97280K)->96564K(97280K) Class: 16392K(16960K)->16392K(16960K)
[5587.463s][info ][gc             ] GC(219) Pause Young (Allocation Failure) 3608M->1636M(3645M) 8.580ms
[5587.463s][info ][gc,cpu         ] GC(219) User=0.02s Sys=0.00s Real=0.01s
[5587.463s][info ][safepoint      ] Safepoint "ParallelCollectForAllocation", Time since last: 36993115811 ns, Reaching safepoint: 13600 ns, At safepoint: 8716259 ns, Leaving safepoint: 7000 ns, Total: 8736859 ns, Threads: 0 runnable, 36 total
[5622.749s][info ][gc,start       ] GC(220) Pause Young (Allocation Failure)
[5622.754s][debug][gc,phases      ] GC(220) Scavenge 5.290ms
[5622.755s][debug][gc,ref         ] GC(220) ReferenceProcessor::execute queues: 1, RefProcThreadModel::Single, marks_oops_alive: false
[5622.755s][debug][gc,ref         ] GC(220) Skipped KeepAliveFinalRefsPhase of Reference Processing: no references
[5622.755s][debug][gc,ref         ] GC(220) Skipped PhantomRefsPhase of Reference Processing: no references
[5622.755s][debug][gc,phases      ] GC(220) Reference Processing 0.106ms
[5622.755s][debug][gc,phases      ] GC(220)   VM Weak                        Min: 0.00, Avg: 0.00, Max: 0.00, Diff: 0.00, Sum: 0.01, Workers: 4
[5622.755s][debug][gc,phases      ] GC(220)     Dead                           Min: 0, Avg:  0.0, Max: 0, Diff: 0, Sum: 0, Workers: 4
[5622.755s][debug][gc,phases      ] GC(220)     Total                          Min: 0, Avg: 240.5, Max: 512, Diff: 512, Sum: 962, Workers: 4
[5622.755s][debug][gc,phases      ] GC(220)   ObjectSynchronizer Weak        Min: 0.00, Avg: 0.00, Max: 0.00, Diff: 0.00, Sum: 0.00, Workers: 4
[5622.755s][debug][gc,phases      ] GC(220)     Dead                           Min: 0, Avg:  0.0, Max: 0, Diff: 0, Sum: 0, Workers: 4
[5622.755s][debug][gc,phases      ] GC(220)     Total                          Min: 0, Avg:  1.5, Max: 6, Diff: 6, Sum: 6, Workers: 4
[5622.755s][debug][gc,phases      ] GC(220)   JVMTI Tag Weak OopStorage      Min: 0.00, Avg: 0.00, Max: 0.00, Diff: 0.00, Sum: 0.00, Workers: 4
[5622.755s][debug][gc,phases      ] GC(220)     Dead                           Min: 0, Avg:  0.0, Max: 0, Diff: 0, Sum: 0, Workers: 4
[5622.755s][debug][gc,phases      ] GC(220)     Total                          Min: 0, Avg:  0.0, Max: 0, Diff: 0, Sum: 0, Workers: 4
[5622.755s][debug][gc,phases      ] GC(220)   StringTable Weak               Min: 0.11, Avg: 0.11, Max: 0.11, Diff: 0.01, Sum: 0.44, Workers: 4
[5622.755s][debug][gc,phases      ] GC(220)     Dead                           Min: 0, Avg:  0.0, Max: 0, Diff: 0, Sum: 0, Workers: 4
[5622.755s][debug][gc,phases      ] GC(220)     Total                          Min: 12489, Avg: 12834.2, Max: 13120, Diff: 631, Sum: 51337, Workers: 4
[5622.755s][debug][gc,phases      ] GC(220)   ResolvedMethodTable Weak       Min: 0.04, Avg: 0.04, Max: 0.04, Diff: 0.00, Sum: 0.15, Workers: 4
[5622.755s][debug][gc,phases      ] GC(220)     Dead                           Min: 0, Avg:  5.0, Max: 16, Diff: 16, Sum: 20, Workers: 4
[5622.755s][debug][gc,phases      ] GC(220)     Total                          Min: 4160, Avg: 4350.5, Max: 4477, Diff: 317, Sum: 17402, Workers: 4
[5622.755s][debug][gc,phases      ] GC(220)   JNI Weak                       Min: 0.00, Avg: 0.00, Max: 0.00, Diff: 0.00, Sum: 0.00, Workers: 4
[5622.755s][debug][gc,phases      ] GC(220)     Dead                           Min: 0, Avg:  0.0, Max: 0, Diff: 0, Sum: 0, Workers: 4
[5622.755s][debug][gc,phases      ] GC(220)     Total                          Min: 0, Avg: 13.0, Max: 48, Diff: 48, Sum: 52, Workers: 4
[5622.755s][debug][gc,phases      ] GC(220)   StringDedup Table Weak         Min: 0.00, Avg: 0.00, Max: 0.00, Diff: 0.00, Sum: 0.00, Workers: 4
[5622.755s][debug][gc,phases      ] GC(220)     Dead                           Min: 0, Avg:  0.0, Max: 0, Diff: 0, Sum: 0, Workers: 4
[5622.755s][debug][gc,phases      ] GC(220)     Total                          Min: 0, Avg:  0.0, Max: 0, Diff: 0, Sum: 0, Workers: 4
[5622.755s][debug][gc,phases      ] GC(220)   StringDedup Requests0 Weak     Min: 0.00, Avg: 0.00, Max: 0.00, Diff: 0.00, Sum: 0.00, Workers: 4
[5622.755s][debug][gc,phases      ] GC(220)     Dead                           Min: 0, Avg:  0.0, Max: 0, Diff: 0, Sum: 0, Workers: 4
[5622.755s][debug][gc,phases      ] GC(220)     Total                          Min: 0, Avg:  0.0, Max: 0, Diff: 0, Sum: 0, Workers: 4
[5622.755s][debug][gc,phases      ] GC(220)   StringDedup Requests1 Weak     Min: 0.00, Avg: 0.00, Max: 0.00, Diff: 0.00, Sum: 0.00, Workers: 4
[5622.755s][debug][gc,phases      ] GC(220)     Dead                           Min: 0, Avg:  0.0, Max: 0, Diff: 0, Sum: 0, Workers: 4
[5622.755s][debug][gc,phases      ] GC(220)     Total                          Min: 0, Avg:  0.0, Max: 0, Diff: 0, Sum: 0, Workers: 4
[5622.755s][debug][gc,phases      ] GC(220)   Weak JFR Old Object Samples    Min: 0.00, Avg: 0.00, Max: 0.00, Diff: 0.00, Sum: 0.00, Workers: 4
[5622.755s][debug][gc,phases      ] GC(220)     Dead                           Min: 0, Avg:  0.0, Max: 0, Diff: 0, Sum: 0, Workers: 4
[5622.755s][debug][gc,phases      ] GC(220)     Total                          Min: 0, Avg:  0.0, Max: 0, Diff: 0, Sum: 0, Workers: 4
[5622.755s][debug][gc,phases      ] GC(220) Weak Processing 0.342ms
[5622.755s][debug][gc,age         ] GC(220) Desired survivor size 35127296 bytes, new threshold 1 (max threshold 15)
[5622.755s][info ][gc,heap        ] GC(220) PSYoungGen: 2028960K(2061312K)->4912K(2060288K) Eden: 2024448K(2024448K)->0K(2024448K) From: 4512K(36864K)->4912K(35840K)
[5622.755s][info ][gc,heap        ] GC(220) ParOldGen: 1670854K(1671168K)->1672435K(1672704K)
[5622.755s][info ][gc,metaspace   ] GC(220) Metaspace: 112961K(114240K)->112961K(114240K) NonClass: 96568K(97280K)->96568K(97280K) Class: 16392K(16960K)->16392K(16960K)
[5622.755s][info ][gc             ] GC(220) Pause Young (Allocation Failure) 3613M->1638M(3645M) 5.838ms
[5622.755s][info ][gc,cpu         ] GC(220) User=0.02s Sys=0.00s Real=0.00s
[5622.755s][info ][safepoint      ] Safepoint "ParallelCollectForAllocation", Time since last: 35285735539 ns, Reaching safepoint: 28999 ns, At safepoint: 5900672 ns, Leaving safepoint: 6500 ns, Total: 5936171 ns, Threads: 0 runnable, 36 total
[5658.643s][info ][gc,start       ] GC(221) Pause Young (Allocation Failure)
[5658.649s][debug][gc,phases      ] GC(221) Scavenge 6.130ms
[5658.649s][debug][gc,ref         ] GC(221) ReferenceProcessor::execute queues: 1, RefProcThreadModel::Single, marks_oops_alive: false
[5658.649s][debug][gc,ref         ] GC(221) Skipped KeepAliveFinalRefsPhase of Reference Processing: no references
[5658.649s][debug][gc,ref         ] GC(221) Skipped PhantomRefsPhase of Reference Processing: no references
[5658.649s][debug][gc,phases      ] GC(221) Reference Processing 0.093ms
[5658.649s][debug][gc,phases      ] GC(221)   VM Weak                        Min: 0.00, Avg: 0.00, Max: 0.01, Diff: 0.01, Sum: 0.01, Workers: 4
[5658.649s][debug][gc,phases      ] GC(221)     Dead                           Min: 0, Avg:  0.0, Max: 0, Diff: 0, Sum: 0, Workers: 4
[5658.649s][debug][gc,phases      ] GC(221)     Total                          Min: 0, Avg: 240.5, Max: 768, Diff: 768, Sum: 962, Workers: 4
[5658.649s][debug][gc,phases      ] GC(221)   ObjectSynchronizer Weak        Min: 0.00, Avg: 0.00, Max: 0.00, Diff: 0.00, Sum: 0.00, Workers: 4
[5658.649s][debug][gc,phases      ] GC(221)     Dead                           Min: 0, Avg:  0.0, Max: 0, Diff: 0, Sum: 0, Workers: 4
[5658.649s][debug][gc,phases      ] GC(221)     Total                          Min: 0, Avg:  1.5, Max: 6, Diff: 6, Sum: 6, Workers: 4
[5658.649s][debug][gc,phases      ] GC(221)   JVMTI Tag Weak OopStorage      Min: 0.00, Avg: 0.00, Max: 0.00, Diff: 0.00, Sum: 0.00, Workers: 4
[5658.649s][debug][gc,phases      ] GC(221)     Dead                           Min: 0, Avg:  0.0, Max: 0, Diff: 0, Sum: 0, Workers: 4
[5658.649s][debug][gc,phases      ] GC(221)     Total                          Min: 0, Avg:  0.0, Max: 0, Diff: 0, Sum: 0, Workers: 4
[5658.649s][debug][gc,phases      ] GC(221)   StringTable Weak               Min: 0.11, Avg: 0.11, Max: 0.11, Diff: 0.01, Sum: 0.44, Workers: 4
[5658.649s][debug][gc,phases      ] GC(221)     Dead                           Min: 0, Avg:  0.0, Max: 0, Diff: 0, Sum: 0, Workers: 4
[5658.649s][debug][gc,phases      ] GC(221)     Total                          Min: 12491, Avg: 12834.8, Max: 13504, Diff: 1013, Sum: 51339, Workers: 4
[5658.649s][debug][gc,phases      ] GC(221)   ResolvedMethodTable Weak       Min: 0.04, Avg: 0.04, Max: 0.04, Diff: 0.00, Sum: 0.15, Workers: 4
[5658.649s][debug][gc,phases      ] GC(221)     Dead                           Min: 0, Avg:  5.0, Max: 16, Diff: 16, Sum: 20, Workers: 4
[5658.649s][debug][gc,phases      ] GC(221)     Total                          Min: 4160, Avg: 4351.5, Max: 4416, Diff: 256, Sum: 17406, Workers: 4
[5658.649s][debug][gc,phases      ] GC(221)   JNI Weak                       Min: 0.00, Avg: 0.00, Max: 0.00, Diff: 0.00, Sum: 0.00, Workers: 4
[5658.649s][debug][gc,phases      ] GC(221)     Dead                           Min: 0, Avg:  0.0, Max: 0, Diff: 0, Sum: 0, Workers: 4
[5658.649s][debug][gc,phases      ] GC(221)     Total                          Min: 0, Avg: 13.0, Max: 48, Diff: 48, Sum: 52, Workers: 4
[5658.649s][debug][gc,phases      ] GC(221)   StringDedup Table Weak         Min: 0.00, Avg: 0.00, Max: 0.00, Diff: 0.00, Sum: 0.00, Workers: 4
[5658.649s][debug][gc,phases      ] GC(221)     Dead                           Min: 0, Avg:  0.0, Max: 0, Diff: 0, Sum: 0, Workers: 4
[5658.649s][debug][gc,phases      ] GC(221)     Total                          Min: 0, Avg:  0.0, Max: 0, Diff: 0, Sum: 0, Workers: 4
[5658.649s][debug][gc,phases      ] GC(221)   StringDedup Requests0 Weak     Min: 0.00, Avg: 0.00, Max: 0.00, Diff: 0.00, Sum: 0.00, Workers: 4
[5658.649s][debug][gc,phases      ] GC(221)     Dead                           Min: 0, Avg:  0.0, Max: 0, Diff: 0, Sum: 0, Workers: 4
[5658.649s][debug][gc,phases      ] GC(221)     Total                          Min: 0, Avg:  0.0, Max: 0, Diff: 0, Sum: 0, Workers: 4
[5658.649s][debug][gc,phases      ] GC(221)   StringDedup Requests1 Weak     Min: 0.00, Avg: 0.00, Max: 0.00, Diff: 0.00, Sum: 0.00, Workers: 4
[5658.649s][debug][gc,phases      ] GC(221)     Dead                           Min: 0, Avg:  0.0, Max: 0, Diff: 0, Sum: 0, Workers: 4
[5658.649s][debug][gc,phases      ] GC(221)     Total                          Min: 0, Avg:  0.0, Max: 0, Diff: 0, Sum: 0, Workers: 4
[5658.649s][debug][gc,phases      ] GC(221)   Weak JFR Old Object Samples    Min: 0.00, Avg: 0.00, Max: 0.00, Diff: 0.00, Sum: 0.00, Workers: 4
[5658.649s][debug][gc,phases      ] GC(221)     Dead                           Min: 0, Avg:  0.0, Max: 0, Diff: 0, Sum: 0, Workers: 4
[5658.649s][debug][gc,phases      ] GC(221)     Total                          Min: 0, Avg:  0.0, Max: 0, Diff: 0, Sum: 0, Workers: 4
[5658.649s][debug][gc,phases      ] GC(221) Weak Processing 0.331ms
[5658.649s][debug][gc,age         ] GC(221) Desired survivor size 34078720 bytes, new threshold 1 (max threshold 15)
[5658.649s][info ][gc,heap        ] GC(221) PSYoungGen: 2029360K(2060288K)->4960K(2063872K) Eden: 2024448K(2024448K)->0K(2029568K) From: 4912K(35840K)->4960K(34304K)
[5658.649s][info ][gc,heap        ] GC(221) ParOldGen: 1672435K(1672704K)->1673767K(1674240K)
[5658.649s][info ][gc,metaspace   ] GC(221) Metaspace: 112967K(114240K)->112967K(114240K) NonClass: 96573K(97280K)->96573K(97280K) Class: 16393K(16960K)->16393K(16960K)
[5658.649s][info ][gc             ] GC(221) Pause Young (Allocation Failure) 3615M->1639M(3650M) 6.656ms
[5658.649s][info ][gc,cpu         ] GC(221) User=0.02s Sys=0.00s Real=0.01s
[5658.649s][info ][safepoint      ] Safepoint "ParallelCollectForAllocation", Time since last: 35887429340 ns, Reaching safepoint: 82300 ns, At safepoint: 6715868 ns, Leaving safepoint: 9700 ns, Total: 6807868 ns, Threads: 2 runnable, 34 total
[5696.250s][info ][gc,start       ] GC(222) Pause Young (Allocation Failure)
[5696.255s][debug][gc,phases      ] GC(222) Scavenge 5.083ms
[5696.255s][debug][gc,ref         ] GC(222) ReferenceProcessor::execute queues: 1, RefProcThreadModel::Single, marks_oops_alive: false
[5696.255s][debug][gc,ref         ] GC(222) Skipped KeepAliveFinalRefsPhase of Reference Processing: no references
[5696.255s][debug][gc,ref         ] GC(222) Skipped PhantomRefsPhase of Reference Processing: no references
[5696.255s][debug][gc,phases      ] GC(222) Reference Processing 0.094ms
[5696.255s][debug][gc,phases      ] GC(222)   VM Weak                        Min: 0.00, Avg: 0.00, Max: 0.00, Diff: 0.00, Sum: 0.01, Workers: 4
[5696.255s][debug][gc,phases      ] GC(222)     Dead                           Min: 0, Avg:  0.0, Max: 0, Diff: 0, Sum: 0, Workers: 4
[5696.255s][debug][gc,phases      ] GC(222)     Total                          Min: 0, Avg: 240.5, Max: 450, Diff: 450, Sum: 962, Workers: 4
[5696.255s][debug][gc,phases      ] GC(222)   ObjectSynchronizer Weak        Min: 0.00, Avg: 0.00, Max: 0.00, Diff: 0.00, Sum: 0.00, Workers: 4
[5696.255s][debug][gc,phases      ] GC(222)     Dead                           Min: 0, Avg:  0.0, Max: 0, Diff: 0, Sum: 0, Workers: 4
[5696.255s][debug][gc,phases      ] GC(222)     Total                          Min: 0, Avg:  1.5, Max: 6, Diff: 6, Sum: 6, Workers: 4
[5696.255s][debug][gc,phases      ] GC(222)   JVMTI Tag Weak OopStorage      Min: 0.00, Avg: 0.00, Max: 0.00, Diff: 0.00, Sum: 0.00, Workers: 4
[5696.255s][debug][gc,phases      ] GC(222)     Dead                           Min: 0, Avg:  0.0, Max: 0, Diff: 0, Sum: 0, Workers: 4
[5696.255s][debug][gc,phases      ] GC(222)     Total                          Min: 0, Avg:  0.0, Max: 0, Diff: 0, Sum: 0, Workers: 4
[5696.255s][debug][gc,phases      ] GC(222)   StringTable Weak               Min: 0.00, Avg: 0.09, Max: 0.13, Diff: 0.13, Sum: 0.38, Workers: 4
[5696.255s][debug][gc,phases      ] GC(222)     Dead                           Min: 0, Avg:  0.0, Max: 0, Diff: 0, Sum: 0, Workers: 4
[5696.255s][debug][gc,phases      ] GC(222)     Total                          Min: 0, Avg: 12834.8, Max: 21312, Diff: 21312, Sum: 51339, Workers: 4
[5696.255s][debug][gc,phases      ] GC(222)   ResolvedMethodTable Weak       Min: 0.00, Avg: 0.04, Max: 0.05, Diff: 0.05, Sum: 0.15, Workers: 4
[5696.255s][debug][gc,phases      ] GC(222)     Dead                           Min: 0, Avg:  5.0, Max: 14, Diff: 14, Sum: 20, Workers: 4
[5696.255s][debug][gc,phases      ] GC(222)     Total                          Min: 0, Avg: 4351.5, Max: 5950, Diff: 5950, Sum: 17406, Workers: 4
[5696.255s][debug][gc,phases      ] GC(222)   JNI Weak                       Min: 0.00, Avg: 0.00, Max: 0.00, Diff: 0.00, Sum: 0.00, Workers: 4
[5696.255s][debug][gc,phases      ] GC(222)     Dead                           Min: 0, Avg:  0.0, Max: 0, Diff: 0, Sum: 0, Workers: 4
[5696.255s][debug][gc,phases      ] GC(222)     Total                          Min: 0, Avg: 13.0, Max: 48, Diff: 48, Sum: 52, Workers: 4
[5696.255s][debug][gc,phases      ] GC(222)   StringDedup Table Weak         Min: 0.00, Avg: 0.00, Max: 0.00, Diff: 0.00, Sum: 0.00, Workers: 4
[5696.255s][debug][gc,phases      ] GC(222)     Dead                           Min: 0, Avg:  0.0, Max: 0, Diff: 0, Sum: 0, Workers: 4
[5696.255s][debug][gc,phases      ] GC(222)     Total                          Min: 0, Avg:  0.0, Max: 0, Diff: 0, Sum: 0, Workers: 4
[5696.255s][debug][gc,phases      ] GC(222)   StringDedup Requests0 Weak     Min: 0.00, Avg: 0.00, Max: 0.00, Diff: 0.00, Sum: 0.00, Workers: 4
[5696.255s][debug][gc,phases      ] GC(222)     Dead                           Min: 0, Avg:  0.0, Max: 0, Diff: 0, Sum: 0, Workers: 4
[5696.255s][debug][gc,phases      ] GC(222)     Total                          Min: 0, Avg:  0.0, Max: 0, Diff: 0, Sum: 0, Workers: 4
[5696.255s][debug][gc,phases      ] GC(222)   StringDedup Requests1 Weak     Min: 0.00, Avg: 0.00, Max: 0.00, Diff: 0.00, Sum: 0.00, Workers: 4
[5696.255s][debug][gc,phases      ] GC(222)     Dead                           Min: 0, Avg:  0.0, Max: 0, Diff: 0, Sum: 0, Workers: 4
[5696.255s][debug][gc,phases      ] GC(222)     Total                          Min: 0, Avg:  0.0, Max: 0, Diff: 0, Sum: 0, Workers: 4
[5696.255s][debug][gc,phases      ] GC(222)   Weak JFR Old Object Samples    Min: 0.00, Avg: 0.00, Max: 0.00, Diff: 0.00, Sum: 0.00, Workers: 4
[5696.255s][debug][gc,phases      ] GC(222)     Dead                           Min: 0, Avg:  0.0, Max: 0, Diff: 0, Sum: 0, Workers: 4
[5696.255s][debug][gc,phases      ] GC(222)     Total                          Min: 0, Avg:  0.0, Max: 0, Diff: 0, Sum: 0, Workers: 4
[5696.255s][debug][gc,phases      ] GC(222) Weak Processing 0.410ms
[5696.255s][debug][gc,age         ] GC(222) Desired survivor size 32505856 bytes, new threshold 1 (max threshold 15)
[5696.255s][info ][gc,heap        ] GC(222) PSYoungGen: 2034528K(2063872K)->4448K(2062848K) Eden: 2029568K(2029568K)->0K(2029568K) From: 4960K(34304K)->4448K(33280K)
[5696.255s][info ][gc,heap        ] GC(222) ParOldGen: 1673767K(1674240K)->1675203K(1675264K)
[5696.255s][info ][gc,metaspace   ] GC(222) Metaspace: 112968K(114240K)->112968K(114240K) NonClass: 96574K(97280K)->96574K(97280K) Class: 16393K(16960K)->16393K(16960K)
[5696.255s][info ][gc             ] GC(222) Pause Young (Allocation Failure) 3621M->1640M(3650M) 5.684ms
[5696.255s][info ][gc,cpu         ] GC(222) User=0.02s Sys=0.00s Real=0.00s
[5696.256s][info ][safepoint      ] Safepoint "ParallelCollectForAllocation", Time since last: 37600469635 ns, Reaching safepoint: 26700 ns, At safepoint: 5741873 ns, Leaving safepoint: 7500 ns, Total: 5776073 ns, Threads: 0 runnable, 34 total
[5730.652s][info ][gc,start       ] GC(223) Pause Young (Allocation Failure)
[5730.657s][debug][gc,phases      ] GC(223) Scavenge 4.954ms
[5730.657s][debug][gc,ref         ] GC(223) Skipped SoftWeakFinalRefsPhase of Reference Processing: no references
[5730.657s][debug][gc,ref         ] GC(223) Skipped KeepAliveFinalRefsPhase of Reference Processing: no references
[5730.657s][debug][gc,ref         ] GC(223) Skipped PhantomRefsPhase of Reference Processing: no references
[5730.657s][debug][gc,phases      ] GC(223) Reference Processing 0.022ms
[5730.657s][debug][gc,phases      ] GC(223)   VM Weak                        Min: 0.00, Avg: 0.00, Max: 0.01, Diff: 0.01, Sum: 0.01, Workers: 4
[5730.657s][debug][gc,phases      ] GC(223)     Dead                           Min: 0, Avg:  0.0, Max: 0, Diff: 0, Sum: 0, Workers: 4
[5730.657s][debug][gc,phases      ] GC(223)     Total                          Min: 0, Avg: 240.5, Max: 834, Diff: 834, Sum: 962, Workers: 4
[5730.657s][debug][gc,phases      ] GC(223)   ObjectSynchronizer Weak        Min: 0.00, Avg: 0.00, Max: 0.00, Diff: 0.00, Sum: 0.00, Workers: 4
[5730.657s][debug][gc,phases      ] GC(223)     Dead                           Min: 0, Avg:  0.0, Max: 0, Diff: 0, Sum: 0, Workers: 4
[5730.657s][debug][gc,phases      ] GC(223)     Total                          Min: 0, Avg:  1.5, Max: 6, Diff: 6, Sum: 6, Workers: 4
[5730.657s][debug][gc,phases      ] GC(223)   JVMTI Tag Weak OopStorage      Min: 0.00, Avg: 0.00, Max: 0.00, Diff: 0.00, Sum: 0.00, Workers: 4
[5730.657s][debug][gc,phases      ] GC(223)     Dead                           Min: 0, Avg:  0.0, Max: 0, Diff: 0, Sum: 0, Workers: 4
[5730.657s][debug][gc,phases      ] GC(223)     Total                          Min: 0, Avg:  0.0, Max: 0, Diff: 0, Sum: 0, Workers: 4
[5730.657s][debug][gc,phases      ] GC(223)   StringTable Weak               Min: 0.00, Avg: 0.09, Max: 0.13, Diff: 0.13, Sum: 0.38, Workers: 4
[5730.657s][debug][gc,phases      ] GC(223)     Dead                           Min: 0, Avg:  0.0, Max: 0, Diff: 0, Sum: 0, Workers: 4
[5730.657s][debug][gc,phases      ] GC(223)     Total                          Min: 0, Avg: 12835.0, Max: 22540, Diff: 22540, Sum: 51340, Workers: 4
[5730.657s][debug][gc,phases      ] GC(223)   ResolvedMethodTable Weak       Min: 0.00, Avg: 0.03, Max: 0.04, Diff: 0.04, Sum: 0.13, Workers: 4
[5730.657s][debug][gc,phases      ] GC(223)     Dead                           Min: 0, Avg:  5.0, Max: 16, Diff: 16, Sum: 20, Workers: 4
[5730.657s][debug][gc,phases      ] GC(223)     Total                          Min: 0, Avg: 4351.5, Max: 8000, Diff: 8000, Sum: 17406, Workers: 4
[5730.657s][debug][gc,phases      ] GC(223)   JNI Weak                       Min: 0.00, Avg: 0.00, Max: 0.00, Diff: 0.00, Sum: 0.00, Workers: 4
[5730.657s][debug][gc,phases      ] GC(223)     Dead                           Min: 0, Avg:  0.0, Max: 0, Diff: 0, Sum: 0, Workers: 4
[5730.657s][debug][gc,phases      ] GC(223)     Total                          Min: 0, Avg: 13.0, Max: 48, Diff: 48, Sum: 52, Workers: 4
[5730.657s][debug][gc,phases      ] GC(223)   StringDedup Table Weak         Min: 0.00, Avg: 0.00, Max: 0.00, Diff: 0.00, Sum: 0.00, Workers: 4
[5730.657s][debug][gc,phases      ] GC(223)     Dead                           Min: 0, Avg:  0.0, Max: 0, Diff: 0, Sum: 0, Workers: 4
[5730.657s][debug][gc,phases      ] GC(223)     Total                          Min: 0, Avg:  0.0, Max: 0, Diff: 0, Sum: 0, Workers: 4
[5730.657s][debug][gc,phases      ] GC(223)   StringDedup Requests0 Weak     Min: 0.00, Avg: 0.00, Max: 0.00, Diff: 0.00, Sum: 0.00, Workers: 4
[5730.657s][debug][gc,phases      ] GC(223)     Dead                           Min: 0, Avg:  0.0, Max: 0, Diff: 0, Sum: 0, Workers: 4
[5730.657s][debug][gc,phases      ] GC(223)     Total                          Min: 0, Avg:  0.0, Max: 0, Diff: 0, Sum: 0, Workers: 4
[5730.657s][debug][gc,phases      ] GC(223)   StringDedup Requests1 Weak     Min: 0.00, Avg: 0.00, Max: 0.00, Diff: 0.00, Sum: 0.00, Workers: 4
[5730.657s][debug][gc,phases      ] GC(223)     Dead                           Min: 0, Avg:  0.0, Max: 0, Diff: 0, Sum: 0, Workers: 4
[5730.657s][debug][gc,phases      ] GC(223)     Total                          Min: 0, Avg:  0.0, Max: 0, Diff: 0, Sum: 0, Workers: 4
[5730.657s][debug][gc,phases      ] GC(223)   Weak JFR Old Object Samples    Min: 0.00, Avg: 0.00, Max: 0.00, Diff: 0.00, Sum: 0.00, Workers: 4
[5730.657s][debug][gc,phases      ] GC(223)     Dead                           Min: 0, Avg:  0.0, Max: 0, Diff: 0, Sum: 0, Workers: 4
[5730.657s][debug][gc,phases      ] GC(223)     Total                          Min: 0, Avg:  0.0, Max: 0, Diff: 0, Sum: 0, Workers: 4
[5730.657s][debug][gc,phases      ] GC(223) Weak Processing 0.378ms
[5730.657s][debug][gc,age         ] GC(223) Desired survivor size 31457280 bytes, new threshold 1 (max threshold 15)
[5730.657s][info ][gc,heap        ] GC(223) PSYoungGen: 2034016K(2062848K)->4976K(2066432K) Eden: 2029568K(2029568K)->0K(2034688K) From: 4448K(33280K)->4976K(31744K)
[5730.657s][info ][gc,heap        ] GC(223) ParOldGen: 1675203K(1675264K)->1676643K(1676800K)
[5730.657s][info ][gc,metaspace   ] GC(223) Metaspace: 112976K(114240K)->112976K(114240K) NonClass: 96582K(97280K)->96582K(97280K) Class: 16393K(16960K)->16393K(16960K)
[5730.657s][info ][gc             ] GC(223) Pause Young (Allocation Failure) 3622M->1642M(3655M) 5.452ms
[5730.657s][info ][gc,cpu         ] GC(223) User=0.02s Sys=0.00s Real=0.00s
[5730.658s][info ][safepoint      ] Safepoint "ParallelCollectForAllocation", Time since last: 34396402715 ns, Reaching safepoint: 79100 ns, At safepoint: 5511774 ns, Leaving safepoint: 7700 ns, Total: 5598574 ns, Threads: 1 runnable, 42 total
[5765.842s][info ][gc,start       ] GC(224) Pause Young (Allocation Failure)
[5765.848s][debug][gc,phases      ] GC(224) Scavenge 6.083ms
[5765.848s][debug][gc,ref         ] GC(224) Skipped SoftWeakFinalRefsPhase of Reference Processing: no references
[5765.848s][debug][gc,ref         ] GC(224) Skipped KeepAliveFinalRefsPhase of Reference Processing: no references
[5765.848s][debug][gc,ref         ] GC(224) Skipped PhantomRefsPhase of Reference Processing: no references
[5765.848s][debug][gc,phases      ] GC(224) Reference Processing 0.022ms
[5765.849s][debug][gc,phases      ] GC(224)   VM Weak                        Min: 0.00, Avg: 0.00, Max: 0.01, Diff: 0.01, Sum: 0.01, Workers: 4
[5765.849s][debug][gc,phases      ] GC(224)     Dead                           Min: 0, Avg:  0.0, Max: 0, Diff: 0, Sum: 0, Workers: 4
[5765.849s][debug][gc,phases      ] GC(224)     Total                          Min: 0, Avg: 240.5, Max: 962, Diff: 962, Sum: 962, Workers: 4
[5765.849s][debug][gc,phases      ] GC(224)   ObjectSynchronizer Weak        Min: 0.00, Avg: 0.00, Max: 0.00, Diff: 0.00, Sum: 0.00, Workers: 4
[5765.849s][debug][gc,phases      ] GC(224)     Dead                           Min: 0, Avg:  0.0, Max: 0, Diff: 0, Sum: 0, Workers: 4
[5765.849s][debug][gc,phases      ] GC(224)     Total                          Min: 0, Avg:  1.2, Max: 5, Diff: 5, Sum: 5, Workers: 4
[5765.849s][debug][gc,phases      ] GC(224)   JVMTI Tag Weak OopStorage      Min: 0.00, Avg: 0.00, Max: 0.00, Diff: 0.00, Sum: 0.00, Workers: 4
[5765.849s][debug][gc,phases      ] GC(224)     Dead                           Min: 0, Avg:  0.0, Max: 0, Diff: 0, Sum: 0, Workers: 4
[5765.849s][debug][gc,phases      ] GC(224)     Total                          Min: 0, Avg:  0.0, Max: 0, Diff: 0, Sum: 0, Workers: 4
[5765.849s][debug][gc,phases      ] GC(224)   StringTable Weak               Min: 0.00, Avg: 0.08, Max: 0.17, Diff: 0.17, Sum: 0.34, Workers: 4
[5765.849s][debug][gc,phases      ] GC(224)     Dead                           Min: 0, Avg:  0.0, Max: 0, Diff: 0, Sum: 0, Workers: 4
[5765.849s][debug][gc,phases      ] GC(224)     Total                          Min: 0, Avg: 12835.0, Max: 32076, Diff: 32076, Sum: 51340, Workers: 4
[5765.849s][debug][gc,phases      ] GC(224)   ResolvedMethodTable Weak       Min: 0.00, Avg: 0.03, Max: 0.06, Diff: 0.06, Sum: 0.12, Workers: 4
[5765.849s][debug][gc,phases      ] GC(224)     Dead                           Min: 0, Avg:  5.0, Max: 16, Diff: 16, Sum: 20, Workers: 4
[5765.849s][debug][gc,phases      ] GC(224)     Total                          Min: 0, Avg: 4351.5, Max: 10112, Diff: 10112, Sum: 17406, Workers: 4
[5765.849s][debug][gc,phases      ] GC(224)   JNI Weak                       Min: 0.00, Avg: 0.00, Max: 0.00, Diff: 0.00, Sum: 0.00, Workers: 4
[5765.849s][debug][gc,phases      ] GC(224)     Dead                           Min: 0, Avg:  0.0, Max: 0, Diff: 0, Sum: 0, Workers: 4
[5765.849s][debug][gc,phases      ] GC(224)     Total                          Min: 0, Avg: 13.0, Max: 48, Diff: 48, Sum: 52, Workers: 4
[5765.849s][debug][gc,phases      ] GC(224)   StringDedup Table Weak         Min: 0.00, Avg: 0.00, Max: 0.00, Diff: 0.00, Sum: 0.00, Workers: 4
[5765.849s][debug][gc,phases      ] GC(224)     Dead                           Min: 0, Avg:  0.0, Max: 0, Diff: 0, Sum: 0, Workers: 4
[5765.849s][debug][gc,phases      ] GC(224)     Total                          Min: 0, Avg:  0.0, Max: 0, Diff: 0, Sum: 0, Workers: 4
[5765.849s][debug][gc,phases      ] GC(224)   StringDedup Requests0 Weak     Min: 0.00, Avg: 0.00, Max: 0.00, Diff: 0.00, Sum: 0.00, Workers: 4
[5765.849s][debug][gc,phases      ] GC(224)     Dead                           Min: 0, Avg:  0.0, Max: 0, Diff: 0, Sum: 0, Workers: 4
[5765.849s][debug][gc,phases      ] GC(224)     Total                          Min: 0, Avg:  0.0, Max: 0, Diff: 0, Sum: 0, Workers: 4
[5765.849s][debug][gc,phases      ] GC(224)   StringDedup Requests1 Weak     Min: 0.00, Avg: 0.00, Max: 0.00, Diff: 0.00, Sum: 0.00, Workers: 4
[5765.849s][debug][gc,phases      ] GC(224)     Dead                           Min: 0, Avg:  0.0, Max: 0, Diff: 0, Sum: 0, Workers: 4
[5765.849s][debug][gc,phases      ] GC(224)     Total                          Min: 0, Avg:  0.0, Max: 0, Diff: 0, Sum: 0, Workers: 4
[5765.849s][debug][gc,phases      ] GC(224)   Weak JFR Old Object Samples    Min: 0.00, Avg: 0.00, Max: 0.00, Diff: 0.00, Sum: 0.00, Workers: 4
[5765.849s][debug][gc,phases      ] GC(224)     Dead                           Min: 0, Avg:  0.0, Max: 0, Diff: 0, Sum: 0, Workers: 4
[5765.849s][debug][gc,phases      ] GC(224)     Total                          Min: 0, Avg:  0.0, Max: 0, Diff: 0, Sum: 0, Workers: 4
[5765.849s][debug][gc,phases      ] GC(224) Weak Processing 0.420ms
[5765.849s][debug][gc,age         ] GC(224) Desired survivor size 29884416 bytes, new threshold 1 (max threshold 15)
[5765.849s][info ][gc,heap        ] GC(224) PSYoungGen: 2039664K(2066432K)->5184K(2065408K) Eden: 2034688K(2034688K)->0K(2034688K) From: 4976K(31744K)->5184K(30720K)
[5765.849s][info ][gc,heap        ] GC(224) ParOldGen: 1676643K(1676800K)->1678332K(1678336K)
[5765.849s][info ][gc,metaspace   ] GC(224) Metaspace: 112976K(114240K)->112976K(114240K) NonClass: 96582K(97280K)->96582K(97280K) Class: 16393K(16960K)->16393K(16960K)
[5765.849s][info ][gc             ] GC(224) Pause Young (Allocation Failure) 3629M->1644M(3656M) 6.649ms
[5765.849s][info ][gc,cpu         ] GC(224) User=0.02s Sys=0.00s Real=0.01s
[5765.849s][info ][safepoint      ] Safepoint "ParallelCollectForAllocation", Time since last: 35184472418 ns, Reaching safepoint: 108199 ns, At safepoint: 6713969 ns, Leaving safepoint: 8300 ns, Total: 6830468 ns, Threads: 1 runnable, 42 total
[5796.856s][info ][gc,start       ] GC(225) Pause Young (Allocation Failure)
[5796.863s][debug][gc,phases      ] GC(225) Scavenge 6.532ms
[5796.863s][debug][gc,ref         ] GC(225) ReferenceProcessor::execute queues: 1, RefProcThreadModel::Single, marks_oops_alive: false
[5796.863s][debug][gc,ref         ] GC(225) Skipped KeepAliveFinalRefsPhase of Reference Processing: no references
[5796.863s][debug][gc,ref         ] GC(225) Skipped PhantomRefsPhase of Reference Processing: no references
[5796.863s][debug][gc,phases      ] GC(225) Reference Processing 0.099ms
[5796.863s][debug][gc,phases      ] GC(225)   VM Weak                        Min: 0.00, Avg: 0.00, Max: 0.01, Diff: 0.01, Sum: 0.01, Workers: 4
[5796.863s][debug][gc,phases      ] GC(225)     Dead                           Min: 0, Avg:  0.0, Max: 0, Diff: 0, Sum: 0, Workers: 4
[5796.863s][debug][gc,phases      ] GC(225)     Total                          Min: 0, Avg: 240.5, Max: 576, Diff: 576, Sum: 962, Workers: 4
[5796.863s][debug][gc,phases      ] GC(225)   ObjectSynchronizer Weak        Min: 0.00, Avg: 0.00, Max: 0.00, Diff: 0.00, Sum: 0.00, Workers: 4
[5796.863s][debug][gc,phases      ] GC(225)     Dead                           Min: 0, Avg:  0.0, Max: 0, Diff: 0, Sum: 0, Workers: 4
[5796.863s][debug][gc,phases      ] GC(225)     Total                          Min: 0, Avg:  1.5, Max: 6, Diff: 6, Sum: 6, Workers: 4
[5796.863s][debug][gc,phases      ] GC(225)   JVMTI Tag Weak OopStorage      Min: 0.00, Avg: 0.00, Max: 0.00, Diff: 0.00, Sum: 0.00, Workers: 4
[5796.863s][debug][gc,phases      ] GC(225)     Dead                           Min: 0, Avg:  0.0, Max: 0, Diff: 0, Sum: 0, Workers: 4
[5796.863s][debug][gc,phases      ] GC(225)     Total                          Min: 0, Avg:  0.0, Max: 0, Diff: 0, Sum: 0, Workers: 4
[5796.863s][debug][gc,phases      ] GC(225)   StringTable Weak               Min: 0.11, Avg: 0.11, Max: 0.11, Diff: 0.00, Sum: 0.44, Workers: 4
[5796.863s][debug][gc,phases      ] GC(225)     Dead                           Min: 0, Avg:  0.0, Max: 0, Diff: 0, Sum: 0, Workers: 4
[5796.863s][debug][gc,phases      ] GC(225)     Total                          Min: 12749, Avg: 12835.2, Max: 12928, Diff: 179, Sum: 51341, Workers: 4
[5796.863s][debug][gc,phases      ] GC(225)   ResolvedMethodTable Weak       Min: 0.04, Avg: 0.04, Max: 0.04, Diff: 0.00, Sum: 0.15, Workers: 4
[5796.863s][debug][gc,phases      ] GC(225)     Dead                           Min: 0, Avg:  5.0, Max: 16, Diff: 16, Sum: 20, Workers: 4
[5796.863s][debug][gc,phases      ] GC(225)     Total                          Min: 4224, Avg: 4351.5, Max: 4416, Diff: 192, Sum: 17406, Workers: 4
[5796.863s][debug][gc,phases      ] GC(225)   JNI Weak                       Min: 0.00, Avg: 0.00, Max: 0.00, Diff: 0.00, Sum: 0.00, Workers: 4
[5796.863s][debug][gc,phases      ] GC(225)     Dead                           Min: 0, Avg:  0.0, Max: 0, Diff: 0, Sum: 0, Workers: 4
[5796.863s][debug][gc,phases      ] GC(225)     Total                          Min: 0, Avg: 13.0, Max: 48, Diff: 48, Sum: 52, Workers: 4
[5796.863s][debug][gc,phases      ] GC(225)   StringDedup Table Weak         Min: 0.00, Avg: 0.00, Max: 0.00, Diff: 0.00, Sum: 0.00, Workers: 4
[5796.863s][debug][gc,phases      ] GC(225)     Dead                           Min: 0, Avg:  0.0, Max: 0, Diff: 0, Sum: 0, Workers: 4
[5796.863s][debug][gc,phases      ] GC(225)     Total                          Min: 0, Avg:  0.0, Max: 0, Diff: 0, Sum: 0, Workers: 4
[5796.863s][debug][gc,phases      ] GC(225)   StringDedup Requests0 Weak     Min: 0.00, Avg: 0.00, Max: 0.00, Diff: 0.00, Sum: 0.00, Workers: 4
[5796.863s][debug][gc,phases      ] GC(225)     Dead                           Min: 0, Avg:  0.0, Max: 0, Diff: 0, Sum: 0, Workers: 4
[5796.863s][debug][gc,phases      ] GC(225)     Total                          Min: 0, Avg:  0.0, Max: 0, Diff: 0, Sum: 0, Workers: 4
[5796.863s][debug][gc,phases      ] GC(225)   StringDedup Requests1 Weak     Min: 0.00, Avg: 0.00, Max: 0.00, Diff: 0.00, Sum: 0.00, Workers: 4
[5796.863s][debug][gc,phases      ] GC(225)     Dead                           Min: 0, Avg:  0.0, Max: 0, Diff: 0, Sum: 0, Workers: 4
[5796.863s][debug][gc,phases      ] GC(225)     Total                          Min: 0, Avg:  0.0, Max: 0, Diff: 0, Sum: 0, Workers: 4
[5796.863s][debug][gc,phases      ] GC(225)   Weak JFR Old Object Samples    Min: 0.00, Avg: 0.00, Max: 0.00, Diff: 0.00, Sum: 0.00, Workers: 4
[5796.863s][debug][gc,phases      ] GC(225)     Dead                           Min: 0, Avg:  0.0, Max: 0, Diff: 0, Sum: 0, Workers: 4
[5796.863s][debug][gc,phases      ] GC(225)     Total                          Min: 0, Avg:  0.0, Max: 0, Diff: 0, Sum: 0, Workers: 4
[5796.863s][debug][gc,phases      ] GC(225) Weak Processing 0.343ms
[5796.863s][debug][gc,age         ] GC(225) Desired survivor size 28311552 bytes, new threshold 1 (max threshold 15)
[5796.863s][info ][gc,heap        ] GC(225) PSYoungGen: 2039872K(2065408K)->7514K(2069504K) Eden: 2034688K(2034688K)->0K(2040320K) From: 5184K(30720K)->7514K(29184K)
[5796.863s][info ][gc,heap        ] GC(225) ParOldGen: 1678332K(1678336K)->1680201K(1680384K)
[5796.863s][info ][gc,metaspace   ] GC(225) Metaspace: 112980K(114240K)->112980K(114240K) NonClass: 96586K(97280K)->96586K(97280K) Class: 16393K(16960K)->16393K(16960K)
[5796.863s][info ][gc             ] GC(225) Pause Young (Allocation Failure) 3631M->1648M(3662M) 7.092ms
[5796.863s][info ][gc,cpu         ] GC(225) User=0.03s Sys=0.00s Real=0.01s
[5796.863s][info ][safepoint      ] Safepoint "ParallelCollectForAllocation", Time since last: 31006968860 ns, Reaching safepoint: 150600 ns, At safepoint: 7154766 ns, Leaving safepoint: 11000 ns, Total: 7316366 ns, Threads: 2 runnable, 37 total
[5813.861s][info ][gc,start       ] GC(226) Pause Young (Allocation Failure)
[5813.874s][debug][gc,phases      ] GC(226) Scavenge 12.870ms
[5813.874s][debug][gc,ref         ] GC(226) ReferenceProcessor::execute queues: 1, RefProcThreadModel::Single, marks_oops_alive: false
[5813.874s][debug][gc,ref         ] GC(226) Skipped KeepAliveFinalRefsPhase of Reference Processing: no references
[5813.875s][debug][gc,ref         ] GC(226) Skipped PhantomRefsPhase of Reference Processing: no references
[5813.875s][debug][gc,phases      ] GC(226) Reference Processing 0.102ms
[5813.875s][debug][gc,phases      ] GC(226)   VM Weak                        Min: 0.00, Avg: 0.00, Max: 0.00, Diff: 0.00, Sum: 0.01, Workers: 4
[5813.875s][debug][gc,phases      ] GC(226)     Dead                           Min: 0, Avg:  0.0, Max: 0, Diff: 0, Sum: 0, Workers: 4
[5813.875s][debug][gc,phases      ] GC(226)     Total                          Min: 0, Avg: 240.5, Max: 448, Diff: 448, Sum: 962, Workers: 4
[5813.875s][debug][gc,phases      ] GC(226)   ObjectSynchronizer Weak        Min: 0.00, Avg: 0.00, Max: 0.00, Diff: 0.00, Sum: 0.00, Workers: 4
[5813.875s][debug][gc,phases      ] GC(226)     Dead                           Min: 0, Avg:  0.0, Max: 0, Diff: 0, Sum: 0, Workers: 4
[5813.875s][debug][gc,phases      ] GC(226)     Total                          Min: 0, Avg:  1.5, Max: 6, Diff: 6, Sum: 6, Workers: 4
[5813.875s][debug][gc,phases      ] GC(226)   JVMTI Tag Weak OopStorage      Min: 0.00, Avg: 0.00, Max: 0.00, Diff: 0.00, Sum: 0.00, Workers: 4
[5813.875s][debug][gc,phases      ] GC(226)     Dead                           Min: 0, Avg:  0.0, Max: 0, Diff: 0, Sum: 0, Workers: 4
[5813.875s][debug][gc,phases      ] GC(226)     Total                          Min: 0, Avg:  0.0, Max: 0, Diff: 0, Sum: 0, Workers: 4
[5813.875s][debug][gc,phases      ] GC(226)   StringTable Weak               Min: 0.00, Avg: 0.09, Max: 0.13, Diff: 0.13, Sum: 0.38, Workers: 4
[5813.875s][debug][gc,phases      ] GC(226)     Dead                           Min: 0, Avg:  0.0, Max: 0, Diff: 0, Sum: 0, Workers: 4
[5813.875s][debug][gc,phases      ] GC(226)     Total                          Min: 0, Avg: 12835.5, Max: 22464, Diff: 22464, Sum: 51342, Workers: 4
[5813.875s][debug][gc,phases      ] GC(226)   ResolvedMethodTable Weak       Min: 0.00, Avg: 0.03, Max: 0.04, Diff: 0.04, Sum: 0.13, Workers: 4
[5813.875s][debug][gc,phases      ] GC(226)     Dead                           Min: 0, Avg:  5.0, Max: 20, Diff: 20, Sum: 20, Workers: 4
[5813.875s][debug][gc,phases      ] GC(226)     Total                          Min: 0, Avg: 4352.0, Max: 7636, Diff: 7636, Sum: 17408, Workers: 4
[5813.875s][debug][gc,phases      ] GC(226)   JNI Weak                       Min: 0.00, Avg: 0.00, Max: 0.00, Diff: 0.00, Sum: 0.00, Workers: 4
[5813.875s][debug][gc,phases      ] GC(226)     Dead                           Min: 0, Avg:  0.0, Max: 0, Diff: 0, Sum: 0, Workers: 4
[5813.875s][debug][gc,phases      ] GC(226)     Total                          Min: 0, Avg: 13.0, Max: 48, Diff: 48, Sum: 52, Workers: 4
[5813.875s][debug][gc,phases      ] GC(226)   StringDedup Table Weak         Min: 0.00, Avg: 0.00, Max: 0.00, Diff: 0.00, Sum: 0.00, Workers: 4
[5813.875s][debug][gc,phases      ] GC(226)     Dead                           Min: 0, Avg:  0.0, Max: 0, Diff: 0, Sum: 0, Workers: 4
[5813.875s][debug][gc,phases      ] GC(226)     Total                          Min: 0, Avg:  0.0, Max: 0, Diff: 0, Sum: 0, Workers: 4
[5813.875s][debug][gc,phases      ] GC(226)   StringDedup Requests0 Weak     Min: 0.00, Avg: 0.00, Max: 0.00, Diff: 0.00, Sum: 0.00, Workers: 4
[5813.875s][debug][gc,phases      ] GC(226)     Dead                           Min: 0, Avg:  0.0, Max: 0, Diff: 0, Sum: 0, Workers: 4
[5813.875s][debug][gc,phases      ] GC(226)     Total                          Min: 0, Avg:  0.0, Max: 0, Diff: 0, Sum: 0, Workers: 4
[5813.875s][debug][gc,phases      ] GC(226)   StringDedup Requests1 Weak     Min: 0.00, Avg: 0.00, Max: 0.00, Diff: 0.00, Sum: 0.00, Workers: 4
[5813.875s][debug][gc,phases      ] GC(226)     Dead                           Min: 0, Avg:  0.0, Max: 0, Diff: 0, Sum: 0, Workers: 4
[5813.875s][debug][gc,phases      ] GC(226)     Total                          Min: 0, Avg:  0.0, Max: 0, Diff: 0, Sum: 0, Workers: 4
[5813.875s][debug][gc,phases      ] GC(226)   Weak JFR Old Object Samples    Min: 0.00, Avg: 0.00, Max: 0.00, Diff: 0.00, Sum: 0.00, Workers: 4
[5813.875s][debug][gc,phases      ] GC(226)     Dead                           Min: 0, Avg:  0.0, Max: 0, Diff: 0, Sum: 0, Workers: 4
[5813.875s][debug][gc,phases      ] GC(226)     Total                          Min: 0, Avg:  0.0, Max: 0, Diff: 0, Sum: 0, Workers: 4
[5813.875s][debug][gc,phases      ] GC(226) Weak Processing 0.352ms
[5813.875s][debug][gc,age         ] GC(226) Desired survivor size 29360128 bytes, new threshold 1 (max threshold 15)
[5813.875s][info ][gc,heap        ] GC(226) PSYoungGen: 2047834K(2069504K)->17471K(2067968K) Eden: 2040320K(2040320K)->0K(2040320K) From: 7514K(29184K)->17471K(27648K)
[5813.875s][info ][gc,heap        ] GC(226) ParOldGen: 1680201K(1680384K)->1683697K(1683968K)
[5813.875s][info ][gc,metaspace   ] GC(226) Metaspace: 112998K(114304K)->112998K(114304K) NonClass: 96604K(97344K)->96604K(97344K) Class: 16394K(16960K)->16394K(16960K)
[5813.875s][info ][gc             ] GC(226) Pause Young (Allocation Failure) 3640M->1661M(3664M) 13.430ms
[5813.875s][info ][gc,cpu         ] GC(226) User=0.04s Sys=0.01s Real=0.01s
[5813.875s][info ][safepoint      ] Safepoint "ParallelCollectForAllocation", Time since last: 16998181280 ns, Reaching safepoint: 181299 ns, At safepoint: 13498237 ns, Leaving safepoint: 9100 ns, Total: 13688636 ns, Threads: 1 runnable, 37 total
[5832.445s][info ][gc,start       ] GC(227) Pause Young (Allocation Failure)
[5832.458s][debug][gc,phases      ] GC(227) Scavenge 12.227ms
[5832.458s][debug][gc,ref         ] GC(227) Skipped SoftWeakFinalRefsPhase of Reference Processing: no references
[5832.458s][debug][gc,ref         ] GC(227) Skipped KeepAliveFinalRefsPhase of Reference Processing: no references
[5832.458s][debug][gc,ref         ] GC(227) Skipped PhantomRefsPhase of Reference Processing: no references
[5832.458s][debug][gc,phases      ] GC(227) Reference Processing 0.022ms
[5832.458s][debug][gc,phases      ] GC(227)   VM Weak                        Min: 0.00, Avg: 0.00, Max: 0.00, Diff: 0.00, Sum: 0.01, Workers: 4
[5832.458s][debug][gc,phases      ] GC(227)     Dead                           Min: 0, Avg:  0.0, Max: 0, Diff: 0, Sum: 0, Workers: 4
[5832.458s][debug][gc,phases      ] GC(227)     Total                          Min: 0, Avg: 240.5, Max: 512, Diff: 512, Sum: 962, Workers: 4
[5832.458s][debug][gc,phases      ] GC(227)   ObjectSynchronizer Weak        Min: 0.00, Avg: 0.00, Max: 0.00, Diff: 0.00, Sum: 0.00, Workers: 4
[5832.458s][debug][gc,phases      ] GC(227)     Dead                           Min: 0, Avg:  0.0, Max: 0, Diff: 0, Sum: 0, Workers: 4
[5832.458s][debug][gc,phases      ] GC(227)     Total                          Min: 0, Avg:  1.5, Max: 6, Diff: 6, Sum: 6, Workers: 4
[5832.458s][debug][gc,phases      ] GC(227)   JVMTI Tag Weak OopStorage      Min: 0.00, Avg: 0.00, Max: 0.00, Diff: 0.00, Sum: 0.00, Workers: 4
[5832.458s][debug][gc,phases      ] GC(227)     Dead                           Min: 0, Avg:  0.0, Max: 0, Diff: 0, Sum: 0, Workers: 4
[5832.458s][debug][gc,phases      ] GC(227)     Total                          Min: 0, Avg:  0.0, Max: 0, Diff: 0, Sum: 0, Workers: 4
[5832.458s][debug][gc,phases      ] GC(227)   StringTable Weak               Min: 0.11, Avg: 0.11, Max: 0.11, Diff: 0.00, Sum: 0.43, Workers: 4
[5832.458s][debug][gc,phases      ] GC(227)     Dead                           Min: 0, Avg:  0.0, Max: 0, Diff: 0, Sum: 0, Workers: 4
[5832.458s][debug][gc,phases      ] GC(227)     Total                          Min: 12544, Avg: 12835.5, Max: 13056, Diff: 512, Sum: 51342, Workers: 4
[5832.458s][debug][gc,phases      ] GC(227)   ResolvedMethodTable Weak       Min: 0.04, Avg: 0.04, Max: 0.04, Diff: 0.00, Sum: 0.14, Workers: 4
[5832.458s][debug][gc,phases      ] GC(227)     Dead                           Min: 0, Avg:  0.0, Max: 0, Diff: 0, Sum: 0, Workers: 4
[5832.458s][debug][gc,phases      ] GC(227)     Total                          Min: 4223, Avg: 4352.0, Max: 4476, Diff: 253, Sum: 17408, Workers: 4
[5832.458s][debug][gc,phases      ] GC(227)   JNI Weak                       Min: 0.00, Avg: 0.00, Max: 0.00, Diff: 0.00, Sum: 0.00, Workers: 4
[5832.458s][debug][gc,phases      ] GC(227)     Dead                           Min: 0, Avg:  0.0, Max: 0, Diff: 0, Sum: 0, Workers: 4
[5832.458s][debug][gc,phases      ] GC(227)     Total                          Min: 0, Avg: 13.0, Max: 48, Diff: 48, Sum: 52, Workers: 4
[5832.458s][debug][gc,phases      ] GC(227)   StringDedup Table Weak         Min: 0.00, Avg: 0.00, Max: 0.00, Diff: 0.00, Sum: 0.00, Workers: 4
[5832.458s][debug][gc,phases      ] GC(227)     Dead                           Min: 0, Avg:  0.0, Max: 0, Diff: 0, Sum: 0, Workers: 4
[5832.458s][debug][gc,phases      ] GC(227)     Total                          Min: 0, Avg:  0.0, Max: 0, Diff: 0, Sum: 0, Workers: 4
[5832.458s][debug][gc,phases      ] GC(227)   StringDedup Requests0 Weak     Min: 0.00, Avg: 0.00, Max: 0.00, Diff: 0.00, Sum: 0.00, Workers: 4
[5832.458s][debug][gc,phases      ] GC(227)     Dead                           Min: 0, Avg:  0.0, Max: 0, Diff: 0, Sum: 0, Workers: 4
[5832.458s][debug][gc,phases      ] GC(227)     Total                          Min: 0, Avg:  0.0, Max: 0, Diff: 0, Sum: 0, Workers: 4
[5832.458s][debug][gc,phases      ] GC(227)   StringDedup Requests1 Weak     Min: 0.00, Avg: 0.00, Max: 0.00, Diff: 0.00, Sum: 0.00, Workers: 4
[5832.458s][debug][gc,phases      ] GC(227)     Dead                           Min: 0, Avg:  0.0, Max: 0, Diff: 0, Sum: 0, Workers: 4
[5832.458s][debug][gc,phases      ] GC(227)     Total                          Min: 0, Avg:  0.0, Max: 0, Diff: 0, Sum: 0, Workers: 4
[5832.458s][debug][gc,phases      ] GC(227)   Weak JFR Old Object Samples    Min: 0.00, Avg: 0.00, Max: 0.00, Diff: 0.00, Sum: 0.00, Workers: 4
[5832.458s][debug][gc,phases      ] GC(227)     Dead                           Min: 0, Avg:  0.0, Max: 0, Diff: 0, Sum: 0, Workers: 4
[5832.458s][debug][gc,phases      ] GC(227)     Total                          Min: 0, Avg:  0.0, Max: 0, Diff: 0, Sum: 0, Workers: 4
[5832.458s][debug][gc,phases      ] GC(227) Weak Processing 0.342ms
[5832.458s][debug][gc,age         ] GC(227) Desired survivor size 28311552 bytes, new threshold 1 (max threshold 15)
[5832.458s][info ][gc,heap        ] GC(227) PSYoungGen: 2057791K(2067968K)->4560K(2069504K) Eden: 2040320K(2040320K)->0K(2040832K) From: 17471K(27648K)->4560K(28672K)
[5832.458s][info ][gc,heap        ] GC(227) ParOldGen: 1683697K(1683968K)->1697910K(1698304K)
[5832.458s][info ][gc,metaspace   ] GC(227) Metaspace: 112999K(114304K)->112999K(114304K) NonClass: 96605K(97344K)->96605K(97344K) Class: 16394K(16960K)->16394K(16960K)
[5832.458s][info ][gc             ] GC(227) Pause Young (Allocation Failure) 3653M->1662M(3679M) 12.722ms
[5832.458s][info ][gc,cpu         ] GC(227) User=0.03s Sys=0.01s Real=0.01s
[5832.458s][info ][safepoint      ] Safepoint "ParallelCollectForAllocation", Time since last: 18570370601 ns, Reaching safepoint: 7600 ns, At safepoint: 12793240 ns, Leaving safepoint: 8400 ns, Total: 12809240 ns, Threads: 0 runnable, 37 total
[5852.046s][info ][gc,start       ] GC(228) Pause Young (Allocation Failure)
[5852.053s][debug][gc,phases      ] GC(228) Scavenge 7.226ms
[5852.053s][debug][gc,ref         ] GC(228) ReferenceProcessor::execute queues: 1, RefProcThreadModel::Single, marks_oops_alive: false
[5852.053s][debug][gc,ref         ] GC(228) Skipped KeepAliveFinalRefsPhase of Reference Processing: no references
[5852.053s][debug][gc,ref         ] GC(228) Skipped PhantomRefsPhase of Reference Processing: no references
[5852.053s][debug][gc,phases      ] GC(228) Reference Processing 0.128ms
[5852.054s][debug][gc,phases      ] GC(228)   VM Weak                        Min: 0.00, Avg: 0.00, Max: 0.01, Diff: 0.01, Sum: 0.01, Workers: 4
[5852.054s][debug][gc,phases      ] GC(228)     Dead                           Min: 0, Avg:  0.0, Max: 0, Diff: 0, Sum: 0, Workers: 4
[5852.054s][debug][gc,phases      ] GC(228)     Total                          Min: 0, Avg: 240.5, Max: 514, Diff: 514, Sum: 962, Workers: 4
[5852.054s][debug][gc,phases      ] GC(228)   ObjectSynchronizer Weak        Min: 0.00, Avg: 0.00, Max: 0.00, Diff: 0.00, Sum: 0.00, Workers: 4
[5852.054s][debug][gc,phases      ] GC(228)     Dead                           Min: 0, Avg:  0.0, Max: 0, Diff: 0, Sum: 0, Workers: 4
[5852.054s][debug][gc,phases      ] GC(228)     Total                          Min: 0, Avg:  1.5, Max: 6, Diff: 6, Sum: 6, Workers: 4
[5852.054s][debug][gc,phases      ] GC(228)   JVMTI Tag Weak OopStorage      Min: 0.00, Avg: 0.00, Max: 0.00, Diff: 0.00, Sum: 0.00, Workers: 4
[5852.054s][debug][gc,phases      ] GC(228)     Dead                           Min: 0, Avg:  0.0, Max: 0, Diff: 0, Sum: 0, Workers: 4
[5852.054s][debug][gc,phases      ] GC(228)     Total                          Min: 0, Avg:  0.0, Max: 0, Diff: 0, Sum: 0, Workers: 4
[5852.054s][debug][gc,phases      ] GC(228)   StringTable Weak               Min: 0.00, Avg: 0.11, Max: 0.15, Diff: 0.15, Sum: 0.44, Workers: 4
[5852.054s][debug][gc,phases      ] GC(228)     Dead                           Min: 0, Avg:  0.0, Max: 0, Diff: 0, Sum: 0, Workers: 4
[5852.054s][debug][gc,phases      ] GC(228)     Total                          Min: 0, Avg: 12835.5, Max: 17216, Diff: 17216, Sum: 51342, Workers: 4
[5852.054s][debug][gc,phases      ] GC(228)   ResolvedMethodTable Weak       Min: 0.00, Avg: 0.04, Max: 0.05, Diff: 0.05, Sum: 0.15, Workers: 4
[5852.054s][debug][gc,phases      ] GC(228)     Dead                           Min: 0, Avg:  5.0, Max: 20, Diff: 20, Sum: 20, Workers: 4
[5852.054s][debug][gc,phases      ] GC(228)     Total                          Min: 0, Avg: 4352.0, Max: 5948, Diff: 5948, Sum: 17408, Workers: 4
[5852.054s][debug][gc,phases      ] GC(228)   JNI Weak                       Min: 0.00, Avg: 0.00, Max: 0.00, Diff: 0.00, Sum: 0.00, Workers: 4
[5852.054s][debug][gc,phases      ] GC(228)     Dead                           Min: 0, Avg:  0.0, Max: 0, Diff: 0, Sum: 0, Workers: 4
[5852.054s][debug][gc,phases      ] GC(228)     Total                          Min: 0, Avg: 13.0, Max: 48, Diff: 48, Sum: 52, Workers: 4
[5852.054s][debug][gc,phases      ] GC(228)   StringDedup Table Weak         Min: 0.00, Avg: 0.00, Max: 0.00, Diff: 0.00, Sum: 0.00, Workers: 4
[5852.054s][debug][gc,phases      ] GC(228)     Dead                           Min: 0, Avg:  0.0, Max: 0, Diff: 0, Sum: 0, Workers: 4
[5852.054s][debug][gc,phases      ] GC(228)     Total                          Min: 0, Avg:  0.0, Max: 0, Diff: 0, Sum: 0, Workers: 4
[5852.054s][debug][gc,phases      ] GC(228)   StringDedup Requests0 Weak     Min: 0.00, Avg: 0.00, Max: 0.00, Diff: 0.00, Sum: 0.00, Workers: 4
[5852.054s][debug][gc,phases      ] GC(228)     Dead                           Min: 0, Avg:  0.0, Max: 0, Diff: 0, Sum: 0, Workers: 4
[5852.054s][debug][gc,phases      ] GC(228)     Total                          Min: 0, Avg:  0.0, Max: 0, Diff: 0, Sum: 0, Workers: 4
[5852.054s][debug][gc,phases      ] GC(228)   StringDedup Requests1 Weak     Min: 0.00, Avg: 0.00, Max: 0.00, Diff: 0.00, Sum: 0.00, Workers: 4
[5852.054s][debug][gc,phases      ] GC(228)     Dead                           Min: 0, Avg:  0.0, Max: 0, Diff: 0, Sum: 0, Workers: 4
[5852.054s][debug][gc,phases      ] GC(228)     Total                          Min: 0, Avg:  0.0, Max: 0, Diff: 0, Sum: 0, Workers: 4
[5852.054s][debug][gc,phases      ] GC(228)   Weak JFR Old Object Samples    Min: 0.00, Avg: 0.00, Max: 0.00, Diff: 0.00, Sum: 0.00, Workers: 4
[5852.054s][debug][gc,phases      ] GC(228)     Dead                           Min: 0, Avg:  0.0, Max: 0, Diff: 0, Sum: 0, Workers: 4
[5852.054s][debug][gc,phases      ] GC(228)     Total                          Min: 0, Avg:  0.0, Max: 0, Diff: 0, Sum: 0, Workers: 4
[5852.054s][debug][gc,phases      ] GC(228) Weak Processing 0.360ms
[5852.054s][debug][gc,age         ] GC(228) Desired survivor size 27262976 bytes, new threshold 1 (max threshold 15)
[5852.054s][info ][gc,heap        ] GC(228) PSYoungGen: 2045392K(2069504K)->4224K(2068480K) Eden: 2040832K(2040832K)->0K(2040832K) From: 4560K(28672K)->4224K(27648K)
[5852.054s][info ][gc,heap        ] GC(228) ParOldGen: 1697910K(1698304K)->1699462K(1699840K)
[5852.054s][info ][gc,metaspace   ] GC(228) Metaspace: 113004K(114304K)->113004K(114304K) NonClass: 96609K(97344K)->96609K(97344K) Class: 16394K(16960K)->16394K(16960K)
[5852.054s][info ][gc             ] GC(228) Pause Young (Allocation Failure) 3655M->1663M(3680M) 7.815ms
[5852.054s][info ][gc,cpu         ] GC(228) User=0.02s Sys=0.00s Real=0.01s
[5852.054s][info ][safepoint      ] Safepoint "ParallelCollectForAllocation", Time since last: 19587782822 ns, Reaching safepoint: 20700 ns, At safepoint: 7875763 ns, Leaving safepoint: 6800 ns, Total: 7903263 ns, Threads: 0 runnable, 37 total
[5871.203s][info ][gc,start       ] GC(229) Pause Young (Allocation Failure)
[5871.211s][debug][gc,phases      ] GC(229) Scavenge 8.000ms
[5871.211s][debug][gc,ref         ] GC(229) ReferenceProcessor::execute queues: 1, RefProcThreadModel::Single, marks_oops_alive: false
[5871.211s][debug][gc,ref         ] GC(229) Skipped KeepAliveFinalRefsPhase of Reference Processing: no references
[5871.211s][debug][gc,ref         ] GC(229) Skipped PhantomRefsPhase of Reference Processing: no references
[5871.211s][debug][gc,phases      ] GC(229) Reference Processing 0.092ms
[5871.211s][debug][gc,phases      ] GC(229)   VM Weak                        Min: 0.00, Avg: 0.00, Max: 0.00, Diff: 0.00, Sum: 0.01, Workers: 4
[5871.211s][debug][gc,phases      ] GC(229)     Dead                           Min: 0, Avg:  0.0, Max: 0, Diff: 0, Sum: 0, Workers: 4
[5871.211s][debug][gc,phases      ] GC(229)     Total                          Min: 0, Avg: 240.5, Max: 512, Diff: 512, Sum: 962, Workers: 4
[5871.211s][debug][gc,phases      ] GC(229)   ObjectSynchronizer Weak        Min: 0.00, Avg: 0.00, Max: 0.00, Diff: 0.00, Sum: 0.00, Workers: 4
[5871.211s][debug][gc,phases      ] GC(229)     Dead                           Min: 0, Avg:  0.0, Max: 0, Diff: 0, Sum: 0, Workers: 4
[5871.211s][debug][gc,phases      ] GC(229)     Total                          Min: 0, Avg:  1.5, Max: 6, Diff: 6, Sum: 6, Workers: 4
[5871.211s][debug][gc,phases      ] GC(229)   JVMTI Tag Weak OopStorage      Min: 0.00, Avg: 0.00, Max: 0.00, Diff: 0.00, Sum: 0.00, Workers: 4
[5871.211s][debug][gc,phases      ] GC(229)     Dead                           Min: 0, Avg:  0.0, Max: 0, Diff: 0, Sum: 0, Workers: 4
[5871.211s][debug][gc,phases      ] GC(229)     Total                          Min: 0, Avg:  0.0, Max: 0, Diff: 0, Sum: 0, Workers: 4
[5871.211s][debug][gc,phases      ] GC(229)   StringTable Weak               Min: 0.00, Avg: 0.10, Max: 0.14, Diff: 0.14, Sum: 0.41, Workers: 4
[5871.211s][debug][gc,phases      ] GC(229)     Dead                           Min: 0, Avg:  0.0, Max: 0, Diff: 0, Sum: 0, Workers: 4
[5871.211s][debug][gc,phases      ] GC(229)     Total                          Min: 0, Avg: 12835.5, Max: 20992, Diff: 20992, Sum: 51342, Workers: 4
[5871.211s][debug][gc,phases      ] GC(229)   ResolvedMethodTable Weak       Min: 0.00, Avg: 0.03, Max: 0.04, Diff: 0.04, Sum: 0.13, Workers: 4
[5871.211s][debug][gc,phases      ] GC(229)     Dead                           Min: 0, Avg:  5.0, Max: 20, Diff: 20, Sum: 20, Workers: 4
[5871.211s][debug][gc,phases      ] GC(229)     Total                          Min: 0, Avg: 4352.0, Max: 7341, Diff: 7341, Sum: 17408, Workers: 4
[5871.211s][debug][gc,phases      ] GC(229)   JNI Weak                       Min: 0.00, Avg: 0.00, Max: 0.00, Diff: 0.00, Sum: 0.00, Workers: 4
[5871.211s][debug][gc,phases      ] GC(229)     Dead                           Min: 0, Avg:  0.0, Max: 0, Diff: 0, Sum: 0, Workers: 4
[5871.211s][debug][gc,phases      ] GC(229)     Total                          Min: 0, Avg: 13.0, Max: 48, Diff: 48, Sum: 52, Workers: 4
[5871.211s][debug][gc,phases      ] GC(229)   StringDedup Table Weak         Min: 0.00, Avg: 0.00, Max: 0.00, Diff: 0.00, Sum: 0.00, Workers: 4
[5871.211s][debug][gc,phases      ] GC(229)     Dead                           Min: 0, Avg:  0.0, Max: 0, Diff: 0, Sum: 0, Workers: 4
[5871.211s][debug][gc,phases      ] GC(229)     Total                          Min: 0, Avg:  0.0, Max: 0, Diff: 0, Sum: 0, Workers: 4
[5871.211s][debug][gc,phases      ] GC(229)   StringDedup Requests0 Weak     Min: 0.00, Avg: 0.00, Max: 0.00, Diff: 0.00, Sum: 0.00, Workers: 4
[5871.211s][debug][gc,phases      ] GC(229)     Dead                           Min: 0, Avg:  0.0, Max: 0, Diff: 0, Sum: 0, Workers: 4
[5871.211s][debug][gc,phases      ] GC(229)     Total                          Min: 0, Avg:  0.0, Max: 0, Diff: 0, Sum: 0, Workers: 4
[5871.211s][debug][gc,phases      ] GC(229)   StringDedup Requests1 Weak     Min: 0.00, Avg: 0.00, Max: 0.00, Diff: 0.00, Sum: 0.00, Workers: 4
[5871.211s][debug][gc,phases      ] GC(229)     Dead                           Min: 0, Avg:  0.0, Max: 0, Diff: 0, Sum: 0, Workers: 4
[5871.211s][debug][gc,phases      ] GC(229)     Total                          Min: 0, Avg:  0.0, Max: 0, Diff: 0, Sum: 0, Workers: 4
[5871.211s][debug][gc,phases      ] GC(229)   Weak JFR Old Object Samples    Min: 0.00, Avg: 0.00, Max: 0.00, Diff: 0.00, Sum: 0.00, Workers: 4
[5871.211s][debug][gc,phases      ] GC(229)     Dead                           Min: 0, Avg:  0.0, Max: 0, Diff: 0, Sum: 0, Workers: 4
[5871.211s][debug][gc,phases      ] GC(229)     Total                          Min: 0, Avg:  0.0, Max: 0, Diff: 0, Sum: 0, Workers: 4
[5871.211s][debug][gc,phases      ] GC(229) Weak Processing 0.367ms
[5871.211s][debug][gc,age         ] GC(229) Desired survivor size 26214400 bytes, new threshold 1 (max threshold 15)
[5871.211s][info ][gc,heap        ] GC(229) PSYoungGen: 2045056K(2068480K)->4160K(2071552K) Eden: 2040832K(2040832K)->0K(2044928K) From: 4224K(27648K)->4160K(26624K)
[5871.211s][info ][gc,heap        ] GC(229) ParOldGen: 1699462K(1699840K)->1700850K(1700864K)
[5871.211s][info ][gc,metaspace   ] GC(229) Metaspace: 113004K(114304K)->113004K(114304K) NonClass: 96609K(97344K)->96609K(97344K) Class: 16394K(16960K)->16394K(16960K)
[5871.211s][info ][gc             ] GC(229) Pause Young (Allocation Failure) 3656M->1665M(3684M) 8.572ms
[5871.211s][info ][gc,cpu         ] GC(229) User=0.02s Sys=0.00s Real=0.01s
[5871.211s][info ][safepoint      ] Safepoint "ParallelCollectForAllocation", Time since last: 19148719901 ns, Reaching safepoint: 7100 ns, At safepoint: 8636960 ns, Leaving safepoint: 10200 ns, Total: 8654260 ns, Threads: 0 runnable, 36 total
[5889.993s][info ][gc,start       ] GC(230) Pause Young (Allocation Failure)
[5890.000s][debug][gc,phases      ] GC(230) Scavenge 6.765ms
[5890.000s][debug][gc,ref         ] GC(230) ReferenceProcessor::execute queues: 1, RefProcThreadModel::Single, marks_oops_alive: false
[5890.000s][debug][gc,ref         ] GC(230) Skipped KeepAliveFinalRefsPhase of Reference Processing: no references
[5890.000s][debug][gc,ref         ] GC(230) Skipped PhantomRefsPhase of Reference Processing: no references
[5890.000s][debug][gc,phases      ] GC(230) Reference Processing 0.102ms
[5890.000s][debug][gc,phases      ] GC(230)   VM Weak                        Min: 0.00, Avg: 0.00, Max: 0.01, Diff: 0.01, Sum: 0.01, Workers: 4
[5890.000s][debug][gc,phases      ] GC(230)     Dead                           Min: 0, Avg:  0.0, Max: 0, Diff: 0, Sum: 0, Workers: 4
[5890.000s][debug][gc,phases      ] GC(230)     Total                          Min: 0, Avg: 240.5, Max: 706, Diff: 706, Sum: 962, Workers: 4
[5890.000s][debug][gc,phases      ] GC(230)   ObjectSynchronizer Weak        Min: 0.00, Avg: 0.00, Max: 0.00, Diff: 0.00, Sum: 0.00, Workers: 4
[5890.000s][debug][gc,phases      ] GC(230)     Dead                           Min: 0, Avg:  0.0, Max: 0, Diff: 0, Sum: 0, Workers: 4
[5890.000s][debug][gc,phases      ] GC(230)     Total                          Min: 0, Avg:  1.2, Max: 5, Diff: 5, Sum: 5, Workers: 4
[5890.000s][debug][gc,phases      ] GC(230)   JVMTI Tag Weak OopStorage      Min: 0.00, Avg: 0.00, Max: 0.00, Diff: 0.00, Sum: 0.00, Workers: 4
[5890.000s][debug][gc,phases      ] GC(230)     Dead                           Min: 0, Avg:  0.0, Max: 0, Diff: 0, Sum: 0, Workers: 4
[5890.000s][debug][gc,phases      ] GC(230)     Total                          Min: 0, Avg:  0.0, Max: 0, Diff: 0, Sum: 0, Workers: 4
[5890.000s][debug][gc,phases      ] GC(230)   StringTable Weak               Min: 0.00, Avg: 0.09, Max: 0.12, Diff: 0.12, Sum: 0.37, Workers: 4
[5890.000s][debug][gc,phases      ] GC(230)     Dead                           Min: 0, Avg:  0.0, Max: 0, Diff: 0, Sum: 0, Workers: 4
[5890.000s][debug][gc,phases      ] GC(230)     Total                          Min: 0, Avg: 12835.5, Max: 22464, Diff: 22464, Sum: 51342, Workers: 4
[5890.000s][debug][gc,phases      ] GC(230)   ResolvedMethodTable Weak       Min: 0.00, Avg: 0.04, Max: 0.06, Diff: 0.06, Sum: 0.18, Workers: 4
[5890.000s][debug][gc,phases      ] GC(230)     Dead                           Min: 0, Avg:  5.0, Max: 20, Diff: 20, Sum: 20, Workers: 4
[5890.000s][debug][gc,phases      ] GC(230)     Total                          Min: 0, Avg: 4352.0, Max: 7152, Diff: 7152, Sum: 17408, Workers: 4
[5890.000s][debug][gc,phases      ] GC(230)   JNI Weak                       Min: 0.00, Avg: 0.00, Max: 0.00, Diff: 0.00, Sum: 0.00, Workers: 4
[5890.000s][debug][gc,phases      ] GC(230)     Dead                           Min: 0, Avg:  0.0, Max: 0, Diff: 0, Sum: 0, Workers: 4
[5890.000s][debug][gc,phases      ] GC(230)     Total                          Min: 0, Avg: 13.0, Max: 48, Diff: 48, Sum: 52, Workers: 4
[5890.000s][debug][gc,phases      ] GC(230)   StringDedup Table Weak         Min: 0.00, Avg: 0.00, Max: 0.00, Diff: 0.00, Sum: 0.00, Workers: 4
[5890.000s][debug][gc,phases      ] GC(230)     Dead                           Min: 0, Avg:  0.0, Max: 0, Diff: 0, Sum: 0, Workers: 4
[5890.000s][debug][gc,phases      ] GC(230)     Total                          Min: 0, Avg:  0.0, Max: 0, Diff: 0, Sum: 0, Workers: 4
[5890.000s][debug][gc,phases      ] GC(230)   StringDedup Requests0 Weak     Min: 0.00, Avg: 0.00, Max: 0.00, Diff: 0.00, Sum: 0.00, Workers: 4
[5890.000s][debug][gc,phases      ] GC(230)     Dead                           Min: 0, Avg:  0.0, Max: 0, Diff: 0, Sum: 0, Workers: 4
[5890.000s][debug][gc,phases      ] GC(230)     Total                          Min: 0, Avg:  0.0, Max: 0, Diff: 0, Sum: 0, Workers: 4
[5890.000s][debug][gc,phases      ] GC(230)   StringDedup Requests1 Weak     Min: 0.00, Avg: 0.00, Max: 0.00, Diff: 0.00, Sum: 0.00, Workers: 4
[5890.000s][debug][gc,phases      ] GC(230)     Dead                           Min: 0, Avg:  0.0, Max: 0, Diff: 0, Sum: 0, Workers: 4
[5890.000s][debug][gc,phases      ] GC(230)     Total                          Min: 0, Avg:  0.0, Max: 0, Diff: 0, Sum: 0, Workers: 4
[5890.000s][debug][gc,phases      ] GC(230)   Weak JFR Old Object Samples    Min: 0.00, Avg: 0.00, Max: 0.00, Diff: 0.00, Sum: 0.00, Workers: 4
[5890.000s][debug][gc,phases      ] GC(230)     Dead                           Min: 0, Avg:  0.0, Max: 0, Diff: 0, Sum: 0, Workers: 4
[5890.000s][debug][gc,phases      ] GC(230)     Total                          Min: 0, Avg:  0.0, Max: 0, Diff: 0, Sum: 0, Workers: 4
[5890.000s][debug][gc,phases      ] GC(230) Weak Processing 0.363ms
[5890.000s][debug][gc,age         ] GC(230) Desired survivor size 25165824 bytes, new threshold 1 (max threshold 15)
[5890.000s][info ][gc,heap        ] GC(230) PSYoungGen: 2049088K(2071552K)->4464K(2070528K) Eden: 2044928K(2044928K)->0K(2044928K) From: 4160K(26624K)->4464K(25600K)
[5890.000s][info ][gc,heap        ] GC(230) ParOldGen: 1700850K(1700864K)->1702015K(1702400K)
[5890.000s][info ][gc,metaspace   ] GC(230) Metaspace: 113004K(114304K)->113004K(114304K) NonClass: 96609K(97344K)->96609K(97344K) Class: 16394K(16960K)->16394K(16960K)
[5890.001s][info ][gc             ] GC(230) Pause Young (Allocation Failure) 3662M->1666M(3684M) 7.332ms
[5890.001s][info ][gc,cpu         ] GC(230) User=0.02s Sys=0.00s Real=0.01s
[5890.001s][info ][safepoint      ] Safepoint "ParallelCollectForAllocation", Time since last: 18781820528 ns, Reaching safepoint: 107700 ns, At safepoint: 7401165 ns, Leaving safepoint: 12400 ns, Total: 7521265 ns, Threads: 1 runnable, 34 total
[5907.511s][info ][gc,start       ] GC(231) Pause Young (Allocation Failure)
[5907.516s][debug][gc,phases      ] GC(231) Scavenge 5.250ms
[5907.516s][debug][gc,ref         ] GC(231) ReferenceProcessor::execute queues: 1, RefProcThreadModel::Single, marks_oops_alive: false
[5907.516s][debug][gc,ref         ] GC(231) Skipped KeepAliveFinalRefsPhase of Reference Processing: no references
[5907.516s][debug][gc,ref         ] GC(231) Skipped PhantomRefsPhase of Reference Processing: no references
[5907.516s][debug][gc,phases      ] GC(231) Reference Processing 0.094ms
[5907.516s][debug][gc,phases      ] GC(231)   VM Weak                        Min: 0.00, Avg: 0.00, Max: 0.01, Diff: 0.01, Sum: 0.01, Workers: 4
[5907.516s][debug][gc,phases      ] GC(231)     Dead                           Min: 0, Avg:  0.0, Max: 0, Diff: 0, Sum: 0, Workers: 4
[5907.516s][debug][gc,phases      ] GC(231)     Total                          Min: 0, Avg: 240.5, Max: 578, Diff: 578, Sum: 962, Workers: 4
[5907.516s][debug][gc,phases      ] GC(231)   ObjectSynchronizer Weak        Min: 0.00, Avg: 0.00, Max: 0.00, Diff: 0.00, Sum: 0.00, Workers: 4
[5907.516s][debug][gc,phases      ] GC(231)     Dead                           Min: 0, Avg:  0.0, Max: 0, Diff: 0, Sum: 0, Workers: 4
[5907.516s][debug][gc,phases      ] GC(231)     Total                          Min: 0, Avg:  1.5, Max: 6, Diff: 6, Sum: 6, Workers: 4
[5907.516s][debug][gc,phases      ] GC(231)   JVMTI Tag Weak OopStorage      Min: 0.00, Avg: 0.00, Max: 0.00, Diff: 0.00, Sum: 0.00, Workers: 4
[5907.516s][debug][gc,phases      ] GC(231)     Dead                           Min: 0, Avg:  0.0, Max: 0, Diff: 0, Sum: 0, Workers: 4
[5907.516s][debug][gc,phases      ] GC(231)     Total                          Min: 0, Avg:  0.0, Max: 0, Diff: 0, Sum: 0, Workers: 4
[5907.516s][debug][gc,phases      ] GC(231)   StringTable Weak               Min: 0.00, Avg: 0.11, Max: 0.15, Diff: 0.14, Sum: 0.43, Workers: 4
[5907.516s][debug][gc,phases      ] GC(231)     Dead                           Min: 0, Avg:  0.0, Max: 0, Diff: 0, Sum: 0, Workers: 4
[5907.516s][debug][gc,phases      ] GC(231)     Total                          Min: 0, Avg: 12835.8, Max: 21120, Diff: 21120, Sum: 51343, Workers: 4
[5907.516s][debug][gc,phases      ] GC(231)   ResolvedMethodTable Weak       Min: 0.00, Avg: 0.03, Max: 0.04, Diff: 0.04, Sum: 0.13, Workers: 4
[5907.516s][debug][gc,phases      ] GC(231)     Dead                           Min: 0, Avg:  0.0, Max: 0, Diff: 0, Sum: 0, Workers: 4
[5907.516s][debug][gc,phases      ] GC(231)     Total                          Min: 0, Avg: 4352.5, Max: 7495, Diff: 7495, Sum: 17410, Workers: 4
[5907.516s][debug][gc,phases      ] GC(231)   JNI Weak                       Min: 0.00, Avg: 0.00, Max: 0.00, Diff: 0.00, Sum: 0.00, Workers: 4
[5907.516s][debug][gc,phases      ] GC(231)     Dead                           Min: 0, Avg:  0.0, Max: 0, Diff: 0, Sum: 0, Workers: 4
[5907.517s][debug][gc,phases      ] GC(231)     Total                          Min: 0, Avg: 13.0, Max: 48, Diff: 48, Sum: 52, Workers: 4
[5907.517s][debug][gc,phases      ] GC(231)   StringDedup Table Weak         Min: 0.00, Avg: 0.00, Max: 0.00, Diff: 0.00, Sum: 0.00, Workers: 4
[5907.517s][debug][gc,phases      ] GC(231)     Dead                           Min: 0, Avg:  0.0, Max: 0, Diff: 0, Sum: 0, Workers: 4
[5907.517s][debug][gc,phases      ] GC(231)     Total                          Min: 0, Avg:  0.0, Max: 0, Diff: 0, Sum: 0, Workers: 4
[5907.517s][debug][gc,phases      ] GC(231)   StringDedup Requests0 Weak     Min: 0.00, Avg: 0.00, Max: 0.00, Diff: 0.00, Sum: 0.00, Workers: 4
[5907.517s][debug][gc,phases      ] GC(231)     Dead                           Min: 0, Avg:  0.0, Max: 0, Diff: 0, Sum: 0, Workers: 4
[5907.517s][debug][gc,phases      ] GC(231)     Total                          Min: 0, Avg:  0.0, Max: 0, Diff: 0, Sum: 0, Workers: 4
[5907.517s][debug][gc,phases      ] GC(231)   StringDedup Requests1 Weak     Min: 0.00, Avg: 0.00, Max: 0.00, Diff: 0.00, Sum: 0.00, Workers: 4
[5907.517s][debug][gc,phases      ] GC(231)     Dead                           Min: 0, Avg:  0.0, Max: 0, Diff: 0, Sum: 0, Workers: 4
[5907.517s][debug][gc,phases      ] GC(231)     Total                          Min: 0, Avg:  0.0, Max: 0, Diff: 0, Sum: 0, Workers: 4
[5907.517s][debug][gc,phases      ] GC(231)   Weak JFR Old Object Samples    Min: 0.00, Avg: 0.00, Max: 0.00, Diff: 0.00, Sum: 0.00, Workers: 4
[5907.517s][debug][gc,phases      ] GC(231)     Dead                           Min: 0, Avg:  0.0, Max: 0, Diff: 0, Sum: 0, Workers: 4
[5907.517s][debug][gc,phases      ] GC(231)     Total                          Min: 0, Avg:  0.0, Max: 0, Diff: 0, Sum: 0, Workers: 4
[5907.517s][debug][gc,phases      ] GC(231) Weak Processing 0.371ms
[5907.517s][debug][gc,age         ] GC(231) Desired survivor size 24117248 bytes, new threshold 1 (max threshold 15)
[5907.517s][info ][gc,heap        ] GC(231) PSYoungGen: 2049392K(2070528K)->4320K(2073600K) Eden: 2044928K(2044928K)->0K(2049024K) From: 4464K(25600K)->4320K(24576K)
[5907.517s][info ][gc,heap        ] GC(231) ParOldGen: 1702015K(1702400K)->1703187K(1703424K)
[5907.517s][info ][gc,metaspace   ] GC(231) Metaspace: 113008K(114304K)->113008K(114304K) NonClass: 96613K(97344K)->96613K(97344K) Class: 16395K(16960K)->16395K(16960K)
[5907.517s][info ][gc             ] GC(231) Pause Young (Allocation Failure) 3663M->1667M(3688M) 5.817ms
[5907.517s][info ][gc,cpu         ] GC(231) User=0.02s Sys=0.00s Real=0.00s
[5907.517s][info ][safepoint      ] Safepoint "ParallelCollectForAllocation", Time since last: 17510178992 ns, Reaching safepoint: 5800 ns, At safepoint: 5891372 ns, Leaving safepoint: 6800 ns, Total: 5903972 ns, Threads: 0 runnable, 34 total
[5920.119s][info ][gc,start       ] GC(232) Pause Young (Allocation Failure)
[5920.129s][debug][gc,phases      ] GC(232) Scavenge 9.651ms
[5920.129s][debug][gc,ref         ] GC(232) ReferenceProcessor::execute queues: 1, RefProcThreadModel::Single, marks_oops_alive: false
[5920.129s][debug][gc,ref         ] GC(232) Skipped KeepAliveFinalRefsPhase of Reference Processing: no references
[5920.129s][debug][gc,ref         ] GC(232) Skipped PhantomRefsPhase of Reference Processing: no references
[5920.129s][debug][gc,phases      ] GC(232) Reference Processing 0.095ms
[5920.129s][debug][gc,phases      ] GC(232)   VM Weak                        Min: 0.00, Avg: 0.00, Max: 0.01, Diff: 0.01, Sum: 0.01, Workers: 4
[5920.129s][debug][gc,phases      ] GC(232)     Dead                           Min: 0, Avg:  0.0, Max: 0, Diff: 0, Sum: 0, Workers: 4
[5920.129s][debug][gc,phases      ] GC(232)     Total                          Min: 0, Avg: 240.5, Max: 450, Diff: 450, Sum: 962, Workers: 4
[5920.129s][debug][gc,phases      ] GC(232)   ObjectSynchronizer Weak        Min: 0.00, Avg: 0.00, Max: 0.00, Diff: 0.00, Sum: 0.00, Workers: 4
[5920.129s][debug][gc,phases      ] GC(232)     Dead                           Min: 0, Avg:  0.0, Max: 0, Diff: 0, Sum: 0, Workers: 4
[5920.129s][debug][gc,phases      ] GC(232)     Total                          Min: 0, Avg:  1.5, Max: 6, Diff: 6, Sum: 6, Workers: 4
[5920.129s][debug][gc,phases      ] GC(232)   JVMTI Tag Weak OopStorage      Min: 0.00, Avg: 0.00, Max: 0.00, Diff: 0.00, Sum: 0.00, Workers: 4
[5920.129s][debug][gc,phases      ] GC(232)     Dead                           Min: 0, Avg:  0.0, Max: 0, Diff: 0, Sum: 0, Workers: 4
[5920.129s][debug][gc,phases      ] GC(232)     Total                          Min: 0, Avg:  0.0, Max: 0, Diff: 0, Sum: 0, Workers: 4
[5920.129s][debug][gc,phases      ] GC(232)   StringTable Weak               Min: 0.00, Avg: 0.10, Max: 0.14, Diff: 0.14, Sum: 0.41, Workers: 4
[5920.129s][debug][gc,phases      ] GC(232)     Dead                           Min: 0, Avg:  0.0, Max: 0, Diff: 0, Sum: 0, Workers: 4
[5920.129s][debug][gc,phases      ] GC(232)     Total                          Min: 0, Avg: 12835.8, Max: 22031, Diff: 22031, Sum: 51343, Workers: 4
[5920.129s][debug][gc,phases      ] GC(232)   ResolvedMethodTable Weak       Min: 0.00, Avg: 0.03, Max: 0.04, Diff: 0.04, Sum: 0.13, Workers: 4
[5920.129s][debug][gc,phases      ] GC(232)     Dead                           Min: 0, Avg:  5.0, Max: 20, Diff: 20, Sum: 20, Workers: 4
[5920.129s][debug][gc,phases      ] GC(232)     Total                          Min: 0, Avg: 4352.5, Max: 7424, Diff: 7424, Sum: 17410, Workers: 4
[5920.129s][debug][gc,phases      ] GC(232)   JNI Weak                       Min: 0.00, Avg: 0.00, Max: 0.00, Diff: 0.00, Sum: 0.00, Workers: 4
[5920.129s][debug][gc,phases      ] GC(232)     Dead                           Min: 0, Avg:  0.0, Max: 0, Diff: 0, Sum: 0, Workers: 4
[5920.129s][debug][gc,phases      ] GC(232)     Total                          Min: 0, Avg: 13.0, Max: 48, Diff: 48, Sum: 52, Workers: 4
[5920.129s][debug][gc,phases      ] GC(232)   StringDedup Table Weak         Min: 0.00, Avg: 0.00, Max: 0.00, Diff: 0.00, Sum: 0.00, Workers: 4
[5920.129s][debug][gc,phases      ] GC(232)     Dead                           Min: 0, Avg:  0.0, Max: 0, Diff: 0, Sum: 0, Workers: 4
[5920.129s][debug][gc,phases      ] GC(232)     Total                          Min: 0, Avg:  0.0, Max: 0, Diff: 0, Sum: 0, Workers: 4
[5920.129s][debug][gc,phases      ] GC(232)   StringDedup Requests0 Weak     Min: 0.00, Avg: 0.00, Max: 0.00, Diff: 0.00, Sum: 0.00, Workers: 4
[5920.129s][debug][gc,phases      ] GC(232)     Dead                           Min: 0, Avg:  0.0, Max: 0, Diff: 0, Sum: 0, Workers: 4
[5920.129s][debug][gc,phases      ] GC(232)     Total                          Min: 0, Avg:  0.0, Max: 0, Diff: 0, Sum: 0, Workers: 4
[5920.129s][debug][gc,phases      ] GC(232)   StringDedup Requests1 Weak     Min: 0.00, Avg: 0.00, Max: 0.00, Diff: 0.00, Sum: 0.00, Workers: 4
[5920.129s][debug][gc,phases      ] GC(232)     Dead                           Min: 0, Avg:  0.0, Max: 0, Diff: 0, Sum: 0, Workers: 4
[5920.129s][debug][gc,phases      ] GC(232)     Total                          Min: 0, Avg:  0.0, Max: 0, Diff: 0, Sum: 0, Workers: 4
[5920.129s][debug][gc,phases      ] GC(232)   Weak JFR Old Object Samples    Min: 0.00, Avg: 0.00, Max: 0.00, Diff: 0.00, Sum: 0.00, Workers: 4
[5920.129s][debug][gc,phases      ] GC(232)     Dead                           Min: 0, Avg:  0.0, Max: 0, Diff: 0, Sum: 0, Workers: 4
[5920.129s][debug][gc,phases      ] GC(232)     Total                          Min: 0, Avg:  0.0, Max: 0, Diff: 0, Sum: 0, Workers: 4
[5920.129s][debug][gc,phases      ] GC(232) Weak Processing 0.394ms
[5920.129s][debug][gc,age         ] GC(232) Desired survivor size 25690112 bytes, new threshold 1 (max threshold 15)
[5920.129s][info ][gc,heap        ] GC(232) PSYoungGen: 2053344K(2073600K)->16391K(2065920K) Eden: 2049024K(2049024K)->0K(2049024K) From: 4320K(24576K)->16391K(16896K)
[5920.129s][info ][gc,heap        ] GC(232) ParOldGen: 1703187K(1703424K)->1703859K(1703936K)
[5920.129s][info ][gc,metaspace   ] GC(232) Metaspace: 113010K(114304K)->113010K(114304K) NonClass: 96615K(97344K)->96615K(97344K) Class: 16395K(16960K)->16395K(16960K)
[5920.129s][info ][gc             ] GC(232) Pause Young (Allocation Failure) 3668M->1679M(3681M) 10.246ms
[5920.129s][info ][gc,cpu         ] GC(232) User=0.04s Sys=0.00s Real=0.01s
[5920.129s][info ][safepoint      ] Safepoint "ParallelCollectForAllocation", Time since last: 12602234466 ns, Reaching safepoint: 77600 ns, At safepoint: 10305951 ns, Leaving safepoint: 12299 ns, Total: 10395850 ns, Threads: 1 runnable, 36 total
[5938.194s][info ][gc,start       ] GC(233) Pause Young (Allocation Failure)
[5938.211s][debug][gc,phases      ] GC(233) Scavenge 16.718ms
[5938.211s][debug][gc,ref         ] GC(233) ReferenceProcessor::execute queues: 1, RefProcThreadModel::Single, marks_oops_alive: false
[5938.211s][debug][gc,ref         ] GC(233) Skipped KeepAliveFinalRefsPhase of Reference Processing: no references
[5938.211s][debug][gc,ref         ] GC(233) Skipped PhantomRefsPhase of Reference Processing: no references
[5938.211s][debug][gc,phases      ] GC(233) Reference Processing 0.115ms
[5938.212s][debug][gc,phases      ] GC(233)   VM Weak                        Min: 0.00, Avg: 0.01, Max: 0.02, Diff: 0.02, Sum: 0.02, Workers: 4
[5938.212s][debug][gc,phases      ] GC(233)     Dead                           Min: 0, Avg:  0.0, Max: 0, Diff: 0, Sum: 0, Workers: 4
[5938.212s][debug][gc,phases      ] GC(233)     Total                          Min: 0, Avg: 240.5, Max: 896, Diff: 896, Sum: 962, Workers: 4
[5938.212s][debug][gc,phases      ] GC(233)   ObjectSynchronizer Weak        Min: 0.00, Avg: 0.00, Max: 0.00, Diff: 0.00, Sum: 0.00, Workers: 4
[5938.212s][debug][gc,phases      ] GC(233)     Dead                           Min: 0, Avg:  0.0, Max: 0, Diff: 0, Sum: 0, Workers: 4
[5938.212s][debug][gc,phases      ] GC(233)     Total                          Min: 0, Avg:  1.5, Max: 6, Diff: 6, Sum: 6, Workers: 4
[5938.212s][debug][gc,phases      ] GC(233)   JVMTI Tag Weak OopStorage      Min: 0.00, Avg: 0.00, Max: 0.00, Diff: 0.00, Sum: 0.00, Workers: 4
[5938.212s][debug][gc,phases      ] GC(233)     Dead                           Min: 0, Avg:  0.0, Max: 0, Diff: 0, Sum: 0, Workers: 4
[5938.212s][debug][gc,phases      ] GC(233)     Total                          Min: 0, Avg:  0.0, Max: 0, Diff: 0, Sum: 0, Workers: 4
[5938.212s][debug][gc,phases      ] GC(233)   StringTable Weak               Min: 0.00, Avg: 0.11, Max: 0.15, Diff: 0.15, Sum: 0.44, Workers: 4
[5938.212s][debug][gc,phases      ] GC(233)     Dead                           Min: 0, Avg:  0.0, Max: 0, Diff: 0, Sum: 0, Workers: 4
[5938.212s][debug][gc,phases      ] GC(233)     Total                          Min: 0, Avg: 12835.8, Max: 17487, Diff: 17487, Sum: 51343, Workers: 4
[5938.212s][debug][gc,phases      ] GC(233)   ResolvedMethodTable Weak       Min: 0.00, Avg: 0.04, Max: 0.05, Diff: 0.05, Sum: 0.16, Workers: 4
[5938.212s][debug][gc,phases      ] GC(233)     Dead                           Min: 0, Avg:  0.0, Max: 0, Diff: 0, Sum: 0, Workers: 4
[5938.212s][debug][gc,phases      ] GC(233)     Total                          Min: 0, Avg: 4352.5, Max: 5937, Diff: 5937, Sum: 17410, Workers: 4
[5938.212s][debug][gc,phases      ] GC(233)   JNI Weak                       Min: 0.00, Avg: 0.00, Max: 0.00, Diff: 0.00, Sum: 0.00, Workers: 4
[5938.212s][debug][gc,phases      ] GC(233)     Dead                           Min: 0, Avg:  0.0, Max: 0, Diff: 0, Sum: 0, Workers: 4
[5938.212s][debug][gc,phases      ] GC(233)     Total                          Min: 0, Avg: 13.0, Max: 48, Diff: 48, Sum: 52, Workers: 4
[5938.212s][debug][gc,phases      ] GC(233)   StringDedup Table Weak         Min: 0.00, Avg: 0.00, Max: 0.00, Diff: 0.00, Sum: 0.00, Workers: 4
[5938.212s][debug][gc,phases      ] GC(233)     Dead                           Min: 0, Avg:  0.0, Max: 0, Diff: 0, Sum: 0, Workers: 4
[5938.212s][debug][gc,phases      ] GC(233)     Total                          Min: 0, Avg:  0.0, Max: 0, Diff: 0, Sum: 0, Workers: 4
[5938.212s][debug][gc,phases      ] GC(233)   StringDedup Requests0 Weak     Min: 0.00, Avg: 0.00, Max: 0.00, Diff: 0.00, Sum: 0.00, Workers: 4
[5938.212s][debug][gc,phases      ] GC(233)     Dead                           Min: 0, Avg:  0.0, Max: 0, Diff: 0, Sum: 0, Workers: 4
[5938.212s][debug][gc,phases      ] GC(233)     Total                          Min: 0, Avg:  0.0, Max: 0, Diff: 0, Sum: 0, Workers: 4
[5938.212s][debug][gc,phases      ] GC(233)   StringDedup Requests1 Weak     Min: 0.00, Avg: 0.00, Max: 0.00, Diff: 0.00, Sum: 0.00, Workers: 4
[5938.212s][debug][gc,phases      ] GC(233)     Dead                           Min: 0, Avg:  0.0, Max: 0, Diff: 0, Sum: 0, Workers: 4
[5938.212s][debug][gc,phases      ] GC(233)     Total                          Min: 0, Avg:  0.0, Max: 0, Diff: 0, Sum: 0, Workers: 4
[5938.212s][debug][gc,phases      ] GC(233)   Weak JFR Old Object Samples    Min: 0.00, Avg: 0.00, Max: 0.00, Diff: 0.00, Sum: 0.00, Workers: 4
[5938.212s][debug][gc,phases      ] GC(233)     Dead                           Min: 0, Avg:  0.0, Max: 0, Diff: 0, Sum: 0, Workers: 4
[5938.212s][debug][gc,phases      ] GC(233)     Total                          Min: 0, Avg:  0.0, Max: 0, Diff: 0, Sum: 0, Workers: 4
[5938.212s][debug][gc,phases      ] GC(233) Weak Processing 0.573ms
[5938.212s][debug][gc,age         ] GC(233) Desired survivor size 24641536 bytes, new threshold 1 (max threshold 15)
[5938.212s][info ][gc,heap        ] GC(233) PSYoungGen: 2065415K(2065920K)->4768K(2073088K) Eden: 2049024K(2049024K)->0K(2048000K) From: 16391K(16896K)->4768K(25088K)
[5938.212s][info ][gc,heap        ] GC(233) ParOldGen: 1703859K(1703936K)->1717620K(1717760K)
[5938.212s][info ][gc,metaspace   ] GC(233) Metaspace: 113013K(114304K)->113013K(114304K) NonClass: 96618K(97344K)->96618K(97344K) Class: 16395K(16960K)->16395K(16960K)
[5938.212s][info ][gc             ] GC(233) Pause Young (Allocation Failure) 3680M->1682M(3702M) 17.735ms
[5938.212s][info ][gc,cpu         ] GC(233) User=0.03s Sys=0.01s Real=0.02s
[5938.212s][info ][safepoint      ] Safepoint "ParallelCollectForAllocation", Time since last: 18064933740 ns, Reaching safepoint: 93999 ns, At safepoint: 17831317 ns, Leaving safepoint: 18200 ns, Total: 17943516 ns, Threads: 1 runnable, 36 total
[5957.543s][info ][gc,start       ] GC(234) Pause Young (Allocation Failure)
[5957.550s][debug][gc,phases      ] GC(234) Scavenge 6.998ms
[5957.550s][debug][gc,ref         ] GC(234) ReferenceProcessor::execute queues: 1, RefProcThreadModel::Single, marks_oops_alive: false
[5957.550s][debug][gc,ref         ] GC(234) Skipped KeepAliveFinalRefsPhase of Reference Processing: no references
[5957.551s][debug][gc,ref         ] GC(234) Skipped PhantomRefsPhase of Reference Processing: no references
[5957.551s][debug][gc,phases      ] GC(234) Reference Processing 0.110ms
[5957.551s][debug][gc,phases      ] GC(234)   VM Weak                        Min: 0.00, Avg: 0.00, Max: 0.01, Diff: 0.01, Sum: 0.01, Workers: 4
[5957.551s][debug][gc,phases      ] GC(234)     Dead                           Min: 0, Avg:  0.0, Max: 0, Diff: 0, Sum: 0, Workers: 4
[5957.551s][debug][gc,phases      ] GC(234)     Total                          Min: 0, Avg: 240.5, Max: 704, Diff: 704, Sum: 962, Workers: 4
[5957.551s][debug][gc,phases      ] GC(234)   ObjectSynchronizer Weak        Min: 0.00, Avg: 0.00, Max: 0.00, Diff: 0.00, Sum: 0.00, Workers: 4
[5957.551s][debug][gc,phases      ] GC(234)     Dead                           Min: 0, Avg:  0.0, Max: 0, Diff: 0, Sum: 0, Workers: 4
[5957.551s][debug][gc,phases      ] GC(234)     Total                          Min: 0, Avg:  1.5, Max: 6, Diff: 6, Sum: 6, Workers: 4
[5957.551s][debug][gc,phases      ] GC(234)   JVMTI Tag Weak OopStorage      Min: 0.00, Avg: 0.00, Max: 0.00, Diff: 0.00, Sum: 0.00, Workers: 4
[5957.551s][debug][gc,phases      ] GC(234)     Dead                           Min: 0, Avg:  0.0, Max: 0, Diff: 0, Sum: 0, Workers: 4
[5957.551s][debug][gc,phases      ] GC(234)     Total                          Min: 0, Avg:  0.0, Max: 0, Diff: 0, Sum: 0, Workers: 4
[5957.551s][debug][gc,phases      ] GC(234)   StringTable Weak               Min: 0.00, Avg: 0.11, Max: 0.15, Diff: 0.15, Sum: 0.44, Workers: 4
[5957.551s][debug][gc,phases      ] GC(234)     Dead                           Min: 0, Avg:  0.0, Max: 0, Diff: 0, Sum: 0, Workers: 4
[5957.551s][debug][gc,phases      ] GC(234)     Total                          Min: 0, Avg: 12835.8, Max: 17216, Diff: 17216, Sum: 51343, Workers: 4
[5957.551s][debug][gc,phases      ] GC(234)   ResolvedMethodTable Weak       Min: 0.00, Avg: 0.04, Max: 0.05, Diff: 0.05, Sum: 0.15, Workers: 4
[5957.551s][debug][gc,phases      ] GC(234)     Dead                           Min: 0, Avg:  5.0, Max: 20, Diff: 20, Sum: 20, Workers: 4
[5957.551s][debug][gc,phases      ] GC(234)     Total                          Min: 0, Avg: 4352.5, Max: 5959, Diff: 5959, Sum: 17410, Workers: 4
[5957.551s][debug][gc,phases      ] GC(234)   JNI Weak                       Min: 0.00, Avg: 0.00, Max: 0.00, Diff: 0.00, Sum: 0.00, Workers: 4
[5957.551s][debug][gc,phases      ] GC(234)     Dead                           Min: 0, Avg:  0.0, Max: 0, Diff: 0, Sum: 0, Workers: 4
[5957.551s][debug][gc,phases      ] GC(234)     Total                          Min: 0, Avg: 13.0, Max: 48, Diff: 48, Sum: 52, Workers: 4
[5957.551s][debug][gc,phases      ] GC(234)   StringDedup Table Weak         Min: 0.00, Avg: 0.00, Max: 0.00, Diff: 0.00, Sum: 0.00, Workers: 4
[5957.551s][debug][gc,phases      ] GC(234)     Dead                           Min: 0, Avg:  0.0, Max: 0, Diff: 0, Sum: 0, Workers: 4
[5957.551s][debug][gc,phases      ] GC(234)     Total                          Min: 0, Avg:  0.0, Max: 0, Diff: 0, Sum: 0, Workers: 4
[5957.551s][debug][gc,phases      ] GC(234)   StringDedup Requests0 Weak     Min: 0.00, Avg: 0.00, Max: 0.00, Diff: 0.00, Sum: 0.00, Workers: 4
[5957.551s][debug][gc,phases      ] GC(234)     Dead                           Min: 0, Avg:  0.0, Max: 0, Diff: 0, Sum: 0, Workers: 4
[5957.551s][debug][gc,phases      ] GC(234)     Total                          Min: 0, Avg:  0.0, Max: 0, Diff: 0, Sum: 0, Workers: 4
[5957.551s][debug][gc,phases      ] GC(234)   StringDedup Requests1 Weak     Min: 0.00, Avg: 0.00, Max: 0.00, Diff: 0.00, Sum: 0.00, Workers: 4
[5957.551s][debug][gc,phases      ] GC(234)     Dead                           Min: 0, Avg:  0.0, Max: 0, Diff: 0, Sum: 0, Workers: 4
[5957.551s][debug][gc,phases      ] GC(234)     Total                          Min: 0, Avg:  0.0, Max: 0, Diff: 0, Sum: 0, Workers: 4
[5957.551s][debug][gc,phases      ] GC(234)   Weak JFR Old Object Samples    Min: 0.00, Avg: 0.00, Max: 0.00, Diff: 0.00, Sum: 0.00, Workers: 4
[5957.551s][debug][gc,phases      ] GC(234)     Dead                           Min: 0, Avg:  0.0, Max: 0, Diff: 0, Sum: 0, Workers: 4
[5957.551s][debug][gc,phases      ] GC(234)     Total                          Min: 0, Avg:  0.0, Max: 0, Diff: 0, Sum: 0, Workers: 4
[5957.551s][debug][gc,phases      ] GC(234) Weak Processing 0.373ms
[5957.551s][debug][gc,age         ] GC(234) Desired survivor size 24117248 bytes, new threshold 1 (max threshold 15)
[5957.551s][info ][gc,heap        ] GC(234) PSYoungGen: 2052768K(2073088K)->4128K(2072064K) Eden: 2048000K(2048000K)->0K(2048000K) From: 4768K(25088K)->4128K(24064K)
[5957.551s][info ][gc,heap        ] GC(234) ParOldGen: 1717620K(1717760K)->1719164K(1719296K)
[5957.551s][info ][gc,metaspace   ] GC(234) Metaspace: 113015K(114304K)->113015K(114304K) NonClass: 96620K(97344K)->96620K(97344K) Class: 16395K(16960K)->16395K(16960K)
[5957.551s][info ][gc             ] GC(234) Pause Young (Allocation Failure) 3682M->1682M(3702M) 7.588ms
[5957.551s][info ][gc,cpu         ] GC(234) User=0.02s Sys=0.00s Real=0.01s
[5957.551s][info ][safepoint      ] Safepoint "ParallelCollectForAllocation", Time since last: 19331138456 ns, Reaching safepoint: 40900 ns, At safepoint: 7649964 ns, Leaving safepoint: 8100 ns, Total: 7698964 ns, Threads: 0 runnable, 36 total
[5976.553s][info ][gc,start       ] GC(235) Pause Young (Allocation Failure)
[5976.559s][debug][gc,phases      ] GC(235) Scavenge 5.509ms
[5976.559s][debug][gc,ref         ] GC(235) ReferenceProcessor::execute queues: 1, RefProcThreadModel::Single, marks_oops_alive: false
[5976.559s][debug][gc,ref         ] GC(235) Skipped KeepAliveFinalRefsPhase of Reference Processing: no references
[5976.559s][debug][gc,ref         ] GC(235) Skipped PhantomRefsPhase of Reference Processing: no references
[5976.559s][debug][gc,phases      ] GC(235) Reference Processing 0.093ms
[5976.559s][debug][gc,phases      ] GC(235)   VM Weak                        Min: 0.00, Avg: 0.00, Max: 0.01, Diff: 0.01, Sum: 0.01, Workers: 4
[5976.559s][debug][gc,phases      ] GC(235)     Dead                           Min: 0, Avg:  0.0, Max: 0, Diff: 0, Sum: 0, Workers: 4
[5976.559s][debug][gc,phases      ] GC(235)     Total                          Min: 0, Avg: 240.5, Max: 704, Diff: 704, Sum: 962, Workers: 4
[5976.559s][debug][gc,phases      ] GC(235)   ObjectSynchronizer Weak        Min: 0.00, Avg: 0.00, Max: 0.00, Diff: 0.00, Sum: 0.00, Workers: 4
[5976.559s][debug][gc,phases      ] GC(235)     Dead                           Min: 0, Avg:  0.0, Max: 0, Diff: 0, Sum: 0, Workers: 4
[5976.559s][debug][gc,phases      ] GC(235)     Total                          Min: 0, Avg:  1.5, Max: 6, Diff: 6, Sum: 6, Workers: 4
[5976.559s][debug][gc,phases      ] GC(235)   JVMTI Tag Weak OopStorage      Min: 0.00, Avg: 0.00, Max: 0.00, Diff: 0.00, Sum: 0.00, Workers: 4
[5976.559s][debug][gc,phases      ] GC(235)     Dead                           Min: 0, Avg:  0.0, Max: 0, Diff: 0, Sum: 0, Workers: 4
[5976.559s][debug][gc,phases      ] GC(235)     Total                          Min: 0, Avg:  0.0, Max: 0, Diff: 0, Sum: 0, Workers: 4
[5976.559s][debug][gc,phases      ] GC(235)   StringTable Weak               Min: 0.00, Avg: 0.09, Max: 0.13, Diff: 0.13, Sum: 0.38, Workers: 4
[5976.559s][debug][gc,phases      ] GC(235)     Dead                           Min: 0, Avg:  0.0, Max: 0, Diff: 0, Sum: 0, Workers: 4
[5976.559s][debug][gc,phases      ] GC(235)     Total                          Min: 0, Avg: 12835.8, Max: 22031, Diff: 22031, Sum: 51343, Workers: 4
[5976.559s][debug][gc,phases      ] GC(235)   ResolvedMethodTable Weak       Min: 0.00, Avg: 0.03, Max: 0.04, Diff: 0.04, Sum: 0.13, Workers: 4
[5976.559s][debug][gc,phases      ] GC(235)     Dead                           Min: 0, Avg:  5.0, Max: 20, Diff: 20, Sum: 20, Workers: 4
[5976.559s][debug][gc,phases      ] GC(235)     Total                          Min: 0, Avg: 4352.5, Max: 7506, Diff: 7506, Sum: 17410, Workers: 4
[5976.559s][debug][gc,phases      ] GC(235)   JNI Weak                       Min: 0.00, Avg: 0.00, Max: 0.00, Diff: 0.00, Sum: 0.00, Workers: 4
[5976.559s][debug][gc,phases      ] GC(235)     Dead                           Min: 0, Avg:  0.0, Max: 0, Diff: 0, Sum: 0, Workers: 4
[5976.559s][debug][gc,phases      ] GC(235)     Total                          Min: 0, Avg: 13.0, Max: 48, Diff: 48, Sum: 52, Workers: 4
[5976.559s][debug][gc,phases      ] GC(235)   StringDedup Table Weak         Min: 0.00, Avg: 0.00, Max: 0.00, Diff: 0.00, Sum: 0.00, Workers: 4
[5976.559s][debug][gc,phases      ] GC(235)     Dead                           Min: 0, Avg:  0.0, Max: 0, Diff: 0, Sum: 0, Workers: 4
[5976.559s][debug][gc,phases      ] GC(235)     Total                          Min: 0, Avg:  0.0, Max: 0, Diff: 0, Sum: 0, Workers: 4
[5976.559s][debug][gc,phases      ] GC(235)   StringDedup Requests0 Weak     Min: 0.00, Avg: 0.00, Max: 0.00, Diff: 0.00, Sum: 0.00, Workers: 4
[5976.559s][debug][gc,phases      ] GC(235)     Dead                           Min: 0, Avg:  0.0, Max: 0, Diff: 0, Sum: 0, Workers: 4
[5976.559s][debug][gc,phases      ] GC(235)     Total                          Min: 0, Avg:  0.0, Max: 0, Diff: 0, Sum: 0, Workers: 4
[5976.559s][debug][gc,phases      ] GC(235)   StringDedup Requests1 Weak     Min: 0.00, Avg: 0.00, Max: 0.00, Diff: 0.00, Sum: 0.00, Workers: 4
[5976.559s][debug][gc,phases      ] GC(235)     Dead                           Min: 0, Avg:  0.0, Max: 0, Diff: 0, Sum: 0, Workers: 4
[5976.559s][debug][gc,phases      ] GC(235)     Total                          Min: 0, Avg:  0.0, Max: 0, Diff: 0, Sum: 0, Workers: 4
[5976.559s][debug][gc,phases      ] GC(235)   Weak JFR Old Object Samples    Min: 0.00, Avg: 0.00, Max: 0.00, Diff: 0.00, Sum: 0.00, Workers: 4
[5976.559s][debug][gc,phases      ] GC(235)     Dead                           Min: 0, Avg:  0.0, Max: 0, Diff: 0, Sum: 0, Workers: 4
[5976.559s][debug][gc,phases      ] GC(235)     Total                          Min: 0, Avg:  0.0, Max: 0, Diff: 0, Sum: 0, Workers: 4
[5976.559s][debug][gc,phases      ] GC(235) Weak Processing 0.353ms
[5976.559s][debug][gc,age         ] GC(235) Desired survivor size 23068672 bytes, new threshold 1 (max threshold 15)
[5976.559s][info ][gc,heap        ] GC(235) PSYoungGen: 2052128K(2072064K)->4592K(2074624K) Eden: 2048000K(2048000K)->0K(2051072K) From: 4128K(24064K)->4592K(23552K)
[5976.559s][info ][gc,heap        ] GC(235) ParOldGen: 1719164K(1719296K)->1720412K(1720832K)
[5976.559s][info ][gc,metaspace   ] GC(235) Metaspace: 113017K(114304K)->113017K(114304K) NonClass: 96622K(97344K)->96622K(97344K) Class: 16395K(16960K)->16395K(16960K)
[5976.559s][info ][gc             ] GC(235) Pause Young (Allocation Failure) 3682M->1684M(3706M) 6.061ms
[5976.559s][info ][gc,cpu         ] GC(235) User=0.03s Sys=0.00s Real=0.01s
[5976.559s][info ][safepoint      ] Safepoint "ParallelCollectForAllocation", Time since last: 19002069803 ns, Reaching safepoint: 6100 ns, At safepoint: 6124372 ns, Leaving safepoint: 1900 ns, Total: 6132372 ns, Threads: 0 runnable, 36 total
[5997.070s][info ][gc,start       ] GC(236) Pause Young (Allocation Failure)
[5997.074s][debug][gc,phases      ] GC(236) Scavenge 4.637ms
[5997.074s][debug][gc,ref         ] GC(236) ReferenceProcessor::execute queues: 1, RefProcThreadModel::Single, marks_oops_alive: false
[5997.074s][debug][gc,ref         ] GC(236) Skipped KeepAliveFinalRefsPhase of Reference Processing: no references
[5997.074s][debug][gc,ref         ] GC(236) Skipped PhantomRefsPhase of Reference Processing: no references
[5997.074s][debug][gc,phases      ] GC(236) Reference Processing 0.119ms
[5997.075s][debug][gc,phases      ] GC(236)   VM Weak                        Min: 0.00, Avg: 0.00, Max: 0.00, Diff: 0.00, Sum: 0.01, Workers: 4
[5997.075s][debug][gc,phases      ] GC(236)     Dead                           Min: 0, Avg:  0.0, Max: 0, Diff: 0, Sum: 0, Workers: 4
[5997.075s][debug][gc,phases      ] GC(236)     Total                          Min: 64, Avg: 240.5, Max: 512, Diff: 448, Sum: 962, Workers: 4
[5997.075s][debug][gc,phases      ] GC(236)   ObjectSynchronizer Weak        Min: 0.00, Avg: 0.00, Max: 0.00, Diff: 0.00, Sum: 0.00, Workers: 4
[5997.075s][debug][gc,phases      ] GC(236)     Dead                           Min: 0, Avg:  0.0, Max: 0, Diff: 0, Sum: 0, Workers: 4
[5997.075s][debug][gc,phases      ] GC(236)     Total                          Min: 0, Avg:  1.5, Max: 6, Diff: 6, Sum: 6, Workers: 4
[5997.075s][debug][gc,phases      ] GC(236)   JVMTI Tag Weak OopStorage      Min: 0.00, Avg: 0.00, Max: 0.00, Diff: 0.00, Sum: 0.00, Workers: 4
[5997.075s][debug][gc,phases      ] GC(236)     Dead                           Min: 0, Avg:  0.0, Max: 0, Diff: 0, Sum: 0, Workers: 4
[5997.075s][debug][gc,phases      ] GC(236)     Total                          Min: 0, Avg:  0.0, Max: 0, Diff: 0, Sum: 0, Workers: 4
[5997.075s][debug][gc,phases      ] GC(236)   StringTable Weak               Min: 0.12, Avg: 0.12, Max: 0.12, Diff: 0.00, Sum: 0.46, Workers: 4
[5997.075s][debug][gc,phases      ] GC(236)     Dead                           Min: 0, Avg:  0.0, Max: 0, Diff: 0, Sum: 0, Workers: 4
[5997.075s][debug][gc,phases      ] GC(236)     Total                          Min: 12624, Avg: 12836.0, Max: 13056, Diff: 432, Sum: 51344, Workers: 4
[5997.075s][debug][gc,phases      ] GC(236)   ResolvedMethodTable Weak       Min: 0.04, Avg: 0.04, Max: 0.04, Diff: 0.00, Sum: 0.15, Workers: 4
[5997.075s][debug][gc,phases      ] GC(236)     Dead                           Min: 0, Avg:  5.0, Max: 20, Diff: 20, Sum: 20, Workers: 4
[5997.075s][debug][gc,phases      ] GC(236)     Total                          Min: 4272, Avg: 4352.5, Max: 4416, Diff: 144, Sum: 17410, Workers: 4
[5997.075s][debug][gc,phases      ] GC(236)   JNI Weak                       Min: 0.00, Avg: 0.00, Max: 0.00, Diff: 0.00, Sum: 0.00, Workers: 4
[5997.075s][debug][gc,phases      ] GC(236)     Dead                           Min: 0, Avg:  0.0, Max: 0, Diff: 0, Sum: 0, Workers: 4
[5997.075s][debug][gc,phases      ] GC(236)     Total                          Min: 0, Avg: 13.0, Max: 48, Diff: 48, Sum: 52, Workers: 4
[5997.075s][debug][gc,phases      ] GC(236)   StringDedup Table Weak         Min: 0.00, Avg: 0.00, Max: 0.00, Diff: 0.00, Sum: 0.00, Workers: 4
[5997.075s][debug][gc,phases      ] GC(236)     Dead                           Min: 0, Avg:  0.0, Max: 0, Diff: 0, Sum: 0, Workers: 4
[5997.075s][debug][gc,phases      ] GC(236)     Total                          Min: 0, Avg:  0.0, Max: 0, Diff: 0, Sum: 0, Workers: 4
[5997.075s][debug][gc,phases      ] GC(236)   StringDedup Requests0 Weak     Min: 0.00, Avg: 0.00, Max: 0.00, Diff: 0.00, Sum: 0.00, Workers: 4
[5997.075s][debug][gc,phases      ] GC(236)     Dead                           Min: 0, Avg:  0.0, Max: 0, Diff: 0, Sum: 0, Workers: 4
[5997.075s][debug][gc,phases      ] GC(236)     Total                          Min: 0, Avg:  0.0, Max: 0, Diff: 0, Sum: 0, Workers: 4
[5997.075s][debug][gc,phases      ] GC(236)   StringDedup Requests1 Weak     Min: 0.00, Avg: 0.00, Max: 0.00, Diff: 0.00, Sum: 0.00, Workers: 4
[5997.075s][debug][gc,phases      ] GC(236)     Dead                           Min: 0, Avg:  0.0, Max: 0, Diff: 0, Sum: 0, Workers: 4
[5997.075s][debug][gc,phases      ] GC(236)     Total                          Min: 0, Avg:  0.0, Max: 0, Diff: 0, Sum: 0, Workers: 4
[5997.075s][debug][gc,phases      ] GC(236)   Weak JFR Old Object Samples    Min: 0.00, Avg: 0.00, Max: 0.00, Diff: 0.00, Sum: 0.00, Workers: 4
[5997.075s][debug][gc,phases      ] GC(236)     Dead                           Min: 0, Avg:  0.0, Max: 0, Diff: 0, Sum: 0, Workers: 4
[5997.075s][debug][gc,phases      ] GC(236)     Total                          Min: 0, Avg:  0.0, Max: 0, Diff: 0, Sum: 0, Workers: 4
[5997.075s][debug][gc,phases      ] GC(236) Weak Processing 0.322ms
[5997.075s][debug][gc,age         ] GC(236) Desired survivor size 22020096 bytes, new threshold 1 (max threshold 15)
[5997.075s][info ][gc,heap        ] GC(236) PSYoungGen: 2055664K(2074624K)->3808K(2073600K) Eden: 2051072K(2051072K)->0K(2051072K) From: 4592K(23552K)->3808K(22528K)
[5997.075s][info ][gc,heap        ] GC(236) ParOldGen: 1720412K(1720832K)->1722305K(1722368K)
[5997.075s][info ][gc,metaspace   ] GC(236) Metaspace: 113019K(114304K)->113019K(114304K) NonClass: 96624K(97344K)->96624K(97344K) Class: 16395K(16960K)->16395K(16960K)
[5997.075s][info ][gc             ] GC(236) Pause Young (Allocation Failure) 3687M->1685M(3707M) 5.183ms
[5997.075s][info ][gc,cpu         ] GC(236) User=0.02s Sys=0.00s Real=0.00s
[5997.075s][info ][safepoint      ] Safepoint "ParallelCollectForAllocation", Time since last: 20510295405 ns, Reaching safepoint: 23499 ns, At safepoint: 5246476 ns, Leaving safepoint: 1900 ns, Total: 5271875 ns, Threads: 0 runnable, 34 total
[6015.073s][info ][gc,start       ] GC(237) Pause Young (Allocation Failure)
[6015.080s][debug][gc,phases      ] GC(237) Scavenge 6.897ms
[6015.080s][debug][gc,ref         ] GC(237) ReferenceProcessor::execute queues: 1, RefProcThreadModel::Single, marks_oops_alive: false
[6015.080s][debug][gc,ref         ] GC(237) Skipped KeepAliveFinalRefsPhase of Reference Processing: no references
[6015.080s][debug][gc,ref         ] GC(237) Skipped PhantomRefsPhase of Reference Processing: no references
[6015.080s][debug][gc,phases      ] GC(237) Reference Processing 0.087ms
[6015.081s][debug][gc,phases      ] GC(237)   VM Weak                        Min: 0.00, Avg: 0.00, Max: 0.01, Diff: 0.01, Sum: 0.01, Workers: 4
[6015.081s][debug][gc,phases      ] GC(237)     Dead                           Min: 0, Avg:  0.0, Max: 0, Diff: 0, Sum: 0, Workers: 4
[6015.081s][debug][gc,phases      ] GC(237)     Total                          Min: 0, Avg: 240.5, Max: 576, Diff: 576, Sum: 962, Workers: 4
[6015.081s][debug][gc,phases      ] GC(237)   ObjectSynchronizer Weak        Min: 0.00, Avg: 0.00, Max: 0.00, Diff: 0.00, Sum: 0.00, Workers: 4
[6015.081s][debug][gc,phases      ] GC(237)     Dead                           Min: 0, Avg:  0.0, Max: 0, Diff: 0, Sum: 0, Workers: 4
[6015.081s][debug][gc,phases      ] GC(237)     Total                          Min: 0, Avg:  1.5, Max: 6, Diff: 6, Sum: 6, Workers: 4
[6015.081s][debug][gc,phases      ] GC(237)   JVMTI Tag Weak OopStorage      Min: 0.00, Avg: 0.00, Max: 0.00, Diff: 0.00, Sum: 0.00, Workers: 4
[6015.081s][debug][gc,phases      ] GC(237)     Dead                           Min: 0, Avg:  0.0, Max: 0, Diff: 0, Sum: 0, Workers: 4
[6015.081s][debug][gc,phases      ] GC(237)     Total                          Min: 0, Avg:  0.0, Max: 0, Diff: 0, Sum: 0, Workers: 4
[6015.081s][debug][gc,phases      ] GC(237)   StringTable Weak               Min: 0.00, Avg: 0.11, Max: 0.14, Diff: 0.14, Sum: 0.42, Workers: 4
[6015.081s][debug][gc,phases      ] GC(237)     Dead                           Min: 0, Avg:  0.0, Max: 0, Diff: 0, Sum: 0, Workers: 4
[6015.081s][debug][gc,phases      ] GC(237)     Total                          Min: 0, Avg: 12836.0, Max: 18576, Diff: 18576, Sum: 51344, Workers: 4
[6015.081s][debug][gc,phases      ] GC(237)   ResolvedMethodTable Weak       Min: 0.00, Avg: 0.03, Max: 0.04, Diff: 0.04, Sum: 0.13, Workers: 4
[6015.081s][debug][gc,phases      ] GC(237)     Dead                           Min: 0, Avg:  5.0, Max: 20, Diff: 20, Sum: 20, Workers: 4
[6015.081s][debug][gc,phases      ] GC(237)     Total                          Min: 0, Avg: 4352.5, Max: 7537, Diff: 7537, Sum: 17410, Workers: 4
[6015.081s][debug][gc,phases      ] GC(237)   JNI Weak                       Min: 0.00, Avg: 0.00, Max: 0.00, Diff: 0.00, Sum: 0.00, Workers: 4
[6015.081s][debug][gc,phases      ] GC(237)     Dead                           Min: 0, Avg:  0.0, Max: 0, Diff: 0, Sum: 0, Workers: 4
[6015.081s][debug][gc,phases      ] GC(237)     Total                          Min: 0, Avg: 13.0, Max: 48, Diff: 48, Sum: 52, Workers: 4
[6015.081s][debug][gc,phases      ] GC(237)   StringDedup Table Weak         Min: 0.00, Avg: 0.00, Max: 0.00, Diff: 0.00, Sum: 0.00, Workers: 4
[6015.081s][debug][gc,phases      ] GC(237)     Dead                           Min: 0, Avg:  0.0, Max: 0, Diff: 0, Sum: 0, Workers: 4
[6015.081s][debug][gc,phases      ] GC(237)     Total                          Min: 0, Avg:  0.0, Max: 0, Diff: 0, Sum: 0, Workers: 4
[6015.081s][debug][gc,phases      ] GC(237)   StringDedup Requests0 Weak     Min: 0.00, Avg: 0.00, Max: 0.00, Diff: 0.00, Sum: 0.00, Workers: 4
[6015.081s][debug][gc,phases      ] GC(237)     Dead                           Min: 0, Avg:  0.0, Max: 0, Diff: 0, Sum: 0, Workers: 4
[6015.081s][debug][gc,phases      ] GC(237)     Total                          Min: 0, Avg:  0.0, Max: 0, Diff: 0, Sum: 0, Workers: 4
[6015.081s][debug][gc,phases      ] GC(237)   StringDedup Requests1 Weak     Min: 0.00, Avg: 0.00, Max: 0.00, Diff: 0.00, Sum: 0.00, Workers: 4
[6015.081s][debug][gc,phases      ] GC(237)     Dead                           Min: 0, Avg:  0.0, Max: 0, Diff: 0, Sum: 0, Workers: 4
[6015.081s][debug][gc,phases      ] GC(237)     Total                          Min: 0, Avg:  0.0, Max: 0, Diff: 0, Sum: 0, Workers: 4
[6015.081s][debug][gc,phases      ] GC(237)   Weak JFR Old Object Samples    Min: 0.00, Avg: 0.00, Max: 0.00, Diff: 0.00, Sum: 0.00, Workers: 4
[6015.081s][debug][gc,phases      ] GC(237)     Dead                           Min: 0, Avg:  0.0, Max: 0, Diff: 0, Sum: 0, Workers: 4
[6015.081s][debug][gc,phases      ] GC(237)     Total                          Min: 0, Avg:  0.0, Max: 0, Diff: 0, Sum: 0, Workers: 4
[6015.081s][debug][gc,phases      ] GC(237) Weak Processing 0.361ms
[6015.081s][debug][gc,age         ] GC(237) Desired survivor size 20971520 bytes, new threshold 1 (max threshold 15)
[6015.081s][info ][gc,heap        ] GC(237) PSYoungGen: 2054880K(2073600K)->5296K(2076672K) Eden: 2051072K(2051072K)->0K(2055168K) From: 3808K(22528K)->5296K(21504K)
[6015.081s][info ][gc,heap        ] GC(237) ParOldGen: 1722305K(1722368K)->1723273K(1723392K)
[6015.081s][info ][gc,metaspace   ] GC(237) Metaspace: 113023K(114304K)->113023K(114304K) NonClass: 96628K(97344K)->96628K(97344K) Class: 16395K(16960K)->16395K(16960K)
[6015.081s][info ][gc             ] GC(237) Pause Young (Allocation Failure) 3688M->1688M(3711M) 7.454ms
[6015.081s][info ][gc,cpu         ] GC(237) User=0.03s Sys=0.01s Real=0.01s
[6015.081s][info ][safepoint      ] Safepoint "ParallelCollectForAllocation", Time since last: 17998633439 ns, Reaching safepoint: 6500 ns, At safepoint: 7522265 ns, Leaving safepoint: 3700 ns, Total: 7532465 ns, Threads: 0 runnable, 43 total
[6033.993s][info ][gc,start       ] GC(238) Pause Young (Allocation Failure)
[6034.002s][debug][gc,phases      ] GC(238) Scavenge 8.451ms
[6034.002s][debug][gc,ref         ] GC(238) ReferenceProcessor::execute queues: 1, RefProcThreadModel::Single, marks_oops_alive: false
[6034.002s][debug][gc,ref         ] GC(238) Skipped KeepAliveFinalRefsPhase of Reference Processing: no references
[6034.002s][debug][gc,ref         ] GC(238) Skipped PhantomRefsPhase of Reference Processing: no references
[6034.002s][debug][gc,phases      ] GC(238) Reference Processing 0.094ms
[6034.002s][debug][gc,phases      ] GC(238)   VM Weak                        Min: 0.00, Avg: 0.00, Max: 0.01, Diff: 0.01, Sum: 0.01, Workers: 4
[6034.002s][debug][gc,phases      ] GC(238)     Dead                           Min: 0, Avg:  0.0, Max: 0, Diff: 0, Sum: 0, Workers: 4
[6034.002s][debug][gc,phases      ] GC(238)     Total                          Min: 0, Avg: 240.5, Max: 962, Diff: 962, Sum: 962, Workers: 4
[6034.002s][debug][gc,phases      ] GC(238)   ObjectSynchronizer Weak        Min: 0.00, Avg: 0.00, Max: 0.00, Diff: 0.00, Sum: 0.00, Workers: 4
[6034.002s][debug][gc,phases      ] GC(238)     Dead                           Min: 0, Avg:  0.0, Max: 0, Diff: 0, Sum: 0, Workers: 4
[6034.002s][debug][gc,phases      ] GC(238)     Total                          Min: 0, Avg:  1.5, Max: 6, Diff: 6, Sum: 6, Workers: 4
[6034.002s][debug][gc,phases      ] GC(238)   JVMTI Tag Weak OopStorage      Min: 0.00, Avg: 0.00, Max: 0.00, Diff: 0.00, Sum: 0.00, Workers: 4
[6034.002s][debug][gc,phases      ] GC(238)     Dead                           Min: 0, Avg:  0.0, Max: 0, Diff: 0, Sum: 0, Workers: 4
[6034.002s][debug][gc,phases      ] GC(238)     Total                          Min: 0, Avg:  0.0, Max: 0, Diff: 0, Sum: 0, Workers: 4
[6034.002s][debug][gc,phases      ] GC(238)   StringTable Weak               Min: 0.00, Avg: 0.09, Max: 0.18, Diff: 0.18, Sum: 0.37, Workers: 4
[6034.002s][debug][gc,phases      ] GC(238)     Dead                           Min: 0, Avg:  0.0, Max: 0, Diff: 0, Sum: 0, Workers: 4
[6034.002s][debug][gc,phases      ] GC(238)     Total                          Min: 0, Avg: 12836.0, Max: 29648, Diff: 29648, Sum: 51344, Workers: 4
[6034.002s][debug][gc,phases      ] GC(238)   ResolvedMethodTable Weak       Min: 0.00, Avg: 0.03, Max: 0.06, Diff: 0.06, Sum: 0.12, Workers: 4
[6034.002s][debug][gc,phases      ] GC(238)     Dead                           Min: 0, Avg:  0.0, Max: 0, Diff: 0, Sum: 0, Workers: 4
[6034.002s][debug][gc,phases      ] GC(238)     Total                          Min: 0, Avg: 4352.5, Max: 10627, Diff: 10627, Sum: 17410, Workers: 4
[6034.002s][debug][gc,phases      ] GC(238)   JNI Weak                       Min: 0.00, Avg: 0.00, Max: 0.00, Diff: 0.00, Sum: 0.00, Workers: 4
[6034.002s][debug][gc,phases      ] GC(238)     Dead                           Min: 0, Avg:  0.0, Max: 0, Diff: 0, Sum: 0, Workers: 4
[6034.002s][debug][gc,phases      ] GC(238)     Total                          Min: 0, Avg: 13.0, Max: 48, Diff: 48, Sum: 52, Workers: 4
[6034.002s][debug][gc,phases      ] GC(238)   StringDedup Table Weak         Min: 0.00, Avg: 0.00, Max: 0.00, Diff: 0.00, Sum: 0.00, Workers: 4
[6034.002s][debug][gc,phases      ] GC(238)     Dead                           Min: 0, Avg:  0.0, Max: 0, Diff: 0, Sum: 0, Workers: 4
[6034.002s][debug][gc,phases      ] GC(238)     Total                          Min: 0, Avg:  0.0, Max: 0, Diff: 0, Sum: 0, Workers: 4
[6034.002s][debug][gc,phases      ] GC(238)   StringDedup Requests0 Weak     Min: 0.00, Avg: 0.00, Max: 0.00, Diff: 0.00, Sum: 0.00, Workers: 4
[6034.002s][debug][gc,phases      ] GC(238)     Dead                           Min: 0, Avg:  0.0, Max: 0, Diff: 0, Sum: 0, Workers: 4
[6034.002s][debug][gc,phases      ] GC(238)     Total                          Min: 0, Avg:  0.0, Max: 0, Diff: 0, Sum: 0, Workers: 4
[6034.002s][debug][gc,phases      ] GC(238)   StringDedup Requests1 Weak     Min: 0.00, Avg: 0.00, Max: 0.00, Diff: 0.00, Sum: 0.00, Workers: 4
[6034.002s][debug][gc,phases      ] GC(238)     Dead                           Min: 0, Avg:  0.0, Max: 0, Diff: 0, Sum: 0, Workers: 4
[6034.002s][debug][gc,phases      ] GC(238)     Total                          Min: 0, Avg:  0.0, Max: 0, Diff: 0, Sum: 0, Workers: 4
[6034.002s][debug][gc,phases      ] GC(238)   Weak JFR Old Object Samples    Min: 0.00, Avg: 0.00, Max: 0.00, Diff: 0.00, Sum: 0.00, Workers: 4
[6034.002s][debug][gc,phases      ] GC(238)     Dead                           Min: 0, Avg:  0.0, Max: 0, Diff: 0, Sum: 0, Workers: 4
[6034.002s][debug][gc,phases      ] GC(238)     Total                          Min: 0, Avg:  0.0, Max: 0, Diff: 0, Sum: 0, Workers: 4
[6034.002s][debug][gc,phases      ] GC(238) Weak Processing 0.436ms
[6034.002s][debug][gc,age         ] GC(238) Desired survivor size 19398656 bytes, new threshold 1 (max threshold 15)
[6034.002s][info ][gc,heap        ] GC(238) PSYoungGen: 2060464K(2076672K)->5520K(2075648K) Eden: 2055168K(2055168K)->0K(2055168K) From: 5296K(21504K)->5520K(20480K)
[6034.002s][info ][gc,heap        ] GC(238) ParOldGen: 1723273K(1723392K)->1725557K(1725952K)
[6034.002s][info ][gc,metaspace   ] GC(238) Metaspace: 113026K(114304K)->113026K(114304K) NonClass: 96631K(97344K)->96631K(97344K) Class: 16395K(16960K)->16395K(16960K)
[6034.002s][info ][gc             ] GC(238) Pause Young (Allocation Failure) 3695M->1690M(3712M) 9.085ms
[6034.002s][info ][gc,cpu         ] GC(238) User=0.02s Sys=0.00s Real=0.01s
[6034.002s][info ][safepoint      ] Safepoint "ParallelCollectForAllocation", Time since last: 18912095497 ns, Reaching safepoint: 103200 ns, At safepoint: 9148757 ns, Leaving safepoint: 13400 ns, Total: 9265357 ns, Threads: 2 runnable, 43 total
[6051.940s][info ][gc,start       ] GC(239) Pause Young (Allocation Failure)
[6051.945s][debug][gc,phases      ] GC(239) Scavenge 5.243ms
[6051.945s][debug][gc,ref         ] GC(239) ReferenceProcessor::execute queues: 1, RefProcThreadModel::Single, marks_oops_alive: false
[6051.945s][debug][gc,ref         ] GC(239) Skipped KeepAliveFinalRefsPhase of Reference Processing: no references
[6051.945s][debug][gc,ref         ] GC(239) Skipped PhantomRefsPhase of Reference Processing: no references
[6051.945s][debug][gc,phases      ] GC(239) Reference Processing 0.123ms
[6051.945s][debug][gc,phases      ] GC(239)   VM Weak                        Min: 0.00, Avg: 0.00, Max: 0.01, Diff: 0.01, Sum: 0.01, Workers: 4
[6051.945s][debug][gc,phases      ] GC(239)     Dead                           Min: 0, Avg:  0.0, Max: 0, Diff: 0, Sum: 0, Workers: 4
[6051.945s][debug][gc,phases      ] GC(239)     Total                          Min: 0, Avg: 240.5, Max: 960, Diff: 960, Sum: 962, Workers: 4
[6051.945s][debug][gc,phases      ] GC(239)   ObjectSynchronizer Weak        Min: 0.00, Avg: 0.00, Max: 0.00, Diff: 0.00, Sum: 0.00, Workers: 4
[6051.945s][debug][gc,phases      ] GC(239)     Dead                           Min: 0, Avg:  0.0, Max: 0, Diff: 0, Sum: 0, Workers: 4
[6051.945s][debug][gc,phases      ] GC(239)     Total                          Min: 0, Avg:  1.5, Max: 6, Diff: 6, Sum: 6, Workers: 4
[6051.945s][debug][gc,phases      ] GC(239)   JVMTI Tag Weak OopStorage      Min: 0.00, Avg: 0.00, Max: 0.00, Diff: 0.00, Sum: 0.00, Workers: 4
[6051.945s][debug][gc,phases      ] GC(239)     Dead                           Min: 0, Avg:  0.0, Max: 0, Diff: 0, Sum: 0, Workers: 4
[6051.945s][debug][gc,phases      ] GC(239)     Total                          Min: 0, Avg:  0.0, Max: 0, Diff: 0, Sum: 0, Workers: 4
[6051.945s][debug][gc,phases      ] GC(239)   StringTable Weak               Min: 0.00, Avg: 0.11, Max: 0.15, Diff: 0.15, Sum: 0.44, Workers: 4
[6051.945s][debug][gc,phases      ] GC(239)     Dead                           Min: 0, Avg:  0.0, Max: 0, Diff: 0, Sum: 0, Workers: 4
[6051.945s][debug][gc,phases      ] GC(239)     Total                          Min: 0, Avg: 12836.0, Max: 17232, Diff: 17232, Sum: 51344, Workers: 4
[6051.945s][debug][gc,phases      ] GC(239)   ResolvedMethodTable Weak       Min: 0.00, Avg: 0.04, Max: 0.05, Diff: 0.05, Sum: 0.15, Workers: 4
[6051.945s][debug][gc,phases      ] GC(239)     Dead                           Min: 0, Avg:  5.0, Max: 20, Diff: 20, Sum: 20, Workers: 4
[6051.945s][debug][gc,phases      ] GC(239)     Total                          Min: 0, Avg: 4352.5, Max: 5937, Diff: 5937, Sum: 17410, Workers: 4
[6051.945s][debug][gc,phases      ] GC(239)   JNI Weak                       Min: 0.00, Avg: 0.00, Max: 0.00, Diff: 0.00, Sum: 0.00, Workers: 4
[6051.945s][debug][gc,phases      ] GC(239)     Dead                           Min: 0, Avg:  0.0, Max: 0, Diff: 0, Sum: 0, Workers: 4
[6051.945s][debug][gc,phases      ] GC(239)     Total                          Min: 0, Avg: 13.0, Max: 48, Diff: 48, Sum: 52, Workers: 4
[6051.945s][debug][gc,phases      ] GC(239)   StringDedup Table Weak         Min: 0.00, Avg: 0.00, Max: 0.00, Diff: 0.00, Sum: 0.00, Workers: 4
[6051.945s][debug][gc,phases      ] GC(239)     Dead                           Min: 0, Avg:  0.0, Max: 0, Diff: 0, Sum: 0, Workers: 4
[6051.945s][debug][gc,phases      ] GC(239)     Total                          Min: 0, Avg:  0.0, Max: 0, Diff: 0, Sum: 0, Workers: 4
[6051.945s][debug][gc,phases      ] GC(239)   StringDedup Requests0 Weak     Min: 0.00, Avg: 0.00, Max: 0.00, Diff: 0.00, Sum: 0.00, Workers: 4
[6051.945s][debug][gc,phases      ] GC(239)     Dead                           Min: 0, Avg:  0.0, Max: 0, Diff: 0, Sum: 0, Workers: 4
[6051.945s][debug][gc,phases      ] GC(239)     Total                          Min: 0, Avg:  0.0, Max: 0, Diff: 0, Sum: 0, Workers: 4
[6051.945s][debug][gc,phases      ] GC(239)   StringDedup Requests1 Weak     Min: 0.00, Avg: 0.00, Max: 0.00, Diff: 0.00, Sum: 0.00, Workers: 4
[6051.945s][debug][gc,phases      ] GC(239)     Dead                           Min: 0, Avg:  0.0, Max: 0, Diff: 0, Sum: 0, Workers: 4
[6051.945s][debug][gc,phases      ] GC(239)     Total                          Min: 0, Avg:  0.0, Max: 0, Diff: 0, Sum: 0, Workers: 4
[6051.945s][debug][gc,phases      ] GC(239)   Weak JFR Old Object Samples    Min: 0.00, Avg: 0.00, Max: 0.00, Diff: 0.00, Sum: 0.00, Workers: 4
[6051.945s][debug][gc,phases      ] GC(239)     Dead                           Min: 0, Avg:  0.0, Max: 0, Diff: 0, Sum: 0, Workers: 4
[6051.945s][debug][gc,phases      ] GC(239)     Total                          Min: 0, Avg:  0.0, Max: 0, Diff: 0, Sum: 0, Workers: 4
[6051.945s][debug][gc,phases      ] GC(239) Weak Processing 0.463ms
[6051.945s][debug][gc,age         ] GC(239) Desired survivor size 18874368 bytes, new threshold 1 (max threshold 15)
[6051.945s][info ][gc,heap        ] GC(239) PSYoungGen: 2060688K(2075648K)->3920K(2078720K) Eden: 2055168K(2055168K)->0K(2059776K) From: 5520K(20480K)->3920K(18944K)
[6051.945s][info ][gc,heap        ] GC(239) ParOldGen: 1725557K(1725952K)->1727370K(1727488K)
[6051.945s][info ][gc,metaspace   ] GC(239) Metaspace: 113026K(114304K)->113026K(114304K) NonClass: 96631K(97344K)->96631K(97344K) Class: 16395K(16960K)->16395K(16960K)
[6051.945s][info ][gc             ] GC(239) Pause Young (Allocation Failure) 3697M->1690M(3717M) 5.944ms
[6051.946s][info ][gc,cpu         ] GC(239) User=0.02s Sys=0.00s Real=0.00s
[6051.946s][info ][safepoint      ] Safepoint "ParallelCollectForAllocation", Time since last: 17937215230 ns, Reaching safepoint: 27800 ns, At safepoint: 6017271 ns, Leaving safepoint: 3100 ns, Total: 6048171 ns, Threads: 0 runnable, 43 total
[6071.242s][info ][gc,start       ] GC(240) Pause Young (Allocation Failure)
[6071.249s][debug][gc,phases      ] GC(240) Scavenge 6.417ms
[6071.249s][debug][gc,ref         ] GC(240) ReferenceProcessor::execute queues: 1, RefProcThreadModel::Single, marks_oops_alive: false
[6071.249s][debug][gc,ref         ] GC(240) Skipped KeepAliveFinalRefsPhase of Reference Processing: no references
[6071.249s][debug][gc,ref         ] GC(240) Skipped PhantomRefsPhase of Reference Processing: no references
[6071.249s][debug][gc,phases      ] GC(240) Reference Processing 0.126ms
[6071.249s][debug][gc,phases      ] GC(240)   VM Weak                        Min: 0.00, Avg: 0.00, Max: 0.01, Diff: 0.01, Sum: 0.01, Workers: 4
[6071.249s][debug][gc,phases      ] GC(240)     Dead                           Min: 0, Avg:  0.0, Max: 0, Diff: 0, Sum: 0, Workers: 4
[6071.249s][debug][gc,phases      ] GC(240)     Total                          Min: 0, Avg: 240.5, Max: 770, Diff: 770, Sum: 962, Workers: 4
[6071.249s][debug][gc,phases      ] GC(240)   ObjectSynchronizer Weak        Min: 0.00, Avg: 0.00, Max: 0.00, Diff: 0.00, Sum: 0.00, Workers: 4
[6071.249s][debug][gc,phases      ] GC(240)     Dead                           Min: 0, Avg:  0.0, Max: 0, Diff: 0, Sum: 0, Workers: 4
[6071.249s][debug][gc,phases      ] GC(240)     Total                          Min: 0, Avg:  1.5, Max: 6, Diff: 6, Sum: 6, Workers: 4
[6071.249s][debug][gc,phases      ] GC(240)   JVMTI Tag Weak OopStorage      Min: 0.00, Avg: 0.00, Max: 0.00, Diff: 0.00, Sum: 0.00, Workers: 4
[6071.249s][debug][gc,phases      ] GC(240)     Dead                           Min: 0, Avg:  0.0, Max: 0, Diff: 0, Sum: 0, Workers: 4
[6071.249s][debug][gc,phases      ] GC(240)     Total                          Min: 0, Avg:  0.0, Max: 0, Diff: 0, Sum: 0, Workers: 4
[6071.249s][debug][gc,phases      ] GC(240)   StringTable Weak               Min: 0.00, Avg: 0.11, Max: 0.15, Diff: 0.15, Sum: 0.44, Workers: 4
[6071.249s][debug][gc,phases      ] GC(240)     Dead                           Min: 0, Avg:  0.0, Max: 0, Diff: 0, Sum: 0, Workers: 4
[6071.249s][debug][gc,phases      ] GC(240)     Total                          Min: 0, Avg: 12836.0, Max: 17728, Diff: 17728, Sum: 51344, Workers: 4
[6071.249s][debug][gc,phases      ] GC(240)   ResolvedMethodTable Weak       Min: 0.00, Avg: 0.04, Max: 0.05, Diff: 0.05, Sum: 0.16, Workers: 4
[6071.249s][debug][gc,phases      ] GC(240)     Dead                           Min: 0, Avg:  5.0, Max: 20, Diff: 20, Sum: 20, Workers: 4
[6071.249s][debug][gc,phases      ] GC(240)     Total                          Min: 0, Avg: 4352.5, Max: 6343, Diff: 6343, Sum: 17410, Workers: 4
[6071.249s][debug][gc,phases      ] GC(240)   JNI Weak                       Min: 0.00, Avg: 0.00, Max: 0.00, Diff: 0.00, Sum: 0.00, Workers: 4
[6071.249s][debug][gc,phases      ] GC(240)     Dead                           Min: 0, Avg:  0.0, Max: 0, Diff: 0, Sum: 0, Workers: 4
[6071.249s][debug][gc,phases      ] GC(240)     Total                          Min: 0, Avg: 13.0, Max: 48, Diff: 48, Sum: 52, Workers: 4
[6071.249s][debug][gc,phases      ] GC(240)   StringDedup Table Weak         Min: 0.00, Avg: 0.00, Max: 0.00, Diff: 0.00, Sum: 0.00, Workers: 4
[6071.249s][debug][gc,phases      ] GC(240)     Dead                           Min: 0, Avg:  0.0, Max: 0, Diff: 0, Sum: 0, Workers: 4
[6071.249s][debug][gc,phases      ] GC(240)     Total                          Min: 0, Avg:  0.0, Max: 0, Diff: 0, Sum: 0, Workers: 4
[6071.249s][debug][gc,phases      ] GC(240)   StringDedup Requests0 Weak     Min: 0.00, Avg: 0.00, Max: 0.00, Diff: 0.00, Sum: 0.00, Workers: 4
[6071.249s][debug][gc,phases      ] GC(240)     Dead                           Min: 0, Avg:  0.0, Max: 0, Diff: 0, Sum: 0, Workers: 4
[6071.249s][debug][gc,phases      ] GC(240)     Total                          Min: 0, Avg:  0.0, Max: 0, Diff: 0, Sum: 0, Workers: 4
[6071.249s][debug][gc,phases      ] GC(240)   StringDedup Requests1 Weak     Min: 0.00, Avg: 0.00, Max: 0.00, Diff: 0.00, Sum: 0.00, Workers: 4
[6071.249s][debug][gc,phases      ] GC(240)     Dead                           Min: 0, Avg:  0.0, Max: 0, Diff: 0, Sum: 0, Workers: 4
[6071.249s][debug][gc,phases      ] GC(240)     Total                          Min: 0, Avg:  0.0, Max: 0, Diff: 0, Sum: 0, Workers: 4
[6071.249s][debug][gc,phases      ] GC(240)   Weak JFR Old Object Samples    Min: 0.00, Avg: 0.00, Max: 0.00, Diff: 0.00, Sum: 0.00, Workers: 4
[6071.249s][debug][gc,phases      ] GC(240)     Dead                           Min: 0, Avg:  0.0, Max: 0, Diff: 0, Sum: 0, Workers: 4
[6071.249s][debug][gc,phases      ] GC(240)     Total                          Min: 0, Avg:  0.0, Max: 0, Diff: 0, Sum: 0, Workers: 4
[6071.249s][debug][gc,phases      ] GC(240) Weak Processing 0.549ms
[6071.249s][debug][gc,age         ] GC(240) Desired survivor size 17825792 bytes, new threshold 1 (max threshold 15)
[6071.249s][info ][gc,heap        ] GC(240) PSYoungGen: 2063696K(2078720K)->4192K(2078208K) Eden: 2059776K(2059776K)->0K(2059776K) From: 3920K(18944K)->4192K(18432K)
[6071.249s][info ][gc,heap        ] GC(240) ParOldGen: 1727370K(1727488K)->1728526K(1729024K)
[6071.249s][info ][gc,metaspace   ] GC(240) Metaspace: 113027K(114304K)->113027K(114304K) NonClass: 96632K(97344K)->96632K(97344K) Class: 16395K(16960K)->16395K(16960K)
[6071.249s][info ][gc             ] GC(240) Pause Young (Allocation Failure) 3702M->1692M(3718M) 7.233ms
[6071.249s][info ][gc,cpu         ] GC(240) User=0.02s Sys=0.00s Real=0.01s
[6071.250s][info ][safepoint      ] Safepoint "ParallelCollectForAllocation", Time since last: 19296562949 ns, Reaching safepoint: 85600 ns, At safepoint: 7308866 ns, Leaving safepoint: 12800 ns, Total: 7407266 ns, Threads: 2 runnable, 43 total
[6091.043s][info ][gc,start       ] GC(241) Pause Young (Allocation Failure)
[6091.049s][debug][gc,phases      ] GC(241) Scavenge 6.053ms
[6091.049s][debug][gc,ref         ] GC(241) ReferenceProcessor::execute queues: 1, RefProcThreadModel::Single, marks_oops_alive: false
[6091.049s][debug][gc,ref         ] GC(241) Skipped KeepAliveFinalRefsPhase of Reference Processing: no references
[6091.049s][debug][gc,ref         ] GC(241) Skipped PhantomRefsPhase of Reference Processing: no references
[6091.049s][debug][gc,phases      ] GC(241) Reference Processing 0.106ms
[6091.049s][debug][gc,phases      ] GC(241)   VM Weak                        Min: 0.00, Avg: 0.00, Max: 0.00, Diff: 0.00, Sum: 0.01, Workers: 4
[6091.049s][debug][gc,phases      ] GC(241)     Dead                           Min: 0, Avg:  0.0, Max: 0, Diff: 0, Sum: 0, Workers: 4
[6091.049s][debug][gc,phases      ] GC(241)     Total                          Min: 0, Avg: 240.5, Max: 512, Diff: 512, Sum: 962, Workers: 4
[6091.049s][debug][gc,phases      ] GC(241)   ObjectSynchronizer Weak        Min: 0.00, Avg: 0.00, Max: 0.00, Diff: 0.00, Sum: 0.00, Workers: 4
[6091.049s][debug][gc,phases      ] GC(241)     Dead                           Min: 0, Avg:  0.0, Max: 0, Diff: 0, Sum: 0, Workers: 4
[6091.049s][debug][gc,phases      ] GC(241)     Total                          Min: 0, Avg:  1.5, Max: 6, Diff: 6, Sum: 6, Workers: 4
[6091.049s][debug][gc,phases      ] GC(241)   JVMTI Tag Weak OopStorage      Min: 0.00, Avg: 0.00, Max: 0.00, Diff: 0.00, Sum: 0.00, Workers: 4
[6091.049s][debug][gc,phases      ] GC(241)     Dead                           Min: 0, Avg:  0.0, Max: 0, Diff: 0, Sum: 0, Workers: 4
[6091.049s][debug][gc,phases      ] GC(241)     Total                          Min: 0, Avg:  0.0, Max: 0, Diff: 0, Sum: 0, Workers: 4
[6091.049s][debug][gc,phases      ] GC(241)   StringTable Weak               Min: 0.00, Avg: 0.11, Max: 0.15, Diff: 0.15, Sum: 0.44, Workers: 4
[6091.049s][debug][gc,phases      ] GC(241)     Dead                           Min: 0, Avg:  0.0, Max: 0, Diff: 0, Sum: 0, Workers: 4
[6091.049s][debug][gc,phases      ] GC(241)     Total                          Min: 0, Avg: 12836.0, Max: 17280, Diff: 17280, Sum: 51344, Workers: 4
[6091.049s][debug][gc,phases      ] GC(241)   ResolvedMethodTable Weak       Min: 0.00, Avg: 0.04, Max: 0.05, Diff: 0.05, Sum: 0.15, Workers: 4
[6091.049s][debug][gc,phases      ] GC(241)     Dead                           Min: 0, Avg:  5.0, Max: 20, Diff: 20, Sum: 20, Workers: 4
[6091.049s][debug][gc,phases      ] GC(241)     Total                          Min: 0, Avg: 4352.5, Max: 5952, Diff: 5952, Sum: 17410, Workers: 4
[6091.049s][debug][gc,phases      ] GC(241)   JNI Weak                       Min: 0.00, Avg: 0.00, Max: 0.00, Diff: 0.00, Sum: 0.00, Workers: 4
[6091.049s][debug][gc,phases      ] GC(241)     Dead                           Min: 0, Avg:  0.0, Max: 0, Diff: 0, Sum: 0, Workers: 4
[6091.049s][debug][gc,phases      ] GC(241)     Total                          Min: 0, Avg: 13.0, Max: 48, Diff: 48, Sum: 52, Workers: 4
[6091.049s][debug][gc,phases      ] GC(241)   StringDedup Table Weak         Min: 0.00, Avg: 0.00, Max: 0.00, Diff: 0.00, Sum: 0.00, Workers: 4
[6091.049s][debug][gc,phases      ] GC(241)     Dead                           Min: 0, Avg:  0.0, Max: 0, Diff: 0, Sum: 0, Workers: 4
[6091.049s][debug][gc,phases      ] GC(241)     Total                          Min: 0, Avg:  0.0, Max: 0, Diff: 0, Sum: 0, Workers: 4
[6091.049s][debug][gc,phases      ] GC(241)   StringDedup Requests0 Weak     Min: 0.00, Avg: 0.00, Max: 0.00, Diff: 0.00, Sum: 0.00, Workers: 4
[6091.049s][debug][gc,phases      ] GC(241)     Dead                           Min: 0, Avg:  0.0, Max: 0, Diff: 0, Sum: 0, Workers: 4
[6091.049s][debug][gc,phases      ] GC(241)     Total                          Min: 0, Avg:  0.0, Max: 0, Diff: 0, Sum: 0, Workers: 4
[6091.049s][debug][gc,phases      ] GC(241)   StringDedup Requests1 Weak     Min: 0.00, Avg: 0.00, Max: 0.00, Diff: 0.00, Sum: 0.00, Workers: 4
[6091.049s][debug][gc,phases      ] GC(241)     Dead                           Min: 0, Avg:  0.0, Max: 0, Diff: 0, Sum: 0, Workers: 4
[6091.049s][debug][gc,phases      ] GC(241)     Total                          Min: 0, Avg:  0.0, Max: 0, Diff: 0, Sum: 0, Workers: 4
[6091.049s][debug][gc,phases      ] GC(241)   Weak JFR Old Object Samples    Min: 0.00, Avg: 0.00, Max: 0.00, Diff: 0.00, Sum: 0.00, Workers: 4
[6091.049s][debug][gc,phases      ] GC(241)     Dead                           Min: 0, Avg:  0.0, Max: 0, Diff: 0, Sum: 0, Workers: 4
[6091.049s][debug][gc,phases      ] GC(241)     Total                          Min: 0, Avg:  0.0, Max: 0, Diff: 0, Sum: 0, Workers: 4
[6091.049s][debug][gc,phases      ] GC(241) Weak Processing 0.369ms
[6091.049s][debug][gc,age         ] GC(241) Desired survivor size 17301504 bytes, new threshold 1 (max threshold 15)
[6091.049s][info ][gc,heap        ] GC(241) PSYoungGen: 2063968K(2078208K)->3856K(2080256K) Eden: 2059776K(2059776K)->0K(2062848K) From: 4192K(18432K)->3856K(17408K)
[6091.049s][info ][gc,heap        ] GC(241) ParOldGen: 1728526K(1729024K)->1730030K(1730048K)
[6091.049s][info ][gc,metaspace   ] GC(241) Metaspace: 113027K(114304K)->113027K(114304K) NonClass: 96632K(97344K)->96632K(97344K) Class: 16395K(16960K)->16395K(16960K)
[6091.049s][info ][gc             ] GC(241) Pause Young (Allocation Failure) 3703M->1693M(3721M) 6.632ms
[6091.049s][info ][gc,cpu         ] GC(241) User=0.02s Sys=0.00s Real=0.01s
[6091.049s][info ][safepoint      ] Safepoint "ParallelCollectForAllocation", Time since last: 19792955587 ns, Reaching safepoint: 81999 ns, At safepoint: 6702569 ns, Leaving safepoint: 12600 ns, Total: 6797168 ns, Threads: 1 runnable, 36 total
[6111.643s][info ][gc,start       ] GC(242) Pause Young (Allocation Failure)
[6111.650s][debug][gc,phases      ] GC(242) Scavenge 6.992ms
[6111.650s][debug][gc,ref         ] GC(242) Skipped SoftWeakFinalRefsPhase of Reference Processing: no references
[6111.650s][debug][gc,ref         ] GC(242) Skipped KeepAliveFinalRefsPhase of Reference Processing: no references
[6111.650s][debug][gc,ref         ] GC(242) Skipped PhantomRefsPhase of Reference Processing: no references
[6111.650s][debug][gc,phases      ] GC(242) Reference Processing 0.022ms
[6111.650s][debug][gc,phases      ] GC(242)   VM Weak                        Min: 0.00, Avg: 0.00, Max: 0.01, Diff: 0.01, Sum: 0.01, Workers: 4
[6111.650s][debug][gc,phases      ] GC(242)     Dead                           Min: 0, Avg:  0.0, Max: 0, Diff: 0, Sum: 0, Workers: 4
[6111.650s][debug][gc,phases      ] GC(242)     Total                          Min: 0, Avg: 240.5, Max: 642, Diff: 642, Sum: 962, Workers: 4
[6111.650s][debug][gc,phases      ] GC(242)   ObjectSynchronizer Weak        Min: 0.00, Avg: 0.00, Max: 0.00, Diff: 0.00, Sum: 0.00, Workers: 4
[6111.650s][debug][gc,phases      ] GC(242)     Dead                           Min: 0, Avg:  0.0, Max: 0, Diff: 0, Sum: 0, Workers: 4
[6111.650s][debug][gc,phases      ] GC(242)     Total                          Min: 0, Avg:  1.5, Max: 6, Diff: 6, Sum: 6, Workers: 4
[6111.650s][debug][gc,phases      ] GC(242)   JVMTI Tag Weak OopStorage      Min: 0.00, Avg: 0.00, Max: 0.00, Diff: 0.00, Sum: 0.00, Workers: 4
[6111.650s][debug][gc,phases      ] GC(242)     Dead                           Min: 0, Avg:  0.0, Max: 0, Diff: 0, Sum: 0, Workers: 4
[6111.650s][debug][gc,phases      ] GC(242)     Total                          Min: 0, Avg:  0.0, Max: 0, Diff: 0, Sum: 0, Workers: 4
[6111.650s][debug][gc,phases      ] GC(242)   StringTable Weak               Min: 0.00, Avg: 0.11, Max: 0.15, Diff: 0.15, Sum: 0.46, Workers: 4
[6111.650s][debug][gc,phases      ] GC(242)     Dead                           Min: 0, Avg:  0.0, Max: 0, Diff: 0, Sum: 0, Workers: 4
[6111.650s][debug][gc,phases      ] GC(242)     Total                          Min: 0, Avg: 12836.0, Max: 17408, Diff: 17408, Sum: 51344, Workers: 4
[6111.650s][debug][gc,phases      ] GC(242)   ResolvedMethodTable Weak       Min: 0.00, Avg: 0.04, Max: 0.05, Diff: 0.05, Sum: 0.15, Workers: 4
[6111.650s][debug][gc,phases      ] GC(242)     Dead                           Min: 0, Avg:  0.0, Max: 0, Diff: 0, Sum: 0, Workers: 4
[6111.650s][debug][gc,phases      ] GC(242)     Total                          Min: 0, Avg: 4352.5, Max: 5910, Diff: 5910, Sum: 17410, Workers: 4
[6111.650s][debug][gc,phases      ] GC(242)   JNI Weak                       Min: 0.00, Avg: 0.00, Max: 0.00, Diff: 0.00, Sum: 0.00, Workers: 4
[6111.650s][debug][gc,phases      ] GC(242)     Dead                           Min: 0, Avg:  0.0, Max: 0, Diff: 0, Sum: 0, Workers: 4
[6111.650s][debug][gc,phases      ] GC(242)     Total                          Min: 0, Avg: 13.0, Max: 48, Diff: 48, Sum: 52, Workers: 4
[6111.650s][debug][gc,phases      ] GC(242)   StringDedup Table Weak         Min: 0.00, Avg: 0.00, Max: 0.00, Diff: 0.00, Sum: 0.00, Workers: 4
[6111.650s][debug][gc,phases      ] GC(242)     Dead                           Min: 0, Avg:  0.0, Max: 0, Diff: 0, Sum: 0, Workers: 4
[6111.650s][debug][gc,phases      ] GC(242)     Total                          Min: 0, Avg:  0.0, Max: 0, Diff: 0, Sum: 0, Workers: 4
[6111.650s][debug][gc,phases      ] GC(242)   StringDedup Requests0 Weak     Min: 0.00, Avg: 0.00, Max: 0.00, Diff: 0.00, Sum: 0.00, Workers: 4
[6111.650s][debug][gc,phases      ] GC(242)     Dead                           Min: 0, Avg:  0.0, Max: 0, Diff: 0, Sum: 0, Workers: 4
[6111.650s][debug][gc,phases      ] GC(242)     Total                          Min: 0, Avg:  0.0, Max: 0, Diff: 0, Sum: 0, Workers: 4
[6111.650s][debug][gc,phases      ] GC(242)   StringDedup Requests1 Weak     Min: 0.00, Avg: 0.00, Max: 0.00, Diff: 0.00, Sum: 0.00, Workers: 4
[6111.650s][debug][gc,phases      ] GC(242)     Dead                           Min: 0, Avg:  0.0, Max: 0, Diff: 0, Sum: 0, Workers: 4
[6111.650s][debug][gc,phases      ] GC(242)     Total                          Min: 0, Avg:  0.0, Max: 0, Diff: 0, Sum: 0, Workers: 4
[6111.650s][debug][gc,phases      ] GC(242)   Weak JFR Old Object Samples    Min: 0.00, Avg: 0.00, Max: 0.00, Diff: 0.00, Sum: 0.00, Workers: 4
[6111.650s][debug][gc,phases      ] GC(242)     Dead                           Min: 0, Avg:  0.0, Max: 0, Diff: 0, Sum: 0, Workers: 4
[6111.650s][debug][gc,phases      ] GC(242)     Total                          Min: 0, Avg:  0.0, Max: 0, Diff: 0, Sum: 0, Workers: 4
[6111.650s][debug][gc,phases      ] GC(242) Weak Processing 0.392ms
[6111.650s][debug][gc,age         ] GC(242) Desired survivor size 16777216 bytes, new threshold 1 (max threshold 15)
[6111.650s][info ][gc,heap        ] GC(242) PSYoungGen: 2066704K(2080256K)->4096K(2079744K) Eden: 2062848K(2062848K)->0K(2062848K) From: 3856K(17408K)->4096K(16896K)
[6111.650s][info ][gc,heap        ] GC(242) ParOldGen: 1730030K(1730048K)->1731154K(1731584K)
[6111.650s][info ][gc,metaspace   ] GC(242) Metaspace: 113030K(114304K)->113030K(114304K) NonClass: 96635K(97344K)->96635K(97344K) Class: 16395K(16960K)->16395K(16960K)
[6111.650s][info ][gc             ] GC(242) Pause Young (Allocation Failure) 3707M->1694M(3722M) 7.549ms
[6111.650s][info ][gc,cpu         ] GC(242) User=0.02s Sys=0.00s Real=0.01s
[6111.650s][info ][safepoint      ] Safepoint "ParallelCollectForAllocation", Time since last: 20593402113 ns, Reaching safepoint: 81700 ns, At safepoint: 7610664 ns, Leaving safepoint: 10200 ns, Total: 7702564 ns, Threads: 1 runnable, 36 total
[6132.444s][info ][gc,start       ] GC(243) Pause Young (Allocation Failure)
[6132.452s][debug][gc,phases      ] GC(243) Scavenge 7.658ms
[6132.452s][debug][gc,ref         ] GC(243) ReferenceProcessor::execute queues: 1, RefProcThreadModel::Single, marks_oops_alive: false
[6132.452s][debug][gc,ref         ] GC(243) Skipped KeepAliveFinalRefsPhase of Reference Processing: no references
[6132.452s][debug][gc,ref         ] GC(243) Skipped PhantomRefsPhase of Reference Processing: no references
[6132.452s][debug][gc,phases      ] GC(243) Reference Processing 0.119ms
[6132.452s][debug][gc,phases      ] GC(243)   VM Weak                        Min: 0.00, Avg: 0.00, Max: 0.00, Diff: 0.00, Sum: 0.01, Workers: 4
[6132.452s][debug][gc,phases      ] GC(243)     Dead                           Min: 0, Avg:  0.0, Max: 0, Diff: 0, Sum: 0, Workers: 4
[6132.452s][debug][gc,phases      ] GC(243)     Total                          Min: 0, Avg: 240.5, Max: 512, Diff: 512, Sum: 962, Workers: 4
[6132.452s][debug][gc,phases      ] GC(243)   ObjectSynchronizer Weak        Min: 0.00, Avg: 0.00, Max: 0.00, Diff: 0.00, Sum: 0.00, Workers: 4
[6132.452s][debug][gc,phases      ] GC(243)     Dead                           Min: 0, Avg:  0.0, Max: 0, Diff: 0, Sum: 0, Workers: 4
[6132.452s][debug][gc,phases      ] GC(243)     Total                          Min: 0, Avg:  1.2, Max: 5, Diff: 5, Sum: 5, Workers: 4
[6132.452s][debug][gc,phases      ] GC(243)   JVMTI Tag Weak OopStorage      Min: 0.00, Avg: 0.00, Max: 0.00, Diff: 0.00, Sum: 0.00, Workers: 4
[6132.452s][debug][gc,phases      ] GC(243)     Dead                           Min: 0, Avg:  0.0, Max: 0, Diff: 0, Sum: 0, Workers: 4
[6132.452s][debug][gc,phases      ] GC(243)     Total                          Min: 0, Avg:  0.0, Max: 0, Diff: 0, Sum: 0, Workers: 4
[6132.452s][debug][gc,phases      ] GC(243)   StringTable Weak               Min: 0.00, Avg: 0.11, Max: 0.15, Diff: 0.15, Sum: 0.44, Workers: 4
[6132.452s][debug][gc,phases      ] GC(243)     Dead                           Min: 0, Avg:  0.0, Max: 0, Diff: 0, Sum: 0, Workers: 4
[6132.452s][debug][gc,phases      ] GC(243)     Total                          Min: 0, Avg: 12836.0, Max: 17408, Diff: 17408, Sum: 51344, Workers: 4
[6132.452s][debug][gc,phases      ] GC(243)   ResolvedMethodTable Weak       Min: 0.00, Avg: 0.04, Max: 0.05, Diff: 0.05, Sum: 0.15, Workers: 4
[6132.452s][debug][gc,phases      ] GC(243)     Dead                           Min: 0, Avg:  5.0, Max: 20, Diff: 20, Sum: 20, Workers: 4
[6132.452s][debug][gc,phases      ] GC(243)     Total                          Min: 0, Avg: 4352.5, Max: 5883, Diff: 5883, Sum: 17410, Workers: 4
[6132.452s][debug][gc,phases      ] GC(243)   JNI Weak                       Min: 0.00, Avg: 0.00, Max: 0.00, Diff: 0.00, Sum: 0.00, Workers: 4
[6132.452s][debug][gc,phases      ] GC(243)     Dead                           Min: 0, Avg:  0.0, Max: 0, Diff: 0, Sum: 0, Workers: 4
[6132.452s][debug][gc,phases      ] GC(243)     Total                          Min: 0, Avg: 13.0, Max: 48, Diff: 48, Sum: 52, Workers: 4
[6132.452s][debug][gc,phases      ] GC(243)   StringDedup Table Weak         Min: 0.00, Avg: 0.00, Max: 0.00, Diff: 0.00, Sum: 0.00, Workers: 4
[6132.452s][debug][gc,phases      ] GC(243)     Dead                           Min: 0, Avg:  0.0, Max: 0, Diff: 0, Sum: 0, Workers: 4
[6132.452s][debug][gc,phases      ] GC(243)     Total                          Min: 0, Avg:  0.0, Max: 0, Diff: 0, Sum: 0, Workers: 4
[6132.452s][debug][gc,phases      ] GC(243)   StringDedup Requests0 Weak     Min: 0.00, Avg: 0.00, Max: 0.00, Diff: 0.00, Sum: 0.00, Workers: 4
[6132.452s][debug][gc,phases      ] GC(243)     Dead                           Min: 0, Avg:  0.0, Max: 0, Diff: 0, Sum: 0, Workers: 4
[6132.452s][debug][gc,phases      ] GC(243)     Total                          Min: 0, Avg:  0.0, Max: 0, Diff: 0, Sum: 0, Workers: 4
[6132.452s][debug][gc,phases      ] GC(243)   StringDedup Requests1 Weak     Min: 0.00, Avg: 0.00, Max: 0.00, Diff: 0.00, Sum: 0.00, Workers: 4
[6132.452s][debug][gc,phases      ] GC(243)     Dead                           Min: 0, Avg:  0.0, Max: 0, Diff: 0, Sum: 0, Workers: 4
[6132.452s][debug][gc,phases      ] GC(243)     Total                          Min: 0, Avg:  0.0, Max: 0, Diff: 0, Sum: 0, Workers: 4
[6132.452s][debug][gc,phases      ] GC(243)   Weak JFR Old Object Samples    Min: 0.00, Avg: 0.00, Max: 0.00, Diff: 0.00, Sum: 0.00, Workers: 4
[6132.452s][debug][gc,phases      ] GC(243)     Dead                           Min: 0, Avg:  0.0, Max: 0, Diff: 0, Sum: 0, Workers: 4
[6132.452s][debug][gc,phases      ] GC(243)     Total                          Min: 0, Avg:  0.0, Max: 0, Diff: 0, Sum: 0, Workers: 4
[6132.452s][debug][gc,phases      ] GC(243) Weak Processing 0.437ms
[6132.452s][debug][gc,age         ] GC(243) Desired survivor size 15728640 bytes, new threshold 1 (max threshold 15)
[6132.452s][info ][gc,heap        ] GC(243) PSYoungGen: 2066944K(2079744K)->3936K(2081792K) Eden: 2062848K(2062848K)->0K(2065408K) From: 4096K(16896K)->3936K(16384K)
[6132.452s][info ][gc,heap        ] GC(243) ParOldGen: 1731154K(1731584K)->1732502K(1732608K)
[6132.452s][info ][gc,metaspace   ] GC(243) Metaspace: 113034K(114304K)->113034K(114304K) NonClass: 96639K(97344K)->96639K(97344K) Class: 16395K(16960K)->16395K(16960K)
[6132.452s][info ][gc             ] GC(243) Pause Young (Allocation Failure) 3709M->1695M(3725M) 8.340ms
[6132.452s][info ][gc,cpu         ] GC(243) User=0.02s Sys=0.00s Real=0.01s
[6132.452s][info ][safepoint      ] Safepoint "ParallelCollectForAllocation", Time since last: 20793436105 ns, Reaching safepoint: 76700 ns, At safepoint: 8410161 ns, Leaving safepoint: 25600 ns, Total: 8512461 ns, Threads: 1 runnable, 36 total
[6154.104s][info ][gc,start       ] GC(244) Pause Young (Allocation Failure)
[6154.108s][debug][gc,phases      ] GC(244) Scavenge 4.466ms
[6154.108s][debug][gc,ref         ] GC(244) ReferenceProcessor::execute queues: 1, RefProcThreadModel::Single, marks_oops_alive: false
[6154.108s][debug][gc,ref         ] GC(244) Skipped KeepAliveFinalRefsPhase of Reference Processing: no references
[6154.108s][debug][gc,ref         ] GC(244) Skipped PhantomRefsPhase of Reference Processing: no references
[6154.108s][debug][gc,phases      ] GC(244) Reference Processing 0.088ms
[6154.108s][debug][gc,phases      ] GC(244)   VM Weak                        Min: 0.00, Avg: 0.00, Max: 0.01, Diff: 0.01, Sum: 0.01, Workers: 4
[6154.108s][debug][gc,phases      ] GC(244)     Dead                           Min: 0, Avg:  0.0, Max: 0, Diff: 0, Sum: 0, Workers: 4
[6154.108s][debug][gc,phases      ] GC(244)     Total                          Min: 0, Avg: 240.5, Max: 706, Diff: 706, Sum: 962, Workers: 4
[6154.109s][debug][gc,phases      ] GC(244)   ObjectSynchronizer Weak        Min: 0.00, Avg: 0.00, Max: 0.00, Diff: 0.00, Sum: 0.00, Workers: 4
[6154.109s][debug][gc,phases      ] GC(244)     Dead                           Min: 0, Avg:  0.0, Max: 0, Diff: 0, Sum: 0, Workers: 4
[6154.109s][debug][gc,phases      ] GC(244)     Total                          Min: 0, Avg:  1.2, Max: 5, Diff: 5, Sum: 5, Workers: 4
[6154.109s][debug][gc,phases      ] GC(244)   JVMTI Tag Weak OopStorage      Min: 0.00, Avg: 0.00, Max: 0.00, Diff: 0.00, Sum: 0.00, Workers: 4
[6154.109s][debug][gc,phases      ] GC(244)     Dead                           Min: 0, Avg:  0.0, Max: 0, Diff: 0, Sum: 0, Workers: 4
[6154.109s][debug][gc,phases      ] GC(244)     Total                          Min: 0, Avg:  0.0, Max: 0, Diff: 0, Sum: 0, Workers: 4
[6154.109s][debug][gc,phases      ] GC(244)   StringTable Weak               Min: 0.00, Avg: 0.10, Max: 0.14, Diff: 0.14, Sum: 0.41, Workers: 4
[6154.109s][debug][gc,phases      ] GC(244)     Dead                           Min: 0, Avg:  0.0, Max: 0, Diff: 0, Sum: 0, Workers: 4
[6154.109s][debug][gc,phases      ] GC(244)     Total                          Min: 0, Avg: 12836.0, Max: 21952, Diff: 21952, Sum: 51344, Workers: 4
[6154.109s][debug][gc,phases      ] GC(244)   ResolvedMethodTable Weak       Min: 0.00, Avg: 0.03, Max: 0.04, Diff: 0.04, Sum: 0.13, Workers: 4
[6154.109s][debug][gc,phases      ] GC(244)     Dead                           Min: 0, Avg:  5.0, Max: 20, Diff: 20, Sum: 20, Workers: 4
[6154.109s][debug][gc,phases      ] GC(244)     Total                          Min: 0, Avg: 4352.5, Max: 7495, Diff: 7495, Sum: 17410, Workers: 4
[6154.109s][debug][gc,phases      ] GC(244)   JNI Weak                       Min: 0.00, Avg: 0.00, Max: 0.00, Diff: 0.00, Sum: 0.00, Workers: 4
[6154.109s][debug][gc,phases      ] GC(244)     Dead                           Min: 0, Avg:  0.0, Max: 0, Diff: 0, Sum: 0, Workers: 4
[6154.109s][debug][gc,phases      ] GC(244)     Total                          Min: 0, Avg: 13.0, Max: 48, Diff: 48, Sum: 52, Workers: 4
[6154.109s][debug][gc,phases      ] GC(244)   StringDedup Table Weak         Min: 0.00, Avg: 0.00, Max: 0.00, Diff: 0.00, Sum: 0.00, Workers: 4
[6154.109s][debug][gc,phases      ] GC(244)     Dead                           Min: 0, Avg:  0.0, Max: 0, Diff: 0, Sum: 0, Workers: 4
[6154.109s][debug][gc,phases      ] GC(244)     Total                          Min: 0, Avg:  0.0, Max: 0, Diff: 0, Sum: 0, Workers: 4
[6154.109s][debug][gc,phases      ] GC(244)   StringDedup Requests0 Weak     Min: 0.00, Avg: 0.00, Max: 0.00, Diff: 0.00, Sum: 0.00, Workers: 4
[6154.109s][debug][gc,phases      ] GC(244)     Dead                           Min: 0, Avg:  0.0, Max: 0, Diff: 0, Sum: 0, Workers: 4
[6154.109s][debug][gc,phases      ] GC(244)     Total                          Min: 0, Avg:  0.0, Max: 0, Diff: 0, Sum: 0, Workers: 4
[6154.109s][debug][gc,phases      ] GC(244)   StringDedup Requests1 Weak     Min: 0.00, Avg: 0.00, Max: 0.00, Diff: 0.00, Sum: 0.00, Workers: 4
[6154.109s][debug][gc,phases      ] GC(244)     Dead                           Min: 0, Avg:  0.0, Max: 0, Diff: 0, Sum: 0, Workers: 4
[6154.109s][debug][gc,phases      ] GC(244)     Total                          Min: 0, Avg:  0.0, Max: 0, Diff: 0, Sum: 0, Workers: 4
[6154.109s][debug][gc,phases      ] GC(244)   Weak JFR Old Object Samples    Min: 0.00, Avg: 0.00, Max: 0.00, Diff: 0.00, Sum: 0.00, Workers: 4
[6154.109s][debug][gc,phases      ] GC(244)     Dead                           Min: 0, Avg:  0.0, Max: 0, Diff: 0, Sum: 0, Workers: 4
[6154.109s][debug][gc,phases      ] GC(244)     Total                          Min: 0, Avg:  0.0, Max: 0, Diff: 0, Sum: 0, Workers: 4
[6154.109s][debug][gc,phases      ] GC(244) Weak Processing 0.357ms
[6154.109s][debug][gc,age         ] GC(244) Desired survivor size 15204352 bytes, new threshold 1 (max threshold 15)
[6154.109s][info ][gc,heap        ] GC(244) PSYoungGen: 2069344K(2081792K)->4704K(2080768K) Eden: 2065408K(2065408K)->0K(2065408K) From: 3936K(16384K)->4704K(15360K)
[6154.109s][info ][gc,heap        ] GC(244) ParOldGen: 1732502K(1732608K)->1733438K(1733632K)
[6154.109s][info ][gc,metaspace   ] GC(244) Metaspace: 113035K(114304K)->113035K(114304K) NonClass: 96640K(97344K)->96640K(97344K) Class: 16395K(16960K)->16395K(16960K)
[6154.109s][info ][gc             ] GC(244) Pause Young (Allocation Failure) 3712M->1697M(3725M) 5.024ms
[6154.109s][info ][gc,cpu         ] GC(244) User=0.02s Sys=0.00s Real=0.01s
[6154.109s][info ][safepoint      ] Safepoint "ParallelCollectForAllocation", Time since last: 21651171662 ns, Reaching safepoint: 99100 ns, At safepoint: 5090676 ns, Leaving safepoint: 7500 ns, Total: 5197276 ns, Threads: 1 runnable, 34 total
[6174.443s][info ][gc,start       ] GC(245) Pause Young (Allocation Failure)
[6174.451s][debug][gc,phases      ] GC(245) Scavenge 8.050ms
[6174.451s][debug][gc,ref         ] GC(245) ReferenceProcessor::execute queues: 1, RefProcThreadModel::Single, marks_oops_alive: false
[6174.451s][debug][gc,ref         ] GC(245) Skipped KeepAliveFinalRefsPhase of Reference Processing: no references
[6174.451s][debug][gc,ref         ] GC(245) Skipped PhantomRefsPhase of Reference Processing: no references
[6174.451s][debug][gc,phases      ] GC(245) Reference Processing 0.118ms
[6174.452s][debug][gc,phases      ] GC(245)   VM Weak                        Min: 0.00, Avg: 0.00, Max: 0.01, Diff: 0.01, Sum: 0.01, Workers: 4
[6174.452s][debug][gc,phases      ] GC(245)     Dead                           Min: 0, Avg:  0.0, Max: 0, Diff: 0, Sum: 0, Workers: 4
[6174.452s][debug][gc,phases      ] GC(245)     Total                          Min: 0, Avg: 240.5, Max: 770, Diff: 770, Sum: 962, Workers: 4
[6174.452s][debug][gc,phases      ] GC(245)   ObjectSynchronizer Weak        Min: 0.00, Avg: 0.00, Max: 0.00, Diff: 0.00, Sum: 0.00, Workers: 4
[6174.452s][debug][gc,phases      ] GC(245)     Dead                           Min: 0, Avg:  0.0, Max: 0, Diff: 0, Sum: 0, Workers: 4
[6174.452s][debug][gc,phases      ] GC(245)     Total                          Min: 0, Avg:  1.5, Max: 6, Diff: 6, Sum: 6, Workers: 4
[6174.452s][debug][gc,phases      ] GC(245)   JVMTI Tag Weak OopStorage      Min: 0.00, Avg: 0.00, Max: 0.00, Diff: 0.00, Sum: 0.00, Workers: 4
[6174.452s][debug][gc,phases      ] GC(245)     Dead                           Min: 0, Avg:  0.0, Max: 0, Diff: 0, Sum: 0, Workers: 4
[6174.452s][debug][gc,phases      ] GC(245)     Total                          Min: 0, Avg:  0.0, Max: 0, Diff: 0, Sum: 0, Workers: 4
[6174.452s][debug][gc,phases      ] GC(245)   StringTable Weak               Min: 0.00, Avg: 0.11, Max: 0.22, Diff: 0.22, Sum: 0.43, Workers: 4
[6174.452s][debug][gc,phases      ] GC(245)     Dead                           Min: 0, Avg:  0.0, Max: 0, Diff: 0, Sum: 0, Workers: 4
[6174.452s][debug][gc,phases      ] GC(245)     Total                          Min: 0, Avg: 12836.2, Max: 26112, Diff: 26112, Sum: 51345, Workers: 4
[6174.452s][debug][gc,phases      ] GC(245)   ResolvedMethodTable Weak       Min: 0.00, Avg: 0.04, Max: 0.07, Diff: 0.07, Sum: 0.15, Workers: 4
[6174.452s][debug][gc,phases      ] GC(245)     Dead                           Min: 0, Avg:  5.0, Max: 20, Diff: 20, Sum: 20, Workers: 4
[6174.452s][debug][gc,phases      ] GC(245)     Total                          Min: 0, Avg: 4352.5, Max: 8817, Diff: 8817, Sum: 17410, Workers: 4
[6174.452s][debug][gc,phases      ] GC(245)   JNI Weak                       Min: 0.00, Avg: 0.00, Max: 0.00, Diff: 0.00, Sum: 0.00, Workers: 4
[6174.452s][debug][gc,phases      ] GC(245)     Dead                           Min: 0, Avg:  0.0, Max: 0, Diff: 0, Sum: 0, Workers: 4
[6174.452s][debug][gc,phases      ] GC(245)     Total                          Min: 0, Avg: 13.0, Max: 52, Diff: 52, Sum: 52, Workers: 4
[6174.452s][debug][gc,phases      ] GC(245)   StringDedup Table Weak         Min: 0.00, Avg: 0.00, Max: 0.00, Diff: 0.00, Sum: 0.00, Workers: 4
[6174.452s][debug][gc,phases      ] GC(245)     Dead                           Min: 0, Avg:  0.0, Max: 0, Diff: 0, Sum: 0, Workers: 4
[6174.452s][debug][gc,phases      ] GC(245)     Total                          Min: 0, Avg:  0.0, Max: 0, Diff: 0, Sum: 0, Workers: 4
[6174.452s][debug][gc,phases      ] GC(245)   StringDedup Requests0 Weak     Min: 0.00, Avg: 0.00, Max: 0.00, Diff: 0.00, Sum: 0.00, Workers: 4
[6174.452s][debug][gc,phases      ] GC(245)     Dead                           Min: 0, Avg:  0.0, Max: 0, Diff: 0, Sum: 0, Workers: 4
[6174.452s][debug][gc,phases      ] GC(245)     Total                          Min: 0, Avg:  0.0, Max: 0, Diff: 0, Sum: 0, Workers: 4
[6174.452s][debug][gc,phases      ] GC(245)   StringDedup Requests1 Weak     Min: 0.00, Avg: 0.00, Max: 0.00, Diff: 0.00, Sum: 0.00, Workers: 4
[6174.452s][debug][gc,phases      ] GC(245)     Dead                           Min: 0, Avg:  0.0, Max: 0, Diff: 0, Sum: 0, Workers: 4
[6174.452s][debug][gc,phases      ] GC(245)     Total                          Min: 0, Avg:  0.0, Max: 0, Diff: 0, Sum: 0, Workers: 4
[6174.452s][debug][gc,phases      ] GC(245)   Weak JFR Old Object Samples    Min: 0.00, Avg: 0.00, Max: 0.00, Diff: 0.00, Sum: 0.00, Workers: 4
[6174.452s][debug][gc,phases      ] GC(245)     Dead                           Min: 0, Avg:  0.0, Max: 0, Diff: 0, Sum: 0, Workers: 4
[6174.452s][debug][gc,phases      ] GC(245)     Total                          Min: 0, Avg:  0.0, Max: 0, Diff: 0, Sum: 0, Workers: 4
[6174.452s][debug][gc,phases      ] GC(245) Weak Processing 0.478ms
[6174.452s][debug][gc,age         ] GC(245) Desired survivor size 14155776 bytes, new threshold 1 (max threshold 15)
[6174.452s][info ][gc,heap        ] GC(245) PSYoungGen: 2070112K(2080768K)->4784K(2083328K) Eden: 2065408K(2065408K)->0K(2068480K) From: 4704K(15360K)->4784K(14848K)
[6174.452s][info ][gc,heap        ] GC(245) ParOldGen: 1733438K(1733632K)->1734955K(1735168K)
[6174.452s][info ][gc,metaspace   ] GC(245) Metaspace: 113036K(114304K)->113036K(114304K) NonClass: 96641K(97344K)->96641K(97344K) Class: 16395K(16960K)->16395K(16960K)
[6174.452s][info ][gc             ] GC(245) Pause Young (Allocation Failure) 3714M->1698M(3729M) 8.757ms
[6174.452s][info ][gc,cpu         ] GC(245) User=0.02s Sys=0.01s Real=0.01s
[6174.452s][info ][safepoint      ] Safepoint "ParallelCollectForAllocation", Time since last: 20334459111 ns, Reaching safepoint: 78500 ns, At safepoint: 8816958 ns, Leaving safepoint: 10500 ns, Total: 8905958 ns, Threads: 1 runnable, 35 total
[6194.392s][info ][gc,start       ] GC(246) Pause Young (Allocation Failure)
[6194.399s][debug][gc,phases      ] GC(246) Scavenge 6.407ms
[6194.399s][debug][gc,ref         ] GC(246) ReferenceProcessor::execute queues: 1, RefProcThreadModel::Single, marks_oops_alive: false
[6194.399s][debug][gc,ref         ] GC(246) Skipped KeepAliveFinalRefsPhase of Reference Processing: no references
[6194.399s][debug][gc,ref         ] GC(246) Skipped PhantomRefsPhase of Reference Processing: no references
[6194.399s][debug][gc,phases      ] GC(246) Reference Processing 0.095ms
[6194.399s][debug][gc,phases      ] GC(246)   VM Weak                        Min: 0.00, Avg: 0.00, Max: 0.01, Diff: 0.01, Sum: 0.01, Workers: 4
[6194.399s][debug][gc,phases      ] GC(246)     Dead                           Min: 0, Avg:  0.0, Max: 0, Diff: 0, Sum: 0, Workers: 4
[6194.399s][debug][gc,phases      ] GC(246)     Total                          Min: 0, Avg: 240.5, Max: 512, Diff: 512, Sum: 962, Workers: 4
[6194.399s][debug][gc,phases      ] GC(246)   ObjectSynchronizer Weak        Min: 0.00, Avg: 0.00, Max: 0.00, Diff: 0.00, Sum: 0.00, Workers: 4
[6194.399s][debug][gc,phases      ] GC(246)     Dead                           Min: 0, Avg:  0.0, Max: 0, Diff: 0, Sum: 0, Workers: 4
[6194.399s][debug][gc,phases      ] GC(246)     Total                          Min: 0, Avg:  1.5, Max: 6, Diff: 6, Sum: 6, Workers: 4
[6194.399s][debug][gc,phases      ] GC(246)   JVMTI Tag Weak OopStorage      Min: 0.00, Avg: 0.00, Max: 0.00, Diff: 0.00, Sum: 0.00, Workers: 4
[6194.399s][debug][gc,phases      ] GC(246)     Dead                           Min: 0, Avg:  0.0, Max: 0, Diff: 0, Sum: 0, Workers: 4
[6194.399s][debug][gc,phases      ] GC(246)     Total                          Min: 0, Avg:  0.0, Max: 0, Diff: 0, Sum: 0, Workers: 4
[6194.399s][debug][gc,phases      ] GC(246)   StringTable Weak               Min: 0.00, Avg: 0.12, Max: 0.16, Diff: 0.16, Sum: 0.47, Workers: 4
[6194.399s][debug][gc,phases      ] GC(246)     Dead                           Min: 0, Avg:  0.0, Max: 0, Diff: 0, Sum: 0, Workers: 4
[6194.399s][debug][gc,phases      ] GC(246)     Total                          Min: 0, Avg: 12837.0, Max: 17344, Diff: 17344, Sum: 51348, Workers: 4
[6194.399s][debug][gc,phases      ] GC(246)   ResolvedMethodTable Weak       Min: 0.00, Avg: 0.04, Max: 0.05, Diff: 0.05, Sum: 0.15, Workers: 4
[6194.399s][debug][gc,phases      ] GC(246)     Dead                           Min: 0, Avg:  5.0, Max: 20, Diff: 20, Sum: 20, Workers: 4
[6194.399s][debug][gc,phases      ] GC(246)     Total                          Min: 0, Avg: 4352.5, Max: 5952, Diff: 5952, Sum: 17410, Workers: 4
[6194.399s][debug][gc,phases      ] GC(246)   JNI Weak                       Min: 0.00, Avg: 0.00, Max: 0.00, Diff: 0.00, Sum: 0.00, Workers: 4
[6194.399s][debug][gc,phases      ] GC(246)     Dead                           Min: 0, Avg:  0.0, Max: 0, Diff: 0, Sum: 0, Workers: 4
[6194.399s][debug][gc,phases      ] GC(246)     Total                          Min: 0, Avg: 13.0, Max: 48, Diff: 48, Sum: 52, Workers: 4
[6194.399s][debug][gc,phases      ] GC(246)   StringDedup Table Weak         Min: 0.00, Avg: 0.00, Max: 0.00, Diff: 0.00, Sum: 0.00, Workers: 4
[6194.399s][debug][gc,phases      ] GC(246)     Dead                           Min: 0, Avg:  0.0, Max: 0, Diff: 0, Sum: 0, Workers: 4
[6194.399s][debug][gc,phases      ] GC(246)     Total                          Min: 0, Avg:  0.0, Max: 0, Diff: 0, Sum: 0, Workers: 4
[6194.399s][debug][gc,phases      ] GC(246)   StringDedup Requests0 Weak     Min: 0.00, Avg: 0.00, Max: 0.00, Diff: 0.00, Sum: 0.00, Workers: 4
[6194.399s][debug][gc,phases      ] GC(246)     Dead                           Min: 0, Avg:  0.0, Max: 0, Diff: 0, Sum: 0, Workers: 4
[6194.399s][debug][gc,phases      ] GC(246)     Total                          Min: 0, Avg:  0.0, Max: 0, Diff: 0, Sum: 0, Workers: 4
[6194.399s][debug][gc,phases      ] GC(246)   StringDedup Requests1 Weak     Min: 0.00, Avg: 0.00, Max: 0.00, Diff: 0.00, Sum: 0.00, Workers: 4
[6194.399s][debug][gc,phases      ] GC(246)     Dead                           Min: 0, Avg:  0.0, Max: 0, Diff: 0, Sum: 0, Workers: 4
[6194.399s][debug][gc,phases      ] GC(246)     Total                          Min: 0, Avg:  0.0, Max: 0, Diff: 0, Sum: 0, Workers: 4
[6194.399s][debug][gc,phases      ] GC(246)   Weak JFR Old Object Samples    Min: 0.00, Avg: 0.00, Max: 0.00, Diff: 0.00, Sum: 0.00, Workers: 4
[6194.399s][debug][gc,phases      ] GC(246)     Dead                           Min: 0, Avg:  0.0, Max: 0, Diff: 0, Sum: 0, Workers: 4
[6194.399s][debug][gc,phases      ] GC(246)     Total                          Min: 0, Avg:  0.0, Max: 0, Diff: 0, Sum: 0, Workers: 4
[6194.399s][debug][gc,phases      ] GC(246) Weak Processing 0.400ms
[6194.399s][debug][gc,age         ] GC(246) Desired survivor size 13631488 bytes, new threshold 1 (max threshold 15)
[6194.399s][info ][gc,heap        ] GC(246) PSYoungGen: 2073264K(2083328K)->4512K(2082304K) Eden: 2068480K(2068480K)->0K(2068480K) From: 4784K(14848K)->4512K(13824K)
[6194.399s][info ][gc,heap        ] GC(246) ParOldGen: 1734955K(1735168K)->1736283K(1736704K)
[6194.399s][info ][gc,metaspace   ] GC(246) Metaspace: 113077K(114368K)->113077K(114368K) NonClass: 96681K(97408K)->96681K(97408K) Class: 16395K(16960K)->16395K(16960K)
[6194.399s][info ][gc             ] GC(246) Pause Young (Allocation Failure) 3718M->1699M(3729M) 7.014ms
[6194.399s][info ][gc,cpu         ] GC(246) User=0.02s Sys=0.00s Real=0.01s
[6194.399s][info ][safepoint      ] Safepoint "ParallelCollectForAllocation", Time since last: 19940222182 ns, Reaching safepoint: 46900 ns, At safepoint: 7087766 ns, Leaving safepoint: 17400 ns, Total: 7152066 ns, Threads: 1 runnable, 35 total
[6213.594s][info ][gc,start       ] GC(247) Pause Young (Allocation Failure)
[6213.602s][debug][gc,phases      ] GC(247) Scavenge 8.012ms
[6213.602s][debug][gc,ref         ] GC(247) Skipped SoftWeakFinalRefsPhase of Reference Processing: no references
[6213.602s][debug][gc,ref         ] GC(247) Skipped KeepAliveFinalRefsPhase of Reference Processing: no references
[6213.602s][debug][gc,ref         ] GC(247) Skipped PhantomRefsPhase of Reference Processing: no references
[6213.602s][debug][gc,phases      ] GC(247) Reference Processing 0.019ms
[6213.602s][debug][gc,phases      ] GC(247)   VM Weak                        Min: 0.00, Avg: 0.00, Max: 0.01, Diff: 0.01, Sum: 0.01, Workers: 4
[6213.602s][debug][gc,phases      ] GC(247)     Dead                           Min: 0, Avg:  0.0, Max: 0, Diff: 0, Sum: 0, Workers: 4
[6213.602s][debug][gc,phases      ] GC(247)     Total                          Min: 0, Avg: 240.5, Max: 514, Diff: 514, Sum: 962, Workers: 4
[6213.602s][debug][gc,phases      ] GC(247)   ObjectSynchronizer Weak        Min: 0.00, Avg: 0.00, Max: 0.00, Diff: 0.00, Sum: 0.00, Workers: 4
[6213.602s][debug][gc,phases      ] GC(247)     Dead                           Min: 0, Avg:  0.0, Max: 0, Diff: 0, Sum: 0, Workers: 4
[6213.602s][debug][gc,phases      ] GC(247)     Total                          Min: 0, Avg:  1.5, Max: 6, Diff: 6, Sum: 6, Workers: 4
[6213.602s][debug][gc,phases      ] GC(247)   JVMTI Tag Weak OopStorage      Min: 0.00, Avg: 0.00, Max: 0.00, Diff: 0.00, Sum: 0.00, Workers: 4
[6213.602s][debug][gc,phases      ] GC(247)     Dead                           Min: 0, Avg:  0.0, Max: 0, Diff: 0, Sum: 0, Workers: 4
[6213.602s][debug][gc,phases      ] GC(247)     Total                          Min: 0, Avg:  0.0, Max: 0, Diff: 0, Sum: 0, Workers: 4
[6213.602s][debug][gc,phases      ] GC(247)   StringTable Weak               Min: 0.00, Avg: 0.13, Max: 0.17, Diff: 0.17, Sum: 0.51, Workers: 4
[6213.602s][debug][gc,phases      ] GC(247)     Dead                           Min: 0, Avg:  0.0, Max: 0, Diff: 0, Sum: 0, Workers: 4
[6213.602s][debug][gc,phases      ] GC(247)     Total                          Min: 0, Avg: 12837.2, Max: 19584, Diff: 19584, Sum: 51349, Workers: 4
[6213.602s][debug][gc,phases      ] GC(247)   ResolvedMethodTable Weak       Min: 0.00, Avg: 0.04, Max: 0.05, Diff: 0.05, Sum: 0.15, Workers: 4
[6213.602s][debug][gc,phases      ] GC(247)     Dead                           Min: 0, Avg:  5.0, Max: 20, Diff: 20, Sum: 20, Workers: 4
[6213.602s][debug][gc,phases      ] GC(247)     Total                          Min: 0, Avg: 4352.5, Max: 6098, Diff: 6098, Sum: 17410, Workers: 4
[6213.602s][debug][gc,phases      ] GC(247)   JNI Weak                       Min: 0.00, Avg: 0.00, Max: 0.00, Diff: 0.00, Sum: 0.00, Workers: 4
[6213.602s][debug][gc,phases      ] GC(247)     Dead                           Min: 0, Avg:  0.0, Max: 0, Diff: 0, Sum: 0, Workers: 4
[6213.602s][debug][gc,phases      ] GC(247)     Total                          Min: 0, Avg: 13.0, Max: 48, Diff: 48, Sum: 52, Workers: 4
[6213.602s][debug][gc,phases      ] GC(247)   StringDedup Table Weak         Min: 0.00, Avg: 0.00, Max: 0.00, Diff: 0.00, Sum: 0.00, Workers: 4
[6213.602s][debug][gc,phases      ] GC(247)     Dead                           Min: 0, Avg:  0.0, Max: 0, Diff: 0, Sum: 0, Workers: 4
[6213.602s][debug][gc,phases      ] GC(247)     Total                          Min: 0, Avg:  0.0, Max: 0, Diff: 0, Sum: 0, Workers: 4
[6213.602s][debug][gc,phases      ] GC(247)   StringDedup Requests0 Weak     Min: 0.00, Avg: 0.00, Max: 0.00, Diff: 0.00, Sum: 0.00, Workers: 4
[6213.602s][debug][gc,phases      ] GC(247)     Dead                           Min: 0, Avg:  0.0, Max: 0, Diff: 0, Sum: 0, Workers: 4
[6213.602s][debug][gc,phases      ] GC(247)     Total                          Min: 0, Avg:  0.0, Max: 0, Diff: 0, Sum: 0, Workers: 4
[6213.602s][debug][gc,phases      ] GC(247)   StringDedup Requests1 Weak     Min: 0.00, Avg: 0.00, Max: 0.00, Diff: 0.00, Sum: 0.00, Workers: 4
[6213.602s][debug][gc,phases      ] GC(247)     Dead                           Min: 0, Avg:  0.0, Max: 0, Diff: 0, Sum: 0, Workers: 4
[6213.602s][debug][gc,phases      ] GC(247)     Total                          Min: 0, Avg:  0.0, Max: 0, Diff: 0, Sum: 0, Workers: 4
[6213.602s][debug][gc,phases      ] GC(247)   Weak JFR Old Object Samples    Min: 0.00, Avg: 0.00, Max: 0.00, Diff: 0.00, Sum: 0.00, Workers: 4
[6213.602s][debug][gc,phases      ] GC(247)     Dead                           Min: 0, Avg:  0.0, Max: 0, Diff: 0, Sum: 0, Workers: 4
[6213.602s][debug][gc,phases      ] GC(247)     Total                          Min: 0, Avg:  0.0, Max: 0, Diff: 0, Sum: 0, Workers: 4
[6213.602s][debug][gc,phases      ] GC(247) Weak Processing 0.409ms
[6213.602s][debug][gc,age         ] GC(247) Desired survivor size 12582912 bytes, new threshold 1 (max threshold 15)
[6213.602s][info ][gc,heap        ] GC(247) PSYoungGen: 2072992K(2082304K)->5200K(2084864K) Eden: 2068480K(2068480K)->0K(2071552K) From: 4512K(13824K)->5200K(13312K)
[6213.602s][info ][gc,heap        ] GC(247) ParOldGen: 1736283K(1736704K)->1737627K(1737728K)
[6213.602s][info ][gc,metaspace   ] GC(247) Metaspace: 113079K(114368K)->113079K(114368K) NonClass: 96684K(97408K)->96684K(97408K) Class: 16395K(16960K)->16395K(16960K)
[6213.602s][info ][gc             ] GC(247) Pause Young (Allocation Failure) 3719M->1701M(3733M) 8.548ms
[6213.602s][info ][gc,cpu         ] GC(247) User=0.03s Sys=0.01s Real=0.01s
[6213.602s][info ][safepoint      ] Safepoint "ParallelCollectForAllocation", Time since last: 19194000303 ns, Reaching safepoint: 77800 ns, At safepoint: 8611659 ns, Leaving safepoint: 13800 ns, Total: 8703259 ns, Threads: 2 runnable, 35 total
[6232.664s][info ][gc,start       ] GC(248) Pause Young (Allocation Failure)
[6232.672s][debug][gc,phases      ] GC(248) Scavenge 8.143ms
[6232.672s][debug][gc,ref         ] GC(248) ReferenceProcessor::execute queues: 1, RefProcThreadModel::Single, marks_oops_alive: false
[6232.672s][debug][gc,ref         ] GC(248) Skipped KeepAliveFinalRefsPhase of Reference Processing: no references
[6232.672s][debug][gc,ref         ] GC(248) Skipped PhantomRefsPhase of Reference Processing: no references
[6232.672s][debug][gc,phases      ] GC(248) Reference Processing 0.096ms
[6232.672s][debug][gc,phases      ] GC(248)   VM Weak                        Min: 0.00, Avg: 0.00, Max: 0.01, Diff: 0.01, Sum: 0.01, Workers: 4
[6232.672s][debug][gc,phases      ] GC(248)     Dead                           Min: 0, Avg:  0.0, Max: 0, Diff: 0, Sum: 0, Workers: 4
[6232.672s][debug][gc,phases      ] GC(248)     Total                          Min: 0, Avg: 240.5, Max: 704, Diff: 704, Sum: 962, Workers: 4
[6232.672s][debug][gc,phases      ] GC(248)   ObjectSynchronizer Weak        Min: 0.00, Avg: 0.00, Max: 0.00, Diff: 0.00, Sum: 0.00, Workers: 4
[6232.672s][debug][gc,phases      ] GC(248)     Dead                           Min: 0, Avg:  0.0, Max: 0, Diff: 0, Sum: 0, Workers: 4
[6232.672s][debug][gc,phases      ] GC(248)     Total                          Min: 0, Avg:  1.5, Max: 6, Diff: 6, Sum: 6, Workers: 4
[6232.672s][debug][gc,phases      ] GC(248)   JVMTI Tag Weak OopStorage      Min: 0.00, Avg: 0.00, Max: 0.00, Diff: 0.00, Sum: 0.00, Workers: 4
[6232.672s][debug][gc,phases      ] GC(248)     Dead                           Min: 0, Avg:  0.0, Max: 0, Diff: 0, Sum: 0, Workers: 4
[6232.672s][debug][gc,phases      ] GC(248)     Total                          Min: 0, Avg:  0.0, Max: 0, Diff: 0, Sum: 0, Workers: 4
[6232.672s][debug][gc,phases      ] GC(248)   StringTable Weak               Min: 0.00, Avg: 0.09, Max: 0.12, Diff: 0.12, Sum: 0.37, Workers: 4
[6232.672s][debug][gc,phases      ] GC(248)     Dead                           Min: 0, Avg:  0.5, Max: 2, Diff: 2, Sum: 2, Workers: 4
[6232.672s][debug][gc,phases      ] GC(248)     Total                          Min: 0, Avg: 12839.2, Max: 22559, Diff: 22559, Sum: 51357, Workers: 4
[6232.672s][debug][gc,phases      ] GC(248)   ResolvedMethodTable Weak       Min: 0.00, Avg: 0.05, Max: 0.06, Diff: 0.06, Sum: 0.19, Workers: 4
[6232.672s][debug][gc,phases      ] GC(248)     Dead                           Min: 0, Avg:  4.8, Max: 19, Diff: 19, Sum: 19, Workers: 4
[6232.672s][debug][gc,phases      ] GC(248)     Total                          Min: 0, Avg: 4357.8, Max: 6377, Diff: 6377, Sum: 17431, Workers: 4
[6232.672s][debug][gc,phases      ] GC(248)   JNI Weak                       Min: 0.00, Avg: 0.00, Max: 0.00, Diff: 0.00, Sum: 0.00, Workers: 4
[6232.672s][debug][gc,phases      ] GC(248)     Dead                           Min: 0, Avg:  0.0, Max: 0, Diff: 0, Sum: 0, Workers: 4
[6232.672s][debug][gc,phases      ] GC(248)     Total                          Min: 0, Avg: 13.0, Max: 48, Diff: 48, Sum: 52, Workers: 4
[6232.672s][debug][gc,phases      ] GC(248)   StringDedup Table Weak         Min: 0.00, Avg: 0.00, Max: 0.00, Diff: 0.00, Sum: 0.00, Workers: 4
[6232.672s][debug][gc,phases      ] GC(248)     Dead                           Min: 0, Avg:  0.0, Max: 0, Diff: 0, Sum: 0, Workers: 4
[6232.672s][debug][gc,phases      ] GC(248)     Total                          Min: 0, Avg:  0.0, Max: 0, Diff: 0, Sum: 0, Workers: 4
[6232.672s][debug][gc,phases      ] GC(248)   StringDedup Requests0 Weak     Min: 0.00, Avg: 0.00, Max: 0.00, Diff: 0.00, Sum: 0.00, Workers: 4
[6232.672s][debug][gc,phases      ] GC(248)     Dead                           Min: 0, Avg:  0.0, Max: 0, Diff: 0, Sum: 0, Workers: 4
[6232.672s][debug][gc,phases      ] GC(248)     Total                          Min: 0, Avg:  0.0, Max: 0, Diff: 0, Sum: 0, Workers: 4
[6232.672s][debug][gc,phases      ] GC(248)   StringDedup Requests1 Weak     Min: 0.00, Avg: 0.00, Max: 0.00, Diff: 0.00, Sum: 0.00, Workers: 4
[6232.672s][debug][gc,phases      ] GC(248)     Dead                           Min: 0, Avg:  0.0, Max: 0, Diff: 0, Sum: 0, Workers: 4
[6232.672s][debug][gc,phases      ] GC(248)     Total                          Min: 0, Avg:  0.0, Max: 0, Diff: 0, Sum: 0, Workers: 4
[6232.672s][debug][gc,phases      ] GC(248)   Weak JFR Old Object Samples    Min: 0.00, Avg: 0.00, Max: 0.00, Diff: 0.00, Sum: 0.00, Workers: 4
[6232.672s][debug][gc,phases      ] GC(248)     Dead                           Min: 0, Avg:  0.0, Max: 0, Diff: 0, Sum: 0, Workers: 4
[6232.672s][debug][gc,phases      ] GC(248)     Total                          Min: 0, Avg:  0.0, Max: 0, Diff: 0, Sum: 0, Workers: 4
[6232.672s][debug][gc,phases      ] GC(248) Weak Processing 0.374ms
[6232.673s][debug][gc,age         ] GC(248) Desired survivor size 13631488 bytes, new threshold 1 (max threshold 15)
[6232.673s][info ][gc,heap        ] GC(248) PSYoungGen: 2076752K(2084864K)->8996K(2083840K) Eden: 2071552K(2071552K)->0K(2071552K) From: 5200K(13312K)->8996K(12288K)
[6232.673s][info ][gc,heap        ] GC(248) ParOldGen: 1737627K(1737728K)->1738863K(1739264K)
[6232.673s][info ][gc,metaspace   ] GC(248) Metaspace: 113106K(114368K)->113106K(114368K) NonClass: 96707K(97408K)->96707K(97408K) Class: 16399K(16960K)->16399K(16960K)
[6232.673s][info ][gc             ] GC(248) Pause Young (Allocation Failure) 3724M->1706M(3733M) 8.723ms
[6232.673s][info ][gc,cpu         ] GC(248) User=0.03s Sys=0.00s Real=0.01s
[6232.673s][info ][safepoint      ] Safepoint "ParallelCollectForAllocation", Time since last: 19061581341 ns, Reaching safepoint: 79499 ns, At safepoint: 8782258 ns, Leaving safepoint: 16900 ns, Total: 8878657 ns, Threads: 2 runnable, 35 total
[6252.843s][info ][gc,start       ] GC(249) Pause Young (Allocation Failure)
[6252.853s][debug][gc,phases      ] GC(249) Scavenge 9.673ms
[6252.853s][debug][gc,ref         ] GC(249) ReferenceProcessor::execute queues: 1, RefProcThreadModel::Single, marks_oops_alive: false
[6252.853s][debug][gc,ref         ] GC(249) Skipped KeepAliveFinalRefsPhase of Reference Processing: no references
[6252.853s][debug][gc,ref         ] GC(249) Skipped PhantomRefsPhase of Reference Processing: no references
[6252.853s][debug][gc,phases      ] GC(249) Reference Processing 0.123ms
[6252.853s][debug][gc,phases      ] GC(249)   VM Weak                        Min: 0.00, Avg: 0.00, Max: 0.01, Diff: 0.01, Sum: 0.01, Workers: 4
[6252.853s][debug][gc,phases      ] GC(249)     Dead                           Min: 0, Avg:  0.0, Max: 0, Diff: 0, Sum: 0, Workers: 4
[6252.853s][debug][gc,phases      ] GC(249)     Total                          Min: 0, Avg: 240.5, Max: 898, Diff: 898, Sum: 962, Workers: 4
[6252.853s][debug][gc,phases      ] GC(249)   ObjectSynchronizer Weak        Min: 0.00, Avg: 0.00, Max: 0.00, Diff: 0.00, Sum: 0.00, Workers: 4
[6252.853s][debug][gc,phases      ] GC(249)     Dead                           Min: 0, Avg:  0.0, Max: 0, Diff: 0, Sum: 0, Workers: 4
[6252.853s][debug][gc,phases      ] GC(249)     Total                          Min: 0, Avg:  1.5, Max: 6, Diff: 6, Sum: 6, Workers: 4
[6252.853s][debug][gc,phases      ] GC(249)   JVMTI Tag Weak OopStorage      Min: 0.00, Avg: 0.00, Max: 0.00, Diff: 0.00, Sum: 0.00, Workers: 4
[6252.853s][debug][gc,phases      ] GC(249)     Dead                           Min: 0, Avg:  0.0, Max: 0, Diff: 0, Sum: 0, Workers: 4
[6252.853s][debug][gc,phases      ] GC(249)     Total                          Min: 0, Avg:  0.0, Max: 0, Diff: 0, Sum: 0, Workers: 4
[6252.853s][debug][gc,phases      ] GC(249)   StringTable Weak               Min: 0.00, Avg: 0.11, Max: 0.15, Diff: 0.15, Sum: 0.44, Workers: 4
[6252.853s][debug][gc,phases      ] GC(249)     Dead                           Min: 0, Avg:  0.0, Max: 0, Diff: 0, Sum: 0, Workers: 4
[6252.853s][debug][gc,phases      ] GC(249)     Total                          Min: 0, Avg: 12839.2, Max: 17567, Diff: 17567, Sum: 51357, Workers: 4
[6252.853s][debug][gc,phases      ] GC(249)   ResolvedMethodTable Weak       Min: 0.00, Avg: 0.04, Max: 0.05, Diff: 0.05, Sum: 0.15, Workers: 4
[6252.853s][debug][gc,phases      ] GC(249)     Dead                           Min: 0, Avg:  5.0, Max: 20, Diff: 20, Sum: 20, Workers: 4
[6252.853s][debug][gc,phases      ] GC(249)     Total                          Min: 0, Avg: 4358.0, Max: 5948, Diff: 5948, Sum: 17432, Workers: 4
[6252.853s][debug][gc,phases      ] GC(249)   JNI Weak                       Min: 0.00, Avg: 0.00, Max: 0.00, Diff: 0.00, Sum: 0.00, Workers: 4
[6252.853s][debug][gc,phases      ] GC(249)     Dead                           Min: 0, Avg:  0.0, Max: 0, Diff: 0, Sum: 0, Workers: 4
[6252.853s][debug][gc,phases      ] GC(249)     Total                          Min: 0, Avg: 13.0, Max: 52, Diff: 52, Sum: 52, Workers: 4
[6252.853s][debug][gc,phases      ] GC(249)   StringDedup Table Weak         Min: 0.00, Avg: 0.00, Max: 0.00, Diff: 0.00, Sum: 0.00, Workers: 4
[6252.853s][debug][gc,phases      ] GC(249)     Dead                           Min: 0, Avg:  0.0, Max: 0, Diff: 0, Sum: 0, Workers: 4
[6252.853s][debug][gc,phases      ] GC(249)     Total                          Min: 0, Avg:  0.0, Max: 0, Diff: 0, Sum: 0, Workers: 4
[6252.853s][debug][gc,phases      ] GC(249)   StringDedup Requests0 Weak     Min: 0.00, Avg: 0.00, Max: 0.00, Diff: 0.00, Sum: 0.00, Workers: 4
[6252.853s][debug][gc,phases      ] GC(249)     Dead                           Min: 0, Avg:  0.0, Max: 0, Diff: 0, Sum: 0, Workers: 4
[6252.853s][debug][gc,phases      ] GC(249)     Total                          Min: 0, Avg:  0.0, Max: 0, Diff: 0, Sum: 0, Workers: 4
[6252.853s][debug][gc,phases      ] GC(249)   StringDedup Requests1 Weak     Min: 0.00, Avg: 0.00, Max: 0.00, Diff: 0.00, Sum: 0.00, Workers: 4
[6252.853s][debug][gc,phases      ] GC(249)     Dead                           Min: 0, Avg:  0.0, Max: 0, Diff: 0, Sum: 0, Workers: 4
[6252.853s][debug][gc,phases      ] GC(249)     Total                          Min: 0, Avg:  0.0, Max: 0, Diff: 0, Sum: 0, Workers: 4
[6252.853s][debug][gc,phases      ] GC(249)   Weak JFR Old Object Samples    Min: 0.00, Avg: 0.00, Max: 0.00, Diff: 0.00, Sum: 0.00, Workers: 4
[6252.853s][debug][gc,phases      ] GC(249)     Dead                           Min: 0, Avg:  0.0, Max: 0, Diff: 0, Sum: 0, Workers: 4
[6252.853s][debug][gc,phases      ] GC(249)     Total                          Min: 0, Avg:  0.0, Max: 0, Diff: 0, Sum: 0, Workers: 4
[6252.853s][debug][gc,phases      ] GC(249) Weak Processing 0.469ms
[6252.853s][debug][gc,age         ] GC(249) Desired survivor size 13107200 bytes, new threshold 1 (max threshold 15)
[6252.853s][info ][gc,heap        ] GC(249) PSYoungGen: 2080548K(2083840K)->4640K(2084352K) Eden: 2071552K(2071552K)->0K(2071040K) From: 8996K(12288K)->4640K(13312K)
[6252.853s][info ][gc,heap        ] GC(249) ParOldGen: 1738863K(1739264K)->1744168K(1744384K)
[6252.853s][info ][gc,metaspace   ] GC(249) Metaspace: 113106K(114368K)->113106K(114368K) NonClass: 96707K(97408K)->96707K(97408K) Class: 16399K(16960K)->16399K(16960K)
[6252.853s][info ][gc             ] GC(249) Pause Young (Allocation Failure) 3729M->1707M(3739M) 10.424ms
[6252.853s][info ][gc,cpu         ] GC(249) User=0.02s Sys=0.01s Real=0.01s
[6252.853s][info ][safepoint      ] Safepoint "ParallelCollectForAllocation", Time since last: 20170104269 ns, Reaching safepoint: 81400 ns, At safepoint: 10501649 ns, Leaving safepoint: 13800 ns, Total: 10596849 ns, Threads: 1 runnable, 35 total
[6272.695s][info ][gc,start       ] GC(250) Pause Young (Allocation Failure)
[6272.705s][debug][gc,phases      ] GC(250) Scavenge 10.138ms
[6272.705s][debug][gc,ref         ] GC(250) ReferenceProcessor::execute queues: 1, RefProcThreadModel::Single, marks_oops_alive: false
[6272.705s][debug][gc,ref         ] GC(250) Skipped KeepAliveFinalRefsPhase of Reference Processing: no references
[6272.705s][debug][gc,ref         ] GC(250) Skipped PhantomRefsPhase of Reference Processing: no references
[6272.705s][debug][gc,phases      ] GC(250) Reference Processing 0.091ms
[6272.705s][debug][gc,phases      ] GC(250)   VM Weak                        Min: 0.00, Avg: 0.00, Max: 0.00, Diff: 0.00, Sum: 0.01, Workers: 4
[6272.705s][debug][gc,phases      ] GC(250)     Dead                           Min: 0, Avg:  0.0, Max: 0, Diff: 0, Sum: 0, Workers: 4
[6272.705s][debug][gc,phases      ] GC(250)     Total                          Min: 0, Avg: 240.5, Max: 512, Diff: 512, Sum: 962, Workers: 4
[6272.705s][debug][gc,phases      ] GC(250)   ObjectSynchronizer Weak        Min: 0.00, Avg: 0.00, Max: 0.00, Diff: 0.00, Sum: 0.00, Workers: 4
[6272.705s][debug][gc,phases      ] GC(250)     Dead                           Min: 0, Avg:  0.0, Max: 0, Diff: 0, Sum: 0, Workers: 4
[6272.705s][debug][gc,phases      ] GC(250)     Total                          Min: 0, Avg:  1.8, Max: 7, Diff: 7, Sum: 7, Workers: 4
[6272.705s][debug][gc,phases      ] GC(250)   JVMTI Tag Weak OopStorage      Min: 0.00, Avg: 0.00, Max: 0.00, Diff: 0.00, Sum: 0.00, Workers: 4
[6272.705s][debug][gc,phases      ] GC(250)     Dead                           Min: 0, Avg:  0.0, Max: 0, Diff: 0, Sum: 0, Workers: 4
[6272.705s][debug][gc,phases      ] GC(250)     Total                          Min: 0, Avg:  0.0, Max: 0, Diff: 0, Sum: 0, Workers: 4
[6272.705s][debug][gc,phases      ] GC(250)   StringTable Weak               Min: 0.00, Avg: 0.09, Max: 0.13, Diff: 0.13, Sum: 0.38, Workers: 4
[6272.705s][debug][gc,phases      ] GC(250)     Dead                           Min: 0, Avg:  0.0, Max: 0, Diff: 0, Sum: 0, Workers: 4
[6272.705s][debug][gc,phases      ] GC(250)     Total                          Min: 0, Avg: 12839.2, Max: 21119, Diff: 21119, Sum: 51357, Workers: 4
[6272.705s][debug][gc,phases      ] GC(250)   ResolvedMethodTable Weak       Min: 0.00, Avg: 0.03, Max: 0.04, Diff: 0.04, Sum: 0.13, Workers: 4
[6272.705s][debug][gc,phases      ] GC(250)     Dead                           Min: 0, Avg:  5.0, Max: 20, Diff: 20, Sum: 20, Workers: 4
[6272.705s][debug][gc,phases      ] GC(250)     Total                          Min: 0, Avg: 4358.0, Max: 7537, Diff: 7537, Sum: 17432, Workers: 4
[6272.705s][debug][gc,phases      ] GC(250)   JNI Weak                       Min: 0.00, Avg: 0.00, Max: 0.00, Diff: 0.00, Sum: 0.00, Workers: 4
[6272.705s][debug][gc,phases      ] GC(250)     Dead                           Min: 0, Avg:  0.0, Max: 0, Diff: 0, Sum: 0, Workers: 4
[6272.705s][debug][gc,phases      ] GC(250)     Total                          Min: 0, Avg: 13.0, Max: 48, Diff: 48, Sum: 52, Workers: 4
[6272.705s][debug][gc,phases      ] GC(250)   StringDedup Table Weak         Min: 0.00, Avg: 0.00, Max: 0.00, Diff: 0.00, Sum: 0.00, Workers: 4
[6272.705s][debug][gc,phases      ] GC(250)     Dead                           Min: 0, Avg:  0.0, Max: 0, Diff: 0, Sum: 0, Workers: 4
[6272.705s][debug][gc,phases      ] GC(250)     Total                          Min: 0, Avg:  0.0, Max: 0, Diff: 0, Sum: 0, Workers: 4
[6272.705s][debug][gc,phases      ] GC(250)   StringDedup Requests0 Weak     Min: 0.00, Avg: 0.00, Max: 0.00, Diff: 0.00, Sum: 0.00, Workers: 4
[6272.705s][debug][gc,phases      ] GC(250)     Dead                           Min: 0, Avg:  0.0, Max: 0, Diff: 0, Sum: 0, Workers: 4
[6272.705s][debug][gc,phases      ] GC(250)     Total                          Min: 0, Avg:  0.0, Max: 0, Diff: 0, Sum: 0, Workers: 4
[6272.705s][debug][gc,phases      ] GC(250)   StringDedup Requests1 Weak     Min: 0.00, Avg: 0.00, Max: 0.00, Diff: 0.00, Sum: 0.00, Workers: 4
[6272.705s][debug][gc,phases      ] GC(250)     Dead                           Min: 0, Avg:  0.0, Max: 0, Diff: 0, Sum: 0, Workers: 4
[6272.705s][debug][gc,phases      ] GC(250)     Total                          Min: 0, Avg:  0.0, Max: 0, Diff: 0, Sum: 0, Workers: 4
[6272.705s][debug][gc,phases      ] GC(250)   Weak JFR Old Object Samples    Min: 0.00, Avg: 0.00, Max: 0.00, Diff: 0.00, Sum: 0.00, Workers: 4
[6272.705s][debug][gc,phases      ] GC(250)     Dead                           Min: 0, Avg:  0.0, Max: 0, Diff: 0, Sum: 0, Workers: 4
[6272.705s][debug][gc,phases      ] GC(250)     Total                          Min: 0, Avg:  0.0, Max: 0, Diff: 0, Sum: 0, Workers: 4
[6272.705s][debug][gc,phases      ] GC(250) Weak Processing 0.357ms
[6272.705s][debug][gc,age         ] GC(250) Desired survivor size 14680064 bytes, new threshold 1 (max threshold 15)
[6272.705s][info ][gc,heap        ] GC(250) PSYoungGen: 2075680K(2084352K)->12208K(2083328K) Eden: 2071040K(2071040K)->0K(2071040K) From: 4640K(13312K)->12208K(12288K)
[6272.705s][info ][gc,heap        ] GC(250) ParOldGen: 1744168K(1744384K)->1745436K(1745920K)
[6272.705s][info ][gc,metaspace   ] GC(250) Metaspace: 113107K(114368K)->113107K(114368K) NonClass: 96708K(97408K)->96708K(97408K) Class: 16399K(16960K)->16399K(16960K)
[6272.705s][info ][gc             ] GC(250) Pause Young (Allocation Failure) 3730M->1716M(3739M) 10.688ms
[6272.705s][info ][gc,cpu         ] GC(250) User=0.03s Sys=0.00s Real=0.01s
[6272.705s][info ][safepoint      ] Safepoint "ParallelCollectForAllocation", Time since last: 19841191718 ns, Reaching safepoint: 76000 ns, At safepoint: 10770649 ns, Leaving safepoint: 7100 ns, Total: 10853749 ns, Threads: 1 runnable, 36 total
[6285.048s][info ][gc,start       ] GC(251) Pause Young (Allocation Failure)
[6285.086s][debug][gc,phases      ] GC(251) Scavenge 37.493ms
[6285.086s][debug][gc,ref         ] GC(251) Skipped SoftWeakFinalRefsPhase of Reference Processing: no references
[6285.086s][debug][gc,ref         ] GC(251) Skipped KeepAliveFinalRefsPhase of Reference Processing: no references
[6285.086s][debug][gc,ref         ] GC(251) Skipped PhantomRefsPhase of Reference Processing: no references
[6285.086s][debug][gc,phases      ] GC(251) Reference Processing 0.019ms
[6285.086s][debug][gc,phases      ] GC(251)   VM Weak                        Min: 0.00, Avg: 0.00, Max: 0.01, Diff: 0.01, Sum: 0.01, Workers: 4
[6285.086s][debug][gc,phases      ] GC(251)     Dead                           Min: 0, Avg:  0.0, Max: 0, Diff: 0, Sum: 0, Workers: 4
[6285.086s][debug][gc,phases      ] GC(251)     Total                          Min: 0, Avg: 240.5, Max: 832, Diff: 832, Sum: 962, Workers: 4
[6285.086s][debug][gc,phases      ] GC(251)   ObjectSynchronizer Weak        Min: 0.00, Avg: 0.00, Max: 0.00, Diff: 0.00, Sum: 0.00, Workers: 4
[6285.086s][debug][gc,phases      ] GC(251)     Dead                           Min: 0, Avg:  0.0, Max: 0, Diff: 0, Sum: 0, Workers: 4
[6285.086s][debug][gc,phases      ] GC(251)     Total                          Min: 0, Avg:  1.8, Max: 7, Diff: 7, Sum: 7, Workers: 4
[6285.086s][debug][gc,phases      ] GC(251)   JVMTI Tag Weak OopStorage      Min: 0.00, Avg: 0.00, Max: 0.00, Diff: 0.00, Sum: 0.00, Workers: 4
[6285.086s][debug][gc,phases      ] GC(251)     Dead                           Min: 0, Avg:  0.0, Max: 0, Diff: 0, Sum: 0, Workers: 4
[6285.086s][debug][gc,phases      ] GC(251)     Total                          Min: 0, Avg:  0.0, Max: 0, Diff: 0, Sum: 0, Workers: 4
[6285.086s][debug][gc,phases      ] GC(251)   StringTable Weak               Min: 0.09, Avg: 0.14, Max: 0.19, Diff: 0.10, Sum: 0.58, Workers: 4
[6285.086s][debug][gc,phases      ] GC(251)     Dead                           Min: 0, Avg:  0.0, Max: 0, Diff: 0, Sum: 0, Workers: 4
[6285.086s][debug][gc,phases      ] GC(251)     Total                          Min: 640, Avg: 12839.2, Max: 17311, Diff: 16671, Sum: 51357, Workers: 4
[6285.086s][debug][gc,phases      ] GC(251)   ResolvedMethodTable Weak       Min: 0.00, Avg: 0.03, Max: 0.04, Diff: 0.04, Sum: 0.12, Workers: 4
[6285.086s][debug][gc,phases      ] GC(251)     Dead                           Min: 0, Avg:  0.0, Max: 0, Diff: 0, Sum: 0, Workers: 4
[6285.086s][debug][gc,phases      ] GC(251)     Total                          Min: 0, Avg: 4358.0, Max: 7278, Diff: 7278, Sum: 17432, Workers: 4
[6285.086s][debug][gc,phases      ] GC(251)   JNI Weak                       Min: 0.00, Avg: 0.00, Max: 0.00, Diff: 0.00, Sum: 0.00, Workers: 4
[6285.086s][debug][gc,phases      ] GC(251)     Dead                           Min: 0, Avg:  0.0, Max: 0, Diff: 0, Sum: 0, Workers: 4
[6285.086s][debug][gc,phases      ] GC(251)     Total                          Min: 0, Avg: 13.0, Max: 48, Diff: 48, Sum: 52, Workers: 4
[6285.086s][debug][gc,phases      ] GC(251)   StringDedup Table Weak         Min: 0.00, Avg: 0.00, Max: 0.00, Diff: 0.00, Sum: 0.00, Workers: 4
[6285.086s][debug][gc,phases      ] GC(251)     Dead                           Min: 0, Avg:  0.0, Max: 0, Diff: 0, Sum: 0, Workers: 4
[6285.086s][debug][gc,phases      ] GC(251)     Total                          Min: 0, Avg:  0.0, Max: 0, Diff: 0, Sum: 0, Workers: 4
[6285.086s][debug][gc,phases      ] GC(251)   StringDedup Requests0 Weak     Min: 0.00, Avg: 0.00, Max: 0.00, Diff: 0.00, Sum: 0.00, Workers: 4
[6285.086s][debug][gc,phases      ] GC(251)     Dead                           Min: 0, Avg:  0.0, Max: 0, Diff: 0, Sum: 0, Workers: 4
[6285.086s][debug][gc,phases      ] GC(251)     Total                          Min: 0, Avg:  0.0, Max: 0, Diff: 0, Sum: 0, Workers: 4
[6285.086s][debug][gc,phases      ] GC(251)   StringDedup Requests1 Weak     Min: 0.00, Avg: 0.00, Max: 0.00, Diff: 0.00, Sum: 0.00, Workers: 4
[6285.086s][debug][gc,phases      ] GC(251)     Dead                           Min: 0, Avg:  0.0, Max: 0, Diff: 0, Sum: 0, Workers: 4
[6285.086s][debug][gc,phases      ] GC(251)     Total                          Min: 0, Avg:  0.0, Max: 0, Diff: 0, Sum: 0, Workers: 4
[6285.086s][debug][gc,phases      ] GC(251)   Weak JFR Old Object Samples    Min: 0.00, Avg: 0.00, Max: 0.00, Diff: 0.00, Sum: 0.00, Workers: 4
[6285.086s][debug][gc,phases      ] GC(251)     Dead                           Min: 0, Avg:  0.0, Max: 0, Diff: 0, Sum: 0, Workers: 4
[6285.086s][debug][gc,phases      ] GC(251)     Total                          Min: 0, Avg:  0.0, Max: 0, Diff: 0, Sum: 0, Workers: 4
[6285.086s][debug][gc,phases      ] GC(251) Weak Processing 0.390ms
[6285.086s][debug][gc,age         ] GC(251) Desired survivor size 41418752 bytes, new threshold 1 (max threshold 15)
[6285.086s][info ][gc,heap        ] GC(251) PSYoungGen: 2083248K(2083328K)->13793K(2030080K) Eden: 2071040K(2071040K)->0K(2016256K) From: 12208K(12288K)->13793K(13824K)
[6285.086s][info ][gc,heap        ] GC(251) ParOldGen: 1745436K(1745920K)->1810463K(1810944K)
[6285.086s][info ][gc,metaspace   ] GC(251) Metaspace: 113112K(114368K)->113112K(114368K) NonClass: 96713K(97408K)->96713K(97408K) Class: 16399K(16960K)->16399K(16960K)
[6285.086s][info ][gc             ] GC(251) Pause Young (Allocation Failure) 3738M->1781M(3751M) 38.029ms
[6285.086s][info ][gc,cpu         ] GC(251) User=0.10s Sys=0.04s Real=0.04s
[6285.086s][info ][safepoint      ] Safepoint "ParallelCollectForAllocation", Time since last: 12342616394 ns, Reaching safepoint: 5500 ns, At safepoint: 38107919 ns, Leaving safepoint: 5000 ns, Total: 38118419 ns, Threads: 0 runnable, 37 total
[6309.541s][info ][gc,start       ] GC(252) Pause Young (Allocation Failure)
[6309.557s][debug][gc,phases      ] GC(252) Scavenge 16.261ms
[6309.557s][debug][gc,ref         ] GC(252) Skipped SoftWeakFinalRefsPhase of Reference Processing: no references
[6309.557s][debug][gc,ref         ] GC(252) Skipped KeepAliveFinalRefsPhase of Reference Processing: no references
[6309.557s][debug][gc,ref         ] GC(252) Skipped PhantomRefsPhase of Reference Processing: no references
[6309.557s][debug][gc,phases      ] GC(252) Reference Processing 0.022ms
[6309.557s][debug][gc,phases      ] GC(252)   VM Weak                        Min: 0.00, Avg: 0.00, Max: 0.01, Diff: 0.01, Sum: 0.01, Workers: 4
[6309.557s][debug][gc,phases      ] GC(252)     Dead                           Min: 0, Avg:  0.0, Max: 0, Diff: 0, Sum: 0, Workers: 4
[6309.557s][debug][gc,phases      ] GC(252)     Total                          Min: 0, Avg: 240.5, Max: 704, Diff: 704, Sum: 962, Workers: 4
[6309.557s][debug][gc,phases      ] GC(252)   ObjectSynchronizer Weak        Min: 0.00, Avg: 0.00, Max: 0.00, Diff: 0.00, Sum: 0.00, Workers: 4
[6309.557s][debug][gc,phases      ] GC(252)     Dead                           Min: 0, Avg:  0.0, Max: 0, Diff: 0, Sum: 0, Workers: 4
[6309.557s][debug][gc,phases      ] GC(252)     Total                          Min: 0, Avg:  1.2, Max: 5, Diff: 5, Sum: 5, Workers: 4
[6309.557s][debug][gc,phases      ] GC(252)   JVMTI Tag Weak OopStorage      Min: 0.00, Avg: 0.00, Max: 0.00, Diff: 0.00, Sum: 0.00, Workers: 4
[6309.557s][debug][gc,phases      ] GC(252)     Dead                           Min: 0, Avg:  0.0, Max: 0, Diff: 0, Sum: 0, Workers: 4
[6309.557s][debug][gc,phases      ] GC(252)     Total                          Min: 0, Avg:  0.0, Max: 0, Diff: 0, Sum: 0, Workers: 4
[6309.557s][debug][gc,phases      ] GC(252)   StringTable Weak               Min: 0.00, Avg: 0.09, Max: 0.13, Diff: 0.13, Sum: 0.38, Workers: 4
[6309.557s][debug][gc,phases      ] GC(252)     Dead                           Min: 0, Avg:  0.0, Max: 0, Diff: 0, Sum: 0, Workers: 4
[6309.557s][debug][gc,phases      ] GC(252)     Total                          Min: 0, Avg: 12839.2, Max: 21758, Diff: 21758, Sum: 51357, Workers: 4
[6309.557s][debug][gc,phases      ] GC(252)   ResolvedMethodTable Weak       Min: 0.02, Avg: 0.05, Max: 0.05, Diff: 0.03, Sum: 0.19, Workers: 4
[6309.557s][debug][gc,phases      ] GC(252)     Dead                           Min: 0, Avg:  5.0, Max: 20, Diff: 20, Sum: 20, Workers: 4
[6309.557s][debug][gc,phases      ] GC(252)     Total                          Min: 2752, Avg: 4358.0, Max: 5215, Diff: 2463, Sum: 17432, Workers: 4
[6309.557s][debug][gc,phases      ] GC(252)   JNI Weak                       Min: 0.00, Avg: 0.00, Max: 0.00, Diff: 0.00, Sum: 0.00, Workers: 4
[6309.557s][debug][gc,phases      ] GC(252)     Dead                           Min: 0, Avg:  0.0, Max: 0, Diff: 0, Sum: 0, Workers: 4
[6309.557s][debug][gc,phases      ] GC(252)     Total                          Min: 0, Avg: 13.0, Max: 48, Diff: 48, Sum: 52, Workers: 4
[6309.557s][debug][gc,phases      ] GC(252)   StringDedup Table Weak         Min: 0.00, Avg: 0.00, Max: 0.00, Diff: 0.00, Sum: 0.00, Workers: 4
[6309.557s][debug][gc,phases      ] GC(252)     Dead                           Min: 0, Avg:  0.0, Max: 0, Diff: 0, Sum: 0, Workers: 4
[6309.557s][debug][gc,phases      ] GC(252)     Total                          Min: 0, Avg:  0.0, Max: 0, Diff: 0, Sum: 0, Workers: 4
[6309.557s][debug][gc,phases      ] GC(252)   StringDedup Requests0 Weak     Min: 0.00, Avg: 0.00, Max: 0.00, Diff: 0.00, Sum: 0.00, Workers: 4
[6309.557s][debug][gc,phases      ] GC(252)     Dead                           Min: 0, Avg:  0.0, Max: 0, Diff: 0, Sum: 0, Workers: 4
[6309.557s][debug][gc,phases      ] GC(252)     Total                          Min: 0, Avg:  0.0, Max: 0, Diff: 0, Sum: 0, Workers: 4
[6309.557s][debug][gc,phases      ] GC(252)   StringDedup Requests1 Weak     Min: 0.00, Avg: 0.00, Max: 0.00, Diff: 0.00, Sum: 0.00, Workers: 4
[6309.557s][debug][gc,phases      ] GC(252)     Dead                           Min: 0, Avg:  0.0, Max: 0, Diff: 0, Sum: 0, Workers: 4
[6309.557s][debug][gc,phases      ] GC(252)     Total                          Min: 0, Avg:  0.0, Max: 0, Diff: 0, Sum: 0, Workers: 4
[6309.557s][debug][gc,phases      ] GC(252)   Weak JFR Old Object Samples    Min: 0.00, Avg: 0.00, Max: 0.00, Diff: 0.00, Sum: 0.00, Workers: 4
[6309.557s][debug][gc,phases      ] GC(252)     Dead                           Min: 0, Avg:  0.0, Max: 0, Diff: 0, Sum: 0, Workers: 4
[6309.557s][debug][gc,phases      ] GC(252)     Total                          Min: 0, Avg:  0.0, Max: 0, Diff: 0, Sum: 0, Workers: 4
[6309.557s][debug][gc,phases      ] GC(252) Weak Processing 0.372ms
[6309.558s][debug][gc,age         ] GC(252) Desired survivor size 41418752 bytes, new threshold 1 (max threshold 15)
[6309.558s][info ][gc,heap        ] GC(252) PSYoungGen: 2030049K(2030080K)->21136K(2056704K) Eden: 2016256K(2016256K)->0K(2016256K) From: 13793K(13824K)->21136K(40448K)
[6309.558s][info ][gc,heap        ] GC(252) ParOldGen: 1810463K(1810944K)->1822769K(1823232K)
[6309.558s][info ][gc,metaspace   ] GC(252) Metaspace: 113112K(114368K)->113112K(114368K) NonClass: 96713K(97408K)->96713K(97408K) Class: 16399K(16960K)->16399K(16960K)
[6309.558s][info ][gc             ] GC(252) Pause Young (Allocation Failure) 3750M->1800M(3789M) 16.780ms
[6309.558s][info ][gc,cpu         ] GC(252) User=0.05s Sys=0.00s Real=0.01s
[6309.558s][info ][safepoint      ] Safepoint "ParallelCollectForAllocation", Time since last: 24454563975 ns, Reaching safepoint: 104900 ns, At safepoint: 16847318 ns, Leaving safepoint: 10400 ns, Total: 16962618 ns, Threads: 1 runnable, 37 total
[6337.849s][info ][gc,start       ] GC(253) Pause Young (Allocation Failure)
[6337.863s][debug][gc,phases      ] GC(253) Scavenge 13.381ms
[6337.863s][debug][gc,ref         ] GC(253) Skipped SoftWeakFinalRefsPhase of Reference Processing: no references
[6337.863s][debug][gc,ref         ] GC(253) Skipped KeepAliveFinalRefsPhase of Reference Processing: no references
[6337.863s][debug][gc,ref         ] GC(253) Skipped PhantomRefsPhase of Reference Processing: no references
[6337.863s][debug][gc,phases      ] GC(253) Reference Processing 0.019ms
[6337.863s][debug][gc,phases      ] GC(253)   VM Weak                        Min: 0.00, Avg: 0.00, Max: 0.01, Diff: 0.01, Sum: 0.01, Workers: 4
[6337.863s][debug][gc,phases      ] GC(253)     Dead                           Min: 0, Avg:  0.0, Max: 0, Diff: 0, Sum: 0, Workers: 4
[6337.863s][debug][gc,phases      ] GC(253)     Total                          Min: 0, Avg: 240.5, Max: 834, Diff: 834, Sum: 962, Workers: 4
[6337.863s][debug][gc,phases      ] GC(253)   ObjectSynchronizer Weak        Min: 0.00, Avg: 0.00, Max: 0.00, Diff: 0.00, Sum: 0.00, Workers: 4
[6337.863s][debug][gc,phases      ] GC(253)     Dead                           Min: 0, Avg:  0.0, Max: 0, Diff: 0, Sum: 0, Workers: 4
[6337.863s][debug][gc,phases      ] GC(253)     Total                          Min: 0, Avg:  1.5, Max: 6, Diff: 6, Sum: 6, Workers: 4
[6337.863s][debug][gc,phases      ] GC(253)   JVMTI Tag Weak OopStorage      Min: 0.00, Avg: 0.00, Max: 0.00, Diff: 0.00, Sum: 0.00, Workers: 4
[6337.863s][debug][gc,phases      ] GC(253)     Dead                           Min: 0, Avg:  0.0, Max: 0, Diff: 0, Sum: 0, Workers: 4
[6337.863s][debug][gc,phases      ] GC(253)     Total                          Min: 0, Avg:  0.0, Max: 0, Diff: 0, Sum: 0, Workers: 4
[6337.863s][debug][gc,phases      ] GC(253)   StringTable Weak               Min: 0.00, Avg: 0.09, Max: 0.12, Diff: 0.12, Sum: 0.37, Workers: 4
[6337.863s][debug][gc,phases      ] GC(253)     Dead                           Min: 0, Avg:  0.0, Max: 0, Diff: 0, Sum: 0, Workers: 4
[6337.863s][debug][gc,phases      ] GC(253)     Total                          Min: 0, Avg: 12839.2, Max: 22174, Diff: 22174, Sum: 51357, Workers: 4
[6337.863s][debug][gc,phases      ] GC(253)   ResolvedMethodTable Weak       Min: 0.00, Avg: 0.03, Max: 0.04, Diff: 0.04, Sum: 0.13, Workers: 4
[6337.863s][debug][gc,phases      ] GC(253)     Dead                           Min: 0, Avg:  5.0, Max: 20, Diff: 20, Sum: 20, Workers: 4
[6337.863s][debug][gc,phases      ] GC(253)     Total                          Min: 0, Avg: 4358.0, Max: 7597, Diff: 7597, Sum: 17432, Workers: 4
[6337.863s][debug][gc,phases      ] GC(253)   JNI Weak                       Min: 0.00, Avg: 0.00, Max: 0.00, Diff: 0.00, Sum: 0.00, Workers: 4
[6337.863s][debug][gc,phases      ] GC(253)     Dead                           Min: 0, Avg:  0.0, Max: 0, Diff: 0, Sum: 0, Workers: 4
[6337.863s][debug][gc,phases      ] GC(253)     Total                          Min: 0, Avg: 13.0, Max: 48, Diff: 48, Sum: 52, Workers: 4
[6337.863s][debug][gc,phases      ] GC(253)   StringDedup Table Weak         Min: 0.00, Avg: 0.00, Max: 0.00, Diff: 0.00, Sum: 0.00, Workers: 4
[6337.863s][debug][gc,phases      ] GC(253)     Dead                           Min: 0, Avg:  0.0, Max: 0, Diff: 0, Sum: 0, Workers: 4
[6337.863s][debug][gc,phases      ] GC(253)     Total                          Min: 0, Avg:  0.0, Max: 0, Diff: 0, Sum: 0, Workers: 4
[6337.863s][debug][gc,phases      ] GC(253)   StringDedup Requests0 Weak     Min: 0.00, Avg: 0.00, Max: 0.00, Diff: 0.00, Sum: 0.00, Workers: 4
[6337.863s][debug][gc,phases      ] GC(253)     Dead                           Min: 0, Avg:  0.0, Max: 0, Diff: 0, Sum: 0, Workers: 4
[6337.863s][debug][gc,phases      ] GC(253)     Total                          Min: 0, Avg:  0.0, Max: 0, Diff: 0, Sum: 0, Workers: 4
[6337.863s][debug][gc,phases      ] GC(253)   StringDedup Requests1 Weak     Min: 0.00, Avg: 0.00, Max: 0.00, Diff: 0.00, Sum: 0.00, Workers: 4
[6337.863s][debug][gc,phases      ] GC(253)     Dead                           Min: 0, Avg:  0.0, Max: 0, Diff: 0, Sum: 0, Workers: 4
[6337.863s][debug][gc,phases      ] GC(253)     Total                          Min: 0, Avg:  0.0, Max: 0, Diff: 0, Sum: 0, Workers: 4
[6337.863s][debug][gc,phases      ] GC(253)   Weak JFR Old Object Samples    Min: 0.00, Avg: 0.00, Max: 0.00, Diff: 0.00, Sum: 0.00, Workers: 4
[6337.863s][debug][gc,phases      ] GC(253)     Dead                           Min: 0, Avg:  0.0, Max: 0, Diff: 0, Sum: 0, Workers: 4
[6337.863s][debug][gc,phases      ] GC(253)     Total                          Min: 0, Avg:  0.0, Max: 0, Diff: 0, Sum: 0, Workers: 4
[6337.863s][debug][gc,phases      ] GC(253) Weak Processing 0.335ms
[6337.863s][debug][gc,age         ] GC(253) Desired survivor size 40370176 bytes, new threshold 1 (max threshold 15)
[6337.863s][info ][gc,heap        ] GC(253) PSYoungGen: 2037392K(2056704K)->6032K(2057728K) Eden: 2016256K(2016256K)->0K(2017280K) From: 21136K(40448K)->6032K(40448K)
[6337.863s][info ][gc,heap        ] GC(253) ParOldGen: 1822769K(1823232K)->1842216K(1842688K)
[6337.863s][info ][gc,metaspace   ] GC(253) Metaspace: 113120K(114368K)->113120K(114368K) NonClass: 96721K(97408K)->96721K(97408K) Class: 16399K(16960K)->16399K(16960K)
[6337.863s][info ][gc             ] GC(253) Pause Young (Allocation Failure) 3769M->1804M(3809M) 13.847ms
[6337.863s][info ][gc,cpu         ] GC(253) User=0.04s Sys=0.01s Real=0.01s
[6337.863s][info ][safepoint      ] Safepoint "ParallelCollectForAllocation", Time since last: 28291425214 ns, Reaching safepoint: 25300 ns, At safepoint: 13924733 ns, Leaving safepoint: 3300 ns, Total: 13953333 ns, Threads: 0 runnable, 38 total
[6366.761s][info ][gc,start       ] GC(254) Pause Young (Allocation Failure)
[6366.770s][debug][gc,phases      ] GC(254) Scavenge 8.240ms
[6366.770s][debug][gc,ref         ] GC(254) Skipped SoftWeakFinalRefsPhase of Reference Processing: no references
[6366.770s][debug][gc,ref         ] GC(254) Skipped KeepAliveFinalRefsPhase of Reference Processing: no references
[6366.770s][debug][gc,ref         ] GC(254) Skipped PhantomRefsPhase of Reference Processing: no references
[6366.770s][debug][gc,phases      ] GC(254) Reference Processing 0.023ms
[6366.770s][debug][gc,phases      ] GC(254)   VM Weak                        Min: 0.00, Avg: 0.00, Max: 0.01, Diff: 0.01, Sum: 0.01, Workers: 4
[6366.770s][debug][gc,phases      ] GC(254)     Dead                           Min: 0, Avg:  0.0, Max: 0, Diff: 0, Sum: 0, Workers: 4
[6366.770s][debug][gc,phases      ] GC(254)     Total                          Min: 0, Avg: 240.5, Max: 514, Diff: 514, Sum: 962, Workers: 4
[6366.770s][debug][gc,phases      ] GC(254)   ObjectSynchronizer Weak        Min: 0.00, Avg: 0.00, Max: 0.00, Diff: 0.00, Sum: 0.00, Workers: 4
[6366.770s][debug][gc,phases      ] GC(254)     Dead                           Min: 0, Avg:  0.0, Max: 0, Diff: 0, Sum: 0, Workers: 4
[6366.770s][debug][gc,phases      ] GC(254)     Total                          Min: 0, Avg:  1.5, Max: 6, Diff: 6, Sum: 6, Workers: 4
[6366.770s][debug][gc,phases      ] GC(254)   JVMTI Tag Weak OopStorage      Min: 0.00, Avg: 0.00, Max: 0.00, Diff: 0.00, Sum: 0.00, Workers: 4
[6366.770s][debug][gc,phases      ] GC(254)     Dead                           Min: 0, Avg:  0.0, Max: 0, Diff: 0, Sum: 0, Workers: 4
[6366.770s][debug][gc,phases      ] GC(254)     Total                          Min: 0, Avg:  0.0, Max: 0, Diff: 0, Sum: 0, Workers: 4
[6366.770s][debug][gc,phases      ] GC(254)   StringTable Weak               Min: 0.00, Avg: 0.09, Max: 0.13, Diff: 0.13, Sum: 0.38, Workers: 4
[6366.770s][debug][gc,phases      ] GC(254)     Dead                           Min: 0, Avg:  0.0, Max: 0, Diff: 0, Sum: 0, Workers: 4
[6366.770s][debug][gc,phases      ] GC(254)     Total                          Min: 0, Avg: 12839.2, Max: 22078, Diff: 22078, Sum: 51357, Workers: 4
[6366.770s][debug][gc,phases      ] GC(254)   ResolvedMethodTable Weak       Min: 0.00, Avg: 0.03, Max: 0.04, Diff: 0.04, Sum: 0.13, Workers: 4
[6366.770s][debug][gc,phases      ] GC(254)     Dead                           Min: 0, Avg:  5.0, Max: 20, Diff: 20, Sum: 20, Workers: 4
[6366.770s][debug][gc,phases      ] GC(254)     Total                          Min: 0, Avg: 4358.0, Max: 7470, Diff: 7470, Sum: 17432, Workers: 4
[6366.770s][debug][gc,phases      ] GC(254)   JNI Weak                       Min: 0.00, Avg: 0.00, Max: 0.00, Diff: 0.00, Sum: 0.00, Workers: 4
[6366.770s][debug][gc,phases      ] GC(254)     Dead                           Min: 0, Avg:  0.0, Max: 0, Diff: 0, Sum: 0, Workers: 4
[6366.770s][debug][gc,phases      ] GC(254)     Total                          Min: 0, Avg: 13.0, Max: 48, Diff: 48, Sum: 52, Workers: 4
[6366.770s][debug][gc,phases      ] GC(254)   StringDedup Table Weak         Min: 0.00, Avg: 0.00, Max: 0.00, Diff: 0.00, Sum: 0.00, Workers: 4
[6366.770s][debug][gc,phases      ] GC(254)     Dead                           Min: 0, Avg:  0.0, Max: 0, Diff: 0, Sum: 0, Workers: 4
[6366.770s][debug][gc,phases      ] GC(254)     Total                          Min: 0, Avg:  0.0, Max: 0, Diff: 0, Sum: 0, Workers: 4
[6366.770s][debug][gc,phases      ] GC(254)   StringDedup Requests0 Weak     Min: 0.00, Avg: 0.00, Max: 0.00, Diff: 0.00, Sum: 0.00, Workers: 4
[6366.770s][debug][gc,phases      ] GC(254)     Dead                           Min: 0, Avg:  0.0, Max: 0, Diff: 0, Sum: 0, Workers: 4
[6366.770s][debug][gc,phases      ] GC(254)     Total                          Min: 0, Avg:  0.0, Max: 0, Diff: 0, Sum: 0, Workers: 4
[6366.770s][debug][gc,phases      ] GC(254)   StringDedup Requests1 Weak     Min: 0.00, Avg: 0.00, Max: 0.00, Diff: 0.00, Sum: 0.00, Workers: 4
[6366.770s][debug][gc,phases      ] GC(254)     Dead                           Min: 0, Avg:  0.0, Max: 0, Diff: 0, Sum: 0, Workers: 4
[6366.770s][debug][gc,phases      ] GC(254)     Total                          Min: 0, Avg:  0.0, Max: 0, Diff: 0, Sum: 0, Workers: 4
[6366.770s][debug][gc,phases      ] GC(254)   Weak JFR Old Object Samples    Min: 0.00, Avg: 0.00, Max: 0.00, Diff: 0.00, Sum: 0.00, Workers: 4
[6366.770s][debug][gc,phases      ] GC(254)     Dead                           Min: 0, Avg:  0.0, Max: 0, Diff: 0, Sum: 0, Workers: 4
[6366.770s][debug][gc,phases      ] GC(254)     Total                          Min: 0, Avg:  0.0, Max: 0, Diff: 0, Sum: 0, Workers: 4
[6366.770s][debug][gc,phases      ] GC(254) Weak Processing 0.371ms
[6366.770s][debug][gc,age         ] GC(254) Desired survivor size 38273024 bytes, new threshold 1 (max threshold 15)
[6366.770s][info ][gc,heap        ] GC(254) PSYoungGen: 2023312K(2057728K)->9264K(2056704K) Eden: 2017280K(2017280K)->0K(2017280K) From: 6032K(40448K)->9264K(39424K)
[6366.770s][info ][gc,heap        ] GC(254) ParOldGen: 1842216K(1842688K)->1844972K(1845248K)
[6366.770s][info ][gc,metaspace   ] GC(254) Metaspace: 113125K(114432K)->113125K(114432K) NonClass: 96726K(97472K)->96726K(97472K) Class: 16399K(16960K)->16399K(16960K)
[6366.770s][info ][gc             ] GC(254) Pause Young (Allocation Failure) 3774M->1810M(3810M) 8.764ms
[6366.770s][info ][gc,cpu         ] GC(254) User=0.03s Sys=0.01s Real=0.01s
[6366.770s][info ][safepoint      ] Safepoint "ParallelCollectForAllocation", Time since last: 28898276708 ns, Reaching safepoint: 7000 ns, At safepoint: 8823858 ns, Leaving safepoint: 8600 ns, Total: 8839458 ns, Threads: 1 runnable, 38 total
[6376.633s][info ][gc,start       ] GC(255) Pause Young (Allocation Failure)
[6376.650s][debug][gc,phases      ] GC(255) Scavenge 17.260ms
[6376.650s][debug][gc,ref         ] GC(255) ReferenceProcessor::execute queues: 1, RefProcThreadModel::Single, marks_oops_alive: false
[6376.650s][debug][gc,ref         ] GC(255) Skipped KeepAliveFinalRefsPhase of Reference Processing: no references
[6376.650s][debug][gc,ref         ] GC(255) Skipped PhantomRefsPhase of Reference Processing: no references
[6376.650s][debug][gc,phases      ] GC(255) Reference Processing 0.090ms
[6376.650s][debug][gc,phases      ] GC(255)   VM Weak                        Min: 0.00, Avg: 0.00, Max: 0.00, Diff: 0.00, Sum: 0.01, Workers: 4
[6376.650s][debug][gc,phases      ] GC(255)     Dead                           Min: 0, Avg:  0.0, Max: 0, Diff: 0, Sum: 0, Workers: 4
[6376.650s][debug][gc,phases      ] GC(255)     Total                          Min: 0, Avg: 240.5, Max: 322, Diff: 322, Sum: 962, Workers: 4
[6376.650s][debug][gc,phases      ] GC(255)   ObjectSynchronizer Weak        Min: 0.00, Avg: 0.00, Max: 0.00, Diff: 0.00, Sum: 0.00, Workers: 4
[6376.650s][debug][gc,phases      ] GC(255)     Dead                           Min: 0, Avg:  0.0, Max: 0, Diff: 0, Sum: 0, Workers: 4
[6376.650s][debug][gc,phases      ] GC(255)     Total                          Min: 0, Avg:  2.0, Max: 8, Diff: 8, Sum: 8, Workers: 4
[6376.650s][debug][gc,phases      ] GC(255)   JVMTI Tag Weak OopStorage      Min: 0.00, Avg: 0.00, Max: 0.00, Diff: 0.00, Sum: 0.00, Workers: 4
[6376.650s][debug][gc,phases      ] GC(255)     Dead                           Min: 0, Avg:  0.0, Max: 0, Diff: 0, Sum: 0, Workers: 4
[6376.650s][debug][gc,phases      ] GC(255)     Total                          Min: 0, Avg:  0.0, Max: 0, Diff: 0, Sum: 0, Workers: 4
[6376.650s][debug][gc,phases      ] GC(255)   StringTable Weak               Min: 0.00, Avg: 0.13, Max: 0.17, Diff: 0.17, Sum: 0.51, Workers: 4
[6376.650s][debug][gc,phases      ] GC(255)     Dead                           Min: 0, Avg:  0.0, Max: 0, Diff: 0, Sum: 0, Workers: 4
[6376.650s][debug][gc,phases      ] GC(255)     Total                          Min: 0, Avg: 12839.2, Max: 17216, Diff: 17216, Sum: 51357, Workers: 4
[6376.650s][debug][gc,phases      ] GC(255)   ResolvedMethodTable Weak       Min: 0.00, Avg: 0.04, Max: 0.05, Diff: 0.05, Sum: 0.15, Workers: 4
[6376.650s][debug][gc,phases      ] GC(255)     Dead                           Min: 0, Avg:  0.0, Max: 0, Diff: 0, Sum: 0, Workers: 4
[6376.650s][debug][gc,phases      ] GC(255)     Total                          Min: 0, Avg: 4358.0, Max: 5870, Diff: 5870, Sum: 17432, Workers: 4
[6376.650s][debug][gc,phases      ] GC(255)   JNI Weak                       Min: 0.00, Avg: 0.00, Max: 0.00, Diff: 0.00, Sum: 0.00, Workers: 4
[6376.650s][debug][gc,phases      ] GC(255)     Dead                           Min: 0, Avg:  0.0, Max: 0, Diff: 0, Sum: 0, Workers: 4
[6376.650s][debug][gc,phases      ] GC(255)     Total                          Min: 0, Avg: 13.0, Max: 48, Diff: 48, Sum: 52, Workers: 4
[6376.650s][debug][gc,phases      ] GC(255)   StringDedup Table Weak         Min: 0.00, Avg: 0.00, Max: 0.00, Diff: 0.00, Sum: 0.00, Workers: 4
[6376.650s][debug][gc,phases      ] GC(255)     Dead                           Min: 0, Avg:  0.0, Max: 0, Diff: 0, Sum: 0, Workers: 4
[6376.650s][debug][gc,phases      ] GC(255)     Total                          Min: 0, Avg:  0.0, Max: 0, Diff: 0, Sum: 0, Workers: 4
[6376.650s][debug][gc,phases      ] GC(255)   StringDedup Requests0 Weak     Min: 0.00, Avg: 0.00, Max: 0.00, Diff: 0.00, Sum: 0.00, Workers: 4
[6376.651s][debug][gc,phases      ] GC(255)     Dead                           Min: 0, Avg:  0.0, Max: 0, Diff: 0, Sum: 0, Workers: 4
[6376.651s][debug][gc,phases      ] GC(255)     Total                          Min: 0, Avg:  0.0, Max: 0, Diff: 0, Sum: 0, Workers: 4
[6376.651s][debug][gc,phases      ] GC(255)   StringDedup Requests1 Weak     Min: 0.00, Avg: 0.00, Max: 0.00, Diff: 0.00, Sum: 0.00, Workers: 4
[6376.651s][debug][gc,phases      ] GC(255)     Dead                           Min: 0, Avg:  0.0, Max: 0, Diff: 0, Sum: 0, Workers: 4
[6376.651s][debug][gc,phases      ] GC(255)     Total                          Min: 0, Avg:  0.0, Max: 0, Diff: 0, Sum: 0, Workers: 4
[6376.651s][debug][gc,phases      ] GC(255)   Weak JFR Old Object Samples    Min: 0.00, Avg: 0.00, Max: 0.00, Diff: 0.00, Sum: 0.00, Workers: 4
[6376.651s][debug][gc,phases      ] GC(255)     Dead                           Min: 0, Avg:  0.0, Max: 0, Diff: 0, Sum: 0, Workers: 4
[6376.651s][debug][gc,phases      ] GC(255)     Total                          Min: 0, Avg:  0.0, Max: 0, Diff: 0, Sum: 0, Workers: 4
[6376.651s][debug][gc,phases      ] GC(255) Weak Processing 0.395ms
[6376.651s][debug][gc,age         ] GC(255) Desired survivor size 42991616 bytes, new threshold 1 (max threshold 15)
[6376.651s][info ][gc,heap        ] GC(255) PSYoungGen: 2026544K(2056704K)->31984K(2050560K) Eden: 2017280K(2017280K)->0K(2013184K) From: 9264K(39424K)->31984K(37376K)
[6376.651s][info ][gc,heap        ] GC(255) ParOldGen: 1844972K(1845248K)->1849265K(1849344K)
[6376.651s][info ][gc,metaspace   ] GC(255) Metaspace: 113127K(114432K)->113127K(114432K) NonClass: 96728K(97472K)->96728K(97472K) Class: 16399K(16960K)->16399K(16960K)
[6376.651s][info ][gc             ] GC(255) Pause Young (Allocation Failure) 3780M->1837M(3808M) 17.858ms
[6376.651s][info ][gc,cpu         ] GC(255) User=0.06s Sys=0.00s Real=0.02s
[6376.651s][info ][safepoint      ] Safepoint "ParallelCollectForAllocation", Time since last: 9862592950 ns, Reaching safepoint: 7900 ns, At safepoint: 17921014 ns, Leaving safepoint: 14100 ns, Total: 17943014 ns, Threads: 0 runnable, 37 total
[6392.257s][info ][gc,start       ] GC(256) Pause Young (Allocation Failure)
[6392.274s][debug][gc,phases      ] GC(256) Scavenge 16.849ms
[6392.274s][debug][gc,ref         ] GC(256) ReferenceProcessor::execute queues: 1, RefProcThreadModel::Single, marks_oops_alive: false
[6392.274s][debug][gc,ref         ] GC(256) Skipped KeepAliveFinalRefsPhase of Reference Processing: no references
[6392.274s][debug][gc,ref         ] GC(256) Skipped PhantomRefsPhase of Reference Processing: no references
[6392.274s][debug][gc,phases      ] GC(256) Reference Processing 0.099ms
[6392.274s][debug][gc,phases      ] GC(256)   VM Weak                        Min: 0.00, Avg: 0.00, Max: 0.01, Diff: 0.01, Sum: 0.01, Workers: 4
[6392.274s][debug][gc,phases      ] GC(256)     Dead                           Min: 0, Avg:  0.0, Max: 0, Diff: 0, Sum: 0, Workers: 4
[6392.274s][debug][gc,phases      ] GC(256)     Total                          Min: 0, Avg: 240.5, Max: 642, Diff: 642, Sum: 962, Workers: 4
[6392.274s][debug][gc,phases      ] GC(256)   ObjectSynchronizer Weak        Min: 0.00, Avg: 0.00, Max: 0.00, Diff: 0.00, Sum: 0.00, Workers: 4
[6392.274s][debug][gc,phases      ] GC(256)     Dead                           Min: 0, Avg:  0.0, Max: 0, Diff: 0, Sum: 0, Workers: 4
[6392.274s][debug][gc,phases      ] GC(256)     Total                          Min: 0, Avg:  2.2, Max: 9, Diff: 9, Sum: 9, Workers: 4
[6392.274s][debug][gc,phases      ] GC(256)   JVMTI Tag Weak OopStorage      Min: 0.00, Avg: 0.00, Max: 0.00, Diff: 0.00, Sum: 0.00, Workers: 4
[6392.274s][debug][gc,phases      ] GC(256)     Dead                           Min: 0, Avg:  0.0, Max: 0, Diff: 0, Sum: 0, Workers: 4
[6392.274s][debug][gc,phases      ] GC(256)     Total                          Min: 0, Avg:  0.0, Max: 0, Diff: 0, Sum: 0, Workers: 4
[6392.274s][debug][gc,phases      ] GC(256)   StringTable Weak               Min: 0.00, Avg: 0.09, Max: 0.13, Diff: 0.13, Sum: 0.37, Workers: 4
[6392.274s][debug][gc,phases      ] GC(256)     Dead                           Min: 0, Avg:  0.0, Max: 0, Diff: 0, Sum: 0, Workers: 4
[6392.274s][debug][gc,phases      ] GC(256)     Total                          Min: 0, Avg: 12839.2, Max: 21887, Diff: 21887, Sum: 51357, Workers: 4
[6392.274s][debug][gc,phases      ] GC(256)   ResolvedMethodTable Weak       Min: 0.00, Avg: 0.03, Max: 0.04, Diff: 0.04, Sum: 0.13, Workers: 4
[6392.274s][debug][gc,phases      ] GC(256)     Dead                           Min: 0, Avg:  5.0, Max: 20, Diff: 20, Sum: 20, Workers: 4
[6392.274s][debug][gc,phases      ] GC(256)     Total                          Min: 0, Avg: 4358.0, Max: 7583, Diff: 7583, Sum: 17432, Workers: 4
[6392.274s][debug][gc,phases      ] GC(256)   JNI Weak                       Min: 0.00, Avg: 0.00, Max: 0.00, Diff: 0.00, Sum: 0.00, Workers: 4
[6392.274s][debug][gc,phases      ] GC(256)     Dead                           Min: 0, Avg:  0.0, Max: 0, Diff: 0, Sum: 0, Workers: 4
[6392.274s][debug][gc,phases      ] GC(256)     Total                          Min: 0, Avg: 13.0, Max: 48, Diff: 48, Sum: 52, Workers: 4
[6392.274s][debug][gc,phases      ] GC(256)   StringDedup Table Weak         Min: 0.00, Avg: 0.00, Max: 0.00, Diff: 0.00, Sum: 0.00, Workers: 4
[6392.274s][debug][gc,phases      ] GC(256)     Dead                           Min: 0, Avg:  0.0, Max: 0, Diff: 0, Sum: 0, Workers: 4
[6392.274s][debug][gc,phases      ] GC(256)     Total                          Min: 0, Avg:  0.0, Max: 0, Diff: 0, Sum: 0, Workers: 4
[6392.274s][debug][gc,phases      ] GC(256)   StringDedup Requests0 Weak     Min: 0.00, Avg: 0.00, Max: 0.00, Diff: 0.00, Sum: 0.00, Workers: 4
[6392.274s][debug][gc,phases      ] GC(256)     Dead                           Min: 0, Avg:  0.0, Max: 0, Diff: 0, Sum: 0, Workers: 4
[6392.274s][debug][gc,phases      ] GC(256)     Total                          Min: 0, Avg:  0.0, Max: 0, Diff: 0, Sum: 0, Workers: 4
[6392.274s][debug][gc,phases      ] GC(256)   StringDedup Requests1 Weak     Min: 0.00, Avg: 0.00, Max: 0.00, Diff: 0.00, Sum: 0.00, Workers: 4
[6392.274s][debug][gc,phases      ] GC(256)     Dead                           Min: 0, Avg:  0.0, Max: 0, Diff: 0, Sum: 0, Workers: 4
[6392.274s][debug][gc,phases      ] GC(256)     Total                          Min: 0, Avg:  0.0, Max: 0, Diff: 0, Sum: 0, Workers: 4
[6392.274s][debug][gc,phases      ] GC(256)   Weak JFR Old Object Samples    Min: 0.00, Avg: 0.00, Max: 0.00, Diff: 0.00, Sum: 0.00, Workers: 4
[6392.274s][debug][gc,phases      ] GC(256)     Dead                           Min: 0, Avg:  0.0, Max: 0, Diff: 0, Sum: 0, Workers: 4
[6392.274s][debug][gc,phases      ] GC(256)     Total                          Min: 0, Avg:  0.0, Max: 0, Diff: 0, Sum: 0, Workers: 4
[6392.274s][debug][gc,phases      ] GC(256) Weak Processing 0.332ms
[6392.274s][debug][gc,age         ] GC(256) Desired survivor size 40894464 bytes, new threshold 1 (max threshold 15)
[6392.274s][info ][gc,heap        ] GC(256) PSYoungGen: 2045168K(2050560K)->11741K(2055168K) Eden: 2013184K(2013184K)->0K(2013184K) From: 31984K(37376K)->11741K(41984K)
[6392.274s][info ][gc,heap        ] GC(256) ParOldGen: 1849265K(1849344K)->1871645K(1871872K)
[6392.274s][info ][gc,metaspace   ] GC(256) Metaspace: 113127K(114432K)->113127K(114432K) NonClass: 96728K(97472K)->96728K(97472K) Class: 16399K(16960K)->16399K(16960K)
[6392.274s][info ][gc             ] GC(256) Pause Young (Allocation Failure) 3803M->1839M(3835M) 17.424ms
[6392.274s][info ][gc,cpu         ] GC(256) User=0.05s Sys=0.02s Real=0.02s
[6392.274s][info ][safepoint      ] Safepoint "ParallelCollectForAllocation", Time since last: 15606199046 ns, Reaching safepoint: 77999 ns, At safepoint: 17489816 ns, Leaving safepoint: 20800 ns, Total: 17588615 ns, Threads: 1 runnable, 37 total
[6409.691s][info ][gc,start       ] GC(257) Pause Young (Allocation Failure)
[6409.705s][debug][gc,phases      ] GC(257) Scavenge 14.140ms
[6409.706s][debug][gc,ref         ] GC(257) ReferenceProcessor::execute queues: 1, RefProcThreadModel::Single, marks_oops_alive: false
[6409.706s][debug][gc,ref         ] GC(257) Skipped KeepAliveFinalRefsPhase of Reference Processing: no references
[6409.706s][debug][gc,ref         ] GC(257) Skipped PhantomRefsPhase of Reference Processing: no references
[6409.706s][debug][gc,phases      ] GC(257) Reference Processing 0.097ms
[6409.706s][debug][gc,phases      ] GC(257)   VM Weak                        Min: 0.00, Avg: 0.00, Max: 0.01, Diff: 0.01, Sum: 0.01, Workers: 4
[6409.706s][debug][gc,phases      ] GC(257)     Dead                           Min: 0, Avg:  0.0, Max: 0, Diff: 0, Sum: 0, Workers: 4
[6409.706s][debug][gc,phases      ] GC(257)     Total                          Min: 0, Avg: 240.5, Max: 898, Diff: 898, Sum: 962, Workers: 4
[6409.706s][debug][gc,phases      ] GC(257)   ObjectSynchronizer Weak        Min: 0.00, Avg: 0.00, Max: 0.00, Diff: 0.00, Sum: 0.00, Workers: 4
[6409.706s][debug][gc,phases      ] GC(257)     Dead                           Min: 0, Avg:  0.0, Max: 0, Diff: 0, Sum: 0, Workers: 4
[6409.706s][debug][gc,phases      ] GC(257)     Total                          Min: 0, Avg:  2.2, Max: 9, Diff: 9, Sum: 9, Workers: 4
[6409.706s][debug][gc,phases      ] GC(257)   JVMTI Tag Weak OopStorage      Min: 0.00, Avg: 0.00, Max: 0.00, Diff: 0.00, Sum: 0.00, Workers: 4
[6409.706s][debug][gc,phases      ] GC(257)     Dead                           Min: 0, Avg:  0.0, Max: 0, Diff: 0, Sum: 0, Workers: 4
[6409.706s][debug][gc,phases      ] GC(257)     Total                          Min: 0, Avg:  0.0, Max: 0, Diff: 0, Sum: 0, Workers: 4
[6409.706s][debug][gc,phases      ] GC(257)   StringTable Weak               Min: 0.00, Avg: 0.09, Max: 0.12, Diff: 0.12, Sum: 0.37, Workers: 4
[6409.706s][debug][gc,phases      ] GC(257)     Dead                           Min: 0, Avg:  0.0, Max: 0, Diff: 0, Sum: 0, Workers: 4
[6409.706s][debug][gc,phases      ] GC(257)     Total                          Min: 0, Avg: 12840.0, Max: 22463, Diff: 22463, Sum: 51360, Workers: 4
[6409.706s][debug][gc,phases      ] GC(257)   ResolvedMethodTable Weak       Min: 0.00, Avg: 0.03, Max: 0.04, Diff: 0.04, Sum: 0.13, Workers: 4
[6409.706s][debug][gc,phases      ] GC(257)     Dead                           Min: 0, Avg:  0.2, Max: 1, Diff: 1, Sum: 1, Workers: 4
[6409.706s][debug][gc,phases      ] GC(257)     Total                          Min: 0, Avg: 4358.5, Max: 7521, Diff: 7521, Sum: 17434, Workers: 4
[6409.706s][debug][gc,phases      ] GC(257)   JNI Weak                       Min: 0.00, Avg: 0.00, Max: 0.00, Diff: 0.00, Sum: 0.00, Workers: 4
[6409.706s][debug][gc,phases      ] GC(257)     Dead                           Min: 0, Avg:  0.0, Max: 0, Diff: 0, Sum: 0, Workers: 4
[6409.706s][debug][gc,phases      ] GC(257)     Total                          Min: 0, Avg: 13.0, Max: 48, Diff: 48, Sum: 52, Workers: 4
[6409.706s][debug][gc,phases      ] GC(257)   StringDedup Table Weak         Min: 0.00, Avg: 0.00, Max: 0.00, Diff: 0.00, Sum: 0.00, Workers: 4
[6409.706s][debug][gc,phases      ] GC(257)     Dead                           Min: 0, Avg:  0.0, Max: 0, Diff: 0, Sum: 0, Workers: 4
[6409.706s][debug][gc,phases      ] GC(257)     Total                          Min: 0, Avg:  0.0, Max: 0, Diff: 0, Sum: 0, Workers: 4
[6409.706s][debug][gc,phases      ] GC(257)   StringDedup Requests0 Weak     Min: 0.00, Avg: 0.00, Max: 0.00, Diff: 0.00, Sum: 0.00, Workers: 4
[6409.706s][debug][gc,phases      ] GC(257)     Dead                           Min: 0, Avg:  0.0, Max: 0, Diff: 0, Sum: 0, Workers: 4
[6409.706s][debug][gc,phases      ] GC(257)     Total                          Min: 0, Avg:  0.0, Max: 0, Diff: 0, Sum: 0, Workers: 4
[6409.706s][debug][gc,phases      ] GC(257)   StringDedup Requests1 Weak     Min: 0.00, Avg: 0.00, Max: 0.00, Diff: 0.00, Sum: 0.00, Workers: 4
[6409.706s][debug][gc,phases      ] GC(257)     Dead                           Min: 0, Avg:  0.0, Max: 0, Diff: 0, Sum: 0, Workers: 4
[6409.706s][debug][gc,phases      ] GC(257)     Total                          Min: 0, Avg:  0.0, Max: 0, Diff: 0, Sum: 0, Workers: 4
[6409.706s][debug][gc,phases      ] GC(257)   Weak JFR Old Object Samples    Min: 0.00, Avg: 0.00, Max: 0.00, Diff: 0.00, Sum: 0.00, Workers: 4
[6409.706s][debug][gc,phases      ] GC(257)     Dead                           Min: 0, Avg:  0.0, Max: 0, Diff: 0, Sum: 0, Workers: 4
[6409.706s][debug][gc,phases      ] GC(257)     Total                          Min: 0, Avg:  0.0, Max: 0, Diff: 0, Sum: 0, Workers: 4
[6409.706s][debug][gc,phases      ] GC(257) Weak Processing 0.361ms
[6409.706s][debug][gc,age         ] GC(257) Desired survivor size 38797312 bytes, new threshold 1 (max threshold 15)
[6409.706s][info ][gc,heap        ] GC(257) PSYoungGen: 2024925K(2055168K)->11920K(2059264K) Eden: 2013184K(2013184K)->0K(2019328K) From: 11741K(41984K)->11920K(39936K)
[6409.706s][info ][gc,heap        ] GC(257) ParOldGen: 1871645K(1871872K)->1877158K(1877504K)
[6409.706s][info ][gc,metaspace   ] GC(257) Metaspace: 113133K(114432K)->113133K(114432K) NonClass: 96733K(97472K)->96733K(97472K) Class: 16400K(16960K)->16400K(16960K)
[6409.706s][info ][gc             ] GC(257) Pause Young (Allocation Failure) 3805M->1844M(3844M) 14.726ms
[6409.706s][info ][gc,cpu         ] GC(257) User=0.05s Sys=0.00s Real=0.01s
[6409.706s][info ][safepoint      ] Safepoint "ParallelCollectForAllocation", Time since last: 17416727350 ns, Reaching safepoint: 99400 ns, At safepoint: 14791829 ns, Leaving safepoint: 13000 ns, Total: 14904229 ns, Threads: 1 runnable, 37 total
[6426.608s][info ][gc,start       ] GC(258) Pause Young (Allocation Failure)
[6426.616s][debug][gc,phases      ] GC(258) Scavenge 8.644ms
[6426.617s][debug][gc,ref         ] GC(258) ReferenceProcessor::execute queues: 1, RefProcThreadModel::Single, marks_oops_alive: false
[6426.617s][debug][gc,ref         ] GC(258) Skipped KeepAliveFinalRefsPhase of Reference Processing: no references
[6426.617s][debug][gc,ref         ] GC(258) Skipped PhantomRefsPhase of Reference Processing: no references
[6426.617s][debug][gc,phases      ] GC(258) Reference Processing 0.090ms
[6426.617s][debug][gc,phases      ] GC(258)   VM Weak                        Min: 0.00, Avg: 0.00, Max: 0.00, Diff: 0.00, Sum: 0.01, Workers: 4
[6426.617s][debug][gc,phases      ] GC(258)     Dead                           Min: 0, Avg:  0.0, Max: 0, Diff: 0, Sum: 0, Workers: 4
[6426.617s][debug][gc,phases      ] GC(258)     Total                          Min: 0, Avg: 240.5, Max: 512, Diff: 512, Sum: 962, Workers: 4
[6426.617s][debug][gc,phases      ] GC(258)   ObjectSynchronizer Weak        Min: 0.00, Avg: 0.00, Max: 0.00, Diff: 0.00, Sum: 0.00, Workers: 4
[6426.617s][debug][gc,phases      ] GC(258)     Dead                           Min: 0, Avg:  0.0, Max: 0, Diff: 0, Sum: 0, Workers: 4
[6426.617s][debug][gc,phases      ] GC(258)     Total                          Min: 0, Avg:  1.5, Max: 6, Diff: 6, Sum: 6, Workers: 4
[6426.617s][debug][gc,phases      ] GC(258)   JVMTI Tag Weak OopStorage      Min: 0.00, Avg: 0.00, Max: 0.00, Diff: 0.00, Sum: 0.00, Workers: 4
[6426.617s][debug][gc,phases      ] GC(258)     Dead                           Min: 0, Avg:  0.0, Max: 0, Diff: 0, Sum: 0, Workers: 4
[6426.617s][debug][gc,phases      ] GC(258)     Total                          Min: 0, Avg:  0.0, Max: 0, Diff: 0, Sum: 0, Workers: 4
[6426.617s][debug][gc,phases      ] GC(258)   StringTable Weak               Min: 0.00, Avg: 0.09, Max: 0.13, Diff: 0.13, Sum: 0.37, Workers: 4
[6426.617s][debug][gc,phases      ] GC(258)     Dead                           Min: 0, Avg:  0.0, Max: 0, Diff: 0, Sum: 0, Workers: 4
[6426.617s][debug][gc,phases      ] GC(258)     Total                          Min: 0, Avg: 12840.2, Max: 21951, Diff: 21951, Sum: 51361, Workers: 4
[6426.617s][debug][gc,phases      ] GC(258)   ResolvedMethodTable Weak       Min: 0.00, Avg: 0.03, Max: 0.04, Diff: 0.04, Sum: 0.13, Workers: 4
[6426.617s][debug][gc,phases      ] GC(258)     Dead                           Min: 0, Avg:  5.0, Max: 20, Diff: 20, Sum: 20, Workers: 4
[6426.617s][debug][gc,phases      ] GC(258)     Total                          Min: 0, Avg: 4358.5, Max: 7548, Diff: 7548, Sum: 17434, Workers: 4
[6426.617s][debug][gc,phases      ] GC(258)   JNI Weak                       Min: 0.00, Avg: 0.00, Max: 0.00, Diff: 0.00, Sum: 0.00, Workers: 4
[6426.617s][debug][gc,phases      ] GC(258)     Dead                           Min: 0, Avg:  0.0, Max: 0, Diff: 0, Sum: 0, Workers: 4
[6426.617s][debug][gc,phases      ] GC(258)     Total                          Min: 0, Avg: 13.0, Max: 48, Diff: 48, Sum: 52, Workers: 4
[6426.617s][debug][gc,phases      ] GC(258)   StringDedup Table Weak         Min: 0.00, Avg: 0.00, Max: 0.00, Diff: 0.00, Sum: 0.00, Workers: 4
[6426.617s][debug][gc,phases      ] GC(258)     Dead                           Min: 0, Avg:  0.0, Max: 0, Diff: 0, Sum: 0, Workers: 4
[6426.617s][debug][gc,phases      ] GC(258)     Total                          Min: 0, Avg:  0.0, Max: 0, Diff: 0, Sum: 0, Workers: 4
[6426.617s][debug][gc,phases      ] GC(258)   StringDedup Requests0 Weak     Min: 0.00, Avg: 0.00, Max: 0.00, Diff: 0.00, Sum: 0.00, Workers: 4
[6426.617s][debug][gc,phases      ] GC(258)     Dead                           Min: 0, Avg:  0.0, Max: 0, Diff: 0, Sum: 0, Workers: 4
[6426.617s][debug][gc,phases      ] GC(258)     Total                          Min: 0, Avg:  0.0, Max: 0, Diff: 0, Sum: 0, Workers: 4
[6426.617s][debug][gc,phases      ] GC(258)   StringDedup Requests1 Weak     Min: 0.00, Avg: 0.00, Max: 0.00, Diff: 0.00, Sum: 0.00, Workers: 4
[6426.617s][debug][gc,phases      ] GC(258)     Dead                           Min: 0, Avg:  0.0, Max: 0, Diff: 0, Sum: 0, Workers: 4
[6426.617s][debug][gc,phases      ] GC(258)     Total                          Min: 0, Avg:  0.0, Max: 0, Diff: 0, Sum: 0, Workers: 4
[6426.617s][debug][gc,phases      ] GC(258)   Weak JFR Old Object Samples    Min: 0.00, Avg: 0.00, Max: 0.00, Diff: 0.00, Sum: 0.00, Workers: 4
[6426.617s][debug][gc,phases      ] GC(258)     Dead                           Min: 0, Avg:  0.0, Max: 0, Diff: 0, Sum: 0, Workers: 4
[6426.617s][debug][gc,phases      ] GC(258)     Total                          Min: 0, Avg:  0.0, Max: 0, Diff: 0, Sum: 0, Workers: 4
[6426.617s][debug][gc,phases      ] GC(258) Weak Processing 0.343ms
[6426.617s][debug][gc,age         ] GC(258) Desired survivor size 37224448 bytes, new threshold 1 (max threshold 15)
[6426.617s][info ][gc,heap        ] GC(258) PSYoungGen: 2031248K(2059264K)->9008K(2057216K) Eden: 2019328K(2019328K)->0K(2019328K) From: 11920K(39936K)->9008K(37888K)
[6426.617s][info ][gc,heap        ] GC(258) ParOldGen: 1877158K(1877504K)->1879162K(1879552K)
[6426.617s][info ][gc,metaspace   ] GC(258) Metaspace: 113138K(114432K)->113138K(114432K) NonClass: 96738K(97472K)->96738K(97472K) Class: 16400K(16960K)->16400K(16960K)
[6426.617s][info ][gc             ] GC(258) Pause Young (Allocation Failure) 3816M->1843M(3844M) 9.185ms
[6426.617s][info ][gc,cpu         ] GC(258) User=0.03s Sys=0.00s Real=0.01s
[6426.617s][info ][safepoint      ] Safepoint "ParallelCollectForAllocation", Time since last: 16901661778 ns, Reaching safepoint: 80899 ns, At safepoint: 9250456 ns, Leaving safepoint: 23300 ns, Total: 9354655 ns, Threads: 2 runnable, 37 total
[6441.798s][info ][gc,start       ] GC(259) Pause Young (Allocation Failure)
[6441.816s][debug][gc,phases      ] GC(259) Scavenge 17.520ms
[6441.816s][debug][gc,ref         ] GC(259) Skipped SoftWeakFinalRefsPhase of Reference Processing: no references
[6441.816s][debug][gc,ref         ] GC(259) Skipped KeepAliveFinalRefsPhase of Reference Processing: no references
[6441.816s][debug][gc,ref         ] GC(259) Skipped PhantomRefsPhase of Reference Processing: no references
[6441.816s][debug][gc,phases      ] GC(259) Reference Processing 0.022ms
[6441.816s][debug][gc,phases      ] GC(259)   VM Weak                        Min: 0.00, Avg: 0.00, Max: 0.01, Diff: 0.01, Sum: 0.01, Workers: 4
[6441.816s][debug][gc,phases      ] GC(259)     Dead                           Min: 0, Avg:  0.0, Max: 0, Diff: 0, Sum: 0, Workers: 4
[6441.816s][debug][gc,phases      ] GC(259)     Total                          Min: 0, Avg: 240.5, Max: 834, Diff: 834, Sum: 962, Workers: 4
[6441.816s][debug][gc,phases      ] GC(259)   ObjectSynchronizer Weak        Min: 0.00, Avg: 0.00, Max: 0.00, Diff: 0.00, Sum: 0.00, Workers: 4
[6441.816s][debug][gc,phases      ] GC(259)     Dead                           Min: 0, Avg:  0.0, Max: 0, Diff: 0, Sum: 0, Workers: 4
[6441.816s][debug][gc,phases      ] GC(259)     Total                          Min: 0, Avg:  1.8, Max: 7, Diff: 7, Sum: 7, Workers: 4
[6441.816s][debug][gc,phases      ] GC(259)   JVMTI Tag Weak OopStorage      Min: 0.00, Avg: 0.00, Max: 0.00, Diff: 0.00, Sum: 0.00, Workers: 4
[6441.816s][debug][gc,phases      ] GC(259)     Dead                           Min: 0, Avg:  0.0, Max: 0, Diff: 0, Sum: 0, Workers: 4
[6441.816s][debug][gc,phases      ] GC(259)     Total                          Min: 0, Avg:  0.0, Max: 0, Diff: 0, Sum: 0, Workers: 4
[6441.816s][debug][gc,phases      ] GC(259)   StringTable Weak               Min: 0.00, Avg: 0.09, Max: 0.13, Diff: 0.13, Sum: 0.38, Workers: 4
[6441.816s][debug][gc,phases      ] GC(259)     Dead                           Min: 0, Avg:  0.0, Max: 0, Diff: 0, Sum: 0, Workers: 4
[6441.816s][debug][gc,phases      ] GC(259)     Total                          Min: 0, Avg: 12840.2, Max: 22206, Diff: 22206, Sum: 51361, Workers: 4
[6441.816s][debug][gc,phases      ] GC(259)   ResolvedMethodTable Weak       Min: 0.00, Avg: 0.03, Max: 0.04, Diff: 0.04, Sum: 0.13, Workers: 4
[6441.816s][debug][gc,phases      ] GC(259)     Dead                           Min: 0, Avg:  5.0, Max: 20, Diff: 20, Sum: 20, Workers: 4
[6441.816s][debug][gc,phases      ] GC(259)     Total                          Min: 0, Avg: 4358.5, Max: 7484, Diff: 7484, Sum: 17434, Workers: 4
[6441.816s][debug][gc,phases      ] GC(259)   JNI Weak                       Min: 0.00, Avg: 0.00, Max: 0.00, Diff: 0.00, Sum: 0.00, Workers: 4
[6441.816s][debug][gc,phases      ] GC(259)     Dead                           Min: 0, Avg:  0.0, Max: 0, Diff: 0, Sum: 0, Workers: 4
[6441.816s][debug][gc,phases      ] GC(259)     Total                          Min: 0, Avg: 13.0, Max: 48, Diff: 48, Sum: 52, Workers: 4
[6441.816s][debug][gc,phases      ] GC(259)   StringDedup Table Weak         Min: 0.00, Avg: 0.00, Max: 0.00, Diff: 0.00, Sum: 0.00, Workers: 4
[6441.816s][debug][gc,phases      ] GC(259)     Dead                           Min: 0, Avg:  0.0, Max: 0, Diff: 0, Sum: 0, Workers: 4
[6441.816s][debug][gc,phases      ] GC(259)     Total                          Min: 0, Avg:  0.0, Max: 0, Diff: 0, Sum: 0, Workers: 4
[6441.816s][debug][gc,phases      ] GC(259)   StringDedup Requests0 Weak     Min: 0.00, Avg: 0.00, Max: 0.00, Diff: 0.00, Sum: 0.00, Workers: 4
[6441.816s][debug][gc,phases      ] GC(259)     Dead                           Min: 0, Avg:  0.0, Max: 0, Diff: 0, Sum: 0, Workers: 4
[6441.816s][debug][gc,phases      ] GC(259)     Total                          Min: 0, Avg:  0.0, Max: 0, Diff: 0, Sum: 0, Workers: 4
[6441.816s][debug][gc,phases      ] GC(259)   StringDedup Requests1 Weak     Min: 0.00, Avg: 0.00, Max: 0.00, Diff: 0.00, Sum: 0.00, Workers: 4
[6441.816s][debug][gc,phases      ] GC(259)     Dead                           Min: 0, Avg:  0.0, Max: 0, Diff: 0, Sum: 0, Workers: 4
[6441.816s][debug][gc,phases      ] GC(259)     Total                          Min: 0, Avg:  0.0, Max: 0, Diff: 0, Sum: 0, Workers: 4
[6441.816s][debug][gc,phases      ] GC(259)   Weak JFR Old Object Samples    Min: 0.00, Avg: 0.00, Max: 0.00, Diff: 0.00, Sum: 0.00, Workers: 4
[6441.816s][debug][gc,phases      ] GC(259)     Dead                           Min: 0, Avg:  0.0, Max: 0, Diff: 0, Sum: 0, Workers: 4
[6441.816s][debug][gc,phases      ] GC(259)     Total                          Min: 0, Avg:  0.0, Max: 0, Diff: 0, Sum: 0, Workers: 4
[6441.816s][debug][gc,phases      ] GC(259) Weak Processing 0.368ms
[6441.816s][debug][gc,age         ] GC(259) Desired survivor size 40894464 bytes, new threshold 1 (max threshold 15)
[6441.816s][info ][gc,heap        ] GC(259) PSYoungGen: 2028336K(2057216K)->28880K(2053632K) Eden: 2019328K(2019328K)->0K(2017280K) From: 9008K(37888K)->28880K(36352K)
[6441.816s][info ][gc,heap        ] GC(259) ParOldGen: 1879162K(1879552K)->1884274K(1884672K)
[6441.816s][info ][gc,metaspace   ] GC(259) Metaspace: 113140K(114432K)->113140K(114432K) NonClass: 96740K(97472K)->96740K(97472K) Class: 16400K(16960K)->16400K(16960K)
[6441.816s][info ][gc             ] GC(259) Pause Young (Allocation Failure) 3815M->1868M(3846M) 18.031ms
[6441.816s][info ][gc,cpu         ] GC(259) User=0.05s Sys=0.01s Real=0.02s
[6441.816s][info ][safepoint      ] Safepoint "ParallelCollectForAllocation", Time since last: 15180796316 ns, Reaching safepoint: 126800 ns, At safepoint: 18101813 ns, Leaving safepoint: 15700 ns, Total: 18244313 ns, Threads: 1 runnable, 38 total
[6469.098s][info ][gc,start       ] GC(260) Pause Young (Allocation Failure)
[6469.115s][debug][gc,phases      ] GC(260) Scavenge 16.651ms
[6469.115s][debug][gc,ref         ] GC(260) Skipped SoftWeakFinalRefsPhase of Reference Processing: no references
[6469.115s][debug][gc,ref         ] GC(260) Skipped KeepAliveFinalRefsPhase of Reference Processing: no references
[6469.115s][debug][gc,ref         ] GC(260) Skipped PhantomRefsPhase of Reference Processing: no references
[6469.115s][debug][gc,phases      ] GC(260) Reference Processing 0.019ms
[6469.115s][debug][gc,phases      ] GC(260)   VM Weak                        Min: 0.00, Avg: 0.00, Max: 0.01, Diff: 0.01, Sum: 0.01, Workers: 4
[6469.115s][debug][gc,phases      ] GC(260)     Dead                           Min: 0, Avg:  0.0, Max: 0, Diff: 0, Sum: 0, Workers: 4
[6469.115s][debug][gc,phases      ] GC(260)     Total                          Min: 0, Avg: 240.5, Max: 704, Diff: 704, Sum: 962, Workers: 4
[6469.115s][debug][gc,phases      ] GC(260)   ObjectSynchronizer Weak        Min: 0.00, Avg: 0.00, Max: 0.00, Diff: 0.00, Sum: 0.00, Workers: 4
[6469.115s][debug][gc,phases      ] GC(260)     Dead                           Min: 0, Avg:  0.0, Max: 0, Diff: 0, Sum: 0, Workers: 4
[6469.115s][debug][gc,phases      ] GC(260)     Total                          Min: 0, Avg:  1.8, Max: 7, Diff: 7, Sum: 7, Workers: 4
[6469.115s][debug][gc,phases      ] GC(260)   JVMTI Tag Weak OopStorage      Min: 0.00, Avg: 0.00, Max: 0.00, Diff: 0.00, Sum: 0.00, Workers: 4
[6469.115s][debug][gc,phases      ] GC(260)     Dead                           Min: 0, Avg:  0.0, Max: 0, Diff: 0, Sum: 0, Workers: 4
[6469.115s][debug][gc,phases      ] GC(260)     Total                          Min: 0, Avg:  0.0, Max: 0, Diff: 0, Sum: 0, Workers: 4
[6469.116s][debug][gc,phases      ] GC(260)   StringTable Weak               Min: 0.00, Avg: 0.11, Max: 0.15, Diff: 0.15, Sum: 0.45, Workers: 4
[6469.116s][debug][gc,phases      ] GC(260)     Dead                           Min: 0, Avg:  0.0, Max: 0, Diff: 0, Sum: 0, Workers: 4
[6469.116s][debug][gc,phases      ] GC(260)     Total                          Min: 0, Avg: 12840.2, Max: 21503, Diff: 21503, Sum: 51361, Workers: 4
[6469.116s][debug][gc,phases      ] GC(260)   ResolvedMethodTable Weak       Min: 0.00, Avg: 0.03, Max: 0.04, Diff: 0.04, Sum: 0.13, Workers: 4
[6469.116s][debug][gc,phases      ] GC(260)     Dead                           Min: 0, Avg:  5.0, Max: 20, Diff: 20, Sum: 20, Workers: 4
[6469.116s][debug][gc,phases      ] GC(260)     Total                          Min: 0, Avg: 4358.5, Max: 7521, Diff: 7521, Sum: 17434, Workers: 4
[6469.116s][debug][gc,phases      ] GC(260)   JNI Weak                       Min: 0.00, Avg: 0.00, Max: 0.00, Diff: 0.00, Sum: 0.00, Workers: 4
[6469.116s][debug][gc,phases      ] GC(260)     Dead                           Min: 0, Avg:  0.0, Max: 0, Diff: 0, Sum: 0, Workers: 4
[6469.116s][debug][gc,phases      ] GC(260)     Total                          Min: 0, Avg: 13.0, Max: 48, Diff: 48, Sum: 52, Workers: 4
[6469.116s][debug][gc,phases      ] GC(260)   StringDedup Table Weak         Min: 0.00, Avg: 0.00, Max: 0.00, Diff: 0.00, Sum: 0.00, Workers: 4
[6469.116s][debug][gc,phases      ] GC(260)     Dead                           Min: 0, Avg:  0.0, Max: 0, Diff: 0, Sum: 0, Workers: 4
[6469.116s][debug][gc,phases      ] GC(260)     Total                          Min: 0, Avg:  0.0, Max: 0, Diff: 0, Sum: 0, Workers: 4
[6469.116s][debug][gc,phases      ] GC(260)   StringDedup Requests0 Weak     Min: 0.00, Avg: 0.00, Max: 0.00, Diff: 0.00, Sum: 0.00, Workers: 4
[6469.116s][debug][gc,phases      ] GC(260)     Dead                           Min: 0, Avg:  0.0, Max: 0, Diff: 0, Sum: 0, Workers: 4
[6469.116s][debug][gc,phases      ] GC(260)     Total                          Min: 0, Avg:  0.0, Max: 0, Diff: 0, Sum: 0, Workers: 4
[6469.116s][debug][gc,phases      ] GC(260)   StringDedup Requests1 Weak     Min: 0.00, Avg: 0.00, Max: 0.00, Diff: 0.00, Sum: 0.00, Workers: 4
[6469.116s][debug][gc,phases      ] GC(260)     Dead                           Min: 0, Avg:  0.0, Max: 0, Diff: 0, Sum: 0, Workers: 4
[6469.116s][debug][gc,phases      ] GC(260)     Total                          Min: 0, Avg:  0.0, Max: 0, Diff: 0, Sum: 0, Workers: 4
[6469.116s][debug][gc,phases      ] GC(260)   Weak JFR Old Object Samples    Min: 0.00, Avg: 0.00, Max: 0.00, Diff: 0.00, Sum: 0.00, Workers: 4
[6469.116s][debug][gc,phases      ] GC(260)     Dead                           Min: 0, Avg:  0.0, Max: 0, Diff: 0, Sum: 0, Workers: 4
[6469.116s][debug][gc,phases      ] GC(260)     Total                          Min: 0, Avg:  0.0, Max: 0, Diff: 0, Sum: 0, Workers: 4
[6469.116s][debug][gc,phases      ] GC(260) Weak Processing 0.365ms
[6469.116s][debug][gc,age         ] GC(260) Desired survivor size 40370176 bytes, new threshold 1 (max threshold 15)
[6469.116s][info ][gc,heap        ] GC(260) PSYoungGen: 2046160K(2053632K)->4736K(2057216K) Eden: 2017280K(2017280K)->0K(2017280K) From: 28880K(36352K)->4736K(39936K)
[6469.116s][info ][gc,heap        ] GC(260) ParOldGen: 1884274K(1884672K)->1910531K(1910784K)
[6469.116s][info ][gc,metaspace   ] GC(260) Metaspace: 113140K(114432K)->113140K(114432K) NonClass: 96740K(97472K)->96740K(97472K) Class: 16400K(16960K)->16400K(16960K)
[6469.116s][info ][gc             ] GC(260) Pause Young (Allocation Failure) 3838M->1870M(3875M) 17.153ms
[6469.116s][info ][gc,cpu         ] GC(260) User=0.05s Sys=0.02s Real=0.01s
[6469.116s][info ][safepoint      ] Safepoint "ParallelCollectForAllocation", Time since last: 27282260168 ns, Reaching safepoint: 83100 ns, At safepoint: 17221117 ns, Leaving safepoint: 13600 ns, Total: 17317817 ns, Threads: 1 runnable, 38 total
[6497.175s][info ][gc,start       ] GC(261) Pause Young (Allocation Failure)
[6497.180s][debug][gc,phases      ] GC(261) Scavenge 5.673ms
[6497.180s][debug][gc,ref         ] GC(261) Skipped SoftWeakFinalRefsPhase of Reference Processing: no references
[6497.180s][debug][gc,ref         ] GC(261) Skipped KeepAliveFinalRefsPhase of Reference Processing: no references
[6497.180s][debug][gc,ref         ] GC(261) Skipped PhantomRefsPhase of Reference Processing: no references
[6497.180s][debug][gc,phases      ] GC(261) Reference Processing 0.028ms
[6497.181s][debug][gc,phases      ] GC(261)   VM Weak                        Min: 0.00, Avg: 0.00, Max: 0.01, Diff: 0.01, Sum: 0.01, Workers: 4
[6497.181s][debug][gc,phases      ] GC(261)     Dead                           Min: 0, Avg:  0.0, Max: 0, Diff: 0, Sum: 0, Workers: 4
[6497.181s][debug][gc,phases      ] GC(261)     Total                          Min: 0, Avg: 240.5, Max: 770, Diff: 770, Sum: 962, Workers: 4
[6497.181s][debug][gc,phases      ] GC(261)   ObjectSynchronizer Weak        Min: 0.00, Avg: 0.00, Max: 0.00, Diff: 0.00, Sum: 0.00, Workers: 4
[6497.181s][debug][gc,phases      ] GC(261)     Dead                           Min: 0, Avg:  0.0, Max: 0, Diff: 0, Sum: 0, Workers: 4
[6497.181s][debug][gc,phases      ] GC(261)     Total                          Min: 0, Avg:  1.8, Max: 7, Diff: 7, Sum: 7, Workers: 4
[6497.181s][debug][gc,phases      ] GC(261)   JVMTI Tag Weak OopStorage      Min: 0.00, Avg: 0.00, Max: 0.00, Diff: 0.00, Sum: 0.00, Workers: 4
[6497.181s][debug][gc,phases      ] GC(261)     Dead                           Min: 0, Avg:  0.0, Max: 0, Diff: 0, Sum: 0, Workers: 4
[6497.181s][debug][gc,phases      ] GC(261)     Total                          Min: 0, Avg:  0.0, Max: 0, Diff: 0, Sum: 0, Workers: 4
[6497.181s][debug][gc,phases      ] GC(261)   StringTable Weak               Min: 0.00, Avg: 0.09, Max: 0.13, Diff: 0.13, Sum: 0.37, Workers: 4
[6497.181s][debug][gc,phases      ] GC(261)     Dead                           Min: 0, Avg:  0.0, Max: 0, Diff: 0, Sum: 0, Workers: 4
[6497.181s][debug][gc,phases      ] GC(261)     Total                          Min: 0, Avg: 12840.2, Max: 21888, Diff: 21888, Sum: 51361, Workers: 4
[6497.181s][debug][gc,phases      ] GC(261)   ResolvedMethodTable Weak       Min: 0.00, Avg: 0.03, Max: 0.04, Diff: 0.04, Sum: 0.13, Workers: 4
[6497.181s][debug][gc,phases      ] GC(261)     Dead                           Min: 0, Avg:  5.0, Max: 20, Diff: 20, Sum: 20, Workers: 4
[6497.181s][debug][gc,phases      ] GC(261)     Total                          Min: 0, Avg: 4358.5, Max: 7585, Diff: 7585, Sum: 17434, Workers: 4
[6497.181s][debug][gc,phases      ] GC(261)   JNI Weak                       Min: 0.00, Avg: 0.00, Max: 0.00, Diff: 0.00, Sum: 0.00, Workers: 4
[6497.181s][debug][gc,phases      ] GC(261)     Dead                           Min: 0, Avg:  0.0, Max: 0, Diff: 0, Sum: 0, Workers: 4
[6497.181s][debug][gc,phases      ] GC(261)     Total                          Min: 0, Avg: 13.0, Max: 48, Diff: 48, Sum: 52, Workers: 4
[6497.181s][debug][gc,phases      ] GC(261)   StringDedup Table Weak         Min: 0.00, Avg: 0.00, Max: 0.00, Diff: 0.00, Sum: 0.00, Workers: 4
[6497.181s][debug][gc,phases      ] GC(261)     Dead                           Min: 0, Avg:  0.0, Max: 0, Diff: 0, Sum: 0, Workers: 4
[6497.181s][debug][gc,phases      ] GC(261)     Total                          Min: 0, Avg:  0.0, Max: 0, Diff: 0, Sum: 0, Workers: 4
[6497.181s][debug][gc,phases      ] GC(261)   StringDedup Requests0 Weak     Min: 0.00, Avg: 0.00, Max: 0.00, Diff: 0.00, Sum: 0.00, Workers: 4
[6497.181s][debug][gc,phases      ] GC(261)     Dead                           Min: 0, Avg:  0.0, Max: 0, Diff: 0, Sum: 0, Workers: 4
[6497.181s][debug][gc,phases      ] GC(261)     Total                          Min: 0, Avg:  0.0, Max: 0, Diff: 0, Sum: 0, Workers: 4
[6497.181s][debug][gc,phases      ] GC(261)   StringDedup Requests1 Weak     Min: 0.00, Avg: 0.00, Max: 0.00, Diff: 0.00, Sum: 0.00, Workers: 4
[6497.181s][debug][gc,phases      ] GC(261)     Dead                           Min: 0, Avg:  0.0, Max: 0, Diff: 0, Sum: 0, Workers: 4
[6497.181s][debug][gc,phases      ] GC(261)     Total                          Min: 0, Avg:  0.0, Max: 0, Diff: 0, Sum: 0, Workers: 4
[6497.181s][debug][gc,phases      ] GC(261)   Weak JFR Old Object Samples    Min: 0.00, Avg: 0.00, Max: 0.00, Diff: 0.00, Sum: 0.00, Workers: 4
[6497.181s][debug][gc,phases      ] GC(261)     Dead                           Min: 0, Avg:  0.0, Max: 0, Diff: 0, Sum: 0, Workers: 4
[6497.181s][debug][gc,phases      ] GC(261)     Total                          Min: 0, Avg:  0.0, Max: 0, Diff: 0, Sum: 0, Workers: 4
[6497.181s][debug][gc,phases      ] GC(261) Weak Processing 0.338ms
[6497.181s][debug][gc,age         ] GC(261) Desired survivor size 39321600 bytes, new threshold 1 (max threshold 15)
[6497.181s][info ][gc,heap        ] GC(261) PSYoungGen: 2022016K(2057216K)->5824K(2058752K) Eden: 2017280K(2017280K)->0K(2019328K) From: 4736K(39936K)->5824K(39424K)
[6497.181s][info ][gc,heap        ] GC(261) ParOldGen: 1910531K(1910784K)->1911727K(1911808K)
[6497.181s][info ][gc,metaspace   ] GC(261) Metaspace: 113140K(114432K)->113140K(114432K) NonClass: 96740K(97472K)->96740K(97472K) Class: 16400K(16960K)->16400K(16960K)
[6497.181s][info ][gc             ] GC(261) Pause Young (Allocation Failure) 3840M->1872M(3877M) 6.147ms
[6497.181s][info ][gc,cpu         ] GC(261) User=0.02s Sys=0.00s Real=0.01s
[6497.181s][info ][safepoint      ] Safepoint "ParallelCollectForAllocation", Time since last: 28059013786 ns, Reaching safepoint: 5800 ns, At safepoint: 6211771 ns, Leaving safepoint: 2300 ns, Total: 6219871 ns, Threads: 0 runnable, 35 total
[6525.441s][info ][gc,start       ] GC(262) Pause Young (Allocation Failure)
[6525.448s][debug][gc,phases      ] GC(262) Scavenge 6.466ms
[6525.448s][debug][gc,ref         ] GC(262) Skipped SoftWeakFinalRefsPhase of Reference Processing: no references
[6525.448s][debug][gc,ref         ] GC(262) Skipped KeepAliveFinalRefsPhase of Reference Processing: no references
[6525.448s][debug][gc,ref         ] GC(262) Skipped PhantomRefsPhase of Reference Processing: no references
[6525.448s][debug][gc,phases      ] GC(262) Reference Processing 0.024ms
[6525.448s][debug][gc,phases      ] GC(262)   VM Weak                        Min: 0.00, Avg: 0.00, Max: 0.01, Diff: 0.01, Sum: 0.01, Workers: 4
[6525.448s][debug][gc,phases      ] GC(262)     Dead                           Min: 0, Avg:  0.0, Max: 0, Diff: 0, Sum: 0, Workers: 4
[6525.448s][debug][gc,phases      ] GC(262)     Total                          Min: 0, Avg: 240.5, Max: 576, Diff: 576, Sum: 962, Workers: 4
[6525.448s][debug][gc,phases      ] GC(262)   ObjectSynchronizer Weak        Min: 0.00, Avg: 0.00, Max: 0.00, Diff: 0.00, Sum: 0.00, Workers: 4
[6525.448s][debug][gc,phases      ] GC(262)     Dead                           Min: 0, Avg:  0.0, Max: 0, Diff: 0, Sum: 0, Workers: 4
[6525.448s][debug][gc,phases      ] GC(262)     Total                          Min: 0, Avg:  1.8, Max: 7, Diff: 7, Sum: 7, Workers: 4
[6525.448s][debug][gc,phases      ] GC(262)   JVMTI Tag Weak OopStorage      Min: 0.00, Avg: 0.00, Max: 0.00, Diff: 0.00, Sum: 0.00, Workers: 4
[6525.448s][debug][gc,phases      ] GC(262)     Dead                           Min: 0, Avg:  0.0, Max: 0, Diff: 0, Sum: 0, Workers: 4
[6525.448s][debug][gc,phases      ] GC(262)     Total                          Min: 0, Avg:  0.0, Max: 0, Diff: 0, Sum: 0, Workers: 4
[6525.448s][debug][gc,phases      ] GC(262)   StringTable Weak               Min: 0.00, Avg: 0.11, Max: 0.15, Diff: 0.15, Sum: 0.44, Workers: 4
[6525.448s][debug][gc,phases      ] GC(262)     Dead                           Min: 0, Avg:  0.0, Max: 0, Diff: 0, Sum: 0, Workers: 4
[6525.448s][debug][gc,phases      ] GC(262)     Total                          Min: 0, Avg: 12840.2, Max: 17442, Diff: 17442, Sum: 51361, Workers: 4
[6525.448s][debug][gc,phases      ] GC(262)   ResolvedMethodTable Weak       Min: 0.00, Avg: 0.04, Max: 0.05, Diff: 0.05, Sum: 0.15, Workers: 4
[6525.448s][debug][gc,phases      ] GC(262)     Dead                           Min: 0, Avg:  5.0, Max: 20, Diff: 20, Sum: 20, Workers: 4
[6525.448s][debug][gc,phases      ] GC(262)     Total                          Min: 0, Avg: 4358.5, Max: 5937, Diff: 5937, Sum: 17434, Workers: 4
[6525.448s][debug][gc,phases      ] GC(262)   JNI Weak                       Min: 0.00, Avg: 0.00, Max: 0.00, Diff: 0.00, Sum: 0.00, Workers: 4
[6525.448s][debug][gc,phases      ] GC(262)     Dead                           Min: 0, Avg:  0.0, Max: 0, Diff: 0, Sum: 0, Workers: 4
[6525.448s][debug][gc,phases      ] GC(262)     Total                          Min: 0, Avg: 13.0, Max: 48, Diff: 48, Sum: 52, Workers: 4
[6525.448s][debug][gc,phases      ] GC(262)   StringDedup Table Weak         Min: 0.00, Avg: 0.00, Max: 0.00, Diff: 0.00, Sum: 0.00, Workers: 4
[6525.448s][debug][gc,phases      ] GC(262)     Dead                           Min: 0, Avg:  0.0, Max: 0, Diff: 0, Sum: 0, Workers: 4
[6525.448s][debug][gc,phases      ] GC(262)     Total                          Min: 0, Avg:  0.0, Max: 0, Diff: 0, Sum: 0, Workers: 4
[6525.448s][debug][gc,phases      ] GC(262)   StringDedup Requests0 Weak     Min: 0.00, Avg: 0.00, Max: 0.00, Diff: 0.00, Sum: 0.00, Workers: 4
[6525.448s][debug][gc,phases      ] GC(262)     Dead                           Min: 0, Avg:  0.0, Max: 0, Diff: 0, Sum: 0, Workers: 4
[6525.448s][debug][gc,phases      ] GC(262)     Total                          Min: 0, Avg:  0.0, Max: 0, Diff: 0, Sum: 0, Workers: 4
[6525.448s][debug][gc,phases      ] GC(262)   StringDedup Requests1 Weak     Min: 0.00, Avg: 0.00, Max: 0.00, Diff: 0.00, Sum: 0.00, Workers: 4
[6525.448s][debug][gc,phases      ] GC(262)     Dead                           Min: 0, Avg:  0.0, Max: 0, Diff: 0, Sum: 0, Workers: 4
[6525.448s][debug][gc,phases      ] GC(262)     Total                          Min: 0, Avg:  0.0, Max: 0, Diff: 0, Sum: 0, Workers: 4
[6525.448s][debug][gc,phases      ] GC(262)   Weak JFR Old Object Samples    Min: 0.00, Avg: 0.00, Max: 0.00, Diff: 0.00, Sum: 0.00, Workers: 4
[6525.448s][debug][gc,phases      ] GC(262)     Dead                           Min: 0, Avg:  0.0, Max: 0, Diff: 0, Sum: 0, Workers: 4
[6525.448s][debug][gc,phases      ] GC(262)     Total                          Min: 0, Avg:  0.0, Max: 0, Diff: 0, Sum: 0, Workers: 4
[6525.448s][debug][gc,phases      ] GC(262) Weak Processing 0.366ms
[6525.448s][debug][gc,age         ] GC(262) Desired survivor size 37748736 bytes, new threshold 1 (max threshold 15)
[6525.448s][info ][gc,heap        ] GC(262) PSYoungGen: 2025152K(2058752K)->5872K(2057728K) Eden: 2019328K(2019328K)->0K(2019328K) From: 5824K(39424K)->5872K(38400K)
[6525.448s][info ][gc,heap        ] GC(262) ParOldGen: 1911727K(1911808K)->1913112K(1913344K)
[6525.448s][info ][gc,metaspace   ] GC(262) Metaspace: 113140K(114432K)->113140K(114432K) NonClass: 96740K(97472K)->96740K(97472K) Class: 16400K(16960K)->16400K(16960K)
[6525.448s][info ][gc             ] GC(262) Pause Young (Allocation Failure) 3844M->1874M(3878M) 6.962ms
[6525.448s][info ][gc,cpu         ] GC(262) User=0.03s Sys=0.00s Real=0.00s
[6525.448s][info ][safepoint      ] Safepoint "ParallelCollectForAllocation", Time since last: 28260198505 ns, Reaching safepoint: 26500 ns, At safepoint: 7023567 ns, Leaving safepoint: 3300 ns, Total: 7053367 ns, Threads: 0 runnable, 35 total
[6553.447s][info ][gc,start       ] GC(263) Pause Young (Allocation Failure)
[6553.454s][debug][gc,phases      ] GC(263) Scavenge 6.945ms
[6553.454s][debug][gc,ref         ] GC(263) Skipped SoftWeakFinalRefsPhase of Reference Processing: no references
[6553.454s][debug][gc,ref         ] GC(263) Skipped KeepAliveFinalRefsPhase of Reference Processing: no references
[6553.454s][debug][gc,ref         ] GC(263) Skipped PhantomRefsPhase of Reference Processing: no references
[6553.454s][debug][gc,phases      ] GC(263) Reference Processing 0.022ms
[6553.454s][debug][gc,phases      ] GC(263)   VM Weak                        Min: 0.00, Avg: 0.00, Max: 0.01, Diff: 0.00, Sum: 0.01, Workers: 4
[6553.454s][debug][gc,phases      ] GC(263)     Dead                           Min: 0, Avg:  0.0, Max: 0, Diff: 0, Sum: 0, Workers: 4
[6553.454s][debug][gc,phases      ] GC(263)     Total                          Min: 0, Avg: 240.5, Max: 448, Diff: 448, Sum: 962, Workers: 4
[6553.454s][debug][gc,phases      ] GC(263)   ObjectSynchronizer Weak        Min: 0.00, Avg: 0.00, Max: 0.00, Diff: 0.00, Sum: 0.00, Workers: 4
[6553.454s][debug][gc,phases      ] GC(263)     Dead                           Min: 0, Avg:  0.0, Max: 0, Diff: 0, Sum: 0, Workers: 4
[6553.454s][debug][gc,phases      ] GC(263)     Total                          Min: 0, Avg:  1.5, Max: 6, Diff: 6, Sum: 6, Workers: 4
[6553.454s][debug][gc,phases      ] GC(263)   JVMTI Tag Weak OopStorage      Min: 0.00, Avg: 0.00, Max: 0.00, Diff: 0.00, Sum: 0.00, Workers: 4
[6553.454s][debug][gc,phases      ] GC(263)     Dead                           Min: 0, Avg:  0.0, Max: 0, Diff: 0, Sum: 0, Workers: 4
[6553.454s][debug][gc,phases      ] GC(263)     Total                          Min: 0, Avg:  0.0, Max: 0, Diff: 0, Sum: 0, Workers: 4
[6553.454s][debug][gc,phases      ] GC(263)   StringTable Weak               Min: 0.00, Avg: 0.11, Max: 0.14, Diff: 0.14, Sum: 0.43, Workers: 4
[6553.454s][debug][gc,phases      ] GC(263)     Dead                           Min: 0, Avg:  0.0, Max: 0, Diff: 0, Sum: 0, Workers: 4
[6553.454s][debug][gc,phases      ] GC(263)     Total                          Min: 0, Avg: 12840.2, Max: 21822, Diff: 21822, Sum: 51361, Workers: 4
[6553.454s][debug][gc,phases      ] GC(263)   ResolvedMethodTable Weak       Min: 0.00, Avg: 0.03, Max: 0.04, Diff: 0.04, Sum: 0.13, Workers: 4
[6553.454s][debug][gc,phases      ] GC(263)     Dead                           Min: 0, Avg:  5.0, Max: 20, Diff: 20, Sum: 20, Workers: 4
[6553.454s][debug][gc,phases      ] GC(263)     Total                          Min: 0, Avg: 4358.5, Max: 7521, Diff: 7521, Sum: 17434, Workers: 4
[6553.454s][debug][gc,phases      ] GC(263)   JNI Weak                       Min: 0.00, Avg: 0.00, Max: 0.00, Diff: 0.00, Sum: 0.00, Workers: 4
[6553.454s][debug][gc,phases      ] GC(263)     Dead                           Min: 0, Avg:  0.0, Max: 0, Diff: 0, Sum: 0, Workers: 4
[6553.454s][debug][gc,phases      ] GC(263)     Total                          Min: 0, Avg: 13.0, Max: 48, Diff: 48, Sum: 52, Workers: 4
[6553.454s][debug][gc,phases      ] GC(263)   StringDedup Table Weak         Min: 0.00, Avg: 0.00, Max: 0.00, Diff: 0.00, Sum: 0.00, Workers: 4
[6553.454s][debug][gc,phases      ] GC(263)     Dead                           Min: 0, Avg:  0.0, Max: 0, Diff: 0, Sum: 0, Workers: 4
[6553.454s][debug][gc,phases      ] GC(263)     Total                          Min: 0, Avg:  0.0, Max: 0, Diff: 0, Sum: 0, Workers: 4
[6553.454s][debug][gc,phases      ] GC(263)   StringDedup Requests0 Weak     Min: 0.00, Avg: 0.00, Max: 0.00, Diff: 0.00, Sum: 0.00, Workers: 4
[6553.454s][debug][gc,phases      ] GC(263)     Dead                           Min: 0, Avg:  0.0, Max: 0, Diff: 0, Sum: 0, Workers: 4
[6553.455s][debug][gc,phases      ] GC(263)     Total                          Min: 0, Avg:  0.0, Max: 0, Diff: 0, Sum: 0, Workers: 4
[6553.455s][debug][gc,phases      ] GC(263)   StringDedup Requests1 Weak     Min: 0.00, Avg: 0.00, Max: 0.00, Diff: 0.00, Sum: 0.00, Workers: 4
[6553.455s][debug][gc,phases      ] GC(263)     Dead                           Min: 0, Avg:  0.0, Max: 0, Diff: 0, Sum: 0, Workers: 4
[6553.455s][debug][gc,phases      ] GC(263)     Total                          Min: 0, Avg:  0.0, Max: 0, Diff: 0, Sum: 0, Workers: 4
[6553.455s][debug][gc,phases      ] GC(263)   Weak JFR Old Object Samples    Min: 0.00, Avg: 0.00, Max: 0.00, Diff: 0.00, Sum: 0.00, Workers: 4
[6553.455s][debug][gc,phases      ] GC(263)     Dead                           Min: 0, Avg:  0.0, Max: 0, Diff: 0, Sum: 0, Workers: 4
[6553.455s][debug][gc,phases      ] GC(263)     Total                          Min: 0, Avg:  0.0, Max: 0, Diff: 0, Sum: 0, Workers: 4
[6553.455s][debug][gc,phases      ] GC(263) Weak Processing 0.384ms
[6553.455s][debug][gc,age         ] GC(263) Desired survivor size 36700160 bytes, new threshold 1 (max threshold 15)
[6553.455s][info ][gc,heap        ] GC(263) PSYoungGen: 2025200K(2057728K)->5456K(2061312K) Eden: 2019328K(2019328K)->0K(2024448K) From: 5872K(38400K)->5456K(36864K)
[6553.455s][info ][gc,heap        ] GC(263) ParOldGen: 1913112K(1913344K)->1914628K(1914880K)
[6553.455s][info ][gc,metaspace   ] GC(263) Metaspace: 113140K(114432K)->113140K(114432K) NonClass: 96740K(97472K)->96740K(97472K) Class: 16400K(16960K)->16400K(16960K)
[6553.455s][info ][gc             ] GC(263) Pause Young (Allocation Failure) 3846M->1875M(3883M) 7.462ms
[6553.455s][info ][gc,cpu         ] GC(263) User=0.03s Sys=0.00s Real=0.01s
[6553.455s][info ][safepoint      ] Safepoint "ParallelCollectForAllocation", Time since last: 27998887533 ns, Reaching safepoint: 28099 ns, At safepoint: 7527765 ns, Leaving safepoint: 6700 ns, Total: 7562564 ns, Threads: 0 runnable, 36 total
[6582.642s][info ][gc,start       ] GC(264) Pause Young (Allocation Failure)
[6582.649s][debug][gc,phases      ] GC(264) Scavenge 7.076ms
[6582.649s][debug][gc,ref         ] GC(264) Skipped SoftWeakFinalRefsPhase of Reference Processing: no references
[6582.649s][debug][gc,ref         ] GC(264) Skipped KeepAliveFinalRefsPhase of Reference Processing: no references
[6582.649s][debug][gc,ref         ] GC(264) Skipped PhantomRefsPhase of Reference Processing: no references
[6582.649s][debug][gc,phases      ] GC(264) Reference Processing 0.068ms
[6582.649s][debug][gc,phases      ] GC(264)   VM Weak                        Min: 0.00, Avg: 0.00, Max: 0.01, Diff: 0.01, Sum: 0.01, Workers: 4
[6582.649s][debug][gc,phases      ] GC(264)     Dead                           Min: 0, Avg:  0.0, Max: 0, Diff: 0, Sum: 0, Workers: 4
[6582.649s][debug][gc,phases      ] GC(264)     Total                          Min: 0, Avg: 240.5, Max: 576, Diff: 576, Sum: 962, Workers: 4
[6582.649s][debug][gc,phases      ] GC(264)   ObjectSynchronizer Weak        Min: 0.00, Avg: 0.00, Max: 0.00, Diff: 0.00, Sum: 0.00, Workers: 4
[6582.649s][debug][gc,phases      ] GC(264)     Dead                           Min: 0, Avg:  0.0, Max: 0, Diff: 0, Sum: 0, Workers: 4
[6582.649s][debug][gc,phases      ] GC(264)     Total                          Min: 0, Avg:  1.8, Max: 7, Diff: 7, Sum: 7, Workers: 4
[6582.649s][debug][gc,phases      ] GC(264)   JVMTI Tag Weak OopStorage      Min: 0.00, Avg: 0.00, Max: 0.00, Diff: 0.00, Sum: 0.00, Workers: 4
[6582.649s][debug][gc,phases      ] GC(264)     Dead                           Min: 0, Avg:  0.0, Max: 0, Diff: 0, Sum: 0, Workers: 4
[6582.649s][debug][gc,phases      ] GC(264)     Total                          Min: 0, Avg:  0.0, Max: 0, Diff: 0, Sum: 0, Workers: 4
[6582.649s][debug][gc,phases      ] GC(264)   StringTable Weak               Min: 0.00, Avg: 0.12, Max: 0.23, Diff: 0.23, Sum: 0.46, Workers: 4
[6582.649s][debug][gc,phases      ] GC(264)     Dead                           Min: 0, Avg:  0.0, Max: 0, Diff: 0, Sum: 0, Workers: 4
[6582.650s][debug][gc,phases      ] GC(264)     Total                          Min: 0, Avg: 12840.2, Max: 25698, Diff: 25698, Sum: 51361, Workers: 4
[6582.650s][debug][gc,phases      ] GC(264)   ResolvedMethodTable Weak       Min: 0.00, Avg: 0.04, Max: 0.07, Diff: 0.07, Sum: 0.15, Workers: 4
[6582.650s][debug][gc,phases      ] GC(264)     Dead                           Min: 0, Avg:  5.0, Max: 20, Diff: 20, Sum: 20, Workers: 4
[6582.650s][debug][gc,phases      ] GC(264)     Total                          Min: 0, Avg: 4358.5, Max: 8828, Diff: 8828, Sum: 17434, Workers: 4
[6582.650s][debug][gc,phases      ] GC(264)   JNI Weak                       Min: 0.00, Avg: 0.00, Max: 0.00, Diff: 0.00, Sum: 0.00, Workers: 4
[6582.650s][debug][gc,phases      ] GC(264)     Dead                           Min: 0, Avg:  0.0, Max: 0, Diff: 0, Sum: 0, Workers: 4
[6582.650s][debug][gc,phases      ] GC(264)     Total                          Min: 0, Avg: 13.0, Max: 52, Diff: 52, Sum: 52, Workers: 4
[6582.650s][debug][gc,phases      ] GC(264)   StringDedup Table Weak         Min: 0.00, Avg: 0.00, Max: 0.00, Diff: 0.00, Sum: 0.00, Workers: 4
[6582.650s][debug][gc,phases      ] GC(264)     Dead                           Min: 0, Avg:  0.0, Max: 0, Diff: 0, Sum: 0, Workers: 4
[6582.650s][debug][gc,phases      ] GC(264)     Total                          Min: 0, Avg:  0.0, Max: 0, Diff: 0, Sum: 0, Workers: 4
[6582.650s][debug][gc,phases      ] GC(264)   StringDedup Requests0 Weak     Min: 0.00, Avg: 0.00, Max: 0.00, Diff: 0.00, Sum: 0.00, Workers: 4
[6582.650s][debug][gc,phases      ] GC(264)     Dead                           Min: 0, Avg:  0.0, Max: 0, Diff: 0, Sum: 0, Workers: 4
[6582.650s][debug][gc,phases      ] GC(264)     Total                          Min: 0, Avg:  0.0, Max: 0, Diff: 0, Sum: 0, Workers: 4
[6582.650s][debug][gc,phases      ] GC(264)   StringDedup Requests1 Weak     Min: 0.00, Avg: 0.00, Max: 0.00, Diff: 0.00, Sum: 0.00, Workers: 4
[6582.650s][debug][gc,phases      ] GC(264)     Dead                           Min: 0, Avg:  0.0, Max: 0, Diff: 0, Sum: 0, Workers: 4
[6582.650s][debug][gc,phases      ] GC(264)     Total                          Min: 0, Avg:  0.0, Max: 0, Diff: 0, Sum: 0, Workers: 4
[6582.650s][debug][gc,phases      ] GC(264)   Weak JFR Old Object Samples    Min: 0.00, Avg: 0.00, Max: 0.00, Diff: 0.00, Sum: 0.00, Workers: 4
[6582.650s][debug][gc,phases      ] GC(264)     Dead                           Min: 0, Avg:  0.0, Max: 0, Diff: 0, Sum: 0, Workers: 4
[6582.650s][debug][gc,phases      ] GC(264)     Total                          Min: 0, Avg:  0.0, Max: 0, Diff: 0, Sum: 0, Workers: 4
[6582.650s][debug][gc,phases      ] GC(264) Weak Processing 0.572ms
[6582.650s][debug][gc,age         ] GC(264) Desired survivor size 35127296 bytes, new threshold 1 (max threshold 15)
[6582.650s][info ][gc,heap        ] GC(264) PSYoungGen: 2029904K(2061312K)->6976K(2060288K) Eden: 2024448K(2024448K)->0K(2024448K) From: 5456K(36864K)->6976K(35840K)
[6582.650s][info ][gc,heap        ] GC(264) ParOldGen: 1914628K(1914880K)->1915984K(1916416K)
[6582.650s][info ][gc,metaspace   ] GC(264) Metaspace: 113151K(114432K)->113151K(114432K) NonClass: 96751K(97472K)->96751K(97472K) Class: 16400K(16960K)->16400K(16960K)
[6582.650s][info ][gc             ] GC(264) Pause Young (Allocation Failure) 3852M->1877M(3883M) 7.856ms
[6582.650s][info ][gc,cpu         ] GC(264) User=0.03s Sys=0.00s Real=0.01s
[6582.650s][info ][safepoint      ] Safepoint "ParallelCollectForAllocation", Time since last: 29187107579 ns, Reaching safepoint: 81900 ns, At safepoint: 7932163 ns, Leaving safepoint: 20500 ns, Total: 8034563 ns, Threads: 1 runnable, 36 total
[6611.891s][info ][gc,start       ] GC(265) Pause Young (Allocation Failure)
[6611.897s][debug][gc,phases      ] GC(265) Scavenge 5.911ms
[6611.897s][debug][gc,ref         ] GC(265) Skipped SoftWeakFinalRefsPhase of Reference Processing: no references
[6611.897s][debug][gc,ref         ] GC(265) Skipped KeepAliveFinalRefsPhase of Reference Processing: no references
[6611.897s][debug][gc,ref         ] GC(265) Skipped PhantomRefsPhase of Reference Processing: no references
[6611.897s][debug][gc,phases      ] GC(265) Reference Processing 0.021ms
[6611.898s][debug][gc,phases      ] GC(265)   VM Weak                        Min: 0.00, Avg: 0.00, Max: 0.01, Diff: 0.01, Sum: 0.01, Workers: 4
[6611.898s][debug][gc,phases      ] GC(265)     Dead                           Min: 0, Avg:  0.0, Max: 0, Diff: 0, Sum: 0, Workers: 4
[6611.898s][debug][gc,phases      ] GC(265)     Total                          Min: 0, Avg: 240.5, Max: 960, Diff: 960, Sum: 962, Workers: 4
[6611.898s][debug][gc,phases      ] GC(265)   ObjectSynchronizer Weak        Min: 0.00, Avg: 0.00, Max: 0.00, Diff: 0.00, Sum: 0.00, Workers: 4
[6611.898s][debug][gc,phases      ] GC(265)     Dead                           Min: 0, Avg:  0.0, Max: 0, Diff: 0, Sum: 0, Workers: 4
[6611.898s][debug][gc,phases      ] GC(265)     Total                          Min: 0, Avg:  1.5, Max: 6, Diff: 6, Sum: 6, Workers: 4
[6611.898s][debug][gc,phases      ] GC(265)   JVMTI Tag Weak OopStorage      Min: 0.00, Avg: 0.00, Max: 0.00, Diff: 0.00, Sum: 0.00, Workers: 4
[6611.898s][debug][gc,phases      ] GC(265)     Dead                           Min: 0, Avg:  0.0, Max: 0, Diff: 0, Sum: 0, Workers: 4
[6611.898s][debug][gc,phases      ] GC(265)     Total                          Min: 0, Avg:  0.0, Max: 0, Diff: 0, Sum: 0, Workers: 4
[6611.898s][debug][gc,phases      ] GC(265)   StringTable Weak               Min: 0.00, Avg: 0.11, Max: 0.15, Diff: 0.15, Sum: 0.44, Workers: 4
[6611.898s][debug][gc,phases      ] GC(265)     Dead                           Min: 0, Avg:  0.0, Max: 0, Diff: 0, Sum: 0, Workers: 4
[6611.898s][debug][gc,phases      ] GC(265)     Total                          Min: 0, Avg: 12840.2, Max: 17600, Diff: 17600, Sum: 51361, Workers: 4
[6611.898s][debug][gc,phases      ] GC(265)   ResolvedMethodTable Weak       Min: 0.02, Avg: 0.06, Max: 0.08, Diff: 0.06, Sum: 0.24, Workers: 4
[6611.898s][debug][gc,phases      ] GC(265)     Dead                           Min: 0, Avg:  5.0, Max: 20, Diff: 20, Sum: 20, Workers: 4
[6611.898s][debug][gc,phases      ] GC(265)     Total                          Min: 640, Avg: 4358.5, Max: 7980, Diff: 7340, Sum: 17434, Workers: 4
[6611.898s][debug][gc,phases      ] GC(265)   JNI Weak                       Min: 0.00, Avg: 0.00, Max: 0.00, Diff: 0.00, Sum: 0.00, Workers: 4
[6611.898s][debug][gc,phases      ] GC(265)     Dead                           Min: 0, Avg:  0.0, Max: 0, Diff: 0, Sum: 0, Workers: 4
[6611.898s][debug][gc,phases      ] GC(265)     Total                          Min: 0, Avg: 13.0, Max: 48, Diff: 48, Sum: 52, Workers: 4
[6611.898s][debug][gc,phases      ] GC(265)   StringDedup Table Weak         Min: 0.00, Avg: 0.00, Max: 0.00, Diff: 0.00, Sum: 0.00, Workers: 4
[6611.898s][debug][gc,phases      ] GC(265)     Dead                           Min: 0, Avg:  0.0, Max: 0, Diff: 0, Sum: 0, Workers: 4
[6611.898s][debug][gc,phases      ] GC(265)     Total                          Min: 0, Avg:  0.0, Max: 0, Diff: 0, Sum: 0, Workers: 4
[6611.898s][debug][gc,phases      ] GC(265)   StringDedup Requests0 Weak     Min: 0.00, Avg: 0.00, Max: 0.00, Diff: 0.00, Sum: 0.00, Workers: 4
[6611.898s][debug][gc,phases      ] GC(265)     Dead                           Min: 0, Avg:  0.0, Max: 0, Diff: 0, Sum: 0, Workers: 4
[6611.898s][debug][gc,phases      ] GC(265)     Total                          Min: 0, Avg:  0.0, Max: 0, Diff: 0, Sum: 0, Workers: 4
[6611.898s][debug][gc,phases      ] GC(265)   StringDedup Requests1 Weak     Min: 0.00, Avg: 0.00, Max: 0.00, Diff: 0.00, Sum: 0.00, Workers: 4
[6611.898s][debug][gc,phases      ] GC(265)     Dead                           Min: 0, Avg:  0.0, Max: 0, Diff: 0, Sum: 0, Workers: 4
[6611.898s][debug][gc,phases      ] GC(265)     Total                          Min: 0, Avg:  0.0, Max: 0, Diff: 0, Sum: 0, Workers: 4
[6611.898s][debug][gc,phases      ] GC(265)   Weak JFR Old Object Samples    Min: 0.00, Avg: 0.00, Max: 0.00, Diff: 0.00, Sum: 0.00, Workers: 4
[6611.898s][debug][gc,phases      ] GC(265)     Dead                           Min: 0, Avg:  0.0, Max: 0, Diff: 0, Sum: 0, Workers: 4
[6611.898s][debug][gc,phases      ] GC(265)     Total                          Min: 0, Avg:  0.0, Max: 0, Diff: 0, Sum: 0, Workers: 4
[6611.898s][debug][gc,phases      ] GC(265) Weak Processing 0.434ms
[6611.898s][debug][gc,age         ] GC(265) Desired survivor size 34078720 bytes, new threshold 1 (max threshold 15)
[6611.898s][info ][gc,heap        ] GC(265) PSYoungGen: 2031424K(2060288K)->5504K(2063872K) Eden: 2024448K(2024448K)->0K(2029568K) From: 6976K(35840K)->5504K(34304K)
[6611.898s][info ][gc,heap        ] GC(265) ParOldGen: 1915984K(1916416K)->1917105K(1917440K)
[6611.898s][info ][gc,metaspace   ] GC(265) Metaspace: 113151K(114432K)->113151K(114432K) NonClass: 96751K(97472K)->96751K(97472K) Class: 16400K(16960K)->16400K(16960K)
[6611.898s][info ][gc             ] GC(265) Pause Young (Allocation Failure) 3854M->1877M(3888M) 6.485ms
[6611.898s][info ][gc,cpu         ] GC(265) User=0.02s Sys=0.00s Real=0.00s
[6611.898s][info ][safepoint      ] Safepoint "ParallelCollectForAllocation", Time since last: 29241400502 ns, Reaching safepoint: 78799 ns, At safepoint: 6546169 ns, Leaving safepoint: 8500 ns, Total: 6633468 ns, Threads: 1 runnable, 34 total
[6642.205s][info ][gc,start       ] GC(266) Pause Young (Allocation Failure)
[6642.211s][debug][gc,phases      ] GC(266) Scavenge 6.214ms
[6642.211s][debug][gc,ref         ] GC(266) Skipped SoftWeakFinalRefsPhase of Reference Processing: no references
[6642.211s][debug][gc,ref         ] GC(266) Skipped KeepAliveFinalRefsPhase of Reference Processing: no references
[6642.211s][debug][gc,ref         ] GC(266) Skipped PhantomRefsPhase of Reference Processing: no references
[6642.211s][debug][gc,phases      ] GC(266) Reference Processing 0.026ms
[6642.211s][debug][gc,phases      ] GC(266)   VM Weak                        Min: 0.00, Avg: 0.00, Max: 0.01, Diff: 0.01, Sum: 0.01, Workers: 4
[6642.211s][debug][gc,phases      ] GC(266)     Dead                           Min: 0, Avg:  0.0, Max: 0, Diff: 0, Sum: 0, Workers: 4
[6642.211s][debug][gc,phases      ] GC(266)     Total                          Min: 0, Avg: 240.5, Max: 770, Diff: 770, Sum: 962, Workers: 4
[6642.211s][debug][gc,phases      ] GC(266)   ObjectSynchronizer Weak        Min: 0.00, Avg: 0.00, Max: 0.00, Diff: 0.00, Sum: 0.00, Workers: 4
[6642.211s][debug][gc,phases      ] GC(266)     Dead                           Min: 0, Avg:  0.0, Max: 0, Diff: 0, Sum: 0, Workers: 4
[6642.211s][debug][gc,phases      ] GC(266)     Total                          Min: 0, Avg:  1.8, Max: 7, Diff: 7, Sum: 7, Workers: 4
[6642.211s][debug][gc,phases      ] GC(266)   JVMTI Tag Weak OopStorage      Min: 0.00, Avg: 0.00, Max: 0.00, Diff: 0.00, Sum: 0.00, Workers: 4
[6642.211s][debug][gc,phases      ] GC(266)     Dead                           Min: 0, Avg:  0.0, Max: 0, Diff: 0, Sum: 0, Workers: 4
[6642.211s][debug][gc,phases      ] GC(266)     Total                          Min: 0, Avg:  0.0, Max: 0, Diff: 0, Sum: 0, Workers: 4
[6642.211s][debug][gc,phases      ] GC(266)   StringTable Weak               Min: 0.00, Avg: 0.09, Max: 0.13, Diff: 0.13, Sum: 0.37, Workers: 4
[6642.211s][debug][gc,phases      ] GC(266)     Dead                           Min: 0, Avg:  0.0, Max: 0, Diff: 0, Sum: 0, Workers: 4
[6642.211s][debug][gc,phases      ] GC(266)     Total                          Min: 0, Avg: 12840.2, Max: 21886, Diff: 21886, Sum: 51361, Workers: 4
[6642.211s][debug][gc,phases      ] GC(266)   ResolvedMethodTable Weak       Min: 0.00, Avg: 0.03, Max: 0.04, Diff: 0.04, Sum: 0.13, Workers: 4
[6642.211s][debug][gc,phases      ] GC(266)     Dead                           Min: 0, Avg:  5.0, Max: 20, Diff: 20, Sum: 20, Workers: 4
[6642.211s][debug][gc,phases      ] GC(266)     Total                          Min: 0, Avg: 4358.5, Max: 7424, Diff: 7424, Sum: 17434, Workers: 4
[6642.211s][debug][gc,phases      ] GC(266)   JNI Weak                       Min: 0.00, Avg: 0.00, Max: 0.00, Diff: 0.00, Sum: 0.00, Workers: 4
[6642.211s][debug][gc,phases      ] GC(266)     Dead                           Min: 0, Avg:  0.0, Max: 0, Diff: 0, Sum: 0, Workers: 4
[6642.211s][debug][gc,phases      ] GC(266)     Total                          Min: 0, Avg: 13.0, Max: 48, Diff: 48, Sum: 52, Workers: 4
[6642.211s][debug][gc,phases      ] GC(266)   StringDedup Table Weak         Min: 0.00, Avg: 0.00, Max: 0.00, Diff: 0.00, Sum: 0.00, Workers: 4
[6642.211s][debug][gc,phases      ] GC(266)     Dead                           Min: 0, Avg:  0.0, Max: 0, Diff: 0, Sum: 0, Workers: 4
[6642.211s][debug][gc,phases      ] GC(266)     Total                          Min: 0, Avg:  0.0, Max: 0, Diff: 0, Sum: 0, Workers: 4
[6642.211s][debug][gc,phases      ] GC(266)   StringDedup Requests0 Weak     Min: 0.00, Avg: 0.00, Max: 0.00, Diff: 0.00, Sum: 0.00, Workers: 4
[6642.211s][debug][gc,phases      ] GC(266)     Dead                           Min: 0, Avg:  0.0, Max: 0, Diff: 0, Sum: 0, Workers: 4
[6642.211s][debug][gc,phases      ] GC(266)     Total                          Min: 0, Avg:  0.0, Max: 0, Diff: 0, Sum: 0, Workers: 4
[6642.211s][debug][gc,phases      ] GC(266)   StringDedup Requests1 Weak     Min: 0.00, Avg: 0.00, Max: 0.00, Diff: 0.00, Sum: 0.00, Workers: 4
[6642.211s][debug][gc,phases      ] GC(266)     Dead                           Min: 0, Avg:  0.0, Max: 0, Diff: 0, Sum: 0, Workers: 4
[6642.211s][debug][gc,phases      ] GC(266)     Total                          Min: 0, Avg:  0.0, Max: 0, Diff: 0, Sum: 0, Workers: 4
[6642.211s][debug][gc,phases      ] GC(266)   Weak JFR Old Object Samples    Min: 0.00, Avg: 0.00, Max: 0.00, Diff: 0.00, Sum: 0.00, Workers: 4
[6642.211s][debug][gc,phases      ] GC(266)     Dead                           Min: 0, Avg:  0.0, Max: 0, Diff: 0, Sum: 0, Workers: 4
[6642.211s][debug][gc,phases      ] GC(266)     Total                          Min: 0, Avg:  0.0, Max: 0, Diff: 0, Sum: 0, Workers: 4
[6642.211s][debug][gc,phases      ] GC(266) Weak Processing 0.336ms
[6642.211s][debug][gc,age         ] GC(266) Desired survivor size 32505856 bytes, new threshold 1 (max threshold 15)
[6642.211s][info ][gc,heap        ] GC(266) PSYoungGen: 2035072K(2063872K)->5104K(2062848K) Eden: 2029568K(2029568K)->0K(2029568K) From: 5504K(34304K)->5104K(33280K)
[6642.211s][info ][gc,heap        ] GC(266) ParOldGen: 1917105K(1917440K)->1919045K(1919488K)
[6642.211s][info ][gc,metaspace   ] GC(266) Metaspace: 113154K(114432K)->113154K(114432K) NonClass: 96754K(97472K)->96754K(97472K) Class: 16400K(16960K)->16400K(16960K)
[6642.211s][info ][gc             ] GC(266) Pause Young (Allocation Failure) 3859M->1879M(3889M) 6.676ms
[6642.211s][info ][gc,cpu         ] GC(266) User=0.02s Sys=0.00s Real=0.01s
[6642.211s][info ][safepoint      ] Safepoint "ParallelCollectForAllocation", Time since last: 30306711173 ns, Reaching safepoint: 21599 ns, At safepoint: 6744969 ns, Leaving safepoint: 7600 ns, Total: 6774168 ns, Threads: 0 runnable, 40 total
[6669.046s][info ][gc,start       ] GC(267) Pause Young (Allocation Failure)
[6669.054s][debug][gc,phases      ] GC(267) Scavenge 7.608ms
[6669.054s][debug][gc,ref         ] GC(267) Skipped SoftWeakFinalRefsPhase of Reference Processing: no references
[6669.054s][debug][gc,ref         ] GC(267) Skipped KeepAliveFinalRefsPhase of Reference Processing: no references
[6669.054s][debug][gc,ref         ] GC(267) Skipped PhantomRefsPhase of Reference Processing: no references
[6669.054s][debug][gc,phases      ] GC(267) Reference Processing 0.022ms
[6669.054s][debug][gc,phases      ] GC(267)   VM Weak                        Min: 0.00, Avg: 0.00, Max: 0.01, Diff: 0.01, Sum: 0.01, Workers: 4
[6669.054s][debug][gc,phases      ] GC(267)     Dead                           Min: 0, Avg:  0.0, Max: 0, Diff: 0, Sum: 0, Workers: 4
[6669.054s][debug][gc,phases      ] GC(267)     Total                          Min: 0, Avg: 240.5, Max: 770, Diff: 770, Sum: 962, Workers: 4
[6669.054s][debug][gc,phases      ] GC(267)   ObjectSynchronizer Weak        Min: 0.00, Avg: 0.00, Max: 0.00, Diff: 0.00, Sum: 0.00, Workers: 4
[6669.054s][debug][gc,phases      ] GC(267)     Dead                           Min: 0, Avg:  0.0, Max: 0, Diff: 0, Sum: 0, Workers: 4
[6669.054s][debug][gc,phases      ] GC(267)     Total                          Min: 0, Avg:  1.5, Max: 6, Diff: 6, Sum: 6, Workers: 4
[6669.054s][debug][gc,phases      ] GC(267)   JVMTI Tag Weak OopStorage      Min: 0.00, Avg: 0.00, Max: 0.00, Diff: 0.00, Sum: 0.00, Workers: 4
[6669.054s][debug][gc,phases      ] GC(267)     Dead                           Min: 0, Avg:  0.0, Max: 0, Diff: 0, Sum: 0, Workers: 4
[6669.054s][debug][gc,phases      ] GC(267)     Total                          Min: 0, Avg:  0.0, Max: 0, Diff: 0, Sum: 0, Workers: 4
[6669.054s][debug][gc,phases      ] GC(267)   StringTable Weak               Min: 0.00, Avg: 0.11, Max: 0.14, Diff: 0.14, Sum: 0.43, Workers: 4
[6669.054s][debug][gc,phases      ] GC(267)     Dead                           Min: 0, Avg:  0.0, Max: 0, Diff: 0, Sum: 0, Workers: 4
[6669.054s][debug][gc,phases      ] GC(267)     Total                          Min: 0, Avg: 12840.2, Max: 21182, Diff: 21182, Sum: 51361, Workers: 4
[6669.054s][debug][gc,phases      ] GC(267)   ResolvedMethodTable Weak       Min: 0.00, Avg: 0.03, Max: 0.05, Diff: 0.05, Sum: 0.14, Workers: 4
[6669.054s][debug][gc,phases      ] GC(267)     Dead                           Min: 0, Avg:  5.0, Max: 20, Diff: 20, Sum: 20, Workers: 4
[6669.054s][debug][gc,phases      ] GC(267)     Total                          Min: 0, Avg: 4358.5, Max: 6748, Diff: 6748, Sum: 17434, Workers: 4
[6669.054s][debug][gc,phases      ] GC(267)   JNI Weak                       Min: 0.00, Avg: 0.00, Max: 0.00, Diff: 0.00, Sum: 0.00, Workers: 4
[6669.054s][debug][gc,phases      ] GC(267)     Dead                           Min: 0, Avg:  0.0, Max: 0, Diff: 0, Sum: 0, Workers: 4
[6669.054s][debug][gc,phases      ] GC(267)     Total                          Min: 0, Avg: 13.0, Max: 48, Diff: 48, Sum: 52, Workers: 4
[6669.054s][debug][gc,phases      ] GC(267)   StringDedup Table Weak         Min: 0.00, Avg: 0.00, Max: 0.00, Diff: 0.00, Sum: 0.00, Workers: 4
[6669.054s][debug][gc,phases      ] GC(267)     Dead                           Min: 0, Avg:  0.0, Max: 0, Diff: 0, Sum: 0, Workers: 4
[6669.054s][debug][gc,phases      ] GC(267)     Total                          Min: 0, Avg:  0.0, Max: 0, Diff: 0, Sum: 0, Workers: 4
[6669.054s][debug][gc,phases      ] GC(267)   StringDedup Requests0 Weak     Min: 0.00, Avg: 0.00, Max: 0.00, Diff: 0.00, Sum: 0.00, Workers: 4
[6669.054s][debug][gc,phases      ] GC(267)     Dead                           Min: 0, Avg:  0.0, Max: 0, Diff: 0, Sum: 0, Workers: 4
[6669.054s][debug][gc,phases      ] GC(267)     Total                          Min: 0, Avg:  0.0, Max: 0, Diff: 0, Sum: 0, Workers: 4
[6669.054s][debug][gc,phases      ] GC(267)   StringDedup Requests1 Weak     Min: 0.00, Avg: 0.00, Max: 0.00, Diff: 0.00, Sum: 0.00, Workers: 4
[6669.054s][debug][gc,phases      ] GC(267)     Dead                           Min: 0, Avg:  0.0, Max: 0, Diff: 0, Sum: 0, Workers: 4
[6669.054s][debug][gc,phases      ] GC(267)     Total                          Min: 0, Avg:  0.0, Max: 0, Diff: 0, Sum: 0, Workers: 4
[6669.054s][debug][gc,phases      ] GC(267)   Weak JFR Old Object Samples    Min: 0.00, Avg: 0.00, Max: 0.00, Diff: 0.00, Sum: 0.00, Workers: 4
[6669.054s][debug][gc,phases      ] GC(267)     Dead                           Min: 0, Avg:  0.0, Max: 0, Diff: 0, Sum: 0, Workers: 4
[6669.054s][debug][gc,phases      ] GC(267)     Total                          Min: 0, Avg:  0.0, Max: 0, Diff: 0, Sum: 0, Workers: 4
[6669.054s][debug][gc,phases      ] GC(267) Weak Processing 0.415ms
[6669.054s][debug][gc,age         ] GC(267) Desired survivor size 31457280 bytes, new threshold 1 (max threshold 15)
[6669.054s][info ][gc,heap        ] GC(267) PSYoungGen: 2034672K(2062848K)->5376K(2066432K) Eden: 2029568K(2029568K)->0K(2034688K) From: 5104K(33280K)->5376K(31744K)
[6669.054s][info ][gc,heap        ] GC(267) ParOldGen: 1919045K(1919488K)->1920945K(1921024K)
[6669.054s][info ][gc,metaspace   ] GC(267) Metaspace: 113164K(114432K)->113164K(114432K) NonClass: 96764K(97472K)->96764K(97472K) Class: 16400K(16960K)->16400K(16960K)
[6669.054s][info ][gc             ] GC(267) Pause Young (Allocation Failure) 3861M->1881M(3894M) 8.165ms
[6669.054s][info ][gc,cpu         ] GC(267) User=0.02s Sys=0.00s Real=0.01s
[6669.054s][info ][safepoint      ] Safepoint "ParallelCollectForAllocation", Time since last: 26834867351 ns, Reaching safepoint: 108399 ns, At safepoint: 8230462 ns, Leaving safepoint: 12300 ns, Total: 8351161 ns, Threads: 1 runnable, 40 total
[6694.079s][info ][gc,start       ] GC(268) Pause Young (Allocation Failure)
[6694.086s][debug][gc,phases      ] GC(268) Scavenge 6.510ms
[6694.086s][debug][gc,ref         ] GC(268) Skipped SoftWeakFinalRefsPhase of Reference Processing: no references
[6694.086s][debug][gc,ref         ] GC(268) Skipped KeepAliveFinalRefsPhase of Reference Processing: no references
[6694.086s][debug][gc,ref         ] GC(268) Skipped PhantomRefsPhase of Reference Processing: no references
[6694.086s][debug][gc,phases      ] GC(268) Reference Processing 0.019ms
[6694.086s][debug][gc,phases      ] GC(268)   VM Weak                        Min: 0.00, Avg: 0.00, Max: 0.01, Diff: 0.01, Sum: 0.01, Workers: 4
[6694.086s][debug][gc,phases      ] GC(268)     Dead                           Min: 0, Avg:  0.0, Max: 0, Diff: 0, Sum: 0, Workers: 4
[6694.086s][debug][gc,phases      ] GC(268)     Total                          Min: 0, Avg: 240.5, Max: 640, Diff: 640, Sum: 962, Workers: 4
[6694.086s][debug][gc,phases      ] GC(268)   ObjectSynchronizer Weak        Min: 0.00, Avg: 0.00, Max: 0.00, Diff: 0.00, Sum: 0.00, Workers: 4
[6694.086s][debug][gc,phases      ] GC(268)     Dead                           Min: 0, Avg:  0.0, Max: 0, Diff: 0, Sum: 0, Workers: 4
[6694.086s][debug][gc,phases      ] GC(268)     Total                          Min: 0, Avg:  1.8, Max: 7, Diff: 7, Sum: 7, Workers: 4
[6694.086s][debug][gc,phases      ] GC(268)   JVMTI Tag Weak OopStorage      Min: 0.00, Avg: 0.00, Max: 0.00, Diff: 0.00, Sum: 0.00, Workers: 4
[6694.086s][debug][gc,phases      ] GC(268)     Dead                           Min: 0, Avg:  0.0, Max: 0, Diff: 0, Sum: 0, Workers: 4
[6694.086s][debug][gc,phases      ] GC(268)     Total                          Min: 0, Avg:  0.0, Max: 0, Diff: 0, Sum: 0, Workers: 4
[6694.086s][debug][gc,phases      ] GC(268)   StringTable Weak               Min: 0.00, Avg: 0.09, Max: 0.13, Diff: 0.13, Sum: 0.38, Workers: 4
[6694.086s][debug][gc,phases      ] GC(268)     Dead                           Min: 0, Avg:  0.0, Max: 0, Diff: 0, Sum: 0, Workers: 4
[6694.086s][debug][gc,phases      ] GC(268)     Total                          Min: 0, Avg: 12841.0, Max: 22053, Diff: 22053, Sum: 51364, Workers: 4
[6694.086s][debug][gc,phases      ] GC(268)   ResolvedMethodTable Weak       Min: 0.00, Avg: 0.03, Max: 0.04, Diff: 0.04, Sum: 0.13, Workers: 4
[6694.086s][debug][gc,phases      ] GC(268)     Dead                           Min: 0, Avg:  5.0, Max: 20, Diff: 20, Sum: 20, Workers: 4
[6694.086s][debug][gc,phases      ] GC(268)     Total                          Min: 0, Avg: 4358.5, Max: 7585, Diff: 7585, Sum: 17434, Workers: 4
[6694.086s][debug][gc,phases      ] GC(268)   JNI Weak                       Min: 0.00, Avg: 0.00, Max: 0.00, Diff: 0.00, Sum: 0.00, Workers: 4
[6694.086s][debug][gc,phases      ] GC(268)     Dead                           Min: 0, Avg:  0.0, Max: 0, Diff: 0, Sum: 0, Workers: 4
[6694.086s][debug][gc,phases      ] GC(268)     Total                          Min: 0, Avg: 13.0, Max: 48, Diff: 48, Sum: 52, Workers: 4
[6694.086s][debug][gc,phases      ] GC(268)   StringDedup Table Weak         Min: 0.00, Avg: 0.00, Max: 0.00, Diff: 0.00, Sum: 0.00, Workers: 4
[6694.086s][debug][gc,phases      ] GC(268)     Dead                           Min: 0, Avg:  0.0, Max: 0, Diff: 0, Sum: 0, Workers: 4
[6694.086s][debug][gc,phases      ] GC(268)     Total                          Min: 0, Avg:  0.0, Max: 0, Diff: 0, Sum: 0, Workers: 4
[6694.086s][debug][gc,phases      ] GC(268)   StringDedup Requests0 Weak     Min: 0.00, Avg: 0.00, Max: 0.00, Diff: 0.00, Sum: 0.00, Workers: 4
[6694.086s][debug][gc,phases      ] GC(268)     Dead                           Min: 0, Avg:  0.0, Max: 0, Diff: 0, Sum: 0, Workers: 4
[6694.086s][debug][gc,phases      ] GC(268)     Total                          Min: 0, Avg:  0.0, Max: 0, Diff: 0, Sum: 0, Workers: 4
[6694.086s][debug][gc,phases      ] GC(268)   StringDedup Requests1 Weak     Min: 0.00, Avg: 0.00, Max: 0.00, Diff: 0.00, Sum: 0.00, Workers: 4
[6694.086s][debug][gc,phases      ] GC(268)     Dead                           Min: 0, Avg:  0.0, Max: 0, Diff: 0, Sum: 0, Workers: 4
[6694.086s][debug][gc,phases      ] GC(268)     Total                          Min: 0, Avg:  0.0, Max: 0, Diff: 0, Sum: 0, Workers: 4
[6694.086s][debug][gc,phases      ] GC(268)   Weak JFR Old Object Samples    Min: 0.00, Avg: 0.00, Max: 0.00, Diff: 0.00, Sum: 0.00, Workers: 4
[6694.086s][debug][gc,phases      ] GC(268)     Dead                           Min: 0, Avg:  0.0, Max: 0, Diff: 0, Sum: 0, Workers: 4
[6694.086s][debug][gc,phases      ] GC(268)     Total                          Min: 0, Avg:  0.0, Max: 0, Diff: 0, Sum: 0, Workers: 4
[6694.086s][debug][gc,phases      ] GC(268) Weak Processing 0.359ms
[6694.086s][debug][gc,age         ] GC(268) Desired survivor size 29884416 bytes, new threshold 1 (max threshold 15)
[6694.086s][info ][gc,heap        ] GC(268) PSYoungGen: 2040064K(2066432K)->6352K(2065408K) Eden: 2034688K(2034688K)->0K(2034688K) From: 5376K(31744K)->6352K(30720K)
[6694.086s][info ][gc,heap        ] GC(268) ParOldGen: 1920945K(1921024K)->1922474K(1922560K)
[6694.086s][info ][gc,metaspace   ] GC(268) Metaspace: 113166K(114432K)->113166K(114432K) NonClass: 96766K(97472K)->96766K(97472K) Class: 16400K(16960K)->16400K(16960K)
[6694.086s][info ][gc             ] GC(268) Pause Young (Allocation Failure) 3868M->1883M(3894M) 6.987ms
[6694.086s][info ][gc,cpu         ] GC(268) User=0.03s Sys=0.00s Real=0.00s
[6694.087s][info ][safepoint      ] Safepoint "ParallelCollectForAllocation", Time since last: 25024950969 ns, Reaching safepoint: 25700 ns, At safepoint: 7048067 ns, Leaving safepoint: 2100 ns, Total: 7075867 ns, Threads: 0 runnable, 36 total
[6710.172s][info ][gc,start       ] GC(269) Pause Young (Allocation Failure)
[6710.193s][debug][gc,phases      ] GC(269) Scavenge 20.195ms
[6710.193s][debug][gc,ref         ] GC(269) Skipped SoftWeakFinalRefsPhase of Reference Processing: no references
[6710.193s][debug][gc,ref         ] GC(269) Skipped KeepAliveFinalRefsPhase of Reference Processing: no references
[6710.193s][debug][gc,ref         ] GC(269) Skipped PhantomRefsPhase of Reference Processing: no references
[6710.193s][debug][gc,phases      ] GC(269) Reference Processing 0.024ms
[6710.193s][debug][gc,phases      ] GC(269)   VM Weak                        Min: 0.00, Avg: 0.00, Max: 0.01, Diff: 0.01, Sum: 0.01, Workers: 4
[6710.193s][debug][gc,phases      ] GC(269)     Dead                           Min: 0, Avg:  0.0, Max: 0, Diff: 0, Sum: 0, Workers: 4
[6710.193s][debug][gc,phases      ] GC(269)     Total                          Min: 0, Avg: 240.5, Max: 768, Diff: 768, Sum: 962, Workers: 4
[6710.193s][debug][gc,phases      ] GC(269)   ObjectSynchronizer Weak        Min: 0.00, Avg: 0.00, Max: 0.00, Diff: 0.00, Sum: 0.00, Workers: 4
[6710.193s][debug][gc,phases      ] GC(269)     Dead                           Min: 0, Avg:  0.0, Max: 0, Diff: 0, Sum: 0, Workers: 4
[6710.193s][debug][gc,phases      ] GC(269)     Total                          Min: 0, Avg:  2.0, Max: 8, Diff: 8, Sum: 8, Workers: 4
[6710.193s][debug][gc,phases      ] GC(269)   JVMTI Tag Weak OopStorage      Min: 0.00, Avg: 0.00, Max: 0.00, Diff: 0.00, Sum: 0.00, Workers: 4
[6710.193s][debug][gc,phases      ] GC(269)     Dead                           Min: 0, Avg:  0.0, Max: 0, Diff: 0, Sum: 0, Workers: 4
[6710.193s][debug][gc,phases      ] GC(269)     Total                          Min: 0, Avg:  0.0, Max: 0, Diff: 0, Sum: 0, Workers: 4
[6710.193s][debug][gc,phases      ] GC(269)   StringTable Weak               Min: 0.11, Avg: 0.11, Max: 0.11, Diff: 0.00, Sum: 0.44, Workers: 4
[6710.193s][debug][gc,phases      ] GC(269)     Dead                           Min: 0, Avg:  0.0, Max: 0, Diff: 0, Sum: 0, Workers: 4
[6710.193s][debug][gc,phases      ] GC(269)     Total                          Min: 12223, Avg: 12841.2, Max: 14055, Diff: 1832, Sum: 51365, Workers: 4
[6710.193s][debug][gc,phases      ] GC(269)   ResolvedMethodTable Weak       Min: 0.04, Avg: 0.04, Max: 0.04, Diff: 0.00, Sum: 0.14, Workers: 4
[6710.193s][debug][gc,phases      ] GC(269)     Dead                           Min: 0, Avg:  0.0, Max: 0, Diff: 0, Sum: 0, Workers: 4
[6710.193s][debug][gc,phases      ] GC(269)     Total                          Min: 4093, Avg: 4358.5, Max: 5036, Diff: 943, Sum: 17434, Workers: 4
[6710.193s][debug][gc,phases      ] GC(269)   JNI Weak                       Min: 0.00, Avg: 0.00, Max: 0.00, Diff: 0.00, Sum: 0.00, Workers: 4
[6710.193s][debug][gc,phases      ] GC(269)     Dead                           Min: 0, Avg:  0.0, Max: 0, Diff: 0, Sum: 0, Workers: 4
[6710.193s][debug][gc,phases      ] GC(269)     Total                          Min: 0, Avg: 13.2, Max: 48, Diff: 48, Sum: 53, Workers: 4
[6710.193s][debug][gc,phases      ] GC(269)   StringDedup Table Weak         Min: 0.00, Avg: 0.00, Max: 0.00, Diff: 0.00, Sum: 0.00, Workers: 4
[6710.193s][debug][gc,phases      ] GC(269)     Dead                           Min: 0, Avg:  0.0, Max: 0, Diff: 0, Sum: 0, Workers: 4
[6710.193s][debug][gc,phases      ] GC(269)     Total                          Min: 0, Avg:  0.0, Max: 0, Diff: 0, Sum: 0, Workers: 4
[6710.193s][debug][gc,phases      ] GC(269)   StringDedup Requests0 Weak     Min: 0.00, Avg: 0.00, Max: 0.00, Diff: 0.00, Sum: 0.00, Workers: 4
[6710.193s][debug][gc,phases      ] GC(269)     Dead                           Min: 0, Avg:  0.0, Max: 0, Diff: 0, Sum: 0, Workers: 4
[6710.193s][debug][gc,phases      ] GC(269)     Total                          Min: 0, Avg:  0.0, Max: 0, Diff: 0, Sum: 0, Workers: 4
[6710.193s][debug][gc,phases      ] GC(269)   StringDedup Requests1 Weak     Min: 0.00, Avg: 0.00, Max: 0.00, Diff: 0.00, Sum: 0.00, Workers: 4
[6710.193s][debug][gc,phases      ] GC(269)     Dead                           Min: 0, Avg:  0.0, Max: 0, Diff: 0, Sum: 0, Workers: 4
[6710.193s][debug][gc,phases      ] GC(269)     Total                          Min: 0, Avg:  0.0, Max: 0, Diff: 0, Sum: 0, Workers: 4
[6710.193s][debug][gc,phases      ] GC(269)   Weak JFR Old Object Samples    Min: 0.00, Avg: 0.00, Max: 0.00, Diff: 0.00, Sum: 0.00, Workers: 4
[6710.193s][debug][gc,phases      ] GC(269)     Dead                           Min: 0, Avg:  0.0, Max: 0, Diff: 0, Sum: 0, Workers: 4
[6710.193s][debug][gc,phases      ] GC(269)     Total                          Min: 0, Avg:  0.0, Max: 0, Diff: 0, Sum: 0, Workers: 4
[6710.193s][debug][gc,phases      ] GC(269) Weak Processing 0.346ms
[6710.193s][debug][gc,age         ] GC(269) Desired survivor size 37224448 bytes, new threshold 1 (max threshold 15)
[6710.193s][info ][gc,heap        ] GC(269) PSYoungGen: 2040754K(2065408K)->29169K(2053632K) Eden: 2034401K(2034688K)->0K(2024448K) From: 6352K(30720K)->29169K(29184K)
[6710.193s][info ][gc,heap        ] GC(269) ParOldGen: 1922474K(1922560K)->1928198K(1928704K)
[6710.193s][info ][gc,metaspace   ] GC(269) Metaspace: 113177K(114432K)->113177K(114432K) NonClass: 96777K(97472K)->96777K(97472K) Class: 16400K(16960K)->16400K(16960K)
[6710.193s][info ][gc             ] GC(269) Pause Young (Allocation Failure) 3870M->1911M(3889M) 20.692ms
[6710.193s][info ][gc,cpu         ] GC(269) User=0.08s Sys=0.00s Real=0.02s
[6710.193s][info ][safepoint      ] Safepoint "ParallelCollectForAllocation", Time since last: 16085696256 ns, Reaching safepoint: 88800 ns, At safepoint: 20766203 ns, Leaving safepoint: 13900 ns, Total: 20868903 ns, Threads: 1 runnable, 39 total
[6724.094s][info ][gc,start       ] GC(270) Pause Young (Allocation Failure)
[6724.118s][debug][gc,phases      ] GC(270) Scavenge 23.474ms
[6724.118s][debug][gc,ref         ] GC(270) ReferenceProcessor::execute queues: 1, RefProcThreadModel::Single, marks_oops_alive: false
[6724.118s][debug][gc,ref         ] GC(270) Skipped KeepAliveFinalRefsPhase of Reference Processing: no references
[6724.118s][debug][gc,ref         ] GC(270) Skipped PhantomRefsPhase of Reference Processing: no references
[6724.118s][debug][gc,phases      ] GC(270) Reference Processing 0.094ms
[6724.118s][debug][gc,phases      ] GC(270)   VM Weak                        Min: 0.00, Avg: 0.00, Max: 0.01, Diff: 0.01, Sum: 0.01, Workers: 4
[6724.118s][debug][gc,phases      ] GC(270)     Dead                           Min: 0, Avg:  0.0, Max: 0, Diff: 0, Sum: 0, Workers: 4
[6724.118s][debug][gc,phases      ] GC(270)     Total                          Min: 0, Avg: 240.5, Max: 514, Diff: 514, Sum: 962, Workers: 4
[6724.118s][debug][gc,phases      ] GC(270)   ObjectSynchronizer Weak        Min: 0.00, Avg: 0.00, Max: 0.00, Diff: 0.00, Sum: 0.00, Workers: 4
[6724.118s][debug][gc,phases      ] GC(270)     Dead                           Min: 0, Avg:  0.0, Max: 0, Diff: 0, Sum: 0, Workers: 4
[6724.118s][debug][gc,phases      ] GC(270)     Total                          Min: 0, Avg:  1.2, Max: 5, Diff: 5, Sum: 5, Workers: 4
[6724.118s][debug][gc,phases      ] GC(270)   JVMTI Tag Weak OopStorage      Min: 0.00, Avg: 0.00, Max: 0.00, Diff: 0.00, Sum: 0.00, Workers: 4
[6724.118s][debug][gc,phases      ] GC(270)     Dead                           Min: 0, Avg:  0.0, Max: 0, Diff: 0, Sum: 0, Workers: 4
[6724.118s][debug][gc,phases      ] GC(270)     Total                          Min: 0, Avg:  0.0, Max: 0, Diff: 0, Sum: 0, Workers: 4
[6724.118s][debug][gc,phases      ] GC(270)   StringTable Weak               Min: 0.00, Avg: 0.09, Max: 0.13, Diff: 0.13, Sum: 0.37, Workers: 4
[6724.118s][debug][gc,phases      ] GC(270)     Dead                           Min: 0, Avg:  0.0, Max: 0, Diff: 0, Sum: 0, Workers: 4
[6724.118s][debug][gc,phases      ] GC(270)     Total                          Min: 0, Avg: 12841.2, Max: 22526, Diff: 22526, Sum: 51365, Workers: 4
[6724.118s][debug][gc,phases      ] GC(270)   ResolvedMethodTable Weak       Min: 0.00, Avg: 0.03, Max: 0.04, Diff: 0.04, Sum: 0.13, Workers: 4
[6724.118s][debug][gc,phases      ] GC(270)     Dead                           Min: 0, Avg:  5.0, Max: 20, Diff: 20, Sum: 20, Workers: 4
[6724.118s][debug][gc,phases      ] GC(270)     Total                          Min: 0, Avg: 4358.5, Max: 7521, Diff: 7521, Sum: 17434, Workers: 4
[6724.118s][debug][gc,phases      ] GC(270)   JNI Weak                       Min: 0.00, Avg: 0.00, Max: 0.00, Diff: 0.00, Sum: 0.00, Workers: 4
[6724.118s][debug][gc,phases      ] GC(270)     Dead                           Min: 0, Avg:  0.0, Max: 0, Diff: 0, Sum: 0, Workers: 4
[6724.118s][debug][gc,phases      ] GC(270)     Total                          Min: 0, Avg: 13.0, Max: 48, Diff: 48, Sum: 52, Workers: 4
[6724.118s][debug][gc,phases      ] GC(270)   StringDedup Table Weak         Min: 0.00, Avg: 0.00, Max: 0.00, Diff: 0.00, Sum: 0.00, Workers: 4
[6724.118s][debug][gc,phases      ] GC(270)     Dead                           Min: 0, Avg:  0.0, Max: 0, Diff: 0, Sum: 0, Workers: 4
[6724.118s][debug][gc,phases      ] GC(270)     Total                          Min: 0, Avg:  0.0, Max: 0, Diff: 0, Sum: 0, Workers: 4
[6724.118s][debug][gc,phases      ] GC(270)   StringDedup Requests0 Weak     Min: 0.00, Avg: 0.00, Max: 0.00, Diff: 0.00, Sum: 0.00, Workers: 4
[6724.118s][debug][gc,phases      ] GC(270)     Dead                           Min: 0, Avg:  0.0, Max: 0, Diff: 0, Sum: 0, Workers: 4
[6724.118s][debug][gc,phases      ] GC(270)     Total                          Min: 0, Avg:  0.0, Max: 0, Diff: 0, Sum: 0, Workers: 4
[6724.118s][debug][gc,phases      ] GC(270)   StringDedup Requests1 Weak     Min: 0.00, Avg: 0.00, Max: 0.00, Diff: 0.00, Sum: 0.00, Workers: 4
[6724.118s][debug][gc,phases      ] GC(270)     Dead                           Min: 0, Avg:  0.0, Max: 0, Diff: 0, Sum: 0, Workers: 4
[6724.118s][debug][gc,phases      ] GC(270)     Total                          Min: 0, Avg:  0.0, Max: 0, Diff: 0, Sum: 0, Workers: 4
[6724.118s][debug][gc,phases      ] GC(270)   Weak JFR Old Object Samples    Min: 0.00, Avg: 0.00, Max: 0.00, Diff: 0.00, Sum: 0.00, Workers: 4
[6724.118s][debug][gc,phases      ] GC(270)     Dead                           Min: 0, Avg:  0.0, Max: 0, Diff: 0, Sum: 0, Workers: 4
[6724.118s][debug][gc,phases      ] GC(270)     Total                          Min: 0, Avg:  0.0, Max: 0, Diff: 0, Sum: 0, Workers: 4
[6724.118s][debug][gc,phases      ] GC(270) Weak Processing 0.339ms
[6724.118s][debug][gc,age         ] GC(270) Desired survivor size 37748736 bytes, new threshold 1 (max threshold 15)
[6724.118s][info ][gc,heap        ] GC(270) PSYoungGen: 2053617K(2053632K)->18784K(2043392K) Eden: 2024448K(2024448K)->0K(2024448K) From: 29169K(29184K)->18784K(18944K)
[6724.118s][info ][gc,heap        ] GC(270) ParOldGen: 1928198K(1928704K)->1954973K(1955328K)
[6724.118s][info ][gc,metaspace   ] GC(270) Metaspace: 113178K(114432K)->113178K(114432K) NonClass: 96778K(97472K)->96778K(97472K) Class: 16400K(16960K)->16400K(16960K)
[6724.118s][info ][gc             ] GC(270) Pause Young (Allocation Failure) 3888M->1927M(3905M) 24.034ms
[6724.118s][info ][gc,cpu         ] GC(270) User=0.08s Sys=0.01s Real=0.02s
[6724.118s][info ][safepoint      ] Safepoint "ParallelCollectForAllocation", Time since last: 13901005268 ns, Reaching safepoint: 8100 ns, At safepoint: 24106889 ns, Leaving safepoint: 9700 ns, Total: 24124689 ns, Threads: 0 runnable, 39 total
[6741.060s][info ][gc,start       ] GC(271) Pause Young (Allocation Failure)
[6741.072s][debug][gc,phases      ] GC(271) Scavenge 12.231ms
[6741.072s][debug][gc,ref         ] GC(271) Skipped SoftWeakFinalRefsPhase of Reference Processing: no references
[6741.072s][debug][gc,ref         ] GC(271) Skipped KeepAliveFinalRefsPhase of Reference Processing: no references
[6741.072s][debug][gc,ref         ] GC(271) Skipped PhantomRefsPhase of Reference Processing: no references
[6741.072s][debug][gc,phases      ] GC(271) Reference Processing 0.027ms
[6741.073s][debug][gc,phases      ] GC(271)   VM Weak                        Min: 0.00, Avg: 0.00, Max: 0.01, Diff: 0.01, Sum: 0.01, Workers: 4
[6741.073s][debug][gc,phases      ] GC(271)     Dead                           Min: 0, Avg:  0.0, Max: 0, Diff: 0, Sum: 0, Workers: 4
[6741.073s][debug][gc,phases      ] GC(271)     Total                          Min: 0, Avg: 240.5, Max: 640, Diff: 640, Sum: 962, Workers: 4
[6741.073s][debug][gc,phases      ] GC(271)   ObjectSynchronizer Weak        Min: 0.00, Avg: 0.00, Max: 0.00, Diff: 0.00, Sum: 0.00, Workers: 4
[6741.073s][debug][gc,phases      ] GC(271)     Dead                           Min: 0, Avg:  0.0, Max: 0, Diff: 0, Sum: 0, Workers: 4
[6741.073s][debug][gc,phases      ] GC(271)     Total                          Min: 0, Avg:  1.5, Max: 6, Diff: 6, Sum: 6, Workers: 4
[6741.073s][debug][gc,phases      ] GC(271)   JVMTI Tag Weak OopStorage      Min: 0.00, Avg: 0.00, Max: 0.00, Diff: 0.00, Sum: 0.00, Workers: 4
[6741.073s][debug][gc,phases      ] GC(271)     Dead                           Min: 0, Avg:  0.0, Max: 0, Diff: 0, Sum: 0, Workers: 4
[6741.073s][debug][gc,phases      ] GC(271)     Total                          Min: 0, Avg:  0.0, Max: 0, Diff: 0, Sum: 0, Workers: 4
[6741.073s][debug][gc,phases      ] GC(271)   StringTable Weak               Min: 0.00, Avg: 0.09, Max: 0.12, Diff: 0.12, Sum: 0.37, Workers: 4
[6741.073s][debug][gc,phases      ] GC(271)     Dead                           Min: 0, Avg:  0.0, Max: 0, Diff: 0, Sum: 0, Workers: 4
[6741.073s][debug][gc,phases      ] GC(271)     Total                          Min: 0, Avg: 12841.2, Max: 21926, Diff: 21926, Sum: 51365, Workers: 4
[6741.073s][debug][gc,phases      ] GC(271)   ResolvedMethodTable Weak       Min: 0.00, Avg: 0.03, Max: 0.04, Diff: 0.04, Sum: 0.13, Workers: 4
[6741.073s][debug][gc,phases      ] GC(271)     Dead                           Min: 0, Avg:  5.0, Max: 20, Diff: 20, Sum: 20, Workers: 4
[6741.073s][debug][gc,phases      ] GC(271)     Total                          Min: 0, Avg: 4358.5, Max: 7521, Diff: 7521, Sum: 17434, Workers: 4
[6741.073s][debug][gc,phases      ] GC(271)   JNI Weak                       Min: 0.00, Avg: 0.00, Max: 0.00, Diff: 0.00, Sum: 0.00, Workers: 4
[6741.073s][debug][gc,phases      ] GC(271)     Dead                           Min: 0, Avg:  0.0, Max: 0, Diff: 0, Sum: 0, Workers: 4
[6741.073s][debug][gc,phases      ] GC(271)     Total                          Min: 0, Avg: 13.0, Max: 48, Diff: 48, Sum: 52, Workers: 4
[6741.073s][debug][gc,phases      ] GC(271)   StringDedup Table Weak         Min: 0.00, Avg: 0.00, Max: 0.00, Diff: 0.00, Sum: 0.00, Workers: 4
[6741.073s][debug][gc,phases      ] GC(271)     Dead                           Min: 0, Avg:  0.0, Max: 0, Diff: 0, Sum: 0, Workers: 4
[6741.073s][debug][gc,phases      ] GC(271)     Total                          Min: 0, Avg:  0.0, Max: 0, Diff: 0, Sum: 0, Workers: 4
[6741.073s][debug][gc,phases      ] GC(271)   StringDedup Requests0 Weak     Min: 0.00, Avg: 0.00, Max: 0.00, Diff: 0.00, Sum: 0.00, Workers: 4
[6741.073s][debug][gc,phases      ] GC(271)     Dead                           Min: 0, Avg:  0.0, Max: 0, Diff: 0, Sum: 0, Workers: 4
[6741.073s][debug][gc,phases      ] GC(271)     Total                          Min: 0, Avg:  0.0, Max: 0, Diff: 0, Sum: 0, Workers: 4
[6741.073s][debug][gc,phases      ] GC(271)   StringDedup Requests1 Weak     Min: 0.00, Avg: 0.00, Max: 0.00, Diff: 0.00, Sum: 0.00, Workers: 4
[6741.073s][debug][gc,phases      ] GC(271)     Dead                           Min: 0, Avg:  0.0, Max: 0, Diff: 0, Sum: 0, Workers: 4
[6741.073s][debug][gc,phases      ] GC(271)     Total                          Min: 0, Avg:  0.0, Max: 0, Diff: 0, Sum: 0, Workers: 4
[6741.073s][debug][gc,phases      ] GC(271)   Weak JFR Old Object Samples    Min: 0.00, Avg: 0.00, Max: 0.00, Diff: 0.00, Sum: 0.00, Workers: 4
[6741.073s][debug][gc,phases      ] GC(271)     Dead                           Min: 0, Avg:  0.0, Max: 0, Diff: 0, Sum: 0, Workers: 4
[6741.073s][debug][gc,phases      ] GC(271)     Total                          Min: 0, Avg:  0.0, Max: 0, Diff: 0, Sum: 0, Workers: 4
[6741.073s][debug][gc,phases      ] GC(271) Weak Processing 0.330ms
[6741.073s][debug][gc,age         ] GC(271) Desired survivor size 36175872 bytes, new threshold 1 (max threshold 15)
[6741.073s][info ][gc,heap        ] GC(271) PSYoungGen: 2043232K(2043392K)->6880K(2061824K) Eden: 2024448K(2024448K)->0K(2024960K) From: 18784K(18944K)->6880K(36864K)
[6741.073s][info ][gc,heap        ] GC(271) ParOldGen: 1954973K(1955328K)->1971659K(1971712K)
[6741.073s][info ][gc,metaspace   ] GC(271) Metaspace: 113178K(114432K)->113178K(114432K) NonClass: 96778K(97472K)->96778K(97472K) Class: 16400K(16960K)->16400K(16960K)
[6741.073s][info ][gc             ] GC(271) Pause Young (Allocation Failure) 3904M->1932M(3939M) 12.693ms
[6741.073s][info ][gc,cpu         ] GC(271) User=0.04s Sys=0.01s Real=0.01s
[6741.073s][info ][safepoint      ] Safepoint "ParallelCollectForAllocation", Time since last: 16941904634 ns, Reaching safepoint: 24300 ns, At safepoint: 12759140 ns, Leaving safepoint: 3200 ns, Total: 12786640 ns, Threads: 0 runnable, 39 total
[6760.293s][info ][gc,start       ] GC(272) Pause Young (Allocation Failure)
[6760.301s][debug][gc,phases      ] GC(272) Scavenge 8.622ms
[6760.302s][debug][gc,ref         ] GC(272) ReferenceProcessor::execute queues: 1, RefProcThreadModel::Single, marks_oops_alive: false
[6760.302s][debug][gc,ref         ] GC(272) Skipped KeepAliveFinalRefsPhase of Reference Processing: no references
[6760.302s][debug][gc,ref         ] GC(272) Skipped PhantomRefsPhase of Reference Processing: no references
[6760.302s][debug][gc,phases      ] GC(272) Reference Processing 0.089ms
[6760.302s][debug][gc,phases      ] GC(272)   VM Weak                        Min: 0.00, Avg: 0.00, Max: 0.01, Diff: 0.01, Sum: 0.01, Workers: 4
[6760.302s][debug][gc,phases      ] GC(272)     Dead                           Min: 0, Avg:  0.0, Max: 0, Diff: 0, Sum: 0, Workers: 4
[6760.302s][debug][gc,phases      ] GC(272)     Total                          Min: 0, Avg: 240.5, Max: 640, Diff: 640, Sum: 962, Workers: 4
[6760.302s][debug][gc,phases      ] GC(272)   ObjectSynchronizer Weak        Min: 0.00, Avg: 0.00, Max: 0.00, Diff: 0.00, Sum: 0.00, Workers: 4
[6760.302s][debug][gc,phases      ] GC(272)     Dead                           Min: 0, Avg:  0.0, Max: 0, Diff: 0, Sum: 0, Workers: 4
[6760.302s][debug][gc,phases      ] GC(272)     Total                          Min: 0, Avg:  1.5, Max: 6, Diff: 6, Sum: 6, Workers: 4
[6760.302s][debug][gc,phases      ] GC(272)   JVMTI Tag Weak OopStorage      Min: 0.00, Avg: 0.00, Max: 0.00, Diff: 0.00, Sum: 0.00, Workers: 4
[6760.302s][debug][gc,phases      ] GC(272)     Dead                           Min: 0, Avg:  0.0, Max: 0, Diff: 0, Sum: 0, Workers: 4
[6760.302s][debug][gc,phases      ] GC(272)     Total                          Min: 0, Avg:  0.0, Max: 0, Diff: 0, Sum: 0, Workers: 4
[6760.302s][debug][gc,phases      ] GC(272)   StringTable Weak               Min: 0.00, Avg: 0.11, Max: 0.15, Diff: 0.15, Sum: 0.44, Workers: 4
[6760.302s][debug][gc,phases      ] GC(272)     Dead                           Min: 0, Avg:  0.0, Max: 0, Diff: 0, Sum: 0, Workers: 4
[6760.302s][debug][gc,phases      ] GC(272)     Total                          Min: 0, Avg: 12841.2, Max: 17344, Diff: 17344, Sum: 51365, Workers: 4
[6760.302s][debug][gc,phases      ] GC(272)   ResolvedMethodTable Weak       Min: 0.00, Avg: 0.04, Max: 0.05, Diff: 0.05, Sum: 0.15, Workers: 4
[6760.302s][debug][gc,phases      ] GC(272)     Dead                           Min: 0, Avg:  0.0, Max: 0, Diff: 0, Sum: 0, Workers: 4
[6760.302s][debug][gc,phases      ] GC(272)     Total                          Min: 0, Avg: 4358.5, Max: 5916, Diff: 5916, Sum: 17434, Workers: 4
[6760.302s][debug][gc,phases      ] GC(272)   JNI Weak                       Min: 0.00, Avg: 0.00, Max: 0.00, Diff: 0.00, Sum: 0.00, Workers: 4
[6760.302s][debug][gc,phases      ] GC(272)     Dead                           Min: 0, Avg:  0.0, Max: 0, Diff: 0, Sum: 0, Workers: 4
[6760.302s][debug][gc,phases      ] GC(272)     Total                          Min: 0, Avg: 13.0, Max: 48, Diff: 48, Sum: 52, Workers: 4
[6760.302s][debug][gc,phases      ] GC(272)   StringDedup Table Weak         Min: 0.00, Avg: 0.00, Max: 0.00, Diff: 0.00, Sum: 0.00, Workers: 4
[6760.302s][debug][gc,phases      ] GC(272)     Dead                           Min: 0, Avg:  0.0, Max: 0, Diff: 0, Sum: 0, Workers: 4
[6760.302s][debug][gc,phases      ] GC(272)     Total                          Min: 0, Avg:  0.0, Max: 0, Diff: 0, Sum: 0, Workers: 4
[6760.302s][debug][gc,phases      ] GC(272)   StringDedup Requests0 Weak     Min: 0.00, Avg: 0.00, Max: 0.00, Diff: 0.00, Sum: 0.00, Workers: 4
[6760.302s][debug][gc,phases      ] GC(272)     Dead                           Min: 0, Avg:  0.0, Max: 0, Diff: 0, Sum: 0, Workers: 4
[6760.302s][debug][gc,phases      ] GC(272)     Total                          Min: 0, Avg:  0.0, Max: 0, Diff: 0, Sum: 0, Workers: 4
[6760.302s][debug][gc,phases      ] GC(272)   StringDedup Requests1 Weak     Min: 0.00, Avg: 0.00, Max: 0.00, Diff: 0.00, Sum: 0.00, Workers: 4
[6760.302s][debug][gc,phases      ] GC(272)     Dead                           Min: 0, Avg:  0.0, Max: 0, Diff: 0, Sum: 0, Workers: 4
[6760.302s][debug][gc,phases      ] GC(272)     Total                          Min: 0, Avg:  0.0, Max: 0, Diff: 0, Sum: 0, Workers: 4
[6760.302s][debug][gc,phases      ] GC(272)   Weak JFR Old Object Samples    Min: 0.00, Avg: 0.00, Max: 0.00, Diff: 0.00, Sum: 0.00, Workers: 4
[6760.302s][debug][gc,phases      ] GC(272)     Dead                           Min: 0, Avg:  0.0, Max: 0, Diff: 0, Sum: 0, Workers: 4
[6760.302s][debug][gc,phases      ] GC(272)     Total                          Min: 0, Avg:  0.0, Max: 0, Diff: 0, Sum: 0, Workers: 4
[6760.302s][debug][gc,phases      ] GC(272) Weak Processing 0.392ms
[6760.302s][debug][gc,age         ] GC(272) Desired survivor size 35127296 bytes, new threshold 1 (max threshold 15)
[6760.302s][info ][gc,heap        ] GC(272) PSYoungGen: 2031840K(2061824K)->4368K(2060288K) Eden: 2024960K(2024960K)->0K(2024960K) From: 6880K(36864K)->4368K(35328K)
[6760.302s][info ][gc,heap        ] GC(272) ParOldGen: 1971659K(1971712K)->1975511K(1975808K)
[6760.302s][info ][gc,metaspace   ] GC(272) Metaspace: 113178K(114432K)->113178K(114432K) NonClass: 96778K(97472K)->96778K(97472K) Class: 16400K(16960K)->16400K(16960K)
[6760.302s][info ][gc             ] GC(272) Pause Young (Allocation Failure) 3909M->1933M(3941M) 9.212ms
[6760.302s][info ][gc,cpu         ] GC(272) User=0.03s Sys=0.01s Real=0.01s
[6760.302s][info ][safepoint      ] Safepoint "ParallelCollectForAllocation", Time since last: 19219794578 ns, Reaching safepoint: 78300 ns, At safepoint: 9291656 ns, Leaving safepoint: 14800 ns, Total: 9384756 ns, Threads: 2 runnable, 39 total
[6779.811s][info ][gc,start       ] GC(273) Pause Young (Allocation Failure)
[6779.816s][debug][gc,phases      ] GC(273) Scavenge 5.207ms
[6779.816s][debug][gc,ref         ] GC(273) ReferenceProcessor::execute queues: 1, RefProcThreadModel::Single, marks_oops_alive: false
[6779.816s][debug][gc,ref         ] GC(273) Skipped KeepAliveFinalRefsPhase of Reference Processing: no references
[6779.816s][debug][gc,ref         ] GC(273) Skipped PhantomRefsPhase of Reference Processing: no references
[6779.816s][debug][gc,phases      ] GC(273) Reference Processing 0.115ms
[6779.817s][debug][gc,phases      ] GC(273)   VM Weak                        Min: 0.00, Avg: 0.00, Max: 0.01, Diff: 0.01, Sum: 0.01, Workers: 4
[6779.817s][debug][gc,phases      ] GC(273)     Dead                           Min: 0, Avg:  0.0, Max: 0, Diff: 0, Sum: 0, Workers: 4
[6779.817s][debug][gc,phases      ] GC(273)     Total                          Min: 0, Avg: 240.5, Max: 962, Diff: 962, Sum: 962, Workers: 4
[6779.817s][debug][gc,phases      ] GC(273)   ObjectSynchronizer Weak        Min: 0.00, Avg: 0.00, Max: 0.00, Diff: 0.00, Sum: 0.00, Workers: 4
[6779.817s][debug][gc,phases      ] GC(273)     Dead                           Min: 0, Avg:  0.0, Max: 0, Diff: 0, Sum: 0, Workers: 4
[6779.817s][debug][gc,phases      ] GC(273)     Total                          Min: 0, Avg:  1.5, Max: 6, Diff: 6, Sum: 6, Workers: 4
[6779.817s][debug][gc,phases      ] GC(273)   JVMTI Tag Weak OopStorage      Min: 0.00, Avg: 0.00, Max: 0.00, Diff: 0.00, Sum: 0.00, Workers: 4
[6779.817s][debug][gc,phases      ] GC(273)     Dead                           Min: 0, Avg:  0.0, Max: 0, Diff: 0, Sum: 0, Workers: 4
[6779.817s][debug][gc,phases      ] GC(273)     Total                          Min: 0, Avg:  0.0, Max: 0, Diff: 0, Sum: 0, Workers: 4
[6779.817s][debug][gc,phases      ] GC(273)   StringTable Weak               Min: 0.11, Avg: 0.11, Max: 0.11, Diff: 0.00, Sum: 0.45, Workers: 4
[6779.817s][debug][gc,phases      ] GC(273)     Dead                           Min: 0, Avg:  0.0, Max: 0, Diff: 0, Sum: 0, Workers: 4
[6779.817s][debug][gc,phases      ] GC(273)     Total                          Min: 12775, Avg: 12841.2, Max: 12992, Diff: 217, Sum: 51365, Workers: 4
[6779.817s][debug][gc,phases      ] GC(273)   ResolvedMethodTable Weak       Min: 0.04, Avg: 0.04, Max: 0.04, Diff: 0.00, Sum: 0.16, Workers: 4
[6779.817s][debug][gc,phases      ] GC(273)     Dead                           Min: 0, Avg:  5.0, Max: 20, Diff: 20, Sum: 20, Workers: 4
[6779.817s][debug][gc,phases      ] GC(273)     Total                          Min: 4221, Avg: 4358.5, Max: 4476, Diff: 255, Sum: 17434, Workers: 4
[6779.817s][debug][gc,phases      ] GC(273)   JNI Weak                       Min: 0.00, Avg: 0.00, Max: 0.00, Diff: 0.00, Sum: 0.00, Workers: 4
[6779.817s][debug][gc,phases      ] GC(273)     Dead                           Min: 0, Avg:  0.0, Max: 0, Diff: 0, Sum: 0, Workers: 4
[6779.817s][debug][gc,phases      ] GC(273)     Total                          Min: 0, Avg: 13.0, Max: 48, Diff: 48, Sum: 52, Workers: 4
[6779.817s][debug][gc,phases      ] GC(273)   StringDedup Table Weak         Min: 0.00, Avg: 0.00, Max: 0.00, Diff: 0.00, Sum: 0.00, Workers: 4
[6779.817s][debug][gc,phases      ] GC(273)     Dead                           Min: 0, Avg:  0.0, Max: 0, Diff: 0, Sum: 0, Workers: 4
[6779.817s][debug][gc,phases      ] GC(273)     Total                          Min: 0, Avg:  0.0, Max: 0, Diff: 0, Sum: 0, Workers: 4
[6779.817s][debug][gc,phases      ] GC(273)   StringDedup Requests0 Weak     Min: 0.00, Avg: 0.00, Max: 0.00, Diff: 0.00, Sum: 0.00, Workers: 4
[6779.817s][debug][gc,phases      ] GC(273)     Dead                           Min: 0, Avg:  0.0, Max: 0, Diff: 0, Sum: 0, Workers: 4
[6779.817s][debug][gc,phases      ] GC(273)     Total                          Min: 0, Avg:  0.0, Max: 0, Diff: 0, Sum: 0, Workers: 4
[6779.817s][debug][gc,phases      ] GC(273)   StringDedup Requests1 Weak     Min: 0.00, Avg: 0.00, Max: 0.00, Diff: 0.00, Sum: 0.00, Workers: 4
[6779.817s][debug][gc,phases      ] GC(273)     Dead                           Min: 0, Avg:  0.0, Max: 0, Diff: 0, Sum: 0, Workers: 4
[6779.817s][debug][gc,phases      ] GC(273)     Total                          Min: 0, Avg:  0.0, Max: 0, Diff: 0, Sum: 0, Workers: 4
[6779.817s][debug][gc,phases      ] GC(273)   Weak JFR Old Object Samples    Min: 0.00, Avg: 0.00, Max: 0.00, Diff: 0.00, Sum: 0.00, Workers: 4
[6779.817s][debug][gc,phases      ] GC(273)     Dead                           Min: 0, Avg:  0.0, Max: 0, Diff: 0, Sum: 0, Workers: 4
[6779.817s][debug][gc,phases      ] GC(273)     Total                          Min: 0, Avg:  0.0, Max: 0, Diff: 0, Sum: 0, Workers: 4
[6779.817s][debug][gc,phases      ] GC(273) Weak Processing 0.321ms
[6779.817s][debug][gc,age         ] GC(273) Desired survivor size 34078720 bytes, new threshold 1 (max threshold 15)
[6779.817s][info ][gc,heap        ] GC(273) PSYoungGen: 2029328K(2060288K)->4192K(2063872K) Eden: 2024960K(2024960K)->0K(2029568K) From: 4368K(35328K)->4192K(34304K)
[6779.817s][info ][gc,heap        ] GC(273) ParOldGen: 1975511K(1975808K)->1976932K(1977344K)
[6779.817s][info ][gc,metaspace   ] GC(273) Metaspace: 113178K(114432K)->113178K(114432K) NonClass: 96778K(97472K)->96778K(97472K) Class: 16400K(16960K)->16400K(16960K)
[6779.817s][info ][gc             ] GC(273) Pause Young (Allocation Failure) 3910M->1934M(3946M) 5.750ms
[6779.817s][info ][gc,cpu         ] GC(273) User=0.02s Sys=0.00s Real=0.00s
[6779.817s][info ][safepoint      ] Safepoint "ParallelCollectForAllocation", Time since last: 19508831982 ns, Reaching safepoint: 6100 ns, At safepoint: 5821473 ns, Leaving safepoint: 3400 ns, Total: 5830973 ns, Threads: 0 runnable, 35 total
[6797.050s][info ][gc,start       ] GC(274) Pause Young (Allocation Failure)
[6797.056s][debug][gc,phases      ] GC(274) Scavenge 5.537ms
[6797.056s][debug][gc,ref         ] GC(274) ReferenceProcessor::execute queues: 1, RefProcThreadModel::Single, marks_oops_alive: false
[6797.056s][debug][gc,ref         ] GC(274) Skipped KeepAliveFinalRefsPhase of Reference Processing: no references
[6797.056s][debug][gc,ref         ] GC(274) Skipped PhantomRefsPhase of Reference Processing: no references
[6797.056s][debug][gc,phases      ] GC(274) Reference Processing 0.093ms
[6797.056s][debug][gc,phases      ] GC(274)   VM Weak                        Min: 0.00, Avg: 0.00, Max: 0.01, Diff: 0.01, Sum: 0.01, Workers: 4
[6797.056s][debug][gc,phases      ] GC(274)     Dead                           Min: 0, Avg:  0.0, Max: 0, Diff: 0, Sum: 0, Workers: 4
[6797.056s][debug][gc,phases      ] GC(274)     Total                          Min: 0, Avg: 240.5, Max: 832, Diff: 832, Sum: 962, Workers: 4
[6797.056s][debug][gc,phases      ] GC(274)   ObjectSynchronizer Weak        Min: 0.00, Avg: 0.00, Max: 0.00, Diff: 0.00, Sum: 0.00, Workers: 4
[6797.056s][debug][gc,phases      ] GC(274)     Dead                           Min: 0, Avg:  0.0, Max: 0, Diff: 0, Sum: 0, Workers: 4
[6797.056s][debug][gc,phases      ] GC(274)     Total                          Min: 0, Avg:  1.5, Max: 6, Diff: 6, Sum: 6, Workers: 4
[6797.056s][debug][gc,phases      ] GC(274)   JVMTI Tag Weak OopStorage      Min: 0.00, Avg: 0.00, Max: 0.00, Diff: 0.00, Sum: 0.00, Workers: 4
[6797.056s][debug][gc,phases      ] GC(274)     Dead                           Min: 0, Avg:  0.0, Max: 0, Diff: 0, Sum: 0, Workers: 4
[6797.056s][debug][gc,phases      ] GC(274)     Total                          Min: 0, Avg:  0.0, Max: 0, Diff: 0, Sum: 0, Workers: 4
[6797.056s][debug][gc,phases      ] GC(274)   StringTable Weak               Min: 0.00, Avg: 0.09, Max: 0.12, Diff: 0.12, Sum: 0.37, Workers: 4
[6797.056s][debug][gc,phases      ] GC(274)     Dead                           Min: 0, Avg:  0.0, Max: 0, Diff: 0, Sum: 0, Workers: 4
[6797.056s][debug][gc,phases      ] GC(274)     Total                          Min: 0, Avg: 12841.2, Max: 22335, Diff: 22335, Sum: 51365, Workers: 4
[6797.056s][debug][gc,phases      ] GC(274)   ResolvedMethodTable Weak       Min: 0.00, Avg: 0.03, Max: 0.04, Diff: 0.04, Sum: 0.13, Workers: 4
[6797.056s][debug][gc,phases      ] GC(274)     Dead                           Min: 0, Avg:  5.0, Max: 20, Diff: 20, Sum: 20, Workers: 4
[6797.056s][debug][gc,phases      ] GC(274)     Total                          Min: 0, Avg: 4358.5, Max: 7529, Diff: 7529, Sum: 17434, Workers: 4
[6797.056s][debug][gc,phases      ] GC(274)   JNI Weak                       Min: 0.00, Avg: 0.00, Max: 0.00, Diff: 0.00, Sum: 0.00, Workers: 4
[6797.056s][debug][gc,phases      ] GC(274)     Dead                           Min: 0, Avg:  0.0, Max: 0, Diff: 0, Sum: 0, Workers: 4
[6797.056s][debug][gc,phases      ] GC(274)     Total                          Min: 0, Avg: 13.0, Max: 48, Diff: 48, Sum: 52, Workers: 4
[6797.056s][debug][gc,phases      ] GC(274)   StringDedup Table Weak         Min: 0.00, Avg: 0.00, Max: 0.00, Diff: 0.00, Sum: 0.00, Workers: 4
[6797.056s][debug][gc,phases      ] GC(274)     Dead                           Min: 0, Avg:  0.0, Max: 0, Diff: 0, Sum: 0, Workers: 4
[6797.056s][debug][gc,phases      ] GC(274)     Total                          Min: 0, Avg:  0.0, Max: 0, Diff: 0, Sum: 0, Workers: 4
[6797.056s][debug][gc,phases      ] GC(274)   StringDedup Requests0 Weak     Min: 0.00, Avg: 0.00, Max: 0.00, Diff: 0.00, Sum: 0.00, Workers: 4
[6797.056s][debug][gc,phases      ] GC(274)     Dead                           Min: 0, Avg:  0.0, Max: 0, Diff: 0, Sum: 0, Workers: 4
[6797.056s][debug][gc,phases      ] GC(274)     Total                          Min: 0, Avg:  0.0, Max: 0, Diff: 0, Sum: 0, Workers: 4
[6797.056s][debug][gc,phases      ] GC(274)   StringDedup Requests1 Weak     Min: 0.00, Avg: 0.00, Max: 0.00, Diff: 0.00, Sum: 0.00, Workers: 4
[6797.056s][debug][gc,phases      ] GC(274)     Dead                           Min: 0, Avg:  0.0, Max: 0, Diff: 0, Sum: 0, Workers: 4
[6797.056s][debug][gc,phases      ] GC(274)     Total                          Min: 0, Avg:  0.0, Max: 0, Diff: 0, Sum: 0, Workers: 4
[6797.056s][debug][gc,phases      ] GC(274)   Weak JFR Old Object Samples    Min: 0.00, Avg: 0.00, Max: 0.00, Diff: 0.00, Sum: 0.00, Workers: 4
[6797.056s][debug][gc,phases      ] GC(274)     Dead                           Min: 0, Avg:  0.0, Max: 0, Diff: 0, Sum: 0, Workers: 4
[6797.056s][debug][gc,phases      ] GC(274)     Total                          Min: 0, Avg:  0.0, Max: 0, Diff: 0, Sum: 0, Workers: 4
[6797.056s][debug][gc,phases      ] GC(274) Weak Processing 0.364ms
[6797.056s][debug][gc,age         ] GC(274) Desired survivor size 32505856 bytes, new threshold 1 (max threshold 15)
[6797.056s][info ][gc,heap        ] GC(274) PSYoungGen: 2033760K(2063872K)->4864K(2062848K) Eden: 2029568K(2029568K)->0K(2029568K) From: 4192K(34304K)->4864K(33280K)
[6797.056s][info ][gc,heap        ] GC(274) ParOldGen: 1976932K(1977344K)->1977996K(1978368K)
[6797.056s][info ][gc,metaspace   ] GC(274) Metaspace: 113178K(114432K)->113178K(114432K) NonClass: 96778K(97472K)->96778K(97472K) Class: 16400K(16960K)->16400K(16960K)
[6797.056s][info ][gc             ] GC(274) Pause Young (Allocation Failure) 3916M->1936M(3946M) 6.125ms
[6797.056s][info ][gc,cpu         ] GC(274) User=0.03s Sys=0.00s Real=0.00s
[6797.056s][info ][safepoint      ] Safepoint "ParallelCollectForAllocation", Time since last: 17233346653 ns, Reaching safepoint: 83200 ns, At safepoint: 6188271 ns, Leaving safepoint: 6900 ns, Total: 6278371 ns, Threads: 1 runnable, 36 total
[6828.895s][info ][gc,start       ] GC(275) Pause Young (Allocation Failure)
[6828.908s][debug][gc,phases      ] GC(275) Scavenge 12.858ms
[6828.908s][debug][gc,ref         ] GC(275) ReferenceProcessor::execute queues: 1, RefProcThreadModel::Single, marks_oops_alive: false
[6828.908s][debug][gc,ref         ] GC(275) Skipped KeepAliveFinalRefsPhase of Reference Processing: no references
[6828.908s][debug][gc,ref         ] GC(275) Skipped PhantomRefsPhase of Reference Processing: no references
[6828.908s][debug][gc,phases      ] GC(275) Reference Processing 0.085ms
[6828.908s][debug][gc,phases      ] GC(275)   VM Weak                        Min: 0.00, Avg: 0.00, Max: 0.01, Diff: 0.01, Sum: 0.01, Workers: 4
[6828.908s][debug][gc,phases      ] GC(275)     Dead                           Min: 0, Avg:  0.0, Max: 0, Diff: 0, Sum: 0, Workers: 4
[6828.908s][debug][gc,phases      ] GC(275)     Total                          Min: 0, Avg: 240.5, Max: 896, Diff: 896, Sum: 962, Workers: 4
[6828.908s][debug][gc,phases      ] GC(275)   ObjectSynchronizer Weak        Min: 0.00, Avg: 0.00, Max: 0.00, Diff: 0.00, Sum: 0.00, Workers: 4
[6828.908s][debug][gc,phases      ] GC(275)     Dead                           Min: 0, Avg:  0.0, Max: 0, Diff: 0, Sum: 0, Workers: 4
[6828.908s][debug][gc,phases      ] GC(275)     Total                          Min: 0, Avg:  1.5, Max: 6, Diff: 6, Sum: 6, Workers: 4
[6828.908s][debug][gc,phases      ] GC(275)   JVMTI Tag Weak OopStorage      Min: 0.00, Avg: 0.00, Max: 0.00, Diff: 0.00, Sum: 0.00, Workers: 4
[6828.908s][debug][gc,phases      ] GC(275)     Dead                           Min: 0, Avg:  0.0, Max: 0, Diff: 0, Sum: 0, Workers: 4
[6828.908s][debug][gc,phases      ] GC(275)     Total                          Min: 0, Avg:  0.0, Max: 0, Diff: 0, Sum: 0, Workers: 4
[6828.908s][debug][gc,phases      ] GC(275)   StringTable Weak               Min: 0.11, Avg: 0.11, Max: 0.11, Diff: 0.01, Sum: 0.44, Workers: 4
[6828.908s][debug][gc,phases      ] GC(275)     Dead                           Min: 0, Avg:  0.0, Max: 0, Diff: 0, Sum: 0, Workers: 4
[6828.908s][debug][gc,phases      ] GC(275)     Total                          Min: 12159, Avg: 12841.2, Max: 13248, Diff: 1089, Sum: 51365, Workers: 4
[6828.908s][debug][gc,phases      ] GC(275)   ResolvedMethodTable Weak       Min: 0.04, Avg: 0.05, Max: 0.07, Diff: 0.03, Sum: 0.19, Workers: 4
[6828.908s][debug][gc,phases      ] GC(275)     Dead                           Min: 0, Avg:  5.0, Max: 20, Diff: 20, Sum: 20, Workers: 4
[6828.908s][debug][gc,phases      ] GC(275)     Total                          Min: 3200, Avg: 4358.5, Max: 4797, Diff: 1597, Sum: 17434, Workers: 4
[6828.908s][debug][gc,phases      ] GC(275)   JNI Weak                       Min: 0.00, Avg: 0.00, Max: 0.00, Diff: 0.00, Sum: 0.00, Workers: 4
[6828.908s][debug][gc,phases      ] GC(275)     Dead                           Min: 0, Avg:  0.0, Max: 0, Diff: 0, Sum: 0, Workers: 4
[6828.908s][debug][gc,phases      ] GC(275)     Total                          Min: 0, Avg: 13.0, Max: 48, Diff: 48, Sum: 52, Workers: 4
[6828.908s][debug][gc,phases      ] GC(275)   StringDedup Table Weak         Min: 0.00, Avg: 0.00, Max: 0.00, Diff: 0.00, Sum: 0.00, Workers: 4
[6828.908s][debug][gc,phases      ] GC(275)     Dead                           Min: 0, Avg:  0.0, Max: 0, Diff: 0, Sum: 0, Workers: 4
[6828.908s][debug][gc,phases      ] GC(275)     Total                          Min: 0, Avg:  0.0, Max: 0, Diff: 0, Sum: 0, Workers: 4
[6828.908s][debug][gc,phases      ] GC(275)   StringDedup Requests0 Weak     Min: 0.00, Avg: 0.00, Max: 0.00, Diff: 0.00, Sum: 0.00, Workers: 4
[6828.908s][debug][gc,phases      ] GC(275)     Dead                           Min: 0, Avg:  0.0, Max: 0, Diff: 0, Sum: 0, Workers: 4
[6828.908s][debug][gc,phases      ] GC(275)     Total                          Min: 0, Avg:  0.0, Max: 0, Diff: 0, Sum: 0, Workers: 4
[6828.908s][debug][gc,phases      ] GC(275)   StringDedup Requests1 Weak     Min: 0.00, Avg: 0.00, Max: 0.00, Diff: 0.00, Sum: 0.00, Workers: 4
[6828.908s][debug][gc,phases      ] GC(275)     Dead                           Min: 0, Avg:  0.0, Max: 0, Diff: 0, Sum: 0, Workers: 4
[6828.908s][debug][gc,phases      ] GC(275)     Total                          Min: 0, Avg:  0.0, Max: 0, Diff: 0, Sum: 0, Workers: 4
[6828.908s][debug][gc,phases      ] GC(275)   Weak JFR Old Object Samples    Min: 0.00, Avg: 0.00, Max: 0.00, Diff: 0.00, Sum: 0.00, Workers: 4
[6828.908s][debug][gc,phases      ] GC(275)     Dead                           Min: 0, Avg:  0.0, Max: 0, Diff: 0, Sum: 0, Workers: 4
[6828.908s][debug][gc,phases      ] GC(275)     Total                          Min: 0, Avg:  0.0, Max: 0, Diff: 0, Sum: 0, Workers: 4
[6828.908s][debug][gc,phases      ] GC(275) Weak Processing 0.372ms
[6828.908s][debug][gc,age         ] GC(275) Desired survivor size 30408704 bytes, new threshold 1 (max threshold 15)
[6828.908s][info ][gc,heap        ] GC(275) PSYoungGen: 2034432K(2062848K)->10096K(2067456K) Eden: 2029568K(2029568K)->0K(2035712K) From: 4864K(33280K)->10096K(31744K)
[6828.908s][info ][gc,heap        ] GC(275) ParOldGen: 1977996K(1978368K)->1979416K(1979904K)
[6828.908s][info ][gc,metaspace   ] GC(275) Metaspace: 113179K(114432K)->113179K(114432K) NonClass: 96779K(97472K)->96779K(97472K) Class: 16400K(16960K)->16400K(16960K)
[6828.908s][info ][gc             ] GC(275) Pause Young (Allocation Failure) 3918M->1942M(3952M) 13.443ms
[6828.908s][info ][gc,cpu         ] GC(275) User=0.05s Sys=0.00s Real=0.02s
[6828.908s][info ][safepoint      ] Safepoint "ParallelCollectForAllocation", Time since last: 31838456846 ns, Reaching safepoint: 23900 ns, At safepoint: 13508637 ns, Leaving safepoint: 13000 ns, Total: 13545537 ns, Threads: 0 runnable, 36 total
[6843.245s][info ][gc,start       ] GC(276) Pause Young (Allocation Failure)
[6843.266s][debug][gc,phases      ] GC(276) Scavenge 20.857ms
[6843.266s][debug][gc,ref         ] GC(276) ReferenceProcessor::execute queues: 1, RefProcThreadModel::Single, marks_oops_alive: false
[6843.266s][debug][gc,ref         ] GC(276) Skipped KeepAliveFinalRefsPhase of Reference Processing: no references
[6843.266s][debug][gc,ref         ] GC(276) Skipped PhantomRefsPhase of Reference Processing: no references
[6843.266s][debug][gc,phases      ] GC(276) Reference Processing 0.122ms
[6843.267s][debug][gc,phases      ] GC(276)   VM Weak                        Min: 0.00, Avg: 0.00, Max: 0.00, Diff: 0.00, Sum: 0.01, Workers: 4
[6843.267s][debug][gc,phases      ] GC(276)     Dead                           Min: 0, Avg:  0.0, Max: 0, Diff: 0, Sum: 0, Workers: 4
[6843.267s][debug][gc,phases      ] GC(276)     Total                          Min: 0, Avg: 240.5, Max: 514, Diff: 514, Sum: 962, Workers: 4
[6843.267s][debug][gc,phases      ] GC(276)   ObjectSynchronizer Weak        Min: 0.00, Avg: 0.00, Max: 0.00, Diff: 0.00, Sum: 0.00, Workers: 4
[6843.267s][debug][gc,phases      ] GC(276)     Dead                           Min: 0, Avg:  0.0, Max: 0, Diff: 0, Sum: 0, Workers: 4
[6843.267s][debug][gc,phases      ] GC(276)     Total                          Min: 0, Avg:  1.2, Max: 5, Diff: 5, Sum: 5, Workers: 4
[6843.267s][debug][gc,phases      ] GC(276)   JVMTI Tag Weak OopStorage      Min: 0.00, Avg: 0.00, Max: 0.00, Diff: 0.00, Sum: 0.00, Workers: 4
[6843.267s][debug][gc,phases      ] GC(276)     Dead                           Min: 0, Avg:  0.0, Max: 0, Diff: 0, Sum: 0, Workers: 4
[6843.267s][debug][gc,phases      ] GC(276)     Total                          Min: 0, Avg:  0.0, Max: 0, Diff: 0, Sum: 0, Workers: 4
[6843.267s][debug][gc,phases      ] GC(276)   StringTable Weak               Min: 0.00, Avg: 0.09, Max: 0.13, Diff: 0.13, Sum: 0.37, Workers: 4
[6843.267s][debug][gc,phases      ] GC(276)     Dead                           Min: 0, Avg:  0.0, Max: 0, Diff: 0, Sum: 0, Workers: 4
[6843.267s][debug][gc,phases      ] GC(276)     Total                          Min: 0, Avg: 12841.2, Max: 21734, Diff: 21734, Sum: 51365, Workers: 4
[6843.267s][debug][gc,phases      ] GC(276)   ResolvedMethodTable Weak       Min: 0.00, Avg: 0.03, Max: 0.04, Diff: 0.04, Sum: 0.13, Workers: 4
[6843.267s][debug][gc,phases      ] GC(276)     Dead                           Min: 0, Avg:  5.0, Max: 20, Diff: 20, Sum: 20, Workers: 4
[6843.267s][debug][gc,phases      ] GC(276)     Total                          Min: 0, Avg: 4358.5, Max: 7665, Diff: 7665, Sum: 17434, Workers: 4
[6843.267s][debug][gc,phases      ] GC(276)   JNI Weak                       Min: 0.00, Avg: 0.00, Max: 0.00, Diff: 0.00, Sum: 0.00, Workers: 4
[6843.267s][debug][gc,phases      ] GC(276)     Dead                           Min: 0, Avg:  0.0, Max: 0, Diff: 0, Sum: 0, Workers: 4
[6843.267s][debug][gc,phases      ] GC(276)     Total                          Min: 0, Avg: 13.0, Max: 48, Diff: 48, Sum: 52, Workers: 4
[6843.267s][debug][gc,phases      ] GC(276)   StringDedup Table Weak         Min: 0.00, Avg: 0.00, Max: 0.00, Diff: 0.00, Sum: 0.00, Workers: 4
[6843.267s][debug][gc,phases      ] GC(276)     Dead                           Min: 0, Avg:  0.0, Max: 0, Diff: 0, Sum: 0, Workers: 4
[6843.267s][debug][gc,phases      ] GC(276)     Total                          Min: 0, Avg:  0.0, Max: 0, Diff: 0, Sum: 0, Workers: 4
[6843.267s][debug][gc,phases      ] GC(276)   StringDedup Requests0 Weak     Min: 0.00, Avg: 0.00, Max: 0.00, Diff: 0.00, Sum: 0.00, Workers: 4
[6843.267s][debug][gc,phases      ] GC(276)     Dead                           Min: 0, Avg:  0.0, Max: 0, Diff: 0, Sum: 0, Workers: 4
[6843.267s][debug][gc,phases      ] GC(276)     Total                          Min: 0, Avg:  0.0, Max: 0, Diff: 0, Sum: 0, Workers: 4
[6843.267s][debug][gc,phases      ] GC(276)   StringDedup Requests1 Weak     Min: 0.00, Avg: 0.00, Max: 0.00, Diff: 0.00, Sum: 0.00, Workers: 4
[6843.267s][debug][gc,phases      ] GC(276)     Dead                           Min: 0, Avg:  0.0, Max: 0, Diff: 0, Sum: 0, Workers: 4
[6843.267s][debug][gc,phases      ] GC(276)     Total                          Min: 0, Avg:  0.0, Max: 0, Diff: 0, Sum: 0, Workers: 4
[6843.267s][debug][gc,phases      ] GC(276)   Weak JFR Old Object Samples    Min: 0.00, Avg: 0.00, Max: 0.00, Diff: 0.00, Sum: 0.00, Workers: 4
[6843.267s][debug][gc,phases      ] GC(276)     Dead                           Min: 0, Avg:  0.0, Max: 0, Diff: 0, Sum: 0, Workers: 4
[6843.267s][debug][gc,phases      ] GC(276)     Total                          Min: 0, Avg:  0.0, Max: 0, Diff: 0, Sum: 0, Workers: 4
[6843.267s][debug][gc,phases      ] GC(276) Weak Processing 0.371ms
[6843.267s][debug][gc,age         ] GC(276) Desired survivor size 39321600 bytes, new threshold 1 (max threshold 15)
[6843.267s][info ][gc,heap        ] GC(276) PSYoungGen: 2045808K(2067456K)->29664K(2065408K) Eden: 2035712K(2035712K)->0K(2035712K) From: 10096K(31744K)->29664K(29696K)
[6843.267s][info ][gc,heap        ] GC(276) ParOldGen: 1979416K(1979904K)->1987621K(1988096K)
[6843.267s][info ][gc,metaspace   ] GC(276) Metaspace: 113189K(114496K)->113189K(114496K) NonClass: 96789K(97536K)->96789K(97536K) Class: 16400K(16960K)->16400K(16960K)
[6843.267s][info ][gc             ] GC(276) Pause Young (Allocation Failure) 3930M->1970M(3958M) 21.476ms
[6843.267s][info ][gc,cpu         ] GC(276) User=0.07s Sys=0.01s Real=0.02s
[6843.267s][info ][safepoint      ] Safepoint "ParallelCollectForAllocation", Time since last: 14336805515 ns, Reaching safepoint: 85199 ns, At safepoint: 21561899 ns, Leaving safepoint: 15800 ns, Total: 21662898 ns, Threads: 1 runnable, 39 total
[6858.773s][info ][gc,start       ] GC(277) Pause Young (Allocation Failure)
[6858.792s][debug][gc,phases      ] GC(277) Scavenge 18.599ms
[6858.792s][debug][gc,ref         ] GC(277) ReferenceProcessor::execute queues: 1, RefProcThreadModel::Single, marks_oops_alive: false
[6858.792s][debug][gc,ref         ] GC(277) Skipped KeepAliveFinalRefsPhase of Reference Processing: no references
[6858.792s][debug][gc,ref         ] GC(277) Skipped PhantomRefsPhase of Reference Processing: no references
[6858.792s][debug][gc,phases      ] GC(277) Reference Processing 0.097ms
[6858.792s][debug][gc,phases      ] GC(277)   VM Weak                        Min: 0.00, Avg: 0.00, Max: 0.01, Diff: 0.01, Sum: 0.01, Workers: 4
[6858.792s][debug][gc,phases      ] GC(277)     Dead                           Min: 0, Avg:  0.0, Max: 0, Diff: 0, Sum: 0, Workers: 4
[6858.792s][debug][gc,phases      ] GC(277)     Total                          Min: 0, Avg: 240.5, Max: 642, Diff: 642, Sum: 962, Workers: 4
[6858.792s][debug][gc,phases      ] GC(277)   ObjectSynchronizer Weak        Min: 0.00, Avg: 0.00, Max: 0.00, Diff: 0.00, Sum: 0.00, Workers: 4
[6858.792s][debug][gc,phases      ] GC(277)     Dead                           Min: 0, Avg:  0.0, Max: 0, Diff: 0, Sum: 0, Workers: 4
[6858.792s][debug][gc,phases      ] GC(277)     Total                          Min: 0, Avg:  1.5, Max: 6, Diff: 6, Sum: 6, Workers: 4
[6858.792s][debug][gc,phases      ] GC(277)   JVMTI Tag Weak OopStorage      Min: 0.00, Avg: 0.00, Max: 0.00, Diff: 0.00, Sum: 0.00, Workers: 4
[6858.792s][debug][gc,phases      ] GC(277)     Dead                           Min: 0, Avg:  0.0, Max: 0, Diff: 0, Sum: 0, Workers: 4
[6858.792s][debug][gc,phases      ] GC(277)     Total                          Min: 0, Avg:  0.0, Max: 0, Diff: 0, Sum: 0, Workers: 4
[6858.792s][debug][gc,phases      ] GC(277)   StringTable Weak               Min: 0.00, Avg: 0.10, Max: 0.14, Diff: 0.13, Sum: 0.40, Workers: 4
[6858.792s][debug][gc,phases      ] GC(277)     Dead                           Min: 0, Avg:  0.0, Max: 0, Diff: 0, Sum: 0, Workers: 4
[6858.792s][debug][gc,phases      ] GC(277)     Total                          Min: 0, Avg: 12841.2, Max: 21863, Diff: 21863, Sum: 51365, Workers: 4
[6858.792s][debug][gc,phases      ] GC(277)   ResolvedMethodTable Weak       Min: 0.00, Avg: 0.03, Max: 0.04, Diff: 0.04, Sum: 0.13, Workers: 4
[6858.792s][debug][gc,phases      ] GC(277)     Dead                           Min: 0, Avg:  0.0, Max: 0, Diff: 0, Sum: 0, Workers: 4
[6858.792s][debug][gc,phases      ] GC(277)     Total                          Min: 0, Avg: 4358.5, Max: 7536, Diff: 7536, Sum: 17434, Workers: 4
[6858.792s][debug][gc,phases      ] GC(277)   JNI Weak                       Min: 0.00, Avg: 0.00, Max: 0.00, Diff: 0.00, Sum: 0.00, Workers: 4
[6858.792s][debug][gc,phases      ] GC(277)     Dead                           Min: 0, Avg:  0.0, Max: 0, Diff: 0, Sum: 0, Workers: 4
[6858.792s][debug][gc,phases      ] GC(277)     Total                          Min: 0, Avg: 13.0, Max: 48, Diff: 48, Sum: 52, Workers: 4
[6858.792s][debug][gc,phases      ] GC(277)   StringDedup Table Weak         Min: 0.00, Avg: 0.00, Max: 0.00, Diff: 0.00, Sum: 0.00, Workers: 4
[6858.792s][debug][gc,phases      ] GC(277)     Dead                           Min: 0, Avg:  0.0, Max: 0, Diff: 0, Sum: 0, Workers: 4
[6858.792s][debug][gc,phases      ] GC(277)     Total                          Min: 0, Avg:  0.0, Max: 0, Diff: 0, Sum: 0, Workers: 4
[6858.792s][debug][gc,phases      ] GC(277)   StringDedup Requests0 Weak     Min: 0.00, Avg: 0.00, Max: 0.00, Diff: 0.00, Sum: 0.00, Workers: 4
[6858.792s][debug][gc,phases      ] GC(277)     Dead                           Min: 0, Avg:  0.0, Max: 0, Diff: 0, Sum: 0, Workers: 4
[6858.792s][debug][gc,phases      ] GC(277)     Total                          Min: 0, Avg:  0.0, Max: 0, Diff: 0, Sum: 0, Workers: 4
[6858.792s][debug][gc,phases      ] GC(277)   StringDedup Requests1 Weak     Min: 0.00, Avg: 0.00, Max: 0.00, Diff: 0.00, Sum: 0.00, Workers: 4
[6858.792s][debug][gc,phases      ] GC(277)     Dead                           Min: 0, Avg:  0.0, Max: 0, Diff: 0, Sum: 0, Workers: 4
[6858.792s][debug][gc,phases      ] GC(277)     Total                          Min: 0, Avg:  0.0, Max: 0, Diff: 0, Sum: 0, Workers: 4
[6858.792s][debug][gc,phases      ] GC(277)   Weak JFR Old Object Samples    Min: 0.00, Avg: 0.00, Max: 0.00, Diff: 0.00, Sum: 0.00, Workers: 4
[6858.792s][debug][gc,phases      ] GC(277)     Dead                           Min: 0, Avg:  0.0, Max: 0, Diff: 0, Sum: 0, Workers: 4
[6858.792s][debug][gc,phases      ] GC(277)     Total                          Min: 0, Avg:  0.0, Max: 0, Diff: 0, Sum: 0, Workers: 4
[6858.792s][debug][gc,phases      ] GC(277) Weak Processing 0.348ms
[6858.792s][debug][gc,age         ] GC(277) Desired survivor size 36700160 bytes, new threshold 1 (max threshold 15)
[6858.792s][info ][gc,heap        ] GC(277) PSYoungGen: 2065376K(2065408K)->11767K(2057216K) Eden: 2035712K(2035712K)->0K(2025472K) From: 29664K(29696K)->11767K(31744K)
[6858.792s][info ][gc,heap        ] GC(277) ParOldGen: 1987621K(1988096K)->2015286K(2015744K)
[6858.792s][info ][gc,metaspace   ] GC(277) Metaspace: 113189K(114496K)->113189K(114496K) NonClass: 96789K(97536K)->96789K(97536K) Class: 16400K(16960K)->16400K(16960K)
[6858.792s][info ][gc             ] GC(277) Pause Young (Allocation Failure) 3958M->1979M(3977M) 19.155ms
[6858.792s][info ][gc,cpu         ] GC(277) User=0.06s Sys=0.02s Real=0.02s
[6858.792s][info ][safepoint      ] Safepoint "ParallelCollectForAllocation", Time since last: 15505920633 ns, Reaching safepoint: 172699 ns, At safepoint: 19230910 ns, Leaving safepoint: 12900 ns, Total: 19416509 ns, Threads: 2 runnable, 39 total
[6868.140s][info ][gc,start       ] GC(278) Pause Young (Allocation Failure)
[6868.156s][debug][gc,phases      ] GC(278) Scavenge 16.103ms
[6868.156s][debug][gc,ref         ] GC(278) ReferenceProcessor::execute queues: 1, RefProcThreadModel::Single, marks_oops_alive: false
[6868.156s][debug][gc,ref         ] GC(278) Skipped KeepAliveFinalRefsPhase of Reference Processing: no references
[6868.156s][debug][gc,ref         ] GC(278) Skipped PhantomRefsPhase of Reference Processing: no references
[6868.156s][debug][gc,phases      ] GC(278) Reference Processing 0.125ms
[6868.157s][debug][gc,phases      ] GC(278)   VM Weak                        Min: 0.00, Avg: 0.00, Max: 0.01, Diff: 0.01, Sum: 0.01, Workers: 4
[6868.157s][debug][gc,phases      ] GC(278)     Dead                           Min: 0, Avg:  0.0, Max: 0, Diff: 0, Sum: 0, Workers: 4
[6868.157s][debug][gc,phases      ] GC(278)     Total                          Min: 0, Avg: 240.5, Max: 962, Diff: 962, Sum: 962, Workers: 4
[6868.157s][debug][gc,phases      ] GC(278)   ObjectSynchronizer Weak        Min: 0.00, Avg: 0.00, Max: 0.00, Diff: 0.00, Sum: 0.00, Workers: 4
[6868.157s][debug][gc,phases      ] GC(278)     Dead                           Min: 0, Avg:  0.0, Max: 0, Diff: 0, Sum: 0, Workers: 4
[6868.157s][debug][gc,phases      ] GC(278)     Total                          Min: 0, Avg:  1.5, Max: 6, Diff: 6, Sum: 6, Workers: 4
[6868.157s][debug][gc,phases      ] GC(278)   JVMTI Tag Weak OopStorage      Min: 0.00, Avg: 0.00, Max: 0.00, Diff: 0.00, Sum: 0.00, Workers: 4
[6868.157s][debug][gc,phases      ] GC(278)     Dead                           Min: 0, Avg:  0.0, Max: 0, Diff: 0, Sum: 0, Workers: 4
[6868.157s][debug][gc,phases      ] GC(278)     Total                          Min: 0, Avg:  0.0, Max: 0, Diff: 0, Sum: 0, Workers: 4
[6868.157s][debug][gc,phases      ] GC(278)   StringTable Weak               Min: 0.00, Avg: 0.10, Max: 0.13, Diff: 0.13, Sum: 0.39, Workers: 4
[6868.157s][debug][gc,phases      ] GC(278)     Dead                           Min: 0, Avg:  0.0, Max: 0, Diff: 0, Sum: 0, Workers: 4
[6868.157s][debug][gc,phases      ] GC(278)     Total                          Min: 0, Avg: 12841.2, Max: 22271, Diff: 22271, Sum: 51365, Workers: 4
[6868.157s][debug][gc,phases      ] GC(278)   ResolvedMethodTable Weak       Min: 0.00, Avg: 0.03, Max: 0.04, Diff: 0.04, Sum: 0.13, Workers: 4
[6868.157s][debug][gc,phases      ] GC(278)     Dead                           Min: 0, Avg:  5.0, Max: 20, Diff: 20, Sum: 20, Workers: 4
[6868.157s][debug][gc,phases      ] GC(278)     Total                          Min: 0, Avg: 4358.5, Max: 7548, Diff: 7548, Sum: 17434, Workers: 4
[6868.157s][debug][gc,phases      ] GC(278)   JNI Weak                       Min: 0.00, Avg: 0.00, Max: 0.00, Diff: 0.00, Sum: 0.00, Workers: 4
[6868.157s][debug][gc,phases      ] GC(278)     Dead                           Min: 0, Avg:  0.0, Max: 0, Diff: 0, Sum: 0, Workers: 4
[6868.157s][debug][gc,phases      ] GC(278)     Total                          Min: 0, Avg: 13.0, Max: 48, Diff: 48, Sum: 52, Workers: 4
[6868.157s][debug][gc,phases      ] GC(278)   StringDedup Table Weak         Min: 0.00, Avg: 0.00, Max: 0.00, Diff: 0.00, Sum: 0.00, Workers: 4
[6868.157s][debug][gc,phases      ] GC(278)     Dead                           Min: 0, Avg:  0.0, Max: 0, Diff: 0, Sum: 0, Workers: 4
[6868.157s][debug][gc,phases      ] GC(278)     Total                          Min: 0, Avg:  0.0, Max: 0, Diff: 0, Sum: 0, Workers: 4
[6868.157s][debug][gc,phases      ] GC(278)   StringDedup Requests0 Weak     Min: 0.00, Avg: 0.00, Max: 0.00, Diff: 0.00, Sum: 0.00, Workers: 4
[6868.157s][debug][gc,phases      ] GC(278)     Dead                           Min: 0, Avg:  0.0, Max: 0, Diff: 0, Sum: 0, Workers: 4
[6868.157s][debug][gc,phases      ] GC(278)     Total                          Min: 0, Avg:  0.0, Max: 0, Diff: 0, Sum: 0, Workers: 4
[6868.157s][debug][gc,phases      ] GC(278)   StringDedup Requests1 Weak     Min: 0.00, Avg: 0.00, Max: 0.00, Diff: 0.00, Sum: 0.00, Workers: 4
[6868.157s][debug][gc,phases      ] GC(278)     Dead                           Min: 0, Avg:  0.0, Max: 0, Diff: 0, Sum: 0, Workers: 4
[6868.157s][debug][gc,phases      ] GC(278)     Total                          Min: 0, Avg:  0.0, Max: 0, Diff: 0, Sum: 0, Workers: 4
[6868.157s][debug][gc,phases      ] GC(278)   Weak JFR Old Object Samples    Min: 0.00, Avg: 0.00, Max: 0.00, Diff: 0.00, Sum: 0.00, Workers: 4
[6868.157s][debug][gc,phases      ] GC(278)     Dead                           Min: 0, Avg:  0.0, Max: 0, Diff: 0, Sum: 0, Workers: 4
[6868.157s][debug][gc,phases      ] GC(278)     Total                          Min: 0, Avg:  0.0, Max: 0, Diff: 0, Sum: 0, Workers: 4
[6868.157s][debug][gc,phases      ] GC(278) Weak Processing 0.346ms
[6868.157s][debug][gc,age         ] GC(278) Desired survivor size 40370176 bytes, new threshold 1 (max threshold 15)
[6868.157s][info ][gc,heap        ] GC(278) PSYoungGen: 2037239K(2057216K)->28560K(2054144K) Eden: 2025472K(2025472K)->0K(2025472K) From: 11767K(31744K)->28560K(28672K)
[6868.157s][info ][gc,heap        ] GC(278) ParOldGen: 2015286K(2015744K)->2023583K(2023936K)
[6868.157s][info ][gc,metaspace   ] GC(278) Metaspace: 113189K(114496K)->113189K(114496K) NonClass: 96789K(97536K)->96789K(97536K) Class: 16400K(16960K)->16400K(16960K)
[6868.157s][info ][gc             ] GC(278) Pause Young (Allocation Failure) 3957M->2004M(3982M) 16.706ms
[6868.157s][info ][gc,cpu         ] GC(278) User=0.05s Sys=0.01s Real=0.01s
[6868.157s][info ][safepoint      ] Safepoint "ParallelCollectForAllocation", Time since last: 9347823208 ns, Reaching safepoint: 5700 ns, At safepoint: 16772521 ns, Leaving safepoint: 12300 ns, Total: 16790521 ns, Threads: 0 runnable, 39 total
[6881.701s][info ][gc,start       ] GC(279) Pause Young (Allocation Failure)
[6881.724s][debug][gc,phases      ] GC(279) Scavenge 22.717ms
[6881.724s][debug][gc,ref         ] GC(279) ReferenceProcessor::execute queues: 1, RefProcThreadModel::Single, marks_oops_alive: false
[6881.724s][debug][gc,ref         ] GC(279) Skipped KeepAliveFinalRefsPhase of Reference Processing: no references
[6881.724s][debug][gc,ref         ] GC(279) Skipped PhantomRefsPhase of Reference Processing: no references
[6881.724s][debug][gc,phases      ] GC(279) Reference Processing 0.110ms
[6881.724s][debug][gc,phases      ] GC(279)   VM Weak                        Min: 0.00, Avg: 0.00, Max: 0.01, Diff: 0.01, Sum: 0.01, Workers: 4
[6881.724s][debug][gc,phases      ] GC(279)     Dead                           Min: 0, Avg:  0.0, Max: 0, Diff: 0, Sum: 0, Workers: 4
[6881.724s][debug][gc,phases      ] GC(279)     Total                          Min: 0, Avg: 240.5, Max: 514, Diff: 514, Sum: 962, Workers: 4
[6881.724s][debug][gc,phases      ] GC(279)   ObjectSynchronizer Weak        Min: 0.00, Avg: 0.00, Max: 0.00, Diff: 0.00, Sum: 0.00, Workers: 4
[6881.724s][debug][gc,phases      ] GC(279)     Dead                           Min: 0, Avg:  0.0, Max: 0, Diff: 0, Sum: 0, Workers: 4
[6881.724s][debug][gc,phases      ] GC(279)     Total                          Min: 0, Avg:  1.5, Max: 6, Diff: 6, Sum: 6, Workers: 4
[6881.724s][debug][gc,phases      ] GC(279)   JVMTI Tag Weak OopStorage      Min: 0.00, Avg: 0.00, Max: 0.00, Diff: 0.00, Sum: 0.00, Workers: 4
[6881.724s][debug][gc,phases      ] GC(279)     Dead                           Min: 0, Avg:  0.0, Max: 0, Diff: 0, Sum: 0, Workers: 4
[6881.724s][debug][gc,phases      ] GC(279)     Total                          Min: 0, Avg:  0.0, Max: 0, Diff: 0, Sum: 0, Workers: 4
[6881.724s][debug][gc,phases      ] GC(279)   StringTable Weak               Min: 0.00, Avg: 0.11, Max: 0.14, Diff: 0.14, Sum: 0.43, Workers: 4
[6881.724s][debug][gc,phases      ] GC(279)     Dead                           Min: 0, Avg:  0.0, Max: 0, Diff: 0, Sum: 0, Workers: 4
[6881.724s][debug][gc,phases      ] GC(279)     Total                          Min: 0, Avg: 12841.2, Max: 21311, Diff: 21311, Sum: 51365, Workers: 4
[6881.724s][debug][gc,phases      ] GC(279)   ResolvedMethodTable Weak       Min: 0.00, Avg: 0.03, Max: 0.04, Diff: 0.04, Sum: 0.13, Workers: 4
[6881.724s][debug][gc,phases      ] GC(279)     Dead                           Min: 0, Avg:  0.0, Max: 0, Diff: 0, Sum: 0, Workers: 4
[6881.724s][debug][gc,phases      ] GC(279)     Total                          Min: 0, Avg: 4358.5, Max: 7713, Diff: 7713, Sum: 17434, Workers: 4
[6881.724s][debug][gc,phases      ] GC(279)   JNI Weak                       Min: 0.00, Avg: 0.00, Max: 0.00, Diff: 0.00, Sum: 0.00, Workers: 4
[6881.724s][debug][gc,phases      ] GC(279)     Dead                           Min: 0, Avg:  0.0, Max: 0, Diff: 0, Sum: 0, Workers: 4
[6881.724s][debug][gc,phases      ] GC(279)     Total                          Min: 0, Avg: 13.0, Max: 52, Diff: 52, Sum: 52, Workers: 4
[6881.724s][debug][gc,phases      ] GC(279)   StringDedup Table Weak         Min: 0.00, Avg: 0.00, Max: 0.00, Diff: 0.00, Sum: 0.00, Workers: 4
[6881.724s][debug][gc,phases      ] GC(279)     Dead                           Min: 0, Avg:  0.0, Max: 0, Diff: 0, Sum: 0, Workers: 4
[6881.724s][debug][gc,phases      ] GC(279)     Total                          Min: 0, Avg:  0.0, Max: 0, Diff: 0, Sum: 0, Workers: 4
[6881.724s][debug][gc,phases      ] GC(279)   StringDedup Requests0 Weak     Min: 0.00, Avg: 0.00, Max: 0.00, Diff: 0.00, Sum: 0.00, Workers: 4
[6881.724s][debug][gc,phases      ] GC(279)     Dead                           Min: 0, Avg:  0.0, Max: 0, Diff: 0, Sum: 0, Workers: 4
[6881.724s][debug][gc,phases      ] GC(279)     Total                          Min: 0, Avg:  0.0, Max: 0, Diff: 0, Sum: 0, Workers: 4
[6881.724s][debug][gc,phases      ] GC(279)   StringDedup Requests1 Weak     Min: 0.00, Avg: 0.00, Max: 0.00, Diff: 0.00, Sum: 0.00, Workers: 4
[6881.725s][debug][gc,phases      ] GC(279)     Dead                           Min: 0, Avg:  0.0, Max: 0, Diff: 0, Sum: 0, Workers: 4
[6881.725s][debug][gc,phases      ] GC(279)     Total                          Min: 0, Avg:  0.0, Max: 0, Diff: 0, Sum: 0, Workers: 4
[6881.725s][debug][gc,phases      ] GC(279)   Weak JFR Old Object Samples    Min: 0.00, Avg: 0.00, Max: 0.00, Diff: 0.00, Sum: 0.00, Workers: 4
[6881.725s][debug][gc,phases      ] GC(279)     Dead                           Min: 0, Avg:  0.0, Max: 0, Diff: 0, Sum: 0, Workers: 4
[6881.725s][debug][gc,phases      ] GC(279)     Total                          Min: 0, Avg:  0.0, Max: 0, Diff: 0, Sum: 0, Workers: 4
[6881.725s][debug][gc,phases      ] GC(279) Weak Processing 0.386ms
[6881.725s][debug][gc,age         ] GC(279) Desired survivor size 45613056 bytes, new threshold 1 (max threshold 15)
[6881.725s][info ][gc,heap        ] GC(279) PSYoungGen: 2054032K(2054144K)->35008K(2047488K) Eden: 2025472K(2025472K)->0K(2008064K) From: 28560K(28672K)->35008K(39424K)
[6881.725s][info ][gc,heap        ] GC(279) ParOldGen: 2023583K(2023936K)->2051624K(2052096K)
[6881.725s][info ][gc,metaspace   ] GC(279) Metaspace: 113189K(114496K)->113189K(114496K) NonClass: 96789K(97536K)->96789K(97536K) Class: 16400K(16960K)->16400K(16960K)
[6881.725s][info ][gc             ] GC(279) Pause Young (Allocation Failure) 3982M->2037M(4003M) 23.336ms
[6881.725s][info ][gc,cpu         ] GC(279) User=0.08s Sys=0.01s Real=0.02s
[6881.725s][info ][safepoint      ] Safepoint "ParallelCollectForAllocation", Time since last: 13544399947 ns, Reaching safepoint: 5800 ns, At safepoint: 23400090 ns, Leaving safepoint: 4100 ns, Total: 23409990 ns, Threads: 0 runnable, 39 total
[6918.792s][info ][gc,start       ] GC(280) Pause Young (Allocation Failure)
[6918.812s][debug][gc,phases      ] GC(280) Scavenge 19.793ms
[6918.812s][debug][gc,ref         ] GC(280) Skipped SoftWeakFinalRefsPhase of Reference Processing: no references
[6918.812s][debug][gc,ref         ] GC(280) Skipped KeepAliveFinalRefsPhase of Reference Processing: no references
[6918.812s][debug][gc,ref         ] GC(280) Skipped PhantomRefsPhase of Reference Processing: no references
[6918.812s][debug][gc,phases      ] GC(280) Reference Processing 0.022ms
[6918.812s][debug][gc,phases      ] GC(280)   VM Weak                        Min: 0.00, Avg: 0.00, Max: 0.01, Diff: 0.01, Sum: 0.01, Workers: 4
[6918.812s][debug][gc,phases      ] GC(280)     Dead                           Min: 0, Avg:  0.0, Max: 0, Diff: 0, Sum: 0, Workers: 4
[6918.812s][debug][gc,phases      ] GC(280)     Total                          Min: 0, Avg: 240.5, Max: 768, Diff: 768, Sum: 962, Workers: 4
[6918.812s][debug][gc,phases      ] GC(280)   ObjectSynchronizer Weak        Min: 0.00, Avg: 0.00, Max: 0.00, Diff: 0.00, Sum: 0.00, Workers: 4
[6918.812s][debug][gc,phases      ] GC(280)     Dead                           Min: 0, Avg:  0.0, Max: 0, Diff: 0, Sum: 0, Workers: 4
[6918.812s][debug][gc,phases      ] GC(280)     Total                          Min: 0, Avg:  1.2, Max: 5, Diff: 5, Sum: 5, Workers: 4
[6918.812s][debug][gc,phases      ] GC(280)   JVMTI Tag Weak OopStorage      Min: 0.00, Avg: 0.00, Max: 0.00, Diff: 0.00, Sum: 0.00, Workers: 4
[6918.812s][debug][gc,phases      ] GC(280)     Dead                           Min: 0, Avg:  0.0, Max: 0, Diff: 0, Sum: 0, Workers: 4
[6918.812s][debug][gc,phases      ] GC(280)     Total                          Min: 0, Avg:  0.0, Max: 0, Diff: 0, Sum: 0, Workers: 4
[6918.812s][debug][gc,phases      ] GC(280)   StringTable Weak               Min: 0.00, Avg: 0.09, Max: 0.13, Diff: 0.13, Sum: 0.38, Workers: 4
[6918.812s][debug][gc,phases      ] GC(280)     Dead                           Min: 0, Avg:  0.0, Max: 0, Diff: 0, Sum: 0, Workers: 4
[6918.812s][debug][gc,phases      ] GC(280)     Total                          Min: 0, Avg: 12841.2, Max: 22270, Diff: 22270, Sum: 51365, Workers: 4
[6918.812s][debug][gc,phases      ] GC(280)   ResolvedMethodTable Weak       Min: 0.00, Avg: 0.03, Max: 0.04, Diff: 0.04, Sum: 0.13, Workers: 4
[6918.812s][debug][gc,phases      ] GC(280)     Dead                           Min: 0, Avg:  5.0, Max: 20, Diff: 20, Sum: 20, Workers: 4
[6918.812s][debug][gc,phases      ] GC(280)     Total                          Min: 0, Avg: 4358.5, Max: 7484, Diff: 7484, Sum: 17434, Workers: 4
[6918.812s][debug][gc,phases      ] GC(280)   JNI Weak                       Min: 0.00, Avg: 0.00, Max: 0.00, Diff: 0.00, Sum: 0.00, Workers: 4
[6918.812s][debug][gc,phases      ] GC(280)     Dead                           Min: 0, Avg:  0.0, Max: 0, Diff: 0, Sum: 0, Workers: 4
[6918.812s][debug][gc,phases      ] GC(280)     Total                          Min: 0, Avg: 13.0, Max: 48, Diff: 48, Sum: 52, Workers: 4
[6918.812s][debug][gc,phases      ] GC(280)   StringDedup Table Weak         Min: 0.00, Avg: 0.00, Max: 0.00, Diff: 0.00, Sum: 0.00, Workers: 4
[6918.812s][debug][gc,phases      ] GC(280)     Dead                           Min: 0, Avg:  0.0, Max: 0, Diff: 0, Sum: 0, Workers: 4
[6918.812s][debug][gc,phases      ] GC(280)     Total                          Min: 0, Avg:  0.0, Max: 0, Diff: 0, Sum: 0, Workers: 4
[6918.812s][debug][gc,phases      ] GC(280)   StringDedup Requests0 Weak     Min: 0.00, Avg: 0.00, Max: 0.00, Diff: 0.00, Sum: 0.00, Workers: 4
[6918.812s][debug][gc,phases      ] GC(280)     Dead                           Min: 0, Avg:  0.0, Max: 0, Diff: 0, Sum: 0, Workers: 4
[6918.812s][debug][gc,phases      ] GC(280)     Total                          Min: 0, Avg:  0.0, Max: 0, Diff: 0, Sum: 0, Workers: 4
[6918.812s][debug][gc,phases      ] GC(280)   StringDedup Requests1 Weak     Min: 0.00, Avg: 0.00, Max: 0.00, Diff: 0.00, Sum: 0.00, Workers: 4
[6918.812s][debug][gc,phases      ] GC(280)     Dead                           Min: 0, Avg:  0.0, Max: 0, Diff: 0, Sum: 0, Workers: 4
[6918.812s][debug][gc,phases      ] GC(280)     Total                          Min: 0, Avg:  0.0, Max: 0, Diff: 0, Sum: 0, Workers: 4
[6918.812s][debug][gc,phases      ] GC(280)   Weak JFR Old Object Samples    Min: 0.00, Avg: 0.00, Max: 0.00, Diff: 0.00, Sum: 0.00, Workers: 4
[6918.812s][debug][gc,phases      ] GC(280)     Dead                           Min: 0, Avg:  0.0, Max: 0, Diff: 0, Sum: 0, Workers: 4
[6918.812s][debug][gc,phases      ] GC(280)     Total                          Min: 0, Avg:  0.0, Max: 0, Diff: 0, Sum: 0, Workers: 4
[6918.812s][debug][gc,phases      ] GC(280) Weak Processing 0.349ms
[6918.812s][debug][gc,age         ] GC(280) Desired survivor size 45088768 bytes, new threshold 1 (max threshold 15)
[6918.812s][info ][gc,heap        ] GC(280) PSYoungGen: 2043072K(2047488K)->4032K(2052608K) Eden: 2008064K(2008064K)->0K(2008064K) From: 35008K(39424K)->4032K(44544K)
[6918.812s][info ][gc,heap        ] GC(280) ParOldGen: 2051624K(2052096K)->2086268K(2086400K)
[6918.812s][info ][gc,metaspace   ] GC(280) Metaspace: 113192K(114496K)->113192K(114496K) NonClass: 96792K(97536K)->96792K(97536K) Class: 16400K(16960K)->16400K(16960K)
[6918.812s][info ][gc             ] GC(280) Pause Young (Allocation Failure) 3998M->2041M(4042M) 20.295ms
[6918.812s][info ][gc,cpu         ] GC(280) User=0.04s Sys=0.02s Real=0.02s
[6918.812s][info ][safepoint      ] Safepoint "ParallelCollectForAllocation", Time since last: 37067082039 ns, Reaching safepoint: 85199 ns, At safepoint: 20364405 ns, Leaving safepoint: 10500 ns, Total: 20460104 ns, Threads: 1 runnable, 42 total
[6950.849s][info ][gc,start       ] GC(281) Pause Young (Allocation Failure)
[6950.855s][debug][gc,phases      ] GC(281) Scavenge 6.106ms
[6950.855s][debug][gc,ref         ] GC(281) Skipped SoftWeakFinalRefsPhase of Reference Processing: no references
[6950.855s][debug][gc,ref         ] GC(281) Skipped KeepAliveFinalRefsPhase of Reference Processing: no references
[6950.855s][debug][gc,ref         ] GC(281) Skipped PhantomRefsPhase of Reference Processing: no references
[6950.855s][debug][gc,phases      ] GC(281) Reference Processing 0.022ms
[6950.855s][debug][gc,phases      ] GC(281)   VM Weak                        Min: 0.00, Avg: 0.00, Max: 0.00, Diff: 0.00, Sum: 0.01, Workers: 4
[6950.855s][debug][gc,phases      ] GC(281)     Dead                           Min: 0, Avg:  0.0, Max: 0, Diff: 0, Sum: 0, Workers: 4
[6950.855s][debug][gc,phases      ] GC(281)     Total                          Min: 0, Avg: 240.5, Max: 514, Diff: 514, Sum: 962, Workers: 4
[6950.855s][debug][gc,phases      ] GC(281)   ObjectSynchronizer Weak        Min: 0.00, Avg: 0.00, Max: 0.00, Diff: 0.00, Sum: 0.00, Workers: 4
[6950.855s][debug][gc,phases      ] GC(281)     Dead                           Min: 0, Avg:  0.0, Max: 0, Diff: 0, Sum: 0, Workers: 4
[6950.855s][debug][gc,phases      ] GC(281)     Total                          Min: 0, Avg:  1.5, Max: 6, Diff: 6, Sum: 6, Workers: 4
[6950.855s][debug][gc,phases      ] GC(281)   JVMTI Tag Weak OopStorage      Min: 0.00, Avg: 0.00, Max: 0.00, Diff: 0.00, Sum: 0.00, Workers: 4
[6950.855s][debug][gc,phases      ] GC(281)     Dead                           Min: 0, Avg:  0.0, Max: 0, Diff: 0, Sum: 0, Workers: 4
[6950.855s][debug][gc,phases      ] GC(281)     Total                          Min: 0, Avg:  0.0, Max: 0, Diff: 0, Sum: 0, Workers: 4
[6950.855s][debug][gc,phases      ] GC(281)   StringTable Weak               Min: 0.00, Avg: 0.11, Max: 0.14, Diff: 0.14, Sum: 0.43, Workers: 4
[6950.855s][debug][gc,phases      ] GC(281)     Dead                           Min: 0, Avg:  0.0, Max: 0, Diff: 0, Sum: 0, Workers: 4
[6950.855s][debug][gc,phases      ] GC(281)     Total                          Min: 191, Avg: 12841.2, Max: 21375, Diff: 21184, Sum: 51365, Workers: 4
[6950.855s][debug][gc,phases      ] GC(281)   ResolvedMethodTable Weak       Min: 0.04, Avg: 0.04, Max: 0.04, Diff: 0.00, Sum: 0.15, Workers: 4
[6950.855s][debug][gc,phases      ] GC(281)     Dead                           Min: 0, Avg:  5.0, Max: 20, Diff: 20, Sum: 20, Workers: 4
[6950.855s][debug][gc,phases      ] GC(281)     Total                          Min: 4270, Avg: 4358.5, Max: 4416, Diff: 146, Sum: 17434, Workers: 4
[6950.855s][debug][gc,phases      ] GC(281)   JNI Weak                       Min: 0.00, Avg: 0.00, Max: 0.00, Diff: 0.00, Sum: 0.00, Workers: 4
[6950.855s][debug][gc,phases      ] GC(281)     Dead                           Min: 0, Avg:  0.0, Max: 0, Diff: 0, Sum: 0, Workers: 4
[6950.855s][debug][gc,phases      ] GC(281)     Total                          Min: 0, Avg: 13.0, Max: 48, Diff: 48, Sum: 52, Workers: 4
[6950.855s][debug][gc,phases      ] GC(281)   StringDedup Table Weak         Min: 0.00, Avg: 0.00, Max: 0.00, Diff: 0.00, Sum: 0.00, Workers: 4
[6950.855s][debug][gc,phases      ] GC(281)     Dead                           Min: 0, Avg:  0.0, Max: 0, Diff: 0, Sum: 0, Workers: 4
[6950.855s][debug][gc,phases      ] GC(281)     Total                          Min: 0, Avg:  0.0, Max: 0, Diff: 0, Sum: 0, Workers: 4
[6950.855s][debug][gc,phases      ] GC(281)   StringDedup Requests0 Weak     Min: 0.00, Avg: 0.00, Max: 0.00, Diff: 0.00, Sum: 0.00, Workers: 4
[6950.855s][debug][gc,phases      ] GC(281)     Dead                           Min: 0, Avg:  0.0, Max: 0, Diff: 0, Sum: 0, Workers: 4
[6950.856s][debug][gc,phases      ] GC(281)     Total                          Min: 0, Avg:  0.0, Max: 0, Diff: 0, Sum: 0, Workers: 4
[6950.856s][debug][gc,phases      ] GC(281)   StringDedup Requests1 Weak     Min: 0.00, Avg: 0.00, Max: 0.00, Diff: 0.00, Sum: 0.00, Workers: 4
[6950.856s][debug][gc,phases      ] GC(281)     Dead                           Min: 0, Avg:  0.0, Max: 0, Diff: 0, Sum: 0, Workers: 4
[6950.856s][debug][gc,phases      ] GC(281)     Total                          Min: 0, Avg:  0.0, Max: 0, Diff: 0, Sum: 0, Workers: 4
[6950.856s][debug][gc,phases      ] GC(281)   Weak JFR Old Object Samples    Min: 0.00, Avg: 0.00, Max: 0.00, Diff: 0.00, Sum: 0.00, Workers: 4
[6950.856s][debug][gc,phases      ] GC(281)     Dead                           Min: 0, Avg:  0.0, Max: 0, Diff: 0, Sum: 0, Workers: 4
[6950.856s][debug][gc,phases      ] GC(281)     Total                          Min: 0, Avg:  0.0, Max: 0, Diff: 0, Sum: 0, Workers: 4
[6950.856s][debug][gc,phases      ] GC(281) Weak Processing 0.390ms
[6950.856s][debug][gc,age         ] GC(281) Desired survivor size 43515904 bytes, new threshold 1 (max threshold 15)
[6950.856s][info ][gc,heap        ] GC(281) PSYoungGen: 2012096K(2052608K)->5744K(2054656K) Eden: 2008064K(2008064K)->0K(2010624K) From: 4032K(44544K)->5744K(44032K)
[6950.856s][info ][gc,heap        ] GC(281) ParOldGen: 2086268K(2086400K)->2087488K(2087936K)
[6950.856s][info ][gc,metaspace   ] GC(281) Metaspace: 113196K(114496K)->113196K(114496K) NonClass: 96796K(97536K)->96796K(97536K) Class: 16400K(16960K)->16400K(16960K)
[6950.856s][info ][gc             ] GC(281) Pause Young (Allocation Failure) 4002M->2044M(4045M) 6.618ms
[6950.856s][info ][gc,cpu         ] GC(281) User=0.02s Sys=0.00s Real=0.00s
[6950.856s][info ][safepoint      ] Safepoint "ParallelCollectForAllocation", Time since last: 32036764456 ns, Reaching safepoint: 22000 ns, At safepoint: 6679969 ns, Leaving safepoint: 2400 ns, Total: 6704369 ns, Threads: 0 runnable, 42 total
[6986.640s][info ][gc,start       ] GC(282) Pause Young (Allocation Failure)
[6986.647s][debug][gc,phases      ] GC(282) Scavenge 7.070ms
[6986.647s][debug][gc,ref         ] GC(282) Skipped SoftWeakFinalRefsPhase of Reference Processing: no references
[6986.647s][debug][gc,ref         ] GC(282) Skipped KeepAliveFinalRefsPhase of Reference Processing: no references
[6986.647s][debug][gc,ref         ] GC(282) Skipped PhantomRefsPhase of Reference Processing: no references
[6986.647s][debug][gc,phases      ] GC(282) Reference Processing 0.022ms
[6986.647s][debug][gc,phases      ] GC(282)   VM Weak                        Min: 0.00, Avg: 0.00, Max: 0.01, Diff: 0.01, Sum: 0.01, Workers: 4
[6986.647s][debug][gc,phases      ] GC(282)     Dead                           Min: 0, Avg:  0.0, Max: 0, Diff: 0, Sum: 0, Workers: 4
[6986.647s][debug][gc,phases      ] GC(282)     Total                          Min: 0, Avg: 240.5, Max: 704, Diff: 704, Sum: 962, Workers: 4
[6986.647s][debug][gc,phases      ] GC(282)   ObjectSynchronizer Weak        Min: 0.00, Avg: 0.00, Max: 0.00, Diff: 0.00, Sum: 0.00, Workers: 4
[6986.647s][debug][gc,phases      ] GC(282)     Dead                           Min: 0, Avg:  0.0, Max: 0, Diff: 0, Sum: 0, Workers: 4
[6986.647s][debug][gc,phases      ] GC(282)     Total                          Min: 0, Avg:  1.5, Max: 6, Diff: 6, Sum: 6, Workers: 4
[6986.647s][debug][gc,phases      ] GC(282)   JVMTI Tag Weak OopStorage      Min: 0.00, Avg: 0.00, Max: 0.00, Diff: 0.00, Sum: 0.00, Workers: 4
[6986.647s][debug][gc,phases      ] GC(282)     Dead                           Min: 0, Avg:  0.0, Max: 0, Diff: 0, Sum: 0, Workers: 4
[6986.647s][debug][gc,phases      ] GC(282)     Total                          Min: 0, Avg:  0.0, Max: 0, Diff: 0, Sum: 0, Workers: 4
[6986.647s][debug][gc,phases      ] GC(282)   StringTable Weak               Min: 0.00, Avg: 0.11, Max: 0.15, Diff: 0.15, Sum: 0.46, Workers: 4
[6986.647s][debug][gc,phases      ] GC(282)     Dead                           Min: 0, Avg:  0.0, Max: 0, Diff: 0, Sum: 0, Workers: 4
[6986.647s][debug][gc,phases      ] GC(282)     Total                          Min: 0, Avg: 12841.5, Max: 18047, Diff: 18047, Sum: 51366, Workers: 4
[6986.647s][debug][gc,phases      ] GC(282)   ResolvedMethodTable Weak       Min: 0.00, Avg: 0.04, Max: 0.05, Diff: 0.05, Sum: 0.15, Workers: 4
[6986.647s][debug][gc,phases      ] GC(282)     Dead                           Min: 0, Avg:  5.0, Max: 20, Diff: 20, Sum: 20, Workers: 4
[6986.647s][debug][gc,phases      ] GC(282)     Total                          Min: 0, Avg: 4358.5, Max: 5881, Diff: 5881, Sum: 17434, Workers: 4
[6986.647s][debug][gc,phases      ] GC(282)   JNI Weak                       Min: 0.00, Avg: 0.00, Max: 0.00, Diff: 0.00, Sum: 0.00, Workers: 4
[6986.647s][debug][gc,phases      ] GC(282)     Dead                           Min: 0, Avg:  0.0, Max: 0, Diff: 0, Sum: 0, Workers: 4
[6986.647s][debug][gc,phases      ] GC(282)     Total                          Min: 0, Avg: 13.0, Max: 48, Diff: 48, Sum: 52, Workers: 4
[6986.647s][debug][gc,phases      ] GC(282)   StringDedup Table Weak         Min: 0.00, Avg: 0.00, Max: 0.00, Diff: 0.00, Sum: 0.00, Workers: 4
[6986.647s][debug][gc,phases      ] GC(282)     Dead                           Min: 0, Avg:  0.0, Max: 0, Diff: 0, Sum: 0, Workers: 4
[6986.647s][debug][gc,phases      ] GC(282)     Total                          Min: 0, Avg:  0.0, Max: 0, Diff: 0, Sum: 0, Workers: 4
[6986.647s][debug][gc,phases      ] GC(282)   StringDedup Requests0 Weak     Min: 0.00, Avg: 0.00, Max: 0.00, Diff: 0.00, Sum: 0.00, Workers: 4
[6986.647s][debug][gc,phases      ] GC(282)     Dead                           Min: 0, Avg:  0.0, Max: 0, Diff: 0, Sum: 0, Workers: 4
[6986.647s][debug][gc,phases      ] GC(282)     Total                          Min: 0, Avg:  0.0, Max: 0, Diff: 0, Sum: 0, Workers: 4
[6986.647s][debug][gc,phases      ] GC(282)   StringDedup Requests1 Weak     Min: 0.00, Avg: 0.00, Max: 0.00, Diff: 0.00, Sum: 0.00, Workers: 4
[6986.647s][debug][gc,phases      ] GC(282)     Dead                           Min: 0, Avg:  0.0, Max: 0, Diff: 0, Sum: 0, Workers: 4
[6986.647s][debug][gc,phases      ] GC(282)     Total                          Min: 0, Avg:  0.0, Max: 0, Diff: 0, Sum: 0, Workers: 4
[6986.647s][debug][gc,phases      ] GC(282)   Weak JFR Old Object Samples    Min: 0.00, Avg: 0.00, Max: 0.00, Diff: 0.00, Sum: 0.00, Workers: 4
[6986.647s][debug][gc,phases      ] GC(282)     Dead                           Min: 0, Avg:  0.0, Max: 0, Diff: 0, Sum: 0, Workers: 4
[6986.647s][debug][gc,phases      ] GC(282)     Total                          Min: 0, Avg:  0.0, Max: 0, Diff: 0, Sum: 0, Workers: 4
[6986.647s][debug][gc,phases      ] GC(282) Weak Processing 0.435ms
[6986.647s][debug][gc,age         ] GC(282) Desired survivor size 42467328 bytes, new threshold 1 (max threshold 15)
[6986.647s][info ][gc,heap        ] GC(282) PSYoungGen: 2016368K(2054656K)->4144K(2053120K) Eden: 2010624K(2010624K)->0K(2010624K) From: 5744K(44032K)->4144K(42496K)
[6986.647s][info ][gc,heap        ] GC(282) ParOldGen: 2087488K(2087936K)->2089533K(2089984K)
[6986.647s][info ][gc,metaspace   ] GC(282) Metaspace: 113196K(114496K)->113196K(114496K) NonClass: 96796K(97536K)->96796K(97536K) Class: 16400K(16960K)->16400K(16960K)
[6986.647s][info ][gc             ] GC(282) Pause Young (Allocation Failure) 4007M->2044M(4046M) 7.646ms
[6986.647s][info ][gc,cpu         ] GC(282) User=0.03s Sys=0.00s Real=0.00s
[6986.647s][info ][safepoint      ] Safepoint "ParallelCollectForAllocation", Time since last: 35783851822 ns, Reaching safepoint: 77299 ns, At safepoint: 7710764 ns, Leaving safepoint: 12600 ns, Total: 7800663 ns, Threads: 1 runnable, 35 total
[7022.147s][info ][gc,start       ] GC(283) Pause Young (Allocation Failure)
[7022.152s][debug][gc,phases      ] GC(283) Scavenge 4.888ms
[7022.152s][debug][gc,ref         ] GC(283) Skipped SoftWeakFinalRefsPhase of Reference Processing: no references
[7022.152s][debug][gc,ref         ] GC(283) Skipped KeepAliveFinalRefsPhase of Reference Processing: no references
[7022.152s][debug][gc,ref         ] GC(283) Skipped PhantomRefsPhase of Reference Processing: no references
[7022.152s][debug][gc,phases      ] GC(283) Reference Processing 0.023ms
[7022.153s][debug][gc,phases      ] GC(283)   VM Weak                        Min: 0.00, Avg: 0.00, Max: 0.01, Diff: 0.01, Sum: 0.01, Workers: 4
[7022.153s][debug][gc,phases      ] GC(283)     Dead                           Min: 0, Avg:  0.0, Max: 0, Diff: 0, Sum: 0, Workers: 4
[7022.153s][debug][gc,phases      ] GC(283)     Total                          Min: 0, Avg: 240.5, Max: 578, Diff: 578, Sum: 962, Workers: 4
[7022.153s][debug][gc,phases      ] GC(283)   ObjectSynchronizer Weak        Min: 0.00, Avg: 0.00, Max: 0.00, Diff: 0.00, Sum: 0.00, Workers: 4
[7022.153s][debug][gc,phases      ] GC(283)     Dead                           Min: 0, Avg:  0.0, Max: 0, Diff: 0, Sum: 0, Workers: 4
[7022.153s][debug][gc,phases      ] GC(283)     Total                          Min: 0, Avg:  1.5, Max: 6, Diff: 6, Sum: 6, Workers: 4
[7022.153s][debug][gc,phases      ] GC(283)   JVMTI Tag Weak OopStorage      Min: 0.00, Avg: 0.00, Max: 0.00, Diff: 0.00, Sum: 0.00, Workers: 4
[7022.153s][debug][gc,phases      ] GC(283)     Dead                           Min: 0, Avg:  0.0, Max: 0, Diff: 0, Sum: 0, Workers: 4
[7022.153s][debug][gc,phases      ] GC(283)     Total                          Min: 0, Avg:  0.0, Max: 0, Diff: 0, Sum: 0, Workers: 4
[7022.153s][debug][gc,phases      ] GC(283)   StringTable Weak               Min: 0.00, Avg: 0.09, Max: 0.12, Diff: 0.12, Sum: 0.37, Workers: 4
[7022.153s][debug][gc,phases      ] GC(283)     Dead                           Min: 0, Avg:  0.0, Max: 0, Diff: 0, Sum: 0, Workers: 4
[7022.153s][debug][gc,phases      ] GC(283)     Total                          Min: 0, Avg: 12841.5, Max: 22568, Diff: 22568, Sum: 51366, Workers: 4
[7022.153s][debug][gc,phases      ] GC(283)   ResolvedMethodTable Weak       Min: 0.00, Avg: 0.03, Max: 0.04, Diff: 0.04, Sum: 0.13, Workers: 4
[7022.153s][debug][gc,phases      ] GC(283)     Dead                           Min: 0, Avg:  5.0, Max: 20, Diff: 20, Sum: 20, Workers: 4
[7022.153s][debug][gc,phases      ] GC(283)     Total                          Min: 0, Avg: 4358.5, Max: 7585, Diff: 7585, Sum: 17434, Workers: 4
[7022.153s][debug][gc,phases      ] GC(283)   JNI Weak                       Min: 0.00, Avg: 0.00, Max: 0.00, Diff: 0.00, Sum: 0.00, Workers: 4
[7022.153s][debug][gc,phases      ] GC(283)     Dead                           Min: 0, Avg:  0.0, Max: 0, Diff: 0, Sum: 0, Workers: 4
[7022.153s][debug][gc,phases      ] GC(283)     Total                          Min: 0, Avg: 13.0, Max: 48, Diff: 48, Sum: 52, Workers: 4
[7022.153s][debug][gc,phases      ] GC(283)   StringDedup Table Weak         Min: 0.00, Avg: 0.00, Max: 0.00, Diff: 0.00, Sum: 0.00, Workers: 4
[7022.153s][debug][gc,phases      ] GC(283)     Dead                           Min: 0, Avg:  0.0, Max: 0, Diff: 0, Sum: 0, Workers: 4
[7022.153s][debug][gc,phases      ] GC(283)     Total                          Min: 0, Avg:  0.0, Max: 0, Diff: 0, Sum: 0, Workers: 4
[7022.153s][debug][gc,phases      ] GC(283)   StringDedup Requests0 Weak     Min: 0.00, Avg: 0.00, Max: 0.00, Diff: 0.00, Sum: 0.00, Workers: 4
[7022.153s][debug][gc,phases      ] GC(283)     Dead                           Min: 0, Avg:  0.0, Max: 0, Diff: 0, Sum: 0, Workers: 4
[7022.153s][debug][gc,phases      ] GC(283)     Total                          Min: 0, Avg:  0.0, Max: 0, Diff: 0, Sum: 0, Workers: 4
[7022.153s][debug][gc,phases      ] GC(283)   StringDedup Requests1 Weak     Min: 0.00, Avg: 0.00, Max: 0.00, Diff: 0.00, Sum: 0.00, Workers: 4
[7022.153s][debug][gc,phases      ] GC(283)     Dead                           Min: 0, Avg:  0.0, Max: 0, Diff: 0, Sum: 0, Workers: 4
[7022.153s][debug][gc,phases      ] GC(283)     Total                          Min: 0, Avg:  0.0, Max: 0, Diff: 0, Sum: 0, Workers: 4
[7022.153s][debug][gc,phases      ] GC(283)   Weak JFR Old Object Samples    Min: 0.00, Avg: 0.00, Max: 0.00, Diff: 0.00, Sum: 0.00, Workers: 4
[7022.153s][debug][gc,phases      ] GC(283)     Dead                           Min: 0, Avg:  0.0, Max: 0, Diff: 0, Sum: 0, Workers: 4
[7022.153s][debug][gc,phases      ] GC(283)     Total                          Min: 0, Avg:  0.0, Max: 0, Diff: 0, Sum: 0, Workers: 4
[7022.153s][debug][gc,phases      ] GC(283) Weak Processing 0.364ms
[7022.153s][debug][gc,age         ] GC(283) Desired survivor size 41418752 bytes, new threshold 1 (max threshold 15)
[7022.153s][info ][gc,heap        ] GC(283) PSYoungGen: 2014768K(2053120K)->4096K(2056704K) Eden: 2010624K(2010624K)->0K(2015232K) From: 4144K(42496K)->4096K(41472K)
[7022.153s][info ][gc,heap        ] GC(283) ParOldGen: 2089533K(2089984K)->2090953K(2091008K)
[7022.153s][info ][gc,metaspace   ] GC(283) Metaspace: 113197K(114496K)->113197K(114496K) NonClass: 96797K(97536K)->96797K(97536K) Class: 16400K(16960K)->16400K(16960K)
[7022.153s][info ][gc             ] GC(283) Pause Young (Allocation Failure) 4008M->2045M(4050M) 5.406ms
[7022.153s][info ][gc,cpu         ] GC(283) User=0.01s Sys=0.00s Real=0.01s
[7022.153s][info ][safepoint      ] Safepoint "ParallelCollectForAllocation", Time since last: 35499982819 ns, Reaching safepoint: 5200 ns, At safepoint: 5466774 ns, Leaving safepoint: 2600 ns, Total: 5474574 ns, Threads: 0 runnable, 34 total
[7058.748s][info ][gc,start       ] GC(284) Pause Young (Allocation Failure)
[7058.753s][debug][gc,phases      ] GC(284) Scavenge 4.611ms
[7058.753s][debug][gc,ref         ] GC(284) Skipped SoftWeakFinalRefsPhase of Reference Processing: no references
[7058.753s][debug][gc,ref         ] GC(284) Skipped KeepAliveFinalRefsPhase of Reference Processing: no references
[7058.753s][debug][gc,ref         ] GC(284) Skipped PhantomRefsPhase of Reference Processing: no references
[7058.753s][debug][gc,phases      ] GC(284) Reference Processing 0.022ms
[7058.753s][debug][gc,phases      ] GC(284)   VM Weak                        Min: 0.00, Avg: 0.00, Max: 0.01, Diff: 0.01, Sum: 0.01, Workers: 4
[7058.753s][debug][gc,phases      ] GC(284)     Dead                           Min: 0, Avg:  0.0, Max: 0, Diff: 0, Sum: 0, Workers: 4
[7058.753s][debug][gc,phases      ] GC(284)     Total                          Min: 0, Avg: 240.5, Max: 898, Diff: 898, Sum: 962, Workers: 4
[7058.753s][debug][gc,phases      ] GC(284)   ObjectSynchronizer Weak        Min: 0.00, Avg: 0.00, Max: 0.00, Diff: 0.00, Sum: 0.00, Workers: 4
[7058.753s][debug][gc,phases      ] GC(284)     Dead                           Min: 0, Avg:  0.0, Max: 0, Diff: 0, Sum: 0, Workers: 4
[7058.753s][debug][gc,phases      ] GC(284)     Total                          Min: 0, Avg:  1.5, Max: 6, Diff: 6, Sum: 6, Workers: 4
[7058.753s][debug][gc,phases      ] GC(284)   JVMTI Tag Weak OopStorage      Min: 0.00, Avg: 0.00, Max: 0.00, Diff: 0.00, Sum: 0.00, Workers: 4
[7058.753s][debug][gc,phases      ] GC(284)     Dead                           Min: 0, Avg:  0.0, Max: 0, Diff: 0, Sum: 0, Workers: 4
[7058.753s][debug][gc,phases      ] GC(284)     Total                          Min: 0, Avg:  0.0, Max: 0, Diff: 0, Sum: 0, Workers: 4
[7058.753s][debug][gc,phases      ] GC(284)   StringTable Weak               Min: 0.00, Avg: 0.10, Max: 0.14, Diff: 0.14, Sum: 0.41, Workers: 4
[7058.753s][debug][gc,phases      ] GC(284)     Dead                           Min: 0, Avg:  0.0, Max: 0, Diff: 0, Sum: 0, Workers: 4
[7058.753s][debug][gc,phases      ] GC(284)     Total                          Min: 0, Avg: 12841.5, Max: 19711, Diff: 19711, Sum: 51366, Workers: 4
[7058.753s][debug][gc,phases      ] GC(284)   ResolvedMethodTable Weak       Min: 0.00, Avg: 0.05, Max: 0.07, Diff: 0.07, Sum: 0.20, Workers: 4
[7058.753s][debug][gc,phases      ] GC(284)     Dead                           Min: 0, Avg:  5.0, Max: 20, Diff: 20, Sum: 20, Workers: 4
[7058.753s][debug][gc,phases      ] GC(284)     Total                          Min: 0, Avg: 4358.5, Max: 6190, Diff: 6190, Sum: 17434, Workers: 4
[7058.753s][debug][gc,phases      ] GC(284)   JNI Weak                       Min: 0.00, Avg: 0.00, Max: 0.00, Diff: 0.00, Sum: 0.00, Workers: 4
[7058.753s][debug][gc,phases      ] GC(284)     Dead                           Min: 0, Avg:  0.0, Max: 0, Diff: 0, Sum: 0, Workers: 4
[7058.753s][debug][gc,phases      ] GC(284)     Total                          Min: 0, Avg: 13.0, Max: 48, Diff: 48, Sum: 52, Workers: 4
[7058.753s][debug][gc,phases      ] GC(284)   StringDedup Table Weak         Min: 0.00, Avg: 0.00, Max: 0.00, Diff: 0.00, Sum: 0.00, Workers: 4
[7058.753s][debug][gc,phases      ] GC(284)     Dead                           Min: 0, Avg:  0.0, Max: 0, Diff: 0, Sum: 0, Workers: 4
[7058.753s][debug][gc,phases      ] GC(284)     Total                          Min: 0, Avg:  0.0, Max: 0, Diff: 0, Sum: 0, Workers: 4
[7058.753s][debug][gc,phases      ] GC(284)   StringDedup Requests0 Weak     Min: 0.00, Avg: 0.00, Max: 0.00, Diff: 0.00, Sum: 0.00, Workers: 4
[7058.753s][debug][gc,phases      ] GC(284)     Dead                           Min: 0, Avg:  0.0, Max: 0, Diff: 0, Sum: 0, Workers: 4
[7058.753s][debug][gc,phases      ] GC(284)     Total                          Min: 0, Avg:  0.0, Max: 0, Diff: 0, Sum: 0, Workers: 4
[7058.753s][debug][gc,phases      ] GC(284)   StringDedup Requests1 Weak     Min: 0.00, Avg: 0.00, Max: 0.00, Diff: 0.00, Sum: 0.00, Workers: 4
[7058.753s][debug][gc,phases      ] GC(284)     Dead                           Min: 0, Avg:  0.0, Max: 0, Diff: 0, Sum: 0, Workers: 4
[7058.753s][debug][gc,phases      ] GC(284)     Total                          Min: 0, Avg:  0.0, Max: 0, Diff: 0, Sum: 0, Workers: 4
[7058.753s][debug][gc,phases      ] GC(284)   Weak JFR Old Object Samples    Min: 0.00, Avg: 0.00, Max: 0.00, Diff: 0.00, Sum: 0.00, Workers: 4
[7058.753s][debug][gc,phases      ] GC(284)     Dead                           Min: 0, Avg:  0.0, Max: 0, Diff: 0, Sum: 0, Workers: 4
[7058.753s][debug][gc,phases      ] GC(284)     Total                          Min: 0, Avg:  0.0, Max: 0, Diff: 0, Sum: 0, Workers: 4
[7058.753s][debug][gc,phases      ] GC(284) Weak Processing 0.414ms
[7058.753s][debug][gc,age         ] GC(284) Desired survivor size 39845888 bytes, new threshold 1 (max threshold 15)
[7058.754s][info ][gc,heap        ] GC(284) PSYoungGen: 2019328K(2056704K)->4304K(2055680K) Eden: 2015232K(2015232K)->0K(2015232K) From: 4096K(41472K)->4304K(40448K)
[7058.754s][info ][gc,heap        ] GC(284) ParOldGen: 2090953K(2091008K)->2092153K(2092544K)
[7058.754s][info ][gc,metaspace   ] GC(284) Metaspace: 113205K(114496K)->113205K(114496K) NonClass: 96805K(97536K)->96805K(97536K) Class: 16400K(16960K)->16400K(16960K)
[7058.754s][info ][gc             ] GC(284) Pause Young (Allocation Failure) 4013M->2047M(4051M) 5.148ms
[7058.754s][info ][gc,cpu         ] GC(284) User=0.01s Sys=0.00s Real=0.00s
[7058.754s][info ][safepoint      ] Safepoint "ParallelCollectForAllocation", Time since last: 36595593779 ns, Reaching safepoint: 33500 ns, At safepoint: 5209876 ns, Leaving safepoint: 2700 ns, Total: 5246076 ns, Threads: 0 runnable, 34 total
[7094.290s][info ][gc,start       ] GC(285) Pause Young (Allocation Failure)
[7094.299s][debug][gc,phases      ] GC(285) Scavenge 8.923ms
[7094.299s][debug][gc,ref         ] GC(285) Skipped SoftWeakFinalRefsPhase of Reference Processing: no references
[7094.299s][debug][gc,ref         ] GC(285) Skipped KeepAliveFinalRefsPhase of Reference Processing: no references
[7094.299s][debug][gc,ref         ] GC(285) Skipped PhantomRefsPhase of Reference Processing: no references
[7094.299s][debug][gc,phases      ] GC(285) Reference Processing 0.047ms
[7094.300s][debug][gc,phases      ] GC(285)   VM Weak                        Min: 0.00, Avg: 0.00, Max: 0.01, Diff: 0.01, Sum: 0.01, Workers: 4
[7094.300s][debug][gc,phases      ] GC(285)     Dead                           Min: 0, Avg:  0.0, Max: 0, Diff: 0, Sum: 0, Workers: 4
[7094.300s][debug][gc,phases      ] GC(285)     Total                          Min: 0, Avg: 240.5, Max: 962, Diff: 962, Sum: 962, Workers: 4
[7094.300s][debug][gc,phases      ] GC(285)   ObjectSynchronizer Weak        Min: 0.00, Avg: 0.00, Max: 0.00, Diff: 0.00, Sum: 0.00, Workers: 4
[7094.300s][debug][gc,phases      ] GC(285)     Dead                           Min: 0, Avg:  0.0, Max: 0, Diff: 0, Sum: 0, Workers: 4
[7094.300s][debug][gc,phases      ] GC(285)     Total                          Min: 0, Avg:  1.2, Max: 5, Diff: 5, Sum: 5, Workers: 4
[7094.300s][debug][gc,phases      ] GC(285)   JVMTI Tag Weak OopStorage      Min: 0.00, Avg: 0.00, Max: 0.00, Diff: 0.00, Sum: 0.00, Workers: 4
[7094.300s][debug][gc,phases      ] GC(285)     Dead                           Min: 0, Avg:  0.0, Max: 0, Diff: 0, Sum: 0, Workers: 4
[7094.300s][debug][gc,phases      ] GC(285)     Total                          Min: 0, Avg:  0.0, Max: 0, Diff: 0, Sum: 0, Workers: 4
[7094.300s][debug][gc,phases      ] GC(285)   StringTable Weak               Min: 0.00, Avg: 0.14, Max: 0.35, Diff: 0.35, Sum: 0.54, Workers: 4
[7094.300s][debug][gc,phases      ] GC(285)     Dead                           Min: 0, Avg:  0.0, Max: 0, Diff: 0, Sum: 0, Workers: 4
[7094.300s][debug][gc,phases      ] GC(285)     Total                          Min: 0, Avg: 12841.5, Max: 29671, Diff: 29671, Sum: 51366, Workers: 4
[7094.300s][debug][gc,phases      ] GC(285)   ResolvedMethodTable Weak       Min: 0.00, Avg: 0.04, Max: 0.06, Diff: 0.06, Sum: 0.17, Workers: 4
[7094.300s][debug][gc,phases      ] GC(285)     Dead                           Min: 0, Avg:  5.0, Max: 20, Diff: 20, Sum: 20, Workers: 4
[7094.300s][debug][gc,phases      ] GC(285)     Total                          Min: 0, Avg: 4358.5, Max: 6430, Diff: 6430, Sum: 17434, Workers: 4
[7094.300s][debug][gc,phases      ] GC(285)   JNI Weak                       Min: 0.00, Avg: 0.00, Max: 0.00, Diff: 0.00, Sum: 0.00, Workers: 4
[7094.300s][debug][gc,phases      ] GC(285)     Dead                           Min: 0, Avg:  0.0, Max: 0, Diff: 0, Sum: 0, Workers: 4
[7094.300s][debug][gc,phases      ] GC(285)     Total                          Min: 0, Avg: 13.0, Max: 48, Diff: 48, Sum: 52, Workers: 4
[7094.300s][debug][gc,phases      ] GC(285)   StringDedup Table Weak         Min: 0.00, Avg: 0.00, Max: 0.00, Diff: 0.00, Sum: 0.00, Workers: 4
[7094.300s][debug][gc,phases      ] GC(285)     Dead                           Min: 0, Avg:  0.0, Max: 0, Diff: 0, Sum: 0, Workers: 4
[7094.300s][debug][gc,phases      ] GC(285)     Total                          Min: 0, Avg:  0.0, Max: 0, Diff: 0, Sum: 0, Workers: 4
[7094.300s][debug][gc,phases      ] GC(285)   StringDedup Requests0 Weak     Min: 0.00, Avg: 0.00, Max: 0.00, Diff: 0.00, Sum: 0.00, Workers: 4
[7094.300s][debug][gc,phases      ] GC(285)     Dead                           Min: 0, Avg:  0.0, Max: 0, Diff: 0, Sum: 0, Workers: 4
[7094.300s][debug][gc,phases      ] GC(285)     Total                          Min: 0, Avg:  0.0, Max: 0, Diff: 0, Sum: 0, Workers: 4
[7094.300s][debug][gc,phases      ] GC(285)   StringDedup Requests1 Weak     Min: 0.00, Avg: 0.00, Max: 0.00, Diff: 0.00, Sum: 0.00, Workers: 4
[7094.300s][debug][gc,phases      ] GC(285)     Dead                           Min: 0, Avg:  0.0, Max: 0, Diff: 0, Sum: 0, Workers: 4
[7094.300s][debug][gc,phases      ] GC(285)     Total                          Min: 0, Avg:  0.0, Max: 0, Diff: 0, Sum: 0, Workers: 4
[7094.300s][debug][gc,phases      ] GC(285)   Weak JFR Old Object Samples    Min: 0.00, Avg: 0.00, Max: 0.00, Diff: 0.00, Sum: 0.00, Workers: 4
[7094.300s][debug][gc,phases      ] GC(285)     Dead                           Min: 0, Avg:  0.0, Max: 0, Diff: 0, Sum: 0, Workers: 4
[7094.300s][debug][gc,phases      ] GC(285)     Total                          Min: 0, Avg:  0.0, Max: 0, Diff: 0, Sum: 0, Workers: 4
[7094.300s][debug][gc,phases      ] GC(285) Weak Processing 0.659ms
[7094.300s][debug][gc,age         ] GC(285) Desired survivor size 38273024 bytes, new threshold 1 (max threshold 15)
[7094.300s][info ][gc,heap        ] GC(285) PSYoungGen: 2019536K(2055680K)->4592K(2059776K) Eden: 2015232K(2015232K)->0K(2020864K) From: 4304K(40448K)->4592K(38912K)
[7094.300s][info ][gc,heap        ] GC(285) ParOldGen: 2092153K(2092544K)->2093442K(2093568K)
[7094.300s][info ][gc,metaspace   ] GC(285) Metaspace: 113210K(114496K)->113210K(114496K) NonClass: 96810K(97536K)->96810K(97536K) Class: 16400K(16960K)->16400K(16960K)
[7094.300s][info ][gc             ] GC(285) Pause Young (Allocation Failure) 4015M->2048M(4056M) 9.778ms
[7094.300s][info ][gc,cpu         ] GC(285) User=0.02s Sys=0.00s Real=0.01s
[7094.300s][info ][safepoint      ] Safepoint "ParallelCollectForAllocation", Time since last: 35536507466 ns, Reaching safepoint: 159199 ns, At safepoint: 9861154 ns, Leaving safepoint: 11200 ns, Total: 10031553 ns, Threads: 1 runnable, 35 total
[7128.550s][info ][gc,start       ] GC(286) Pause Young (Allocation Failure)
[7128.556s][debug][gc,phases      ] GC(286) Scavenge 5.215ms
[7128.556s][debug][gc,ref         ] GC(286) Skipped SoftWeakFinalRefsPhase of Reference Processing: no references
[7128.556s][debug][gc,ref         ] GC(286) Skipped KeepAliveFinalRefsPhase of Reference Processing: no references
[7128.556s][debug][gc,ref         ] GC(286) Skipped PhantomRefsPhase of Reference Processing: no references
[7128.556s][debug][gc,phases      ] GC(286) Reference Processing 0.022ms
[7128.556s][debug][gc,phases      ] GC(286)   VM Weak                        Min: 0.00, Avg: 0.00, Max: 0.00, Diff: 0.00, Sum: 0.01, Workers: 4
[7128.556s][debug][gc,phases      ] GC(286)     Dead                           Min: 0, Avg:  0.0, Max: 0, Diff: 0, Sum: 0, Workers: 4
[7128.556s][debug][gc,phases      ] GC(286)     Total                          Min: 0, Avg: 240.5, Max: 384, Diff: 384, Sum: 962, Workers: 4
[7128.556s][debug][gc,phases      ] GC(286)   ObjectSynchronizer Weak        Min: 0.00, Avg: 0.00, Max: 0.00, Diff: 0.00, Sum: 0.00, Workers: 4
[7128.556s][debug][gc,phases      ] GC(286)     Dead                           Min: 0, Avg:  0.0, Max: 0, Diff: 0, Sum: 0, Workers: 4
[7128.556s][debug][gc,phases      ] GC(286)     Total                          Min: 0, Avg:  1.5, Max: 6, Diff: 6, Sum: 6, Workers: 4
[7128.556s][debug][gc,phases      ] GC(286)   JVMTI Tag Weak OopStorage      Min: 0.00, Avg: 0.00, Max: 0.00, Diff: 0.00, Sum: 0.00, Workers: 4
[7128.556s][debug][gc,phases      ] GC(286)     Dead                           Min: 0, Avg:  0.0, Max: 0, Diff: 0, Sum: 0, Workers: 4
[7128.556s][debug][gc,phases      ] GC(286)     Total                          Min: 0, Avg:  0.0, Max: 0, Diff: 0, Sum: 0, Workers: 4
[7128.556s][debug][gc,phases      ] GC(286)   StringTable Weak               Min: 0.11, Avg: 0.11, Max: 0.11, Diff: 0.01, Sum: 0.44, Workers: 4
[7128.556s][debug][gc,phases      ] GC(286)     Dead                           Min: 0, Avg:  0.0, Max: 0, Diff: 0, Sum: 0, Workers: 4
[7128.556s][debug][gc,phases      ] GC(286)     Total                          Min: 12543, Avg: 12841.5, Max: 12991, Diff: 448, Sum: 51366, Workers: 4
[7128.556s][debug][gc,phases      ] GC(286)   ResolvedMethodTable Weak       Min: 0.04, Avg: 0.04, Max: 0.04, Diff: 0.00, Sum: 0.15, Workers: 4
[7128.556s][debug][gc,phases      ] GC(286)     Dead                           Min: 0, Avg:  5.0, Max: 20, Diff: 20, Sum: 20, Workers: 4
[7128.556s][debug][gc,phases      ] GC(286)     Total                          Min: 4221, Avg: 4358.5, Max: 4416, Diff: 195, Sum: 17434, Workers: 4
[7128.556s][debug][gc,phases      ] GC(286)   JNI Weak                       Min: 0.00, Avg: 0.00, Max: 0.00, Diff: 0.00, Sum: 0.00, Workers: 4
[7128.556s][debug][gc,phases      ] GC(286)     Dead                           Min: 0, Avg:  0.0, Max: 0, Diff: 0, Sum: 0, Workers: 4
[7128.556s][debug][gc,phases      ] GC(286)     Total                          Min: 0, Avg: 13.0, Max: 48, Diff: 48, Sum: 52, Workers: 4
[7128.556s][debug][gc,phases      ] GC(286)   StringDedup Table Weak         Min: 0.00, Avg: 0.00, Max: 0.00, Diff: 0.00, Sum: 0.00, Workers: 4
[7128.556s][debug][gc,phases      ] GC(286)     Dead                           Min: 0, Avg:  0.0, Max: 0, Diff: 0, Sum: 0, Workers: 4
[7128.556s][debug][gc,phases      ] GC(286)     Total                          Min: 0, Avg:  0.0, Max: 0, Diff: 0, Sum: 0, Workers: 4
[7128.556s][debug][gc,phases      ] GC(286)   StringDedup Requests0 Weak     Min: 0.00, Avg: 0.00, Max: 0.00, Diff: 0.00, Sum: 0.00, Workers: 4
[7128.556s][debug][gc,phases      ] GC(286)     Dead                           Min: 0, Avg:  0.0, Max: 0, Diff: 0, Sum: 0, Workers: 4
[7128.556s][debug][gc,phases      ] GC(286)     Total                          Min: 0, Avg:  0.0, Max: 0, Diff: 0, Sum: 0, Workers: 4
[7128.556s][debug][gc,phases      ] GC(286)   StringDedup Requests1 Weak     Min: 0.00, Avg: 0.00, Max: 0.00, Diff: 0.00, Sum: 0.00, Workers: 4
[7128.556s][debug][gc,phases      ] GC(286)     Dead                           Min: 0, Avg:  0.0, Max: 0, Diff: 0, Sum: 0, Workers: 4
[7128.556s][debug][gc,phases      ] GC(286)     Total                          Min: 0, Avg:  0.0, Max: 0, Diff: 0, Sum: 0, Workers: 4
[7128.556s][debug][gc,phases      ] GC(286)   Weak JFR Old Object Samples    Min: 0.00, Avg: 0.00, Max: 0.00, Diff: 0.00, Sum: 0.00, Workers: 4
[7128.556s][debug][gc,phases      ] GC(286)     Dead                           Min: 0, Avg:  0.0, Max: 0, Diff: 0, Sum: 0, Workers: 4
[7128.556s][debug][gc,phases      ] GC(286)     Total                          Min: 0, Avg:  0.0, Max: 0, Diff: 0, Sum: 0, Workers: 4
[7128.556s][debug][gc,phases      ] GC(286) Weak Processing 0.358ms
[7128.556s][debug][gc,age         ] GC(286) Desired survivor size 36700160 bytes, new threshold 1 (max threshold 15)
[7128.556s][info ][gc,heap        ] GC(286) PSYoungGen: 2025456K(2059776K)->4288K(2058240K) Eden: 2020864K(2020864K)->0K(2020864K) From: 4592K(38912K)->4288K(37376K)
[7128.556s][info ][gc,heap        ] GC(286) ParOldGen: 2093442K(2093568K)->2094698K(2095104K)
[7128.556s][info ][gc,metaspace   ] GC(286) Metaspace: 113210K(114496K)->113210K(114496K) NonClass: 96810K(97536K)->96810K(97536K) Class: 16400K(16960K)->16400K(16960K)
[7128.556s][info ][gc             ] GC(286) Pause Young (Allocation Failure) 4022M->2049M(4056M) 5.712ms
[7128.556s][info ][gc,cpu         ] GC(286) User=0.02s Sys=0.00s Real=0.00s
[7128.556s][info ][safepoint      ] Safepoint "ParallelCollectForAllocation", Time since last: 34250094883 ns, Reaching safepoint: 31799 ns, At safepoint: 5773073 ns, Leaving safepoint: 7800 ns, Total: 5812672 ns, Threads: 0 runnable, 36 total
[7164.700s][info ][gc,start       ] GC(287) Pause Young (Allocation Failure)
[7164.705s][debug][gc,phases      ] GC(287) Scavenge 5.178ms
[7164.705s][debug][gc,ref         ] GC(287) Skipped SoftWeakFinalRefsPhase of Reference Processing: no references
[7164.705s][debug][gc,ref         ] GC(287) Skipped KeepAliveFinalRefsPhase of Reference Processing: no references
[7164.705s][debug][gc,ref         ] GC(287) Skipped PhantomRefsPhase of Reference Processing: no references
[7164.705s][debug][gc,phases      ] GC(287) Reference Processing 0.022ms
[7164.705s][debug][gc,phases      ] GC(287)   VM Weak                        Min: 0.00, Avg: 0.00, Max: 0.01, Diff: 0.01, Sum: 0.01, Workers: 4
[7164.705s][debug][gc,phases      ] GC(287)     Dead                           Min: 0, Avg:  0.0, Max: 0, Diff: 0, Sum: 0, Workers: 4
[7164.705s][debug][gc,phases      ] GC(287)     Total                          Min: 0, Avg: 240.5, Max: 834, Diff: 834, Sum: 962, Workers: 4
[7164.705s][debug][gc,phases      ] GC(287)   ObjectSynchronizer Weak        Min: 0.00, Avg: 0.00, Max: 0.00, Diff: 0.00, Sum: 0.00, Workers: 4
[7164.705s][debug][gc,phases      ] GC(287)     Dead                           Min: 0, Avg:  0.0, Max: 0, Diff: 0, Sum: 0, Workers: 4
[7164.705s][debug][gc,phases      ] GC(287)     Total                          Min: 0, Avg:  1.5, Max: 6, Diff: 6, Sum: 6, Workers: 4
[7164.705s][debug][gc,phases      ] GC(287)   JVMTI Tag Weak OopStorage      Min: 0.00, Avg: 0.00, Max: 0.00, Diff: 0.00, Sum: 0.00, Workers: 4
[7164.705s][debug][gc,phases      ] GC(287)     Dead                           Min: 0, Avg:  0.0, Max: 0, Diff: 0, Sum: 0, Workers: 4
[7164.705s][debug][gc,phases      ] GC(287)     Total                          Min: 0, Avg:  0.0, Max: 0, Diff: 0, Sum: 0, Workers: 4
[7164.705s][debug][gc,phases      ] GC(287)   StringTable Weak               Min: 0.00, Avg: 0.09, Max: 0.13, Diff: 0.13, Sum: 0.37, Workers: 4
[7164.705s][debug][gc,phases      ] GC(287)     Dead                           Min: 0, Avg:  0.0, Max: 0, Diff: 0, Sum: 0, Workers: 4
[7164.705s][debug][gc,phases      ] GC(287)     Total                          Min: 0, Avg: 12841.5, Max: 22463, Diff: 22463, Sum: 51366, Workers: 4
[7164.705s][debug][gc,phases      ] GC(287)   ResolvedMethodTable Weak       Min: 0.00, Avg: 0.03, Max: 0.04, Diff: 0.04, Sum: 0.13, Workers: 4
[7164.705s][debug][gc,phases      ] GC(287)     Dead                           Min: 0, Avg:  5.0, Max: 20, Diff: 20, Sum: 20, Workers: 4
[7164.705s][debug][gc,phases      ] GC(287)     Total                          Min: 0, Avg: 4358.5, Max: 7616, Diff: 7616, Sum: 17434, Workers: 4
[7164.705s][debug][gc,phases      ] GC(287)   JNI Weak                       Min: 0.00, Avg: 0.00, Max: 0.00, Diff: 0.00, Sum: 0.00, Workers: 4
[7164.705s][debug][gc,phases      ] GC(287)     Dead                           Min: 0, Avg:  0.0, Max: 0, Diff: 0, Sum: 0, Workers: 4
[7164.705s][debug][gc,phases      ] GC(287)     Total                          Min: 0, Avg: 13.0, Max: 48, Diff: 48, Sum: 52, Workers: 4
[7164.705s][debug][gc,phases      ] GC(287)   StringDedup Table Weak         Min: 0.00, Avg: 0.00, Max: 0.00, Diff: 0.00, Sum: 0.00, Workers: 4
[7164.705s][debug][gc,phases      ] GC(287)     Dead                           Min: 0, Avg:  0.0, Max: 0, Diff: 0, Sum: 0, Workers: 4
[7164.705s][debug][gc,phases      ] GC(287)     Total                          Min: 0, Avg:  0.0, Max: 0, Diff: 0, Sum: 0, Workers: 4
[7164.705s][debug][gc,phases      ] GC(287)   StringDedup Requests0 Weak     Min: 0.00, Avg: 0.00, Max: 0.00, Diff: 0.00, Sum: 0.00, Workers: 4
[7164.705s][debug][gc,phases      ] GC(287)     Dead                           Min: 0, Avg:  0.0, Max: 0, Diff: 0, Sum: 0, Workers: 4
[7164.705s][debug][gc,phases      ] GC(287)     Total                          Min: 0, Avg:  0.0, Max: 0, Diff: 0, Sum: 0, Workers: 4
[7164.705s][debug][gc,phases      ] GC(287)   StringDedup Requests1 Weak     Min: 0.00, Avg: 0.00, Max: 0.00, Diff: 0.00, Sum: 0.00, Workers: 4
[7164.705s][debug][gc,phases      ] GC(287)     Dead                           Min: 0, Avg:  0.0, Max: 0, Diff: 0, Sum: 0, Workers: 4
[7164.705s][debug][gc,phases      ] GC(287)     Total                          Min: 0, Avg:  0.0, Max: 0, Diff: 0, Sum: 0, Workers: 4
[7164.705s][debug][gc,phases      ] GC(287)   Weak JFR Old Object Samples    Min: 0.00, Avg: 0.00, Max: 0.00, Diff: 0.00, Sum: 0.00, Workers: 4
[7164.705s][debug][gc,phases      ] GC(287)     Dead                           Min: 0, Avg:  0.0, Max: 0, Diff: 0, Sum: 0, Workers: 4
[7164.705s][debug][gc,phases      ] GC(287)     Total                          Min: 0, Avg:  0.0, Max: 0, Diff: 0, Sum: 0, Workers: 4
[7164.705s][debug][gc,phases      ] GC(287) Weak Processing 0.377ms
[7164.705s][debug][gc,age         ] GC(287) Desired survivor size 35127296 bytes, new threshold 1 (max threshold 15)
[7164.705s][info ][gc,heap        ] GC(287) PSYoungGen: 2025152K(2058240K)->4368K(2062848K) Eden: 2020864K(2020864K)->0K(2027008K) From: 4288K(37376K)->4368K(35840K)
[7164.705s][info ][gc,heap        ] GC(287) ParOldGen: 2094698K(2095104K)->2095942K(2096128K)
[7164.705s][info ][gc,metaspace   ] GC(287) Metaspace: 113212K(114496K)->113212K(114496K) NonClass: 96812K(97536K)->96812K(97536K) Class: 16400K(16960K)->16400K(16960K)
[7164.705s][info ][gc             ] GC(287) Pause Young (Allocation Failure) 4023M->2051M(4061M) 5.682ms
[7164.705s][info ][gc,cpu         ] GC(287) User=0.02s Sys=0.00s Real=0.00s
[7164.705s][info ][safepoint      ] Safepoint "ParallelCollectForAllocation", Time since last: 36143677584 ns, Reaching safepoint: 8399 ns, At safepoint: 5743674 ns, Leaving safepoint: 6800 ns, Total: 5758873 ns, Threads: 0 runnable, 34 total
[7202.743s][info ][gc,start       ] GC(288) Pause Young (Allocation Failure)
[7202.752s][debug][gc,phases      ] GC(288) Scavenge 8.433ms
[7202.752s][debug][gc,ref         ] GC(288) Skipped SoftWeakFinalRefsPhase of Reference Processing: no references
[7202.752s][debug][gc,ref         ] GC(288) Skipped KeepAliveFinalRefsPhase of Reference Processing: no references
[7202.752s][debug][gc,ref         ] GC(288) Skipped PhantomRefsPhase of Reference Processing: no references
[7202.752s][debug][gc,phases      ] GC(288) Reference Processing 0.023ms
[7202.752s][debug][gc,phases      ] GC(288)   VM Weak                        Min: 0.00, Avg: 0.00, Max: 0.01, Diff: 0.01, Sum: 0.01, Workers: 4
[7202.752s][debug][gc,phases      ] GC(288)     Dead                           Min: 0, Avg:  0.0, Max: 0, Diff: 0, Sum: 0, Workers: 4
[7202.752s][debug][gc,phases      ] GC(288)     Total                          Min: 0, Avg: 240.5, Max: 704, Diff: 704, Sum: 962, Workers: 4
[7202.752s][debug][gc,phases      ] GC(288)   ObjectSynchronizer Weak        Min: 0.00, Avg: 0.00, Max: 0.00, Diff: 0.00, Sum: 0.00, Workers: 4
[7202.752s][debug][gc,phases      ] GC(288)     Dead                           Min: 0, Avg:  0.0, Max: 0, Diff: 0, Sum: 0, Workers: 4
[7202.752s][debug][gc,phases      ] GC(288)     Total                          Min: 0, Avg:  1.2, Max: 5, Diff: 5, Sum: 5, Workers: 4
[7202.752s][debug][gc,phases      ] GC(288)   JVMTI Tag Weak OopStorage      Min: 0.00, Avg: 0.00, Max: 0.00, Diff: 0.00, Sum: 0.00, Workers: 4
[7202.752s][debug][gc,phases      ] GC(288)     Dead                           Min: 0, Avg:  0.0, Max: 0, Diff: 0, Sum: 0, Workers: 4
[7202.752s][debug][gc,phases      ] GC(288)     Total                          Min: 0, Avg:  0.0, Max: 0, Diff: 0, Sum: 0, Workers: 4
[7202.752s][debug][gc,phases      ] GC(288)   StringTable Weak               Min: 0.00, Avg: 0.09, Max: 0.13, Diff: 0.13, Sum: 0.37, Workers: 4
[7202.752s][debug][gc,phases      ] GC(288)     Dead                           Min: 0, Avg:  0.0, Max: 0, Diff: 0, Sum: 0, Workers: 4
[7202.752s][debug][gc,phases      ] GC(288)     Total                          Min: 0, Avg: 12841.5, Max: 22206, Diff: 22206, Sum: 51366, Workers: 4
[7202.752s][debug][gc,phases      ] GC(288)   ResolvedMethodTable Weak       Min: 0.00, Avg: 0.03, Max: 0.04, Diff: 0.04, Sum: 0.13, Workers: 4
[7202.752s][debug][gc,phases      ] GC(288)     Dead                           Min: 0, Avg:  5.0, Max: 20, Diff: 20, Sum: 20, Workers: 4
[7202.752s][debug][gc,phases      ] GC(288)     Total                          Min: 0, Avg: 4358.5, Max: 7585, Diff: 7585, Sum: 17434, Workers: 4
[7202.752s][debug][gc,phases      ] GC(288)   JNI Weak                       Min: 0.00, Avg: 0.00, Max: 0.00, Diff: 0.00, Sum: 0.00, Workers: 4
[7202.752s][debug][gc,phases      ] GC(288)     Dead                           Min: 0, Avg:  0.0, Max: 0, Diff: 0, Sum: 0, Workers: 4
[7202.752s][debug][gc,phases      ] GC(288)     Total                          Min: 0, Avg: 13.0, Max: 48, Diff: 48, Sum: 52, Workers: 4
[7202.752s][debug][gc,phases      ] GC(288)   StringDedup Table Weak         Min: 0.00, Avg: 0.00, Max: 0.00, Diff: 0.00, Sum: 0.00, Workers: 4
[7202.752s][debug][gc,phases      ] GC(288)     Dead                           Min: 0, Avg:  0.0, Max: 0, Diff: 0, Sum: 0, Workers: 4
[7202.752s][debug][gc,phases      ] GC(288)     Total                          Min: 0, Avg:  0.0, Max: 0, Diff: 0, Sum: 0, Workers: 4
[7202.752s][debug][gc,phases      ] GC(288)   StringDedup Requests0 Weak     Min: 0.00, Avg: 0.00, Max: 0.00, Diff: 0.00, Sum: 0.00, Workers: 4
[7202.752s][debug][gc,phases      ] GC(288)     Dead                           Min: 0, Avg:  0.0, Max: 0, Diff: 0, Sum: 0, Workers: 4
[7202.752s][debug][gc,phases      ] GC(288)     Total                          Min: 0, Avg:  0.0, Max: 0, Diff: 0, Sum: 0, Workers: 4
[7202.752s][debug][gc,phases      ] GC(288)   StringDedup Requests1 Weak     Min: 0.00, Avg: 0.00, Max: 0.00, Diff: 0.00, Sum: 0.00, Workers: 4
[7202.752s][debug][gc,phases      ] GC(288)     Dead                           Min: 0, Avg:  0.0, Max: 0, Diff: 0, Sum: 0, Workers: 4
[7202.752s][debug][gc,phases      ] GC(288)     Total                          Min: 0, Avg:  0.0, Max: 0, Diff: 0, Sum: 0, Workers: 4
[7202.752s][debug][gc,phases      ] GC(288)   Weak JFR Old Object Samples    Min: 0.00, Avg: 0.00, Max: 0.00, Diff: 0.00, Sum: 0.00, Workers: 4
[7202.752s][debug][gc,phases      ] GC(288)     Dead                           Min: 0, Avg:  0.0, Max: 0, Diff: 0, Sum: 0, Workers: 4
[7202.752s][debug][gc,phases      ] GC(288)     Total                          Min: 0, Avg:  0.0, Max: 0, Diff: 0, Sum: 0, Workers: 4
[7202.752s][debug][gc,phases      ] GC(288) Weak Processing 0.361ms
[7202.752s][debug][gc,age         ] GC(288) Desired survivor size 33554432 bytes, new threshold 1 (max threshold 15)
[7202.752s][info ][gc,heap        ] GC(288) PSYoungGen: 2031376K(2062848K)->4752K(2061312K) Eden: 2027008K(2027008K)->0K(2027008K) From: 4368K(35840K)->4752K(34304K)
[7202.752s][info ][gc,heap        ] GC(288) ParOldGen: 2095942K(2096128K)->2097030K(2097152K)
[7202.752s][info ][gc,metaspace   ] GC(288) Metaspace: 113226K(114496K)->113226K(114496K) NonClass: 96826K(97536K)->96826K(97536K) Class: 16400K(16960K)->16400K(16960K)
[7202.752s][info ][gc             ] GC(288) Pause Young (Allocation Failure) 4030M->2052M(4061M) 8.940ms
[7202.752s][info ][gc,cpu         ] GC(288) User=0.03s Sys=0.00s Real=0.01s
[7202.752s][info ][safepoint      ] Safepoint "ParallelCollectForAllocation", Time since last: 38037976637 ns, Reaching safepoint: 28300 ns, At safepoint: 9004057 ns, Leaving safepoint: 7600 ns, Total: 9039957 ns, Threads: 0 runnable, 34 total
[7233.760s][info ][gc,start       ] GC(289) Pause Young (Allocation Failure)
[7233.771s][debug][gc,phases      ] GC(289) Scavenge 10.720ms
[7233.771s][debug][gc,ref         ] GC(289) ReferenceProcessor::execute queues: 1, RefProcThreadModel::Single, marks_oops_alive: false
[7233.771s][debug][gc,ref         ] GC(289) Skipped KeepAliveFinalRefsPhase of Reference Processing: no references
[7233.771s][debug][gc,ref         ] GC(289) Skipped PhantomRefsPhase of Reference Processing: no references
[7233.771s][debug][gc,phases      ] GC(289) Reference Processing 0.099ms
[7233.772s][debug][gc,phases      ] GC(289)   VM Weak                        Min: 0.00, Avg: 0.00, Max: 0.01, Diff: 0.01, Sum: 0.01, Workers: 4
[7233.772s][debug][gc,phases      ] GC(289)     Dead                           Min: 0, Avg:  0.0, Max: 0, Diff: 0, Sum: 0, Workers: 4
[7233.772s][debug][gc,phases      ] GC(289)     Total                          Min: 0, Avg: 240.5, Max: 576, Diff: 576, Sum: 962, Workers: 4
[7233.772s][debug][gc,phases      ] GC(289)   ObjectSynchronizer Weak        Min: 0.00, Avg: 0.00, Max: 0.00, Diff: 0.00, Sum: 0.00, Workers: 4
[7233.772s][debug][gc,phases      ] GC(289)     Dead                           Min: 0, Avg:  0.0, Max: 0, Diff: 0, Sum: 0, Workers: 4
[7233.772s][debug][gc,phases      ] GC(289)     Total                          Min: 0, Avg:  1.5, Max: 6, Diff: 6, Sum: 6, Workers: 4
[7233.772s][debug][gc,phases      ] GC(289)   JVMTI Tag Weak OopStorage      Min: 0.00, Avg: 0.00, Max: 0.00, Diff: 0.00, Sum: 0.00, Workers: 4
[7233.772s][debug][gc,phases      ] GC(289)     Dead                           Min: 0, Avg:  0.0, Max: 0, Diff: 0, Sum: 0, Workers: 4
[7233.772s][debug][gc,phases      ] GC(289)     Total                          Min: 0, Avg:  0.0, Max: 0, Diff: 0, Sum: 0, Workers: 4
[7233.772s][debug][gc,phases      ] GC(289)   StringTable Weak               Min: 0.00, Avg: 0.09, Max: 0.12, Diff: 0.12, Sum: 0.37, Workers: 4
[7233.772s][debug][gc,phases      ] GC(289)     Dead                           Min: 0, Avg:  0.0, Max: 0, Diff: 0, Sum: 0, Workers: 4
[7233.772s][debug][gc,phases      ] GC(289)     Total                          Min: 0, Avg: 12842.5, Max: 22207, Diff: 22207, Sum: 51370, Workers: 4
[7233.772s][debug][gc,phases      ] GC(289)   ResolvedMethodTable Weak       Min: 0.00, Avg: 0.04, Max: 0.05, Diff: 0.05, Sum: 0.16, Workers: 4
[7233.772s][debug][gc,phases      ] GC(289)     Dead                           Min: 0, Avg:  5.0, Max: 20, Diff: 20, Sum: 20, Workers: 4
[7233.772s][debug][gc,phases      ] GC(289)     Total                          Min: 0, Avg: 4359.0, Max: 7424, Diff: 7424, Sum: 17436, Workers: 4
[7233.772s][debug][gc,phases      ] GC(289)   JNI Weak                       Min: 0.00, Avg: 0.00, Max: 0.00, Diff: 0.00, Sum: 0.00, Workers: 4
[7233.772s][debug][gc,phases      ] GC(289)     Dead                           Min: 0, Avg:  0.0, Max: 0, Diff: 0, Sum: 0, Workers: 4
[7233.772s][debug][gc,phases      ] GC(289)     Total                          Min: 0, Avg: 13.0, Max: 48, Diff: 48, Sum: 52, Workers: 4
[7233.772s][debug][gc,phases      ] GC(289)   StringDedup Table Weak         Min: 0.00, Avg: 0.00, Max: 0.00, Diff: 0.00, Sum: 0.00, Workers: 4
[7233.772s][debug][gc,phases      ] GC(289)     Dead                           Min: 0, Avg:  0.0, Max: 0, Diff: 0, Sum: 0, Workers: 4
[7233.772s][debug][gc,phases      ] GC(289)     Total                          Min: 0, Avg:  0.0, Max: 0, Diff: 0, Sum: 0, Workers: 4
[7233.772s][debug][gc,phases      ] GC(289)   StringDedup Requests0 Weak     Min: 0.00, Avg: 0.00, Max: 0.00, Diff: 0.00, Sum: 0.00, Workers: 4
[7233.772s][debug][gc,phases      ] GC(289)     Dead                           Min: 0, Avg:  0.0, Max: 0, Diff: 0, Sum: 0, Workers: 4
[7233.772s][debug][gc,phases      ] GC(289)     Total                          Min: 0, Avg:  0.0, Max: 0, Diff: 0, Sum: 0, Workers: 4
[7233.772s][debug][gc,phases      ] GC(289)   StringDedup Requests1 Weak     Min: 0.00, Avg: 0.00, Max: 0.00, Diff: 0.00, Sum: 0.00, Workers: 4
[7233.772s][debug][gc,phases      ] GC(289)     Dead                           Min: 0, Avg:  0.0, Max: 0, Diff: 0, Sum: 0, Workers: 4
[7233.772s][debug][gc,phases      ] GC(289)     Total                          Min: 0, Avg:  0.0, Max: 0, Diff: 0, Sum: 0, Workers: 4
[7233.772s][debug][gc,phases      ] GC(289)   Weak JFR Old Object Samples    Min: 0.00, Avg: 0.00, Max: 0.00, Diff: 0.00, Sum: 0.00, Workers: 4
[7233.772s][debug][gc,phases      ] GC(289)     Dead                           Min: 0, Avg:  0.0, Max: 0, Diff: 0, Sum: 0, Workers: 4
[7233.772s][debug][gc,phases      ] GC(289)     Total                          Min: 0, Avg:  0.0, Max: 0, Diff: 0, Sum: 0, Workers: 4
[7233.772s][debug][gc,phases      ] GC(289) Weak Processing 0.372ms
[7233.772s][debug][gc,age         ] GC(289) Desired survivor size 32505856 bytes, new threshold 1 (max threshold 15)
[7233.772s][info ][gc,heap        ] GC(289) PSYoungGen: 2031760K(2061312K)->13227K(2065408K) Eden: 2027008K(2027008K)->0K(2032640K) From: 4752K(34304K)->13227K(32768K)
[7233.772s][info ][gc,heap        ] GC(289) ParOldGen: 2097030K(2097152K)->2098111K(2098176K)
[7233.772s][info ][gc,metaspace   ] GC(289) Metaspace: 113247K(114496K)->113247K(114496K) NonClass: 96846K(97536K)->96846K(97536K) Class: 16400K(16960K)->16400K(16960K)
[7233.772s][info ][gc             ] GC(289) Pause Young (Allocation Failure) 4032M->2061M(4066M) 11.337ms
[7233.772s][info ][gc,cpu         ] GC(289) User=0.03s Sys=0.00s Real=0.01s
[7233.772s][info ][safepoint      ] Safepoint "ParallelCollectForAllocation", Time since last: 31007813843 ns, Reaching safepoint: 81399 ns, At safepoint: 11406440 ns, Leaving safepoint: 11600 ns, Total: 11499439 ns, Threads: 1 runnable, 41 total
[7250.657s][info ][gc,start       ] GC(290) Pause Young (Allocation Failure)
[7250.693s][debug][gc,phases      ] GC(290) Scavenge 35.255ms
[7250.693s][debug][gc,ref         ] GC(290) ReferenceProcessor::execute queues: 1, RefProcThreadModel::Single, marks_oops_alive: false
[7250.693s][debug][gc,ref         ] GC(290) Skipped KeepAliveFinalRefsPhase of Reference Processing: no references
[7250.693s][debug][gc,ref         ] GC(290) Skipped PhantomRefsPhase of Reference Processing: no references
[7250.693s][debug][gc,phases      ] GC(290) Reference Processing 0.121ms
[7250.693s][debug][gc,phases      ] GC(290)   VM Weak                        Min: 0.00, Avg: 0.00, Max: 0.01, Diff: 0.01, Sum: 0.01, Workers: 4
[7250.693s][debug][gc,phases      ] GC(290)     Dead                           Min: 0, Avg:  0.0, Max: 0, Diff: 0, Sum: 0, Workers: 4
[7250.693s][debug][gc,phases      ] GC(290)     Total                          Min: 0, Avg: 240.5, Max: 962, Diff: 962, Sum: 962, Workers: 4
[7250.693s][debug][gc,phases      ] GC(290)   ObjectSynchronizer Weak        Min: 0.00, Avg: 0.00, Max: 0.00, Diff: 0.00, Sum: 0.00, Workers: 4
[7250.693s][debug][gc,phases      ] GC(290)     Dead                           Min: 0, Avg:  0.0, Max: 0, Diff: 0, Sum: 0, Workers: 4
[7250.693s][debug][gc,phases      ] GC(290)     Total                          Min: 0, Avg:  1.5, Max: 6, Diff: 6, Sum: 6, Workers: 4
[7250.693s][debug][gc,phases      ] GC(290)   JVMTI Tag Weak OopStorage      Min: 0.00, Avg: 0.00, Max: 0.00, Diff: 0.00, Sum: 0.00, Workers: 4
[7250.693s][debug][gc,phases      ] GC(290)     Dead                           Min: 0, Avg:  0.0, Max: 0, Diff: 0, Sum: 0, Workers: 4
[7250.694s][debug][gc,phases      ] GC(290)     Total                          Min: 0, Avg:  0.0, Max: 0, Diff: 0, Sum: 0, Workers: 4
[7250.694s][debug][gc,phases      ] GC(290)   StringTable Weak               Min: 0.00, Avg: 0.09, Max: 0.37, Diff: 0.37, Sum: 0.37, Workers: 4
[7250.694s][debug][gc,phases      ] GC(290)     Dead                           Min: 0, Avg:  0.0, Max: 0, Diff: 0, Sum: 0, Workers: 4
[7250.694s][debug][gc,phases      ] GC(290)     Total                          Min: 0, Avg: 12842.8, Max: 51371, Diff: 51371, Sum: 51371, Workers: 4
[7250.694s][debug][gc,phases      ] GC(290)   ResolvedMethodTable Weak       Min: 0.00, Avg: 0.04, Max: 0.15, Diff: 0.15, Sum: 0.15, Workers: 4
[7250.694s][debug][gc,phases      ] GC(290)     Dead                           Min: 0, Avg:  7.2, Max: 29, Diff: 29, Sum: 29, Workers: 4
[7250.694s][debug][gc,phases      ] GC(290)     Total                          Min: 0, Avg: 4359.0, Max: 17436, Diff: 17436, Sum: 17436, Workers: 4
[7250.694s][debug][gc,phases      ] GC(290)   JNI Weak                       Min: 0.00, Avg: 0.00, Max: 0.00, Diff: 0.00, Sum: 0.00, Workers: 4
[7250.694s][debug][gc,phases      ] GC(290)     Dead                           Min: 0, Avg:  0.0, Max: 0, Diff: 0, Sum: 0, Workers: 4
[7250.694s][debug][gc,phases      ] GC(290)     Total                          Min: 0, Avg: 13.0, Max: 52, Diff: 52, Sum: 52, Workers: 4
[7250.694s][debug][gc,phases      ] GC(290)   StringDedup Table Weak         Min: 0.00, Avg: 0.00, Max: 0.00, Diff: 0.00, Sum: 0.00, Workers: 4
[7250.694s][debug][gc,phases      ] GC(290)     Dead                           Min: 0, Avg:  0.0, Max: 0, Diff: 0, Sum: 0, Workers: 4
[7250.694s][debug][gc,phases      ] GC(290)     Total                          Min: 0, Avg:  0.0, Max: 0, Diff: 0, Sum: 0, Workers: 4
[7250.694s][debug][gc,phases      ] GC(290)   StringDedup Requests0 Weak     Min: 0.00, Avg: 0.00, Max: 0.00, Diff: 0.00, Sum: 0.00, Workers: 4
[7250.694s][debug][gc,phases      ] GC(290)     Dead                           Min: 0, Avg:  0.0, Max: 0, Diff: 0, Sum: 0, Workers: 4
[7250.694s][debug][gc,phases      ] GC(290)     Total                          Min: 0, Avg:  0.0, Max: 0, Diff: 0, Sum: 0, Workers: 4
[7250.694s][debug][gc,phases      ] GC(290)   StringDedup Requests1 Weak     Min: 0.00, Avg: 0.00, Max: 0.00, Diff: 0.00, Sum: 0.00, Workers: 4
[7250.694s][debug][gc,phases      ] GC(290)     Dead                           Min: 0, Avg:  0.0, Max: 0, Diff: 0, Sum: 0, Workers: 4
[7250.694s][debug][gc,phases      ] GC(290)     Total                          Min: 0, Avg:  0.0, Max: 0, Diff: 0, Sum: 0, Workers: 4
[7250.694s][debug][gc,phases      ] GC(290)   Weak JFR Old Object Samples    Min: 0.00, Avg: 0.00, Max: 0.00, Diff: 0.00, Sum: 0.00, Workers: 4
[7250.694s][debug][gc,phases      ] GC(290)     Dead                           Min: 0, Avg:  0.0, Max: 0, Diff: 0, Sum: 0, Workers: 4
[7250.694s][debug][gc,phases      ] GC(290)     Total                          Min: 0, Avg:  0.0, Max: 0, Diff: 0, Sum: 0, Workers: 4
[7250.694s][debug][gc,phases      ] GC(290) Weak Processing 0.757ms
[7250.694s][debug][gc,age         ] GC(290) Desired survivor size 30408704 bytes, new threshold 1 (max threshold 15)
[7250.694s][info ][gc,heap        ] GC(290) PSYoungGen: 2045867K(2065408K)->9328K(2064384K) Eden: 2032640K(2032640K)->0K(2032640K) From: 13227K(32768K)->9328K(31744K)
[7250.694s][info ][gc,heap        ] GC(290) ParOldGen: 2098111K(2098176K)->2108523K(2108928K)
[7250.694s][info ][gc,metaspace   ] GC(290) Metaspace: 113250K(114496K)->113250K(114496K) NonClass: 96850K(97536K)->96850K(97536K) Class: 16400K(16960K)->16400K(16960K)
[7250.694s][info ][gc             ] GC(290) Pause Young (Allocation Failure) 4046M->2068M(4075M) 36.268ms
[7250.694s][info ][gc,cpu         ] GC(290) User=0.05s Sys=0.00s Real=0.04s
[7250.694s][info ][safepoint      ] Safepoint "ParallelCollectForAllocation", Time since last: 16884540120 ns, Reaching safepoint: 1056994 ns, At safepoint: 36358109 ns, Leaving safepoint: 12600 ns, Total: 37427703 ns, Threads: 1 runnable, 41 total
[7268.270s][info ][gc,start       ] GC(291) Pause Young (Allocation Failure)
[7268.284s][debug][gc,phases      ] GC(291) Scavenge 13.897ms
[7268.285s][debug][gc,ref         ] GC(291) ReferenceProcessor::execute queues: 1, RefProcThreadModel::Single, marks_oops_alive: false
[7268.285s][debug][gc,ref         ] GC(291) Skipped KeepAliveFinalRefsPhase of Reference Processing: no references
[7268.285s][debug][gc,ref         ] GC(291) Skipped PhantomRefsPhase of Reference Processing: no references
[7268.285s][debug][gc,phases      ] GC(291) Reference Processing 0.106ms
[7268.285s][debug][gc,phases      ] GC(291)   VM Weak                        Min: 0.00, Avg: 0.00, Max: 0.01, Diff: 0.01, Sum: 0.01, Workers: 4
[7268.285s][debug][gc,phases      ] GC(291)     Dead                           Min: 0, Avg:  0.0, Max: 0, Diff: 0, Sum: 0, Workers: 4
[7268.285s][debug][gc,phases      ] GC(291)     Total                          Min: 0, Avg: 240.5, Max: 576, Diff: 576, Sum: 962, Workers: 4
[7268.285s][debug][gc,phases      ] GC(291)   ObjectSynchronizer Weak        Min: 0.00, Avg: 0.00, Max: 0.00, Diff: 0.00, Sum: 0.00, Workers: 4
[7268.285s][debug][gc,phases      ] GC(291)     Dead                           Min: 0, Avg:  0.0, Max: 0, Diff: 0, Sum: 0, Workers: 4
[7268.285s][debug][gc,phases      ] GC(291)     Total                          Min: 0, Avg:  1.5, Max: 6, Diff: 6, Sum: 6, Workers: 4
[7268.285s][debug][gc,phases      ] GC(291)   JVMTI Tag Weak OopStorage      Min: 0.00, Avg: 0.00, Max: 0.00, Diff: 0.00, Sum: 0.00, Workers: 4
[7268.285s][debug][gc,phases      ] GC(291)     Dead                           Min: 0, Avg:  0.0, Max: 0, Diff: 0, Sum: 0, Workers: 4
[7268.285s][debug][gc,phases      ] GC(291)     Total                          Min: 0, Avg:  0.0, Max: 0, Diff: 0, Sum: 0, Workers: 4
[7268.285s][debug][gc,phases      ] GC(291)   StringTable Weak               Min: 0.00, Avg: 0.11, Max: 0.15, Diff: 0.15, Sum: 0.45, Workers: 4
[7268.285s][debug][gc,phases      ] GC(291)     Dead                           Min: 0, Avg:  0.0, Max: 0, Diff: 0, Sum: 0, Workers: 4
[7268.285s][debug][gc,phases      ] GC(291)     Total                          Min: 0, Avg: 12842.8, Max: 17279, Diff: 17279, Sum: 51371, Workers: 4
[7268.285s][debug][gc,phases      ] GC(291)   ResolvedMethodTable Weak       Min: 0.00, Avg: 0.04, Max: 0.05, Diff: 0.05, Sum: 0.15, Workers: 4
[7268.285s][debug][gc,phases      ] GC(291)     Dead                           Min: 0, Avg:  5.0, Max: 20, Diff: 20, Sum: 20, Workers: 4
[7268.285s][debug][gc,phases      ] GC(291)     Total                          Min: 0, Avg: 4359.0, Max: 5922, Diff: 5922, Sum: 17436, Workers: 4
[7268.285s][debug][gc,phases      ] GC(291)   JNI Weak                       Min: 0.00, Avg: 0.00, Max: 0.00, Diff: 0.00, Sum: 0.00, Workers: 4
[7268.285s][debug][gc,phases      ] GC(291)     Dead                           Min: 0, Avg:  0.0, Max: 0, Diff: 0, Sum: 0, Workers: 4
[7268.285s][debug][gc,phases      ] GC(291)     Total                          Min: 0, Avg: 13.0, Max: 48, Diff: 48, Sum: 52, Workers: 4
[7268.285s][debug][gc,phases      ] GC(291)   StringDedup Table Weak         Min: 0.00, Avg: 0.00, Max: 0.00, Diff: 0.00, Sum: 0.00, Workers: 4
[7268.285s][debug][gc,phases      ] GC(291)     Dead                           Min: 0, Avg:  0.0, Max: 0, Diff: 0, Sum: 0, Workers: 4
[7268.285s][debug][gc,phases      ] GC(291)     Total                          Min: 0, Avg:  0.0, Max: 0, Diff: 0, Sum: 0, Workers: 4
[7268.285s][debug][gc,phases      ] GC(291)   StringDedup Requests0 Weak     Min: 0.00, Avg: 0.00, Max: 0.00, Diff: 0.00, Sum: 0.00, Workers: 4
[7268.285s][debug][gc,phases      ] GC(291)     Dead                           Min: 0, Avg:  0.0, Max: 0, Diff: 0, Sum: 0, Workers: 4
[7268.285s][debug][gc,phases      ] GC(291)     Total                          Min: 0, Avg:  0.0, Max: 0, Diff: 0, Sum: 0, Workers: 4
[7268.285s][debug][gc,phases      ] GC(291)   StringDedup Requests1 Weak     Min: 0.00, Avg: 0.00, Max: 0.00, Diff: 0.00, Sum: 0.00, Workers: 4
[7268.285s][debug][gc,phases      ] GC(291)     Dead                           Min: 0, Avg:  0.0, Max: 0, Diff: 0, Sum: 0, Workers: 4
[7268.285s][debug][gc,phases      ] GC(291)     Total                          Min: 0, Avg:  0.0, Max: 0, Diff: 0, Sum: 0, Workers: 4
[7268.285s][debug][gc,phases      ] GC(291)   Weak JFR Old Object Samples    Min: 0.00, Avg: 0.00, Max: 0.00, Diff: 0.00, Sum: 0.00, Workers: 4
[7268.285s][debug][gc,phases      ] GC(291)     Dead                           Min: 0, Avg:  0.0, Max: 0, Diff: 0, Sum: 0, Workers: 4
[7268.285s][debug][gc,phases      ] GC(291)     Total                          Min: 0, Avg:  0.0, Max: 0, Diff: 0, Sum: 0, Workers: 4
[7268.285s][debug][gc,phases      ] GC(291) Weak Processing 0.421ms
[7268.285s][debug][gc,age         ] GC(291) Desired survivor size 28311552 bytes, new threshold 1 (max threshold 15)
[7268.285s][info ][gc,heap        ] GC(291) PSYoungGen: 2041968K(2064384K)->10077K(2069504K) Eden: 2032640K(2032640K)->0K(2039808K) From: 9328K(31744K)->10077K(29696K)
[7268.285s][info ][gc,heap        ] GC(291) ParOldGen: 2108523K(2108928K)->2114476K(2114560K)
[7268.285s][info ][gc,metaspace   ] GC(291) Metaspace: 113250K(114496K)->113250K(114496K) NonClass: 96850K(97536K)->96850K(97536K) Class: 16400K(16960K)->16400K(16960K)
[7268.285s][info ][gc             ] GC(291) Pause Young (Allocation Failure) 4053M->2074M(4086M) 14.665ms
[7268.285s][info ][gc,cpu         ] GC(291) User=0.04s Sys=0.00s Real=0.01s
[7268.285s][info ][safepoint      ] Safepoint "ParallelCollectForAllocation", Time since last: 17576545948 ns, Reaching safepoint: 95200 ns, At safepoint: 14729211 ns, Leaving safepoint: 8800 ns, Total: 14833211 ns, Threads: 1 runnable, 41 total
[7283.393s][info ][gc,start       ] GC(292) Pause Young (Allocation Failure)
[7283.406s][debug][gc,phases      ] GC(292) Scavenge 12.705ms
[7283.406s][debug][gc,ref         ] GC(292) ReferenceProcessor::execute queues: 1, RefProcThreadModel::Single, marks_oops_alive: false
[7283.406s][debug][gc,ref         ] GC(292) Skipped KeepAliveFinalRefsPhase of Reference Processing: no references
[7283.406s][debug][gc,ref         ] GC(292) Skipped PhantomRefsPhase of Reference Processing: no references
[7283.406s][debug][gc,phases      ] GC(292) Reference Processing 0.088ms
[7283.406s][debug][gc,phases      ] GC(292)   VM Weak                        Min: 0.00, Avg: 0.00, Max: 0.01, Diff: 0.01, Sum: 0.01, Workers: 4
[7283.406s][debug][gc,phases      ] GC(292)     Dead                           Min: 0, Avg:  0.0, Max: 0, Diff: 0, Sum: 0, Workers: 4
[7283.406s][debug][gc,phases      ] GC(292)     Total                          Min: 0, Avg: 240.5, Max: 898, Diff: 898, Sum: 962, Workers: 4
[7283.406s][debug][gc,phases      ] GC(292)   ObjectSynchronizer Weak        Min: 0.00, Avg: 0.00, Max: 0.00, Diff: 0.00, Sum: 0.00, Workers: 4
[7283.406s][debug][gc,phases      ] GC(292)     Dead                           Min: 0, Avg:  0.0, Max: 0, Diff: 0, Sum: 0, Workers: 4
[7283.406s][debug][gc,phases      ] GC(292)     Total                          Min: 0, Avg:  1.5, Max: 6, Diff: 6, Sum: 6, Workers: 4
[7283.406s][debug][gc,phases      ] GC(292)   JVMTI Tag Weak OopStorage      Min: 0.00, Avg: 0.00, Max: 0.00, Diff: 0.00, Sum: 0.00, Workers: 4
[7283.406s][debug][gc,phases      ] GC(292)     Dead                           Min: 0, Avg:  0.0, Max: 0, Diff: 0, Sum: 0, Workers: 4
[7283.406s][debug][gc,phases      ] GC(292)     Total                          Min: 0, Avg:  0.0, Max: 0, Diff: 0, Sum: 0, Workers: 4
[7283.406s][debug][gc,phases      ] GC(292)   StringTable Weak               Min: 0.11, Avg: 0.13, Max: 0.13, Diff: 0.02, Sum: 0.50, Workers: 4
[7283.406s][debug][gc,phases      ] GC(292)     Dead                           Min: 0, Avg:  0.0, Max: 0, Diff: 0, Sum: 0, Workers: 4
[7283.406s][debug][gc,phases      ] GC(292)     Total                          Min: 11007, Avg: 12842.8, Max: 13824, Diff: 2817, Sum: 51371, Workers: 4
[7283.406s][debug][gc,phases      ] GC(292)   ResolvedMethodTable Weak       Min: 0.04, Avg: 0.04, Max: 0.04, Diff: 0.00, Sum: 0.15, Workers: 4
[7283.406s][debug][gc,phases      ] GC(292)     Dead                           Min: 0, Avg:  5.0, Max: 20, Diff: 20, Sum: 20, Workers: 4
[7283.406s][debug][gc,phases      ] GC(292)     Total                          Min: 4288, Avg: 4359.0, Max: 4474, Diff: 186, Sum: 17436, Workers: 4
[7283.406s][debug][gc,phases      ] GC(292)   JNI Weak                       Min: 0.00, Avg: 0.00, Max: 0.00, Diff: 0.00, Sum: 0.00, Workers: 4
[7283.406s][debug][gc,phases      ] GC(292)     Dead                           Min: 0, Avg:  0.0, Max: 0, Diff: 0, Sum: 0, Workers: 4
[7283.406s][debug][gc,phases      ] GC(292)     Total                          Min: 0, Avg: 13.0, Max: 48, Diff: 48, Sum: 52, Workers: 4
[7283.406s][debug][gc,phases      ] GC(292)   StringDedup Table Weak         Min: 0.00, Avg: 0.00, Max: 0.00, Diff: 0.00, Sum: 0.00, Workers: 4
[7283.406s][debug][gc,phases      ] GC(292)     Dead                           Min: 0, Avg:  0.0, Max: 0, Diff: 0, Sum: 0, Workers: 4
[7283.406s][debug][gc,phases      ] GC(292)     Total                          Min: 0, Avg:  0.0, Max: 0, Diff: 0, Sum: 0, Workers: 4
[7283.406s][debug][gc,phases      ] GC(292)   StringDedup Requests0 Weak     Min: 0.00, Avg: 0.00, Max: 0.00, Diff: 0.00, Sum: 0.00, Workers: 4
[7283.406s][debug][gc,phases      ] GC(292)     Dead                           Min: 0, Avg:  0.0, Max: 0, Diff: 0, Sum: 0, Workers: 4
[7283.406s][debug][gc,phases      ] GC(292)     Total                          Min: 0, Avg:  0.0, Max: 0, Diff: 0, Sum: 0, Workers: 4
[7283.406s][debug][gc,phases      ] GC(292)   StringDedup Requests1 Weak     Min: 0.00, Avg: 0.00, Max: 0.00, Diff: 0.00, Sum: 0.00, Workers: 4
[7283.406s][debug][gc,phases      ] GC(292)     Dead                           Min: 0, Avg:  0.0, Max: 0, Diff: 0, Sum: 0, Workers: 4
[7283.406s][debug][gc,phases      ] GC(292)     Total                          Min: 0, Avg:  0.0, Max: 0, Diff: 0, Sum: 0, Workers: 4
[7283.406s][debug][gc,phases      ] GC(292)   Weak JFR Old Object Samples    Min: 0.00, Avg: 0.00, Max: 0.00, Diff: 0.00, Sum: 0.00, Workers: 4
[7283.406s][debug][gc,phases      ] GC(292)     Dead                           Min: 0, Avg:  0.0, Max: 0, Diff: 0, Sum: 0, Workers: 4
[7283.407s][debug][gc,phases      ] GC(292)     Total                          Min: 0, Avg:  0.0, Max: 0, Diff: 0, Sum: 0, Workers: 4
[7283.407s][debug][gc,phases      ] GC(292) Weak Processing 0.349ms
[7283.407s][debug][gc,age         ] GC(292) Desired survivor size 28311552 bytes, new threshold 1 (max threshold 15)
[7283.407s][info ][gc,heap        ] GC(292) PSYoungGen: 2049885K(2069504K)->13744K(2067456K) Eden: 2039808K(2039808K)->0K(2039808K) From: 10077K(29696K)->13744K(27648K)
[7283.407s][info ][gc,heap        ] GC(292) ParOldGen: 2114476K(2114560K)->2121296K(2121728K)
[7283.407s][info ][gc,metaspace   ] GC(292) Metaspace: 113251K(114496K)->113251K(114496K) NonClass: 96851K(97536K)->96851K(97536K) Class: 16400K(16960K)->16400K(16960K)
[7283.407s][info ][gc             ] GC(292) Pause Young (Allocation Failure) 4066M->2085M(4091M) 13.244ms
[7283.407s][info ][gc,cpu         ] GC(292) User=0.04s Sys=0.00s Real=0.01s
[7283.407s][info ][safepoint      ] Safepoint "ParallelCollectForAllocation", Time since last: 15108036319 ns, Reaching safepoint: 96399 ns, At safepoint: 13322934 ns, Leaving safepoint: 12400 ns, Total: 13431733 ns, Threads: 1 runnable, 36 total
[7300.995s][info ][gc,start       ] GC(293) Pause Young (Allocation Failure)
[7301.006s][debug][gc,phases      ] GC(293) Scavenge 11.436ms
[7301.006s][debug][gc,ref         ] GC(293) ReferenceProcessor::execute queues: 1, RefProcThreadModel::Single, marks_oops_alive: false
[7301.006s][debug][gc,ref         ] GC(293) Skipped KeepAliveFinalRefsPhase of Reference Processing: no references
[7301.006s][debug][gc,ref         ] GC(293) Skipped PhantomRefsPhase of Reference Processing: no references
[7301.006s][debug][gc,phases      ] GC(293) Reference Processing 0.111ms
[7301.006s][debug][gc,phases      ] GC(293)   VM Weak                        Min: 0.00, Avg: 0.00, Max: 0.01, Diff: 0.01, Sum: 0.01, Workers: 4
[7301.006s][debug][gc,phases      ] GC(293)     Dead                           Min: 0, Avg:  0.0, Max: 0, Diff: 0, Sum: 0, Workers: 4
[7301.006s][debug][gc,phases      ] GC(293)     Total                          Min: 0, Avg: 240.5, Max: 962, Diff: 962, Sum: 962, Workers: 4
[7301.006s][debug][gc,phases      ] GC(293)   ObjectSynchronizer Weak        Min: 0.00, Avg: 0.00, Max: 0.00, Diff: 0.00, Sum: 0.00, Workers: 4
[7301.006s][debug][gc,phases      ] GC(293)     Dead                           Min: 0, Avg:  0.0, Max: 0, Diff: 0, Sum: 0, Workers: 4
[7301.006s][debug][gc,phases      ] GC(293)     Total                          Min: 0, Avg:  1.5, Max: 6, Diff: 6, Sum: 6, Workers: 4
[7301.006s][debug][gc,phases      ] GC(293)   JVMTI Tag Weak OopStorage      Min: 0.00, Avg: 0.00, Max: 0.00, Diff: 0.00, Sum: 0.00, Workers: 4
[7301.007s][debug][gc,phases      ] GC(293)     Dead                           Min: 0, Avg:  0.0, Max: 0, Diff: 0, Sum: 0, Workers: 4
[7301.007s][debug][gc,phases      ] GC(293)     Total                          Min: 0, Avg:  0.0, Max: 0, Diff: 0, Sum: 0, Workers: 4
[7301.007s][debug][gc,phases      ] GC(293)   StringTable Weak               Min: 0.00, Avg: 0.11, Max: 0.15, Diff: 0.15, Sum: 0.45, Workers: 4
[7301.007s][debug][gc,phases      ] GC(293)     Dead                           Min: 0, Avg:  0.0, Max: 0, Diff: 0, Sum: 0, Workers: 4
[7301.007s][debug][gc,phases      ] GC(293)     Total                          Min: 0, Avg: 12842.8, Max: 20991, Diff: 20991, Sum: 51371, Workers: 4
[7301.007s][debug][gc,phases      ] GC(293)   ResolvedMethodTable Weak       Min: 0.00, Avg: 0.03, Max: 0.04, Diff: 0.04, Sum: 0.13, Workers: 4
[7301.007s][debug][gc,phases      ] GC(293)     Dead                           Min: 0, Avg:  5.0, Max: 20, Diff: 20, Sum: 20, Workers: 4
[7301.007s][debug][gc,phases      ] GC(293)     Total                          Min: 0, Avg: 4359.0, Max: 7524, Diff: 7524, Sum: 17436, Workers: 4
[7301.007s][debug][gc,phases      ] GC(293)   JNI Weak                       Min: 0.00, Avg: 0.00, Max: 0.00, Diff: 0.00, Sum: 0.00, Workers: 4
[7301.007s][debug][gc,phases      ] GC(293)     Dead                           Min: 0, Avg:  0.0, Max: 0, Diff: 0, Sum: 0, Workers: 4
[7301.007s][debug][gc,phases      ] GC(293)     Total                          Min: 0, Avg: 13.0, Max: 48, Diff: 48, Sum: 52, Workers: 4
[7301.007s][debug][gc,phases      ] GC(293)   StringDedup Table Weak         Min: 0.00, Avg: 0.00, Max: 0.00, Diff: 0.00, Sum: 0.00, Workers: 4
[7301.007s][debug][gc,phases      ] GC(293)     Dead                           Min: 0, Avg:  0.0, Max: 0, Diff: 0, Sum: 0, Workers: 4
[7301.007s][debug][gc,phases      ] GC(293)     Total                          Min: 0, Avg:  0.0, Max: 0, Diff: 0, Sum: 0, Workers: 4
[7301.007s][debug][gc,phases      ] GC(293)   StringDedup Requests0 Weak     Min: 0.00, Avg: 0.00, Max: 0.00, Diff: 0.00, Sum: 0.00, Workers: 4
[7301.007s][debug][gc,phases      ] GC(293)     Dead                           Min: 0, Avg:  0.0, Max: 0, Diff: 0, Sum: 0, Workers: 4
[7301.007s][debug][gc,phases      ] GC(293)     Total                          Min: 0, Avg:  0.0, Max: 0, Diff: 0, Sum: 0, Workers: 4
[7301.007s][debug][gc,phases      ] GC(293)   StringDedup Requests1 Weak     Min: 0.00, Avg: 0.00, Max: 0.00, Diff: 0.00, Sum: 0.00, Workers: 4
[7301.007s][debug][gc,phases      ] GC(293)     Dead                           Min: 0, Avg:  0.0, Max: 0, Diff: 0, Sum: 0, Workers: 4
[7301.007s][debug][gc,phases      ] GC(293)     Total                          Min: 0, Avg:  0.0, Max: 0, Diff: 0, Sum: 0, Workers: 4
[7301.007s][debug][gc,phases      ] GC(293)   Weak JFR Old Object Samples    Min: 0.00, Avg: 0.00, Max: 0.00, Diff: 0.00, Sum: 0.00, Workers: 4
[7301.007s][debug][gc,phases      ] GC(293)     Dead                           Min: 0, Avg:  0.0, Max: 0, Diff: 0, Sum: 0, Workers: 4
[7301.007s][debug][gc,phases      ] GC(293)     Total                          Min: 0, Avg:  0.0, Max: 0, Diff: 0, Sum: 0, Workers: 4
[7301.007s][debug][gc,phases      ] GC(293) Weak Processing 0.364ms
[7301.007s][debug][gc,age         ] GC(293) Desired survivor size 27262976 bytes, new threshold 1 (max threshold 15)
[7301.007s][info ][gc,heap        ] GC(293) PSYoungGen: 2053552K(2067456K)->4496K(2070528K) Eden: 2039808K(2039808K)->0K(2042880K) From: 13744K(27648K)->4496K(27648K)
[7301.007s][info ][gc,heap        ] GC(293) ParOldGen: 2121296K(2121728K)->2131189K(2131456K)
[7301.007s][info ][gc,metaspace   ] GC(293) Metaspace: 113251K(114496K)->113251K(114496K) NonClass: 96851K(97536K)->96851K(97536K) Class: 16400K(16960K)->16400K(16960K)
[7301.007s][info ][gc             ] GC(293) Pause Young (Allocation Failure) 4077M->2085M(4103M) 12.032ms
[7301.007s][info ][gc,cpu         ] GC(293) User=0.03s Sys=0.00s Real=0.01s
[7301.007s][info ][safepoint      ] Safepoint "ParallelCollectForAllocation", Time since last: 17587892572 ns, Reaching safepoint: 84000 ns, At safepoint: 12094234 ns, Leaving safepoint: 10600 ns, Total: 12188834 ns, Threads: 2 runnable, 36 total
[7319.209s][info ][gc,start       ] GC(294) Pause Young (Allocation Failure)
[7319.216s][debug][gc,phases      ] GC(294) Scavenge 7.034ms
[7319.216s][debug][gc,ref         ] GC(294) ReferenceProcessor::execute queues: 1, RefProcThreadModel::Single, marks_oops_alive: false
[7319.216s][debug][gc,ref         ] GC(294) Skipped KeepAliveFinalRefsPhase of Reference Processing: no references
[7319.216s][debug][gc,ref         ] GC(294) Skipped PhantomRefsPhase of Reference Processing: no references
[7319.216s][debug][gc,phases      ] GC(294) Reference Processing 0.096ms
[7319.216s][debug][gc,phases      ] GC(294)   VM Weak                        Min: 0.00, Avg: 0.00, Max: 0.01, Diff: 0.01, Sum: 0.01, Workers: 4
[7319.216s][debug][gc,phases      ] GC(294)     Dead                           Min: 0, Avg:  0.0, Max: 0, Diff: 0, Sum: 0, Workers: 4
[7319.216s][debug][gc,phases      ] GC(294)     Total                          Min: 0, Avg: 240.5, Max: 896, Diff: 896, Sum: 962, Workers: 4
[7319.216s][debug][gc,phases      ] GC(294)   ObjectSynchronizer Weak        Min: 0.00, Avg: 0.00, Max: 0.00, Diff: 0.00, Sum: 0.00, Workers: 4
[7319.216s][debug][gc,phases      ] GC(294)     Dead                           Min: 0, Avg:  0.0, Max: 0, Diff: 0, Sum: 0, Workers: 4
[7319.216s][debug][gc,phases      ] GC(294)     Total                          Min: 0, Avg:  1.5, Max: 6, Diff: 6, Sum: 6, Workers: 4
[7319.216s][debug][gc,phases      ] GC(294)   JVMTI Tag Weak OopStorage      Min: 0.00, Avg: 0.00, Max: 0.00, Diff: 0.00, Sum: 0.00, Workers: 4
[7319.216s][debug][gc,phases      ] GC(294)     Dead                           Min: 0, Avg:  0.0, Max: 0, Diff: 0, Sum: 0, Workers: 4
[7319.216s][debug][gc,phases      ] GC(294)     Total                          Min: 0, Avg:  0.0, Max: 0, Diff: 0, Sum: 0, Workers: 4
[7319.216s][debug][gc,phases      ] GC(294)   StringTable Weak               Min: 0.11, Avg: 0.11, Max: 0.11, Diff: 0.00, Sum: 0.44, Workers: 4
[7319.216s][debug][gc,phases      ] GC(294)     Dead                           Min: 0, Avg:  0.0, Max: 0, Diff: 0, Sum: 0, Workers: 4
[7319.216s][debug][gc,phases      ] GC(294)     Total                          Min: 12671, Avg: 12843.0, Max: 13102, Diff: 431, Sum: 51372, Workers: 4
[7319.216s][debug][gc,phases      ] GC(294)   ResolvedMethodTable Weak       Min: 0.04, Avg: 0.04, Max: 0.04, Diff: 0.00, Sum: 0.15, Workers: 4
[7319.216s][debug][gc,phases      ] GC(294)     Dead                           Min: 0, Avg:  5.2, Max: 21, Diff: 21, Sum: 21, Workers: 4
[7319.216s][debug][gc,phases      ] GC(294)     Total                          Min: 4157, Avg: 4359.5, Max: 4667, Diff: 510, Sum: 17438, Workers: 4
[7319.216s][debug][gc,phases      ] GC(294)   JNI Weak                       Min: 0.00, Avg: 0.00, Max: 0.00, Diff: 0.00, Sum: 0.00, Workers: 4
[7319.216s][debug][gc,phases      ] GC(294)     Dead                           Min: 0, Avg:  0.0, Max: 0, Diff: 0, Sum: 0, Workers: 4
[7319.216s][debug][gc,phases      ] GC(294)     Total                          Min: 0, Avg: 13.0, Max: 48, Diff: 48, Sum: 52, Workers: 4
[7319.216s][debug][gc,phases      ] GC(294)   StringDedup Table Weak         Min: 0.00, Avg: 0.00, Max: 0.00, Diff: 0.00, Sum: 0.00, Workers: 4
[7319.216s][debug][gc,phases      ] GC(294)     Dead                           Min: 0, Avg:  0.0, Max: 0, Diff: 0, Sum: 0, Workers: 4
[7319.216s][debug][gc,phases      ] GC(294)     Total                          Min: 0, Avg:  0.0, Max: 0, Diff: 0, Sum: 0, Workers: 4
[7319.216s][debug][gc,phases      ] GC(294)   StringDedup Requests0 Weak     Min: 0.00, Avg: 0.00, Max: 0.00, Diff: 0.00, Sum: 0.00, Workers: 4
[7319.216s][debug][gc,phases      ] GC(294)     Dead                           Min: 0, Avg:  0.0, Max: 0, Diff: 0, Sum: 0, Workers: 4
[7319.216s][debug][gc,phases      ] GC(294)     Total                          Min: 0, Avg:  0.0, Max: 0, Diff: 0, Sum: 0, Workers: 4
[7319.216s][debug][gc,phases      ] GC(294)   StringDedup Requests1 Weak     Min: 0.00, Avg: 0.00, Max: 0.00, Diff: 0.00, Sum: 0.00, Workers: 4
[7319.216s][debug][gc,phases      ] GC(294)     Dead                           Min: 0, Avg:  0.0, Max: 0, Diff: 0, Sum: 0, Workers: 4
[7319.216s][debug][gc,phases      ] GC(294)     Total                          Min: 0, Avg:  0.0, Max: 0, Diff: 0, Sum: 0, Workers: 4
[7319.216s][debug][gc,phases      ] GC(294)   Weak JFR Old Object Samples    Min: 0.00, Avg: 0.00, Max: 0.00, Diff: 0.00, Sum: 0.00, Workers: 4
[7319.216s][debug][gc,phases      ] GC(294)     Dead                           Min: 0, Avg:  0.0, Max: 0, Diff: 0, Sum: 0, Workers: 4
[7319.216s][debug][gc,phases      ] GC(294)     Total                          Min: 0, Avg:  0.0, Max: 0, Diff: 0, Sum: 0, Workers: 4
[7319.216s][debug][gc,phases      ] GC(294) Weak Processing 0.334ms
[7319.216s][debug][gc,age         ] GC(294) Desired survivor size 26214400 bytes, new threshold 1 (max threshold 15)
[7319.216s][info ][gc,heap        ] GC(294) PSYoungGen: 2047376K(2070528K)->5632K(2069504K) Eden: 2042880K(2042880K)->0K(2042880K) From: 4496K(27648K)->5632K(26624K)
[7319.216s][info ][gc,heap        ] GC(294) ParOldGen: 2131189K(2131456K)->2132761K(2132992K)
[7319.216s][info ][gc,metaspace   ] GC(294) Metaspace: 113254K(114496K)->113254K(114496K) NonClass: 96853K(97536K)->96853K(97536K) Class: 16401K(16960K)->16401K(16960K)
[7319.216s][info ][gc             ] GC(294) Pause Young (Allocation Failure) 4080M->2088M(4104M) 7.566ms
[7319.216s][info ][gc,cpu         ] GC(294) User=0.03s Sys=0.00s Real=0.00s
[7319.216s][info ][safepoint      ] Safepoint "ParallelCollectForAllocation", Time since last: 18201801416 ns, Reaching safepoint: 26000 ns, At safepoint: 7631361 ns, Leaving safepoint: 2700 ns, Total: 7660061 ns, Threads: 0 runnable, 36 total
[7337.893s][info ][gc,start       ] GC(295) Pause Young (Allocation Failure)
[7337.902s][debug][gc,phases      ] GC(295) Scavenge 9.396ms
[7337.902s][debug][gc,ref         ] GC(295) ReferenceProcessor::execute queues: 1, RefProcThreadModel::Single, marks_oops_alive: false
[7337.902s][debug][gc,ref         ] GC(295) Skipped KeepAliveFinalRefsPhase of Reference Processing: no references
[7337.902s][debug][gc,ref         ] GC(295) Skipped PhantomRefsPhase of Reference Processing: no references
[7337.902s][debug][gc,phases      ] GC(295) Reference Processing 0.114ms
[7337.903s][debug][gc,phases      ] GC(295)   VM Weak                        Min: 0.00, Avg: 0.00, Max: 0.01, Diff: 0.00, Sum: 0.01, Workers: 4
[7337.903s][debug][gc,phases      ] GC(295)     Dead                           Min: 0, Avg:  0.0, Max: 0, Diff: 0, Sum: 0, Workers: 4
[7337.903s][debug][gc,phases      ] GC(295)     Total                          Min: 64, Avg: 240.5, Max: 514, Diff: 450, Sum: 962, Workers: 4
[7337.903s][debug][gc,phases      ] GC(295)   ObjectSynchronizer Weak        Min: 0.00, Avg: 0.00, Max: 0.00, Diff: 0.00, Sum: 0.00, Workers: 4
[7337.903s][debug][gc,phases      ] GC(295)     Dead                           Min: 0, Avg:  0.0, Max: 0, Diff: 0, Sum: 0, Workers: 4
[7337.903s][debug][gc,phases      ] GC(295)     Total                          Min: 0, Avg:  1.5, Max: 6, Diff: 6, Sum: 6, Workers: 4
[7337.903s][debug][gc,phases      ] GC(295)   JVMTI Tag Weak OopStorage      Min: 0.00, Avg: 0.00, Max: 0.00, Diff: 0.00, Sum: 0.00, Workers: 4
[7337.903s][debug][gc,phases      ] GC(295)     Dead                           Min: 0, Avg:  0.0, Max: 0, Diff: 0, Sum: 0, Workers: 4
[7337.903s][debug][gc,phases      ] GC(295)     Total                          Min: 0, Avg:  0.0, Max: 0, Diff: 0, Sum: 0, Workers: 4
[7337.903s][debug][gc,phases      ] GC(295)   StringTable Weak               Min: 0.11, Avg: 0.11, Max: 0.11, Diff: 0.00, Sum: 0.43, Workers: 4
[7337.903s][debug][gc,phases      ] GC(295)     Dead                           Min: 0, Avg:  0.0, Max: 0, Diff: 0, Sum: 0, Workers: 4
[7337.903s][debug][gc,phases      ] GC(295)     Total                          Min: 12736, Avg: 12843.0, Max: 13054, Diff: 318, Sum: 51372, Workers: 4
[7337.903s][debug][gc,phases      ] GC(295)   ResolvedMethodTable Weak       Min: 0.04, Avg: 0.04, Max: 0.04, Diff: 0.00, Sum: 0.14, Workers: 4
[7337.903s][debug][gc,phases      ] GC(295)     Dead                           Min: 0, Avg:  0.0, Max: 0, Diff: 0, Sum: 0, Workers: 4
[7337.903s][debug][gc,phases      ] GC(295)     Total                          Min: 4156, Avg: 4359.5, Max: 4732, Diff: 576, Sum: 17438, Workers: 4
[7337.903s][debug][gc,phases      ] GC(295)   JNI Weak                       Min: 0.00, Avg: 0.00, Max: 0.00, Diff: 0.00, Sum: 0.00, Workers: 4
[7337.903s][debug][gc,phases      ] GC(295)     Dead                           Min: 0, Avg:  0.0, Max: 0, Diff: 0, Sum: 0, Workers: 4
[7337.903s][debug][gc,phases      ] GC(295)     Total                          Min: 0, Avg: 13.0, Max: 48, Diff: 48, Sum: 52, Workers: 4
[7337.903s][debug][gc,phases      ] GC(295)   StringDedup Table Weak         Min: 0.00, Avg: 0.00, Max: 0.00, Diff: 0.00, Sum: 0.00, Workers: 4
[7337.903s][debug][gc,phases      ] GC(295)     Dead                           Min: 0, Avg:  0.0, Max: 0, Diff: 0, Sum: 0, Workers: 4
[7337.903s][debug][gc,phases      ] GC(295)     Total                          Min: 0, Avg:  0.0, Max: 0, Diff: 0, Sum: 0, Workers: 4
[7337.903s][debug][gc,phases      ] GC(295)   StringDedup Requests0 Weak     Min: 0.00, Avg: 0.00, Max: 0.00, Diff: 0.00, Sum: 0.00, Workers: 4
[7337.903s][debug][gc,phases      ] GC(295)     Dead                           Min: 0, Avg:  0.0, Max: 0, Diff: 0, Sum: 0, Workers: 4
[7337.903s][debug][gc,phases      ] GC(295)     Total                          Min: 0, Avg:  0.0, Max: 0, Diff: 0, Sum: 0, Workers: 4
[7337.903s][debug][gc,phases      ] GC(295)   StringDedup Requests1 Weak     Min: 0.00, Avg: 0.00, Max: 0.00, Diff: 0.00, Sum: 0.00, Workers: 4
[7337.903s][debug][gc,phases      ] GC(295)     Dead                           Min: 0, Avg:  0.0, Max: 0, Diff: 0, Sum: 0, Workers: 4
[7337.903s][debug][gc,phases      ] GC(295)     Total                          Min: 0, Avg:  0.0, Max: 0, Diff: 0, Sum: 0, Workers: 4
[7337.903s][debug][gc,phases      ] GC(295)   Weak JFR Old Object Samples    Min: 0.00, Avg: 0.00, Max: 0.00, Diff: 0.00, Sum: 0.00, Workers: 4
[7337.903s][debug][gc,phases      ] GC(295)     Dead                           Min: 0, Avg:  0.0, Max: 0, Diff: 0, Sum: 0, Workers: 4
[7337.903s][debug][gc,phases      ] GC(295)     Total                          Min: 0, Avg:  0.0, Max: 0, Diff: 0, Sum: 0, Workers: 4
[7337.903s][debug][gc,phases      ] GC(295) Weak Processing 0.316ms
[7337.903s][debug][gc,age         ] GC(295) Desired survivor size 25165824 bytes, new threshold 1 (max threshold 15)
[7337.903s][info ][gc,heap        ] GC(295) PSYoungGen: 2048512K(2069504K)->4768K(2072576K) Eden: 2042880K(2042880K)->0K(2046976K) From: 5632K(26624K)->4768K(25600K)
[7337.903s][info ][gc,heap        ] GC(295) ParOldGen: 2132761K(2132992K)->2135301K(2135552K)
[7337.903s][info ][gc,metaspace   ] GC(295) Metaspace: 113255K(114496K)->113255K(114496K) NonClass: 96854K(97536K)->96854K(97536K) Class: 16401K(16960K)->16401K(16960K)
[7337.903s][info ][gc             ] GC(295) Pause Young (Allocation Failure) 4083M->2089M(4109M) 9.942ms
[7337.903s][info ][gc,cpu         ] GC(295) User=0.03s Sys=0.01s Real=0.01s
[7337.903s][info ][safepoint      ] Safepoint "ParallelCollectForAllocation", Time since last: 18676498703 ns, Reaching safepoint: 80100 ns, At safepoint: 10004948 ns, Leaving safepoint: 14900 ns, Total: 10099948 ns, Threads: 1 runnable, 35 total
[7357.743s][info ][gc,start       ] GC(296) Pause Young (Allocation Failure)
[7357.750s][debug][gc,phases      ] GC(296) Scavenge 7.283ms
[7357.750s][debug][gc,ref         ] GC(296) Skipped SoftWeakFinalRefsPhase of Reference Processing: no references
[7357.750s][debug][gc,ref         ] GC(296) Skipped KeepAliveFinalRefsPhase of Reference Processing: no references
[7357.750s][debug][gc,ref         ] GC(296) Skipped PhantomRefsPhase of Reference Processing: no references
[7357.750s][debug][gc,phases      ] GC(296) Reference Processing 0.030ms
[7357.750s][debug][gc,phases      ] GC(296)   VM Weak                        Min: 0.00, Avg: 0.00, Max: 0.01, Diff: 0.01, Sum: 0.01, Workers: 4
[7357.750s][debug][gc,phases      ] GC(296)     Dead                           Min: 0, Avg:  0.0, Max: 0, Diff: 0, Sum: 0, Workers: 4
[7357.750s][debug][gc,phases      ] GC(296)     Total                          Min: 0, Avg: 240.5, Max: 962, Diff: 962, Sum: 962, Workers: 4
[7357.750s][debug][gc,phases      ] GC(296)   ObjectSynchronizer Weak        Min: 0.00, Avg: 0.00, Max: 0.00, Diff: 0.00, Sum: 0.00, Workers: 4
[7357.750s][debug][gc,phases      ] GC(296)     Dead                           Min: 0, Avg:  0.0, Max: 0, Diff: 0, Sum: 0, Workers: 4
[7357.750s][debug][gc,phases      ] GC(296)     Total                          Min: 0, Avg:  1.5, Max: 6, Diff: 6, Sum: 6, Workers: 4
[7357.750s][debug][gc,phases      ] GC(296)   JVMTI Tag Weak OopStorage      Min: 0.00, Avg: 0.00, Max: 0.00, Diff: 0.00, Sum: 0.00, Workers: 4
[7357.750s][debug][gc,phases      ] GC(296)     Dead                           Min: 0, Avg:  0.0, Max: 0, Diff: 0, Sum: 0, Workers: 4
[7357.750s][debug][gc,phases      ] GC(296)     Total                          Min: 0, Avg:  0.0, Max: 0, Diff: 0, Sum: 0, Workers: 4
[7357.750s][debug][gc,phases      ] GC(296)   StringTable Weak               Min: 0.09, Avg: 0.12, Max: 0.14, Diff: 0.06, Sum: 0.50, Workers: 4
[7357.750s][debug][gc,phases      ] GC(296)     Dead                           Min: 0, Avg:  0.0, Max: 0, Diff: 0, Sum: 0, Workers: 4
[7357.750s][debug][gc,phases      ] GC(296)     Total                          Min: 8191, Avg: 12843.0, Max: 14976, Diff: 6785, Sum: 51372, Workers: 4
[7357.750s][debug][gc,phases      ] GC(296)   ResolvedMethodTable Weak       Min: 0.04, Avg: 0.04, Max: 0.04, Diff: 0.00, Sum: 0.15, Workers: 4
[7357.750s][debug][gc,phases      ] GC(296)     Dead                           Min: 0, Avg:  5.0, Max: 20, Diff: 20, Sum: 20, Workers: 4
[7357.750s][debug][gc,phases      ] GC(296)     Total                          Min: 4221, Avg: 4359.5, Max: 4456, Diff: 235, Sum: 17438, Workers: 4
[7357.751s][debug][gc,phases      ] GC(296)   JNI Weak                       Min: 0.00, Avg: 0.00, Max: 0.00, Diff: 0.00, Sum: 0.00, Workers: 4
[7357.751s][debug][gc,phases      ] GC(296)     Dead                           Min: 0, Avg:  0.0, Max: 0, Diff: 0, Sum: 0, Workers: 4
[7357.751s][debug][gc,phases      ] GC(296)     Total                          Min: 0, Avg: 13.0, Max: 48, Diff: 48, Sum: 52, Workers: 4
[7357.751s][debug][gc,phases      ] GC(296)   StringDedup Table Weak         Min: 0.00, Avg: 0.00, Max: 0.00, Diff: 0.00, Sum: 0.00, Workers: 4
[7357.751s][debug][gc,phases      ] GC(296)     Dead                           Min: 0, Avg:  0.0, Max: 0, Diff: 0, Sum: 0, Workers: 4
[7357.751s][debug][gc,phases      ] GC(296)     Total                          Min: 0, Avg:  0.0, Max: 0, Diff: 0, Sum: 0, Workers: 4
[7357.751s][debug][gc,phases      ] GC(296)   StringDedup Requests0 Weak     Min: 0.00, Avg: 0.00, Max: 0.00, Diff: 0.00, Sum: 0.00, Workers: 4
[7357.751s][debug][gc,phases      ] GC(296)     Dead                           Min: 0, Avg:  0.0, Max: 0, Diff: 0, Sum: 0, Workers: 4
[7357.751s][debug][gc,phases      ] GC(296)     Total                          Min: 0, Avg:  0.0, Max: 0, Diff: 0, Sum: 0, Workers: 4
[7357.751s][debug][gc,phases      ] GC(296)   StringDedup Requests1 Weak     Min: 0.00, Avg: 0.00, Max: 0.00, Diff: 0.00, Sum: 0.00, Workers: 4
[7357.751s][debug][gc,phases      ] GC(296)     Dead                           Min: 0, Avg:  0.0, Max: 0, Diff: 0, Sum: 0, Workers: 4
[7357.751s][debug][gc,phases      ] GC(296)     Total                          Min: 0, Avg:  0.0, Max: 0, Diff: 0, Sum: 0, Workers: 4
[7357.751s][debug][gc,phases      ] GC(296)   Weak JFR Old Object Samples    Min: 0.00, Avg: 0.00, Max: 0.00, Diff: 0.00, Sum: 0.00, Workers: 4
[7357.751s][debug][gc,phases      ] GC(296)     Dead                           Min: 0, Avg:  0.0, Max: 0, Diff: 0, Sum: 0, Workers: 4
[7357.751s][debug][gc,phases      ] GC(296)     Total                          Min: 0, Avg:  0.0, Max: 0, Diff: 0, Sum: 0, Workers: 4
[7357.751s][debug][gc,phases      ] GC(296) Weak Processing 0.379ms
[7357.751s][debug][gc,age         ] GC(296) Desired survivor size 24641536 bytes, new threshold 1 (max threshold 15)
[7357.751s][info ][gc,heap        ] GC(296) PSYoungGen: 2051744K(2072576K)->4240K(2071552K) Eden: 2046976K(2046976K)->0K(2046976K) From: 4768K(25600K)->4240K(24576K)
[7357.751s][info ][gc,heap        ] GC(296) ParOldGen: 2135301K(2135552K)->2137246K(2137600K)
[7357.751s][info ][gc,metaspace   ] GC(296) Metaspace: 113257K(114496K)->113257K(114496K) NonClass: 96855K(97536K)->96855K(97536K) Class: 16401K(16960K)->16401K(16960K)
[7357.751s][info ][gc             ] GC(296) Pause Young (Allocation Failure) 4088M->2091M(4110M) 7.806ms
[7357.751s][info ][gc,cpu         ] GC(296) User=0.02s Sys=0.00s Real=0.01s
[7357.751s][info ][safepoint      ] Safepoint "ParallelCollectForAllocation", Time since last: 19839941900 ns, Reaching safepoint: 108899 ns, At safepoint: 7869060 ns, Leaving safepoint: 10500 ns, Total: 7988459 ns, Threads: 2 runnable, 35 total
[7375.206s][info ][gc,start       ] GC(297) Pause Young (Allocation Failure)
[7375.211s][debug][gc,phases      ] GC(297) Scavenge 5.290ms
[7375.211s][debug][gc,ref         ] GC(297) ReferenceProcessor::execute queues: 1, RefProcThreadModel::Single, marks_oops_alive: false
[7375.211s][debug][gc,ref         ] GC(297) Skipped KeepAliveFinalRefsPhase of Reference Processing: no references
[7375.211s][debug][gc,ref         ] GC(297) Skipped PhantomRefsPhase of Reference Processing: no references
[7375.211s][debug][gc,phases      ] GC(297) Reference Processing 0.091ms
[7375.211s][debug][gc,phases      ] GC(297)   VM Weak                        Min: 0.00, Avg: 0.00, Max: 0.01, Diff: 0.01, Sum: 0.01, Workers: 4
[7375.211s][debug][gc,phases      ] GC(297)     Dead                           Min: 0, Avg:  0.0, Max: 0, Diff: 0, Sum: 0, Workers: 4
[7375.211s][debug][gc,phases      ] GC(297)     Total                          Min: 0, Avg: 240.5, Max: 640, Diff: 640, Sum: 962, Workers: 4
[7375.211s][debug][gc,phases      ] GC(297)   ObjectSynchronizer Weak        Min: 0.00, Avg: 0.00, Max: 0.00, Diff: 0.00, Sum: 0.00, Workers: 4
[7375.211s][debug][gc,phases      ] GC(297)     Dead                           Min: 0, Avg:  0.0, Max: 0, Diff: 0, Sum: 0, Workers: 4
[7375.211s][debug][gc,phases      ] GC(297)     Total                          Min: 0, Avg:  1.5, Max: 6, Diff: 6, Sum: 6, Workers: 4
[7375.211s][debug][gc,phases      ] GC(297)   JVMTI Tag Weak OopStorage      Min: 0.00, Avg: 0.00, Max: 0.00, Diff: 0.00, Sum: 0.00, Workers: 4
[7375.211s][debug][gc,phases      ] GC(297)     Dead                           Min: 0, Avg:  0.0, Max: 0, Diff: 0, Sum: 0, Workers: 4
[7375.211s][debug][gc,phases      ] GC(297)     Total                          Min: 0, Avg:  0.0, Max: 0, Diff: 0, Sum: 0, Workers: 4
[7375.211s][debug][gc,phases      ] GC(297)   StringTable Weak               Min: 0.00, Avg: 0.10, Max: 0.14, Diff: 0.14, Sum: 0.42, Workers: 4
[7375.212s][debug][gc,phases      ] GC(297)     Dead                           Min: 0, Avg:  0.0, Max: 0, Diff: 0, Sum: 0, Workers: 4
[7375.212s][debug][gc,phases      ] GC(297)     Total                          Min: 0, Avg: 12843.0, Max: 21823, Diff: 21823, Sum: 51372, Workers: 4
[7375.212s][debug][gc,phases      ] GC(297)   ResolvedMethodTable Weak       Min: 0.00, Avg: 0.03, Max: 0.04, Diff: 0.04, Sum: 0.13, Workers: 4
[7375.212s][debug][gc,phases      ] GC(297)     Dead                           Min: 0, Avg:  5.0, Max: 20, Diff: 20, Sum: 20, Workers: 4
[7375.212s][debug][gc,phases      ] GC(297)     Total                          Min: 0, Avg: 4359.5, Max: 7608, Diff: 7608, Sum: 17438, Workers: 4
[7375.212s][debug][gc,phases      ] GC(297)   JNI Weak                       Min: 0.00, Avg: 0.00, Max: 0.00, Diff: 0.00, Sum: 0.00, Workers: 4
[7375.212s][debug][gc,phases      ] GC(297)     Dead                           Min: 0, Avg:  0.0, Max: 0, Diff: 0, Sum: 0, Workers: 4
[7375.212s][debug][gc,phases      ] GC(297)     Total                          Min: 0, Avg: 13.0, Max: 48, Diff: 48, Sum: 52, Workers: 4
[7375.212s][debug][gc,phases      ] GC(297)   StringDedup Table Weak         Min: 0.00, Avg: 0.00, Max: 0.00, Diff: 0.00, Sum: 0.00, Workers: 4
[7375.212s][debug][gc,phases      ] GC(297)     Dead                           Min: 0, Avg:  0.0, Max: 0, Diff: 0, Sum: 0, Workers: 4
[7375.212s][debug][gc,phases      ] GC(297)     Total                          Min: 0, Avg:  0.0, Max: 0, Diff: 0, Sum: 0, Workers: 4
[7375.212s][debug][gc,phases      ] GC(297)   StringDedup Requests0 Weak     Min: 0.00, Avg: 0.00, Max: 0.00, Diff: 0.00, Sum: 0.00, Workers: 4
[7375.212s][debug][gc,phases      ] GC(297)     Dead                           Min: 0, Avg:  0.0, Max: 0, Diff: 0, Sum: 0, Workers: 4
[7375.212s][debug][gc,phases      ] GC(297)     Total                          Min: 0, Avg:  0.0, Max: 0, Diff: 0, Sum: 0, Workers: 4
[7375.212s][debug][gc,phases      ] GC(297)   StringDedup Requests1 Weak     Min: 0.00, Avg: 0.00, Max: 0.00, Diff: 0.00, Sum: 0.00, Workers: 4
[7375.212s][debug][gc,phases      ] GC(297)     Dead                           Min: 0, Avg:  0.0, Max: 0, Diff: 0, Sum: 0, Workers: 4
[7375.212s][debug][gc,phases      ] GC(297)     Total                          Min: 0, Avg:  0.0, Max: 0, Diff: 0, Sum: 0, Workers: 4
[7375.212s][debug][gc,phases      ] GC(297)   Weak JFR Old Object Samples    Min: 0.00, Avg: 0.00, Max: 0.00, Diff: 0.00, Sum: 0.00, Workers: 4
[7375.212s][debug][gc,phases      ] GC(297)     Dead                           Min: 0, Avg:  0.0, Max: 0, Diff: 0, Sum: 0, Workers: 4
[7375.212s][debug][gc,phases      ] GC(297)     Total                          Min: 0, Avg:  0.0, Max: 0, Diff: 0, Sum: 0, Workers: 4
[7375.212s][debug][gc,phases      ] GC(297) Weak Processing 0.360ms
[7375.212s][debug][gc,age         ] GC(297) Desired survivor size 23592960 bytes, new threshold 1 (max threshold 15)
[7375.212s][info ][gc,heap        ] GC(297) PSYoungGen: 2051216K(2071552K)->4032K(2074112K) Eden: 2046976K(2046976K)->0K(2050048K) From: 4240K(24576K)->4032K(24064K)
[7375.212s][info ][gc,heap        ] GC(297) ParOldGen: 2137246K(2137600K)->2138662K(2139136K)
[7375.212s][info ][gc,metaspace   ] GC(297) Metaspace: 113257K(114496K)->113257K(114496K) NonClass: 96855K(97536K)->96855K(97536K) Class: 16401K(16960K)->16401K(16960K)
[7375.212s][info ][gc             ] GC(297) Pause Young (Allocation Failure) 4090M->2092M(4114M) 5.845ms
[7375.212s][info ][gc,cpu         ] GC(297) User=0.02s Sys=0.00s Real=0.01s
[7375.212s][info ][safepoint      ] Safepoint "ParallelCollectForAllocation", Time since last: 17455075889 ns, Reaching safepoint: 5100 ns, At safepoint: 5902671 ns, Leaving safepoint: 2900 ns, Total: 5910671 ns, Threads: 0 runnable, 34 total
[7386.699s][info ][gc,start       ] GC(298) Pause Young (Allocation Failure)
[7386.723s][debug][gc,phases      ] GC(298) Scavenge 23.978ms
[7386.723s][debug][gc,ref         ] GC(298) ReferenceProcessor::execute queues: 1, RefProcThreadModel::Single, marks_oops_alive: false
[7386.723s][debug][gc,ref         ] GC(298) Skipped KeepAliveFinalRefsPhase of Reference Processing: no references
[7386.723s][debug][gc,ref         ] GC(298) Skipped PhantomRefsPhase of Reference Processing: no references
[7386.723s][debug][gc,phases      ] GC(298) Reference Processing 0.102ms
[7386.723s][debug][gc,phases      ] GC(298)   VM Weak                        Min: 0.00, Avg: 0.00, Max: 0.01, Diff: 0.01, Sum: 0.01, Workers: 4
[7386.723s][debug][gc,phases      ] GC(298)     Dead                           Min: 0, Avg:  0.0, Max: 0, Diff: 0, Sum: 0, Workers: 4
[7386.723s][debug][gc,phases      ] GC(298)     Total                          Min: 0, Avg: 240.5, Max: 960, Diff: 960, Sum: 962, Workers: 4
[7386.723s][debug][gc,phases      ] GC(298)   ObjectSynchronizer Weak        Min: 0.00, Avg: 0.00, Max: 0.00, Diff: 0.00, Sum: 0.00, Workers: 4
[7386.723s][debug][gc,phases      ] GC(298)     Dead                           Min: 0, Avg:  0.0, Max: 0, Diff: 0, Sum: 0, Workers: 4
[7386.723s][debug][gc,phases      ] GC(298)     Total                          Min: 0, Avg:  1.8, Max: 7, Diff: 7, Sum: 7, Workers: 4
[7386.723s][debug][gc,phases      ] GC(298)   JVMTI Tag Weak OopStorage      Min: 0.00, Avg: 0.00, Max: 0.00, Diff: 0.00, Sum: 0.00, Workers: 4
[7386.723s][debug][gc,phases      ] GC(298)     Dead                           Min: 0, Avg:  0.0, Max: 0, Diff: 0, Sum: 0, Workers: 4
[7386.723s][debug][gc,phases      ] GC(298)     Total                          Min: 0, Avg:  0.0, Max: 0, Diff: 0, Sum: 0, Workers: 4
[7386.723s][debug][gc,phases      ] GC(298)   StringTable Weak               Min: 0.00, Avg: 0.09, Max: 0.13, Diff: 0.13, Sum: 0.38, Workers: 4
[7386.723s][debug][gc,phases      ] GC(298)     Dead                           Min: 0, Avg:  0.0, Max: 0, Diff: 0, Sum: 0, Workers: 4
[7386.723s][debug][gc,phases      ] GC(298)     Total                          Min: 0, Avg: 12843.0, Max: 22527, Diff: 22527, Sum: 51372, Workers: 4
[7386.723s][debug][gc,phases      ] GC(298)   ResolvedMethodTable Weak       Min: 0.00, Avg: 0.03, Max: 0.04, Diff: 0.04, Sum: 0.13, Workers: 4
[7386.723s][debug][gc,phases      ] GC(298)     Dead                           Min: 0, Avg:  0.0, Max: 0, Diff: 0, Sum: 0, Workers: 4
[7386.723s][debug][gc,phases      ] GC(298)     Total                          Min: 0, Avg: 4359.5, Max: 7590, Diff: 7590, Sum: 17438, Workers: 4
[7386.723s][debug][gc,phases      ] GC(298)   JNI Weak                       Min: 0.00, Avg: 0.00, Max: 0.00, Diff: 0.00, Sum: 0.00, Workers: 4
[7386.723s][debug][gc,phases      ] GC(298)     Dead                           Min: 0, Avg:  0.0, Max: 0, Diff: 0, Sum: 0, Workers: 4
[7386.723s][debug][gc,phases      ] GC(298)     Total                          Min: 0, Avg: 13.0, Max: 48, Diff: 48, Sum: 52, Workers: 4
[7386.723s][debug][gc,phases      ] GC(298)   StringDedup Table Weak         Min: 0.00, Avg: 0.00, Max: 0.00, Diff: 0.00, Sum: 0.00, Workers: 4
[7386.723s][debug][gc,phases      ] GC(298)     Dead                           Min: 0, Avg:  0.0, Max: 0, Diff: 0, Sum: 0, Workers: 4
[7386.723s][debug][gc,phases      ] GC(298)     Total                          Min: 0, Avg:  0.0, Max: 0, Diff: 0, Sum: 0, Workers: 4
[7386.723s][debug][gc,phases      ] GC(298)   StringDedup Requests0 Weak     Min: 0.00, Avg: 0.00, Max: 0.00, Diff: 0.00, Sum: 0.00, Workers: 4
[7386.723s][debug][gc,phases      ] GC(298)     Dead                           Min: 0, Avg:  0.0, Max: 0, Diff: 0, Sum: 0, Workers: 4
[7386.723s][debug][gc,phases      ] GC(298)     Total                          Min: 0, Avg:  0.0, Max: 0, Diff: 0, Sum: 0, Workers: 4
[7386.723s][debug][gc,phases      ] GC(298)   StringDedup Requests1 Weak     Min: 0.00, Avg: 0.00, Max: 0.00, Diff: 0.00, Sum: 0.00, Workers: 4
[7386.723s][debug][gc,phases      ] GC(298)     Dead                           Min: 0, Avg:  0.0, Max: 0, Diff: 0, Sum: 0, Workers: 4
[7386.723s][debug][gc,phases      ] GC(298)     Total                          Min: 0, Avg:  0.0, Max: 0, Diff: 0, Sum: 0, Workers: 4
[7386.723s][debug][gc,phases      ] GC(298)   Weak JFR Old Object Samples    Min: 0.00, Avg: 0.00, Max: 0.00, Diff: 0.00, Sum: 0.00, Workers: 4
[7386.723s][debug][gc,phases      ] GC(298)     Dead                           Min: 0, Avg:  0.0, Max: 0, Diff: 0, Sum: 0, Workers: 4
[7386.723s][debug][gc,phases      ] GC(298)     Total                          Min: 0, Avg:  0.0, Max: 0, Diff: 0, Sum: 0, Workers: 4
[7386.723s][debug][gc,phases      ] GC(298) Weak Processing 0.345ms
[7386.723s][debug][gc,age         ] GC(298) Desired survivor size 39321600 bytes, new threshold 1 (max threshold 15)
[7386.723s][info ][gc,heap        ] GC(298) PSYoungGen: 2054076K(2074112K)->23024K(2073088K) Eden: 2050044K(2050048K)->0K(2050048K) From: 4032K(24064K)->23024K(23040K)
[7386.723s][info ][gc,heap        ] GC(298) ParOldGen: 2138662K(2139136K)->2168343K(2168832K)
[7386.723s][info ][gc,metaspace   ] GC(298) Metaspace: 113257K(114496K)->113257K(114496K) NonClass: 96855K(97536K)->96855K(97536K) Class: 16401K(16960K)->16401K(16960K)
[7386.723s][info ][gc             ] GC(298) Pause Young (Allocation Failure) 4094M->2140M(4142M) 24.549ms
[7386.723s][info ][gc,cpu         ] GC(298) User=0.08s Sys=0.02s Real=0.02s
[7386.723s][info ][safepoint      ] Safepoint "ParallelCollectForAllocation", Time since last: 11486924667 ns, Reaching safepoint: 85000 ns, At safepoint: 24618373 ns, Leaving safepoint: 43199 ns, Total: 24746572 ns, Threads: 3 runnable, 37 total
[7404.293s][info ][gc,start       ] GC(299) Pause Young (Allocation Failure)
[7404.321s][debug][gc,phases      ] GC(299) Scavenge 28.409ms
[7404.321s][debug][gc,ref         ] GC(299) Skipped SoftWeakFinalRefsPhase of Reference Processing: no references
[7404.321s][debug][gc,ref         ] GC(299) Skipped KeepAliveFinalRefsPhase of Reference Processing: no references
[7404.321s][debug][gc,ref         ] GC(299) Skipped PhantomRefsPhase of Reference Processing: no references
[7404.321s][debug][gc,phases      ] GC(299) Reference Processing 0.023ms
[7404.321s][debug][gc,phases      ] GC(299)   VM Weak                        Min: 0.00, Avg: 0.00, Max: 0.01, Diff: 0.01, Sum: 0.01, Workers: 4
[7404.321s][debug][gc,phases      ] GC(299)     Dead                           Min: 0, Avg:  0.0, Max: 0, Diff: 0, Sum: 0, Workers: 4
[7404.321s][debug][gc,phases      ] GC(299)     Total                          Min: 0, Avg: 240.5, Max: 640, Diff: 640, Sum: 962, Workers: 4
[7404.321s][debug][gc,phases      ] GC(299)   ObjectSynchronizer Weak        Min: 0.00, Avg: 0.00, Max: 0.00, Diff: 0.00, Sum: 0.00, Workers: 4
[7404.321s][debug][gc,phases      ] GC(299)     Dead                           Min: 0, Avg:  0.0, Max: 0, Diff: 0, Sum: 0, Workers: 4
[7404.321s][debug][gc,phases      ] GC(299)     Total                          Min: 0, Avg:  1.8, Max: 7, Diff: 7, Sum: 7, Workers: 4
[7404.321s][debug][gc,phases      ] GC(299)   JVMTI Tag Weak OopStorage      Min: 0.00, Avg: 0.00, Max: 0.00, Diff: 0.00, Sum: 0.00, Workers: 4
[7404.321s][debug][gc,phases      ] GC(299)     Dead                           Min: 0, Avg:  0.0, Max: 0, Diff: 0, Sum: 0, Workers: 4
[7404.321s][debug][gc,phases      ] GC(299)     Total                          Min: 0, Avg:  0.0, Max: 0, Diff: 0, Sum: 0, Workers: 4
[7404.321s][debug][gc,phases      ] GC(299)   StringTable Weak               Min: 0.00, Avg: 0.09, Max: 0.13, Diff: 0.13, Sum: 0.37, Workers: 4
[7404.321s][debug][gc,phases      ] GC(299)     Dead                           Min: 0, Avg:  0.0, Max: 0, Diff: 0, Sum: 0, Workers: 4
[7404.321s][debug][gc,phases      ] GC(299)     Total                          Min: 0, Avg: 12843.0, Max: 22654, Diff: 22654, Sum: 51372, Workers: 4
[7404.321s][debug][gc,phases      ] GC(299)   ResolvedMethodTable Weak       Min: 0.00, Avg: 0.03, Max: 0.04, Diff: 0.04, Sum: 0.13, Workers: 4
[7404.321s][debug][gc,phases      ] GC(299)     Dead                           Min: 0, Avg:  5.0, Max: 20, Diff: 20, Sum: 20, Workers: 4
[7404.321s][debug][gc,phases      ] GC(299)     Total                          Min: 0, Avg: 4359.5, Max: 7741, Diff: 7741, Sum: 17438, Workers: 4
[7404.321s][debug][gc,phases      ] GC(299)   JNI Weak                       Min: 0.00, Avg: 0.00, Max: 0.00, Diff: 0.00, Sum: 0.00, Workers: 4
[7404.321s][debug][gc,phases      ] GC(299)     Dead                           Min: 0, Avg:  0.0, Max: 0, Diff: 0, Sum: 0, Workers: 4
[7404.321s][debug][gc,phases      ] GC(299)     Total                          Min: 0, Avg: 13.0, Max: 48, Diff: 48, Sum: 52, Workers: 4
[7404.321s][debug][gc,phases      ] GC(299)   StringDedup Table Weak         Min: 0.00, Avg: 0.00, Max: 0.00, Diff: 0.00, Sum: 0.00, Workers: 4
[7404.321s][debug][gc,phases      ] GC(299)     Dead                           Min: 0, Avg:  0.0, Max: 0, Diff: 0, Sum: 0, Workers: 4
[7404.321s][debug][gc,phases      ] GC(299)     Total                          Min: 0, Avg:  0.0, Max: 0, Diff: 0, Sum: 0, Workers: 4
[7404.321s][debug][gc,phases      ] GC(299)   StringDedup Requests0 Weak     Min: 0.00, Avg: 0.00, Max: 0.00, Diff: 0.00, Sum: 0.00, Workers: 4
[7404.321s][debug][gc,phases      ] GC(299)     Dead                           Min: 0, Avg:  0.0, Max: 0, Diff: 0, Sum: 0, Workers: 4
[7404.321s][debug][gc,phases      ] GC(299)     Total                          Min: 0, Avg:  0.0, Max: 0, Diff: 0, Sum: 0, Workers: 4
[7404.321s][debug][gc,phases      ] GC(299)   StringDedup Requests1 Weak     Min: 0.00, Avg: 0.00, Max: 0.00, Diff: 0.00, Sum: 0.00, Workers: 4
[7404.321s][debug][gc,phases      ] GC(299)     Dead                           Min: 0, Avg:  0.0, Max: 0, Diff: 0, Sum: 0, Workers: 4
[7404.321s][debug][gc,phases      ] GC(299)     Total                          Min: 0, Avg:  0.0, Max: 0, Diff: 0, Sum: 0, Workers: 4
[7404.321s][debug][gc,phases      ] GC(299)   Weak JFR Old Object Samples    Min: 0.00, Avg: 0.00, Max: 0.00, Diff: 0.00, Sum: 0.00, Workers: 4
[7404.321s][debug][gc,phases      ] GC(299)     Dead                           Min: 0, Avg:  0.0, Max: 0, Diff: 0, Sum: 0, Workers: 4
[7404.321s][debug][gc,phases      ] GC(299)     Total                          Min: 0, Avg:  0.0, Max: 0, Diff: 0, Sum: 0, Workers: 4
[7404.321s][debug][gc,phases      ] GC(299) Weak Processing 0.379ms
[7404.321s][debug][gc,age         ] GC(299) Desired survivor size 56098816 bytes, new threshold 1 (max threshold 15)
[7404.321s][info ][gc,heap        ] GC(299) PSYoungGen: 2073072K(2073088K)->24033K(2011648K) Eden: 2050048K(2050048K)->0K(1987584K) From: 23024K(23040K)->24033K(24064K)
[7404.321s][info ][gc,heap        ] GC(299) ParOldGen: 2168343K(2168832K)->2207822K(2208256K)
[7404.321s][info ][gc,metaspace   ] GC(299) Metaspace: 113257K(114496K)->113257K(114496K) NonClass: 96855K(97536K)->96855K(97536K) Class: 16401K(16960K)->16401K(16960K)
[7404.321s][info ][gc             ] GC(299) Pause Young (Allocation Failure) 4142M->2179M(4121M) 28.932ms
[7404.321s][info ][gc,cpu         ] GC(299) User=0.08s Sys=0.03s Real=0.03s
[7404.321s][info ][safepoint      ] Safepoint "ParallelCollectForAllocation", Time since last: 17569143832 ns, Reaching safepoint: 18700 ns, At safepoint: 29007266 ns, Leaving safepoint: 11299 ns, Total: 29037265 ns, Threads: 1 runnable, 38 total
[7427.991s][info ][gc,start       ] GC(300) Pause Young (Allocation Failure)
[7428.009s][debug][gc,phases      ] GC(300) Scavenge 18.190ms
[7428.009s][debug][gc,ref         ] GC(300) Skipped SoftWeakFinalRefsPhase of Reference Processing: no references
[7428.009s][debug][gc,ref         ] GC(300) Skipped KeepAliveFinalRefsPhase of Reference Processing: no references
[7428.009s][debug][gc,ref         ] GC(300) Skipped PhantomRefsPhase of Reference Processing: no references
[7428.009s][debug][gc,phases      ] GC(300) Reference Processing 0.019ms
[7428.009s][debug][gc,phases      ] GC(300)   VM Weak                        Min: 0.00, Avg: 0.00, Max: 0.01, Diff: 0.01, Sum: 0.01, Workers: 4
[7428.009s][debug][gc,phases      ] GC(300)     Dead                           Min: 0, Avg:  0.0, Max: 0, Diff: 0, Sum: 0, Workers: 4
[7428.009s][debug][gc,phases      ] GC(300)     Total                          Min: 0, Avg: 240.5, Max: 704, Diff: 704, Sum: 962, Workers: 4
[7428.009s][debug][gc,phases      ] GC(300)   ObjectSynchronizer Weak        Min: 0.00, Avg: 0.00, Max: 0.00, Diff: 0.00, Sum: 0.00, Workers: 4
[7428.009s][debug][gc,phases      ] GC(300)     Dead                           Min: 0, Avg:  0.0, Max: 0, Diff: 0, Sum: 0, Workers: 4
[7428.009s][debug][gc,phases      ] GC(300)     Total                          Min: 0, Avg:  1.8, Max: 7, Diff: 7, Sum: 7, Workers: 4
[7428.009s][debug][gc,phases      ] GC(300)   JVMTI Tag Weak OopStorage      Min: 0.00, Avg: 0.00, Max: 0.00, Diff: 0.00, Sum: 0.00, Workers: 4
[7428.009s][debug][gc,phases      ] GC(300)     Dead                           Min: 0, Avg:  0.0, Max: 0, Diff: 0, Sum: 0, Workers: 4
[7428.009s][debug][gc,phases      ] GC(300)     Total                          Min: 0, Avg:  0.0, Max: 0, Diff: 0, Sum: 0, Workers: 4
[7428.009s][debug][gc,phases      ] GC(300)   StringTable Weak               Min: 0.00, Avg: 0.09, Max: 0.13, Diff: 0.13, Sum: 0.38, Workers: 4
[7428.009s][debug][gc,phases      ] GC(300)     Dead                           Min: 0, Avg:  0.0, Max: 0, Diff: 0, Sum: 0, Workers: 4
[7428.009s][debug][gc,phases      ] GC(300)     Total                          Min: 0, Avg: 12843.0, Max: 22317, Diff: 22317, Sum: 51372, Workers: 4
[7428.009s][debug][gc,phases      ] GC(300)   ResolvedMethodTable Weak       Min: 0.00, Avg: 0.05, Max: 0.07, Diff: 0.07, Sum: 0.19, Workers: 4
[7428.009s][debug][gc,phases      ] GC(300)     Dead                           Min: 0, Avg:  5.0, Max: 20, Diff: 20, Sum: 20, Workers: 4
[7428.009s][debug][gc,phases      ] GC(300)     Total                          Min: 0, Avg: 4359.5, Max: 7485, Diff: 7485, Sum: 17438, Workers: 4
[7428.009s][debug][gc,phases      ] GC(300)   JNI Weak                       Min: 0.00, Avg: 0.00, Max: 0.00, Diff: 0.00, Sum: 0.00, Workers: 4
[7428.009s][debug][gc,phases      ] GC(300)     Dead                           Min: 0, Avg:  0.0, Max: 0, Diff: 0, Sum: 0, Workers: 4
[7428.009s][debug][gc,phases      ] GC(300)     Total                          Min: 0, Avg: 13.0, Max: 48, Diff: 48, Sum: 52, Workers: 4
[7428.009s][debug][gc,phases      ] GC(300)   StringDedup Table Weak         Min: 0.00, Avg: 0.00, Max: 0.00, Diff: 0.00, Sum: 0.00, Workers: 4
[7428.009s][debug][gc,phases      ] GC(300)     Dead                           Min: 0, Avg:  0.0, Max: 0, Diff: 0, Sum: 0, Workers: 4
[7428.009s][debug][gc,phases      ] GC(300)     Total                          Min: 0, Avg:  0.0, Max: 0, Diff: 0, Sum: 0, Workers: 4
[7428.009s][debug][gc,phases      ] GC(300)   StringDedup Requests0 Weak     Min: 0.00, Avg: 0.00, Max: 0.00, Diff: 0.00, Sum: 0.00, Workers: 4
[7428.009s][debug][gc,phases      ] GC(300)     Dead                           Min: 0, Avg:  0.0, Max: 0, Diff: 0, Sum: 0, Workers: 4
[7428.009s][debug][gc,phases      ] GC(300)     Total                          Min: 0, Avg:  0.0, Max: 0, Diff: 0, Sum: 0, Workers: 4
[7428.009s][debug][gc,phases      ] GC(300)   StringDedup Requests1 Weak     Min: 0.00, Avg: 0.00, Max: 0.00, Diff: 0.00, Sum: 0.00, Workers: 4
[7428.009s][debug][gc,phases      ] GC(300)     Dead                           Min: 0, Avg:  0.0, Max: 0, Diff: 0, Sum: 0, Workers: 4
[7428.009s][debug][gc,phases      ] GC(300)     Total                          Min: 0, Avg:  0.0, Max: 0, Diff: 0, Sum: 0, Workers: 4
[7428.009s][debug][gc,phases      ] GC(300)   Weak JFR Old Object Samples    Min: 0.00, Avg: 0.00, Max: 0.00, Diff: 0.00, Sum: 0.00, Workers: 4
[7428.009s][debug][gc,phases      ] GC(300)     Dead                           Min: 0, Avg:  0.0, Max: 0, Diff: 0, Sum: 0, Workers: 4
[7428.009s][debug][gc,phases      ] GC(300)     Total                          Min: 0, Avg:  0.0, Max: 0, Diff: 0, Sum: 0, Workers: 4
[7428.009s][debug][gc,phases      ] GC(300) Weak Processing 0.364ms
[7428.009s][debug][gc,age         ] GC(300) Desired survivor size 52428800 bytes, new threshold 1 (max threshold 15)
[7428.009s][info ][gc,heap        ] GC(300) PSYoungGen: 2011617K(2011648K)->17712K(2042368K) Eden: 1987584K(1987584K)->0K(1987584K) From: 24033K(24064K)->17712K(54784K)
[7428.010s][info ][gc,heap        ] GC(300) ParOldGen: 2207822K(2208256K)->2230805K(2231296K)
[7428.010s][info ][gc,metaspace   ] GC(300) Metaspace: 113263K(114496K)->113263K(114496K) NonClass: 96862K(97536K)->96862K(97536K) Class: 16401K(16960K)->16401K(16960K)
[7428.010s][info ][gc             ] GC(300) Pause Young (Allocation Failure) 4120M->2195M(4173M) 18.686ms
[7428.010s][info ][gc,cpu         ] GC(300) User=0.04s Sys=0.02s Real=0.02s
[7428.010s][info ][safepoint      ] Safepoint "ParallelCollectForAllocation", Time since last: 23669191476 ns, Reaching safepoint: 105999 ns, At safepoint: 18767507 ns, Leaving safepoint: 11899 ns, Total: 18885405 ns, Threads: 1 runnable, 38 total
[7453.892s][info ][gc,start       ] GC(301) Pause Young (Allocation Failure)
[7453.906s][debug][gc,phases      ] GC(301) Scavenge 13.381ms
[7453.906s][debug][gc,ref         ] GC(301) Skipped SoftWeakFinalRefsPhase of Reference Processing: no references
[7453.906s][debug][gc,ref         ] GC(301) Skipped KeepAliveFinalRefsPhase of Reference Processing: no references
[7453.906s][debug][gc,ref         ] GC(301) Skipped PhantomRefsPhase of Reference Processing: no references
[7453.906s][debug][gc,phases      ] GC(301) Reference Processing 0.023ms
[7453.906s][debug][gc,phases      ] GC(301)   VM Weak                        Min: 0.00, Avg: 0.00, Max: 0.01, Diff: 0.01, Sum: 0.01, Workers: 4
[7453.906s][debug][gc,phases      ] GC(301)     Dead                           Min: 0, Avg:  0.0, Max: 0, Diff: 0, Sum: 0, Workers: 4
[7453.906s][debug][gc,phases      ] GC(301)     Total                          Min: 0, Avg: 240.5, Max: 704, Diff: 704, Sum: 962, Workers: 4
[7453.906s][debug][gc,phases      ] GC(301)   ObjectSynchronizer Weak        Min: 0.00, Avg: 0.00, Max: 0.00, Diff: 0.00, Sum: 0.00, Workers: 4
[7453.906s][debug][gc,phases      ] GC(301)     Dead                           Min: 0, Avg:  0.0, Max: 0, Diff: 0, Sum: 0, Workers: 4
[7453.906s][debug][gc,phases      ] GC(301)     Total                          Min: 0, Avg:  1.8, Max: 7, Diff: 7, Sum: 7, Workers: 4
[7453.906s][debug][gc,phases      ] GC(301)   JVMTI Tag Weak OopStorage      Min: 0.00, Avg: 0.00, Max: 0.00, Diff: 0.00, Sum: 0.00, Workers: 4
[7453.906s][debug][gc,phases      ] GC(301)     Dead                           Min: 0, Avg:  0.0, Max: 0, Diff: 0, Sum: 0, Workers: 4
[7453.906s][debug][gc,phases      ] GC(301)     Total                          Min: 0, Avg:  0.0, Max: 0, Diff: 0, Sum: 0, Workers: 4
[7453.906s][debug][gc,phases      ] GC(301)   StringTable Weak               Min: 0.00, Avg: 0.10, Max: 0.14, Diff: 0.14, Sum: 0.41, Workers: 4
[7453.906s][debug][gc,phases      ] GC(301)     Dead                           Min: 0, Avg:  0.0, Max: 0, Diff: 0, Sum: 0, Workers: 4
[7453.906s][debug][gc,phases      ] GC(301)     Total                          Min: 0, Avg: 12843.0, Max: 21695, Diff: 21695, Sum: 51372, Workers: 4
[7453.906s][debug][gc,phases      ] GC(301)   ResolvedMethodTable Weak       Min: 0.00, Avg: 0.03, Max: 0.04, Diff: 0.04, Sum: 0.13, Workers: 4
[7453.906s][debug][gc,phases      ] GC(301)     Dead                           Min: 0, Avg:  5.0, Max: 20, Diff: 20, Sum: 20, Workers: 4
[7453.906s][debug][gc,phases      ] GC(301)     Total                          Min: 0, Avg: 4359.5, Max: 7547, Diff: 7547, Sum: 17438, Workers: 4
[7453.906s][debug][gc,phases      ] GC(301)   JNI Weak                       Min: 0.00, Avg: 0.00, Max: 0.00, Diff: 0.00, Sum: 0.00, Workers: 4
[7453.906s][debug][gc,phases      ] GC(301)     Dead                           Min: 0, Avg:  0.0, Max: 0, Diff: 0, Sum: 0, Workers: 4
[7453.906s][debug][gc,phases      ] GC(301)     Total                          Min: 0, Avg: 13.0, Max: 48, Diff: 48, Sum: 52, Workers: 4
[7453.906s][debug][gc,phases      ] GC(301)   StringDedup Table Weak         Min: 0.00, Avg: 0.00, Max: 0.00, Diff: 0.00, Sum: 0.00, Workers: 4
[7453.906s][debug][gc,phases      ] GC(301)     Dead                           Min: 0, Avg:  0.0, Max: 0, Diff: 0, Sum: 0, Workers: 4
[7453.906s][debug][gc,phases      ] GC(301)     Total                          Min: 0, Avg:  0.0, Max: 0, Diff: 0, Sum: 0, Workers: 4
[7453.906s][debug][gc,phases      ] GC(301)   StringDedup Requests0 Weak     Min: 0.00, Avg: 0.00, Max: 0.00, Diff: 0.00, Sum: 0.00, Workers: 4
[7453.906s][debug][gc,phases      ] GC(301)     Dead                           Min: 0, Avg:  0.0, Max: 0, Diff: 0, Sum: 0, Workers: 4
[7453.906s][debug][gc,phases      ] GC(301)     Total                          Min: 0, Avg:  0.0, Max: 0, Diff: 0, Sum: 0, Workers: 4
[7453.906s][debug][gc,phases      ] GC(301)   StringDedup Requests1 Weak     Min: 0.00, Avg: 0.00, Max: 0.00, Diff: 0.00, Sum: 0.00, Workers: 4
[7453.906s][debug][gc,phases      ] GC(301)     Dead                           Min: 0, Avg:  0.0, Max: 0, Diff: 0, Sum: 0, Workers: 4
[7453.906s][debug][gc,phases      ] GC(301)     Total                          Min: 0, Avg:  0.0, Max: 0, Diff: 0, Sum: 0, Workers: 4
[7453.906s][debug][gc,phases      ] GC(301)   Weak JFR Old Object Samples    Min: 0.00, Avg: 0.00, Max: 0.00, Diff: 0.00, Sum: 0.00, Workers: 4
[7453.906s][debug][gc,phases      ] GC(301)     Dead                           Min: 0, Avg:  0.0, Max: 0, Diff: 0, Sum: 0, Workers: 4
[7453.906s][debug][gc,phases      ] GC(301)     Total                          Min: 0, Avg:  0.0, Max: 0, Diff: 0, Sum: 0, Workers: 4
[7453.906s][debug][gc,phases      ] GC(301) Weak Processing 0.381ms
[7453.906s][debug][gc,age         ] GC(301) Desired survivor size 50331648 bytes, new threshold 1 (max threshold 15)
[7453.906s][info ][gc,heap        ] GC(301) PSYoungGen: 2005296K(2042368K)->8416K(2048000K) Eden: 1987584K(1987584K)->0K(1996800K) From: 17712K(54784K)->8416K(51200K)
[7453.906s][info ][gc,heap        ] GC(301) ParOldGen: 2230805K(2231296K)->2244558K(2244608K)
[7453.906s][info ][gc,metaspace   ] GC(301) Metaspace: 113267K(114496K)->113267K(114496K) NonClass: 96866K(97536K)->96866K(97536K) Class: 16401K(16960K)->16401K(16960K)
[7453.906s][info ][gc             ] GC(301) Pause Young (Allocation Failure) 4136M->2200M(4192M) 13.903ms
[7453.906s][info ][gc,cpu         ] GC(301) User=0.04s Sys=0.00s Real=0.01s
[7453.906s][info ][safepoint      ] Safepoint "ParallelCollectForAllocation", Time since last: 25882497324 ns, Reaching safepoint: 77900 ns, At safepoint: 13966829 ns, Leaving safepoint: 9800 ns, Total: 14054529 ns, Threads: 1 runnable, 38 total
[7481.091s][info ][gc,start       ] GC(302) Pause Young (Allocation Failure)
[7481.102s][debug][gc,phases      ] GC(302) Scavenge 10.476ms
[7481.102s][debug][gc,ref         ] GC(302) Skipped SoftWeakFinalRefsPhase of Reference Processing: no references
[7481.102s][debug][gc,ref         ] GC(302) Skipped KeepAliveFinalRefsPhase of Reference Processing: no references
[7481.102s][debug][gc,ref         ] GC(302) Skipped PhantomRefsPhase of Reference Processing: no references
[7481.102s][debug][gc,phases      ] GC(302) Reference Processing 0.019ms
[7481.102s][debug][gc,phases      ] GC(302)   VM Weak                        Min: 0.00, Avg: 0.00, Max: 0.00, Diff: 0.00, Sum: 0.01, Workers: 4
[7481.102s][debug][gc,phases      ] GC(302)     Dead                           Min: 0, Avg:  0.0, Max: 0, Diff: 0, Sum: 0, Workers: 4
[7481.102s][debug][gc,phases      ] GC(302)     Total                          Min: 0, Avg: 240.5, Max: 384, Diff: 384, Sum: 962, Workers: 4
[7481.102s][debug][gc,phases      ] GC(302)   ObjectSynchronizer Weak        Min: 0.00, Avg: 0.00, Max: 0.00, Diff: 0.00, Sum: 0.00, Workers: 4
[7481.102s][debug][gc,phases      ] GC(302)     Dead                           Min: 0, Avg:  0.0, Max: 0, Diff: 0, Sum: 0, Workers: 4
[7481.102s][debug][gc,phases      ] GC(302)     Total                          Min: 0, Avg:  1.8, Max: 7, Diff: 7, Sum: 7, Workers: 4
[7481.102s][debug][gc,phases      ] GC(302)   JVMTI Tag Weak OopStorage      Min: 0.00, Avg: 0.00, Max: 0.00, Diff: 0.00, Sum: 0.00, Workers: 4
[7481.102s][debug][gc,phases      ] GC(302)     Dead                           Min: 0, Avg:  0.0, Max: 0, Diff: 0, Sum: 0, Workers: 4
[7481.102s][debug][gc,phases      ] GC(302)     Total                          Min: 0, Avg:  0.0, Max: 0, Diff: 0, Sum: 0, Workers: 4
[7481.102s][debug][gc,phases      ] GC(302)   StringTable Weak               Min: 0.00, Avg: 0.09, Max: 0.13, Diff: 0.13, Sum: 0.38, Workers: 4
[7481.102s][debug][gc,phases      ] GC(302)     Dead                           Min: 0, Avg:  0.0, Max: 0, Diff: 0, Sum: 0, Workers: 4
[7481.102s][debug][gc,phases      ] GC(302)     Total                          Min: 0, Avg: 12843.0, Max: 21951, Diff: 21951, Sum: 51372, Workers: 4
[7481.102s][debug][gc,phases      ] GC(302)   ResolvedMethodTable Weak       Min: 0.00, Avg: 0.03, Max: 0.04, Diff: 0.04, Sum: 0.13, Workers: 4
[7481.102s][debug][gc,phases      ] GC(302)     Dead                           Min: 0, Avg:  5.0, Max: 20, Diff: 20, Sum: 20, Workers: 4
[7481.102s][debug][gc,phases      ] GC(302)     Total                          Min: 0, Avg: 4359.5, Max: 7484, Diff: 7484, Sum: 17438, Workers: 4
[7481.102s][debug][gc,phases      ] GC(302)   JNI Weak                       Min: 0.00, Avg: 0.00, Max: 0.00, Diff: 0.00, Sum: 0.00, Workers: 4
[7481.102s][debug][gc,phases      ] GC(302)     Dead                           Min: 0, Avg:  0.0, Max: 0, Diff: 0, Sum: 0, Workers: 4
[7481.102s][debug][gc,phases      ] GC(302)     Total                          Min: 0, Avg: 13.0, Max: 52, Diff: 52, Sum: 52, Workers: 4
[7481.102s][debug][gc,phases      ] GC(302)   StringDedup Table Weak         Min: 0.00, Avg: 0.00, Max: 0.00, Diff: 0.00, Sum: 0.00, Workers: 4
[7481.102s][debug][gc,phases      ] GC(302)     Dead                           Min: 0, Avg:  0.0, Max: 0, Diff: 0, Sum: 0, Workers: 4
[7481.102s][debug][gc,phases      ] GC(302)     Total                          Min: 0, Avg:  0.0, Max: 0, Diff: 0, Sum: 0, Workers: 4
[7481.102s][debug][gc,phases      ] GC(302)   StringDedup Requests0 Weak     Min: 0.00, Avg: 0.00, Max: 0.00, Diff: 0.00, Sum: 0.00, Workers: 4
[7481.102s][debug][gc,phases      ] GC(302)     Dead                           Min: 0, Avg:  0.0, Max: 0, Diff: 0, Sum: 0, Workers: 4
[7481.102s][debug][gc,phases      ] GC(302)     Total                          Min: 0, Avg:  0.0, Max: 0, Diff: 0, Sum: 0, Workers: 4
[7481.102s][debug][gc,phases      ] GC(302)   StringDedup Requests1 Weak     Min: 0.00, Avg: 0.00, Max: 0.00, Diff: 0.00, Sum: 0.00, Workers: 4
[7481.102s][debug][gc,phases      ] GC(302)     Dead                           Min: 0, Avg:  0.0, Max: 0, Diff: 0, Sum: 0, Workers: 4
[7481.102s][debug][gc,phases      ] GC(302)     Total                          Min: 0, Avg:  0.0, Max: 0, Diff: 0, Sum: 0, Workers: 4
[7481.102s][debug][gc,phases      ] GC(302)   Weak JFR Old Object Samples    Min: 0.00, Avg: 0.00, Max: 0.00, Diff: 0.00, Sum: 0.00, Workers: 4
[7481.102s][debug][gc,phases      ] GC(302)     Dead                           Min: 0, Avg:  0.0, Max: 0, Diff: 0, Sum: 0, Workers: 4
[7481.102s][debug][gc,phases      ] GC(302)     Total                          Min: 0, Avg:  0.0, Max: 0, Diff: 0, Sum: 0, Workers: 4
[7481.102s][debug][gc,phases      ] GC(302) Weak Processing 0.347ms
[7481.102s][debug][gc,age         ] GC(302) Desired survivor size 48758784 bytes, new threshold 1 (max threshold 15)
[7481.102s][info ][gc,heap        ] GC(302) PSYoungGen: 2005216K(2048000K)->7536K(2045952K) Eden: 1996800K(1996800K)->0K(1996800K) From: 8416K(51200K)->7536K(49152K)
[7481.102s][info ][gc,heap        ] GC(302) ParOldGen: 2244558K(2244608K)->2249250K(2249728K)
[7481.102s][info ][gc,metaspace   ] GC(302) Metaspace: 113272K(114560K)->113272K(114560K) NonClass: 96871K(97600K)->96871K(97600K) Class: 16401K(16960K)->16401K(16960K)
[7481.102s][info ][gc             ] GC(302) Pause Young (Allocation Failure) 4150M->2203M(4195M) 10.976ms
[7481.102s][info ][gc,cpu         ] GC(302) User=0.03s Sys=0.00s Real=0.01s
[7481.102s][info ][safepoint      ] Safepoint "ParallelCollectForAllocation", Time since last: 27185114143 ns, Reaching safepoint: 78499 ns, At safepoint: 11039846 ns, Leaving safepoint: 7100 ns, Total: 11125445 ns, Threads: 1 runnable, 36 total
[7507.801s][info ][gc,start       ] GC(303) Pause Young (Allocation Failure)
[7507.808s][debug][gc,phases      ] GC(303) Scavenge 6.943ms
[7507.808s][debug][gc,ref         ] GC(303) Skipped SoftWeakFinalRefsPhase of Reference Processing: no references
[7507.808s][debug][gc,ref         ] GC(303) Skipped KeepAliveFinalRefsPhase of Reference Processing: no references
[7507.808s][debug][gc,ref         ] GC(303) Skipped PhantomRefsPhase of Reference Processing: no references
[7507.808s][debug][gc,phases      ] GC(303) Reference Processing 0.019ms
[7507.808s][debug][gc,phases      ] GC(303)   VM Weak                        Min: 0.00, Avg: 0.00, Max: 0.01, Diff: 0.01, Sum: 0.01, Workers: 4
[7507.808s][debug][gc,phases      ] GC(303)     Dead                           Min: 0, Avg:  0.0, Max: 0, Diff: 0, Sum: 0, Workers: 4
[7507.808s][debug][gc,phases      ] GC(303)     Total                          Min: 0, Avg: 240.5, Max: 642, Diff: 642, Sum: 962, Workers: 4
[7507.808s][debug][gc,phases      ] GC(303)   ObjectSynchronizer Weak        Min: 0.00, Avg: 0.00, Max: 0.00, Diff: 0.00, Sum: 0.00, Workers: 4
[7507.808s][debug][gc,phases      ] GC(303)     Dead                           Min: 0, Avg:  0.0, Max: 0, Diff: 0, Sum: 0, Workers: 4
[7507.808s][debug][gc,phases      ] GC(303)     Total                          Min: 0, Avg:  1.5, Max: 6, Diff: 6, Sum: 6, Workers: 4
[7507.808s][debug][gc,phases      ] GC(303)   JVMTI Tag Weak OopStorage      Min: 0.00, Avg: 0.00, Max: 0.00, Diff: 0.00, Sum: 0.00, Workers: 4
[7507.808s][debug][gc,phases      ] GC(303)     Dead                           Min: 0, Avg:  0.0, Max: 0, Diff: 0, Sum: 0, Workers: 4
[7507.808s][debug][gc,phases      ] GC(303)     Total                          Min: 0, Avg:  0.0, Max: 0, Diff: 0, Sum: 0, Workers: 4
[7507.808s][debug][gc,phases      ] GC(303)   StringTable Weak               Min: 0.00, Avg: 0.09, Max: 0.12, Diff: 0.12, Sum: 0.37, Workers: 4
[7507.808s][debug][gc,phases      ] GC(303)     Dead                           Min: 0, Avg:  0.0, Max: 0, Diff: 0, Sum: 0, Workers: 4
[7507.808s][debug][gc,phases      ] GC(303)     Total                          Min: 0, Avg: 12843.0, Max: 22335, Diff: 22335, Sum: 51372, Workers: 4
[7507.808s][debug][gc,phases      ] GC(303)   ResolvedMethodTable Weak       Min: 0.00, Avg: 0.03, Max: 0.04, Diff: 0.04, Sum: 0.13, Workers: 4
[7507.808s][debug][gc,phases      ] GC(303)     Dead                           Min: 0, Avg:  5.0, Max: 20, Diff: 20, Sum: 20, Workers: 4
[7507.808s][debug][gc,phases      ] GC(303)     Total                          Min: 0, Avg: 4359.5, Max: 7526, Diff: 7526, Sum: 17438, Workers: 4
[7507.808s][debug][gc,phases      ] GC(303)   JNI Weak                       Min: 0.00, Avg: 0.00, Max: 0.00, Diff: 0.00, Sum: 0.00, Workers: 4
[7507.808s][debug][gc,phases      ] GC(303)     Dead                           Min: 0, Avg:  0.0, Max: 0, Diff: 0, Sum: 0, Workers: 4
[7507.808s][debug][gc,phases      ] GC(303)     Total                          Min: 0, Avg: 13.0, Max: 48, Diff: 48, Sum: 52, Workers: 4
[7507.808s][debug][gc,phases      ] GC(303)   StringDedup Table Weak         Min: 0.00, Avg: 0.00, Max: 0.00, Diff: 0.00, Sum: 0.00, Workers: 4
[7507.808s][debug][gc,phases      ] GC(303)     Dead                           Min: 0, Avg:  0.0, Max: 0, Diff: 0, Sum: 0, Workers: 4
[7507.808s][debug][gc,phases      ] GC(303)     Total                          Min: 0, Avg:  0.0, Max: 0, Diff: 0, Sum: 0, Workers: 4
[7507.808s][debug][gc,phases      ] GC(303)   StringDedup Requests0 Weak     Min: 0.00, Avg: 0.00, Max: 0.00, Diff: 0.00, Sum: 0.00, Workers: 4
[7507.808s][debug][gc,phases      ] GC(303)     Dead                           Min: 0, Avg:  0.0, Max: 0, Diff: 0, Sum: 0, Workers: 4
[7507.808s][debug][gc,phases      ] GC(303)     Total                          Min: 0, Avg:  0.0, Max: 0, Diff: 0, Sum: 0, Workers: 4
[7507.808s][debug][gc,phases      ] GC(303)   StringDedup Requests1 Weak     Min: 0.00, Avg: 0.00, Max: 0.00, Diff: 0.00, Sum: 0.00, Workers: 4
[7507.808s][debug][gc,phases      ] GC(303)     Dead                           Min: 0, Avg:  0.0, Max: 0, Diff: 0, Sum: 0, Workers: 4
[7507.808s][debug][gc,phases      ] GC(303)     Total                          Min: 0, Avg:  0.0, Max: 0, Diff: 0, Sum: 0, Workers: 4
[7507.808s][debug][gc,phases      ] GC(303)   Weak JFR Old Object Samples    Min: 0.00, Avg: 0.00, Max: 0.00, Diff: 0.00, Sum: 0.00, Workers: 4
[7507.808s][debug][gc,phases      ] GC(303)     Dead                           Min: 0, Avg:  0.0, Max: 0, Diff: 0, Sum: 0, Workers: 4
[7507.808s][debug][gc,phases      ] GC(303)     Total                          Min: 0, Avg:  0.0, Max: 0, Diff: 0, Sum: 0, Workers: 4
[7507.808s][debug][gc,phases      ] GC(303) Weak Processing 0.333ms
[7507.808s][debug][gc,age         ] GC(303) Desired survivor size 47185920 bytes, new threshold 1 (max threshold 15)
[7507.808s][info ][gc,heap        ] GC(303) PSYoungGen: 2004336K(2045952K)->5488K(2051072K) Eden: 1996800K(1996800K)->0K(2003456K) From: 7536K(49152K)->5488K(47616K)
[7507.808s][info ][gc,heap        ] GC(303) ParOldGen: 2249250K(2249728K)->2251667K(2251776K)
[7507.808s][info ][gc,metaspace   ] GC(303) Metaspace: 113276K(114624K)->113276K(114624K) NonClass: 96875K(97664K)->96875K(97664K) Class: 16401K(16960K)->16401K(16960K)
[7507.808s][info ][gc             ] GC(303) Pause Young (Allocation Failure) 4153M->2204M(4202M) 7.407ms
[7507.808s][info ][gc,cpu         ] GC(303) User=0.02s Sys=0.00s Real=0.00s
[7507.808s][info ][safepoint      ] Safepoint "ParallelCollectForAllocation", Time since last: 26698092294 ns, Reaching safepoint: 30900 ns, At safepoint: 7468863 ns, Leaving safepoint: 7400 ns, Total: 7507163 ns, Threads: 0 runnable, 36 total
[7535.397s][info ][gc,start       ] GC(304) Pause Young (Allocation Failure)
[7535.404s][debug][gc,phases      ] GC(304) Scavenge 6.762ms
[7535.404s][debug][gc,ref         ] GC(304) Skipped SoftWeakFinalRefsPhase of Reference Processing: no references
[7535.404s][debug][gc,ref         ] GC(304) Skipped KeepAliveFinalRefsPhase of Reference Processing: no references
[7535.404s][debug][gc,ref         ] GC(304) Skipped PhantomRefsPhase of Reference Processing: no references
[7535.404s][debug][gc,phases      ] GC(304) Reference Processing 0.019ms
[7535.404s][debug][gc,phases      ] GC(304)   VM Weak                        Min: 0.00, Avg: 0.00, Max: 0.01, Diff: 0.00, Sum: 0.01, Workers: 4
[7535.404s][debug][gc,phases      ] GC(304)     Dead                           Min: 0, Avg:  0.0, Max: 0, Diff: 0, Sum: 0, Workers: 4
[7535.404s][debug][gc,phases      ] GC(304)     Total                          Min: 0, Avg: 240.5, Max: 512, Diff: 512, Sum: 962, Workers: 4
[7535.404s][debug][gc,phases      ] GC(304)   ObjectSynchronizer Weak        Min: 0.00, Avg: 0.00, Max: 0.00, Diff: 0.00, Sum: 0.00, Workers: 4
[7535.404s][debug][gc,phases      ] GC(304)     Dead                           Min: 0, Avg:  0.0, Max: 0, Diff: 0, Sum: 0, Workers: 4
[7535.404s][debug][gc,phases      ] GC(304)     Total                          Min: 0, Avg:  1.8, Max: 7, Diff: 7, Sum: 7, Workers: 4
[7535.404s][debug][gc,phases      ] GC(304)   JVMTI Tag Weak OopStorage      Min: 0.00, Avg: 0.00, Max: 0.00, Diff: 0.00, Sum: 0.00, Workers: 4
[7535.404s][debug][gc,phases      ] GC(304)     Dead                           Min: 0, Avg:  0.0, Max: 0, Diff: 0, Sum: 0, Workers: 4
[7535.404s][debug][gc,phases      ] GC(304)     Total                          Min: 0, Avg:  0.0, Max: 0, Diff: 0, Sum: 0, Workers: 4
[7535.404s][debug][gc,phases      ] GC(304)   StringTable Weak               Min: 0.00, Avg: 0.09, Max: 0.13, Diff: 0.13, Sum: 0.37, Workers: 4
[7535.404s][debug][gc,phases      ] GC(304)     Dead                           Min: 0, Avg:  0.0, Max: 0, Diff: 0, Sum: 0, Workers: 4
[7535.404s][debug][gc,phases      ] GC(304)     Total                          Min: 0, Avg: 12843.0, Max: 21759, Diff: 21759, Sum: 51372, Workers: 4
[7535.404s][debug][gc,phases      ] GC(304)   ResolvedMethodTable Weak       Min: 0.00, Avg: 0.03, Max: 0.04, Diff: 0.04, Sum: 0.13, Workers: 4
[7535.404s][debug][gc,phases      ] GC(304)     Dead                           Min: 0, Avg:  5.0, Max: 20, Diff: 20, Sum: 20, Workers: 4
[7535.404s][debug][gc,phases      ] GC(304)     Total                          Min: 0, Avg: 4359.5, Max: 7414, Diff: 7414, Sum: 17438, Workers: 4
[7535.404s][debug][gc,phases      ] GC(304)   JNI Weak                       Min: 0.00, Avg: 0.00, Max: 0.00, Diff: 0.00, Sum: 0.00, Workers: 4
[7535.404s][debug][gc,phases      ] GC(304)     Dead                           Min: 0, Avg:  0.0, Max: 0, Diff: 0, Sum: 0, Workers: 4
[7535.404s][debug][gc,phases      ] GC(304)     Total                          Min: 0, Avg: 13.0, Max: 48, Diff: 48, Sum: 52, Workers: 4
[7535.404s][debug][gc,phases      ] GC(304)   StringDedup Table Weak         Min: 0.00, Avg: 0.00, Max: 0.00, Diff: 0.00, Sum: 0.00, Workers: 4
[7535.404s][debug][gc,phases      ] GC(304)     Dead                           Min: 0, Avg:  0.0, Max: 0, Diff: 0, Sum: 0, Workers: 4
[7535.404s][debug][gc,phases      ] GC(304)     Total                          Min: 0, Avg:  0.0, Max: 0, Diff: 0, Sum: 0, Workers: 4
[7535.404s][debug][gc,phases      ] GC(304)   StringDedup Requests0 Weak     Min: 0.00, Avg: 0.00, Max: 0.00, Diff: 0.00, Sum: 0.00, Workers: 4
[7535.404s][debug][gc,phases      ] GC(304)     Dead                           Min: 0, Avg:  0.0, Max: 0, Diff: 0, Sum: 0, Workers: 4
[7535.404s][debug][gc,phases      ] GC(304)     Total                          Min: 0, Avg:  0.0, Max: 0, Diff: 0, Sum: 0, Workers: 4
[7535.404s][debug][gc,phases      ] GC(304)   StringDedup Requests1 Weak     Min: 0.00, Avg: 0.00, Max: 0.00, Diff: 0.00, Sum: 0.00, Workers: 4
[7535.404s][debug][gc,phases      ] GC(304)     Dead                           Min: 0, Avg:  0.0, Max: 0, Diff: 0, Sum: 0, Workers: 4
[7535.404s][debug][gc,phases      ] GC(304)     Total                          Min: 0, Avg:  0.0, Max: 0, Diff: 0, Sum: 0, Workers: 4
[7535.404s][debug][gc,phases      ] GC(304)   Weak JFR Old Object Samples    Min: 0.00, Avg: 0.00, Max: 0.00, Diff: 0.00, Sum: 0.00, Workers: 4
[7535.404s][debug][gc,phases      ] GC(304)     Dead                           Min: 0, Avg:  0.0, Max: 0, Diff: 0, Sum: 0, Workers: 4
[7535.404s][debug][gc,phases      ] GC(304)     Total                          Min: 0, Avg:  0.0, Max: 0, Diff: 0, Sum: 0, Workers: 4
[7535.404s][debug][gc,phases      ] GC(304) Weak Processing 0.341ms
[7535.404s][debug][gc,age         ] GC(304) Desired survivor size 45613056 bytes, new threshold 1 (max threshold 15)
[7535.404s][info ][gc,heap        ] GC(304) PSYoungGen: 2008944K(2051072K)->5200K(2049536K) Eden: 2003456K(2003456K)->0K(2003456K) From: 5488K(47616K)->5200K(46080K)
[7535.404s][info ][gc,heap        ] GC(304) ParOldGen: 2251667K(2251776K)->2252727K(2252800K)
[7535.404s][info ][gc,metaspace   ] GC(304) Metaspace: 113276K(114624K)->113276K(114624K) NonClass: 96875K(97664K)->96875K(97664K) Class: 16401K(16960K)->16401K(16960K)
[7535.404s][info ][gc             ] GC(304) Pause Young (Allocation Failure) 4160M->2205M(4201M) 7.219ms
[7535.404s][info ][gc,cpu         ] GC(304) User=0.03s Sys=0.00s Real=0.01s
[7535.404s][info ][safepoint      ] Safepoint "ParallelCollectForAllocation", Time since last: 27588889075 ns, Reaching safepoint: 110999 ns, At safepoint: 7289265 ns, Leaving safepoint: 7500 ns, Total: 7407764 ns, Threads: 1 runnable, 40 total
[7564.432s][info ][gc,start       ] GC(305) Pause Young (Allocation Failure)
[7564.439s][debug][gc,phases      ] GC(305) Scavenge 6.718ms
[7564.439s][debug][gc,ref         ] GC(305) Skipped SoftWeakFinalRefsPhase of Reference Processing: no references
[7564.439s][debug][gc,ref         ] GC(305) Skipped KeepAliveFinalRefsPhase of Reference Processing: no references
[7564.439s][debug][gc,ref         ] GC(305) Skipped PhantomRefsPhase of Reference Processing: no references
[7564.439s][debug][gc,phases      ] GC(305) Reference Processing 0.028ms
[7564.440s][debug][gc,phases      ] GC(305)   VM Weak                        Min: 0.00, Avg: 0.00, Max: 0.01, Diff: 0.01, Sum: 0.01, Workers: 4
[7564.440s][debug][gc,phases      ] GC(305)     Dead                           Min: 0, Avg:  0.0, Max: 0, Diff: 0, Sum: 0, Workers: 4
[7564.440s][debug][gc,phases      ] GC(305)     Total                          Min: 0, Avg: 240.5, Max: 576, Diff: 576, Sum: 962, Workers: 4
[7564.440s][debug][gc,phases      ] GC(305)   ObjectSynchronizer Weak        Min: 0.00, Avg: 0.00, Max: 0.00, Diff: 0.00, Sum: 0.00, Workers: 4
[7564.440s][debug][gc,phases      ] GC(305)     Dead                           Min: 0, Avg:  0.0, Max: 0, Diff: 0, Sum: 0, Workers: 4
[7564.440s][debug][gc,phases      ] GC(305)     Total                          Min: 0, Avg:  1.2, Max: 5, Diff: 5, Sum: 5, Workers: 4
[7564.440s][debug][gc,phases      ] GC(305)   JVMTI Tag Weak OopStorage      Min: 0.00, Avg: 0.00, Max: 0.00, Diff: 0.00, Sum: 0.00, Workers: 4
[7564.440s][debug][gc,phases      ] GC(305)     Dead                           Min: 0, Avg:  0.0, Max: 0, Diff: 0, Sum: 0, Workers: 4
[7564.440s][debug][gc,phases      ] GC(305)     Total                          Min: 0, Avg:  0.0, Max: 0, Diff: 0, Sum: 0, Workers: 4
[7564.440s][debug][gc,phases      ] GC(305)   StringTable Weak               Min: 0.00, Avg: 0.13, Max: 0.20, Diff: 0.20, Sum: 0.51, Workers: 4
[7564.440s][debug][gc,phases      ] GC(305)     Dead                           Min: 0, Avg:  0.0, Max: 0, Diff: 0, Sum: 0, Workers: 4
[7564.440s][debug][gc,phases      ] GC(305)     Total                          Min: 0, Avg: 12843.0, Max: 23662, Diff: 23662, Sum: 51372, Workers: 4
[7564.440s][debug][gc,phases      ] GC(305)   ResolvedMethodTable Weak       Min: 0.00, Avg: 0.03, Max: 0.05, Diff: 0.05, Sum: 0.12, Workers: 4
[7564.440s][debug][gc,phases      ] GC(305)     Dead                           Min: 0, Avg:  5.0, Max: 20, Diff: 20, Sum: 20, Workers: 4
[7564.440s][debug][gc,phases      ] GC(305)     Total                          Min: 0, Avg: 4359.5, Max: 10107, Diff: 10107, Sum: 17438, Workers: 4
[7564.440s][debug][gc,phases      ] GC(305)   JNI Weak                       Min: 0.00, Avg: 0.00, Max: 0.00, Diff: 0.00, Sum: 0.00, Workers: 4
[7564.440s][debug][gc,phases      ] GC(305)     Dead                           Min: 0, Avg:  0.0, Max: 0, Diff: 0, Sum: 0, Workers: 4
[7564.440s][debug][gc,phases      ] GC(305)     Total                          Min: 0, Avg: 13.0, Max: 48, Diff: 48, Sum: 52, Workers: 4
[7564.440s][debug][gc,phases      ] GC(305)   StringDedup Table Weak         Min: 0.00, Avg: 0.00, Max: 0.00, Diff: 0.00, Sum: 0.00, Workers: 4
[7564.440s][debug][gc,phases      ] GC(305)     Dead                           Min: 0, Avg:  0.0, Max: 0, Diff: 0, Sum: 0, Workers: 4
[7564.440s][debug][gc,phases      ] GC(305)     Total                          Min: 0, Avg:  0.0, Max: 0, Diff: 0, Sum: 0, Workers: 4
[7564.440s][debug][gc,phases      ] GC(305)   StringDedup Requests0 Weak     Min: 0.00, Avg: 0.00, Max: 0.00, Diff: 0.00, Sum: 0.00, Workers: 4
[7564.440s][debug][gc,phases      ] GC(305)     Dead                           Min: 0, Avg:  0.0, Max: 0, Diff: 0, Sum: 0, Workers: 4
[7564.440s][debug][gc,phases      ] GC(305)     Total                          Min: 0, Avg:  0.0, Max: 0, Diff: 0, Sum: 0, Workers: 4
[7564.440s][debug][gc,phases      ] GC(305)   StringDedup Requests1 Weak     Min: 0.00, Avg: 0.00, Max: 0.00, Diff: 0.00, Sum: 0.00, Workers: 4
[7564.440s][debug][gc,phases      ] GC(305)     Dead                           Min: 0, Avg:  0.0, Max: 0, Diff: 0, Sum: 0, Workers: 4
[7564.440s][debug][gc,phases      ] GC(305)     Total                          Min: 0, Avg:  0.0, Max: 0, Diff: 0, Sum: 0, Workers: 4
[7564.440s][debug][gc,phases      ] GC(305)   Weak JFR Old Object Samples    Min: 0.00, Avg: 0.00, Max: 0.00, Diff: 0.00, Sum: 0.00, Workers: 4
[7564.440s][debug][gc,phases      ] GC(305)     Dead                           Min: 0, Avg:  0.0, Max: 0, Diff: 0, Sum: 0, Workers: 4
[7564.440s][debug][gc,phases      ] GC(305)     Total                          Min: 0, Avg:  0.0, Max: 0, Diff: 0, Sum: 0, Workers: 4
[7564.440s][debug][gc,phases      ] GC(305) Weak Processing 0.400ms
[7564.440s][debug][gc,age         ] GC(305) Desired survivor size 44040192 bytes, new threshold 1 (max threshold 15)
[7564.440s][info ][gc,heap        ] GC(305) PSYoungGen: 2008656K(2049536K)->5920K(2054144K) Eden: 2003456K(2003456K)->0K(2009600K) From: 5200K(46080K)->5920K(44544K)
[7564.440s][info ][gc,heap        ] GC(305) ParOldGen: 2252727K(2252800K)->2254256K(2254336K)
[7564.440s][info ][gc,metaspace   ] GC(305) Metaspace: 113276K(114624K)->113276K(114624K) NonClass: 96875K(97664K)->96875K(97664K) Class: 16401K(16960K)->16401K(16960K)
[7564.440s][info ][gc             ] GC(305) Pause Young (Allocation Failure) 4161M->2207M(4207M) 7.264ms
[7564.440s][info ][gc,cpu         ] GC(305) User=0.03s Sys=0.00s Real=0.01s
[7564.440s][info ][safepoint      ] Safepoint "ParallelCollectForAllocation", Time since last: 29028116267 ns, Reaching safepoint: 6400 ns, At safepoint: 7331865 ns, Leaving safepoint: 7299 ns, Total: 7345564 ns, Threads: 0 runnable, 40 total
[7585.341s][info ][gc,start       ] GC(306) Pause Young (Allocation Failure)
[7585.358s][debug][gc,phases      ] GC(306) Scavenge 17.555ms
[7585.358s][debug][gc,ref         ] GC(306) Skipped SoftWeakFinalRefsPhase of Reference Processing: no references
[7585.358s][debug][gc,ref         ] GC(306) Skipped KeepAliveFinalRefsPhase of Reference Processing: no references
[7585.358s][debug][gc,ref         ] GC(306) Skipped PhantomRefsPhase of Reference Processing: no references
[7585.358s][debug][gc,phases      ] GC(306) Reference Processing 0.020ms
[7585.359s][debug][gc,phases      ] GC(306)   VM Weak                        Min: 0.00, Avg: 0.00, Max: 0.01, Diff: 0.01, Sum: 0.01, Workers: 4
[7585.359s][debug][gc,phases      ] GC(306)     Dead                           Min: 0, Avg:  0.0, Max: 0, Diff: 0, Sum: 0, Workers: 4
[7585.359s][debug][gc,phases      ] GC(306)     Total                          Min: 0, Avg: 240.5, Max: 640, Diff: 640, Sum: 962, Workers: 4
[7585.359s][debug][gc,phases      ] GC(306)   ObjectSynchronizer Weak        Min: 0.00, Avg: 0.00, Max: 0.00, Diff: 0.00, Sum: 0.00, Workers: 4
[7585.359s][debug][gc,phases      ] GC(306)     Dead                           Min: 0, Avg:  0.0, Max: 0, Diff: 0, Sum: 0, Workers: 4
[7585.359s][debug][gc,phases      ] GC(306)     Total                          Min: 0, Avg:  2.0, Max: 8, Diff: 8, Sum: 8, Workers: 4
[7585.359s][debug][gc,phases      ] GC(306)   JVMTI Tag Weak OopStorage      Min: 0.00, Avg: 0.00, Max: 0.00, Diff: 0.00, Sum: 0.00, Workers: 4
[7585.359s][debug][gc,phases      ] GC(306)     Dead                           Min: 0, Avg:  0.0, Max: 0, Diff: 0, Sum: 0, Workers: 4
[7585.359s][debug][gc,phases      ] GC(306)     Total                          Min: 0, Avg:  0.0, Max: 0, Diff: 0, Sum: 0, Workers: 4
[7585.359s][debug][gc,phases      ] GC(306)   StringTable Weak               Min: 0.00, Avg: 0.09, Max: 0.13, Diff: 0.13, Sum: 0.37, Workers: 4
[7585.359s][debug][gc,phases      ] GC(306)     Dead                           Min: 0, Avg:  0.0, Max: 0, Diff: 0, Sum: 0, Workers: 4
[7585.359s][debug][gc,phases      ] GC(306)     Total                          Min: 0, Avg: 12843.0, Max: 22190, Diff: 22190, Sum: 51372, Workers: 4
[7585.359s][debug][gc,phases      ] GC(306)   ResolvedMethodTable Weak       Min: 0.00, Avg: 0.03, Max: 0.04, Diff: 0.04, Sum: 0.13, Workers: 4
[7585.359s][debug][gc,phases      ] GC(306)     Dead                           Min: 0, Avg:  0.0, Max: 0, Diff: 0, Sum: 0, Workers: 4
[7585.359s][debug][gc,phases      ] GC(306)     Total                          Min: 0, Avg: 4359.5, Max: 7424, Diff: 7424, Sum: 17438, Workers: 4
[7585.359s][debug][gc,phases      ] GC(306)   JNI Weak                       Min: 0.00, Avg: 0.00, Max: 0.00, Diff: 0.00, Sum: 0.00, Workers: 4
[7585.359s][debug][gc,phases      ] GC(306)     Dead                           Min: 0, Avg:  0.0, Max: 0, Diff: 0, Sum: 0, Workers: 4
[7585.359s][debug][gc,phases      ] GC(306)     Total                          Min: 0, Avg: 13.0, Max: 48, Diff: 48, Sum: 52, Workers: 4
[7585.359s][debug][gc,phases      ] GC(306)   StringDedup Table Weak         Min: 0.00, Avg: 0.00, Max: 0.00, Diff: 0.00, Sum: 0.00, Workers: 4
[7585.359s][debug][gc,phases      ] GC(306)     Dead                           Min: 0, Avg:  0.0, Max: 0, Diff: 0, Sum: 0, Workers: 4
[7585.359s][debug][gc,phases      ] GC(306)     Total                          Min: 0, Avg:  0.0, Max: 0, Diff: 0, Sum: 0, Workers: 4
[7585.359s][debug][gc,phases      ] GC(306)   StringDedup Requests0 Weak     Min: 0.00, Avg: 0.00, Max: 0.00, Diff: 0.00, Sum: 0.00, Workers: 4
[7585.359s][debug][gc,phases      ] GC(306)     Dead                           Min: 0, Avg:  0.0, Max: 0, Diff: 0, Sum: 0, Workers: 4
[7585.359s][debug][gc,phases      ] GC(306)     Total                          Min: 0, Avg:  0.0, Max: 0, Diff: 0, Sum: 0, Workers: 4
[7585.359s][debug][gc,phases      ] GC(306)   StringDedup Requests1 Weak     Min: 0.00, Avg: 0.00, Max: 0.00, Diff: 0.00, Sum: 0.00, Workers: 4
[7585.359s][debug][gc,phases      ] GC(306)     Dead                           Min: 0, Avg:  0.0, Max: 0, Diff: 0, Sum: 0, Workers: 4
[7585.359s][debug][gc,phases      ] GC(306)     Total                          Min: 0, Avg:  0.0, Max: 0, Diff: 0, Sum: 0, Workers: 4
[7585.359s][debug][gc,phases      ] GC(306)   Weak JFR Old Object Samples    Min: 0.00, Avg: 0.00, Max: 0.00, Diff: 0.00, Sum: 0.00, Workers: 4
[7585.359s][debug][gc,phases      ] GC(306)     Dead                           Min: 0, Avg:  0.0, Max: 0, Diff: 0, Sum: 0, Workers: 4
[7585.359s][debug][gc,phases      ] GC(306)     Total                          Min: 0, Avg:  0.0, Max: 0, Diff: 0, Sum: 0, Workers: 4
[7585.359s][debug][gc,phases      ] GC(306) Weak Processing 0.346ms
[7585.359s][debug][gc,age         ] GC(306) Desired survivor size 49807360 bytes, new threshold 1 (max threshold 15)
[7585.359s][info ][gc,heap        ] GC(306) PSYoungGen: 2015520K(2054144K)->36801K(2046464K) Eden: 2009600K(2009600K)->0K(2009600K) From: 5920K(44544K)->36801K(36864K)
[7585.359s][info ][gc,heap        ] GC(306) ParOldGen: 2254256K(2254336K)->2255412K(2255872K)
[7585.359s][info ][gc,metaspace   ] GC(306) Metaspace: 113276K(114624K)->113276K(114624K) NonClass: 96875K(97664K)->96875K(97664K) Class: 16401K(16960K)->16401K(16960K)
[7585.359s][info ][gc             ] GC(306) Pause Young (Allocation Failure) 4169M->2238M(4201M) 18.058ms
[7585.359s][info ][gc,cpu         ] GC(306) User=0.06s Sys=0.00s Real=0.02s
[7585.359s][info ][safepoint      ] Safepoint "ParallelCollectForAllocation", Time since last: 20900837976 ns, Reaching safepoint: 82900 ns, At safepoint: 18124112 ns, Leaving safepoint: 13900 ns, Total: 18220912 ns, Threads: 1 runnable, 37 total
[7596.344s][info ][gc,start       ] GC(307) Pause Young (Allocation Failure)
[7596.367s][debug][gc,phases      ] GC(307) Scavenge 23.320ms
[7596.368s][debug][gc,ref         ] GC(307) ReferenceProcessor::execute queues: 1, RefProcThreadModel::Single, marks_oops_alive: false
[7596.368s][debug][gc,ref         ] GC(307) Skipped KeepAliveFinalRefsPhase of Reference Processing: no references
[7596.368s][debug][gc,ref         ] GC(307) Skipped PhantomRefsPhase of Reference Processing: no references
[7596.368s][debug][gc,phases      ] GC(307) Reference Processing 0.096ms
[7596.368s][debug][gc,phases      ] GC(307)   VM Weak                        Min: 0.00, Avg: 0.00, Max: 0.01, Diff: 0.01, Sum: 0.01, Workers: 4
[7596.368s][debug][gc,phases      ] GC(307)     Dead                           Min: 0, Avg:  0.0, Max: 0, Diff: 0, Sum: 0, Workers: 4
[7596.368s][debug][gc,phases      ] GC(307)     Total                          Min: 0, Avg: 240.5, Max: 960, Diff: 960, Sum: 962, Workers: 4
[7596.368s][debug][gc,phases      ] GC(307)   ObjectSynchronizer Weak        Min: 0.00, Avg: 0.00, Max: 0.00, Diff: 0.00, Sum: 0.00, Workers: 4
[7596.368s][debug][gc,phases      ] GC(307)     Dead                           Min: 0, Avg:  0.0, Max: 0, Diff: 0, Sum: 0, Workers: 4
[7596.368s][debug][gc,phases      ] GC(307)     Total                          Min: 0, Avg:  2.0, Max: 8, Diff: 8, Sum: 8, Workers: 4
[7596.368s][debug][gc,phases      ] GC(307)   JVMTI Tag Weak OopStorage      Min: 0.00, Avg: 0.00, Max: 0.00, Diff: 0.00, Sum: 0.00, Workers: 4
[7596.368s][debug][gc,phases      ] GC(307)     Dead                           Min: 0, Avg:  0.0, Max: 0, Diff: 0, Sum: 0, Workers: 4
[7596.368s][debug][gc,phases      ] GC(307)     Total                          Min: 0, Avg:  0.0, Max: 0, Diff: 0, Sum: 0, Workers: 4
[7596.368s][debug][gc,phases      ] GC(307)   StringTable Weak               Min: 0.00, Avg: 0.09, Max: 0.13, Diff: 0.13, Sum: 0.38, Workers: 4
[7596.368s][debug][gc,phases      ] GC(307)     Dead                           Min: 0, Avg:  0.0, Max: 0, Diff: 0, Sum: 0, Workers: 4
[7596.368s][debug][gc,phases      ] GC(307)     Total                          Min: 0, Avg: 12843.2, Max: 22526, Diff: 22526, Sum: 51373, Workers: 4
[7596.368s][debug][gc,phases      ] GC(307)   ResolvedMethodTable Weak       Min: 0.00, Avg: 0.03, Max: 0.04, Diff: 0.04, Sum: 0.13, Workers: 4
[7596.368s][debug][gc,phases      ] GC(307)     Dead                           Min: 0, Avg:  5.0, Max: 20, Diff: 20, Sum: 20, Workers: 4
[7596.368s][debug][gc,phases      ] GC(307)     Total                          Min: 0, Avg: 4359.5, Max: 7657, Diff: 7657, Sum: 17438, Workers: 4
[7596.368s][debug][gc,phases      ] GC(307)   JNI Weak                       Min: 0.00, Avg: 0.00, Max: 0.00, Diff: 0.00, Sum: 0.00, Workers: 4
[7596.368s][debug][gc,phases      ] GC(307)     Dead                           Min: 0, Avg:  0.0, Max: 0, Diff: 0, Sum: 0, Workers: 4
[7596.368s][debug][gc,phases      ] GC(307)     Total                          Min: 0, Avg: 13.0, Max: 48, Diff: 48, Sum: 52, Workers: 4
[7596.368s][debug][gc,phases      ] GC(307)   StringDedup Table Weak         Min: 0.00, Avg: 0.00, Max: 0.00, Diff: 0.00, Sum: 0.00, Workers: 4
[7596.368s][debug][gc,phases      ] GC(307)     Dead                           Min: 0, Avg:  0.0, Max: 0, Diff: 0, Sum: 0, Workers: 4
[7596.368s][debug][gc,phases      ] GC(307)     Total                          Min: 0, Avg:  0.0, Max: 0, Diff: 0, Sum: 0, Workers: 4
[7596.368s][debug][gc,phases      ] GC(307)   StringDedup Requests0 Weak     Min: 0.00, Avg: 0.00, Max: 0.00, Diff: 0.00, Sum: 0.00, Workers: 4
[7596.368s][debug][gc,phases      ] GC(307)     Dead                           Min: 0, Avg:  0.0, Max: 0, Diff: 0, Sum: 0, Workers: 4
[7596.368s][debug][gc,phases      ] GC(307)     Total                          Min: 0, Avg:  0.0, Max: 0, Diff: 0, Sum: 0, Workers: 4
[7596.368s][debug][gc,phases      ] GC(307)   StringDedup Requests1 Weak     Min: 0.00, Avg: 0.00, Max: 0.00, Diff: 0.00, Sum: 0.00, Workers: 4
[7596.368s][debug][gc,phases      ] GC(307)     Dead                           Min: 0, Avg:  0.0, Max: 0, Diff: 0, Sum: 0, Workers: 4
[7596.368s][debug][gc,phases      ] GC(307)     Total                          Min: 0, Avg:  0.0, Max: 0, Diff: 0, Sum: 0, Workers: 4
[7596.368s][debug][gc,phases      ] GC(307)   Weak JFR Old Object Samples    Min: 0.00, Avg: 0.00, Max: 0.00, Diff: 0.00, Sum: 0.00, Workers: 4
[7596.368s][debug][gc,phases      ] GC(307)     Dead                           Min: 0, Avg:  0.0, Max: 0, Diff: 0, Sum: 0, Workers: 4
[7596.368s][debug][gc,phases      ] GC(307)     Total                          Min: 0, Avg:  0.0, Max: 0, Diff: 0, Sum: 0, Workers: 4
[7596.368s][debug][gc,phases      ] GC(307) Weak Processing 0.343ms
[7596.368s][debug][gc,age         ] GC(307) Desired survivor size 56623104 bytes, new threshold 1 (max threshold 15)
[7596.368s][info ][gc,heap        ] GC(307) PSYoungGen: 2046401K(2046464K)->41457K(2035200K) Eden: 2009600K(2009600K)->0K(1986560K) From: 36801K(36864K)->41457K(48640K)
[7596.368s][info ][gc,heap        ] GC(307) ParOldGen: 2255412K(2255872K)->2264663K(2265088K)
[7596.368s][info ][gc,metaspace   ] GC(307) Metaspace: 113280K(114624K)->113280K(114624K) NonClass: 96879K(97664K)->96879K(97664K) Class: 16401K(16960K)->16401K(16960K)
[7596.368s][info ][gc             ] GC(307) Pause Young (Allocation Failure) 4200M->2252M(4199M) 23.883ms
[7596.368s][info ][gc,cpu         ] GC(307) User=0.08s Sys=0.01s Real=0.02s
[7596.368s][info ][safepoint      ] Safepoint "ParallelCollectForAllocation", Time since last: 10985154251 ns, Reaching safepoint: 84799 ns, At safepoint: 23958584 ns, Leaving safepoint: 12100 ns, Total: 24055483 ns, Threads: 1 runnable, 38 total
[7607.257s][info ][gc,start       ] GC(308) Pause Young (Allocation Failure)
[7607.283s][debug][gc,phases      ] GC(308) Scavenge 25.786ms
[7607.283s][debug][gc,ref         ] GC(308) ReferenceProcessor::execute queues: 1, RefProcThreadModel::Single, marks_oops_alive: false
[7607.283s][debug][gc,ref         ] GC(308) Skipped KeepAliveFinalRefsPhase of Reference Processing: no references
[7607.283s][debug][gc,ref         ] GC(308) Skipped PhantomRefsPhase of Reference Processing: no references
[7607.283s][debug][gc,phases      ] GC(308) Reference Processing 0.103ms
[7607.283s][debug][gc,phases      ] GC(308)   VM Weak                        Min: 0.00, Avg: 0.00, Max: 0.01, Diff: 0.01, Sum: 0.01, Workers: 4
[7607.283s][debug][gc,phases      ] GC(308)     Dead                           Min: 0, Avg:  0.0, Max: 0, Diff: 0, Sum: 0, Workers: 4
[7607.283s][debug][gc,phases      ] GC(308)     Total                          Min: 0, Avg: 240.5, Max: 514, Diff: 514, Sum: 962, Workers: 4
[7607.283s][debug][gc,phases      ] GC(308)   ObjectSynchronizer Weak        Min: 0.00, Avg: 0.00, Max: 0.00, Diff: 0.00, Sum: 0.00, Workers: 4
[7607.283s][debug][gc,phases      ] GC(308)     Dead                           Min: 0, Avg:  0.0, Max: 0, Diff: 0, Sum: 0, Workers: 4
[7607.283s][debug][gc,phases      ] GC(308)     Total                          Min: 0, Avg:  2.0, Max: 8, Diff: 8, Sum: 8, Workers: 4
[7607.283s][debug][gc,phases      ] GC(308)   JVMTI Tag Weak OopStorage      Min: 0.00, Avg: 0.00, Max: 0.00, Diff: 0.00, Sum: 0.00, Workers: 4
[7607.283s][debug][gc,phases      ] GC(308)     Dead                           Min: 0, Avg:  0.0, Max: 0, Diff: 0, Sum: 0, Workers: 4
[7607.283s][debug][gc,phases      ] GC(308)     Total                          Min: 0, Avg:  0.0, Max: 0, Diff: 0, Sum: 0, Workers: 4
[7607.283s][debug][gc,phases      ] GC(308)   StringTable Weak               Min: 0.00, Avg: 0.09, Max: 0.12, Diff: 0.12, Sum: 0.37, Workers: 4
[7607.283s][debug][gc,phases      ] GC(308)     Dead                           Min: 0, Avg:  0.0, Max: 0, Diff: 0, Sum: 0, Workers: 4
[7607.283s][debug][gc,phases      ] GC(308)     Total                          Min: 0, Avg: 12843.2, Max: 22334, Diff: 22334, Sum: 51373, Workers: 4
[7607.283s][debug][gc,phases      ] GC(308)   ResolvedMethodTable Weak       Min: 0.00, Avg: 0.03, Max: 0.04, Diff: 0.04, Sum: 0.13, Workers: 4
[7607.283s][debug][gc,phases      ] GC(308)     Dead                           Min: 0, Avg:  0.0, Max: 0, Diff: 0, Sum: 0, Workers: 4
[7607.283s][debug][gc,phases      ] GC(308)     Total                          Min: 0, Avg: 4359.5, Max: 7484, Diff: 7484, Sum: 17438, Workers: 4
[7607.283s][debug][gc,phases      ] GC(308)   JNI Weak                       Min: 0.00, Avg: 0.00, Max: 0.00, Diff: 0.00, Sum: 0.00, Workers: 4
[7607.283s][debug][gc,phases      ] GC(308)     Dead                           Min: 0, Avg:  0.0, Max: 0, Diff: 0, Sum: 0, Workers: 4
[7607.283s][debug][gc,phases      ] GC(308)     Total                          Min: 0, Avg: 13.0, Max: 48, Diff: 48, Sum: 52, Workers: 4
[7607.283s][debug][gc,phases      ] GC(308)   StringDedup Table Weak         Min: 0.00, Avg: 0.00, Max: 0.00, Diff: 0.00, Sum: 0.00, Workers: 4
[7607.283s][debug][gc,phases      ] GC(308)     Dead                           Min: 0, Avg:  0.0, Max: 0, Diff: 0, Sum: 0, Workers: 4
[7607.283s][debug][gc,phases      ] GC(308)     Total                          Min: 0, Avg:  0.0, Max: 0, Diff: 0, Sum: 0, Workers: 4
[7607.283s][debug][gc,phases      ] GC(308)   StringDedup Requests0 Weak     Min: 0.00, Avg: 0.00, Max: 0.00, Diff: 0.00, Sum: 0.00, Workers: 4
[7607.283s][debug][gc,phases      ] GC(308)     Dead                           Min: 0, Avg:  0.0, Max: 0, Diff: 0, Sum: 0, Workers: 4
[7607.283s][debug][gc,phases      ] GC(308)     Total                          Min: 0, Avg:  0.0, Max: 0, Diff: 0, Sum: 0, Workers: 4
[7607.283s][debug][gc,phases      ] GC(308)   StringDedup Requests1 Weak     Min: 0.00, Avg: 0.00, Max: 0.00, Diff: 0.00, Sum: 0.00, Workers: 4
[7607.283s][debug][gc,phases      ] GC(308)     Dead                           Min: 0, Avg:  0.0, Max: 0, Diff: 0, Sum: 0, Workers: 4
[7607.283s][debug][gc,phases      ] GC(308)     Total                          Min: 0, Avg:  0.0, Max: 0, Diff: 0, Sum: 0, Workers: 4
[7607.283s][debug][gc,phases      ] GC(308)   Weak JFR Old Object Samples    Min: 0.00, Avg: 0.00, Max: 0.00, Diff: 0.00, Sum: 0.00, Workers: 4
[7607.283s][debug][gc,phases      ] GC(308)     Dead                           Min: 0, Avg:  0.0, Max: 0, Diff: 0, Sum: 0, Workers: 4
[7607.283s][debug][gc,phases      ] GC(308)     Total                          Min: 0, Avg:  0.0, Max: 0, Diff: 0, Sum: 0, Workers: 4
[7607.283s][debug][gc,phases      ] GC(308) Weak Processing 0.373ms
[7607.283s][debug][gc,age         ] GC(308) Desired survivor size 52428800 bytes, new threshold 1 (max threshold 15)
[7607.283s][info ][gc,heap        ] GC(308) PSYoungGen: 2028017K(2035200K)->17904K(2041856K) Eden: 1986560K(1986560K)->0K(1986560K) From: 41457K(48640K)->17904K(55296K)
[7607.283s][info ][gc,heap        ] GC(308) ParOldGen: 2264663K(2265088K)->2304942K(2305024K)
[7607.283s][info ][gc,metaspace   ] GC(308) Metaspace: 113280K(114624K)->113280K(114624K) NonClass: 96879K(97664K)->96879K(97664K) Class: 16401K(16960K)->16401K(16960K)
[7607.283s][info ][gc             ] GC(308) Pause Young (Allocation Failure) 4192M->2268M(4245M) 26.389ms
[7607.283s][info ][gc,cpu         ] GC(308) User=0.08s Sys=0.02s Real=0.03s
[7607.283s][info ][safepoint      ] Safepoint "ParallelCollectForAllocation", Time since last: 10888655511 ns, Reaching safepoint: 25100 ns, At safepoint: 26453866 ns, Leaving safepoint: 10000 ns, Total: 26488966 ns, Threads: 0 runnable, 38 total
[7621.595s][info ][gc,start       ] GC(309) Pause Young (Allocation Failure)
[7621.609s][debug][gc,phases      ] GC(309) Scavenge 13.981ms
[7621.609s][debug][gc,ref         ] GC(309) ReferenceProcessor::execute queues: 1, RefProcThreadModel::Single, marks_oops_alive: false
[7621.609s][debug][gc,ref         ] GC(309) Skipped KeepAliveFinalRefsPhase of Reference Processing: no references
[7621.609s][debug][gc,ref         ] GC(309) Skipped PhantomRefsPhase of Reference Processing: no references
[7621.609s][debug][gc,phases      ] GC(309) Reference Processing 0.097ms
[7621.609s][debug][gc,phases      ] GC(309)   VM Weak                        Min: 0.00, Avg: 0.00, Max: 0.01, Diff: 0.01, Sum: 0.01, Workers: 4
[7621.609s][debug][gc,phases      ] GC(309)     Dead                           Min: 0, Avg:  0.0, Max: 0, Diff: 0, Sum: 0, Workers: 4
[7621.609s][debug][gc,phases      ] GC(309)     Total                          Min: 0, Avg: 240.5, Max: 642, Diff: 642, Sum: 962, Workers: 4
[7621.609s][debug][gc,phases      ] GC(309)   ObjectSynchronizer Weak        Min: 0.00, Avg: 0.00, Max: 0.00, Diff: 0.00, Sum: 0.00, Workers: 4
[7621.609s][debug][gc,phases      ] GC(309)     Dead                           Min: 0, Avg:  0.0, Max: 0, Diff: 0, Sum: 0, Workers: 4
[7621.609s][debug][gc,phases      ] GC(309)     Total                          Min: 0, Avg:  2.0, Max: 8, Diff: 8, Sum: 8, Workers: 4
[7621.609s][debug][gc,phases      ] GC(309)   JVMTI Tag Weak OopStorage      Min: 0.00, Avg: 0.00, Max: 0.00, Diff: 0.00, Sum: 0.00, Workers: 4
[7621.609s][debug][gc,phases      ] GC(309)     Dead                           Min: 0, Avg:  0.0, Max: 0, Diff: 0, Sum: 0, Workers: 4
[7621.609s][debug][gc,phases      ] GC(309)     Total                          Min: 0, Avg:  0.0, Max: 0, Diff: 0, Sum: 0, Workers: 4
[7621.609s][debug][gc,phases      ] GC(309)   StringTable Weak               Min: 0.00, Avg: 0.09, Max: 0.12, Diff: 0.12, Sum: 0.37, Workers: 4
[7621.609s][debug][gc,phases      ] GC(309)     Dead                           Min: 0, Avg:  0.0, Max: 0, Diff: 0, Sum: 0, Workers: 4
[7621.609s][debug][gc,phases      ] GC(309)     Total                          Min: 0, Avg: 12843.2, Max: 22335, Diff: 22335, Sum: 51373, Workers: 4
[7621.609s][debug][gc,phases      ] GC(309)   ResolvedMethodTable Weak       Min: 0.00, Avg: 0.03, Max: 0.04, Diff: 0.04, Sum: 0.13, Workers: 4
[7621.609s][debug][gc,phases      ] GC(309)     Dead                           Min: 0, Avg:  5.0, Max: 20, Diff: 20, Sum: 20, Workers: 4
[7621.609s][debug][gc,phases      ] GC(309)     Total                          Min: 0, Avg: 4359.5, Max: 7549, Diff: 7549, Sum: 17438, Workers: 4
[7621.609s][debug][gc,phases      ] GC(309)   JNI Weak                       Min: 0.00, Avg: 0.00, Max: 0.00, Diff: 0.00, Sum: 0.00, Workers: 4
[7621.609s][debug][gc,phases      ] GC(309)     Dead                           Min: 0, Avg:  0.0, Max: 0, Diff: 0, Sum: 0, Workers: 4
[7621.609s][debug][gc,phases      ] GC(309)     Total                          Min: 0, Avg: 13.0, Max: 48, Diff: 48, Sum: 52, Workers: 4
[7621.609s][debug][gc,phases      ] GC(309)   StringDedup Table Weak         Min: 0.00, Avg: 0.00, Max: 0.00, Diff: 0.00, Sum: 0.00, Workers: 4
[7621.609s][debug][gc,phases      ] GC(309)     Dead                           Min: 0, Avg:  0.0, Max: 0, Diff: 0, Sum: 0, Workers: 4
[7621.609s][debug][gc,phases      ] GC(309)     Total                          Min: 0, Avg:  0.0, Max: 0, Diff: 0, Sum: 0, Workers: 4
[7621.609s][debug][gc,phases      ] GC(309)   StringDedup Requests0 Weak     Min: 0.00, Avg: 0.00, Max: 0.00, Diff: 0.00, Sum: 0.00, Workers: 4
[7621.609s][debug][gc,phases      ] GC(309)     Dead                           Min: 0, Avg:  0.0, Max: 0, Diff: 0, Sum: 0, Workers: 4
[7621.609s][debug][gc,phases      ] GC(309)     Total                          Min: 0, Avg:  0.0, Max: 0, Diff: 0, Sum: 0, Workers: 4
[7621.609s][debug][gc,phases      ] GC(309)   StringDedup Requests1 Weak     Min: 0.00, Avg: 0.00, Max: 0.00, Diff: 0.00, Sum: 0.00, Workers: 4
[7621.609s][debug][gc,phases      ] GC(309)     Dead                           Min: 0, Avg:  0.0, Max: 0, Diff: 0, Sum: 0, Workers: 4
[7621.609s][debug][gc,phases      ] GC(309)     Total                          Min: 0, Avg:  0.0, Max: 0, Diff: 0, Sum: 0, Workers: 4
[7621.609s][debug][gc,phases      ] GC(309)   Weak JFR Old Object Samples    Min: 0.00, Avg: 0.00, Max: 0.00, Diff: 0.00, Sum: 0.00, Workers: 4
[7621.609s][debug][gc,phases      ] GC(309)     Dead                           Min: 0, Avg:  0.0, Max: 0, Diff: 0, Sum: 0, Workers: 4
[7621.609s][debug][gc,phases      ] GC(309)     Total                          Min: 0, Avg:  0.0, Max: 0, Diff: 0, Sum: 0, Workers: 4
[7621.609s][debug][gc,phases      ] GC(309) Weak Processing 0.342ms
[7621.609s][debug][gc,age         ] GC(309) Desired survivor size 51380224 bytes, new threshold 1 (max threshold 15)
[7621.609s][info ][gc,heap        ] GC(309) PSYoungGen: 2004464K(2041856K)->4896K(2046976K) Eden: 1986560K(1986560K)->0K(1995776K) From: 17904K(55296K)->4896K(51200K)
[7621.609s][info ][gc,heap        ] GC(309) ParOldGen: 2304942K(2305024K)->2319511K(2319872K)
[7621.609s][info ][gc,metaspace   ] GC(309) Metaspace: 113283K(114624K)->113283K(114624K) NonClass: 96881K(97664K)->96881K(97664K) Class: 16401K(16960K)->16401K(16960K)
[7621.609s][info ][gc             ] GC(309) Pause Young (Allocation Failure) 4208M->2269M(4264M) 14.555ms
[7621.609s][info ][gc,cpu         ] GC(309) User=0.04s Sys=0.02s Real=0.02s
[7621.609s][info ][safepoint      ] Safepoint "ParallelCollectForAllocation", Time since last: 14311347297 ns, Reaching safepoint: 8800 ns, At safepoint: 14631829 ns, Leaving safepoint: 9300 ns, Total: 14649929 ns, Threads: 0 runnable, 38 total
[7633.514s][info ][gc,start       ] GC(310) Pause Young (Allocation Failure)
[7633.534s][debug][gc,phases      ] GC(310) Scavenge 20.135ms
[7633.534s][debug][gc,ref         ] GC(310) ReferenceProcessor::execute queues: 1, RefProcThreadModel::Single, marks_oops_alive: false
[7633.534s][debug][gc,ref         ] GC(310) Skipped KeepAliveFinalRefsPhase of Reference Processing: no references
[7633.534s][debug][gc,ref         ] GC(310) Skipped PhantomRefsPhase of Reference Processing: no references
[7633.534s][debug][gc,phases      ] GC(310) Reference Processing 0.092ms
[7633.534s][debug][gc,phases      ] GC(310)   VM Weak                        Min: 0.00, Avg: 0.00, Max: 0.01, Diff: 0.01, Sum: 0.01, Workers: 4
[7633.534s][debug][gc,phases      ] GC(310)     Dead                           Min: 0, Avg:  0.0, Max: 0, Diff: 0, Sum: 0, Workers: 4
[7633.534s][debug][gc,phases      ] GC(310)     Total                          Min: 0, Avg: 240.5, Max: 704, Diff: 704, Sum: 962, Workers: 4
[7633.534s][debug][gc,phases      ] GC(310)   ObjectSynchronizer Weak        Min: 0.00, Avg: 0.00, Max: 0.00, Diff: 0.00, Sum: 0.00, Workers: 4
[7633.534s][debug][gc,phases      ] GC(310)     Dead                           Min: 0, Avg:  0.0, Max: 0, Diff: 0, Sum: 0, Workers: 4
[7633.535s][debug][gc,phases      ] GC(310)     Total                          Min: 0, Avg:  1.8, Max: 7, Diff: 7, Sum: 7, Workers: 4
[7633.535s][debug][gc,phases      ] GC(310)   JVMTI Tag Weak OopStorage      Min: 0.00, Avg: 0.00, Max: 0.00, Diff: 0.00, Sum: 0.00, Workers: 4
[7633.535s][debug][gc,phases      ] GC(310)     Dead                           Min: 0, Avg:  0.0, Max: 0, Diff: 0, Sum: 0, Workers: 4
[7633.535s][debug][gc,phases      ] GC(310)     Total                          Min: 0, Avg:  0.0, Max: 0, Diff: 0, Sum: 0, Workers: 4
[7633.535s][debug][gc,phases      ] GC(310)   StringTable Weak               Min: 0.12, Avg: 0.12, Max: 0.12, Diff: 0.00, Sum: 0.48, Workers: 4
[7633.535s][debug][gc,phases      ] GC(310)     Dead                           Min: 0, Avg:  0.0, Max: 0, Diff: 0, Sum: 0, Workers: 4
[7633.535s][debug][gc,phases      ] GC(310)     Total                          Min: 12736, Avg: 12844.0, Max: 12927, Diff: 191, Sum: 51376, Workers: 4
[7633.535s][debug][gc,phases      ] GC(310)   ResolvedMethodTable Weak       Min: 0.04, Avg: 0.04, Max: 0.04, Diff: 0.00, Sum: 0.15, Workers: 4
[7633.535s][debug][gc,phases      ] GC(310)     Dead                           Min: 0, Avg:  0.0, Max: 0, Diff: 0, Sum: 0, Workers: 4
[7633.535s][debug][gc,phases      ] GC(310)     Total                          Min: 4282, Avg: 4359.5, Max: 4415, Diff: 133, Sum: 17438, Workers: 4
[7633.535s][debug][gc,phases      ] GC(310)   JNI Weak                       Min: 0.00, Avg: 0.00, Max: 0.00, Diff: 0.00, Sum: 0.00, Workers: 4
[7633.535s][debug][gc,phases      ] GC(310)     Dead                           Min: 0, Avg:  0.0, Max: 0, Diff: 0, Sum: 0, Workers: 4
[7633.535s][debug][gc,phases      ] GC(310)     Total                          Min: 0, Avg: 13.2, Max: 48, Diff: 48, Sum: 53, Workers: 4
[7633.535s][debug][gc,phases      ] GC(310)   StringDedup Table Weak         Min: 0.00, Avg: 0.00, Max: 0.00, Diff: 0.00, Sum: 0.00, Workers: 4
[7633.535s][debug][gc,phases      ] GC(310)     Dead                           Min: 0, Avg:  0.0, Max: 0, Diff: 0, Sum: 0, Workers: 4
[7633.535s][debug][gc,phases      ] GC(310)     Total                          Min: 0, Avg:  0.0, Max: 0, Diff: 0, Sum: 0, Workers: 4
[7633.535s][debug][gc,phases      ] GC(310)   StringDedup Requests0 Weak     Min: 0.00, Avg: 0.00, Max: 0.00, Diff: 0.00, Sum: 0.00, Workers: 4
[7633.535s][debug][gc,phases      ] GC(310)     Dead                           Min: 0, Avg:  0.0, Max: 0, Diff: 0, Sum: 0, Workers: 4
[7633.535s][debug][gc,phases      ] GC(310)     Total                          Min: 0, Avg:  0.0, Max: 0, Diff: 0, Sum: 0, Workers: 4
[7633.535s][debug][gc,phases      ] GC(310)   StringDedup Requests1 Weak     Min: 0.00, Avg: 0.00, Max: 0.00, Diff: 0.00, Sum: 0.00, Workers: 4
[7633.535s][debug][gc,phases      ] GC(310)     Dead                           Min: 0, Avg:  0.0, Max: 0, Diff: 0, Sum: 0, Workers: 4
[7633.535s][debug][gc,phases      ] GC(310)     Total                          Min: 0, Avg:  0.0, Max: 0, Diff: 0, Sum: 0, Workers: 4
[7633.535s][debug][gc,phases      ] GC(310)   Weak JFR Old Object Samples    Min: 0.00, Avg: 0.00, Max: 0.00, Diff: 0.00, Sum: 0.00, Workers: 4
[7633.535s][debug][gc,phases      ] GC(310)     Dead                           Min: 0, Avg:  0.0, Max: 0, Diff: 0, Sum: 0, Workers: 4
[7633.535s][debug][gc,phases      ] GC(310)     Total                          Min: 0, Avg:  0.0, Max: 0, Diff: 0, Sum: 0, Workers: 4
[7633.535s][debug][gc,phases      ] GC(310) Weak Processing 0.366ms
[7633.535s][debug][gc,age         ] GC(310) Desired survivor size 59768832 bytes, new threshold 1 (max threshold 15)
[7633.535s][info ][gc,heap        ] GC(310) PSYoungGen: 2000672K(2046976K)->46980K(2042880K) Eden: 1995776K(1995776K)->0K(1995776K) From: 4896K(51200K)->46980K(47104K)
[7633.535s][info ][gc,heap        ] GC(310) ParOldGen: 2319511K(2319872K)->2321159K(2321408K)
[7633.535s][info ][gc,metaspace   ] GC(310) Metaspace: 113285K(114624K)->113285K(114624K) NonClass: 96884K(97664K)->96884K(97664K) Class: 16401K(16960K)->16401K(16960K)
[7633.535s][info ][gc             ] GC(310) Pause Young (Allocation Failure) 4218M->2312M(4262M) 20.709ms
[7633.535s][info ][gc,cpu         ] GC(310) User=0.07s Sys=0.01s Real=0.02s
[7633.535s][info ][safepoint      ] Safepoint "ParallelCollectForAllocation", Time since last: 11904701576 ns, Reaching safepoint: 83400 ns, At safepoint: 20770598 ns, Leaving safepoint: 11600 ns, Total: 20865598 ns, Threads: 1 runnable, 39 total
[7648.402s][info ][gc,start       ] GC(311) Pause Young (Allocation Failure)
[7648.434s][debug][gc,phases      ] GC(311) Scavenge 31.788ms
[7648.434s][debug][gc,ref         ] GC(311) Skipped SoftWeakFinalRefsPhase of Reference Processing: no references
[7648.434s][debug][gc,ref         ] GC(311) Skipped KeepAliveFinalRefsPhase of Reference Processing: no references
[7648.434s][debug][gc,ref         ] GC(311) Skipped PhantomRefsPhase of Reference Processing: no references
[7648.434s][debug][gc,phases      ] GC(311) Reference Processing 0.023ms
[7648.434s][debug][gc,phases      ] GC(311)   VM Weak                        Min: 0.00, Avg: 0.00, Max: 0.01, Diff: 0.01, Sum: 0.01, Workers: 4
[7648.434s][debug][gc,phases      ] GC(311)     Dead                           Min: 0, Avg:  0.0, Max: 0, Diff: 0, Sum: 0, Workers: 4
[7648.434s][debug][gc,phases      ] GC(311)     Total                          Min: 0, Avg: 240.5, Max: 512, Diff: 512, Sum: 962, Workers: 4
[7648.434s][debug][gc,phases      ] GC(311)   ObjectSynchronizer Weak        Min: 0.00, Avg: 0.00, Max: 0.00, Diff: 0.00, Sum: 0.00, Workers: 4
[7648.434s][debug][gc,phases      ] GC(311)     Dead                           Min: 0, Avg:  0.0, Max: 0, Diff: 0, Sum: 0, Workers: 4
[7648.434s][debug][gc,phases      ] GC(311)     Total                          Min: 0, Avg:  1.8, Max: 7, Diff: 7, Sum: 7, Workers: 4
[7648.434s][debug][gc,phases      ] GC(311)   JVMTI Tag Weak OopStorage      Min: 0.00, Avg: 0.00, Max: 0.00, Diff: 0.00, Sum: 0.00, Workers: 4
[7648.434s][debug][gc,phases      ] GC(311)     Dead                           Min: 0, Avg:  0.0, Max: 0, Diff: 0, Sum: 0, Workers: 4
[7648.434s][debug][gc,phases      ] GC(311)     Total                          Min: 0, Avg:  0.0, Max: 0, Diff: 0, Sum: 0, Workers: 4
[7648.434s][debug][gc,phases      ] GC(311)   StringTable Weak               Min: 0.00, Avg: 0.09, Max: 0.13, Diff: 0.13, Sum: 0.38, Workers: 4
[7648.434s][debug][gc,phases      ] GC(311)     Dead                           Min: 0, Avg:  0.0, Max: 0, Diff: 0, Sum: 0, Workers: 4
[7648.434s][debug][gc,phases      ] GC(311)     Total                          Min: 0, Avg: 12844.5, Max: 21951, Diff: 21951, Sum: 51378, Workers: 4
[7648.434s][debug][gc,phases      ] GC(311)   ResolvedMethodTable Weak       Min: 0.00, Avg: 0.04, Max: 0.05, Diff: 0.05, Sum: 0.16, Workers: 4
[7648.434s][debug][gc,phases      ] GC(311)     Dead                           Min: 0, Avg:  5.0, Max: 20, Diff: 20, Sum: 20, Workers: 4
[7648.434s][debug][gc,phases      ] GC(311)     Total                          Min: 0, Avg: 4359.5, Max: 6181, Diff: 6181, Sum: 17438, Workers: 4
[7648.434s][debug][gc,phases      ] GC(311)   JNI Weak                       Min: 0.00, Avg: 0.00, Max: 0.00, Diff: 0.00, Sum: 0.00, Workers: 4
[7648.434s][debug][gc,phases      ] GC(311)     Dead                           Min: 0, Avg:  0.0, Max: 0, Diff: 0, Sum: 0, Workers: 4
[7648.434s][debug][gc,phases      ] GC(311)     Total                          Min: 0, Avg: 13.0, Max: 48, Diff: 48, Sum: 52, Workers: 4
[7648.434s][debug][gc,phases      ] GC(311)   StringDedup Table Weak         Min: 0.00, Avg: 0.00, Max: 0.00, Diff: 0.00, Sum: 0.00, Workers: 4
[7648.434s][debug][gc,phases      ] GC(311)     Dead                           Min: 0, Avg:  0.0, Max: 0, Diff: 0, Sum: 0, Workers: 4
[7648.434s][debug][gc,phases      ] GC(311)     Total                          Min: 0, Avg:  0.0, Max: 0, Diff: 0, Sum: 0, Workers: 4
[7648.434s][debug][gc,phases      ] GC(311)   StringDedup Requests0 Weak     Min: 0.00, Avg: 0.00, Max: 0.00, Diff: 0.00, Sum: 0.00, Workers: 4
[7648.434s][debug][gc,phases      ] GC(311)     Dead                           Min: 0, Avg:  0.0, Max: 0, Diff: 0, Sum: 0, Workers: 4
[7648.434s][debug][gc,phases      ] GC(311)     Total                          Min: 0, Avg:  0.0, Max: 0, Diff: 0, Sum: 0, Workers: 4
[7648.434s][debug][gc,phases      ] GC(311)   StringDedup Requests1 Weak     Min: 0.00, Avg: 0.00, Max: 0.00, Diff: 0.00, Sum: 0.00, Workers: 4
[7648.434s][debug][gc,phases      ] GC(311)     Dead                           Min: 0, Avg:  0.0, Max: 0, Diff: 0, Sum: 0, Workers: 4
[7648.434s][debug][gc,phases      ] GC(311)     Total                          Min: 0, Avg:  0.0, Max: 0, Diff: 0, Sum: 0, Workers: 4
[7648.434s][debug][gc,phases      ] GC(311)   Weak JFR Old Object Samples    Min: 0.00, Avg: 0.00, Max: 0.00, Diff: 0.00, Sum: 0.00, Workers: 4
[7648.434s][debug][gc,phases      ] GC(311)     Dead                           Min: 0, Avg:  0.0, Max: 0, Diff: 0, Sum: 0, Workers: 4
[7648.434s][debug][gc,phases      ] GC(311)     Total                          Min: 0, Avg:  0.0, Max: 0, Diff: 0, Sum: 0, Workers: 4
[7648.434s][debug][gc,phases      ] GC(311) Weak Processing 0.397ms
[7648.434s][debug][gc,age         ] GC(311) Desired survivor size 62390272 bytes, new threshold 1 (max threshold 15)
[7648.434s][info ][gc,heap        ] GC(311) PSYoungGen: 2042756K(2042880K)->37729K(2029568K) Eden: 1995776K(1995776K)->0K(1975296K) From: 46980K(47104K)->37729K(54272K)
[7648.434s][info ][gc,heap        ] GC(311) ParOldGen: 2321159K(2321408K)->2364049K(2364416K)
[7648.434s][info ][gc,metaspace   ] GC(311) Metaspace: 113285K(114624K)->113285K(114624K) NonClass: 96884K(97664K)->96884K(97664K) Class: 16401K(16960K)->16401K(16960K)
[7648.434s][info ][gc             ] GC(311) Pause Young (Allocation Failure) 4261M->2345M(4291M) 32.333ms
[7648.434s][info ][gc,cpu         ] GC(311) User=0.09s Sys=0.03s Real=0.03s
[7648.434s][info ][safepoint      ] Safepoint "ParallelCollectForAllocation", Time since last: 14867259192 ns, Reaching safepoint: 27700 ns, At safepoint: 32399442 ns, Leaving safepoint: 8800 ns, Total: 32435942 ns, Threads: 0 runnable, 39 total
[7668.191s][info ][gc,start       ] GC(312) Pause Young (Allocation Failure)
[7668.217s][debug][gc,phases      ] GC(312) Scavenge 26.403ms
[7668.217s][debug][gc,ref         ] GC(312) Skipped SoftWeakFinalRefsPhase of Reference Processing: no references
[7668.218s][debug][gc,ref         ] GC(312) Skipped KeepAliveFinalRefsPhase of Reference Processing: no references
[7668.218s][debug][gc,ref         ] GC(312) Skipped PhantomRefsPhase of Reference Processing: no references
[7668.218s][debug][gc,phases      ] GC(312) Reference Processing 0.019ms
[7668.218s][debug][gc,phases      ] GC(312)   VM Weak                        Min: 0.00, Avg: 0.00, Max: 0.01, Diff: 0.01, Sum: 0.01, Workers: 4
[7668.218s][debug][gc,phases      ] GC(312)     Dead                           Min: 0, Avg:  0.0, Max: 0, Diff: 0, Sum: 0, Workers: 4
[7668.218s][debug][gc,phases      ] GC(312)     Total                          Min: 0, Avg: 240.5, Max: 962, Diff: 962, Sum: 962, Workers: 4
[7668.218s][debug][gc,phases      ] GC(312)   ObjectSynchronizer Weak        Min: 0.00, Avg: 0.00, Max: 0.00, Diff: 0.00, Sum: 0.00, Workers: 4
[7668.218s][debug][gc,phases      ] GC(312)     Dead                           Min: 0, Avg:  0.0, Max: 0, Diff: 0, Sum: 0, Workers: 4
[7668.218s][debug][gc,phases      ] GC(312)     Total                          Min: 0, Avg:  1.8, Max: 7, Diff: 7, Sum: 7, Workers: 4
[7668.218s][debug][gc,phases      ] GC(312)   JVMTI Tag Weak OopStorage      Min: 0.00, Avg: 0.00, Max: 0.00, Diff: 0.00, Sum: 0.00, Workers: 4
[7668.218s][debug][gc,phases      ] GC(312)     Dead                           Min: 0, Avg:  0.0, Max: 0, Diff: 0, Sum: 0, Workers: 4
[7668.218s][debug][gc,phases      ] GC(312)     Total                          Min: 0, Avg:  0.0, Max: 0, Diff: 0, Sum: 0, Workers: 4
[7668.218s][debug][gc,phases      ] GC(312)   StringTable Weak               Min: 0.00, Avg: 0.10, Max: 0.14, Diff: 0.14, Sum: 0.40, Workers: 4
[7668.218s][debug][gc,phases      ] GC(312)     Dead                           Min: 0, Avg:  0.0, Max: 0, Diff: 0, Sum: 0, Workers: 4
[7668.218s][debug][gc,phases      ] GC(312)     Total                          Min: 0, Avg: 12844.8, Max: 20468, Diff: 20468, Sum: 51379, Workers: 4
[7668.218s][debug][gc,phases      ] GC(312)   ResolvedMethodTable Weak       Min: 0.00, Avg: 0.03, Max: 0.04, Diff: 0.04, Sum: 0.13, Workers: 4
[7668.218s][debug][gc,phases      ] GC(312)     Dead                           Min: 0, Avg:  5.0, Max: 20, Diff: 20, Sum: 20, Workers: 4
[7668.218s][debug][gc,phases      ] GC(312)     Total                          Min: 0, Avg: 4359.5, Max: 7736, Diff: 7736, Sum: 17438, Workers: 4
[7668.218s][debug][gc,phases      ] GC(312)   JNI Weak                       Min: 0.00, Avg: 0.00, Max: 0.00, Diff: 0.00, Sum: 0.00, Workers: 4
[7668.218s][debug][gc,phases      ] GC(312)     Dead                           Min: 0, Avg:  0.0, Max: 0, Diff: 0, Sum: 0, Workers: 4
[7668.218s][debug][gc,phases      ] GC(312)     Total                          Min: 0, Avg: 13.0, Max: 48, Diff: 48, Sum: 52, Workers: 4
[7668.218s][debug][gc,phases      ] GC(312)   StringDedup Table Weak         Min: 0.00, Avg: 0.00, Max: 0.00, Diff: 0.00, Sum: 0.00, Workers: 4
[7668.218s][debug][gc,phases      ] GC(312)     Dead                           Min: 0, Avg:  0.0, Max: 0, Diff: 0, Sum: 0, Workers: 4
[7668.218s][debug][gc,phases      ] GC(312)     Total                          Min: 0, Avg:  0.0, Max: 0, Diff: 0, Sum: 0, Workers: 4
[7668.218s][debug][gc,phases      ] GC(312)   StringDedup Requests0 Weak     Min: 0.00, Avg: 0.00, Max: 0.00, Diff: 0.00, Sum: 0.00, Workers: 4
[7668.218s][debug][gc,phases      ] GC(312)     Dead                           Min: 0, Avg:  0.0, Max: 0, Diff: 0, Sum: 0, Workers: 4
[7668.218s][debug][gc,phases      ] GC(312)     Total                          Min: 0, Avg:  0.0, Max: 0, Diff: 0, Sum: 0, Workers: 4
[7668.218s][debug][gc,phases      ] GC(312)   StringDedup Requests1 Weak     Min: 0.00, Avg: 0.00, Max: 0.00, Diff: 0.00, Sum: 0.00, Workers: 4
[7668.218s][debug][gc,phases      ] GC(312)     Dead                           Min: 0, Avg:  0.0, Max: 0, Diff: 0, Sum: 0, Workers: 4
[7668.218s][debug][gc,phases      ] GC(312)     Total                          Min: 0, Avg:  0.0, Max: 0, Diff: 0, Sum: 0, Workers: 4
[7668.218s][debug][gc,phases      ] GC(312)   Weak JFR Old Object Samples    Min: 0.00, Avg: 0.00, Max: 0.00, Diff: 0.00, Sum: 0.00, Workers: 4
[7668.218s][debug][gc,phases      ] GC(312)     Dead                           Min: 0, Avg:  0.0, Max: 0, Diff: 0, Sum: 0, Workers: 4
[7668.218s][debug][gc,phases      ] GC(312)     Total                          Min: 0, Avg:  0.0, Max: 0, Diff: 0, Sum: 0, Workers: 4
[7668.218s][debug][gc,phases      ] GC(312) Weak Processing 0.353ms
[7668.218s][debug][gc,age         ] GC(312) Desired survivor size 61341696 bytes, new threshold 1 (max threshold 15)
[7668.218s][info ][gc,heap        ] GC(312) PSYoungGen: 2013025K(2029568K)->29057K(2036224K) Eden: 1975296K(1975296K)->0K(1975296K) From: 37729K(54272K)->29057K(60928K)
[7668.218s][info ][gc,heap        ] GC(312) ParOldGen: 2364049K(2364416K)->2396303K(2396672K)
[7668.218s][info ][gc,metaspace   ] GC(312) Metaspace: 113294K(114624K)->113294K(114624K) NonClass: 96892K(97664K)->96892K(97664K) Class: 16402K(16960K)->16402K(16960K)
[7668.218s][info ][gc             ] GC(312) Pause Young (Allocation Failure) 4274M->2368M(4329M) 26.898ms
[7668.218s][info ][gc,cpu         ] GC(312) User=0.07s Sys=0.02s Real=0.02s
[7668.218s][info ][safepoint      ] Safepoint "ParallelCollectForAllocation", Time since last: 19756507006 ns, Reaching safepoint: 78799 ns, At safepoint: 26963070 ns, Leaving safepoint: 12500 ns, Total: 27054369 ns, Threads: 1 runnable, 39 total
[7691.390s][info ][gc,start       ] GC(313) Pause Young (Allocation Failure)
[7691.410s][debug][gc,phases      ] GC(313) Scavenge 19.857ms
[7691.410s][debug][gc,ref         ] GC(313) ReferenceProcessor::execute queues: 1, RefProcThreadModel::Single, marks_oops_alive: false
[7691.410s][debug][gc,ref         ] GC(313) Skipped KeepAliveFinalRefsPhase of Reference Processing: no references
[7691.410s][debug][gc,ref         ] GC(313) ReferenceProcessor::execute queues: 1, RefProcThreadModel::Single, marks_oops_alive: false
[7691.410s][debug][gc,phases      ] GC(313) Reference Processing 0.113ms
[7691.411s][debug][gc,phases      ] GC(313)   VM Weak                        Min: 0.00, Avg: 0.00, Max: 0.01, Diff: 0.01, Sum: 0.01, Workers: 4
[7691.411s][debug][gc,phases      ] GC(313)     Dead                           Min: 0, Avg:  0.0, Max: 0, Diff: 0, Sum: 0, Workers: 4
[7691.411s][debug][gc,phases      ] GC(313)     Total                          Min: 0, Avg: 243.0, Max: 908, Diff: 908, Sum: 972, Workers: 4
[7691.411s][debug][gc,phases      ] GC(313)   ObjectSynchronizer Weak        Min: 0.00, Avg: 0.00, Max: 0.00, Diff: 0.00, Sum: 0.00, Workers: 4
[7691.411s][debug][gc,phases      ] GC(313)     Dead                           Min: 0, Avg:  0.0, Max: 0, Diff: 0, Sum: 0, Workers: 4
[7691.411s][debug][gc,phases      ] GC(313)     Total                          Min: 0, Avg:  1.8, Max: 7, Diff: 7, Sum: 7, Workers: 4
[7691.411s][debug][gc,phases      ] GC(313)   JVMTI Tag Weak OopStorage      Min: 0.00, Avg: 0.00, Max: 0.00, Diff: 0.00, Sum: 0.00, Workers: 4
[7691.411s][debug][gc,phases      ] GC(313)     Dead                           Min: 0, Avg:  0.0, Max: 0, Diff: 0, Sum: 0, Workers: 4
[7691.411s][debug][gc,phases      ] GC(313)     Total                          Min: 0, Avg:  0.0, Max: 0, Diff: 0, Sum: 0, Workers: 4
[7691.411s][debug][gc,phases      ] GC(313)   StringTable Weak               Min: 0.00, Avg: 0.10, Max: 0.13, Diff: 0.13, Sum: 0.40, Workers: 4
[7691.411s][debug][gc,phases      ] GC(313)     Dead                           Min: 0, Avg:  1.5, Max: 3, Diff: 3, Sum: 6, Workers: 4
[7691.411s][debug][gc,phases      ] GC(313)     Total                          Min: 0, Avg: 12902.5, Max: 22400, Diff: 22400, Sum: 51610, Workers: 4
[7691.411s][debug][gc,phases      ] GC(313)   ResolvedMethodTable Weak       Min: 0.00, Avg: 0.03, Max: 0.04, Diff: 0.04, Sum: 0.13, Workers: 4
[7691.411s][debug][gc,phases      ] GC(313)     Dead                           Min: 0, Avg: 17.8, Max: 52, Diff: 52, Sum: 71, Workers: 4
[7691.411s][debug][gc,phases      ] GC(313)     Total                          Min: 0, Avg: 4404.8, Max: 7655, Diff: 7655, Sum: 17619, Workers: 4
[7691.411s][debug][gc,phases      ] GC(313)   JNI Weak                       Min: 0.00, Avg: 0.00, Max: 0.00, Diff: 0.00, Sum: 0.00, Workers: 4
[7691.411s][debug][gc,phases      ] GC(313)     Dead                           Min: 0, Avg:  0.0, Max: 0, Diff: 0, Sum: 0, Workers: 4
[7691.411s][debug][gc,phases      ] GC(313)     Total                          Min: 0, Avg: 13.0, Max: 52, Diff: 52, Sum: 52, Workers: 4
[7691.411s][debug][gc,phases      ] GC(313)   StringDedup Table Weak         Min: 0.00, Avg: 0.00, Max: 0.00, Diff: 0.00, Sum: 0.00, Workers: 4
[7691.411s][debug][gc,phases      ] GC(313)     Dead                           Min: 0, Avg:  0.0, Max: 0, Diff: 0, Sum: 0, Workers: 4
[7691.411s][debug][gc,phases      ] GC(313)     Total                          Min: 0, Avg:  0.0, Max: 0, Diff: 0, Sum: 0, Workers: 4
[7691.411s][debug][gc,phases      ] GC(313)   StringDedup Requests0 Weak     Min: 0.00, Avg: 0.00, Max: 0.00, Diff: 0.00, Sum: 0.00, Workers: 4
[7691.411s][debug][gc,phases      ] GC(313)     Dead                           Min: 0, Avg:  0.0, Max: 0, Diff: 0, Sum: 0, Workers: 4
[7691.411s][debug][gc,phases      ] GC(313)     Total                          Min: 0, Avg:  0.0, Max: 0, Diff: 0, Sum: 0, Workers: 4
[7691.411s][debug][gc,phases      ] GC(313)   StringDedup Requests1 Weak     Min: 0.00, Avg: 0.00, Max: 0.00, Diff: 0.00, Sum: 0.00, Workers: 4
[7691.411s][debug][gc,phases      ] GC(313)     Dead                           Min: 0, Avg:  0.0, Max: 0, Diff: 0, Sum: 0, Workers: 4
[7691.411s][debug][gc,phases      ] GC(313)     Total                          Min: 0, Avg:  0.0, Max: 0, Diff: 0, Sum: 0, Workers: 4
[7691.411s][debug][gc,phases      ] GC(313)   Weak JFR Old Object Samples    Min: 0.00, Avg: 0.00, Max: 0.00, Diff: 0.00, Sum: 0.00, Workers: 4
[7691.411s][debug][gc,phases      ] GC(313)     Dead                           Min: 0, Avg:  0.0, Max: 0, Diff: 0, Sum: 0, Workers: 4
[7691.411s][debug][gc,phases      ] GC(313)     Total                          Min: 0, Avg:  0.0, Max: 0, Diff: 0, Sum: 0, Workers: 4
[7691.411s][debug][gc,phases      ] GC(313) Weak Processing 0.376ms
[7691.411s][debug][gc,age         ] GC(313) Desired survivor size 58720256 bytes, new threshold 1 (max threshold 15)
[7691.411s][info ][gc,heap        ] GC(313) PSYoungGen: 2004353K(2036224K)->15446K(2039808K) Eden: 1975296K(1975296K)->0K(1979904K) From: 29057K(60928K)->15446K(59904K)
[7691.411s][info ][gc,heap        ] GC(313) ParOldGen: 2396303K(2396672K)->2421469K(2421760K)
[7691.411s][info ][gc,metaspace   ] GC(313) Metaspace: 114040K(115392K)->114040K(115392K) NonClass: 97531K(98304K)->97531K(98304K) Class: 16509K(17088K)->16509K(17088K)
[7691.411s][info ][gc             ] GC(313) Pause Young (Allocation Failure) 4297M->2379M(4357M) 20.474ms
[7691.411s][info ][gc,cpu         ] GC(313) User=0.06s Sys=0.01s Real=0.02s
[7691.411s][info ][safepoint      ] Safepoint "ParallelCollectForAllocation", Time since last: 23172348025 ns, Reaching safepoint: 27300 ns, At safepoint: 20540201 ns, Leaving safepoint: 8500 ns, Total: 20576001 ns, Threads: 0 runnable, 39 total
[7719.154s][info ][gc,start       ] GC(314) Pause Young (Allocation Failure)
[7719.165s][debug][gc,phases      ] GC(314) Scavenge 10.983ms
[7719.165s][debug][gc,ref         ] GC(314) Skipped SoftWeakFinalRefsPhase of Reference Processing: no references
[7719.165s][debug][gc,ref         ] GC(314) Skipped KeepAliveFinalRefsPhase of Reference Processing: no references
[7719.165s][debug][gc,ref         ] GC(314) Skipped PhantomRefsPhase of Reference Processing: no references
[7719.165s][debug][gc,phases      ] GC(314) Reference Processing 0.019ms
[7719.165s][debug][gc,phases      ] GC(314)   VM Weak                        Min: 0.00, Avg: 0.00, Max: 0.01, Diff: 0.01, Sum: 0.01, Workers: 4
[7719.165s][debug][gc,phases      ] GC(314)     Dead                           Min: 0, Avg:  0.0, Max: 0, Diff: 0, Sum: 0, Workers: 4
[7719.165s][debug][gc,phases      ] GC(314)     Total                          Min: 0, Avg: 243.0, Max: 768, Diff: 768, Sum: 972, Workers: 4
[7719.165s][debug][gc,phases      ] GC(314)   ObjectSynchronizer Weak        Min: 0.00, Avg: 0.00, Max: 0.00, Diff: 0.00, Sum: 0.00, Workers: 4
[7719.165s][debug][gc,phases      ] GC(314)     Dead                           Min: 0, Avg:  0.0, Max: 0, Diff: 0, Sum: 0, Workers: 4
[7719.165s][debug][gc,phases      ] GC(314)     Total                          Min: 0, Avg:  1.8, Max: 7, Diff: 7, Sum: 7, Workers: 4
[7719.165s][debug][gc,phases      ] GC(314)   JVMTI Tag Weak OopStorage      Min: 0.00, Avg: 0.00, Max: 0.00, Diff: 0.00, Sum: 0.00, Workers: 4
[7719.165s][debug][gc,phases      ] GC(314)     Dead                           Min: 0, Avg:  0.0, Max: 0, Diff: 0, Sum: 0, Workers: 4
[7719.165s][debug][gc,phases      ] GC(314)     Total                          Min: 0, Avg:  0.0, Max: 0, Diff: 0, Sum: 0, Workers: 4
[7719.165s][debug][gc,phases      ] GC(314)   StringTable Weak               Min: 0.00, Avg: 0.09, Max: 0.12, Diff: 0.12, Sum: 0.37, Workers: 4
[7719.165s][debug][gc,phases      ] GC(314)     Dead                           Min: 0, Avg:  0.0, Max: 0, Diff: 0, Sum: 0, Workers: 4
[7719.165s][debug][gc,phases      ] GC(314)     Total                          Min: 0, Avg: 12902.5, Max: 22042, Diff: 22042, Sum: 51610, Workers: 4
[7719.165s][debug][gc,phases      ] GC(314)   ResolvedMethodTable Weak       Min: 0.00, Avg: 0.03, Max: 0.04, Diff: 0.04, Sum: 0.13, Workers: 4
[7719.165s][debug][gc,phases      ] GC(314)     Dead                           Min: 0, Avg:  5.0, Max: 20, Diff: 20, Sum: 20, Workers: 4
[7719.165s][debug][gc,phases      ] GC(314)     Total                          Min: 0, Avg: 4404.8, Max: 7591, Diff: 7591, Sum: 17619, Workers: 4
[7719.165s][debug][gc,phases      ] GC(314)   JNI Weak                       Min: 0.00, Avg: 0.00, Max: 0.00, Diff: 0.00, Sum: 0.00, Workers: 4
[7719.165s][debug][gc,phases      ] GC(314)     Dead                           Min: 0, Avg:  0.0, Max: 0, Diff: 0, Sum: 0, Workers: 4
[7719.165s][debug][gc,phases      ] GC(314)     Total                          Min: 0, Avg: 13.0, Max: 48, Diff: 48, Sum: 52, Workers: 4
[7719.165s][debug][gc,phases      ] GC(314)   StringDedup Table Weak         Min: 0.00, Avg: 0.00, Max: 0.00, Diff: 0.00, Sum: 0.00, Workers: 4
[7719.165s][debug][gc,phases      ] GC(314)     Dead                           Min: 0, Avg:  0.0, Max: 0, Diff: 0, Sum: 0, Workers: 4
[7719.165s][debug][gc,phases      ] GC(314)     Total                          Min: 0, Avg:  0.0, Max: 0, Diff: 0, Sum: 0, Workers: 4
[7719.165s][debug][gc,phases      ] GC(314)   StringDedup Requests0 Weak     Min: 0.00, Avg: 0.00, Max: 0.00, Diff: 0.00, Sum: 0.00, Workers: 4
[7719.165s][debug][gc,phases      ] GC(314)     Dead                           Min: 0, Avg:  0.0, Max: 0, Diff: 0, Sum: 0, Workers: 4
[7719.165s][debug][gc,phases      ] GC(314)     Total                          Min: 0, Avg:  0.0, Max: 0, Diff: 0, Sum: 0, Workers: 4
[7719.165s][debug][gc,phases      ] GC(314)   StringDedup Requests1 Weak     Min: 0.00, Avg: 0.00, Max: 0.00, Diff: 0.00, Sum: 0.00, Workers: 4
[7719.165s][debug][gc,phases      ] GC(314)     Dead                           Min: 0, Avg:  0.0, Max: 0, Diff: 0, Sum: 0, Workers: 4
[7719.165s][debug][gc,phases      ] GC(314)     Total                          Min: 0, Avg:  0.0, Max: 0, Diff: 0, Sum: 0, Workers: 4
[7719.165s][debug][gc,phases      ] GC(314)   Weak JFR Old Object Samples    Min: 0.00, Avg: 0.00, Max: 0.00, Diff: 0.00, Sum: 0.00, Workers: 4
[7719.165s][debug][gc,phases      ] GC(314)     Dead                           Min: 0, Avg:  0.0, Max: 0, Diff: 0, Sum: 0, Workers: 4
[7719.165s][debug][gc,phases      ] GC(314)     Total                          Min: 0, Avg:  0.0, Max: 0, Diff: 0, Sum: 0, Workers: 4
[7719.165s][debug][gc,phases      ] GC(314) Weak Processing 0.358ms
[7719.165s][debug][gc,age         ] GC(314) Desired survivor size 57671680 bytes, new threshold 1 (max threshold 15)
[7719.165s][info ][gc,heap        ] GC(314) PSYoungGen: 1995350K(2039808K)->6096K(2037248K) Eden: 1979904K(1979904K)->0K(1979904K) From: 15446K(59904K)->6096K(57344K)
[7719.165s][info ][gc,heap        ] GC(314) ParOldGen: 2421469K(2421760K)->2433388K(2433536K)
[7719.165s][info ][gc,metaspace   ] GC(314) Metaspace: 114040K(115392K)->114040K(115392K) NonClass: 97531K(98304K)->97531K(98304K) Class: 16509K(17088K)->16509K(17088K)
[7719.165s][info ][gc             ] GC(314) Pause Young (Allocation Failure) 4313M->2382M(4366M) 11.462ms
[7719.165s][info ][gc,cpu         ] GC(314) User=0.04s Sys=0.01s Real=0.01s
[7719.165s][info ][safepoint      ] Safepoint "ParallelCollectForAllocation", Time since last: 27743017282 ns, Reaching safepoint: 29800 ns, At safepoint: 11529544 ns, Leaving safepoint: 2800 ns, Total: 11562144 ns, Threads: 0 runnable, 39 total
[7746.148s][info ][gc,start       ] GC(315) Pause Young (Allocation Failure)
[7746.158s][debug][gc,phases      ] GC(315) Scavenge 9.361ms
[7746.158s][debug][gc,ref         ] GC(315) Skipped SoftWeakFinalRefsPhase of Reference Processing: no references
[7746.158s][debug][gc,ref         ] GC(315) Skipped KeepAliveFinalRefsPhase of Reference Processing: no references
[7746.158s][debug][gc,ref         ] GC(315) Skipped PhantomRefsPhase of Reference Processing: no references
[7746.158s][debug][gc,phases      ] GC(315) Reference Processing 0.022ms
[7746.158s][debug][gc,phases      ] GC(315)   VM Weak                        Min: 0.00, Avg: 0.00, Max: 0.01, Diff: 0.01, Sum: 0.01, Workers: 4
[7746.158s][debug][gc,phases      ] GC(315)     Dead                           Min: 0, Avg:  0.0, Max: 0, Diff: 0, Sum: 0, Workers: 4
[7746.158s][debug][gc,phases      ] GC(315)     Total                          Min: 0, Avg: 243.0, Max: 972, Diff: 972, Sum: 972, Workers: 4
[7746.158s][debug][gc,phases      ] GC(315)   ObjectSynchronizer Weak        Min: 0.00, Avg: 0.00, Max: 0.00, Diff: 0.00, Sum: 0.00, Workers: 4
[7746.158s][debug][gc,phases      ] GC(315)     Dead                           Min: 0, Avg:  0.0, Max: 0, Diff: 0, Sum: 0, Workers: 4
[7746.158s][debug][gc,phases      ] GC(315)     Total                          Min: 0, Avg:  1.5, Max: 6, Diff: 6, Sum: 6, Workers: 4
[7746.158s][debug][gc,phases      ] GC(315)   JVMTI Tag Weak OopStorage      Min: 0.00, Avg: 0.00, Max: 0.00, Diff: 0.00, Sum: 0.00, Workers: 4
[7746.158s][debug][gc,phases      ] GC(315)     Dead                           Min: 0, Avg:  0.0, Max: 0, Diff: 0, Sum: 0, Workers: 4
[7746.158s][debug][gc,phases      ] GC(315)     Total                          Min: 0, Avg:  0.0, Max: 0, Diff: 0, Sum: 0, Workers: 4
[7746.158s][debug][gc,phases      ] GC(315)   StringTable Weak               Min: 0.00, Avg: 0.09, Max: 0.13, Diff: 0.13, Sum: 0.37, Workers: 4
[7746.158s][debug][gc,phases      ] GC(315)     Dead                           Min: 0, Avg:  0.0, Max: 0, Diff: 0, Sum: 0, Workers: 4
[7746.158s][debug][gc,phases      ] GC(315)     Total                          Min: 0, Avg: 12902.5, Max: 22490, Diff: 22490, Sum: 51610, Workers: 4
[7746.158s][debug][gc,phases      ] GC(315)   ResolvedMethodTable Weak       Min: 0.00, Avg: 0.03, Max: 0.04, Diff: 0.04, Sum: 0.13, Workers: 4
[7746.158s][debug][gc,phases      ] GC(315)     Dead                           Min: 0, Avg:  5.0, Max: 20, Diff: 20, Sum: 20, Workers: 4
[7746.158s][debug][gc,phases      ] GC(315)     Total                          Min: 0, Avg: 4404.8, Max: 7660, Diff: 7660, Sum: 17619, Workers: 4
[7746.158s][debug][gc,phases      ] GC(315)   JNI Weak                       Min: 0.00, Avg: 0.00, Max: 0.00, Diff: 0.00, Sum: 0.00, Workers: 4
[7746.158s][debug][gc,phases      ] GC(315)     Dead                           Min: 0, Avg:  0.0, Max: 0, Diff: 0, Sum: 0, Workers: 4
[7746.158s][debug][gc,phases      ] GC(315)     Total                          Min: 0, Avg: 13.0, Max: 48, Diff: 48, Sum: 52, Workers: 4
[7746.158s][debug][gc,phases      ] GC(315)   StringDedup Table Weak         Min: 0.00, Avg: 0.00, Max: 0.00, Diff: 0.00, Sum: 0.00, Workers: 4
[7746.158s][debug][gc,phases      ] GC(315)     Dead                           Min: 0, Avg:  0.0, Max: 0, Diff: 0, Sum: 0, Workers: 4
[7746.158s][debug][gc,phases      ] GC(315)     Total                          Min: 0, Avg:  0.0, Max: 0, Diff: 0, Sum: 0, Workers: 4
[7746.158s][debug][gc,phases      ] GC(315)   StringDedup Requests0 Weak     Min: 0.00, Avg: 0.00, Max: 0.00, Diff: 0.00, Sum: 0.00, Workers: 4
[7746.158s][debug][gc,phases      ] GC(315)     Dead                           Min: 0, Avg:  0.0, Max: 0, Diff: 0, Sum: 0, Workers: 4
[7746.158s][debug][gc,phases      ] GC(315)     Total                          Min: 0, Avg:  0.0, Max: 0, Diff: 0, Sum: 0, Workers: 4
[7746.158s][debug][gc,phases      ] GC(315)   StringDedup Requests1 Weak     Min: 0.00, Avg: 0.00, Max: 0.00, Diff: 0.00, Sum: 0.00, Workers: 4
[7746.158s][debug][gc,phases      ] GC(315)     Dead                           Min: 0, Avg:  0.0, Max: 0, Diff: 0, Sum: 0, Workers: 4
[7746.158s][debug][gc,phases      ] GC(315)     Total                          Min: 0, Avg:  0.0, Max: 0, Diff: 0, Sum: 0, Workers: 4
[7746.158s][debug][gc,phases      ] GC(315)   Weak JFR Old Object Samples    Min: 0.00, Avg: 0.00, Max: 0.00, Diff: 0.00, Sum: 0.00, Workers: 4
[7746.158s][debug][gc,phases      ] GC(315)     Dead                           Min: 0, Avg:  0.0, Max: 0, Diff: 0, Sum: 0, Workers: 4
[7746.158s][debug][gc,phases      ] GC(315)     Total                          Min: 0, Avg:  0.0, Max: 0, Diff: 0, Sum: 0, Workers: 4
[7746.158s][debug][gc,phases      ] GC(315) Weak Processing 0.346ms
[7746.158s][debug][gc,age         ] GC(315) Desired survivor size 56098816 bytes, new threshold 1 (max threshold 15)
[7746.158s][info ][gc,heap        ] GC(315) PSYoungGen: 1986000K(2037248K)->8336K(2042368K) Eden: 1979904K(1979904K)->0K(1986048K) From: 6096K(57344K)->8336K(56320K)
[7746.158s][info ][gc,heap        ] GC(315) ParOldGen: 2433388K(2433536K)->2436776K(2437120K)
[7746.158s][info ][gc,metaspace   ] GC(315) Metaspace: 114041K(115392K)->114041K(115392K) NonClass: 97532K(98304K)->97532K(98304K) Class: 16509K(17088K)->16509K(17088K)
[7746.158s][info ][gc             ] GC(315) Pause Young (Allocation Failure) 4315M->2387M(4374M) 9.832ms
[7746.158s][info ][gc,cpu         ] GC(315) User=0.03s Sys=0.01s Real=0.01s
[7746.158s][info ][safepoint      ] Safepoint "ParallelCollectForAllocation", Time since last: 26982660885 ns, Reaching safepoint: 26200 ns, At safepoint: 9893252 ns, Leaving safepoint: 8400 ns, Total: 9927852 ns, Threads: 0 runnable, 36 total
[7777.002s][info ][gc,start       ] GC(316) Pause Young (Allocation Failure)
[7777.010s][debug][gc,phases      ] GC(316) Scavenge 7.518ms
[7777.010s][debug][gc,ref         ] GC(316) Skipped SoftWeakFinalRefsPhase of Reference Processing: no references
[7777.010s][debug][gc,ref         ] GC(316) Skipped KeepAliveFinalRefsPhase of Reference Processing: no references
[7777.010s][debug][gc,ref         ] GC(316) Skipped PhantomRefsPhase of Reference Processing: no references
[7777.010s][debug][gc,phases      ] GC(316) Reference Processing 0.018ms
[7777.010s][debug][gc,phases      ] GC(316)   VM Weak                        Min: 0.00, Avg: 0.00, Max: 0.01, Diff: 0.01, Sum: 0.01, Workers: 4
[7777.010s][debug][gc,phases      ] GC(316)     Dead                           Min: 0, Avg:  0.0, Max: 0, Diff: 0, Sum: 0, Workers: 4
[7777.010s][debug][gc,phases      ] GC(316)     Total                          Min: 0, Avg: 243.0, Max: 844, Diff: 844, Sum: 972, Workers: 4
[7777.010s][debug][gc,phases      ] GC(316)   ObjectSynchronizer Weak        Min: 0.00, Avg: 0.00, Max: 0.00, Diff: 0.00, Sum: 0.00, Workers: 4
[7777.010s][debug][gc,phases      ] GC(316)     Dead                           Min: 0, Avg:  0.0, Max: 0, Diff: 0, Sum: 0, Workers: 4
[7777.010s][debug][gc,phases      ] GC(316)     Total                          Min: 0, Avg:  1.5, Max: 6, Diff: 6, Sum: 6, Workers: 4
[7777.010s][debug][gc,phases      ] GC(316)   JVMTI Tag Weak OopStorage      Min: 0.00, Avg: 0.00, Max: 0.00, Diff: 0.00, Sum: 0.00, Workers: 4
[7777.010s][debug][gc,phases      ] GC(316)     Dead                           Min: 0, Avg:  0.0, Max: 0, Diff: 0, Sum: 0, Workers: 4
[7777.010s][debug][gc,phases      ] GC(316)     Total                          Min: 0, Avg:  0.0, Max: 0, Diff: 0, Sum: 0, Workers: 4
[7777.010s][debug][gc,phases      ] GC(316)   StringTable Weak               Min: 0.00, Avg: 0.09, Max: 0.13, Diff: 0.13, Sum: 0.37, Workers: 4
[7777.010s][debug][gc,phases      ] GC(316)     Dead                           Min: 0, Avg:  0.0, Max: 0, Diff: 0, Sum: 0, Workers: 4
[7777.010s][debug][gc,phases      ] GC(316)     Total                          Min: 0, Avg: 12902.5, Max: 22016, Diff: 22016, Sum: 51610, Workers: 4
[7777.010s][debug][gc,phases      ] GC(316)   ResolvedMethodTable Weak       Min: 0.00, Avg: 0.03, Max: 0.04, Diff: 0.04, Sum: 0.13, Workers: 4
[7777.010s][debug][gc,phases      ] GC(316)     Dead                           Min: 0, Avg:  5.0, Max: 20, Diff: 20, Sum: 20, Workers: 4
[7777.010s][debug][gc,phases      ] GC(316)     Total                          Min: 0, Avg: 4404.8, Max: 7680, Diff: 7680, Sum: 17619, Workers: 4
[7777.010s][debug][gc,phases      ] GC(316)   JNI Weak                       Min: 0.00, Avg: 0.00, Max: 0.00, Diff: 0.00, Sum: 0.00, Workers: 4
[7777.010s][debug][gc,phases      ] GC(316)     Dead                           Min: 0, Avg:  0.0, Max: 0, Diff: 0, Sum: 0, Workers: 4
[7777.010s][debug][gc,phases      ] GC(316)     Total                          Min: 0, Avg: 13.0, Max: 48, Diff: 48, Sum: 52, Workers: 4
[7777.010s][debug][gc,phases      ] GC(316)   StringDedup Table Weak         Min: 0.00, Avg: 0.00, Max: 0.00, Diff: 0.00, Sum: 0.00, Workers: 4
[7777.010s][debug][gc,phases      ] GC(316)     Dead                           Min: 0, Avg:  0.0, Max: 0, Diff: 0, Sum: 0, Workers: 4
[7777.010s][debug][gc,phases      ] GC(316)     Total                          Min: 0, Avg:  0.0, Max: 0, Diff: 0, Sum: 0, Workers: 4
[7777.010s][debug][gc,phases      ] GC(316)   StringDedup Requests0 Weak     Min: 0.00, Avg: 0.00, Max: 0.00, Diff: 0.00, Sum: 0.00, Workers: 4
[7777.010s][debug][gc,phases      ] GC(316)     Dead                           Min: 0, Avg:  0.0, Max: 0, Diff: 0, Sum: 0, Workers: 4
[7777.010s][debug][gc,phases      ] GC(316)     Total                          Min: 0, Avg:  0.0, Max: 0, Diff: 0, Sum: 0, Workers: 4
[7777.010s][debug][gc,phases      ] GC(316)   StringDedup Requests1 Weak     Min: 0.00, Avg: 0.00, Max: 0.00, Diff: 0.00, Sum: 0.00, Workers: 4
[7777.010s][debug][gc,phases      ] GC(316)     Dead                           Min: 0, Avg:  0.0, Max: 0, Diff: 0, Sum: 0, Workers: 4
[7777.010s][debug][gc,phases      ] GC(316)     Total                          Min: 0, Avg:  0.0, Max: 0, Diff: 0, Sum: 0, Workers: 4
[7777.010s][debug][gc,phases      ] GC(316)   Weak JFR Old Object Samples    Min: 0.00, Avg: 0.00, Max: 0.00, Diff: 0.00, Sum: 0.00, Workers: 4
[7777.010s][debug][gc,phases      ] GC(316)     Dead                           Min: 0, Avg:  0.0, Max: 0, Diff: 0, Sum: 0, Workers: 4
[7777.010s][debug][gc,phases      ] GC(316)     Total                          Min: 0, Avg:  0.0, Max: 0, Diff: 0, Sum: 0, Workers: 4
[7777.010s][debug][gc,phases      ] GC(316) Weak Processing 0.351ms
[7777.010s][debug][gc,age         ] GC(316) Desired survivor size 55050240 bytes, new threshold 1 (max threshold 15)
[7777.010s][info ][gc,heap        ] GC(316) PSYoungGen: 1994384K(2042368K)->4128K(2040832K) Eden: 1986048K(1986048K)->0K(1986048K) From: 8336K(56320K)->4128K(54784K)
[7777.010s][info ][gc,heap        ] GC(316) ParOldGen: 2436776K(2437120K)->2442709K(2442752K)
[7777.010s][info ][gc,metaspace   ] GC(316) Metaspace: 114042K(115392K)->114042K(115392K) NonClass: 97533K(98304K)->97533K(98304K) Class: 16509K(17088K)->16509K(17088K)
[7777.010s][info ][gc             ] GC(316) Pause Young (Allocation Failure) 4327M->2389M(4378M) 7.981ms
[7777.010s][info ][gc,cpu         ] GC(316) User=0.03s Sys=0.00s Real=0.01s
[7777.011s][info ][safepoint      ] Safepoint "ParallelCollectForAllocation", Time since last: 30844377191 ns, Reaching safepoint: 29000 ns, At safepoint: 8043872 ns, Leaving safepoint: 1900 ns, Total: 8074772 ns, Threads: 0 runnable, 36 total
[7807.348s][info ][gc,start       ] GC(317) Pause Young (Allocation Failure)
[7807.354s][debug][gc,phases      ] GC(317) Scavenge 6.168ms
[7807.354s][debug][gc,ref         ] GC(317) Skipped SoftWeakFinalRefsPhase of Reference Processing: no references
[7807.354s][debug][gc,ref         ] GC(317) Skipped KeepAliveFinalRefsPhase of Reference Processing: no references
[7807.354s][debug][gc,ref         ] GC(317) Skipped PhantomRefsPhase of Reference Processing: no references
[7807.354s][debug][gc,phases      ] GC(317) Reference Processing 0.022ms
[7807.354s][debug][gc,phases      ] GC(317)   VM Weak                        Min: 0.00, Avg: 0.00, Max: 0.01, Diff: 0.01, Sum: 0.01, Workers: 4
[7807.354s][debug][gc,phases      ] GC(317)     Dead                           Min: 0, Avg:  0.0, Max: 0, Diff: 0, Sum: 0, Workers: 4
[7807.354s][debug][gc,phases      ] GC(317)     Total                          Min: 0, Avg: 243.0, Max: 972, Diff: 972, Sum: 972, Workers: 4
[7807.354s][debug][gc,phases      ] GC(317)   ObjectSynchronizer Weak        Min: 0.00, Avg: 0.00, Max: 0.00, Diff: 0.00, Sum: 0.00, Workers: 4
[7807.354s][debug][gc,phases      ] GC(317)     Dead                           Min: 0, Avg:  0.0, Max: 0, Diff: 0, Sum: 0, Workers: 4
[7807.354s][debug][gc,phases      ] GC(317)     Total                          Min: 0, Avg:  1.2, Max: 5, Diff: 5, Sum: 5, Workers: 4
[7807.354s][debug][gc,phases      ] GC(317)   JVMTI Tag Weak OopStorage      Min: 0.00, Avg: 0.00, Max: 0.00, Diff: 0.00, Sum: 0.00, Workers: 4
[7807.354s][debug][gc,phases      ] GC(317)     Dead                           Min: 0, Avg:  0.0, Max: 0, Diff: 0, Sum: 0, Workers: 4
[7807.354s][debug][gc,phases      ] GC(317)     Total                          Min: 0, Avg:  0.0, Max: 0, Diff: 0, Sum: 0, Workers: 4
[7807.354s][debug][gc,phases      ] GC(317)   StringTable Weak               Min: 0.00, Avg: 0.09, Max: 0.13, Diff: 0.13, Sum: 0.37, Workers: 4
[7807.354s][debug][gc,phases      ] GC(317)     Dead                           Min: 0, Avg:  0.0, Max: 0, Diff: 0, Sum: 0, Workers: 4
[7807.354s][debug][gc,phases      ] GC(317)     Total                          Min: 0, Avg: 12902.5, Max: 22400, Diff: 22400, Sum: 51610, Workers: 4
[7807.354s][debug][gc,phases      ] GC(317)   ResolvedMethodTable Weak       Min: 0.00, Avg: 0.03, Max: 0.04, Diff: 0.04, Sum: 0.13, Workers: 4
[7807.354s][debug][gc,phases      ] GC(317)     Dead                           Min: 0, Avg:  5.0, Max: 20, Diff: 20, Sum: 20, Workers: 4
[7807.354s][debug][gc,phases      ] GC(317)     Total                          Min: 0, Avg: 4404.8, Max: 7488, Diff: 7488, Sum: 17619, Workers: 4
[7807.354s][debug][gc,phases      ] GC(317)   JNI Weak                       Min: 0.00, Avg: 0.00, Max: 0.00, Diff: 0.00, Sum: 0.00, Workers: 4
[7807.354s][debug][gc,phases      ] GC(317)     Dead                           Min: 0, Avg:  0.0, Max: 0, Diff: 0, Sum: 0, Workers: 4
[7807.354s][debug][gc,phases      ] GC(317)     Total                          Min: 0, Avg: 13.0, Max: 48, Diff: 48, Sum: 52, Workers: 4
[7807.354s][debug][gc,phases      ] GC(317)   StringDedup Table Weak         Min: 0.00, Avg: 0.00, Max: 0.00, Diff: 0.00, Sum: 0.00, Workers: 4
[7807.354s][debug][gc,phases      ] GC(317)     Dead                           Min: 0, Avg:  0.0, Max: 0, Diff: 0, Sum: 0, Workers: 4
[7807.354s][debug][gc,phases      ] GC(317)     Total                          Min: 0, Avg:  0.0, Max: 0, Diff: 0, Sum: 0, Workers: 4
[7807.354s][debug][gc,phases      ] GC(317)   StringDedup Requests0 Weak     Min: 0.00, Avg: 0.00, Max: 0.00, Diff: 0.00, Sum: 0.00, Workers: 4
[7807.354s][debug][gc,phases      ] GC(317)     Dead                           Min: 0, Avg:  0.0, Max: 0, Diff: 0, Sum: 0, Workers: 4
[7807.354s][debug][gc,phases      ] GC(317)     Total                          Min: 0, Avg:  0.0, Max: 0, Diff: 0, Sum: 0, Workers: 4
[7807.354s][debug][gc,phases      ] GC(317)   StringDedup Requests1 Weak     Min: 0.00, Avg: 0.00, Max: 0.00, Diff: 0.00, Sum: 0.00, Workers: 4
[7807.354s][debug][gc,phases      ] GC(317)     Dead                           Min: 0, Avg:  0.0, Max: 0, Diff: 0, Sum: 0, Workers: 4
[7807.354s][debug][gc,phases      ] GC(317)     Total                          Min: 0, Avg:  0.0, Max: 0, Diff: 0, Sum: 0, Workers: 4
[7807.354s][debug][gc,phases      ] GC(317)   Weak JFR Old Object Samples    Min: 0.00, Avg: 0.00, Max: 0.00, Diff: 0.00, Sum: 0.00, Workers: 4
[7807.354s][debug][gc,phases      ] GC(317)     Dead                           Min: 0, Avg:  0.0, Max: 0, Diff: 0, Sum: 0, Workers: 4
[7807.354s][debug][gc,phases      ] GC(317)     Total                          Min: 0, Avg:  0.0, Max: 0, Diff: 0, Sum: 0, Workers: 4
[7807.354s][debug][gc,phases      ] GC(317) Weak Processing 0.376ms
[7807.354s][debug][gc,age         ] GC(317) Desired survivor size 53477376 bytes, new threshold 1 (max threshold 15)
[7807.354s][info ][gc,heap        ] GC(317) PSYoungGen: 1990176K(2040832K)->5680K(2044928K) Eden: 1986048K(1986048K)->0K(1991168K) From: 4128K(54784K)->5680K(53760K)
[7807.354s][info ][gc,heap        ] GC(317) ParOldGen: 2442709K(2442752K)->2444010K(2444288K)
[7807.354s][info ][gc,metaspace   ] GC(317) Metaspace: 114042K(115392K)->114042K(115392K) NonClass: 97533K(98304K)->97533K(98304K) Class: 16509K(17088K)->16509K(17088K)
[7807.354s][info ][gc             ] GC(317) Pause Young (Allocation Failure) 4328M->2392M(4384M) 6.682ms
[7807.354s][info ][gc,cpu         ] GC(317) User=0.02s Sys=0.00s Real=0.01s
[7807.355s][info ][safepoint      ] Safepoint "ParallelCollectForAllocation", Time since last: 30337264133 ns, Reaching safepoint: 5900 ns, At safepoint: 6747567 ns, Leaving safepoint: 7100 ns, Total: 6760567 ns, Threads: 0 runnable, 33 total
[7832.700s][info ][gc,start       ] GC(318) Pause Young (Allocation Failure)
[7832.710s][debug][gc,phases      ] GC(318) Scavenge 9.999ms
[7832.710s][debug][gc,ref         ] GC(318) Skipped SoftWeakFinalRefsPhase of Reference Processing: no references
[7832.710s][debug][gc,ref         ] GC(318) Skipped KeepAliveFinalRefsPhase of Reference Processing: no references
[7832.710s][debug][gc,ref         ] GC(318) Skipped PhantomRefsPhase of Reference Processing: no references
[7832.710s][debug][gc,phases      ] GC(318) Reference Processing 0.019ms
[7832.711s][debug][gc,phases      ] GC(318)   VM Weak                        Min: 0.00, Avg: 0.00, Max: 0.01, Diff: 0.01, Sum: 0.01, Workers: 4
[7832.711s][debug][gc,phases      ] GC(318)     Dead                           Min: 0, Avg:  0.0, Max: 0, Diff: 0, Sum: 0, Workers: 4
[7832.711s][debug][gc,phases      ] GC(318)     Total                          Min: 0, Avg: 243.0, Max: 908, Diff: 908, Sum: 972, Workers: 4
[7832.711s][debug][gc,phases      ] GC(318)   ObjectSynchronizer Weak        Min: 0.00, Avg: 0.00, Max: 0.00, Diff: 0.00, Sum: 0.00, Workers: 4
[7832.711s][debug][gc,phases      ] GC(318)     Dead                           Min: 0, Avg:  0.0, Max: 0, Diff: 0, Sum: 0, Workers: 4
[7832.711s][debug][gc,phases      ] GC(318)     Total                          Min: 0, Avg:  1.5, Max: 6, Diff: 6, Sum: 6, Workers: 4
[7832.711s][debug][gc,phases      ] GC(318)   JVMTI Tag Weak OopStorage      Min: 0.00, Avg: 0.00, Max: 0.00, Diff: 0.00, Sum: 0.00, Workers: 4
[7832.711s][debug][gc,phases      ] GC(318)     Dead                           Min: 0, Avg:  0.0, Max: 0, Diff: 0, Sum: 0, Workers: 4
[7832.711s][debug][gc,phases      ] GC(318)     Total                          Min: 0, Avg:  0.0, Max: 0, Diff: 0, Sum: 0, Workers: 4
[7832.711s][debug][gc,phases      ] GC(318)   StringTable Weak               Min: 0.00, Avg: 0.10, Max: 0.14, Diff: 0.14, Sum: 0.40, Workers: 4
[7832.711s][debug][gc,phases      ] GC(318)     Dead                           Min: 0, Avg:  0.0, Max: 0, Diff: 0, Sum: 0, Workers: 4
[7832.711s][debug][gc,phases      ] GC(318)     Total                          Min: 0, Avg: 12902.8, Max: 22144, Diff: 22144, Sum: 51611, Workers: 4
[7832.711s][debug][gc,phases      ] GC(318)   ResolvedMethodTable Weak       Min: 0.00, Avg: 0.03, Max: 0.04, Diff: 0.04, Sum: 0.13, Workers: 4
[7832.711s][debug][gc,phases      ] GC(318)     Dead                           Min: 0, Avg:  5.0, Max: 20, Diff: 20, Sum: 20, Workers: 4
[7832.711s][debug][gc,phases      ] GC(318)     Total                          Min: 0, Avg: 4404.8, Max: 7591, Diff: 7591, Sum: 17619, Workers: 4
[7832.711s][debug][gc,phases      ] GC(318)   JNI Weak                       Min: 0.00, Avg: 0.00, Max: 0.00, Diff: 0.00, Sum: 0.00, Workers: 4
[7832.711s][debug][gc,phases      ] GC(318)     Dead                           Min: 0, Avg:  0.0, Max: 0, Diff: 0, Sum: 0, Workers: 4
[7832.711s][debug][gc,phases      ] GC(318)     Total                          Min: 0, Avg: 13.0, Max: 48, Diff: 48, Sum: 52, Workers: 4
[7832.711s][debug][gc,phases      ] GC(318)   StringDedup Table Weak         Min: 0.00, Avg: 0.00, Max: 0.00, Diff: 0.00, Sum: 0.00, Workers: 4
[7832.711s][debug][gc,phases      ] GC(318)     Dead                           Min: 0, Avg:  0.0, Max: 0, Diff: 0, Sum: 0, Workers: 4
[7832.711s][debug][gc,phases      ] GC(318)     Total                          Min: 0, Avg:  0.0, Max: 0, Diff: 0, Sum: 0, Workers: 4
[7832.711s][debug][gc,phases      ] GC(318)   StringDedup Requests0 Weak     Min: 0.00, Avg: 0.00, Max: 0.00, Diff: 0.00, Sum: 0.00, Workers: 4
[7832.711s][debug][gc,phases      ] GC(318)     Dead                           Min: 0, Avg:  0.0, Max: 0, Diff: 0, Sum: 0, Workers: 4
[7832.711s][debug][gc,phases      ] GC(318)     Total                          Min: 0, Avg:  0.0, Max: 0, Diff: 0, Sum: 0, Workers: 4
[7832.711s][debug][gc,phases      ] GC(318)   StringDedup Requests1 Weak     Min: 0.00, Avg: 0.00, Max: 0.00, Diff: 0.00, Sum: 0.00, Workers: 4
[7832.711s][debug][gc,phases      ] GC(318)     Dead                           Min: 0, Avg:  0.0, Max: 0, Diff: 0, Sum: 0, Workers: 4
[7832.711s][debug][gc,phases      ] GC(318)     Total                          Min: 0, Avg:  0.0, Max: 0, Diff: 0, Sum: 0, Workers: 4
[7832.711s][debug][gc,phases      ] GC(318)   Weak JFR Old Object Samples    Min: 0.00, Avg: 0.00, Max: 0.00, Diff: 0.00, Sum: 0.00, Workers: 4
[7832.711s][debug][gc,phases      ] GC(318)     Dead                           Min: 0, Avg:  0.0, Max: 0, Diff: 0, Sum: 0, Workers: 4
[7832.711s][debug][gc,phases      ] GC(318)     Total                          Min: 0, Avg:  0.0, Max: 0, Diff: 0, Sum: 0, Workers: 4
[7832.711s][debug][gc,phases      ] GC(318) Weak Processing 0.358ms
[7832.711s][debug][gc,age         ] GC(318) Desired survivor size 50331648 bytes, new threshold 1 (max threshold 15)
[7832.711s][info ][gc,heap        ] GC(318) PSYoungGen: 1996848K(2044928K)->18128K(2043392K) Eden: 1991168K(1991168K)->0K(1991168K) From: 5680K(53760K)->18128K(52224K)
[7832.711s][info ][gc,heap        ] GC(318) ParOldGen: 2444010K(2444288K)->2446226K(2446336K)
[7832.711s][info ][gc,metaspace   ] GC(318) Metaspace: 114046K(115392K)->114046K(115392K) NonClass: 97537K(98304K)->97537K(98304K) Class: 16509K(17088K)->16509K(17088K)
[7832.711s][info ][gc             ] GC(318) Pause Young (Allocation Failure) 4336M->2406M(4384M) 10.489ms
[7832.711s][info ][gc,cpu         ] GC(318) User=0.04s Sys=0.00s Real=0.01s
[7832.711s][info ][safepoint      ] Safepoint "ParallelCollectForAllocation", Time since last: 25345685294 ns, Reaching safepoint: 85299 ns, At safepoint: 10554849 ns, Leaving safepoint: 10900 ns, Total: 10651048 ns, Threads: 1 runnable, 41 total
[7846.688s][info ][gc,start       ] GC(319) Pause Young (Allocation Failure)
[7846.712s][debug][gc,phases      ] GC(319) Scavenge 23.214ms
[7846.712s][debug][gc,ref         ] GC(319) Skipped SoftWeakFinalRefsPhase of Reference Processing: no references
[7846.712s][debug][gc,ref         ] GC(319) Skipped KeepAliveFinalRefsPhase of Reference Processing: no references
[7846.712s][debug][gc,ref         ] GC(319) Skipped PhantomRefsPhase of Reference Processing: no references
[7846.712s][debug][gc,phases      ] GC(319) Reference Processing 0.033ms
[7846.712s][debug][gc,phases      ] GC(319)   VM Weak                        Min: 0.00, Avg: 0.00, Max: 0.01, Diff: 0.01, Sum: 0.01, Workers: 4
[7846.712s][debug][gc,phases      ] GC(319)     Dead                           Min: 0, Avg:  0.0, Max: 0, Diff: 0, Sum: 0, Workers: 4
[7846.712s][debug][gc,phases      ] GC(319)     Total                          Min: 0, Avg: 243.0, Max: 844, Diff: 844, Sum: 972, Workers: 4
[7846.712s][debug][gc,phases      ] GC(319)   ObjectSynchronizer Weak        Min: 0.00, Avg: 0.00, Max: 0.00, Diff: 0.00, Sum: 0.00, Workers: 4
[7846.712s][debug][gc,phases      ] GC(319)     Dead                           Min: 0, Avg:  0.0, Max: 0, Diff: 0, Sum: 0, Workers: 4
[7846.712s][debug][gc,phases      ] GC(319)     Total                          Min: 0, Avg:  2.0, Max: 8, Diff: 8, Sum: 8, Workers: 4
[7846.712s][debug][gc,phases      ] GC(319)   JVMTI Tag Weak OopStorage      Min: 0.00, Avg: 0.00, Max: 0.00, Diff: 0.00, Sum: 0.00, Workers: 4
[7846.712s][debug][gc,phases      ] GC(319)     Dead                           Min: 0, Avg:  0.0, Max: 0, Diff: 0, Sum: 0, Workers: 4
[7846.712s][debug][gc,phases      ] GC(319)     Total                          Min: 0, Avg:  0.0, Max: 0, Diff: 0, Sum: 0, Workers: 4
[7846.712s][debug][gc,phases      ] GC(319)   StringTable Weak               Min: 0.00, Avg: 0.09, Max: 0.12, Diff: 0.12, Sum: 0.37, Workers: 4
[7846.712s][debug][gc,phases      ] GC(319)     Dead                           Min: 0, Avg:  0.0, Max: 0, Diff: 0, Sum: 0, Workers: 4
[7846.712s][debug][gc,phases      ] GC(319)     Total                          Min: 0, Avg: 12903.2, Max: 22784, Diff: 22784, Sum: 51613, Workers: 4
[7846.712s][debug][gc,phases      ] GC(319)   ResolvedMethodTable Weak       Min: 0.00, Avg: 0.03, Max: 0.04, Diff: 0.04, Sum: 0.13, Workers: 4
[7846.712s][debug][gc,phases      ] GC(319)     Dead                           Min: 0, Avg:  5.0, Max: 20, Diff: 20, Sum: 20, Workers: 4
[7846.712s][debug][gc,phases      ] GC(319)     Total                          Min: 0, Avg: 4404.8, Max: 7635, Diff: 7635, Sum: 17619, Workers: 4
[7846.712s][debug][gc,phases      ] GC(319)   JNI Weak                       Min: 0.00, Avg: 0.00, Max: 0.00, Diff: 0.00, Sum: 0.00, Workers: 4
[7846.712s][debug][gc,phases      ] GC(319)     Dead                           Min: 0, Avg:  0.0, Max: 0, Diff: 0, Sum: 0, Workers: 4
[7846.712s][debug][gc,phases      ] GC(319)     Total                          Min: 0, Avg: 13.0, Max: 48, Diff: 48, Sum: 52, Workers: 4
[7846.712s][debug][gc,phases      ] GC(319)   StringDedup Table Weak         Min: 0.00, Avg: 0.00, Max: 0.00, Diff: 0.00, Sum: 0.00, Workers: 4
[7846.712s][debug][gc,phases      ] GC(319)     Dead                           Min: 0, Avg:  0.0, Max: 0, Diff: 0, Sum: 0, Workers: 4
[7846.712s][debug][gc,phases      ] GC(319)     Total                          Min: 0, Avg:  0.0, Max: 0, Diff: 0, Sum: 0, Workers: 4
[7846.712s][debug][gc,phases      ] GC(319)   StringDedup Requests0 Weak     Min: 0.00, Avg: 0.00, Max: 0.00, Diff: 0.00, Sum: 0.00, Workers: 4
[7846.712s][debug][gc,phases      ] GC(319)     Dead                           Min: 0, Avg:  0.0, Max: 0, Diff: 0, Sum: 0, Workers: 4
[7846.712s][debug][gc,phases      ] GC(319)     Total                          Min: 0, Avg:  0.0, Max: 0, Diff: 0, Sum: 0, Workers: 4
[7846.712s][debug][gc,phases      ] GC(319)   StringDedup Requests1 Weak     Min: 0.00, Avg: 0.00, Max: 0.00, Diff: 0.00, Sum: 0.00, Workers: 4
[7846.712s][debug][gc,phases      ] GC(319)     Dead                           Min: 0, Avg:  0.0, Max: 0, Diff: 0, Sum: 0, Workers: 4
[7846.712s][debug][gc,phases      ] GC(319)     Total                          Min: 0, Avg:  0.0, Max: 0, Diff: 0, Sum: 0, Workers: 4
[7846.712s][debug][gc,phases      ] GC(319)   Weak JFR Old Object Samples    Min: 0.00, Avg: 0.00, Max: 0.00, Diff: 0.00, Sum: 0.00, Workers: 4
[7846.712s][debug][gc,phases      ] GC(319)     Dead                           Min: 0, Avg:  0.0, Max: 0, Diff: 0, Sum: 0, Workers: 4
[7846.712s][debug][gc,phases      ] GC(319)     Total                          Min: 0, Avg:  0.0, Max: 0, Diff: 0, Sum: 0, Workers: 4
[7846.712s][debug][gc,phases      ] GC(319) Weak Processing 0.356ms
[7846.712s][debug][gc,age         ] GC(319) Desired survivor size 56098816 bytes, new threshold 1 (max threshold 15)
[7846.712s][info ][gc,heap        ] GC(319) PSYoungGen: 2009094K(2043392K)->40859K(2036736K) Eden: 1990965K(1991168K)->0K(1987584K) From: 18128K(52224K)->40859K(49152K)
[7846.712s][info ][gc,heap        ] GC(319) ParOldGen: 2446226K(2446336K)->2455815K(2456064K)
[7846.712s][info ][gc,metaspace   ] GC(319) Metaspace: 114052K(115392K)->114052K(115392K) NonClass: 97543K(98304K)->97543K(98304K) Class: 16509K(17088K)->16509K(17088K)
[7846.712s][info ][gc             ] GC(319) Pause Young (Allocation Failure) 4350M->2438M(4387M) 23.736ms
[7846.712s][info ][gc,cpu         ] GC(319) User=0.08s Sys=0.01s Real=0.03s
[7846.712s][info ][safepoint      ] Safepoint "ParallelCollectForAllocation", Time since last: 13977256391 ns, Reaching safepoint: 108200 ns, At safepoint: 23802784 ns, Leaving safepoint: 120200 ns, Total: 24031184 ns, Threads: 3 runnable, 41 total
[7861.143s][info ][gc,start       ] GC(320) Pause Young (Allocation Failure)
[7861.170s][debug][gc,phases      ] GC(320) Scavenge 26.838ms
[7861.170s][debug][gc,ref         ] GC(320) ReferenceProcessor::execute queues: 1, RefProcThreadModel::Single, marks_oops_alive: false
[7861.170s][debug][gc,ref         ] GC(320) Skipped KeepAliveFinalRefsPhase of Reference Processing: no references
[7861.170s][debug][gc,ref         ] GC(320) Skipped PhantomRefsPhase of Reference Processing: no references
[7861.170s][debug][gc,phases      ] GC(320) Reference Processing 0.114ms
[7861.170s][debug][gc,phases      ] GC(320)   VM Weak                        Min: 0.00, Avg: 0.00, Max: 0.01, Diff: 0.01, Sum: 0.01, Workers: 4
[7861.170s][debug][gc,phases      ] GC(320)     Dead                           Min: 0, Avg:  0.0, Max: 0, Diff: 0, Sum: 0, Workers: 4
[7861.170s][debug][gc,phases      ] GC(320)     Total                          Min: 0, Avg: 243.0, Max: 972, Diff: 972, Sum: 972, Workers: 4
[7861.170s][debug][gc,phases      ] GC(320)   ObjectSynchronizer Weak        Min: 0.00, Avg: 0.00, Max: 0.00, Diff: 0.00, Sum: 0.00, Workers: 4
[7861.170s][debug][gc,phases      ] GC(320)     Dead                           Min: 0, Avg:  0.0, Max: 0, Diff: 0, Sum: 0, Workers: 4
[7861.170s][debug][gc,phases      ] GC(320)     Total                          Min: 0, Avg:  2.0, Max: 8, Diff: 8, Sum: 8, Workers: 4
[7861.170s][debug][gc,phases      ] GC(320)   JVMTI Tag Weak OopStorage      Min: 0.00, Avg: 0.00, Max: 0.00, Diff: 0.00, Sum: 0.00, Workers: 4
[7861.170s][debug][gc,phases      ] GC(320)     Dead                           Min: 0, Avg:  0.0, Max: 0, Diff: 0, Sum: 0, Workers: 4
[7861.170s][debug][gc,phases      ] GC(320)     Total                          Min: 0, Avg:  0.0, Max: 0, Diff: 0, Sum: 0, Workers: 4
[7861.170s][debug][gc,phases      ] GC(320)   StringTable Weak               Min: 0.00, Avg: 0.11, Max: 0.14, Diff: 0.14, Sum: 0.42, Workers: 4
[7861.170s][debug][gc,phases      ] GC(320)     Dead                           Min: 0, Avg:  0.0, Max: 0, Diff: 0, Sum: 0, Workers: 4
[7861.170s][debug][gc,phases      ] GC(320)     Total                          Min: 0, Avg: 12903.8, Max: 18719, Diff: 18719, Sum: 51615, Workers: 4
[7861.170s][debug][gc,phases      ] GC(320)   ResolvedMethodTable Weak       Min: 0.00, Avg: 0.03, Max: 0.04, Diff: 0.04, Sum: 0.13, Workers: 4
[7861.170s][debug][gc,phases      ] GC(320)     Dead                           Min: 0, Avg:  0.0, Max: 0, Diff: 0, Sum: 0, Workers: 4
[7861.170s][debug][gc,phases      ] GC(320)     Total                          Min: 0, Avg: 4404.8, Max: 7724, Diff: 7724, Sum: 17619, Workers: 4
[7861.170s][debug][gc,phases      ] GC(320)   JNI Weak                       Min: 0.00, Avg: 0.00, Max: 0.00, Diff: 0.00, Sum: 0.00, Workers: 4
[7861.170s][debug][gc,phases      ] GC(320)     Dead                           Min: 0, Avg:  0.0, Max: 0, Diff: 0, Sum: 0, Workers: 4
[7861.170s][debug][gc,phases      ] GC(320)     Total                          Min: 0, Avg: 13.0, Max: 48, Diff: 48, Sum: 52, Workers: 4
[7861.170s][debug][gc,phases      ] GC(320)   StringDedup Table Weak         Min: 0.00, Avg: 0.00, Max: 0.00, Diff: 0.00, Sum: 0.00, Workers: 4
[7861.170s][debug][gc,phases      ] GC(320)     Dead                           Min: 0, Avg:  0.0, Max: 0, Diff: 0, Sum: 0, Workers: 4
[7861.170s][debug][gc,phases      ] GC(320)     Total                          Min: 0, Avg:  0.0, Max: 0, Diff: 0, Sum: 0, Workers: 4
[7861.170s][debug][gc,phases      ] GC(320)   StringDedup Requests0 Weak     Min: 0.00, Avg: 0.00, Max: 0.00, Diff: 0.00, Sum: 0.00, Workers: 4
[7861.170s][debug][gc,phases      ] GC(320)     Dead                           Min: 0, Avg:  0.0, Max: 0, Diff: 0, Sum: 0, Workers: 4
[7861.170s][debug][gc,phases      ] GC(320)     Total                          Min: 0, Avg:  0.0, Max: 0, Diff: 0, Sum: 0, Workers: 4
[7861.170s][debug][gc,phases      ] GC(320)   StringDedup Requests1 Weak     Min: 0.00, Avg: 0.00, Max: 0.00, Diff: 0.00, Sum: 0.00, Workers: 4
[7861.170s][debug][gc,phases      ] GC(320)     Dead                           Min: 0, Avg:  0.0, Max: 0, Diff: 0, Sum: 0, Workers: 4
[7861.170s][debug][gc,phases      ] GC(320)     Total                          Min: 0, Avg:  0.0, Max: 0, Diff: 0, Sum: 0, Workers: 4
[7861.170s][debug][gc,phases      ] GC(320)   Weak JFR Old Object Samples    Min: 0.00, Avg: 0.00, Max: 0.00, Diff: 0.00, Sum: 0.00, Workers: 4
[7861.170s][debug][gc,phases      ] GC(320)     Dead                           Min: 0, Avg:  0.0, Max: 0, Diff: 0, Sum: 0, Workers: 4
[7861.170s][debug][gc,phases      ] GC(320)     Total                          Min: 0, Avg:  0.0, Max: 0, Diff: 0, Sum: 0, Workers: 4
[7861.170s][debug][gc,phases      ] GC(320) Weak Processing 0.375ms
[7861.170s][debug][gc,age         ] GC(320) Desired survivor size 54001664 bytes, new threshold 1 (max threshold 15)
[7861.170s][info ][gc,heap        ] GC(320) PSYoungGen: 2028443K(2036736K)->12384K(2042368K) Eden: 1987584K(1987584K)->0K(1987584K) From: 40859K(49152K)->12384K(54784K)
[7861.170s][info ][gc,heap        ] GC(320) ParOldGen: 2455815K(2456064K)->2495443K(2495488K)
[7861.170s][info ][gc,metaspace   ] GC(320) Metaspace: 114052K(115392K)->114052K(115392K) NonClass: 97543K(98304K)->97543K(98304K) Class: 16509K(17088K)->16509K(17088K)
[7861.170s][info ][gc             ] GC(320) Pause Young (Allocation Failure) 4379M->2449M(4431M) 27.448ms
[7861.170s][info ][gc,cpu         ] GC(320) User=0.08s Sys=0.02s Real=0.03s
[7861.170s][info ][safepoint      ] Safepoint "ParallelCollectForAllocation", Time since last: 14430749067 ns, Reaching safepoint: 9000 ns, At safepoint: 27523266 ns, Leaving safepoint: 13000 ns, Total: 27545266 ns, Threads: 2 runnable, 41 total
[7873.892s][info ][gc,start       ] GC(321) Pause Young (Allocation Failure)
[7873.910s][debug][gc,phases      ] GC(321) Scavenge 17.359ms
[7873.910s][debug][gc,ref         ] GC(321) Skipped SoftWeakFinalRefsPhase of Reference Processing: no references
[7873.910s][debug][gc,ref         ] GC(321) Skipped KeepAliveFinalRefsPhase of Reference Processing: no references
[7873.910s][debug][gc,ref         ] GC(321) Skipped PhantomRefsPhase of Reference Processing: no references
[7873.910s][debug][gc,phases      ] GC(321) Reference Processing 0.019ms
[7873.910s][debug][gc,phases      ] GC(321)   VM Weak                        Min: 0.00, Avg: 0.00, Max: 0.01, Diff: 0.01, Sum: 0.01, Workers: 4
[7873.910s][debug][gc,phases      ] GC(321)     Dead                           Min: 0, Avg:  0.0, Max: 0, Diff: 0, Sum: 0, Workers: 4
[7873.910s][debug][gc,phases      ] GC(321)     Total                          Min: 0, Avg: 243.0, Max: 780, Diff: 780, Sum: 972, Workers: 4
[7873.910s][debug][gc,phases      ] GC(321)   ObjectSynchronizer Weak        Min: 0.00, Avg: 0.00, Max: 0.00, Diff: 0.00, Sum: 0.00, Workers: 4
[7873.910s][debug][gc,phases      ] GC(321)     Dead                           Min: 0, Avg:  0.0, Max: 0, Diff: 0, Sum: 0, Workers: 4
[7873.910s][debug][gc,phases      ] GC(321)     Total                          Min: 0, Avg:  1.5, Max: 6, Diff: 6, Sum: 6, Workers: 4
[7873.910s][debug][gc,phases      ] GC(321)   JVMTI Tag Weak OopStorage      Min: 0.00, Avg: 0.00, Max: 0.00, Diff: 0.00, Sum: 0.00, Workers: 4
[7873.910s][debug][gc,phases      ] GC(321)     Dead                           Min: 0, Avg:  0.0, Max: 0, Diff: 0, Sum: 0, Workers: 4
[7873.910s][debug][gc,phases      ] GC(321)     Total                          Min: 0, Avg:  0.0, Max: 0, Diff: 0, Sum: 0, Workers: 4
[7873.910s][debug][gc,phases      ] GC(321)   StringTable Weak               Min: 0.00, Avg: 0.09, Max: 0.13, Diff: 0.13, Sum: 0.38, Workers: 4
[7873.910s][debug][gc,phases      ] GC(321)     Dead                           Min: 0, Avg:  0.0, Max: 0, Diff: 0, Sum: 0, Workers: 4
[7873.910s][debug][gc,phases      ] GC(321)     Total                          Min: 0, Avg: 12903.8, Max: 22592, Diff: 22592, Sum: 51615, Workers: 4
[7873.910s][debug][gc,phases      ] GC(321)   ResolvedMethodTable Weak       Min: 0.00, Avg: 0.03, Max: 0.04, Diff: 0.04, Sum: 0.13, Workers: 4
[7873.910s][debug][gc,phases      ] GC(321)     Dead                           Min: 0, Avg:  5.0, Max: 20, Diff: 20, Sum: 20, Workers: 4
[7873.910s][debug][gc,phases      ] GC(321)     Total                          Min: 0, Avg: 4404.8, Max: 7783, Diff: 7783, Sum: 17619, Workers: 4
[7873.910s][debug][gc,phases      ] GC(321)   JNI Weak                       Min: 0.00, Avg: 0.00, Max: 0.00, Diff: 0.00, Sum: 0.00, Workers: 4
[7873.910s][debug][gc,phases      ] GC(321)     Dead                           Min: 0, Avg:  0.0, Max: 0, Diff: 0, Sum: 0, Workers: 4
[7873.910s][debug][gc,phases      ] GC(321)     Total                          Min: 0, Avg: 13.0, Max: 52, Diff: 52, Sum: 52, Workers: 4
[7873.910s][debug][gc,phases      ] GC(321)   StringDedup Table Weak         Min: 0.00, Avg: 0.00, Max: 0.00, Diff: 0.00, Sum: 0.00, Workers: 4
[7873.910s][debug][gc,phases      ] GC(321)     Dead                           Min: 0, Avg:  0.0, Max: 0, Diff: 0, Sum: 0, Workers: 4
[7873.910s][debug][gc,phases      ] GC(321)     Total                          Min: 0, Avg:  0.0, Max: 0, Diff: 0, Sum: 0, Workers: 4
[7873.910s][debug][gc,phases      ] GC(321)   StringDedup Requests0 Weak     Min: 0.00, Avg: 0.00, Max: 0.00, Diff: 0.00, Sum: 0.00, Workers: 4
[7873.910s][debug][gc,phases      ] GC(321)     Dead                           Min: 0, Avg:  0.0, Max: 0, Diff: 0, Sum: 0, Workers: 4
[7873.910s][debug][gc,phases      ] GC(321)     Total                          Min: 0, Avg:  0.0, Max: 0, Diff: 0, Sum: 0, Workers: 4
[7873.910s][debug][gc,phases      ] GC(321)   StringDedup Requests1 Weak     Min: 0.00, Avg: 0.00, Max: 0.00, Diff: 0.00, Sum: 0.00, Workers: 4
[7873.910s][debug][gc,phases      ] GC(321)     Dead                           Min: 0, Avg:  0.0, Max: 0, Diff: 0, Sum: 0, Workers: 4
[7873.910s][debug][gc,phases      ] GC(321)     Total                          Min: 0, Avg:  0.0, Max: 0, Diff: 0, Sum: 0, Workers: 4
[7873.910s][debug][gc,phases      ] GC(321)   Weak JFR Old Object Samples    Min: 0.00, Avg: 0.00, Max: 0.00, Diff: 0.00, Sum: 0.00, Workers: 4
[7873.910s][debug][gc,phases      ] GC(321)     Dead                           Min: 0, Avg:  0.0, Max: 0, Diff: 0, Sum: 0, Workers: 4
[7873.910s][debug][gc,phases      ] GC(321)     Total                          Min: 0, Avg:  0.0, Max: 0, Diff: 0, Sum: 0, Workers: 4
[7873.910s][debug][gc,phases      ] GC(321) Weak Processing 0.349ms
[7873.910s][debug][gc,age         ] GC(321) Desired survivor size 50331648 bytes, new threshold 1 (max threshold 15)
[7873.910s][info ][gc,heap        ] GC(321) PSYoungGen: 1999968K(2042368K)->17568K(2048000K) Eden: 1987584K(1987584K)->0K(1995264K) From: 12384K(54784K)->17568K(52736K)
[7873.910s][info ][gc,heap        ] GC(321) ParOldGen: 2495443K(2495488K)->2505204K(2505216K)
[7873.910s][info ][gc,metaspace   ] GC(321) Metaspace: 114056K(115392K)->114056K(115392K) NonClass: 97546K(98304K)->97546K(98304K) Class: 16509K(17088K)->16509K(17088K)
[7873.910s][info ][gc             ] GC(321) Pause Young (Allocation Failure) 4390M->2463M(4446M) 17.839ms
[7873.910s][info ][gc,cpu         ] GC(321) User=0.05s Sys=0.01s Real=0.02s
[7873.910s][info ][safepoint      ] Safepoint "ParallelCollectForAllocation", Time since last: 12721555238 ns, Reaching safepoint: 81300 ns, At safepoint: 17909315 ns, Leaving safepoint: 11400 ns, Total: 18002015 ns, Threads: 2 runnable, 41 total
[7893.192s][info ][gc,start       ] GC(322) Pause Young (Allocation Failure)
[7893.205s][debug][gc,phases      ] GC(322) Scavenge 13.175ms
[7893.205s][debug][gc,ref         ] GC(322) ReferenceProcessor::execute queues: 1, RefProcThreadModel::Single, marks_oops_alive: false
[7893.205s][debug][gc,ref         ] GC(322) Skipped KeepAliveFinalRefsPhase of Reference Processing: no references
[7893.205s][debug][gc,ref         ] GC(322) Skipped PhantomRefsPhase of Reference Processing: no references
[7893.205s][debug][gc,phases      ] GC(322) Reference Processing 0.117ms
[7893.206s][debug][gc,phases      ] GC(322)   VM Weak                        Min: 0.00, Avg: 0.00, Max: 0.01, Diff: 0.01, Sum: 0.01, Workers: 4
[7893.206s][debug][gc,phases      ] GC(322)     Dead                           Min: 0, Avg:  0.0, Max: 0, Diff: 0, Sum: 0, Workers: 4
[7893.206s][debug][gc,phases      ] GC(322)     Total                          Min: 0, Avg: 243.0, Max: 832, Diff: 832, Sum: 972, Workers: 4
[7893.206s][debug][gc,phases      ] GC(322)   ObjectSynchronizer Weak        Min: 0.00, Avg: 0.00, Max: 0.00, Diff: 0.00, Sum: 0.00, Workers: 4
[7893.206s][debug][gc,phases      ] GC(322)     Dead                           Min: 0, Avg:  0.0, Max: 0, Diff: 0, Sum: 0, Workers: 4
[7893.206s][debug][gc,phases      ] GC(322)     Total                          Min: 0, Avg:  1.5, Max: 6, Diff: 6, Sum: 6, Workers: 4
[7893.206s][debug][gc,phases      ] GC(322)   JVMTI Tag Weak OopStorage      Min: 0.00, Avg: 0.00, Max: 0.00, Diff: 0.00, Sum: 0.00, Workers: 4
[7893.206s][debug][gc,phases      ] GC(322)     Dead                           Min: 0, Avg:  0.0, Max: 0, Diff: 0, Sum: 0, Workers: 4
[7893.206s][debug][gc,phases      ] GC(322)     Total                          Min: 0, Avg:  0.0, Max: 0, Diff: 0, Sum: 0, Workers: 4
[7893.206s][debug][gc,phases      ] GC(322)   StringTable Weak               Min: 0.00, Avg: 0.09, Max: 0.12, Diff: 0.12, Sum: 0.37, Workers: 4
[7893.206s][debug][gc,phases      ] GC(322)     Dead                           Min: 0, Avg:  0.0, Max: 0, Diff: 0, Sum: 0, Workers: 4
[7893.206s][debug][gc,phases      ] GC(322)     Total                          Min: 0, Avg: 12904.0, Max: 22560, Diff: 22560, Sum: 51616, Workers: 4
[7893.206s][debug][gc,phases      ] GC(322)   ResolvedMethodTable Weak       Min: 0.00, Avg: 0.03, Max: 0.04, Diff: 0.04, Sum: 0.13, Workers: 4
[7893.206s][debug][gc,phases      ] GC(322)     Dead                           Min: 0, Avg:  5.0, Max: 20, Diff: 20, Sum: 20, Workers: 4
[7893.206s][debug][gc,phases      ] GC(322)     Total                          Min: 0, Avg: 4405.2, Max: 7593, Diff: 7593, Sum: 17621, Workers: 4
[7893.206s][debug][gc,phases      ] GC(322)   JNI Weak                       Min: 0.00, Avg: 0.00, Max: 0.00, Diff: 0.00, Sum: 0.00, Workers: 4
[7893.206s][debug][gc,phases      ] GC(322)     Dead                           Min: 0, Avg:  0.0, Max: 0, Diff: 0, Sum: 0, Workers: 4
[7893.206s][debug][gc,phases      ] GC(322)     Total                          Min: 0, Avg: 13.0, Max: 48, Diff: 48, Sum: 52, Workers: 4
[7893.206s][debug][gc,phases      ] GC(322)   StringDedup Table Weak         Min: 0.00, Avg: 0.00, Max: 0.00, Diff: 0.00, Sum: 0.00, Workers: 4
[7893.206s][debug][gc,phases      ] GC(322)     Dead                           Min: 0, Avg:  0.0, Max: 0, Diff: 0, Sum: 0, Workers: 4
[7893.206s][debug][gc,phases      ] GC(322)     Total                          Min: 0, Avg:  0.0, Max: 0, Diff: 0, Sum: 0, Workers: 4
[7893.206s][debug][gc,phases      ] GC(322)   StringDedup Requests0 Weak     Min: 0.00, Avg: 0.00, Max: 0.00, Diff: 0.00, Sum: 0.00, Workers: 4
[7893.206s][debug][gc,phases      ] GC(322)     Dead                           Min: 0, Avg:  0.0, Max: 0, Diff: 0, Sum: 0, Workers: 4
[7893.206s][debug][gc,phases      ] GC(322)     Total                          Min: 0, Avg:  0.0, Max: 0, Diff: 0, Sum: 0, Workers: 4
[7893.206s][debug][gc,phases      ] GC(322)   StringDedup Requests1 Weak     Min: 0.00, Avg: 0.00, Max: 0.00, Diff: 0.00, Sum: 0.00, Workers: 4
[7893.206s][debug][gc,phases      ] GC(322)     Dead                           Min: 0, Avg:  0.0, Max: 0, Diff: 0, Sum: 0, Workers: 4
[7893.206s][debug][gc,phases      ] GC(322)     Total                          Min: 0, Avg:  0.0, Max: 0, Diff: 0, Sum: 0, Workers: 4
[7893.206s][debug][gc,phases      ] GC(322)   Weak JFR Old Object Samples    Min: 0.00, Avg: 0.00, Max: 0.00, Diff: 0.00, Sum: 0.00, Workers: 4
[7893.206s][debug][gc,phases      ] GC(322)     Dead                           Min: 0, Avg:  0.0, Max: 0, Diff: 0, Sum: 0, Workers: 4
[7893.206s][debug][gc,phases      ] GC(322)     Total                          Min: 0, Avg:  0.0, Max: 0, Diff: 0, Sum: 0, Workers: 4
[7893.206s][debug][gc,phases      ] GC(322) Weak Processing 0.343ms
[7893.206s][debug][gc,age         ] GC(322) Desired survivor size 49807360 bytes, new threshold 1 (max threshold 15)
[7893.206s][info ][gc,heap        ] GC(322) PSYoungGen: 2012832K(2048000K)->4000K(2044416K) Eden: 1995264K(1995264K)->0K(1995264K) From: 17568K(52736K)->4000K(49152K)
[7893.206s][info ][gc,heap        ] GC(322) ParOldGen: 2505204K(2505216K)->2520949K(2521088K)
[7893.206s][info ][gc,metaspace   ] GC(322) Metaspace: 114061K(115392K)->114061K(115392K) NonClass: 97551K(98304K)->97551K(98304K) Class: 16509K(17088K)->16509K(17088K)
[7893.206s][info ][gc             ] GC(322) Pause Young (Allocation Failure) 4412M->2465M(4458M) 13.767ms
[7893.206s][info ][gc,cpu         ] GC(322) User=0.04s Sys=0.01s Real=0.01s
[7893.206s][info ][safepoint      ] Safepoint "ParallelCollectForAllocation", Time since last: 19281889855 ns, Reaching safepoint: 85099 ns, At safepoint: 13834834 ns, Leaving safepoint: 11300 ns, Total: 13931233 ns, Threads: 2 runnable, 38 total
[7912.293s][info ][gc,start       ] GC(323) Pause Young (Allocation Failure)
[7912.301s][debug][gc,phases      ] GC(323) Scavenge 8.060ms
[7912.301s][debug][gc,ref         ] GC(323) ReferenceProcessor::execute queues: 1, RefProcThreadModel::Single, marks_oops_alive: false
[7912.301s][debug][gc,ref         ] GC(323) Skipped KeepAliveFinalRefsPhase of Reference Processing: no references
[7912.301s][debug][gc,ref         ] GC(323) Skipped PhantomRefsPhase of Reference Processing: no references
[7912.301s][debug][gc,phases      ] GC(323) Reference Processing 0.091ms
[7912.301s][debug][gc,phases      ] GC(323)   VM Weak                        Min: 0.00, Avg: 0.00, Max: 0.01, Diff: 0.01, Sum: 0.01, Workers: 4
[7912.301s][debug][gc,phases      ] GC(323)     Dead                           Min: 0, Avg:  0.0, Max: 0, Diff: 0, Sum: 0, Workers: 4
[7912.301s][debug][gc,phases      ] GC(323)     Total                          Min: 0, Avg: 243.0, Max: 780, Diff: 780, Sum: 972, Workers: 4
[7912.301s][debug][gc,phases      ] GC(323)   ObjectSynchronizer Weak        Min: 0.00, Avg: 0.00, Max: 0.00, Diff: 0.00, Sum: 0.00, Workers: 4
[7912.301s][debug][gc,phases      ] GC(323)     Dead                           Min: 0, Avg:  0.0, Max: 0, Diff: 0, Sum: 0, Workers: 4
[7912.301s][debug][gc,phases      ] GC(323)     Total                          Min: 0, Avg:  1.5, Max: 6, Diff: 6, Sum: 6, Workers: 4
[7912.301s][debug][gc,phases      ] GC(323)   JVMTI Tag Weak OopStorage      Min: 0.00, Avg: 0.00, Max: 0.00, Diff: 0.00, Sum: 0.00, Workers: 4
[7912.301s][debug][gc,phases      ] GC(323)     Dead                           Min: 0, Avg:  0.0, Max: 0, Diff: 0, Sum: 0, Workers: 4
[7912.301s][debug][gc,phases      ] GC(323)     Total                          Min: 0, Avg:  0.0, Max: 0, Diff: 0, Sum: 0, Workers: 4
[7912.301s][debug][gc,phases      ] GC(323)   StringTable Weak               Min: 0.00, Avg: 0.09, Max: 0.13, Diff: 0.13, Sum: 0.38, Workers: 4
[7912.301s][debug][gc,phases      ] GC(323)     Dead                           Min: 0, Avg:  0.0, Max: 0, Diff: 0, Sum: 0, Workers: 4
[7912.301s][debug][gc,phases      ] GC(323)     Total                          Min: 0, Avg: 12904.0, Max: 21952, Diff: 21952, Sum: 51616, Workers: 4
[7912.301s][debug][gc,phases      ] GC(323)   ResolvedMethodTable Weak       Min: 0.00, Avg: 0.03, Max: 0.04, Diff: 0.04, Sum: 0.13, Workers: 4
[7912.301s][debug][gc,phases      ] GC(323)     Dead                           Min: 0, Avg:  0.0, Max: 0, Diff: 0, Sum: 0, Workers: 4
[7912.301s][debug][gc,phases      ] GC(323)     Total                          Min: 0, Avg: 4405.2, Max: 7552, Diff: 7552, Sum: 17621, Workers: 4
[7912.301s][debug][gc,phases      ] GC(323)   JNI Weak                       Min: 0.00, Avg: 0.00, Max: 0.00, Diff: 0.00, Sum: 0.00, Workers: 4
[7912.301s][debug][gc,phases      ] GC(323)     Dead                           Min: 0, Avg:  0.0, Max: 0, Diff: 0, Sum: 0, Workers: 4
[7912.301s][debug][gc,phases      ] GC(323)     Total                          Min: 0, Avg: 13.0, Max: 48, Diff: 48, Sum: 52, Workers: 4
[7912.301s][debug][gc,phases      ] GC(323)   StringDedup Table Weak         Min: 0.00, Avg: 0.00, Max: 0.00, Diff: 0.00, Sum: 0.00, Workers: 4
[7912.301s][debug][gc,phases      ] GC(323)     Dead                           Min: 0, Avg:  0.0, Max: 0, Diff: 0, Sum: 0, Workers: 4
[7912.301s][debug][gc,phases      ] GC(323)     Total                          Min: 0, Avg:  0.0, Max: 0, Diff: 0, Sum: 0, Workers: 4
[7912.301s][debug][gc,phases      ] GC(323)   StringDedup Requests0 Weak     Min: 0.00, Avg: 0.00, Max: 0.00, Diff: 0.00, Sum: 0.00, Workers: 4
[7912.301s][debug][gc,phases      ] GC(323)     Dead                           Min: 0, Avg:  0.0, Max: 0, Diff: 0, Sum: 0, Workers: 4
[7912.301s][debug][gc,phases      ] GC(323)     Total                          Min: 0, Avg:  0.0, Max: 0, Diff: 0, Sum: 0, Workers: 4
[7912.301s][debug][gc,phases      ] GC(323)   StringDedup Requests1 Weak     Min: 0.00, Avg: 0.00, Max: 0.00, Diff: 0.00, Sum: 0.00, Workers: 4
[7912.301s][debug][gc,phases      ] GC(323)     Dead                           Min: 0, Avg:  0.0, Max: 0, Diff: 0, Sum: 0, Workers: 4
[7912.301s][debug][gc,phases      ] GC(323)     Total                          Min: 0, Avg:  0.0, Max: 0, Diff: 0, Sum: 0, Workers: 4
[7912.301s][debug][gc,phases      ] GC(323)   Weak JFR Old Object Samples    Min: 0.00, Avg: 0.00, Max: 0.00, Diff: 0.00, Sum: 0.00, Workers: 4
[7912.301s][debug][gc,phases      ] GC(323)     Dead                           Min: 0, Avg:  0.0, Max: 0, Diff: 0, Sum: 0, Workers: 4
[7912.301s][debug][gc,phases      ] GC(323)     Total                          Min: 0, Avg:  0.0, Max: 0, Diff: 0, Sum: 0, Workers: 4
[7912.301s][debug][gc,phases      ] GC(323) Weak Processing 0.348ms
[7912.301s][debug][gc,age         ] GC(323) Desired survivor size 48758784 bytes, new threshold 1 (max threshold 15)
[7912.301s][info ][gc,heap        ] GC(323) PSYoungGen: 1999264K(2044416K)->4240K(2049536K) Eden: 1995264K(1995264K)->0K(2000896K) From: 4000K(49152K)->4240K(48640K)
[7912.301s][info ][gc,heap        ] GC(323) ParOldGen: 2520949K(2521088K)->2521729K(2522112K)
[7912.301s][info ][gc,metaspace   ] GC(323) Metaspace: 114061K(115392K)->114061K(115392K) NonClass: 97552K(98304K)->97552K(98304K) Class: 16509K(17088K)->16509K(17088K)
[7912.301s][info ][gc             ] GC(323) Pause Young (Allocation Failure) 4414M->2466M(4464M) 8.607ms
[7912.301s][info ][gc,cpu         ] GC(323) User=0.03s Sys=0.01s Real=0.01s
[7912.301s][info ][safepoint      ] Safepoint "ParallelCollectForAllocation", Time since last: 19086685178 ns, Reaching safepoint: 106199 ns, At safepoint: 8667959 ns, Leaving safepoint: 26100 ns, Total: 8800258 ns, Threads: 1 runnable, 37 total
[7930.394s][info ][gc,start       ] GC(324) Pause Young (Allocation Failure)
[7930.403s][debug][gc,phases      ] GC(324) Scavenge 9.701ms
[7930.403s][debug][gc,ref         ] GC(324) ReferenceProcessor::execute queues: 1, RefProcThreadModel::Single, marks_oops_alive: false
[7930.403s][debug][gc,ref         ] GC(324) Skipped KeepAliveFinalRefsPhase of Reference Processing: no references
[7930.403s][debug][gc,ref         ] GC(324) Skipped PhantomRefsPhase of Reference Processing: no references
[7930.403s][debug][gc,phases      ] GC(324) Reference Processing 0.095ms
[7930.404s][debug][gc,phases      ] GC(324)   VM Weak                        Min: 0.00, Avg: 0.00, Max: 0.01, Diff: 0.01, Sum: 0.01, Workers: 4
[7930.404s][debug][gc,phases      ] GC(324)     Dead                           Min: 0, Avg:  0.0, Max: 0, Diff: 0, Sum: 0, Workers: 4
[7930.404s][debug][gc,phases      ] GC(324)     Total                          Min: 0, Avg: 243.0, Max: 640, Diff: 640, Sum: 972, Workers: 4
[7930.404s][debug][gc,phases      ] GC(324)   ObjectSynchronizer Weak        Min: 0.00, Avg: 0.00, Max: 0.00, Diff: 0.00, Sum: 0.00, Workers: 4
[7930.404s][debug][gc,phases      ] GC(324)     Dead                           Min: 0, Avg:  0.0, Max: 0, Diff: 0, Sum: 0, Workers: 4
[7930.404s][debug][gc,phases      ] GC(324)     Total                          Min: 0, Avg:  1.5, Max: 6, Diff: 6, Sum: 6, Workers: 4
[7930.404s][debug][gc,phases      ] GC(324)   JVMTI Tag Weak OopStorage      Min: 0.00, Avg: 0.00, Max: 0.00, Diff: 0.00, Sum: 0.00, Workers: 4
[7930.404s][debug][gc,phases      ] GC(324)     Dead                           Min: 0, Avg:  0.0, Max: 0, Diff: 0, Sum: 0, Workers: 4
[7930.404s][debug][gc,phases      ] GC(324)     Total                          Min: 0, Avg:  0.0, Max: 0, Diff: 0, Sum: 0, Workers: 4
[7930.404s][debug][gc,phases      ] GC(324)   StringTable Weak               Min: 0.01, Avg: 0.11, Max: 0.14, Diff: 0.13, Sum: 0.43, Workers: 4
[7930.404s][debug][gc,phases      ] GC(324)     Dead                           Min: 0, Avg:  0.0, Max: 0, Diff: 0, Sum: 0, Workers: 4
[7930.404s][debug][gc,phases      ] GC(324)     Total                          Min: 1152, Avg: 12904.0, Max: 18528, Diff: 17376, Sum: 51616, Workers: 4
[7930.404s][debug][gc,phases      ] GC(324)   ResolvedMethodTable Weak       Min: 0.04, Avg: 0.04, Max: 0.04, Diff: 0.00, Sum: 0.15, Workers: 4
[7930.404s][debug][gc,phases      ] GC(324)     Dead                           Min: 0, Avg:  5.0, Max: 20, Diff: 20, Sum: 20, Workers: 4
[7930.404s][debug][gc,phases      ] GC(324)     Total                          Min: 4268, Avg: 4405.2, Max: 4521, Diff: 253, Sum: 17621, Workers: 4
[7930.404s][debug][gc,phases      ] GC(324)   JNI Weak                       Min: 0.00, Avg: 0.00, Max: 0.00, Diff: 0.00, Sum: 0.00, Workers: 4
[7930.404s][debug][gc,phases      ] GC(324)     Dead                           Min: 0, Avg:  0.0, Max: 0, Diff: 0, Sum: 0, Workers: 4
[7930.404s][debug][gc,phases      ] GC(324)     Total                          Min: 0, Avg: 13.0, Max: 48, Diff: 48, Sum: 52, Workers: 4
[7930.404s][debug][gc,phases      ] GC(324)   StringDedup Table Weak         Min: 0.00, Avg: 0.00, Max: 0.00, Diff: 0.00, Sum: 0.00, Workers: 4
[7930.404s][debug][gc,phases      ] GC(324)     Dead                           Min: 0, Avg:  0.0, Max: 0, Diff: 0, Sum: 0, Workers: 4
[7930.404s][debug][gc,phases      ] GC(324)     Total                          Min: 0, Avg:  0.0, Max: 0, Diff: 0, Sum: 0, Workers: 4
[7930.404s][debug][gc,phases      ] GC(324)   StringDedup Requests0 Weak     Min: 0.00, Avg: 0.00, Max: 0.00, Diff: 0.00, Sum: 0.00, Workers: 4
[7930.404s][debug][gc,phases      ] GC(324)     Dead                           Min: 0, Avg:  0.0, Max: 0, Diff: 0, Sum: 0, Workers: 4
[7930.404s][debug][gc,phases      ] GC(324)     Total                          Min: 0, Avg:  0.0, Max: 0, Diff: 0, Sum: 0, Workers: 4
[7930.404s][debug][gc,phases      ] GC(324)   StringDedup Requests1 Weak     Min: 0.00, Avg: 0.00, Max: 0.00, Diff: 0.00, Sum: 0.00, Workers: 4
[7930.404s][debug][gc,phases      ] GC(324)     Dead                           Min: 0, Avg:  0.0, Max: 0, Diff: 0, Sum: 0, Workers: 4
[7930.404s][debug][gc,phases      ] GC(324)     Total                          Min: 0, Avg:  0.0, Max: 0, Diff: 0, Sum: 0, Workers: 4
[7930.404s][debug][gc,phases      ] GC(324)   Weak JFR Old Object Samples    Min: 0.00, Avg: 0.00, Max: 0.00, Diff: 0.00, Sum: 0.00, Workers: 4
[7930.404s][debug][gc,phases      ] GC(324)     Dead                           Min: 0, Avg:  0.0, Max: 0, Diff: 0, Sum: 0, Workers: 4
[7930.404s][debug][gc,phases      ] GC(324)     Total                          Min: 0, Avg:  0.0, Max: 0, Diff: 0, Sum: 0, Workers: 4
[7930.404s][debug][gc,phases      ] GC(324) Weak Processing 0.380ms
[7930.404s][debug][gc,age         ] GC(324) Desired survivor size 46661632 bytes, new threshold 1 (max threshold 15)
[7930.404s][info ][gc,heap        ] GC(324) PSYoungGen: 2005136K(2049536K)->6752K(2048512K) Eden: 2000896K(2000896K)->0K(2000896K) From: 4240K(48640K)->6752K(47616K)
[7930.404s][info ][gc,heap        ] GC(324) ParOldGen: 2521729K(2522112K)->2522837K(2523136K)
[7930.404s][info ][gc,metaspace   ] GC(324) Metaspace: 114062K(115392K)->114062K(115392K) NonClass: 97552K(98304K)->97552K(98304K) Class: 16509K(17088K)->16509K(17088K)
[7930.404s][info ][gc             ] GC(324) Pause Young (Allocation Failure) 4420M->2470M(4464M) 10.330ms
[7930.404s][info ][gc,cpu         ] GC(324) User=0.03s Sys=0.00s Real=0.01s
[7930.404s][info ][safepoint      ] Safepoint "ParallelCollectForAllocation", Time since last: 18092108676 ns, Reaching safepoint: 83099 ns, At safepoint: 10395151 ns, Leaving safepoint: 12100 ns, Total: 10490350 ns, Threads: 1 runnable, 35 total
[7948.800s][info ][gc,start       ] GC(325) Pause Young (Allocation Failure)
[7948.807s][debug][gc,phases      ] GC(325) Scavenge 6.986ms
[7948.807s][debug][gc,ref         ] GC(325) ReferenceProcessor::execute queues: 1, RefProcThreadModel::Single, marks_oops_alive: false
[7948.807s][debug][gc,ref         ] GC(325) Skipped KeepAliveFinalRefsPhase of Reference Processing: no references
[7948.807s][debug][gc,ref         ] GC(325) Skipped PhantomRefsPhase of Reference Processing: no references
[7948.807s][debug][gc,phases      ] GC(325) Reference Processing 0.100ms
[7948.807s][debug][gc,phases      ] GC(325)   VM Weak                        Min: 0.00, Avg: 0.00, Max: 0.01, Diff: 0.01, Sum: 0.01, Workers: 4
[7948.807s][debug][gc,phases      ] GC(325)     Dead                           Min: 0, Avg:  0.0, Max: 0, Diff: 0, Sum: 0, Workers: 4
[7948.807s][debug][gc,phases      ] GC(325)     Total                          Min: 0, Avg: 243.0, Max: 576, Diff: 576, Sum: 972, Workers: 4
[7948.807s][debug][gc,phases      ] GC(325)   ObjectSynchronizer Weak        Min: 0.00, Avg: 0.00, Max: 0.00, Diff: 0.00, Sum: 0.00, Workers: 4
[7948.807s][debug][gc,phases      ] GC(325)     Dead                           Min: 0, Avg:  0.0, Max: 0, Diff: 0, Sum: 0, Workers: 4
[7948.807s][debug][gc,phases      ] GC(325)     Total                          Min: 0, Avg:  1.5, Max: 6, Diff: 6, Sum: 6, Workers: 4
[7948.807s][debug][gc,phases      ] GC(325)   JVMTI Tag Weak OopStorage      Min: 0.00, Avg: 0.00, Max: 0.00, Diff: 0.00, Sum: 0.00, Workers: 4
[7948.807s][debug][gc,phases      ] GC(325)     Dead                           Min: 0, Avg:  0.0, Max: 0, Diff: 0, Sum: 0, Workers: 4
[7948.807s][debug][gc,phases      ] GC(325)     Total                          Min: 0, Avg:  0.0, Max: 0, Diff: 0, Sum: 0, Workers: 4
[7948.807s][debug][gc,phases      ] GC(325)   StringTable Weak               Min: 0.00, Avg: 0.09, Max: 0.13, Diff: 0.13, Sum: 0.38, Workers: 4
[7948.807s][debug][gc,phases      ] GC(325)     Dead                           Min: 0, Avg:  0.0, Max: 0, Diff: 0, Sum: 0, Workers: 4
[7948.807s][debug][gc,phases      ] GC(325)     Total                          Min: 0, Avg: 12905.0, Max: 22400, Diff: 22400, Sum: 51620, Workers: 4
[7948.807s][debug][gc,phases      ] GC(325)   ResolvedMethodTable Weak       Min: 0.00, Avg: 0.03, Max: 0.05, Diff: 0.05, Sum: 0.14, Workers: 4
[7948.807s][debug][gc,phases      ] GC(325)     Dead                           Min: 0, Avg:  5.0, Max: 20, Diff: 20, Sum: 20, Workers: 4
[7948.807s][debug][gc,phases      ] GC(325)     Total                          Min: 0, Avg: 4405.2, Max: 8172, Diff: 8172, Sum: 17621, Workers: 4
[7948.807s][debug][gc,phases      ] GC(325)   JNI Weak                       Min: 0.00, Avg: 0.00, Max: 0.00, Diff: 0.00, Sum: 0.00, Workers: 4
[7948.807s][debug][gc,phases      ] GC(325)     Dead                           Min: 0, Avg:  0.0, Max: 0, Diff: 0, Sum: 0, Workers: 4
[7948.807s][debug][gc,phases      ] GC(325)     Total                          Min: 0, Avg: 13.0, Max: 48, Diff: 48, Sum: 52, Workers: 4
[7948.807s][debug][gc,phases      ] GC(325)   StringDedup Table Weak         Min: 0.00, Avg: 0.00, Max: 0.00, Diff: 0.00, Sum: 0.00, Workers: 4
[7948.807s][debug][gc,phases      ] GC(325)     Dead                           Min: 0, Avg:  0.0, Max: 0, Diff: 0, Sum: 0, Workers: 4
[7948.807s][debug][gc,phases      ] GC(325)     Total                          Min: 0, Avg:  0.0, Max: 0, Diff: 0, Sum: 0, Workers: 4
[7948.807s][debug][gc,phases      ] GC(325)   StringDedup Requests0 Weak     Min: 0.00, Avg: 0.00, Max: 0.00, Diff: 0.00, Sum: 0.00, Workers: 4
[7948.807s][debug][gc,phases      ] GC(325)     Dead                           Min: 0, Avg:  0.0, Max: 0, Diff: 0, Sum: 0, Workers: 4
[7948.807s][debug][gc,phases      ] GC(325)     Total                          Min: 0, Avg:  0.0, Max: 0, Diff: 0, Sum: 0, Workers: 4
[7948.807s][debug][gc,phases      ] GC(325)   StringDedup Requests1 Weak     Min: 0.00, Avg: 0.00, Max: 0.00, Diff: 0.00, Sum: 0.00, Workers: 4
[7948.807s][debug][gc,phases      ] GC(325)     Dead                           Min: 0, Avg:  0.0, Max: 0, Diff: 0, Sum: 0, Workers: 4
[7948.807s][debug][gc,phases      ] GC(325)     Total                          Min: 0, Avg:  0.0, Max: 0, Diff: 0, Sum: 0, Workers: 4
[7948.807s][debug][gc,phases      ] GC(325)   Weak JFR Old Object Samples    Min: 0.00, Avg: 0.00, Max: 0.00, Diff: 0.00, Sum: 0.00, Workers: 4
[7948.807s][debug][gc,phases      ] GC(325)     Dead                           Min: 0, Avg:  0.0, Max: 0, Diff: 0, Sum: 0, Workers: 4
[7948.807s][debug][gc,phases      ] GC(325)     Total                          Min: 0, Avg:  0.0, Max: 0, Diff: 0, Sum: 0, Workers: 4
[7948.807s][debug][gc,phases      ] GC(325) Weak Processing 0.361ms
[7948.807s][debug][gc,age         ] GC(325) Desired survivor size 45613056 bytes, new threshold 1 (max threshold 15)
[7948.807s][info ][gc,heap        ] GC(325) PSYoungGen: 2007648K(2048512K)->3840K(2052608K) Eden: 2000896K(2000896K)->0K(2007040K) From: 6752K(47616K)->3840K(45568K)
[7948.807s][info ][gc,heap        ] GC(325) ParOldGen: 2522837K(2523136K)->2526282K(2526720K)
[7948.807s][info ][gc,metaspace   ] GC(325) Metaspace: 114062K(115392K)->114062K(115392K) NonClass: 97552K(98304K)->97552K(98304K) Class: 16509K(17088K)->16509K(17088K)
[7948.807s][info ][gc             ] GC(325) Pause Young (Allocation Failure) 4424M->2470M(4472M) 7.540ms
[7948.807s][info ][gc,cpu         ] GC(325) User=0.02s Sys=0.01s Real=0.00s
[7948.807s][info ][safepoint      ] Safepoint "ParallelCollectForAllocation", Time since last: 18395842370 ns, Reaching safepoint: 36600 ns, At safepoint: 7599163 ns, Leaving safepoint: 2500 ns, Total: 7638263 ns, Threads: 0 runnable, 34 total
[7968.192s][info ][gc,start       ] GC(326) Pause Young (Allocation Failure)
[7968.200s][debug][gc,phases      ] GC(326) Scavenge 7.834ms
[7968.200s][debug][gc,ref         ] GC(326) ReferenceProcessor::execute queues: 1, RefProcThreadModel::Single, marks_oops_alive: false
[7968.200s][debug][gc,ref         ] GC(326) Skipped KeepAliveFinalRefsPhase of Reference Processing: no references
[7968.200s][debug][gc,ref         ] GC(326) Skipped PhantomRefsPhase of Reference Processing: no references
[7968.200s][debug][gc,phases      ] GC(326) Reference Processing 0.128ms
[7968.200s][debug][gc,phases      ] GC(326)   VM Weak                        Min: 0.00, Avg: 0.00, Max: 0.01, Diff: 0.01, Sum: 0.01, Workers: 4
[7968.200s][debug][gc,phases      ] GC(326)     Dead                           Min: 0, Avg:  0.0, Max: 0, Diff: 0, Sum: 0, Workers: 4
[7968.200s][debug][gc,phases      ] GC(326)     Total                          Min: 0, Avg: 243.0, Max: 588, Diff: 588, Sum: 972, Workers: 4
[7968.200s][debug][gc,phases      ] GC(326)   ObjectSynchronizer Weak        Min: 0.00, Avg: 0.00, Max: 0.00, Diff: 0.00, Sum: 0.00, Workers: 4
[7968.200s][debug][gc,phases      ] GC(326)     Dead                           Min: 0, Avg:  0.0, Max: 0, Diff: 0, Sum: 0, Workers: 4
[7968.200s][debug][gc,phases      ] GC(326)     Total                          Min: 0, Avg:  1.5, Max: 6, Diff: 6, Sum: 6, Workers: 4
[7968.200s][debug][gc,phases      ] GC(326)   JVMTI Tag Weak OopStorage      Min: 0.00, Avg: 0.00, Max: 0.00, Diff: 0.00, Sum: 0.00, Workers: 4
[7968.200s][debug][gc,phases      ] GC(326)     Dead                           Min: 0, Avg:  0.0, Max: 0, Diff: 0, Sum: 0, Workers: 4
[7968.200s][debug][gc,phases      ] GC(326)     Total                          Min: 0, Avg:  0.0, Max: 0, Diff: 0, Sum: 0, Workers: 4
[7968.200s][debug][gc,phases      ] GC(326)   StringTable Weak               Min: 0.00, Avg: 0.12, Max: 0.16, Diff: 0.16, Sum: 0.48, Workers: 4
[7968.200s][debug][gc,phases      ] GC(326)     Dead                           Min: 0, Avg:  0.0, Max: 0, Diff: 0, Sum: 0, Workers: 4
[7968.201s][debug][gc,phases      ] GC(326)     Total                          Min: 0, Avg: 12905.0, Max: 17508, Diff: 17508, Sum: 51620, Workers: 4
[7968.201s][debug][gc,phases      ] GC(326)   ResolvedMethodTable Weak       Min: 0.00, Avg: 0.04, Max: 0.08, Diff: 0.08, Sum: 0.18, Workers: 4
[7968.201s][debug][gc,phases      ] GC(326)     Dead                           Min: 0, Avg:  5.0, Max: 20, Diff: 20, Sum: 20, Workers: 4
[7968.201s][debug][gc,phases      ] GC(326)     Total                          Min: 0, Avg: 4405.2, Max: 5952, Diff: 5952, Sum: 17621, Workers: 4
[7968.201s][debug][gc,phases      ] GC(326)   JNI Weak                       Min: 0.00, Avg: 0.00, Max: 0.00, Diff: 0.00, Sum: 0.00, Workers: 4
[7968.201s][debug][gc,phases      ] GC(326)     Dead                           Min: 0, Avg:  0.0, Max: 0, Diff: 0, Sum: 0, Workers: 4
[7968.201s][debug][gc,phases      ] GC(326)     Total                          Min: 0, Avg: 13.0, Max: 48, Diff: 48, Sum: 52, Workers: 4
[7968.201s][debug][gc,phases      ] GC(326)   StringDedup Table Weak         Min: 0.00, Avg: 0.00, Max: 0.00, Diff: 0.00, Sum: 0.00, Workers: 4
[7968.201s][debug][gc,phases      ] GC(326)     Dead                           Min: 0, Avg:  0.0, Max: 0, Diff: 0, Sum: 0, Workers: 4
[7968.201s][debug][gc,phases      ] GC(326)     Total                          Min: 0, Avg:  0.0, Max: 0, Diff: 0, Sum: 0, Workers: 4
[7968.201s][debug][gc,phases      ] GC(326)   StringDedup Requests0 Weak     Min: 0.00, Avg: 0.00, Max: 0.00, Diff: 0.00, Sum: 0.00, Workers: 4
[7968.201s][debug][gc,phases      ] GC(326)     Dead                           Min: 0, Avg:  0.0, Max: 0, Diff: 0, Sum: 0, Workers: 4
[7968.201s][debug][gc,phases      ] GC(326)     Total                          Min: 0, Avg:  0.0, Max: 0, Diff: 0, Sum: 0, Workers: 4
[7968.201s][debug][gc,phases      ] GC(326)   StringDedup Requests1 Weak     Min: 0.00, Avg: 0.00, Max: 0.00, Diff: 0.00, Sum: 0.00, Workers: 4
[7968.201s][debug][gc,phases      ] GC(326)     Dead                           Min: 0, Avg:  0.0, Max: 0, Diff: 0, Sum: 0, Workers: 4
[7968.201s][debug][gc,phases      ] GC(326)     Total                          Min: 0, Avg:  0.0, Max: 0, Diff: 0, Sum: 0, Workers: 4
[7968.201s][debug][gc,phases      ] GC(326)   Weak JFR Old Object Samples    Min: 0.00, Avg: 0.00, Max: 0.00, Diff: 0.00, Sum: 0.00, Workers: 4
[7968.201s][debug][gc,phases      ] GC(326)     Dead                           Min: 0, Avg:  0.0, Max: 0, Diff: 0, Sum: 0, Workers: 4
[7968.201s][debug][gc,phases      ] GC(326)     Total                          Min: 0, Avg:  0.0, Max: 0, Diff: 0, Sum: 0, Workers: 4
[7968.201s][debug][gc,phases      ] GC(326) Weak Processing 0.453ms
[7968.201s][debug][gc,age         ] GC(326) Desired survivor size 44040192 bytes, new threshold 1 (max threshold 15)
[7968.201s][info ][gc,heap        ] GC(326) PSYoungGen: 2010880K(2052608K)->3984K(2051584K) Eden: 2007040K(2007040K)->0K(2007040K) From: 3840K(45568K)->3984K(44544K)
[7968.201s][info ][gc,heap        ] GC(326) ParOldGen: 2526282K(2526720K)->2527270K(2527744K)
[7968.201s][info ][gc,metaspace   ] GC(326) Metaspace: 114062K(115392K)->114062K(115392K) NonClass: 97552K(98304K)->97552K(98304K) Class: 16509K(17088K)->16509K(17088K)
[7968.201s][info ][gc             ] GC(326) Pause Young (Allocation Failure) 4430M->2471M(4472M) 8.540ms
[7968.201s][info ][gc,cpu         ] GC(326) User=0.03s Sys=0.00s Real=0.01s
[7968.201s][info ][safepoint      ] Safepoint "ParallelCollectForAllocation", Time since last: 19384572611 ns, Reaching safepoint: 81700 ns, At safepoint: 8606358 ns, Leaving safepoint: 13300 ns, Total: 8701358 ns, Threads: 2 runnable, 34 total
[7987.209s][info ][gc,start       ] GC(327) Pause Young (Allocation Failure)
[7987.215s][debug][gc,phases      ] GC(327) Scavenge 5.805ms
[7987.215s][debug][gc,ref         ] GC(327) ReferenceProcessor::execute queues: 1, RefProcThreadModel::Single, marks_oops_alive: false
[7987.215s][debug][gc,ref         ] GC(327) Skipped KeepAliveFinalRefsPhase of Reference Processing: no references
[7987.215s][debug][gc,ref         ] GC(327) Skipped PhantomRefsPhase of Reference Processing: no references
[7987.215s][debug][gc,phases      ] GC(327) Reference Processing 0.090ms
[7987.215s][debug][gc,phases      ] GC(327)   VM Weak                        Min: 0.00, Avg: 0.00, Max: 0.01, Diff: 0.01, Sum: 0.01, Workers: 4
[7987.215s][debug][gc,phases      ] GC(327)     Dead                           Min: 0, Avg:  0.0, Max: 0, Diff: 0, Sum: 0, Workers: 4
[7987.215s][debug][gc,phases      ] GC(327)     Total                          Min: 0, Avg: 243.0, Max: 832, Diff: 832, Sum: 972, Workers: 4
[7987.215s][debug][gc,phases      ] GC(327)   ObjectSynchronizer Weak        Min: 0.00, Avg: 0.00, Max: 0.00, Diff: 0.00, Sum: 0.00, Workers: 4
[7987.215s][debug][gc,phases      ] GC(327)     Dead                           Min: 0, Avg:  0.0, Max: 0, Diff: 0, Sum: 0, Workers: 4
[7987.215s][debug][gc,phases      ] GC(327)     Total                          Min: 0, Avg:  1.5, Max: 6, Diff: 6, Sum: 6, Workers: 4
[7987.215s][debug][gc,phases      ] GC(327)   JVMTI Tag Weak OopStorage      Min: 0.00, Avg: 0.00, Max: 0.00, Diff: 0.00, Sum: 0.00, Workers: 4
[7987.215s][debug][gc,phases      ] GC(327)     Dead                           Min: 0, Avg:  0.0, Max: 0, Diff: 0, Sum: 0, Workers: 4
[7987.215s][debug][gc,phases      ] GC(327)     Total                          Min: 0, Avg:  0.0, Max: 0, Diff: 0, Sum: 0, Workers: 4
[7987.215s][debug][gc,phases      ] GC(327)   StringTable Weak               Min: 0.00, Avg: 0.09, Max: 0.13, Diff: 0.13, Sum: 0.38, Workers: 4
[7987.215s][debug][gc,phases      ] GC(327)     Dead                           Min: 0, Avg:  0.0, Max: 0, Diff: 0, Sum: 0, Workers: 4
[7987.215s][debug][gc,phases      ] GC(327)     Total                          Min: 0, Avg: 12905.0, Max: 21796, Diff: 21796, Sum: 51620, Workers: 4
[7987.215s][debug][gc,phases      ] GC(327)   ResolvedMethodTable Weak       Min: 0.00, Avg: 0.04, Max: 0.06, Diff: 0.06, Sum: 0.16, Workers: 4
[7987.215s][debug][gc,phases      ] GC(327)     Dead                           Min: 0, Avg:  0.0, Max: 0, Diff: 0, Sum: 0, Workers: 4
[7987.215s][debug][gc,phases      ] GC(327)     Total                          Min: 0, Avg: 4405.2, Max: 8896, Diff: 8896, Sum: 17621, Workers: 4
[7987.215s][debug][gc,phases      ] GC(327)   JNI Weak                       Min: 0.00, Avg: 0.00, Max: 0.00, Diff: 0.00, Sum: 0.00, Workers: 4
[7987.215s][debug][gc,phases      ] GC(327)     Dead                           Min: 0, Avg:  0.0, Max: 0, Diff: 0, Sum: 0, Workers: 4
[7987.215s][debug][gc,phases      ] GC(327)     Total                          Min: 0, Avg: 13.0, Max: 48, Diff: 48, Sum: 52, Workers: 4
[7987.215s][debug][gc,phases      ] GC(327)   StringDedup Table Weak         Min: 0.00, Avg: 0.00, Max: 0.00, Diff: 0.00, Sum: 0.00, Workers: 4
[7987.215s][debug][gc,phases      ] GC(327)     Dead                           Min: 0, Avg:  0.0, Max: 0, Diff: 0, Sum: 0, Workers: 4
[7987.215s][debug][gc,phases      ] GC(327)     Total                          Min: 0, Avg:  0.0, Max: 0, Diff: 0, Sum: 0, Workers: 4
[7987.215s][debug][gc,phases      ] GC(327)   StringDedup Requests0 Weak     Min: 0.00, Avg: 0.00, Max: 0.00, Diff: 0.00, Sum: 0.00, Workers: 4
[7987.215s][debug][gc,phases      ] GC(327)     Dead                           Min: 0, Avg:  0.0, Max: 0, Diff: 0, Sum: 0, Workers: 4
[7987.215s][debug][gc,phases      ] GC(327)     Total                          Min: 0, Avg:  0.0, Max: 0, Diff: 0, Sum: 0, Workers: 4
[7987.215s][debug][gc,phases      ] GC(327)   StringDedup Requests1 Weak     Min: 0.00, Avg: 0.00, Max: 0.00, Diff: 0.00, Sum: 0.00, Workers: 4
[7987.215s][debug][gc,phases      ] GC(327)     Dead                           Min: 0, Avg:  0.0, Max: 0, Diff: 0, Sum: 0, Workers: 4
[7987.215s][debug][gc,phases      ] GC(327)     Total                          Min: 0, Avg:  0.0, Max: 0, Diff: 0, Sum: 0, Workers: 4
[7987.215s][debug][gc,phases      ] GC(327)   Weak JFR Old Object Samples    Min: 0.00, Avg: 0.00, Max: 0.00, Diff: 0.00, Sum: 0.00, Workers: 4
[7987.215s][debug][gc,phases      ] GC(327)     Dead                           Min: 0, Avg:  0.0, Max: 0, Diff: 0, Sum: 0, Workers: 4
[7987.215s][debug][gc,phases      ] GC(327)     Total                          Min: 0, Avg:  0.0, Max: 0, Diff: 0, Sum: 0, Workers: 4
[7987.215s][debug][gc,phases      ] GC(327) Weak Processing 0.441ms
[7987.215s][debug][gc,age         ] GC(327) Desired survivor size 42467328 bytes, new threshold 1 (max threshold 15)
[7987.215s][info ][gc,heap        ] GC(327) PSYoungGen: 2011024K(2051584K)->4176K(2055680K) Eden: 2007040K(2007040K)->0K(2012672K) From: 3984K(44544K)->4176K(43008K)
[7987.215s][info ][gc,heap        ] GC(327) ParOldGen: 2527270K(2527744K)->2528338K(2528768K)
[7987.215s][info ][gc,metaspace   ] GC(327) Metaspace: 114063K(115392K)->114063K(115392K) NonClass: 97553K(98304K)->97553K(98304K) Class: 16509K(17088K)->16509K(17088K)
[7987.215s][info ][gc             ] GC(327) Pause Young (Allocation Failure) 4431M->2473M(4477M) 6.436ms
[7987.215s][info ][gc,cpu         ] GC(327) User=0.02s Sys=0.00s Real=0.00s
[7987.216s][info ][safepoint      ] Safepoint "ParallelCollectForAllocation", Time since last: 19008311009 ns, Reaching safepoint: 28000 ns, At safepoint: 6497269 ns, Leaving safepoint: 2800 ns, Total: 6528069 ns, Threads: 0 runnable, 34 total
[8006.493s][info ][gc,start       ] GC(328) Pause Young (Allocation Failure)
[8006.500s][debug][gc,phases      ] GC(328) Scavenge 7.300ms
[8006.500s][debug][gc,ref         ] GC(328) Skipped SoftWeakFinalRefsPhase of Reference Processing: no references
[8006.500s][debug][gc,ref         ] GC(328) Skipped KeepAliveFinalRefsPhase of Reference Processing: no references
[8006.500s][debug][gc,ref         ] GC(328) Skipped PhantomRefsPhase of Reference Processing: no references
[8006.500s][debug][gc,phases      ] GC(328) Reference Processing 0.033ms
[8006.501s][debug][gc,phases      ] GC(328)   VM Weak                        Min: 0.00, Avg: 0.00, Max: 0.01, Diff: 0.01, Sum: 0.01, Workers: 4
[8006.501s][debug][gc,phases      ] GC(328)     Dead                           Min: 0, Avg:  0.0, Max: 0, Diff: 0, Sum: 0, Workers: 4
[8006.501s][debug][gc,phases      ] GC(328)     Total                          Min: 0, Avg: 243.0, Max: 972, Diff: 972, Sum: 972, Workers: 4
[8006.501s][debug][gc,phases      ] GC(328)   ObjectSynchronizer Weak        Min: 0.00, Avg: 0.00, Max: 0.00, Diff: 0.00, Sum: 0.00, Workers: 4
[8006.501s][debug][gc,phases      ] GC(328)     Dead                           Min: 0, Avg:  0.0, Max: 0, Diff: 0, Sum: 0, Workers: 4
[8006.501s][debug][gc,phases      ] GC(328)     Total                          Min: 0, Avg:  1.5, Max: 6, Diff: 6, Sum: 6, Workers: 4
[8006.501s][debug][gc,phases      ] GC(328)   JVMTI Tag Weak OopStorage      Min: 0.00, Avg: 0.00, Max: 0.00, Diff: 0.00, Sum: 0.00, Workers: 4
[8006.501s][debug][gc,phases      ] GC(328)     Dead                           Min: 0, Avg:  0.0, Max: 0, Diff: 0, Sum: 0, Workers: 4
[8006.501s][debug][gc,phases      ] GC(328)     Total                          Min: 0, Avg:  0.0, Max: 0, Diff: 0, Sum: 0, Workers: 4
[8006.501s][debug][gc,phases      ] GC(328)   StringTable Weak               Min: 0.00, Avg: 0.11, Max: 0.15, Diff: 0.15, Sum: 0.44, Workers: 4
[8006.501s][debug][gc,phases      ] GC(328)     Dead                           Min: 0, Avg:  0.0, Max: 0, Diff: 0, Sum: 0, Workers: 4
[8006.501s][debug][gc,phases      ] GC(328)     Total                          Min: 0, Avg: 12905.0, Max: 17536, Diff: 17536, Sum: 51620, Workers: 4
[8006.501s][debug][gc,phases      ] GC(328)   ResolvedMethodTable Weak       Min: 0.00, Avg: 0.04, Max: 0.05, Diff: 0.05, Sum: 0.15, Workers: 4
[8006.501s][debug][gc,phases      ] GC(328)     Dead                           Min: 0, Avg:  5.0, Max: 20, Diff: 20, Sum: 20, Workers: 4
[8006.501s][debug][gc,phases      ] GC(328)     Total                          Min: 0, Avg: 4405.2, Max: 5952, Diff: 5952, Sum: 17621, Workers: 4
[8006.501s][debug][gc,phases      ] GC(328)   JNI Weak                       Min: 0.00, Avg: 0.00, Max: 0.00, Diff: 0.00, Sum: 0.00, Workers: 4
[8006.501s][debug][gc,phases      ] GC(328)     Dead                           Min: 0, Avg:  0.0, Max: 0, Diff: 0, Sum: 0, Workers: 4
[8006.501s][debug][gc,phases      ] GC(328)     Total                          Min: 0, Avg: 13.0, Max: 48, Diff: 48, Sum: 52, Workers: 4
[8006.501s][debug][gc,phases      ] GC(328)   StringDedup Table Weak         Min: 0.00, Avg: 0.00, Max: 0.00, Diff: 0.00, Sum: 0.00, Workers: 4
[8006.501s][debug][gc,phases      ] GC(328)     Dead                           Min: 0, Avg:  0.0, Max: 0, Diff: 0, Sum: 0, Workers: 4
[8006.501s][debug][gc,phases      ] GC(328)     Total                          Min: 0, Avg:  0.0, Max: 0, Diff: 0, Sum: 0, Workers: 4
[8006.501s][debug][gc,phases      ] GC(328)   StringDedup Requests0 Weak     Min: 0.00, Avg: 0.00, Max: 0.00, Diff: 0.00, Sum: 0.00, Workers: 4
[8006.501s][debug][gc,phases      ] GC(328)     Dead                           Min: 0, Avg:  0.0, Max: 0, Diff: 0, Sum: 0, Workers: 4
[8006.501s][debug][gc,phases      ] GC(328)     Total                          Min: 0, Avg:  0.0, Max: 0, Diff: 0, Sum: 0, Workers: 4
[8006.501s][debug][gc,phases      ] GC(328)   StringDedup Requests1 Weak     Min: 0.00, Avg: 0.00, Max: 0.00, Diff: 0.00, Sum: 0.00, Workers: 4
[8006.501s][debug][gc,phases      ] GC(328)     Dead                           Min: 0, Avg:  0.0, Max: 0, Diff: 0, Sum: 0, Workers: 4
[8006.501s][debug][gc,phases      ] GC(328)     Total                          Min: 0, Avg:  0.0, Max: 0, Diff: 0, Sum: 0, Workers: 4
[8006.501s][debug][gc,phases      ] GC(328)   Weak JFR Old Object Samples    Min: 0.00, Avg: 0.00, Max: 0.00, Diff: 0.00, Sum: 0.00, Workers: 4
[8006.501s][debug][gc,phases      ] GC(328)     Dead                           Min: 0, Avg:  0.0, Max: 0, Diff: 0, Sum: 0, Workers: 4
[8006.501s][debug][gc,phases      ] GC(328)     Total                          Min: 0, Avg:  0.0, Max: 0, Diff: 0, Sum: 0, Workers: 4
[8006.501s][debug][gc,phases      ] GC(328) Weak Processing 0.505ms
[8006.501s][debug][gc,age         ] GC(328) Desired survivor size 40894464 bytes, new threshold 1 (max threshold 15)
[8006.501s][info ][gc,heap        ] GC(328) PSYoungGen: 2016848K(2055680K)->4304K(2054144K) Eden: 2012672K(2012672K)->0K(2012672K) From: 4176K(43008K)->4304K(41472K)
[8006.501s][info ][gc,heap        ] GC(328) ParOldGen: 2528338K(2528768K)->2529619K(2529792K)
[8006.501s][info ][gc,metaspace   ] GC(328) Metaspace: 114065K(115392K)->114065K(115392K) NonClass: 97556K(98304K)->97556K(98304K) Class: 16509K(17088K)->16509K(17088K)
[8006.501s][info ][gc             ] GC(328) Pause Young (Allocation Failure) 4438M->2474M(4476M) 7.996ms
[8006.501s][info ][gc,cpu         ] GC(328) User=0.02s Sys=0.00s Real=0.01s
[8006.501s][info ][safepoint      ] Safepoint "ParallelCollectForAllocation", Time since last: 19277328100 ns, Reaching safepoint: 78200 ns, At safepoint: 8068461 ns, Leaving safepoint: 83699 ns, Total: 8230360 ns, Threads: 1 runnable, 34 total
[8025.893s][info ][gc,start       ] GC(329) Pause Young (Allocation Failure)
[8025.903s][debug][gc,phases      ] GC(329) Scavenge 9.788ms
[8025.903s][debug][gc,ref         ] GC(329) ReferenceProcessor::execute queues: 1, RefProcThreadModel::Single, marks_oops_alive: false
[8025.903s][debug][gc,ref         ] GC(329) Skipped KeepAliveFinalRefsPhase of Reference Processing: no references
[8025.903s][debug][gc,ref         ] GC(329) Skipped PhantomRefsPhase of Reference Processing: no references
[8025.903s][debug][gc,phases      ] GC(329) Reference Processing 0.082ms
[8025.903s][debug][gc,phases      ] GC(329)   VM Weak                        Min: 0.00, Avg: 0.00, Max: 0.01, Diff: 0.01, Sum: 0.01, Workers: 4
[8025.903s][debug][gc,phases      ] GC(329)     Dead                           Min: 0, Avg:  0.0, Max: 0, Diff: 0, Sum: 0, Workers: 4
[8025.903s][debug][gc,phases      ] GC(329)     Total                          Min: 0, Avg: 243.0, Max: 704, Diff: 704, Sum: 972, Workers: 4
[8025.903s][debug][gc,phases      ] GC(329)   ObjectSynchronizer Weak        Min: 0.00, Avg: 0.00, Max: 0.00, Diff: 0.00, Sum: 0.00, Workers: 4
[8025.903s][debug][gc,phases      ] GC(329)     Dead                           Min: 0, Avg:  0.0, Max: 0, Diff: 0, Sum: 0, Workers: 4
[8025.903s][debug][gc,phases      ] GC(329)     Total                          Min: 0, Avg:  1.5, Max: 6, Diff: 6, Sum: 6, Workers: 4
[8025.903s][debug][gc,phases      ] GC(329)   JVMTI Tag Weak OopStorage      Min: 0.00, Avg: 0.00, Max: 0.00, Diff: 0.00, Sum: 0.00, Workers: 4
[8025.903s][debug][gc,phases      ] GC(329)     Dead                           Min: 0, Avg:  0.0, Max: 0, Diff: 0, Sum: 0, Workers: 4
[8025.903s][debug][gc,phases      ] GC(329)     Total                          Min: 0, Avg:  0.0, Max: 0, Diff: 0, Sum: 0, Workers: 4
[8025.903s][debug][gc,phases      ] GC(329)   StringTable Weak               Min: 0.11, Avg: 0.11, Max: 0.11, Diff: 0.01, Sum: 0.45, Workers: 4
[8025.903s][debug][gc,phases      ] GC(329)     Dead                           Min: 0, Avg:  0.0, Max: 0, Diff: 0, Sum: 0, Workers: 4
[8025.903s][debug][gc,phases      ] GC(329)     Total                          Min: 12352, Avg: 12905.0, Max: 13376, Diff: 1024, Sum: 51620, Workers: 4
[8025.903s][debug][gc,phases      ] GC(329)   ResolvedMethodTable Weak       Min: 0.04, Avg: 0.04, Max: 0.04, Diff: 0.00, Sum: 0.15, Workers: 4
[8025.903s][debug][gc,phases      ] GC(329)     Dead                           Min: 0, Avg:  5.0, Max: 20, Diff: 20, Sum: 20, Workers: 4
[8025.903s][debug][gc,phases      ] GC(329)     Total                          Min: 4265, Avg: 4405.2, Max: 4480, Diff: 215, Sum: 17621, Workers: 4
[8025.903s][debug][gc,phases      ] GC(329)   JNI Weak                       Min: 0.00, Avg: 0.00, Max: 0.00, Diff: 0.00, Sum: 0.00, Workers: 4
[8025.903s][debug][gc,phases      ] GC(329)     Dead                           Min: 0, Avg:  0.0, Max: 0, Diff: 0, Sum: 0, Workers: 4
[8025.903s][debug][gc,phases      ] GC(329)     Total                          Min: 0, Avg: 13.0, Max: 48, Diff: 48, Sum: 52, Workers: 4
[8025.903s][debug][gc,phases      ] GC(329)   StringDedup Table Weak         Min: 0.00, Avg: 0.00, Max: 0.00, Diff: 0.00, Sum: 0.00, Workers: 4
[8025.903s][debug][gc,phases      ] GC(329)     Dead                           Min: 0, Avg:  0.0, Max: 0, Diff: 0, Sum: 0, Workers: 4
[8025.903s][debug][gc,phases      ] GC(329)     Total                          Min: 0, Avg:  0.0, Max: 0, Diff: 0, Sum: 0, Workers: 4
[8025.903s][debug][gc,phases      ] GC(329)   StringDedup Requests0 Weak     Min: 0.00, Avg: 0.00, Max: 0.00, Diff: 0.00, Sum: 0.00, Workers: 4
[8025.903s][debug][gc,phases      ] GC(329)     Dead                           Min: 0, Avg:  0.0, Max: 0, Diff: 0, Sum: 0, Workers: 4
[8025.903s][debug][gc,phases      ] GC(329)     Total                          Min: 0, Avg:  0.0, Max: 0, Diff: 0, Sum: 0, Workers: 4
[8025.903s][debug][gc,phases      ] GC(329)   StringDedup Requests1 Weak     Min: 0.00, Avg: 0.00, Max: 0.00, Diff: 0.00, Sum: 0.00, Workers: 4
[8025.903s][debug][gc,phases      ] GC(329)     Dead                           Min: 0, Avg:  0.0, Max: 0, Diff: 0, Sum: 0, Workers: 4
[8025.903s][debug][gc,phases      ] GC(329)     Total                          Min: 0, Avg:  0.0, Max: 0, Diff: 0, Sum: 0, Workers: 4
[8025.903s][debug][gc,phases      ] GC(329)   Weak JFR Old Object Samples    Min: 0.00, Avg: 0.00, Max: 0.00, Diff: 0.00, Sum: 0.00, Workers: 4
[8025.903s][debug][gc,phases      ] GC(329)     Dead                           Min: 0, Avg:  0.0, Max: 0, Diff: 0, Sum: 0, Workers: 4
[8025.903s][debug][gc,phases      ] GC(329)     Total                          Min: 0, Avg:  0.0, Max: 0, Diff: 0, Sum: 0, Workers: 4
[8025.903s][debug][gc,phases      ] GC(329) Weak Processing 0.356ms
[8025.903s][debug][gc,age         ] GC(329) Desired survivor size 38797312 bytes, new threshold 1 (max threshold 15)
[8025.903s][info ][gc,heap        ] GC(329) PSYoungGen: 2016976K(2054144K)->5360K(2059264K) Eden: 2012672K(2012672K)->0K(2019328K) From: 4304K(41472K)->5360K(39936K)
[8025.903s][info ][gc,heap        ] GC(329) ParOldGen: 2529619K(2529792K)->2530559K(2530816K)
[8025.903s][info ][gc,metaspace   ] GC(329) Metaspace: 114067K(115392K)->114067K(115392K) NonClass: 97558K(98304K)->97558K(98304K) Class: 16509K(17088K)->16509K(17088K)
[8025.903s][info ][gc             ] GC(329) Pause Young (Allocation Failure) 4440M->2476M(4482M) 10.335ms
[8025.903s][info ][gc,cpu         ] GC(329) User=0.02s Sys=0.00s Real=0.01s
[8025.903s][info ][safepoint      ] Safepoint "ParallelCollectForAllocation", Time since last: 19391918609 ns, Reaching safepoint: 102199 ns, At safepoint: 10398550 ns, Leaving safepoint: 7600 ns, Total: 10508349 ns, Threads: 1 runnable, 34 total
[8044.501s][info ][gc,start       ] GC(330) Pause Young (Allocation Failure)
[8044.510s][debug][gc,phases      ] GC(330) Scavenge 8.986ms
[8044.510s][debug][gc,ref         ] GC(330) ReferenceProcessor::execute queues: 1, RefProcThreadModel::Single, marks_oops_alive: false
[8044.510s][debug][gc,ref         ] GC(330) Skipped KeepAliveFinalRefsPhase of Reference Processing: no references
[8044.510s][debug][gc,ref         ] GC(330) Skipped PhantomRefsPhase of Reference Processing: no references
[8044.510s][debug][gc,phases      ] GC(330) Reference Processing 0.095ms
[8044.511s][debug][gc,phases      ] GC(330)   VM Weak                        Min: 0.00, Avg: 0.00, Max: 0.00, Diff: 0.00, Sum: 0.01, Workers: 4
[8044.511s][debug][gc,phases      ] GC(330)     Dead                           Min: 0, Avg:  0.0, Max: 0, Diff: 0, Sum: 0, Workers: 4
[8044.511s][debug][gc,phases      ] GC(330)     Total                          Min: 0, Avg: 243.0, Max: 512, Diff: 512, Sum: 972, Workers: 4
[8044.511s][debug][gc,phases      ] GC(330)   ObjectSynchronizer Weak        Min: 0.00, Avg: 0.00, Max: 0.00, Diff: 0.00, Sum: 0.00, Workers: 4
[8044.511s][debug][gc,phases      ] GC(330)     Dead                           Min: 0, Avg:  0.0, Max: 0, Diff: 0, Sum: 0, Workers: 4
[8044.511s][debug][gc,phases      ] GC(330)     Total                          Min: 0, Avg:  1.2, Max: 5, Diff: 5, Sum: 5, Workers: 4
[8044.511s][debug][gc,phases      ] GC(330)   JVMTI Tag Weak OopStorage      Min: 0.00, Avg: 0.00, Max: 0.00, Diff: 0.00, Sum: 0.00, Workers: 4
[8044.511s][debug][gc,phases      ] GC(330)     Dead                           Min: 0, Avg:  0.0, Max: 0, Diff: 0, Sum: 0, Workers: 4
[8044.511s][debug][gc,phases      ] GC(330)     Total                          Min: 0, Avg:  0.0, Max: 0, Diff: 0, Sum: 0, Workers: 4
[8044.511s][debug][gc,phases      ] GC(330)   StringTable Weak               Min: 0.10, Avg: 0.11, Max: 0.11, Diff: 0.01, Sum: 0.44, Workers: 4
[8044.511s][debug][gc,phases      ] GC(330)     Dead                           Min: 0, Avg:  0.0, Max: 0, Diff: 0, Sum: 0, Workers: 4
[8044.511s][debug][gc,phases      ] GC(330)     Total                          Min: 12224, Avg: 12905.0, Max: 13348, Diff: 1124, Sum: 51620, Workers: 4
[8044.511s][debug][gc,phases      ] GC(330)   ResolvedMethodTable Weak       Min: 0.04, Avg: 0.04, Max: 0.04, Diff: 0.00, Sum: 0.15, Workers: 4
[8044.511s][debug][gc,phases      ] GC(330)     Dead                           Min: 0, Avg:  5.0, Max: 20, Diff: 20, Sum: 20, Workers: 4
[8044.511s][debug][gc,phases      ] GC(330)     Total                          Min: 4268, Avg: 4405.2, Max: 4521, Diff: 253, Sum: 17621, Workers: 4
[8044.511s][debug][gc,phases      ] GC(330)   JNI Weak                       Min: 0.00, Avg: 0.00, Max: 0.00, Diff: 0.00, Sum: 0.00, Workers: 4
[8044.511s][debug][gc,phases      ] GC(330)     Dead                           Min: 0, Avg:  0.0, Max: 0, Diff: 0, Sum: 0, Workers: 4
[8044.511s][debug][gc,phases      ] GC(330)     Total                          Min: 0, Avg: 13.0, Max: 48, Diff: 48, Sum: 52, Workers: 4
[8044.511s][debug][gc,phases      ] GC(330)   StringDedup Table Weak         Min: 0.00, Avg: 0.00, Max: 0.00, Diff: 0.00, Sum: 0.00, Workers: 4
[8044.511s][debug][gc,phases      ] GC(330)     Dead                           Min: 0, Avg:  0.0, Max: 0, Diff: 0, Sum: 0, Workers: 4
[8044.511s][debug][gc,phases      ] GC(330)     Total                          Min: 0, Avg:  0.0, Max: 0, Diff: 0, Sum: 0, Workers: 4
[8044.511s][debug][gc,phases      ] GC(330)   StringDedup Requests0 Weak     Min: 0.00, Avg: 0.00, Max: 0.00, Diff: 0.00, Sum: 0.00, Workers: 4
[8044.511s][debug][gc,phases      ] GC(330)     Dead                           Min: 0, Avg:  0.0, Max: 0, Diff: 0, Sum: 0, Workers: 4
[8044.511s][debug][gc,phases      ] GC(330)     Total                          Min: 0, Avg:  0.0, Max: 0, Diff: 0, Sum: 0, Workers: 4
[8044.511s][debug][gc,phases      ] GC(330)   StringDedup Requests1 Weak     Min: 0.00, Avg: 0.00, Max: 0.00, Diff: 0.00, Sum: 0.00, Workers: 4
[8044.511s][debug][gc,phases      ] GC(330)     Dead                           Min: 0, Avg:  0.0, Max: 0, Diff: 0, Sum: 0, Workers: 4
[8044.511s][debug][gc,phases      ] GC(330)     Total                          Min: 0, Avg:  0.0, Max: 0, Diff: 0, Sum: 0, Workers: 4
[8044.511s][debug][gc,phases      ] GC(330)   Weak JFR Old Object Samples    Min: 0.00, Avg: 0.00, Max: 0.00, Diff: 0.00, Sum: 0.00, Workers: 4
[8044.511s][debug][gc,phases      ] GC(330)     Dead                           Min: 0, Avg:  0.0, Max: 0, Diff: 0, Sum: 0, Workers: 4
[8044.511s][debug][gc,phases      ] GC(330)     Total                          Min: 0, Avg:  0.0, Max: 0, Diff: 0, Sum: 0, Workers: 4
[8044.511s][debug][gc,phases      ] GC(330) Weak Processing 0.342ms
[8044.511s][debug][gc,age         ] GC(330) Desired survivor size 37224448 bytes, new threshold 1 (max threshold 15)
[8044.511s][info ][gc,heap        ] GC(330) PSYoungGen: 2024688K(2059264K)->4624K(2057216K) Eden: 2019328K(2019328K)->0K(2019328K) From: 5360K(39936K)->4624K(37888K)
[8044.511s][info ][gc,heap        ] GC(330) ParOldGen: 2530559K(2530816K)->2531875K(2532352K)
[8044.511s][info ][gc,metaspace   ] GC(330) Metaspace: 114070K(115392K)->114070K(115392K) NonClass: 97561K(98304K)->97561K(98304K) Class: 16509K(17088K)->16509K(17088K)
[8044.511s][info ][gc             ] GC(330) Pause Young (Allocation Failure) 4448M->2477M(4482M) 9.524ms
[8044.511s][info ][gc,cpu         ] GC(330) User=0.03s Sys=0.01s Real=0.01s
[8044.511s][info ][safepoint      ] Safepoint "ParallelCollectForAllocation", Time since last: 18597606888 ns, Reaching safepoint: 5600 ns, At safepoint: 9585154 ns, Leaving safepoint: 7400 ns, Total: 9598154 ns, Threads: 0 runnable, 34 total
[8065.197s][info ][gc,start       ] GC(331) Pause Young (Allocation Failure)
[8065.209s][debug][gc,phases      ] GC(331) Scavenge 12.305ms
[8065.209s][debug][gc,ref         ] GC(331) ReferenceProcessor::execute queues: 1, RefProcThreadModel::Single, marks_oops_alive: false
[8065.209s][debug][gc,ref         ] GC(331) Skipped KeepAliveFinalRefsPhase of Reference Processing: no references
[8065.209s][debug][gc,ref         ] GC(331) Skipped PhantomRefsPhase of Reference Processing: no references
[8065.209s][debug][gc,phases      ] GC(331) Reference Processing 0.104ms
[8065.209s][debug][gc,phases      ] GC(331)   VM Weak                        Min: 0.00, Avg: 0.00, Max: 0.01, Diff: 0.01, Sum: 0.01, Workers: 4
[8065.209s][debug][gc,phases      ] GC(331)     Dead                           Min: 0, Avg:  0.0, Max: 0, Diff: 0, Sum: 0, Workers: 4
[8065.209s][debug][gc,phases      ] GC(331)     Total                          Min: 0, Avg: 243.0, Max: 524, Diff: 524, Sum: 972, Workers: 4
[8065.209s][debug][gc,phases      ] GC(331)   ObjectSynchronizer Weak        Min: 0.00, Avg: 0.00, Max: 0.00, Diff: 0.00, Sum: 0.00, Workers: 4
[8065.209s][debug][gc,phases      ] GC(331)     Dead                           Min: 0, Avg:  0.0, Max: 0, Diff: 0, Sum: 0, Workers: 4
[8065.209s][debug][gc,phases      ] GC(331)     Total                          Min: 0, Avg:  1.5, Max: 6, Diff: 6, Sum: 6, Workers: 4
[8065.209s][debug][gc,phases      ] GC(331)   JVMTI Tag Weak OopStorage      Min: 0.00, Avg: 0.00, Max: 0.00, Diff: 0.00, Sum: 0.00, Workers: 4
[8065.209s][debug][gc,phases      ] GC(331)     Dead                           Min: 0, Avg:  0.0, Max: 0, Diff: 0, Sum: 0, Workers: 4
[8065.209s][debug][gc,phases      ] GC(331)     Total                          Min: 0, Avg:  0.0, Max: 0, Diff: 0, Sum: 0, Workers: 4
[8065.209s][debug][gc,phases      ] GC(331)   StringTable Weak               Min: 0.00, Avg: 0.11, Max: 0.23, Diff: 0.23, Sum: 0.45, Workers: 4
[8065.209s][debug][gc,phases      ] GC(331)     Dead                           Min: 0, Avg:  0.0, Max: 0, Diff: 0, Sum: 0, Workers: 4
[8065.209s][debug][gc,phases      ] GC(331)     Total                          Min: 0, Avg: 12905.0, Max: 26048, Diff: 26048, Sum: 51620, Workers: 4
[8065.210s][debug][gc,phases      ] GC(331)   ResolvedMethodTable Weak       Min: 0.00, Avg: 0.05, Max: 0.09, Diff: 0.09, Sum: 0.18, Workers: 4
[8065.210s][debug][gc,phases      ] GC(331)     Dead                           Min: 0, Avg:  5.0, Max: 20, Diff: 20, Sum: 20, Workers: 4
[8065.210s][debug][gc,phases      ] GC(331)     Total                          Min: 0, Avg: 4405.2, Max: 9024, Diff: 9024, Sum: 17621, Workers: 4
[8065.210s][debug][gc,phases      ] GC(331)   JNI Weak                       Min: 0.00, Avg: 0.00, Max: 0.00, Diff: 0.00, Sum: 0.00, Workers: 4
[8065.210s][debug][gc,phases      ] GC(331)     Dead                           Min: 0, Avg:  0.0, Max: 0, Diff: 0, Sum: 0, Workers: 4
[8065.210s][debug][gc,phases      ] GC(331)     Total                          Min: 0, Avg: 13.0, Max: 52, Diff: 52, Sum: 52, Workers: 4
[8065.210s][debug][gc,phases      ] GC(331)   StringDedup Table Weak         Min: 0.00, Avg: 0.00, Max: 0.00, Diff: 0.00, Sum: 0.00, Workers: 4
[8065.210s][debug][gc,phases      ] GC(331)     Dead                           Min: 0, Avg:  0.0, Max: 0, Diff: 0, Sum: 0, Workers: 4
[8065.210s][debug][gc,phases      ] GC(331)     Total                          Min: 0, Avg:  0.0, Max: 0, Diff: 0, Sum: 0, Workers: 4
[8065.210s][debug][gc,phases      ] GC(331)   StringDedup Requests0 Weak     Min: 0.00, Avg: 0.00, Max: 0.00, Diff: 0.00, Sum: 0.00, Workers: 4
[8065.210s][debug][gc,phases      ] GC(331)     Dead                           Min: 0, Avg:  0.0, Max: 0, Diff: 0, Sum: 0, Workers: 4
[8065.210s][debug][gc,phases      ] GC(331)     Total                          Min: 0, Avg:  0.0, Max: 0, Diff: 0, Sum: 0, Workers: 4
[8065.210s][debug][gc,phases      ] GC(331)   StringDedup Requests1 Weak     Min: 0.00, Avg: 0.00, Max: 0.00, Diff: 0.00, Sum: 0.00, Workers: 4
[8065.210s][debug][gc,phases      ] GC(331)     Dead                           Min: 0, Avg:  0.0, Max: 0, Diff: 0, Sum: 0, Workers: 4
[8065.210s][debug][gc,phases      ] GC(331)     Total                          Min: 0, Avg:  0.0, Max: 0, Diff: 0, Sum: 0, Workers: 4
[8065.210s][debug][gc,phases      ] GC(331)   Weak JFR Old Object Samples    Min: 0.00, Avg: 0.00, Max: 0.00, Diff: 0.00, Sum: 0.00, Workers: 4
[8065.210s][debug][gc,phases      ] GC(331)     Dead                           Min: 0, Avg:  0.0, Max: 0, Diff: 0, Sum: 0, Workers: 4
[8065.210s][debug][gc,phases      ] GC(331)     Total                          Min: 0, Avg:  0.0, Max: 0, Diff: 0, Sum: 0, Workers: 4
[8065.210s][debug][gc,phases      ] GC(331) Weak Processing 0.617ms
[8065.210s][debug][gc,age         ] GC(331) Desired survivor size 35127296 bytes, new threshold 1 (max threshold 15)
[8065.210s][info ][gc,heap        ] GC(331) PSYoungGen: 2023952K(2057216K)->4144K(2062848K) Eden: 2019328K(2019328K)->0K(2026496K) From: 4624K(37888K)->4144K(36352K)
[8065.210s][info ][gc,heap        ] GC(331) ParOldGen: 2531875K(2532352K)->2533451K(2533888K)
[8065.210s][info ][gc,metaspace   ] GC(331) Metaspace: 114071K(115392K)->114071K(115392K) NonClass: 97561K(98304K)->97561K(98304K) Class: 16509K(17088K)->16509K(17088K)
[8065.210s][info ][gc             ] GC(331) Pause Young (Allocation Failure) 4449M->2478M(4489M) 13.137ms
[8065.210s][info ][gc,cpu         ] GC(331) User=0.03s Sys=0.00s Real=0.02s
[8065.210s][info ][safepoint      ] Safepoint "ParallelCollectForAllocation", Time since last: 20685777969 ns, Reaching safepoint: 20600 ns, At safepoint: 13205535 ns, Leaving safepoint: 65999 ns, Total: 13292134 ns, Threads: 0 runnable, 34 total
[8087.842s][info ][gc,start       ] GC(332) Pause Young (Allocation Failure)
[8087.849s][debug][gc,phases      ] GC(332) Scavenge 7.194ms
[8087.849s][debug][gc,ref         ] GC(332) ReferenceProcessor::execute queues: 1, RefProcThreadModel::Single, marks_oops_alive: false
[8087.849s][debug][gc,ref         ] GC(332) Skipped KeepAliveFinalRefsPhase of Reference Processing: no references
[8087.849s][debug][gc,ref         ] GC(332) Skipped PhantomRefsPhase of Reference Processing: no references
[8087.849s][debug][gc,phases      ] GC(332) Reference Processing 0.126ms
[8087.850s][debug][gc,phases      ] GC(332)   VM Weak                        Min: 0.00, Avg: 0.00, Max: 0.00, Diff: 0.00, Sum: 0.01, Workers: 4
[8087.850s][debug][gc,phases      ] GC(332)     Dead                           Min: 0, Avg:  0.0, Max: 0, Diff: 0, Sum: 0, Workers: 4
[8087.850s][debug][gc,phases      ] GC(332)     Total                          Min: 0, Avg: 243.0, Max: 512, Diff: 512, Sum: 972, Workers: 4
[8087.850s][debug][gc,phases      ] GC(332)   ObjectSynchronizer Weak        Min: 0.00, Avg: 0.00, Max: 0.00, Diff: 0.00, Sum: 0.00, Workers: 4
[8087.850s][debug][gc,phases      ] GC(332)     Dead                           Min: 0, Avg:  0.0, Max: 0, Diff: 0, Sum: 0, Workers: 4
[8087.850s][debug][gc,phases      ] GC(332)     Total                          Min: 0, Avg:  1.5, Max: 6, Diff: 6, Sum: 6, Workers: 4
[8087.850s][debug][gc,phases      ] GC(332)   JVMTI Tag Weak OopStorage      Min: 0.00, Avg: 0.00, Max: 0.00, Diff: 0.00, Sum: 0.00, Workers: 4
[8087.850s][debug][gc,phases      ] GC(332)     Dead                           Min: 0, Avg:  0.0, Max: 0, Diff: 0, Sum: 0, Workers: 4
[8087.850s][debug][gc,phases      ] GC(332)     Total                          Min: 0, Avg:  0.0, Max: 0, Diff: 0, Sum: 0, Workers: 4
[8087.850s][debug][gc,phases      ] GC(332)   StringTable Weak               Min: 0.00, Avg: 0.12, Max: 0.16, Diff: 0.16, Sum: 0.48, Workers: 4
[8087.850s][debug][gc,phases      ] GC(332)     Dead                           Min: 0, Avg:  0.0, Max: 0, Diff: 0, Sum: 0, Workers: 4
[8087.850s][debug][gc,phases      ] GC(332)     Total                          Min: 0, Avg: 12905.2, Max: 17664, Diff: 17664, Sum: 51621, Workers: 4
[8087.850s][debug][gc,phases      ] GC(332)   ResolvedMethodTable Weak       Min: 0.00, Avg: 0.04, Max: 0.05, Diff: 0.05, Sum: 0.15, Workers: 4
[8087.850s][debug][gc,phases      ] GC(332)     Dead                           Min: 0, Avg:  5.0, Max: 20, Diff: 20, Sum: 20, Workers: 4
[8087.850s][debug][gc,phases      ] GC(332)     Total                          Min: 0, Avg: 4405.2, Max: 5952, Diff: 5952, Sum: 17621, Workers: 4
[8087.850s][debug][gc,phases      ] GC(332)   JNI Weak                       Min: 0.00, Avg: 0.00, Max: 0.00, Diff: 0.00, Sum: 0.00, Workers: 4
[8087.850s][debug][gc,phases      ] GC(332)     Dead                           Min: 0, Avg:  0.0, Max: 0, Diff: 0, Sum: 0, Workers: 4
[8087.850s][debug][gc,phases      ] GC(332)     Total                          Min: 0, Avg: 13.0, Max: 48, Diff: 48, Sum: 52, Workers: 4
[8087.850s][debug][gc,phases      ] GC(332)   StringDedup Table Weak         Min: 0.00, Avg: 0.00, Max: 0.00, Diff: 0.00, Sum: 0.00, Workers: 4
[8087.850s][debug][gc,phases      ] GC(332)     Dead                           Min: 0, Avg:  0.0, Max: 0, Diff: 0, Sum: 0, Workers: 4
[8087.850s][debug][gc,phases      ] GC(332)     Total                          Min: 0, Avg:  0.0, Max: 0, Diff: 0, Sum: 0, Workers: 4
[8087.850s][debug][gc,phases      ] GC(332)   StringDedup Requests0 Weak     Min: 0.00, Avg: 0.00, Max: 0.00, Diff: 0.00, Sum: 0.00, Workers: 4
[8087.850s][debug][gc,phases      ] GC(332)     Dead                           Min: 0, Avg:  0.0, Max: 0, Diff: 0, Sum: 0, Workers: 4
[8087.850s][debug][gc,phases      ] GC(332)     Total                          Min: 0, Avg:  0.0, Max: 0, Diff: 0, Sum: 0, Workers: 4
[8087.850s][debug][gc,phases      ] GC(332)   StringDedup Requests1 Weak     Min: 0.00, Avg: 0.00, Max: 0.00, Diff: 0.00, Sum: 0.00, Workers: 4
[8087.850s][debug][gc,phases      ] GC(332)     Dead                           Min: 0, Avg:  0.0, Max: 0, Diff: 0, Sum: 0, Workers: 4
[8087.850s][debug][gc,phases      ] GC(332)     Total                          Min: 0, Avg:  0.0, Max: 0, Diff: 0, Sum: 0, Workers: 4
[8087.850s][debug][gc,phases      ] GC(332)   Weak JFR Old Object Samples    Min: 0.00, Avg: 0.00, Max: 0.00, Diff: 0.00, Sum: 0.00, Workers: 4
[8087.850s][debug][gc,phases      ] GC(332)     Dead                           Min: 0, Avg:  0.0, Max: 0, Diff: 0, Sum: 0, Workers: 4
[8087.850s][debug][gc,phases      ] GC(332)     Total                          Min: 0, Avg:  0.0, Max: 0, Diff: 0, Sum: 0, Workers: 4
[8087.850s][debug][gc,phases      ] GC(332) Weak Processing 0.473ms
[8087.850s][debug][gc,age         ] GC(332) Desired survivor size 33554432 bytes, new threshold 1 (max threshold 15)
[8087.850s][info ][gc,heap        ] GC(332) PSYoungGen: 2030640K(2062848K)->3648K(2060800K) Eden: 2026496K(2026496K)->0K(2026496K) From: 4144K(36352K)->3648K(34304K)
[8087.850s][info ][gc,heap        ] GC(332) ParOldGen: 2533451K(2533888K)->2534460K(2534912K)
[8087.850s][info ][gc,metaspace   ] GC(332) Metaspace: 114081K(115392K)->114081K(115392K) NonClass: 97572K(98304K)->97572K(98304K) Class: 16509K(17088K)->16509K(17088K)
[8087.850s][info ][gc             ] GC(332) Pause Young (Allocation Failure) 4457M->2478M(4488M) 7.950ms
[8087.850s][info ][gc,cpu         ] GC(332) User=0.02s Sys=0.00s Real=0.01s
[8087.850s][info ][safepoint      ] Safepoint "ParallelCollectForAllocation", Time since last: 22631949339 ns, Reaching safepoint: 80999 ns, At safepoint: 8026062 ns, Leaving safepoint: 13900 ns, Total: 8120961 ns, Threads: 2 runnable, 34 total
[8109.404s][info ][gc,start       ] GC(333) Pause Young (Allocation Failure)
[8109.409s][debug][gc,phases      ] GC(333) Scavenge 5.460ms
[8109.409s][debug][gc,ref         ] GC(333) Skipped SoftWeakFinalRefsPhase of Reference Processing: no references
[8109.409s][debug][gc,ref         ] GC(333) Skipped KeepAliveFinalRefsPhase of Reference Processing: no references
[8109.409s][debug][gc,ref         ] GC(333) Skipped PhantomRefsPhase of Reference Processing: no references
[8109.409s][debug][gc,phases      ] GC(333) Reference Processing 0.018ms
[8109.410s][debug][gc,phases      ] GC(333)   VM Weak                        Min: 0.00, Avg: 0.00, Max: 0.01, Diff: 0.01, Sum: 0.01, Workers: 4
[8109.410s][debug][gc,phases      ] GC(333)     Dead                           Min: 0, Avg:  0.0, Max: 0, Diff: 0, Sum: 0, Workers: 4
[8109.410s][debug][gc,phases      ] GC(333)     Total                          Min: 0, Avg: 243.0, Max: 768, Diff: 768, Sum: 972, Workers: 4
[8109.410s][debug][gc,phases      ] GC(333)   ObjectSynchronizer Weak        Min: 0.00, Avg: 0.00, Max: 0.00, Diff: 0.00, Sum: 0.00, Workers: 4
[8109.410s][debug][gc,phases      ] GC(333)     Dead                           Min: 0, Avg:  0.0, Max: 0, Diff: 0, Sum: 0, Workers: 4
[8109.410s][debug][gc,phases      ] GC(333)     Total                          Min: 0, Avg:  1.5, Max: 6, Diff: 6, Sum: 6, Workers: 4
[8109.410s][debug][gc,phases      ] GC(333)   JVMTI Tag Weak OopStorage      Min: 0.00, Avg: 0.00, Max: 0.00, Diff: 0.00, Sum: 0.00, Workers: 4
[8109.410s][debug][gc,phases      ] GC(333)     Dead                           Min: 0, Avg:  0.0, Max: 0, Diff: 0, Sum: 0, Workers: 4
[8109.410s][debug][gc,phases      ] GC(333)     Total                          Min: 0, Avg:  0.0, Max: 0, Diff: 0, Sum: 0, Workers: 4
[8109.410s][debug][gc,phases      ] GC(333)   StringTable Weak               Min: 0.12, Avg: 0.12, Max: 0.12, Diff: 0.00, Sum: 0.47, Workers: 4
[8109.410s][debug][gc,phases      ] GC(333)     Dead                           Min: 0, Avg:  0.0, Max: 0, Diff: 0, Sum: 0, Workers: 4
[8109.410s][debug][gc,phases      ] GC(333)     Total                          Min: 12672, Avg: 12905.2, Max: 13093, Diff: 421, Sum: 51621, Workers: 4
[8109.410s][debug][gc,phases      ] GC(333)   ResolvedMethodTable Weak       Min: 0.04, Avg: 0.04, Max: 0.04, Diff: 0.00, Sum: 0.15, Workers: 4
[8109.410s][debug][gc,phases      ] GC(333)     Dead                           Min: 0, Avg:  0.0, Max: 0, Diff: 0, Sum: 0, Workers: 4
[8109.410s][debug][gc,phases      ] GC(333)     Total                          Min: 4268, Avg: 4405.2, Max: 4480, Diff: 212, Sum: 17621, Workers: 4
[8109.410s][debug][gc,phases      ] GC(333)   JNI Weak                       Min: 0.00, Avg: 0.00, Max: 0.00, Diff: 0.00, Sum: 0.00, Workers: 4
[8109.410s][debug][gc,phases      ] GC(333)     Dead                           Min: 0, Avg:  0.0, Max: 0, Diff: 0, Sum: 0, Workers: 4
[8109.410s][debug][gc,phases      ] GC(333)     Total                          Min: 0, Avg: 13.0, Max: 48, Diff: 48, Sum: 52, Workers: 4
[8109.410s][debug][gc,phases      ] GC(333)   StringDedup Table Weak         Min: 0.00, Avg: 0.00, Max: 0.00, Diff: 0.00, Sum: 0.00, Workers: 4
[8109.410s][debug][gc,phases      ] GC(333)     Dead                           Min: 0, Avg:  0.0, Max: 0, Diff: 0, Sum: 0, Workers: 4
[8109.410s][debug][gc,phases      ] GC(333)     Total                          Min: 0, Avg:  0.0, Max: 0, Diff: 0, Sum: 0, Workers: 4
[8109.410s][debug][gc,phases      ] GC(333)   StringDedup Requests0 Weak     Min: 0.00, Avg: 0.00, Max: 0.00, Diff: 0.00, Sum: 0.00, Workers: 4
[8109.410s][debug][gc,phases      ] GC(333)     Dead                           Min: 0, Avg:  0.0, Max: 0, Diff: 0, Sum: 0, Workers: 4
[8109.410s][debug][gc,phases      ] GC(333)     Total                          Min: 0, Avg:  0.0, Max: 0, Diff: 0, Sum: 0, Workers: 4
[8109.410s][debug][gc,phases      ] GC(333)   StringDedup Requests1 Weak     Min: 0.00, Avg: 0.00, Max: 0.00, Diff: 0.00, Sum: 0.00, Workers: 4
[8109.410s][debug][gc,phases      ] GC(333)     Dead                           Min: 0, Avg:  0.0, Max: 0, Diff: 0, Sum: 0, Workers: 4
[8109.410s][debug][gc,phases      ] GC(333)     Total                          Min: 0, Avg:  0.0, Max: 0, Diff: 0, Sum: 0, Workers: 4
[8109.410s][debug][gc,phases      ] GC(333)   Weak JFR Old Object Samples    Min: 0.00, Avg: 0.00, Max: 0.00, Diff: 0.00, Sum: 0.00, Workers: 4
[8109.410s][debug][gc,phases      ] GC(333)     Dead                           Min: 0, Avg:  0.0, Max: 0, Diff: 0, Sum: 0, Workers: 4
[8109.410s][debug][gc,phases      ] GC(333)     Total                          Min: 0, Avg:  0.0, Max: 0, Diff: 0, Sum: 0, Workers: 4
[8109.410s][debug][gc,phases      ] GC(333) Weak Processing 0.326ms
[8109.410s][debug][gc,age         ] GC(333) Desired survivor size 31981568 bytes, new threshold 1 (max threshold 15)
[8109.410s][info ][gc,heap        ] GC(333) PSYoungGen: 2030144K(2060800K)->3664K(2065920K) Eden: 2026496K(2026496K)->0K(2033152K) From: 3648K(34304K)->3664K(32768K)
[8109.410s][info ][gc,heap        ] GC(333) ParOldGen: 2534460K(2534912K)->2535184K(2535424K)
[8109.410s][info ][gc,metaspace   ] GC(333) Metaspace: 114082K(115392K)->114082K(115392K) NonClass: 97573K(98304K)->97573K(98304K) Class: 16509K(17088K)->16509K(17088K)
[8109.410s][info ][gc             ] GC(333) Pause Young (Allocation Failure) 4457M->2479M(4493M) 5.898ms
[8109.410s][info ][gc,cpu         ] GC(333) User=0.02s Sys=0.00s Real=0.01s
[8109.410s][info ][safepoint      ] Safepoint "ParallelCollectForAllocation", Time since last: 21553953665 ns, Reaching safepoint: 27700 ns, At safepoint: 5974971 ns, Leaving safepoint: 2100 ns, Total: 6004771 ns, Threads: 0 runnable, 34 total
[8130.942s][info ][gc,start       ] GC(334) Pause Young (Allocation Failure)
[8130.948s][debug][gc,phases      ] GC(334) Scavenge 6.074ms
[8130.948s][debug][gc,ref         ] GC(334) ReferenceProcessor::execute queues: 1, RefProcThreadModel::Single, marks_oops_alive: false
[8130.948s][debug][gc,ref         ] GC(334) Skipped KeepAliveFinalRefsPhase of Reference Processing: no references
[8130.948s][debug][gc,ref         ] GC(334) Skipped PhantomRefsPhase of Reference Processing: no references
[8130.948s][debug][gc,phases      ] GC(334) Reference Processing 0.099ms
[8130.948s][debug][gc,phases      ] GC(334)   VM Weak                        Min: 0.00, Avg: 0.00, Max: 0.01, Diff: 0.01, Sum: 0.01, Workers: 4
[8130.948s][debug][gc,phases      ] GC(334)     Dead                           Min: 0, Avg:  0.0, Max: 0, Diff: 0, Sum: 0, Workers: 4
[8130.948s][debug][gc,phases      ] GC(334)     Total                          Min: 0, Avg: 243.0, Max: 716, Diff: 716, Sum: 972, Workers: 4
[8130.948s][debug][gc,phases      ] GC(334)   ObjectSynchronizer Weak        Min: 0.00, Avg: 0.00, Max: 0.00, Diff: 0.00, Sum: 0.00, Workers: 4
[8130.948s][debug][gc,phases      ] GC(334)     Dead                           Min: 0, Avg:  0.0, Max: 0, Diff: 0, Sum: 0, Workers: 4
[8130.948s][debug][gc,phases      ] GC(334)     Total                          Min: 0, Avg:  1.5, Max: 6, Diff: 6, Sum: 6, Workers: 4
[8130.948s][debug][gc,phases      ] GC(334)   JVMTI Tag Weak OopStorage      Min: 0.00, Avg: 0.00, Max: 0.00, Diff: 0.00, Sum: 0.00, Workers: 4
[8130.948s][debug][gc,phases      ] GC(334)     Dead                           Min: 0, Avg:  0.0, Max: 0, Diff: 0, Sum: 0, Workers: 4
[8130.948s][debug][gc,phases      ] GC(334)     Total                          Min: 0, Avg:  0.0, Max: 0, Diff: 0, Sum: 0, Workers: 4
[8130.948s][debug][gc,phases      ] GC(334)   StringTable Weak               Min: 0.00, Avg: 0.11, Max: 0.15, Diff: 0.15, Sum: 0.44, Workers: 4
[8130.948s][debug][gc,phases      ] GC(334)     Dead                           Min: 0, Avg:  0.0, Max: 0, Diff: 0, Sum: 0, Workers: 4
[8130.948s][debug][gc,phases      ] GC(334)     Total                          Min: 0, Avg: 12905.8, Max: 17319, Diff: 17319, Sum: 51623, Workers: 4
[8130.948s][debug][gc,phases      ] GC(334)   ResolvedMethodTable Weak       Min: 0.00, Avg: 0.04, Max: 0.05, Diff: 0.05, Sum: 0.15, Workers: 4
[8130.948s][debug][gc,phases      ] GC(334)     Dead                           Min: 0, Avg:  5.0, Max: 20, Diff: 20, Sum: 20, Workers: 4
[8130.948s][debug][gc,phases      ] GC(334)     Total                          Min: 0, Avg: 4405.8, Max: 5932, Diff: 5932, Sum: 17623, Workers: 4
[8130.948s][debug][gc,phases      ] GC(334)   JNI Weak                       Min: 0.00, Avg: 0.00, Max: 0.00, Diff: 0.00, Sum: 0.00, Workers: 4
[8130.948s][debug][gc,phases      ] GC(334)     Dead                           Min: 0, Avg:  0.0, Max: 0, Diff: 0, Sum: 0, Workers: 4
[8130.948s][debug][gc,phases      ] GC(334)     Total                          Min: 0, Avg: 13.0, Max: 48, Diff: 48, Sum: 52, Workers: 4
[8130.948s][debug][gc,phases      ] GC(334)   StringDedup Table Weak         Min: 0.00, Avg: 0.00, Max: 0.00, Diff: 0.00, Sum: 0.00, Workers: 4
[8130.948s][debug][gc,phases      ] GC(334)     Dead                           Min: 0, Avg:  0.0, Max: 0, Diff: 0, Sum: 0, Workers: 4
[8130.948s][debug][gc,phases      ] GC(334)     Total                          Min: 0, Avg:  0.0, Max: 0, Diff: 0, Sum: 0, Workers: 4
[8130.948s][debug][gc,phases      ] GC(334)   StringDedup Requests0 Weak     Min: 0.00, Avg: 0.00, Max: 0.00, Diff: 0.00, Sum: 0.00, Workers: 4
[8130.948s][debug][gc,phases      ] GC(334)     Dead                           Min: 0, Avg:  0.0, Max: 0, Diff: 0, Sum: 0, Workers: 4
[8130.948s][debug][gc,phases      ] GC(334)     Total                          Min: 0, Avg:  0.0, Max: 0, Diff: 0, Sum: 0, Workers: 4
[8130.948s][debug][gc,phases      ] GC(334)   StringDedup Requests1 Weak     Min: 0.00, Avg: 0.00, Max: 0.00, Diff: 0.00, Sum: 0.00, Workers: 4
[8130.948s][debug][gc,phases      ] GC(334)     Dead                           Min: 0, Avg:  0.0, Max: 0, Diff: 0, Sum: 0, Workers: 4
[8130.948s][debug][gc,phases      ] GC(334)     Total                          Min: 0, Avg:  0.0, Max: 0, Diff: 0, Sum: 0, Workers: 4
[8130.948s][debug][gc,phases      ] GC(334)   Weak JFR Old Object Samples    Min: 0.00, Avg: 0.00, Max: 0.00, Diff: 0.00, Sum: 0.00, Workers: 4
[8130.948s][debug][gc,phases      ] GC(334)     Dead                           Min: 0, Avg:  0.0, Max: 0, Diff: 0, Sum: 0, Workers: 4
[8130.948s][debug][gc,phases      ] GC(334)     Total                          Min: 0, Avg:  0.0, Max: 0, Diff: 0, Sum: 0, Workers: 4
[8130.948s][debug][gc,phases      ] GC(334) Weak Processing 0.406ms
[8130.948s][debug][gc,age         ] GC(334) Desired survivor size 30408704 bytes, new threshold 1 (max threshold 15)
[8130.948s][info ][gc,heap        ] GC(334) PSYoungGen: 2036816K(2065920K)->3968K(2064384K) Eden: 2033152K(2033152K)->0K(2033152K) From: 3664K(32768K)->3968K(31232K)
[8130.948s][info ][gc,heap        ] GC(334) ParOldGen: 2535184K(2535424K)->2535692K(2535936K)
[8130.948s][info ][gc,metaspace   ] GC(334) Metaspace: 114091K(115392K)->114091K(115392K) NonClass: 97581K(98304K)->97581K(98304K) Class: 16510K(17088K)->16510K(17088K)
[8130.948s][info ][gc             ] GC(334) Pause Young (Allocation Failure) 4464M->2480M(4492M) 6.692ms
[8130.948s][info ][gc,cpu         ] GC(334) User=0.02s Sys=0.00s Real=0.01s
[8130.948s][info ][safepoint      ] Safepoint "ParallelCollectForAllocation", Time since last: 21531855462 ns, Reaching safepoint: 82500 ns, At safepoint: 6753667 ns, Leaving safepoint: 13100 ns, Total: 6849267 ns, Threads: 2 runnable, 39 total
[8146.459s][info ][gc,start       ] GC(335) Pause Young (Allocation Failure)
[8146.481s][debug][gc,phases      ] GC(335) Scavenge 22.305ms
[8146.481s][debug][gc,ref         ] GC(335) ReferenceProcessor::execute queues: 1, RefProcThreadModel::Single, marks_oops_alive: false
[8146.481s][debug][gc,ref         ] GC(335) Skipped KeepAliveFinalRefsPhase of Reference Processing: no references
[8146.481s][debug][gc,ref         ] GC(335) Skipped PhantomRefsPhase of Reference Processing: no references
[8146.481s][debug][gc,phases      ] GC(335) Reference Processing 0.144ms
[8146.482s][debug][gc,phases      ] GC(335)   VM Weak                        Min: 0.00, Avg: 0.00, Max: 0.01, Diff: 0.01, Sum: 0.01, Workers: 4
[8146.482s][debug][gc,phases      ] GC(335)     Dead                           Min: 0, Avg:  0.0, Max: 0, Diff: 0, Sum: 0, Workers: 4
[8146.482s][debug][gc,phases      ] GC(335)     Total                          Min: 0, Avg: 243.0, Max: 972, Diff: 972, Sum: 972, Workers: 4
[8146.482s][debug][gc,phases      ] GC(335)   ObjectSynchronizer Weak        Min: 0.00, Avg: 0.00, Max: 0.00, Diff: 0.00, Sum: 0.00, Workers: 4
[8146.482s][debug][gc,phases      ] GC(335)     Dead                           Min: 0, Avg:  0.0, Max: 0, Diff: 0, Sum: 0, Workers: 4
[8146.482s][debug][gc,phases      ] GC(335)     Total                          Min: 0, Avg:  1.8, Max: 7, Diff: 7, Sum: 7, Workers: 4
[8146.482s][debug][gc,phases      ] GC(335)   JVMTI Tag Weak OopStorage      Min: 0.00, Avg: 0.00, Max: 0.00, Diff: 0.00, Sum: 0.00, Workers: 4
[8146.482s][debug][gc,phases      ] GC(335)     Dead                           Min: 0, Avg:  0.0, Max: 0, Diff: 0, Sum: 0, Workers: 4
[8146.482s][debug][gc,phases      ] GC(335)     Total                          Min: 0, Avg:  0.0, Max: 0, Diff: 0, Sum: 0, Workers: 4
[8146.482s][debug][gc,phases      ] GC(335)   StringTable Weak               Min: 0.00, Avg: 0.12, Max: 0.16, Diff: 0.16, Sum: 0.46, Workers: 4
[8146.482s][debug][gc,phases      ] GC(335)     Dead                           Min: 0, Avg:  0.0, Max: 0, Diff: 0, Sum: 0, Workers: 4
[8146.482s][debug][gc,phases      ] GC(335)     Total                          Min: 0, Avg: 12905.8, Max: 17664, Diff: 17664, Sum: 51623, Workers: 4
[8146.482s][debug][gc,phases      ] GC(335)   ResolvedMethodTable Weak       Min: 0.00, Avg: 0.03, Max: 0.04, Diff: 0.04, Sum: 0.12, Workers: 4
[8146.482s][debug][gc,phases      ] GC(335)     Dead                           Min: 0, Avg:  5.0, Max: 20, Diff: 20, Sum: 20, Workers: 4
[8146.482s][debug][gc,phases      ] GC(335)     Total                          Min: 0, Avg: 4405.8, Max: 7232, Diff: 7232, Sum: 17623, Workers: 4
[8146.482s][debug][gc,phases      ] GC(335)   JNI Weak                       Min: 0.00, Avg: 0.00, Max: 0.00, Diff: 0.00, Sum: 0.00, Workers: 4
[8146.482s][debug][gc,phases      ] GC(335)     Dead                           Min: 0, Avg:  0.0, Max: 0, Diff: 0, Sum: 0, Workers: 4
[8146.482s][debug][gc,phases      ] GC(335)     Total                          Min: 0, Avg: 13.0, Max: 48, Diff: 48, Sum: 52, Workers: 4
[8146.482s][debug][gc,phases      ] GC(335)   StringDedup Table Weak         Min: 0.00, Avg: 0.00, Max: 0.00, Diff: 0.00, Sum: 0.00, Workers: 4
[8146.482s][debug][gc,phases      ] GC(335)     Dead                           Min: 0, Avg:  0.0, Max: 0, Diff: 0, Sum: 0, Workers: 4
[8146.482s][debug][gc,phases      ] GC(335)     Total                          Min: 0, Avg:  0.0, Max: 0, Diff: 0, Sum: 0, Workers: 4
[8146.482s][debug][gc,phases      ] GC(335)   StringDedup Requests0 Weak     Min: 0.00, Avg: 0.00, Max: 0.00, Diff: 0.00, Sum: 0.00, Workers: 4
[8146.482s][debug][gc,phases      ] GC(335)     Dead                           Min: 0, Avg:  0.0, Max: 0, Diff: 0, Sum: 0, Workers: 4
[8146.482s][debug][gc,phases      ] GC(335)     Total                          Min: 0, Avg:  0.0, Max: 0, Diff: 0, Sum: 0, Workers: 4
[8146.482s][debug][gc,phases      ] GC(335)   StringDedup Requests1 Weak     Min: 0.00, Avg: 0.00, Max: 0.00, Diff: 0.00, Sum: 0.00, Workers: 4
[8146.482s][debug][gc,phases      ] GC(335)     Dead                           Min: 0, Avg:  0.0, Max: 0, Diff: 0, Sum: 0, Workers: 4
[8146.482s][debug][gc,phases      ] GC(335)     Total                          Min: 0, Avg:  0.0, Max: 0, Diff: 0, Sum: 0, Workers: 4
[8146.482s][debug][gc,phases      ] GC(335)   Weak JFR Old Object Samples    Min: 0.00, Avg: 0.00, Max: 0.00, Diff: 0.00, Sum: 0.00, Workers: 4
[8146.482s][debug][gc,phases      ] GC(335)     Dead                           Min: 0, Avg:  0.0, Max: 0, Diff: 0, Sum: 0, Workers: 4
[8146.482s][debug][gc,phases      ] GC(335)     Total                          Min: 0, Avg:  0.0, Max: 0, Diff: 0, Sum: 0, Workers: 4
[8146.482s][debug][gc,phases      ] GC(335) Weak Processing 0.371ms
[8146.482s][debug][gc,age         ] GC(335) Desired survivor size 44564480 bytes, new threshold 1 (max threshold 15)
[8146.482s][info ][gc,heap        ] GC(335) PSYoungGen: 2037120K(2064384K)->29680K(2039808K) Eden: 2033152K(2033152K)->0K(2010112K) From: 3968K(31232K)->29680K(29696K)
[8146.482s][info ][gc,heap        ] GC(335) ParOldGen: 2535692K(2535936K)->2556744K(2556928K)
[8146.482s][info ][gc,metaspace   ] GC(335) Metaspace: 114094K(115392K)->114094K(115392K) NonClass: 97584K(98304K)->97584K(98304K) Class: 16510K(17088K)->16510K(17088K)
[8146.482s][info ][gc             ] GC(335) Pause Young (Allocation Failure) 4465M->2525M(4489M) 22.932ms
[8146.482s][info ][gc,cpu         ] GC(335) User=0.07s Sys=0.02s Real=0.02s
[8146.482s][info ][safepoint      ] Safepoint "ParallelCollectForAllocation", Time since last: 15510224318 ns, Reaching safepoint: 107899 ns, At safepoint: 22998090 ns, Leaving safepoint: 116299 ns, Total: 23222288 ns, Threads: 3 runnable, 39 total
[8159.200s][info ][gc,start       ] GC(336) Pause Young (Allocation Failure)
[8159.221s][debug][gc,phases      ] GC(336) Scavenge 20.866ms
[8159.221s][debug][gc,ref         ] GC(336) ReferenceProcessor::execute queues: 1, RefProcThreadModel::Single, marks_oops_alive: false
[8159.221s][debug][gc,ref         ] GC(336) Skipped KeepAliveFinalRefsPhase of Reference Processing: no references
[8159.221s][debug][gc,ref         ] GC(336) Skipped PhantomRefsPhase of Reference Processing: no references
[8159.221s][debug][gc,phases      ] GC(336) Reference Processing 0.120ms
[8159.222s][debug][gc,phases      ] GC(336)   VM Weak                        Min: 0.00, Avg: 0.00, Max: 0.01, Diff: 0.01, Sum: 0.01, Workers: 4
[8159.222s][debug][gc,phases      ] GC(336)     Dead                           Min: 0, Avg:  0.0, Max: 0, Diff: 0, Sum: 0, Workers: 4
[8159.222s][debug][gc,phases      ] GC(336)     Total                          Min: 0, Avg: 243.0, Max: 588, Diff: 588, Sum: 972, Workers: 4
[8159.222s][debug][gc,phases      ] GC(336)   ObjectSynchronizer Weak        Min: 0.00, Avg: 0.00, Max: 0.00, Diff: 0.00, Sum: 0.00, Workers: 4
[8159.222s][debug][gc,phases      ] GC(336)     Dead                           Min: 0, Avg:  0.0, Max: 0, Diff: 0, Sum: 0, Workers: 4
[8159.222s][debug][gc,phases      ] GC(336)     Total                          Min: 0, Avg:  1.8, Max: 7, Diff: 7, Sum: 7, Workers: 4
[8159.222s][debug][gc,phases      ] GC(336)   JVMTI Tag Weak OopStorage      Min: 0.00, Avg: 0.00, Max: 0.00, Diff: 0.00, Sum: 0.00, Workers: 4
[8159.222s][debug][gc,phases      ] GC(336)     Dead                           Min: 0, Avg:  0.0, Max: 0, Diff: 0, Sum: 0, Workers: 4
[8159.222s][debug][gc,phases      ] GC(336)     Total                          Min: 0, Avg:  0.0, Max: 0, Diff: 0, Sum: 0, Workers: 4
[8159.222s][debug][gc,phases      ] GC(336)   StringTable Weak               Min: 0.00, Avg: 0.09, Max: 0.13, Diff: 0.13, Sum: 0.37, Workers: 4
[8159.222s][debug][gc,phases      ] GC(336)     Dead                           Min: 0, Avg:  0.0, Max: 0, Diff: 0, Sum: 0, Workers: 4
[8159.222s][debug][gc,phases      ] GC(336)     Total                          Min: 0, Avg: 12905.8, Max: 22144, Diff: 22144, Sum: 51623, Workers: 4
[8159.222s][debug][gc,phases      ] GC(336)   ResolvedMethodTable Weak       Min: 0.00, Avg: 0.03, Max: 0.04, Diff: 0.04, Sum: 0.13, Workers: 4
[8159.222s][debug][gc,phases      ] GC(336)     Dead                           Min: 0, Avg:  0.0, Max: 0, Diff: 0, Sum: 0, Workers: 4
[8159.222s][debug][gc,phases      ] GC(336)     Total                          Min: 0, Avg: 4405.8, Max: 7616, Diff: 7616, Sum: 17623, Workers: 4
[8159.222s][debug][gc,phases      ] GC(336)   JNI Weak                       Min: 0.00, Avg: 0.00, Max: 0.00, Diff: 0.00, Sum: 0.00, Workers: 4
[8159.222s][debug][gc,phases      ] GC(336)     Dead                           Min: 0, Avg:  0.0, Max: 0, Diff: 0, Sum: 0, Workers: 4
[8159.222s][debug][gc,phases      ] GC(336)     Total                          Min: 0, Avg: 13.0, Max: 48, Diff: 48, Sum: 52, Workers: 4
[8159.222s][debug][gc,phases      ] GC(336)   StringDedup Table Weak         Min: 0.00, Avg: 0.00, Max: 0.00, Diff: 0.00, Sum: 0.00, Workers: 4
[8159.222s][debug][gc,phases      ] GC(336)     Dead                           Min: 0, Avg:  0.0, Max: 0, Diff: 0, Sum: 0, Workers: 4
[8159.222s][debug][gc,phases      ] GC(336)     Total                          Min: 0, Avg:  0.0, Max: 0, Diff: 0, Sum: 0, Workers: 4
[8159.222s][debug][gc,phases      ] GC(336)   StringDedup Requests0 Weak     Min: 0.00, Avg: 0.00, Max: 0.00, Diff: 0.00, Sum: 0.00, Workers: 4
[8159.222s][debug][gc,phases      ] GC(336)     Dead                           Min: 0, Avg:  0.0, Max: 0, Diff: 0, Sum: 0, Workers: 4
[8159.222s][debug][gc,phases      ] GC(336)     Total                          Min: 0, Avg:  0.0, Max: 0, Diff: 0, Sum: 0, Workers: 4
[8159.222s][debug][gc,phases      ] GC(336)   StringDedup Requests1 Weak     Min: 0.00, Avg: 0.00, Max: 0.00, Diff: 0.00, Sum: 0.00, Workers: 4
[8159.222s][debug][gc,phases      ] GC(336)     Dead                           Min: 0, Avg:  0.0, Max: 0, Diff: 0, Sum: 0, Workers: 4
[8159.222s][debug][gc,phases      ] GC(336)     Total                          Min: 0, Avg:  0.0, Max: 0, Diff: 0, Sum: 0, Workers: 4
[8159.222s][debug][gc,phases      ] GC(336)   Weak JFR Old Object Samples    Min: 0.00, Avg: 0.00, Max: 0.00, Diff: 0.00, Sum: 0.00, Workers: 4
[8159.222s][debug][gc,phases      ] GC(336)     Dead                           Min: 0, Avg:  0.0, Max: 0, Diff: 0, Sum: 0, Workers: 4
[8159.222s][debug][gc,phases      ] GC(336)     Total                          Min: 0, Avg:  0.0, Max: 0, Diff: 0, Sum: 0, Workers: 4
[8159.222s][debug][gc,phases      ] GC(336) Weak Processing 0.338ms
[8159.222s][debug][gc,age         ] GC(336) Desired survivor size 46137344 bytes, new threshold 1 (max threshold 15)
[8159.222s][info ][gc,heap        ] GC(336) PSYoungGen: 2039792K(2039808K)->23985K(2034176K) Eden: 2010112K(2010112K)->0K(2010112K) From: 29680K(29696K)->23985K(24064K)
[8159.222s][info ][gc,heap        ] GC(336) ParOldGen: 2556744K(2556928K)->2583676K(2584064K)
[8159.222s][info ][gc,metaspace   ] GC(336) Metaspace: 114096K(115392K)->114096K(115392K) NonClass: 97586K(98304K)->97586K(98304K) Class: 16510K(17088K)->16510K(17088K)
[8159.222s][info ][gc             ] GC(336) Pause Young (Allocation Failure) 4488M->2546M(4510M) 21.439ms
[8159.222s][info ][gc,cpu         ] GC(336) User=0.07s Sys=0.01s Real=0.02s
[8159.222s][info ][safepoint      ] Safepoint "ParallelCollectForAllocation", Time since last: 12718357702 ns, Reaching safepoint: 6200 ns, At safepoint: 21504597 ns, Leaving safepoint: 9200 ns, Total: 21519997 ns, Threads: 0 runnable, 39 total
[8170.991s][info ][gc,start       ] GC(337) Pause Young (Allocation Failure)
[8171.013s][debug][gc,phases      ] GC(337) Scavenge 21.596ms
[8171.013s][debug][gc,ref         ] GC(337) ReferenceProcessor::execute queues: 1, RefProcThreadModel::Single, marks_oops_alive: false
[8171.013s][debug][gc,ref         ] GC(337) Skipped KeepAliveFinalRefsPhase of Reference Processing: no references
[8171.013s][debug][gc,ref         ] GC(337) Skipped PhantomRefsPhase of Reference Processing: no references
[8171.013s][debug][gc,phases      ] GC(337) Reference Processing 0.099ms
[8171.013s][debug][gc,phases      ] GC(337)   VM Weak                        Min: 0.00, Avg: 0.00, Max: 0.01, Diff: 0.01, Sum: 0.01, Workers: 4
[8171.013s][debug][gc,phases      ] GC(337)     Dead                           Min: 0, Avg:  0.0, Max: 0, Diff: 0, Sum: 0, Workers: 4
[8171.013s][debug][gc,phases      ] GC(337)     Total                          Min: 0, Avg: 243.0, Max: 512, Diff: 512, Sum: 972, Workers: 4
[8171.013s][debug][gc,phases      ] GC(337)   ObjectSynchronizer Weak        Min: 0.00, Avg: 0.00, Max: 0.00, Diff: 0.00, Sum: 0.00, Workers: 4
[8171.013s][debug][gc,phases      ] GC(337)     Dead                           Min: 0, Avg:  0.0, Max: 0, Diff: 0, Sum: 0, Workers: 4
[8171.013s][debug][gc,phases      ] GC(337)     Total                          Min: 0, Avg:  1.5, Max: 6, Diff: 6, Sum: 6, Workers: 4
[8171.013s][debug][gc,phases      ] GC(337)   JVMTI Tag Weak OopStorage      Min: 0.00, Avg: 0.00, Max: 0.00, Diff: 0.00, Sum: 0.00, Workers: 4
[8171.013s][debug][gc,phases      ] GC(337)     Dead                           Min: 0, Avg:  0.0, Max: 0, Diff: 0, Sum: 0, Workers: 4
[8171.013s][debug][gc,phases      ] GC(337)     Total                          Min: 0, Avg:  0.0, Max: 0, Diff: 0, Sum: 0, Workers: 4
[8171.014s][debug][gc,phases      ] GC(337)   StringTable Weak               Min: 0.00, Avg: 0.11, Max: 0.15, Diff: 0.15, Sum: 0.45, Workers: 4
[8171.014s][debug][gc,phases      ] GC(337)     Dead                           Min: 0, Avg:  0.0, Max: 0, Diff: 0, Sum: 0, Workers: 4
[8171.014s][debug][gc,phases      ] GC(337)     Total                          Min: 0, Avg: 12905.8, Max: 21248, Diff: 21248, Sum: 51623, Workers: 4
[8171.014s][debug][gc,phases      ] GC(337)   ResolvedMethodTable Weak       Min: 0.00, Avg: 0.03, Max: 0.04, Diff: 0.04, Sum: 0.13, Workers: 4
[8171.014s][debug][gc,phases      ] GC(337)     Dead                           Min: 0, Avg:  5.0, Max: 20, Diff: 20, Sum: 20, Workers: 4
[8171.014s][debug][gc,phases      ] GC(337)     Total                          Min: 0, Avg: 4405.8, Max: 7488, Diff: 7488, Sum: 17623, Workers: 4
[8171.014s][debug][gc,phases      ] GC(337)   JNI Weak                       Min: 0.00, Avg: 0.00, Max: 0.00, Diff: 0.00, Sum: 0.00, Workers: 4
[8171.014s][debug][gc,phases      ] GC(337)     Dead                           Min: 0, Avg:  0.0, Max: 0, Diff: 0, Sum: 0, Workers: 4
[8171.014s][debug][gc,phases      ] GC(337)     Total                          Min: 0, Avg: 13.0, Max: 48, Diff: 48, Sum: 52, Workers: 4
[8171.014s][debug][gc,phases      ] GC(337)   StringDedup Table Weak         Min: 0.00, Avg: 0.00, Max: 0.00, Diff: 0.00, Sum: 0.00, Workers: 4
[8171.014s][debug][gc,phases      ] GC(337)     Dead                           Min: 0, Avg:  0.0, Max: 0, Diff: 0, Sum: 0, Workers: 4
[8171.014s][debug][gc,phases      ] GC(337)     Total                          Min: 0, Avg:  0.0, Max: 0, Diff: 0, Sum: 0, Workers: 4
[8171.014s][debug][gc,phases      ] GC(337)   StringDedup Requests0 Weak     Min: 0.00, Avg: 0.00, Max: 0.00, Diff: 0.00, Sum: 0.00, Workers: 4
[8171.014s][debug][gc,phases      ] GC(337)     Dead                           Min: 0, Avg:  0.0, Max: 0, Diff: 0, Sum: 0, Workers: 4
[8171.014s][debug][gc,phases      ] GC(337)     Total                          Min: 0, Avg:  0.0, Max: 0, Diff: 0, Sum: 0, Workers: 4
[8171.014s][debug][gc,phases      ] GC(337)   StringDedup Requests1 Weak     Min: 0.00, Avg: 0.00, Max: 0.00, Diff: 0.00, Sum: 0.00, Workers: 4
[8171.014s][debug][gc,phases      ] GC(337)     Dead                           Min: 0, Avg:  0.0, Max: 0, Diff: 0, Sum: 0, Workers: 4
[8171.014s][debug][gc,phases      ] GC(337)     Total                          Min: 0, Avg:  0.0, Max: 0, Diff: 0, Sum: 0, Workers: 4
[8171.014s][debug][gc,phases      ] GC(337)   Weak JFR Old Object Samples    Min: 0.00, Avg: 0.00, Max: 0.00, Diff: 0.00, Sum: 0.00, Workers: 4
[8171.014s][debug][gc,phases      ] GC(337)     Dead                           Min: 0, Avg:  0.0, Max: 0, Diff: 0, Sum: 0, Workers: 4
[8171.014s][debug][gc,phases      ] GC(337)     Total                          Min: 0, Avg:  0.0, Max: 0, Diff: 0, Sum: 0, Workers: 4
[8171.014s][debug][gc,phases      ] GC(337) Weak Processing 0.371ms
[8171.014s][debug][gc,age         ] GC(337) Desired survivor size 48758784 bytes, new threshold 1 (max threshold 15)
[8171.014s][info ][gc,heap        ] GC(337) PSYoungGen: 2034097K(2034176K)->28960K(2046976K) Eden: 2010112K(2010112K)->0K(2001920K) From: 23985K(24064K)->28960K(45056K)
[8171.014s][info ][gc,heap        ] GC(337) ParOldGen: 2583676K(2584064K)->2602348K(2602496K)
[8171.014s][info ][gc,metaspace   ] GC(337) Metaspace: 114096K(115392K)->114096K(115392K) NonClass: 97586K(98304K)->97586K(98304K) Class: 16510K(17088K)->16510K(17088K)
[8171.014s][info ][gc             ] GC(337) Pause Young (Allocation Failure) 4509M->2569M(4540M) 22.189ms
[8171.014s][info ][gc,cpu         ] GC(337) User=0.07s Sys=0.01s Real=0.02s
[8171.014s][info ][safepoint      ] Safepoint "ParallelCollectForAllocation", Time since last: 11769456778 ns, Reaching safepoint: 118799 ns, At safepoint: 22259293 ns, Leaving safepoint: 10900 ns, Total: 22388992 ns, Threads: 1 runnable, 39 total
[8186.845s][info ][gc,start       ] GC(338) Pause Young (Allocation Failure)
[8186.863s][debug][gc,phases      ] GC(338) Scavenge 18.317ms
[8186.863s][debug][gc,ref         ] GC(338) Skipped SoftWeakFinalRefsPhase of Reference Processing: no references
[8186.863s][debug][gc,ref         ] GC(338) Skipped KeepAliveFinalRefsPhase of Reference Processing: no references
[8186.863s][debug][gc,ref         ] GC(338) Skipped PhantomRefsPhase of Reference Processing: no references
[8186.863s][debug][gc,phases      ] GC(338) Reference Processing 0.018ms
[8186.864s][debug][gc,phases      ] GC(338)   VM Weak                        Min: 0.00, Avg: 0.00, Max: 0.01, Diff: 0.01, Sum: 0.01, Workers: 4
[8186.864s][debug][gc,phases      ] GC(338)     Dead                           Min: 0, Avg:  0.0, Max: 0, Diff: 0, Sum: 0, Workers: 4
[8186.864s][debug][gc,phases      ] GC(338)     Total                          Min: 0, Avg: 243.0, Max: 576, Diff: 576, Sum: 972, Workers: 4
[8186.864s][debug][gc,phases      ] GC(338)   ObjectSynchronizer Weak        Min: 0.00, Avg: 0.00, Max: 0.00, Diff: 0.00, Sum: 0.00, Workers: 4
[8186.864s][debug][gc,phases      ] GC(338)     Dead                           Min: 0, Avg:  0.0, Max: 0, Diff: 0, Sum: 0, Workers: 4
[8186.864s][debug][gc,phases      ] GC(338)     Total                          Min: 0, Avg:  1.8, Max: 7, Diff: 7, Sum: 7, Workers: 4
[8186.864s][debug][gc,phases      ] GC(338)   JVMTI Tag Weak OopStorage      Min: 0.00, Avg: 0.00, Max: 0.00, Diff: 0.00, Sum: 0.00, Workers: 4
[8186.864s][debug][gc,phases      ] GC(338)     Dead                           Min: 0, Avg:  0.0, Max: 0, Diff: 0, Sum: 0, Workers: 4
[8186.864s][debug][gc,phases      ] GC(338)     Total                          Min: 0, Avg:  0.0, Max: 0, Diff: 0, Sum: 0, Workers: 4
[8186.864s][debug][gc,phases      ] GC(338)   StringTable Weak               Min: 0.00, Avg: 0.09, Max: 0.13, Diff: 0.12, Sum: 0.37, Workers: 4
[8186.864s][debug][gc,phases      ] GC(338)     Dead                           Min: 0, Avg:  0.0, Max: 0, Diff: 0, Sum: 0, Workers: 4
[8186.864s][debug][gc,phases      ] GC(338)     Total                          Min: 0, Avg: 12905.8, Max: 21952, Diff: 21952, Sum: 51623, Workers: 4
[8186.864s][debug][gc,phases      ] GC(338)   ResolvedMethodTable Weak       Min: 0.00, Avg: 0.03, Max: 0.04, Diff: 0.04, Sum: 0.13, Workers: 4
[8186.864s][debug][gc,phases      ] GC(338)     Dead                           Min: 0, Avg:  0.0, Max: 0, Diff: 0, Sum: 0, Workers: 4
[8186.864s][debug][gc,phases      ] GC(338)     Total                          Min: 0, Avg: 4405.8, Max: 7467, Diff: 7467, Sum: 17623, Workers: 4
[8186.864s][debug][gc,phases      ] GC(338)   JNI Weak                       Min: 0.00, Avg: 0.00, Max: 0.00, Diff: 0.00, Sum: 0.00, Workers: 4
[8186.864s][debug][gc,phases      ] GC(338)     Dead                           Min: 0, Avg:  0.0, Max: 0, Diff: 0, Sum: 0, Workers: 4
[8186.864s][debug][gc,phases      ] GC(338)     Total                          Min: 0, Avg: 13.0, Max: 48, Diff: 48, Sum: 52, Workers: 4
[8186.864s][debug][gc,phases      ] GC(338)   StringDedup Table Weak         Min: 0.00, Avg: 0.00, Max: 0.00, Diff: 0.00, Sum: 0.00, Workers: 4
[8186.864s][debug][gc,phases      ] GC(338)     Dead                           Min: 0, Avg:  0.0, Max: 0, Diff: 0, Sum: 0, Workers: 4
[8186.864s][debug][gc,phases      ] GC(338)     Total                          Min: 0, Avg:  0.0, Max: 0, Diff: 0, Sum: 0, Workers: 4
[8186.864s][debug][gc,phases      ] GC(338)   StringDedup Requests0 Weak     Min: 0.00, Avg: 0.00, Max: 0.00, Diff: 0.00, Sum: 0.00, Workers: 4
[8186.864s][debug][gc,phases      ] GC(338)     Dead                           Min: 0, Avg:  0.0, Max: 0, Diff: 0, Sum: 0, Workers: 4
[8186.864s][debug][gc,phases      ] GC(338)     Total                          Min: 0, Avg:  0.0, Max: 0, Diff: 0, Sum: 0, Workers: 4
[8186.864s][debug][gc,phases      ] GC(338)   StringDedup Requests1 Weak     Min: 0.00, Avg: 0.00, Max: 0.00, Diff: 0.00, Sum: 0.00, Workers: 4
[8186.864s][debug][gc,phases      ] GC(338)     Dead                           Min: 0, Avg:  0.0, Max: 0, Diff: 0, Sum: 0, Workers: 4
[8186.864s][debug][gc,phases      ] GC(338)     Total                          Min: 0, Avg:  0.0, Max: 0, Diff: 0, Sum: 0, Workers: 4
[8186.864s][debug][gc,phases      ] GC(338)   Weak JFR Old Object Samples    Min: 0.00, Avg: 0.00, Max: 0.00, Diff: 0.00, Sum: 0.00, Workers: 4
[8186.864s][debug][gc,phases      ] GC(338)     Dead                           Min: 0, Avg:  0.0, Max: 0, Diff: 0, Sum: 0, Workers: 4
[8186.864s][debug][gc,phases      ] GC(338)     Total                          Min: 0, Avg:  0.0, Max: 0, Diff: 0, Sum: 0, Workers: 4
[8186.864s][debug][gc,phases      ] GC(338) Weak Processing 0.335ms
[8186.864s][debug][gc,age         ] GC(338) Desired survivor size 47185920 bytes, new threshold 1 (max threshold 15)
[8186.864s][info ][gc,heap        ] GC(338) PSYoungGen: 2030880K(2046976K)->5296K(2049536K) Eden: 2001920K(2001920K)->0K(2001920K) From: 28960K(45056K)->5296K(47616K)
[8186.864s][info ][gc,heap        ] GC(338) ParOldGen: 2602348K(2602496K)->2628833K(2629120K)
[8186.864s][info ][gc,metaspace   ] GC(338) Metaspace: 114096K(115392K)->114096K(115392K) NonClass: 97586K(98304K)->97586K(98304K) Class: 16510K(17088K)->16510K(17088K)
[8186.864s][info ][gc             ] GC(338) Pause Young (Allocation Failure) 4524M->2572M(4569M) 18.787ms
[8186.864s][info ][gc,cpu         ] GC(338) User=0.04s Sys=0.02s Real=0.02s
[8186.864s][info ][safepoint      ] Safepoint "ParallelCollectForAllocation", Time since last: 15831231573 ns, Reaching safepoint: 28100 ns, At safepoint: 18858710 ns, Leaving safepoint: 8200 ns, Total: 18895010 ns, Threads: 0 runnable, 37 total
[8203.340s][info ][gc,start       ] GC(339) Pause Young (Allocation Failure)
[8203.348s][debug][gc,phases      ] GC(339) Scavenge 7.541ms
[8203.348s][debug][gc,ref         ] GC(339) ReferenceProcessor::execute queues: 1, RefProcThreadModel::Single, marks_oops_alive: false
[8203.348s][debug][gc,ref         ] GC(339) Skipped KeepAliveFinalRefsPhase of Reference Processing: no references
[8203.348s][debug][gc,ref         ] GC(339) Skipped PhantomRefsPhase of Reference Processing: no references
[8203.348s][debug][gc,phases      ] GC(339) Reference Processing 0.227ms
[8203.348s][debug][gc,phases      ] GC(339)   VM Weak                        Min: 0.00, Avg: 0.00, Max: 0.00, Diff: 0.00, Sum: 0.01, Workers: 4
[8203.348s][debug][gc,phases      ] GC(339)     Dead                           Min: 0, Avg:  0.0, Max: 0, Diff: 0, Sum: 0, Workers: 4
[8203.348s][debug][gc,phases      ] GC(339)     Total                          Min: 0, Avg: 243.0, Max: 512, Diff: 512, Sum: 972, Workers: 4
[8203.348s][debug][gc,phases      ] GC(339)   ObjectSynchronizer Weak        Min: 0.00, Avg: 0.00, Max: 0.00, Diff: 0.00, Sum: 0.00, Workers: 4
[8203.348s][debug][gc,phases      ] GC(339)     Dead                           Min: 0, Avg:  0.0, Max: 0, Diff: 0, Sum: 0, Workers: 4
[8203.348s][debug][gc,phases      ] GC(339)     Total                          Min: 0, Avg:  1.8, Max: 7, Diff: 7, Sum: 7, Workers: 4
[8203.348s][debug][gc,phases      ] GC(339)   JVMTI Tag Weak OopStorage      Min: 0.00, Avg: 0.00, Max: 0.00, Diff: 0.00, Sum: 0.00, Workers: 4
[8203.348s][debug][gc,phases      ] GC(339)     Dead                           Min: 0, Avg:  0.0, Max: 0, Diff: 0, Sum: 0, Workers: 4
[8203.348s][debug][gc,phases      ] GC(339)     Total                          Min: 0, Avg:  0.0, Max: 0, Diff: 0, Sum: 0, Workers: 4
[8203.348s][debug][gc,phases      ] GC(339)   StringTable Weak               Min: 0.00, Avg: 0.12, Max: 0.16, Diff: 0.16, Sum: 0.49, Workers: 4
[8203.348s][debug][gc,phases      ] GC(339)     Dead                           Min: 0, Avg:  0.0, Max: 0, Diff: 0, Sum: 0, Workers: 4
[8203.349s][debug][gc,phases      ] GC(339)     Total                          Min: 0, Avg: 12905.8, Max: 17408, Diff: 17408, Sum: 51623, Workers: 4
[8203.349s][debug][gc,phases      ] GC(339)   ResolvedMethodTable Weak       Min: 0.00, Avg: 0.04, Max: 0.05, Diff: 0.05, Sum: 0.15, Workers: 4
[8203.349s][debug][gc,phases      ] GC(339)     Dead                           Min: 0, Avg:  5.0, Max: 20, Diff: 20, Sum: 20, Workers: 4
[8203.349s][debug][gc,phases      ] GC(339)     Total                          Min: 0, Avg: 4405.8, Max: 5952, Diff: 5952, Sum: 17623, Workers: 4
[8203.349s][debug][gc,phases      ] GC(339)   JNI Weak                       Min: 0.00, Avg: 0.00, Max: 0.00, Diff: 0.00, Sum: 0.00, Workers: 4
[8203.349s][debug][gc,phases      ] GC(339)     Dead                           Min: 0, Avg:  0.0, Max: 0, Diff: 0, Sum: 0, Workers: 4
[8203.349s][debug][gc,phases      ] GC(339)     Total                          Min: 0, Avg: 13.0, Max: 48, Diff: 48, Sum: 52, Workers: 4
[8203.349s][debug][gc,phases      ] GC(339)   StringDedup Table Weak         Min: 0.00, Avg: 0.00, Max: 0.00, Diff: 0.00, Sum: 0.00, Workers: 4
[8203.349s][debug][gc,phases      ] GC(339)     Dead                           Min: 0, Avg:  0.0, Max: 0, Diff: 0, Sum: 0, Workers: 4
[8203.349s][debug][gc,phases      ] GC(339)     Total                          Min: 0, Avg:  0.0, Max: 0, Diff: 0, Sum: 0, Workers: 4
[8203.349s][debug][gc,phases      ] GC(339)   StringDedup Requests0 Weak     Min: 0.00, Avg: 0.00, Max: 0.00, Diff: 0.00, Sum: 0.00, Workers: 4
[8203.349s][debug][gc,phases      ] GC(339)     Dead                           Min: 0, Avg:  0.0, Max: 0, Diff: 0, Sum: 0, Workers: 4
[8203.349s][debug][gc,phases      ] GC(339)     Total                          Min: 0, Avg:  0.0, Max: 0, Diff: 0, Sum: 0, Workers: 4
[8203.349s][debug][gc,phases      ] GC(339)   StringDedup Requests1 Weak     Min: 0.00, Avg: 0.00, Max: 0.00, Diff: 0.00, Sum: 0.00, Workers: 4
[8203.349s][debug][gc,phases      ] GC(339)     Dead                           Min: 0, Avg:  0.0, Max: 0, Diff: 0, Sum: 0, Workers: 4
[8203.349s][debug][gc,phases      ] GC(339)     Total                          Min: 0, Avg:  0.0, Max: 0, Diff: 0, Sum: 0, Workers: 4
[8203.349s][debug][gc,phases      ] GC(339)   Weak JFR Old Object Samples    Min: 0.00, Avg: 0.00, Max: 0.00, Diff: 0.00, Sum: 0.00, Workers: 4
[8203.349s][debug][gc,phases      ] GC(339)     Dead                           Min: 0, Avg:  0.0, Max: 0, Diff: 0, Sum: 0, Workers: 4
[8203.349s][debug][gc,phases      ] GC(339)     Total                          Min: 0, Avg:  0.0, Max: 0, Diff: 0, Sum: 0, Workers: 4
[8203.349s][debug][gc,phases      ] GC(339) Weak Processing 0.456ms
[8203.349s][debug][gc,age         ] GC(339) Desired survivor size 45088768 bytes, new threshold 1 (max threshold 15)
[8203.349s][info ][gc,heap        ] GC(339) PSYoungGen: 2007216K(2049536K)->4944K(2053120K) Eden: 2001920K(2001920K)->0K(2007040K) From: 5296K(47616K)->4944K(46080K)
[8203.349s][info ][gc,heap        ] GC(339) ParOldGen: 2628833K(2629120K)->2630170K(2630656K)
[8203.349s][info ][gc,metaspace   ] GC(339) Metaspace: 114096K(115392K)->114096K(115392K) NonClass: 97586K(98304K)->97586K(98304K) Class: 16510K(17088K)->16510K(17088K)
[8203.349s][info ][gc             ] GC(339) Pause Young (Allocation Failure) 4527M->2573M(4574M) 8.355ms
[8203.349s][info ][gc,cpu         ] GC(339) User=0.03s Sys=0.00s Real=0.01s
[8203.349s][info ][safepoint      ] Safepoint "ParallelCollectForAllocation", Time since last: 16476434471 ns, Reaching safepoint: 26900 ns, At safepoint: 8443660 ns, Leaving safepoint: 3100 ns, Total: 8473660 ns, Threads: 0 runnable, 37 total
[8219.491s][info ][gc,start       ] GC(340) Pause Young (Allocation Failure)
[8219.500s][debug][gc,phases      ] GC(340) Scavenge 8.740ms
[8219.500s][debug][gc,ref         ] GC(340) ReferenceProcessor::execute queues: 1, RefProcThreadModel::Single, marks_oops_alive: false
[8219.500s][debug][gc,ref         ] GC(340) Skipped KeepAliveFinalRefsPhase of Reference Processing: no references
[8219.500s][debug][gc,ref         ] GC(340) Skipped PhantomRefsPhase of Reference Processing: no references
[8219.500s][debug][gc,phases      ] GC(340) Reference Processing 0.094ms
[8219.500s][debug][gc,phases      ] GC(340)   VM Weak                        Min: 0.00, Avg: 0.00, Max: 0.01, Diff: 0.01, Sum: 0.01, Workers: 4
[8219.500s][debug][gc,phases      ] GC(340)     Dead                           Min: 0, Avg:  0.0, Max: 0, Diff: 0, Sum: 0, Workers: 4
[8219.500s][debug][gc,phases      ] GC(340)     Total                          Min: 0, Avg: 243.0, Max: 768, Diff: 768, Sum: 972, Workers: 4
[8219.500s][debug][gc,phases      ] GC(340)   ObjectSynchronizer Weak        Min: 0.00, Avg: 0.00, Max: 0.00, Diff: 0.00, Sum: 0.00, Workers: 4
[8219.500s][debug][gc,phases      ] GC(340)     Dead                           Min: 0, Avg:  0.0, Max: 0, Diff: 0, Sum: 0, Workers: 4
[8219.500s][debug][gc,phases      ] GC(340)     Total                          Min: 0, Avg:  1.8, Max: 7, Diff: 7, Sum: 7, Workers: 4
[8219.500s][debug][gc,phases      ] GC(340)   JVMTI Tag Weak OopStorage      Min: 0.00, Avg: 0.00, Max: 0.00, Diff: 0.00, Sum: 0.00, Workers: 4
[8219.500s][debug][gc,phases      ] GC(340)     Dead                           Min: 0, Avg:  0.0, Max: 0, Diff: 0, Sum: 0, Workers: 4
[8219.500s][debug][gc,phases      ] GC(340)     Total                          Min: 0, Avg:  0.0, Max: 0, Diff: 0, Sum: 0, Workers: 4
[8219.500s][debug][gc,phases      ] GC(340)   StringTable Weak               Min: 0.00, Avg: 0.13, Max: 0.17, Diff: 0.17, Sum: 0.50, Workers: 4
[8219.500s][debug][gc,phases      ] GC(340)     Dead                           Min: 0, Avg:  0.2, Max: 1, Diff: 1, Sum: 1, Workers: 4
[8219.500s][debug][gc,phases      ] GC(340)     Total                          Min: 0, Avg: 12906.5, Max: 18154, Diff: 18154, Sum: 51626, Workers: 4
[8219.500s][debug][gc,phases      ] GC(340)   ResolvedMethodTable Weak       Min: 0.00, Avg: 0.04, Max: 0.05, Diff: 0.05, Sum: 0.15, Workers: 4
[8219.500s][debug][gc,phases      ] GC(340)     Dead                           Min: 0, Avg:  5.2, Max: 21, Diff: 21, Sum: 21, Workers: 4
[8219.500s][debug][gc,phases      ] GC(340)     Total                          Min: 0, Avg: 4406.8, Max: 5999, Diff: 5999, Sum: 17627, Workers: 4
[8219.500s][debug][gc,phases      ] GC(340)   JNI Weak                       Min: 0.00, Avg: 0.00, Max: 0.00, Diff: 0.00, Sum: 0.00, Workers: 4
[8219.500s][debug][gc,phases      ] GC(340)     Dead                           Min: 0, Avg:  0.0, Max: 0, Diff: 0, Sum: 0, Workers: 4
[8219.500s][debug][gc,phases      ] GC(340)     Total                          Min: 0, Avg: 13.0, Max: 48, Diff: 48, Sum: 52, Workers: 4
[8219.500s][debug][gc,phases      ] GC(340)   StringDedup Table Weak         Min: 0.00, Avg: 0.00, Max: 0.00, Diff: 0.00, Sum: 0.00, Workers: 4
[8219.500s][debug][gc,phases      ] GC(340)     Dead                           Min: 0, Avg:  0.0, Max: 0, Diff: 0, Sum: 0, Workers: 4
[8219.500s][debug][gc,phases      ] GC(340)     Total                          Min: 0, Avg:  0.0, Max: 0, Diff: 0, Sum: 0, Workers: 4
[8219.500s][debug][gc,phases      ] GC(340)   StringDedup Requests0 Weak     Min: 0.00, Avg: 0.00, Max: 0.00, Diff: 0.00, Sum: 0.00, Workers: 4
[8219.500s][debug][gc,phases      ] GC(340)     Dead                           Min: 0, Avg:  0.0, Max: 0, Diff: 0, Sum: 0, Workers: 4
[8219.501s][debug][gc,phases      ] GC(340)     Total                          Min: 0, Avg:  0.0, Max: 0, Diff: 0, Sum: 0, Workers: 4
[8219.501s][debug][gc,phases      ] GC(340)   StringDedup Requests1 Weak     Min: 0.00, Avg: 0.00, Max: 0.00, Diff: 0.00, Sum: 0.00, Workers: 4
[8219.501s][debug][gc,phases      ] GC(340)     Dead                           Min: 0, Avg:  0.0, Max: 0, Diff: 0, Sum: 0, Workers: 4
[8219.501s][debug][gc,phases      ] GC(340)     Total                          Min: 0, Avg:  0.0, Max: 0, Diff: 0, Sum: 0, Workers: 4
[8219.501s][debug][gc,phases      ] GC(340)   Weak JFR Old Object Samples    Min: 0.00, Avg: 0.00, Max: 0.00, Diff: 0.00, Sum: 0.00, Workers: 4
[8219.501s][debug][gc,phases      ] GC(340)     Dead                           Min: 0, Avg:  0.0, Max: 0, Diff: 0, Sum: 0, Workers: 4
[8219.501s][debug][gc,phases      ] GC(340)     Total                          Min: 0, Avg:  0.0, Max: 0, Diff: 0, Sum: 0, Workers: 4
[8219.501s][debug][gc,phases      ] GC(340) Weak Processing 0.394ms
[8219.501s][debug][gc,age         ] GC(340) Desired survivor size 43515904 bytes, new threshold 1 (max threshold 15)
[8219.501s][info ][gc,heap        ] GC(340) PSYoungGen: 2011984K(2053120K)->5808K(2051072K) Eden: 2007040K(2007040K)->0K(2007040K) From: 4944K(46080K)->5808K(44032K)
[8219.501s][info ][gc,heap        ] GC(340) ParOldGen: 2630170K(2630656K)->2631190K(2631680K)
[8219.501s][info ][gc,metaspace   ] GC(340) Metaspace: 114103K(115456K)->114103K(115456K) NonClass: 97591K(98368K)->97591K(98368K) Class: 16511K(17088K)->16511K(17088K)
[8219.501s][info ][gc             ] GC(340) Pause Young (Allocation Failure) 4533M->2575M(4573M) 9.341ms
[8219.501s][info ][gc,cpu         ] GC(340) User=0.03s Sys=0.00s Real=0.01s
[8219.501s][info ][safepoint      ] Safepoint "ParallelCollectForAllocation", Time since last: 16142412415 ns, Reaching safepoint: 85700 ns, At safepoint: 9407555 ns, Leaving safepoint: 10400 ns, Total: 9503655 ns, Threads: 1 runnable, 36 total
[8236.898s][info ][gc,start       ] GC(341) Pause Young (Allocation Failure)
[8236.906s][debug][gc,phases      ] GC(341) Scavenge 7.778ms
[8236.906s][debug][gc,ref         ] GC(341) ReferenceProcessor::execute queues: 1, RefProcThreadModel::Single, marks_oops_alive: false
[8236.906s][debug][gc,ref         ] GC(341) Skipped KeepAliveFinalRefsPhase of Reference Processing: no references
[8236.906s][debug][gc,ref         ] GC(341) ReferenceProcessor::execute queues: 1, RefProcThreadModel::Single, marks_oops_alive: false
[8236.906s][debug][gc,phases      ] GC(341) Reference Processing 0.103ms
[8236.906s][debug][gc,phases      ] GC(341)   VM Weak                        Min: 0.00, Avg: 0.00, Max: 0.01, Diff: 0.01, Sum: 0.01, Workers: 4
[8236.906s][debug][gc,phases      ] GC(341)     Dead                           Min: 0, Avg:  0.0, Max: 0, Diff: 0, Sum: 0, Workers: 4
[8236.906s][debug][gc,phases      ] GC(341)     Total                          Min: 0, Avg: 243.0, Max: 588, Diff: 588, Sum: 972, Workers: 4
[8236.906s][debug][gc,phases      ] GC(341)   ObjectSynchronizer Weak        Min: 0.00, Avg: 0.00, Max: 0.00, Diff: 0.00, Sum: 0.00, Workers: 4
[8236.906s][debug][gc,phases      ] GC(341)     Dead                           Min: 0, Avg:  0.0, Max: 0, Diff: 0, Sum: 0, Workers: 4
[8236.907s][debug][gc,phases      ] GC(341)     Total                          Min: 0, Avg:  1.2, Max: 5, Diff: 5, Sum: 5, Workers: 4
[8236.907s][debug][gc,phases      ] GC(341)   JVMTI Tag Weak OopStorage      Min: 0.00, Avg: 0.00, Max: 0.00, Diff: 0.00, Sum: 0.00, Workers: 4
[8236.907s][debug][gc,phases      ] GC(341)     Dead                           Min: 0, Avg:  0.0, Max: 0, Diff: 0, Sum: 0, Workers: 4
[8236.907s][debug][gc,phases      ] GC(341)     Total                          Min: 0, Avg:  0.0, Max: 0, Diff: 0, Sum: 0, Workers: 4
[8236.907s][debug][gc,phases      ] GC(341)   StringTable Weak               Min: 0.12, Avg: 0.13, Max: 0.14, Diff: 0.02, Sum: 0.54, Workers: 4
[8236.907s][debug][gc,phases      ] GC(341)     Dead                           Min: 0, Avg:  0.0, Max: 0, Diff: 0, Sum: 0, Workers: 4
[8236.907s][debug][gc,phases      ] GC(341)     Total                          Min: 7211, Avg: 12906.5, Max: 14976, Diff: 7765, Sum: 51626, Workers: 4
[8236.907s][debug][gc,phases      ] GC(341)   ResolvedMethodTable Weak       Min: 0.04, Avg: 0.04, Max: 0.04, Diff: 0.00, Sum: 0.15, Workers: 4
[8236.907s][debug][gc,phases      ] GC(341)     Dead                           Min: 0, Avg:  0.0, Max: 0, Diff: 0, Sum: 0, Workers: 4
[8236.907s][debug][gc,phases      ] GC(341)     Total                          Min: 4268, Avg: 4406.8, Max: 4480, Diff: 212, Sum: 17627, Workers: 4
[8236.907s][debug][gc,phases      ] GC(341)   JNI Weak                       Min: 0.00, Avg: 0.00, Max: 0.00, Diff: 0.00, Sum: 0.00, Workers: 4
[8236.907s][debug][gc,phases      ] GC(341)     Dead                           Min: 0, Avg:  0.0, Max: 0, Diff: 0, Sum: 0, Workers: 4
[8236.907s][debug][gc,phases      ] GC(341)     Total                          Min: 0, Avg: 13.0, Max: 48, Diff: 48, Sum: 52, Workers: 4
[8236.907s][debug][gc,phases      ] GC(341)   StringDedup Table Weak         Min: 0.00, Avg: 0.00, Max: 0.00, Diff: 0.00, Sum: 0.00, Workers: 4
[8236.907s][debug][gc,phases      ] GC(341)     Dead                           Min: 0, Avg:  0.0, Max: 0, Diff: 0, Sum: 0, Workers: 4
[8236.907s][debug][gc,phases      ] GC(341)     Total                          Min: 0, Avg:  0.0, Max: 0, Diff: 0, Sum: 0, Workers: 4
[8236.907s][debug][gc,phases      ] GC(341)   StringDedup Requests0 Weak     Min: 0.00, Avg: 0.00, Max: 0.00, Diff: 0.00, Sum: 0.00, Workers: 4
[8236.907s][debug][gc,phases      ] GC(341)     Dead                           Min: 0, Avg:  0.0, Max: 0, Diff: 0, Sum: 0, Workers: 4
[8236.907s][debug][gc,phases      ] GC(341)     Total                          Min: 0, Avg:  0.0, Max: 0, Diff: 0, Sum: 0, Workers: 4
[8236.907s][debug][gc,phases      ] GC(341)   StringDedup Requests1 Weak     Min: 0.00, Avg: 0.00, Max: 0.00, Diff: 0.00, Sum: 0.00, Workers: 4
[8236.907s][debug][gc,phases      ] GC(341)     Dead                           Min: 0, Avg:  0.0, Max: 0, Diff: 0, Sum: 0, Workers: 4
[8236.907s][debug][gc,phases      ] GC(341)     Total                          Min: 0, Avg:  0.0, Max: 0, Diff: 0, Sum: 0, Workers: 4
[8236.907s][debug][gc,phases      ] GC(341)   Weak JFR Old Object Samples    Min: 0.00, Avg: 0.00, Max: 0.00, Diff: 0.00, Sum: 0.00, Workers: 4
[8236.907s][debug][gc,phases      ] GC(341)     Dead                           Min: 0, Avg:  0.0, Max: 0, Diff: 0, Sum: 0, Workers: 4
[8236.907s][debug][gc,phases      ] GC(341)     Total                          Min: 0, Avg:  0.0, Max: 0, Diff: 0, Sum: 0, Workers: 4
[8236.907s][debug][gc,phases      ] GC(341) Weak Processing 0.359ms
[8236.907s][debug][gc,age         ] GC(341) Desired survivor size 41418752 bytes, new threshold 1 (max threshold 15)
[8236.907s][info ][gc,heap        ] GC(341) PSYoungGen: 2012848K(2051072K)->6064K(2056704K) Eden: 2007040K(2007040K)->0K(2014208K) From: 5808K(44032K)->6064K(42496K)
[8236.907s][info ][gc,heap        ] GC(341) ParOldGen: 2631190K(2631680K)->2633267K(2633728K)
[8236.907s][info ][gc,metaspace   ] GC(341) Metaspace: 114103K(115456K)->114103K(115456K) NonClass: 97591K(98368K)->97591K(98368K) Class: 16511K(17088K)->16511K(17088K)
[8236.907s][info ][gc             ] GC(341) Pause Young (Allocation Failure) 4535M->2577M(4580M) 8.373ms
[8236.907s][info ][gc,cpu         ] GC(341) User=0.03s Sys=0.01s Real=0.01s
[8236.907s][info ][safepoint      ] Safepoint "ParallelCollectForAllocation", Time since last: 17397489505 ns, Reaching safepoint: 115599 ns, At safepoint: 8445260 ns, Leaving safepoint: 9100 ns, Total: 8569959 ns, Threads: 1 runnable, 34 total
[8253.509s][info ][gc,start       ] GC(342) Pause Young (Allocation Failure)
[8253.515s][debug][gc,phases      ] GC(342) Scavenge 6.401ms
[8253.515s][debug][gc,ref         ] GC(342) ReferenceProcessor::execute queues: 1, RefProcThreadModel::Single, marks_oops_alive: false
[8253.516s][debug][gc,ref         ] GC(342) Skipped KeepAliveFinalRefsPhase of Reference Processing: no references
[8253.516s][debug][gc,ref         ] GC(342) Skipped PhantomRefsPhase of Reference Processing: no references
[8253.516s][debug][gc,phases      ] GC(342) Reference Processing 0.094ms
[8253.516s][debug][gc,phases      ] GC(342)   VM Weak                        Min: 0.00, Avg: 0.00, Max: 0.01, Diff: 0.01, Sum: 0.01, Workers: 4
[8253.516s][debug][gc,phases      ] GC(342)     Dead                           Min: 0, Avg:  0.0, Max: 0, Diff: 0, Sum: 0, Workers: 4
[8253.516s][debug][gc,phases      ] GC(342)     Total                          Min: 0, Avg: 243.0, Max: 716, Diff: 716, Sum: 972, Workers: 4
[8253.516s][debug][gc,phases      ] GC(342)   ObjectSynchronizer Weak        Min: 0.00, Avg: 0.00, Max: 0.00, Diff: 0.00, Sum: 0.00, Workers: 4
[8253.516s][debug][gc,phases      ] GC(342)     Dead                           Min: 0, Avg:  0.0, Max: 0, Diff: 0, Sum: 0, Workers: 4
[8253.516s][debug][gc,phases      ] GC(342)     Total                          Min: 0, Avg:  1.5, Max: 6, Diff: 6, Sum: 6, Workers: 4
[8253.516s][debug][gc,phases      ] GC(342)   JVMTI Tag Weak OopStorage      Min: 0.00, Avg: 0.00, Max: 0.00, Diff: 0.00, Sum: 0.00, Workers: 4
[8253.516s][debug][gc,phases      ] GC(342)     Dead                           Min: 0, Avg:  0.0, Max: 0, Diff: 0, Sum: 0, Workers: 4
[8253.516s][debug][gc,phases      ] GC(342)     Total                          Min: 0, Avg:  0.0, Max: 0, Diff: 0, Sum: 0, Workers: 4
[8253.516s][debug][gc,phases      ] GC(342)   StringTable Weak               Min: 0.00, Avg: 0.09, Max: 0.13, Diff: 0.13, Sum: 0.37, Workers: 4
[8253.516s][debug][gc,phases      ] GC(342)     Dead                           Min: 0, Avg:  0.0, Max: 0, Diff: 0, Sum: 0, Workers: 4
[8253.516s][debug][gc,phases      ] GC(342)     Total                          Min: 0, Avg: 12906.5, Max: 21674, Diff: 21674, Sum: 51626, Workers: 4
[8253.516s][debug][gc,phases      ] GC(342)   ResolvedMethodTable Weak       Min: 0.00, Avg: 0.03, Max: 0.04, Diff: 0.04, Sum: 0.13, Workers: 4
[8253.516s][debug][gc,phases      ] GC(342)     Dead                           Min: 0, Avg:  5.0, Max: 20, Diff: 20, Sum: 20, Workers: 4
[8253.516s][debug][gc,phases      ] GC(342)     Total                          Min: 0, Avg: 4406.8, Max: 7488, Diff: 7488, Sum: 17627, Workers: 4
[8253.516s][debug][gc,phases      ] GC(342)   JNI Weak                       Min: 0.00, Avg: 0.00, Max: 0.00, Diff: 0.00, Sum: 0.00, Workers: 4
[8253.516s][debug][gc,phases      ] GC(342)     Dead                           Min: 0, Avg:  0.0, Max: 0, Diff: 0, Sum: 0, Workers: 4
[8253.516s][debug][gc,phases      ] GC(342)     Total                          Min: 0, Avg: 13.0, Max: 48, Diff: 48, Sum: 52, Workers: 4
[8253.516s][debug][gc,phases      ] GC(342)   StringDedup Table Weak         Min: 0.00, Avg: 0.00, Max: 0.00, Diff: 0.00, Sum: 0.00, Workers: 4
[8253.516s][debug][gc,phases      ] GC(342)     Dead                           Min: 0, Avg:  0.0, Max: 0, Diff: 0, Sum: 0, Workers: 4
[8253.516s][debug][gc,phases      ] GC(342)     Total                          Min: 0, Avg:  0.0, Max: 0, Diff: 0, Sum: 0, Workers: 4
[8253.516s][debug][gc,phases      ] GC(342)   StringDedup Requests0 Weak     Min: 0.00, Avg: 0.00, Max: 0.00, Diff: 0.00, Sum: 0.00, Workers: 4
[8253.516s][debug][gc,phases      ] GC(342)     Dead                           Min: 0, Avg:  0.0, Max: 0, Diff: 0, Sum: 0, Workers: 4
[8253.516s][debug][gc,phases      ] GC(342)     Total                          Min: 0, Avg:  0.0, Max: 0, Diff: 0, Sum: 0, Workers: 4
[8253.516s][debug][gc,phases      ] GC(342)   StringDedup Requests1 Weak     Min: 0.00, Avg: 0.00, Max: 0.00, Diff: 0.00, Sum: 0.00, Workers: 4
[8253.516s][debug][gc,phases      ] GC(342)     Dead                           Min: 0, Avg:  0.0, Max: 0, Diff: 0, Sum: 0, Workers: 4
[8253.516s][debug][gc,phases      ] GC(342)     Total                          Min: 0, Avg:  0.0, Max: 0, Diff: 0, Sum: 0, Workers: 4
[8253.516s][debug][gc,phases      ] GC(342)   Weak JFR Old Object Samples    Min: 0.00, Avg: 0.00, Max: 0.00, Diff: 0.00, Sum: 0.00, Workers: 4
[8253.516s][debug][gc,phases      ] GC(342)     Dead                           Min: 0, Avg:  0.0, Max: 0, Diff: 0, Sum: 0, Workers: 4
[8253.516s][debug][gc,phases      ] GC(342)     Total                          Min: 0, Avg:  0.0, Max: 0, Diff: 0, Sum: 0, Workers: 4
[8253.516s][debug][gc,phases      ] GC(342) Weak Processing 0.336ms
[8253.516s][debug][gc,age         ] GC(342) Desired survivor size 39845888 bytes, new threshold 1 (max threshold 15)
[8253.516s][info ][gc,heap        ] GC(342) PSYoungGen: 2020272K(2056704K)->4928K(2054656K) Eden: 2014208K(2014208K)->0K(2014208K) From: 6064K(42496K)->4928K(40448K)
[8253.516s][info ][gc,heap        ] GC(342) ParOldGen: 2633267K(2633728K)->2634891K(2635264K)
[8253.516s][info ][gc,metaspace   ] GC(342) Metaspace: 114103K(115456K)->114103K(115456K) NonClass: 97591K(98368K)->97591K(98368K) Class: 16511K(17088K)->16511K(17088K)
[8253.516s][info ][gc             ] GC(342) Pause Young (Allocation Failure) 4544M->2577M(4580M) 6.943ms
[8253.516s][info ][gc,cpu         ] GC(342) User=0.02s Sys=0.00s Real=0.00s
[8253.516s][info ][safepoint      ] Safepoint "ParallelCollectForAllocation", Time since last: 16602252583 ns, Reaching safepoint: 5400 ns, At safepoint: 7004166 ns, Leaving safepoint: 3000 ns, Total: 7012566 ns, Threads: 0 runnable, 34 total
[8269.452s][info ][gc,start       ] GC(343) Pause Young (Allocation Failure)
[8269.459s][debug][gc,phases      ] GC(343) Scavenge 6.760ms
[8269.459s][debug][gc,ref         ] GC(343) ReferenceProcessor::execute queues: 1, RefProcThreadModel::Single, marks_oops_alive: false
[8269.459s][debug][gc,ref         ] GC(343) Skipped KeepAliveFinalRefsPhase of Reference Processing: no references
[8269.459s][debug][gc,ref         ] GC(343) Skipped PhantomRefsPhase of Reference Processing: no references
[8269.459s][debug][gc,phases      ] GC(343) Reference Processing 0.092ms
[8269.459s][debug][gc,phases      ] GC(343)   VM Weak                        Min: 0.00, Avg: 0.00, Max: 0.01, Diff: 0.01, Sum: 0.01, Workers: 4
[8269.459s][debug][gc,phases      ] GC(343)     Dead                           Min: 0, Avg:  0.0, Max: 0, Diff: 0, Sum: 0, Workers: 4
[8269.459s][debug][gc,phases      ] GC(343)     Total                          Min: 0, Avg: 243.0, Max: 716, Diff: 716, Sum: 972, Workers: 4
[8269.459s][debug][gc,phases      ] GC(343)   ObjectSynchronizer Weak        Min: 0.00, Avg: 0.00, Max: 0.00, Diff: 0.00, Sum: 0.00, Workers: 4
[8269.459s][debug][gc,phases      ] GC(343)     Dead                           Min: 0, Avg:  0.0, Max: 0, Diff: 0, Sum: 0, Workers: 4
[8269.459s][debug][gc,phases      ] GC(343)     Total                          Min: 0, Avg:  1.8, Max: 7, Diff: 7, Sum: 7, Workers: 4
[8269.459s][debug][gc,phases      ] GC(343)   JVMTI Tag Weak OopStorage      Min: 0.00, Avg: 0.00, Max: 0.00, Diff: 0.00, Sum: 0.00, Workers: 4
[8269.459s][debug][gc,phases      ] GC(343)     Dead                           Min: 0, Avg:  0.0, Max: 0, Diff: 0, Sum: 0, Workers: 4
[8269.459s][debug][gc,phases      ] GC(343)     Total                          Min: 0, Avg:  0.0, Max: 0, Diff: 0, Sum: 0, Workers: 4
[8269.459s][debug][gc,phases      ] GC(343)   StringTable Weak               Min: 0.00, Avg: 0.09, Max: 0.13, Diff: 0.13, Sum: 0.38, Workers: 4
[8269.459s][debug][gc,phases      ] GC(343)     Dead                           Min: 0, Avg:  0.0, Max: 0, Diff: 0, Sum: 0, Workers: 4
[8269.459s][debug][gc,phases      ] GC(343)     Total                          Min: 0, Avg: 12906.5, Max: 22186, Diff: 22186, Sum: 51626, Workers: 4
[8269.459s][debug][gc,phases      ] GC(343)   ResolvedMethodTable Weak       Min: 0.00, Avg: 0.03, Max: 0.04, Diff: 0.04, Sum: 0.13, Workers: 4
[8269.459s][debug][gc,phases      ] GC(343)     Dead                           Min: 0, Avg:  5.0, Max: 20, Diff: 20, Sum: 20, Workers: 4
[8269.459s][debug][gc,phases      ] GC(343)     Total                          Min: 0, Avg: 4406.8, Max: 7552, Diff: 7552, Sum: 17627, Workers: 4
[8269.459s][debug][gc,phases      ] GC(343)   JNI Weak                       Min: 0.00, Avg: 0.00, Max: 0.00, Diff: 0.00, Sum: 0.00, Workers: 4
[8269.459s][debug][gc,phases      ] GC(343)     Dead                           Min: 0, Avg:  0.0, Max: 0, Diff: 0, Sum: 0, Workers: 4
[8269.459s][debug][gc,phases      ] GC(343)     Total                          Min: 0, Avg: 13.0, Max: 48, Diff: 48, Sum: 52, Workers: 4
[8269.459s][debug][gc,phases      ] GC(343)   StringDedup Table Weak         Min: 0.00, Avg: 0.00, Max: 0.00, Diff: 0.00, Sum: 0.00, Workers: 4
[8269.459s][debug][gc,phases      ] GC(343)     Dead                           Min: 0, Avg:  0.0, Max: 0, Diff: 0, Sum: 0, Workers: 4
[8269.459s][debug][gc,phases      ] GC(343)     Total                          Min: 0, Avg:  0.0, Max: 0, Diff: 0, Sum: 0, Workers: 4
[8269.459s][debug][gc,phases      ] GC(343)   StringDedup Requests0 Weak     Min: 0.00, Avg: 0.00, Max: 0.00, Diff: 0.00, Sum: 0.00, Workers: 4
[8269.459s][debug][gc,phases      ] GC(343)     Dead                           Min: 0, Avg:  0.0, Max: 0, Diff: 0, Sum: 0, Workers: 4
[8269.459s][debug][gc,phases      ] GC(343)     Total                          Min: 0, Avg:  0.0, Max: 0, Diff: 0, Sum: 0, Workers: 4
[8269.459s][debug][gc,phases      ] GC(343)   StringDedup Requests1 Weak     Min: 0.00, Avg: 0.00, Max: 0.00, Diff: 0.00, Sum: 0.00, Workers: 4
[8269.459s][debug][gc,phases      ] GC(343)     Dead                           Min: 0, Avg:  0.0, Max: 0, Diff: 0, Sum: 0, Workers: 4
[8269.459s][debug][gc,phases      ] GC(343)     Total                          Min: 0, Avg:  0.0, Max: 0, Diff: 0, Sum: 0, Workers: 4
[8269.459s][debug][gc,phases      ] GC(343)   Weak JFR Old Object Samples    Min: 0.00, Avg: 0.00, Max: 0.00, Diff: 0.00, Sum: 0.00, Workers: 4
[8269.459s][debug][gc,phases      ] GC(343)     Dead                           Min: 0, Avg:  0.0, Max: 0, Diff: 0, Sum: 0, Workers: 4
[8269.459s][debug][gc,phases      ] GC(343)     Total                          Min: 0, Avg:  0.0, Max: 0, Diff: 0, Sum: 0, Workers: 4
[8269.459s][debug][gc,phases      ] GC(343) Weak Processing 0.361ms
[8269.459s][debug][gc,age         ] GC(343) Desired survivor size 37748736 bytes, new threshold 1 (max threshold 15)
[8269.459s][info ][gc,heap        ] GC(343) PSYoungGen: 2019136K(2054656K)->5504K(2060288K) Eden: 2014208K(2014208K)->0K(2021376K) From: 4928K(40448K)->5504K(38912K)
[8269.459s][info ][gc,heap        ] GC(343) ParOldGen: 2634891K(2635264K)->2636279K(2636288K)
[8269.459s][info ][gc,metaspace   ] GC(343) Metaspace: 114104K(115456K)->114104K(115456K) NonClass: 97593K(98368K)->97593K(98368K) Class: 16511K(17088K)->16511K(17088K)
[8269.459s][info ][gc             ] GC(343) Pause Young (Allocation Failure) 4544M->2579M(4586M) 7.319ms
[8269.459s][info ][gc,cpu         ] GC(343) User=0.02s Sys=0.00s Real=0.01s
[8269.459s][info ][safepoint      ] Safepoint "ParallelCollectForAllocation", Time since last: 15936131827 ns, Reaching safepoint: 27599 ns, At safepoint: 7382565 ns, Leaving safepoint: 7100 ns, Total: 7417264 ns, Threads: 0 runnable, 34 total
[8284.992s][info ][gc,start       ] GC(344) Pause Young (Allocation Failure)
[8285.000s][debug][gc,phases      ] GC(344) Scavenge 8.000ms
[8285.000s][debug][gc,ref         ] GC(344) Skipped SoftWeakFinalRefsPhase of Reference Processing: no references
[8285.000s][debug][gc,ref         ] GC(344) Skipped KeepAliveFinalRefsPhase of Reference Processing: no references
[8285.000s][debug][gc,ref         ] GC(344) Skipped PhantomRefsPhase of Reference Processing: no references
[8285.000s][debug][gc,phases      ] GC(344) Reference Processing 0.033ms
[8285.000s][debug][gc,phases      ] GC(344)   VM Weak                        Min: 0.00, Avg: 0.00, Max: 0.01, Diff: 0.01, Sum: 0.01, Workers: 4
[8285.000s][debug][gc,phases      ] GC(344)     Dead                           Min: 0, Avg:  0.0, Max: 0, Diff: 0, Sum: 0, Workers: 4
[8285.000s][debug][gc,phases      ] GC(344)     Total                          Min: 0, Avg: 243.0, Max: 704, Diff: 704, Sum: 972, Workers: 4
[8285.000s][debug][gc,phases      ] GC(344)   ObjectSynchronizer Weak        Min: 0.00, Avg: 0.00, Max: 0.00, Diff: 0.00, Sum: 0.00, Workers: 4
[8285.000s][debug][gc,phases      ] GC(344)     Dead                           Min: 0, Avg:  0.0, Max: 0, Diff: 0, Sum: 0, Workers: 4
[8285.000s][debug][gc,phases      ] GC(344)     Total                          Min: 0, Avg:  1.5, Max: 6, Diff: 6, Sum: 6, Workers: 4
[8285.000s][debug][gc,phases      ] GC(344)   JVMTI Tag Weak OopStorage      Min: 0.00, Avg: 0.00, Max: 0.00, Diff: 0.00, Sum: 0.00, Workers: 4
[8285.000s][debug][gc,phases      ] GC(344)     Dead                           Min: 0, Avg:  0.0, Max: 0, Diff: 0, Sum: 0, Workers: 4
[8285.000s][debug][gc,phases      ] GC(344)     Total                          Min: 0, Avg:  0.0, Max: 0, Diff: 0, Sum: 0, Workers: 4
[8285.000s][debug][gc,phases      ] GC(344)   StringTable Weak               Min: 0.00, Avg: 0.12, Max: 0.16, Diff: 0.16, Sum: 0.47, Workers: 4
[8285.000s][debug][gc,phases      ] GC(344)     Dead                           Min: 0, Avg:  0.0, Max: 0, Diff: 0, Sum: 0, Workers: 4
[8285.000s][debug][gc,phases      ] GC(344)     Total                          Min: 0, Avg: 12906.5, Max: 18623, Diff: 18623, Sum: 51626, Workers: 4
[8285.000s][debug][gc,phases      ] GC(344)   ResolvedMethodTable Weak       Min: 0.00, Avg: 0.05, Max: 0.06, Diff: 0.06, Sum: 0.19, Workers: 4
[8285.000s][debug][gc,phases      ] GC(344)     Dead                           Min: 0, Avg:  0.0, Max: 0, Diff: 0, Sum: 0, Workers: 4
[8285.000s][debug][gc,phases      ] GC(344)     Total                          Min: 0, Avg: 4406.8, Max: 6188, Diff: 6188, Sum: 17627, Workers: 4
[8285.000s][debug][gc,phases      ] GC(344)   JNI Weak                       Min: 0.00, Avg: 0.00, Max: 0.00, Diff: 0.00, Sum: 0.00, Workers: 4
[8285.000s][debug][gc,phases      ] GC(344)     Dead                           Min: 0, Avg:  0.0, Max: 0, Diff: 0, Sum: 0, Workers: 4
[8285.000s][debug][gc,phases      ] GC(344)     Total                          Min: 0, Avg: 13.0, Max: 48, Diff: 48, Sum: 52, Workers: 4
[8285.000s][debug][gc,phases      ] GC(344)   StringDedup Table Weak         Min: 0.00, Avg: 0.00, Max: 0.00, Diff: 0.00, Sum: 0.00, Workers: 4
[8285.000s][debug][gc,phases      ] GC(344)     Dead                           Min: 0, Avg:  0.0, Max: 0, Diff: 0, Sum: 0, Workers: 4
[8285.000s][debug][gc,phases      ] GC(344)     Total                          Min: 0, Avg:  0.0, Max: 0, Diff: 0, Sum: 0, Workers: 4
[8285.000s][debug][gc,phases      ] GC(344)   StringDedup Requests0 Weak     Min: 0.00, Avg: 0.00, Max: 0.00, Diff: 0.00, Sum: 0.00, Workers: 4
[8285.000s][debug][gc,phases      ] GC(344)     Dead                           Min: 0, Avg:  0.0, Max: 0, Diff: 0, Sum: 0, Workers: 4
[8285.000s][debug][gc,phases      ] GC(344)     Total                          Min: 0, Avg:  0.0, Max: 0, Diff: 0, Sum: 0, Workers: 4
[8285.000s][debug][gc,phases      ] GC(344)   StringDedup Requests1 Weak     Min: 0.00, Avg: 0.00, Max: 0.00, Diff: 0.00, Sum: 0.00, Workers: 4
[8285.000s][debug][gc,phases      ] GC(344)     Dead                           Min: 0, Avg:  0.0, Max: 0, Diff: 0, Sum: 0, Workers: 4
[8285.000s][debug][gc,phases      ] GC(344)     Total                          Min: 0, Avg:  0.0, Max: 0, Diff: 0, Sum: 0, Workers: 4
[8285.000s][debug][gc,phases      ] GC(344)   Weak JFR Old Object Samples    Min: 0.00, Avg: 0.00, Max: 0.00, Diff: 0.00, Sum: 0.00, Workers: 4
[8285.000s][debug][gc,phases      ] GC(344)     Dead                           Min: 0, Avg:  0.0, Max: 0, Diff: 0, Sum: 0, Workers: 4
[8285.000s][debug][gc,phases      ] GC(344)     Total                          Min: 0, Avg:  0.0, Max: 0, Diff: 0, Sum: 0, Workers: 4
[8285.000s][debug][gc,phases      ] GC(344) Weak Processing 0.414ms
[8285.000s][debug][gc,age         ] GC(344) Desired survivor size 35651584 bytes, new threshold 1 (max threshold 15)
[8285.000s][info ][gc,heap        ] GC(344) PSYoungGen: 2026880K(2060288K)->6032K(2058240K) Eden: 2021376K(2021376K)->0K(2021376K) From: 5504K(38912K)->6032K(36864K)
[8285.000s][info ][gc,heap        ] GC(344) ParOldGen: 2636279K(2636288K)->2637883K(2638336K)
[8285.000s][info ][gc,metaspace   ] GC(344) Metaspace: 114106K(115456K)->114106K(115456K) NonClass: 97594K(98368K)->97594K(98368K) Class: 16511K(17088K)->16511K(17088K)
[8285.000s][info ][gc             ] GC(344) Pause Young (Allocation Failure) 4553M->2581M(4586M) 8.568ms
[8285.000s][info ][gc,cpu         ] GC(344) User=0.03s Sys=0.00s Real=0.01s
[8285.000s][info ][safepoint      ] Safepoint "ParallelCollectForAllocation", Time since last: 15531925399 ns, Reaching safepoint: 78099 ns, At safepoint: 8633059 ns, Leaving safepoint: 8900 ns, Total: 8720058 ns, Threads: 1 runnable, 34 total
[8300.606s][info ][gc,start       ] GC(345) Pause Young (Allocation Failure)
[8300.613s][debug][gc,phases      ] GC(345) Scavenge 7.354ms
[8300.613s][debug][gc,ref         ] GC(345) ReferenceProcessor::execute queues: 1, RefProcThreadModel::Single, marks_oops_alive: false
[8300.613s][debug][gc,ref         ] GC(345) Skipped KeepAliveFinalRefsPhase of Reference Processing: no references
[8300.613s][debug][gc,ref         ] GC(345) Skipped PhantomRefsPhase of Reference Processing: no references
[8300.613s][debug][gc,phases      ] GC(345) Reference Processing 0.093ms
[8300.613s][debug][gc,phases      ] GC(345)   VM Weak                        Min: 0.00, Avg: 0.00, Max: 0.01, Diff: 0.01, Sum: 0.01, Workers: 4
[8300.613s][debug][gc,phases      ] GC(345)     Dead                           Min: 0, Avg:  0.0, Max: 0, Diff: 0, Sum: 0, Workers: 4
[8300.613s][debug][gc,phases      ] GC(345)     Total                          Min: 0, Avg: 243.0, Max: 704, Diff: 704, Sum: 972, Workers: 4
[8300.613s][debug][gc,phases      ] GC(345)   ObjectSynchronizer Weak        Min: 0.00, Avg: 0.00, Max: 0.00, Diff: 0.00, Sum: 0.00, Workers: 4
[8300.613s][debug][gc,phases      ] GC(345)     Dead                           Min: 0, Avg:  0.0, Max: 0, Diff: 0, Sum: 0, Workers: 4
[8300.613s][debug][gc,phases      ] GC(345)     Total                          Min: 0, Avg:  1.8, Max: 7, Diff: 7, Sum: 7, Workers: 4
[8300.613s][debug][gc,phases      ] GC(345)   JVMTI Tag Weak OopStorage      Min: 0.00, Avg: 0.00, Max: 0.00, Diff: 0.00, Sum: 0.00, Workers: 4
[8300.613s][debug][gc,phases      ] GC(345)     Dead                           Min: 0, Avg:  0.0, Max: 0, Diff: 0, Sum: 0, Workers: 4
[8300.613s][debug][gc,phases      ] GC(345)     Total                          Min: 0, Avg:  0.0, Max: 0, Diff: 0, Sum: 0, Workers: 4
[8300.613s][debug][gc,phases      ] GC(345)   StringTable Weak               Min: 0.00, Avg: 0.09, Max: 0.13, Diff: 0.13, Sum: 0.37, Workers: 4
[8300.613s][debug][gc,phases      ] GC(345)     Dead                           Min: 0, Avg:  0.0, Max: 0, Diff: 0, Sum: 0, Workers: 4
[8300.613s][debug][gc,phases      ] GC(345)     Total                          Min: 0, Avg: 12906.5, Max: 22527, Diff: 22527, Sum: 51626, Workers: 4
[8300.613s][debug][gc,phases      ] GC(345)   ResolvedMethodTable Weak       Min: 0.00, Avg: 0.03, Max: 0.04, Diff: 0.04, Sum: 0.13, Workers: 4
[8300.613s][debug][gc,phases      ] GC(345)     Dead                           Min: 0, Avg:  5.0, Max: 20, Diff: 20, Sum: 20, Workers: 4
[8300.613s][debug][gc,phases      ] GC(345)     Total                          Min: 0, Avg: 4406.8, Max: 7552, Diff: 7552, Sum: 17627, Workers: 4
[8300.613s][debug][gc,phases      ] GC(345)   JNI Weak                       Min: 0.00, Avg: 0.00, Max: 0.00, Diff: 0.00, Sum: 0.00, Workers: 4
[8300.613s][debug][gc,phases      ] GC(345)     Dead                           Min: 0, Avg:  0.0, Max: 0, Diff: 0, Sum: 0, Workers: 4
[8300.613s][debug][gc,phases      ] GC(345)     Total                          Min: 0, Avg: 13.0, Max: 48, Diff: 48, Sum: 52, Workers: 4
[8300.613s][debug][gc,phases      ] GC(345)   StringDedup Table Weak         Min: 0.00, Avg: 0.00, Max: 0.00, Diff: 0.00, Sum: 0.00, Workers: 4
[8300.613s][debug][gc,phases      ] GC(345)     Dead                           Min: 0, Avg:  0.0, Max: 0, Diff: 0, Sum: 0, Workers: 4
[8300.613s][debug][gc,phases      ] GC(345)     Total                          Min: 0, Avg:  0.0, Max: 0, Diff: 0, Sum: 0, Workers: 4
[8300.613s][debug][gc,phases      ] GC(345)   StringDedup Requests0 Weak     Min: 0.00, Avg: 0.00, Max: 0.00, Diff: 0.00, Sum: 0.00, Workers: 4
[8300.613s][debug][gc,phases      ] GC(345)     Dead                           Min: 0, Avg:  0.0, Max: 0, Diff: 0, Sum: 0, Workers: 4
[8300.613s][debug][gc,phases      ] GC(345)     Total                          Min: 0, Avg:  0.0, Max: 0, Diff: 0, Sum: 0, Workers: 4
[8300.613s][debug][gc,phases      ] GC(345)   StringDedup Requests1 Weak     Min: 0.00, Avg: 0.00, Max: 0.00, Diff: 0.00, Sum: 0.00, Workers: 4
[8300.613s][debug][gc,phases      ] GC(345)     Dead                           Min: 0, Avg:  0.0, Max: 0, Diff: 0, Sum: 0, Workers: 4
[8300.613s][debug][gc,phases      ] GC(345)     Total                          Min: 0, Avg:  0.0, Max: 0, Diff: 0, Sum: 0, Workers: 4
[8300.613s][debug][gc,phases      ] GC(345)   Weak JFR Old Object Samples    Min: 0.00, Avg: 0.00, Max: 0.00, Diff: 0.00, Sum: 0.00, Workers: 4
[8300.613s][debug][gc,phases      ] GC(345)     Dead                           Min: 0, Avg:  0.0, Max: 0, Diff: 0, Sum: 0, Workers: 4
[8300.613s][debug][gc,phases      ] GC(345)     Total                          Min: 0, Avg:  0.0, Max: 0, Diff: 0, Sum: 0, Workers: 4
[8300.613s][debug][gc,phases      ] GC(345) Weak Processing 0.366ms
[8300.613s][debug][gc,age         ] GC(345) Desired survivor size 34078720 bytes, new threshold 1 (max threshold 15)
[8300.613s][info ][gc,heap        ] GC(345) PSYoungGen: 2027408K(2058240K)->5632K(2063872K) Eden: 2021376K(2021376K)->0K(2029056K) From: 6032K(36864K)->5632K(34816K)
[8300.613s][info ][gc,heap        ] GC(345) ParOldGen: 2637883K(2638336K)->2639472K(2639872K)
[8300.613s][info ][gc,metaspace   ] GC(345) Metaspace: 114108K(115456K)->114108K(115456K) NonClass: 97596K(98368K)->97596K(98368K) Class: 16511K(17088K)->16511K(17088K)
[8300.613s][info ][gc             ] GC(345) Pause Young (Allocation Failure) 4555M->2583M(4593M) 7.914ms
[8300.613s][info ][gc,cpu         ] GC(345) User=0.03s Sys=0.00s Real=0.01s
[8300.613s][info ][safepoint      ] Safepoint "ParallelCollectForAllocation", Time since last: 15605267318 ns, Reaching safepoint: 81899 ns, At safepoint: 7976162 ns, Leaving safepoint: 7800 ns, Total: 8065861 ns, Threads: 1 runnable, 34 total
[8316.459s][info ][gc,start       ] GC(346) Pause Young (Allocation Failure)
[8316.466s][debug][gc,phases      ] GC(346) Scavenge 7.179ms
[8316.466s][debug][gc,ref         ] GC(346) ReferenceProcessor::execute queues: 1, RefProcThreadModel::Single, marks_oops_alive: false
[8316.466s][debug][gc,ref         ] GC(346) Skipped KeepAliveFinalRefsPhase of Reference Processing: no references
[8316.466s][debug][gc,ref         ] GC(346) Skipped PhantomRefsPhase of Reference Processing: no references
[8316.466s][debug][gc,phases      ] GC(346) Reference Processing 0.115ms
[8316.467s][debug][gc,phases      ] GC(346)   VM Weak                        Min: 0.00, Avg: 0.00, Max: 0.01, Diff: 0.01, Sum: 0.01, Workers: 4
[8316.467s][debug][gc,phases      ] GC(346)     Dead                           Min: 0, Avg:  0.0, Max: 0, Diff: 0, Sum: 0, Workers: 4
[8316.467s][debug][gc,phases      ] GC(346)     Total                          Min: 0, Avg: 243.0, Max: 780, Diff: 780, Sum: 972, Workers: 4
[8316.467s][debug][gc,phases      ] GC(346)   ObjectSynchronizer Weak        Min: 0.00, Avg: 0.00, Max: 0.00, Diff: 0.00, Sum: 0.00, Workers: 4
[8316.467s][debug][gc,phases      ] GC(346)     Dead                           Min: 0, Avg:  0.0, Max: 0, Diff: 0, Sum: 0, Workers: 4
[8316.467s][debug][gc,phases      ] GC(346)     Total                          Min: 0, Avg:  1.8, Max: 7, Diff: 7, Sum: 7, Workers: 4
[8316.467s][debug][gc,phases      ] GC(346)   JVMTI Tag Weak OopStorage      Min: 0.00, Avg: 0.00, Max: 0.00, Diff: 0.00, Sum: 0.00, Workers: 4
[8316.467s][debug][gc,phases      ] GC(346)     Dead                           Min: 0, Avg:  0.0, Max: 0, Diff: 0, Sum: 0, Workers: 4
[8316.467s][debug][gc,phases      ] GC(346)     Total                          Min: 0, Avg:  0.0, Max: 0, Diff: 0, Sum: 0, Workers: 4
[8316.467s][debug][gc,phases      ] GC(346)   StringTable Weak               Min: 0.00, Avg: 0.10, Max: 0.14, Diff: 0.14, Sum: 0.41, Workers: 4
[8316.467s][debug][gc,phases      ] GC(346)     Dead                           Min: 0, Avg:  0.0, Max: 0, Diff: 0, Sum: 0, Workers: 4
[8316.467s][debug][gc,phases      ] GC(346)     Total                          Min: 0, Avg: 12906.5, Max: 21248, Diff: 21248, Sum: 51626, Workers: 4
[8316.467s][debug][gc,phases      ] GC(346)   ResolvedMethodTable Weak       Min: 0.00, Avg: 0.03, Max: 0.04, Diff: 0.04, Sum: 0.13, Workers: 4
[8316.467s][debug][gc,phases      ] GC(346)     Dead                           Min: 0, Avg:  5.0, Max: 20, Diff: 20, Sum: 20, Workers: 4
[8316.467s][debug][gc,phases      ] GC(346)     Total                          Min: 0, Avg: 4406.8, Max: 7835, Diff: 7835, Sum: 17627, Workers: 4
[8316.467s][debug][gc,phases      ] GC(346)   JNI Weak                       Min: 0.00, Avg: 0.00, Max: 0.00, Diff: 0.00, Sum: 0.00, Workers: 4
[8316.467s][debug][gc,phases      ] GC(346)     Dead                           Min: 0, Avg:  0.0, Max: 0, Diff: 0, Sum: 0, Workers: 4
[8316.467s][debug][gc,phases      ] GC(346)     Total                          Min: 0, Avg: 13.0, Max: 48, Diff: 48, Sum: 52, Workers: 4
[8316.467s][debug][gc,phases      ] GC(346)   StringDedup Table Weak         Min: 0.00, Avg: 0.00, Max: 0.00, Diff: 0.00, Sum: 0.00, Workers: 4
