[0.004s][info][gc,init] CardTable entry size: 512
[0.004s][info][gc     ] Using Parallel
[0.005s][info][gc,init] Version: 25.0.1+8-LTS (release)
[0.005s][info][gc,init] CPUs: 4 total, 4 available
[0.005s][info][gc,init] Memory: 15995M
[0.005s][info][gc,init] Large Page Support: Disabled
[0.005s][info][gc,init] NUMA Support: Disabled
[0.005s][info][gc,init] Compressed Oops: Enabled (Zero based)
[0.005s][info][gc,init] Alignments: Space 512K, Generation 512K, Heap 2M
[0.005s][info][gc,init] Heap Min Capacity: 2054M
[0.005s][info][gc,init] Heap Initial Capacity: 2054M
[0.005s][info][gc,init] Heap Max Capacity: 5G
[0.005s][info][gc,init] Pre-touch: Disabled
[0.005s][info][gc,init] Parallel Workers: 4
[0.010s][info][gc,metaspace] CDS archive(s) mapped at: [0x0000000043000000-0x0000000043d8c000-0x0000000043d8c000), size 14204928, SharedBaseAddress: 0x0000000043000000, ArchiveRelocationMode: 1.
[0.010s][info][gc,metaspace] Compressed class space mapped at: 0x0000000044000000-0x0000000084000000, reserved size: 1073741824
[0.010s][info][gc,metaspace] UseCompressedClassPointers 1, UseCompactObjectHeaders 0
[0.010s][info][gc,metaspace] Narrow klass pointer bits 32, Max shift 3
[0.010s][info][gc,metaspace] Narrow klass base: 0x0000000043000000, Narrow klass shift: 0
[0.010s][info][gc,metaspace] Encoding Range: [0x0000000043000000 - 0x0000000143000000), (4294967296 bytes)
[0.010s][info][gc,metaspace] Klass Range:    [0x0000000043001000 - 0x0000000084000000), (1090514944 bytes)
[0.010s][info][gc,metaspace] Klass ID Range:  [4096 - 1090519033) (1090514937)
[0.010s][info][gc,metaspace] Protection zone: [0x0000000043000000 - 0x0000000043001000), (4096 bytes)
[0.393s][info][safepoint   ] Safepoint "JFRSafepointClear", Time since last: 376944397 ns, Reaching safepoint: 2800 ns, At safepoint: 7600 ns, Leaving safepoint: 1100 ns, Total: 11500 ns, Threads: 0 runnable, 13 total
[1.819s][debug][gc,phases   ] GC(0) Pre Compact 0.016ms
[1.819s][info ][gc,start    ] GC(0) Pause Full (Metadata GC Threshold)
[1.819s][info ][gc,phases,start] GC(0) Marking Phase
[1.832s][debug][gc,phases      ] GC(0) Par Mark 12.466ms
[1.832s][debug][gc,ref         ] GC(0) ReferenceProcessor::execute queues: 2, RefProcThreadModel::Multi, marks_oops_alive: false
[1.832s][debug][gc,ref         ] GC(0) ReferenceProcessor::execute queues: 4, RefProcThreadModel::Multi, marks_oops_alive: true
[1.832s][debug][gc,ref         ] GC(0) ReferenceProcessor::execute queues: 1, RefProcThreadModel::Single, marks_oops_alive: false
[1.832s][debug][gc,phases      ] GC(0) Reference Processing 0.399ms
[1.832s][debug][gc,phases      ] GC(0) Flush Marking Stats 0.011ms
[1.832s][debug][gc,phases      ] GC(0)   VM Weak                        Min: 0.00, Avg: 0.00, Max: 0.01, Diff: 0.01, Sum: 0.01, Workers: 4
[1.832s][debug][gc,phases      ] GC(0)     Dead                           Min: 0, Avg:  0.0, Max: 0, Diff: 0, Sum: 0, Workers: 4
[1.832s][debug][gc,phases      ] GC(0)     Total                          Min: 0, Avg: 39.8, Max: 159, Diff: 159, Sum: 159, Workers: 4
[1.832s][debug][gc,phases      ] GC(0)   ObjectSynchronizer Weak        Min: 0.00, Avg: 0.00, Max: 0.00, Diff: 0.00, Sum: 0.00, Workers: 4
[1.832s][debug][gc,phases      ] GC(0)     Dead                           Min: 0, Avg:  1.0, Max: 4, Diff: 4, Sum: 4, Workers: 4
[1.832s][debug][gc,phases      ] GC(0)     Total                          Min: 0, Avg:  4.0, Max: 16, Diff: 16, Sum: 16, Workers: 4
[1.832s][debug][gc,phases      ] GC(0)   JVMTI Tag Weak OopStorage      Min: 0.00, Avg: 0.00, Max: 0.00, Diff: 0.00, Sum: 0.00, Workers: 4
[1.832s][debug][gc,phases      ] GC(0)     Dead                           Min: 0, Avg:  0.0, Max: 0, Diff: 0, Sum: 0, Workers: 4
[1.832s][debug][gc,phases      ] GC(0)     Total                          Min: 0, Avg:  0.0, Max: 0, Diff: 0, Sum: 0, Workers: 4
[1.832s][debug][gc,phases      ] GC(0)   StringTable Weak               Min: 0.00, Avg: 0.03, Max: 0.04, Diff: 0.04, Sum: 0.10, Workers: 4
[1.832s][debug][gc,phases      ] GC(0)     Dead                           Min: 0, Avg:  7.0, Max: 15, Diff: 15, Sum: 28, Workers: 4
[1.832s][debug][gc,phases      ] GC(0)     Total                          Min: 0, Avg: 2118.8, Max: 3264, Diff: 3264, Sum: 8475, Workers: 4
[1.832s][debug][gc,phases      ] GC(0)   ResolvedMethodTable Weak       Min: 0.00, Avg: 0.01, Max: 0.01, Diff: 0.01, Sum: 0.03, Workers: 4
[1.832s][debug][gc,phases      ] GC(0)     Dead                           Min: 0, Avg: 120.2, Max: 217, Diff: 217, Sum: 481, Workers: 4
[1.832s][debug][gc,phases      ] GC(0)     Total                          Min: 0, Avg: 466.8, Max: 704, Diff: 704, Sum: 1867, Workers: 4
[1.832s][debug][gc,phases      ] GC(0)   JNI Weak                       Min: 0.00, Avg: 0.00, Max: 0.00, Diff: 0.00, Sum: 0.00, Workers: 4
[1.832s][debug][gc,phases      ] GC(0)     Dead                           Min: 0, Avg:  0.0, Max: 0, Diff: 0, Sum: 0, Workers: 4
[1.832s][debug][gc,phases      ] GC(0)     Total                          Min: 0, Avg: 12.0, Max: 48, Diff: 48, Sum: 48, Workers: 4
[1.832s][debug][gc,phases      ] GC(0)   StringDedup Table Weak         Min: 0.00, Avg: 0.00, Max: 0.00, Diff: 0.00, Sum: 0.00, Workers: 4
[1.832s][debug][gc,phases      ] GC(0)     Dead                           Min: 0, Avg:  0.0, Max: 0, Diff: 0, Sum: 0, Workers: 4
[1.832s][debug][gc,phases      ] GC(0)     Total                          Min: 0, Avg:  0.0, Max: 0, Diff: 0, Sum: 0, Workers: 4
[1.832s][debug][gc,phases      ] GC(0)   StringDedup Requests0 Weak     Min: 0.00, Avg: 0.00, Max: 0.00, Diff: 0.00, Sum: 0.00, Workers: 4
[1.832s][debug][gc,phases      ] GC(0)     Dead                           Min: 0, Avg:  0.0, Max: 0, Diff: 0, Sum: 0, Workers: 4
[1.832s][debug][gc,phases      ] GC(0)     Total                          Min: 0, Avg:  0.0, Max: 0, Diff: 0, Sum: 0, Workers: 4
[1.832s][debug][gc,phases      ] GC(0)   StringDedup Requests1 Weak     Min: 0.00, Avg: 0.00, Max: 0.00, Diff: 0.00, Sum: 0.00, Workers: 4
[1.832s][debug][gc,phases      ] GC(0)     Dead                           Min: 0, Avg:  0.0, Max: 0, Diff: 0, Sum: 0, Workers: 4
[1.832s][debug][gc,phases      ] GC(0)     Total                          Min: 0, Avg:  0.0, Max: 0, Diff: 0, Sum: 0, Workers: 4
[1.832s][debug][gc,phases      ] GC(0)   Weak JFR Old Object Samples    Min: 0.00, Avg: 0.00, Max: 0.00, Diff: 0.00, Sum: 0.00, Workers: 4
[1.832s][debug][gc,phases      ] GC(0)     Dead                           Min: 0, Avg:  0.0, Max: 0, Diff: 0, Sum: 0, Workers: 4
[1.832s][debug][gc,phases      ] GC(0)     Total                          Min: 0, Avg:  0.0, Max: 0, Diff: 0, Sum: 0, Workers: 4
[1.832s][debug][gc,phases      ] GC(0) Weak Processing 0.217ms
[1.832s][debug][gc,phases      ] GC(0) ClassLoaderData 0.011ms
[1.832s][debug][gc,phases      ] GC(0) Trigger cleanups 0.000ms
[1.836s][debug][gc,phases      ] GC(0) Purge Unlinked NMethods 0.001ms
[1.836s][debug][gc,phases      ] GC(0) Unregister NMethods 0.043ms
[1.836s][debug][gc,phases      ] GC(0) Free Code Blobs 0.000ms
[1.836s][debug][gc,phases      ] GC(0) Class Unloading 4.035ms
[1.836s][debug][gc,phases      ] GC(0) Report Object Count 0.001ms
[1.836s][info ][gc,phases      ] GC(0) Marking Phase 17.175ms
[1.836s][info ][gc,phases,start] GC(0) Summary Phase
[1.836s][info ][gc,phases      ] GC(0) Summary Phase 0.007ms
[1.836s][info ][gc,phases,start] GC(0) Forward
[1.841s][info ][gc,phases      ] GC(0) Forward 5.102ms
[1.841s][info ][gc,phases,start] GC(0) Adjust Pointers
[1.850s][info ][gc,phases      ] GC(0) Adjust Pointers 8.367ms
[1.850s][info ][gc,phases,start] GC(0) Compaction Phase
[1.857s][info ][gc,phases      ] GC(0) Compaction Phase 6.757ms
[1.857s][info ][gc,phases,start] GC(0) Post Compact
[1.860s][debug][gc,phases      ] GC(0) Purge Class Loader Data 0.795ms
[1.860s][info ][gc,phases      ] GC(0) Post Compact 3.804ms
[1.861s][info ][gc,heap        ] GC(0) PSYoungGen: 309444K(1572864K)->33744K(1572864K) Eden: 309444K(1048576K)->33744K(1048576K) From: 0K(524288K)->0K(524288K)
[1.861s][info ][gc,heap        ] GC(0) ParOldGen: 1155K(6144K)->5241K(6144K)
[1.861s][info ][gc,metaspace   ] GC(0) Metaspace: 21160K(21504K)->21160K(21504K) NonClass: 19214K(19392K)->19214K(19392K) Class: 1946K(2112K)->1946K(2112K)
[1.861s][info ][gc             ] GC(0) Pause Full (Metadata GC Threshold) 303M->38M(1542M) 41.431ms
[1.861s][info ][gc,cpu         ] GC(0) User=0.09s Sys=0.01s Real=0.05s
[1.861s][info ][safepoint      ] Safepoint "CollectForMetadataAllocation", Time since last: 1426042883 ns, Reaching safepoint: 3000 ns, At safepoint: 41822765 ns, Leaving safepoint: 8100 ns, Total: 41833865 ns, Threads: 0 runnable, 16 total
[3.061s][debug][gc,phases      ] GC(1) Pre Compact 0.017ms
[3.061s][info ][gc,start       ] GC(1) Pause Full (Metadata GC Threshold)
[3.061s][info ][gc,phases,start] GC(1) Marking Phase
[3.092s][debug][gc,phases      ] GC(1) Par Mark 30.592ms
[3.092s][debug][gc,ref         ] GC(1) ReferenceProcessor::execute queues: 4, RefProcThreadModel::Multi, marks_oops_alive: false
[3.092s][debug][gc,ref         ] GC(1) ReferenceProcessor::execute queues: 4, RefProcThreadModel::Multi, marks_oops_alive: true
[3.093s][debug][gc,ref         ] GC(1) ReferenceProcessor::execute queues: 1, RefProcThreadModel::Single, marks_oops_alive: false
[3.093s][debug][gc,phases      ] GC(1) Reference Processing 0.887ms
[3.093s][debug][gc,phases      ] GC(1) Flush Marking Stats 0.021ms
[3.093s][debug][gc,phases      ] GC(1)   VM Weak                        Min: 0.00, Avg: 0.00, Max: 0.01, Diff: 0.01, Sum: 0.01, Workers: 4
[3.093s][debug][gc,phases      ] GC(1)     Dead                           Min: 0, Avg:  0.0, Max: 0, Diff: 0, Sum: 0, Workers: 4
[3.093s][debug][gc,phases      ] GC(1)     Total                          Min: 0, Avg: 51.0, Max: 204, Diff: 204, Sum: 204, Workers: 4
[3.093s][debug][gc,phases      ] GC(1)   ObjectSynchronizer Weak        Min: 0.00, Avg: 0.00, Max: 0.00, Diff: 0.00, Sum: 0.00, Workers: 4
[3.093s][debug][gc,phases      ] GC(1)     Dead                           Min: 0, Avg:  0.5, Max: 2, Diff: 2, Sum: 2, Workers: 4
[3.093s][debug][gc,phases      ] GC(1)     Total                          Min: 0, Avg:  5.8, Max: 23, Diff: 23, Sum: 23, Workers: 4
[3.093s][debug][gc,phases      ] GC(1)   JVMTI Tag Weak OopStorage      Min: 0.00, Avg: 0.00, Max: 0.00, Diff: 0.00, Sum: 0.00, Workers: 4
[3.093s][debug][gc,phases      ] GC(1)     Dead                           Min: 0, Avg:  0.0, Max: 0, Diff: 0, Sum: 0, Workers: 4
[3.093s][debug][gc,phases      ] GC(1)     Total                          Min: 0, Avg:  0.0, Max: 0, Diff: 0, Sum: 0, Workers: 4
[3.093s][debug][gc,phases      ] GC(1)   StringTable Weak               Min: 0.06, Avg: 0.06, Max: 0.06, Diff: 0.00, Sum: 0.24, Workers: 4
[3.093s][debug][gc,phases      ] GC(1)     Dead                           Min: 1, Avg:  2.2, Max: 3, Diff: 2, Sum: 9, Workers: 4
[3.093s][debug][gc,phases      ] GC(1)     Total                          Min: 3584, Avg: 3902.5, Max: 4352, Diff: 768, Sum: 15610, Workers: 4
[3.093s][debug][gc,phases      ] GC(1)   ResolvedMethodTable Weak       Min: 0.02, Avg: 0.02, Max: 0.02, Diff: 0.00, Sum: 0.08, Workers: 4
[3.093s][debug][gc,phases      ] GC(1)     Dead                           Min: 404, Avg: 463.0, Max: 548, Diff: 144, Sum: 1852, Workers: 4
[3.093s][debug][gc,phases      ] GC(1)     Total                          Min: 1088, Avg: 1210.5, Max: 1323, Diff: 235, Sum: 4842, Workers: 4
[3.093s][debug][gc,phases      ] GC(1)   JNI Weak                       Min: 0.00, Avg: 0.00, Max: 0.00, Diff: 0.00, Sum: 0.00, Workers: 4
[3.093s][debug][gc,phases      ] GC(1)     Dead                           Min: 0, Avg:  0.0, Max: 0, Diff: 0, Sum: 0, Workers: 4
[3.093s][debug][gc,phases      ] GC(1)     Total                          Min: 0, Avg: 12.8, Max: 51, Diff: 51, Sum: 51, Workers: 4
[3.093s][debug][gc,phases      ] GC(1)   StringDedup Table Weak         Min: 0.00, Avg: 0.00, Max: 0.00, Diff: 0.00, Sum: 0.00, Workers: 4
[3.093s][debug][gc,phases      ] GC(1)     Dead                           Min: 0, Avg:  0.0, Max: 0, Diff: 0, Sum: 0, Workers: 4
[3.093s][debug][gc,phases      ] GC(1)     Total                          Min: 0, Avg:  0.0, Max: 0, Diff: 0, Sum: 0, Workers: 4
[3.093s][debug][gc,phases      ] GC(1)   StringDedup Requests0 Weak     Min: 0.00, Avg: 0.00, Max: 0.00, Diff: 0.00, Sum: 0.00, Workers: 4
[3.093s][debug][gc,phases      ] GC(1)     Dead                           Min: 0, Avg:  0.0, Max: 0, Diff: 0, Sum: 0, Workers: 4
[3.093s][debug][gc,phases      ] GC(1)     Total                          Min: 0, Avg:  0.0, Max: 0, Diff: 0, Sum: 0, Workers: 4
[3.093s][debug][gc,phases      ] GC(1)   StringDedup Requests1 Weak     Min: 0.00, Avg: 0.00, Max: 0.00, Diff: 0.00, Sum: 0.00, Workers: 4
[3.093s][debug][gc,phases      ] GC(1)     Dead                           Min: 0, Avg:  0.0, Max: 0, Diff: 0, Sum: 0, Workers: 4
[3.093s][debug][gc,phases      ] GC(1)     Total                          Min: 0, Avg:  0.0, Max: 0, Diff: 0, Sum: 0, Workers: 4
[3.093s][debug][gc,phases      ] GC(1)   Weak JFR Old Object Samples    Min: 0.00, Avg: 0.00, Max: 0.00, Diff: 0.00, Sum: 0.00, Workers: 4
[3.093s][debug][gc,phases      ] GC(1)     Dead                           Min: 0, Avg:  0.0, Max: 0, Diff: 0, Sum: 0, Workers: 4
[3.093s][debug][gc,phases      ] GC(1)     Total                          Min: 0, Avg:  0.0, Max: 0, Diff: 0, Sum: 0, Workers: 4
[3.093s][debug][gc,phases      ] GC(1) Weak Processing 0.260ms
[3.093s][debug][gc,phases      ] GC(1) ClassLoaderData 0.034ms
[3.093s][debug][gc,phases      ] GC(1) Trigger cleanups 0.000ms
[3.098s][debug][gc,phases      ] GC(1) Purge Unlinked NMethods 0.186ms
[3.098s][debug][gc,phases      ] GC(1) Unregister NMethods 0.008ms
[3.099s][debug][gc,phases      ] GC(1) Free Code Blobs 0.033ms
[3.099s][debug][gc,phases      ] GC(1) Class Unloading 5.618ms
[3.099s][debug][gc,phases      ] GC(1) Report Object Count 0.001ms
[3.099s][info ][gc,phases      ] GC(1) Marking Phase 37.439ms
[3.099s][info ][gc,phases,start] GC(1) Summary Phase
[3.099s][info ][gc,phases      ] GC(1) Summary Phase 0.008ms
[3.099s][info ][gc,phases,start] GC(1) Forward
[3.111s][info ][gc,phases      ] GC(1) Forward 12.562ms
[3.111s][info ][gc,phases,start] GC(1) Adjust Pointers
[3.127s][info ][gc,phases      ] GC(1) Adjust Pointers 16.306ms
[3.127s][info ][gc,phases,start] GC(1) Compaction Phase
[3.143s][info ][gc,phases      ] GC(1) Compaction Phase 15.921ms
[3.144s][info ][gc,phases,start] GC(1) Post Compact
[3.144s][debug][gc,phases      ] GC(1) Purge Class Loader Data 0.266ms
[3.145s][info ][gc,phases      ] GC(1) Post Compact 1.229ms
[3.145s][info ][gc,heap        ] GC(1) PSYoungGen: 558065K(1572864K)->57405K(1572864K) Eden: 558065K(1048576K)->57405K(1048576K) From: 0K(524288K)->0K(524288K)
[3.145s][info ][gc,heap        ] GC(1) ParOldGen: 5241K(6144K)->5230K(6144K)
[3.145s][info ][gc,metaspace   ] GC(1) Metaspace: 35469K(35840K)->35469K(35840K) NonClass: 31398K(31616K)->31398K(31616K) Class: 4071K(4224K)->4071K(4224K)
[3.145s][info ][gc             ] GC(1) Pause Full (Metadata GC Threshold) 550M->61M(1542M) 83.737ms
[3.145s][info ][gc,cpu         ] GC(1) User=0.25s Sys=0.01s Real=0.08s
[3.145s][info ][safepoint      ] Safepoint "CollectForMetadataAllocation", Time since last: 1200405658 ns, Reaching safepoint: 2600 ns, At safepoint: 83832430 ns, Leaving safepoint: 12100 ns, Total: 83847130 ns, Threads: 0 runnable, 16 total
[5.341s][debug][gc,phases      ] GC(2) Pre Compact 0.022ms
[5.341s][info ][gc,start       ] GC(2) Pause Full (Metadata GC Threshold)
[5.341s][info ][gc,phases,start] GC(2) Marking Phase
[5.372s][debug][gc,phases      ] GC(2) Par Mark 31.103ms
[5.373s][debug][gc,ref         ] GC(2) ReferenceProcessor::execute queues: 4, RefProcThreadModel::Multi, marks_oops_alive: false
[5.374s][debug][gc,ref         ] GC(2) ReferenceProcessor::execute queues: 4, RefProcThreadModel::Multi, marks_oops_alive: true
[5.374s][debug][gc,ref         ] GC(2) ReferenceProcessor::execute queues: 1, RefProcThreadModel::Single, marks_oops_alive: false
[5.374s][debug][gc,phases      ] GC(2) Reference Processing 1.623ms
[5.374s][debug][gc,phases      ] GC(2) Flush Marking Stats 0.018ms
[5.374s][debug][gc,phases      ] GC(2)   VM Weak                        Min: 0.00, Avg: 0.00, Max: 0.01, Diff: 0.01, Sum: 0.01, Workers: 4
[5.374s][debug][gc,phases      ] GC(2)     Dead                           Min: 0, Avg:  0.0, Max: 0, Diff: 0, Sum: 0, Workers: 4
[5.374s][debug][gc,phases      ] GC(2)     Total                          Min: 0, Avg: 83.8, Max: 256, Diff: 256, Sum: 335, Workers: 4
[5.374s][debug][gc,phases      ] GC(2)   ObjectSynchronizer Weak        Min: 0.00, Avg: 0.00, Max: 0.00, Diff: 0.00, Sum: 0.00, Workers: 4
[5.374s][debug][gc,phases      ] GC(2)     Dead                           Min: 0, Avg:  0.8, Max: 3, Diff: 3, Sum: 3, Workers: 4
[5.374s][debug][gc,phases      ] GC(2)     Total                          Min: 0, Avg:  7.0, Max: 28, Diff: 28, Sum: 28, Workers: 4
[5.374s][debug][gc,phases      ] GC(2)   JVMTI Tag Weak OopStorage      Min: 0.00, Avg: 0.00, Max: 0.00, Diff: 0.00, Sum: 0.00, Workers: 4
[5.374s][debug][gc,phases      ] GC(2)     Dead                           Min: 0, Avg:  0.0, Max: 0, Diff: 0, Sum: 0, Workers: 4
[5.374s][debug][gc,phases      ] GC(2)     Total                          Min: 0, Avg:  0.0, Max: 0, Diff: 0, Sum: 0, Workers: 4
[5.374s][debug][gc,phases      ] GC(2)   StringTable Weak               Min: 0.00, Avg: 0.10, Max: 0.14, Diff: 0.14, Sum: 0.42, Workers: 4
[5.374s][debug][gc,phases      ] GC(2)     Dead                           Min: 0, Avg:  3.8, Max: 9, Diff: 9, Sum: 15, Workers: 4
[5.374s][debug][gc,phases      ] GC(2)     Total                          Min: 0, Avg: 7254.0, Max: 9920, Diff: 9920, Sum: 29016, Workers: 4
[5.374s][debug][gc,phases      ] GC(2)   ResolvedMethodTable Weak       Min: 0.00, Avg: 0.05, Max: 0.06, Diff: 0.06, Sum: 0.18, Workers: 4
[5.374s][debug][gc,phases      ] GC(2)     Dead                           Min: 0, Avg: 1029.0, Max: 1447, Diff: 1447, Sum: 4116, Workers: 4
[5.374s][debug][gc,phases      ] GC(2)     Total                          Min: 0, Avg: 2904.8, Max: 4096, Diff: 4096, Sum: 11619, Workers: 4
[5.374s][debug][gc,phases      ] GC(2)   JNI Weak                       Min: 0.00, Avg: 0.00, Max: 0.00, Diff: 0.00, Sum: 0.00, Workers: 4
[5.374s][debug][gc,phases      ] GC(2)     Dead                           Min: 0, Avg:  0.0, Max: 0, Diff: 0, Sum: 0, Workers: 4
[5.374s][debug][gc,phases      ] GC(2)     Total                          Min: 0, Avg: 12.0, Max: 48, Diff: 48, Sum: 48, Workers: 4
[5.374s][debug][gc,phases      ] GC(2)   StringDedup Table Weak         Min: 0.00, Avg: 0.00, Max: 0.00, Diff: 0.00, Sum: 0.00, Workers: 4
[5.374s][debug][gc,phases      ] GC(2)     Dead                           Min: 0, Avg:  0.0, Max: 0, Diff: 0, Sum: 0, Workers: 4
[5.374s][debug][gc,phases      ] GC(2)     Total                          Min: 0, Avg:  0.0, Max: 0, Diff: 0, Sum: 0, Workers: 4
[5.374s][debug][gc,phases      ] GC(2)   StringDedup Requests0 Weak     Min: 0.00, Avg: 0.00, Max: 0.00, Diff: 0.00, Sum: 0.00, Workers: 4
[5.374s][debug][gc,phases      ] GC(2)     Dead                           Min: 0, Avg:  0.0, Max: 0, Diff: 0, Sum: 0, Workers: 4
[5.374s][debug][gc,phases      ] GC(2)     Total                          Min: 0, Avg:  0.0, Max: 0, Diff: 0, Sum: 0, Workers: 4
[5.374s][debug][gc,phases      ] GC(2)   StringDedup Requests1 Weak     Min: 0.00, Avg: 0.00, Max: 0.00, Diff: 0.00, Sum: 0.00, Workers: 4
[5.374s][debug][gc,phases      ] GC(2)     Dead                           Min: 0, Avg:  0.0, Max: 0, Diff: 0, Sum: 0, Workers: 4
[5.374s][debug][gc,phases      ] GC(2)     Total                          Min: 0, Avg:  0.0, Max: 0, Diff: 0, Sum: 0, Workers: 4
[5.374s][debug][gc,phases      ] GC(2)   Weak JFR Old Object Samples    Min: 0.00, Avg: 0.00, Max: 0.00, Diff: 0.00, Sum: 0.00, Workers: 4
[5.374s][debug][gc,phases      ] GC(2)     Dead                           Min: 0, Avg:  0.0, Max: 0, Diff: 0, Sum: 0, Workers: 4
[5.374s][debug][gc,phases      ] GC(2)     Total                          Min: 0, Avg:  0.0, Max: 0, Diff: 0, Sum: 0, Workers: 4
[5.374s][debug][gc,phases      ] GC(2) Weak Processing 0.368ms
[5.375s][debug][gc,phases      ] GC(2) ClassLoaderData 0.042ms
[5.375s][debug][gc,phases      ] GC(2) Trigger cleanups 0.000ms
[5.382s][debug][gc,phases      ] GC(2) Purge Unlinked NMethods 0.198ms
[5.382s][debug][gc,phases      ] GC(2) Unregister NMethods 0.026ms
[5.382s][debug][gc,phases      ] GC(2) Free Code Blobs 0.030ms
[5.382s][debug][gc,phases      ] GC(2) Class Unloading 7.511ms
[5.382s][debug][gc,phases      ] GC(2) Report Object Count 0.001ms
[5.382s][info ][gc,phases      ] GC(2) Marking Phase 40.686ms
[5.382s][info ][gc,phases,start] GC(2) Summary Phase
[5.382s][info ][gc,phases      ] GC(2) Summary Phase 0.009ms
[5.382s][info ][gc,phases,start] GC(2) Forward
[5.395s][info ][gc,phases      ] GC(2) Forward 12.815ms
[5.395s][info ][gc,phases,start] GC(2) Adjust Pointers
[5.417s][info ][gc,phases      ] GC(2) Adjust Pointers 21.836ms
[5.417s][info ][gc,phases,start] GC(2) Compaction Phase
[5.438s][info ][gc,phases      ] GC(2) Compaction Phase 21.113ms
[5.438s][info ][gc,phases,start] GC(2) Post Compact
[5.439s][debug][gc,phases      ] GC(2) Purge Class Loader Data 0.246ms
[5.440s][info ][gc,phases      ] GC(2) Post Compact 1.477ms
[5.440s][info ][gc,heap        ] GC(2) PSYoungGen: 537103K(1572864K)->79907K(1572864K) Eden: 537103K(1048576K)->79907K(1048576K) From: 0K(524288K)->0K(524288K)
[5.440s][info ][gc,heap        ] GC(2) ParOldGen: 5230K(6144K)->5229K(6144K)
[5.440s][info ][gc,metaspace   ] GC(2) Metaspace: 59252K(59776K)->59252K(59776K) NonClass: 50238K(50560K)->50238K(50560K) Class: 9013K(9216K)->9013K(9216K)
[5.440s][info ][gc             ] GC(2) Pause Full (Metadata GC Threshold) 529M->83M(1542M) 98.522ms
[5.440s][info ][gc,cpu         ] GC(2) User=0.30s Sys=0.00s Real=0.10s
[5.440s][info ][safepoint      ] Safepoint "CollectForMetadataAllocation", Time since last: 2196369464 ns, Reaching safepoint: 4000 ns, At safepoint: 98619746 ns, Leaving safepoint: 12700 ns, Total: 98636446 ns, Threads: 0 runnable, 16 total
[15.063s][info ][gc,start       ] GC(3) Pause Young (Allocation Failure)
[15.137s][debug][gc,phases      ] GC(3) Scavenge 73.344ms
[15.137s][debug][gc,ref         ] GC(3) ReferenceProcessor::execute queues: 4, RefProcThreadModel::Multi, marks_oops_alive: false
[15.138s][debug][gc,ref         ] GC(3) ReferenceProcessor::execute queues: 4, RefProcThreadModel::Multi, marks_oops_alive: true
[15.138s][debug][gc,ref         ] GC(3) ReferenceProcessor::execute queues: 1, RefProcThreadModel::Single, marks_oops_alive: false
[15.138s][debug][gc,phases      ] GC(3) Reference Processing 1.136ms
[15.138s][debug][gc,phases      ] GC(3)   VM Weak                        Min: 0.00, Avg: 0.01, Max: 0.01, Diff: 0.01, Sum: 0.02, Workers: 4
[15.138s][debug][gc,phases      ] GC(3)     Dead                           Min: 0, Avg:  0.0, Max: 0, Diff: 0, Sum: 0, Workers: 4
[15.138s][debug][gc,phases      ] GC(3)     Total                          Min: 21, Avg: 149.2, Max: 320, Diff: 299, Sum: 597, Workers: 4
[15.138s][debug][gc,phases      ] GC(3)   ObjectSynchronizer Weak        Min: 0.00, Avg: 0.00, Max: 0.00, Diff: 0.00, Sum: 0.01, Workers: 4
[15.138s][debug][gc,phases      ] GC(3)     Dead                           Min: 0, Avg:  6.5, Max: 18, Diff: 18, Sum: 26, Workers: 4
[15.138s][debug][gc,phases      ] GC(3)     Total                          Min: 0, Avg: 32.2, Max: 64, Diff: 64, Sum: 129, Workers: 4
[15.138s][debug][gc,phases      ] GC(3)   JVMTI Tag Weak OopStorage      Min: 0.00, Avg: 0.00, Max: 0.00, Diff: 0.00, Sum: 0.00, Workers: 4
[15.138s][debug][gc,phases      ] GC(3)     Dead                           Min: 0, Avg:  0.0, Max: 0, Diff: 0, Sum: 0, Workers: 4
[15.138s][debug][gc,phases      ] GC(3)     Total                          Min: 0, Avg:  0.0, Max: 0, Diff: 0, Sum: 0, Workers: 4
[15.138s][debug][gc,phases      ] GC(3)   StringTable Weak               Min: 0.30, Avg: 0.30, Max: 0.30, Diff: 0.00, Sum: 1.20, Workers: 4
[15.138s][debug][gc,phases      ] GC(3)     Dead                           Min: 5, Avg:  9.0, Max: 11, Diff: 6, Sum: 36, Workers: 4
[15.138s][debug][gc,phases      ] GC(3)     Total                          Min: 10752, Avg: 11573.8, Max: 13143, Diff: 2391, Sum: 46295, Workers: 4
[15.138s][debug][gc,phases      ] GC(3)   ResolvedMethodTable Weak       Min: 0.14, Avg: 0.14, Max: 0.14, Diff: 0.00, Sum: 0.55, Workers: 4
[15.138s][debug][gc,phases      ] GC(3)     Dead                           Min: 973, Avg: 1091.2, Max: 1209, Diff: 236, Sum: 4365, Workers: 4
[15.138s][debug][gc,phases      ] GC(3)     Total                          Min: 4416, Avg: 4511.0, Max: 4672, Diff: 256, Sum: 18044, Workers: 4
[15.138s][debug][gc,phases      ] GC(3)   JNI Weak                       Min: 0.00, Avg: 0.00, Max: 0.00, Diff: 0.00, Sum: 0.00, Workers: 4
[15.138s][debug][gc,phases      ] GC(3)     Dead                           Min: 0, Avg:  0.0, Max: 0, Diff: 0, Sum: 0, Workers: 4
[15.138s][debug][gc,phases      ] GC(3)     Total                          Min: 0, Avg: 35.5, Max: 76, Diff: 76, Sum: 142, Workers: 4
[15.138s][debug][gc,phases      ] GC(3)   StringDedup Table Weak         Min: 0.00, Avg: 0.00, Max: 0.00, Diff: 0.00, Sum: 0.00, Workers: 4
[15.138s][debug][gc,phases      ] GC(3)     Dead                           Min: 0, Avg:  0.0, Max: 0, Diff: 0, Sum: 0, Workers: 4
[15.138s][debug][gc,phases      ] GC(3)     Total                          Min: 0, Avg:  0.0, Max: 0, Diff: 0, Sum: 0, Workers: 4
[15.138s][debug][gc,phases      ] GC(3)   StringDedup Requests0 Weak     Min: 0.00, Avg: 0.00, Max: 0.00, Diff: 0.00, Sum: 0.00, Workers: 4
[15.138s][debug][gc,phases      ] GC(3)     Dead                           Min: 0, Avg:  0.0, Max: 0, Diff: 0, Sum: 0, Workers: 4
[15.138s][debug][gc,phases      ] GC(3)     Total                          Min: 0, Avg:  0.0, Max: 0, Diff: 0, Sum: 0, Workers: 4
[15.138s][debug][gc,phases      ] GC(3)   StringDedup Requests1 Weak     Min: 0.00, Avg: 0.00, Max: 0.00, Diff: 0.00, Sum: 0.00, Workers: 4
[15.138s][debug][gc,phases      ] GC(3)     Dead                           Min: 0, Avg:  0.0, Max: 0, Diff: 0, Sum: 0, Workers: 4
[15.138s][debug][gc,phases      ] GC(3)     Total                          Min: 0, Avg:  0.0, Max: 0, Diff: 0, Sum: 0, Workers: 4
[15.138s][debug][gc,phases      ] GC(3)   Weak JFR Old Object Samples    Min: 0.00, Avg: 0.00, Max: 0.00, Diff: 0.00, Sum: 0.00, Workers: 4
[15.138s][debug][gc,phases      ] GC(3)     Dead                           Min: 0, Avg:  0.0, Max: 0, Diff: 0, Sum: 0, Workers: 4
[15.138s][debug][gc,phases      ] GC(3)     Total                          Min: 0, Avg:  0.0, Max: 0, Diff: 0, Sum: 0, Workers: 4
[15.138s][debug][gc,phases      ] GC(3) Weak Processing 0.615ms
[15.138s][debug][gc,age         ] GC(3) Desired survivor size 536870912 bytes, new threshold 7 (max threshold 15)
[15.138s][info ][gc,heap        ] GC(3) PSYoungGen: 1048576K(1572864K)->128677K(1572864K) Eden: 1048576K(1048576K)->0K(1048576K) From: 0K(524288K)->128677K(524288K)
[15.138s][info ][gc,heap        ] GC(3) ParOldGen: 5229K(6144K)->5302K(6144K)
[15.138s][info ][gc,metaspace   ] GC(3) Metaspace: 98625K(99520K)->98625K(99520K) NonClass: 83910K(84416K)->83910K(84416K) Class: 14714K(15104K)->14714K(15104K)
[15.138s][info ][gc             ] GC(3) Pause Young (Allocation Failure) 1029M->130M(1542M) 75.254ms
[15.138s][info ][gc,cpu         ] GC(3) User=0.21s Sys=0.07s Real=0.07s
[15.138s][info ][safepoint      ] Safepoint "ParallelCollectForAllocation", Time since last: 9623233181 ns, Reaching safepoint: 7299 ns, At safepoint: 75328272 ns, Leaving safepoint: 22100 ns, Total: 75357671 ns, Threads: 0 runnable, 32 total
[15.218s][debug][gc,phases      ] GC(4) Pre Compact 0.025ms
[15.218s][info ][gc,start       ] GC(4) Pause Full (Metadata GC Threshold)
[15.218s][info ][gc,phases,start] GC(4) Marking Phase
[15.265s][debug][gc,phases      ] GC(4) Par Mark 46.291ms
[15.265s][debug][gc,ref         ] GC(4) ReferenceProcessor::execute queues: 4, RefProcThreadModel::Multi, marks_oops_alive: false
[15.265s][debug][gc,ref         ] GC(4) ReferenceProcessor::execute queues: 4, RefProcThreadModel::Multi, marks_oops_alive: true
[15.265s][debug][gc,ref         ] GC(4) ReferenceProcessor::execute queues: 1, RefProcThreadModel::Single, marks_oops_alive: false
[15.265s][debug][gc,phases      ] GC(4) Reference Processing 0.662ms
[15.265s][debug][gc,phases      ] GC(4) Flush Marking Stats 0.009ms
[15.266s][debug][gc,phases      ] GC(4)   VM Weak                        Min: 0.00, Avg: 0.00, Max: 0.01, Diff: 0.01, Sum: 0.01, Workers: 4
[15.266s][debug][gc,phases      ] GC(4)     Dead                           Min: 0, Avg:  0.2, Max: 1, Diff: 1, Sum: 1, Workers: 4
[15.266s][debug][gc,phases      ] GC(4)     Total                          Min: 0, Avg: 149.2, Max: 384, Diff: 384, Sum: 597, Workers: 4
[15.266s][debug][gc,phases      ] GC(4)   ObjectSynchronizer Weak        Min: 0.00, Avg: 0.00, Max: 0.00, Diff: 0.00, Sum: 0.01, Workers: 4
[15.266s][debug][gc,phases      ] GC(4)     Dead                           Min: 0, Avg:  0.0, Max: 0, Diff: 0, Sum: 0, Workers: 4
[15.266s][debug][gc,phases      ] GC(4)     Total                          Min: 0, Avg: 32.2, Max: 64, Diff: 64, Sum: 129, Workers: 4
[15.266s][debug][gc,phases      ] GC(4)   JVMTI Tag Weak OopStorage      Min: 0.00, Avg: 0.00, Max: 0.00, Diff: 0.00, Sum: 0.00, Workers: 4
[15.266s][debug][gc,phases      ] GC(4)     Dead                           Min: 0, Avg:  0.0, Max: 0, Diff: 0, Sum: 0, Workers: 4
[15.266s][debug][gc,phases      ] GC(4)     Total                          Min: 0, Avg:  0.0, Max: 0, Diff: 0, Sum: 0, Workers: 4
[15.266s][debug][gc,phases      ] GC(4)   StringTable Weak               Min: 0.14, Avg: 0.14, Max: 0.14, Diff: 0.00, Sum: 0.55, Workers: 4
[15.266s][debug][gc,phases      ] GC(4)     Dead                           Min: 0, Avg:  0.2, Max: 1, Diff: 1, Sum: 1, Workers: 4
[15.266s][debug][gc,phases      ] GC(4)     Total                          Min: 11136, Avg: 11581.2, Max: 12278, Diff: 1142, Sum: 46325, Workers: 4
[15.266s][debug][gc,phases      ] GC(4)   ResolvedMethodTable Weak       Min: 0.06, Avg: 0.06, Max: 0.06, Diff: 0.00, Sum: 0.23, Workers: 4
[15.266s][debug][gc,phases      ] GC(4)     Dead                           Min: 0, Avg:  1.2, Max: 4, Diff: 4, Sum: 5, Workers: 4
[15.266s][debug][gc,phases      ] GC(4)     Total                          Min: 3310, Avg: 3425.5, Max: 3651, Diff: 341, Sum: 13702, Workers: 4
[15.266s][debug][gc,phases      ] GC(4)   JNI Weak                       Min: 0.00, Avg: 0.00, Max: 0.00, Diff: 0.00, Sum: 0.01, Workers: 4
[15.266s][debug][gc,phases      ] GC(4)     Dead                           Min: 0, Avg:  0.0, Max: 0, Diff: 0, Sum: 0, Workers: 4
[15.266s][debug][gc,phases      ] GC(4)     Total                          Min: 61, Avg: 110.5, Max: 192, Diff: 131, Sum: 442, Workers: 4
[15.266s][debug][gc,phases      ] GC(4)   StringDedup Table Weak         Min: 0.00, Avg: 0.00, Max: 0.00, Diff: 0.00, Sum: 0.00, Workers: 4
[15.266s][debug][gc,phases      ] GC(4)     Dead                           Min: 0, Avg:  0.0, Max: 0, Diff: 0, Sum: 0, Workers: 4
[15.266s][debug][gc,phases      ] GC(4)     Total                          Min: 0, Avg:  0.0, Max: 0, Diff: 0, Sum: 0, Workers: 4
[15.266s][debug][gc,phases      ] GC(4)   StringDedup Requests0 Weak     Min: 0.00, Avg: 0.00, Max: 0.00, Diff: 0.00, Sum: 0.00, Workers: 4
[15.266s][debug][gc,phases      ] GC(4)     Dead                           Min: 0, Avg:  0.0, Max: 0, Diff: 0, Sum: 0, Workers: 4
[15.266s][debug][gc,phases      ] GC(4)     Total                          Min: 0, Avg:  0.0, Max: 0, Diff: 0, Sum: 0, Workers: 4
[15.266s][debug][gc,phases      ] GC(4)   StringDedup Requests1 Weak     Min: 0.00, Avg: 0.00, Max: 0.00, Diff: 0.00, Sum: 0.00, Workers: 4
[15.266s][debug][gc,phases      ] GC(4)     Dead                           Min: 0, Avg:  0.0, Max: 0, Diff: 0, Sum: 0, Workers: 4
[15.266s][debug][gc,phases      ] GC(4)     Total                          Min: 0, Avg:  0.0, Max: 0, Diff: 0, Sum: 0, Workers: 4
[15.266s][debug][gc,phases      ] GC(4)   Weak JFR Old Object Samples    Min: 0.00, Avg: 0.00, Max: 0.00, Diff: 0.00, Sum: 0.00, Workers: 4
[15.266s][debug][gc,phases      ] GC(4)     Dead                           Min: 0, Avg:  0.0, Max: 0, Diff: 0, Sum: 0, Workers: 4
[15.266s][debug][gc,phases      ] GC(4)     Total                          Min: 0, Avg:  0.0, Max: 0, Diff: 0, Sum: 0, Workers: 4
[15.266s][debug][gc,phases      ] GC(4) Weak Processing 0.367ms
[15.266s][debug][gc,phases      ] GC(4) ClassLoaderData 0.163ms
[15.266s][debug][gc,phases      ] GC(4) Trigger cleanups 0.008ms
[15.284s][debug][gc,phases      ] GC(4) Purge Unlinked NMethods 0.457ms
[15.284s][debug][gc,phases      ] GC(4) Unregister NMethods 0.134ms
[15.284s][debug][gc,phases      ] GC(4) Free Code Blobs 0.042ms
[15.294s][debug][gc,phases      ] GC(4) Class Unloading 28.217ms
[15.294s][debug][gc,phases      ] GC(4) Report Object Count 0.002ms
[15.294s][info ][gc,phases      ] GC(4) Marking Phase 75.641ms
[15.294s][info ][gc,phases,start] GC(4) Summary Phase
[15.294s][info ][gc,phases      ] GC(4) Summary Phase 0.030ms
[15.294s][info ][gc,phases,start] GC(4) Forward
[15.307s][info ][gc,phases      ] GC(4) Forward 12.540ms
[15.307s][info ][gc,phases,start] GC(4) Adjust Pointers
[15.339s][info ][gc,phases      ] GC(4) Adjust Pointers 32.088ms
[15.339s][info ][gc,phases,start] GC(4) Compaction Phase
[15.373s][info ][gc,phases      ] GC(4) Compaction Phase 34.489ms
[15.374s][info ][gc,phases,start] GC(4) Post Compact
[15.376s][debug][gc,phases      ] GC(4) Purge Class Loader Data 1.794ms
[15.378s][info ][gc,phases      ] GC(4) Post Compact 4.196ms
[15.378s][info ][gc,heap        ] GC(4) PSYoungGen: 162585K(1572864K)->127472K(1572864K) Eden: 33907K(1048576K)->0K(1048576K) From: 128677K(524288K)->127472K(524288K)
[15.378s][info ][gc,heap        ] GC(4) ParOldGen: 5302K(6144K)->6142K(6144K)
[15.378s][info ][gc,metaspace   ] GC(4) Metaspace: 98791K(99648K)->98789K(99648K) NonClass: 84066K(84544K)->84065K(84544K) Class: 14724K(15104K)->14724K(15104K)
[15.378s][info ][gc             ] GC(4) Pause Full (Metadata GC Threshold) 163M->130M(1542M) 159.766ms
[15.378s][info ][gc,cpu         ] GC(4) User=0.41s Sys=0.01s Real=0.16s
[15.378s][info ][safepoint      ] Safepoint "CollectForMetadataAllocation", Time since last: 79700547 ns, Reaching safepoint: 86500 ns, At safepoint: 159871691 ns, Leaving safepoint: 38300 ns, Total: 159996491 ns, Threads: 1 runnable, 32 total
[18.404s][info ][gc,start       ] GC(5) Pause Young (Allocation Failure)
[18.496s][debug][gc,phases      ] GC(5) Scavenge 91.633ms
[18.496s][debug][gc,ref         ] GC(5) ReferenceProcessor::execute queues: 4, RefProcThreadModel::Multi, marks_oops_alive: false
[18.497s][debug][gc,ref         ] GC(5) ReferenceProcessor::execute queues: 4, RefProcThreadModel::Multi, marks_oops_alive: true
[18.497s][debug][gc,ref         ] GC(5) ReferenceProcessor::execute queues: 1, RefProcThreadModel::Single, marks_oops_alive: false
[18.497s][debug][gc,phases      ] GC(5) Reference Processing 0.767ms
[18.497s][debug][gc,phases      ] GC(5)   VM Weak                        Min: 0.00, Avg: 0.01, Max: 0.01, Diff: 0.01, Sum: 0.02, Workers: 4
[18.497s][debug][gc,phases      ] GC(5)     Dead                           Min: 0, Avg:  0.0, Max: 0, Diff: 0, Sum: 0, Workers: 4
[18.497s][debug][gc,phases      ] GC(5)     Total                          Min: 64, Avg: 183.5, Max: 350, Diff: 286, Sum: 734, Workers: 4
[18.497s][debug][gc,phases      ] GC(5)   ObjectSynchronizer Weak        Min: 0.00, Avg: 0.00, Max: 0.00, Diff: 0.00, Sum: 0.01, Workers: 4
[18.497s][debug][gc,phases      ] GC(5)     Dead                           Min: 0, Avg:  0.2, Max: 1, Diff: 1, Sum: 1, Workers: 4
[18.497s][debug][gc,phases      ] GC(5)     Total                          Min: 0, Avg: 32.5, Max: 64, Diff: 64, Sum: 130, Workers: 4
[18.497s][debug][gc,phases      ] GC(5)   JVMTI Tag Weak OopStorage      Min: 0.00, Avg: 0.00, Max: 0.00, Diff: 0.00, Sum: 0.00, Workers: 4
[18.497s][debug][gc,phases      ] GC(5)     Dead                           Min: 0, Avg:  0.0, Max: 0, Diff: 0, Sum: 0, Workers: 4
[18.497s][debug][gc,phases      ] GC(5)     Total                          Min: 0, Avg:  0.0, Max: 0, Diff: 0, Sum: 0, Workers: 4
[18.497s][debug][gc,phases      ] GC(5)   StringTable Weak               Min: 0.32, Avg: 0.32, Max: 0.32, Diff: 0.00, Sum: 1.28, Workers: 4
[18.497s][debug][gc,phases      ] GC(5)     Dead                           Min: 0, Avg:  1.5, Max: 2, Diff: 2, Sum: 6, Workers: 4
[18.497s][debug][gc,phases      ] GC(5)     Total                          Min: 11710, Avg: 11935.5, Max: 12224, Diff: 514, Sum: 47742, Workers: 4
[18.497s][debug][gc,phases      ] GC(5)   ResolvedMethodTable Weak       Min: 0.11, Avg: 0.11, Max: 0.11, Diff: 0.00, Sum: 0.44, Workers: 4
[18.497s][debug][gc,phases      ] GC(5)     Dead                           Min: 76, Avg: 88.5, Max: 98, Diff: 22, Sum: 354, Workers: 4
[18.497s][debug][gc,phases      ] GC(5)     Total                          Min: 3610, Avg: 3771.5, Max: 4042, Diff: 432, Sum: 15086, Workers: 4
[18.497s][debug][gc,phases      ] GC(5)   JNI Weak                       Min: 0.00, Avg: 0.00, Max: 0.00, Diff: 0.00, Sum: 0.00, Workers: 4
[18.497s][debug][gc,phases      ] GC(5)     Dead                           Min: 0, Avg:  0.0, Max: 0, Diff: 0, Sum: 0, Workers: 4
[18.497s][debug][gc,phases      ] GC(5)     Total                          Min: 0, Avg: 18.2, Max: 61, Diff: 61, Sum: 73, Workers: 4
[18.497s][debug][gc,phases      ] GC(5)   StringDedup Table Weak         Min: 0.00, Avg: 0.00, Max: 0.00, Diff: 0.00, Sum: 0.00, Workers: 4
[18.497s][debug][gc,phases      ] GC(5)     Dead                           Min: 0, Avg:  0.0, Max: 0, Diff: 0, Sum: 0, Workers: 4
[18.497s][debug][gc,phases      ] GC(5)     Total                          Min: 0, Avg:  0.0, Max: 0, Diff: 0, Sum: 0, Workers: 4
[18.497s][debug][gc,phases      ] GC(5)   StringDedup Requests0 Weak     Min: 0.00, Avg: 0.00, Max: 0.00, Diff: 0.00, Sum: 0.00, Workers: 4
[18.497s][debug][gc,phases      ] GC(5)     Dead                           Min: 0, Avg:  0.0, Max: 0, Diff: 0, Sum: 0, Workers: 4
[18.497s][debug][gc,phases      ] GC(5)     Total                          Min: 0, Avg:  0.0, Max: 0, Diff: 0, Sum: 0, Workers: 4
[18.497s][debug][gc,phases      ] GC(5)   StringDedup Requests1 Weak     Min: 0.00, Avg: 0.00, Max: 0.00, Diff: 0.00, Sum: 0.00, Workers: 4
[18.497s][debug][gc,phases      ] GC(5)     Dead                           Min: 0, Avg:  0.0, Max: 0, Diff: 0, Sum: 0, Workers: 4
[18.497s][debug][gc,phases      ] GC(5)     Total                          Min: 0, Avg:  0.0, Max: 0, Diff: 0, Sum: 0, Workers: 4
[18.497s][debug][gc,phases      ] GC(5)   Weak JFR Old Object Samples    Min: 0.00, Avg: 0.00, Max: 0.00, Diff: 0.00, Sum: 0.00, Workers: 4
[18.497s][debug][gc,phases      ] GC(5)     Dead                           Min: 0, Avg:  0.0, Max: 0, Diff: 0, Sum: 0, Workers: 4
[18.497s][debug][gc,phases      ] GC(5)     Total                          Min: 0, Avg:  0.0, Max: 0, Diff: 0, Sum: 0, Workers: 4
[18.497s][debug][gc,phases      ] GC(5) Weak Processing 0.595ms
[18.497s][debug][gc,age         ] GC(5) Desired survivor size 536870912 bytes, new threshold 7 (max threshold 15)
[18.497s][info ][gc,heap        ] GC(5) PSYoungGen: 1176048K(1572864K)->187447K(1572864K) Eden: 1048576K(1048576K)->0K(1048576K) From: 127472K(524288K)->187447K(524288K)
[18.497s][info ][gc,heap        ] GC(5) ParOldGen: 6142K(6144K)->6150K(6656K)
[18.497s][info ][gc,metaspace   ] GC(5) Metaspace: 103020K(104064K)->103020K(104064K) NonClass: 87752K(88384K)->87752K(88384K) Class: 15267K(15680K)->15267K(15680K)
[18.497s][info ][gc             ] GC(5) Pause Young (Allocation Failure) 1154M->189M(1542M) 93.117ms
[18.497s][info ][gc,cpu         ] GC(5) User=0.29s Sys=0.06s Real=0.09s
[18.499s][info ][safepoint      ] Safepoint "ParallelCollectForAllocation", Time since last: 3025992367 ns, Reaching safepoint: 88899 ns, At safepoint: 93184808 ns, Leaving safepoint: 1299892 ns, Total: 94573599 ns, Threads: 3 runnable, 34 total
[26.900s][info ][gc,start       ] GC(6) Pause Young (Allocation Failure)
[26.978s][debug][gc,phases      ] GC(6) Scavenge 77.521ms
[26.979s][debug][gc,ref         ] GC(6) ReferenceProcessor::execute queues: 4, RefProcThreadModel::Multi, marks_oops_alive: false
[26.979s][debug][gc,ref         ] GC(6) ReferenceProcessor::execute queues: 4, RefProcThreadModel::Multi, marks_oops_alive: true
[26.979s][debug][gc,ref         ] GC(6) ReferenceProcessor::execute queues: 1, RefProcThreadModel::Single, marks_oops_alive: false
[26.979s][debug][gc,phases      ] GC(6) Reference Processing 1.180ms
[26.980s][debug][gc,phases      ] GC(6)   VM Weak                        Min: 0.00, Avg: 0.01, Max: 0.01, Diff: 0.01, Sum: 0.02, Workers: 4
[26.980s][debug][gc,phases      ] GC(6)     Dead                           Min: 0, Avg:  0.0, Max: 0, Diff: 0, Sum: 0, Workers: 4
[26.980s][debug][gc,phases      ] GC(6)     Total                          Min: 0, Avg: 187.8, Max: 384, Diff: 384, Sum: 751, Workers: 4
[26.980s][debug][gc,phases      ] GC(6)   ObjectSynchronizer Weak        Min: 0.00, Avg: 0.00, Max: 0.00, Diff: 0.00, Sum: 0.01, Workers: 4
[26.980s][debug][gc,phases      ] GC(6)     Dead                           Min: 0, Avg:  0.2, Max: 1, Diff: 1, Sum: 1, Workers: 4
[26.980s][debug][gc,phases      ] GC(6)     Total                          Min: 0, Avg: 32.5, Max: 64, Diff: 64, Sum: 130, Workers: 4
[26.980s][debug][gc,phases      ] GC(6)   JVMTI Tag Weak OopStorage      Min: 0.00, Avg: 0.00, Max: 0.00, Diff: 0.00, Sum: 0.00, Workers: 4
[26.980s][debug][gc,phases      ] GC(6)     Dead                           Min: 0, Avg:  0.0, Max: 0, Diff: 0, Sum: 0, Workers: 4
[26.980s][debug][gc,phases      ] GC(6)     Total                          Min: 0, Avg:  0.0, Max: 0, Diff: 0, Sum: 0, Workers: 4
[26.980s][debug][gc,phases      ] GC(6)   StringTable Weak               Min: 0.00, Avg: 0.30, Max: 0.40, Diff: 0.40, Sum: 1.21, Workers: 4
[26.980s][debug][gc,phases      ] GC(6)     Dead                           Min: 0, Avg:  0.8, Max: 2, Diff: 2, Sum: 3, Workers: 4
[26.980s][debug][gc,phases      ] GC(6)     Total                          Min: 0, Avg: 12075.2, Max: 18496, Diff: 18496, Sum: 48301, Workers: 4
[26.980s][debug][gc,phases      ] GC(6)   ResolvedMethodTable Weak       Min: 0.00, Avg: 0.10, Max: 0.14, Diff: 0.14, Sum: 0.42, Workers: 4
[26.980s][debug][gc,phases      ] GC(6)     Dead                           Min: 0, Avg:  4.8, Max: 10, Diff: 10, Sum: 19, Workers: 4
[26.980s][debug][gc,phases      ] GC(6)     Total                          Min: 0, Avg: 3814.5, Max: 5257, Diff: 5257, Sum: 15258, Workers: 4
[26.980s][debug][gc,phases      ] GC(6)   JNI Weak                       Min: 0.00, Avg: 0.00, Max: 0.00, Diff: 0.00, Sum: 0.00, Workers: 4
[26.980s][debug][gc,phases      ] GC(6)     Dead                           Min: 0, Avg:  0.0, Max: 0, Diff: 0, Sum: 0, Workers: 4
[26.980s][debug][gc,phases      ] GC(6)     Total                          Min: 0, Avg: 13.0, Max: 52, Diff: 52, Sum: 52, Workers: 4
[26.980s][debug][gc,phases      ] GC(6)   StringDedup Table Weak         Min: 0.00, Avg: 0.00, Max: 0.00, Diff: 0.00, Sum: 0.00, Workers: 4
[26.980s][debug][gc,phases      ] GC(6)     Dead                           Min: 0, Avg:  0.0, Max: 0, Diff: 0, Sum: 0, Workers: 4
[26.980s][debug][gc,phases      ] GC(6)     Total                          Min: 0, Avg:  0.0, Max: 0, Diff: 0, Sum: 0, Workers: 4
[26.980s][debug][gc,phases      ] GC(6)   StringDedup Requests0 Weak     Min: 0.00, Avg: 0.00, Max: 0.00, Diff: 0.00, Sum: 0.00, Workers: 4
[26.980s][debug][gc,phases      ] GC(6)     Dead                           Min: 0, Avg:  0.0, Max: 0, Diff: 0, Sum: 0, Workers: 4
[26.980s][debug][gc,phases      ] GC(6)     Total                          Min: 0, Avg:  0.0, Max: 0, Diff: 0, Sum: 0, Workers: 4
[26.980s][debug][gc,phases      ] GC(6)   StringDedup Requests1 Weak     Min: 0.00, Avg: 0.00, Max: 0.00, Diff: 0.00, Sum: 0.00, Workers: 4
[26.980s][debug][gc,phases      ] GC(6)     Dead                           Min: 0, Avg:  0.0, Max: 0, Diff: 0, Sum: 0, Workers: 4
[26.980s][debug][gc,phases      ] GC(6)     Total                          Min: 0, Avg:  0.0, Max: 0, Diff: 0, Sum: 0, Workers: 4
[26.980s][debug][gc,phases      ] GC(6)   Weak JFR Old Object Samples    Min: 0.00, Avg: 0.00, Max: 0.00, Diff: 0.00, Sum: 0.00, Workers: 4
[26.980s][debug][gc,phases      ] GC(6)     Dead                           Min: 0, Avg:  0.0, Max: 0, Diff: 0, Sum: 0, Workers: 4
[26.980s][debug][gc,phases      ] GC(6)     Total                          Min: 0, Avg:  0.0, Max: 0, Diff: 0, Sum: 0, Workers: 4
[26.980s][debug][gc,phases      ] GC(6) Weak Processing 0.719ms
[26.980s][debug][gc,age         ] GC(6) Desired survivor size 536870912 bytes, new threshold 7 (max threshold 15)
[26.980s][info ][gc,heap        ] GC(6) PSYoungGen: 1236023K(1572864K)->209235K(1572864K) Eden: 1048576K(1048576K)->0K(1048576K) From: 187447K(524288K)->209235K(524288K)
[26.980s][info ][gc,heap        ] GC(6) ParOldGen: 6150K(6656K)->6158K(6656K)
[26.980s][info ][gc,metaspace   ] GC(6) Metaspace: 104125K(105216K)->104125K(105216K) NonClass: 88779K(89408K)->88779K(89408K) Class: 15346K(15808K)->15346K(15808K)
[26.980s][info ][gc             ] GC(6) Pause Young (Allocation Failure) 1213M->210M(1542M) 79.561ms
[26.980s][info ][gc,cpu         ] GC(6) User=0.27s Sys=0.03s Real=0.08s
[26.980s][info ][safepoint      ] Safepoint "ParallelCollectForAllocation", Time since last: 8401717488 ns, Reaching safepoint: 5200 ns, At safepoint: 79620710 ns, Leaving safepoint: 8600 ns, Total: 79634510 ns, Threads: 0 runnable, 33 total
[40.350s][info ][gc,start       ] GC(7) Pause Young (Allocation Failure)
[40.422s][debug][gc,phases      ] GC(7) Scavenge 72.011ms
[40.422s][debug][gc,ref         ] GC(7) ReferenceProcessor::execute queues: 4, RefProcThreadModel::Multi, marks_oops_alive: false
[40.423s][debug][gc,ref         ] GC(7) ReferenceProcessor::execute queues: 4, RefProcThreadModel::Multi, marks_oops_alive: true
[40.423s][debug][gc,ref         ] GC(7) ReferenceProcessor::execute queues: 1, RefProcThreadModel::Single, marks_oops_alive: false
[40.423s][debug][gc,phases      ] GC(7) Reference Processing 1.055ms
[40.424s][debug][gc,phases      ] GC(7)   VM Weak                        Min: 0.00, Avg: 0.01, Max: 0.01, Diff: 0.01, Sum: 0.02, Workers: 4
[40.424s][debug][gc,phases      ] GC(7)     Dead                           Min: 0, Avg:  0.0, Max: 0, Diff: 0, Sum: 0, Workers: 4
[40.424s][debug][gc,phases      ] GC(7)     Total                          Min: 0, Avg: 189.5, Max: 512, Diff: 512, Sum: 758, Workers: 4
[40.424s][debug][gc,phases      ] GC(7)   ObjectSynchronizer Weak        Min: 0.00, Avg: 0.00, Max: 0.00, Diff: 0.00, Sum: 0.00, Workers: 4
[40.424s][debug][gc,phases      ] GC(7)     Dead                           Min: 0, Avg:  0.0, Max: 0, Diff: 0, Sum: 0, Workers: 4
[40.424s][debug][gc,phases      ] GC(7)     Total                          Min: 0, Avg: 32.5, Max: 64, Diff: 64, Sum: 130, Workers: 4
[40.424s][debug][gc,phases      ] GC(7)   JVMTI Tag Weak OopStorage      Min: 0.00, Avg: 0.00, Max: 0.00, Diff: 0.00, Sum: 0.00, Workers: 4
[40.424s][debug][gc,phases      ] GC(7)     Dead                           Min: 0, Avg:  0.0, Max: 0, Diff: 0, Sum: 0, Workers: 4
[40.424s][debug][gc,phases      ] GC(7)     Total                          Min: 0, Avg:  0.0, Max: 0, Diff: 0, Sum: 0, Workers: 4
[40.424s][debug][gc,phases      ] GC(7)   StringTable Weak               Min: 0.00, Avg: 0.27, Max: 0.36, Diff: 0.36, Sum: 1.07, Workers: 4
[40.424s][debug][gc,phases      ] GC(7)     Dead                           Min: 0, Avg:  0.8, Max: 2, Diff: 2, Sum: 3, Workers: 4
[40.424s][debug][gc,phases      ] GC(7)     Total                          Min: 0, Avg: 12159.5, Max: 20736, Diff: 20736, Sum: 48638, Workers: 4
[40.424s][debug][gc,phases      ] GC(7)   ResolvedMethodTable Weak       Min: 0.06, Avg: 0.11, Max: 0.13, Diff: 0.07, Sum: 0.45, Workers: 4
[40.424s][debug][gc,phases      ] GC(7)     Dead                           Min: 1, Avg: 14.2, Max: 30, Diff: 29, Sum: 57, Workers: 4
[40.424s][debug][gc,phases      ] GC(7)     Total                          Min: 2160, Avg: 3855.0, Max: 4977, Diff: 2817, Sum: 15420, Workers: 4
[40.424s][debug][gc,phases      ] GC(7)   JNI Weak                       Min: 0.00, Avg: 0.00, Max: 0.00, Diff: 0.00, Sum: 0.00, Workers: 4
[40.424s][debug][gc,phases      ] GC(7)     Dead                           Min: 0, Avg:  0.0, Max: 0, Diff: 0, Sum: 0, Workers: 4
[40.424s][debug][gc,phases      ] GC(7)     Total                          Min: 0, Avg: 13.0, Max: 48, Diff: 48, Sum: 52, Workers: 4
[40.424s][debug][gc,phases      ] GC(7)   StringDedup Table Weak         Min: 0.00, Avg: 0.00, Max: 0.00, Diff: 0.00, Sum: 0.00, Workers: 4
[40.424s][debug][gc,phases      ] GC(7)     Dead                           Min: 0, Avg:  0.0, Max: 0, Diff: 0, Sum: 0, Workers: 4
[40.424s][debug][gc,phases      ] GC(7)     Total                          Min: 0, Avg:  0.0, Max: 0, Diff: 0, Sum: 0, Workers: 4
[40.424s][debug][gc,phases      ] GC(7)   StringDedup Requests0 Weak     Min: 0.00, Avg: 0.00, Max: 0.00, Diff: 0.00, Sum: 0.00, Workers: 4
[40.424s][debug][gc,phases      ] GC(7)     Dead                           Min: 0, Avg:  0.0, Max: 0, Diff: 0, Sum: 0, Workers: 4
[40.424s][debug][gc,phases      ] GC(7)     Total                          Min: 0, Avg:  0.0, Max: 0, Diff: 0, Sum: 0, Workers: 4
[40.424s][debug][gc,phases      ] GC(7)   StringDedup Requests1 Weak     Min: 0.00, Avg: 0.00, Max: 0.00, Diff: 0.00, Sum: 0.00, Workers: 4
[40.424s][debug][gc,phases      ] GC(7)     Dead                           Min: 0, Avg:  0.0, Max: 0, Diff: 0, Sum: 0, Workers: 4
[40.424s][debug][gc,phases      ] GC(7)     Total                          Min: 0, Avg:  0.0, Max: 0, Diff: 0, Sum: 0, Workers: 4
[40.424s][debug][gc,phases      ] GC(7)   Weak JFR Old Object Samples    Min: 0.00, Avg: 0.00, Max: 0.00, Diff: 0.00, Sum: 0.00, Workers: 4
[40.424s][debug][gc,phases      ] GC(7)     Dead                           Min: 0, Avg:  0.0, Max: 0, Diff: 0, Sum: 0, Workers: 4
[40.424s][debug][gc,phases      ] GC(7)     Total                          Min: 0, Avg:  0.0, Max: 0, Diff: 0, Sum: 0, Workers: 4
[40.424s][debug][gc,phases      ] GC(7) Weak Processing 0.688ms
[40.424s][debug][gc,age         ] GC(7) Desired survivor size 536870912 bytes, new threshold 7 (max threshold 15)
[40.424s][info ][gc,heap        ] GC(7) PSYoungGen: 1257811K(1572864K)->222496K(1572864K) Eden: 1048576K(1048576K)->0K(1048576K) From: 209235K(524288K)->222496K(524288K)
[40.424s][info ][gc,heap        ] GC(7) ParOldGen: 6158K(6656K)->6166K(6656K)
[40.424s][info ][gc,metaspace   ] GC(7) Metaspace: 104954K(106048K)->104954K(106048K) NonClass: 89537K(90176K)->89537K(90176K) Class: 15416K(15872K)->15416K(15872K)
[40.424s][info ][gc             ] GC(7) Pause Young (Allocation Failure) 1234M->223M(1542M) 73.899ms
[40.424s][info ][gc,cpu         ] GC(7) User=0.27s Sys=0.02s Real=0.07s
[40.424s][info ][safepoint      ] Safepoint "ParallelCollectForAllocation", Time since last: 13369857370 ns, Reaching safepoint: 5400 ns, At safepoint: 73961960 ns, Leaving safepoint: 17400 ns, Total: 73984760 ns, Threads: 0 runnable, 33 total
[61.543s][info ][gc,start       ] GC(8) Pause Young (Allocation Failure)
[61.618s][debug][gc,phases      ] GC(8) Scavenge 74.824ms
[61.618s][debug][gc,ref         ] GC(8) ReferenceProcessor::execute queues: 4, RefProcThreadModel::Multi, marks_oops_alive: false
[61.619s][debug][gc,ref         ] GC(8) ReferenceProcessor::execute queues: 4, RefProcThreadModel::Multi, marks_oops_alive: true
[61.619s][debug][gc,ref         ] GC(8) ReferenceProcessor::execute queues: 1, RefProcThreadModel::Single, marks_oops_alive: false
[61.619s][debug][gc,phases      ] GC(8) Reference Processing 1.096ms
[61.619s][debug][gc,phases      ] GC(8)   VM Weak                        Min: 0.00, Avg: 0.01, Max: 0.01, Diff: 0.01, Sum: 0.02, Workers: 4
[61.619s][debug][gc,phases      ] GC(8)     Dead                           Min: 0, Avg:  0.0, Max: 0, Diff: 0, Sum: 0, Workers: 4
[61.619s][debug][gc,phases      ] GC(8)     Total                          Min: 0, Avg: 189.5, Max: 320, Diff: 320, Sum: 758, Workers: 4
[61.619s][debug][gc,phases      ] GC(8)   ObjectSynchronizer Weak        Min: 0.00, Avg: 0.00, Max: 0.00, Diff: 0.00, Sum: 0.00, Workers: 4
[61.619s][debug][gc,phases      ] GC(8)     Dead                           Min: 0, Avg:  0.0, Max: 0, Diff: 0, Sum: 0, Workers: 4
[61.619s][debug][gc,phases      ] GC(8)     Total                          Min: 0, Avg:  1.2, Max: 5, Diff: 5, Sum: 5, Workers: 4
[61.619s][debug][gc,phases      ] GC(8)   JVMTI Tag Weak OopStorage      Min: 0.00, Avg: 0.00, Max: 0.00, Diff: 0.00, Sum: 0.00, Workers: 4
[61.619s][debug][gc,phases      ] GC(8)     Dead                           Min: 0, Avg:  0.0, Max: 0, Diff: 0, Sum: 0, Workers: 4
[61.619s][debug][gc,phases      ] GC(8)     Total                          Min: 0, Avg:  0.0, Max: 0, Diff: 0, Sum: 0, Workers: 4
[61.619s][debug][gc,phases      ] GC(8)   StringTable Weak               Min: 0.31, Avg: 0.32, Max: 0.32, Diff: 0.00, Sum: 1.26, Workers: 4
[61.619s][debug][gc,phases      ] GC(8)     Dead                           Min: 0, Avg:  0.8, Max: 2, Diff: 2, Sum: 3, Workers: 4
[61.619s][debug][gc,phases      ] GC(8)     Total                          Min: 11967, Avg: 12180.0, Max: 12369, Diff: 402, Sum: 48720, Workers: 4
[61.619s][debug][gc,phases      ] GC(8)   ResolvedMethodTable Weak       Min: 0.10, Avg: 0.10, Max: 0.10, Diff: 0.00, Sum: 0.41, Workers: 4
[61.619s][debug][gc,phases      ] GC(8)     Dead                           Min: 2, Avg:  9.5, Max: 20, Diff: 18, Sum: 38, Workers: 4
[61.619s][debug][gc,phases      ] GC(8)     Total                          Min: 3758, Avg: 3867.0, Max: 3990, Diff: 232, Sum: 15468, Workers: 4
[61.619s][debug][gc,phases      ] GC(8)   JNI Weak                       Min: 0.00, Avg: 0.00, Max: 0.00, Diff: 0.00, Sum: 0.00, Workers: 4
[61.619s][debug][gc,phases      ] GC(8)     Dead                           Min: 0, Avg:  0.0, Max: 0, Diff: 0, Sum: 0, Workers: 4
[61.619s][debug][gc,phases      ] GC(8)     Total                          Min: 0, Avg: 13.0, Max: 48, Diff: 48, Sum: 52, Workers: 4
[61.619s][debug][gc,phases      ] GC(8)   StringDedup Table Weak         Min: 0.00, Avg: 0.00, Max: 0.00, Diff: 0.00, Sum: 0.00, Workers: 4
[61.619s][debug][gc,phases      ] GC(8)     Dead                           Min: 0, Avg:  0.0, Max: 0, Diff: 0, Sum: 0, Workers: 4
[61.619s][debug][gc,phases      ] GC(8)     Total                          Min: 0, Avg:  0.0, Max: 0, Diff: 0, Sum: 0, Workers: 4
[61.619s][debug][gc,phases      ] GC(8)   StringDedup Requests0 Weak     Min: 0.00, Avg: 0.00, Max: 0.00, Diff: 0.00, Sum: 0.00, Workers: 4
[61.619s][debug][gc,phases      ] GC(8)     Dead                           Min: 0, Avg:  0.0, Max: 0, Diff: 0, Sum: 0, Workers: 4
[61.619s][debug][gc,phases      ] GC(8)     Total                          Min: 0, Avg:  0.0, Max: 0, Diff: 0, Sum: 0, Workers: 4
[61.619s][debug][gc,phases      ] GC(8)   StringDedup Requests1 Weak     Min: 0.00, Avg: 0.00, Max: 0.00, Diff: 0.00, Sum: 0.00, Workers: 4
[61.619s][debug][gc,phases      ] GC(8)     Dead                           Min: 0, Avg:  0.0, Max: 0, Diff: 0, Sum: 0, Workers: 4
[61.619s][debug][gc,phases      ] GC(8)     Total                          Min: 0, Avg:  0.0, Max: 0, Diff: 0, Sum: 0, Workers: 4
[61.619s][debug][gc,phases      ] GC(8)   Weak JFR Old Object Samples    Min: 0.00, Avg: 0.00, Max: 0.00, Diff: 0.00, Sum: 0.00, Workers: 4
[61.619s][debug][gc,phases      ] GC(8)     Dead                           Min: 0, Avg:  0.0, Max: 0, Diff: 0, Sum: 0, Workers: 4
[61.619s][debug][gc,phases      ] GC(8)     Total                          Min: 0, Avg:  0.0, Max: 0, Diff: 0, Sum: 0, Workers: 4
[61.619s][debug][gc,phases      ] GC(8) Weak Processing 0.600ms
[61.619s][debug][gc,age         ] GC(8) Desired survivor size 277348352 bytes, new threshold 6 (max threshold 15)
[61.619s][info ][gc,heap        ] GC(8) PSYoungGen: 1271072K(1572864K)->222747K(1572864K) Eden: 1048576K(1048576K)->0K(1048576K) From: 222496K(524288K)->222747K(524288K)
[61.619s][info ][gc,heap        ] GC(8) ParOldGen: 6166K(6656K)->6174K(6656K)
[61.619s][info ][gc,metaspace   ] GC(8) Metaspace: 105122K(106176K)->105122K(106176K) NonClass: 89692K(90304K)->89692K(90304K) Class: 15429K(15872K)->15429K(15872K)
[61.620s][info ][gc             ] GC(8) Pause Young (Allocation Failure) 1247M->223M(1542M) 76.656ms
[61.620s][info ][gc,cpu         ] GC(8) User=0.28s Sys=0.01s Real=0.07s
[61.620s][info ][safepoint      ] Safepoint "ParallelCollectForAllocation", Time since last: 21118904303 ns, Reaching safepoint: 5500 ns, At safepoint: 76722037 ns, Leaving safepoint: 25200 ns, Total: 76752737 ns, Threads: 0 runnable, 33 total
[83.944s][info ][gc,start       ] GC(9) Pause Young (Allocation Failure)
[84.038s][debug][gc,phases      ] GC(9) Scavenge 93.377ms
[84.038s][debug][gc,ref         ] GC(9) ReferenceProcessor::execute queues: 4, RefProcThreadModel::Multi, marks_oops_alive: false
[84.039s][debug][gc,ref         ] GC(9) ReferenceProcessor::execute queues: 4, RefProcThreadModel::Multi, marks_oops_alive: true
[84.039s][debug][gc,ref         ] GC(9) ReferenceProcessor::execute queues: 1, RefProcThreadModel::Single, marks_oops_alive: false
[84.039s][debug][gc,phases      ] GC(9) Reference Processing 1.151ms
[84.039s][debug][gc,phases      ] GC(9)   VM Weak                        Min: 0.00, Avg: 0.01, Max: 0.01, Diff: 0.01, Sum: 0.02, Workers: 4
[84.039s][debug][gc,phases      ] GC(9)     Dead                           Min: 0, Avg:  0.0, Max: 0, Diff: 0, Sum: 0, Workers: 4
[84.039s][debug][gc,phases      ] GC(9)     Total                          Min: 0, Avg: 189.5, Max: 448, Diff: 448, Sum: 758, Workers: 4
[84.039s][debug][gc,phases      ] GC(9)   ObjectSynchronizer Weak        Min: 0.00, Avg: 0.00, Max: 0.00, Diff: 0.00, Sum: 0.00, Workers: 4
[84.039s][debug][gc,phases      ] GC(9)     Dead                           Min: 0, Avg:  0.0, Max: 0, Diff: 0, Sum: 0, Workers: 4
[84.039s][debug][gc,phases      ] GC(9)     Total                          Min: 0, Avg:  1.2, Max: 5, Diff: 5, Sum: 5, Workers: 4
[84.039s][debug][gc,phases      ] GC(9)   JVMTI Tag Weak OopStorage      Min: 0.00, Avg: 0.00, Max: 0.00, Diff: 0.00, Sum: 0.00, Workers: 4
[84.039s][debug][gc,phases      ] GC(9)     Dead                           Min: 0, Avg:  0.0, Max: 0, Diff: 0, Sum: 0, Workers: 4
[84.039s][debug][gc,phases      ] GC(9)     Total                          Min: 0, Avg:  0.0, Max: 0, Diff: 0, Sum: 0, Workers: 4
[84.039s][debug][gc,phases      ] GC(9)   StringTable Weak               Min: 0.00, Avg: 0.27, Max: 0.36, Diff: 0.36, Sum: 1.08, Workers: 4
[84.039s][debug][gc,phases      ] GC(9)     Dead                           Min: 0, Avg:  0.0, Max: 0, Diff: 0, Sum: 0, Workers: 4
[84.039s][debug][gc,phases      ] GC(9)     Total                          Min: 0, Avg: 12186.8, Max: 21355, Diff: 21355, Sum: 48747, Workers: 4
[84.039s][debug][gc,phases      ] GC(9)   ResolvedMethodTable Weak       Min: 0.00, Avg: 0.09, Max: 0.12, Diff: 0.12, Sum: 0.36, Workers: 4
[84.039s][debug][gc,phases      ] GC(9)     Dead                           Min: 0, Avg:  5.2, Max: 16, Diff: 16, Sum: 21, Workers: 4
[84.039s][debug][gc,phases      ] GC(9)     Total                          Min: 0, Avg: 3868.2, Max: 6750, Diff: 6750, Sum: 15473, Workers: 4
[84.039s][debug][gc,phases      ] GC(9)   JNI Weak                       Min: 0.00, Avg: 0.00, Max: 0.00, Diff: 0.00, Sum: 0.00, Workers: 4
[84.039s][debug][gc,phases      ] GC(9)     Dead                           Min: 0, Avg:  0.0, Max: 0, Diff: 0, Sum: 0, Workers: 4
[84.039s][debug][gc,phases      ] GC(9)     Total                          Min: 0, Avg: 13.0, Max: 48, Diff: 48, Sum: 52, Workers: 4
[84.039s][debug][gc,phases      ] GC(9)   StringDedup Table Weak         Min: 0.00, Avg: 0.00, Max: 0.00, Diff: 0.00, Sum: 0.00, Workers: 4
[84.039s][debug][gc,phases      ] GC(9)     Dead                           Min: 0, Avg:  0.0, Max: 0, Diff: 0, Sum: 0, Workers: 4
[84.039s][debug][gc,phases      ] GC(9)     Total                          Min: 0, Avg:  0.0, Max: 0, Diff: 0, Sum: 0, Workers: 4
[84.039s][debug][gc,phases      ] GC(9)   StringDedup Requests0 Weak     Min: 0.00, Avg: 0.00, Max: 0.00, Diff: 0.00, Sum: 0.00, Workers: 4
[84.039s][debug][gc,phases      ] GC(9)     Dead                           Min: 0, Avg:  0.0, Max: 0, Diff: 0, Sum: 0, Workers: 4
[84.039s][debug][gc,phases      ] GC(9)     Total                          Min: 0, Avg:  0.0, Max: 0, Diff: 0, Sum: 0, Workers: 4
[84.039s][debug][gc,phases      ] GC(9)   StringDedup Requests1 Weak     Min: 0.00, Avg: 0.00, Max: 0.00, Diff: 0.00, Sum: 0.00, Workers: 4
[84.039s][debug][gc,phases      ] GC(9)     Dead                           Min: 0, Avg:  0.0, Max: 0, Diff: 0, Sum: 0, Workers: 4
[84.039s][debug][gc,phases      ] GC(9)     Total                          Min: 0, Avg:  0.0, Max: 0, Diff: 0, Sum: 0, Workers: 4
[84.039s][debug][gc,phases      ] GC(9)   Weak JFR Old Object Samples    Min: 0.00, Avg: 0.00, Max: 0.00, Diff: 0.00, Sum: 0.00, Workers: 4
[84.039s][debug][gc,phases      ] GC(9)     Dead                           Min: 0, Avg:  0.0, Max: 0, Diff: 0, Sum: 0, Workers: 4
[84.039s][debug][gc,phases      ] GC(9)     Total                          Min: 0, Avg:  0.0, Max: 0, Diff: 0, Sum: 0, Workers: 4
[84.039s][debug][gc,phases      ] GC(9) Weak Processing 0.691ms
[84.039s][debug][gc,age         ] GC(9) Desired survivor size 281542656 bytes, new threshold 5 (max threshold 15)
[84.040s][info ][gc,heap        ] GC(9) PSYoungGen: 1271323K(1572864K)->222673K(1818112K) Eden: 1048576K(1048576K)->0K(1547264K) From: 222747K(524288K)->222673K(270848K)
[84.040s][info ][gc,heap        ] GC(9) ParOldGen: 6174K(6656K)->6182K(6656K)
[84.040s][info ][gc,metaspace   ] GC(9) Metaspace: 105219K(106304K)->105219K(106304K) NonClass: 89786K(90432K)->89786K(90432K) Class: 15432K(15872K)->15432K(15872K)
[84.040s][info ][gc             ] GC(9) Pause Young (Allocation Failure) 1247M->223M(1782M) 95.367ms
[84.040s][info ][gc,cpu         ] GC(9) User=0.28s Sys=0.08s Real=0.09s
[84.040s][info ][safepoint      ] Safepoint "ParallelCollectForAllocation", Time since last: 22324557616 ns, Reaching safepoint: 6400 ns, At safepoint: 95447918 ns, Leaving safepoint: 7600 ns, Total: 95461918 ns, Threads: 0 runnable, 31 total
[122.647s][info ][gc,start       ] GC(10) Pause Young (Allocation Failure)
[122.754s][debug][gc,phases      ] GC(10) Scavenge 107.096ms
[122.754s][debug][gc,ref         ] GC(10) ReferenceProcessor::execute queues: 1, RefProcThreadModel::Single, marks_oops_alive: false
[122.754s][debug][gc,ref         ] GC(10) Skipped KeepAliveFinalRefsPhase of Reference Processing: no references
[122.754s][debug][gc,ref         ] GC(10) ReferenceProcessor::execute queues: 1, RefProcThreadModel::Single, marks_oops_alive: false
[122.754s][debug][gc,phases      ] GC(10) Reference Processing 0.124ms
[122.754s][debug][gc,phases      ] GC(10)   VM Weak                        Min: 0.00, Avg: 0.01, Max: 0.01, Diff: 0.01, Sum: 0.02, Workers: 4
[122.754s][debug][gc,phases      ] GC(10)     Dead                           Min: 0, Avg:  0.0, Max: 0, Diff: 0, Sum: 0, Workers: 4
[122.754s][debug][gc,phases      ] GC(10)     Total                          Min: 64, Avg: 189.8, Max: 448, Diff: 384, Sum: 759, Workers: 4
[122.754s][debug][gc,phases      ] GC(10)   ObjectSynchronizer Weak        Min: 0.00, Avg: 0.00, Max: 0.00, Diff: 0.00, Sum: 0.00, Workers: 4
[122.754s][debug][gc,phases      ] GC(10)     Dead                           Min: 0, Avg:  0.0, Max: 0, Diff: 0, Sum: 0, Workers: 4
[122.754s][debug][gc,phases      ] GC(10)     Total                          Min: 0, Avg:  1.2, Max: 5, Diff: 5, Sum: 5, Workers: 4
[122.754s][debug][gc,phases      ] GC(10)   JVMTI Tag Weak OopStorage      Min: 0.00, Avg: 0.00, Max: 0.00, Diff: 0.00, Sum: 0.00, Workers: 4
[122.754s][debug][gc,phases      ] GC(10)     Dead                           Min: 0, Avg:  0.0, Max: 0, Diff: 0, Sum: 0, Workers: 4
[122.754s][debug][gc,phases      ] GC(10)     Total                          Min: 0, Avg:  0.0, Max: 0, Diff: 0, Sum: 0, Workers: 4
[122.754s][debug][gc,phases      ] GC(10)   StringTable Weak               Min: 0.32, Avg: 0.32, Max: 0.32, Diff: 0.00, Sum: 1.27, Workers: 4
[122.755s][debug][gc,phases      ] GC(10)     Dead                           Min: 0, Avg:  0.2, Max: 1, Diff: 1, Sum: 1, Workers: 4
[122.755s][debug][gc,phases      ] GC(10)     Total                          Min: 11968, Avg: 12201.0, Max: 12287, Diff: 319, Sum: 48804, Workers: 4
[122.755s][debug][gc,phases      ] GC(10)   ResolvedMethodTable Weak       Min: 0.11, Avg: 0.11, Max: 0.11, Diff: 0.00, Sum: 0.44, Workers: 4
[122.755s][debug][gc,phases      ] GC(10)     Dead                           Min: 0, Avg:  5.8, Max: 11, Diff: 11, Sum: 23, Workers: 4
[122.755s][debug][gc,phases      ] GC(10)     Total                          Min: 3822, Avg: 3871.8, Max: 3928, Diff: 106, Sum: 15487, Workers: 4
[122.755s][debug][gc,phases      ] GC(10)   JNI Weak                       Min: 0.00, Avg: 0.00, Max: 0.00, Diff: 0.00, Sum: 0.00, Workers: 4
[122.755s][debug][gc,phases      ] GC(10)     Dead                           Min: 0, Avg:  0.0, Max: 0, Diff: 0, Sum: 0, Workers: 4
[122.755s][debug][gc,phases      ] GC(10)     Total                          Min: 0, Avg: 13.0, Max: 48, Diff: 48, Sum: 52, Workers: 4
[122.755s][debug][gc,phases      ] GC(10)   StringDedup Table Weak         Min: 0.00, Avg: 0.00, Max: 0.00, Diff: 0.00, Sum: 0.00, Workers: 4
[122.755s][debug][gc,phases      ] GC(10)     Dead                           Min: 0, Avg:  0.0, Max: 0, Diff: 0, Sum: 0, Workers: 4
[122.755s][debug][gc,phases      ] GC(10)     Total                          Min: 0, Avg:  0.0, Max: 0, Diff: 0, Sum: 0, Workers: 4
[122.755s][debug][gc,phases      ] GC(10)   StringDedup Requests0 Weak     Min: 0.00, Avg: 0.00, Max: 0.00, Diff: 0.00, Sum: 0.00, Workers: 4
[122.755s][debug][gc,phases      ] GC(10)     Dead                           Min: 0, Avg:  0.0, Max: 0, Diff: 0, Sum: 0, Workers: 4
[122.755s][debug][gc,phases      ] GC(10)     Total                          Min: 0, Avg:  0.0, Max: 0, Diff: 0, Sum: 0, Workers: 4
[122.755s][debug][gc,phases      ] GC(10)   StringDedup Requests1 Weak     Min: 0.00, Avg: 0.00, Max: 0.00, Diff: 0.00, Sum: 0.00, Workers: 4
[122.755s][debug][gc,phases      ] GC(10)     Dead                           Min: 0, Avg:  0.0, Max: 0, Diff: 0, Sum: 0, Workers: 4
[122.755s][debug][gc,phases      ] GC(10)     Total                          Min: 0, Avg:  0.0, Max: 0, Diff: 0, Sum: 0, Workers: 4
[122.755s][debug][gc,phases      ] GC(10)   Weak JFR Old Object Samples    Min: 0.00, Avg: 0.00, Max: 0.00, Diff: 0.00, Sum: 0.00, Workers: 4
[122.755s][debug][gc,phases      ] GC(10)     Dead                           Min: 0, Avg:  0.0, Max: 0, Diff: 0, Sum: 0, Workers: 4
[122.755s][debug][gc,phases      ] GC(10)     Total                          Min: 0, Avg:  0.0, Max: 0, Diff: 0, Sum: 0, Workers: 4
[122.755s][debug][gc,phases      ] GC(10) Weak Processing 0.647ms
[122.755s][debug][gc,age         ] GC(10) Desired survivor size 306708480 bytes, new threshold 4 (max threshold 15)
[122.755s][info ][gc,heap        ] GC(10) PSYoungGen: 1769937K(1818112K)->38128K(1585664K) Eden: 1547264K(1547264K)->0K(1547264K) From: 222673K(270848K)->38128K(38400K)
[122.755s][info ][gc,heap        ] GC(10) ParOldGen: 6182K(6656K)->194627K(195072K)
[122.755s][info ][gc,metaspace   ] GC(10) Metaspace: 105356K(106368K)->105356K(106368K) NonClass: 89917K(90496K)->89917K(90496K) Class: 15438K(15872K)->15438K(15872K)
[122.755s][info ][gc             ] GC(10) Pause Young (Allocation Failure) 1734M->227M(1739M) 107.992ms
[122.755s][info ][gc,cpu         ] GC(10) User=0.31s Sys=0.10s Real=0.11s
[122.755s][info ][safepoint      ] Safepoint "ParallelCollectForAllocation", Time since last: 38607045025 ns, Reaching safepoint: 5800 ns, At safepoint: 108052474 ns, Leaving safepoint: 8900 ns, Total: 108067174 ns, Threads: 0 runnable, 27 total
[159.496s][info ][gc,start       ] GC(11) Pause Young (Allocation Failure)
[159.513s][debug][gc,phases      ] GC(11) Scavenge 17.563ms
[159.514s][debug][gc,ref         ] GC(11) ReferenceProcessor::execute queues: 1, RefProcThreadModel::Single, marks_oops_alive: false
[159.514s][debug][gc,ref         ] GC(11) Skipped KeepAliveFinalRefsPhase of Reference Processing: no references
[159.514s][debug][gc,ref         ] GC(11) Skipped PhantomRefsPhase of Reference Processing: no references
[159.514s][debug][gc,phases      ] GC(11) Reference Processing 0.135ms
[159.514s][debug][gc,phases      ] GC(11)   VM Weak                        Min: 0.00, Avg: 0.00, Max: 0.00, Diff: 0.00, Sum: 0.01, Workers: 4
[159.514s][debug][gc,phases      ] GC(11)     Dead                           Min: 0, Avg:  0.0, Max: 0, Diff: 0, Sum: 0, Workers: 4
[159.514s][debug][gc,phases      ] GC(11)     Total                          Min: 0, Avg: 189.8, Max: 439, Diff: 439, Sum: 759, Workers: 4
[159.514s][debug][gc,phases      ] GC(11)   ObjectSynchronizer Weak        Min: 0.00, Avg: 0.00, Max: 0.00, Diff: 0.00, Sum: 0.00, Workers: 4
[159.514s][debug][gc,phases      ] GC(11)     Dead                           Min: 0, Avg:  0.0, Max: 0, Diff: 0, Sum: 0, Workers: 4
[159.514s][debug][gc,phases      ] GC(11)     Total                          Min: 0, Avg:  1.2, Max: 5, Diff: 5, Sum: 5, Workers: 4
[159.514s][debug][gc,phases      ] GC(11)   JVMTI Tag Weak OopStorage      Min: 0.00, Avg: 0.00, Max: 0.00, Diff: 0.00, Sum: 0.00, Workers: 4
[159.514s][debug][gc,phases      ] GC(11)     Dead                           Min: 0, Avg:  0.0, Max: 0, Diff: 0, Sum: 0, Workers: 4
[159.514s][debug][gc,phases      ] GC(11)     Total                          Min: 0, Avg:  0.0, Max: 0, Diff: 0, Sum: 0, Workers: 4
[159.514s][debug][gc,phases      ] GC(11)   StringTable Weak               Min: 0.10, Avg: 0.11, Max: 0.11, Diff: 0.01, Sum: 0.43, Workers: 4
[159.514s][debug][gc,phases      ] GC(11)     Dead                           Min: 0, Avg:  0.2, Max: 1, Diff: 1, Sum: 1, Workers: 4
[159.514s][debug][gc,phases      ] GC(11)     Total                          Min: 11648, Avg: 12219.5, Max: 13486, Diff: 1838, Sum: 48878, Workers: 4
[159.514s][debug][gc,phases      ] GC(11)   ResolvedMethodTable Weak       Min: 0.04, Avg: 0.04, Max: 0.04, Diff: 0.00, Sum: 0.16, Workers: 4
[159.514s][debug][gc,phases      ] GC(11)     Dead                           Min: 0, Avg:  6.0, Max: 18, Diff: 18, Sum: 24, Workers: 4
[159.514s][debug][gc,phases      ] GC(11)     Total                          Min: 3625, Avg: 3875.0, Max: 4279, Diff: 654, Sum: 15500, Workers: 4
[159.514s][debug][gc,phases      ] GC(11)   JNI Weak                       Min: 0.00, Avg: 0.00, Max: 0.00, Diff: 0.00, Sum: 0.00, Workers: 4
[159.514s][debug][gc,phases      ] GC(11)     Dead                           Min: 0, Avg:  0.0, Max: 0, Diff: 0, Sum: 0, Workers: 4
[159.514s][debug][gc,phases      ] GC(11)     Total                          Min: 0, Avg: 13.0, Max: 48, Diff: 48, Sum: 52, Workers: 4
[159.514s][debug][gc,phases      ] GC(11)   StringDedup Table Weak         Min: 0.00, Avg: 0.00, Max: 0.00, Diff: 0.00, Sum: 0.00, Workers: 4
[159.514s][debug][gc,phases      ] GC(11)     Dead                           Min: 0, Avg:  0.0, Max: 0, Diff: 0, Sum: 0, Workers: 4
[159.514s][debug][gc,phases      ] GC(11)     Total                          Min: 0, Avg:  0.0, Max: 0, Diff: 0, Sum: 0, Workers: 4
[159.514s][debug][gc,phases      ] GC(11)   StringDedup Requests0 Weak     Min: 0.00, Avg: 0.00, Max: 0.00, Diff: 0.00, Sum: 0.00, Workers: 4
[159.514s][debug][gc,phases      ] GC(11)     Dead                           Min: 0, Avg:  0.0, Max: 0, Diff: 0, Sum: 0, Workers: 4
[159.514s][debug][gc,phases      ] GC(11)     Total                          Min: 0, Avg:  0.0, Max: 0, Diff: 0, Sum: 0, Workers: 4
[159.514s][debug][gc,phases      ] GC(11)   StringDedup Requests1 Weak     Min: 0.00, Avg: 0.00, Max: 0.00, Diff: 0.00, Sum: 0.00, Workers: 4
[159.514s][debug][gc,phases      ] GC(11)     Dead                           Min: 0, Avg:  0.0, Max: 0, Diff: 0, Sum: 0, Workers: 4
[159.514s][debug][gc,phases      ] GC(11)     Total                          Min: 0, Avg:  0.0, Max: 0, Diff: 0, Sum: 0, Workers: 4
[159.514s][debug][gc,phases      ] GC(11)   Weak JFR Old Object Samples    Min: 0.00, Avg: 0.00, Max: 0.00, Diff: 0.00, Sum: 0.00, Workers: 4
[159.514s][debug][gc,phases      ] GC(11)     Dead                           Min: 0, Avg:  0.0, Max: 0, Diff: 0, Sum: 0, Workers: 4
[159.514s][debug][gc,phases      ] GC(11)     Total                          Min: 0, Avg:  0.0, Max: 0, Diff: 0, Sum: 0, Workers: 4
[159.514s][debug][gc,phases      ] GC(11) Weak Processing 0.316ms
[159.514s][debug][gc,age         ] GC(11) Desired survivor size 326631424 bytes, new threshold 3 (max threshold 15)
[159.514s][info ][gc,heap        ] GC(11) PSYoungGen: 1585392K(1585664K)->2544K(1758720K) Eden: 1547264K(1547264K)->0K(1459200K) From: 38128K(38400K)->2544K(299520K)
[159.514s][info ][gc,heap        ] GC(11) ParOldGen: 194627K(195072K)->232961K(233472K)
[159.514s][info ][gc,metaspace   ] GC(11) Metaspace: 105478K(106560K)->105478K(106560K) NonClass: 90032K(90688K)->90032K(90688K) Class: 15446K(15872K)->15446K(15872K)
[159.514s][info ][gc             ] GC(11) Pause Young (Allocation Failure) 1738M->229M(1945M) 18.138ms
[159.514s][info ][gc,cpu         ] GC(11) User=0.05s Sys=0.02s Real=0.02s
[159.514s][info ][safepoint      ] Safepoint "ParallelCollectForAllocation", Time since last: 36741114586 ns, Reaching safepoint: 5500 ns, At safepoint: 18198490 ns, Leaving safepoint: 1700 ns, Total: 18205690 ns, Threads: 0 runnable, 28 total
[195.995s][info ][gc,start       ] GC(12) Pause Young (Allocation Failure)
[195.996s][debug][gc,phases      ] GC(12) Scavenge 1.656ms
[195.997s][debug][gc,ref         ] GC(12) ReferenceProcessor::execute queues: 1, RefProcThreadModel::Single, marks_oops_alive: false
[195.997s][debug][gc,ref         ] GC(12) Skipped KeepAliveFinalRefsPhase of Reference Processing: no references
[195.997s][debug][gc,ref         ] GC(12) Skipped PhantomRefsPhase of Reference Processing: no references
[195.997s][debug][gc,phases      ] GC(12) Reference Processing 0.093ms
[195.997s][debug][gc,phases      ] GC(12)   VM Weak                        Min: 0.00, Avg: 0.00, Max: 0.01, Diff: 0.01, Sum: 0.01, Workers: 4
[195.997s][debug][gc,phases      ] GC(12)     Dead                           Min: 0, Avg:  0.0, Max: 0, Diff: 0, Sum: 0, Workers: 4
[195.997s][debug][gc,phases      ] GC(12)     Total                          Min: 0, Avg: 189.8, Max: 695, Diff: 695, Sum: 759, Workers: 4
[195.997s][debug][gc,phases      ] GC(12)   ObjectSynchronizer Weak        Min: 0.00, Avg: 0.00, Max: 0.00, Diff: 0.00, Sum: 0.00, Workers: 4
[195.997s][debug][gc,phases      ] GC(12)     Dead                           Min: 0, Avg:  0.0, Max: 0, Diff: 0, Sum: 0, Workers: 4
[195.997s][debug][gc,phases      ] GC(12)     Total                          Min: 0, Avg:  1.2, Max: 5, Diff: 5, Sum: 5, Workers: 4
[195.997s][debug][gc,phases      ] GC(12)   JVMTI Tag Weak OopStorage      Min: 0.00, Avg: 0.00, Max: 0.00, Diff: 0.00, Sum: 0.00, Workers: 4
[195.997s][debug][gc,phases      ] GC(12)     Dead                           Min: 0, Avg:  0.0, Max: 0, Diff: 0, Sum: 0, Workers: 4
[195.997s][debug][gc,phases      ] GC(12)     Total                          Min: 0, Avg:  0.0, Max: 0, Diff: 0, Sum: 0, Workers: 4
[195.997s][debug][gc,phases      ] GC(12)   StringTable Weak               Min: 0.11, Avg: 0.11, Max: 0.11, Diff: 0.01, Sum: 0.44, Workers: 4
[195.997s][debug][gc,phases      ] GC(12)     Dead                           Min: 0, Avg:  0.0, Max: 0, Diff: 0, Sum: 0, Workers: 4
[195.997s][debug][gc,phases      ] GC(12)     Total                          Min: 11776, Avg: 12224.0, Max: 12736, Diff: 960, Sum: 48896, Workers: 4
[195.997s][debug][gc,phases      ] GC(12)   ResolvedMethodTable Weak       Min: 0.04, Avg: 0.04, Max: 0.04, Diff: 0.00, Sum: 0.15, Workers: 4
[195.997s][debug][gc,phases      ] GC(12)     Dead                           Min: 0, Avg:  5.0, Max: 20, Diff: 20, Sum: 20, Workers: 4
[195.997s][debug][gc,phases      ] GC(12)     Total                          Min: 3771, Avg: 3875.0, Max: 4044, Diff: 273, Sum: 15500, Workers: 4
[195.997s][debug][gc,phases      ] GC(12)   JNI Weak                       Min: 0.00, Avg: 0.00, Max: 0.00, Diff: 0.00, Sum: 0.00, Workers: 4
[195.997s][debug][gc,phases      ] GC(12)     Dead                           Min: 0, Avg:  0.0, Max: 0, Diff: 0, Sum: 0, Workers: 4
[195.997s][debug][gc,phases      ] GC(12)     Total                          Min: 0, Avg: 13.0, Max: 48, Diff: 48, Sum: 52, Workers: 4
[195.997s][debug][gc,phases      ] GC(12)   StringDedup Table Weak         Min: 0.00, Avg: 0.00, Max: 0.00, Diff: 0.00, Sum: 0.00, Workers: 4
[195.997s][debug][gc,phases      ] GC(12)     Dead                           Min: 0, Avg:  0.0, Max: 0, Diff: 0, Sum: 0, Workers: 4
[195.997s][debug][gc,phases      ] GC(12)     Total                          Min: 0, Avg:  0.0, Max: 0, Diff: 0, Sum: 0, Workers: 4
[195.997s][debug][gc,phases      ] GC(12)   StringDedup Requests0 Weak     Min: 0.00, Avg: 0.00, Max: 0.00, Diff: 0.00, Sum: 0.00, Workers: 4
[195.997s][debug][gc,phases      ] GC(12)     Dead                           Min: 0, Avg:  0.0, Max: 0, Diff: 0, Sum: 0, Workers: 4
[195.997s][debug][gc,phases      ] GC(12)     Total                          Min: 0, Avg:  0.0, Max: 0, Diff: 0, Sum: 0, Workers: 4
[195.997s][debug][gc,phases      ] GC(12)   StringDedup Requests1 Weak     Min: 0.00, Avg: 0.00, Max: 0.00, Diff: 0.00, Sum: 0.00, Workers: 4
[195.997s][debug][gc,phases      ] GC(12)     Dead                           Min: 0, Avg:  0.0, Max: 0, Diff: 0, Sum: 0, Workers: 4
[195.997s][debug][gc,phases      ] GC(12)     Total                          Min: 0, Avg:  0.0, Max: 0, Diff: 0, Sum: 0, Workers: 4
[195.997s][debug][gc,phases      ] GC(12)   Weak JFR Old Object Samples    Min: 0.00, Avg: 0.00, Max: 0.00, Diff: 0.00, Sum: 0.00, Workers: 4
[195.997s][debug][gc,phases      ] GC(12)     Dead                           Min: 0, Avg:  0.0, Max: 0, Diff: 0, Sum: 0, Workers: 4
[195.997s][debug][gc,phases      ] GC(12)     Total                          Min: 0, Avg:  0.0, Max: 0, Diff: 0, Sum: 0, Workers: 4
[195.997s][debug][gc,phases      ] GC(12) Weak Processing 0.359ms
[195.997s][debug][gc,age         ] GC(12) Desired survivor size 337117184 bytes, new threshold 2 (max threshold 15)
[195.997s][info ][gc,heap        ] GC(12) PSYoungGen: 1461744K(1758720K)->2000K(1461248K) Eden: 1459200K(1459200K)->0K(1459200K) From: 2544K(299520K)->2000K(2048K)
[195.997s][info ][gc,heap        ] GC(12) ParOldGen: 232961K(233472K)->233557K(233984K)
[195.997s][info ][gc,metaspace   ] GC(12) Metaspace: 105548K(106624K)->105548K(106624K) NonClass: 90101K(90752K)->90101K(90752K) Class: 15447K(15872K)->15447K(15872K)
[195.997s][info ][gc             ] GC(12) Pause Young (Allocation Failure) 1654M->230M(1655M) 2.203ms
[195.997s][info ][gc,cpu         ] GC(12) User=0.00s Sys=0.00s Real=0.00s
[195.997s][info ][safepoint      ] Safepoint "ParallelCollectForAllocation", Time since last: 36480645242 ns, Reaching safepoint: 30700 ns, At safepoint: 2260884 ns, Leaving safepoint: 2000 ns, Total: 2293584 ns, Threads: 0 runnable, 28 total
[231.697s][info ][gc,start       ] GC(13) Pause Young (Allocation Failure)
[231.699s][debug][gc,phases      ] GC(13) Scavenge 1.844ms
[231.699s][debug][gc,ref         ] GC(13) ReferenceProcessor::execute queues: 1, RefProcThreadModel::Single, marks_oops_alive: false
[231.699s][debug][gc,ref         ] GC(13) Skipped KeepAliveFinalRefsPhase of Reference Processing: no references
[231.699s][debug][gc,ref         ] GC(13) Skipped PhantomRefsPhase of Reference Processing: no references
[231.699s][debug][gc,phases      ] GC(13) Reference Processing 0.095ms
[231.700s][debug][gc,phases      ] GC(13)   VM Weak                        Min: 0.00, Avg: 0.00, Max: 0.01, Diff: 0.01, Sum: 0.01, Workers: 4
[231.700s][debug][gc,phases      ] GC(13)     Dead                           Min: 0, Avg:  0.0, Max: 0, Diff: 0, Sum: 0, Workers: 4
[231.700s][debug][gc,phases      ] GC(13)     Total                          Min: 0, Avg: 189.8, Max: 759, Diff: 759, Sum: 759, Workers: 4
[231.700s][debug][gc,phases      ] GC(13)   ObjectSynchronizer Weak        Min: 0.00, Avg: 0.00, Max: 0.00, Diff: 0.00, Sum: 0.00, Workers: 4
[231.700s][debug][gc,phases      ] GC(13)     Dead                           Min: 0, Avg:  0.0, Max: 0, Diff: 0, Sum: 0, Workers: 4
[231.700s][debug][gc,phases      ] GC(13)     Total                          Min: 0, Avg:  1.2, Max: 5, Diff: 5, Sum: 5, Workers: 4
[231.700s][debug][gc,phases      ] GC(13)   JVMTI Tag Weak OopStorage      Min: 0.00, Avg: 0.00, Max: 0.00, Diff: 0.00, Sum: 0.00, Workers: 4
[231.700s][debug][gc,phases      ] GC(13)     Dead                           Min: 0, Avg:  0.0, Max: 0, Diff: 0, Sum: 0, Workers: 4
[231.700s][debug][gc,phases      ] GC(13)     Total                          Min: 0, Avg:  0.0, Max: 0, Diff: 0, Sum: 0, Workers: 4
[231.700s][debug][gc,phases      ] GC(13)   StringTable Weak               Min: 0.00, Avg: 0.09, Max: 0.12, Diff: 0.12, Sum: 0.37, Workers: 4
[231.700s][debug][gc,phases      ] GC(13)     Dead                           Min: 0, Avg:  0.2, Max: 1, Diff: 1, Sum: 1, Workers: 4
[231.700s][debug][gc,phases      ] GC(13)     Total                          Min: 0, Avg: 12231.5, Max: 21150, Diff: 21150, Sum: 48926, Workers: 4
[231.700s][debug][gc,phases      ] GC(13)   ResolvedMethodTable Weak       Min: 0.00, Avg: 0.03, Max: 0.04, Diff: 0.04, Sum: 0.13, Workers: 4
[231.700s][debug][gc,phases      ] GC(13)     Dead                           Min: 0, Avg:  5.8, Max: 23, Diff: 23, Sum: 23, Workers: 4
[231.700s][debug][gc,phases      ] GC(13)     Total                          Min: 0, Avg: 3878.0, Max: 6398, Diff: 6398, Sum: 15512, Workers: 4
[231.700s][debug][gc,phases      ] GC(13)   JNI Weak                       Min: 0.00, Avg: 0.00, Max: 0.00, Diff: 0.00, Sum: 0.00, Workers: 4
[231.700s][debug][gc,phases      ] GC(13)     Dead                           Min: 0, Avg:  0.0, Max: 0, Diff: 0, Sum: 0, Workers: 4
[231.700s][debug][gc,phases      ] GC(13)     Total                          Min: 0, Avg: 13.0, Max: 48, Diff: 48, Sum: 52, Workers: 4
[231.700s][debug][gc,phases      ] GC(13)   StringDedup Table Weak         Min: 0.00, Avg: 0.00, Max: 0.00, Diff: 0.00, Sum: 0.00, Workers: 4
[231.700s][debug][gc,phases      ] GC(13)     Dead                           Min: 0, Avg:  0.0, Max: 0, Diff: 0, Sum: 0, Workers: 4
[231.700s][debug][gc,phases      ] GC(13)     Total                          Min: 0, Avg:  0.0, Max: 0, Diff: 0, Sum: 0, Workers: 4
[231.700s][debug][gc,phases      ] GC(13)   StringDedup Requests0 Weak     Min: 0.00, Avg: 0.00, Max: 0.00, Diff: 0.00, Sum: 0.00, Workers: 4
[231.700s][debug][gc,phases      ] GC(13)     Dead                           Min: 0, Avg:  0.0, Max: 0, Diff: 0, Sum: 0, Workers: 4
[231.700s][debug][gc,phases      ] GC(13)     Total                          Min: 0, Avg:  0.0, Max: 0, Diff: 0, Sum: 0, Workers: 4
[231.700s][debug][gc,phases      ] GC(13)   StringDedup Requests1 Weak     Min: 0.00, Avg: 0.00, Max: 0.00, Diff: 0.00, Sum: 0.00, Workers: 4
[231.700s][debug][gc,phases      ] GC(13)     Dead                           Min: 0, Avg:  0.0, Max: 0, Diff: 0, Sum: 0, Workers: 4
[231.700s][debug][gc,phases      ] GC(13)     Total                          Min: 0, Avg:  0.0, Max: 0, Diff: 0, Sum: 0, Workers: 4
[231.700s][debug][gc,phases      ] GC(13)   Weak JFR Old Object Samples    Min: 0.00, Avg: 0.00, Max: 0.00, Diff: 0.00, Sum: 0.00, Workers: 4
[231.700s][debug][gc,phases      ] GC(13)     Dead                           Min: 0, Avg:  0.0, Max: 0, Diff: 0, Sum: 0, Workers: 4
[231.700s][debug][gc,phases      ] GC(13)     Total                          Min: 0, Avg:  0.0, Max: 0, Diff: 0, Sum: 0, Workers: 4
[231.700s][debug][gc,phases      ] GC(13) Weak Processing 0.374ms
[231.700s][debug][gc,age         ] GC(13) Desired survivor size 341311488 bytes, new threshold 1 (max threshold 15)
[231.700s][info ][gc,heap        ] GC(13) PSYoungGen: 1461200K(1461248K)->1808K(1759744K) Eden: 1459200K(1459200K)->0K(1430528K) From: 2000K(2048K)->1808K(329216K)
[231.700s][info ][gc,heap        ] GC(13) ParOldGen: 233557K(233984K)->234038K(234496K)
[231.700s][info ][gc,metaspace   ] GC(13) Metaspace: 105610K(106624K)->105610K(106624K) NonClass: 90159K(90752K)->90159K(90752K) Class: 15451K(15872K)->15451K(15872K)
[231.700s][info ][gc             ] GC(13) Pause Young (Allocation Failure) 1655M->230M(1947M) 2.405ms
[231.700s][info ][gc,cpu         ] GC(13) User=0.00s Sys=0.01s Real=0.01s
[231.700s][info ][safepoint      ] Safepoint "ParallelCollectForAllocation", Time since last: 35700301321 ns, Reaching safepoint: 28400 ns, At safepoint: 2458885 ns, Leaving safepoint: 1900 ns, Total: 2489185 ns, Threads: 0 runnable, 27 total
[266.244s][info ][gc,start       ] GC(14) Pause Young (Allocation Failure)
[266.246s][debug][gc,phases      ] GC(14) Scavenge 1.823ms
[266.246s][debug][gc,ref         ] GC(14) ReferenceProcessor::execute queues: 1, RefProcThreadModel::Single, marks_oops_alive: false
[266.246s][debug][gc,ref         ] GC(14) Skipped KeepAliveFinalRefsPhase of Reference Processing: no references
[266.246s][debug][gc,ref         ] GC(14) Skipped PhantomRefsPhase of Reference Processing: no references
[266.246s][debug][gc,phases      ] GC(14) Reference Processing 0.106ms
[266.246s][debug][gc,phases      ] GC(14)   VM Weak                        Min: 0.00, Avg: 0.00, Max: 0.01, Diff: 0.01, Sum: 0.01, Workers: 4
[266.246s][debug][gc,phases      ] GC(14)     Dead                           Min: 0, Avg:  0.0, Max: 0, Diff: 0, Sum: 0, Workers: 4
[266.246s][debug][gc,phases      ] GC(14)     Total                          Min: 0, Avg: 195.5, Max: 768, Diff: 768, Sum: 782, Workers: 4
[266.246s][debug][gc,phases      ] GC(14)   ObjectSynchronizer Weak        Min: 0.00, Avg: 0.00, Max: 0.00, Diff: 0.00, Sum: 0.00, Workers: 4
[266.246s][debug][gc,phases      ] GC(14)     Dead                           Min: 0, Avg:  0.0, Max: 0, Diff: 0, Sum: 0, Workers: 4
[266.246s][debug][gc,phases      ] GC(14)     Total                          Min: 0, Avg:  1.2, Max: 5, Diff: 5, Sum: 5, Workers: 4
[266.246s][debug][gc,phases      ] GC(14)   JVMTI Tag Weak OopStorage      Min: 0.00, Avg: 0.00, Max: 0.00, Diff: 0.00, Sum: 0.00, Workers: 4
[266.246s][debug][gc,phases      ] GC(14)     Dead                           Min: 0, Avg:  0.0, Max: 0, Diff: 0, Sum: 0, Workers: 4
[266.246s][debug][gc,phases      ] GC(14)     Total                          Min: 0, Avg:  0.0, Max: 0, Diff: 0, Sum: 0, Workers: 4
[266.246s][debug][gc,phases      ] GC(14)   StringTable Weak               Min: 0.00, Avg: 0.09, Max: 0.13, Diff: 0.13, Sum: 0.38, Workers: 4
[266.246s][debug][gc,phases      ] GC(14)     Dead                           Min: 0, Avg:  0.8, Max: 2, Diff: 2, Sum: 3, Workers: 4
[266.246s][debug][gc,phases      ] GC(14)     Total                          Min: 0, Avg: 12257.5, Max: 19392, Diff: 19392, Sum: 49030, Workers: 4
[266.246s][debug][gc,phases      ] GC(14)   ResolvedMethodTable Weak       Min: 0.00, Avg: 0.03, Max: 0.04, Diff: 0.04, Sum: 0.13, Workers: 4
[266.246s][debug][gc,phases      ] GC(14)     Dead                           Min: 0, Avg:  9.5, Max: 34, Diff: 34, Sum: 38, Workers: 4
[266.246s][debug][gc,phases      ] GC(14)     Total                          Min: 0, Avg: 3907.0, Max: 6212, Diff: 6212, Sum: 15628, Workers: 4
[266.246s][debug][gc,phases      ] GC(14)   JNI Weak                       Min: 0.00, Avg: 0.00, Max: 0.00, Diff: 0.00, Sum: 0.00, Workers: 4
[266.246s][debug][gc,phases      ] GC(14)     Dead                           Min: 0, Avg:  0.0, Max: 0, Diff: 0, Sum: 0, Workers: 4
[266.246s][debug][gc,phases      ] GC(14)     Total                          Min: 0, Avg: 13.0, Max: 48, Diff: 48, Sum: 52, Workers: 4
[266.246s][debug][gc,phases      ] GC(14)   StringDedup Table Weak         Min: 0.00, Avg: 0.00, Max: 0.00, Diff: 0.00, Sum: 0.00, Workers: 4
[266.246s][debug][gc,phases      ] GC(14)     Dead                           Min: 0, Avg:  0.0, Max: 0, Diff: 0, Sum: 0, Workers: 4
[266.246s][debug][gc,phases      ] GC(14)     Total                          Min: 0, Avg:  0.0, Max: 0, Diff: 0, Sum: 0, Workers: 4
[266.246s][debug][gc,phases      ] GC(14)   StringDedup Requests0 Weak     Min: 0.00, Avg: 0.00, Max: 0.00, Diff: 0.00, Sum: 0.00, Workers: 4
[266.246s][debug][gc,phases      ] GC(14)     Dead                           Min: 0, Avg:  0.0, Max: 0, Diff: 0, Sum: 0, Workers: 4
[266.246s][debug][gc,phases      ] GC(14)     Total                          Min: 0, Avg:  0.0, Max: 0, Diff: 0, Sum: 0, Workers: 4
[266.246s][debug][gc,phases      ] GC(14)   StringDedup Requests1 Weak     Min: 0.00, Avg: 0.00, Max: 0.00, Diff: 0.00, Sum: 0.00, Workers: 4
[266.246s][debug][gc,phases      ] GC(14)     Dead                           Min: 0, Avg:  0.0, Max: 0, Diff: 0, Sum: 0, Workers: 4
[266.246s][debug][gc,phases      ] GC(14)     Total                          Min: 0, Avg:  0.0, Max: 0, Diff: 0, Sum: 0, Workers: 4
[266.246s][debug][gc,phases      ] GC(14)   Weak JFR Old Object Samples    Min: 0.00, Avg: 0.00, Max: 0.00, Diff: 0.00, Sum: 0.00, Workers: 4
[266.246s][debug][gc,phases      ] GC(14)     Dead                           Min: 0, Avg:  0.0, Max: 0, Diff: 0, Sum: 0, Workers: 4
[266.246s][debug][gc,phases      ] GC(14)     Total                          Min: 0, Avg:  0.0, Max: 0, Diff: 0, Sum: 0, Workers: 4
[266.246s][debug][gc,phases      ] GC(14) Weak Processing 0.344ms
[266.246s][debug][gc,age         ] GC(14) Desired survivor size 341311488 bytes, new threshold 1 (max threshold 15)
[266.246s][info ][gc,heap        ] GC(14) PSYoungGen: 1432336K(1759744K)->2080K(1763840K) Eden: 1430528K(1430528K)->0K(1430528K) From: 1808K(329216K)->2080K(333312K)
[266.246s][info ][gc,heap        ] GC(14) ParOldGen: 234038K(234496K)->234302K(234496K)
[266.246s][info ][gc,metaspace   ] GC(14) Metaspace: 105891K(107008K)->105891K(107008K) NonClass: 90401K(91072K)->90401K(91072K) Class: 15489K(15936K)->15489K(15936K)
[266.246s][info ][gc             ] GC(14) Pause Young (Allocation Failure) 1627M->230M(1951M) 2.380ms
[266.246s][info ][gc,cpu         ] GC(14) User=0.01s Sys=0.00s Real=0.00s
[266.246s][info ][safepoint      ] Safepoint "ParallelCollectForAllocation", Time since last: 34543963933 ns, Reaching safepoint: 30700 ns, At safepoint: 2439587 ns, Leaving safepoint: 2200 ns, Total: 2472487 ns, Threads: 0 runnable, 27 total
[300.846s][info ][gc,start       ] GC(15) Pause Young (Allocation Failure)
[300.848s][debug][gc,phases      ] GC(15) Scavenge 1.596ms
[300.848s][debug][gc,ref         ] GC(15) ReferenceProcessor::execute queues: 1, RefProcThreadModel::Single, marks_oops_alive: false
[300.848s][debug][gc,ref         ] GC(15) Skipped KeepAliveFinalRefsPhase of Reference Processing: no references
[300.848s][debug][gc,ref         ] GC(15) Skipped PhantomRefsPhase of Reference Processing: no references
[300.848s][debug][gc,phases      ] GC(15) Reference Processing 0.088ms
[300.848s][debug][gc,phases      ] GC(15)   VM Weak                        Min: 0.00, Avg: 0.00, Max: 0.01, Diff: 0.01, Sum: 0.01, Workers: 4
[300.848s][debug][gc,phases      ] GC(15)     Dead                           Min: 0, Avg:  0.0, Max: 0, Diff: 0, Sum: 0, Workers: 4
[300.848s][debug][gc,phases      ] GC(15)     Total                          Min: 0, Avg: 195.5, Max: 590, Diff: 590, Sum: 782, Workers: 4
[300.848s][debug][gc,phases      ] GC(15)   ObjectSynchronizer Weak        Min: 0.00, Avg: 0.00, Max: 0.00, Diff: 0.00, Sum: 0.00, Workers: 4
[300.848s][debug][gc,phases      ] GC(15)     Dead                           Min: 0, Avg:  0.0, Max: 0, Diff: 0, Sum: 0, Workers: 4
[300.848s][debug][gc,phases      ] GC(15)     Total                          Min: 0, Avg:  1.2, Max: 5, Diff: 5, Sum: 5, Workers: 4
[300.848s][debug][gc,phases      ] GC(15)   JVMTI Tag Weak OopStorage      Min: 0.00, Avg: 0.00, Max: 0.00, Diff: 0.00, Sum: 0.00, Workers: 4
[300.848s][debug][gc,phases      ] GC(15)     Dead                           Min: 0, Avg:  0.0, Max: 0, Diff: 0, Sum: 0, Workers: 4
[300.848s][debug][gc,phases      ] GC(15)     Total                          Min: 0, Avg:  0.0, Max: 0, Diff: 0, Sum: 0, Workers: 4
[300.848s][debug][gc,phases      ] GC(15)   StringTable Weak               Min: 0.11, Avg: 0.11, Max: 0.11, Diff: 0.00, Sum: 0.45, Workers: 4
[300.848s][debug][gc,phases      ] GC(15)     Dead                           Min: 0, Avg:  0.2, Max: 1, Diff: 1, Sum: 1, Workers: 4
[300.848s][debug][gc,phases      ] GC(15)     Total                          Min: 12095, Avg: 12259.2, Max: 12416, Diff: 321, Sum: 49037, Workers: 4
[300.848s][debug][gc,phases      ] GC(15)   ResolvedMethodTable Weak       Min: 0.04, Avg: 0.04, Max: 0.04, Diff: 0.00, Sum: 0.16, Workers: 4
[300.848s][debug][gc,phases      ] GC(15)     Dead                           Min: 0, Avg:  5.0, Max: 15, Diff: 15, Sum: 20, Workers: 4
[300.848s][debug][gc,phases      ] GC(15)     Total                          Min: 3791, Avg: 3908.0, Max: 3978, Diff: 187, Sum: 15632, Workers: 4
[300.848s][debug][gc,phases      ] GC(15)   JNI Weak                       Min: 0.00, Avg: 0.00, Max: 0.00, Diff: 0.00, Sum: 0.00, Workers: 4
[300.848s][debug][gc,phases      ] GC(15)     Dead                           Min: 0, Avg:  0.0, Max: 0, Diff: 0, Sum: 0, Workers: 4
[300.848s][debug][gc,phases      ] GC(15)     Total                          Min: 0, Avg: 13.0, Max: 48, Diff: 48, Sum: 52, Workers: 4
[300.848s][debug][gc,phases      ] GC(15)   StringDedup Table Weak         Min: 0.00, Avg: 0.00, Max: 0.00, Diff: 0.00, Sum: 0.00, Workers: 4
[300.848s][debug][gc,phases      ] GC(15)     Dead                           Min: 0, Avg:  0.0, Max: 0, Diff: 0, Sum: 0, Workers: 4
[300.848s][debug][gc,phases      ] GC(15)     Total                          Min: 0, Avg:  0.0, Max: 0, Diff: 0, Sum: 0, Workers: 4
[300.848s][debug][gc,phases      ] GC(15)   StringDedup Requests0 Weak     Min: 0.00, Avg: 0.00, Max: 0.00, Diff: 0.00, Sum: 0.00, Workers: 4
[300.848s][debug][gc,phases      ] GC(15)     Dead                           Min: 0, Avg:  0.0, Max: 0, Diff: 0, Sum: 0, Workers: 4
[300.848s][debug][gc,phases      ] GC(15)     Total                          Min: 0, Avg:  0.0, Max: 0, Diff: 0, Sum: 0, Workers: 4
[300.848s][debug][gc,phases      ] GC(15)   StringDedup Requests1 Weak     Min: 0.00, Avg: 0.00, Max: 0.00, Diff: 0.00, Sum: 0.00, Workers: 4
[300.848s][debug][gc,phases      ] GC(15)     Dead                           Min: 0, Avg:  0.0, Max: 0, Diff: 0, Sum: 0, Workers: 4
[300.848s][debug][gc,phases      ] GC(15)     Total                          Min: 0, Avg:  0.0, Max: 0, Diff: 0, Sum: 0, Workers: 4
[300.849s][debug][gc,phases      ] GC(15)   Weak JFR Old Object Samples    Min: 0.00, Avg: 0.00, Max: 0.00, Diff: 0.00, Sum: 0.00, Workers: 4
[300.849s][debug][gc,phases      ] GC(15)     Dead                           Min: 0, Avg:  0.0, Max: 0, Diff: 0, Sum: 0, Workers: 4
[300.849s][debug][gc,phases      ] GC(15)     Total                          Min: 0, Avg:  0.0, Max: 0, Diff: 0, Sum: 0, Workers: 4
[300.849s][debug][gc,phases      ] GC(15) Weak Processing 0.335ms
[300.849s][debug][gc,age         ] GC(15) Desired survivor size 338165760 bytes, new threshold 1 (max threshold 15)
[300.849s][info ][gc,heap        ] GC(15) PSYoungGen: 1432608K(1763840K)->1776K(1766912K) Eden: 1430528K(1430528K)->0K(1433600K) From: 2080K(333312K)->1776K(333312K)
[300.849s][info ][gc,heap        ] GC(15) ParOldGen: 234302K(234496K)->234630K(235008K)
[300.849s][info ][gc,metaspace   ] GC(15) Metaspace: 105942K(107072K)->105942K(107072K) NonClass: 90450K(91136K)->90450K(91136K) Class: 15491K(15936K)->15491K(15936K)
[300.849s][info ][gc             ] GC(15) Pause Young (Allocation Failure) 1627M->230M(1955M) 2.135ms
[300.849s][info ][gc,cpu         ] GC(15) User=0.00s Sys=0.00s Real=0.00s
[300.849s][info ][safepoint      ] Safepoint "ParallelCollectForAllocation", Time since last: 34600216043 ns, Reaching safepoint: 6400 ns, At safepoint: 2194987 ns, Leaving safepoint: 2100 ns, Total: 2203487 ns, Threads: 0 runnable, 27 total
[335.300s][info ][gc,start       ] GC(16) Pause Young (Allocation Failure)
[335.302s][debug][gc,phases      ] GC(16) Scavenge 2.017ms
[335.302s][debug][gc,ref         ] GC(16) ReferenceProcessor::execute queues: 1, RefProcThreadModel::Single, marks_oops_alive: false
[335.302s][debug][gc,ref         ] GC(16) Skipped KeepAliveFinalRefsPhase of Reference Processing: no references
[335.302s][debug][gc,ref         ] GC(16) Skipped PhantomRefsPhase of Reference Processing: no references
[335.302s][debug][gc,phases      ] GC(16) Reference Processing 0.096ms
[335.302s][debug][gc,phases      ] GC(16)   VM Weak                        Min: 0.00, Avg: 0.00, Max: 0.01, Diff: 0.01, Sum: 0.01, Workers: 4
[335.302s][debug][gc,phases      ] GC(16)     Dead                           Min: 0, Avg:  0.0, Max: 0, Diff: 0, Sum: 0, Workers: 4
[335.302s][debug][gc,phases      ] GC(16)     Total                          Min: 0, Avg: 196.5, Max: 576, Diff: 576, Sum: 786, Workers: 4
[335.302s][debug][gc,phases      ] GC(16)   ObjectSynchronizer Weak        Min: 0.00, Avg: 0.00, Max: 0.00, Diff: 0.00, Sum: 0.00, Workers: 4
[335.302s][debug][gc,phases      ] GC(16)     Dead                           Min: 0, Avg:  0.0, Max: 0, Diff: 0, Sum: 0, Workers: 4
[335.302s][debug][gc,phases      ] GC(16)     Total                          Min: 0, Avg:  1.2, Max: 5, Diff: 5, Sum: 5, Workers: 4
[335.302s][debug][gc,phases      ] GC(16)   JVMTI Tag Weak OopStorage      Min: 0.00, Avg: 0.00, Max: 0.00, Diff: 0.00, Sum: 0.00, Workers: 4
[335.302s][debug][gc,phases      ] GC(16)     Dead                           Min: 0, Avg:  0.0, Max: 0, Diff: 0, Sum: 0, Workers: 4
[335.302s][debug][gc,phases      ] GC(16)     Total                          Min: 0, Avg:  0.0, Max: 0, Diff: 0, Sum: 0, Workers: 4
[335.302s][debug][gc,phases      ] GC(16)   StringTable Weak               Min: 0.00, Avg: 0.09, Max: 0.12, Diff: 0.12, Sum: 0.37, Workers: 4
[335.302s][debug][gc,phases      ] GC(16)     Dead                           Min: 0, Avg:  0.5, Max: 2, Diff: 2, Sum: 2, Workers: 4
[335.302s][debug][gc,phases      ] GC(16)     Total                          Min: 0, Avg: 12276.8, Max: 20608, Diff: 20608, Sum: 49107, Workers: 4
[335.302s][debug][gc,phases      ] GC(16)   ResolvedMethodTable Weak       Min: 0.00, Avg: 0.03, Max: 0.04, Diff: 0.04, Sum: 0.13, Workers: 4
[335.302s][debug][gc,phases      ] GC(16)     Dead                           Min: 0, Avg:  9.2, Max: 19, Diff: 19, Sum: 37, Workers: 4
[335.302s][debug][gc,phases      ] GC(16)     Total                          Min: 0, Avg: 3926.0, Max: 6396, Diff: 6396, Sum: 15704, Workers: 4
[335.302s][debug][gc,phases      ] GC(16)   JNI Weak                       Min: 0.00, Avg: 0.00, Max: 0.00, Diff: 0.00, Sum: 0.00, Workers: 4
[335.302s][debug][gc,phases      ] GC(16)     Dead                           Min: 0, Avg:  0.0, Max: 0, Diff: 0, Sum: 0, Workers: 4
[335.302s][debug][gc,phases      ] GC(16)     Total                          Min: 0, Avg: 13.0, Max: 48, Diff: 48, Sum: 52, Workers: 4
[335.302s][debug][gc,phases      ] GC(16)   StringDedup Table Weak         Min: 0.00, Avg: 0.00, Max: 0.00, Diff: 0.00, Sum: 0.00, Workers: 4
[335.302s][debug][gc,phases      ] GC(16)     Dead                           Min: 0, Avg:  0.0, Max: 0, Diff: 0, Sum: 0, Workers: 4
[335.302s][debug][gc,phases      ] GC(16)     Total                          Min: 0, Avg:  0.0, Max: 0, Diff: 0, Sum: 0, Workers: 4
[335.302s][debug][gc,phases      ] GC(16)   StringDedup Requests0 Weak     Min: 0.00, Avg: 0.00, Max: 0.00, Diff: 0.00, Sum: 0.00, Workers: 4
[335.302s][debug][gc,phases      ] GC(16)     Dead                           Min: 0, Avg:  0.0, Max: 0, Diff: 0, Sum: 0, Workers: 4
[335.302s][debug][gc,phases      ] GC(16)     Total                          Min: 0, Avg:  0.0, Max: 0, Diff: 0, Sum: 0, Workers: 4
[335.302s][debug][gc,phases      ] GC(16)   StringDedup Requests1 Weak     Min: 0.00, Avg: 0.00, Max: 0.00, Diff: 0.00, Sum: 0.00, Workers: 4
[335.302s][debug][gc,phases      ] GC(16)     Dead                           Min: 0, Avg:  0.0, Max: 0, Diff: 0, Sum: 0, Workers: 4
[335.302s][debug][gc,phases      ] GC(16)     Total                          Min: 0, Avg:  0.0, Max: 0, Diff: 0, Sum: 0, Workers: 4
[335.302s][debug][gc,phases      ] GC(16)   Weak JFR Old Object Samples    Min: 0.00, Avg: 0.00, Max: 0.00, Diff: 0.00, Sum: 0.00, Workers: 4
[335.302s][debug][gc,phases      ] GC(16)     Dead                           Min: 0, Avg:  0.0, Max: 0, Diff: 0, Sum: 0, Workers: 4
[335.302s][debug][gc,phases      ] GC(16)     Total                          Min: 0, Avg:  0.0, Max: 0, Diff: 0, Sum: 0, Workers: 4
[335.302s][debug][gc,phases      ] GC(16) Weak Processing 0.355ms
[335.302s][debug][gc,age         ] GC(16) Desired survivor size 331874304 bytes, new threshold 1 (max threshold 15)
[335.302s][info ][gc,heap        ] GC(16) PSYoungGen: 1435376K(1766912K)->1728K(1763840K) Eden: 1433600K(1433600K)->0K(1433600K) From: 1776K(333312K)->1728K(330240K)
[335.302s][info ][gc,heap        ] GC(16) ParOldGen: 234630K(235008K)->234958K(235008K)
[335.302s][info ][gc,metaspace   ] GC(16) Metaspace: 106287K(107456K)->106287K(107456K) NonClass: 90757K(91456K)->90757K(91456K) Class: 15530K(16000K)->15530K(16000K)
[335.302s][info ][gc             ] GC(16) Pause Young (Allocation Failure) 1630M->231M(1952M) 2.594ms
[335.302s][info ][gc,cpu         ] GC(16) User=0.01s Sys=0.00s Real=0.00s
[335.302s][info ][safepoint      ] Safepoint "ParallelCollectForAllocation", Time since last: 34451162188 ns, Reaching safepoint: 8500 ns, At safepoint: 2664482 ns, Leaving safepoint: 2100 ns, Total: 2675082 ns, Threads: 0 runnable, 34 total
[370.697s][info ][gc,start       ] GC(17) Pause Young (Allocation Failure)
[370.699s][debug][gc,phases      ] GC(17) Scavenge 2.315ms
[370.699s][debug][gc,ref         ] GC(17) ReferenceProcessor::execute queues: 1, RefProcThreadModel::Single, marks_oops_alive: false
[370.699s][debug][gc,ref         ] GC(17) Skipped KeepAliveFinalRefsPhase of Reference Processing: no references
[370.699s][debug][gc,ref         ] GC(17) Skipped PhantomRefsPhase of Reference Processing: no references
[370.699s][debug][gc,phases      ] GC(17) Reference Processing 0.098ms
[370.700s][debug][gc,phases      ] GC(17)   VM Weak                        Min: 0.00, Avg: 0.00, Max: 0.01, Diff: 0.01, Sum: 0.01, Workers: 4
[370.700s][debug][gc,phases      ] GC(17)     Dead                           Min: 0, Avg:  0.0, Max: 0, Diff: 0, Sum: 0, Workers: 4
[370.700s][debug][gc,phases      ] GC(17)     Total                          Min: 0, Avg: 197.5, Max: 448, Diff: 448, Sum: 790, Workers: 4
[370.700s][debug][gc,phases      ] GC(17)   ObjectSynchronizer Weak        Min: 0.00, Avg: 0.00, Max: 0.00, Diff: 0.00, Sum: 0.00, Workers: 4
[370.700s][debug][gc,phases      ] GC(17)     Dead                           Min: 0, Avg:  0.0, Max: 0, Diff: 0, Sum: 0, Workers: 4
[370.700s][debug][gc,phases      ] GC(17)     Total                          Min: 0, Avg:  1.2, Max: 5, Diff: 5, Sum: 5, Workers: 4
[370.700s][debug][gc,phases      ] GC(17)   JVMTI Tag Weak OopStorage      Min: 0.00, Avg: 0.00, Max: 0.00, Diff: 0.00, Sum: 0.00, Workers: 4
[370.700s][debug][gc,phases      ] GC(17)     Dead                           Min: 0, Avg:  0.0, Max: 0, Diff: 0, Sum: 0, Workers: 4
[370.700s][debug][gc,phases      ] GC(17)     Total                          Min: 0, Avg:  0.0, Max: 0, Diff: 0, Sum: 0, Workers: 4
[370.700s][debug][gc,phases      ] GC(17)   StringTable Weak               Min: 0.00, Avg: 0.11, Max: 0.15, Diff: 0.15, Sum: 0.45, Workers: 4
[370.700s][debug][gc,phases      ] GC(17)     Dead                           Min: 0, Avg:  0.2, Max: 1, Diff: 1, Sum: 1, Workers: 4
[370.700s][debug][gc,phases      ] GC(17)     Total                          Min: 0, Avg: 12280.0, Max: 20321, Diff: 20321, Sum: 49120, Workers: 4
[370.700s][debug][gc,phases      ] GC(17)   ResolvedMethodTable Weak       Min: 0.00, Avg: 0.03, Max: 0.05, Diff: 0.05, Sum: 0.14, Workers: 4
[370.700s][debug][gc,phases      ] GC(17)     Dead                           Min: 0, Avg:  5.0, Max: 20, Diff: 20, Sum: 20, Workers: 4
[370.700s][debug][gc,phases      ] GC(17)     Total                          Min: 0, Avg: 3929.8, Max: 5974, Diff: 5974, Sum: 15719, Workers: 4
[370.700s][debug][gc,phases      ] GC(17)   JNI Weak                       Min: 0.00, Avg: 0.00, Max: 0.00, Diff: 0.00, Sum: 0.00, Workers: 4
[370.700s][debug][gc,phases      ] GC(17)     Dead                           Min: 0, Avg:  0.0, Max: 0, Diff: 0, Sum: 0, Workers: 4
[370.700s][debug][gc,phases      ] GC(17)     Total                          Min: 0, Avg: 13.0, Max: 48, Diff: 48, Sum: 52, Workers: 4
[370.700s][debug][gc,phases      ] GC(17)   StringDedup Table Weak         Min: 0.00, Avg: 0.00, Max: 0.00, Diff: 0.00, Sum: 0.00, Workers: 4
[370.700s][debug][gc,phases      ] GC(17)     Dead                           Min: 0, Avg:  0.0, Max: 0, Diff: 0, Sum: 0, Workers: 4
[370.700s][debug][gc,phases      ] GC(17)     Total                          Min: 0, Avg:  0.0, Max: 0, Diff: 0, Sum: 0, Workers: 4
[370.700s][debug][gc,phases      ] GC(17)   StringDedup Requests0 Weak     Min: 0.00, Avg: 0.00, Max: 0.00, Diff: 0.00, Sum: 0.00, Workers: 4
[370.700s][debug][gc,phases      ] GC(17)     Dead                           Min: 0, Avg:  0.0, Max: 0, Diff: 0, Sum: 0, Workers: 4
[370.700s][debug][gc,phases      ] GC(17)     Total                          Min: 0, Avg:  0.0, Max: 0, Diff: 0, Sum: 0, Workers: 4
[370.700s][debug][gc,phases      ] GC(17)   StringDedup Requests1 Weak     Min: 0.00, Avg: 0.00, Max: 0.00, Diff: 0.00, Sum: 0.00, Workers: 4
[370.700s][debug][gc,phases      ] GC(17)     Dead                           Min: 0, Avg:  0.0, Max: 0, Diff: 0, Sum: 0, Workers: 4
[370.700s][debug][gc,phases      ] GC(17)     Total                          Min: 0, Avg:  0.0, Max: 0, Diff: 0, Sum: 0, Workers: 4
[370.700s][debug][gc,phases      ] GC(17)   Weak JFR Old Object Samples    Min: 0.00, Avg: 0.00, Max: 0.00, Diff: 0.00, Sum: 0.00, Workers: 4
[370.700s][debug][gc,phases      ] GC(17)     Dead                           Min: 0, Avg:  0.0, Max: 0, Diff: 0, Sum: 0, Workers: 4
[370.700s][debug][gc,phases      ] GC(17)     Total                          Min: 0, Avg:  0.0, Max: 0, Diff: 0, Sum: 0, Workers: 4
[370.700s][debug][gc,phases      ] GC(17) Weak Processing 0.405ms
[370.700s][debug][gc,age         ] GC(17) Desired survivor size 324009984 bytes, new threshold 1 (max threshold 15)
[370.700s][info ][gc,heap        ] GC(17) PSYoungGen: 1435328K(1763840K)->2080K(1780736K) Eden: 1433600K(1433600K)->0K(1456640K) From: 1728K(330240K)->2080K(324096K)
[370.700s][info ][gc,heap        ] GC(17) ParOldGen: 234958K(235008K)->235274K(235520K)
[370.700s][info ][gc,metaspace   ] GC(17) Metaspace: 106340K(107456K)->106340K(107456K) NonClass: 90806K(91456K)->90806K(91456K) Class: 15534K(16000K)->15534K(16000K)
[370.700s][info ][gc             ] GC(17) Pause Young (Allocation Failure) 1631M->231M(1969M) 2.929ms
[370.700s][info ][gc,cpu         ] GC(17) User=0.01s Sys=0.00s Real=0.01s
[370.700s][info ][safepoint      ] Safepoint "ParallelCollectForAllocation", Time since last: 35394485039 ns, Reaching safepoint: 5500 ns, At safepoint: 2987082 ns, Leaving safepoint: 2500 ns, Total: 2995082 ns, Threads: 0 runnable, 29 total
[407.745s][info ][gc,start       ] GC(18) Pause Young (Allocation Failure)
[407.747s][debug][gc,phases      ] GC(18) Scavenge 1.346ms
[407.747s][debug][gc,ref         ] GC(18) ReferenceProcessor::execute queues: 1, RefProcThreadModel::Single, marks_oops_alive: false
[407.747s][debug][gc,ref         ] GC(18) Skipped KeepAliveFinalRefsPhase of Reference Processing: no references
[407.747s][debug][gc,ref         ] GC(18) Skipped PhantomRefsPhase of Reference Processing: no references
[407.747s][debug][gc,phases      ] GC(18) Reference Processing 0.084ms
[407.747s][debug][gc,phases      ] GC(18)   VM Weak                        Min: 0.00, Avg: 0.00, Max: 0.01, Diff: 0.01, Sum: 0.01, Workers: 4
[407.747s][debug][gc,phases      ] GC(18)     Dead                           Min: 0, Avg:  0.0, Max: 0, Diff: 0, Sum: 0, Workers: 4
[407.747s][debug][gc,phases      ] GC(18)     Total                          Min: 0, Avg: 197.5, Max: 598, Diff: 598, Sum: 790, Workers: 4
[407.747s][debug][gc,phases      ] GC(18)   ObjectSynchronizer Weak        Min: 0.00, Avg: 0.00, Max: 0.00, Diff: 0.00, Sum: 0.00, Workers: 4
[407.747s][debug][gc,phases      ] GC(18)     Dead                           Min: 0, Avg:  0.0, Max: 0, Diff: 0, Sum: 0, Workers: 4
[407.747s][debug][gc,phases      ] GC(18)     Total                          Min: 0, Avg:  1.5, Max: 6, Diff: 6, Sum: 6, Workers: 4
[407.747s][debug][gc,phases      ] GC(18)   JVMTI Tag Weak OopStorage      Min: 0.00, Avg: 0.00, Max: 0.00, Diff: 0.00, Sum: 0.00, Workers: 4
[407.747s][debug][gc,phases      ] GC(18)     Dead                           Min: 0, Avg:  0.0, Max: 0, Diff: 0, Sum: 0, Workers: 4
[407.747s][debug][gc,phases      ] GC(18)     Total                          Min: 0, Avg:  0.0, Max: 0, Diff: 0, Sum: 0, Workers: 4
[407.747s][debug][gc,phases      ] GC(18)   StringTable Weak               Min: 0.11, Avg: 0.11, Max: 0.11, Diff: 0.00, Sum: 0.45, Workers: 4
[407.747s][debug][gc,phases      ] GC(18)     Dead                           Min: 0, Avg:  0.0, Max: 0, Diff: 0, Sum: 0, Workers: 4
[407.747s][debug][gc,phases      ] GC(18)     Total                          Min: 12132, Avg: 12280.8, Max: 12352, Diff: 220, Sum: 49123, Workers: 4
[407.747s][debug][gc,phases      ] GC(18)   ResolvedMethodTable Weak       Min: 0.04, Avg: 0.04, Max: 0.04, Diff: 0.00, Sum: 0.15, Workers: 4
[407.747s][debug][gc,phases      ] GC(18)     Dead                           Min: 0, Avg:  5.0, Max: 20, Diff: 20, Sum: 20, Workers: 4
[407.747s][debug][gc,phases      ] GC(18)     Total                          Min: 3840, Avg: 3929.8, Max: 4050, Diff: 210, Sum: 15719, Workers: 4
[407.747s][debug][gc,phases      ] GC(18)   JNI Weak                       Min: 0.00, Avg: 0.00, Max: 0.00, Diff: 0.00, Sum: 0.00, Workers: 4
[407.747s][debug][gc,phases      ] GC(18)     Dead                           Min: 0, Avg:  0.0, Max: 0, Diff: 0, Sum: 0, Workers: 4
[407.747s][debug][gc,phases      ] GC(18)     Total                          Min: 0, Avg: 13.0, Max: 48, Diff: 48, Sum: 52, Workers: 4
[407.747s][debug][gc,phases      ] GC(18)   StringDedup Table Weak         Min: 0.00, Avg: 0.00, Max: 0.00, Diff: 0.00, Sum: 0.00, Workers: 4
[407.747s][debug][gc,phases      ] GC(18)     Dead                           Min: 0, Avg:  0.0, Max: 0, Diff: 0, Sum: 0, Workers: 4
[407.747s][debug][gc,phases      ] GC(18)     Total                          Min: 0, Avg:  0.0, Max: 0, Diff: 0, Sum: 0, Workers: 4
[407.747s][debug][gc,phases      ] GC(18)   StringDedup Requests0 Weak     Min: 0.00, Avg: 0.00, Max: 0.00, Diff: 0.00, Sum: 0.00, Workers: 4
[407.747s][debug][gc,phases      ] GC(18)     Dead                           Min: 0, Avg:  0.0, Max: 0, Diff: 0, Sum: 0, Workers: 4
[407.747s][debug][gc,phases      ] GC(18)     Total                          Min: 0, Avg:  0.0, Max: 0, Diff: 0, Sum: 0, Workers: 4
[407.747s][debug][gc,phases      ] GC(18)   StringDedup Requests1 Weak     Min: 0.00, Avg: 0.00, Max: 0.00, Diff: 0.00, Sum: 0.00, Workers: 4
[407.747s][debug][gc,phases      ] GC(18)     Dead                           Min: 0, Avg:  0.0, Max: 0, Diff: 0, Sum: 0, Workers: 4
[407.747s][debug][gc,phases      ] GC(18)     Total                          Min: 0, Avg:  0.0, Max: 0, Diff: 0, Sum: 0, Workers: 4
[407.747s][debug][gc,phases      ] GC(18)   Weak JFR Old Object Samples    Min: 0.00, Avg: 0.00, Max: 0.00, Diff: 0.00, Sum: 0.00, Workers: 4
[407.747s][debug][gc,phases      ] GC(18)     Dead                           Min: 0, Avg:  0.0, Max: 0, Diff: 0, Sum: 0, Workers: 4
[407.747s][debug][gc,phases      ] GC(18)     Total                          Min: 0, Avg:  0.0, Max: 0, Diff: 0, Sum: 0, Workers: 4
[407.747s][debug][gc,phases      ] GC(18) Weak Processing 0.336ms
[407.747s][debug][gc,age         ] GC(18) Desired survivor size 314048512 bytes, new threshold 1 (max threshold 15)
[407.747s][info ][gc,heap        ] GC(18) PSYoungGen: 1458720K(1780736K)->1424K(1773056K) Eden: 1456640K(1456640K)->0K(1456640K) From: 2080K(324096K)->1424K(316416K)
[407.747s][info ][gc,heap        ] GC(18) ParOldGen: 235274K(235520K)->235494K(235520K)
[407.747s][info ][gc,metaspace   ] GC(18) Metaspace: 106360K(107520K)->106360K(107520K) NonClass: 90825K(91520K)->90825K(91520K) Class: 15534K(16000K)->15534K(16000K)
[407.747s][info ][gc             ] GC(18) Pause Young (Allocation Failure) 1654M->231M(1961M) 1.867ms
[407.747s][info ][gc,cpu         ] GC(18) User=0.01s Sys=0.00s Real=0.00s
[407.747s][info ][safepoint      ] Safepoint "ParallelCollectForAllocation", Time since last: 37045442877 ns, Reaching safepoint: 5400 ns, At safepoint: 1921289 ns, Leaving safepoint: 2100 ns, Total: 1928789 ns, Threads: 0 runnable, 27 total
[444.396s][info ][gc,start       ] GC(19) Pause Young (Allocation Failure)
[444.398s][debug][gc,phases      ] GC(19) Scavenge 1.524ms
[444.398s][debug][gc,ref         ] GC(19) ReferenceProcessor::execute queues: 1, RefProcThreadModel::Single, marks_oops_alive: false
[444.398s][debug][gc,ref         ] GC(19) Skipped KeepAliveFinalRefsPhase of Reference Processing: no references
[444.398s][debug][gc,ref         ] GC(19) Skipped PhantomRefsPhase of Reference Processing: no references
[444.398s][debug][gc,phases      ] GC(19) Reference Processing 0.090ms
[444.398s][debug][gc,phases      ] GC(19)   VM Weak                        Min: 0.00, Avg: 0.00, Max: 0.01, Diff: 0.01, Sum: 0.01, Workers: 4
[444.398s][debug][gc,phases      ] GC(19)     Dead                           Min: 0, Avg:  0.0, Max: 0, Diff: 0, Sum: 0, Workers: 4
[444.398s][debug][gc,phases      ] GC(19)     Total                          Min: 0, Avg: 197.5, Max: 790, Diff: 790, Sum: 790, Workers: 4
[444.398s][debug][gc,phases      ] GC(19)   ObjectSynchronizer Weak        Min: 0.00, Avg: 0.00, Max: 0.00, Diff: 0.00, Sum: 0.00, Workers: 4
[444.398s][debug][gc,phases      ] GC(19)     Dead                           Min: 0, Avg:  0.0, Max: 0, Diff: 0, Sum: 0, Workers: 4
[444.398s][debug][gc,phases      ] GC(19)     Total                          Min: 0, Avg:  1.2, Max: 5, Diff: 5, Sum: 5, Workers: 4
[444.398s][debug][gc,phases      ] GC(19)   JVMTI Tag Weak OopStorage      Min: 0.00, Avg: 0.00, Max: 0.00, Diff: 0.00, Sum: 0.00, Workers: 4
[444.398s][debug][gc,phases      ] GC(19)     Dead                           Min: 0, Avg:  0.0, Max: 0, Diff: 0, Sum: 0, Workers: 4
[444.398s][debug][gc,phases      ] GC(19)     Total                          Min: 0, Avg:  0.0, Max: 0, Diff: 0, Sum: 0, Workers: 4
[444.398s][debug][gc,phases      ] GC(19)   StringTable Weak               Min: 0.00, Avg: 0.10, Max: 0.14, Diff: 0.14, Sum: 0.39, Workers: 4
[444.398s][debug][gc,phases      ] GC(19)     Dead                           Min: 0, Avg:  0.0, Max: 0, Diff: 0, Sum: 0, Workers: 4
[444.398s][debug][gc,phases      ] GC(19)     Total                          Min: 0, Avg: 12283.0, Max: 20269, Diff: 20269, Sum: 49132, Workers: 4
[444.398s][debug][gc,phases      ] GC(19)   ResolvedMethodTable Weak       Min: 0.00, Avg: 0.03, Max: 0.05, Diff: 0.05, Sum: 0.14, Workers: 4
[444.398s][debug][gc,phases      ] GC(19)     Dead                           Min: 0, Avg:  5.0, Max: 20, Diff: 20, Sum: 20, Workers: 4
[444.398s][debug][gc,phases      ] GC(19)     Total                          Min: 0, Avg: 3929.8, Max: 6584, Diff: 6584, Sum: 15719, Workers: 4
[444.398s][debug][gc,phases      ] GC(19)   JNI Weak                       Min: 0.00, Avg: 0.00, Max: 0.00, Diff: 0.00, Sum: 0.00, Workers: 4
[444.398s][debug][gc,phases      ] GC(19)     Dead                           Min: 0, Avg:  0.0, Max: 0, Diff: 0, Sum: 0, Workers: 4
[444.398s][debug][gc,phases      ] GC(19)     Total                          Min: 0, Avg: 13.0, Max: 48, Diff: 48, Sum: 52, Workers: 4
[444.398s][debug][gc,phases      ] GC(19)   StringDedup Table Weak         Min: 0.00, Avg: 0.00, Max: 0.00, Diff: 0.00, Sum: 0.00, Workers: 4
[444.398s][debug][gc,phases      ] GC(19)     Dead                           Min: 0, Avg:  0.0, Max: 0, Diff: 0, Sum: 0, Workers: 4
[444.398s][debug][gc,phases      ] GC(19)     Total                          Min: 0, Avg:  0.0, Max: 0, Diff: 0, Sum: 0, Workers: 4
[444.398s][debug][gc,phases      ] GC(19)   StringDedup Requests0 Weak     Min: 0.00, Avg: 0.00, Max: 0.00, Diff: 0.00, Sum: 0.00, Workers: 4
[444.398s][debug][gc,phases      ] GC(19)     Dead                           Min: 0, Avg:  0.0, Max: 0, Diff: 0, Sum: 0, Workers: 4
[444.398s][debug][gc,phases      ] GC(19)     Total                          Min: 0, Avg:  0.0, Max: 0, Diff: 0, Sum: 0, Workers: 4
[444.398s][debug][gc,phases      ] GC(19)   StringDedup Requests1 Weak     Min: 0.00, Avg: 0.00, Max: 0.00, Diff: 0.00, Sum: 0.00, Workers: 4
[444.398s][debug][gc,phases      ] GC(19)     Dead                           Min: 0, Avg:  0.0, Max: 0, Diff: 0, Sum: 0, Workers: 4
[444.398s][debug][gc,phases      ] GC(19)     Total                          Min: 0, Avg:  0.0, Max: 0, Diff: 0, Sum: 0, Workers: 4
[444.398s][debug][gc,phases      ] GC(19)   Weak JFR Old Object Samples    Min: 0.00, Avg: 0.00, Max: 0.00, Diff: 0.00, Sum: 0.00, Workers: 4
[444.398s][debug][gc,phases      ] GC(19)     Dead                           Min: 0, Avg:  0.0, Max: 0, Diff: 0, Sum: 0, Workers: 4
[444.398s][debug][gc,phases      ] GC(19)     Total                          Min: 0, Avg:  0.0, Max: 0, Diff: 0, Sum: 0, Workers: 4
[444.398s][debug][gc,phases      ] GC(19) Weak Processing 0.350ms
[444.398s][debug][gc,age         ] GC(19) Desired survivor size 303038464 bytes, new threshold 1 (max threshold 15)
[444.398s][info ][gc,heap        ] GC(19) PSYoungGen: 1458064K(1773056K)->768K(1801216K) Eden: 1456640K(1456640K)->0K(1494528K) From: 1424K(316416K)->768K(306688K)
[444.398s][info ][gc,heap        ] GC(19) ParOldGen: 235494K(235520K)->236351K(236544K)
[444.398s][info ][gc,metaspace   ] GC(19) Metaspace: 106376K(107520K)->106376K(107520K) NonClass: 90842K(91520K)->90842K(91520K) Class: 15534K(16000K)->15534K(16000K)
[444.398s][info ][gc             ] GC(19) Pause Young (Allocation Failure) 1653M->231M(1990M) 2.068ms
[444.398s][info ][gc,cpu         ] GC(19) User=0.00s Sys=0.00s Real=0.00s
[444.398s][info ][safepoint      ] Safepoint "ParallelCollectForAllocation", Time since last: 36648949352 ns, Reaching safepoint: 5900 ns, At safepoint: 2124388 ns, Leaving safepoint: 3200 ns, Total: 2133488 ns, Threads: 0 runnable, 29 total
[482.200s][info ][gc,start       ] GC(20) Pause Young (Allocation Failure)
[482.201s][debug][gc,phases      ] GC(20) Scavenge 1.678ms
[482.201s][debug][gc,ref         ] GC(20) ReferenceProcessor::execute queues: 1, RefProcThreadModel::Single, marks_oops_alive: false
[482.201s][debug][gc,ref         ] GC(20) Skipped KeepAliveFinalRefsPhase of Reference Processing: no references
[482.202s][debug][gc,ref         ] GC(20) Skipped PhantomRefsPhase of Reference Processing: no references
[482.202s][debug][gc,phases      ] GC(20) Reference Processing 0.099ms
[482.202s][debug][gc,phases      ] GC(20)   VM Weak                        Min: 0.00, Avg: 0.01, Max: 0.02, Diff: 0.02, Sum: 0.02, Workers: 4
[482.202s][debug][gc,phases      ] GC(20)     Dead                           Min: 0, Avg:  0.0, Max: 0, Diff: 0, Sum: 0, Workers: 4
[482.202s][debug][gc,phases      ] GC(20)     Total                          Min: 0, Avg: 197.5, Max: 448, Diff: 448, Sum: 790, Workers: 4
[482.202s][debug][gc,phases      ] GC(20)   ObjectSynchronizer Weak        Min: 0.00, Avg: 0.00, Max: 0.00, Diff: 0.00, Sum: 0.00, Workers: 4
[482.202s][debug][gc,phases      ] GC(20)     Dead                           Min: 0, Avg:  0.0, Max: 0, Diff: 0, Sum: 0, Workers: 4
[482.202s][debug][gc,phases      ] GC(20)     Total                          Min: 0, Avg:  1.2, Max: 5, Diff: 5, Sum: 5, Workers: 4
[482.202s][debug][gc,phases      ] GC(20)   JVMTI Tag Weak OopStorage      Min: 0.00, Avg: 0.00, Max: 0.00, Diff: 0.00, Sum: 0.00, Workers: 4
[482.202s][debug][gc,phases      ] GC(20)     Dead                           Min: 0, Avg:  0.0, Max: 0, Diff: 0, Sum: 0, Workers: 4
[482.202s][debug][gc,phases      ] GC(20)     Total                          Min: 0, Avg:  0.0, Max: 0, Diff: 0, Sum: 0, Workers: 4
[482.202s][debug][gc,phases      ] GC(20)   StringTable Weak               Min: 0.11, Avg: 0.11, Max: 0.11, Diff: 0.00, Sum: 0.44, Workers: 4
[482.202s][debug][gc,phases      ] GC(20)     Dead                           Min: 0, Avg:  0.2, Max: 1, Diff: 1, Sum: 1, Workers: 4
[482.202s][debug][gc,phases      ] GC(20)     Total                          Min: 11775, Avg: 12285.2, Max: 12672, Diff: 897, Sum: 49141, Workers: 4
[482.202s][debug][gc,phases      ] GC(20)   ResolvedMethodTable Weak       Min: 0.04, Avg: 0.04, Max: 0.04, Diff: 0.00, Sum: 0.15, Workers: 4
[482.202s][debug][gc,phases      ] GC(20)     Dead                           Min: 0, Avg:  5.0, Max: 20, Diff: 20, Sum: 20, Workers: 4
[482.202s][debug][gc,phases      ] GC(20)     Total                          Min: 3723, Avg: 3931.2, Max: 4358, Diff: 635, Sum: 15725, Workers: 4
[482.202s][debug][gc,phases      ] GC(20)   JNI Weak                       Min: 0.00, Avg: 0.00, Max: 0.01, Diff: 0.01, Sum: 0.01, Workers: 4
[482.202s][debug][gc,phases      ] GC(20)     Dead                           Min: 0, Avg:  0.0, Max: 0, Diff: 0, Sum: 0, Workers: 4
[482.202s][debug][gc,phases      ] GC(20)     Total                          Min: 0, Avg: 13.0, Max: 48, Diff: 48, Sum: 52, Workers: 4
[482.202s][debug][gc,phases      ] GC(20)   StringDedup Table Weak         Min: 0.00, Avg: 0.00, Max: 0.00, Diff: 0.00, Sum: 0.00, Workers: 4
[482.202s][debug][gc,phases      ] GC(20)     Dead                           Min: 0, Avg:  0.0, Max: 0, Diff: 0, Sum: 0, Workers: 4
[482.202s][debug][gc,phases      ] GC(20)     Total                          Min: 0, Avg:  0.0, Max: 0, Diff: 0, Sum: 0, Workers: 4
[482.202s][debug][gc,phases      ] GC(20)   StringDedup Requests0 Weak     Min: 0.00, Avg: 0.00, Max: 0.00, Diff: 0.00, Sum: 0.00, Workers: 4
[482.202s][debug][gc,phases      ] GC(20)     Dead                           Min: 0, Avg:  0.0, Max: 0, Diff: 0, Sum: 0, Workers: 4
[482.202s][debug][gc,phases      ] GC(20)     Total                          Min: 0, Avg:  0.0, Max: 0, Diff: 0, Sum: 0, Workers: 4
[482.202s][debug][gc,phases      ] GC(20)   StringDedup Requests1 Weak     Min: 0.00, Avg: 0.00, Max: 0.00, Diff: 0.00, Sum: 0.00, Workers: 4
[482.202s][debug][gc,phases      ] GC(20)     Dead                           Min: 0, Avg:  0.0, Max: 0, Diff: 0, Sum: 0, Workers: 4
[482.202s][debug][gc,phases      ] GC(20)     Total                          Min: 0, Avg:  0.0, Max: 0, Diff: 0, Sum: 0, Workers: 4
[482.202s][debug][gc,phases      ] GC(20)   Weak JFR Old Object Samples    Min: 0.00, Avg: 0.00, Max: 0.00, Diff: 0.00, Sum: 0.00, Workers: 4
[482.202s][debug][gc,phases      ] GC(20)     Dead                           Min: 0, Avg:  0.0, Max: 0, Diff: 0, Sum: 0, Workers: 4
[482.202s][debug][gc,phases      ] GC(20)     Total                          Min: 0, Avg:  0.0, Max: 0, Diff: 0, Sum: 0, Workers: 4
[482.202s][debug][gc,phases      ] GC(20) Weak Processing 0.383ms
[482.202s][debug][gc,age         ] GC(20) Desired survivor size 290979840 bytes, new threshold 1 (max threshold 15)
[482.202s][info ][gc,heap        ] GC(20) PSYoungGen: 1495296K(1801216K)->1568K(1790464K) Eden: 1494528K(1494528K)->0K(1494528K) From: 768K(306688K)->1568K(295936K)
[482.202s][info ][gc,heap        ] GC(20) ParOldGen: 236351K(236544K)->236455K(236544K)
[482.202s][info ][gc,metaspace   ] GC(20) Metaspace: 106404K(107520K)->106404K(107520K) NonClass: 90868K(91520K)->90868K(91520K) Class: 15536K(16000K)->15536K(16000K)
[482.202s][info ][gc             ] GC(20) Pause Young (Allocation Failure) 1691M->232M(1979M) 2.279ms
[482.202s][info ][gc,cpu         ] GC(20) User=0.01s Sys=0.00s Real=0.00s
[482.202s][info ][safepoint      ] Safepoint "ParallelCollectForAllocation", Time since last: 37801261501 ns, Reaching safepoint: 5600 ns, At safepoint: 2335186 ns, Leaving safepoint: 2600 ns, Total: 2343386 ns, Threads: 0 runnable, 27 total
[518.596s][info ][gc,start       ] GC(21) Pause Young (Allocation Failure)
[518.599s][debug][gc,phases      ] GC(21) Scavenge 2.260ms
[518.599s][debug][gc,ref         ] GC(21) ReferenceProcessor::execute queues: 1, RefProcThreadModel::Single, marks_oops_alive: false
[518.599s][debug][gc,ref         ] GC(21) Skipped KeepAliveFinalRefsPhase of Reference Processing: no references
[518.599s][debug][gc,ref         ] GC(21) Skipped PhantomRefsPhase of Reference Processing: no references
[518.599s][debug][gc,phases      ] GC(21) Reference Processing 0.095ms
[518.599s][debug][gc,phases      ] GC(21)   VM Weak                        Min: 0.00, Avg: 0.00, Max: 0.01, Diff: 0.00, Sum: 0.01, Workers: 4
[518.599s][debug][gc,phases      ] GC(21)     Dead                           Min: 0, Avg:  0.0, Max: 0, Diff: 0, Sum: 0, Workers: 4
[518.599s][debug][gc,phases      ] GC(21)     Total                          Min: 0, Avg: 197.8, Max: 535, Diff: 535, Sum: 791, Workers: 4
[518.599s][debug][gc,phases      ] GC(21)   ObjectSynchronizer Weak        Min: 0.00, Avg: 0.00, Max: 0.00, Diff: 0.00, Sum: 0.00, Workers: 4
[518.599s][debug][gc,phases      ] GC(21)     Dead                           Min: 0, Avg:  0.0, Max: 0, Diff: 0, Sum: 0, Workers: 4
[518.599s][debug][gc,phases      ] GC(21)     Total                          Min: 0, Avg:  1.2, Max: 5, Diff: 5, Sum: 5, Workers: 4
[518.599s][debug][gc,phases      ] GC(21)   JVMTI Tag Weak OopStorage      Min: 0.00, Avg: 0.00, Max: 0.00, Diff: 0.00, Sum: 0.00, Workers: 4
[518.599s][debug][gc,phases      ] GC(21)     Dead                           Min: 0, Avg:  0.0, Max: 0, Diff: 0, Sum: 0, Workers: 4
[518.599s][debug][gc,phases      ] GC(21)     Total                          Min: 0, Avg:  0.0, Max: 0, Diff: 0, Sum: 0, Workers: 4
[518.599s][debug][gc,phases      ] GC(21)   StringTable Weak               Min: 0.00, Avg: 0.09, Max: 0.12, Diff: 0.12, Sum: 0.37, Workers: 4
[518.599s][debug][gc,phases      ] GC(21)     Dead                           Min: 0, Avg:  0.2, Max: 1, Diff: 1, Sum: 1, Workers: 4
[518.599s][debug][gc,phases      ] GC(21)     Total                          Min: 0, Avg: 12293.2, Max: 19862, Diff: 19862, Sum: 49173, Workers: 4
[518.599s][debug][gc,phases      ] GC(21)   ResolvedMethodTable Weak       Min: 0.00, Avg: 0.03, Max: 0.04, Diff: 0.04, Sum: 0.13, Workers: 4
[518.599s][debug][gc,phases      ] GC(21)     Dead                           Min: 0, Avg:  5.5, Max: 21, Diff: 21, Sum: 22, Workers: 4
[518.599s][debug][gc,phases      ] GC(21)     Total                          Min: 0, Avg: 3933.0, Max: 6042, Diff: 6042, Sum: 15732, Workers: 4
[518.599s][debug][gc,phases      ] GC(21)   JNI Weak                       Min: 0.00, Avg: 0.00, Max: 0.00, Diff: 0.00, Sum: 0.00, Workers: 4
[518.599s][debug][gc,phases      ] GC(21)     Dead                           Min: 0, Avg:  0.0, Max: 0, Diff: 0, Sum: 0, Workers: 4
[518.599s][debug][gc,phases      ] GC(21)     Total                          Min: 0, Avg: 13.0, Max: 48, Diff: 48, Sum: 52, Workers: 4
[518.599s][debug][gc,phases      ] GC(21)   StringDedup Table Weak         Min: 0.00, Avg: 0.00, Max: 0.00, Diff: 0.00, Sum: 0.00, Workers: 4
[518.599s][debug][gc,phases      ] GC(21)     Dead                           Min: 0, Avg:  0.0, Max: 0, Diff: 0, Sum: 0, Workers: 4
[518.599s][debug][gc,phases      ] GC(21)     Total                          Min: 0, Avg:  0.0, Max: 0, Diff: 0, Sum: 0, Workers: 4
[518.599s][debug][gc,phases      ] GC(21)   StringDedup Requests0 Weak     Min: 0.00, Avg: 0.00, Max: 0.00, Diff: 0.00, Sum: 0.00, Workers: 4
[518.599s][debug][gc,phases      ] GC(21)     Dead                           Min: 0, Avg:  0.0, Max: 0, Diff: 0, Sum: 0, Workers: 4
[518.599s][debug][gc,phases      ] GC(21)     Total                          Min: 0, Avg:  0.0, Max: 0, Diff: 0, Sum: 0, Workers: 4
[518.599s][debug][gc,phases      ] GC(21)   StringDedup Requests1 Weak     Min: 0.00, Avg: 0.00, Max: 0.00, Diff: 0.00, Sum: 0.00, Workers: 4
[518.599s][debug][gc,phases      ] GC(21)     Dead                           Min: 0, Avg:  0.0, Max: 0, Diff: 0, Sum: 0, Workers: 4
[518.599s][debug][gc,phases      ] GC(21)     Total                          Min: 0, Avg:  0.0, Max: 0, Diff: 0, Sum: 0, Workers: 4
[518.599s][debug][gc,phases      ] GC(21)   Weak JFR Old Object Samples    Min: 0.00, Avg: 0.00, Max: 0.00, Diff: 0.00, Sum: 0.00, Workers: 4
[518.599s][debug][gc,phases      ] GC(21)     Dead                           Min: 0, Avg:  0.0, Max: 0, Diff: 0, Sum: 0, Workers: 4
[518.599s][debug][gc,phases      ] GC(21)     Total                          Min: 0, Avg:  0.0, Max: 0, Diff: 0, Sum: 0, Workers: 4
[518.599s][debug][gc,phases      ] GC(21) Weak Processing 0.349ms
[518.599s][debug][gc,age         ] GC(21) Desired survivor size 278396928 bytes, new threshold 1 (max threshold 15)
[518.599s][info ][gc,heap        ] GC(21) PSYoungGen: 1496096K(1790464K)->2160K(1825280K) Eden: 1494528K(1494528K)->0K(1541120K) From: 1568K(295936K)->2160K(284160K)
[518.599s][info ][gc,heap        ] GC(21) ParOldGen: 236455K(236544K)->236587K(237056K)
[518.599s][info ][gc,metaspace   ] GC(21) Metaspace: 106434K(107584K)->106434K(107584K) NonClass: 90895K(91584K)->90895K(91584K) Class: 15538K(16000K)->15538K(16000K)
[518.599s][info ][gc             ] GC(21) Pause Young (Allocation Failure) 1691M->233M(2014M) 2.813ms
[518.599s][info ][gc,cpu         ] GC(21) User=0.01s Sys=0.00s Real=0.00s
[518.599s][info ][safepoint      ] Safepoint "ParallelCollectForAllocation", Time since last: 36394391512 ns, Reaching safepoint: 82600 ns, At safepoint: 2870082 ns, Leaving safepoint: 6100 ns, Total: 2958782 ns, Threads: 1 runnable, 28 total
[557.734s][info ][gc,start       ] GC(22) Pause Young (Allocation Failure)
[557.736s][debug][gc,phases      ] GC(22) Scavenge 1.788ms
[557.736s][debug][gc,ref         ] GC(22) ReferenceProcessor::execute queues: 1, RefProcThreadModel::Single, marks_oops_alive: false
[557.736s][debug][gc,ref         ] GC(22) Skipped KeepAliveFinalRefsPhase of Reference Processing: no references
[557.736s][debug][gc,ref         ] GC(22) Skipped PhantomRefsPhase of Reference Processing: no references
[557.736s][debug][gc,phases      ] GC(22) Reference Processing 0.092ms
[557.736s][debug][gc,phases      ] GC(22)   VM Weak                        Min: 0.00, Avg: 0.00, Max: 0.01, Diff: 0.01, Sum: 0.01, Workers: 4
[557.736s][debug][gc,phases      ] GC(22)     Dead                           Min: 0, Avg:  0.0, Max: 0, Diff: 0, Sum: 0, Workers: 4
[557.736s][debug][gc,phases      ] GC(22)     Total                          Min: 0, Avg: 197.8, Max: 576, Diff: 576, Sum: 791, Workers: 4
[557.736s][debug][gc,phases      ] GC(22)   ObjectSynchronizer Weak        Min: 0.00, Avg: 0.00, Max: 0.00, Diff: 0.00, Sum: 0.00, Workers: 4
[557.736s][debug][gc,phases      ] GC(22)     Dead                           Min: 0, Avg:  0.0, Max: 0, Diff: 0, Sum: 0, Workers: 4
[557.736s][debug][gc,phases      ] GC(22)     Total                          Min: 0, Avg:  1.2, Max: 5, Diff: 5, Sum: 5, Workers: 4
[557.736s][debug][gc,phases      ] GC(22)   JVMTI Tag Weak OopStorage      Min: 0.00, Avg: 0.00, Max: 0.00, Diff: 0.00, Sum: 0.00, Workers: 4
[557.736s][debug][gc,phases      ] GC(22)     Dead                           Min: 0, Avg:  0.0, Max: 0, Diff: 0, Sum: 0, Workers: 4
[557.736s][debug][gc,phases      ] GC(22)     Total                          Min: 0, Avg:  0.0, Max: 0, Diff: 0, Sum: 0, Workers: 4
[557.736s][debug][gc,phases      ] GC(22)   StringTable Weak               Min: 0.00, Avg: 0.09, Max: 0.13, Diff: 0.13, Sum: 0.38, Workers: 4
[557.736s][debug][gc,phases      ] GC(22)     Dead                           Min: 0, Avg:  0.0, Max: 0, Diff: 0, Sum: 0, Workers: 4
[557.736s][debug][gc,phases      ] GC(22)     Total                          Min: 0, Avg: 12293.2, Max: 21654, Diff: 21654, Sum: 49173, Workers: 4
[557.736s][debug][gc,phases      ] GC(22)   ResolvedMethodTable Weak       Min: 0.00, Avg: 0.03, Max: 0.04, Diff: 0.04, Sum: 0.13, Workers: 4
[557.736s][debug][gc,phases      ] GC(22)     Dead                           Min: 0, Avg:  5.0, Max: 20, Diff: 20, Sum: 20, Workers: 4
[557.736s][debug][gc,phases      ] GC(22)     Total                          Min: 0, Avg: 3933.0, Max: 6613, Diff: 6613, Sum: 15732, Workers: 4
[557.736s][debug][gc,phases      ] GC(22)   JNI Weak                       Min: 0.00, Avg: 0.00, Max: 0.00, Diff: 0.00, Sum: 0.00, Workers: 4
[557.736s][debug][gc,phases      ] GC(22)     Dead                           Min: 0, Avg:  0.0, Max: 0, Diff: 0, Sum: 0, Workers: 4
[557.736s][debug][gc,phases      ] GC(22)     Total                          Min: 0, Avg: 13.0, Max: 48, Diff: 48, Sum: 52, Workers: 4
[557.736s][debug][gc,phases      ] GC(22)   StringDedup Table Weak         Min: 0.00, Avg: 0.00, Max: 0.00, Diff: 0.00, Sum: 0.00, Workers: 4
[557.736s][debug][gc,phases      ] GC(22)     Dead                           Min: 0, Avg:  0.0, Max: 0, Diff: 0, Sum: 0, Workers: 4
[557.736s][debug][gc,phases      ] GC(22)     Total                          Min: 0, Avg:  0.0, Max: 0, Diff: 0, Sum: 0, Workers: 4
[557.736s][debug][gc,phases      ] GC(22)   StringDedup Requests0 Weak     Min: 0.00, Avg: 0.00, Max: 0.00, Diff: 0.00, Sum: 0.00, Workers: 4
[557.736s][debug][gc,phases      ] GC(22)     Dead                           Min: 0, Avg:  0.0, Max: 0, Diff: 0, Sum: 0, Workers: 4
[557.736s][debug][gc,phases      ] GC(22)     Total                          Min: 0, Avg:  0.0, Max: 0, Diff: 0, Sum: 0, Workers: 4
[557.736s][debug][gc,phases      ] GC(22)   StringDedup Requests1 Weak     Min: 0.00, Avg: 0.00, Max: 0.00, Diff: 0.00, Sum: 0.00, Workers: 4
[557.736s][debug][gc,phases      ] GC(22)     Dead                           Min: 0, Avg:  0.0, Max: 0, Diff: 0, Sum: 0, Workers: 4
[557.736s][debug][gc,phases      ] GC(22)     Total                          Min: 0, Avg:  0.0, Max: 0, Diff: 0, Sum: 0, Workers: 4
[557.736s][debug][gc,phases      ] GC(22)   Weak JFR Old Object Samples    Min: 0.00, Avg: 0.00, Max: 0.00, Diff: 0.00, Sum: 0.00, Workers: 4
[557.736s][debug][gc,phases      ] GC(22)     Dead                           Min: 0, Avg:  0.0, Max: 0, Diff: 0, Sum: 0, Workers: 4
[557.736s][debug][gc,phases      ] GC(22)     Total                          Min: 0, Avg:  0.0, Max: 0, Diff: 0, Sum: 0, Workers: 4
[557.736s][debug][gc,phases      ] GC(22) Weak Processing 0.396ms
[557.737s][debug][gc,age         ] GC(22) Desired survivor size 265289728 bytes, new threshold 1 (max threshold 15)
[557.737s][info ][gc,heap        ] GC(22) PSYoungGen: 1543280K(1825280K)->1536K(1812992K) Eden: 1541120K(1541120K)->0K(1541120K) From: 2160K(284160K)->1536K(271872K)
[557.737s][info ][gc,heap        ] GC(22) ParOldGen: 236587K(237056K)->236735K(237056K)
[557.737s][info ][gc,metaspace   ] GC(22) Metaspace: 106452K(107584K)->106452K(107584K) NonClass: 90913K(91584K)->90913K(91584K) Class: 15538K(16000K)->15538K(16000K)
[557.737s][info ][gc             ] GC(22) Pause Young (Allocation Failure) 1738M->232M(2002M) 2.388ms
[557.737s][info ][gc,cpu         ] GC(22) User=0.00s Sys=0.00s Real=0.00s
[557.737s][info ][safepoint      ] Safepoint "ParallelCollectForAllocation", Time since last: 39134753811 ns, Reaching safepoint: 31199 ns, At safepoint: 2468485 ns, Leaving safepoint: 3000 ns, Total: 2502684 ns, Threads: 0 runnable, 28 total
[583.002s][debug][gc,phases      ] GC(23) Pre Compact 0.022ms
[583.002s][info ][gc,start       ] GC(23) Pause Full (CodeCache GC Threshold)
[583.002s][info ][gc,phases,start] GC(23) Marking Phase
[583.070s][debug][gc,phases      ] GC(23) Par Mark 67.806ms
[583.070s][debug][gc,ref         ] GC(23) ReferenceProcessor::execute queues: 4, RefProcThreadModel::Multi, marks_oops_alive: false
[583.071s][debug][gc,ref         ] GC(23) ReferenceProcessor::execute queues: 4, RefProcThreadModel::Multi, marks_oops_alive: true
[583.071s][debug][gc,ref         ] GC(23) ReferenceProcessor::execute queues: 1, RefProcThreadModel::Single, marks_oops_alive: false
[583.071s][debug][gc,phases      ] GC(23) Reference Processing 1.193ms
[583.071s][debug][gc,phases      ] GC(23) Flush Marking Stats 0.026ms
[583.071s][debug][gc,phases      ] GC(23)   VM Weak                        Min: 0.00, Avg: 0.00, Max: 0.01, Diff: 0.01, Sum: 0.02, Workers: 4
[583.071s][debug][gc,phases      ] GC(23)     Dead                           Min: 0, Avg:  0.0, Max: 0, Diff: 0, Sum: 0, Workers: 4
[583.071s][debug][gc,phases      ] GC(23)     Total                          Min: 0, Avg: 197.8, Max: 471, Diff: 471, Sum: 791, Workers: 4
[583.071s][debug][gc,phases      ] GC(23)   ObjectSynchronizer Weak        Min: 0.00, Avg: 0.00, Max: 0.00, Diff: 0.00, Sum: 0.00, Workers: 4
[583.071s][debug][gc,phases      ] GC(23)     Dead                           Min: 0, Avg:  0.0, Max: 0, Diff: 0, Sum: 0, Workers: 4
[583.071s][debug][gc,phases      ] GC(23)     Total                          Min: 0, Avg:  1.2, Max: 5, Diff: 5, Sum: 5, Workers: 4
[583.071s][debug][gc,phases      ] GC(23)   JVMTI Tag Weak OopStorage      Min: 0.00, Avg: 0.00, Max: 0.00, Diff: 0.00, Sum: 0.00, Workers: 4
[583.071s][debug][gc,phases      ] GC(23)     Dead                           Min: 0, Avg:  0.0, Max: 0, Diff: 0, Sum: 0, Workers: 4
[583.071s][debug][gc,phases      ] GC(23)     Total                          Min: 0, Avg:  0.0, Max: 0, Diff: 0, Sum: 0, Workers: 4
[583.071s][debug][gc,phases      ] GC(23)   StringTable Weak               Min: 0.17, Avg: 0.17, Max: 0.17, Diff: 0.00, Sum: 0.69, Workers: 4
[583.071s][debug][gc,phases      ] GC(23)     Dead                           Min: 0, Avg:  0.0, Max: 0, Diff: 0, Sum: 0, Workers: 4
[583.071s][debug][gc,phases      ] GC(23)     Total                          Min: 11863, Avg: 12293.5, Max: 13055, Diff: 1192, Sum: 49174, Workers: 4
[583.071s][debug][gc,phases      ] GC(23)   ResolvedMethodTable Weak       Min: 0.06, Avg: 0.06, Max: 0.07, Diff: 0.02, Sum: 0.25, Workers: 4
[583.071s][debug][gc,phases      ] GC(23)     Dead                           Min: 0, Avg:  5.2, Max: 21, Diff: 21, Sum: 21, Workers: 4
[583.071s][debug][gc,phases      ] GC(23)     Total                          Min: 2362, Avg: 3933.2, Max: 4677, Diff: 2315, Sum: 15733, Workers: 4
[583.071s][debug][gc,phases      ] GC(23)   JNI Weak                       Min: 0.00, Avg: 0.00, Max: 0.00, Diff: 0.00, Sum: 0.00, Workers: 4
[583.071s][debug][gc,phases      ] GC(23)     Dead                           Min: 0, Avg:  0.0, Max: 0, Diff: 0, Sum: 0, Workers: 4
[583.071s][debug][gc,phases      ] GC(23)     Total                          Min: 0, Avg: 13.0, Max: 48, Diff: 48, Sum: 52, Workers: 4
[583.071s][debug][gc,phases      ] GC(23)   StringDedup Table Weak         Min: 0.00, Avg: 0.00, Max: 0.00, Diff: 0.00, Sum: 0.00, Workers: 4
[583.071s][debug][gc,phases      ] GC(23)     Dead                           Min: 0, Avg:  0.0, Max: 0, Diff: 0, Sum: 0, Workers: 4
[583.071s][debug][gc,phases      ] GC(23)     Total                          Min: 0, Avg:  0.0, Max: 0, Diff: 0, Sum: 0, Workers: 4
[583.071s][debug][gc,phases      ] GC(23)   StringDedup Requests0 Weak     Min: 0.00, Avg: 0.00, Max: 0.00, Diff: 0.00, Sum: 0.00, Workers: 4
[583.071s][debug][gc,phases      ] GC(23)     Dead                           Min: 0, Avg:  0.0, Max: 0, Diff: 0, Sum: 0, Workers: 4
[583.071s][debug][gc,phases      ] GC(23)     Total                          Min: 0, Avg:  0.0, Max: 0, Diff: 0, Sum: 0, Workers: 4
[583.071s][debug][gc,phases      ] GC(23)   StringDedup Requests1 Weak     Min: 0.00, Avg: 0.00, Max: 0.00, Diff: 0.00, Sum: 0.00, Workers: 4
[583.071s][debug][gc,phases      ] GC(23)     Dead                           Min: 0, Avg:  0.0, Max: 0, Diff: 0, Sum: 0, Workers: 4
[583.071s][debug][gc,phases      ] GC(23)     Total                          Min: 0, Avg:  0.0, Max: 0, Diff: 0, Sum: 0, Workers: 4
[583.071s][debug][gc,phases      ] GC(23)   Weak JFR Old Object Samples    Min: 0.00, Avg: 0.00, Max: 0.00, Diff: 0.00, Sum: 0.00, Workers: 4
[583.071s][debug][gc,phases      ] GC(23)     Dead                           Min: 0, Avg:  0.0, Max: 0, Diff: 0, Sum: 0, Workers: 4
[583.071s][debug][gc,phases      ] GC(23)     Total                          Min: 0, Avg:  0.0, Max: 0, Diff: 0, Sum: 0, Workers: 4
[583.071s][debug][gc,phases      ] GC(23) Weak Processing 0.416ms
[583.071s][debug][gc,phases      ] GC(23) ClassLoaderData 0.103ms
[583.071s][debug][gc,phases      ] GC(23) Trigger cleanups 0.000ms
[583.114s][debug][gc,phases      ] GC(23) Purge Unlinked NMethods 1.511ms
[583.114s][debug][gc,phases      ] GC(23) Unregister NMethods 0.001ms
[583.114s][debug][gc,phases      ] GC(23) Free Code Blobs 0.152ms
[583.114s][debug][gc,phases      ] GC(23) Class Unloading 42.534ms
[583.114s][debug][gc,phases      ] GC(23) Report Object Count 0.001ms
[583.114s][info ][gc,phases      ] GC(23) Marking Phase 112.040ms
[583.114s][info ][gc,phases,start] GC(23) Summary Phase
[583.114s][info ][gc,phases      ] GC(23) Summary Phase 0.026ms
[583.114s][info ][gc,phases,start] GC(23) Forward
[583.115s][info ][gc,phases      ] GC(23) Forward 0.972ms
[583.115s][info ][gc,phases,start] GC(23) Adjust Pointers
[583.172s][info ][gc,phases      ] GC(23) Adjust Pointers 57.045ms
[583.172s][info ][gc,phases,start] GC(23) Compaction Phase
[583.189s][info ][gc,phases      ] GC(23) Compaction Phase 17.025ms
[583.189s][info ][gc,phases,start] GC(23) Post Compact
[583.196s][debug][gc,phases      ] GC(23) Purge Class Loader Data 0.326ms
[583.196s][info ][gc,phases      ] GC(23) Post Compact 7.009ms
[583.196s][info ][gc,heap        ] GC(23) PSYoungGen: 1052783K(1812992K)->146K(1812992K) Eden: 1051247K(1541120K)->146K(1541120K) From: 1536K(271872K)->0K(271872K)
[583.196s][info ][gc,heap        ] GC(23) ParOldGen: 236735K(237056K)->237055K(237056K)
[583.196s][info ][gc,metaspace   ] GC(23) Metaspace: 106458K(107584K)->106458K(107584K) NonClass: 90919K(91584K)->90919K(91584K) Class: 15538K(16000K)->15538K(16000K)
[583.196s][info ][gc             ] GC(23) Pause Full (CodeCache GC Threshold) 1259M->231M(2002M) 194.328ms
[583.196s][info ][gc,cpu         ] GC(23) User=0.51s Sys=0.02s Real=0.19s
[583.196s][info ][safepoint      ] Safepoint "ParallelGCCollect", Time since last: 25265097083 ns, Reaching safepoint: 4700 ns, At safepoint: 194426783 ns, Leaving safepoint: 13200 ns, Total: 194444683 ns, Threads: 0 runnable, 27 total
[620.565s][info ][gc,start       ] GC(24) Pause Young (Allocation Failure)
[620.595s][debug][gc,phases      ] GC(24) Scavenge 29.920ms
[620.595s][debug][gc,ref         ] GC(24) ReferenceProcessor::execute queues: 1, RefProcThreadModel::Single, marks_oops_alive: false
[620.595s][debug][gc,ref         ] GC(24) Skipped KeepAliveFinalRefsPhase of Reference Processing: no references
[620.595s][debug][gc,ref         ] GC(24) Skipped PhantomRefsPhase of Reference Processing: no references
[620.595s][debug][gc,phases      ] GC(24) Reference Processing 0.099ms
[620.595s][debug][gc,phases      ] GC(24)   VM Weak                        Min: 0.00, Avg: 0.00, Max: 0.01, Diff: 0.01, Sum: 0.01, Workers: 4
[620.595s][debug][gc,phases      ] GC(24)     Dead                           Min: 0, Avg:  0.0, Max: 0, Diff: 0, Sum: 0, Workers: 4
[620.595s][debug][gc,phases      ] GC(24)     Total                          Min: 0, Avg: 197.8, Max: 791, Diff: 791, Sum: 791, Workers: 4
[620.595s][debug][gc,phases      ] GC(24)   ObjectSynchronizer Weak        Min: 0.00, Avg: 0.00, Max: 0.00, Diff: 0.00, Sum: 0.00, Workers: 4
[620.595s][debug][gc,phases      ] GC(24)     Dead                           Min: 0, Avg:  0.0, Max: 0, Diff: 0, Sum: 0, Workers: 4
[620.595s][debug][gc,phases      ] GC(24)     Total                          Min: 0, Avg:  1.2, Max: 5, Diff: 5, Sum: 5, Workers: 4
[620.595s][debug][gc,phases      ] GC(24)   JVMTI Tag Weak OopStorage      Min: 0.00, Avg: 0.00, Max: 0.00, Diff: 0.00, Sum: 0.00, Workers: 4
[620.595s][debug][gc,phases      ] GC(24)     Dead                           Min: 0, Avg:  0.0, Max: 0, Diff: 0, Sum: 0, Workers: 4
[620.595s][debug][gc,phases      ] GC(24)     Total                          Min: 0, Avg:  0.0, Max: 0, Diff: 0, Sum: 0, Workers: 4
[620.595s][debug][gc,phases      ] GC(24)   StringTable Weak               Min: 0.00, Avg: 0.09, Max: 0.13, Diff: 0.13, Sum: 0.38, Workers: 4
[620.595s][debug][gc,phases      ] GC(24)     Dead                           Min: 0, Avg:  0.0, Max: 0, Diff: 0, Sum: 0, Workers: 4
[620.595s][debug][gc,phases      ] GC(24)     Total                          Min: 0, Avg: 12297.2, Max: 20544, Diff: 20544, Sum: 49189, Workers: 4
[620.595s][debug][gc,phases      ] GC(24)   ResolvedMethodTable Weak       Min: 0.00, Avg: 0.03, Max: 0.04, Diff: 0.04, Sum: 0.13, Workers: 4
[620.595s][debug][gc,phases      ] GC(24)     Dead                           Min: 0, Avg:  5.0, Max: 20, Diff: 20, Sum: 20, Workers: 4
[620.595s][debug][gc,phases      ] GC(24)     Total                          Min: 0, Avg: 3933.2, Max: 6419, Diff: 6419, Sum: 15733, Workers: 4
[620.595s][debug][gc,phases      ] GC(24)   JNI Weak                       Min: 0.00, Avg: 0.00, Max: 0.00, Diff: 0.00, Sum: 0.00, Workers: 4
[620.595s][debug][gc,phases      ] GC(24)     Dead                           Min: 0, Avg:  0.0, Max: 0, Diff: 0, Sum: 0, Workers: 4
[620.595s][debug][gc,phases      ] GC(24)     Total                          Min: 0, Avg: 13.0, Max: 48, Diff: 48, Sum: 52, Workers: 4
[620.595s][debug][gc,phases      ] GC(24)   StringDedup Table Weak         Min: 0.00, Avg: 0.00, Max: 0.00, Diff: 0.00, Sum: 0.00, Workers: 4
[620.595s][debug][gc,phases      ] GC(24)     Dead                           Min: 0, Avg:  0.0, Max: 0, Diff: 0, Sum: 0, Workers: 4
[620.595s][debug][gc,phases      ] GC(24)     Total                          Min: 0, Avg:  0.0, Max: 0, Diff: 0, Sum: 0, Workers: 4
[620.595s][debug][gc,phases      ] GC(24)   StringDedup Requests0 Weak     Min: 0.00, Avg: 0.00, Max: 0.00, Diff: 0.00, Sum: 0.00, Workers: 4
[620.595s][debug][gc,phases      ] GC(24)     Dead                           Min: 0, Avg:  0.0, Max: 0, Diff: 0, Sum: 0, Workers: 4
[620.595s][debug][gc,phases      ] GC(24)     Total                          Min: 0, Avg:  0.0, Max: 0, Diff: 0, Sum: 0, Workers: 4
[620.595s][debug][gc,phases      ] GC(24)   StringDedup Requests1 Weak     Min: 0.00, Avg: 0.00, Max: 0.00, Diff: 0.00, Sum: 0.00, Workers: 4
[620.595s][debug][gc,phases      ] GC(24)     Dead                           Min: 0, Avg:  0.0, Max: 0, Diff: 0, Sum: 0, Workers: 4
[620.596s][debug][gc,phases      ] GC(24)     Total                          Min: 0, Avg:  0.0, Max: 0, Diff: 0, Sum: 0, Workers: 4
[620.596s][debug][gc,phases      ] GC(24)   Weak JFR Old Object Samples    Min: 0.00, Avg: 0.00, Max: 0.00, Diff: 0.00, Sum: 0.00, Workers: 4
[620.596s][debug][gc,phases      ] GC(24)     Dead                           Min: 0, Avg:  0.0, Max: 0, Diff: 0, Sum: 0, Workers: 4
[620.596s][debug][gc,phases      ] GC(24)     Total                          Min: 0, Avg:  0.0, Max: 0, Diff: 0, Sum: 0, Workers: 4
[620.596s][debug][gc,phases      ] GC(24) Weak Processing 0.376ms
[620.596s][debug][gc,age         ] GC(24) Desired survivor size 252182528 bytes, new threshold 1 (max threshold 15)
[620.596s][info ][gc,heap        ] GC(24) PSYoungGen: 1541120K(1812992K)->1968K(1850880K) Eden: 1541120K(1541120K)->0K(1591808K) From: 0K(271872K)->1968K(259072K)
[620.596s][info ][gc,heap        ] GC(24) ParOldGen: 237055K(237056K)->237055K(237056K)
[620.596s][info ][gc,metaspace   ] GC(24) Metaspace: 106469K(107584K)->106469K(107584K) NonClass: 90930K(91584K)->90930K(91584K) Class: 15538K(16000K)->15538K(16000K)
[620.596s][info ][gc             ] GC(24) Pause Young (Allocation Failure) 1736M->233M(2039M) 30.562ms
[620.596s][info ][gc,cpu         ] GC(24) User=0.11s Sys=0.00s Real=0.03s
[620.596s][info ][safepoint      ] Safepoint "ParallelCollectForAllocation", Time since last: 37368868069 ns, Reaching safepoint: 5900 ns, At safepoint: 30627809 ns, Leaving safepoint: 16200 ns, Total: 30649909 ns, Threads: 0 runnable, 31 total
[660.605s][info ][gc,start       ] GC(25) Pause Young (Allocation Failure)
[660.606s][debug][gc,phases      ] GC(25) Scavenge 1.679ms
[660.606s][debug][gc,ref         ] GC(25) ReferenceProcessor::execute queues: 1, RefProcThreadModel::Single, marks_oops_alive: false
[660.606s][debug][gc,ref         ] GC(25) Skipped KeepAliveFinalRefsPhase of Reference Processing: no references
[660.606s][debug][gc,ref         ] GC(25) Skipped PhantomRefsPhase of Reference Processing: no references
[660.606s][debug][gc,phases      ] GC(25) Reference Processing 0.093ms
[660.607s][debug][gc,phases      ] GC(25)   VM Weak                        Min: 0.00, Avg: 0.00, Max: 0.01, Diff: 0.01, Sum: 0.01, Workers: 4
[660.607s][debug][gc,phases      ] GC(25)     Dead                           Min: 0, Avg:  0.0, Max: 0, Diff: 0, Sum: 0, Workers: 4
[660.607s][debug][gc,phases      ] GC(25)     Total                          Min: 0, Avg: 197.8, Max: 704, Diff: 704, Sum: 791, Workers: 4
[660.607s][debug][gc,phases      ] GC(25)   ObjectSynchronizer Weak        Min: 0.00, Avg: 0.00, Max: 0.00, Diff: 0.00, Sum: 0.00, Workers: 4
[660.607s][debug][gc,phases      ] GC(25)     Dead                           Min: 0, Avg:  0.0, Max: 0, Diff: 0, Sum: 0, Workers: 4
[660.607s][debug][gc,phases      ] GC(25)     Total                          Min: 0, Avg:  1.2, Max: 5, Diff: 5, Sum: 5, Workers: 4
[660.607s][debug][gc,phases      ] GC(25)   JVMTI Tag Weak OopStorage      Min: 0.00, Avg: 0.00, Max: 0.00, Diff: 0.00, Sum: 0.00, Workers: 4
[660.607s][debug][gc,phases      ] GC(25)     Dead                           Min: 0, Avg:  0.0, Max: 0, Diff: 0, Sum: 0, Workers: 4
[660.607s][debug][gc,phases      ] GC(25)     Total                          Min: 0, Avg:  0.0, Max: 0, Diff: 0, Sum: 0, Workers: 4
[660.607s][debug][gc,phases      ] GC(25)   StringTable Weak               Min: 0.00, Avg: 0.10, Max: 0.14, Diff: 0.14, Sum: 0.41, Workers: 4
[660.607s][debug][gc,phases      ] GC(25)     Dead                           Min: 0, Avg:  0.2, Max: 1, Diff: 1, Sum: 1, Workers: 4
[660.607s][debug][gc,phases      ] GC(25)     Total                          Min: 0, Avg: 12309.5, Max: 20287, Diff: 20287, Sum: 49238, Workers: 4
[660.607s][debug][gc,phases      ] GC(25)   ResolvedMethodTable Weak       Min: 0.00, Avg: 0.03, Max: 0.04, Diff: 0.04, Sum: 0.13, Workers: 4
[660.607s][debug][gc,phases      ] GC(25)     Dead                           Min: 0, Avg:  5.0, Max: 20, Diff: 20, Sum: 20, Workers: 4
[660.607s][debug][gc,phases      ] GC(25)     Total                          Min: 0, Avg: 3933.8, Max: 6473, Diff: 6473, Sum: 15735, Workers: 4
[660.607s][debug][gc,phases      ] GC(25)   JNI Weak                       Min: 0.00, Avg: 0.00, Max: 0.00, Diff: 0.00, Sum: 0.00, Workers: 4
[660.607s][debug][gc,phases      ] GC(25)     Dead                           Min: 0, Avg:  0.0, Max: 0, Diff: 0, Sum: 0, Workers: 4
[660.607s][debug][gc,phases      ] GC(25)     Total                          Min: 0, Avg: 13.0, Max: 52, Diff: 52, Sum: 52, Workers: 4
[660.607s][debug][gc,phases      ] GC(25)   StringDedup Table Weak         Min: 0.00, Avg: 0.00, Max: 0.00, Diff: 0.00, Sum: 0.00, Workers: 4
[660.607s][debug][gc,phases      ] GC(25)     Dead                           Min: 0, Avg:  0.0, Max: 0, Diff: 0, Sum: 0, Workers: 4
[660.607s][debug][gc,phases      ] GC(25)     Total                          Min: 0, Avg:  0.0, Max: 0, Diff: 0, Sum: 0, Workers: 4
[660.607s][debug][gc,phases      ] GC(25)   StringDedup Requests0 Weak     Min: 0.00, Avg: 0.00, Max: 0.00, Diff: 0.00, Sum: 0.00, Workers: 4
[660.607s][debug][gc,phases      ] GC(25)     Dead                           Min: 0, Avg:  0.0, Max: 0, Diff: 0, Sum: 0, Workers: 4
[660.607s][debug][gc,phases      ] GC(25)     Total                          Min: 0, Avg:  0.0, Max: 0, Diff: 0, Sum: 0, Workers: 4
[660.607s][debug][gc,phases      ] GC(25)   StringDedup Requests1 Weak     Min: 0.00, Avg: 0.00, Max: 0.00, Diff: 0.00, Sum: 0.00, Workers: 4
[660.607s][debug][gc,phases      ] GC(25)     Dead                           Min: 0, Avg:  0.0, Max: 0, Diff: 0, Sum: 0, Workers: 4
[660.607s][debug][gc,phases      ] GC(25)     Total                          Min: 0, Avg:  0.0, Max: 0, Diff: 0, Sum: 0, Workers: 4
[660.607s][debug][gc,phases      ] GC(25)   Weak JFR Old Object Samples    Min: 0.00, Avg: 0.00, Max: 0.00, Diff: 0.00, Sum: 0.00, Workers: 4
[660.607s][debug][gc,phases      ] GC(25)     Dead                           Min: 0, Avg:  0.0, Max: 0, Diff: 0, Sum: 0, Workers: 4
[660.607s][debug][gc,phases      ] GC(25)     Total                          Min: 0, Avg:  0.0, Max: 0, Diff: 0, Sum: 0, Workers: 4
[660.607s][debug][gc,phases      ] GC(25) Weak Processing 0.372ms
[660.607s][debug][gc,age         ] GC(25) Desired survivor size 239075328 bytes, new threshold 1 (max threshold 15)
[660.607s][info ][gc,heap        ] GC(25) PSYoungGen: 1593776K(1850880K)->1872K(1838080K) Eden: 1591808K(1591808K)->0K(1591808K) From: 1968K(259072K)->1872K(246272K)
[660.607s][info ][gc,heap        ] GC(25) ParOldGen: 237055K(237056K)->237268K(237568K)
[660.607s][info ][gc,metaspace   ] GC(25) Metaspace: 106602K(107712K)->106602K(107712K) NonClass: 91058K(91712K)->91058K(91712K) Class: 15544K(16000K)->15544K(16000K)
[660.607s][info ][gc             ] GC(25) Pause Young (Allocation Failure) 1787M->233M(2027M) 2.234ms
[660.607s][info ][gc,cpu         ] GC(25) User=0.01s Sys=0.00s Real=0.00s
[660.607s][info ][safepoint      ] Safepoint "ParallelCollectForAllocation", Time since last: 40008978698 ns, Reaching safepoint: 20100 ns, At safepoint: 2290286 ns, Leaving safepoint: 2200 ns, Total: 2312586 ns, Threads: 0 runnable, 31 total
[700.350s][info ][gc,start       ] GC(26) Pause Young (Allocation Failure)
[700.351s][debug][gc,phases      ] GC(26) Scavenge 1.507ms
[700.351s][debug][gc,ref         ] GC(26) ReferenceProcessor::execute queues: 1, RefProcThreadModel::Single, marks_oops_alive: false
[700.351s][debug][gc,ref         ] GC(26) Skipped KeepAliveFinalRefsPhase of Reference Processing: no references
[700.351s][debug][gc,ref         ] GC(26) Skipped PhantomRefsPhase of Reference Processing: no references
[700.351s][debug][gc,phases      ] GC(26) Reference Processing 0.108ms
[700.351s][debug][gc,phases      ] GC(26)   VM Weak                        Min: 0.00, Avg: 0.00, Max: 0.01, Diff: 0.00, Sum: 0.01, Workers: 4
[700.351s][debug][gc,phases      ] GC(26)     Dead                           Min: 0, Avg:  0.0, Max: 0, Diff: 0, Sum: 0, Workers: 4
[700.351s][debug][gc,phases      ] GC(26)     Total                          Min: 0, Avg: 197.8, Max: 384, Diff: 384, Sum: 791, Workers: 4
[700.351s][debug][gc,phases      ] GC(26)   ObjectSynchronizer Weak        Min: 0.00, Avg: 0.00, Max: 0.00, Diff: 0.00, Sum: 0.00, Workers: 4
[700.351s][debug][gc,phases      ] GC(26)     Dead                           Min: 0, Avg:  0.0, Max: 0, Diff: 0, Sum: 0, Workers: 4
[700.351s][debug][gc,phases      ] GC(26)     Total                          Min: 0, Avg:  1.2, Max: 5, Diff: 5, Sum: 5, Workers: 4
[700.351s][debug][gc,phases      ] GC(26)   JVMTI Tag Weak OopStorage      Min: 0.00, Avg: 0.00, Max: 0.00, Diff: 0.00, Sum: 0.00, Workers: 4
[700.351s][debug][gc,phases      ] GC(26)     Dead                           Min: 0, Avg:  0.0, Max: 0, Diff: 0, Sum: 0, Workers: 4
[700.351s][debug][gc,phases      ] GC(26)     Total                          Min: 0, Avg:  0.0, Max: 0, Diff: 0, Sum: 0, Workers: 4
[700.351s][debug][gc,phases      ] GC(26)   StringTable Weak               Min: 0.11, Avg: 0.11, Max: 0.12, Diff: 0.00, Sum: 0.46, Workers: 4
[700.351s][debug][gc,phases      ] GC(26)     Dead                           Min: 0, Avg:  0.2, Max: 1, Diff: 1, Sum: 1, Workers: 4
[700.351s][debug][gc,phases      ] GC(26)     Total                          Min: 12059, Avg: 12310.5, Max: 12416, Diff: 357, Sum: 49242, Workers: 4
[700.351s][debug][gc,phases      ] GC(26)   ResolvedMethodTable Weak       Min: 0.04, Avg: 0.04, Max: 0.04, Diff: 0.00, Sum: 0.15, Workers: 4
[700.351s][debug][gc,phases      ] GC(26)     Dead                           Min: 0, Avg:  5.0, Max: 20, Diff: 20, Sum: 20, Workers: 4
[700.351s][debug][gc,phases      ] GC(26)     Total                          Min: 3865, Avg: 3935.2, Max: 4017, Diff: 152, Sum: 15741, Workers: 4
[700.351s][debug][gc,phases      ] GC(26)   JNI Weak                       Min: 0.00, Avg: 0.00, Max: 0.00, Diff: 0.00, Sum: 0.00, Workers: 4
[700.351s][debug][gc,phases      ] GC(26)     Dead                           Min: 0, Avg:  0.0, Max: 0, Diff: 0, Sum: 0, Workers: 4
[700.352s][debug][gc,phases      ] GC(26)     Total                          Min: 0, Avg: 13.0, Max: 48, Diff: 48, Sum: 52, Workers: 4
[700.352s][debug][gc,phases      ] GC(26)   StringDedup Table Weak         Min: 0.00, Avg: 0.00, Max: 0.00, Diff: 0.00, Sum: 0.00, Workers: 4
[700.352s][debug][gc,phases      ] GC(26)     Dead                           Min: 0, Avg:  0.0, Max: 0, Diff: 0, Sum: 0, Workers: 4
[700.352s][debug][gc,phases      ] GC(26)     Total                          Min: 0, Avg:  0.0, Max: 0, Diff: 0, Sum: 0, Workers: 4
[700.352s][debug][gc,phases      ] GC(26)   StringDedup Requests0 Weak     Min: 0.00, Avg: 0.00, Max: 0.00, Diff: 0.00, Sum: 0.00, Workers: 4
[700.352s][debug][gc,phases      ] GC(26)     Dead                           Min: 0, Avg:  0.0, Max: 0, Diff: 0, Sum: 0, Workers: 4
[700.352s][debug][gc,phases      ] GC(26)     Total                          Min: 0, Avg:  0.0, Max: 0, Diff: 0, Sum: 0, Workers: 4
[700.352s][debug][gc,phases      ] GC(26)   StringDedup Requests1 Weak     Min: 0.00, Avg: 0.00, Max: 0.00, Diff: 0.00, Sum: 0.00, Workers: 4
[700.352s][debug][gc,phases      ] GC(26)     Dead                           Min: 0, Avg:  0.0, Max: 0, Diff: 0, Sum: 0, Workers: 4
[700.352s][debug][gc,phases      ] GC(26)     Total                          Min: 0, Avg:  0.0, Max: 0, Diff: 0, Sum: 0, Workers: 4
[700.352s][debug][gc,phases      ] GC(26)   Weak JFR Old Object Samples    Min: 0.00, Avg: 0.00, Max: 0.00, Diff: 0.00, Sum: 0.00, Workers: 4
[700.352s][debug][gc,phases      ] GC(26)     Dead                           Min: 0, Avg:  0.0, Max: 0, Diff: 0, Sum: 0, Workers: 4
[700.352s][debug][gc,phases      ] GC(26)     Total                          Min: 0, Avg:  0.0, Max: 0, Diff: 0, Sum: 0, Workers: 4
[700.352s][debug][gc,phases      ] GC(26) Weak Processing 0.341ms
[700.352s][debug][gc,age         ] GC(26) Desired survivor size 225968128 bytes, new threshold 1 (max threshold 15)
[700.352s][info ][gc,heap        ] GC(26) PSYoungGen: 1593680K(1838080K)->1584K(1876480K) Eden: 1591808K(1591808K)->0K(1643008K) From: 1872K(246272K)->1584K(233472K)
[700.352s][info ][gc,heap        ] GC(26) ParOldGen: 237268K(237568K)->237452K(237568K)
[700.352s][info ][gc,metaspace   ] GC(26) Metaspace: 106612K(107712K)->106612K(107712K) NonClass: 91067K(91712K)->91067K(91712K) Class: 15545K(16000K)->15545K(16000K)
[700.352s][info ][gc             ] GC(26) Pause Young (Allocation Failure) 1788M->233M(2064M) 2.108ms
[700.352s][info ][gc,cpu         ] GC(26) User=0.01s Sys=0.01s Real=0.01s
[700.352s][info ][safepoint      ] Safepoint "ParallelCollectForAllocation", Time since last: 39742535385 ns, Reaching safepoint: 5100 ns, At safepoint: 2169987 ns, Leaving safepoint: 2400 ns, Total: 2177487 ns, Threads: 0 runnable, 28 total
[741.498s][info ][gc,start       ] GC(27) Pause Young (Allocation Failure)
[741.499s][debug][gc,phases      ] GC(27) Scavenge 1.410ms
[741.499s][debug][gc,ref         ] GC(27) ReferenceProcessor::execute queues: 1, RefProcThreadModel::Single, marks_oops_alive: false
[741.499s][debug][gc,ref         ] GC(27) Skipped KeepAliveFinalRefsPhase of Reference Processing: no references
[741.499s][debug][gc,ref         ] GC(27) Skipped PhantomRefsPhase of Reference Processing: no references
[741.499s][debug][gc,phases      ] GC(27) Reference Processing 0.098ms
[741.500s][debug][gc,phases      ] GC(27)   VM Weak                        Min: 0.00, Avg: 0.00, Max: 0.01, Diff: 0.01, Sum: 0.01, Workers: 4
[741.500s][debug][gc,phases      ] GC(27)     Dead                           Min: 0, Avg:  0.0, Max: 0, Diff: 0, Sum: 0, Workers: 4
[741.500s][debug][gc,phases      ] GC(27)     Total                          Min: 0, Avg: 197.8, Max: 791, Diff: 791, Sum: 791, Workers: 4
[741.500s][debug][gc,phases      ] GC(27)   ObjectSynchronizer Weak        Min: 0.00, Avg: 0.00, Max: 0.00, Diff: 0.00, Sum: 0.00, Workers: 4
[741.500s][debug][gc,phases      ] GC(27)     Dead                           Min: 0, Avg:  0.0, Max: 0, Diff: 0, Sum: 0, Workers: 4
[741.500s][debug][gc,phases      ] GC(27)     Total                          Min: 0, Avg:  1.2, Max: 5, Diff: 5, Sum: 5, Workers: 4
[741.500s][debug][gc,phases      ] GC(27)   JVMTI Tag Weak OopStorage      Min: 0.00, Avg: 0.00, Max: 0.00, Diff: 0.00, Sum: 0.00, Workers: 4
[741.500s][debug][gc,phases      ] GC(27)     Dead                           Min: 0, Avg:  0.0, Max: 0, Diff: 0, Sum: 0, Workers: 4
[741.500s][debug][gc,phases      ] GC(27)     Total                          Min: 0, Avg:  0.0, Max: 0, Diff: 0, Sum: 0, Workers: 4
[741.500s][debug][gc,phases      ] GC(27)   StringTable Weak               Min: 0.00, Avg: 0.11, Max: 0.14, Diff: 0.14, Sum: 0.42, Workers: 4
[741.500s][debug][gc,phases      ] GC(27)     Dead                           Min: 0, Avg:  0.0, Max: 0, Diff: 0, Sum: 0, Workers: 4
[741.500s][debug][gc,phases      ] GC(27)     Total                          Min: 0, Avg: 12310.5, Max: 19867, Diff: 19867, Sum: 49242, Workers: 4
[741.500s][debug][gc,phases      ] GC(27)   ResolvedMethodTable Weak       Min: 0.00, Avg: 0.03, Max: 0.04, Diff: 0.04, Sum: 0.13, Workers: 4
[741.500s][debug][gc,phases      ] GC(27)     Dead                           Min: 0, Avg:  5.0, Max: 15, Diff: 15, Sum: 20, Workers: 4
[741.500s][debug][gc,phases      ] GC(27)     Total                          Min: 0, Avg: 3935.2, Max: 6261, Diff: 6261, Sum: 15741, Workers: 4
[741.500s][debug][gc,phases      ] GC(27)   JNI Weak                       Min: 0.00, Avg: 0.00, Max: 0.00, Diff: 0.00, Sum: 0.00, Workers: 4
[741.500s][debug][gc,phases      ] GC(27)     Dead                           Min: 0, Avg:  0.0, Max: 0, Diff: 0, Sum: 0, Workers: 4
[741.500s][debug][gc,phases      ] GC(27)     Total                          Min: 0, Avg: 13.0, Max: 48, Diff: 48, Sum: 52, Workers: 4
[741.500s][debug][gc,phases      ] GC(27)   StringDedup Table Weak         Min: 0.00, Avg: 0.00, Max: 0.00, Diff: 0.00, Sum: 0.00, Workers: 4
[741.500s][debug][gc,phases      ] GC(27)     Dead                           Min: 0, Avg:  0.0, Max: 0, Diff: 0, Sum: 0, Workers: 4
[741.500s][debug][gc,phases      ] GC(27)     Total                          Min: 0, Avg:  0.0, Max: 0, Diff: 0, Sum: 0, Workers: 4
[741.500s][debug][gc,phases      ] GC(27)   StringDedup Requests0 Weak     Min: 0.00, Avg: 0.00, Max: 0.00, Diff: 0.00, Sum: 0.00, Workers: 4
[741.500s][debug][gc,phases      ] GC(27)     Dead                           Min: 0, Avg:  0.0, Max: 0, Diff: 0, Sum: 0, Workers: 4
[741.500s][debug][gc,phases      ] GC(27)     Total                          Min: 0, Avg:  0.0, Max: 0, Diff: 0, Sum: 0, Workers: 4
[741.500s][debug][gc,phases      ] GC(27)   StringDedup Requests1 Weak     Min: 0.00, Avg: 0.00, Max: 0.00, Diff: 0.00, Sum: 0.00, Workers: 4
[741.500s][debug][gc,phases      ] GC(27)     Dead                           Min: 0, Avg:  0.0, Max: 0, Diff: 0, Sum: 0, Workers: 4
[741.500s][debug][gc,phases      ] GC(27)     Total                          Min: 0, Avg:  0.0, Max: 0, Diff: 0, Sum: 0, Workers: 4
[741.500s][debug][gc,phases      ] GC(27)   Weak JFR Old Object Samples    Min: 0.00, Avg: 0.00, Max: 0.00, Diff: 0.00, Sum: 0.00, Workers: 4
[741.500s][debug][gc,phases      ] GC(27)     Dead                           Min: 0, Avg:  0.0, Max: 0, Diff: 0, Sum: 0, Workers: 4
[741.500s][debug][gc,phases      ] GC(27)     Total                          Min: 0, Avg:  0.0, Max: 0, Diff: 0, Sum: 0, Workers: 4
[741.500s][debug][gc,phases      ] GC(27) Weak Processing 0.394ms
[741.500s][debug][gc,age         ] GC(27) Desired survivor size 213385216 bytes, new threshold 1 (max threshold 15)
[741.500s][info ][gc,heap        ] GC(27) PSYoungGen: 1644592K(1876480K)->1648K(1863680K) Eden: 1643008K(1643008K)->0K(1643008K) From: 1584K(233472K)->1648K(220672K)
[741.500s][info ][gc,heap        ] GC(27) ParOldGen: 237452K(237568K)->237564K(237568K)
[741.500s][info ][gc,metaspace   ] GC(27) Metaspace: 106616K(107712K)->106616K(107712K) NonClass: 91071K(91712K)->91071K(91712K) Class: 15545K(16000K)->15545K(16000K)
[741.500s][info ][gc             ] GC(27) Pause Young (Allocation Failure) 1837M->233M(2052M) 2.010ms
[741.500s][info ][gc,cpu         ] GC(27) User=0.00s Sys=0.00s Real=0.01s
[741.500s][info ][safepoint      ] Safepoint "ParallelCollectForAllocation", Time since last: 41146151713 ns, Reaching safepoint: 27300 ns, At safepoint: 2065887 ns, Leaving safepoint: 2900 ns, Total: 2096087 ns, Threads: 0 runnable, 28 total
[782.099s][info ][gc,start       ] GC(28) Pause Young (Allocation Failure)
[782.100s][debug][gc,phases      ] GC(28) Scavenge 1.334ms
[782.100s][debug][gc,ref         ] GC(28) ReferenceProcessor::execute queues: 1, RefProcThreadModel::Single, marks_oops_alive: false
[782.100s][debug][gc,ref         ] GC(28) Skipped KeepAliveFinalRefsPhase of Reference Processing: no references
[782.100s][debug][gc,ref         ] GC(28) Skipped PhantomRefsPhase of Reference Processing: no references
[782.100s][debug][gc,phases      ] GC(28) Reference Processing 0.095ms
[782.101s][debug][gc,phases      ] GC(28)   VM Weak                        Min: 0.00, Avg: 0.00, Max: 0.01, Diff: 0.01, Sum: 0.01, Workers: 4
[782.101s][debug][gc,phases      ] GC(28)     Dead                           Min: 0, Avg:  0.0, Max: 0, Diff: 0, Sum: 0, Workers: 4
[782.101s][debug][gc,phases      ] GC(28)     Total                          Min: 0, Avg: 197.8, Max: 599, Diff: 599, Sum: 791, Workers: 4
[782.101s][debug][gc,phases      ] GC(28)   ObjectSynchronizer Weak        Min: 0.00, Avg: 0.00, Max: 0.00, Diff: 0.00, Sum: 0.00, Workers: 4
[782.101s][debug][gc,phases      ] GC(28)     Dead                           Min: 0, Avg:  0.0, Max: 0, Diff: 0, Sum: 0, Workers: 4
[782.101s][debug][gc,phases      ] GC(28)     Total                          Min: 0, Avg:  1.2, Max: 5, Diff: 5, Sum: 5, Workers: 4
[782.101s][debug][gc,phases      ] GC(28)   JVMTI Tag Weak OopStorage      Min: 0.00, Avg: 0.00, Max: 0.00, Diff: 0.00, Sum: 0.00, Workers: 4
[782.101s][debug][gc,phases      ] GC(28)     Dead                           Min: 0, Avg:  0.0, Max: 0, Diff: 0, Sum: 0, Workers: 4
[782.101s][debug][gc,phases      ] GC(28)     Total                          Min: 0, Avg:  0.0, Max: 0, Diff: 0, Sum: 0, Workers: 4
[782.101s][debug][gc,phases      ] GC(28)   StringTable Weak               Min: 0.13, Avg: 0.13, Max: 0.13, Diff: 0.00, Sum: 0.52, Workers: 4
[782.101s][debug][gc,phases      ] GC(28)     Dead                           Min: 0, Avg:  0.0, Max: 0, Diff: 0, Sum: 0, Workers: 4
[782.101s][debug][gc,phases      ] GC(28)     Total                          Min: 11904, Avg: 12310.5, Max: 12735, Diff: 831, Sum: 49242, Workers: 4
[782.101s][debug][gc,phases      ] GC(28)   ResolvedMethodTable Weak       Min: 0.04, Avg: 0.04, Max: 0.04, Diff: 0.00, Sum: 0.16, Workers: 4
[782.101s][debug][gc,phases      ] GC(28)     Dead                           Min: 0, Avg:  5.0, Max: 20, Diff: 20, Sum: 20, Workers: 4
[782.101s][debug][gc,phases      ] GC(28)     Total                          Min: 3407, Avg: 3935.2, Max: 4486, Diff: 1079, Sum: 15741, Workers: 4
[782.101s][debug][gc,phases      ] GC(28)   JNI Weak                       Min: 0.00, Avg: 0.00, Max: 0.00, Diff: 0.00, Sum: 0.00, Workers: 4
[782.101s][debug][gc,phases      ] GC(28)     Dead                           Min: 0, Avg:  0.0, Max: 0, Diff: 0, Sum: 0, Workers: 4
[782.101s][debug][gc,phases      ] GC(28)     Total                          Min: 0, Avg: 13.0, Max: 48, Diff: 48, Sum: 52, Workers: 4
[782.101s][debug][gc,phases      ] GC(28)   StringDedup Table Weak         Min: 0.00, Avg: 0.00, Max: 0.00, Diff: 0.00, Sum: 0.00, Workers: 4
[782.101s][debug][gc,phases      ] GC(28)     Dead                           Min: 0, Avg:  0.0, Max: 0, Diff: 0, Sum: 0, Workers: 4
[782.101s][debug][gc,phases      ] GC(28)     Total                          Min: 0, Avg:  0.0, Max: 0, Diff: 0, Sum: 0, Workers: 4
[782.101s][debug][gc,phases      ] GC(28)   StringDedup Requests0 Weak     Min: 0.00, Avg: 0.00, Max: 0.00, Diff: 0.00, Sum: 0.00, Workers: 4
[782.101s][debug][gc,phases      ] GC(28)     Dead                           Min: 0, Avg:  0.0, Max: 0, Diff: 0, Sum: 0, Workers: 4
[782.101s][debug][gc,phases      ] GC(28)     Total                          Min: 0, Avg:  0.0, Max: 0, Diff: 0, Sum: 0, Workers: 4
[782.101s][debug][gc,phases      ] GC(28)   StringDedup Requests1 Weak     Min: 0.00, Avg: 0.00, Max: 0.00, Diff: 0.00, Sum: 0.00, Workers: 4
[782.101s][debug][gc,phases      ] GC(28)     Dead                           Min: 0, Avg:  0.0, Max: 0, Diff: 0, Sum: 0, Workers: 4
[782.101s][debug][gc,phases      ] GC(28)     Total                          Min: 0, Avg:  0.0, Max: 0, Diff: 0, Sum: 0, Workers: 4
[782.101s][debug][gc,phases      ] GC(28)   Weak JFR Old Object Samples    Min: 0.00, Avg: 0.00, Max: 0.00, Diff: 0.00, Sum: 0.00, Workers: 4
[782.101s][debug][gc,phases      ] GC(28)     Dead                           Min: 0, Avg:  0.0, Max: 0, Diff: 0, Sum: 0, Workers: 4
[782.101s][debug][gc,phases      ] GC(28)     Total                          Min: 0, Avg:  0.0, Max: 0, Diff: 0, Sum: 0, Workers: 4
[782.101s][debug][gc,phases      ] GC(28) Weak Processing 0.349ms
[782.101s][debug][gc,age         ] GC(28) Desired survivor size 200802304 bytes, new threshold 1 (max threshold 15)
[782.101s][info ][gc,heap        ] GC(28) PSYoungGen: 1644656K(1863680K)->1536K(1901056K) Eden: 1643008K(1643008K)->0K(1692672K) From: 1648K(220672K)->1536K(208384K)
[782.101s][info ][gc,heap        ] GC(28) ParOldGen: 237564K(237568K)->237652K(238080K)
[782.101s][info ][gc,metaspace   ] GC(28) Metaspace: 106624K(107712K)->106624K(107712K) NonClass: 91078K(91712K)->91078K(91712K) Class: 15545K(16000K)->15545K(16000K)
[782.101s][info ][gc             ] GC(28) Pause Young (Allocation Failure) 1838M->233M(2089M) 1.870ms
[782.101s][info ][gc,cpu         ] GC(28) User=0.00s Sys=0.00s Real=0.01s
[782.101s][info ][safepoint      ] Safepoint "ParallelCollectForAllocation", Time since last: 40599004890 ns, Reaching safepoint: 27099 ns, At safepoint: 1926689 ns, Leaving safepoint: 1600 ns, Total: 1955388 ns, Threads: 0 runnable, 27 total
[824.599s][info ][gc,start       ] GC(29) Pause Young (Allocation Failure)
[824.601s][debug][gc,phases      ] GC(29) Scavenge 1.583ms
[824.601s][debug][gc,ref         ] GC(29) ReferenceProcessor::execute queues: 1, RefProcThreadModel::Single, marks_oops_alive: false
[824.601s][debug][gc,ref         ] GC(29) Skipped KeepAliveFinalRefsPhase of Reference Processing: no references
[824.601s][debug][gc,ref         ] GC(29) Skipped PhantomRefsPhase of Reference Processing: no references
[824.601s][debug][gc,phases      ] GC(29) Reference Processing 0.095ms
[824.601s][debug][gc,phases      ] GC(29)   VM Weak                        Min: 0.00, Avg: 0.00, Max: 0.00, Diff: 0.00, Sum: 0.01, Workers: 4
[824.601s][debug][gc,phases      ] GC(29)     Dead                           Min: 0, Avg:  0.0, Max: 0, Diff: 0, Sum: 0, Workers: 4
[824.601s][debug][gc,phases      ] GC(29)     Total                          Min: 0, Avg: 197.8, Max: 512, Diff: 512, Sum: 791, Workers: 4
[824.601s][debug][gc,phases      ] GC(29)   ObjectSynchronizer Weak        Min: 0.00, Avg: 0.00, Max: 0.00, Diff: 0.00, Sum: 0.00, Workers: 4
[824.601s][debug][gc,phases      ] GC(29)     Dead                           Min: 0, Avg:  0.0, Max: 0, Diff: 0, Sum: 0, Workers: 4
[824.601s][debug][gc,phases      ] GC(29)     Total                          Min: 0, Avg:  1.2, Max: 5, Diff: 5, Sum: 5, Workers: 4
[824.601s][debug][gc,phases      ] GC(29)   JVMTI Tag Weak OopStorage      Min: 0.00, Avg: 0.00, Max: 0.00, Diff: 0.00, Sum: 0.00, Workers: 4
[824.601s][debug][gc,phases      ] GC(29)     Dead                           Min: 0, Avg:  0.0, Max: 0, Diff: 0, Sum: 0, Workers: 4
[824.601s][debug][gc,phases      ] GC(29)     Total                          Min: 0, Avg:  0.0, Max: 0, Diff: 0, Sum: 0, Workers: 4
[824.601s][debug][gc,phases      ] GC(29)   StringTable Weak               Min: 0.00, Avg: 0.10, Max: 0.13, Diff: 0.13, Sum: 0.38, Workers: 4
[824.601s][debug][gc,phases      ] GC(29)     Dead                           Min: 0, Avg:  0.0, Max: 0, Diff: 0, Sum: 0, Workers: 4
[824.601s][debug][gc,phases      ] GC(29)     Total                          Min: 0, Avg: 12310.5, Max: 20800, Diff: 20800, Sum: 49242, Workers: 4
[824.601s][debug][gc,phases      ] GC(29)   ResolvedMethodTable Weak       Min: 0.00, Avg: 0.03, Max: 0.04, Diff: 0.04, Sum: 0.13, Workers: 4
[824.601s][debug][gc,phases      ] GC(29)     Dead                           Min: 0, Avg:  5.0, Max: 20, Diff: 20, Sum: 20, Workers: 4
[824.601s][debug][gc,phases      ] GC(29)     Total                          Min: 0, Avg: 3935.2, Max: 6473, Diff: 6473, Sum: 15741, Workers: 4
[824.601s][debug][gc,phases      ] GC(29)   JNI Weak                       Min: 0.00, Avg: 0.00, Max: 0.00, Diff: 0.00, Sum: 0.00, Workers: 4
[824.601s][debug][gc,phases      ] GC(29)     Dead                           Min: 0, Avg:  0.0, Max: 0, Diff: 0, Sum: 0, Workers: 4
[824.601s][debug][gc,phases      ] GC(29)     Total                          Min: 0, Avg: 13.0, Max: 48, Diff: 48, Sum: 52, Workers: 4
[824.601s][debug][gc,phases      ] GC(29)   StringDedup Table Weak         Min: 0.00, Avg: 0.00, Max: 0.00, Diff: 0.00, Sum: 0.00, Workers: 4
[824.601s][debug][gc,phases      ] GC(29)     Dead                           Min: 0, Avg:  0.0, Max: 0, Diff: 0, Sum: 0, Workers: 4
[824.601s][debug][gc,phases      ] GC(29)     Total                          Min: 0, Avg:  0.0, Max: 0, Diff: 0, Sum: 0, Workers: 4
[824.601s][debug][gc,phases      ] GC(29)   StringDedup Requests0 Weak     Min: 0.00, Avg: 0.00, Max: 0.00, Diff: 0.00, Sum: 0.00, Workers: 4
[824.601s][debug][gc,phases      ] GC(29)     Dead                           Min: 0, Avg:  0.0, Max: 0, Diff: 0, Sum: 0, Workers: 4
[824.601s][debug][gc,phases      ] GC(29)     Total                          Min: 0, Avg:  0.0, Max: 0, Diff: 0, Sum: 0, Workers: 4
[824.601s][debug][gc,phases      ] GC(29)   StringDedup Requests1 Weak     Min: 0.00, Avg: 0.00, Max: 0.00, Diff: 0.00, Sum: 0.00, Workers: 4
[824.601s][debug][gc,phases      ] GC(29)     Dead                           Min: 0, Avg:  0.0, Max: 0, Diff: 0, Sum: 0, Workers: 4
[824.601s][debug][gc,phases      ] GC(29)     Total                          Min: 0, Avg:  0.0, Max: 0, Diff: 0, Sum: 0, Workers: 4
[824.601s][debug][gc,phases      ] GC(29)   Weak JFR Old Object Samples    Min: 0.00, Avg: 0.00, Max: 0.00, Diff: 0.00, Sum: 0.00, Workers: 4
[824.601s][debug][gc,phases      ] GC(29)     Dead                           Min: 0, Avg:  0.0, Max: 0, Diff: 0, Sum: 0, Workers: 4
[824.601s][debug][gc,phases      ] GC(29)     Total                          Min: 0, Avg:  0.0, Max: 0, Diff: 0, Sum: 0, Workers: 4
[824.601s][debug][gc,phases      ] GC(29) Weak Processing 0.384ms
[824.601s][debug][gc,age         ] GC(29) Desired survivor size 188743680 bytes, new threshold 1 (max threshold 15)
[824.601s][info ][gc,heap        ] GC(29) PSYoungGen: 1694208K(1901056K)->1744K(1888768K) Eden: 1692672K(1692672K)->0K(1692672K) From: 1536K(208384K)->1744K(196096K)
[824.601s][info ][gc,heap        ] GC(29) ParOldGen: 237652K(238080K)->237716K(238080K)
[824.601s][info ][gc,metaspace   ] GC(29) Metaspace: 106636K(107712K)->106636K(107712K) NonClass: 91090K(91712K)->91090K(91712K) Class: 15545K(16000K)->15545K(16000K)
[824.601s][info ][gc             ] GC(29) Pause Young (Allocation Failure) 1886M->233M(2077M) 2.164ms
[824.601s][info ][gc,cpu         ] GC(29) User=0.01s Sys=0.00s Real=0.01s
[824.601s][info ][safepoint      ] Safepoint "ParallelCollectForAllocation", Time since last: 42498250291 ns, Reaching safepoint: 31600 ns, At safepoint: 2219587 ns, Leaving safepoint: 2100 ns, Total: 2253287 ns, Threads: 0 runnable, 27 total
[866.096s][info ][gc,start       ] GC(30) Pause Young (Allocation Failure)
[866.097s][debug][gc,phases      ] GC(30) Scavenge 1.392ms
[866.097s][debug][gc,ref         ] GC(30) ReferenceProcessor::execute queues: 1, RefProcThreadModel::Single, marks_oops_alive: false
[866.097s][debug][gc,ref         ] GC(30) Skipped KeepAliveFinalRefsPhase of Reference Processing: no references
[866.097s][debug][gc,ref         ] GC(30) Skipped PhantomRefsPhase of Reference Processing: no references
[866.097s][debug][gc,phases      ] GC(30) Reference Processing 0.091ms
[866.098s][debug][gc,phases      ] GC(30)   VM Weak                        Min: 0.00, Avg: 0.00, Max: 0.01, Diff: 0.01, Sum: 0.01, Workers: 4
[866.098s][debug][gc,phases      ] GC(30)     Dead                           Min: 0, Avg:  0.0, Max: 0, Diff: 0, Sum: 0, Workers: 4
[866.098s][debug][gc,phases      ] GC(30)     Total                          Min: 0, Avg: 197.8, Max: 704, Diff: 704, Sum: 791, Workers: 4
[866.098s][debug][gc,phases      ] GC(30)   ObjectSynchronizer Weak        Min: 0.00, Avg: 0.00, Max: 0.00, Diff: 0.00, Sum: 0.00, Workers: 4
[866.098s][debug][gc,phases      ] GC(30)     Dead                           Min: 0, Avg:  0.0, Max: 0, Diff: 0, Sum: 0, Workers: 4
[866.098s][debug][gc,phases      ] GC(30)     Total                          Min: 0, Avg:  1.2, Max: 5, Diff: 5, Sum: 5, Workers: 4
[866.098s][debug][gc,phases      ] GC(30)   JVMTI Tag Weak OopStorage      Min: 0.00, Avg: 0.00, Max: 0.00, Diff: 0.00, Sum: 0.00, Workers: 4
[866.098s][debug][gc,phases      ] GC(30)     Dead                           Min: 0, Avg:  0.0, Max: 0, Diff: 0, Sum: 0, Workers: 4
[866.098s][debug][gc,phases      ] GC(30)     Total                          Min: 0, Avg:  0.0, Max: 0, Diff: 0, Sum: 0, Workers: 4
[866.098s][debug][gc,phases      ] GC(30)   StringTable Weak               Min: 0.00, Avg: 0.11, Max: 0.14, Diff: 0.14, Sum: 0.43, Workers: 4
[866.098s][debug][gc,phases      ] GC(30)     Dead                           Min: 0, Avg:  0.0, Max: 0, Diff: 0, Sum: 0, Workers: 4
[866.098s][debug][gc,phases      ] GC(30)     Total                          Min: 0, Avg: 12311.8, Max: 19488, Diff: 19488, Sum: 49247, Workers: 4
[866.098s][debug][gc,phases      ] GC(30)   ResolvedMethodTable Weak       Min: 0.00, Avg: 0.03, Max: 0.04, Diff: 0.04, Sum: 0.13, Workers: 4
[866.098s][debug][gc,phases      ] GC(30)     Dead                           Min: 0, Avg:  5.0, Max: 20, Diff: 20, Sum: 20, Workers: 4
[866.098s][debug][gc,phases      ] GC(30)     Total                          Min: 0, Avg: 3935.2, Max: 6268, Diff: 6268, Sum: 15741, Workers: 4
[866.098s][debug][gc,phases      ] GC(30)   JNI Weak                       Min: 0.00, Avg: 0.00, Max: 0.00, Diff: 0.00, Sum: 0.00, Workers: 4
[866.098s][debug][gc,phases      ] GC(30)     Dead                           Min: 0, Avg:  0.0, Max: 0, Diff: 0, Sum: 0, Workers: 4
[866.098s][debug][gc,phases      ] GC(30)     Total                          Min: 0, Avg: 13.0, Max: 48, Diff: 48, Sum: 52, Workers: 4
[866.098s][debug][gc,phases      ] GC(30)   StringDedup Table Weak         Min: 0.00, Avg: 0.00, Max: 0.00, Diff: 0.00, Sum: 0.00, Workers: 4
[866.098s][debug][gc,phases      ] GC(30)     Dead                           Min: 0, Avg:  0.0, Max: 0, Diff: 0, Sum: 0, Workers: 4
[866.098s][debug][gc,phases      ] GC(30)     Total                          Min: 0, Avg:  0.0, Max: 0, Diff: 0, Sum: 0, Workers: 4
[866.098s][debug][gc,phases      ] GC(30)   StringDedup Requests0 Weak     Min: 0.00, Avg: 0.00, Max: 0.00, Diff: 0.00, Sum: 0.00, Workers: 4
[866.098s][debug][gc,phases      ] GC(30)     Dead                           Min: 0, Avg:  0.0, Max: 0, Diff: 0, Sum: 0, Workers: 4
[866.098s][debug][gc,phases      ] GC(30)     Total                          Min: 0, Avg:  0.0, Max: 0, Diff: 0, Sum: 0, Workers: 4
[866.098s][debug][gc,phases      ] GC(30)   StringDedup Requests1 Weak     Min: 0.00, Avg: 0.00, Max: 0.00, Diff: 0.00, Sum: 0.00, Workers: 4
[866.098s][debug][gc,phases      ] GC(30)     Dead                           Min: 0, Avg:  0.0, Max: 0, Diff: 0, Sum: 0, Workers: 4
[866.098s][debug][gc,phases      ] GC(30)     Total                          Min: 0, Avg:  0.0, Max: 0, Diff: 0, Sum: 0, Workers: 4
[866.098s][debug][gc,phases      ] GC(30)   Weak JFR Old Object Samples    Min: 0.00, Avg: 0.00, Max: 0.00, Diff: 0.00, Sum: 0.00, Workers: 4
[866.098s][debug][gc,phases      ] GC(30)     Dead                           Min: 0, Avg:  0.0, Max: 0, Diff: 0, Sum: 0, Workers: 4
[866.098s][debug][gc,phases      ] GC(30)     Total                          Min: 0, Avg:  0.0, Max: 0, Diff: 0, Sum: 0, Workers: 4
[866.098s][debug][gc,phases      ] GC(30) Weak Processing 0.377ms
[866.098s][debug][gc,age         ] GC(30) Desired survivor size 177209344 bytes, new threshold 1 (max threshold 15)
[866.098s][info ][gc,heap        ] GC(30) PSYoungGen: 1694416K(1888768K)->1840K(1924096K) Eden: 1692672K(1692672K)->0K(1739776K) From: 1744K(196096K)->1840K(184320K)
[866.098s][info ][gc,heap        ] GC(30) ParOldGen: 237716K(238080K)->237788K(238080K)
[866.098s][info ][gc,metaspace   ] GC(30) Metaspace: 106648K(107776K)->106648K(107776K) NonClass: 91102K(91776K)->91102K(91776K) Class: 15545K(16000K)->15545K(16000K)
[866.098s][info ][gc             ] GC(30) Pause Young (Allocation Failure) 1886M->234M(2111M) 1.952ms
[866.098s][info ][gc,cpu         ] GC(30) User=0.01s Sys=0.00s Real=0.00s
[866.098s][info ][safepoint      ] Safepoint "ParallelCollectForAllocation", Time since last: 41494388512 ns, Reaching safepoint: 100699 ns, At safepoint: 2005788 ns, Leaving safepoint: 6900 ns, Total: 2113387 ns, Threads: 1 runnable, 27 total
[908.326s][info ][gc,start       ] GC(31) Pause Young (Allocation Failure)
[908.330s][debug][gc,phases      ] GC(31) Scavenge 4.427ms
[908.330s][debug][gc,ref         ] GC(31) ReferenceProcessor::execute queues: 1, RefProcThreadModel::Single, marks_oops_alive: false
[908.330s][debug][gc,ref         ] GC(31) Skipped KeepAliveFinalRefsPhase of Reference Processing: no references
[908.330s][debug][gc,ref         ] GC(31) Skipped PhantomRefsPhase of Reference Processing: no references
[908.330s][debug][gc,phases      ] GC(31) Reference Processing 0.038ms
[908.331s][debug][gc,phases      ] GC(31)   VM Weak                        Min: 0.00, Avg: 0.00, Max: 0.01, Diff: 0.01, Sum: 0.01, Workers: 4
[908.331s][debug][gc,phases      ] GC(31)     Dead                           Min: 0, Avg:  0.0, Max: 0, Diff: 0, Sum: 0, Workers: 4
[908.331s][debug][gc,phases      ] GC(31)     Total                          Min: 0, Avg: 198.0, Max: 792, Diff: 792, Sum: 792, Workers: 4
[908.331s][debug][gc,phases      ] GC(31)   ObjectSynchronizer Weak        Min: 0.00, Avg: 0.00, Max: 0.00, Diff: 0.00, Sum: 0.00, Workers: 4
[908.331s][debug][gc,phases      ] GC(31)     Dead                           Min: 0, Avg:  0.0, Max: 0, Diff: 0, Sum: 0, Workers: 4
[908.331s][debug][gc,phases      ] GC(31)     Total                          Min: 0, Avg:  1.2, Max: 5, Diff: 5, Sum: 5, Workers: 4
[908.331s][debug][gc,phases      ] GC(31)   JVMTI Tag Weak OopStorage      Min: 0.00, Avg: 0.00, Max: 0.00, Diff: 0.00, Sum: 0.00, Workers: 4
[908.331s][debug][gc,phases      ] GC(31)     Dead                           Min: 0, Avg:  0.0, Max: 0, Diff: 0, Sum: 0, Workers: 4
[908.331s][debug][gc,phases      ] GC(31)     Total                          Min: 0, Avg:  0.0, Max: 0, Diff: 0, Sum: 0, Workers: 4
[908.331s][debug][gc,phases      ] GC(31)   StringTable Weak               Min: 0.00, Avg: 0.18, Max: 0.36, Diff: 0.36, Sum: 0.72, Workers: 4
[908.331s][debug][gc,phases      ] GC(31)     Dead                           Min: 0, Avg:  0.5, Max: 2, Diff: 2, Sum: 2, Workers: 4
[908.331s][debug][gc,phases      ] GC(31)     Total                          Min: 0, Avg: 12316.5, Max: 20287, Diff: 20287, Sum: 49266, Workers: 4
[908.331s][debug][gc,phases      ] GC(31)   ResolvedMethodTable Weak       Min: 0.00, Avg: 0.04, Max: 0.07, Diff: 0.07, Sum: 0.15, Workers: 4
[908.331s][debug][gc,phases      ] GC(31)     Dead                           Min: 0, Avg:  6.8, Max: 27, Diff: 27, Sum: 27, Workers: 4
[908.331s][debug][gc,phases      ] GC(31)     Total                          Min: 0, Avg: 3943.5, Max: 8115, Diff: 8115, Sum: 15774, Workers: 4
[908.331s][debug][gc,phases      ] GC(31)   JNI Weak                       Min: 0.00, Avg: 0.00, Max: 0.00, Diff: 0.00, Sum: 0.00, Workers: 4
[908.331s][debug][gc,phases      ] GC(31)     Dead                           Min: 0, Avg:  0.0, Max: 0, Diff: 0, Sum: 0, Workers: 4
[908.331s][debug][gc,phases      ] GC(31)     Total                          Min: 0, Avg: 14.5, Max: 48, Diff: 48, Sum: 58, Workers: 4
[908.331s][debug][gc,phases      ] GC(31)   StringDedup Table Weak         Min: 0.00, Avg: 0.00, Max: 0.00, Diff: 0.00, Sum: 0.00, Workers: 4
[908.331s][debug][gc,phases      ] GC(31)     Dead                           Min: 0, Avg:  0.0, Max: 0, Diff: 0, Sum: 0, Workers: 4
[908.331s][debug][gc,phases      ] GC(31)     Total                          Min: 0, Avg:  0.0, Max: 0, Diff: 0, Sum: 0, Workers: 4
[908.331s][debug][gc,phases      ] GC(31)   StringDedup Requests0 Weak     Min: 0.00, Avg: 0.00, Max: 0.00, Diff: 0.00, Sum: 0.00, Workers: 4
[908.331s][debug][gc,phases      ] GC(31)     Dead                           Min: 0, Avg:  0.0, Max: 0, Diff: 0, Sum: 0, Workers: 4
[908.331s][debug][gc,phases      ] GC(31)     Total                          Min: 0, Avg:  0.0, Max: 0, Diff: 0, Sum: 0, Workers: 4
[908.331s][debug][gc,phases      ] GC(31)   StringDedup Requests1 Weak     Min: 0.00, Avg: 0.00, Max: 0.00, Diff: 0.00, Sum: 0.00, Workers: 4
[908.331s][debug][gc,phases      ] GC(31)     Dead                           Min: 0, Avg:  0.0, Max: 0, Diff: 0, Sum: 0, Workers: 4
[908.331s][debug][gc,phases      ] GC(31)     Total                          Min: 0, Avg:  0.0, Max: 0, Diff: 0, Sum: 0, Workers: 4
[908.331s][debug][gc,phases      ] GC(31)   Weak JFR Old Object Samples    Min: 0.00, Avg: 0.00, Max: 0.00, Diff: 0.00, Sum: 0.00, Workers: 4
[908.331s][debug][gc,phases      ] GC(31)     Dead                           Min: 0, Avg:  0.0, Max: 0, Diff: 0, Sum: 0, Workers: 4
[908.331s][debug][gc,phases      ] GC(31)     Total                          Min: 0, Avg:  0.0, Max: 0, Diff: 0, Sum: 0, Workers: 4
[908.331s][debug][gc,phases      ] GC(31) Weak Processing 0.530ms
[908.331s][debug][gc,age         ] GC(31) Desired survivor size 165675008 bytes, new threshold 1 (max threshold 15)
[908.331s][info ][gc,heap        ] GC(31) PSYoungGen: 1741616K(1924096K)->3776K(1912832K) Eden: 1739776K(1739776K)->0K(1739776K) From: 1840K(184320K)->3776K(173056K)
[908.331s][info ][gc,heap        ] GC(31) ParOldGen: 237788K(238080K)->237924K(238080K)
[908.331s][info ][gc,metaspace   ] GC(31) Metaspace: 106701K(107776K)->106701K(107776K) NonClass: 91142K(91776K)->91142K(91776K) Class: 15558K(16000K)->15558K(16000K)
[908.331s][info ][gc             ] GC(31) Pause Young (Allocation Failure) 1933M->236M(2100M) 5.109ms
[908.331s][info ][gc,cpu         ] GC(31) User=0.01s Sys=0.00s Real=0.01s
[908.331s][info ][safepoint      ] Safepoint "ParallelCollectForAllocation", Time since last: 42227963247 ns, Reaching safepoint: 96699 ns, At safepoint: 5161869 ns, Leaving safepoint: 8600 ns, Total: 5267168 ns, Threads: 1 runnable, 28 total
[949.096s][info ][gc,start       ] GC(32) Pause Young (Allocation Failure)
[949.098s][debug][gc,phases      ] GC(32) Scavenge 1.407ms
[949.098s][debug][gc,ref         ] GC(32) ReferenceProcessor::execute queues: 1, RefProcThreadModel::Single, marks_oops_alive: false
[949.098s][debug][gc,ref         ] GC(32) Skipped KeepAliveFinalRefsPhase of Reference Processing: no references
[949.098s][debug][gc,ref         ] GC(32) Skipped PhantomRefsPhase of Reference Processing: no references
[949.098s][debug][gc,phases      ] GC(32) Reference Processing 0.118ms
[949.098s][debug][gc,phases      ] GC(32)   VM Weak                        Min: 0.00, Avg: 0.00, Max: 0.01, Diff: 0.01, Sum: 0.01, Workers: 4
[949.098s][debug][gc,phases      ] GC(32)     Dead                           Min: 0, Avg:  0.0, Max: 0, Diff: 0, Sum: 0, Workers: 4
[949.098s][debug][gc,phases      ] GC(32)     Total                          Min: 0, Avg: 198.0, Max: 792, Diff: 792, Sum: 792, Workers: 4
[949.098s][debug][gc,phases      ] GC(32)   ObjectSynchronizer Weak        Min: 0.00, Avg: 0.00, Max: 0.00, Diff: 0.00, Sum: 0.00, Workers: 4
[949.098s][debug][gc,phases      ] GC(32)     Dead                           Min: 0, Avg:  0.0, Max: 0, Diff: 0, Sum: 0, Workers: 4
[949.098s][debug][gc,phases      ] GC(32)     Total                          Min: 0, Avg:  1.2, Max: 5, Diff: 5, Sum: 5, Workers: 4
[949.098s][debug][gc,phases      ] GC(32)   JVMTI Tag Weak OopStorage      Min: 0.00, Avg: 0.00, Max: 0.00, Diff: 0.00, Sum: 0.00, Workers: 4
[949.098s][debug][gc,phases      ] GC(32)     Dead                           Min: 0, Avg:  0.0, Max: 0, Diff: 0, Sum: 0, Workers: 4
[949.098s][debug][gc,phases      ] GC(32)     Total                          Min: 0, Avg:  0.0, Max: 0, Diff: 0, Sum: 0, Workers: 4
[949.098s][debug][gc,phases      ] GC(32)   StringTable Weak               Min: 0.00, Avg: 0.09, Max: 0.13, Diff: 0.13, Sum: 0.37, Workers: 4
[949.098s][debug][gc,phases      ] GC(32)     Dead                           Min: 0, Avg:  0.0, Max: 0, Diff: 0, Sum: 0, Workers: 4
[949.098s][debug][gc,phases      ] GC(32)     Total                          Min: 0, Avg: 12316.8, Max: 20980, Diff: 20980, Sum: 49267, Workers: 4
[949.098s][debug][gc,phases      ] GC(32)   ResolvedMethodTable Weak       Min: 0.00, Avg: 0.05, Max: 0.06, Diff: 0.06, Sum: 0.19, Workers: 4
[949.098s][debug][gc,phases      ] GC(32)     Dead                           Min: 0, Avg:  5.0, Max: 20, Diff: 20, Sum: 20, Workers: 4
[949.098s][debug][gc,phases      ] GC(32)     Total                          Min: 0, Avg: 3943.5, Max: 6865, Diff: 6865, Sum: 15774, Workers: 4
[949.098s][debug][gc,phases      ] GC(32)   JNI Weak                       Min: 0.00, Avg: 0.00, Max: 0.00, Diff: 0.00, Sum: 0.00, Workers: 4
[949.098s][debug][gc,phases      ] GC(32)     Dead                           Min: 0, Avg:  0.0, Max: 0, Diff: 0, Sum: 0, Workers: 4
[949.098s][debug][gc,phases      ] GC(32)     Total                          Min: 0, Avg: 13.0, Max: 48, Diff: 48, Sum: 52, Workers: 4
[949.098s][debug][gc,phases      ] GC(32)   StringDedup Table Weak         Min: 0.00, Avg: 0.00, Max: 0.00, Diff: 0.00, Sum: 0.00, Workers: 4
[949.098s][debug][gc,phases      ] GC(32)     Dead                           Min: 0, Avg:  0.0, Max: 0, Diff: 0, Sum: 0, Workers: 4
[949.098s][debug][gc,phases      ] GC(32)     Total                          Min: 0, Avg:  0.0, Max: 0, Diff: 0, Sum: 0, Workers: 4
[949.098s][debug][gc,phases      ] GC(32)   StringDedup Requests0 Weak     Min: 0.00, Avg: 0.00, Max: 0.00, Diff: 0.00, Sum: 0.00, Workers: 4
[949.098s][debug][gc,phases      ] GC(32)     Dead                           Min: 0, Avg:  0.0, Max: 0, Diff: 0, Sum: 0, Workers: 4
[949.098s][debug][gc,phases      ] GC(32)     Total                          Min: 0, Avg:  0.0, Max: 0, Diff: 0, Sum: 0, Workers: 4
[949.098s][debug][gc,phases      ] GC(32)   StringDedup Requests1 Weak     Min: 0.00, Avg: 0.00, Max: 0.00, Diff: 0.00, Sum: 0.00, Workers: 4
[949.098s][debug][gc,phases      ] GC(32)     Dead                           Min: 0, Avg:  0.0, Max: 0, Diff: 0, Sum: 0, Workers: 4
[949.098s][debug][gc,phases      ] GC(32)     Total                          Min: 0, Avg:  0.0, Max: 0, Diff: 0, Sum: 0, Workers: 4
[949.098s][debug][gc,phases      ] GC(32)   Weak JFR Old Object Samples    Min: 0.00, Avg: 0.00, Max: 0.00, Diff: 0.00, Sum: 0.00, Workers: 4
[949.098s][debug][gc,phases      ] GC(32)     Dead                           Min: 0, Avg:  0.0, Max: 0, Diff: 0, Sum: 0, Workers: 4
[949.098s][debug][gc,phases      ] GC(32)     Total                          Min: 0, Avg:  0.0, Max: 0, Diff: 0, Sum: 0, Workers: 4
[949.098s][debug][gc,phases      ] GC(32) Weak Processing 0.435ms
[949.098s][debug][gc,age         ] GC(32) Desired survivor size 154664960 bytes, new threshold 1 (max threshold 15)
[949.098s][info ][gc,heap        ] GC(32) PSYoungGen: 1743552K(1912832K)->1632K(1946112K) Eden: 1739776K(1739776K)->0K(1784320K) From: 3776K(173056K)->1632K(161792K)
[949.098s][info ][gc,heap        ] GC(32) ParOldGen: 237924K(238080K)->237988K(238080K)
[949.098s][info ][gc,metaspace   ] GC(32) Metaspace: 106723K(107776K)->106723K(107776K) NonClass: 91165K(91776K)->91165K(91776K) Class: 15558K(16000K)->15558K(16000K)
[949.098s][info ][gc             ] GC(32) Pause Young (Allocation Failure) 1935M->234M(2133M) 2.067ms
[949.098s][info ][gc,cpu         ] GC(32) User=0.01s Sys=0.00s Real=0.00s
[949.098s][info ][safepoint      ] Safepoint "ParallelCollectForAllocation", Time since last: 40764824911 ns, Reaching safepoint: 112099 ns, At safepoint: 2125688 ns, Leaving safepoint: 9099 ns, Total: 2246886 ns, Threads: 1 runnable, 31 total
[992.681s][info ][gc,start       ] GC(33) Pause Young (Allocation Failure)
[992.683s][debug][gc,phases      ] GC(33) Scavenge 2.235ms
[992.683s][debug][gc,ref         ] GC(33) ReferenceProcessor::execute queues: 1, RefProcThreadModel::Single, marks_oops_alive: false
[992.683s][debug][gc,ref         ] GC(33) Skipped KeepAliveFinalRefsPhase of Reference Processing: no references
[992.683s][debug][gc,ref         ] GC(33) Skipped PhantomRefsPhase of Reference Processing: no references
[992.683s][debug][gc,phases      ] GC(33) Reference Processing 0.103ms
[992.684s][debug][gc,phases      ] GC(33)   VM Weak                        Min: 0.00, Avg: 0.00, Max: 0.01, Diff: 0.01, Sum: 0.01, Workers: 4
[992.684s][debug][gc,phases      ] GC(33)     Dead                           Min: 0, Avg:  0.0, Max: 0, Diff: 0, Sum: 0, Workers: 4
[992.684s][debug][gc,phases      ] GC(33)     Total                          Min: 0, Avg: 198.0, Max: 728, Diff: 728, Sum: 792, Workers: 4
[992.684s][debug][gc,phases      ] GC(33)   ObjectSynchronizer Weak        Min: 0.00, Avg: 0.00, Max: 0.00, Diff: 0.00, Sum: 0.00, Workers: 4
[992.684s][debug][gc,phases      ] GC(33)     Dead                           Min: 0, Avg:  0.0, Max: 0, Diff: 0, Sum: 0, Workers: 4
[992.684s][debug][gc,phases      ] GC(33)     Total                          Min: 0, Avg:  1.2, Max: 5, Diff: 5, Sum: 5, Workers: 4
[992.684s][debug][gc,phases      ] GC(33)   JVMTI Tag Weak OopStorage      Min: 0.00, Avg: 0.00, Max: 0.00, Diff: 0.00, Sum: 0.00, Workers: 4
[992.684s][debug][gc,phases      ] GC(33)     Dead                           Min: 0, Avg:  0.0, Max: 0, Diff: 0, Sum: 0, Workers: 4
[992.684s][debug][gc,phases      ] GC(33)     Total                          Min: 0, Avg:  0.0, Max: 0, Diff: 0, Sum: 0, Workers: 4
[992.684s][debug][gc,phases      ] GC(33)   StringTable Weak               Min: 0.00, Avg: 0.10, Max: 0.13, Diff: 0.13, Sum: 0.39, Workers: 4
[992.684s][debug][gc,phases      ] GC(33)     Dead                           Min: 0, Avg:  0.0, Max: 0, Diff: 0, Sum: 0, Workers: 4
[992.684s][debug][gc,phases      ] GC(33)     Total                          Min: 0, Avg: 12318.5, Max: 20410, Diff: 20410, Sum: 49274, Workers: 4
[992.684s][debug][gc,phases      ] GC(33)   ResolvedMethodTable Weak       Min: 0.00, Avg: 0.03, Max: 0.04, Diff: 0.04, Sum: 0.13, Workers: 4
[992.684s][debug][gc,phases      ] GC(33)     Dead                           Min: 0, Avg:  5.0, Max: 20, Diff: 20, Sum: 20, Workers: 4
[992.684s][debug][gc,phases      ] GC(33)     Total                          Min: 0, Avg: 3943.5, Max: 6209, Diff: 6209, Sum: 15774, Workers: 4
[992.684s][debug][gc,phases      ] GC(33)   JNI Weak                       Min: 0.00, Avg: 0.00, Max: 0.00, Diff: 0.00, Sum: 0.00, Workers: 4
[992.684s][debug][gc,phases      ] GC(33)     Dead                           Min: 0, Avg:  0.0, Max: 0, Diff: 0, Sum: 0, Workers: 4
[992.684s][debug][gc,phases      ] GC(33)     Total                          Min: 0, Avg: 13.0, Max: 48, Diff: 48, Sum: 52, Workers: 4
[992.684s][debug][gc,phases      ] GC(33)   StringDedup Table Weak         Min: 0.00, Avg: 0.00, Max: 0.00, Diff: 0.00, Sum: 0.00, Workers: 4
[992.684s][debug][gc,phases      ] GC(33)     Dead                           Min: 0, Avg:  0.0, Max: 0, Diff: 0, Sum: 0, Workers: 4
[992.684s][debug][gc,phases      ] GC(33)     Total                          Min: 0, Avg:  0.0, Max: 0, Diff: 0, Sum: 0, Workers: 4
[992.684s][debug][gc,phases      ] GC(33)   StringDedup Requests0 Weak     Min: 0.00, Avg: 0.00, Max: 0.00, Diff: 0.00, Sum: 0.00, Workers: 4
[992.684s][debug][gc,phases      ] GC(33)     Dead                           Min: 0, Avg:  0.0, Max: 0, Diff: 0, Sum: 0, Workers: 4
[992.684s][debug][gc,phases      ] GC(33)     Total                          Min: 0, Avg:  0.0, Max: 0, Diff: 0, Sum: 0, Workers: 4
[992.684s][debug][gc,phases      ] GC(33)   StringDedup Requests1 Weak     Min: 0.00, Avg: 0.00, Max: 0.00, Diff: 0.00, Sum: 0.00, Workers: 4
[992.684s][debug][gc,phases      ] GC(33)     Dead                           Min: 0, Avg:  0.0, Max: 0, Diff: 0, Sum: 0, Workers: 4
[992.684s][debug][gc,phases      ] GC(33)     Total                          Min: 0, Avg:  0.0, Max: 0, Diff: 0, Sum: 0, Workers: 4
[992.684s][debug][gc,phases      ] GC(33)   Weak JFR Old Object Samples    Min: 0.00, Avg: 0.00, Max: 0.00, Diff: 0.00, Sum: 0.00, Workers: 4
[992.684s][debug][gc,phases      ] GC(33)     Dead                           Min: 0, Avg:  0.0, Max: 0, Diff: 0, Sum: 0, Workers: 4
[992.684s][debug][gc,phases      ] GC(33)     Total                          Min: 0, Avg:  0.0, Max: 0, Diff: 0, Sum: 0, Workers: 4
[992.684s][debug][gc,phases      ] GC(33) Weak Processing 0.373ms
[992.684s][debug][gc,age         ] GC(33) Desired survivor size 144703488 bytes, new threshold 1 (max threshold 15)
[992.684s][info ][gc,heap        ] GC(33) PSYoungGen: 1785952K(1946112K)->1664K(1935360K) Eden: 1784320K(1784320K)->0K(1784320K) From: 1632K(161792K)->1664K(151040K)
[992.684s][info ][gc,heap        ] GC(33) ParOldGen: 237988K(238080K)->238088K(238592K)
[992.684s][info ][gc,metaspace   ] GC(33) Metaspace: 106748K(107840K)->106748K(107840K) NonClass: 91190K(91840K)->91190K(91840K) Class: 15558K(16000K)->15558K(16000K)
[992.684s][info ][gc             ] GC(33) Pause Young (Allocation Failure) 1976M->234M(2123M) 2.810ms
[992.684s][info ][gc,cpu         ] GC(33) User=0.01s Sys=0.00s Real=0.00s
[992.684s][info ][safepoint      ] Safepoint "ParallelCollectForAllocation", Time since last: 43582712913 ns, Reaching safepoint: 21700 ns, At safepoint: 2865683 ns, Leaving safepoint: 2200 ns, Total: 2889583 ns, Threads: 0 runnable, 28 total
[1036.254s][info ][gc,start       ] GC(34) Pause Young (Allocation Failure)
[1036.255s][debug][gc,phases      ] GC(34) Scavenge 1.594ms
[1036.255s][debug][gc,ref         ] GC(34) ReferenceProcessor::execute queues: 1, RefProcThreadModel::Single, marks_oops_alive: false
[1036.255s][debug][gc,ref         ] GC(34) Skipped KeepAliveFinalRefsPhase of Reference Processing: no references
[1036.255s][debug][gc,ref         ] GC(34) Skipped PhantomRefsPhase of Reference Processing: no references
[1036.255s][debug][gc,phases      ] GC(34) Reference Processing 0.098ms
[1036.256s][debug][gc,phases      ] GC(34)   VM Weak                        Min: 0.00, Avg: 0.00, Max: 0.01, Diff: 0.01, Sum: 0.01, Workers: 4
[1036.256s][debug][gc,phases      ] GC(34)     Dead                           Min: 0, Avg:  0.0, Max: 0, Diff: 0, Sum: 0, Workers: 4
[1036.256s][debug][gc,phases      ] GC(34)     Total                          Min: 0, Avg: 198.0, Max: 512, Diff: 512, Sum: 792, Workers: 4
[1036.256s][debug][gc,phases      ] GC(34)   ObjectSynchronizer Weak        Min: 0.00, Avg: 0.00, Max: 0.00, Diff: 0.00, Sum: 0.00, Workers: 4
[1036.256s][debug][gc,phases      ] GC(34)     Dead                           Min: 0, Avg:  0.0, Max: 0, Diff: 0, Sum: 0, Workers: 4
[1036.256s][debug][gc,phases      ] GC(34)     Total                          Min: 0, Avg:  1.2, Max: 5, Diff: 5, Sum: 5, Workers: 4
[1036.256s][debug][gc,phases      ] GC(34)   JVMTI Tag Weak OopStorage      Min: 0.00, Avg: 0.00, Max: 0.00, Diff: 0.00, Sum: 0.00, Workers: 4
[1036.256s][debug][gc,phases      ] GC(34)     Dead                           Min: 0, Avg:  0.0, Max: 0, Diff: 0, Sum: 0, Workers: 4
[1036.256s][debug][gc,phases      ] GC(34)     Total                          Min: 0, Avg:  0.0, Max: 0, Diff: 0, Sum: 0, Workers: 4
[1036.256s][debug][gc,phases      ] GC(34)   StringTable Weak               Min: 0.00, Avg: 0.10, Max: 0.14, Diff: 0.14, Sum: 0.41, Workers: 4
[1036.256s][debug][gc,phases      ] GC(34)     Dead                           Min: 0, Avg:  0.0, Max: 0, Diff: 0, Sum: 0, Workers: 4
[1036.256s][debug][gc,phases      ] GC(34)     Total                          Min: 0, Avg: 12318.5, Max: 20863, Diff: 20863, Sum: 49274, Workers: 4
[1036.256s][debug][gc,phases      ] GC(34)   ResolvedMethodTable Weak       Min: 0.00, Avg: 0.04, Max: 0.05, Diff: 0.05, Sum: 0.14, Workers: 4
[1036.256s][debug][gc,phases      ] GC(34)     Dead                           Min: 0, Avg:  5.0, Max: 20, Diff: 20, Sum: 20, Workers: 4
[1036.256s][debug][gc,phases      ] GC(34)     Total                          Min: 0, Avg: 3943.5, Max: 6730, Diff: 6730, Sum: 15774, Workers: 4
[1036.256s][debug][gc,phases      ] GC(34)   JNI Weak                       Min: 0.00, Avg: 0.00, Max: 0.00, Diff: 0.00, Sum: 0.00, Workers: 4
[1036.256s][debug][gc,phases      ] GC(34)     Dead                           Min: 0, Avg:  0.0, Max: 0, Diff: 0, Sum: 0, Workers: 4
[1036.256s][debug][gc,phases      ] GC(34)     Total                          Min: 0, Avg: 13.0, Max: 48, Diff: 48, Sum: 52, Workers: 4
[1036.256s][debug][gc,phases      ] GC(34)   StringDedup Table Weak         Min: 0.00, Avg: 0.00, Max: 0.00, Diff: 0.00, Sum: 0.00, Workers: 4
[1036.256s][debug][gc,phases      ] GC(34)     Dead                           Min: 0, Avg:  0.0, Max: 0, Diff: 0, Sum: 0, Workers: 4
[1036.256s][debug][gc,phases      ] GC(34)     Total                          Min: 0, Avg:  0.0, Max: 0, Diff: 0, Sum: 0, Workers: 4
[1036.256s][debug][gc,phases      ] GC(34)   StringDedup Requests0 Weak     Min: 0.00, Avg: 0.00, Max: 0.00, Diff: 0.00, Sum: 0.00, Workers: 4
[1036.256s][debug][gc,phases      ] GC(34)     Dead                           Min: 0, Avg:  0.0, Max: 0, Diff: 0, Sum: 0, Workers: 4
[1036.256s][debug][gc,phases      ] GC(34)     Total                          Min: 0, Avg:  0.0, Max: 0, Diff: 0, Sum: 0, Workers: 4
[1036.256s][debug][gc,phases      ] GC(34)   StringDedup Requests1 Weak     Min: 0.00, Avg: 0.00, Max: 0.00, Diff: 0.00, Sum: 0.00, Workers: 4
[1036.256s][debug][gc,phases      ] GC(34)     Dead                           Min: 0, Avg:  0.0, Max: 0, Diff: 0, Sum: 0, Workers: 4
[1036.256s][debug][gc,phases      ] GC(34)     Total                          Min: 0, Avg:  0.0, Max: 0, Diff: 0, Sum: 0, Workers: 4
[1036.256s][debug][gc,phases      ] GC(34)   Weak JFR Old Object Samples    Min: 0.00, Avg: 0.00, Max: 0.00, Diff: 0.00, Sum: 0.00, Workers: 4
[1036.256s][debug][gc,phases      ] GC(34)     Dead                           Min: 0, Avg:  0.0, Max: 0, Diff: 0, Sum: 0, Workers: 4
[1036.256s][debug][gc,phases      ] GC(34)     Total                          Min: 0, Avg:  0.0, Max: 0, Diff: 0, Sum: 0, Workers: 4
[1036.256s][debug][gc,phases      ] GC(34) Weak Processing 0.420ms
[1036.256s][debug][gc,age         ] GC(34) Desired survivor size 135266304 bytes, new threshold 1 (max threshold 15)
[1036.256s][info ][gc,heap        ] GC(34) PSYoungGen: 1785984K(1935360K)->1920K(1965056K) Eden: 1784320K(1784320K)->0K(1823744K) From: 1664K(151040K)->1920K(141312K)
[1036.256s][info ][gc,heap        ] GC(34) ParOldGen: 238088K(238592K)->238248K(238592K)
[1036.256s][info ][gc,metaspace   ] GC(34) Metaspace: 106755K(107840K)->106755K(107840K) NonClass: 91196K(91840K)->91196K(91840K) Class: 15558K(16000K)->15558K(16000K)
[1036.256s][info ][gc             ] GC(34) Pause Young (Allocation Failure) 1976M->234M(2152M) 2.250ms
[1036.256s][info ][gc,cpu         ] GC(34) User=0.00s Sys=0.00s Real=0.00s
[1036.256s][info ][safepoint      ] Safepoint "ParallelCollectForAllocation", Time since last: 43569717404 ns, Reaching safepoint: 4600 ns, At safepoint: 2311986 ns, Leaving safepoint: 2800 ns, Total: 2319386 ns, Threads: 0 runnable, 27 total
[1080.649s][info ][gc,start       ] GC(35) Pause Young (Allocation Failure)
[1080.650s][debug][gc,phases      ] GC(35) Scavenge 1.308ms
[1080.650s][debug][gc,ref         ] GC(35) ReferenceProcessor::execute queues: 1, RefProcThreadModel::Single, marks_oops_alive: false
[1080.650s][debug][gc,ref         ] GC(35) Skipped KeepAliveFinalRefsPhase of Reference Processing: no references
[1080.650s][debug][gc,ref         ] GC(35) Skipped PhantomRefsPhase of Reference Processing: no references
[1080.650s][debug][gc,phases      ] GC(35) Reference Processing 0.095ms
[1080.651s][debug][gc,phases      ] GC(35)   VM Weak                        Min: 0.00, Avg: 0.00, Max: 0.01, Diff: 0.01, Sum: 0.01, Workers: 4
[1080.651s][debug][gc,phases      ] GC(35)     Dead                           Min: 0, Avg:  0.0, Max: 0, Diff: 0, Sum: 0, Workers: 4
[1080.651s][debug][gc,phases      ] GC(35)     Total                          Min: 0, Avg: 198.0, Max: 728, Diff: 728, Sum: 792, Workers: 4
[1080.651s][debug][gc,phases      ] GC(35)   ObjectSynchronizer Weak        Min: 0.00, Avg: 0.00, Max: 0.00, Diff: 0.00, Sum: 0.00, Workers: 4
[1080.651s][debug][gc,phases      ] GC(35)     Dead                           Min: 0, Avg:  0.0, Max: 0, Diff: 0, Sum: 0, Workers: 4
[1080.651s][debug][gc,phases      ] GC(35)     Total                          Min: 0, Avg:  1.2, Max: 5, Diff: 5, Sum: 5, Workers: 4
[1080.651s][debug][gc,phases      ] GC(35)   JVMTI Tag Weak OopStorage      Min: 0.00, Avg: 0.00, Max: 0.00, Diff: 0.00, Sum: 0.00, Workers: 4
[1080.651s][debug][gc,phases      ] GC(35)     Dead                           Min: 0, Avg:  0.0, Max: 0, Diff: 0, Sum: 0, Workers: 4
[1080.651s][debug][gc,phases      ] GC(35)     Total                          Min: 0, Avg:  0.0, Max: 0, Diff: 0, Sum: 0, Workers: 4
[1080.651s][debug][gc,phases      ] GC(35)   StringTable Weak               Min: 0.11, Avg: 0.11, Max: 0.11, Diff: 0.00, Sum: 0.45, Workers: 4
[1080.651s][debug][gc,phases      ] GC(35)     Dead                           Min: 0, Avg:  0.0, Max: 0, Diff: 0, Sum: 0, Workers: 4
[1080.651s][debug][gc,phases      ] GC(35)     Total                          Min: 11648, Avg: 12319.0, Max: 13501, Diff: 1853, Sum: 49276, Workers: 4
[1080.651s][debug][gc,phases      ] GC(35)   ResolvedMethodTable Weak       Min: 0.05, Avg: 0.05, Max: 0.05, Diff: 0.00, Sum: 0.21, Workers: 4
[1080.651s][debug][gc,phases      ] GC(35)     Dead                           Min: 0, Avg:  5.0, Max: 20, Diff: 20, Sum: 20, Workers: 4
[1080.651s][debug][gc,phases      ] GC(35)     Total                          Min: 3665, Avg: 3943.5, Max: 4165, Diff: 500, Sum: 15774, Workers: 4
[1080.651s][debug][gc,phases      ] GC(35)   JNI Weak                       Min: 0.00, Avg: 0.00, Max: 0.00, Diff: 0.00, Sum: 0.00, Workers: 4
[1080.651s][debug][gc,phases      ] GC(35)     Dead                           Min: 0, Avg:  0.0, Max: 0, Diff: 0, Sum: 0, Workers: 4
[1080.651s][debug][gc,phases      ] GC(35)     Total                          Min: 0, Avg: 13.0, Max: 48, Diff: 48, Sum: 52, Workers: 4
[1080.651s][debug][gc,phases      ] GC(35)   StringDedup Table Weak         Min: 0.00, Avg: 0.00, Max: 0.00, Diff: 0.00, Sum: 0.00, Workers: 4
[1080.651s][debug][gc,phases      ] GC(35)     Dead                           Min: 0, Avg:  0.0, Max: 0, Diff: 0, Sum: 0, Workers: 4
[1080.651s][debug][gc,phases      ] GC(35)     Total                          Min: 0, Avg:  0.0, Max: 0, Diff: 0, Sum: 0, Workers: 4
[1080.651s][debug][gc,phases      ] GC(35)   StringDedup Requests0 Weak     Min: 0.00, Avg: 0.00, Max: 0.00, Diff: 0.00, Sum: 0.00, Workers: 4
[1080.651s][debug][gc,phases      ] GC(35)     Dead                           Min: 0, Avg:  0.0, Max: 0, Diff: 0, Sum: 0, Workers: 4
[1080.651s][debug][gc,phases      ] GC(35)     Total                          Min: 0, Avg:  0.0, Max: 0, Diff: 0, Sum: 0, Workers: 4
[1080.651s][debug][gc,phases      ] GC(35)   StringDedup Requests1 Weak     Min: 0.00, Avg: 0.00, Max: 0.00, Diff: 0.00, Sum: 0.00, Workers: 4
[1080.651s][debug][gc,phases      ] GC(35)     Dead                           Min: 0, Avg:  0.0, Max: 0, Diff: 0, Sum: 0, Workers: 4
[1080.651s][debug][gc,phases      ] GC(35)     Total                          Min: 0, Avg:  0.0, Max: 0, Diff: 0, Sum: 0, Workers: 4
[1080.651s][debug][gc,phases      ] GC(35)   Weak JFR Old Object Samples    Min: 0.00, Avg: 0.00, Max: 0.00, Diff: 0.00, Sum: 0.00, Workers: 4
[1080.651s][debug][gc,phases      ] GC(35)     Dead                           Min: 0, Avg:  0.0, Max: 0, Diff: 0, Sum: 0, Workers: 4
[1080.651s][debug][gc,phases      ] GC(35)     Total                          Min: 0, Avg:  0.0, Max: 0, Diff: 0, Sum: 0, Workers: 4
[1080.651s][debug][gc,phases      ] GC(35) Weak Processing 0.351ms
[1080.651s][debug][gc,age         ] GC(35) Desired survivor size 125829120 bytes, new threshold 1 (max threshold 15)
[1080.651s][info ][gc,heap        ] GC(35) PSYoungGen: 1825664K(1965056K)->1504K(1955840K) Eden: 1823744K(1823744K)->0K(1823744K) From: 1920K(141312K)->1504K(132096K)
[1080.651s][info ][gc,heap        ] GC(35) ParOldGen: 238248K(238592K)->238376K(238592K)
[1080.651s][info ][gc,metaspace   ] GC(35) Metaspace: 106759K(107840K)->106759K(107840K) NonClass: 91201K(91840K)->91201K(91840K) Class: 15558K(16000K)->15558K(16000K)
[1080.651s][info ][gc             ] GC(35) Pause Young (Allocation Failure) 2015M->234M(2143M) 1.855ms
[1080.651s][info ][gc,cpu         ] GC(35) User=0.01s Sys=0.00s Real=0.01s
[1080.651s][info ][safepoint      ] Safepoint "ParallelCollectForAllocation", Time since last: 44393052491 ns, Reaching safepoint: 28300 ns, At safepoint: 1912588 ns, Leaving safepoint: 2300 ns, Total: 1943188 ns, Threads: 0 runnable, 28 total
[1125.049s][info ][gc,start       ] GC(36) Pause Young (Allocation Failure)
[1125.050s][debug][gc,phases      ] GC(36) Scavenge 1.343ms
[1125.050s][debug][gc,ref         ] GC(36) ReferenceProcessor::execute queues: 1, RefProcThreadModel::Single, marks_oops_alive: false
[1125.050s][debug][gc,ref         ] GC(36) Skipped KeepAliveFinalRefsPhase of Reference Processing: no references
[1125.050s][debug][gc,ref         ] GC(36) Skipped PhantomRefsPhase of Reference Processing: no references
[1125.050s][debug][gc,phases      ] GC(36) Reference Processing 0.097ms
[1125.051s][debug][gc,phases      ] GC(36)   VM Weak                        Min: 0.00, Avg: 0.00, Max: 0.01, Diff: 0.01, Sum: 0.01, Workers: 4
[1125.051s][debug][gc,phases      ] GC(36)     Dead                           Min: 0, Avg:  0.0, Max: 0, Diff: 0, Sum: 0, Workers: 4
[1125.051s][debug][gc,phases      ] GC(36)     Total                          Min: 0, Avg: 198.0, Max: 792, Diff: 792, Sum: 792, Workers: 4
[1125.051s][debug][gc,phases      ] GC(36)   ObjectSynchronizer Weak        Min: 0.00, Avg: 0.00, Max: 0.00, Diff: 0.00, Sum: 0.00, Workers: 4
[1125.051s][debug][gc,phases      ] GC(36)     Dead                           Min: 0, Avg:  0.0, Max: 0, Diff: 0, Sum: 0, Workers: 4
[1125.051s][debug][gc,phases      ] GC(36)     Total                          Min: 0, Avg:  1.2, Max: 5, Diff: 5, Sum: 5, Workers: 4
[1125.051s][debug][gc,phases      ] GC(36)   JVMTI Tag Weak OopStorage      Min: 0.00, Avg: 0.00, Max: 0.00, Diff: 0.00, Sum: 0.00, Workers: 4
[1125.051s][debug][gc,phases      ] GC(36)     Dead                           Min: 0, Avg:  0.0, Max: 0, Diff: 0, Sum: 0, Workers: 4
[1125.051s][debug][gc,phases      ] GC(36)     Total                          Min: 0, Avg:  0.0, Max: 0, Diff: 0, Sum: 0, Workers: 4
[1125.051s][debug][gc,phases      ] GC(36)   StringTable Weak               Min: 0.00, Avg: 0.10, Max: 0.14, Diff: 0.14, Sum: 0.42, Workers: 4
[1125.051s][debug][gc,phases      ] GC(36)     Dead                           Min: 0, Avg:  0.0, Max: 0, Diff: 0, Sum: 0, Workers: 4
[1125.051s][debug][gc,phases      ] GC(36)     Total                          Min: 0, Avg: 12322.2, Max: 20928, Diff: 20928, Sum: 49289, Workers: 4
[1125.051s][debug][gc,phases      ] GC(36)   ResolvedMethodTable Weak       Min: 0.00, Avg: 0.03, Max: 0.04, Diff: 0.04, Sum: 0.13, Workers: 4
[1125.051s][debug][gc,phases      ] GC(36)     Dead                           Min: 0, Avg:  5.0, Max: 20, Diff: 20, Sum: 20, Workers: 4
[1125.051s][debug][gc,phases      ] GC(36)     Total                          Min: 0, Avg: 3944.0, Max: 6390, Diff: 6390, Sum: 15776, Workers: 4
[1125.051s][debug][gc,phases      ] GC(36)   JNI Weak                       Min: 0.00, Avg: 0.00, Max: 0.00, Diff: 0.00, Sum: 0.00, Workers: 4
[1125.051s][debug][gc,phases      ] GC(36)     Dead                           Min: 0, Avg:  0.0, Max: 0, Diff: 0, Sum: 0, Workers: 4
[1125.051s][debug][gc,phases      ] GC(36)     Total                          Min: 0, Avg: 13.0, Max: 48, Diff: 48, Sum: 52, Workers: 4
[1125.051s][debug][gc,phases      ] GC(36)   StringDedup Table Weak         Min: 0.00, Avg: 0.00, Max: 0.00, Diff: 0.00, Sum: 0.00, Workers: 4
[1125.051s][debug][gc,phases      ] GC(36)     Dead                           Min: 0, Avg:  0.0, Max: 0, Diff: 0, Sum: 0, Workers: 4
[1125.051s][debug][gc,phases      ] GC(36)     Total                          Min: 0, Avg:  0.0, Max: 0, Diff: 0, Sum: 0, Workers: 4
[1125.051s][debug][gc,phases      ] GC(36)   StringDedup Requests0 Weak     Min: 0.00, Avg: 0.00, Max: 0.00, Diff: 0.00, Sum: 0.00, Workers: 4
[1125.051s][debug][gc,phases      ] GC(36)     Dead                           Min: 0, Avg:  0.0, Max: 0, Diff: 0, Sum: 0, Workers: 4
[1125.051s][debug][gc,phases      ] GC(36)     Total                          Min: 0, Avg:  0.0, Max: 0, Diff: 0, Sum: 0, Workers: 4
[1125.051s][debug][gc,phases      ] GC(36)   StringDedup Requests1 Weak     Min: 0.00, Avg: 0.00, Max: 0.00, Diff: 0.00, Sum: 0.00, Workers: 4
[1125.051s][debug][gc,phases      ] GC(36)     Dead                           Min: 0, Avg:  0.0, Max: 0, Diff: 0, Sum: 0, Workers: 4
[1125.051s][debug][gc,phases      ] GC(36)     Total                          Min: 0, Avg:  0.0, Max: 0, Diff: 0, Sum: 0, Workers: 4
[1125.051s][debug][gc,phases      ] GC(36)   Weak JFR Old Object Samples    Min: 0.00, Avg: 0.00, Max: 0.00, Diff: 0.00, Sum: 0.00, Workers: 4
[1125.051s][debug][gc,phases      ] GC(36)     Dead                           Min: 0, Avg:  0.0, Max: 0, Diff: 0, Sum: 0, Workers: 4
[1125.051s][debug][gc,phases      ] GC(36)     Total                          Min: 0, Avg:  0.0, Max: 0, Diff: 0, Sum: 0, Workers: 4
[1125.051s][debug][gc,phases      ] GC(36) Weak Processing 0.366ms
[1125.051s][debug][gc,age         ] GC(36) Desired survivor size 117440512 bytes, new threshold 1 (max threshold 15)
[1125.051s][info ][gc,heap        ] GC(36) PSYoungGen: 1825248K(1955840K)->1856K(1982464K) Eden: 1823744K(1823744K)->0K(1859584K) From: 1504K(132096K)->1856K(122880K)
[1125.051s][info ][gc,heap        ] GC(36) ParOldGen: 238376K(238592K)->238436K(238592K)
[1125.051s][info ][gc,metaspace   ] GC(36) Metaspace: 106868K(107968K)->106868K(107968K) NonClass: 91304K(91968K)->91304K(91968K) Class: 15563K(16000K)->15563K(16000K)
[1125.051s][info ][gc             ] GC(36) Pause Young (Allocation Failure) 2015M->234M(2169M) 1.916ms
[1125.051s][info ][gc,cpu         ] GC(36) User=0.01s Sys=0.00s Real=0.01s
[1125.051s][info ][safepoint      ] Safepoint "ParallelCollectForAllocation", Time since last: 44398125724 ns, Reaching safepoint: 5400 ns, At safepoint: 1971188 ns, Leaving safepoint: 2000 ns, Total: 1978588 ns, Threads: 0 runnable, 28 total
[1169.722s][info ][gc,start       ] GC(37) Pause Young (Allocation Failure)
[1169.723s][debug][gc,phases      ] GC(37) Scavenge 1.379ms
[1169.723s][debug][gc,ref         ] GC(37) ReferenceProcessor::execute queues: 1, RefProcThreadModel::Single, marks_oops_alive: false
[1169.723s][debug][gc,ref         ] GC(37) Skipped KeepAliveFinalRefsPhase of Reference Processing: no references
[1169.723s][debug][gc,ref         ] GC(37) Skipped PhantomRefsPhase of Reference Processing: no references
[1169.723s][debug][gc,phases      ] GC(37) Reference Processing 0.093ms
[1169.724s][debug][gc,phases      ] GC(37)   VM Weak                        Min: 0.00, Avg: 0.00, Max: 0.01, Diff: 0.01, Sum: 0.01, Workers: 4
[1169.724s][debug][gc,phases      ] GC(37)     Dead                           Min: 0, Avg:  0.0, Max: 0, Diff: 0, Sum: 0, Workers: 4
[1169.724s][debug][gc,phases      ] GC(37)     Total                          Min: 0, Avg: 198.2, Max: 576, Diff: 576, Sum: 793, Workers: 4
[1169.724s][debug][gc,phases      ] GC(37)   ObjectSynchronizer Weak        Min: 0.00, Avg: 0.00, Max: 0.00, Diff: 0.00, Sum: 0.00, Workers: 4
[1169.724s][debug][gc,phases      ] GC(37)     Dead                           Min: 0, Avg:  0.0, Max: 0, Diff: 0, Sum: 0, Workers: 4
[1169.724s][debug][gc,phases      ] GC(37)     Total                          Min: 0, Avg:  1.2, Max: 5, Diff: 5, Sum: 5, Workers: 4
[1169.724s][debug][gc,phases      ] GC(37)   JVMTI Tag Weak OopStorage      Min: 0.00, Avg: 0.00, Max: 0.00, Diff: 0.00, Sum: 0.00, Workers: 4
[1169.724s][debug][gc,phases      ] GC(37)     Dead                           Min: 0, Avg:  0.0, Max: 0, Diff: 0, Sum: 0, Workers: 4
[1169.724s][debug][gc,phases      ] GC(37)     Total                          Min: 0, Avg:  0.0, Max: 0, Diff: 0, Sum: 0, Workers: 4
[1169.724s][debug][gc,phases      ] GC(37)   StringTable Weak               Min: 0.11, Avg: 0.11, Max: 0.11, Diff: 0.00, Sum: 0.43, Workers: 4
[1169.724s][debug][gc,phases      ] GC(37)     Dead                           Min: 0, Avg:  0.0, Max: 0, Diff: 0, Sum: 0, Workers: 4
[1169.724s][debug][gc,phases      ] GC(37)     Total                          Min: 11722, Avg: 12322.5, Max: 13376, Diff: 1654, Sum: 49290, Workers: 4
[1169.724s][debug][gc,phases      ] GC(37)   ResolvedMethodTable Weak       Min: 0.05, Avg: 0.05, Max: 0.05, Diff: 0.00, Sum: 0.20, Workers: 4
[1169.724s][debug][gc,phases      ] GC(37)     Dead                           Min: 0, Avg:  5.0, Max: 20, Diff: 20, Sum: 20, Workers: 4
[1169.724s][debug][gc,phases      ] GC(37)     Total                          Min: 3585, Avg: 3945.0, Max: 4356, Diff: 771, Sum: 15780, Workers: 4
[1169.724s][debug][gc,phases      ] GC(37)   JNI Weak                       Min: 0.00, Avg: 0.00, Max: 0.00, Diff: 0.00, Sum: 0.00, Workers: 4
[1169.724s][debug][gc,phases      ] GC(37)     Dead                           Min: 0, Avg:  0.0, Max: 0, Diff: 0, Sum: 0, Workers: 4
[1169.724s][debug][gc,phases      ] GC(37)     Total                          Min: 0, Avg: 13.0, Max: 48, Diff: 48, Sum: 52, Workers: 4
[1169.724s][debug][gc,phases      ] GC(37)   StringDedup Table Weak         Min: 0.00, Avg: 0.00, Max: 0.00, Diff: 0.00, Sum: 0.00, Workers: 4
[1169.724s][debug][gc,phases      ] GC(37)     Dead                           Min: 0, Avg:  0.0, Max: 0, Diff: 0, Sum: 0, Workers: 4
[1169.724s][debug][gc,phases      ] GC(37)     Total                          Min: 0, Avg:  0.0, Max: 0, Diff: 0, Sum: 0, Workers: 4
[1169.724s][debug][gc,phases      ] GC(37)   StringDedup Requests0 Weak     Min: 0.00, Avg: 0.00, Max: 0.00, Diff: 0.00, Sum: 0.00, Workers: 4
[1169.724s][debug][gc,phases      ] GC(37)     Dead                           Min: 0, Avg:  0.0, Max: 0, Diff: 0, Sum: 0, Workers: 4
[1169.724s][debug][gc,phases      ] GC(37)     Total                          Min: 0, Avg:  0.0, Max: 0, Diff: 0, Sum: 0, Workers: 4
[1169.724s][debug][gc,phases      ] GC(37)   StringDedup Requests1 Weak     Min: 0.00, Avg: 0.00, Max: 0.00, Diff: 0.00, Sum: 0.00, Workers: 4
[1169.724s][debug][gc,phases      ] GC(37)     Dead                           Min: 0, Avg:  0.0, Max: 0, Diff: 0, Sum: 0, Workers: 4
[1169.724s][debug][gc,phases      ] GC(37)     Total                          Min: 0, Avg:  0.0, Max: 0, Diff: 0, Sum: 0, Workers: 4
[1169.724s][debug][gc,phases      ] GC(37)   Weak JFR Old Object Samples    Min: 0.00, Avg: 0.00, Max: 0.00, Diff: 0.00, Sum: 0.00, Workers: 4
[1169.724s][debug][gc,phases      ] GC(37)     Dead                           Min: 0, Avg:  0.0, Max: 0, Diff: 0, Sum: 0, Workers: 4
[1169.724s][debug][gc,phases      ] GC(37)     Total                          Min: 0, Avg:  0.0, Max: 0, Diff: 0, Sum: 0, Workers: 4
[1169.724s][debug][gc,phases      ] GC(37) Weak Processing 0.373ms
[1169.724s][debug][gc,age         ] GC(37) Desired survivor size 109051904 bytes, new threshold 1 (max threshold 15)
[1169.724s][info ][gc,heap        ] GC(37) PSYoungGen: 1861440K(1982464K)->928K(1974272K) Eden: 1859584K(1859584K)->0K(1859584K) From: 1856K(122880K)->928K(114688K)
[1169.724s][info ][gc,heap        ] GC(37) ParOldGen: 238436K(238592K)->239124K(239616K)
[1169.724s][info ][gc,metaspace   ] GC(37) Metaspace: 106875K(107968K)->106875K(107968K) NonClass: 91311K(91968K)->91311K(91968K) Class: 15564K(16000K)->15564K(16000K)
[1169.724s][info ][gc             ] GC(37) Pause Young (Allocation Failure) 2050M->234M(2162M) 1.969ms
[1169.724s][info ][gc,cpu         ] GC(37) User=0.00s Sys=0.00s Real=0.00s
[1169.724s][info ][safepoint      ] Safepoint "ParallelCollectForAllocation", Time since last: 44670889992 ns, Reaching safepoint: 5699 ns, At safepoint: 2031988 ns, Leaving safepoint: 8500 ns, Total: 2046187 ns, Threads: 0 runnable, 28 total
[1213.593s][info ][gc,start       ] GC(38) Pause Young (Allocation Failure)
[1213.595s][debug][gc,phases      ] GC(38) Scavenge 1.386ms
[1213.595s][debug][gc,ref         ] GC(38) ReferenceProcessor::execute queues: 1, RefProcThreadModel::Single, marks_oops_alive: false
[1213.595s][debug][gc,ref         ] GC(38) Skipped KeepAliveFinalRefsPhase of Reference Processing: no references
[1213.595s][debug][gc,ref         ] GC(38) Skipped PhantomRefsPhase of Reference Processing: no references
[1213.595s][debug][gc,phases      ] GC(38) Reference Processing 0.096ms
[1213.595s][debug][gc,phases      ] GC(38)   VM Weak                        Min: 0.00, Avg: 0.00, Max: 0.01, Diff: 0.01, Sum: 0.01, Workers: 4
[1213.595s][debug][gc,phases      ] GC(38)     Dead                           Min: 0, Avg:  0.0, Max: 0, Diff: 0, Sum: 0, Workers: 4
[1213.595s][debug][gc,phases      ] GC(38)     Total                          Min: 0, Avg: 198.2, Max: 665, Diff: 665, Sum: 793, Workers: 4
[1213.595s][debug][gc,phases      ] GC(38)   ObjectSynchronizer Weak        Min: 0.00, Avg: 0.00, Max: 0.00, Diff: 0.00, Sum: 0.00, Workers: 4
[1213.595s][debug][gc,phases      ] GC(38)     Dead                           Min: 0, Avg:  0.0, Max: 0, Diff: 0, Sum: 0, Workers: 4
[1213.595s][debug][gc,phases      ] GC(38)     Total                          Min: 0, Avg:  1.2, Max: 5, Diff: 5, Sum: 5, Workers: 4
[1213.595s][debug][gc,phases      ] GC(38)   JVMTI Tag Weak OopStorage      Min: 0.00, Avg: 0.00, Max: 0.00, Diff: 0.00, Sum: 0.00, Workers: 4
[1213.595s][debug][gc,phases      ] GC(38)     Dead                           Min: 0, Avg:  0.0, Max: 0, Diff: 0, Sum: 0, Workers: 4
[1213.595s][debug][gc,phases      ] GC(38)     Total                          Min: 0, Avg:  0.0, Max: 0, Diff: 0, Sum: 0, Workers: 4
[1213.595s][debug][gc,phases      ] GC(38)   StringTable Weak               Min: 0.00, Avg: 0.10, Max: 0.13, Diff: 0.13, Sum: 0.38, Workers: 4
[1213.595s][debug][gc,phases      ] GC(38)     Dead                           Min: 0, Avg:  0.2, Max: 1, Diff: 1, Sum: 1, Workers: 4
[1213.595s][debug][gc,phases      ] GC(38)     Total                          Min: 0, Avg: 12324.0, Max: 20543, Diff: 20543, Sum: 49296, Workers: 4
[1213.595s][debug][gc,phases      ] GC(38)   ResolvedMethodTable Weak       Min: 0.00, Avg: 0.03, Max: 0.04, Diff: 0.04, Sum: 0.13, Workers: 4
[1213.595s][debug][gc,phases      ] GC(38)     Dead                           Min: 0, Avg:  5.0, Max: 20, Diff: 20, Sum: 20, Workers: 4
[1213.595s][debug][gc,phases      ] GC(38)     Total                          Min: 0, Avg: 3945.8, Max: 6437, Diff: 6437, Sum: 15783, Workers: 4
[1213.595s][debug][gc,phases      ] GC(38)   JNI Weak                       Min: 0.00, Avg: 0.00, Max: 0.00, Diff: 0.00, Sum: 0.00, Workers: 4
[1213.595s][debug][gc,phases      ] GC(38)     Dead                           Min: 0, Avg:  0.0, Max: 0, Diff: 0, Sum: 0, Workers: 4
[1213.595s][debug][gc,phases      ] GC(38)     Total                          Min: 0, Avg: 14.5, Max: 48, Diff: 48, Sum: 58, Workers: 4
[1213.595s][debug][gc,phases      ] GC(38)   StringDedup Table Weak         Min: 0.00, Avg: 0.00, Max: 0.00, Diff: 0.00, Sum: 0.00, Workers: 4
[1213.595s][debug][gc,phases      ] GC(38)     Dead                           Min: 0, Avg:  0.0, Max: 0, Diff: 0, Sum: 0, Workers: 4
[1213.595s][debug][gc,phases      ] GC(38)     Total                          Min: 0, Avg:  0.0, Max: 0, Diff: 0, Sum: 0, Workers: 4
[1213.595s][debug][gc,phases      ] GC(38)   StringDedup Requests0 Weak     Min: 0.00, Avg: 0.00, Max: 0.00, Diff: 0.00, Sum: 0.00, Workers: 4
[1213.595s][debug][gc,phases      ] GC(38)     Dead                           Min: 0, Avg:  0.0, Max: 0, Diff: 0, Sum: 0, Workers: 4
[1213.595s][debug][gc,phases      ] GC(38)     Total                          Min: 0, Avg:  0.0, Max: 0, Diff: 0, Sum: 0, Workers: 4
[1213.595s][debug][gc,phases      ] GC(38)   StringDedup Requests1 Weak     Min: 0.00, Avg: 0.00, Max: 0.00, Diff: 0.00, Sum: 0.00, Workers: 4
[1213.595s][debug][gc,phases      ] GC(38)     Dead                           Min: 0, Avg:  0.0, Max: 0, Diff: 0, Sum: 0, Workers: 4
[1213.595s][debug][gc,phases      ] GC(38)     Total                          Min: 0, Avg:  0.0, Max: 0, Diff: 0, Sum: 0, Workers: 4
[1213.595s][debug][gc,phases      ] GC(38)   Weak JFR Old Object Samples    Min: 0.00, Avg: 0.00, Max: 0.00, Diff: 0.00, Sum: 0.00, Workers: 4
[1213.595s][debug][gc,phases      ] GC(38)     Dead                           Min: 0, Avg:  0.0, Max: 0, Diff: 0, Sum: 0, Workers: 4
[1213.595s][debug][gc,phases      ] GC(38)     Total                          Min: 0, Avg:  0.0, Max: 0, Diff: 0, Sum: 0, Workers: 4
[1213.595s][debug][gc,phases      ] GC(38) Weak Processing 0.361ms
[1213.595s][debug][gc,age         ] GC(38) Desired survivor size 101711872 bytes, new threshold 1 (max threshold 15)
[1213.595s][info ][gc,heap        ] GC(38) PSYoungGen: 1860512K(1974272K)->1440K(1997824K) Eden: 1859584K(1859584K)->0K(1891328K) From: 928K(114688K)->1440K(106496K)
[1213.595s][info ][gc,heap        ] GC(38) ParOldGen: 239124K(239616K)->239196K(239616K)
[1213.595s][info ][gc,metaspace   ] GC(38) Metaspace: 106910K(107968K)->106910K(107968K) NonClass: 91343K(91968K)->91343K(91968K) Class: 15566K(16000K)->15566K(16000K)
[1213.595s][info ][gc             ] GC(38) Pause Young (Allocation Failure) 2050M->234M(2185M) 1.964ms
[1213.595s][info ][gc,cpu         ] GC(38) User=0.00s Sys=0.00s Real=0.00s
[1213.595s][info ][safepoint      ] Safepoint "ParallelCollectForAllocation", Time since last: 43869466403 ns, Reaching safepoint: 85000 ns, At safepoint: 2030688 ns, Leaving safepoint: 7800 ns, Total: 2123488 ns, Threads: 1 runnable, 31 total
[1259.495s][info ][gc,start       ] GC(39) Pause Young (Allocation Failure)
[1259.496s][debug][gc,phases      ] GC(39) Scavenge 1.297ms
[1259.496s][debug][gc,ref         ] GC(39) ReferenceProcessor::execute queues: 1, RefProcThreadModel::Single, marks_oops_alive: false
[1259.496s][debug][gc,ref         ] GC(39) Skipped KeepAliveFinalRefsPhase of Reference Processing: no references
[1259.496s][debug][gc,ref         ] GC(39) Skipped PhantomRefsPhase of Reference Processing: no references
[1259.496s][debug][gc,phases      ] GC(39) Reference Processing 0.103ms
[1259.497s][debug][gc,phases      ] GC(39)   VM Weak                        Min: 0.00, Avg: 0.00, Max: 0.01, Diff: 0.01, Sum: 0.01, Workers: 4
[1259.497s][debug][gc,phases      ] GC(39)     Dead                           Min: 0, Avg:  0.0, Max: 0, Diff: 0, Sum: 0, Workers: 4
[1259.497s][debug][gc,phases      ] GC(39)     Total                          Min: 0, Avg: 198.2, Max: 793, Diff: 793, Sum: 793, Workers: 4
[1259.497s][debug][gc,phases      ] GC(39)   ObjectSynchronizer Weak        Min: 0.00, Avg: 0.00, Max: 0.00, Diff: 0.00, Sum: 0.00, Workers: 4
[1259.497s][debug][gc,phases      ] GC(39)     Dead                           Min: 0, Avg:  0.0, Max: 0, Diff: 0, Sum: 0, Workers: 4
[1259.497s][debug][gc,phases      ] GC(39)     Total                          Min: 0, Avg:  1.2, Max: 5, Diff: 5, Sum: 5, Workers: 4
[1259.497s][debug][gc,phases      ] GC(39)   JVMTI Tag Weak OopStorage      Min: 0.00, Avg: 0.00, Max: 0.00, Diff: 0.00, Sum: 0.00, Workers: 4
[1259.497s][debug][gc,phases      ] GC(39)     Dead                           Min: 0, Avg:  0.0, Max: 0, Diff: 0, Sum: 0, Workers: 4
[1259.497s][debug][gc,phases      ] GC(39)     Total                          Min: 0, Avg:  0.0, Max: 0, Diff: 0, Sum: 0, Workers: 4
[1259.497s][debug][gc,phases      ] GC(39)   StringTable Weak               Min: 0.12, Avg: 0.12, Max: 0.12, Diff: 0.00, Sum: 0.50, Workers: 4
[1259.497s][debug][gc,phases      ] GC(39)     Dead                           Min: 0, Avg:  0.0, Max: 0, Diff: 0, Sum: 0, Workers: 4
[1259.497s][debug][gc,phases      ] GC(39)     Total                          Min: 11775, Avg: 12324.2, Max: 12864, Diff: 1089, Sum: 49297, Workers: 4
[1259.497s][debug][gc,phases      ] GC(39)   ResolvedMethodTable Weak       Min: 0.04, Avg: 0.04, Max: 0.04, Diff: 0.00, Sum: 0.15, Workers: 4
[1259.497s][debug][gc,phases      ] GC(39)     Dead                           Min: 0, Avg:  5.0, Max: 19, Diff: 19, Sum: 20, Workers: 4
[1259.497s][debug][gc,phases      ] GC(39)     Total                          Min: 3879, Avg: 3945.8, Max: 4019, Diff: 140, Sum: 15783, Workers: 4
[1259.497s][debug][gc,phases      ] GC(39)   JNI Weak                       Min: 0.00, Avg: 0.00, Max: 0.00, Diff: 0.00, Sum: 0.00, Workers: 4
[1259.497s][debug][gc,phases      ] GC(39)     Dead                           Min: 0, Avg:  0.0, Max: 0, Diff: 0, Sum: 0, Workers: 4
[1259.497s][debug][gc,phases      ] GC(39)     Total                          Min: 0, Avg: 13.0, Max: 48, Diff: 48, Sum: 52, Workers: 4
[1259.497s][debug][gc,phases      ] GC(39)   StringDedup Table Weak         Min: 0.00, Avg: 0.00, Max: 0.00, Diff: 0.00, Sum: 0.00, Workers: 4
[1259.497s][debug][gc,phases      ] GC(39)     Dead                           Min: 0, Avg:  0.0, Max: 0, Diff: 0, Sum: 0, Workers: 4
[1259.497s][debug][gc,phases      ] GC(39)     Total                          Min: 0, Avg:  0.0, Max: 0, Diff: 0, Sum: 0, Workers: 4
[1259.497s][debug][gc,phases      ] GC(39)   StringDedup Requests0 Weak     Min: 0.00, Avg: 0.00, Max: 0.00, Diff: 0.00, Sum: 0.00, Workers: 4
[1259.497s][debug][gc,phases      ] GC(39)     Dead                           Min: 0, Avg:  0.0, Max: 0, Diff: 0, Sum: 0, Workers: 4
[1259.497s][debug][gc,phases      ] GC(39)     Total                          Min: 0, Avg:  0.0, Max: 0, Diff: 0, Sum: 0, Workers: 4
[1259.497s][debug][gc,phases      ] GC(39)   StringDedup Requests1 Weak     Min: 0.00, Avg: 0.00, Max: 0.00, Diff: 0.00, Sum: 0.00, Workers: 4
[1259.497s][debug][gc,phases      ] GC(39)     Dead                           Min: 0, Avg:  0.0, Max: 0, Diff: 0, Sum: 0, Workers: 4
[1259.497s][debug][gc,phases      ] GC(39)     Total                          Min: 0, Avg:  0.0, Max: 0, Diff: 0, Sum: 0, Workers: 4
[1259.497s][debug][gc,phases      ] GC(39)   Weak JFR Old Object Samples    Min: 0.00, Avg: 0.00, Max: 0.00, Diff: 0.00, Sum: 0.00, Workers: 4
[1259.497s][debug][gc,phases      ] GC(39)     Dead                           Min: 0, Avg:  0.0, Max: 0, Diff: 0, Sum: 0, Workers: 4
[1259.497s][debug][gc,phases      ] GC(39)     Total                          Min: 0, Avg:  0.0, Max: 0, Diff: 0, Sum: 0, Workers: 4
[1259.497s][debug][gc,phases      ] GC(39) Weak Processing 0.369ms
[1259.497s][debug][gc,age         ] GC(39) Desired survivor size 94371840 bytes, new threshold 1 (max threshold 15)
[1259.497s][info ][gc,heap        ] GC(39) PSYoungGen: 1892768K(1997824K)->1408K(1990656K) Eden: 1891328K(1891328K)->0K(1891328K) From: 1440K(106496K)->1408K(99328K)
[1259.497s][info ][gc,heap        ] GC(39) ParOldGen: 239196K(239616K)->239340K(239616K)
[1259.497s][info ][gc,metaspace   ] GC(39) Metaspace: 106922K(107968K)->106922K(107968K) NonClass: 91355K(91968K)->91355K(91968K) Class: 15566K(16000K)->15566K(16000K)
[1259.497s][info ][gc             ] GC(39) Pause Young (Allocation Failure) 2081M->235M(2178M) 1.882ms
[1259.497s][info ][gc,cpu         ] GC(39) User=0.00s Sys=0.00s Real=0.00s
[1259.497s][info ][safepoint      ] Safepoint "ParallelCollectForAllocation", Time since last: 45899387681 ns, Reaching safepoint: 104800 ns, At safepoint: 1939488 ns, Leaving safepoint: 6700 ns, Total: 2050988 ns, Threads: 1 runnable, 31 total
[1305.649s][info ][gc,start       ] GC(40) Pause Young (Allocation Failure)
[1305.650s][debug][gc,phases      ] GC(40) Scavenge 1.448ms
[1305.650s][debug][gc,ref         ] GC(40) ReferenceProcessor::execute queues: 1, RefProcThreadModel::Single, marks_oops_alive: false
[1305.650s][debug][gc,ref         ] GC(40) Skipped KeepAliveFinalRefsPhase of Reference Processing: no references
[1305.650s][debug][gc,ref         ] GC(40) Skipped PhantomRefsPhase of Reference Processing: no references
[1305.650s][debug][gc,phases      ] GC(40) Reference Processing 0.094ms
[1305.651s][debug][gc,phases      ] GC(40)   VM Weak                        Min: 0.00, Avg: 0.00, Max: 0.00, Diff: 0.00, Sum: 0.01, Workers: 4
[1305.651s][debug][gc,phases      ] GC(40)     Dead                           Min: 0, Avg:  0.0, Max: 0, Diff: 0, Sum: 0, Workers: 4
[1305.651s][debug][gc,phases      ] GC(40)     Total                          Min: 64, Avg: 198.2, Max: 409, Diff: 345, Sum: 793, Workers: 4
[1305.651s][debug][gc,phases      ] GC(40)   ObjectSynchronizer Weak        Min: 0.00, Avg: 0.00, Max: 0.00, Diff: 0.00, Sum: 0.00, Workers: 4
[1305.651s][debug][gc,phases      ] GC(40)     Dead                           Min: 0, Avg:  0.0, Max: 0, Diff: 0, Sum: 0, Workers: 4
[1305.651s][debug][gc,phases      ] GC(40)     Total                          Min: 0, Avg:  1.2, Max: 5, Diff: 5, Sum: 5, Workers: 4
[1305.651s][debug][gc,phases      ] GC(40)   JVMTI Tag Weak OopStorage      Min: 0.00, Avg: 0.00, Max: 0.00, Diff: 0.00, Sum: 0.00, Workers: 4
[1305.651s][debug][gc,phases      ] GC(40)     Dead                           Min: 0, Avg:  0.0, Max: 0, Diff: 0, Sum: 0, Workers: 4
[1305.651s][debug][gc,phases      ] GC(40)     Total                          Min: 0, Avg:  0.0, Max: 0, Diff: 0, Sum: 0, Workers: 4
[1305.651s][debug][gc,phases      ] GC(40)   StringTable Weak               Min: 0.12, Avg: 0.12, Max: 0.12, Diff: 0.00, Sum: 0.50, Workers: 4
[1305.651s][debug][gc,phases      ] GC(40)     Dead                           Min: 0, Avg:  0.0, Max: 0, Diff: 0, Sum: 0, Workers: 4
[1305.651s][debug][gc,phases      ] GC(40)     Total                          Min: 12160, Avg: 12324.5, Max: 12672, Diff: 512, Sum: 49298, Workers: 4
[1305.651s][debug][gc,phases      ] GC(40)   ResolvedMethodTable Weak       Min: 0.04, Avg: 0.04, Max: 0.04, Diff: 0.00, Sum: 0.16, Workers: 4
[1305.651s][debug][gc,phases      ] GC(40)     Dead                           Min: 0, Avg:  5.0, Max: 20, Diff: 20, Sum: 20, Workers: 4
[1305.651s][debug][gc,phases      ] GC(40)     Total                          Min: 3644, Avg: 3945.8, Max: 4264, Diff: 620, Sum: 15783, Workers: 4
[1305.651s][debug][gc,phases      ] GC(40)   JNI Weak                       Min: 0.00, Avg: 0.00, Max: 0.00, Diff: 0.00, Sum: 0.00, Workers: 4
[1305.651s][debug][gc,phases      ] GC(40)     Dead                           Min: 0, Avg:  0.0, Max: 0, Diff: 0, Sum: 0, Workers: 4
[1305.651s][debug][gc,phases      ] GC(40)     Total                          Min: 0, Avg: 13.0, Max: 48, Diff: 48, Sum: 52, Workers: 4
[1305.651s][debug][gc,phases      ] GC(40)   StringDedup Table Weak         Min: 0.00, Avg: 0.00, Max: 0.00, Diff: 0.00, Sum: 0.00, Workers: 4
[1305.651s][debug][gc,phases      ] GC(40)     Dead                           Min: 0, Avg:  0.0, Max: 0, Diff: 0, Sum: 0, Workers: 4
[1305.651s][debug][gc,phases      ] GC(40)     Total                          Min: 0, Avg:  0.0, Max: 0, Diff: 0, Sum: 0, Workers: 4
[1305.651s][debug][gc,phases      ] GC(40)   StringDedup Requests0 Weak     Min: 0.00, Avg: 0.00, Max: 0.00, Diff: 0.00, Sum: 0.00, Workers: 4
[1305.651s][debug][gc,phases      ] GC(40)     Dead                           Min: 0, Avg:  0.0, Max: 0, Diff: 0, Sum: 0, Workers: 4
[1305.651s][debug][gc,phases      ] GC(40)     Total                          Min: 0, Avg:  0.0, Max: 0, Diff: 0, Sum: 0, Workers: 4
[1305.651s][debug][gc,phases      ] GC(40)   StringDedup Requests1 Weak     Min: 0.00, Avg: 0.00, Max: 0.00, Diff: 0.00, Sum: 0.00, Workers: 4
[1305.651s][debug][gc,phases      ] GC(40)     Dead                           Min: 0, Avg:  0.0, Max: 0, Diff: 0, Sum: 0, Workers: 4
[1305.651s][debug][gc,phases      ] GC(40)     Total                          Min: 0, Avg:  0.0, Max: 0, Diff: 0, Sum: 0, Workers: 4
[1305.651s][debug][gc,phases      ] GC(40)   Weak JFR Old Object Samples    Min: 0.00, Avg: 0.00, Max: 0.00, Diff: 0.00, Sum: 0.00, Workers: 4
[1305.651s][debug][gc,phases      ] GC(40)     Dead                           Min: 0, Avg:  0.0, Max: 0, Diff: 0, Sum: 0, Workers: 4
[1305.651s][debug][gc,phases      ] GC(40)     Total                          Min: 0, Avg:  0.0, Max: 0, Diff: 0, Sum: 0, Workers: 4
[1305.651s][debug][gc,phases      ] GC(40) Weak Processing 0.354ms
[1305.651s][debug][gc,age         ] GC(40) Desired survivor size 87556096 bytes, new threshold 1 (max threshold 15)
[1305.651s][info ][gc,heap        ] GC(40) PSYoungGen: 1892736K(1990656K)->1456K(2011648K) Eden: 1891328K(1891328K)->0K(1919488K) From: 1408K(99328K)->1456K(92160K)
[1305.651s][info ][gc,heap        ] GC(40) ParOldGen: 239340K(239616K)->239404K(239616K)
[1305.651s][info ][gc,metaspace   ] GC(40) Metaspace: 106951K(107968K)->106951K(107968K) NonClass: 91384K(91968K)->91384K(91968K) Class: 15566K(16000K)->15566K(16000K)
[1305.651s][info ][gc             ] GC(40) Pause Young (Allocation Failure) 2082M->235M(2198M) 2.011ms
[1305.651s][info ][gc,cpu         ] GC(40) User=0.01s Sys=0.00s Real=0.01s
[1305.651s][info ][safepoint      ] Safepoint "ParallelCollectForAllocation", Time since last: 46151972154 ns, Reaching safepoint: 5800 ns, At safepoint: 2067388 ns, Leaving safepoint: 1600 ns, Total: 2074788 ns, Threads: 0 runnable, 28 total
[1351.745s][info ][gc,start       ] GC(41) Pause Young (Allocation Failure)
[1351.746s][debug][gc,phases      ] GC(41) Scavenge 1.244ms
[1351.746s][debug][gc,ref         ] GC(41) ReferenceProcessor::execute queues: 1, RefProcThreadModel::Single, marks_oops_alive: false
[1351.746s][debug][gc,ref         ] GC(41) Skipped KeepAliveFinalRefsPhase of Reference Processing: no references
[1351.746s][debug][gc,ref         ] GC(41) Skipped PhantomRefsPhase of Reference Processing: no references
[1351.746s][debug][gc,phases      ] GC(41) Reference Processing 0.096ms
[1351.747s][debug][gc,phases      ] GC(41)   VM Weak                        Min: 0.00, Avg: 0.00, Max: 0.01, Diff: 0.01, Sum: 0.01, Workers: 4
[1351.747s][debug][gc,phases      ] GC(41)     Dead                           Min: 0, Avg:  0.0, Max: 0, Diff: 0, Sum: 0, Workers: 4
[1351.747s][debug][gc,phases      ] GC(41)     Total                          Min: 0, Avg: 198.2, Max: 768, Diff: 768, Sum: 793, Workers: 4
[1351.747s][debug][gc,phases      ] GC(41)   ObjectSynchronizer Weak        Min: 0.00, Avg: 0.00, Max: 0.00, Diff: 0.00, Sum: 0.00, Workers: 4
[1351.747s][debug][gc,phases      ] GC(41)     Dead                           Min: 0, Avg:  0.0, Max: 0, Diff: 0, Sum: 0, Workers: 4
[1351.747s][debug][gc,phases      ] GC(41)     Total                          Min: 0, Avg:  1.2, Max: 5, Diff: 5, Sum: 5, Workers: 4
[1351.747s][debug][gc,phases      ] GC(41)   JVMTI Tag Weak OopStorage      Min: 0.00, Avg: 0.00, Max: 0.00, Diff: 0.00, Sum: 0.00, Workers: 4
[1351.747s][debug][gc,phases      ] GC(41)     Dead                           Min: 0, Avg:  0.0, Max: 0, Diff: 0, Sum: 0, Workers: 4
[1351.747s][debug][gc,phases      ] GC(41)     Total                          Min: 0, Avg:  0.0, Max: 0, Diff: 0, Sum: 0, Workers: 4
[1351.747s][debug][gc,phases      ] GC(41)   StringTable Weak               Min: 0.00, Avg: 0.10, Max: 0.13, Diff: 0.13, Sum: 0.38, Workers: 4
[1351.747s][debug][gc,phases      ] GC(41)     Dead                           Min: 0, Avg:  0.0, Max: 0, Diff: 0, Sum: 0, Workers: 4
[1351.747s][debug][gc,phases      ] GC(41)     Total                          Min: 0, Avg: 12325.8, Max: 21056, Diff: 21056, Sum: 49303, Workers: 4
[1351.747s][debug][gc,phases      ] GC(41)   ResolvedMethodTable Weak       Min: 0.00, Avg: 0.03, Max: 0.04, Diff: 0.04, Sum: 0.13, Workers: 4
[1351.747s][debug][gc,phases      ] GC(41)     Dead                           Min: 0, Avg:  5.0, Max: 20, Diff: 20, Sum: 20, Workers: 4
[1351.747s][debug][gc,phases      ] GC(41)     Total                          Min: 0, Avg: 3945.8, Max: 6484, Diff: 6484, Sum: 15783, Workers: 4
[1351.747s][debug][gc,phases      ] GC(41)   JNI Weak                       Min: 0.00, Avg: 0.00, Max: 0.00, Diff: 0.00, Sum: 0.00, Workers: 4
[1351.747s][debug][gc,phases      ] GC(41)     Dead                           Min: 0, Avg:  0.0, Max: 0, Diff: 0, Sum: 0, Workers: 4
[1351.747s][debug][gc,phases      ] GC(41)     Total                          Min: 0, Avg: 13.0, Max: 48, Diff: 48, Sum: 52, Workers: 4
[1351.747s][debug][gc,phases      ] GC(41)   StringDedup Table Weak         Min: 0.00, Avg: 0.00, Max: 0.00, Diff: 0.00, Sum: 0.00, Workers: 4
[1351.747s][debug][gc,phases      ] GC(41)     Dead                           Min: 0, Avg:  0.0, Max: 0, Diff: 0, Sum: 0, Workers: 4
[1351.747s][debug][gc,phases      ] GC(41)     Total                          Min: 0, Avg:  0.0, Max: 0, Diff: 0, Sum: 0, Workers: 4
[1351.747s][debug][gc,phases      ] GC(41)   StringDedup Requests0 Weak     Min: 0.00, Avg: 0.00, Max: 0.00, Diff: 0.00, Sum: 0.00, Workers: 4
[1351.747s][debug][gc,phases      ] GC(41)     Dead                           Min: 0, Avg:  0.0, Max: 0, Diff: 0, Sum: 0, Workers: 4
[1351.747s][debug][gc,phases      ] GC(41)     Total                          Min: 0, Avg:  0.0, Max: 0, Diff: 0, Sum: 0, Workers: 4
[1351.747s][debug][gc,phases      ] GC(41)   StringDedup Requests1 Weak     Min: 0.00, Avg: 0.00, Max: 0.00, Diff: 0.00, Sum: 0.00, Workers: 4
[1351.747s][debug][gc,phases      ] GC(41)     Dead                           Min: 0, Avg:  0.0, Max: 0, Diff: 0, Sum: 0, Workers: 4
[1351.747s][debug][gc,phases      ] GC(41)     Total                          Min: 0, Avg:  0.0, Max: 0, Diff: 0, Sum: 0, Workers: 4
[1351.747s][debug][gc,phases      ] GC(41)   Weak JFR Old Object Samples    Min: 0.00, Avg: 0.00, Max: 0.00, Diff: 0.00, Sum: 0.00, Workers: 4
[1351.747s][debug][gc,phases      ] GC(41)     Dead                           Min: 0, Avg:  0.0, Max: 0, Diff: 0, Sum: 0, Workers: 4
[1351.747s][debug][gc,phases      ] GC(41)     Total                          Min: 0, Avg:  0.0, Max: 0, Diff: 0, Sum: 0, Workers: 4
[1351.747s][debug][gc,phases      ] GC(41) Weak Processing 0.362ms
[1351.747s][debug][gc,age         ] GC(41) Desired survivor size 81264640 bytes, new threshold 1 (max threshold 15)
[1351.747s][info ][gc,heap        ] GC(41) PSYoungGen: 1920944K(2011648K)->1440K(2004992K) Eden: 1919488K(1919488K)->0K(1919488K) From: 1456K(92160K)->1440K(85504K)
[1351.747s][info ][gc,heap        ] GC(41) ParOldGen: 239404K(239616K)->239516K(239616K)
[1351.747s][info ][gc,metaspace   ] GC(41) Metaspace: 106983K(108032K)->106983K(108032K) NonClass: 91416K(92032K)->91416K(92032K) Class: 15566K(16000K)->15566K(16000K)
[1351.747s][info ][gc             ] GC(41) Pause Young (Allocation Failure) 2109M->235M(2192M) 1.823ms
[1351.747s][info ][gc,cpu         ] GC(41) User=0.01s Sys=0.00s Real=0.00s
[1351.747s][info ][safepoint      ] Safepoint "ParallelCollectForAllocation", Time since last: 46093842641 ns, Reaching safepoint: 107800 ns, At safepoint: 1881988 ns, Leaving safepoint: 5700 ns, Total: 1995488 ns, Threads: 1 runnable, 28 total
[1396.496s][info ][gc,start       ] GC(42) Pause Young (Allocation Failure)
[1396.498s][debug][gc,phases      ] GC(42) Scavenge 2.048ms
[1396.498s][debug][gc,ref         ] GC(42) ReferenceProcessor::execute queues: 1, RefProcThreadModel::Single, marks_oops_alive: false
[1396.498s][debug][gc,ref         ] GC(42) Skipped KeepAliveFinalRefsPhase of Reference Processing: no references
[1396.498s][debug][gc,ref         ] GC(42) Skipped PhantomRefsPhase of Reference Processing: no references
[1396.498s][debug][gc,phases      ] GC(42) Reference Processing 0.094ms
[1396.498s][debug][gc,phases      ] GC(42)   VM Weak                        Min: 0.00, Avg: 0.00, Max: 0.00, Diff: 0.00, Sum: 0.01, Workers: 4
[1396.498s][debug][gc,phases      ] GC(42)     Dead                           Min: 0, Avg:  0.0, Max: 0, Diff: 0, Sum: 0, Workers: 4
[1396.498s][debug][gc,phases      ] GC(42)     Total                          Min: 64, Avg: 198.2, Max: 384, Diff: 320, Sum: 793, Workers: 4
[1396.498s][debug][gc,phases      ] GC(42)   ObjectSynchronizer Weak        Min: 0.00, Avg: 0.00, Max: 0.00, Diff: 0.00, Sum: 0.00, Workers: 4
[1396.498s][debug][gc,phases      ] GC(42)     Dead                           Min: 0, Avg:  0.0, Max: 0, Diff: 0, Sum: 0, Workers: 4
[1396.498s][debug][gc,phases      ] GC(42)     Total                          Min: 0, Avg:  1.2, Max: 5, Diff: 5, Sum: 5, Workers: 4
[1396.498s][debug][gc,phases      ] GC(42)   JVMTI Tag Weak OopStorage      Min: 0.00, Avg: 0.00, Max: 0.00, Diff: 0.00, Sum: 0.00, Workers: 4
[1396.498s][debug][gc,phases      ] GC(42)     Dead                           Min: 0, Avg:  0.0, Max: 0, Diff: 0, Sum: 0, Workers: 4
[1396.498s][debug][gc,phases      ] GC(42)     Total                          Min: 0, Avg:  0.0, Max: 0, Diff: 0, Sum: 0, Workers: 4
[1396.498s][debug][gc,phases      ] GC(42)   StringTable Weak               Min: 0.11, Avg: 0.11, Max: 0.11, Diff: 0.00, Sum: 0.44, Workers: 4
[1396.498s][debug][gc,phases      ] GC(42)     Dead                           Min: 0, Avg:  0.0, Max: 0, Diff: 0, Sum: 0, Workers: 4
[1396.498s][debug][gc,phases      ] GC(42)     Total                          Min: 11712, Avg: 12326.0, Max: 13567, Diff: 1855, Sum: 49304, Workers: 4
[1396.498s][debug][gc,phases      ] GC(42)   ResolvedMethodTable Weak       Min: 0.04, Avg: 0.04, Max: 0.04, Diff: 0.00, Sum: 0.15, Workers: 4
[1396.499s][debug][gc,phases      ] GC(42)     Dead                           Min: 0, Avg:  5.0, Max: 20, Diff: 20, Sum: 20, Workers: 4
[1396.499s][debug][gc,phases      ] GC(42)     Total                          Min: 3756, Avg: 3945.8, Max: 4251, Diff: 495, Sum: 15783, Workers: 4
[1396.499s][debug][gc,phases      ] GC(42)   JNI Weak                       Min: 0.00, Avg: 0.00, Max: 0.00, Diff: 0.00, Sum: 0.00, Workers: 4
[1396.499s][debug][gc,phases      ] GC(42)     Dead                           Min: 0, Avg:  0.0, Max: 0, Diff: 0, Sum: 0, Workers: 4
[1396.499s][debug][gc,phases      ] GC(42)     Total                          Min: 0, Avg: 13.0, Max: 48, Diff: 48, Sum: 52, Workers: 4
[1396.499s][debug][gc,phases      ] GC(42)   StringDedup Table Weak         Min: 0.00, Avg: 0.00, Max: 0.00, Diff: 0.00, Sum: 0.00, Workers: 4
[1396.499s][debug][gc,phases      ] GC(42)     Dead                           Min: 0, Avg:  0.0, Max: 0, Diff: 0, Sum: 0, Workers: 4
[1396.499s][debug][gc,phases      ] GC(42)     Total                          Min: 0, Avg:  0.0, Max: 0, Diff: 0, Sum: 0, Workers: 4
[1396.499s][debug][gc,phases      ] GC(42)   StringDedup Requests0 Weak     Min: 0.00, Avg: 0.00, Max: 0.00, Diff: 0.00, Sum: 0.00, Workers: 4
[1396.499s][debug][gc,phases      ] GC(42)     Dead                           Min: 0, Avg:  0.0, Max: 0, Diff: 0, Sum: 0, Workers: 4
[1396.499s][debug][gc,phases      ] GC(42)     Total                          Min: 0, Avg:  0.0, Max: 0, Diff: 0, Sum: 0, Workers: 4
[1396.499s][debug][gc,phases      ] GC(42)   StringDedup Requests1 Weak     Min: 0.00, Avg: 0.00, Max: 0.00, Diff: 0.00, Sum: 0.00, Workers: 4
[1396.499s][debug][gc,phases      ] GC(42)     Dead                           Min: 0, Avg:  0.0, Max: 0, Diff: 0, Sum: 0, Workers: 4
[1396.499s][debug][gc,phases      ] GC(42)     Total                          Min: 0, Avg:  0.0, Max: 0, Diff: 0, Sum: 0, Workers: 4
[1396.499s][debug][gc,phases      ] GC(42)   Weak JFR Old Object Samples    Min: 0.00, Avg: 0.00, Max: 0.00, Diff: 0.00, Sum: 0.00, Workers: 4
[1396.499s][debug][gc,phases      ] GC(42)     Dead                           Min: 0, Avg:  0.0, Max: 0, Diff: 0, Sum: 0, Workers: 4
[1396.499s][debug][gc,phases      ] GC(42)     Total                          Min: 0, Avg:  0.0, Max: 0, Diff: 0, Sum: 0, Workers: 4
[1396.499s][debug][gc,phases      ] GC(42) Weak Processing 0.362ms
[1396.499s][debug][gc,age         ] GC(42) Desired survivor size 75497472 bytes, new threshold 1 (max threshold 15)
[1396.499s][info ][gc,heap        ] GC(42) PSYoungGen: 1920928K(2004992K)->2128K(2023424K) Eden: 1919488K(1919488K)->0K(1944064K) From: 1440K(85504K)->2128K(79360K)
[1396.499s][info ][gc,heap        ] GC(42) ParOldGen: 239516K(239616K)->239588K(239616K)
[1396.499s][info ][gc,metaspace   ] GC(42) Metaspace: 106986K(108032K)->106986K(108032K) NonClass: 91419K(92032K)->91419K(92032K) Class: 15566K(16000K)->15566K(16000K)
[1396.499s][info ][gc             ] GC(42) Pause Young (Allocation Failure) 2109M->236M(2210M) 2.600ms
[1396.499s][info ][gc,cpu         ] GC(42) User=0.00s Sys=0.00s Real=0.00s
[1396.499s][info ][safepoint      ] Safepoint "ParallelCollectForAllocation", Time since last: 44749146321 ns, Reaching safepoint: 106200 ns, At safepoint: 2654584 ns, Leaving safepoint: 4900 ns, Total: 2765684 ns, Threads: 1 runnable, 28 total
[1442.783s][info ][gc,start       ] GC(43) Pause Young (Allocation Failure)
[1442.785s][debug][gc,phases      ] GC(43) Scavenge 1.274ms
[1442.785s][debug][gc,ref         ] GC(43) ReferenceProcessor::execute queues: 1, RefProcThreadModel::Single, marks_oops_alive: false
[1442.785s][debug][gc,ref         ] GC(43) Skipped KeepAliveFinalRefsPhase of Reference Processing: no references
[1442.785s][debug][gc,ref         ] GC(43) Skipped PhantomRefsPhase of Reference Processing: no references
[1442.785s][debug][gc,phases      ] GC(43) Reference Processing 0.101ms
[1442.785s][debug][gc,phases      ] GC(43)   VM Weak                        Min: 0.00, Avg: 0.00, Max: 0.01, Diff: 0.01, Sum: 0.01, Workers: 4
[1442.785s][debug][gc,phases      ] GC(43)     Dead                           Min: 0, Avg:  0.0, Max: 0, Diff: 0, Sum: 0, Workers: 4
[1442.785s][debug][gc,phases      ] GC(43)     Total                          Min: 0, Avg: 198.2, Max: 601, Diff: 601, Sum: 793, Workers: 4
[1442.785s][debug][gc,phases      ] GC(43)   ObjectSynchronizer Weak        Min: 0.00, Avg: 0.00, Max: 0.00, Diff: 0.00, Sum: 0.00, Workers: 4
[1442.785s][debug][gc,phases      ] GC(43)     Dead                           Min: 0, Avg:  0.0, Max: 0, Diff: 0, Sum: 0, Workers: 4
[1442.785s][debug][gc,phases      ] GC(43)     Total                          Min: 0, Avg:  1.2, Max: 5, Diff: 5, Sum: 5, Workers: 4
[1442.785s][debug][gc,phases      ] GC(43)   JVMTI Tag Weak OopStorage      Min: 0.00, Avg: 0.00, Max: 0.00, Diff: 0.00, Sum: 0.00, Workers: 4
[1442.785s][debug][gc,phases      ] GC(43)     Dead                           Min: 0, Avg:  0.0, Max: 0, Diff: 0, Sum: 0, Workers: 4
[1442.785s][debug][gc,phases      ] GC(43)     Total                          Min: 0, Avg:  0.0, Max: 0, Diff: 0, Sum: 0, Workers: 4
[1442.785s][debug][gc,phases      ] GC(43)   StringTable Weak               Min: 0.00, Avg: 0.10, Max: 0.13, Diff: 0.13, Sum: 0.39, Workers: 4
[1442.785s][debug][gc,phases      ] GC(43)     Dead                           Min: 0, Avg:  0.0, Max: 0, Diff: 0, Sum: 0, Workers: 4
[1442.785s][debug][gc,phases      ] GC(43)     Total                          Min: 0, Avg: 12326.2, Max: 20927, Diff: 20927, Sum: 49305, Workers: 4
[1442.785s][debug][gc,phases      ] GC(43)   ResolvedMethodTable Weak       Min: 0.00, Avg: 0.03, Max: 0.04, Diff: 0.04, Sum: 0.13, Workers: 4
[1442.785s][debug][gc,phases      ] GC(43)     Dead                           Min: 0, Avg:  5.0, Max: 20, Diff: 20, Sum: 20, Workers: 4
[1442.785s][debug][gc,phases      ] GC(43)     Total                          Min: 0, Avg: 3945.8, Max: 6589, Diff: 6589, Sum: 15783, Workers: 4
[1442.785s][debug][gc,phases      ] GC(43)   JNI Weak                       Min: 0.00, Avg: 0.00, Max: 0.00, Diff: 0.00, Sum: 0.00, Workers: 4
[1442.785s][debug][gc,phases      ] GC(43)     Dead                           Min: 0, Avg:  0.0, Max: 0, Diff: 0, Sum: 0, Workers: 4
[1442.785s][debug][gc,phases      ] GC(43)     Total                          Min: 0, Avg: 13.0, Max: 48, Diff: 48, Sum: 52, Workers: 4
[1442.785s][debug][gc,phases      ] GC(43)   StringDedup Table Weak         Min: 0.00, Avg: 0.00, Max: 0.00, Diff: 0.00, Sum: 0.00, Workers: 4
[1442.785s][debug][gc,phases      ] GC(43)     Dead                           Min: 0, Avg:  0.0, Max: 0, Diff: 0, Sum: 0, Workers: 4
[1442.785s][debug][gc,phases      ] GC(43)     Total                          Min: 0, Avg:  0.0, Max: 0, Diff: 0, Sum: 0, Workers: 4
[1442.785s][debug][gc,phases      ] GC(43)   StringDedup Requests0 Weak     Min: 0.00, Avg: 0.00, Max: 0.00, Diff: 0.00, Sum: 0.00, Workers: 4
[1442.785s][debug][gc,phases      ] GC(43)     Dead                           Min: 0, Avg:  0.0, Max: 0, Diff: 0, Sum: 0, Workers: 4
[1442.785s][debug][gc,phases      ] GC(43)     Total                          Min: 0, Avg:  0.0, Max: 0, Diff: 0, Sum: 0, Workers: 4
[1442.785s][debug][gc,phases      ] GC(43)   StringDedup Requests1 Weak     Min: 0.00, Avg: 0.00, Max: 0.00, Diff: 0.00, Sum: 0.00, Workers: 4
[1442.785s][debug][gc,phases      ] GC(43)     Dead                           Min: 0, Avg:  0.0, Max: 0, Diff: 0, Sum: 0, Workers: 4
[1442.785s][debug][gc,phases      ] GC(43)     Total                          Min: 0, Avg:  0.0, Max: 0, Diff: 0, Sum: 0, Workers: 4
[1442.785s][debug][gc,phases      ] GC(43)   Weak JFR Old Object Samples    Min: 0.00, Avg: 0.00, Max: 0.00, Diff: 0.00, Sum: 0.00, Workers: 4
[1442.785s][debug][gc,phases      ] GC(43)     Dead                           Min: 0, Avg:  0.0, Max: 0, Diff: 0, Sum: 0, Workers: 4
[1442.785s][debug][gc,phases      ] GC(43)     Total                          Min: 0, Avg:  0.0, Max: 0, Diff: 0, Sum: 0, Workers: 4
[1442.785s][debug][gc,phases      ] GC(43) Weak Processing 0.360ms
[1442.785s][debug][gc,age         ] GC(43) Desired survivor size 69730304 bytes, new threshold 1 (max threshold 15)
[1442.785s][info ][gc,heap        ] GC(43) PSYoungGen: 1946192K(2023424K)->1600K(2017792K) Eden: 1944064K(1944064K)->0K(1944064K) From: 2128K(79360K)->1600K(73728K)
[1442.785s][info ][gc,heap        ] GC(43) ParOldGen: 239588K(239616K)->239796K(240128K)
[1442.785s][info ][gc,metaspace   ] GC(43) Metaspace: 106994K(108032K)->106994K(108032K) NonClass: 91427K(92032K)->91427K(92032K) Class: 15566K(16000K)->15566K(16000K)
[1442.785s][info ][gc             ] GC(43) Pause Young (Allocation Failure) 2134M->235M(2205M) 1.823ms
[1442.785s][info ][gc,cpu         ] GC(43) User=0.00s Sys=0.01s Real=0.00s
[1442.785s][info ][safepoint      ] Safepoint "ParallelCollectForAllocation", Time since last: 46284585192 ns, Reaching safepoint: 18000 ns, At safepoint: 1876789 ns, Leaving safepoint: 6100 ns, Total: 1900889 ns, Threads: 0 runnable, 28 total
[1487.793s][info ][gc,start       ] GC(44) Pause Young (Allocation Failure)
[1487.795s][debug][gc,phases      ] GC(44) Scavenge 1.557ms
[1487.795s][debug][gc,ref         ] GC(44) ReferenceProcessor::execute queues: 1, RefProcThreadModel::Single, marks_oops_alive: false
[1487.795s][debug][gc,ref         ] GC(44) Skipped KeepAliveFinalRefsPhase of Reference Processing: no references
[1487.795s][debug][gc,ref         ] GC(44) Skipped PhantomRefsPhase of Reference Processing: no references
[1487.795s][debug][gc,phases      ] GC(44) Reference Processing 0.121ms
[1487.795s][debug][gc,phases      ] GC(44)   VM Weak                        Min: 0.00, Avg: 0.00, Max: 0.01, Diff: 0.01, Sum: 0.01, Workers: 4
[1487.795s][debug][gc,phases      ] GC(44)     Dead                           Min: 0, Avg:  0.0, Max: 0, Diff: 0, Sum: 0, Workers: 4
[1487.795s][debug][gc,phases      ] GC(44)     Total                          Min: 0, Avg: 198.2, Max: 768, Diff: 768, Sum: 793, Workers: 4
[1487.795s][debug][gc,phases      ] GC(44)   ObjectSynchronizer Weak        Min: 0.00, Avg: 0.00, Max: 0.00, Diff: 0.00, Sum: 0.00, Workers: 4
[1487.795s][debug][gc,phases      ] GC(44)     Dead                           Min: 0, Avg:  0.0, Max: 0, Diff: 0, Sum: 0, Workers: 4
[1487.795s][debug][gc,phases      ] GC(44)     Total                          Min: 0, Avg:  1.2, Max: 5, Diff: 5, Sum: 5, Workers: 4
[1487.795s][debug][gc,phases      ] GC(44)   JVMTI Tag Weak OopStorage      Min: 0.00, Avg: 0.00, Max: 0.00, Diff: 0.00, Sum: 0.00, Workers: 4
[1487.795s][debug][gc,phases      ] GC(44)     Dead                           Min: 0, Avg:  0.0, Max: 0, Diff: 0, Sum: 0, Workers: 4
[1487.795s][debug][gc,phases      ] GC(44)     Total                          Min: 0, Avg:  0.0, Max: 0, Diff: 0, Sum: 0, Workers: 4
[1487.795s][debug][gc,phases      ] GC(44)   StringTable Weak               Min: 0.00, Avg: 0.10, Max: 0.13, Diff: 0.13, Sum: 0.38, Workers: 4
[1487.795s][debug][gc,phases      ] GC(44)     Dead                           Min: 0, Avg:  0.0, Max: 0, Diff: 0, Sum: 0, Workers: 4
[1487.795s][debug][gc,phases      ] GC(44)     Total                          Min: 0, Avg: 12326.2, Max: 20927, Diff: 20927, Sum: 49305, Workers: 4
[1487.795s][debug][gc,phases      ] GC(44)   ResolvedMethodTable Weak       Min: 0.00, Avg: 0.03, Max: 0.04, Diff: 0.04, Sum: 0.13, Workers: 4
[1487.795s][debug][gc,phases      ] GC(44)     Dead                           Min: 0, Avg:  5.0, Max: 20, Diff: 20, Sum: 20, Workers: 4
[1487.795s][debug][gc,phases      ] GC(44)     Total                          Min: 0, Avg: 3945.8, Max: 6411, Diff: 6411, Sum: 15783, Workers: 4
[1487.795s][debug][gc,phases      ] GC(44)   JNI Weak                       Min: 0.00, Avg: 0.00, Max: 0.00, Diff: 0.00, Sum: 0.00, Workers: 4
[1487.795s][debug][gc,phases      ] GC(44)     Dead                           Min: 0, Avg:  0.0, Max: 0, Diff: 0, Sum: 0, Workers: 4
[1487.795s][debug][gc,phases      ] GC(44)     Total                          Min: 0, Avg: 13.0, Max: 48, Diff: 48, Sum: 52, Workers: 4
[1487.795s][debug][gc,phases      ] GC(44)   StringDedup Table Weak         Min: 0.00, Avg: 0.00, Max: 0.00, Diff: 0.00, Sum: 0.00, Workers: 4
[1487.795s][debug][gc,phases      ] GC(44)     Dead                           Min: 0, Avg:  0.0, Max: 0, Diff: 0, Sum: 0, Workers: 4
[1487.795s][debug][gc,phases      ] GC(44)     Total                          Min: 0, Avg:  0.0, Max: 0, Diff: 0, Sum: 0, Workers: 4
[1487.795s][debug][gc,phases      ] GC(44)   StringDedup Requests0 Weak     Min: 0.00, Avg: 0.00, Max: 0.00, Diff: 0.00, Sum: 0.00, Workers: 4
[1487.795s][debug][gc,phases      ] GC(44)     Dead                           Min: 0, Avg:  0.0, Max: 0, Diff: 0, Sum: 0, Workers: 4
[1487.795s][debug][gc,phases      ] GC(44)     Total                          Min: 0, Avg:  0.0, Max: 0, Diff: 0, Sum: 0, Workers: 4
[1487.795s][debug][gc,phases      ] GC(44)   StringDedup Requests1 Weak     Min: 0.00, Avg: 0.00, Max: 0.00, Diff: 0.00, Sum: 0.00, Workers: 4
[1487.795s][debug][gc,phases      ] GC(44)     Dead                           Min: 0, Avg:  0.0, Max: 0, Diff: 0, Sum: 0, Workers: 4
[1487.795s][debug][gc,phases      ] GC(44)     Total                          Min: 0, Avg:  0.0, Max: 0, Diff: 0, Sum: 0, Workers: 4
[1487.795s][debug][gc,phases      ] GC(44)   Weak JFR Old Object Samples    Min: 0.00, Avg: 0.00, Max: 0.00, Diff: 0.00, Sum: 0.00, Workers: 4
[1487.795s][debug][gc,phases      ] GC(44)     Dead                           Min: 0, Avg:  0.0, Max: 0, Diff: 0, Sum: 0, Workers: 4
[1487.795s][debug][gc,phases      ] GC(44)     Total                          Min: 0, Avg:  0.0, Max: 0, Diff: 0, Sum: 0, Workers: 4
[1487.795s][debug][gc,phases      ] GC(44) Weak Processing 0.346ms
[1487.795s][debug][gc,age         ] GC(44) Desired survivor size 64487424 bytes, new threshold 1 (max threshold 15)
[1487.795s][info ][gc,heap        ] GC(44) PSYoungGen: 1945664K(2017792K)->1728K(2034176K) Eden: 1944064K(1944064K)->0K(1966080K) From: 1600K(73728K)->1728K(68096K)
[1487.795s][info ][gc,heap        ] GC(44) ParOldGen: 239796K(240128K)->239876K(240128K)
[1487.795s][info ][gc,metaspace   ] GC(44) Metaspace: 107005K(108032K)->107005K(108032K) NonClass: 91439K(92032K)->91439K(92032K) Class: 15566K(16000K)->15566K(16000K)
[1487.795s][info ][gc             ] GC(44) Pause Young (Allocation Failure) 2134M->235M(2221M) 2.127ms
[1487.795s][info ][gc,cpu         ] GC(44) User=0.01s Sys=0.00s Real=0.00s
[1487.795s][info ][safepoint      ] Safepoint "ParallelCollectForAllocation", Time since last: 45007634987 ns, Reaching safepoint: 96499 ns, At safepoint: 2181487 ns, Leaving safepoint: 6000 ns, Total: 2283986 ns, Threads: 1 runnable, 28 total
[1532.795s][info ][gc,start       ] GC(45) Pause Young (Allocation Failure)
[1532.797s][debug][gc,phases      ] GC(45) Scavenge 1.822ms
[1532.797s][debug][gc,ref         ] GC(45) ReferenceProcessor::execute queues: 1, RefProcThreadModel::Single, marks_oops_alive: false
[1532.797s][debug][gc,ref         ] GC(45) Skipped KeepAliveFinalRefsPhase of Reference Processing: no references
[1532.797s][debug][gc,ref         ] GC(45) Skipped PhantomRefsPhase of Reference Processing: no references
[1532.797s][debug][gc,phases      ] GC(45) Reference Processing 0.092ms
[1532.797s][debug][gc,phases      ] GC(45)   VM Weak                        Min: 0.00, Avg: 0.00, Max: 0.01, Diff: 0.01, Sum: 0.01, Workers: 4
[1532.797s][debug][gc,phases      ] GC(45)     Dead                           Min: 0, Avg:  0.0, Max: 0, Diff: 0, Sum: 0, Workers: 4
[1532.797s][debug][gc,phases      ] GC(45)     Total                          Min: 0, Avg: 198.2, Max: 793, Diff: 793, Sum: 793, Workers: 4
[1532.797s][debug][gc,phases      ] GC(45)   ObjectSynchronizer Weak        Min: 0.00, Avg: 0.00, Max: 0.00, Diff: 0.00, Sum: 0.00, Workers: 4
[1532.797s][debug][gc,phases      ] GC(45)     Dead                           Min: 0, Avg:  0.0, Max: 0, Diff: 0, Sum: 0, Workers: 4
[1532.797s][debug][gc,phases      ] GC(45)     Total                          Min: 0, Avg:  1.2, Max: 5, Diff: 5, Sum: 5, Workers: 4
[1532.797s][debug][gc,phases      ] GC(45)   JVMTI Tag Weak OopStorage      Min: 0.00, Avg: 0.00, Max: 0.00, Diff: 0.00, Sum: 0.00, Workers: 4
[1532.797s][debug][gc,phases      ] GC(45)     Dead                           Min: 0, Avg:  0.0, Max: 0, Diff: 0, Sum: 0, Workers: 4
[1532.797s][debug][gc,phases      ] GC(45)     Total                          Min: 0, Avg:  0.0, Max: 0, Diff: 0, Sum: 0, Workers: 4
[1532.797s][debug][gc,phases      ] GC(45)   StringTable Weak               Min: 0.00, Avg: 0.09, Max: 0.12, Diff: 0.12, Sum: 0.37, Workers: 4
[1532.797s][debug][gc,phases      ] GC(45)     Dead                           Min: 0, Avg:  0.0, Max: 0, Diff: 0, Sum: 0, Workers: 4
[1532.797s][debug][gc,phases      ] GC(45)     Total                          Min: 0, Avg: 12327.2, Max: 19199, Diff: 19199, Sum: 49309, Workers: 4
[1532.797s][debug][gc,phases      ] GC(45)   ResolvedMethodTable Weak       Min: 0.00, Avg: 0.03, Max: 0.04, Diff: 0.04, Sum: 0.13, Workers: 4
[1532.797s][debug][gc,phases      ] GC(45)     Dead                           Min: 0, Avg:  5.0, Max: 20, Diff: 20, Sum: 20, Workers: 4
[1532.797s][debug][gc,phases      ] GC(45)     Total                          Min: 0, Avg: 3945.8, Max: 6161, Diff: 6161, Sum: 15783, Workers: 4
[1532.797s][debug][gc,phases      ] GC(45)   JNI Weak                       Min: 0.00, Avg: 0.00, Max: 0.00, Diff: 0.00, Sum: 0.00, Workers: 4
[1532.797s][debug][gc,phases      ] GC(45)     Dead                           Min: 0, Avg:  0.0, Max: 0, Diff: 0, Sum: 0, Workers: 4
[1532.797s][debug][gc,phases      ] GC(45)     Total                          Min: 0, Avg: 13.0, Max: 48, Diff: 48, Sum: 52, Workers: 4
[1532.797s][debug][gc,phases      ] GC(45)   StringDedup Table Weak         Min: 0.00, Avg: 0.00, Max: 0.00, Diff: 0.00, Sum: 0.00, Workers: 4
[1532.797s][debug][gc,phases      ] GC(45)     Dead                           Min: 0, Avg:  0.0, Max: 0, Diff: 0, Sum: 0, Workers: 4
[1532.797s][debug][gc,phases      ] GC(45)     Total                          Min: 0, Avg:  0.0, Max: 0, Diff: 0, Sum: 0, Workers: 4
[1532.797s][debug][gc,phases      ] GC(45)   StringDedup Requests0 Weak     Min: 0.00, Avg: 0.00, Max: 0.00, Diff: 0.00, Sum: 0.00, Workers: 4
[1532.797s][debug][gc,phases      ] GC(45)     Dead                           Min: 0, Avg:  0.0, Max: 0, Diff: 0, Sum: 0, Workers: 4
[1532.797s][debug][gc,phases      ] GC(45)     Total                          Min: 0, Avg:  0.0, Max: 0, Diff: 0, Sum: 0, Workers: 4
[1532.797s][debug][gc,phases      ] GC(45)   StringDedup Requests1 Weak     Min: 0.00, Avg: 0.00, Max: 0.00, Diff: 0.00, Sum: 0.00, Workers: 4
[1532.797s][debug][gc,phases      ] GC(45)     Dead                           Min: 0, Avg:  0.0, Max: 0, Diff: 0, Sum: 0, Workers: 4
[1532.797s][debug][gc,phases      ] GC(45)     Total                          Min: 0, Avg:  0.0, Max: 0, Diff: 0, Sum: 0, Workers: 4
[1532.797s][debug][gc,phases      ] GC(45)   Weak JFR Old Object Samples    Min: 0.00, Avg: 0.00, Max: 0.00, Diff: 0.00, Sum: 0.00, Workers: 4
[1532.797s][debug][gc,phases      ] GC(45)     Dead                           Min: 0, Avg:  0.0, Max: 0, Diff: 0, Sum: 0, Workers: 4
[1532.797s][debug][gc,phases      ] GC(45)     Total                          Min: 0, Avg:  0.0, Max: 0, Diff: 0, Sum: 0, Workers: 4
[1532.797s][debug][gc,phases      ] GC(45) Weak Processing 0.362ms
[1532.797s][debug][gc,age         ] GC(45) Desired survivor size 59768832 bytes, new threshold 1 (max threshold 15)
[1532.797s][info ][gc,heap        ] GC(45) PSYoungGen: 1967808K(2034176K)->1504K(2029056K) Eden: 1966080K(1966080K)->0K(1966080K) From: 1728K(68096K)->1504K(62976K)
[1532.797s][info ][gc,heap        ] GC(45) ParOldGen: 239876K(240128K)->240028K(240128K)
[1532.797s][info ][gc,metaspace   ] GC(45) Metaspace: 107036K(108160K)->107036K(108160K) NonClass: 91469K(92160K)->91469K(92160K) Class: 15566K(16000K)->15566K(16000K)
[1532.797s][info ][gc             ] GC(45) Pause Young (Allocation Failure) 2155M->235M(2216M) 2.394ms
[1532.797s][info ][gc,cpu         ] GC(45) User=0.01s Sys=0.00s Real=0.00s
[1532.797s][info ][safepoint      ] Safepoint "ParallelCollectForAllocation", Time since last: 44999561363 ns, Reaching safepoint: 77900 ns, At safepoint: 2449582 ns, Leaving safepoint: 7800 ns, Total: 2535282 ns, Threads: 1 runnable, 32 total
[1578.500s][info ][gc,start       ] GC(46) Pause Young (Allocation Failure)
[1578.501s][debug][gc,phases      ] GC(46) Scavenge 1.492ms
[1578.501s][debug][gc,ref         ] GC(46) ReferenceProcessor::execute queues: 1, RefProcThreadModel::Single, marks_oops_alive: false
[1578.501s][debug][gc,ref         ] GC(46) Skipped KeepAliveFinalRefsPhase of Reference Processing: no references
[1578.501s][debug][gc,ref         ] GC(46) Skipped PhantomRefsPhase of Reference Processing: no references
[1578.501s][debug][gc,phases      ] GC(46) Reference Processing 0.102ms
[1578.501s][debug][gc,phases      ] GC(46)   VM Weak                        Min: 0.00, Avg: 0.00, Max: 0.01, Diff: 0.01, Sum: 0.01, Workers: 4
[1578.501s][debug][gc,phases      ] GC(46)     Dead                           Min: 0, Avg:  0.0, Max: 0, Diff: 0, Sum: 0, Workers: 4
[1578.501s][debug][gc,phases      ] GC(46)     Total                          Min: 0, Avg: 198.5, Max: 640, Diff: 640, Sum: 794, Workers: 4
[1578.501s][debug][gc,phases      ] GC(46)   ObjectSynchronizer Weak        Min: 0.00, Avg: 0.00, Max: 0.00, Diff: 0.00, Sum: 0.00, Workers: 4
[1578.501s][debug][gc,phases      ] GC(46)     Dead                           Min: 0, Avg:  0.0, Max: 0, Diff: 0, Sum: 0, Workers: 4
[1578.501s][debug][gc,phases      ] GC(46)     Total                          Min: 0, Avg:  1.2, Max: 5, Diff: 5, Sum: 5, Workers: 4
[1578.501s][debug][gc,phases      ] GC(46)   JVMTI Tag Weak OopStorage      Min: 0.00, Avg: 0.00, Max: 0.00, Diff: 0.00, Sum: 0.00, Workers: 4
[1578.501s][debug][gc,phases      ] GC(46)     Dead                           Min: 0, Avg:  0.0, Max: 0, Diff: 0, Sum: 0, Workers: 4
[1578.501s][debug][gc,phases      ] GC(46)     Total                          Min: 0, Avg:  0.0, Max: 0, Diff: 0, Sum: 0, Workers: 4
[1578.501s][debug][gc,phases      ] GC(46)   StringTable Weak               Min: 0.11, Avg: 0.11, Max: 0.12, Diff: 0.00, Sum: 0.45, Workers: 4
[1578.501s][debug][gc,phases      ] GC(46)     Dead                           Min: 0, Avg:  0.2, Max: 1, Diff: 1, Sum: 1, Workers: 4
[1578.501s][debug][gc,phases      ] GC(46)     Total                          Min: 11775, Avg: 12329.2, Max: 12774, Diff: 999, Sum: 49317, Workers: 4
[1578.501s][debug][gc,phases      ] GC(46)   ResolvedMethodTable Weak       Min: 0.04, Avg: 0.04, Max: 0.04, Diff: 0.00, Sum: 0.15, Workers: 4
[1578.501s][debug][gc,phases      ] GC(46)     Dead                           Min: 0, Avg:  5.5, Max: 22, Diff: 22, Sum: 22, Workers: 4
[1578.501s][debug][gc,phases      ] GC(46)     Total                          Min: 3795, Avg: 3950.2, Max: 4054, Diff: 259, Sum: 15801, Workers: 4
[1578.501s][debug][gc,phases      ] GC(46)   JNI Weak                       Min: 0.00, Avg: 0.00, Max: 0.00, Diff: 0.00, Sum: 0.00, Workers: 4
[1578.501s][debug][gc,phases      ] GC(46)     Dead                           Min: 0, Avg:  0.0, Max: 0, Diff: 0, Sum: 0, Workers: 4
[1578.501s][debug][gc,phases      ] GC(46)     Total                          Min: 0, Avg: 13.0, Max: 48, Diff: 48, Sum: 52, Workers: 4
[1578.501s][debug][gc,phases      ] GC(46)   StringDedup Table Weak         Min: 0.00, Avg: 0.00, Max: 0.00, Diff: 0.00, Sum: 0.00, Workers: 4
[1578.502s][debug][gc,phases      ] GC(46)     Dead                           Min: 0, Avg:  0.0, Max: 0, Diff: 0, Sum: 0, Workers: 4
[1578.502s][debug][gc,phases      ] GC(46)     Total                          Min: 0, Avg:  0.0, Max: 0, Diff: 0, Sum: 0, Workers: 4
[1578.502s][debug][gc,phases      ] GC(46)   StringDedup Requests0 Weak     Min: 0.00, Avg: 0.00, Max: 0.00, Diff: 0.00, Sum: 0.00, Workers: 4
[1578.502s][debug][gc,phases      ] GC(46)     Dead                           Min: 0, Avg:  0.0, Max: 0, Diff: 0, Sum: 0, Workers: 4
[1578.502s][debug][gc,phases      ] GC(46)     Total                          Min: 0, Avg:  0.0, Max: 0, Diff: 0, Sum: 0, Workers: 4
[1578.502s][debug][gc,phases      ] GC(46)   StringDedup Requests1 Weak     Min: 0.00, Avg: 0.00, Max: 0.00, Diff: 0.00, Sum: 0.00, Workers: 4
[1578.502s][debug][gc,phases      ] GC(46)     Dead                           Min: 0, Avg:  0.0, Max: 0, Diff: 0, Sum: 0, Workers: 4
[1578.502s][debug][gc,phases      ] GC(46)     Total                          Min: 0, Avg:  0.0, Max: 0, Diff: 0, Sum: 0, Workers: 4
[1578.502s][debug][gc,phases      ] GC(46)   Weak JFR Old Object Samples    Min: 0.00, Avg: 0.00, Max: 0.00, Diff: 0.00, Sum: 0.00, Workers: 4
[1578.502s][debug][gc,phases      ] GC(46)     Dead                           Min: 0, Avg:  0.0, Max: 0, Diff: 0, Sum: 0, Workers: 4
[1578.502s][debug][gc,phases      ] GC(46)     Total                          Min: 0, Avg:  0.0, Max: 0, Diff: 0, Sum: 0, Workers: 4
[1578.502s][debug][gc,phases      ] GC(46) Weak Processing 0.391ms
[1578.502s][debug][gc,age         ] GC(46) Desired survivor size 55050240 bytes, new threshold 1 (max threshold 15)
[1578.502s][info ][gc,heap        ] GC(46) PSYoungGen: 1967584K(2029056K)->2080K(2043392K) Eden: 1966080K(1966080K)->0K(1985024K) From: 1504K(62976K)->2080K(58368K)
[1578.502s][info ][gc,heap        ] GC(46) ParOldGen: 240028K(240128K)->240112K(240128K)
[1578.502s][info ][gc,metaspace   ] GC(46) Metaspace: 107070K(108160K)->107070K(108160K) NonClass: 91498K(92160K)->91498K(92160K) Class: 15571K(16000K)->15571K(16000K)
[1578.502s][info ][gc             ] GC(46) Pause Young (Allocation Failure) 2155M->236M(2230M) 2.133ms
[1578.502s][info ][gc,cpu         ] GC(46) User=0.00s Sys=0.00s Real=0.01s
[1578.502s][info ][safepoint      ] Safepoint "ParallelCollectForAllocation", Time since last: 45702306746 ns, Reaching safepoint: 5200 ns, At safepoint: 2189685 ns, Leaving safepoint: 2700 ns, Total: 2197585 ns, Threads: 0 runnable, 28 total
[1625.823s][info ][gc,start       ] GC(47) Pause Young (Allocation Failure)
[1625.825s][debug][gc,phases      ] GC(47) Scavenge 2.380ms
[1625.826s][debug][gc,ref         ] GC(47) ReferenceProcessor::execute queues: 1, RefProcThreadModel::Single, marks_oops_alive: false
[1625.826s][debug][gc,ref         ] GC(47) Skipped KeepAliveFinalRefsPhase of Reference Processing: no references
[1625.826s][debug][gc,ref         ] GC(47) Skipped PhantomRefsPhase of Reference Processing: no references
[1625.826s][debug][gc,phases      ] GC(47) Reference Processing 0.147ms
[1625.826s][debug][gc,phases      ] GC(47)   VM Weak                        Min: 0.00, Avg: 0.00, Max: 0.01, Diff: 0.01, Sum: 0.01, Workers: 4
[1625.826s][debug][gc,phases      ] GC(47)     Dead                           Min: 0, Avg:  0.0, Max: 0, Diff: 0, Sum: 0, Workers: 4
[1625.826s][debug][gc,phases      ] GC(47)     Total                          Min: 0, Avg: 198.5, Max: 768, Diff: 768, Sum: 794, Workers: 4
[1625.826s][debug][gc,phases      ] GC(47)   ObjectSynchronizer Weak        Min: 0.00, Avg: 0.00, Max: 0.00, Diff: 0.00, Sum: 0.00, Workers: 4
[1625.826s][debug][gc,phases      ] GC(47)     Dead                           Min: 0, Avg:  0.0, Max: 0, Diff: 0, Sum: 0, Workers: 4
[1625.826s][debug][gc,phases      ] GC(47)     Total                          Min: 0, Avg:  1.2, Max: 5, Diff: 5, Sum: 5, Workers: 4
[1625.826s][debug][gc,phases      ] GC(47)   JVMTI Tag Weak OopStorage      Min: 0.00, Avg: 0.00, Max: 0.00, Diff: 0.00, Sum: 0.00, Workers: 4
[1625.826s][debug][gc,phases      ] GC(47)     Dead                           Min: 0, Avg:  0.0, Max: 0, Diff: 0, Sum: 0, Workers: 4
[1625.826s][debug][gc,phases      ] GC(47)     Total                          Min: 0, Avg:  0.0, Max: 0, Diff: 0, Sum: 0, Workers: 4
[1625.826s][debug][gc,phases      ] GC(47)   StringTable Weak               Min: 0.00, Avg: 0.15, Max: 0.31, Diff: 0.31, Sum: 0.59, Workers: 4
[1625.826s][debug][gc,phases      ] GC(47)     Dead                           Min: 0, Avg:  0.0, Max: 0, Diff: 0, Sum: 0, Workers: 4
[1625.826s][debug][gc,phases      ] GC(47)     Total                          Min: 0, Avg: 12329.2, Max: 27110, Diff: 27110, Sum: 49317, Workers: 4
[1625.826s][debug][gc,phases      ] GC(47)   ResolvedMethodTable Weak       Min: 0.00, Avg: 0.04, Max: 0.07, Diff: 0.07, Sum: 0.15, Workers: 4
[1625.826s][debug][gc,phases      ] GC(47)     Dead                           Min: 0, Avg:  5.0, Max: 20, Diff: 20, Sum: 20, Workers: 4
[1625.826s][debug][gc,phases      ] GC(47)     Total                          Min: 0, Avg: 3950.2, Max: 8145, Diff: 8145, Sum: 15801, Workers: 4
[1625.826s][debug][gc,phases      ] GC(47)   JNI Weak                       Min: 0.00, Avg: 0.00, Max: 0.00, Diff: 0.00, Sum: 0.00, Workers: 4
[1625.826s][debug][gc,phases      ] GC(47)     Dead                           Min: 0, Avg:  0.0, Max: 0, Diff: 0, Sum: 0, Workers: 4
[1625.826s][debug][gc,phases      ] GC(47)     Total                          Min: 0, Avg: 13.0, Max: 48, Diff: 48, Sum: 52, Workers: 4
[1625.826s][debug][gc,phases      ] GC(47)   StringDedup Table Weak         Min: 0.00, Avg: 0.00, Max: 0.00, Diff: 0.00, Sum: 0.00, Workers: 4
[1625.826s][debug][gc,phases      ] GC(47)     Dead                           Min: 0, Avg:  0.0, Max: 0, Diff: 0, Sum: 0, Workers: 4
[1625.826s][debug][gc,phases      ] GC(47)     Total                          Min: 0, Avg:  0.0, Max: 0, Diff: 0, Sum: 0, Workers: 4
[1625.826s][debug][gc,phases      ] GC(47)   StringDedup Requests0 Weak     Min: 0.00, Avg: 0.00, Max: 0.00, Diff: 0.00, Sum: 0.00, Workers: 4
[1625.826s][debug][gc,phases      ] GC(47)     Dead                           Min: 0, Avg:  0.0, Max: 0, Diff: 0, Sum: 0, Workers: 4
[1625.826s][debug][gc,phases      ] GC(47)     Total                          Min: 0, Avg:  0.0, Max: 0, Diff: 0, Sum: 0, Workers: 4
[1625.826s][debug][gc,phases      ] GC(47)   StringDedup Requests1 Weak     Min: 0.00, Avg: 0.00, Max: 0.00, Diff: 0.00, Sum: 0.00, Workers: 4
[1625.826s][debug][gc,phases      ] GC(47)     Dead                           Min: 0, Avg:  0.0, Max: 0, Diff: 0, Sum: 0, Workers: 4
[1625.826s][debug][gc,phases      ] GC(47)     Total                          Min: 0, Avg:  0.0, Max: 0, Diff: 0, Sum: 0, Workers: 4
[1625.826s][debug][gc,phases      ] GC(47)   Weak JFR Old Object Samples    Min: 0.00, Avg: 0.00, Max: 0.00, Diff: 0.00, Sum: 0.00, Workers: 4
[1625.826s][debug][gc,phases      ] GC(47)     Dead                           Min: 0, Avg:  0.0, Max: 0, Diff: 0, Sum: 0, Workers: 4
[1625.826s][debug][gc,phases      ] GC(47)     Total                          Min: 0, Avg:  0.0, Max: 0, Diff: 0, Sum: 0, Workers: 4
[1625.826s][debug][gc,phases      ] GC(47) Weak Processing 0.604ms
[1625.826s][debug][gc,age         ] GC(47) Desired survivor size 50855936 bytes, new threshold 1 (max threshold 15)
[1625.826s][info ][gc,heap        ] GC(47) PSYoungGen: 1987104K(2043392K)->1664K(2038784K) Eden: 1985024K(1985024K)->0K(1985024K) From: 2080K(58368K)->1664K(53760K)
[1625.826s][info ][gc,heap        ] GC(47) ParOldGen: 240112K(240128K)->240524K(240640K)
[1625.826s][info ][gc,metaspace   ] GC(47) Metaspace: 107078K(108160K)->107078K(108160K) NonClass: 91506K(92160K)->91506K(92160K) Class: 15571K(16000K)->15571K(16000K)
[1625.826s][info ][gc             ] GC(47) Pause Young (Allocation Failure) 2175M->236M(2226M) 3.248ms
[1625.826s][info ][gc,cpu         ] GC(47) User=0.01s Sys=0.00s Real=0.00s
[1625.826s][info ][safepoint      ] Safepoint "ParallelCollectForAllocation", Time since last: 47321330783 ns, Reaching safepoint: 21899 ns, At safepoint: 3316579 ns, Leaving safepoint: 2500 ns, Total: 3340978 ns, Threads: 0 runnable, 28 total
[1674.996s][info ][gc,start       ] GC(48) Pause Young (Allocation Failure)
[1674.997s][debug][gc,phases      ] GC(48) Scavenge 1.574ms
[1674.998s][debug][gc,ref         ] GC(48) ReferenceProcessor::execute queues: 1, RefProcThreadModel::Single, marks_oops_alive: false
[1674.998s][debug][gc,ref         ] GC(48) Skipped KeepAliveFinalRefsPhase of Reference Processing: no references
[1674.998s][debug][gc,ref         ] GC(48) Skipped PhantomRefsPhase of Reference Processing: no references
[1674.998s][debug][gc,phases      ] GC(48) Reference Processing 0.119ms
[1674.998s][debug][gc,phases      ] GC(48)   VM Weak                        Min: 0.00, Avg: 0.00, Max: 0.01, Diff: 0.01, Sum: 0.01, Workers: 4
[1674.998s][debug][gc,phases      ] GC(48)     Dead                           Min: 0, Avg:  0.0, Max: 0, Diff: 0, Sum: 0, Workers: 4
[1674.998s][debug][gc,phases      ] GC(48)     Total                          Min: 0, Avg: 198.5, Max: 768, Diff: 768, Sum: 794, Workers: 4
[1674.998s][debug][gc,phases      ] GC(48)   ObjectSynchronizer Weak        Min: 0.00, Avg: 0.00, Max: 0.00, Diff: 0.00, Sum: 0.00, Workers: 4
[1674.998s][debug][gc,phases      ] GC(48)     Dead                           Min: 0, Avg:  0.0, Max: 0, Diff: 0, Sum: 0, Workers: 4
[1674.998s][debug][gc,phases      ] GC(48)     Total                          Min: 0, Avg:  1.2, Max: 5, Diff: 5, Sum: 5, Workers: 4
[1674.998s][debug][gc,phases      ] GC(48)   JVMTI Tag Weak OopStorage      Min: 0.00, Avg: 0.00, Max: 0.00, Diff: 0.00, Sum: 0.00, Workers: 4
[1674.998s][debug][gc,phases      ] GC(48)     Dead                           Min: 0, Avg:  0.0, Max: 0, Diff: 0, Sum: 0, Workers: 4
[1674.998s][debug][gc,phases      ] GC(48)     Total                          Min: 0, Avg:  0.0, Max: 0, Diff: 0, Sum: 0, Workers: 4
[1674.998s][debug][gc,phases      ] GC(48)   StringTable Weak               Min: 0.00, Avg: 0.10, Max: 0.13, Diff: 0.13, Sum: 0.39, Workers: 4
[1674.998s][debug][gc,phases      ] GC(48)     Dead                           Min: 0, Avg:  0.0, Max: 0, Diff: 0, Sum: 0, Workers: 4
[1674.998s][debug][gc,phases      ] GC(48)     Total                          Min: 0, Avg: 12329.5, Max: 20672, Diff: 20672, Sum: 49318, Workers: 4
[1674.998s][debug][gc,phases      ] GC(48)   ResolvedMethodTable Weak       Min: 0.00, Avg: 0.03, Max: 0.05, Diff: 0.05, Sum: 0.14, Workers: 4
[1674.998s][debug][gc,phases      ] GC(48)     Dead                           Min: 0, Avg:  5.0, Max: 20, Diff: 20, Sum: 20, Workers: 4
[1674.998s][debug][gc,phases      ] GC(48)     Total                          Min: 0, Avg: 3950.2, Max: 6503, Diff: 6503, Sum: 15801, Workers: 4
[1674.998s][debug][gc,phases      ] GC(48)   JNI Weak                       Min: 0.00, Avg: 0.00, Max: 0.00, Diff: 0.00, Sum: 0.00, Workers: 4
[1674.998s][debug][gc,phases      ] GC(48)     Dead                           Min: 0, Avg:  0.0, Max: 0, Diff: 0, Sum: 0, Workers: 4
[1674.998s][debug][gc,phases      ] GC(48)     Total                          Min: 0, Avg: 13.0, Max: 48, Diff: 48, Sum: 52, Workers: 4
[1674.998s][debug][gc,phases      ] GC(48)   StringDedup Table Weak         Min: 0.00, Avg: 0.00, Max: 0.00, Diff: 0.00, Sum: 0.00, Workers: 4
[1674.998s][debug][gc,phases      ] GC(48)     Dead                           Min: 0, Avg:  0.0, Max: 0, Diff: 0, Sum: 0, Workers: 4
[1674.998s][debug][gc,phases      ] GC(48)     Total                          Min: 0, Avg:  0.0, Max: 0, Diff: 0, Sum: 0, Workers: 4
[1674.998s][debug][gc,phases      ] GC(48)   StringDedup Requests0 Weak     Min: 0.00, Avg: 0.00, Max: 0.00, Diff: 0.00, Sum: 0.00, Workers: 4
[1674.998s][debug][gc,phases      ] GC(48)     Dead                           Min: 0, Avg:  0.0, Max: 0, Diff: 0, Sum: 0, Workers: 4
[1674.998s][debug][gc,phases      ] GC(48)     Total                          Min: 0, Avg:  0.0, Max: 0, Diff: 0, Sum: 0, Workers: 4
[1674.998s][debug][gc,phases      ] GC(48)   StringDedup Requests1 Weak     Min: 0.00, Avg: 0.00, Max: 0.00, Diff: 0.00, Sum: 0.00, Workers: 4
[1674.998s][debug][gc,phases      ] GC(48)     Dead                           Min: 0, Avg:  0.0, Max: 0, Diff: 0, Sum: 0, Workers: 4
[1674.998s][debug][gc,phases      ] GC(48)     Total                          Min: 0, Avg:  0.0, Max: 0, Diff: 0, Sum: 0, Workers: 4
[1674.998s][debug][gc,phases      ] GC(48)   Weak JFR Old Object Samples    Min: 0.00, Avg: 0.00, Max: 0.00, Diff: 0.00, Sum: 0.00, Workers: 4
[1674.998s][debug][gc,phases      ] GC(48)     Dead                           Min: 0, Avg:  0.0, Max: 0, Diff: 0, Sum: 0, Workers: 4
[1674.998s][debug][gc,phases      ] GC(48)     Total                          Min: 0, Avg:  0.0, Max: 0, Diff: 0, Sum: 0, Workers: 4
[1674.998s][debug][gc,phases      ] GC(48) Weak Processing 0.365ms
[1674.998s][debug][gc,age         ] GC(48) Desired survivor size 47185920 bytes, new threshold 1 (max threshold 15)
[1674.998s][info ][gc,heap        ] GC(48) PSYoungGen: 1986688K(2038784K)->1872K(2051072K) Eden: 1985024K(1985024K)->0K(2001408K) From: 1664K(53760K)->1872K(49664K)
[1674.998s][info ][gc,heap        ] GC(48) ParOldGen: 240524K(240640K)->240620K(240640K)
[1674.998s][info ][gc,metaspace   ] GC(48) Metaspace: 107092K(108160K)->107092K(108160K) NonClass: 91520K(92160K)->91520K(92160K) Class: 15571K(16000K)->15571K(16000K)
[1674.998s][info ][gc             ] GC(48) Pause Young (Allocation Failure) 2175M->236M(2238M) 2.167ms
[1674.998s][info ][gc,cpu         ] GC(48) User=0.00s Sys=0.00s Real=0.00s
[1674.998s][info ][safepoint      ] Safepoint "ParallelCollectForAllocation", Time since last: 49169377809 ns, Reaching safepoint: 101599 ns, At safepoint: 2221786 ns, Leaving safepoint: 6400 ns, Total: 2329785 ns, Threads: 1 runnable, 28 total
[1724.750s][info ][gc,start       ] GC(49) Pause Young (Allocation Failure)
[1724.751s][debug][gc,phases      ] GC(49) Scavenge 1.470ms
[1724.751s][debug][gc,ref         ] GC(49) ReferenceProcessor::execute queues: 1, RefProcThreadModel::Single, marks_oops_alive: false
[1724.751s][debug][gc,ref         ] GC(49) Skipped KeepAliveFinalRefsPhase of Reference Processing: no references
[1724.751s][debug][gc,ref         ] GC(49) Skipped PhantomRefsPhase of Reference Processing: no references
[1724.751s][debug][gc,phases      ] GC(49) Reference Processing 0.089ms
[1724.752s][debug][gc,phases      ] GC(49)   VM Weak                        Min: 0.00, Avg: 0.00, Max: 0.01, Diff: 0.01, Sum: 0.01, Workers: 4
[1724.752s][debug][gc,phases      ] GC(49)     Dead                           Min: 0, Avg:  0.0, Max: 0, Diff: 0, Sum: 0, Workers: 4
[1724.752s][debug][gc,phases      ] GC(49)     Total                          Min: 0, Avg: 198.5, Max: 602, Diff: 602, Sum: 794, Workers: 4
[1724.752s][debug][gc,phases      ] GC(49)   ObjectSynchronizer Weak        Min: 0.00, Avg: 0.00, Max: 0.00, Diff: 0.00, Sum: 0.00, Workers: 4
[1724.752s][debug][gc,phases      ] GC(49)     Dead                           Min: 0, Avg:  0.0, Max: 0, Diff: 0, Sum: 0, Workers: 4
[1724.752s][debug][gc,phases      ] GC(49)     Total                          Min: 0, Avg:  1.2, Max: 5, Diff: 5, Sum: 5, Workers: 4
[1724.752s][debug][gc,phases      ] GC(49)   JVMTI Tag Weak OopStorage      Min: 0.00, Avg: 0.00, Max: 0.00, Diff: 0.00, Sum: 0.00, Workers: 4
[1724.752s][debug][gc,phases      ] GC(49)     Dead                           Min: 0, Avg:  0.0, Max: 0, Diff: 0, Sum: 0, Workers: 4
[1724.752s][debug][gc,phases      ] GC(49)     Total                          Min: 0, Avg:  0.0, Max: 0, Diff: 0, Sum: 0, Workers: 4
[1724.752s][debug][gc,phases      ] GC(49)   StringTable Weak               Min: 0.00, Avg: 0.11, Max: 0.15, Diff: 0.15, Sum: 0.44, Workers: 4
[1724.752s][debug][gc,phases      ] GC(49)     Dead                           Min: 0, Avg:  0.0, Max: 0, Diff: 0, Sum: 0, Workers: 4
[1724.752s][debug][gc,phases      ] GC(49)     Total                          Min: 0, Avg: 12329.5, Max: 20479, Diff: 20479, Sum: 49318, Workers: 4
[1724.752s][debug][gc,phases      ] GC(49)   ResolvedMethodTable Weak       Min: 0.00, Avg: 0.03, Max: 0.04, Diff: 0.04, Sum: 0.13, Workers: 4
[1724.752s][debug][gc,phases      ] GC(49)     Dead                           Min: 0, Avg:  5.0, Max: 20, Diff: 20, Sum: 20, Workers: 4
[1724.752s][debug][gc,phases      ] GC(49)     Total                          Min: 0, Avg: 3950.2, Max: 6451, Diff: 6451, Sum: 15801, Workers: 4
[1724.752s][debug][gc,phases      ] GC(49)   JNI Weak                       Min: 0.00, Avg: 0.00, Max: 0.00, Diff: 0.00, Sum: 0.00, Workers: 4
[1724.752s][debug][gc,phases      ] GC(49)     Dead                           Min: 0, Avg:  0.0, Max: 0, Diff: 0, Sum: 0, Workers: 4
[1724.752s][debug][gc,phases      ] GC(49)     Total                          Min: 0, Avg: 13.0, Max: 48, Diff: 48, Sum: 52, Workers: 4
[1724.752s][debug][gc,phases      ] GC(49)   StringDedup Table Weak         Min: 0.00, Avg: 0.00, Max: 0.00, Diff: 0.00, Sum: 0.00, Workers: 4
[1724.752s][debug][gc,phases      ] GC(49)     Dead                           Min: 0, Avg:  0.0, Max: 0, Diff: 0, Sum: 0, Workers: 4
[1724.752s][debug][gc,phases      ] GC(49)     Total                          Min: 0, Avg:  0.0, Max: 0, Diff: 0, Sum: 0, Workers: 4
[1724.752s][debug][gc,phases      ] GC(49)   StringDedup Requests0 Weak     Min: 0.00, Avg: 0.00, Max: 0.00, Diff: 0.00, Sum: 0.00, Workers: 4
[1724.752s][debug][gc,phases      ] GC(49)     Dead                           Min: 0, Avg:  0.0, Max: 0, Diff: 0, Sum: 0, Workers: 4
[1724.752s][debug][gc,phases      ] GC(49)     Total                          Min: 0, Avg:  0.0, Max: 0, Diff: 0, Sum: 0, Workers: 4
[1724.752s][debug][gc,phases      ] GC(49)   StringDedup Requests1 Weak     Min: 0.00, Avg: 0.00, Max: 0.00, Diff: 0.00, Sum: 0.00, Workers: 4
[1724.752s][debug][gc,phases      ] GC(49)     Dead                           Min: 0, Avg:  0.0, Max: 0, Diff: 0, Sum: 0, Workers: 4
[1724.752s][debug][gc,phases      ] GC(49)     Total                          Min: 0, Avg:  0.0, Max: 0, Diff: 0, Sum: 0, Workers: 4
[1724.752s][debug][gc,phases      ] GC(49)   Weak JFR Old Object Samples    Min: 0.00, Avg: 0.00, Max: 0.00, Diff: 0.00, Sum: 0.00, Workers: 4
[1724.752s][debug][gc,phases      ] GC(49)     Dead                           Min: 0, Avg:  0.0, Max: 0, Diff: 0, Sum: 0, Workers: 4
[1724.752s][debug][gc,phases      ] GC(49)     Total                          Min: 0, Avg:  0.0, Max: 0, Diff: 0, Sum: 0, Workers: 4
[1724.752s][debug][gc,phases      ] GC(49) Weak Processing 0.365ms
[1724.752s][debug][gc,age         ] GC(49) Desired survivor size 43515904 bytes, new threshold 1 (max threshold 15)
[1724.752s][info ][gc,heap        ] GC(49) PSYoungGen: 2003280K(2051072K)->1600K(2047488K) Eden: 2001408K(2001408K)->0K(2001408K) From: 1872K(49664K)->1600K(46080K)
[1724.752s][info ][gc,heap        ] GC(49) ParOldGen: 240620K(240640K)->240692K(241152K)
[1724.752s][info ][gc,metaspace   ] GC(49) Metaspace: 107097K(108160K)->107097K(108160K) NonClass: 91525K(92160K)->91525K(92160K) Class: 15571K(16000K)->15571K(16000K)
[1724.752s][info ][gc             ] GC(49) Pause Young (Allocation Failure) 2191M->236M(2235M) 2.033ms
[1724.752s][info ][gc,cpu         ] GC(49) User=0.01s Sys=0.00s Real=0.00s
[1724.752s][info ][safepoint      ] Safepoint "ParallelCollectForAllocation", Time since last: 49751704170 ns, Reaching safepoint: 27500 ns, At safepoint: 2088986 ns, Leaving safepoint: 2500 ns, Total: 2118986 ns, Threads: 0 runnable, 27 total
[1774.749s][info ][gc,start       ] GC(50) Pause Young (Allocation Failure)
[1774.751s][debug][gc,phases      ] GC(50) Scavenge 1.976ms
[1774.751s][debug][gc,ref         ] GC(50) ReferenceProcessor::execute queues: 1, RefProcThreadModel::Single, marks_oops_alive: false
[1774.751s][debug][gc,ref         ] GC(50) Skipped KeepAliveFinalRefsPhase of Reference Processing: no references
[1774.751s][debug][gc,ref         ] GC(50) Skipped PhantomRefsPhase of Reference Processing: no references
[1774.751s][debug][gc,phases      ] GC(50) Reference Processing 0.097ms
[1774.751s][debug][gc,phases      ] GC(50)   VM Weak                        Min: 0.00, Avg: 0.00, Max: 0.01, Diff: 0.01, Sum: 0.01, Workers: 4
[1774.751s][debug][gc,phases      ] GC(50)     Dead                           Min: 0, Avg:  0.0, Max: 0, Diff: 0, Sum: 0, Workers: 4
[1774.751s][debug][gc,phases      ] GC(50)     Total                          Min: 0, Avg: 198.5, Max: 576, Diff: 576, Sum: 794, Workers: 4
[1774.751s][debug][gc,phases      ] GC(50)   ObjectSynchronizer Weak        Min: 0.00, Avg: 0.00, Max: 0.00, Diff: 0.00, Sum: 0.00, Workers: 4
[1774.751s][debug][gc,phases      ] GC(50)     Dead                           Min: 0, Avg:  0.0, Max: 0, Diff: 0, Sum: 0, Workers: 4
[1774.751s][debug][gc,phases      ] GC(50)     Total                          Min: 0, Avg:  1.2, Max: 5, Diff: 5, Sum: 5, Workers: 4
[1774.751s][debug][gc,phases      ] GC(50)   JVMTI Tag Weak OopStorage      Min: 0.00, Avg: 0.00, Max: 0.00, Diff: 0.00, Sum: 0.00, Workers: 4
[1774.751s][debug][gc,phases      ] GC(50)     Dead                           Min: 0, Avg:  0.0, Max: 0, Diff: 0, Sum: 0, Workers: 4
[1774.751s][debug][gc,phases      ] GC(50)     Total                          Min: 0, Avg:  0.0, Max: 0, Diff: 0, Sum: 0, Workers: 4
[1774.751s][debug][gc,phases      ] GC(50)   StringTable Weak               Min: 0.00, Avg: 0.09, Max: 0.13, Diff: 0.13, Sum: 0.38, Workers: 4
[1774.751s][debug][gc,phases      ] GC(50)     Dead                           Min: 0, Avg:  0.0, Max: 0, Diff: 0, Sum: 0, Workers: 4
[1774.751s][debug][gc,phases      ] GC(50)     Total                          Min: 0, Avg: 12331.5, Max: 20527, Diff: 20527, Sum: 49326, Workers: 4
[1774.751s][debug][gc,phases      ] GC(50)   ResolvedMethodTable Weak       Min: 0.00, Avg: 0.03, Max: 0.04, Diff: 0.04, Sum: 0.13, Workers: 4
[1774.751s][debug][gc,phases      ] GC(50)     Dead                           Min: 0, Avg:  5.0, Max: 20, Diff: 20, Sum: 20, Workers: 4
[1774.751s][debug][gc,phases      ] GC(50)     Total                          Min: 0, Avg: 3950.5, Max: 6405, Diff: 6405, Sum: 15802, Workers: 4
[1774.751s][debug][gc,phases      ] GC(50)   JNI Weak                       Min: 0.00, Avg: 0.00, Max: 0.00, Diff: 0.00, Sum: 0.00, Workers: 4
[1774.751s][debug][gc,phases      ] GC(50)     Dead                           Min: 0, Avg:  0.0, Max: 0, Diff: 0, Sum: 0, Workers: 4
[1774.751s][debug][gc,phases      ] GC(50)     Total                          Min: 0, Avg: 13.0, Max: 48, Diff: 48, Sum: 52, Workers: 4
[1774.751s][debug][gc,phases      ] GC(50)   StringDedup Table Weak         Min: 0.00, Avg: 0.00, Max: 0.00, Diff: 0.00, Sum: 0.00, Workers: 4
[1774.751s][debug][gc,phases      ] GC(50)     Dead                           Min: 0, Avg:  0.0, Max: 0, Diff: 0, Sum: 0, Workers: 4
[1774.751s][debug][gc,phases      ] GC(50)     Total                          Min: 0, Avg:  0.0, Max: 0, Diff: 0, Sum: 0, Workers: 4
[1774.751s][debug][gc,phases      ] GC(50)   StringDedup Requests0 Weak     Min: 0.00, Avg: 0.00, Max: 0.00, Diff: 0.00, Sum: 0.00, Workers: 4
[1774.751s][debug][gc,phases      ] GC(50)     Dead                           Min: 0, Avg:  0.0, Max: 0, Diff: 0, Sum: 0, Workers: 4
[1774.751s][debug][gc,phases      ] GC(50)     Total                          Min: 0, Avg:  0.0, Max: 0, Diff: 0, Sum: 0, Workers: 4
[1774.751s][debug][gc,phases      ] GC(50)   StringDedup Requests1 Weak     Min: 0.00, Avg: 0.00, Max: 0.00, Diff: 0.00, Sum: 0.00, Workers: 4
[1774.751s][debug][gc,phases      ] GC(50)     Dead                           Min: 0, Avg:  0.0, Max: 0, Diff: 0, Sum: 0, Workers: 4
[1774.751s][debug][gc,phases      ] GC(50)     Total                          Min: 0, Avg:  0.0, Max: 0, Diff: 0, Sum: 0, Workers: 4
[1774.751s][debug][gc,phases      ] GC(50)   Weak JFR Old Object Samples    Min: 0.00, Avg: 0.00, Max: 0.00, Diff: 0.00, Sum: 0.00, Workers: 4
[1774.751s][debug][gc,phases      ] GC(50)     Dead                           Min: 0, Avg:  0.0, Max: 0, Diff: 0, Sum: 0, Workers: 4
[1774.751s][debug][gc,phases      ] GC(50)     Total                          Min: 0, Avg:  0.0, Max: 0, Diff: 0, Sum: 0, Workers: 4
[1774.751s][debug][gc,phases      ] GC(50) Weak Processing 0.367ms
[1774.751s][debug][gc,age         ] GC(50) Desired survivor size 40370176 bytes, new threshold 1 (max threshold 15)
[1774.751s][info ][gc,heap        ] GC(50) PSYoungGen: 2003008K(2047488K)->1824K(2057728K) Eden: 2001408K(2001408K)->0K(2015232K) From: 1600K(46080K)->1824K(42496K)
[1774.751s][info ][gc,heap        ] GC(50) ParOldGen: 240692K(241152K)->240860K(241152K)
[1774.751s][info ][gc,metaspace   ] GC(50) Metaspace: 107100K(108160K)->107100K(108160K) NonClass: 91528K(92160K)->91528K(92160K) Class: 15572K(16000K)->15572K(16000K)
[1774.751s][info ][gc             ] GC(50) Pause Young (Allocation Failure) 2191M->236M(2245M) 2.563ms
[1774.751s][info ][gc,cpu         ] GC(50) User=0.01s Sys=0.00s Real=0.01s
[1774.751s][info ][safepoint      ] Safepoint "ParallelCollectForAllocation", Time since last: 49996944026 ns, Reaching safepoint: 5700 ns, At safepoint: 2623483 ns, Leaving safepoint: 1800 ns, Total: 2630983 ns, Threads: 0 runnable, 27 total
[1824.652s][info ][gc,start       ] GC(51) Pause Young (Allocation Failure)
[1824.654s][debug][gc,phases      ] GC(51) Scavenge 1.663ms
[1824.654s][debug][gc,ref         ] GC(51) ReferenceProcessor::execute queues: 1, RefProcThreadModel::Single, marks_oops_alive: false
[1824.654s][debug][gc,ref         ] GC(51) Skipped KeepAliveFinalRefsPhase of Reference Processing: no references
[1824.654s][debug][gc,ref         ] GC(51) Skipped PhantomRefsPhase of Reference Processing: no references
[1824.654s][debug][gc,phases      ] GC(51) Reference Processing 0.116ms
[1824.654s][debug][gc,phases      ] GC(51)   VM Weak                        Min: 0.00, Avg: 0.00, Max: 0.00, Diff: 0.00, Sum: 0.01, Workers: 4
[1824.654s][debug][gc,phases      ] GC(51)     Dead                           Min: 0, Avg:  0.0, Max: 0, Diff: 0, Sum: 0, Workers: 4
[1824.654s][debug][gc,phases      ] GC(51)     Total                          Min: 0, Avg: 198.5, Max: 512, Diff: 512, Sum: 794, Workers: 4
[1824.654s][debug][gc,phases      ] GC(51)   ObjectSynchronizer Weak        Min: 0.00, Avg: 0.00, Max: 0.00, Diff: 0.00, Sum: 0.00, Workers: 4
[1824.654s][debug][gc,phases      ] GC(51)     Dead                           Min: 0, Avg:  0.0, Max: 0, Diff: 0, Sum: 0, Workers: 4
[1824.654s][debug][gc,phases      ] GC(51)     Total                          Min: 0, Avg:  1.2, Max: 5, Diff: 5, Sum: 5, Workers: 4
[1824.654s][debug][gc,phases      ] GC(51)   JVMTI Tag Weak OopStorage      Min: 0.00, Avg: 0.00, Max: 0.00, Diff: 0.00, Sum: 0.00, Workers: 4
[1824.654s][debug][gc,phases      ] GC(51)     Dead                           Min: 0, Avg:  0.0, Max: 0, Diff: 0, Sum: 0, Workers: 4
[1824.654s][debug][gc,phases      ] GC(51)     Total                          Min: 0, Avg:  0.0, Max: 0, Diff: 0, Sum: 0, Workers: 4
[1824.654s][debug][gc,phases      ] GC(51)   StringTable Weak               Min: 0.00, Avg: 0.11, Max: 0.15, Diff: 0.15, Sum: 0.43, Workers: 4
[1824.654s][debug][gc,phases      ] GC(51)     Dead                           Min: 0, Avg:  0.5, Max: 2, Diff: 2, Sum: 2, Workers: 4
[1824.654s][debug][gc,phases      ] GC(51)     Total                          Min: 0, Avg: 12338.0, Max: 18304, Diff: 18304, Sum: 49352, Workers: 4
[1824.654s][debug][gc,phases      ] GC(51)   ResolvedMethodTable Weak       Min: 0.00, Avg: 0.04, Max: 0.05, Diff: 0.05, Sum: 0.15, Workers: 4
[1824.654s][debug][gc,phases      ] GC(51)     Dead                           Min: 0, Avg: 10.0, Max: 26, Diff: 26, Sum: 40, Workers: 4
[1824.654s][debug][gc,phases      ] GC(51)     Total                          Min: 0, Avg: 3960.8, Max: 5497, Diff: 5497, Sum: 15843, Workers: 4
[1824.654s][debug][gc,phases      ] GC(51)   JNI Weak                       Min: 0.00, Avg: 0.00, Max: 0.00, Diff: 0.00, Sum: 0.00, Workers: 4
[1824.654s][debug][gc,phases      ] GC(51)     Dead                           Min: 0, Avg:  0.0, Max: 0, Diff: 0, Sum: 0, Workers: 4
[1824.654s][debug][gc,phases      ] GC(51)     Total                          Min: 0, Avg: 13.0, Max: 48, Diff: 48, Sum: 52, Workers: 4
[1824.654s][debug][gc,phases      ] GC(51)   StringDedup Table Weak         Min: 0.00, Avg: 0.00, Max: 0.00, Diff: 0.00, Sum: 0.00, Workers: 4
[1824.654s][debug][gc,phases      ] GC(51)     Dead                           Min: 0, Avg:  0.0, Max: 0, Diff: 0, Sum: 0, Workers: 4
[1824.654s][debug][gc,phases      ] GC(51)     Total                          Min: 0, Avg:  0.0, Max: 0, Diff: 0, Sum: 0, Workers: 4
[1824.654s][debug][gc,phases      ] GC(51)   StringDedup Requests0 Weak     Min: 0.00, Avg: 0.00, Max: 0.00, Diff: 0.00, Sum: 0.00, Workers: 4
[1824.654s][debug][gc,phases      ] GC(51)     Dead                           Min: 0, Avg:  0.0, Max: 0, Diff: 0, Sum: 0, Workers: 4
[1824.654s][debug][gc,phases      ] GC(51)     Total                          Min: 0, Avg:  0.0, Max: 0, Diff: 0, Sum: 0, Workers: 4
[1824.654s][debug][gc,phases      ] GC(51)   StringDedup Requests1 Weak     Min: 0.00, Avg: 0.00, Max: 0.00, Diff: 0.00, Sum: 0.00, Workers: 4
[1824.654s][debug][gc,phases      ] GC(51)     Dead                           Min: 0, Avg:  0.0, Max: 0, Diff: 0, Sum: 0, Workers: 4
[1824.654s][debug][gc,phases      ] GC(51)     Total                          Min: 0, Avg:  0.0, Max: 0, Diff: 0, Sum: 0, Workers: 4
[1824.654s][debug][gc,phases      ] GC(51)   Weak JFR Old Object Samples    Min: 0.00, Avg: 0.00, Max: 0.00, Diff: 0.00, Sum: 0.00, Workers: 4
[1824.654s][debug][gc,phases      ] GC(51)     Dead                           Min: 0, Avg:  0.0, Max: 0, Diff: 0, Sum: 0, Workers: 4
[1824.654s][debug][gc,phases      ] GC(51)     Total                          Min: 0, Avg:  0.0, Max: 0, Diff: 0, Sum: 0, Workers: 4
[1824.654s][debug][gc,phases      ] GC(51) Weak Processing 0.436ms
[1824.654s][debug][gc,age         ] GC(51) Desired survivor size 37224448 bytes, new threshold 1 (max threshold 15)
[1824.654s][info ][gc,heap        ] GC(51) PSYoungGen: 2017056K(2057728K)->1552K(2054656K) Eden: 2015232K(2015232K)->0K(2015232K) From: 1824K(42496K)->1552K(39424K)
[1824.654s][info ][gc,heap        ] GC(51) ParOldGen: 240860K(241152K)->240964K(241152K)
[1824.654s][info ][gc,metaspace   ] GC(51) Metaspace: 107149K(108224K)->107149K(108224K) NonClass: 91563K(92224K)->91563K(92224K) Class: 15586K(16000K)->15586K(16000K)
[1824.654s][info ][gc             ] GC(51) Pause Young (Allocation Failure) 2204M->236M(2242M) 2.349ms
[1824.654s][info ][gc,cpu         ] GC(51) User=0.01s Sys=0.00s Real=0.00s
[1824.654s][info ][safepoint      ] Safepoint "ParallelCollectForAllocation", Time since last: 49900516165 ns, Reaching safepoint: 36800 ns, At safepoint: 2417886 ns, Leaving safepoint: 2200 ns, Total: 2456886 ns, Threads: 0 runnable, 30 total
[1873.395s][info ][gc,start       ] GC(52) Pause Young (Allocation Failure)
[1873.397s][debug][gc,phases      ] GC(52) Scavenge 2.037ms
[1873.397s][debug][gc,ref         ] GC(52) ReferenceProcessor::execute queues: 1, RefProcThreadModel::Single, marks_oops_alive: false
[1873.397s][debug][gc,ref         ] GC(52) Skipped KeepAliveFinalRefsPhase of Reference Processing: no references
[1873.397s][debug][gc,ref         ] GC(52) Skipped PhantomRefsPhase of Reference Processing: no references
[1873.397s][debug][gc,phases      ] GC(52) Reference Processing 0.097ms
[1873.397s][debug][gc,phases      ] GC(52)   VM Weak                        Min: 0.00, Avg: 0.00, Max: 0.00, Diff: 0.00, Sum: 0.01, Workers: 4
[1873.397s][debug][gc,phases      ] GC(52)     Dead                           Min: 0, Avg:  0.0, Max: 0, Diff: 0, Sum: 0, Workers: 4
[1873.397s][debug][gc,phases      ] GC(52)     Total                          Min: 0, Avg: 198.5, Max: 410, Diff: 410, Sum: 794, Workers: 4
[1873.397s][debug][gc,phases      ] GC(52)   ObjectSynchronizer Weak        Min: 0.00, Avg: 0.00, Max: 0.00, Diff: 0.00, Sum: 0.00, Workers: 4
[1873.397s][debug][gc,phases      ] GC(52)     Dead                           Min: 0, Avg:  0.0, Max: 0, Diff: 0, Sum: 0, Workers: 4
[1873.397s][debug][gc,phases      ] GC(52)     Total                          Min: 0, Avg:  1.2, Max: 5, Diff: 5, Sum: 5, Workers: 4
[1873.397s][debug][gc,phases      ] GC(52)   JVMTI Tag Weak OopStorage      Min: 0.00, Avg: 0.00, Max: 0.00, Diff: 0.00, Sum: 0.00, Workers: 4
[1873.398s][debug][gc,phases      ] GC(52)     Dead                           Min: 0, Avg:  0.0, Max: 0, Diff: 0, Sum: 0, Workers: 4
[1873.398s][debug][gc,phases      ] GC(52)     Total                          Min: 0, Avg:  0.0, Max: 0, Diff: 0, Sum: 0, Workers: 4
[1873.398s][debug][gc,phases      ] GC(52)   StringTable Weak               Min: 0.00, Avg: 0.10, Max: 0.13, Diff: 0.13, Sum: 0.38, Workers: 4
[1873.398s][debug][gc,phases      ] GC(52)     Dead                           Min: 0, Avg:  0.0, Max: 0, Diff: 0, Sum: 0, Workers: 4
[1873.398s][debug][gc,phases      ] GC(52)     Total                          Min: 0, Avg: 12338.5, Max: 19968, Diff: 19968, Sum: 49354, Workers: 4
[1873.398s][debug][gc,phases      ] GC(52)   ResolvedMethodTable Weak       Min: 0.00, Avg: 0.03, Max: 0.05, Diff: 0.05, Sum: 0.14, Workers: 4
[1873.398s][debug][gc,phases      ] GC(52)     Dead                           Min: 0, Avg:  5.8, Max: 23, Diff: 23, Sum: 23, Workers: 4
[1873.398s][debug][gc,phases      ] GC(52)     Total                          Min: 0, Avg: 3961.0, Max: 6612, Diff: 6612, Sum: 15844, Workers: 4
[1873.398s][debug][gc,phases      ] GC(52)   JNI Weak                       Min: 0.00, Avg: 0.00, Max: 0.00, Diff: 0.00, Sum: 0.00, Workers: 4
[1873.398s][debug][gc,phases      ] GC(52)     Dead                           Min: 0, Avg:  0.0, Max: 0, Diff: 0, Sum: 0, Workers: 4
[1873.398s][debug][gc,phases      ] GC(52)     Total                          Min: 0, Avg: 13.0, Max: 52, Diff: 52, Sum: 52, Workers: 4
[1873.398s][debug][gc,phases      ] GC(52)   StringDedup Table Weak         Min: 0.00, Avg: 0.00, Max: 0.00, Diff: 0.00, Sum: 0.00, Workers: 4
[1873.398s][debug][gc,phases      ] GC(52)     Dead                           Min: 0, Avg:  0.0, Max: 0, Diff: 0, Sum: 0, Workers: 4
[1873.398s][debug][gc,phases      ] GC(52)     Total                          Min: 0, Avg:  0.0, Max: 0, Diff: 0, Sum: 0, Workers: 4
[1873.398s][debug][gc,phases      ] GC(52)   StringDedup Requests0 Weak     Min: 0.00, Avg: 0.00, Max: 0.00, Diff: 0.00, Sum: 0.00, Workers: 4
[1873.398s][debug][gc,phases      ] GC(52)     Dead                           Min: 0, Avg:  0.0, Max: 0, Diff: 0, Sum: 0, Workers: 4
[1873.398s][debug][gc,phases      ] GC(52)     Total                          Min: 0, Avg:  0.0, Max: 0, Diff: 0, Sum: 0, Workers: 4
[1873.398s][debug][gc,phases      ] GC(52)   StringDedup Requests1 Weak     Min: 0.00, Avg: 0.00, Max: 0.00, Diff: 0.00, Sum: 0.00, Workers: 4
[1873.398s][debug][gc,phases      ] GC(52)     Dead                           Min: 0, Avg:  0.0, Max: 0, Diff: 0, Sum: 0, Workers: 4
[1873.398s][debug][gc,phases      ] GC(52)     Total                          Min: 0, Avg:  0.0, Max: 0, Diff: 0, Sum: 0, Workers: 4
[1873.398s][debug][gc,phases      ] GC(52)   Weak JFR Old Object Samples    Min: 0.00, Avg: 0.00, Max: 0.00, Diff: 0.00, Sum: 0.00, Workers: 4
[1873.398s][debug][gc,phases      ] GC(52)     Dead                           Min: 0, Avg:  0.0, Max: 0, Diff: 0, Sum: 0, Workers: 4
[1873.398s][debug][gc,phases      ] GC(52)     Total                          Min: 0, Avg:  0.0, Max: 0, Diff: 0, Sum: 0, Workers: 4
[1873.398s][debug][gc,phases      ] GC(52) Weak Processing 0.399ms
[1873.398s][debug][gc,age         ] GC(52) Desired survivor size 34603008 bytes, new threshold 1 (max threshold 15)
[1873.398s][info ][gc,heap        ] GC(52) PSYoungGen: 2016784K(2054656K)->1696K(2063360K) Eden: 2015232K(2015232K)->0K(2027008K) From: 1552K(39424K)->1696K(36352K)
[1873.398s][info ][gc,heap        ] GC(52) ParOldGen: 240964K(241152K)->241140K(241152K)
[1873.398s][info ][gc,metaspace   ] GC(52) Metaspace: 107153K(108224K)->107153K(108224K) NonClass: 91566K(92224K)->91566K(92224K) Class: 15586K(16000K)->15586K(16000K)
[1873.398s][info ][gc             ] GC(52) Pause Young (Allocation Failure) 2204M->237M(2250M) 2.656ms
[1873.398s][info ][gc,cpu         ] GC(52) User=0.01s Sys=0.00s Real=0.00s
[1873.398s][info ][safepoint      ] Safepoint "ParallelCollectForAllocation", Time since last: 48740485546 ns, Reaching safepoint: 82700 ns, At safepoint: 2717783 ns, Leaving safepoint: 5700 ns, Total: 2806183 ns, Threads: 1 runnable, 29 total
[1922.596s][info ][gc,start       ] GC(53) Pause Young (Allocation Failure)
[1922.597s][debug][gc,phases      ] GC(53) Scavenge 1.411ms
[1922.597s][debug][gc,ref         ] GC(53) ReferenceProcessor::execute queues: 1, RefProcThreadModel::Single, marks_oops_alive: false
[1922.597s][debug][gc,ref         ] GC(53) Skipped KeepAliveFinalRefsPhase of Reference Processing: no references
[1922.597s][debug][gc,ref         ] GC(53) Skipped PhantomRefsPhase of Reference Processing: no references
[1922.597s][debug][gc,phases      ] GC(53) Reference Processing 0.095ms
[1922.598s][debug][gc,phases      ] GC(53)   VM Weak                        Min: 0.00, Avg: 0.00, Max: 0.01, Diff: 0.01, Sum: 0.01, Workers: 4
[1922.598s][debug][gc,phases      ] GC(53)     Dead                           Min: 0, Avg:  0.0, Max: 0, Diff: 0, Sum: 0, Workers: 4
[1922.598s][debug][gc,phases      ] GC(53)     Total                          Min: 0, Avg: 198.5, Max: 794, Diff: 794, Sum: 794, Workers: 4
[1922.598s][debug][gc,phases      ] GC(53)   ObjectSynchronizer Weak        Min: 0.00, Avg: 0.00, Max: 0.00, Diff: 0.00, Sum: 0.00, Workers: 4
[1922.598s][debug][gc,phases      ] GC(53)     Dead                           Min: 0, Avg:  0.0, Max: 0, Diff: 0, Sum: 0, Workers: 4
[1922.598s][debug][gc,phases      ] GC(53)     Total                          Min: 0, Avg:  1.2, Max: 5, Diff: 5, Sum: 5, Workers: 4
[1922.598s][debug][gc,phases      ] GC(53)   JVMTI Tag Weak OopStorage      Min: 0.00, Avg: 0.00, Max: 0.00, Diff: 0.00, Sum: 0.00, Workers: 4
[1922.598s][debug][gc,phases      ] GC(53)     Dead                           Min: 0, Avg:  0.0, Max: 0, Diff: 0, Sum: 0, Workers: 4
[1922.598s][debug][gc,phases      ] GC(53)     Total                          Min: 0, Avg:  0.0, Max: 0, Diff: 0, Sum: 0, Workers: 4
[1922.598s][debug][gc,phases      ] GC(53)   StringTable Weak               Min: 0.00, Avg: 0.10, Max: 0.14, Diff: 0.14, Sum: 0.42, Workers: 4
[1922.598s][debug][gc,phases      ] GC(53)     Dead                           Min: 0, Avg:  0.0, Max: 0, Diff: 0, Sum: 0, Workers: 4
[1922.598s][debug][gc,phases      ] GC(53)     Total                          Min: 0, Avg: 12338.5, Max: 19722, Diff: 19722, Sum: 49354, Workers: 4
[1922.598s][debug][gc,phases      ] GC(53)   ResolvedMethodTable Weak       Min: 0.00, Avg: 0.03, Max: 0.04, Diff: 0.04, Sum: 0.13, Workers: 4
[1922.598s][debug][gc,phases      ] GC(53)     Dead                           Min: 0, Avg:  5.0, Max: 20, Diff: 20, Sum: 20, Workers: 4
[1922.598s][debug][gc,phases      ] GC(53)     Total                          Min: 0, Avg: 3961.0, Max: 6383, Diff: 6383, Sum: 15844, Workers: 4
[1922.598s][debug][gc,phases      ] GC(53)   JNI Weak                       Min: 0.00, Avg: 0.00, Max: 0.00, Diff: 0.00, Sum: 0.00, Workers: 4
[1922.598s][debug][gc,phases      ] GC(53)     Dead                           Min: 0, Avg:  0.0, Max: 0, Diff: 0, Sum: 0, Workers: 4
[1922.598s][debug][gc,phases      ] GC(53)     Total                          Min: 0, Avg: 13.0, Max: 48, Diff: 48, Sum: 52, Workers: 4
[1922.598s][debug][gc,phases      ] GC(53)   StringDedup Table Weak         Min: 0.00, Avg: 0.00, Max: 0.00, Diff: 0.00, Sum: 0.00, Workers: 4
[1922.598s][debug][gc,phases      ] GC(53)     Dead                           Min: 0, Avg:  0.0, Max: 0, Diff: 0, Sum: 0, Workers: 4
[1922.598s][debug][gc,phases      ] GC(53)     Total                          Min: 0, Avg:  0.0, Max: 0, Diff: 0, Sum: 0, Workers: 4
[1922.598s][debug][gc,phases      ] GC(53)   StringDedup Requests0 Weak     Min: 0.00, Avg: 0.00, Max: 0.00, Diff: 0.00, Sum: 0.00, Workers: 4
[1922.598s][debug][gc,phases      ] GC(53)     Dead                           Min: 0, Avg:  0.0, Max: 0, Diff: 0, Sum: 0, Workers: 4
[1922.598s][debug][gc,phases      ] GC(53)     Total                          Min: 0, Avg:  0.0, Max: 0, Diff: 0, Sum: 0, Workers: 4
[1922.598s][debug][gc,phases      ] GC(53)   StringDedup Requests1 Weak     Min: 0.00, Avg: 0.00, Max: 0.00, Diff: 0.00, Sum: 0.00, Workers: 4
[1922.598s][debug][gc,phases      ] GC(53)     Dead                           Min: 0, Avg:  0.0, Max: 0, Diff: 0, Sum: 0, Workers: 4
[1922.598s][debug][gc,phases      ] GC(53)     Total                          Min: 0, Avg:  0.0, Max: 0, Diff: 0, Sum: 0, Workers: 4
[1922.598s][debug][gc,phases      ] GC(53)   Weak JFR Old Object Samples    Min: 0.00, Avg: 0.00, Max: 0.00, Diff: 0.00, Sum: 0.00, Workers: 4
[1922.598s][debug][gc,phases      ] GC(53)     Dead                           Min: 0, Avg:  0.0, Max: 0, Diff: 0, Sum: 0, Workers: 4
[1922.598s][debug][gc,phases      ] GC(53)     Total                          Min: 0, Avg:  0.0, Max: 0, Diff: 0, Sum: 0, Workers: 4
[1922.598s][debug][gc,phases      ] GC(53) Weak Processing 0.370ms
[1922.598s][debug][gc,age         ] GC(53) Desired survivor size 31981568 bytes, new threshold 1 (max threshold 15)
[1922.598s][info ][gc,heap        ] GC(53) PSYoungGen: 2028704K(2063360K)->1616K(2060800K) Eden: 2027008K(2027008K)->0K(2027008K) From: 1696K(36352K)->1616K(33792K)
[1922.598s][info ][gc,heap        ] GC(53) ParOldGen: 241140K(241152K)->241336K(241664K)
[1922.598s][info ][gc,metaspace   ] GC(53) Metaspace: 107162K(108224K)->107162K(108224K) NonClass: 91575K(92224K)->91575K(92224K) Class: 15586K(16000K)->15586K(16000K)
[1922.598s][info ][gc             ] GC(53) Pause Young (Allocation Failure) 2216M->237M(2248M) 1.970ms
[1922.598s][info ][gc,cpu         ] GC(53) User=0.00s Sys=0.00s Real=0.00s
[1922.598s][info ][safepoint      ] Safepoint "ParallelCollectForAllocation", Time since last: 49198076977 ns, Reaching safepoint: 113299 ns, At safepoint: 2027288 ns, Leaving safepoint: 6300 ns, Total: 2146887 ns, Threads: 1 runnable, 28 total
[1972.445s][info ][gc,start       ] GC(54) Pause Young (Allocation Failure)
[1972.448s][debug][gc,phases      ] GC(54) Scavenge 2.175ms
[1972.448s][debug][gc,ref         ] GC(54) ReferenceProcessor::execute queues: 1, RefProcThreadModel::Single, marks_oops_alive: false
[1972.448s][debug][gc,ref         ] GC(54) Skipped KeepAliveFinalRefsPhase of Reference Processing: no references
[1972.448s][debug][gc,ref         ] GC(54) Skipped PhantomRefsPhase of Reference Processing: no references
[1972.448s][debug][gc,phases      ] GC(54) Reference Processing 0.102ms
[1972.448s][debug][gc,phases      ] GC(54)   VM Weak                        Min: 0.00, Avg: 0.00, Max: 0.01, Diff: 0.01, Sum: 0.01, Workers: 4
[1972.448s][debug][gc,phases      ] GC(54)     Dead                           Min: 0, Avg:  0.0, Max: 0, Diff: 0, Sum: 0, Workers: 4
[1972.448s][debug][gc,phases      ] GC(54)     Total                          Min: 0, Avg: 198.5, Max: 538, Diff: 538, Sum: 794, Workers: 4
[1972.448s][debug][gc,phases      ] GC(54)   ObjectSynchronizer Weak        Min: 0.00, Avg: 0.00, Max: 0.00, Diff: 0.00, Sum: 0.00, Workers: 4
[1972.448s][debug][gc,phases      ] GC(54)     Dead                           Min: 0, Avg:  0.0, Max: 0, Diff: 0, Sum: 0, Workers: 4
[1972.448s][debug][gc,phases      ] GC(54)     Total                          Min: 0, Avg:  1.2, Max: 5, Diff: 5, Sum: 5, Workers: 4
[1972.448s][debug][gc,phases      ] GC(54)   JVMTI Tag Weak OopStorage      Min: 0.00, Avg: 0.00, Max: 0.00, Diff: 0.00, Sum: 0.00, Workers: 4
[1972.448s][debug][gc,phases      ] GC(54)     Dead                           Min: 0, Avg:  0.0, Max: 0, Diff: 0, Sum: 0, Workers: 4
[1972.448s][debug][gc,phases      ] GC(54)     Total                          Min: 0, Avg:  0.0, Max: 0, Diff: 0, Sum: 0, Workers: 4
[1972.448s][debug][gc,phases      ] GC(54)   StringTable Weak               Min: 0.00, Avg: 0.09, Max: 0.13, Diff: 0.13, Sum: 0.37, Workers: 4
[1972.448s][debug][gc,phases      ] GC(54)     Dead                           Min: 0, Avg:  0.2, Max: 1, Diff: 1, Sum: 1, Workers: 4
[1972.448s][debug][gc,phases      ] GC(54)     Total                          Min: 0, Avg: 12339.0, Max: 21261, Diff: 21261, Sum: 49356, Workers: 4
[1972.448s][debug][gc,phases      ] GC(54)   ResolvedMethodTable Weak       Min: 0.00, Avg: 0.03, Max: 0.04, Diff: 0.04, Sum: 0.13, Workers: 4
[1972.448s][debug][gc,phases      ] GC(54)     Dead                           Min: 0, Avg:  5.0, Max: 20, Diff: 20, Sum: 20, Workers: 4
[1972.448s][debug][gc,phases      ] GC(54)     Total                          Min: 0, Avg: 3962.0, Max: 6574, Diff: 6574, Sum: 15848, Workers: 4
[1972.448s][debug][gc,phases      ] GC(54)   JNI Weak                       Min: 0.00, Avg: 0.00, Max: 0.00, Diff: 0.00, Sum: 0.00, Workers: 4
[1972.448s][debug][gc,phases      ] GC(54)     Dead                           Min: 0, Avg:  0.0, Max: 0, Diff: 0, Sum: 0, Workers: 4
[1972.448s][debug][gc,phases      ] GC(54)     Total                          Min: 0, Avg: 13.0, Max: 48, Diff: 48, Sum: 52, Workers: 4
[1972.448s][debug][gc,phases      ] GC(54)   StringDedup Table Weak         Min: 0.00, Avg: 0.00, Max: 0.00, Diff: 0.00, Sum: 0.00, Workers: 4
[1972.448s][debug][gc,phases      ] GC(54)     Dead                           Min: 0, Avg:  0.0, Max: 0, Diff: 0, Sum: 0, Workers: 4
[1972.448s][debug][gc,phases      ] GC(54)     Total                          Min: 0, Avg:  0.0, Max: 0, Diff: 0, Sum: 0, Workers: 4
[1972.448s][debug][gc,phases      ] GC(54)   StringDedup Requests0 Weak     Min: 0.00, Avg: 0.00, Max: 0.00, Diff: 0.00, Sum: 0.00, Workers: 4
[1972.448s][debug][gc,phases      ] GC(54)     Dead                           Min: 0, Avg:  0.0, Max: 0, Diff: 0, Sum: 0, Workers: 4
[1972.448s][debug][gc,phases      ] GC(54)     Total                          Min: 0, Avg:  0.0, Max: 0, Diff: 0, Sum: 0, Workers: 4
[1972.448s][debug][gc,phases      ] GC(54)   StringDedup Requests1 Weak     Min: 0.00, Avg: 0.00, Max: 0.00, Diff: 0.00, Sum: 0.00, Workers: 4
[1972.448s][debug][gc,phases      ] GC(54)     Dead                           Min: 0, Avg:  0.0, Max: 0, Diff: 0, Sum: 0, Workers: 4
[1972.448s][debug][gc,phases      ] GC(54)     Total                          Min: 0, Avg:  0.0, Max: 0, Diff: 0, Sum: 0, Workers: 4
[1972.448s][debug][gc,phases      ] GC(54)   Weak JFR Old Object Samples    Min: 0.00, Avg: 0.00, Max: 0.00, Diff: 0.00, Sum: 0.00, Workers: 4
[1972.448s][debug][gc,phases      ] GC(54)     Dead                           Min: 0, Avg:  0.0, Max: 0, Diff: 0, Sum: 0, Workers: 4
[1972.448s][debug][gc,phases      ] GC(54)     Total                          Min: 0, Avg:  0.0, Max: 0, Diff: 0, Sum: 0, Workers: 4
[1972.448s][debug][gc,phases      ] GC(54) Weak Processing 0.339ms
[1972.448s][debug][gc,age         ] GC(54) Desired survivor size 29360128 bytes, new threshold 1 (max threshold 15)
[1972.448s][info ][gc,heap        ] GC(54) PSYoungGen: 2028624K(2060800K)->1776K(2068480K) Eden: 2027008K(2027008K)->0K(2037248K) From: 1616K(33792K)->1776K(31232K)
[1972.448s][info ][gc,heap        ] GC(54) ParOldGen: 241336K(241664K)->241440K(241664K)
[1972.448s][info ][gc,metaspace   ] GC(54) Metaspace: 107167K(108224K)->107167K(108224K) NonClass: 91579K(92224K)->91579K(92224K) Class: 15587K(16000K)->15587K(16000K)
[1972.448s][info ][gc             ] GC(54) Pause Young (Allocation Failure) 2216M->237M(2256M) 2.740ms
[1972.448s][info ][gc,cpu         ] GC(54) User=0.01s Sys=0.00s Real=0.00s
[1972.448s][info ][safepoint      ] Safepoint "ParallelCollectForAllocation", Time since last: 49847369908 ns, Reaching safepoint: 6000 ns, At safepoint: 2821383 ns, Leaving safepoint: 2000 ns, Total: 2829383 ns, Threads: 0 runnable, 28 total
[2023.745s][info ][gc,start       ] GC(55) Pause Young (Allocation Failure)
[2023.746s][debug][gc,phases      ] GC(55) Scavenge 1.301ms
[2023.746s][debug][gc,ref         ] GC(55) ReferenceProcessor::execute queues: 1, RefProcThreadModel::Single, marks_oops_alive: false
[2023.746s][debug][gc,ref         ] GC(55) Skipped KeepAliveFinalRefsPhase of Reference Processing: no references
[2023.746s][debug][gc,ref         ] GC(55) Skipped PhantomRefsPhase of Reference Processing: no references
[2023.747s][debug][gc,phases      ] GC(55) Reference Processing 0.087ms
[2023.747s][debug][gc,phases      ] GC(55)   VM Weak                        Min: 0.00, Avg: 0.01, Max: 0.02, Diff: 0.02, Sum: 0.03, Workers: 4
[2023.747s][debug][gc,phases      ] GC(55)     Dead                           Min: 0, Avg:  0.0, Max: 0, Diff: 0, Sum: 0, Workers: 4
[2023.747s][debug][gc,phases      ] GC(55)     Total                          Min: 0, Avg: 198.5, Max: 768, Diff: 768, Sum: 794, Workers: 4
[2023.747s][debug][gc,phases      ] GC(55)   ObjectSynchronizer Weak        Min: 0.00, Avg: 0.00, Max: 0.00, Diff: 0.00, Sum: 0.00, Workers: 4
[2023.747s][debug][gc,phases      ] GC(55)     Dead                           Min: 0, Avg:  0.0, Max: 0, Diff: 0, Sum: 0, Workers: 4
[2023.747s][debug][gc,phases      ] GC(55)     Total                          Min: 0, Avg:  1.2, Max: 5, Diff: 5, Sum: 5, Workers: 4
[2023.747s][debug][gc,phases      ] GC(55)   JVMTI Tag Weak OopStorage      Min: 0.00, Avg: 0.00, Max: 0.00, Diff: 0.00, Sum: 0.00, Workers: 4
[2023.747s][debug][gc,phases      ] GC(55)     Dead                           Min: 0, Avg:  0.0, Max: 0, Diff: 0, Sum: 0, Workers: 4
[2023.747s][debug][gc,phases      ] GC(55)     Total                          Min: 0, Avg:  0.0, Max: 0, Diff: 0, Sum: 0, Workers: 4
[2023.747s][debug][gc,phases      ] GC(55)   StringTable Weak               Min: 0.00, Avg: 0.09, Max: 0.13, Diff: 0.13, Sum: 0.38, Workers: 4
[2023.747s][debug][gc,phases      ] GC(55)     Dead                           Min: 0, Avg:  0.0, Max: 0, Diff: 0, Sum: 0, Workers: 4
[2023.747s][debug][gc,phases      ] GC(55)     Total                          Min: 0, Avg: 12339.0, Max: 20800, Diff: 20800, Sum: 49356, Workers: 4
[2023.747s][debug][gc,phases      ] GC(55)   ResolvedMethodTable Weak       Min: 0.00, Avg: 0.03, Max: 0.04, Diff: 0.04, Sum: 0.13, Workers: 4
[2023.747s][debug][gc,phases      ] GC(55)     Dead                           Min: 0, Avg:  5.0, Max: 20, Diff: 20, Sum: 20, Workers: 4
[2023.747s][debug][gc,phases      ] GC(55)     Total                          Min: 0, Avg: 3962.0, Max: 6542, Diff: 6542, Sum: 15848, Workers: 4
[2023.747s][debug][gc,phases      ] GC(55)   JNI Weak                       Min: 0.00, Avg: 0.00, Max: 0.00, Diff: 0.00, Sum: 0.00, Workers: 4
[2023.747s][debug][gc,phases      ] GC(55)     Dead                           Min: 0, Avg:  0.0, Max: 0, Diff: 0, Sum: 0, Workers: 4
[2023.747s][debug][gc,phases      ] GC(55)     Total                          Min: 0, Avg: 13.0, Max: 48, Diff: 48, Sum: 52, Workers: 4
[2023.747s][debug][gc,phases      ] GC(55)   StringDedup Table Weak         Min: 0.00, Avg: 0.00, Max: 0.00, Diff: 0.00, Sum: 0.00, Workers: 4
[2023.747s][debug][gc,phases      ] GC(55)     Dead                           Min: 0, Avg:  0.0, Max: 0, Diff: 0, Sum: 0, Workers: 4
[2023.747s][debug][gc,phases      ] GC(55)     Total                          Min: 0, Avg:  0.0, Max: 0, Diff: 0, Sum: 0, Workers: 4
[2023.747s][debug][gc,phases      ] GC(55)   StringDedup Requests0 Weak     Min: 0.00, Avg: 0.00, Max: 0.00, Diff: 0.00, Sum: 0.00, Workers: 4
[2023.747s][debug][gc,phases      ] GC(55)     Dead                           Min: 0, Avg:  0.0, Max: 0, Diff: 0, Sum: 0, Workers: 4
[2023.747s][debug][gc,phases      ] GC(55)     Total                          Min: 0, Avg:  0.0, Max: 0, Diff: 0, Sum: 0, Workers: 4
[2023.747s][debug][gc,phases      ] GC(55)   StringDedup Requests1 Weak     Min: 0.00, Avg: 0.00, Max: 0.00, Diff: 0.00, Sum: 0.00, Workers: 4
[2023.747s][debug][gc,phases      ] GC(55)     Dead                           Min: 0, Avg:  0.0, Max: 0, Diff: 0, Sum: 0, Workers: 4
[2023.747s][debug][gc,phases      ] GC(55)     Total                          Min: 0, Avg:  0.0, Max: 0, Diff: 0, Sum: 0, Workers: 4
[2023.747s][debug][gc,phases      ] GC(55)   Weak JFR Old Object Samples    Min: 0.00, Avg: 0.00, Max: 0.00, Diff: 0.00, Sum: 0.00, Workers: 4
[2023.747s][debug][gc,phases      ] GC(55)     Dead                           Min: 0, Avg:  0.0, Max: 0, Diff: 0, Sum: 0, Workers: 4
[2023.747s][debug][gc,phases      ] GC(55)     Total                          Min: 0, Avg:  0.0, Max: 0, Diff: 0, Sum: 0, Workers: 4
[2023.747s][debug][gc,phases      ] GC(55) Weak Processing 0.381ms
[2023.747s][debug][gc,age         ] GC(55) Desired survivor size 27262976 bytes, new threshold 1 (max threshold 15)
[2023.747s][info ][gc,heap        ] GC(55) PSYoungGen: 2039024K(2068480K)->1632K(2065920K) Eden: 2037248K(2037248K)->0K(2037248K) From: 1776K(31232K)->1632K(28672K)
[2023.747s][info ][gc,heap        ] GC(55) ParOldGen: 241440K(241664K)->241504K(241664K)
[2023.747s][info ][gc,metaspace   ] GC(55) Metaspace: 107171K(108224K)->107171K(108224K) NonClass: 91583K(92224K)->91583K(92224K) Class: 15587K(16000K)->15587K(16000K)
[2023.747s][info ][gc             ] GC(55) Pause Young (Allocation Failure) 2227M->237M(2253M) 1.880ms
[2023.747s][info ][gc,cpu         ] GC(55) User=0.00s Sys=0.01s Real=0.00s
[2023.747s][info ][safepoint      ] Safepoint "ParallelCollectForAllocation", Time since last: 51296892470 ns, Reaching safepoint: 5300 ns, At safepoint: 1933289 ns, Leaving safepoint: 1900 ns, Total: 1940489 ns, Threads: 0 runnable, 27 total
[2075.046s][info ][gc,start       ] GC(56) Pause Young (Allocation Failure)
[2075.048s][debug][gc,phases      ] GC(56) Scavenge 1.947ms
[2075.048s][debug][gc,ref         ] GC(56) ReferenceProcessor::execute queues: 1, RefProcThreadModel::Single, marks_oops_alive: false
[2075.048s][debug][gc,ref         ] GC(56) Skipped KeepAliveFinalRefsPhase of Reference Processing: no references
[2075.048s][debug][gc,ref         ] GC(56) Skipped PhantomRefsPhase of Reference Processing: no references
[2075.048s][debug][gc,phases      ] GC(56) Reference Processing 0.092ms
[2075.048s][debug][gc,phases      ] GC(56)   VM Weak                        Min: 0.00, Avg: 0.00, Max: 0.00, Diff: 0.00, Sum: 0.01, Workers: 4
[2075.048s][debug][gc,phases      ] GC(56)     Dead                           Min: 0, Avg:  0.0, Max: 0, Diff: 0, Sum: 0, Workers: 4
[2075.048s][debug][gc,phases      ] GC(56)     Total                          Min: 0, Avg: 198.5, Max: 410, Diff: 410, Sum: 794, Workers: 4
[2075.048s][debug][gc,phases      ] GC(56)   ObjectSynchronizer Weak        Min: 0.00, Avg: 0.00, Max: 0.00, Diff: 0.00, Sum: 0.00, Workers: 4
[2075.049s][debug][gc,phases      ] GC(56)     Dead                           Min: 0, Avg:  0.0, Max: 0, Diff: 0, Sum: 0, Workers: 4
[2075.049s][debug][gc,phases      ] GC(56)     Total                          Min: 0, Avg:  1.2, Max: 5, Diff: 5, Sum: 5, Workers: 4
[2075.049s][debug][gc,phases      ] GC(56)   JVMTI Tag Weak OopStorage      Min: 0.00, Avg: 0.00, Max: 0.00, Diff: 0.00, Sum: 0.00, Workers: 4
[2075.049s][debug][gc,phases      ] GC(56)     Dead                           Min: 0, Avg:  0.0, Max: 0, Diff: 0, Sum: 0, Workers: 4
[2075.049s][debug][gc,phases      ] GC(56)     Total                          Min: 0, Avg:  0.0, Max: 0, Diff: 0, Sum: 0, Workers: 4
[2075.049s][debug][gc,phases      ] GC(56)   StringTable Weak               Min: 0.11, Avg: 0.11, Max: 0.11, Diff: 0.01, Sum: 0.44, Workers: 4
[2075.049s][debug][gc,phases      ] GC(56)     Dead                           Min: 0, Avg:  0.0, Max: 0, Diff: 0, Sum: 0, Workers: 4
[2075.049s][debug][gc,phases      ] GC(56)     Total                          Min: 11917, Avg: 12339.0, Max: 13312, Diff: 1395, Sum: 49356, Workers: 4
[2075.049s][debug][gc,phases      ] GC(56)   ResolvedMethodTable Weak       Min: 0.04, Avg: 0.04, Max: 0.04, Diff: 0.00, Sum: 0.15, Workers: 4
[2075.049s][debug][gc,phases      ] GC(56)     Dead                           Min: 0, Avg:  5.0, Max: 20, Diff: 20, Sum: 20, Workers: 4
[2075.049s][debug][gc,phases      ] GC(56)     Total                          Min: 3655, Avg: 3962.0, Max: 4336, Diff: 681, Sum: 15848, Workers: 4
[2075.049s][debug][gc,phases      ] GC(56)   JNI Weak                       Min: 0.00, Avg: 0.00, Max: 0.00, Diff: 0.00, Sum: 0.00, Workers: 4
[2075.049s][debug][gc,phases      ] GC(56)     Dead                           Min: 0, Avg:  0.0, Max: 0, Diff: 0, Sum: 0, Workers: 4
[2075.049s][debug][gc,phases      ] GC(56)     Total                          Min: 0, Avg: 13.0, Max: 48, Diff: 48, Sum: 52, Workers: 4
[2075.049s][debug][gc,phases      ] GC(56)   StringDedup Table Weak         Min: 0.00, Avg: 0.00, Max: 0.00, Diff: 0.00, Sum: 0.00, Workers: 4
[2075.049s][debug][gc,phases      ] GC(56)     Dead                           Min: 0, Avg:  0.0, Max: 0, Diff: 0, Sum: 0, Workers: 4
[2075.049s][debug][gc,phases      ] GC(56)     Total                          Min: 0, Avg:  0.0, Max: 0, Diff: 0, Sum: 0, Workers: 4
[2075.049s][debug][gc,phases      ] GC(56)   StringDedup Requests0 Weak     Min: 0.00, Avg: 0.00, Max: 0.00, Diff: 0.00, Sum: 0.00, Workers: 4
[2075.049s][debug][gc,phases      ] GC(56)     Dead                           Min: 0, Avg:  0.0, Max: 0, Diff: 0, Sum: 0, Workers: 4
[2075.049s][debug][gc,phases      ] GC(56)     Total                          Min: 0, Avg:  0.0, Max: 0, Diff: 0, Sum: 0, Workers: 4
[2075.049s][debug][gc,phases      ] GC(56)   StringDedup Requests1 Weak     Min: 0.00, Avg: 0.00, Max: 0.00, Diff: 0.00, Sum: 0.00, Workers: 4
[2075.049s][debug][gc,phases      ] GC(56)     Dead                           Min: 0, Avg:  0.0, Max: 0, Diff: 0, Sum: 0, Workers: 4
[2075.049s][debug][gc,phases      ] GC(56)     Total                          Min: 0, Avg:  0.0, Max: 0, Diff: 0, Sum: 0, Workers: 4
[2075.049s][debug][gc,phases      ] GC(56)   Weak JFR Old Object Samples    Min: 0.00, Avg: 0.00, Max: 0.00, Diff: 0.00, Sum: 0.00, Workers: 4
[2075.049s][debug][gc,phases      ] GC(56)     Dead                           Min: 0, Avg:  0.0, Max: 0, Diff: 0, Sum: 0, Workers: 4
[2075.049s][debug][gc,phases      ] GC(56)     Total                          Min: 0, Avg:  0.0, Max: 0, Diff: 0, Sum: 0, Workers: 4
[2075.049s][debug][gc,phases      ] GC(56) Weak Processing 0.347ms
[2075.049s][debug][gc,age         ] GC(56) Desired survivor size 25165824 bytes, new threshold 1 (max threshold 15)
[2075.049s][info ][gc,heap        ] GC(56) PSYoungGen: 2038880K(2065920K)->2032K(2072576K) Eden: 2037248K(2037248K)->0K(2045952K) From: 1632K(28672K)->2032K(26624K)
[2075.049s][info ][gc,heap        ] GC(56) ParOldGen: 241504K(241664K)->241544K(241664K)
[2075.049s][info ][gc,metaspace   ] GC(56) Metaspace: 107178K(108224K)->107178K(108224K) NonClass: 91590K(92224K)->91590K(92224K) Class: 15587K(16000K)->15587K(16000K)
[2075.049s][info ][gc             ] GC(56) Pause Young (Allocation Failure) 2226M->237M(2260M) 2.493ms
[2075.049s][info ][gc,cpu         ] GC(56) User=0.01s Sys=0.00s Real=0.00s
[2075.049s][info ][safepoint      ] Safepoint "ParallelCollectForAllocation", Time since last: 51299073973 ns, Reaching safepoint: 100100 ns, At safepoint: 2544884 ns, Leaving safepoint: 5900 ns, Total: 2650884 ns, Threads: 1 runnable, 27 total
[2124.943s][info ][gc,start       ] GC(57) Pause Young (Allocation Failure)
[2124.944s][debug][gc,phases      ] GC(57) Scavenge 1.372ms
[2124.944s][debug][gc,ref         ] GC(57) ReferenceProcessor::execute queues: 1, RefProcThreadModel::Single, marks_oops_alive: false
[2124.944s][debug][gc,ref         ] GC(57) Skipped KeepAliveFinalRefsPhase of Reference Processing: no references
[2124.944s][debug][gc,ref         ] GC(57) Skipped PhantomRefsPhase of Reference Processing: no references
[2124.944s][debug][gc,phases      ] GC(57) Reference Processing 0.095ms
[2124.944s][debug][gc,phases      ] GC(57)   VM Weak                        Min: 0.00, Avg: 0.00, Max: 0.00, Diff: 0.00, Sum: 0.01, Workers: 4
[2124.944s][debug][gc,phases      ] GC(57)     Dead                           Min: 0, Avg:  0.0, Max: 0, Diff: 0, Sum: 0, Workers: 4
[2124.944s][debug][gc,phases      ] GC(57)     Total                          Min: 0, Avg: 198.5, Max: 474, Diff: 474, Sum: 794, Workers: 4
[2124.944s][debug][gc,phases      ] GC(57)   ObjectSynchronizer Weak        Min: 0.00, Avg: 0.00, Max: 0.00, Diff: 0.00, Sum: 0.00, Workers: 4
[2124.944s][debug][gc,phases      ] GC(57)     Dead                           Min: 0, Avg:  0.0, Max: 0, Diff: 0, Sum: 0, Workers: 4
[2124.944s][debug][gc,phases      ] GC(57)     Total                          Min: 0, Avg:  1.2, Max: 5, Diff: 5, Sum: 5, Workers: 4
[2124.944s][debug][gc,phases      ] GC(57)   JVMTI Tag Weak OopStorage      Min: 0.00, Avg: 0.00, Max: 0.00, Diff: 0.00, Sum: 0.00, Workers: 4
[2124.944s][debug][gc,phases      ] GC(57)     Dead                           Min: 0, Avg:  0.0, Max: 0, Diff: 0, Sum: 0, Workers: 4
[2124.944s][debug][gc,phases      ] GC(57)     Total                          Min: 0, Avg:  0.0, Max: 0, Diff: 0, Sum: 0, Workers: 4
[2124.944s][debug][gc,phases      ] GC(57)   StringTable Weak               Min: 0.11, Avg: 0.11, Max: 0.12, Diff: 0.01, Sum: 0.46, Workers: 4
[2124.944s][debug][gc,phases      ] GC(57)     Dead                           Min: 0, Avg:  0.0, Max: 0, Diff: 0, Sum: 0, Workers: 4
[2124.944s][debug][gc,phases      ] GC(57)     Total                          Min: 11853, Avg: 12339.0, Max: 13183, Diff: 1330, Sum: 49356, Workers: 4
[2124.944s][debug][gc,phases      ] GC(57)   ResolvedMethodTable Weak       Min: 0.04, Avg: 0.04, Max: 0.04, Diff: 0.00, Sum: 0.16, Workers: 4
[2124.944s][debug][gc,phases      ] GC(57)     Dead                           Min: 0, Avg:  5.0, Max: 20, Diff: 20, Sum: 20, Workers: 4
[2124.944s][debug][gc,phases      ] GC(57)     Total                          Min: 3717, Avg: 3962.0, Max: 4072, Diff: 355, Sum: 15848, Workers: 4
[2124.944s][debug][gc,phases      ] GC(57)   JNI Weak                       Min: 0.00, Avg: 0.00, Max: 0.00, Diff: 0.00, Sum: 0.00, Workers: 4
[2124.944s][debug][gc,phases      ] GC(57)     Dead                           Min: 0, Avg:  0.0, Max: 0, Diff: 0, Sum: 0, Workers: 4
[2124.944s][debug][gc,phases      ] GC(57)     Total                          Min: 0, Avg: 13.0, Max: 48, Diff: 48, Sum: 52, Workers: 4
[2124.944s][debug][gc,phases      ] GC(57)   StringDedup Table Weak         Min: 0.00, Avg: 0.00, Max: 0.00, Diff: 0.00, Sum: 0.00, Workers: 4
[2124.944s][debug][gc,phases      ] GC(57)     Dead                           Min: 0, Avg:  0.0, Max: 0, Diff: 0, Sum: 0, Workers: 4
[2124.944s][debug][gc,phases      ] GC(57)     Total                          Min: 0, Avg:  0.0, Max: 0, Diff: 0, Sum: 0, Workers: 4
[2124.944s][debug][gc,phases      ] GC(57)   StringDedup Requests0 Weak     Min: 0.00, Avg: 0.00, Max: 0.00, Diff: 0.00, Sum: 0.00, Workers: 4
[2124.944s][debug][gc,phases      ] GC(57)     Dead                           Min: 0, Avg:  0.0, Max: 0, Diff: 0, Sum: 0, Workers: 4
[2124.944s][debug][gc,phases      ] GC(57)     Total                          Min: 0, Avg:  0.0, Max: 0, Diff: 0, Sum: 0, Workers: 4
[2124.944s][debug][gc,phases      ] GC(57)   StringDedup Requests1 Weak     Min: 0.00, Avg: 0.00, Max: 0.00, Diff: 0.00, Sum: 0.00, Workers: 4
[2124.944s][debug][gc,phases      ] GC(57)     Dead                           Min: 0, Avg:  0.0, Max: 0, Diff: 0, Sum: 0, Workers: 4
[2124.944s][debug][gc,phases      ] GC(57)     Total                          Min: 0, Avg:  0.0, Max: 0, Diff: 0, Sum: 0, Workers: 4
[2124.944s][debug][gc,phases      ] GC(57)   Weak JFR Old Object Samples    Min: 0.00, Avg: 0.00, Max: 0.00, Diff: 0.00, Sum: 0.00, Workers: 4
[2124.944s][debug][gc,phases      ] GC(57)     Dead                           Min: 0, Avg:  0.0, Max: 0, Diff: 0, Sum: 0, Workers: 4
[2124.944s][debug][gc,phases      ] GC(57)     Total                          Min: 0, Avg:  0.0, Max: 0, Diff: 0, Sum: 0, Workers: 4
[2124.944s][debug][gc,phases      ] GC(57) Weak Processing 0.355ms
[2124.944s][debug][gc,age         ] GC(57) Desired survivor size 23068672 bytes, new threshold 1 (max threshold 15)
[2124.944s][info ][gc,heap        ] GC(57) PSYoungGen: 2047984K(2072576K)->1392K(2070528K) Eden: 2045952K(2045952K)->0K(2045952K) From: 2032K(26624K)->1392K(24576K)
[2124.944s][info ][gc,heap        ] GC(57) ParOldGen: 241544K(241664K)->241664K(242176K)
[2124.944s][info ][gc,metaspace   ] GC(57) Metaspace: 107186K(108224K)->107186K(108224K) NonClass: 91599K(92224K)->91599K(92224K) Class: 15587K(16000K)->15587K(16000K)
[2124.944s][info ][gc             ] GC(57) Pause Young (Allocation Failure) 2235M->237M(2258M) 1.923ms
[2124.945s][info ][gc,cpu         ] GC(57) User=0.01s Sys=0.00s Real=0.00s
[2124.945s][info ][safepoint      ] Safepoint "ParallelCollectForAllocation", Time since last: 49893811105 ns, Reaching safepoint: 8600 ns, At safepoint: 2008488 ns, Leaving safepoint: 6500 ns, Total: 2023588 ns, Threads: 0 runnable, 32 total
[2175.946s][info ][gc,start       ] GC(58) Pause Young (Allocation Failure)
[2175.947s][debug][gc,phases      ] GC(58) Scavenge 1.601ms
[2175.948s][debug][gc,ref         ] GC(58) ReferenceProcessor::execute queues: 1, RefProcThreadModel::Single, marks_oops_alive: false
[2175.948s][debug][gc,ref         ] GC(58) Skipped KeepAliveFinalRefsPhase of Reference Processing: no references
[2175.948s][debug][gc,ref         ] GC(58) Skipped PhantomRefsPhase of Reference Processing: no references
[2175.948s][debug][gc,phases      ] GC(58) Reference Processing 0.105ms
[2175.948s][debug][gc,phases      ] GC(58)   VM Weak                        Min: 0.00, Avg: 0.00, Max: 0.01, Diff: 0.01, Sum: 0.01, Workers: 4
[2175.948s][debug][gc,phases      ] GC(58)     Dead                           Min: 0, Avg:  0.0, Max: 0, Diff: 0, Sum: 0, Workers: 4
[2175.948s][debug][gc,phases      ] GC(58)     Total                          Min: 0, Avg: 198.5, Max: 474, Diff: 474, Sum: 794, Workers: 4
[2175.948s][debug][gc,phases      ] GC(58)   ObjectSynchronizer Weak        Min: 0.00, Avg: 0.00, Max: 0.00, Diff: 0.00, Sum: 0.00, Workers: 4
[2175.948s][debug][gc,phases      ] GC(58)     Dead                           Min: 0, Avg:  0.0, Max: 0, Diff: 0, Sum: 0, Workers: 4
[2175.948s][debug][gc,phases      ] GC(58)     Total                          Min: 0, Avg:  1.2, Max: 5, Diff: 5, Sum: 5, Workers: 4
[2175.948s][debug][gc,phases      ] GC(58)   JVMTI Tag Weak OopStorage      Min: 0.00, Avg: 0.00, Max: 0.00, Diff: 0.00, Sum: 0.00, Workers: 4
[2175.948s][debug][gc,phases      ] GC(58)     Dead                           Min: 0, Avg:  0.0, Max: 0, Diff: 0, Sum: 0, Workers: 4
[2175.948s][debug][gc,phases      ] GC(58)     Total                          Min: 0, Avg:  0.0, Max: 0, Diff: 0, Sum: 0, Workers: 4
[2175.948s][debug][gc,phases      ] GC(58)   StringTable Weak               Min: 0.00, Avg: 0.10, Max: 0.13, Diff: 0.13, Sum: 0.38, Workers: 4
[2175.948s][debug][gc,phases      ] GC(58)     Dead                           Min: 0, Avg:  0.0, Max: 0, Diff: 0, Sum: 0, Workers: 4
[2175.948s][debug][gc,phases      ] GC(58)     Total                          Min: 0, Avg: 12339.0, Max: 21133, Diff: 21133, Sum: 49356, Workers: 4
[2175.948s][debug][gc,phases      ] GC(58)   ResolvedMethodTable Weak       Min: 0.00, Avg: 0.03, Max: 0.04, Diff: 0.04, Sum: 0.13, Workers: 4
[2175.948s][debug][gc,phases      ] GC(58)     Dead                           Min: 0, Avg:  5.0, Max: 20, Diff: 20, Sum: 20, Workers: 4
[2175.948s][debug][gc,phases      ] GC(58)     Total                          Min: 0, Avg: 3962.0, Max: 6085, Diff: 6085, Sum: 15848, Workers: 4
[2175.948s][debug][gc,phases      ] GC(58)   JNI Weak                       Min: 0.00, Avg: 0.00, Max: 0.00, Diff: 0.00, Sum: 0.00, Workers: 4
[2175.948s][debug][gc,phases      ] GC(58)     Dead                           Min: 0, Avg:  0.0, Max: 0, Diff: 0, Sum: 0, Workers: 4
[2175.948s][debug][gc,phases      ] GC(58)     Total                          Min: 0, Avg: 13.0, Max: 48, Diff: 48, Sum: 52, Workers: 4
[2175.948s][debug][gc,phases      ] GC(58)   StringDedup Table Weak         Min: 0.00, Avg: 0.00, Max: 0.00, Diff: 0.00, Sum: 0.00, Workers: 4
[2175.948s][debug][gc,phases      ] GC(58)     Dead                           Min: 0, Avg:  0.0, Max: 0, Diff: 0, Sum: 0, Workers: 4
[2175.948s][debug][gc,phases      ] GC(58)     Total                          Min: 0, Avg:  0.0, Max: 0, Diff: 0, Sum: 0, Workers: 4
[2175.948s][debug][gc,phases      ] GC(58)   StringDedup Requests0 Weak     Min: 0.00, Avg: 0.00, Max: 0.00, Diff: 0.00, Sum: 0.00, Workers: 4
[2175.948s][debug][gc,phases      ] GC(58)     Dead                           Min: 0, Avg:  0.0, Max: 0, Diff: 0, Sum: 0, Workers: 4
[2175.948s][debug][gc,phases      ] GC(58)     Total                          Min: 0, Avg:  0.0, Max: 0, Diff: 0, Sum: 0, Workers: 4
[2175.948s][debug][gc,phases      ] GC(58)   StringDedup Requests1 Weak     Min: 0.00, Avg: 0.00, Max: 0.00, Diff: 0.00, Sum: 0.00, Workers: 4
[2175.948s][debug][gc,phases      ] GC(58)     Dead                           Min: 0, Avg:  0.0, Max: 0, Diff: 0, Sum: 0, Workers: 4
[2175.948s][debug][gc,phases      ] GC(58)     Total                          Min: 0, Avg:  0.0, Max: 0, Diff: 0, Sum: 0, Workers: 4
[2175.948s][debug][gc,phases      ] GC(58)   Weak JFR Old Object Samples    Min: 0.00, Avg: 0.00, Max: 0.00, Diff: 0.00, Sum: 0.00, Workers: 4
[2175.948s][debug][gc,phases      ] GC(58)     Dead                           Min: 0, Avg:  0.0, Max: 0, Diff: 0, Sum: 0, Workers: 4
[2175.948s][debug][gc,phases      ] GC(58)     Total                          Min: 0, Avg:  0.0, Max: 0, Diff: 0, Sum: 0, Workers: 4
[2175.948s][debug][gc,phases      ] GC(58) Weak Processing 0.358ms
[2175.948s][debug][gc,age         ] GC(58) Desired survivor size 21495808 bytes, new threshold 1 (max threshold 15)
[2175.948s][info ][gc,heap        ] GC(58) PSYoungGen: 2047344K(2070528K)->1664K(2076160K) Eden: 2045952K(2045952K)->0K(2053632K) From: 1392K(24576K)->1664K(22528K)
[2175.948s][info ][gc,heap        ] GC(58) ParOldGen: 241664K(242176K)->241736K(242176K)
[2175.948s][info ][gc,metaspace   ] GC(58) Metaspace: 107186K(108224K)->107186K(108224K) NonClass: 91599K(92224K)->91599K(92224K) Class: 15587K(16000K)->15587K(16000K)
[2175.948s][info ][gc             ] GC(58) Pause Young (Allocation Failure) 2235M->237M(2264M) 2.165ms
[2175.948s][info ][gc,cpu         ] GC(58) User=0.01s Sys=0.00s Real=0.00s
[2175.948s][info ][safepoint      ] Safepoint "ParallelCollectForAllocation", Time since last: 51001245867 ns, Reaching safepoint: 18600 ns, At safepoint: 2226187 ns, Leaving safepoint: 2500 ns, Total: 2247287 ns, Threads: 0 runnable, 27 total
[2226.701s][info ][gc,start       ] GC(59) Pause Young (Allocation Failure)
[2226.702s][debug][gc,phases      ] GC(59) Scavenge 1.677ms
[2226.702s][debug][gc,ref         ] GC(59) ReferenceProcessor::execute queues: 1, RefProcThreadModel::Single, marks_oops_alive: false
[2226.702s][debug][gc,ref         ] GC(59) Skipped KeepAliveFinalRefsPhase of Reference Processing: no references
[2226.702s][debug][gc,ref         ] GC(59) Skipped PhantomRefsPhase of Reference Processing: no references
[2226.702s][debug][gc,phases      ] GC(59) Reference Processing 0.103ms
[2226.703s][debug][gc,phases      ] GC(59)   VM Weak                        Min: 0.00, Avg: 0.00, Max: 0.00, Diff: 0.00, Sum: 0.01, Workers: 4
[2226.703s][debug][gc,phases      ] GC(59)     Dead                           Min: 0, Avg:  0.0, Max: 0, Diff: 0, Sum: 0, Workers: 4
[2226.703s][debug][gc,phases      ] GC(59)     Total                          Min: 0, Avg: 198.5, Max: 474, Diff: 474, Sum: 794, Workers: 4
[2226.703s][debug][gc,phases      ] GC(59)   ObjectSynchronizer Weak        Min: 0.00, Avg: 0.00, Max: 0.00, Diff: 0.00, Sum: 0.00, Workers: 4
[2226.703s][debug][gc,phases      ] GC(59)     Dead                           Min: 0, Avg:  0.0, Max: 0, Diff: 0, Sum: 0, Workers: 4
[2226.703s][debug][gc,phases      ] GC(59)     Total                          Min: 0, Avg:  1.2, Max: 5, Diff: 5, Sum: 5, Workers: 4
[2226.703s][debug][gc,phases      ] GC(59)   JVMTI Tag Weak OopStorage      Min: 0.00, Avg: 0.00, Max: 0.00, Diff: 0.00, Sum: 0.00, Workers: 4
[2226.703s][debug][gc,phases      ] GC(59)     Dead                           Min: 0, Avg:  0.0, Max: 0, Diff: 0, Sum: 0, Workers: 4
[2226.703s][debug][gc,phases      ] GC(59)     Total                          Min: 0, Avg:  0.0, Max: 0, Diff: 0, Sum: 0, Workers: 4
[2226.703s][debug][gc,phases      ] GC(59)   StringTable Weak               Min: 0.06, Avg: 0.12, Max: 0.14, Diff: 0.08, Sum: 0.47, Workers: 4
[2226.703s][debug][gc,phases      ] GC(59)     Dead                           Min: 0, Avg:  0.0, Max: 0, Diff: 0, Sum: 0, Workers: 4
[2226.703s][debug][gc,phases      ] GC(59)     Total                          Min: 6720, Avg: 12339.2, Max: 15103, Diff: 8383, Sum: 49357, Workers: 4
[2226.703s][debug][gc,phases      ] GC(59)   ResolvedMethodTable Weak       Min: 0.04, Avg: 0.04, Max: 0.04, Diff: 0.00, Sum: 0.15, Workers: 4
[2226.703s][debug][gc,phases      ] GC(59)     Dead                           Min: 0, Avg:  5.0, Max: 20, Diff: 20, Sum: 20, Workers: 4
[2226.703s][debug][gc,phases      ] GC(59)     Total                          Min: 3786, Avg: 3962.5, Max: 4359, Diff: 573, Sum: 15850, Workers: 4
[2226.703s][debug][gc,phases      ] GC(59)   JNI Weak                       Min: 0.00, Avg: 0.00, Max: 0.00, Diff: 0.00, Sum: 0.00, Workers: 4
[2226.703s][debug][gc,phases      ] GC(59)     Dead                           Min: 0, Avg:  0.0, Max: 0, Diff: 0, Sum: 0, Workers: 4
[2226.703s][debug][gc,phases      ] GC(59)     Total                          Min: 0, Avg: 13.0, Max: 48, Diff: 48, Sum: 52, Workers: 4
[2226.703s][debug][gc,phases      ] GC(59)   StringDedup Table Weak         Min: 0.00, Avg: 0.00, Max: 0.00, Diff: 0.00, Sum: 0.00, Workers: 4
[2226.703s][debug][gc,phases      ] GC(59)     Dead                           Min: 0, Avg:  0.0, Max: 0, Diff: 0, Sum: 0, Workers: 4
[2226.703s][debug][gc,phases      ] GC(59)     Total                          Min: 0, Avg:  0.0, Max: 0, Diff: 0, Sum: 0, Workers: 4
[2226.703s][debug][gc,phases      ] GC(59)   StringDedup Requests0 Weak     Min: 0.00, Avg: 0.00, Max: 0.00, Diff: 0.00, Sum: 0.00, Workers: 4
[2226.703s][debug][gc,phases      ] GC(59)     Dead                           Min: 0, Avg:  0.0, Max: 0, Diff: 0, Sum: 0, Workers: 4
[2226.703s][debug][gc,phases      ] GC(59)     Total                          Min: 0, Avg:  0.0, Max: 0, Diff: 0, Sum: 0, Workers: 4
[2226.703s][debug][gc,phases      ] GC(59)   StringDedup Requests1 Weak     Min: 0.00, Avg: 0.00, Max: 0.00, Diff: 0.00, Sum: 0.00, Workers: 4
[2226.703s][debug][gc,phases      ] GC(59)     Dead                           Min: 0, Avg:  0.0, Max: 0, Diff: 0, Sum: 0, Workers: 4
[2226.703s][debug][gc,phases      ] GC(59)     Total                          Min: 0, Avg:  0.0, Max: 0, Diff: 0, Sum: 0, Workers: 4
[2226.703s][debug][gc,phases      ] GC(59)   Weak JFR Old Object Samples    Min: 0.00, Avg: 0.00, Max: 0.00, Diff: 0.00, Sum: 0.00, Workers: 4
[2226.703s][debug][gc,phases      ] GC(59)     Dead                           Min: 0, Avg:  0.0, Max: 0, Diff: 0, Sum: 0, Workers: 4
[2226.703s][debug][gc,phases      ] GC(59)     Total                          Min: 0, Avg:  0.0, Max: 0, Diff: 0, Sum: 0, Workers: 4
[2226.703s][debug][gc,phases      ] GC(59) Weak Processing 0.341ms
[2226.703s][debug][gc,age         ] GC(59) Desired survivor size 19922944 bytes, new threshold 1 (max threshold 15)
[2226.703s][info ][gc,heap        ] GC(59) PSYoungGen: 2055296K(2076160K)->1440K(2074624K) Eden: 2053632K(2053632K)->0K(2053632K) From: 1664K(22528K)->1440K(20992K)
[2226.703s][info ][gc,heap        ] GC(59) ParOldGen: 241736K(242176K)->241792K(242176K)
[2226.703s][info ][gc,metaspace   ] GC(59) Metaspace: 107205K(108224K)->107205K(108224K) NonClass: 91616K(92224K)->91616K(92224K) Class: 15588K(16000K)->15588K(16000K)
[2226.703s][info ][gc             ] GC(59) Pause Young (Allocation Failure) 2243M->237M(2262M) 2.232ms
[2226.703s][info ][gc,cpu         ] GC(59) User=0.00s Sys=0.00s Real=0.00s
[2226.703s][info ][safepoint      ] Safepoint "ParallelCollectForAllocation", Time since last: 50752543724 ns, Reaching safepoint: 28900 ns, At safepoint: 2286985 ns, Leaving safepoint: 2500 ns, Total: 2318385 ns, Threads: 0 runnable, 27 total
[2277.500s][info ][gc,start       ] GC(60) Pause Young (Allocation Failure)
[2277.502s][debug][gc,phases      ] GC(60) Scavenge 1.883ms
[2277.502s][debug][gc,ref         ] GC(60) ReferenceProcessor::execute queues: 1, RefProcThreadModel::Single, marks_oops_alive: false
[2277.502s][debug][gc,ref         ] GC(60) Skipped KeepAliveFinalRefsPhase of Reference Processing: no references
[2277.502s][debug][gc,ref         ] GC(60) Skipped PhantomRefsPhase of Reference Processing: no references
[2277.502s][debug][gc,phases      ] GC(60) Reference Processing 0.095ms
[2277.502s][debug][gc,phases      ] GC(60)   VM Weak                        Min: 0.00, Avg: 0.00, Max: 0.01, Diff: 0.01, Sum: 0.01, Workers: 4
[2277.502s][debug][gc,phases      ] GC(60)     Dead                           Min: 0, Avg:  0.0, Max: 0, Diff: 0, Sum: 0, Workers: 4
[2277.502s][debug][gc,phases      ] GC(60)     Total                          Min: 0, Avg: 198.5, Max: 794, Diff: 794, Sum: 794, Workers: 4
[2277.502s][debug][gc,phases      ] GC(60)   ObjectSynchronizer Weak        Min: 0.00, Avg: 0.00, Max: 0.00, Diff: 0.00, Sum: 0.00, Workers: 4
[2277.502s][debug][gc,phases      ] GC(60)     Dead                           Min: 0, Avg:  0.0, Max: 0, Diff: 0, Sum: 0, Workers: 4
[2277.502s][debug][gc,phases      ] GC(60)     Total                          Min: 0, Avg:  1.2, Max: 5, Diff: 5, Sum: 5, Workers: 4
[2277.502s][debug][gc,phases      ] GC(60)   JVMTI Tag Weak OopStorage      Min: 0.00, Avg: 0.00, Max: 0.00, Diff: 0.00, Sum: 0.00, Workers: 4
[2277.502s][debug][gc,phases      ] GC(60)     Dead                           Min: 0, Avg:  0.0, Max: 0, Diff: 0, Sum: 0, Workers: 4
[2277.502s][debug][gc,phases      ] GC(60)     Total                          Min: 0, Avg:  0.0, Max: 0, Diff: 0, Sum: 0, Workers: 4
[2277.502s][debug][gc,phases      ] GC(60)   StringTable Weak               Min: 0.00, Avg: 0.09, Max: 0.13, Diff: 0.13, Sum: 0.38, Workers: 4
[2277.502s][debug][gc,phases      ] GC(60)     Dead                           Min: 0, Avg:  0.0, Max: 0, Diff: 0, Sum: 0, Workers: 4
[2277.502s][debug][gc,phases      ] GC(60)     Total                          Min: 0, Avg: 12341.0, Max: 20949, Diff: 20949, Sum: 49364, Workers: 4
[2277.502s][debug][gc,phases      ] GC(60)   ResolvedMethodTable Weak       Min: 0.00, Avg: 0.03, Max: 0.04, Diff: 0.04, Sum: 0.13, Workers: 4
[2277.502s][debug][gc,phases      ] GC(60)     Dead                           Min: 0, Avg:  5.0, Max: 20, Diff: 20, Sum: 20, Workers: 4
[2277.502s][debug][gc,phases      ] GC(60)     Total                          Min: 0, Avg: 3962.5, Max: 6676, Diff: 6676, Sum: 15850, Workers: 4
[2277.502s][debug][gc,phases      ] GC(60)   JNI Weak                       Min: 0.00, Avg: 0.00, Max: 0.00, Diff: 0.00, Sum: 0.00, Workers: 4
[2277.502s][debug][gc,phases      ] GC(60)     Dead                           Min: 0, Avg:  0.0, Max: 0, Diff: 0, Sum: 0, Workers: 4
[2277.502s][debug][gc,phases      ] GC(60)     Total                          Min: 0, Avg: 13.0, Max: 48, Diff: 48, Sum: 52, Workers: 4
[2277.502s][debug][gc,phases      ] GC(60)   StringDedup Table Weak         Min: 0.00, Avg: 0.00, Max: 0.00, Diff: 0.00, Sum: 0.00, Workers: 4
[2277.502s][debug][gc,phases      ] GC(60)     Dead                           Min: 0, Avg:  0.0, Max: 0, Diff: 0, Sum: 0, Workers: 4
[2277.502s][debug][gc,phases      ] GC(60)     Total                          Min: 0, Avg:  0.0, Max: 0, Diff: 0, Sum: 0, Workers: 4
[2277.502s][debug][gc,phases      ] GC(60)   StringDedup Requests0 Weak     Min: 0.00, Avg: 0.00, Max: 0.00, Diff: 0.00, Sum: 0.00, Workers: 4
[2277.502s][debug][gc,phases      ] GC(60)     Dead                           Min: 0, Avg:  0.0, Max: 0, Diff: 0, Sum: 0, Workers: 4
[2277.502s][debug][gc,phases      ] GC(60)     Total                          Min: 0, Avg:  0.0, Max: 0, Diff: 0, Sum: 0, Workers: 4
[2277.502s][debug][gc,phases      ] GC(60)   StringDedup Requests1 Weak     Min: 0.00, Avg: 0.00, Max: 0.00, Diff: 0.00, Sum: 0.00, Workers: 4
[2277.502s][debug][gc,phases      ] GC(60)     Dead                           Min: 0, Avg:  0.0, Max: 0, Diff: 0, Sum: 0, Workers: 4
[2277.503s][debug][gc,phases      ] GC(60)     Total                          Min: 0, Avg:  0.0, Max: 0, Diff: 0, Sum: 0, Workers: 4
[2277.503s][debug][gc,phases      ] GC(60)   Weak JFR Old Object Samples    Min: 0.00, Avg: 0.00, Max: 0.00, Diff: 0.00, Sum: 0.00, Workers: 4
[2277.503s][debug][gc,phases      ] GC(60)     Dead                           Min: 0, Avg:  0.0, Max: 0, Diff: 0, Sum: 0, Workers: 4
[2277.503s][debug][gc,phases      ] GC(60)     Total                          Min: 0, Avg:  0.0, Max: 0, Diff: 0, Sum: 0, Workers: 4
[2277.503s][debug][gc,phases      ] GC(60) Weak Processing 0.370ms
[2277.503s][debug][gc,age         ] GC(60) Desired survivor size 18350080 bytes, new threshold 1 (max threshold 15)
[2277.503s][info ][gc,heap        ] GC(60) PSYoungGen: 2055072K(2074624K)->1600K(2079232K) Eden: 2053632K(2053632K)->0K(2059776K) From: 1440K(20992K)->1600K(19456K)
[2277.503s][info ][gc,heap        ] GC(60) ParOldGen: 241792K(242176K)->241864K(242176K)
[2277.503s][info ][gc,metaspace   ] GC(60) Metaspace: 107208K(108224K)->107208K(108224K) NonClass: 91619K(92224K)->91619K(92224K) Class: 15588K(16000K)->15588K(16000K)
[2277.503s][info ][gc             ] GC(60) Pause Young (Allocation Failure) 2243M->237M(2267M) 2.486ms
[2277.503s][info ][gc,cpu         ] GC(60) User=0.01s Sys=0.01s Real=0.00s
[2277.503s][info ][safepoint      ] Safepoint "ParallelCollectForAllocation", Time since last: 50797159939 ns, Reaching safepoint: 28200 ns, At safepoint: 2545385 ns, Leaving safepoint: 2900 ns, Total: 2576485 ns, Threads: 0 runnable, 28 total
[2327.989s][info ][gc,start       ] GC(61) Pause Young (Allocation Failure)
[2327.991s][debug][gc,phases      ] GC(61) Scavenge 2.141ms
[2327.991s][debug][gc,ref         ] GC(61) ReferenceProcessor::execute queues: 1, RefProcThreadModel::Single, marks_oops_alive: false
[2327.991s][debug][gc,ref         ] GC(61) Skipped KeepAliveFinalRefsPhase of Reference Processing: no references
[2327.991s][debug][gc,ref         ] GC(61) Skipped PhantomRefsPhase of Reference Processing: no references
[2327.991s][debug][gc,phases      ] GC(61) Reference Processing 0.096ms
[2327.991s][debug][gc,phases      ] GC(61)   VM Weak                        Min: 0.00, Avg: 0.00, Max: 0.00, Diff: 0.00, Sum: 0.01, Workers: 4
[2327.991s][debug][gc,phases      ] GC(61)     Dead                           Min: 0, Avg:  0.0, Max: 0, Diff: 0, Sum: 0, Workers: 4
[2327.991s][debug][gc,phases      ] GC(61)     Total                          Min: 0, Avg: 198.5, Max: 448, Diff: 448, Sum: 794, Workers: 4
[2327.991s][debug][gc,phases      ] GC(61)   ObjectSynchronizer Weak        Min: 0.00, Avg: 0.00, Max: 0.00, Diff: 0.00, Sum: 0.00, Workers: 4
[2327.991s][debug][gc,phases      ] GC(61)     Dead                           Min: 0, Avg:  0.0, Max: 0, Diff: 0, Sum: 0, Workers: 4
[2327.991s][debug][gc,phases      ] GC(61)     Total                          Min: 0, Avg:  1.2, Max: 5, Diff: 5, Sum: 5, Workers: 4
[2327.991s][debug][gc,phases      ] GC(61)   JVMTI Tag Weak OopStorage      Min: 0.00, Avg: 0.00, Max: 0.00, Diff: 0.00, Sum: 0.00, Workers: 4
[2327.991s][debug][gc,phases      ] GC(61)     Dead                           Min: 0, Avg:  0.0, Max: 0, Diff: 0, Sum: 0, Workers: 4
[2327.991s][debug][gc,phases      ] GC(61)     Total                          Min: 0, Avg:  0.0, Max: 0, Diff: 0, Sum: 0, Workers: 4
[2327.991s][debug][gc,phases      ] GC(61)   StringTable Weak               Min: 0.10, Avg: 0.11, Max: 0.11, Diff: 0.01, Sum: 0.43, Workers: 4
[2327.991s][debug][gc,phases      ] GC(61)     Dead                           Min: 0, Avg:  0.0, Max: 0, Diff: 0, Sum: 0, Workers: 4
[2327.991s][debug][gc,phases      ] GC(61)     Total                          Min: 10880, Avg: 12341.0, Max: 13631, Diff: 2751, Sum: 49364, Workers: 4
[2327.991s][debug][gc,phases      ] GC(61)   ResolvedMethodTable Weak       Min: 0.04, Avg: 0.04, Max: 0.04, Diff: 0.00, Sum: 0.14, Workers: 4
[2327.991s][debug][gc,phases      ] GC(61)     Dead                           Min: 0, Avg:  5.0, Max: 20, Diff: 20, Sum: 20, Workers: 4
[2327.991s][debug][gc,phases      ] GC(61)     Total                          Min: 3776, Avg: 3962.5, Max: 4336, Diff: 560, Sum: 15850, Workers: 4
[2327.991s][debug][gc,phases      ] GC(61)   JNI Weak                       Min: 0.00, Avg: 0.00, Max: 0.00, Diff: 0.00, Sum: 0.00, Workers: 4
[2327.991s][debug][gc,phases      ] GC(61)     Dead                           Min: 0, Avg:  0.0, Max: 0, Diff: 0, Sum: 0, Workers: 4
[2327.991s][debug][gc,phases      ] GC(61)     Total                          Min: 0, Avg: 13.0, Max: 48, Diff: 48, Sum: 52, Workers: 4
[2327.991s][debug][gc,phases      ] GC(61)   StringDedup Table Weak         Min: 0.00, Avg: 0.00, Max: 0.00, Diff: 0.00, Sum: 0.00, Workers: 4
[2327.991s][debug][gc,phases      ] GC(61)     Dead                           Min: 0, Avg:  0.0, Max: 0, Diff: 0, Sum: 0, Workers: 4
[2327.991s][debug][gc,phases      ] GC(61)     Total                          Min: 0, Avg:  0.0, Max: 0, Diff: 0, Sum: 0, Workers: 4
[2327.991s][debug][gc,phases      ] GC(61)   StringDedup Requests0 Weak     Min: 0.00, Avg: 0.00, Max: 0.00, Diff: 0.00, Sum: 0.00, Workers: 4
[2327.991s][debug][gc,phases      ] GC(61)     Dead                           Min: 0, Avg:  0.0, Max: 0, Diff: 0, Sum: 0, Workers: 4
[2327.991s][debug][gc,phases      ] GC(61)     Total                          Min: 0, Avg:  0.0, Max: 0, Diff: 0, Sum: 0, Workers: 4
[2327.991s][debug][gc,phases      ] GC(61)   StringDedup Requests1 Weak     Min: 0.00, Avg: 0.00, Max: 0.00, Diff: 0.00, Sum: 0.00, Workers: 4
[2327.991s][debug][gc,phases      ] GC(61)     Dead                           Min: 0, Avg:  0.0, Max: 0, Diff: 0, Sum: 0, Workers: 4
[2327.991s][debug][gc,phases      ] GC(61)     Total                          Min: 0, Avg:  0.0, Max: 0, Diff: 0, Sum: 0, Workers: 4
[2327.991s][debug][gc,phases      ] GC(61)   Weak JFR Old Object Samples    Min: 0.00, Avg: 0.00, Max: 0.00, Diff: 0.00, Sum: 0.00, Workers: 4
[2327.991s][debug][gc,phases      ] GC(61)     Dead                           Min: 0, Avg:  0.0, Max: 0, Diff: 0, Sum: 0, Workers: 4
[2327.991s][debug][gc,phases      ] GC(61)     Total                          Min: 0, Avg:  0.0, Max: 0, Diff: 0, Sum: 0, Workers: 4
[2327.991s][debug][gc,phases      ] GC(61) Weak Processing 0.371ms
[2327.991s][debug][gc,age         ] GC(61) Desired survivor size 17301504 bytes, new threshold 1 (max threshold 15)
[2327.991s][info ][gc,heap        ] GC(61) PSYoungGen: 2061376K(2079232K)->1536K(2077696K) Eden: 2059776K(2059776K)->0K(2059776K) From: 1600K(19456K)->1536K(17920K)
[2327.991s][info ][gc,heap        ] GC(61) ParOldGen: 241864K(242176K)->241960K(242176K)
[2327.991s][info ][gc,metaspace   ] GC(61) Metaspace: 107212K(108288K)->107212K(108288K) NonClass: 91624K(92288K)->91624K(92288K) Class: 15588K(16000K)->15588K(16000K)
[2327.991s][info ][gc             ] GC(61) Pause Young (Allocation Failure) 2249M->237M(2265M) 2.729ms
[2327.991s][info ][gc,cpu         ] GC(61) User=0.01s Sys=0.00s Real=0.01s
[2327.991s][info ][safepoint      ] Safepoint "ParallelCollectForAllocation", Time since last: 50485908984 ns, Reaching safepoint: 7300 ns, At safepoint: 2809483 ns, Leaving safepoint: 1600 ns, Total: 2818383 ns, Threads: 0 runnable, 27 total
[2378.128s][info ][gc,start       ] GC(62) Pause Young (Allocation Failure)
[2378.131s][debug][gc,phases      ] GC(62) Scavenge 2.634ms
[2378.131s][debug][gc,ref         ] GC(62) ReferenceProcessor::execute queues: 1, RefProcThreadModel::Single, marks_oops_alive: false
[2378.131s][debug][gc,ref         ] GC(62) Skipped KeepAliveFinalRefsPhase of Reference Processing: no references
[2378.131s][debug][gc,ref         ] GC(62) Skipped PhantomRefsPhase of Reference Processing: no references
[2378.131s][debug][gc,phases      ] GC(62) Reference Processing 0.099ms
[2378.131s][debug][gc,phases      ] GC(62)   VM Weak                        Min: 0.00, Avg: 0.00, Max: 0.01, Diff: 0.01, Sum: 0.01, Workers: 4
[2378.131s][debug][gc,phases      ] GC(62)     Dead                           Min: 0, Avg:  0.0, Max: 0, Diff: 0, Sum: 0, Workers: 4
[2378.131s][debug][gc,phases      ] GC(62)     Total                          Min: 0, Avg: 198.5, Max: 794, Diff: 794, Sum: 794, Workers: 4
[2378.131s][debug][gc,phases      ] GC(62)   ObjectSynchronizer Weak        Min: 0.00, Avg: 0.00, Max: 0.00, Diff: 0.00, Sum: 0.00, Workers: 4
[2378.131s][debug][gc,phases      ] GC(62)     Dead                           Min: 0, Avg:  0.0, Max: 0, Diff: 0, Sum: 0, Workers: 4
[2378.131s][debug][gc,phases      ] GC(62)     Total                          Min: 0, Avg:  1.2, Max: 5, Diff: 5, Sum: 5, Workers: 4
[2378.131s][debug][gc,phases      ] GC(62)   JVMTI Tag Weak OopStorage      Min: 0.00, Avg: 0.00, Max: 0.00, Diff: 0.00, Sum: 0.00, Workers: 4
[2378.131s][debug][gc,phases      ] GC(62)     Dead                           Min: 0, Avg:  0.0, Max: 0, Diff: 0, Sum: 0, Workers: 4
[2378.131s][debug][gc,phases      ] GC(62)     Total                          Min: 0, Avg:  0.0, Max: 0, Diff: 0, Sum: 0, Workers: 4
[2378.131s][debug][gc,phases      ] GC(62)   StringTable Weak               Min: 0.00, Avg: 0.09, Max: 0.18, Diff: 0.18, Sum: 0.35, Workers: 4
[2378.131s][debug][gc,phases      ] GC(62)     Dead                           Min: 0, Avg:  0.0, Max: 0, Diff: 0, Sum: 0, Workers: 4
[2378.131s][debug][gc,phases      ] GC(62)     Total                          Min: 0, Avg: 12342.2, Max: 29658, Diff: 29658, Sum: 49369, Workers: 4
[2378.131s][debug][gc,phases      ] GC(62)   ResolvedMethodTable Weak       Min: 0.00, Avg: 0.03, Max: 0.06, Diff: 0.06, Sum: 0.12, Workers: 4
[2378.132s][debug][gc,phases      ] GC(62)     Dead                           Min: 0, Avg:  5.0, Max: 20, Diff: 20, Sum: 20, Workers: 4
[2378.132s][debug][gc,phases      ] GC(62)     Total                          Min: 0, Avg: 3962.5, Max: 9358, Diff: 9358, Sum: 15850, Workers: 4
[2378.132s][debug][gc,phases      ] GC(62)   JNI Weak                       Min: 0.00, Avg: 0.00, Max: 0.00, Diff: 0.00, Sum: 0.00, Workers: 4
[2378.132s][debug][gc,phases      ] GC(62)     Dead                           Min: 0, Avg:  0.0, Max: 0, Diff: 0, Sum: 0, Workers: 4
[2378.132s][debug][gc,phases      ] GC(62)     Total                          Min: 0, Avg: 13.0, Max: 48, Diff: 48, Sum: 52, Workers: 4
[2378.132s][debug][gc,phases      ] GC(62)   StringDedup Table Weak         Min: 0.00, Avg: 0.00, Max: 0.00, Diff: 0.00, Sum: 0.00, Workers: 4
[2378.132s][debug][gc,phases      ] GC(62)     Dead                           Min: 0, Avg:  0.0, Max: 0, Diff: 0, Sum: 0, Workers: 4
[2378.132s][debug][gc,phases      ] GC(62)     Total                          Min: 0, Avg:  0.0, Max: 0, Diff: 0, Sum: 0, Workers: 4
[2378.132s][debug][gc,phases      ] GC(62)   StringDedup Requests0 Weak     Min: 0.00, Avg: 0.00, Max: 0.00, Diff: 0.00, Sum: 0.00, Workers: 4
[2378.132s][debug][gc,phases      ] GC(62)     Dead                           Min: 0, Avg:  0.0, Max: 0, Diff: 0, Sum: 0, Workers: 4
[2378.132s][debug][gc,phases      ] GC(62)     Total                          Min: 0, Avg:  0.0, Max: 0, Diff: 0, Sum: 0, Workers: 4
[2378.132s][debug][gc,phases      ] GC(62)   StringDedup Requests1 Weak     Min: 0.00, Avg: 0.00, Max: 0.00, Diff: 0.00, Sum: 0.00, Workers: 4
[2378.132s][debug][gc,phases      ] GC(62)     Dead                           Min: 0, Avg:  0.0, Max: 0, Diff: 0, Sum: 0, Workers: 4
[2378.132s][debug][gc,phases      ] GC(62)     Total                          Min: 0, Avg:  0.0, Max: 0, Diff: 0, Sum: 0, Workers: 4
[2378.132s][debug][gc,phases      ] GC(62)   Weak JFR Old Object Samples    Min: 0.00, Avg: 0.00, Max: 0.00, Diff: 0.00, Sum: 0.00, Workers: 4
[2378.132s][debug][gc,phases      ] GC(62)     Dead                           Min: 0, Avg:  0.0, Max: 0, Diff: 0, Sum: 0, Workers: 4
[2378.132s][debug][gc,phases      ] GC(62)     Total                          Min: 0, Avg:  0.0, Max: 0, Diff: 0, Sum: 0, Workers: 4
[2378.132s][debug][gc,phases      ] GC(62) Weak Processing 0.474ms
[2378.132s][debug][gc,age         ] GC(62) Desired survivor size 15728640 bytes, new threshold 1 (max threshold 15)
[2378.132s][info ][gc,heap        ] GC(62) PSYoungGen: 2061312K(2077696K)->1744K(2081792K) Eden: 2059776K(2059776K)->0K(2064896K) From: 1536K(17920K)->1744K(16896K)
[2378.132s][info ][gc,heap        ] GC(62) ParOldGen: 241960K(242176K)->242056K(242176K)
[2378.132s][info ][gc,metaspace   ] GC(62) Metaspace: 107219K(108288K)->107219K(108288K) NonClass: 91631K(92288K)->91631K(92288K) Class: 15588K(16000K)->15588K(16000K)
[2378.132s][info ][gc             ] GC(62) Pause Young (Allocation Failure) 2249M->238M(2269M) 3.320ms
[2378.132s][info ][gc,cpu         ] GC(62) User=0.00s Sys=0.01s Real=0.01s
[2378.132s][info ][safepoint      ] Safepoint "ParallelCollectForAllocation", Time since last: 50136910725 ns, Reaching safepoint: 31900 ns, At safepoint: 3380980 ns, Leaving safepoint: 2000 ns, Total: 3414880 ns, Threads: 0 runnable, 27 total
[2426.495s][info ][gc,start       ] GC(63) Pause Young (Allocation Failure)
[2426.496s][debug][gc,phases      ] GC(63) Scavenge 1.397ms
[2426.496s][debug][gc,ref         ] GC(63) ReferenceProcessor::execute queues: 1, RefProcThreadModel::Single, marks_oops_alive: false
[2426.496s][debug][gc,ref         ] GC(63) Skipped KeepAliveFinalRefsPhase of Reference Processing: no references
[2426.496s][debug][gc,ref         ] GC(63) Skipped PhantomRefsPhase of Reference Processing: no references
[2426.496s][debug][gc,phases      ] GC(63) Reference Processing 0.095ms
[2426.497s][debug][gc,phases      ] GC(63)   VM Weak                        Min: 0.00, Avg: 0.00, Max: 0.01, Diff: 0.01, Sum: 0.01, Workers: 4
[2426.497s][debug][gc,phases      ] GC(63)     Dead                           Min: 0, Avg:  0.0, Max: 0, Diff: 0, Sum: 0, Workers: 4
[2426.497s][debug][gc,phases      ] GC(63)     Total                          Min: 0, Avg: 198.5, Max: 576, Diff: 576, Sum: 794, Workers: 4
[2426.497s][debug][gc,phases      ] GC(63)   ObjectSynchronizer Weak        Min: 0.00, Avg: 0.00, Max: 0.00, Diff: 0.00, Sum: 0.00, Workers: 4
[2426.497s][debug][gc,phases      ] GC(63)     Dead                           Min: 0, Avg:  0.0, Max: 0, Diff: 0, Sum: 0, Workers: 4
[2426.497s][debug][gc,phases      ] GC(63)     Total                          Min: 0, Avg:  1.2, Max: 5, Diff: 5, Sum: 5, Workers: 4
[2426.497s][debug][gc,phases      ] GC(63)   JVMTI Tag Weak OopStorage      Min: 0.00, Avg: 0.00, Max: 0.00, Diff: 0.00, Sum: 0.00, Workers: 4
[2426.497s][debug][gc,phases      ] GC(63)     Dead                           Min: 0, Avg:  0.0, Max: 0, Diff: 0, Sum: 0, Workers: 4
[2426.497s][debug][gc,phases      ] GC(63)     Total                          Min: 0, Avg:  0.0, Max: 0, Diff: 0, Sum: 0, Workers: 4
[2426.497s][debug][gc,phases      ] GC(63)   StringTable Weak               Min: 0.13, Avg: 0.13, Max: 0.13, Diff: 0.00, Sum: 0.51, Workers: 4
[2426.497s][debug][gc,phases      ] GC(63)     Dead                           Min: 0, Avg:  0.0, Max: 0, Diff: 0, Sum: 0, Workers: 4
[2426.497s][debug][gc,phases      ] GC(63)     Total                          Min: 11776, Avg: 12342.8, Max: 12863, Diff: 1087, Sum: 49371, Workers: 4
[2426.497s][debug][gc,phases      ] GC(63)   ResolvedMethodTable Weak       Min: 0.04, Avg: 0.04, Max: 0.04, Diff: 0.00, Sum: 0.15, Workers: 4
[2426.497s][debug][gc,phases      ] GC(63)     Dead                           Min: 0, Avg:  5.0, Max: 20, Diff: 20, Sum: 20, Workers: 4
[2426.497s][debug][gc,phases      ] GC(63)     Total                          Min: 3802, Avg: 3962.5, Max: 4177, Diff: 375, Sum: 15850, Workers: 4
[2426.497s][debug][gc,phases      ] GC(63)   JNI Weak                       Min: 0.00, Avg: 0.00, Max: 0.00, Diff: 0.00, Sum: 0.00, Workers: 4
[2426.497s][debug][gc,phases      ] GC(63)     Dead                           Min: 0, Avg:  0.0, Max: 0, Diff: 0, Sum: 0, Workers: 4
[2426.497s][debug][gc,phases      ] GC(63)     Total                          Min: 0, Avg: 13.0, Max: 48, Diff: 48, Sum: 52, Workers: 4
[2426.497s][debug][gc,phases      ] GC(63)   StringDedup Table Weak         Min: 0.00, Avg: 0.00, Max: 0.00, Diff: 0.00, Sum: 0.00, Workers: 4
[2426.497s][debug][gc,phases      ] GC(63)     Dead                           Min: 0, Avg:  0.0, Max: 0, Diff: 0, Sum: 0, Workers: 4
[2426.497s][debug][gc,phases      ] GC(63)     Total                          Min: 0, Avg:  0.0, Max: 0, Diff: 0, Sum: 0, Workers: 4
[2426.497s][debug][gc,phases      ] GC(63)   StringDedup Requests0 Weak     Min: 0.00, Avg: 0.00, Max: 0.00, Diff: 0.00, Sum: 0.00, Workers: 4
[2426.497s][debug][gc,phases      ] GC(63)     Dead                           Min: 0, Avg:  0.0, Max: 0, Diff: 0, Sum: 0, Workers: 4
[2426.497s][debug][gc,phases      ] GC(63)     Total                          Min: 0, Avg:  0.0, Max: 0, Diff: 0, Sum: 0, Workers: 4
[2426.497s][debug][gc,phases      ] GC(63)   StringDedup Requests1 Weak     Min: 0.00, Avg: 0.00, Max: 0.00, Diff: 0.00, Sum: 0.00, Workers: 4
[2426.497s][debug][gc,phases      ] GC(63)     Dead                           Min: 0, Avg:  0.0, Max: 0, Diff: 0, Sum: 0, Workers: 4
[2426.497s][debug][gc,phases      ] GC(63)     Total                          Min: 0, Avg:  0.0, Max: 0, Diff: 0, Sum: 0, Workers: 4
[2426.497s][debug][gc,phases      ] GC(63)   Weak JFR Old Object Samples    Min: 0.00, Avg: 0.00, Max: 0.00, Diff: 0.00, Sum: 0.00, Workers: 4
[2426.497s][debug][gc,phases      ] GC(63)     Dead                           Min: 0, Avg:  0.0, Max: 0, Diff: 0, Sum: 0, Workers: 4
[2426.497s][debug][gc,phases      ] GC(63)     Total                          Min: 0, Avg:  0.0, Max: 0, Diff: 0, Sum: 0, Workers: 4
[2426.497s][debug][gc,phases      ] GC(63) Weak Processing 0.351ms
[2426.497s][debug][gc,age         ] GC(63) Desired survivor size 14680064 bytes, new threshold 1 (max threshold 15)
[2426.497s][info ][gc,heap        ] GC(63) PSYoungGen: 2066640K(2081792K)->704K(2080256K) Eden: 2064896K(2064896K)->0K(2064896K) From: 1744K(16896K)->704K(15360K)
[2426.497s][info ][gc,heap        ] GC(63) ParOldGen: 242056K(242176K)->242968K(243200K)
[2426.497s][info ][gc,metaspace   ] GC(63) Metaspace: 107227K(108288K)->107227K(108288K) NonClass: 91638K(92288K)->91638K(92288K) Class: 15588K(16000K)->15588K(16000K)
[2426.497s][info ][gc             ] GC(63) Pause Young (Allocation Failure) 2254M->237M(2269M) 1.938ms
[2426.497s][info ][gc,cpu         ] GC(63) User=0.00s Sys=0.00s Real=0.00s
[2426.497s][info ][safepoint      ] Safepoint "ParallelCollectForAllocation", Time since last: 48363130925 ns, Reaching safepoint: 107699 ns, At safepoint: 1998889 ns, Leaving safepoint: 7700 ns, Total: 2114288 ns, Threads: 1 runnable, 33 total
[2475.848s][info ][gc,start       ] GC(64) Pause Young (Allocation Failure)
[2475.850s][debug][gc,phases      ] GC(64) Scavenge 1.610ms
[2475.850s][debug][gc,ref         ] GC(64) ReferenceProcessor::execute queues: 1, RefProcThreadModel::Single, marks_oops_alive: false
[2475.850s][debug][gc,ref         ] GC(64) Skipped KeepAliveFinalRefsPhase of Reference Processing: no references
[2475.850s][debug][gc,ref         ] GC(64) Skipped PhantomRefsPhase of Reference Processing: no references
[2475.850s][debug][gc,phases      ] GC(64) Reference Processing 0.105ms
[2475.850s][debug][gc,phases      ] GC(64)   VM Weak                        Min: 0.00, Avg: 0.00, Max: 0.01, Diff: 0.01, Sum: 0.01, Workers: 4
[2475.850s][debug][gc,phases      ] GC(64)     Dead                           Min: 0, Avg:  0.0, Max: 0, Diff: 0, Sum: 0, Workers: 4
[2475.850s][debug][gc,phases      ] GC(64)     Total                          Min: 0, Avg: 198.5, Max: 576, Diff: 576, Sum: 794, Workers: 4
[2475.850s][debug][gc,phases      ] GC(64)   ObjectSynchronizer Weak        Min: 0.00, Avg: 0.00, Max: 0.00, Diff: 0.00, Sum: 0.00, Workers: 4
[2475.850s][debug][gc,phases      ] GC(64)     Dead                           Min: 0, Avg:  0.0, Max: 0, Diff: 0, Sum: 0, Workers: 4
[2475.850s][debug][gc,phases      ] GC(64)     Total                          Min: 0, Avg:  1.2, Max: 5, Diff: 5, Sum: 5, Workers: 4
[2475.850s][debug][gc,phases      ] GC(64)   JVMTI Tag Weak OopStorage      Min: 0.00, Avg: 0.00, Max: 0.00, Diff: 0.00, Sum: 0.00, Workers: 4
[2475.850s][debug][gc,phases      ] GC(64)     Dead                           Min: 0, Avg:  0.0, Max: 0, Diff: 0, Sum: 0, Workers: 4
[2475.850s][debug][gc,phases      ] GC(64)     Total                          Min: 0, Avg:  0.0, Max: 0, Diff: 0, Sum: 0, Workers: 4
[2475.850s][debug][gc,phases      ] GC(64)   StringTable Weak               Min: 0.00, Avg: 0.09, Max: 0.12, Diff: 0.12, Sum: 0.36, Workers: 4
[2475.850s][debug][gc,phases      ] GC(64)     Dead                           Min: 0, Avg:  0.0, Max: 0, Diff: 0, Sum: 0, Workers: 4
[2475.850s][debug][gc,phases      ] GC(64)     Total                          Min: 0, Avg: 12342.8, Max: 21631, Diff: 21631, Sum: 49371, Workers: 4
[2475.850s][debug][gc,phases      ] GC(64)   ResolvedMethodTable Weak       Min: 0.00, Avg: 0.03, Max: 0.04, Diff: 0.04, Sum: 0.13, Workers: 4
[2475.850s][debug][gc,phases      ] GC(64)     Dead                           Min: 0, Avg:  5.0, Max: 20, Diff: 20, Sum: 20, Workers: 4
[2475.850s][debug][gc,phases      ] GC(64)     Total                          Min: 0, Avg: 3962.5, Max: 6741, Diff: 6741, Sum: 15850, Workers: 4
[2475.850s][debug][gc,phases      ] GC(64)   JNI Weak                       Min: 0.00, Avg: 0.00, Max: 0.00, Diff: 0.00, Sum: 0.00, Workers: 4
[2475.850s][debug][gc,phases      ] GC(64)     Dead                           Min: 0, Avg:  0.0, Max: 0, Diff: 0, Sum: 0, Workers: 4
[2475.850s][debug][gc,phases      ] GC(64)     Total                          Min: 0, Avg: 13.0, Max: 48, Diff: 48, Sum: 52, Workers: 4
[2475.850s][debug][gc,phases      ] GC(64)   StringDedup Table Weak         Min: 0.00, Avg: 0.00, Max: 0.00, Diff: 0.00, Sum: 0.00, Workers: 4
[2475.850s][debug][gc,phases      ] GC(64)     Dead                           Min: 0, Avg:  0.0, Max: 0, Diff: 0, Sum: 0, Workers: 4
[2475.850s][debug][gc,phases      ] GC(64)     Total                          Min: 0, Avg:  0.0, Max: 0, Diff: 0, Sum: 0, Workers: 4
[2475.850s][debug][gc,phases      ] GC(64)   StringDedup Requests0 Weak     Min: 0.00, Avg: 0.00, Max: 0.00, Diff: 0.00, Sum: 0.00, Workers: 4
[2475.850s][debug][gc,phases      ] GC(64)     Dead                           Min: 0, Avg:  0.0, Max: 0, Diff: 0, Sum: 0, Workers: 4
[2475.850s][debug][gc,phases      ] GC(64)     Total                          Min: 0, Avg:  0.0, Max: 0, Diff: 0, Sum: 0, Workers: 4
[2475.850s][debug][gc,phases      ] GC(64)   StringDedup Requests1 Weak     Min: 0.00, Avg: 0.00, Max: 0.00, Diff: 0.00, Sum: 0.00, Workers: 4
[2475.850s][debug][gc,phases      ] GC(64)     Dead                           Min: 0, Avg:  0.0, Max: 0, Diff: 0, Sum: 0, Workers: 4
[2475.850s][debug][gc,phases      ] GC(64)     Total                          Min: 0, Avg:  0.0, Max: 0, Diff: 0, Sum: 0, Workers: 4
[2475.850s][debug][gc,phases      ] GC(64)   Weak JFR Old Object Samples    Min: 0.00, Avg: 0.00, Max: 0.00, Diff: 0.00, Sum: 0.00, Workers: 4
[2475.850s][debug][gc,phases      ] GC(64)     Dead                           Min: 0, Avg:  0.0, Max: 0, Diff: 0, Sum: 0, Workers: 4
[2475.850s][debug][gc,phases      ] GC(64)     Total                          Min: 0, Avg:  0.0, Max: 0, Diff: 0, Sum: 0, Workers: 4
[2475.850s][debug][gc,phases      ] GC(64) Weak Processing 0.344ms
[2475.850s][debug][gc,age         ] GC(64) Desired survivor size 13631488 bytes, new threshold 1 (max threshold 15)
[2475.850s][info ][gc,heap        ] GC(64) PSYoungGen: 2065600K(2080256K)->1472K(2083840K) Eden: 2064896K(2064896K)->0K(2069504K) From: 704K(15360K)->1472K(14336K)
[2475.850s][info ][gc,heap        ] GC(64) ParOldGen: 242968K(243200K)->243072K(243200K)
[2475.850s][info ][gc,metaspace   ] GC(64) Metaspace: 107228K(108288K)->107228K(108288K) NonClass: 91640K(92288K)->91640K(92288K) Class: 15588K(16000K)->15588K(16000K)
[2475.850s][info ][gc             ] GC(64) Pause Young (Allocation Failure) 2254M->238M(2272M) 2.178ms
[2475.850s][info ][gc,cpu         ] GC(64) User=0.00s Sys=0.01s Real=0.01s
[2475.850s][info ][safepoint      ] Safepoint "ParallelCollectForAllocation", Time since last: 49351151703 ns, Reaching safepoint: 4800 ns, At safepoint: 2235187 ns, Leaving safepoint: 2500 ns, Total: 2242487 ns, Threads: 0 runnable, 27 total
[2525.000s][info ][gc,start       ] GC(65) Pause Young (Allocation Failure)
[2525.001s][debug][gc,phases      ] GC(65) Scavenge 1.224ms
[2525.001s][debug][gc,ref         ] GC(65) ReferenceProcessor::execute queues: 1, RefProcThreadModel::Single, marks_oops_alive: false
[2525.001s][debug][gc,ref         ] GC(65) Skipped KeepAliveFinalRefsPhase of Reference Processing: no references
[2525.001s][debug][gc,ref         ] GC(65) Skipped PhantomRefsPhase of Reference Processing: no references
[2525.001s][debug][gc,phases      ] GC(65) Reference Processing 0.097ms
[2525.002s][debug][gc,phases      ] GC(65)   VM Weak                        Min: 0.00, Avg: 0.00, Max: 0.01, Diff: 0.01, Sum: 0.01, Workers: 4
[2525.002s][debug][gc,phases      ] GC(65)     Dead                           Min: 0, Avg:  0.0, Max: 0, Diff: 0, Sum: 0, Workers: 4
[2525.002s][debug][gc,phases      ] GC(65)     Total                          Min: 0, Avg: 198.5, Max: 576, Diff: 576, Sum: 794, Workers: 4
[2525.002s][debug][gc,phases      ] GC(65)   ObjectSynchronizer Weak        Min: 0.00, Avg: 0.00, Max: 0.00, Diff: 0.00, Sum: 0.00, Workers: 4
[2525.002s][debug][gc,phases      ] GC(65)     Dead                           Min: 0, Avg:  0.0, Max: 0, Diff: 0, Sum: 0, Workers: 4
[2525.002s][debug][gc,phases      ] GC(65)     Total                          Min: 0, Avg:  1.2, Max: 5, Diff: 5, Sum: 5, Workers: 4
[2525.002s][debug][gc,phases      ] GC(65)   JVMTI Tag Weak OopStorage      Min: 0.00, Avg: 0.00, Max: 0.00, Diff: 0.00, Sum: 0.00, Workers: 4
[2525.002s][debug][gc,phases      ] GC(65)     Dead                           Min: 0, Avg:  0.0, Max: 0, Diff: 0, Sum: 0, Workers: 4
[2525.002s][debug][gc,phases      ] GC(65)     Total                          Min: 0, Avg:  0.0, Max: 0, Diff: 0, Sum: 0, Workers: 4
[2525.002s][debug][gc,phases      ] GC(65)   StringTable Weak               Min: 0.00, Avg: 0.09, Max: 0.12, Diff: 0.12, Sum: 0.36, Workers: 4
[2525.002s][debug][gc,phases      ] GC(65)     Dead                           Min: 0, Avg:  0.0, Max: 0, Diff: 0, Sum: 0, Workers: 4
[2525.002s][debug][gc,phases      ] GC(65)     Total                          Min: 0, Avg: 12343.5, Max: 20927, Diff: 20927, Sum: 49374, Workers: 4
[2525.002s][debug][gc,phases      ] GC(65)   ResolvedMethodTable Weak       Min: 0.00, Avg: 0.03, Max: 0.04, Diff: 0.04, Sum: 0.12, Workers: 4
[2525.002s][debug][gc,phases      ] GC(65)     Dead                           Min: 0, Avg:  5.0, Max: 20, Diff: 20, Sum: 20, Workers: 4
[2525.002s][debug][gc,phases      ] GC(65)     Total                          Min: 0, Avg: 3962.5, Max: 6679, Diff: 6679, Sum: 15850, Workers: 4
[2525.002s][debug][gc,phases      ] GC(65)   JNI Weak                       Min: 0.00, Avg: 0.00, Max: 0.00, Diff: 0.00, Sum: 0.00, Workers: 4
[2525.002s][debug][gc,phases      ] GC(65)     Dead                           Min: 0, Avg:  0.0, Max: 0, Diff: 0, Sum: 0, Workers: 4
[2525.002s][debug][gc,phases      ] GC(65)     Total                          Min: 0, Avg: 13.0, Max: 48, Diff: 48, Sum: 52, Workers: 4
[2525.002s][debug][gc,phases      ] GC(65)   StringDedup Table Weak         Min: 0.00, Avg: 0.00, Max: 0.00, Diff: 0.00, Sum: 0.00, Workers: 4
[2525.002s][debug][gc,phases      ] GC(65)     Dead                           Min: 0, Avg:  0.0, Max: 0, Diff: 0, Sum: 0, Workers: 4
[2525.002s][debug][gc,phases      ] GC(65)     Total                          Min: 0, Avg:  0.0, Max: 0, Diff: 0, Sum: 0, Workers: 4
[2525.002s][debug][gc,phases      ] GC(65)   StringDedup Requests0 Weak     Min: 0.00, Avg: 0.00, Max: 0.00, Diff: 0.00, Sum: 0.00, Workers: 4
[2525.002s][debug][gc,phases      ] GC(65)     Dead                           Min: 0, Avg:  0.0, Max: 0, Diff: 0, Sum: 0, Workers: 4
[2525.002s][debug][gc,phases      ] GC(65)     Total                          Min: 0, Avg:  0.0, Max: 0, Diff: 0, Sum: 0, Workers: 4
[2525.002s][debug][gc,phases      ] GC(65)   StringDedup Requests1 Weak     Min: 0.00, Avg: 0.00, Max: 0.00, Diff: 0.00, Sum: 0.00, Workers: 4
[2525.002s][debug][gc,phases      ] GC(65)     Dead                           Min: 0, Avg:  0.0, Max: 0, Diff: 0, Sum: 0, Workers: 4
[2525.002s][debug][gc,phases      ] GC(65)     Total                          Min: 0, Avg:  0.0, Max: 0, Diff: 0, Sum: 0, Workers: 4
[2525.002s][debug][gc,phases      ] GC(65)   Weak JFR Old Object Samples    Min: 0.00, Avg: 0.00, Max: 0.00, Diff: 0.00, Sum: 0.00, Workers: 4
[2525.002s][debug][gc,phases      ] GC(65)     Dead                           Min: 0, Avg:  0.0, Max: 0, Diff: 0, Sum: 0, Workers: 4
[2525.002s][debug][gc,phases      ] GC(65)     Total                          Min: 0, Avg:  0.0, Max: 0, Diff: 0, Sum: 0, Workers: 4
[2525.002s][debug][gc,phases      ] GC(65) Weak Processing 0.379ms
[2525.002s][debug][gc,age         ] GC(65) Desired survivor size 12582912 bytes, new threshold 1 (max threshold 15)
[2525.002s][info ][gc,heap        ] GC(65) PSYoungGen: 2070976K(2083840K)->1632K(2082816K) Eden: 2069504K(2069504K)->0K(2069504K) From: 1472K(14336K)->1632K(13312K)
[2525.002s][info ][gc,heap        ] GC(65) ParOldGen: 243072K(243200K)->243144K(243200K)
[2525.002s][info ][gc,metaspace   ] GC(65) Metaspace: 107249K(108288K)->107249K(108288K) NonClass: 91660K(92288K)->91660K(92288K) Class: 15588K(16000K)->15588K(16000K)
[2525.002s][info ][gc             ] GC(65) Pause Young (Allocation Failure) 2259M->239M(2271M) 1.812ms
[2525.002s][info ][gc,cpu         ] GC(65) User=0.01s Sys=0.00s Real=0.00s
[2525.002s][info ][safepoint      ] Safepoint "ParallelCollectForAllocation", Time since last: 49149554373 ns, Reaching safepoint: 5800 ns, At safepoint: 1869888 ns, Leaving safepoint: 1700 ns, Total: 1877388 ns, Threads: 0 runnable, 29 total
[2575.345s][info ][gc,start       ] GC(66) Pause Young (Allocation Failure)
[2575.348s][debug][gc,phases      ] GC(66) Scavenge 2.371ms
[2575.348s][debug][gc,ref         ] GC(66) ReferenceProcessor::execute queues: 1, RefProcThreadModel::Single, marks_oops_alive: false
[2575.348s][debug][gc,ref         ] GC(66) Skipped KeepAliveFinalRefsPhase of Reference Processing: no references
[2575.348s][debug][gc,ref         ] GC(66) Skipped PhantomRefsPhase of Reference Processing: no references
[2575.348s][debug][gc,phases      ] GC(66) Reference Processing 0.117ms
[2575.348s][debug][gc,phases      ] GC(66)   VM Weak                        Min: 0.00, Avg: 0.00, Max: 0.01, Diff: 0.00, Sum: 0.01, Workers: 4
[2575.348s][debug][gc,phases      ] GC(66)     Dead                           Min: 0, Avg:  0.0, Max: 0, Diff: 0, Sum: 0, Workers: 4
[2575.348s][debug][gc,phases      ] GC(66)     Total                          Min: 0, Avg: 198.5, Max: 512, Diff: 512, Sum: 794, Workers: 4
[2575.348s][debug][gc,phases      ] GC(66)   ObjectSynchronizer Weak        Min: 0.00, Avg: 0.00, Max: 0.00, Diff: 0.00, Sum: 0.00, Workers: 4
[2575.348s][debug][gc,phases      ] GC(66)     Dead                           Min: 0, Avg:  0.0, Max: 0, Diff: 0, Sum: 0, Workers: 4
[2575.348s][debug][gc,phases      ] GC(66)     Total                          Min: 0, Avg:  1.2, Max: 5, Diff: 5, Sum: 5, Workers: 4
[2575.348s][debug][gc,phases      ] GC(66)   JVMTI Tag Weak OopStorage      Min: 0.00, Avg: 0.00, Max: 0.00, Diff: 0.00, Sum: 0.00, Workers: 4
[2575.348s][debug][gc,phases      ] GC(66)     Dead                           Min: 0, Avg:  0.0, Max: 0, Diff: 0, Sum: 0, Workers: 4
[2575.348s][debug][gc,phases      ] GC(66)     Total                          Min: 0, Avg:  0.0, Max: 0, Diff: 0, Sum: 0, Workers: 4
[2575.348s][debug][gc,phases      ] GC(66)   StringTable Weak               Min: 0.00, Avg: 0.10, Max: 0.14, Diff: 0.14, Sum: 0.41, Workers: 4
[2575.348s][debug][gc,phases      ] GC(66)     Dead                           Min: 0, Avg:  0.0, Max: 0, Diff: 0, Sum: 0, Workers: 4
[2575.348s][debug][gc,phases      ] GC(66)     Total                          Min: 0, Avg: 12343.5, Max: 17311, Diff: 17311, Sum: 49374, Workers: 4
[2575.348s][debug][gc,phases      ] GC(66)   ResolvedMethodTable Weak       Min: 0.00, Avg: 0.03, Max: 0.05, Diff: 0.05, Sum: 0.14, Workers: 4
[2575.348s][debug][gc,phases      ] GC(66)     Dead                           Min: 0, Avg:  5.0, Max: 20, Diff: 20, Sum: 20, Workers: 4
[2575.348s][debug][gc,phases      ] GC(66)     Total                          Min: 0, Avg: 3962.5, Max: 5707, Diff: 5707, Sum: 15850, Workers: 4
[2575.348s][debug][gc,phases      ] GC(66)   JNI Weak                       Min: 0.00, Avg: 0.00, Max: 0.00, Diff: 0.00, Sum: 0.00, Workers: 4
[2575.348s][debug][gc,phases      ] GC(66)     Dead                           Min: 0, Avg:  0.0, Max: 0, Diff: 0, Sum: 0, Workers: 4
[2575.348s][debug][gc,phases      ] GC(66)     Total                          Min: 0, Avg: 13.0, Max: 48, Diff: 48, Sum: 52, Workers: 4
[2575.348s][debug][gc,phases      ] GC(66)   StringDedup Table Weak         Min: 0.00, Avg: 0.00, Max: 0.00, Diff: 0.00, Sum: 0.00, Workers: 4
[2575.348s][debug][gc,phases      ] GC(66)     Dead                           Min: 0, Avg:  0.0, Max: 0, Diff: 0, Sum: 0, Workers: 4
[2575.348s][debug][gc,phases      ] GC(66)     Total                          Min: 0, Avg:  0.0, Max: 0, Diff: 0, Sum: 0, Workers: 4
[2575.348s][debug][gc,phases      ] GC(66)   StringDedup Requests0 Weak     Min: 0.00, Avg: 0.00, Max: 0.00, Diff: 0.00, Sum: 0.00, Workers: 4
[2575.348s][debug][gc,phases      ] GC(66)     Dead                           Min: 0, Avg:  0.0, Max: 0, Diff: 0, Sum: 0, Workers: 4
[2575.348s][debug][gc,phases      ] GC(66)     Total                          Min: 0, Avg:  0.0, Max: 0, Diff: 0, Sum: 0, Workers: 4
[2575.348s][debug][gc,phases      ] GC(66)   StringDedup Requests1 Weak     Min: 0.00, Avg: 0.00, Max: 0.00, Diff: 0.00, Sum: 0.00, Workers: 4
[2575.348s][debug][gc,phases      ] GC(66)     Dead                           Min: 0, Avg:  0.0, Max: 0, Diff: 0, Sum: 0, Workers: 4
[2575.348s][debug][gc,phases      ] GC(66)     Total                          Min: 0, Avg:  0.0, Max: 0, Diff: 0, Sum: 0, Workers: 4
[2575.348s][debug][gc,phases      ] GC(66)   Weak JFR Old Object Samples    Min: 0.00, Avg: 0.00, Max: 0.00, Diff: 0.00, Sum: 0.00, Workers: 4
[2575.348s][debug][gc,phases      ] GC(66)     Dead                           Min: 0, Avg:  0.0, Max: 0, Diff: 0, Sum: 0, Workers: 4
[2575.348s][debug][gc,phases      ] GC(66)     Total                          Min: 0, Avg:  0.0, Max: 0, Diff: 0, Sum: 0, Workers: 4
[2575.348s][debug][gc,phases      ] GC(66) Weak Processing 0.360ms
[2575.348s][debug][gc,age         ] GC(66) Desired survivor size 11534336 bytes, new threshold 1 (max threshold 15)
[2575.348s][info ][gc,heap        ] GC(66) PSYoungGen: 2071136K(2082816K)->1408K(2085888K) Eden: 2069504K(2069504K)->0K(2073600K) From: 1632K(13312K)->1408K(12288K)
[2575.348s][info ][gc,heap        ] GC(66) ParOldGen: 243144K(243200K)->243268K(243712K)
[2575.348s][info ][gc,metaspace   ] GC(66) Metaspace: 107268K(108288K)->107268K(108288K) NonClass: 91680K(92288K)->91680K(92288K) Class: 15588K(16000K)->15588K(16000K)
[2575.348s][info ][gc             ] GC(66) Pause Young (Allocation Failure) 2260M->238M(2275M) 2.957ms
[2575.348s][info ][gc,cpu         ] GC(66) User=0.01s Sys=0.00s Real=0.00s
[2575.348s][info ][safepoint      ] Safepoint "ParallelCollectForAllocation", Time since last: 50343204069 ns, Reaching safepoint: 111299 ns, At safepoint: 3020982 ns, Leaving safepoint: 8000 ns, Total: 3140281 ns, Threads: 1 runnable, 29 total
[2625.446s][info ][gc,start       ] GC(67) Pause Young (Allocation Failure)
[2625.448s][debug][gc,phases      ] GC(67) Scavenge 1.302ms
[2625.448s][debug][gc,ref         ] GC(67) ReferenceProcessor::execute queues: 1, RefProcThreadModel::Single, marks_oops_alive: false
[2625.448s][debug][gc,ref         ] GC(67) Skipped KeepAliveFinalRefsPhase of Reference Processing: no references
[2625.448s][debug][gc,ref         ] GC(67) Skipped PhantomRefsPhase of Reference Processing: no references
[2625.448s][debug][gc,phases      ] GC(67) Reference Processing 0.095ms
[2625.448s][debug][gc,phases      ] GC(67)   VM Weak                        Min: 0.00, Avg: 0.00, Max: 0.01, Diff: 0.01, Sum: 0.01, Workers: 4
[2625.448s][debug][gc,phases      ] GC(67)     Dead                           Min: 0, Avg:  0.0, Max: 0, Diff: 0, Sum: 0, Workers: 4
[2625.448s][debug][gc,phases      ] GC(67)     Total                          Min: 0, Avg: 198.5, Max: 768, Diff: 768, Sum: 794, Workers: 4
[2625.448s][debug][gc,phases      ] GC(67)   ObjectSynchronizer Weak        Min: 0.00, Avg: 0.00, Max: 0.00, Diff: 0.00, Sum: 0.00, Workers: 4
[2625.448s][debug][gc,phases      ] GC(67)     Dead                           Min: 0, Avg:  0.0, Max: 0, Diff: 0, Sum: 0, Workers: 4
[2625.448s][debug][gc,phases      ] GC(67)     Total                          Min: 0, Avg:  1.2, Max: 5, Diff: 5, Sum: 5, Workers: 4
[2625.448s][debug][gc,phases      ] GC(67)   JVMTI Tag Weak OopStorage      Min: 0.00, Avg: 0.00, Max: 0.00, Diff: 0.00, Sum: 0.00, Workers: 4
[2625.448s][debug][gc,phases      ] GC(67)     Dead                           Min: 0, Avg:  0.0, Max: 0, Diff: 0, Sum: 0, Workers: 4
[2625.448s][debug][gc,phases      ] GC(67)     Total                          Min: 0, Avg:  0.0, Max: 0, Diff: 0, Sum: 0, Workers: 4
[2625.448s][debug][gc,phases      ] GC(67)   StringTable Weak               Min: 0.00, Avg: 0.09, Max: 0.12, Diff: 0.12, Sum: 0.36, Workers: 4
[2625.448s][debug][gc,phases      ] GC(67)     Dead                           Min: 0, Avg:  0.0, Max: 0, Diff: 0, Sum: 0, Workers: 4
[2625.448s][debug][gc,phases      ] GC(67)     Total                          Min: 0, Avg: 12343.8, Max: 20896, Diff: 20896, Sum: 49375, Workers: 4
[2625.448s][debug][gc,phases      ] GC(67)   ResolvedMethodTable Weak       Min: 0.00, Avg: 0.03, Max: 0.04, Diff: 0.04, Sum: 0.12, Workers: 4
[2625.448s][debug][gc,phases      ] GC(67)     Dead                           Min: 0, Avg:  5.0, Max: 20, Diff: 20, Sum: 20, Workers: 4
[2625.448s][debug][gc,phases      ] GC(67)     Total                          Min: 0, Avg: 3962.5, Max: 6496, Diff: 6496, Sum: 15850, Workers: 4
[2625.448s][debug][gc,phases      ] GC(67)   JNI Weak                       Min: 0.00, Avg: 0.00, Max: 0.00, Diff: 0.00, Sum: 0.00, Workers: 4
[2625.448s][debug][gc,phases      ] GC(67)     Dead                           Min: 0, Avg:  0.0, Max: 0, Diff: 0, Sum: 0, Workers: 4
[2625.448s][debug][gc,phases      ] GC(67)     Total                          Min: 0, Avg: 13.0, Max: 48, Diff: 48, Sum: 52, Workers: 4
[2625.448s][debug][gc,phases      ] GC(67)   StringDedup Table Weak         Min: 0.00, Avg: 0.00, Max: 0.00, Diff: 0.00, Sum: 0.00, Workers: 4
[2625.448s][debug][gc,phases      ] GC(67)     Dead                           Min: 0, Avg:  0.0, Max: 0, Diff: 0, Sum: 0, Workers: 4
[2625.448s][debug][gc,phases      ] GC(67)     Total                          Min: 0, Avg:  0.0, Max: 0, Diff: 0, Sum: 0, Workers: 4
[2625.448s][debug][gc,phases      ] GC(67)   StringDedup Requests0 Weak     Min: 0.00, Avg: 0.00, Max: 0.00, Diff: 0.00, Sum: 0.00, Workers: 4
[2625.448s][debug][gc,phases      ] GC(67)     Dead                           Min: 0, Avg:  0.0, Max: 0, Diff: 0, Sum: 0, Workers: 4
[2625.448s][debug][gc,phases      ] GC(67)     Total                          Min: 0, Avg:  0.0, Max: 0, Diff: 0, Sum: 0, Workers: 4
[2625.448s][debug][gc,phases      ] GC(67)   StringDedup Requests1 Weak     Min: 0.00, Avg: 0.00, Max: 0.00, Diff: 0.00, Sum: 0.00, Workers: 4
[2625.448s][debug][gc,phases      ] GC(67)     Dead                           Min: 0, Avg:  0.0, Max: 0, Diff: 0, Sum: 0, Workers: 4
[2625.448s][debug][gc,phases      ] GC(67)     Total                          Min: 0, Avg:  0.0, Max: 0, Diff: 0, Sum: 0, Workers: 4
[2625.448s][debug][gc,phases      ] GC(67)   Weak JFR Old Object Samples    Min: 0.00, Avg: 0.00, Max: 0.00, Diff: 0.00, Sum: 0.00, Workers: 4
[2625.448s][debug][gc,phases      ] GC(67)     Dead                           Min: 0, Avg:  0.0, Max: 0, Diff: 0, Sum: 0, Workers: 4
[2625.448s][debug][gc,phases      ] GC(67)     Total                          Min: 0, Avg:  0.0, Max: 0, Diff: 0, Sum: 0, Workers: 4
[2625.448s][debug][gc,phases      ] GC(67) Weak Processing 0.372ms
[2625.448s][debug][gc,age         ] GC(67) Desired survivor size 11010048 bytes, new threshold 1 (max threshold 15)
[2625.448s][info ][gc,heap        ] GC(67) PSYoungGen: 2075008K(2085888K)->1664K(2084864K) Eden: 2073600K(2073600K)->0K(2073600K) From: 1408K(12288K)->1664K(11264K)
[2625.448s][info ][gc,heap        ] GC(67) ParOldGen: 243268K(243712K)->243312K(243712K)
[2625.448s][info ][gc,metaspace   ] GC(67) Metaspace: 107269K(108288K)->107269K(108288K) NonClass: 91681K(92288K)->91681K(92288K) Class: 15588K(16000K)->15588K(16000K)
[2625.448s][info ][gc             ] GC(67) Pause Young (Allocation Failure) 2263M->239M(2274M) 1.880ms
[2625.448s][info ][gc,cpu         ] GC(67) User=0.01s Sys=0.00s Real=0.00s
[2625.448s][info ][safepoint      ] Safepoint "ParallelCollectForAllocation", Time since last: 50098298211 ns, Reaching safepoint: 26300 ns, At safepoint: 1939288 ns, Leaving safepoint: 3000 ns, Total: 1968588 ns, Threads: 0 runnable, 28 total
[2676.070s][info ][gc,start       ] GC(68) Pause Young (Allocation Failure)
[2676.072s][debug][gc,phases      ] GC(68) Scavenge 1.636ms
[2676.072s][debug][gc,ref         ] GC(68) ReferenceProcessor::execute queues: 1, RefProcThreadModel::Single, marks_oops_alive: false
[2676.072s][debug][gc,ref         ] GC(68) Skipped KeepAliveFinalRefsPhase of Reference Processing: no references
[2676.072s][debug][gc,ref         ] GC(68) Skipped PhantomRefsPhase of Reference Processing: no references
[2676.072s][debug][gc,phases      ] GC(68) Reference Processing 0.105ms
[2676.072s][debug][gc,phases      ] GC(68)   VM Weak                        Min: 0.00, Avg: 0.00, Max: 0.01, Diff: 0.01, Sum: 0.01, Workers: 4
[2676.072s][debug][gc,phases      ] GC(68)     Dead                           Min: 0, Avg:  0.0, Max: 0, Diff: 0, Sum: 0, Workers: 4
[2676.072s][debug][gc,phases      ] GC(68)     Total                          Min: 0, Avg: 198.5, Max: 794, Diff: 794, Sum: 794, Workers: 4
[2676.072s][debug][gc,phases      ] GC(68)   ObjectSynchronizer Weak        Min: 0.00, Avg: 0.00, Max: 0.00, Diff: 0.00, Sum: 0.00, Workers: 4
[2676.072s][debug][gc,phases      ] GC(68)     Dead                           Min: 0, Avg:  0.0, Max: 0, Diff: 0, Sum: 0, Workers: 4
[2676.072s][debug][gc,phases      ] GC(68)     Total                          Min: 0, Avg:  1.2, Max: 5, Diff: 5, Sum: 5, Workers: 4
[2676.072s][debug][gc,phases      ] GC(68)   JVMTI Tag Weak OopStorage      Min: 0.00, Avg: 0.00, Max: 0.00, Diff: 0.00, Sum: 0.00, Workers: 4
[2676.072s][debug][gc,phases      ] GC(68)     Dead                           Min: 0, Avg:  0.0, Max: 0, Diff: 0, Sum: 0, Workers: 4
[2676.072s][debug][gc,phases      ] GC(68)     Total                          Min: 0, Avg:  0.0, Max: 0, Diff: 0, Sum: 0, Workers: 4
[2676.072s][debug][gc,phases      ] GC(68)   StringTable Weak               Min: 0.00, Avg: 0.09, Max: 0.13, Diff: 0.13, Sum: 0.35, Workers: 4
[2676.072s][debug][gc,phases      ] GC(68)     Dead                           Min: 0, Avg:  0.0, Max: 0, Diff: 0, Sum: 0, Workers: 4
[2676.072s][debug][gc,phases      ] GC(68)     Total                          Min: 0, Avg: 12344.0, Max: 23137, Diff: 23137, Sum: 49376, Workers: 4
[2676.072s][debug][gc,phases      ] GC(68)   ResolvedMethodTable Weak       Min: 0.00, Avg: 0.03, Max: 0.04, Diff: 0.04, Sum: 0.13, Workers: 4
[2676.072s][debug][gc,phases      ] GC(68)     Dead                           Min: 0, Avg:  5.0, Max: 20, Diff: 20, Sum: 20, Workers: 4
[2676.072s][debug][gc,phases      ] GC(68)     Total                          Min: 0, Avg: 3962.5, Max: 6555, Diff: 6555, Sum: 15850, Workers: 4
[2676.072s][debug][gc,phases      ] GC(68)   JNI Weak                       Min: 0.00, Avg: 0.00, Max: 0.00, Diff: 0.00, Sum: 0.00, Workers: 4
[2676.072s][debug][gc,phases      ] GC(68)     Dead                           Min: 0, Avg:  0.0, Max: 0, Diff: 0, Sum: 0, Workers: 4
[2676.072s][debug][gc,phases      ] GC(68)     Total                          Min: 0, Avg: 13.0, Max: 48, Diff: 48, Sum: 52, Workers: 4
[2676.072s][debug][gc,phases      ] GC(68)   StringDedup Table Weak         Min: 0.00, Avg: 0.00, Max: 0.00, Diff: 0.00, Sum: 0.00, Workers: 4
[2676.072s][debug][gc,phases      ] GC(68)     Dead                           Min: 0, Avg:  0.0, Max: 0, Diff: 0, Sum: 0, Workers: 4
[2676.072s][debug][gc,phases      ] GC(68)     Total                          Min: 0, Avg:  0.0, Max: 0, Diff: 0, Sum: 0, Workers: 4
[2676.072s][debug][gc,phases      ] GC(68)   StringDedup Requests0 Weak     Min: 0.00, Avg: 0.00, Max: 0.00, Diff: 0.00, Sum: 0.00, Workers: 4
[2676.072s][debug][gc,phases      ] GC(68)     Dead                           Min: 0, Avg:  0.0, Max: 0, Diff: 0, Sum: 0, Workers: 4
[2676.072s][debug][gc,phases      ] GC(68)     Total                          Min: 0, Avg:  0.0, Max: 0, Diff: 0, Sum: 0, Workers: 4
[2676.072s][debug][gc,phases      ] GC(68)   StringDedup Requests1 Weak     Min: 0.00, Avg: 0.00, Max: 0.00, Diff: 0.00, Sum: 0.00, Workers: 4
[2676.072s][debug][gc,phases      ] GC(68)     Dead                           Min: 0, Avg:  0.0, Max: 0, Diff: 0, Sum: 0, Workers: 4
[2676.072s][debug][gc,phases      ] GC(68)     Total                          Min: 0, Avg:  0.0, Max: 0, Diff: 0, Sum: 0, Workers: 4
[2676.072s][debug][gc,phases      ] GC(68)   Weak JFR Old Object Samples    Min: 0.00, Avg: 0.00, Max: 0.00, Diff: 0.00, Sum: 0.00, Workers: 4
[2676.072s][debug][gc,phases      ] GC(68)     Dead                           Min: 0, Avg:  0.0, Max: 0, Diff: 0, Sum: 0, Workers: 4
[2676.072s][debug][gc,phases      ] GC(68)     Total                          Min: 0, Avg:  0.0, Max: 0, Diff: 0, Sum: 0, Workers: 4
[2676.072s][debug][gc,phases      ] GC(68) Weak Processing 0.367ms
[2676.072s][debug][gc,age         ] GC(68) Desired survivor size 9961472 bytes, new threshold 1 (max threshold 15)
[2676.072s][info ][gc,heap        ] GC(68) PSYoungGen: 2075264K(2084864K)->1552K(2087424K) Eden: 2073600K(2073600K)->0K(2076672K) From: 1664K(11264K)->1552K(10752K)
[2676.072s][info ][gc,heap        ] GC(68) ParOldGen: 243312K(243712K)->243536K(243712K)
[2676.072s][info ][gc,metaspace   ] GC(68) Metaspace: 107275K(108288K)->107275K(108288K) NonClass: 91686K(92288K)->91686K(92288K) Class: 15588K(16000K)->15588K(16000K)
[2676.072s][info ][gc             ] GC(68) Pause Young (Allocation Failure) 2264M->239M(2276M) 2.224ms
[2676.072s][info ][gc,cpu         ] GC(68) User=0.01s Sys=0.00s Real=0.00s
[2676.072s][info ][safepoint      ] Safepoint "ParallelCollectForAllocation", Time since last: 50621702640 ns, Reaching safepoint: 4400 ns, At safepoint: 2292086 ns, Leaving safepoint: 2300 ns, Total: 2298786 ns, Threads: 0 runnable, 28 total
[2727.081s][info ][gc,start       ] GC(69) Pause Young (Allocation Failure)
[2727.084s][debug][gc,phases      ] GC(69) Scavenge 2.808ms
[2727.084s][debug][gc,ref         ] GC(69) ReferenceProcessor::execute queues: 1, RefProcThreadModel::Single, marks_oops_alive: false
[2727.084s][debug][gc,ref         ] GC(69) Skipped KeepAliveFinalRefsPhase of Reference Processing: no references
[2727.084s][debug][gc,ref         ] GC(69) Skipped PhantomRefsPhase of Reference Processing: no references
[2727.084s][debug][gc,phases      ] GC(69) Reference Processing 0.122ms
[2727.085s][debug][gc,phases      ] GC(69)   VM Weak                        Min: 0.00, Avg: 0.00, Max: 0.01, Diff: 0.01, Sum: 0.01, Workers: 4
[2727.085s][debug][gc,phases      ] GC(69)     Dead                           Min: 0, Avg:  0.0, Max: 0, Diff: 0, Sum: 0, Workers: 4
[2727.085s][debug][gc,phases      ] GC(69)     Total                          Min: 0, Avg: 198.5, Max: 794, Diff: 794, Sum: 794, Workers: 4
[2727.085s][debug][gc,phases      ] GC(69)   ObjectSynchronizer Weak        Min: 0.00, Avg: 0.00, Max: 0.00, Diff: 0.00, Sum: 0.00, Workers: 4
[2727.085s][debug][gc,phases      ] GC(69)     Dead                           Min: 0, Avg:  0.0, Max: 0, Diff: 0, Sum: 0, Workers: 4
[2727.085s][debug][gc,phases      ] GC(69)     Total                          Min: 0, Avg:  1.2, Max: 5, Diff: 5, Sum: 5, Workers: 4
[2727.085s][debug][gc,phases      ] GC(69)   JVMTI Tag Weak OopStorage      Min: 0.00, Avg: 0.00, Max: 0.00, Diff: 0.00, Sum: 0.00, Workers: 4
[2727.085s][debug][gc,phases      ] GC(69)     Dead                           Min: 0, Avg:  0.0, Max: 0, Diff: 0, Sum: 0, Workers: 4
[2727.085s][debug][gc,phases      ] GC(69)     Total                          Min: 0, Avg:  0.0, Max: 0, Diff: 0, Sum: 0, Workers: 4
[2727.085s][debug][gc,phases      ] GC(69)   StringTable Weak               Min: 0.00, Avg: 0.11, Max: 0.23, Diff: 0.23, Sum: 0.45, Workers: 4
[2727.085s][debug][gc,phases      ] GC(69)     Dead                           Min: 0, Avg:  0.0, Max: 0, Diff: 0, Sum: 0, Workers: 4
[2727.085s][debug][gc,phases      ] GC(69)     Total                          Min: 0, Avg: 12347.5, Max: 24879, Diff: 24879, Sum: 49390, Workers: 4
[2727.085s][debug][gc,phases      ] GC(69)   ResolvedMethodTable Weak       Min: 0.00, Avg: 0.03, Max: 0.07, Diff: 0.07, Sum: 0.14, Workers: 4
[2727.085s][debug][gc,phases      ] GC(69)     Dead                           Min: 0, Avg:  5.0, Max: 20, Diff: 20, Sum: 20, Workers: 4
[2727.085s][debug][gc,phases      ] GC(69)     Total                          Min: 0, Avg: 3962.5, Max: 7939, Diff: 7939, Sum: 15850, Workers: 4
[2727.085s][debug][gc,phases      ] GC(69)   JNI Weak                       Min: 0.00, Avg: 0.00, Max: 0.00, Diff: 0.00, Sum: 0.00, Workers: 4
[2727.085s][debug][gc,phases      ] GC(69)     Dead                           Min: 0, Avg:  0.0, Max: 0, Diff: 0, Sum: 0, Workers: 4
[2727.085s][debug][gc,phases      ] GC(69)     Total                          Min: 0, Avg: 13.0, Max: 48, Diff: 48, Sum: 52, Workers: 4
[2727.085s][debug][gc,phases      ] GC(69)   StringDedup Table Weak         Min: 0.00, Avg: 0.00, Max: 0.00, Diff: 0.00, Sum: 0.00, Workers: 4
[2727.085s][debug][gc,phases      ] GC(69)     Dead                           Min: 0, Avg:  0.0, Max: 0, Diff: 0, Sum: 0, Workers: 4
[2727.085s][debug][gc,phases      ] GC(69)     Total                          Min: 0, Avg:  0.0, Max: 0, Diff: 0, Sum: 0, Workers: 4
[2727.085s][debug][gc,phases      ] GC(69)   StringDedup Requests0 Weak     Min: 0.00, Avg: 0.00, Max: 0.00, Diff: 0.00, Sum: 0.00, Workers: 4
[2727.085s][debug][gc,phases      ] GC(69)     Dead                           Min: 0, Avg:  0.0, Max: 0, Diff: 0, Sum: 0, Workers: 4
[2727.085s][debug][gc,phases      ] GC(69)     Total                          Min: 0, Avg:  0.0, Max: 0, Diff: 0, Sum: 0, Workers: 4
[2727.085s][debug][gc,phases      ] GC(69)   StringDedup Requests1 Weak     Min: 0.00, Avg: 0.00, Max: 0.00, Diff: 0.00, Sum: 0.00, Workers: 4
[2727.085s][debug][gc,phases      ] GC(69)     Dead                           Min: 0, Avg:  0.0, Max: 0, Diff: 0, Sum: 0, Workers: 4
[2727.085s][debug][gc,phases      ] GC(69)     Total                          Min: 0, Avg:  0.0, Max: 0, Diff: 0, Sum: 0, Workers: 4
[2727.085s][debug][gc,phases      ] GC(69)   Weak JFR Old Object Samples    Min: 0.00, Avg: 0.00, Max: 0.00, Diff: 0.00, Sum: 0.00, Workers: 4
[2727.085s][debug][gc,phases      ] GC(69)     Dead                           Min: 0, Avg:  0.0, Max: 0, Diff: 0, Sum: 0, Workers: 4
[2727.085s][debug][gc,phases      ] GC(69)     Total                          Min: 0, Avg:  0.0, Max: 0, Diff: 0, Sum: 0, Workers: 4
[2727.085s][debug][gc,phases      ] GC(69) Weak Processing 0.765ms
[2727.085s][debug][gc,age         ] GC(69) Desired survivor size 9437184 bytes, new threshold 1 (max threshold 15)
[2727.085s][info ][gc,heap        ] GC(69) PSYoungGen: 2078224K(2087424K)->1696K(2086400K) Eden: 2076672K(2076672K)->0K(2076672K) From: 1552K(10752K)->1696K(9728K)
[2727.085s][info ][gc,heap        ] GC(69) ParOldGen: 243536K(243712K)->243669K(243712K)
[2727.085s][info ][gc,metaspace   ] GC(69) Metaspace: 107278K(108288K)->107278K(108288K) NonClass: 91690K(92288K)->91690K(92288K) Class: 15588K(16000K)->15588K(16000K)
[2727.085s][info ][gc             ] GC(69) Pause Young (Allocation Failure) 2267M->239M(2275M) 3.820ms
[2727.085s][info ][gc,cpu         ] GC(69) User=0.00s Sys=0.01s Real=0.00s
[2727.085s][info ][safepoint      ] Safepoint "ParallelCollectForAllocation", Time since last: 51008949439 ns, Reaching safepoint: 25999 ns, At safepoint: 3889277 ns, Leaving safepoint: 2300 ns, Total: 3917576 ns, Threads: 0 runnable, 31 total
[2777.646s][info ][gc,start       ] GC(70) Pause Young (Allocation Failure)
[2777.647s][debug][gc,phases      ] GC(70) Scavenge 1.739ms
[2777.647s][debug][gc,ref         ] GC(70) ReferenceProcessor::execute queues: 1, RefProcThreadModel::Single, marks_oops_alive: false
[2777.647s][debug][gc,ref         ] GC(70) Skipped KeepAliveFinalRefsPhase of Reference Processing: no references
[2777.647s][debug][gc,ref         ] GC(70) Skipped PhantomRefsPhase of Reference Processing: no references
[2777.647s][debug][gc,phases      ] GC(70) Reference Processing 0.096ms
[2777.648s][debug][gc,phases      ] GC(70)   VM Weak                        Min: 0.00, Avg: 0.00, Max: 0.01, Diff: 0.01, Sum: 0.01, Workers: 4
[2777.648s][debug][gc,phases      ] GC(70)     Dead                           Min: 0, Avg:  0.0, Max: 0, Diff: 0, Sum: 0, Workers: 4
[2777.648s][debug][gc,phases      ] GC(70)     Total                          Min: 0, Avg: 198.5, Max: 730, Diff: 730, Sum: 794, Workers: 4
[2777.648s][debug][gc,phases      ] GC(70)   ObjectSynchronizer Weak        Min: 0.00, Avg: 0.00, Max: 0.00, Diff: 0.00, Sum: 0.00, Workers: 4
[2777.648s][debug][gc,phases      ] GC(70)     Dead                           Min: 0, Avg:  0.0, Max: 0, Diff: 0, Sum: 0, Workers: 4
[2777.648s][debug][gc,phases      ] GC(70)     Total                          Min: 0, Avg:  1.2, Max: 5, Diff: 5, Sum: 5, Workers: 4
[2777.648s][debug][gc,phases      ] GC(70)   JVMTI Tag Weak OopStorage      Min: 0.00, Avg: 0.00, Max: 0.00, Diff: 0.00, Sum: 0.00, Workers: 4
[2777.648s][debug][gc,phases      ] GC(70)     Dead                           Min: 0, Avg:  0.0, Max: 0, Diff: 0, Sum: 0, Workers: 4
[2777.648s][debug][gc,phases      ] GC(70)     Total                          Min: 0, Avg:  0.0, Max: 0, Diff: 0, Sum: 0, Workers: 4
[2777.648s][debug][gc,phases      ] GC(70)   StringTable Weak               Min: 0.00, Avg: 0.10, Max: 0.13, Diff: 0.13, Sum: 0.40, Workers: 4
[2777.648s][debug][gc,phases      ] GC(70)     Dead                           Min: 0, Avg:  0.0, Max: 0, Diff: 0, Sum: 0, Workers: 4
[2777.648s][debug][gc,phases      ] GC(70)     Total                          Min: 0, Avg: 12348.5, Max: 19711, Diff: 19711, Sum: 49394, Workers: 4
[2777.648s][debug][gc,phases      ] GC(70)   ResolvedMethodTable Weak       Min: 0.00, Avg: 0.03, Max: 0.04, Diff: 0.04, Sum: 0.12, Workers: 4
[2777.648s][debug][gc,phases      ] GC(70)     Dead                           Min: 0, Avg:  5.0, Max: 20, Diff: 20, Sum: 20, Workers: 4
[2777.648s][debug][gc,phases      ] GC(70)     Total                          Min: 0, Avg: 3962.5, Max: 6471, Diff: 6471, Sum: 15850, Workers: 4
[2777.648s][debug][gc,phases      ] GC(70)   JNI Weak                       Min: 0.00, Avg: 0.00, Max: 0.00, Diff: 0.00, Sum: 0.00, Workers: 4
[2777.648s][debug][gc,phases      ] GC(70)     Dead                           Min: 0, Avg:  0.0, Max: 0, Diff: 0, Sum: 0, Workers: 4
[2777.648s][debug][gc,phases      ] GC(70)     Total                          Min: 0, Avg: 13.0, Max: 48, Diff: 48, Sum: 52, Workers: 4
[2777.648s][debug][gc,phases      ] GC(70)   StringDedup Table Weak         Min: 0.00, Avg: 0.00, Max: 0.00, Diff: 0.00, Sum: 0.00, Workers: 4
[2777.648s][debug][gc,phases      ] GC(70)     Dead                           Min: 0, Avg:  0.0, Max: 0, Diff: 0, Sum: 0, Workers: 4
[2777.648s][debug][gc,phases      ] GC(70)     Total                          Min: 0, Avg:  0.0, Max: 0, Diff: 0, Sum: 0, Workers: 4
[2777.648s][debug][gc,phases      ] GC(70)   StringDedup Requests0 Weak     Min: 0.00, Avg: 0.00, Max: 0.00, Diff: 0.00, Sum: 0.00, Workers: 4
[2777.648s][debug][gc,phases      ] GC(70)     Dead                           Min: 0, Avg:  0.0, Max: 0, Diff: 0, Sum: 0, Workers: 4
[2777.648s][debug][gc,phases      ] GC(70)     Total                          Min: 0, Avg:  0.0, Max: 0, Diff: 0, Sum: 0, Workers: 4
[2777.648s][debug][gc,phases      ] GC(70)   StringDedup Requests1 Weak     Min: 0.00, Avg: 0.00, Max: 0.00, Diff: 0.00, Sum: 0.00, Workers: 4
[2777.648s][debug][gc,phases      ] GC(70)     Dead                           Min: 0, Avg:  0.0, Max: 0, Diff: 0, Sum: 0, Workers: 4
[2777.648s][debug][gc,phases      ] GC(70)     Total                          Min: 0, Avg:  0.0, Max: 0, Diff: 0, Sum: 0, Workers: 4
[2777.648s][debug][gc,phases      ] GC(70)   Weak JFR Old Object Samples    Min: 0.00, Avg: 0.00, Max: 0.00, Diff: 0.00, Sum: 0.00, Workers: 4
[2777.648s][debug][gc,phases      ] GC(70)     Dead                           Min: 0, Avg:  0.0, Max: 0, Diff: 0, Sum: 0, Workers: 4
[2777.648s][debug][gc,phases      ] GC(70)     Total                          Min: 0, Avg:  0.0, Max: 0, Diff: 0, Sum: 0, Workers: 4
[2777.648s][debug][gc,phases      ] GC(70) Weak Processing 0.373ms
[2777.648s][debug][gc,age         ] GC(70) Desired survivor size 8912896 bytes, new threshold 1 (max threshold 15)
[2777.648s][info ][gc,heap        ] GC(70) PSYoungGen: 2078368K(2086400K)->1728K(2088448K) Eden: 2076672K(2076672K)->0K(2079232K) From: 1696K(9728K)->1728K(9216K)
[2777.648s][info ][gc,heap        ] GC(70) ParOldGen: 243669K(243712K)->243893K(244224K)
[2777.648s][info ][gc,metaspace   ] GC(70) Metaspace: 107288K(108288K)->107288K(108288K) NonClass: 91700K(92288K)->91700K(92288K) Class: 15588K(16000K)->15588K(16000K)
[2777.648s][info ][gc             ] GC(70) Pause Young (Allocation Failure) 2267M->239M(2278M) 2.318ms
[2777.648s][info ][gc,cpu         ] GC(70) User=0.00s Sys=0.00s Real=0.00s
[2777.648s][info ][safepoint      ] Safepoint "ParallelCollectForAllocation", Time since last: 50560305862 ns, Reaching safepoint: 5500 ns, At safepoint: 2390786 ns, Leaving safepoint: 1900 ns, Total: 2398186 ns, Threads: 0 runnable, 28 total
[2828.395s][info ][gc,start       ] GC(71) Pause Young (Allocation Failure)
[2828.396s][debug][gc,phases      ] GC(71) Scavenge 1.368ms
[2828.397s][debug][gc,ref         ] GC(71) ReferenceProcessor::execute queues: 1, RefProcThreadModel::Single, marks_oops_alive: false
[2828.397s][debug][gc,ref         ] GC(71) Skipped KeepAliveFinalRefsPhase of Reference Processing: no references
[2828.397s][debug][gc,ref         ] GC(71) Skipped PhantomRefsPhase of Reference Processing: no references
[2828.397s][debug][gc,phases      ] GC(71) Reference Processing 0.086ms
[2828.397s][debug][gc,phases      ] GC(71)   VM Weak                        Min: 0.00, Avg: 0.00, Max: 0.01, Diff: 0.01, Sum: 0.01, Workers: 4
[2828.397s][debug][gc,phases      ] GC(71)     Dead                           Min: 0, Avg:  0.0, Max: 0, Diff: 0, Sum: 0, Workers: 4
[2828.397s][debug][gc,phases      ] GC(71)     Total                          Min: 0, Avg: 198.5, Max: 474, Diff: 474, Sum: 794, Workers: 4
[2828.397s][debug][gc,phases      ] GC(71)   ObjectSynchronizer Weak        Min: 0.00, Avg: 0.00, Max: 0.00, Diff: 0.00, Sum: 0.00, Workers: 4
[2828.397s][debug][gc,phases      ] GC(71)     Dead                           Min: 0, Avg:  0.0, Max: 0, Diff: 0, Sum: 0, Workers: 4
[2828.397s][debug][gc,phases      ] GC(71)     Total                          Min: 0, Avg:  1.2, Max: 5, Diff: 5, Sum: 5, Workers: 4
[2828.397s][debug][gc,phases      ] GC(71)   JVMTI Tag Weak OopStorage      Min: 0.00, Avg: 0.00, Max: 0.00, Diff: 0.00, Sum: 0.00, Workers: 4
[2828.397s][debug][gc,phases      ] GC(71)     Dead                           Min: 0, Avg:  0.0, Max: 0, Diff: 0, Sum: 0, Workers: 4
[2828.397s][debug][gc,phases      ] GC(71)     Total                          Min: 0, Avg:  0.0, Max: 0, Diff: 0, Sum: 0, Workers: 4
[2828.397s][debug][gc,phases      ] GC(71)   StringTable Weak               Min: 0.10, Avg: 0.10, Max: 0.11, Diff: 0.00, Sum: 0.41, Workers: 4
[2828.397s][debug][gc,phases      ] GC(71)     Dead                           Min: 0, Avg:  0.0, Max: 0, Diff: 0, Sum: 0, Workers: 4
[2828.397s][debug][gc,phases      ] GC(71)     Total                          Min: 11584, Avg: 12348.5, Max: 13952, Diff: 2368, Sum: 49394, Workers: 4
[2828.397s][debug][gc,phases      ] GC(71)   ResolvedMethodTable Weak       Min: 0.04, Avg: 0.04, Max: 0.04, Diff: 0.00, Sum: 0.14, Workers: 4
[2828.397s][debug][gc,phases      ] GC(71)     Dead                           Min: 0, Avg:  5.0, Max: 20, Diff: 20, Sum: 20, Workers: 4
[2828.397s][debug][gc,phases      ] GC(71)     Total                          Min: 3669, Avg: 3962.5, Max: 4445, Diff: 776, Sum: 15850, Workers: 4
[2828.397s][debug][gc,phases      ] GC(71)   JNI Weak                       Min: 0.00, Avg: 0.00, Max: 0.00, Diff: 0.00, Sum: 0.00, Workers: 4
[2828.397s][debug][gc,phases      ] GC(71)     Dead                           Min: 0, Avg:  0.0, Max: 0, Diff: 0, Sum: 0, Workers: 4
[2828.397s][debug][gc,phases      ] GC(71)     Total                          Min: 0, Avg: 13.0, Max: 48, Diff: 48, Sum: 52, Workers: 4
[2828.397s][debug][gc,phases      ] GC(71)   StringDedup Table Weak         Min: 0.00, Avg: 0.00, Max: 0.00, Diff: 0.00, Sum: 0.00, Workers: 4
[2828.397s][debug][gc,phases      ] GC(71)     Dead                           Min: 0, Avg:  0.0, Max: 0, Diff: 0, Sum: 0, Workers: 4
[2828.397s][debug][gc,phases      ] GC(71)     Total                          Min: 0, Avg:  0.0, Max: 0, Diff: 0, Sum: 0, Workers: 4
[2828.397s][debug][gc,phases      ] GC(71)   StringDedup Requests0 Weak     Min: 0.00, Avg: 0.00, Max: 0.00, Diff: 0.00, Sum: 0.00, Workers: 4
[2828.397s][debug][gc,phases      ] GC(71)     Dead                           Min: 0, Avg:  0.0, Max: 0, Diff: 0, Sum: 0, Workers: 4
[2828.397s][debug][gc,phases      ] GC(71)     Total                          Min: 0, Avg:  0.0, Max: 0, Diff: 0, Sum: 0, Workers: 4
[2828.397s][debug][gc,phases      ] GC(71)   StringDedup Requests1 Weak     Min: 0.00, Avg: 0.00, Max: 0.00, Diff: 0.00, Sum: 0.00, Workers: 4
[2828.397s][debug][gc,phases      ] GC(71)     Dead                           Min: 0, Avg:  0.0, Max: 0, Diff: 0, Sum: 0, Workers: 4
[2828.397s][debug][gc,phases      ] GC(71)     Total                          Min: 0, Avg:  0.0, Max: 0, Diff: 0, Sum: 0, Workers: 4
[2828.397s][debug][gc,phases      ] GC(71)   Weak JFR Old Object Samples    Min: 0.00, Avg: 0.00, Max: 0.00, Diff: 0.00, Sum: 0.00, Workers: 4
[2828.397s][debug][gc,phases      ] GC(71)     Dead                           Min: 0, Avg:  0.0, Max: 0, Diff: 0, Sum: 0, Workers: 4
[2828.397s][debug][gc,phases      ] GC(71)     Total                          Min: 0, Avg:  0.0, Max: 0, Diff: 0, Sum: 0, Workers: 4
[2828.397s][debug][gc,phases      ] GC(71) Weak Processing 0.344ms
[2828.397s][debug][gc,age         ] GC(71) Desired survivor size 7864320 bytes, new threshold 1 (max threshold 15)
[2828.397s][info ][gc,heap        ] GC(71) PSYoungGen: 2080960K(2088448K)->1760K(2087936K) Eden: 2079232K(2079232K)->0K(2079232K) From: 1728K(9216K)->1760K(8704K)
[2828.397s][info ][gc,heap        ] GC(71) ParOldGen: 243893K(244224K)->243997K(244224K)
[2828.397s][info ][gc,metaspace   ] GC(71) Metaspace: 107291K(108288K)->107291K(108288K) NonClass: 91702K(92288K)->91702K(92288K) Class: 15588K(16000K)->15588K(16000K)
[2828.397s][info ][gc             ] GC(71) Pause Young (Allocation Failure) 2270M->239M(2277M) 1.896ms
[2828.397s][info ][gc,cpu         ] GC(71) User=0.00s Sys=0.00s Real=0.00s
[2828.397s][info ][safepoint      ] Safepoint "ParallelCollectForAllocation", Time since last: 50746984824 ns, Reaching safepoint: 92299 ns, At safepoint: 1953189 ns, Leaving safepoint: 7300 ns, Total: 2052788 ns, Threads: 1 runnable, 28 total
[2880.056s][info ][gc,start       ] GC(72) Pause Young (Allocation Failure)
[2880.059s][debug][gc,phases      ] GC(72) Scavenge 3.247ms
[2880.059s][debug][gc,ref         ] GC(72) ReferenceProcessor::execute queues: 1, RefProcThreadModel::Single, marks_oops_alive: false
[2880.059s][debug][gc,ref         ] GC(72) Skipped KeepAliveFinalRefsPhase of Reference Processing: no references
[2880.059s][debug][gc,ref         ] GC(72) Skipped PhantomRefsPhase of Reference Processing: no references
[2880.059s][debug][gc,phases      ] GC(72) Reference Processing 0.124ms
[2880.060s][debug][gc,phases      ] GC(72)   VM Weak                        Min: 0.00, Avg: 0.00, Max: 0.01, Diff: 0.01, Sum: 0.01, Workers: 4
[2880.060s][debug][gc,phases      ] GC(72)     Dead                           Min: 0, Avg:  0.0, Max: 0, Diff: 0, Sum: 0, Workers: 4
[2880.060s][debug][gc,phases      ] GC(72)     Total                          Min: 0, Avg: 198.5, Max: 794, Diff: 794, Sum: 794, Workers: 4
[2880.060s][debug][gc,phases      ] GC(72)   ObjectSynchronizer Weak        Min: 0.00, Avg: 0.00, Max: 0.00, Diff: 0.00, Sum: 0.00, Workers: 4
[2880.060s][debug][gc,phases      ] GC(72)     Dead                           Min: 0, Avg:  0.0, Max: 0, Diff: 0, Sum: 0, Workers: 4
[2880.060s][debug][gc,phases      ] GC(72)     Total                          Min: 0, Avg:  1.2, Max: 5, Diff: 5, Sum: 5, Workers: 4
[2880.060s][debug][gc,phases      ] GC(72)   JVMTI Tag Weak OopStorage      Min: 0.00, Avg: 0.00, Max: 0.00, Diff: 0.00, Sum: 0.00, Workers: 4
[2880.060s][debug][gc,phases      ] GC(72)     Dead                           Min: 0, Avg:  0.0, Max: 0, Diff: 0, Sum: 0, Workers: 4
[2880.060s][debug][gc,phases      ] GC(72)     Total                          Min: 0, Avg:  0.0, Max: 0, Diff: 0, Sum: 0, Workers: 4
[2880.060s][debug][gc,phases      ] GC(72)   StringTable Weak               Min: 0.00, Avg: 0.10, Max: 0.39, Diff: 0.39, Sum: 0.39, Workers: 4
[2880.060s][debug][gc,phases      ] GC(72)     Dead                           Min: 0, Avg:  0.0, Max: 0, Diff: 0, Sum: 0, Workers: 4
[2880.060s][debug][gc,phases      ] GC(72)     Total                          Min: 0, Avg: 12348.5, Max: 49394, Diff: 49394, Sum: 49394, Workers: 4
[2880.060s][debug][gc,phases      ] GC(72)   ResolvedMethodTable Weak       Min: 0.00, Avg: 0.03, Max: 0.14, Diff: 0.14, Sum: 0.14, Workers: 4
[2880.060s][debug][gc,phases      ] GC(72)     Dead                           Min: 0, Avg:  5.0, Max: 20, Diff: 20, Sum: 20, Workers: 4
[2880.060s][debug][gc,phases      ] GC(72)     Total                          Min: 0, Avg: 3962.5, Max: 15850, Diff: 15850, Sum: 15850, Workers: 4
[2880.060s][debug][gc,phases      ] GC(72)   JNI Weak                       Min: 0.00, Avg: 0.00, Max: 0.00, Diff: 0.00, Sum: 0.00, Workers: 4
[2880.060s][debug][gc,phases      ] GC(72)     Dead                           Min: 0, Avg:  0.0, Max: 0, Diff: 0, Sum: 0, Workers: 4
[2880.060s][debug][gc,phases      ] GC(72)     Total                          Min: 0, Avg: 13.0, Max: 52, Diff: 52, Sum: 52, Workers: 4
[2880.060s][debug][gc,phases      ] GC(72)   StringDedup Table Weak         Min: 0.00, Avg: 0.00, Max: 0.00, Diff: 0.00, Sum: 0.00, Workers: 4
[2880.060s][debug][gc,phases      ] GC(72)     Dead                           Min: 0, Avg:  0.0, Max: 0, Diff: 0, Sum: 0, Workers: 4
[2880.060s][debug][gc,phases      ] GC(72)     Total                          Min: 0, Avg:  0.0, Max: 0, Diff: 0, Sum: 0, Workers: 4
[2880.060s][debug][gc,phases      ] GC(72)   StringDedup Requests0 Weak     Min: 0.00, Avg: 0.00, Max: 0.00, Diff: 0.00, Sum: 0.00, Workers: 4
[2880.060s][debug][gc,phases      ] GC(72)     Dead                           Min: 0, Avg:  0.0, Max: 0, Diff: 0, Sum: 0, Workers: 4
[2880.060s][debug][gc,phases      ] GC(72)     Total                          Min: 0, Avg:  0.0, Max: 0, Diff: 0, Sum: 0, Workers: 4
[2880.060s][debug][gc,phases      ] GC(72)   StringDedup Requests1 Weak     Min: 0.00, Avg: 0.00, Max: 0.00, Diff: 0.00, Sum: 0.00, Workers: 4
[2880.060s][debug][gc,phases      ] GC(72)     Dead                           Min: 0, Avg:  0.0, Max: 0, Diff: 0, Sum: 0, Workers: 4
[2880.060s][debug][gc,phases      ] GC(72)     Total                          Min: 0, Avg:  0.0, Max: 0, Diff: 0, Sum: 0, Workers: 4
[2880.060s][debug][gc,phases      ] GC(72)   Weak JFR Old Object Samples    Min: 0.00, Avg: 0.00, Max: 0.00, Diff: 0.00, Sum: 0.00, Workers: 4
[2880.060s][debug][gc,phases      ] GC(72)     Dead                           Min: 0, Avg:  0.0, Max: 0, Diff: 0, Sum: 0, Workers: 4
[2880.060s][debug][gc,phases      ] GC(72)     Total                          Min: 0, Avg:  0.0, Max: 0, Diff: 0, Sum: 0, Workers: 4
[2880.060s][debug][gc,phases      ] GC(72) Weak Processing 0.787ms
[2880.060s][debug][gc,age         ] GC(72) Desired survivor size 7340032 bytes, new threshold 1 (max threshold 15)
[2880.060s][info ][gc,heap        ] GC(72) PSYoungGen: 2080992K(2087936K)->1712K(2089984K) Eden: 2079232K(2079232K)->0K(2082304K) From: 1760K(8704K)->1712K(7680K)
[2880.060s][info ][gc,heap        ] GC(72) ParOldGen: 243997K(244224K)->244077K(244224K)
[2880.060s][info ][gc,metaspace   ] GC(72) Metaspace: 107291K(108288K)->107291K(108288K) NonClass: 91703K(92288K)->91703K(92288K) Class: 15588K(16000K)->15588K(16000K)
[2880.060s][info ][gc             ] GC(72) Pause Young (Allocation Failure) 2270M->240M(2279M) 4.280ms
[2880.060s][info ][gc,cpu         ] GC(72) User=0.00s Sys=0.00s Real=0.01s
[2880.060s][info ][safepoint      ] Safepoint "ParallelCollectForAllocation", Time since last: 51658710769 ns, Reaching safepoint: 20299 ns, At safepoint: 4346674 ns, Leaving safepoint: 2700 ns, Total: 4369673 ns, Threads: 0 runnable, 28 total
[2932.044s][info ][gc,start       ] GC(73) Pause Young (Allocation Failure)
[2932.045s][debug][gc,phases      ] GC(73) Scavenge 1.409ms
[2932.045s][debug][gc,ref         ] GC(73) ReferenceProcessor::execute queues: 1, RefProcThreadModel::Single, marks_oops_alive: false
[2932.045s][debug][gc,ref         ] GC(73) Skipped KeepAliveFinalRefsPhase of Reference Processing: no references
[2932.045s][debug][gc,ref         ] GC(73) Skipped PhantomRefsPhase of Reference Processing: no references
[2932.045s][debug][gc,phases      ] GC(73) Reference Processing 0.095ms
[2932.045s][debug][gc,phases      ] GC(73)   VM Weak                        Min: 0.00, Avg: 0.00, Max: 0.00, Diff: 0.00, Sum: 0.01, Workers: 4
[2932.045s][debug][gc,phases      ] GC(73)     Dead                           Min: 0, Avg:  0.0, Max: 0, Diff: 0, Sum: 0, Workers: 4
[2932.045s][debug][gc,phases      ] GC(73)     Total                          Min: 0, Avg: 198.5, Max: 410, Diff: 410, Sum: 794, Workers: 4
[2932.045s][debug][gc,phases      ] GC(73)   ObjectSynchronizer Weak        Min: 0.00, Avg: 0.00, Max: 0.00, Diff: 0.00, Sum: 0.00, Workers: 4
[2932.045s][debug][gc,phases      ] GC(73)     Dead                           Min: 0, Avg:  0.0, Max: 0, Diff: 0, Sum: 0, Workers: 4
[2932.045s][debug][gc,phases      ] GC(73)     Total                          Min: 0, Avg:  1.2, Max: 5, Diff: 5, Sum: 5, Workers: 4
[2932.046s][debug][gc,phases      ] GC(73)   JVMTI Tag Weak OopStorage      Min: 0.00, Avg: 0.00, Max: 0.00, Diff: 0.00, Sum: 0.00, Workers: 4
[2932.046s][debug][gc,phases      ] GC(73)     Dead                           Min: 0, Avg:  0.0, Max: 0, Diff: 0, Sum: 0, Workers: 4
[2932.046s][debug][gc,phases      ] GC(73)     Total                          Min: 0, Avg:  0.0, Max: 0, Diff: 0, Sum: 0, Workers: 4
[2932.046s][debug][gc,phases      ] GC(73)   StringTable Weak               Min: 0.10, Avg: 0.11, Max: 0.11, Diff: 0.01, Sum: 0.43, Workers: 4
[2932.046s][debug][gc,phases      ] GC(73)     Dead                           Min: 0, Avg:  0.0, Max: 0, Diff: 0, Sum: 0, Workers: 4
[2932.046s][debug][gc,phases      ] GC(73)     Total                          Min: 11828, Avg: 12348.8, Max: 13120, Diff: 1292, Sum: 49395, Workers: 4
[2932.046s][debug][gc,phases      ] GC(73)   ResolvedMethodTable Weak       Min: 0.04, Avg: 0.04, Max: 0.07, Diff: 0.03, Sum: 0.18, Workers: 4
[2932.046s][debug][gc,phases      ] GC(73)     Dead                           Min: 0, Avg:  5.0, Max: 20, Diff: 20, Sum: 20, Workers: 4
[2932.046s][debug][gc,phases      ] GC(73)     Total                          Min: 3851, Avg: 3962.5, Max: 4051, Diff: 200, Sum: 15850, Workers: 4
[2932.046s][debug][gc,phases      ] GC(73)   JNI Weak                       Min: 0.00, Avg: 0.00, Max: 0.00, Diff: 0.00, Sum: 0.00, Workers: 4
[2932.046s][debug][gc,phases      ] GC(73)     Dead                           Min: 0, Avg:  0.0, Max: 0, Diff: 0, Sum: 0, Workers: 4
[2932.046s][debug][gc,phases      ] GC(73)     Total                          Min: 0, Avg: 13.0, Max: 48, Diff: 48, Sum: 52, Workers: 4
[2932.046s][debug][gc,phases      ] GC(73)   StringDedup Table Weak         Min: 0.00, Avg: 0.00, Max: 0.00, Diff: 0.00, Sum: 0.00, Workers: 4
[2932.046s][debug][gc,phases      ] GC(73)     Dead                           Min: 0, Avg:  0.0, Max: 0, Diff: 0, Sum: 0, Workers: 4
[2932.046s][debug][gc,phases      ] GC(73)     Total                          Min: 0, Avg:  0.0, Max: 0, Diff: 0, Sum: 0, Workers: 4
[2932.046s][debug][gc,phases      ] GC(73)   StringDedup Requests0 Weak     Min: 0.00, Avg: 0.00, Max: 0.00, Diff: 0.00, Sum: 0.00, Workers: 4
[2932.046s][debug][gc,phases      ] GC(73)     Dead                           Min: 0, Avg:  0.0, Max: 0, Diff: 0, Sum: 0, Workers: 4
[2932.046s][debug][gc,phases      ] GC(73)     Total                          Min: 0, Avg:  0.0, Max: 0, Diff: 0, Sum: 0, Workers: 4
[2932.046s][debug][gc,phases      ] GC(73)   StringDedup Requests1 Weak     Min: 0.00, Avg: 0.00, Max: 0.00, Diff: 0.00, Sum: 0.00, Workers: 4
[2932.046s][debug][gc,phases      ] GC(73)     Dead                           Min: 0, Avg:  0.0, Max: 0, Diff: 0, Sum: 0, Workers: 4
[2932.046s][debug][gc,phases      ] GC(73)     Total                          Min: 0, Avg:  0.0, Max: 0, Diff: 0, Sum: 0, Workers: 4
[2932.046s][debug][gc,phases      ] GC(73)   Weak JFR Old Object Samples    Min: 0.00, Avg: 0.00, Max: 0.00, Diff: 0.00, Sum: 0.00, Workers: 4
[2932.046s][debug][gc,phases      ] GC(73)     Dead                           Min: 0, Avg:  0.0, Max: 0, Diff: 0, Sum: 0, Workers: 4
[2932.046s][debug][gc,phases      ] GC(73)     Total                          Min: 0, Avg:  0.0, Max: 0, Diff: 0, Sum: 0, Workers: 4
[2932.046s][debug][gc,phases      ] GC(73) Weak Processing 0.379ms
[2932.046s][debug][gc,age         ] GC(73) Desired survivor size 6815744 bytes, new threshold 1 (max threshold 15)
[2932.046s][info ][gc,heap        ] GC(73) PSYoungGen: 2084016K(2089984K)->1600K(2089472K) Eden: 2082304K(2082304K)->0K(2082304K) From: 1712K(7680K)->1600K(7168K)
[2932.046s][info ][gc,heap        ] GC(73) ParOldGen: 244077K(244224K)->244221K(244224K)
[2932.046s][info ][gc,metaspace   ] GC(73) Metaspace: 107295K(108352K)->107295K(108352K) NonClass: 91706K(92352K)->91706K(92352K) Class: 15588K(16000K)->15588K(16000K)
[2932.046s][info ][gc             ] GC(73) Pause Young (Allocation Failure) 2273M->240M(2279M) 1.992ms
[2932.046s][info ][gc,cpu         ] GC(73) User=0.00s Sys=0.00s Real=0.00s
[2932.046s][info ][safepoint      ] Safepoint "ParallelCollectForAllocation", Time since last: 51983562767 ns, Reaching safepoint: 29700 ns, At safepoint: 2054187 ns, Leaving safepoint: 2700 ns, Total: 2086587 ns, Threads: 0 runnable, 29 total
[2984.697s][info ][gc,start       ] GC(74) Pause Young (Allocation Failure)
[2984.698s][debug][gc,phases      ] GC(74) Scavenge 1.341ms
[2984.698s][debug][gc,ref         ] GC(74) ReferenceProcessor::execute queues: 1, RefProcThreadModel::Single, marks_oops_alive: false
[2984.698s][debug][gc,ref         ] GC(74) Skipped KeepAliveFinalRefsPhase of Reference Processing: no references
[2984.698s][debug][gc,ref         ] GC(74) Skipped PhantomRefsPhase of Reference Processing: no references
[2984.698s][debug][gc,phases      ] GC(74) Reference Processing 0.105ms
[2984.698s][debug][gc,phases      ] GC(74)   VM Weak                        Min: 0.00, Avg: 0.00, Max: 0.01, Diff: 0.01, Sum: 0.01, Workers: 4
[2984.698s][debug][gc,phases      ] GC(74)     Dead                           Min: 0, Avg:  0.0, Max: 0, Diff: 0, Sum: 0, Workers: 4
[2984.698s][debug][gc,phases      ] GC(74)     Total                          Min: 0, Avg: 198.5, Max: 602, Diff: 602, Sum: 794, Workers: 4
[2984.698s][debug][gc,phases      ] GC(74)   ObjectSynchronizer Weak        Min: 0.00, Avg: 0.00, Max: 0.00, Diff: 0.00, Sum: 0.00, Workers: 4
[2984.698s][debug][gc,phases      ] GC(74)     Dead                           Min: 0, Avg:  0.0, Max: 0, Diff: 0, Sum: 0, Workers: 4
[2984.698s][debug][gc,phases      ] GC(74)     Total                          Min: 0, Avg:  1.2, Max: 5, Diff: 5, Sum: 5, Workers: 4
[2984.698s][debug][gc,phases      ] GC(74)   JVMTI Tag Weak OopStorage      Min: 0.00, Avg: 0.00, Max: 0.00, Diff: 0.00, Sum: 0.00, Workers: 4
[2984.698s][debug][gc,phases      ] GC(74)     Dead                           Min: 0, Avg:  0.0, Max: 0, Diff: 0, Sum: 0, Workers: 4
[2984.698s][debug][gc,phases      ] GC(74)     Total                          Min: 0, Avg:  0.0, Max: 0, Diff: 0, Sum: 0, Workers: 4
[2984.698s][debug][gc,phases      ] GC(74)   StringTable Weak               Min: 0.11, Avg: 0.11, Max: 0.11, Diff: 0.00, Sum: 0.43, Workers: 4
[2984.698s][debug][gc,phases      ] GC(74)     Dead                           Min: 0, Avg:  0.0, Max: 0, Diff: 0, Sum: 0, Workers: 4
[2984.698s][debug][gc,phases      ] GC(74)     Total                          Min: 12159, Avg: 12348.8, Max: 12480, Diff: 321, Sum: 49395, Workers: 4
[2984.698s][debug][gc,phases      ] GC(74)   ResolvedMethodTable Weak       Min: 0.04, Avg: 0.04, Max: 0.04, Diff: 0.00, Sum: 0.15, Workers: 4
[2984.698s][debug][gc,phases      ] GC(74)     Dead                           Min: 0, Avg:  5.0, Max: 20, Diff: 20, Sum: 20, Workers: 4
[2984.698s][debug][gc,phases      ] GC(74)     Total                          Min: 3838, Avg: 3962.5, Max: 4190, Diff: 352, Sum: 15850, Workers: 4
[2984.698s][debug][gc,phases      ] GC(74)   JNI Weak                       Min: 0.00, Avg: 0.00, Max: 0.00, Diff: 0.00, Sum: 0.00, Workers: 4
[2984.698s][debug][gc,phases      ] GC(74)     Dead                           Min: 0, Avg:  0.0, Max: 0, Diff: 0, Sum: 0, Workers: 4
[2984.699s][debug][gc,phases      ] GC(74)     Total                          Min: 0, Avg: 13.0, Max: 48, Diff: 48, Sum: 52, Workers: 4
[2984.699s][debug][gc,phases      ] GC(74)   StringDedup Table Weak         Min: 0.00, Avg: 0.00, Max: 0.00, Diff: 0.00, Sum: 0.00, Workers: 4
[2984.699s][debug][gc,phases      ] GC(74)     Dead                           Min: 0, Avg:  0.0, Max: 0, Diff: 0, Sum: 0, Workers: 4
[2984.699s][debug][gc,phases      ] GC(74)     Total                          Min: 0, Avg:  0.0, Max: 0, Diff: 0, Sum: 0, Workers: 4
[2984.699s][debug][gc,phases      ] GC(74)   StringDedup Requests0 Weak     Min: 0.00, Avg: 0.00, Max: 0.00, Diff: 0.00, Sum: 0.00, Workers: 4
[2984.699s][debug][gc,phases      ] GC(74)     Dead                           Min: 0, Avg:  0.0, Max: 0, Diff: 0, Sum: 0, Workers: 4
[2984.699s][debug][gc,phases      ] GC(74)     Total                          Min: 0, Avg:  0.0, Max: 0, Diff: 0, Sum: 0, Workers: 4
[2984.699s][debug][gc,phases      ] GC(74)   StringDedup Requests1 Weak     Min: 0.00, Avg: 0.00, Max: 0.00, Diff: 0.00, Sum: 0.00, Workers: 4
[2984.699s][debug][gc,phases      ] GC(74)     Dead                           Min: 0, Avg:  0.0, Max: 0, Diff: 0, Sum: 0, Workers: 4
[2984.699s][debug][gc,phases      ] GC(74)     Total                          Min: 0, Avg:  0.0, Max: 0, Diff: 0, Sum: 0, Workers: 4
[2984.699s][debug][gc,phases      ] GC(74)   Weak JFR Old Object Samples    Min: 0.00, Avg: 0.00, Max: 0.00, Diff: 0.00, Sum: 0.00, Workers: 4
[2984.699s][debug][gc,phases      ] GC(74)     Dead                           Min: 0, Avg:  0.0, Max: 0, Diff: 0, Sum: 0, Workers: 4
[2984.699s][debug][gc,phases      ] GC(74)     Total                          Min: 0, Avg:  0.0, Max: 0, Diff: 0, Sum: 0, Workers: 4
[2984.699s][debug][gc,phases      ] GC(74) Weak Processing 0.328ms
[2984.699s][debug][gc,age         ] GC(74) Desired survivor size 6815744 bytes, new threshold 1 (max threshold 15)
[2984.699s][info ][gc,heap        ] GC(74) PSYoungGen: 2083904K(2089472K)->1568K(2090496K) Eden: 2082304K(2082304K)->0K(2083840K) From: 1600K(7168K)->1568K(6656K)
[2984.699s][info ][gc,heap        ] GC(74) ParOldGen: 244221K(244224K)->244297K(244736K)
[2984.699s][info ][gc,metaspace   ] GC(74) Metaspace: 107297K(108352K)->107297K(108352K) NonClass: 91709K(92352K)->91709K(92352K) Class: 15588K(16000K)->15588K(16000K)
[2984.699s][info ][gc             ] GC(74) Pause Young (Allocation Failure) 2273M->240M(2280M) 1.868ms
[2984.699s][info ][gc,cpu         ] GC(74) User=0.01s Sys=0.00s Real=0.00s
[2984.699s][info ][safepoint      ] Safepoint "ParallelCollectForAllocation", Time since last: 52650980777 ns, Reaching safepoint: 31200 ns, At safepoint: 1928088 ns, Leaving safepoint: 1900 ns, Total: 1961188 ns, Threads: 0 runnable, 29 total
[3037.944s][info ][gc,start       ] GC(75) Pause Young (Allocation Failure)
[3037.946s][debug][gc,phases      ] GC(75) Scavenge 1.310ms
[3037.946s][debug][gc,ref         ] GC(75) ReferenceProcessor::execute queues: 1, RefProcThreadModel::Single, marks_oops_alive: false
[3037.946s][debug][gc,ref         ] GC(75) Skipped KeepAliveFinalRefsPhase of Reference Processing: no references
[3037.946s][debug][gc,ref         ] GC(75) Skipped PhantomRefsPhase of Reference Processing: no references
[3037.946s][debug][gc,phases      ] GC(75) Reference Processing 0.102ms
[3037.946s][debug][gc,phases      ] GC(75)   VM Weak                        Min: 0.00, Avg: 0.00, Max: 0.01, Diff: 0.01, Sum: 0.01, Workers: 4
[3037.946s][debug][gc,phases      ] GC(75)     Dead                           Min: 0, Avg:  0.0, Max: 0, Diff: 0, Sum: 0, Workers: 4
[3037.946s][debug][gc,phases      ] GC(75)     Total                          Min: 0, Avg: 198.5, Max: 794, Diff: 794, Sum: 794, Workers: 4
[3037.946s][debug][gc,phases      ] GC(75)   ObjectSynchronizer Weak        Min: 0.00, Avg: 0.00, Max: 0.00, Diff: 0.00, Sum: 0.00, Workers: 4
[3037.946s][debug][gc,phases      ] GC(75)     Dead                           Min: 0, Avg:  0.0, Max: 0, Diff: 0, Sum: 0, Workers: 4
[3037.946s][debug][gc,phases      ] GC(75)     Total                          Min: 0, Avg:  1.2, Max: 5, Diff: 5, Sum: 5, Workers: 4
[3037.946s][debug][gc,phases      ] GC(75)   JVMTI Tag Weak OopStorage      Min: 0.00, Avg: 0.00, Max: 0.00, Diff: 0.00, Sum: 0.00, Workers: 4
[3037.946s][debug][gc,phases      ] GC(75)     Dead                           Min: 0, Avg:  0.0, Max: 0, Diff: 0, Sum: 0, Workers: 4
[3037.946s][debug][gc,phases      ] GC(75)     Total                          Min: 0, Avg:  0.0, Max: 0, Diff: 0, Sum: 0, Workers: 4
[3037.946s][debug][gc,phases      ] GC(75)   StringTable Weak               Min: 0.00, Avg: 0.09, Max: 0.12, Diff: 0.12, Sum: 0.36, Workers: 4
[3037.946s][debug][gc,phases      ] GC(75)     Dead                           Min: 0, Avg:  0.0, Max: 0, Diff: 0, Sum: 0, Workers: 4
[3037.946s][debug][gc,phases      ] GC(75)     Total                          Min: 0, Avg: 12348.8, Max: 20031, Diff: 20031, Sum: 49395, Workers: 4
[3037.946s][debug][gc,phases      ] GC(75)   ResolvedMethodTable Weak       Min: 0.00, Avg: 0.03, Max: 0.04, Diff: 0.04, Sum: 0.13, Workers: 4
[3037.946s][debug][gc,phases      ] GC(75)     Dead                           Min: 0, Avg:  5.0, Max: 20, Diff: 20, Sum: 20, Workers: 4
[3037.946s][debug][gc,phases      ] GC(75)     Total                          Min: 0, Avg: 3962.5, Max: 6414, Diff: 6414, Sum: 15850, Workers: 4
[3037.946s][debug][gc,phases      ] GC(75)   JNI Weak                       Min: 0.00, Avg: 0.00, Max: 0.00, Diff: 0.00, Sum: 0.00, Workers: 4
[3037.946s][debug][gc,phases      ] GC(75)     Dead                           Min: 0, Avg:  0.0, Max: 0, Diff: 0, Sum: 0, Workers: 4
[3037.946s][debug][gc,phases      ] GC(75)     Total                          Min: 0, Avg: 13.0, Max: 48, Diff: 48, Sum: 52, Workers: 4
[3037.946s][debug][gc,phases      ] GC(75)   StringDedup Table Weak         Min: 0.00, Avg: 0.00, Max: 0.00, Diff: 0.00, Sum: 0.00, Workers: 4
[3037.946s][debug][gc,phases      ] GC(75)     Dead                           Min: 0, Avg:  0.0, Max: 0, Diff: 0, Sum: 0, Workers: 4
[3037.946s][debug][gc,phases      ] GC(75)     Total                          Min: 0, Avg:  0.0, Max: 0, Diff: 0, Sum: 0, Workers: 4
[3037.946s][debug][gc,phases      ] GC(75)   StringDedup Requests0 Weak     Min: 0.00, Avg: 0.00, Max: 0.00, Diff: 0.00, Sum: 0.00, Workers: 4
[3037.946s][debug][gc,phases      ] GC(75)     Dead                           Min: 0, Avg:  0.0, Max: 0, Diff: 0, Sum: 0, Workers: 4
[3037.946s][debug][gc,phases      ] GC(75)     Total                          Min: 0, Avg:  0.0, Max: 0, Diff: 0, Sum: 0, Workers: 4
[3037.946s][debug][gc,phases      ] GC(75)   StringDedup Requests1 Weak     Min: 0.00, Avg: 0.00, Max: 0.00, Diff: 0.00, Sum: 0.00, Workers: 4
[3037.946s][debug][gc,phases      ] GC(75)     Dead                           Min: 0, Avg:  0.0, Max: 0, Diff: 0, Sum: 0, Workers: 4
[3037.946s][debug][gc,phases      ] GC(75)     Total                          Min: 0, Avg:  0.0, Max: 0, Diff: 0, Sum: 0, Workers: 4
[3037.946s][debug][gc,phases      ] GC(75)   Weak JFR Old Object Samples    Min: 0.00, Avg: 0.00, Max: 0.00, Diff: 0.00, Sum: 0.00, Workers: 4
[3037.946s][debug][gc,phases      ] GC(75)     Dead                           Min: 0, Avg:  0.0, Max: 0, Diff: 0, Sum: 0, Workers: 4
[3037.946s][debug][gc,phases      ] GC(75)     Total                          Min: 0, Avg:  0.0, Max: 0, Diff: 0, Sum: 0, Workers: 4
[3037.946s][debug][gc,phases      ] GC(75) Weak Processing 0.359ms
[3037.946s][debug][gc,age         ] GC(75) Desired survivor size 6291456 bytes, new threshold 1 (max threshold 15)
[3037.946s][info ][gc,heap        ] GC(75) PSYoungGen: 2085408K(2090496K)->1568K(2090496K) Eden: 2083840K(2083840K)->0K(2083840K) From: 1568K(6656K)->1568K(6656K)
[3037.946s][info ][gc,heap        ] GC(75) ParOldGen: 244297K(244736K)->244393K(244736K)
[3037.946s][info ][gc,metaspace   ] GC(75) Metaspace: 107321K(108352K)->107321K(108352K) NonClass: 91733K(92352K)->91733K(92352K) Class: 15588K(16000K)->15588K(16000K)
[3037.946s][info ][gc             ] GC(75) Pause Young (Allocation Failure) 2275M->240M(2280M) 1.877ms
[3037.946s][info ][gc,cpu         ] GC(75) User=0.00s Sys=0.00s Real=0.00s
[3037.946s][info ][safepoint      ] Safepoint "ParallelCollectForAllocation", Time since last: 53245619725 ns, Reaching safepoint: 28800 ns, At safepoint: 1935688 ns, Leaving safepoint: 2100 ns, Total: 1966588 ns, Threads: 0 runnable, 32 total
[3088.446s][info ][gc,start       ] GC(76) Pause Young (Allocation Failure)
[3088.447s][debug][gc,phases      ] GC(76) Scavenge 1.557ms
[3088.447s][debug][gc,ref         ] GC(76) ReferenceProcessor::execute queues: 1, RefProcThreadModel::Single, marks_oops_alive: false
[3088.447s][debug][gc,ref         ] GC(76) Skipped KeepAliveFinalRefsPhase of Reference Processing: no references
[3088.447s][debug][gc,ref         ] GC(76) Skipped PhantomRefsPhase of Reference Processing: no references
[3088.447s][debug][gc,phases      ] GC(76) Reference Processing 0.083ms
[3088.448s][debug][gc,phases      ] GC(76)   VM Weak                        Min: 0.00, Avg: 0.00, Max: 0.01, Diff: 0.01, Sum: 0.01, Workers: 4
[3088.448s][debug][gc,phases      ] GC(76)     Dead                           Min: 0, Avg:  0.0, Max: 0, Diff: 0, Sum: 0, Workers: 4
[3088.448s][debug][gc,phases      ] GC(76)     Total                          Min: 0, Avg: 198.5, Max: 538, Diff: 538, Sum: 794, Workers: 4
[3088.448s][debug][gc,phases      ] GC(76)   ObjectSynchronizer Weak        Min: 0.00, Avg: 0.00, Max: 0.00, Diff: 0.00, Sum: 0.00, Workers: 4
[3088.448s][debug][gc,phases      ] GC(76)     Dead                           Min: 0, Avg:  0.0, Max: 0, Diff: 0, Sum: 0, Workers: 4
[3088.448s][debug][gc,phases      ] GC(76)     Total                          Min: 0, Avg:  1.5, Max: 6, Diff: 6, Sum: 6, Workers: 4
[3088.448s][debug][gc,phases      ] GC(76)   JVMTI Tag Weak OopStorage      Min: 0.00, Avg: 0.00, Max: 0.00, Diff: 0.00, Sum: 0.00, Workers: 4
[3088.448s][debug][gc,phases      ] GC(76)     Dead                           Min: 0, Avg:  0.0, Max: 0, Diff: 0, Sum: 0, Workers: 4
[3088.448s][debug][gc,phases      ] GC(76)     Total                          Min: 0, Avg:  0.0, Max: 0, Diff: 0, Sum: 0, Workers: 4
[3088.448s][debug][gc,phases      ] GC(76)   StringTable Weak               Min: 0.00, Avg: 0.10, Max: 0.13, Diff: 0.13, Sum: 0.39, Workers: 4
[3088.448s][debug][gc,phases      ] GC(76)     Dead                           Min: 0, Avg:  0.0, Max: 0, Diff: 0, Sum: 0, Workers: 4
[3088.448s][debug][gc,phases      ] GC(76)     Total                          Min: 0, Avg: 12348.8, Max: 20031, Diff: 20031, Sum: 49395, Workers: 4
[3088.448s][debug][gc,phases      ] GC(76)   ResolvedMethodTable Weak       Min: 0.00, Avg: 0.03, Max: 0.04, Diff: 0.04, Sum: 0.12, Workers: 4
[3088.448s][debug][gc,phases      ] GC(76)     Dead                           Min: 0, Avg:  5.0, Max: 20, Diff: 20, Sum: 20, Workers: 4
[3088.448s][debug][gc,phases      ] GC(76)     Total                          Min: 0, Avg: 3962.5, Max: 6453, Diff: 6453, Sum: 15850, Workers: 4
[3088.448s][debug][gc,phases      ] GC(76)   JNI Weak                       Min: 0.00, Avg: 0.00, Max: 0.00, Diff: 0.00, Sum: 0.00, Workers: 4
[3088.448s][debug][gc,phases      ] GC(76)     Dead                           Min: 0, Avg:  0.0, Max: 0, Diff: 0, Sum: 0, Workers: 4
[3088.448s][debug][gc,phases      ] GC(76)     Total                          Min: 0, Avg: 13.0, Max: 48, Diff: 48, Sum: 52, Workers: 4
[3088.448s][debug][gc,phases      ] GC(76)   StringDedup Table Weak         Min: 0.00, Avg: 0.00, Max: 0.00, Diff: 0.00, Sum: 0.00, Workers: 4
[3088.448s][debug][gc,phases      ] GC(76)     Dead                           Min: 0, Avg:  0.0, Max: 0, Diff: 0, Sum: 0, Workers: 4
[3088.448s][debug][gc,phases      ] GC(76)     Total                          Min: 0, Avg:  0.0, Max: 0, Diff: 0, Sum: 0, Workers: 4
[3088.448s][debug][gc,phases      ] GC(76)   StringDedup Requests0 Weak     Min: 0.00, Avg: 0.00, Max: 0.00, Diff: 0.00, Sum: 0.00, Workers: 4
[3088.448s][debug][gc,phases      ] GC(76)     Dead                           Min: 0, Avg:  0.0, Max: 0, Diff: 0, Sum: 0, Workers: 4
[3088.448s][debug][gc,phases      ] GC(76)     Total                          Min: 0, Avg:  0.0, Max: 0, Diff: 0, Sum: 0, Workers: 4
[3088.448s][debug][gc,phases      ] GC(76)   StringDedup Requests1 Weak     Min: 0.00, Avg: 0.00, Max: 0.00, Diff: 0.00, Sum: 0.00, Workers: 4
[3088.448s][debug][gc,phases      ] GC(76)     Dead                           Min: 0, Avg:  0.0, Max: 0, Diff: 0, Sum: 0, Workers: 4
[3088.448s][debug][gc,phases      ] GC(76)     Total                          Min: 0, Avg:  0.0, Max: 0, Diff: 0, Sum: 0, Workers: 4
[3088.448s][debug][gc,phases      ] GC(76)   Weak JFR Old Object Samples    Min: 0.00, Avg: 0.00, Max: 0.00, Diff: 0.00, Sum: 0.00, Workers: 4
[3088.448s][debug][gc,phases      ] GC(76)     Dead                           Min: 0, Avg:  0.0, Max: 0, Diff: 0, Sum: 0, Workers: 4
[3088.448s][debug][gc,phases      ] GC(76)     Total                          Min: 0, Avg:  0.0, Max: 0, Diff: 0, Sum: 0, Workers: 4
[3088.448s][debug][gc,phases      ] GC(76) Weak Processing 0.355ms
[3088.448s][debug][gc,age         ] GC(76) Desired survivor size 5767168 bytes, new threshold 1 (max threshold 15)
[3088.448s][info ][gc,heap        ] GC(76) PSYoungGen: 2085408K(2090496K)->2096K(2091520K) Eden: 2083840K(2083840K)->0K(2085376K) From: 1568K(6656K)->2096K(6144K)
[3088.448s][info ][gc,heap        ] GC(76) ParOldGen: 244393K(244736K)->244457K(244736K)
[3088.448s][info ][gc,metaspace   ] GC(76) Metaspace: 107321K(108352K)->107321K(108352K) NonClass: 91733K(92352K)->91733K(92352K) Class: 15588K(16000K)->15588K(16000K)
[3088.448s][info ][gc             ] GC(76) Pause Young (Allocation Failure) 2275M->240M(2281M) 2.094ms
[3088.448s][info ][gc,cpu         ] GC(76) User=0.00s Sys=0.00s Real=0.00s
[3088.448s][info ][safepoint      ] Safepoint "ParallelCollectForAllocation", Time since last: 50499447734 ns, Reaching safepoint: 76999 ns, At safepoint: 2147887 ns, Leaving safepoint: 6500 ns, Total: 2231386 ns, Threads: 1 runnable, 29 total
[3140.849s][info ][gc,start       ] GC(77) Pause Young (Allocation Failure)
[3140.850s][debug][gc,phases      ] GC(77) Scavenge 1.290ms
[3140.850s][debug][gc,ref         ] GC(77) ReferenceProcessor::execute queues: 1, RefProcThreadModel::Single, marks_oops_alive: false
[3140.850s][debug][gc,ref         ] GC(77) Skipped KeepAliveFinalRefsPhase of Reference Processing: no references
[3140.850s][debug][gc,ref         ] GC(77) Skipped PhantomRefsPhase of Reference Processing: no references
[3140.850s][debug][gc,phases      ] GC(77) Reference Processing 0.096ms
[3140.850s][debug][gc,phases      ] GC(77)   VM Weak                        Min: 0.00, Avg: 0.00, Max: 0.01, Diff: 0.01, Sum: 0.01, Workers: 4
[3140.850s][debug][gc,phases      ] GC(77)     Dead                           Min: 0, Avg:  0.0, Max: 0, Diff: 0, Sum: 0, Workers: 4
[3140.850s][debug][gc,phases      ] GC(77)     Total                          Min: 0, Avg: 198.5, Max: 602, Diff: 602, Sum: 794, Workers: 4
[3140.850s][debug][gc,phases      ] GC(77)   ObjectSynchronizer Weak        Min: 0.00, Avg: 0.00, Max: 0.00, Diff: 0.00, Sum: 0.00, Workers: 4
[3140.850s][debug][gc,phases      ] GC(77)     Dead                           Min: 0, Avg:  0.0, Max: 0, Diff: 0, Sum: 0, Workers: 4
[3140.850s][debug][gc,phases      ] GC(77)     Total                          Min: 0, Avg:  1.2, Max: 5, Diff: 5, Sum: 5, Workers: 4
[3140.850s][debug][gc,phases      ] GC(77)   JVMTI Tag Weak OopStorage      Min: 0.00, Avg: 0.00, Max: 0.00, Diff: 0.00, Sum: 0.00, Workers: 4
[3140.850s][debug][gc,phases      ] GC(77)     Dead                           Min: 0, Avg:  0.0, Max: 0, Diff: 0, Sum: 0, Workers: 4
[3140.850s][debug][gc,phases      ] GC(77)     Total                          Min: 0, Avg:  0.0, Max: 0, Diff: 0, Sum: 0, Workers: 4
[3140.850s][debug][gc,phases      ] GC(77)   StringTable Weak               Min: 0.05, Avg: 0.11, Max: 0.13, Diff: 0.08, Sum: 0.43, Workers: 4
[3140.850s][debug][gc,phases      ] GC(77)     Dead                           Min: 0, Avg:  0.0, Max: 0, Diff: 0, Sum: 0, Workers: 4
[3140.850s][debug][gc,phases      ] GC(77)     Total                          Min: 5376, Avg: 12348.8, Max: 15295, Diff: 9919, Sum: 49395, Workers: 4
[3140.850s][debug][gc,phases      ] GC(77)   ResolvedMethodTable Weak       Min: 0.04, Avg: 0.04, Max: 0.04, Diff: 0.00, Sum: 0.15, Workers: 4
[3140.850s][debug][gc,phases      ] GC(77)     Dead                           Min: 0, Avg:  5.0, Max: 20, Diff: 20, Sum: 20, Workers: 4
[3140.850s][debug][gc,phases      ] GC(77)     Total                          Min: 3804, Avg: 3962.5, Max: 4115, Diff: 311, Sum: 15850, Workers: 4
[3140.850s][debug][gc,phases      ] GC(77)   JNI Weak                       Min: 0.00, Avg: 0.00, Max: 0.00, Diff: 0.00, Sum: 0.00, Workers: 4
[3140.850s][debug][gc,phases      ] GC(77)     Dead                           Min: 0, Avg:  0.0, Max: 0, Diff: 0, Sum: 0, Workers: 4
[3140.850s][debug][gc,phases      ] GC(77)     Total                          Min: 0, Avg: 13.0, Max: 48, Diff: 48, Sum: 52, Workers: 4
[3140.850s][debug][gc,phases      ] GC(77)   StringDedup Table Weak         Min: 0.00, Avg: 0.00, Max: 0.00, Diff: 0.00, Sum: 0.00, Workers: 4
[3140.850s][debug][gc,phases      ] GC(77)     Dead                           Min: 0, Avg:  0.0, Max: 0, Diff: 0, Sum: 0, Workers: 4
[3140.850s][debug][gc,phases      ] GC(77)     Total                          Min: 0, Avg:  0.0, Max: 0, Diff: 0, Sum: 0, Workers: 4
[3140.850s][debug][gc,phases      ] GC(77)   StringDedup Requests0 Weak     Min: 0.00, Avg: 0.00, Max: 0.00, Diff: 0.00, Sum: 0.00, Workers: 4
[3140.850s][debug][gc,phases      ] GC(77)     Dead                           Min: 0, Avg:  0.0, Max: 0, Diff: 0, Sum: 0, Workers: 4
[3140.850s][debug][gc,phases      ] GC(77)     Total                          Min: 0, Avg:  0.0, Max: 0, Diff: 0, Sum: 0, Workers: 4
[3140.850s][debug][gc,phases      ] GC(77)   StringDedup Requests1 Weak     Min: 0.00, Avg: 0.00, Max: 0.00, Diff: 0.00, Sum: 0.00, Workers: 4
[3140.850s][debug][gc,phases      ] GC(77)     Dead                           Min: 0, Avg:  0.0, Max: 0, Diff: 0, Sum: 0, Workers: 4
[3140.850s][debug][gc,phases      ] GC(77)     Total                          Min: 0, Avg:  0.0, Max: 0, Diff: 0, Sum: 0, Workers: 4
[3140.850s][debug][gc,phases      ] GC(77)   Weak JFR Old Object Samples    Min: 0.00, Avg: 0.00, Max: 0.00, Diff: 0.00, Sum: 0.00, Workers: 4
[3140.850s][debug][gc,phases      ] GC(77)     Dead                           Min: 0, Avg:  0.0, Max: 0, Diff: 0, Sum: 0, Workers: 4
[3140.850s][debug][gc,phases      ] GC(77)     Total                          Min: 0, Avg:  0.0, Max: 0, Diff: 0, Sum: 0, Workers: 4
[3140.850s][debug][gc,phases      ] GC(77) Weak Processing 0.370ms
[3140.850s][debug][gc,age         ] GC(77) Desired survivor size 5767168 bytes, new threshold 1 (max threshold 15)
[3140.851s][info ][gc,heap        ] GC(77) PSYoungGen: 2087472K(2091520K)->1648K(2091008K) Eden: 2085376K(2085376K)->0K(2085376K) From: 2096K(6144K)->1648K(5632K)
[3140.851s][info ][gc,heap        ] GC(77) ParOldGen: 244457K(244736K)->244561K(244736K)
[3140.851s][info ][gc,metaspace   ] GC(77) Metaspace: 107333K(108352K)->107333K(108352K) NonClass: 91745K(92352K)->91745K(92352K) Class: 15588K(16000K)->15588K(16000K)
[3140.851s][info ][gc             ] GC(77) Pause Young (Allocation Failure) 2277M->240M(2281M) 1.884ms
[3140.851s][info ][gc,cpu         ] GC(77) User=0.01s Sys=0.00s Real=0.01s
[3140.851s][info ][safepoint      ] Safepoint "ParallelCollectForAllocation", Time since last: 52400701142 ns, Reaching safepoint: 4799 ns, At safepoint: 1960689 ns, Leaving safepoint: 3100 ns, Total: 1968588 ns, Threads: 0 runnable, 28 total
[3193.048s][info ][gc,start       ] GC(78) Pause Young (Allocation Failure)
[3193.050s][debug][gc,phases      ] GC(78) Scavenge 1.315ms
[3193.050s][debug][gc,ref         ] GC(78) ReferenceProcessor::execute queues: 1, RefProcThreadModel::Single, marks_oops_alive: false
[3193.050s][debug][gc,ref         ] GC(78) Skipped KeepAliveFinalRefsPhase of Reference Processing: no references
[3193.050s][debug][gc,ref         ] GC(78) Skipped PhantomRefsPhase of Reference Processing: no references
[3193.050s][debug][gc,phases      ] GC(78) Reference Processing 0.100ms
[3193.050s][debug][gc,phases      ] GC(78)   VM Weak                        Min: 0.00, Avg: 0.00, Max: 0.00, Diff: 0.00, Sum: 0.01, Workers: 4
[3193.050s][debug][gc,phases      ] GC(78)     Dead                           Min: 0, Avg:  0.0, Max: 0, Diff: 0, Sum: 0, Workers: 4
[3193.050s][debug][gc,phases      ] GC(78)     Total                          Min: 0, Avg: 198.5, Max: 410, Diff: 410, Sum: 794, Workers: 4
[3193.050s][debug][gc,phases      ] GC(78)   ObjectSynchronizer Weak        Min: 0.00, Avg: 0.00, Max: 0.00, Diff: 0.00, Sum: 0.00, Workers: 4
[3193.050s][debug][gc,phases      ] GC(78)     Dead                           Min: 0, Avg:  0.0, Max: 0, Diff: 0, Sum: 0, Workers: 4
[3193.050s][debug][gc,phases      ] GC(78)     Total                          Min: 0, Avg:  1.2, Max: 5, Diff: 5, Sum: 5, Workers: 4
[3193.050s][debug][gc,phases      ] GC(78)   JVMTI Tag Weak OopStorage      Min: 0.00, Avg: 0.00, Max: 0.00, Diff: 0.00, Sum: 0.00, Workers: 4
[3193.050s][debug][gc,phases      ] GC(78)     Dead                           Min: 0, Avg:  0.0, Max: 0, Diff: 0, Sum: 0, Workers: 4
[3193.050s][debug][gc,phases      ] GC(78)     Total                          Min: 0, Avg:  0.0, Max: 0, Diff: 0, Sum: 0, Workers: 4
[3193.050s][debug][gc,phases      ] GC(78)   StringTable Weak               Min: 0.11, Avg: 0.11, Max: 0.11, Diff: 0.00, Sum: 0.43, Workers: 4
[3193.050s][debug][gc,phases      ] GC(78)     Dead                           Min: 0, Avg:  0.0, Max: 0, Diff: 0, Sum: 0, Workers: 4
[3193.050s][debug][gc,phases      ] GC(78)     Total                          Min: 12096, Avg: 12348.8, Max: 12543, Diff: 447, Sum: 49395, Workers: 4
[3193.050s][debug][gc,phases      ] GC(78)   ResolvedMethodTable Weak       Min: 0.04, Avg: 0.04, Max: 0.04, Diff: 0.00, Sum: 0.15, Workers: 4
[3193.050s][debug][gc,phases      ] GC(78)     Dead                           Min: 0, Avg:  5.0, Max: 20, Diff: 20, Sum: 20, Workers: 4
[3193.050s][debug][gc,phases      ] GC(78)     Total                          Min: 3811, Avg: 3962.5, Max: 4109, Diff: 298, Sum: 15850, Workers: 4
[3193.050s][debug][gc,phases      ] GC(78)   JNI Weak                       Min: 0.00, Avg: 0.00, Max: 0.00, Diff: 0.00, Sum: 0.00, Workers: 4
[3193.050s][debug][gc,phases      ] GC(78)     Dead                           Min: 0, Avg:  0.0, Max: 0, Diff: 0, Sum: 0, Workers: 4
[3193.050s][debug][gc,phases      ] GC(78)     Total                          Min: 0, Avg: 13.0, Max: 48, Diff: 48, Sum: 52, Workers: 4
[3193.050s][debug][gc,phases      ] GC(78)   StringDedup Table Weak         Min: 0.00, Avg: 0.00, Max: 0.00, Diff: 0.00, Sum: 0.00, Workers: 4
[3193.050s][debug][gc,phases      ] GC(78)     Dead                           Min: 0, Avg:  0.0, Max: 0, Diff: 0, Sum: 0, Workers: 4
[3193.050s][debug][gc,phases      ] GC(78)     Total                          Min: 0, Avg:  0.0, Max: 0, Diff: 0, Sum: 0, Workers: 4
[3193.050s][debug][gc,phases      ] GC(78)   StringDedup Requests0 Weak     Min: 0.00, Avg: 0.00, Max: 0.00, Diff: 0.00, Sum: 0.00, Workers: 4
[3193.050s][debug][gc,phases      ] GC(78)     Dead                           Min: 0, Avg:  0.0, Max: 0, Diff: 0, Sum: 0, Workers: 4
[3193.050s][debug][gc,phases      ] GC(78)     Total                          Min: 0, Avg:  0.0, Max: 0, Diff: 0, Sum: 0, Workers: 4
[3193.050s][debug][gc,phases      ] GC(78)   StringDedup Requests1 Weak     Min: 0.00, Avg: 0.00, Max: 0.00, Diff: 0.00, Sum: 0.00, Workers: 4
[3193.050s][debug][gc,phases      ] GC(78)     Dead                           Min: 0, Avg:  0.0, Max: 0, Diff: 0, Sum: 0, Workers: 4
[3193.050s][debug][gc,phases      ] GC(78)     Total                          Min: 0, Avg:  0.0, Max: 0, Diff: 0, Sum: 0, Workers: 4
[3193.050s][debug][gc,phases      ] GC(78)   Weak JFR Old Object Samples    Min: 0.00, Avg: 0.00, Max: 0.00, Diff: 0.00, Sum: 0.00, Workers: 4
[3193.050s][debug][gc,phases      ] GC(78)     Dead                           Min: 0, Avg:  0.0, Max: 0, Diff: 0, Sum: 0, Workers: 4
[3193.050s][debug][gc,phases      ] GC(78)     Total                          Min: 0, Avg:  0.0, Max: 0, Diff: 0, Sum: 0, Workers: 4
[3193.050s][debug][gc,phases      ] GC(78) Weak Processing 0.333ms
[3193.050s][debug][gc,age         ] GC(78) Desired survivor size 5242880 bytes, new threshold 1 (max threshold 15)
[3193.050s][info ][gc,heap        ] GC(78) PSYoungGen: 2087024K(2091008K)->1552K(2092032K) Eden: 2085376K(2085376K)->0K(2086400K) From: 1648K(5632K)->1552K(5632K)
[3193.050s][info ][gc,heap        ] GC(78) ParOldGen: 244561K(244736K)->244665K(244736K)
[3193.050s][info ][gc,metaspace   ] GC(78) Metaspace: 107335K(108352K)->107335K(108352K) NonClass: 91747K(92352K)->91747K(92352K) Class: 15588K(16000K)->15588K(16000K)
[3193.050s][info ][gc             ] GC(78) Pause Young (Allocation Failure) 2276M->240M(2282M) 1.870ms
[3193.050s][info ][gc,cpu         ] GC(78) User=0.00s Sys=0.00s Real=0.01s
[3193.050s][info ][safepoint      ] Safepoint "ParallelCollectForAllocation", Time since last: 52197632541 ns, Reaching safepoint: 5400 ns, At safepoint: 1928388 ns, Leaving safepoint: 2700 ns, Total: 1936488 ns, Threads: 0 runnable, 27 total
[3245.195s][info ][gc,start       ] GC(79) Pause Young (Allocation Failure)
[3245.196s][debug][gc,phases      ] GC(79) Scavenge 1.265ms
[3245.196s][debug][gc,ref         ] GC(79) ReferenceProcessor::execute queues: 1, RefProcThreadModel::Single, marks_oops_alive: false
[3245.196s][debug][gc,ref         ] GC(79) Skipped KeepAliveFinalRefsPhase of Reference Processing: no references
[3245.196s][debug][gc,ref         ] GC(79) Skipped PhantomRefsPhase of Reference Processing: no references
[3245.196s][debug][gc,phases      ] GC(79) Reference Processing 0.095ms
[3245.197s][debug][gc,phases      ] GC(79)   VM Weak                        Min: 0.00, Avg: 0.00, Max: 0.01, Diff: 0.01, Sum: 0.01, Workers: 4
[3245.197s][debug][gc,phases      ] GC(79)     Dead                           Min: 0, Avg:  0.0, Max: 0, Diff: 0, Sum: 0, Workers: 4
[3245.197s][debug][gc,phases      ] GC(79)     Total                          Min: 0, Avg: 198.5, Max: 794, Diff: 794, Sum: 794, Workers: 4
[3245.197s][debug][gc,phases      ] GC(79)   ObjectSynchronizer Weak        Min: 0.00, Avg: 0.00, Max: 0.00, Diff: 0.00, Sum: 0.00, Workers: 4
[3245.197s][debug][gc,phases      ] GC(79)     Dead                           Min: 0, Avg:  0.0, Max: 0, Diff: 0, Sum: 0, Workers: 4
[3245.197s][debug][gc,phases      ] GC(79)     Total                          Min: 0, Avg:  1.2, Max: 5, Diff: 5, Sum: 5, Workers: 4
[3245.197s][debug][gc,phases      ] GC(79)   JVMTI Tag Weak OopStorage      Min: 0.00, Avg: 0.00, Max: 0.00, Diff: 0.00, Sum: 0.00, Workers: 4
[3245.197s][debug][gc,phases      ] GC(79)     Dead                           Min: 0, Avg:  0.0, Max: 0, Diff: 0, Sum: 0, Workers: 4
[3245.197s][debug][gc,phases      ] GC(79)     Total                          Min: 0, Avg:  0.0, Max: 0, Diff: 0, Sum: 0, Workers: 4
[3245.197s][debug][gc,phases      ] GC(79)   StringTable Weak               Min: 0.00, Avg: 0.11, Max: 0.15, Diff: 0.15, Sum: 0.44, Workers: 4
[3245.197s][debug][gc,phases      ] GC(79)     Dead                           Min: 0, Avg:  0.0, Max: 0, Diff: 0, Sum: 0, Workers: 4
[3245.197s][debug][gc,phases      ] GC(79)     Total                          Min: 0, Avg: 12348.8, Max: 21759, Diff: 21759, Sum: 49395, Workers: 4
[3245.197s][debug][gc,phases      ] GC(79)   ResolvedMethodTable Weak       Min: 0.00, Avg: 0.04, Max: 0.05, Diff: 0.05, Sum: 0.15, Workers: 4
[3245.197s][debug][gc,phases      ] GC(79)     Dead                           Min: 0, Avg:  5.0, Max: 20, Diff: 20, Sum: 20, Workers: 4
[3245.197s][debug][gc,phases      ] GC(79)     Total                          Min: 0, Avg: 3962.5, Max: 5867, Diff: 5867, Sum: 15850, Workers: 4
[3245.197s][debug][gc,phases      ] GC(79)   JNI Weak                       Min: 0.00, Avg: 0.00, Max: 0.00, Diff: 0.00, Sum: 0.00, Workers: 4
[3245.197s][debug][gc,phases      ] GC(79)     Dead                           Min: 0, Avg:  0.0, Max: 0, Diff: 0, Sum: 0, Workers: 4
[3245.197s][debug][gc,phases      ] GC(79)     Total                          Min: 0, Avg: 13.0, Max: 48, Diff: 48, Sum: 52, Workers: 4
[3245.197s][debug][gc,phases      ] GC(79)   StringDedup Table Weak         Min: 0.00, Avg: 0.00, Max: 0.00, Diff: 0.00, Sum: 0.00, Workers: 4
[3245.197s][debug][gc,phases      ] GC(79)     Dead                           Min: 0, Avg:  0.0, Max: 0, Diff: 0, Sum: 0, Workers: 4
[3245.197s][debug][gc,phases      ] GC(79)     Total                          Min: 0, Avg:  0.0, Max: 0, Diff: 0, Sum: 0, Workers: 4
[3245.197s][debug][gc,phases      ] GC(79)   StringDedup Requests0 Weak     Min: 0.00, Avg: 0.00, Max: 0.00, Diff: 0.00, Sum: 0.00, Workers: 4
[3245.197s][debug][gc,phases      ] GC(79)     Dead                           Min: 0, Avg:  0.0, Max: 0, Diff: 0, Sum: 0, Workers: 4
[3245.197s][debug][gc,phases      ] GC(79)     Total                          Min: 0, Avg:  0.0, Max: 0, Diff: 0, Sum: 0, Workers: 4
[3245.197s][debug][gc,phases      ] GC(79)   StringDedup Requests1 Weak     Min: 0.00, Avg: 0.00, Max: 0.00, Diff: 0.00, Sum: 0.00, Workers: 4
[3245.197s][debug][gc,phases      ] GC(79)     Dead                           Min: 0, Avg:  0.0, Max: 0, Diff: 0, Sum: 0, Workers: 4
[3245.197s][debug][gc,phases      ] GC(79)     Total                          Min: 0, Avg:  0.0, Max: 0, Diff: 0, Sum: 0, Workers: 4
[3245.197s][debug][gc,phases      ] GC(79)   Weak JFR Old Object Samples    Min: 0.00, Avg: 0.00, Max: 0.00, Diff: 0.00, Sum: 0.00, Workers: 4
[3245.197s][debug][gc,phases      ] GC(79)     Dead                           Min: 0, Avg:  0.0, Max: 0, Diff: 0, Sum: 0, Workers: 4
[3245.197s][debug][gc,phases      ] GC(79)     Total                          Min: 0, Avg:  0.0, Max: 0, Diff: 0, Sum: 0, Workers: 4
[3245.197s][debug][gc,phases      ] GC(79) Weak Processing 0.400ms
[3245.197s][debug][gc,age         ] GC(79) Desired survivor size 5242880 bytes, new threshold 1 (max threshold 15)
[3245.197s][info ][gc,heap        ] GC(79) PSYoungGen: 2087952K(2092032K)->1568K(2091520K) Eden: 2086400K(2086400K)->0K(2086400K) From: 1552K(5632K)->1568K(5120K)
[3245.197s][info ][gc,heap        ] GC(79) ParOldGen: 244665K(244736K)->244761K(245248K)
[3245.197s][info ][gc,metaspace   ] GC(79) Metaspace: 107335K(108352K)->107335K(108352K) NonClass: 91747K(92352K)->91747K(92352K) Class: 15588K(16000K)->15588K(16000K)
[3245.197s][info ][gc             ] GC(79) Pause Young (Allocation Failure) 2277M->240M(2282M) 1.873ms
[3245.197s][info ][gc,cpu         ] GC(79) User=0.00s Sys=0.00s Real=0.00s
[3245.197s][info ][safepoint      ] Safepoint "ParallelCollectForAllocation", Time since last: 52144577255 ns, Reaching safepoint: 107899 ns, At safepoint: 1941789 ns, Leaving safepoint: 9900 ns, Total: 2059588 ns, Threads: 1 runnable, 27 total
[3297.844s][info ][gc,start       ] GC(80) Pause Young (Allocation Failure)
[3297.846s][debug][gc,phases      ] GC(80) Scavenge 1.211ms
[3297.846s][debug][gc,ref         ] GC(80) ReferenceProcessor::execute queues: 1, RefProcThreadModel::Single, marks_oops_alive: false
[3297.846s][debug][gc,ref         ] GC(80) Skipped KeepAliveFinalRefsPhase of Reference Processing: no references
[3297.846s][debug][gc,ref         ] GC(80) Skipped PhantomRefsPhase of Reference Processing: no references
[3297.846s][debug][gc,phases      ] GC(80) Reference Processing 0.096ms
[3297.846s][debug][gc,phases      ] GC(80)   VM Weak                        Min: 0.00, Avg: 0.00, Max: 0.01, Diff: 0.01, Sum: 0.01, Workers: 4
[3297.846s][debug][gc,phases      ] GC(80)     Dead                           Min: 0, Avg:  0.0, Max: 0, Diff: 0, Sum: 0, Workers: 4
[3297.846s][debug][gc,phases      ] GC(80)     Total                          Min: 0, Avg: 198.5, Max: 794, Diff: 794, Sum: 794, Workers: 4
[3297.846s][debug][gc,phases      ] GC(80)   ObjectSynchronizer Weak        Min: 0.00, Avg: 0.00, Max: 0.00, Diff: 0.00, Sum: 0.00, Workers: 4
[3297.846s][debug][gc,phases      ] GC(80)     Dead                           Min: 0, Avg:  0.0, Max: 0, Diff: 0, Sum: 0, Workers: 4
[3297.846s][debug][gc,phases      ] GC(80)     Total                          Min: 0, Avg:  1.2, Max: 5, Diff: 5, Sum: 5, Workers: 4
[3297.846s][debug][gc,phases      ] GC(80)   JVMTI Tag Weak OopStorage      Min: 0.00, Avg: 0.00, Max: 0.00, Diff: 0.00, Sum: 0.00, Workers: 4
[3297.846s][debug][gc,phases      ] GC(80)     Dead                           Min: 0, Avg:  0.0, Max: 0, Diff: 0, Sum: 0, Workers: 4
[3297.846s][debug][gc,phases      ] GC(80)     Total                          Min: 0, Avg:  0.0, Max: 0, Diff: 0, Sum: 0, Workers: 4
[3297.846s][debug][gc,phases      ] GC(80)   StringTable Weak               Min: 0.00, Avg: 0.10, Max: 0.15, Diff: 0.15, Sum: 0.40, Workers: 4
[3297.846s][debug][gc,phases      ] GC(80)     Dead                           Min: 0, Avg:  0.0, Max: 0, Diff: 0, Sum: 0, Workers: 4
[3297.846s][debug][gc,phases      ] GC(80)     Total                          Min: 0, Avg: 12348.8, Max: 21056, Diff: 21056, Sum: 49395, Workers: 4
[3297.846s][debug][gc,phases      ] GC(80)   ResolvedMethodTable Weak       Min: 0.00, Avg: 0.03, Max: 0.06, Diff: 0.06, Sum: 0.13, Workers: 4
[3297.846s][debug][gc,phases      ] GC(80)     Dead                           Min: 0, Avg:  5.0, Max: 20, Diff: 20, Sum: 20, Workers: 4
[3297.846s][debug][gc,phases      ] GC(80)     Total                          Min: 0, Avg: 3962.5, Max: 6337, Diff: 6337, Sum: 15850, Workers: 4
[3297.846s][debug][gc,phases      ] GC(80)   JNI Weak                       Min: 0.00, Avg: 0.00, Max: 0.00, Diff: 0.00, Sum: 0.00, Workers: 4
[3297.846s][debug][gc,phases      ] GC(80)     Dead                           Min: 0, Avg:  0.0, Max: 0, Diff: 0, Sum: 0, Workers: 4
[3297.846s][debug][gc,phases      ] GC(80)     Total                          Min: 0, Avg: 13.0, Max: 48, Diff: 48, Sum: 52, Workers: 4
[3297.846s][debug][gc,phases      ] GC(80)   StringDedup Table Weak         Min: 0.00, Avg: 0.00, Max: 0.00, Diff: 0.00, Sum: 0.00, Workers: 4
[3297.846s][debug][gc,phases      ] GC(80)     Dead                           Min: 0, Avg:  0.0, Max: 0, Diff: 0, Sum: 0, Workers: 4
[3297.846s][debug][gc,phases      ] GC(80)     Total                          Min: 0, Avg:  0.0, Max: 0, Diff: 0, Sum: 0, Workers: 4
[3297.846s][debug][gc,phases      ] GC(80)   StringDedup Requests0 Weak     Min: 0.00, Avg: 0.00, Max: 0.00, Diff: 0.00, Sum: 0.00, Workers: 4
[3297.846s][debug][gc,phases      ] GC(80)     Dead                           Min: 0, Avg:  0.0, Max: 0, Diff: 0, Sum: 0, Workers: 4
[3297.846s][debug][gc,phases      ] GC(80)     Total                          Min: 0, Avg:  0.0, Max: 0, Diff: 0, Sum: 0, Workers: 4
[3297.846s][debug][gc,phases      ] GC(80)   StringDedup Requests1 Weak     Min: 0.00, Avg: 0.00, Max: 0.00, Diff: 0.00, Sum: 0.00, Workers: 4
[3297.846s][debug][gc,phases      ] GC(80)     Dead                           Min: 0, Avg:  0.0, Max: 0, Diff: 0, Sum: 0, Workers: 4
[3297.846s][debug][gc,phases      ] GC(80)     Total                          Min: 0, Avg:  0.0, Max: 0, Diff: 0, Sum: 0, Workers: 4
[3297.846s][debug][gc,phases      ] GC(80)   Weak JFR Old Object Samples    Min: 0.00, Avg: 0.00, Max: 0.00, Diff: 0.00, Sum: 0.00, Workers: 4
[3297.846s][debug][gc,phases      ] GC(80)     Dead                           Min: 0, Avg:  0.0, Max: 0, Diff: 0, Sum: 0, Workers: 4
[3297.846s][debug][gc,phases      ] GC(80)     Total                          Min: 0, Avg:  0.0, Max: 0, Diff: 0, Sum: 0, Workers: 4
[3297.846s][debug][gc,phases      ] GC(80) Weak Processing 0.382ms
[3297.846s][debug][gc,age         ] GC(80) Desired survivor size 4718592 bytes, new threshold 1 (max threshold 15)
[3297.846s][info ][gc,heap        ] GC(80) PSYoungGen: 2087968K(2091520K)->1472K(2092544K) Eden: 2086400K(2086400K)->0K(2087424K) From: 1568K(5120K)->1472K(5120K)
[3297.846s][info ][gc,heap        ] GC(80) ParOldGen: 244761K(245248K)->244929K(245248K)
[3297.846s][info ][gc,metaspace   ] GC(80) Metaspace: 107337K(108352K)->107337K(108352K) NonClass: 91749K(92352K)->91749K(92352K) Class: 15588K(16000K)->15588K(16000K)
[3297.846s][info ][gc             ] GC(80) Pause Young (Allocation Failure) 2278M->240M(2283M) 1.802ms
[3297.846s][info ][gc,cpu         ] GC(80) User=0.01s Sys=0.00s Real=0.00s
[3297.846s][info ][safepoint      ] Safepoint "ParallelCollectForAllocation", Time since last: 52647546918 ns, Reaching safepoint: 5800 ns, At safepoint: 1857989 ns, Leaving safepoint: 2300 ns, Total: 1866089 ns, Threads: 0 runnable, 28 total
[3348.216s][info ][gc,start       ] GC(81) Pause Young (Allocation Failure)
[3348.218s][debug][gc,phases      ] GC(81) Scavenge 1.463ms
[3348.218s][debug][gc,ref         ] GC(81) ReferenceProcessor::execute queues: 1, RefProcThreadModel::Single, marks_oops_alive: false
[3348.218s][debug][gc,ref         ] GC(81) Skipped KeepAliveFinalRefsPhase of Reference Processing: no references
[3348.218s][debug][gc,ref         ] GC(81) Skipped PhantomRefsPhase of Reference Processing: no references
[3348.218s][debug][gc,phases      ] GC(81) Reference Processing 0.087ms
[3348.218s][debug][gc,phases      ] GC(81)   VM Weak                        Min: 0.00, Avg: 0.00, Max: 0.01, Diff: 0.01, Sum: 0.01, Workers: 4
[3348.218s][debug][gc,phases      ] GC(81)     Dead                           Min: 0, Avg:  0.0, Max: 0, Diff: 0, Sum: 0, Workers: 4
[3348.218s][debug][gc,phases      ] GC(81)     Total                          Min: 0, Avg: 198.5, Max: 794, Diff: 794, Sum: 794, Workers: 4
[3348.218s][debug][gc,phases      ] GC(81)   ObjectSynchronizer Weak        Min: 0.00, Avg: 0.00, Max: 0.00, Diff: 0.00, Sum: 0.00, Workers: 4
[3348.218s][debug][gc,phases      ] GC(81)     Dead                           Min: 0, Avg:  0.0, Max: 0, Diff: 0, Sum: 0, Workers: 4
[3348.218s][debug][gc,phases      ] GC(81)     Total                          Min: 0, Avg:  1.2, Max: 5, Diff: 5, Sum: 5, Workers: 4
[3348.218s][debug][gc,phases      ] GC(81)   JVMTI Tag Weak OopStorage      Min: 0.00, Avg: 0.00, Max: 0.00, Diff: 0.00, Sum: 0.00, Workers: 4
[3348.218s][debug][gc,phases      ] GC(81)     Dead                           Min: 0, Avg:  0.0, Max: 0, Diff: 0, Sum: 0, Workers: 4
[3348.218s][debug][gc,phases      ] GC(81)     Total                          Min: 0, Avg:  0.0, Max: 0, Diff: 0, Sum: 0, Workers: 4
[3348.218s][debug][gc,phases      ] GC(81)   StringTable Weak               Min: 0.10, Avg: 0.11, Max: 0.11, Diff: 0.01, Sum: 0.43, Workers: 4
[3348.218s][debug][gc,phases      ] GC(81)     Dead                           Min: 0, Avg:  0.0, Max: 0, Diff: 0, Sum: 0, Workers: 4
[3348.218s][debug][gc,phases      ] GC(81)     Total                          Min: 11956, Avg: 12348.8, Max: 12735, Diff: 779, Sum: 49395, Workers: 4
[3348.218s][debug][gc,phases      ] GC(81)   ResolvedMethodTable Weak       Min: 0.04, Avg: 0.04, Max: 0.04, Diff: 0.00, Sum: 0.15, Workers: 4
[3348.218s][debug][gc,phases      ] GC(81)     Dead                           Min: 0, Avg:  5.0, Max: 20, Diff: 20, Sum: 20, Workers: 4
[3348.218s][debug][gc,phases      ] GC(81)     Total                          Min: 3810, Avg: 3962.5, Max: 4109, Diff: 299, Sum: 15850, Workers: 4
[3348.218s][debug][gc,phases      ] GC(81)   JNI Weak                       Min: 0.00, Avg: 0.00, Max: 0.00, Diff: 0.00, Sum: 0.00, Workers: 4
[3348.218s][debug][gc,phases      ] GC(81)     Dead                           Min: 0, Avg:  0.0, Max: 0, Diff: 0, Sum: 0, Workers: 4
[3348.218s][debug][gc,phases      ] GC(81)     Total                          Min: 0, Avg: 13.0, Max: 48, Diff: 48, Sum: 52, Workers: 4
[3348.218s][debug][gc,phases      ] GC(81)   StringDedup Table Weak         Min: 0.00, Avg: 0.00, Max: 0.00, Diff: 0.00, Sum: 0.00, Workers: 4
[3348.218s][debug][gc,phases      ] GC(81)     Dead                           Min: 0, Avg:  0.0, Max: 0, Diff: 0, Sum: 0, Workers: 4
[3348.218s][debug][gc,phases      ] GC(81)     Total                          Min: 0, Avg:  0.0, Max: 0, Diff: 0, Sum: 0, Workers: 4
[3348.218s][debug][gc,phases      ] GC(81)   StringDedup Requests0 Weak     Min: 0.00, Avg: 0.00, Max: 0.00, Diff: 0.00, Sum: 0.00, Workers: 4
[3348.218s][debug][gc,phases      ] GC(81)     Dead                           Min: 0, Avg:  0.0, Max: 0, Diff: 0, Sum: 0, Workers: 4
[3348.218s][debug][gc,phases      ] GC(81)     Total                          Min: 0, Avg:  0.0, Max: 0, Diff: 0, Sum: 0, Workers: 4
[3348.218s][debug][gc,phases      ] GC(81)   StringDedup Requests1 Weak     Min: 0.00, Avg: 0.00, Max: 0.00, Diff: 0.00, Sum: 0.00, Workers: 4
[3348.218s][debug][gc,phases      ] GC(81)     Dead                           Min: 0, Avg:  0.0, Max: 0, Diff: 0, Sum: 0, Workers: 4
[3348.218s][debug][gc,phases      ] GC(81)     Total                          Min: 0, Avg:  0.0, Max: 0, Diff: 0, Sum: 0, Workers: 4
[3348.218s][debug][gc,phases      ] GC(81)   Weak JFR Old Object Samples    Min: 0.00, Avg: 0.00, Max: 0.00, Diff: 0.00, Sum: 0.00, Workers: 4
[3348.218s][debug][gc,phases      ] GC(81)     Dead                           Min: 0, Avg:  0.0, Max: 0, Diff: 0, Sum: 0, Workers: 4
[3348.218s][debug][gc,phases      ] GC(81)     Total                          Min: 0, Avg:  0.0, Max: 0, Diff: 0, Sum: 0, Workers: 4
[3348.218s][debug][gc,phases      ] GC(81) Weak Processing 0.383ms
[3348.218s][debug][gc,age         ] GC(81) Desired survivor size 4718592 bytes, new threshold 1 (max threshold 15)
[3348.218s][info ][gc,heap        ] GC(81) PSYoungGen: 2088896K(2092544K)->1376K(2092032K) Eden: 2087424K(2087424K)->0K(2087424K) From: 1472K(5120K)->1376K(4608K)
[3348.218s][info ][gc,heap        ] GC(81) ParOldGen: 244929K(245248K)->245133K(245248K)
[3348.218s][info ][gc,metaspace   ] GC(81) Metaspace: 107340K(108352K)->107340K(108352K) NonClass: 91752K(92352K)->91752K(92352K) Class: 15588K(16000K)->15588K(16000K)
[3348.218s][info ][gc             ] GC(81) Pause Young (Allocation Failure) 2279M->240M(2282M) 2.036ms
[3348.218s][info ][gc,cpu         ] GC(81) User=0.00s Sys=0.00s Real=0.00s
[3348.218s][info ][safepoint      ] Safepoint "ParallelCollectForAllocation", Time since last: 50370116044 ns, Reaching safepoint: 22600 ns, At safepoint: 2100587 ns, Leaving safepoint: 1900 ns, Total: 2125087 ns, Threads: 0 runnable, 32 total
[3398.396s][info ][gc,start       ] GC(82) Pause Young (Allocation Failure)
[3398.398s][debug][gc,phases      ] GC(82) Scavenge 1.824ms
[3398.398s][debug][gc,ref         ] GC(82) ReferenceProcessor::execute queues: 1, RefProcThreadModel::Single, marks_oops_alive: false
[3398.398s][debug][gc,ref         ] GC(82) Skipped KeepAliveFinalRefsPhase of Reference Processing: no references
[3398.398s][debug][gc,ref         ] GC(82) Skipped PhantomRefsPhase of Reference Processing: no references
[3398.398s][debug][gc,phases      ] GC(82) Reference Processing 0.098ms
[3398.398s][debug][gc,phases      ] GC(82)   VM Weak                        Min: 0.00, Avg: 0.00, Max: 0.01, Diff: 0.01, Sum: 0.01, Workers: 4
[3398.398s][debug][gc,phases      ] GC(82)     Dead                           Min: 0, Avg:  0.0, Max: 0, Diff: 0, Sum: 0, Workers: 4
[3398.398s][debug][gc,phases      ] GC(82)     Total                          Min: 0, Avg: 198.5, Max: 474, Diff: 474, Sum: 794, Workers: 4
[3398.398s][debug][gc,phases      ] GC(82)   ObjectSynchronizer Weak        Min: 0.00, Avg: 0.00, Max: 0.00, Diff: 0.00, Sum: 0.00, Workers: 4
[3398.398s][debug][gc,phases      ] GC(82)     Dead                           Min: 0, Avg:  0.0, Max: 0, Diff: 0, Sum: 0, Workers: 4
[3398.398s][debug][gc,phases      ] GC(82)     Total                          Min: 0, Avg:  1.2, Max: 5, Diff: 5, Sum: 5, Workers: 4
[3398.398s][debug][gc,phases      ] GC(82)   JVMTI Tag Weak OopStorage      Min: 0.00, Avg: 0.00, Max: 0.00, Diff: 0.00, Sum: 0.00, Workers: 4
[3398.398s][debug][gc,phases      ] GC(82)     Dead                           Min: 0, Avg:  0.0, Max: 0, Diff: 0, Sum: 0, Workers: 4
[3398.398s][debug][gc,phases      ] GC(82)     Total                          Min: 0, Avg:  0.0, Max: 0, Diff: 0, Sum: 0, Workers: 4
[3398.398s][debug][gc,phases      ] GC(82)   StringTable Weak               Min: 0.00, Avg: 0.09, Max: 0.12, Diff: 0.12, Sum: 0.36, Workers: 4
[3398.398s][debug][gc,phases      ] GC(82)     Dead                           Min: 0, Avg:  0.0, Max: 0, Diff: 0, Sum: 0, Workers: 4
[3398.398s][debug][gc,phases      ] GC(82)     Total                          Min: 0, Avg: 12348.8, Max: 21236, Diff: 21236, Sum: 49395, Workers: 4
[3398.398s][debug][gc,phases      ] GC(82)   ResolvedMethodTable Weak       Min: 0.00, Avg: 0.03, Max: 0.04, Diff: 0.04, Sum: 0.12, Workers: 4
[3398.398s][debug][gc,phases      ] GC(82)     Dead                           Min: 0, Avg:  5.0, Max: 20, Diff: 20, Sum: 20, Workers: 4
[3398.398s][debug][gc,phases      ] GC(82)     Total                          Min: 0, Avg: 3962.5, Max: 6414, Diff: 6414, Sum: 15850, Workers: 4
[3398.398s][debug][gc,phases      ] GC(82)   JNI Weak                       Min: 0.00, Avg: 0.00, Max: 0.00, Diff: 0.00, Sum: 0.00, Workers: 4
[3398.398s][debug][gc,phases      ] GC(82)     Dead                           Min: 0, Avg:  0.0, Max: 0, Diff: 0, Sum: 0, Workers: 4
[3398.398s][debug][gc,phases      ] GC(82)     Total                          Min: 0, Avg: 13.0, Max: 48, Diff: 48, Sum: 52, Workers: 4
[3398.398s][debug][gc,phases      ] GC(82)   StringDedup Table Weak         Min: 0.00, Avg: 0.00, Max: 0.00, Diff: 0.00, Sum: 0.00, Workers: 4
[3398.398s][debug][gc,phases      ] GC(82)     Dead                           Min: 0, Avg:  0.0, Max: 0, Diff: 0, Sum: 0, Workers: 4
[3398.398s][debug][gc,phases      ] GC(82)     Total                          Min: 0, Avg:  0.0, Max: 0, Diff: 0, Sum: 0, Workers: 4
[3398.398s][debug][gc,phases      ] GC(82)   StringDedup Requests0 Weak     Min: 0.00, Avg: 0.00, Max: 0.00, Diff: 0.00, Sum: 0.00, Workers: 4
[3398.398s][debug][gc,phases      ] GC(82)     Dead                           Min: 0, Avg:  0.0, Max: 0, Diff: 0, Sum: 0, Workers: 4
[3398.398s][debug][gc,phases      ] GC(82)     Total                          Min: 0, Avg:  0.0, Max: 0, Diff: 0, Sum: 0, Workers: 4
[3398.398s][debug][gc,phases      ] GC(82)   StringDedup Requests1 Weak     Min: 0.00, Avg: 0.00, Max: 0.00, Diff: 0.00, Sum: 0.00, Workers: 4
[3398.398s][debug][gc,phases      ] GC(82)     Dead                           Min: 0, Avg:  0.0, Max: 0, Diff: 0, Sum: 0, Workers: 4
[3398.398s][debug][gc,phases      ] GC(82)     Total                          Min: 0, Avg:  0.0, Max: 0, Diff: 0, Sum: 0, Workers: 4
[3398.398s][debug][gc,phases      ] GC(82)   Weak JFR Old Object Samples    Min: 0.00, Avg: 0.00, Max: 0.00, Diff: 0.00, Sum: 0.00, Workers: 4
[3398.398s][debug][gc,phases      ] GC(82)     Dead                           Min: 0, Avg:  0.0, Max: 0, Diff: 0, Sum: 0, Workers: 4
[3398.398s][debug][gc,phases      ] GC(82)     Total                          Min: 0, Avg:  0.0, Max: 0, Diff: 0, Sum: 0, Workers: 4
[3398.398s][debug][gc,phases      ] GC(82) Weak Processing 0.370ms
[3398.398s][debug][gc,age         ] GC(82) Desired survivor size 4718592 bytes, new threshold 1 (max threshold 15)
[3398.398s][info ][gc,heap        ] GC(82) PSYoungGen: 2088800K(2092032K)->3120K(2092544K) Eden: 2087424K(2087424K)->0K(2087936K) From: 1376K(4608K)->3120K(4608K)
[3398.398s][info ][gc,heap        ] GC(82) ParOldGen: 245133K(245248K)->245213K(245248K)
[3398.398s][info ][gc,metaspace   ] GC(82) Metaspace: 107341K(108352K)->107341K(108352K) NonClass: 91752K(92352K)->91752K(92352K) Class: 15588K(16000K)->15588K(16000K)
[3398.398s][info ][gc             ] GC(82) Pause Young (Allocation Failure) 2279M->242M(2283M) 2.396ms
[3398.398s][info ][gc,cpu         ] GC(82) User=0.01s Sys=0.00s Real=0.00s
[3398.398s][info ][safepoint      ] Safepoint "ParallelCollectForAllocation", Time since last: 50177330834 ns, Reaching safepoint: 108200 ns, At safepoint: 2450385 ns, Leaving safepoint: 11800 ns, Total: 2570385 ns, Threads: 3 runnable, 27 total
[3448.745s][info ][gc,start       ] GC(83) Pause Young (Allocation Failure)
[3448.746s][debug][gc,phases      ] GC(83) Scavenge 1.302ms
[3448.746s][debug][gc,ref         ] GC(83) ReferenceProcessor::execute queues: 1, RefProcThreadModel::Single, marks_oops_alive: false
[3448.746s][debug][gc,ref         ] GC(83) Skipped KeepAliveFinalRefsPhase of Reference Processing: no references
[3448.746s][debug][gc,ref         ] GC(83) Skipped PhantomRefsPhase of Reference Processing: no references
[3448.746s][debug][gc,phases      ] GC(83) Reference Processing 0.095ms
[3448.746s][debug][gc,phases      ] GC(83)   VM Weak                        Min: 0.00, Avg: 0.00, Max: 0.00, Diff: 0.00, Sum: 0.01, Workers: 4
[3448.746s][debug][gc,phases      ] GC(83)     Dead                           Min: 0, Avg:  0.0, Max: 0, Diff: 0, Sum: 0, Workers: 4
[3448.746s][debug][gc,phases      ] GC(83)     Total                          Min: 0, Avg: 198.5, Max: 410, Diff: 410, Sum: 794, Workers: 4
[3448.746s][debug][gc,phases      ] GC(83)   ObjectSynchronizer Weak        Min: 0.00, Avg: 0.00, Max: 0.00, Diff: 0.00, Sum: 0.00, Workers: 4
[3448.746s][debug][gc,phases      ] GC(83)     Dead                           Min: 0, Avg:  0.0, Max: 0, Diff: 0, Sum: 0, Workers: 4
[3448.746s][debug][gc,phases      ] GC(83)     Total                          Min: 0, Avg:  1.2, Max: 5, Diff: 5, Sum: 5, Workers: 4
[3448.746s][debug][gc,phases      ] GC(83)   JVMTI Tag Weak OopStorage      Min: 0.00, Avg: 0.00, Max: 0.00, Diff: 0.00, Sum: 0.00, Workers: 4
[3448.746s][debug][gc,phases      ] GC(83)     Dead                           Min: 0, Avg:  0.0, Max: 0, Diff: 0, Sum: 0, Workers: 4
[3448.746s][debug][gc,phases      ] GC(83)     Total                          Min: 0, Avg:  0.0, Max: 0, Diff: 0, Sum: 0, Workers: 4
[3448.746s][debug][gc,phases      ] GC(83)   StringTable Weak               Min: 0.10, Avg: 0.10, Max: 0.10, Diff: 0.01, Sum: 0.41, Workers: 4
[3448.746s][debug][gc,phases      ] GC(83)     Dead                           Min: 0, Avg:  0.0, Max: 0, Diff: 0, Sum: 0, Workers: 4
[3448.746s][debug][gc,phases      ] GC(83)     Total                          Min: 11455, Avg: 12348.8, Max: 14260, Diff: 2805, Sum: 49395, Workers: 4
[3448.746s][debug][gc,phases      ] GC(83)   ResolvedMethodTable Weak       Min: 0.03, Avg: 0.04, Max: 0.04, Diff: 0.00, Sum: 0.14, Workers: 4
[3448.746s][debug][gc,phases      ] GC(83)     Dead                           Min: 0, Avg:  5.0, Max: 20, Diff: 20, Sum: 20, Workers: 4
[3448.746s][debug][gc,phases      ] GC(83)     Total                          Min: 3757, Avg: 3962.5, Max: 4488, Diff: 731, Sum: 15850, Workers: 4
[3448.746s][debug][gc,phases      ] GC(83)   JNI Weak                       Min: 0.00, Avg: 0.00, Max: 0.00, Diff: 0.00, Sum: 0.00, Workers: 4
[3448.746s][debug][gc,phases      ] GC(83)     Dead                           Min: 0, Avg:  0.0, Max: 0, Diff: 0, Sum: 0, Workers: 4
[3448.747s][debug][gc,phases      ] GC(83)     Total                          Min: 0, Avg: 13.0, Max: 48, Diff: 48, Sum: 52, Workers: 4
[3448.747s][debug][gc,phases      ] GC(83)   StringDedup Table Weak         Min: 0.00, Avg: 0.00, Max: 0.00, Diff: 0.00, Sum: 0.00, Workers: 4
[3448.747s][debug][gc,phases      ] GC(83)     Dead                           Min: 0, Avg:  0.0, Max: 0, Diff: 0, Sum: 0, Workers: 4
[3448.747s][debug][gc,phases      ] GC(83)     Total                          Min: 0, Avg:  0.0, Max: 0, Diff: 0, Sum: 0, Workers: 4
[3448.747s][debug][gc,phases      ] GC(83)   StringDedup Requests0 Weak     Min: 0.00, Avg: 0.00, Max: 0.00, Diff: 0.00, Sum: 0.00, Workers: 4
[3448.747s][debug][gc,phases      ] GC(83)     Dead                           Min: 0, Avg:  0.0, Max: 0, Diff: 0, Sum: 0, Workers: 4
[3448.747s][debug][gc,phases      ] GC(83)     Total                          Min: 0, Avg:  0.0, Max: 0, Diff: 0, Sum: 0, Workers: 4
[3448.747s][debug][gc,phases      ] GC(83)   StringDedup Requests1 Weak     Min: 0.00, Avg: 0.00, Max: 0.00, Diff: 0.00, Sum: 0.00, Workers: 4
[3448.747s][debug][gc,phases      ] GC(83)     Dead                           Min: 0, Avg:  0.0, Max: 0, Diff: 0, Sum: 0, Workers: 4
[3448.747s][debug][gc,phases      ] GC(83)     Total                          Min: 0, Avg:  0.0, Max: 0, Diff: 0, Sum: 0, Workers: 4
[3448.747s][debug][gc,phases      ] GC(83)   Weak JFR Old Object Samples    Min: 0.00, Avg: 0.00, Max: 0.00, Diff: 0.00, Sum: 0.00, Workers: 4
[3448.747s][debug][gc,phases      ] GC(83)     Dead                           Min: 0, Avg:  0.0, Max: 0, Diff: 0, Sum: 0, Workers: 4
[3448.747s][debug][gc,phases      ] GC(83)     Total                          Min: 0, Avg:  0.0, Max: 0, Diff: 0, Sum: 0, Workers: 4
[3448.747s][debug][gc,phases      ] GC(83) Weak Processing 0.344ms
[3448.747s][debug][gc,age         ] GC(83) Desired survivor size 4718592 bytes, new threshold 1 (max threshold 15)
[3448.747s][info ][gc,heap        ] GC(83) PSYoungGen: 2091056K(2092544K)->1664K(2092544K) Eden: 2087936K(2087936K)->0K(2087936K) From: 3120K(4608K)->1664K(4608K)
[3448.747s][info ][gc,heap        ] GC(83) ParOldGen: 245213K(245248K)->245373K(245760K)
[3448.747s][info ][gc,metaspace   ] GC(83) Metaspace: 107341K(108352K)->107341K(108352K) NonClass: 91753K(92352K)->91753K(92352K) Class: 15588K(16000K)->15588K(16000K)
[3448.747s][info ][gc             ] GC(83) Pause Young (Allocation Failure) 2281M->241M(2283M) 1.841ms
[3448.747s][info ][gc,cpu         ] GC(83) User=0.00s Sys=0.00s Real=0.00s
[3448.747s][info ][safepoint      ] Safepoint "ParallelCollectForAllocation", Time since last: 50346292923 ns, Reaching safepoint: 108900 ns, At safepoint: 1894589 ns, Leaving safepoint: 9700 ns, Total: 2013189 ns, Threads: 2 runnable, 27 total
[3500.099s][info ][gc,start       ] GC(84) Pause Young (Allocation Failure)
[3500.100s][debug][gc,phases      ] GC(84) Scavenge 1.140ms
[3500.100s][debug][gc,ref         ] GC(84) ReferenceProcessor::execute queues: 1, RefProcThreadModel::Single, marks_oops_alive: false
[3500.100s][debug][gc,ref         ] GC(84) Skipped KeepAliveFinalRefsPhase of Reference Processing: no references
[3500.100s][debug][gc,ref         ] GC(84) Skipped PhantomRefsPhase of Reference Processing: no references
[3500.100s][debug][gc,phases      ] GC(84) Reference Processing 0.089ms
[3500.100s][debug][gc,phases      ] GC(84)   VM Weak                        Min: 0.00, Avg: 0.00, Max: 0.01, Diff: 0.01, Sum: 0.01, Workers: 4
[3500.100s][debug][gc,phases      ] GC(84)     Dead                           Min: 0, Avg:  0.0, Max: 0, Diff: 0, Sum: 0, Workers: 4
[3500.100s][debug][gc,phases      ] GC(84)     Total                          Min: 0, Avg: 198.5, Max: 602, Diff: 602, Sum: 794, Workers: 4
[3500.100s][debug][gc,phases      ] GC(84)   ObjectSynchronizer Weak        Min: 0.00, Avg: 0.00, Max: 0.00, Diff: 0.00, Sum: 0.00, Workers: 4
[3500.100s][debug][gc,phases      ] GC(84)     Dead                           Min: 0, Avg:  0.0, Max: 0, Diff: 0, Sum: 0, Workers: 4
[3500.100s][debug][gc,phases      ] GC(84)     Total                          Min: 0, Avg:  1.2, Max: 5, Diff: 5, Sum: 5, Workers: 4
[3500.100s][debug][gc,phases      ] GC(84)   JVMTI Tag Weak OopStorage      Min: 0.00, Avg: 0.00, Max: 0.00, Diff: 0.00, Sum: 0.00, Workers: 4
[3500.100s][debug][gc,phases      ] GC(84)     Dead                           Min: 0, Avg:  0.0, Max: 0, Diff: 0, Sum: 0, Workers: 4
[3500.100s][debug][gc,phases      ] GC(84)     Total                          Min: 0, Avg:  0.0, Max: 0, Diff: 0, Sum: 0, Workers: 4
[3500.100s][debug][gc,phases      ] GC(84)   StringTable Weak               Min: 0.00, Avg: 0.09, Max: 0.12, Diff: 0.12, Sum: 0.36, Workers: 4
[3500.100s][debug][gc,phases      ] GC(84)     Dead                           Min: 0, Avg:  0.0, Max: 0, Diff: 0, Sum: 0, Workers: 4
[3500.100s][debug][gc,phases      ] GC(84)     Total                          Min: 0, Avg: 12348.8, Max: 21567, Diff: 21567, Sum: 49395, Workers: 4
[3500.100s][debug][gc,phases      ] GC(84)   ResolvedMethodTable Weak       Min: 0.00, Avg: 0.03, Max: 0.04, Diff: 0.04, Sum: 0.13, Workers: 4
[3500.100s][debug][gc,phases      ] GC(84)     Dead                           Min: 0, Avg:  5.0, Max: 20, Diff: 20, Sum: 20, Workers: 4
[3500.100s][debug][gc,phases      ] GC(84)     Total                          Min: 0, Avg: 3962.5, Max: 6750, Diff: 6750, Sum: 15850, Workers: 4
[3500.100s][debug][gc,phases      ] GC(84)   JNI Weak                       Min: 0.00, Avg: 0.00, Max: 0.00, Diff: 0.00, Sum: 0.00, Workers: 4
[3500.100s][debug][gc,phases      ] GC(84)     Dead                           Min: 0, Avg:  0.0, Max: 0, Diff: 0, Sum: 0, Workers: 4
[3500.100s][debug][gc,phases      ] GC(84)     Total                          Min: 0, Avg: 13.0, Max: 48, Diff: 48, Sum: 52, Workers: 4
[3500.100s][debug][gc,phases      ] GC(84)   StringDedup Table Weak         Min: 0.00, Avg: 0.00, Max: 0.00, Diff: 0.00, Sum: 0.00, Workers: 4
[3500.100s][debug][gc,phases      ] GC(84)     Dead                           Min: 0, Avg:  0.0, Max: 0, Diff: 0, Sum: 0, Workers: 4
[3500.100s][debug][gc,phases      ] GC(84)     Total                          Min: 0, Avg:  0.0, Max: 0, Diff: 0, Sum: 0, Workers: 4
[3500.100s][debug][gc,phases      ] GC(84)   StringDedup Requests0 Weak     Min: 0.00, Avg: 0.00, Max: 0.00, Diff: 0.00, Sum: 0.00, Workers: 4
[3500.100s][debug][gc,phases      ] GC(84)     Dead                           Min: 0, Avg:  0.0, Max: 0, Diff: 0, Sum: 0, Workers: 4
[3500.100s][debug][gc,phases      ] GC(84)     Total                          Min: 0, Avg:  0.0, Max: 0, Diff: 0, Sum: 0, Workers: 4
[3500.100s][debug][gc,phases      ] GC(84)   StringDedup Requests1 Weak     Min: 0.00, Avg: 0.00, Max: 0.00, Diff: 0.00, Sum: 0.00, Workers: 4
[3500.100s][debug][gc,phases      ] GC(84)     Dead                           Min: 0, Avg:  0.0, Max: 0, Diff: 0, Sum: 0, Workers: 4
[3500.100s][debug][gc,phases      ] GC(84)     Total                          Min: 0, Avg:  0.0, Max: 0, Diff: 0, Sum: 0, Workers: 4
[3500.100s][debug][gc,phases      ] GC(84)   Weak JFR Old Object Samples    Min: 0.00, Avg: 0.00, Max: 0.00, Diff: 0.00, Sum: 0.00, Workers: 4
[3500.100s][debug][gc,phases      ] GC(84)     Dead                           Min: 0, Avg:  0.0, Max: 0, Diff: 0, Sum: 0, Workers: 4
[3500.100s][debug][gc,phases      ] GC(84)     Total                          Min: 0, Avg:  0.0, Max: 0, Diff: 0, Sum: 0, Workers: 4
[3500.100s][debug][gc,phases      ] GC(84) Weak Processing 0.342ms
[3500.101s][debug][gc,age         ] GC(84) Desired survivor size 4194304 bytes, new threshold 1 (max threshold 15)
[3500.101s][info ][gc,heap        ] GC(84) PSYoungGen: 2089600K(2092544K)->1504K(2093056K) Eden: 2087936K(2087936K)->0K(2088448K) From: 1664K(4608K)->1504K(4608K)
[3500.101s][info ][gc,heap        ] GC(84) ParOldGen: 245373K(245760K)->245437K(245760K)
[3500.101s][info ][gc,metaspace   ] GC(84) Metaspace: 107342K(108352K)->107342K(108352K) NonClass: 91754K(92352K)->91754K(92352K) Class: 15588K(16000K)->15588K(16000K)
[3500.101s][info ][gc             ] GC(84) Pause Young (Allocation Failure) 2280M->241M(2284M) 1.679ms
[3500.101s][info ][gc,cpu         ] GC(84) User=0.00s Sys=0.00s Real=0.01s
[3500.101s][info ][safepoint      ] Safepoint "ParallelCollectForAllocation", Time since last: 51352169535 ns, Reaching safepoint: 25400 ns, At safepoint: 1761489 ns, Leaving safepoint: 3300 ns, Total: 1790189 ns, Threads: 0 runnable, 27 total
[3551.259s][info ][gc,start       ] GC(85) Pause Young (Allocation Failure)
[3551.260s][debug][gc,phases      ] GC(85) Scavenge 1.310ms
[3551.260s][debug][gc,ref         ] GC(85) ReferenceProcessor::execute queues: 1, RefProcThreadModel::Single, marks_oops_alive: false
[3551.260s][debug][gc,ref         ] GC(85) Skipped KeepAliveFinalRefsPhase of Reference Processing: no references
[3551.260s][debug][gc,ref         ] GC(85) Skipped PhantomRefsPhase of Reference Processing: no references
[3551.260s][debug][gc,phases      ] GC(85) Reference Processing 0.088ms
[3551.260s][debug][gc,phases      ] GC(85)   VM Weak                        Min: 0.00, Avg: 0.00, Max: 0.01, Diff: 0.01, Sum: 0.01, Workers: 4
[3551.260s][debug][gc,phases      ] GC(85)     Dead                           Min: 0, Avg:  0.0, Max: 0, Diff: 0, Sum: 0, Workers: 4
[3551.260s][debug][gc,phases      ] GC(85)     Total                          Min: 0, Avg: 198.5, Max: 576, Diff: 576, Sum: 794, Workers: 4
[3551.260s][debug][gc,phases      ] GC(85)   ObjectSynchronizer Weak        Min: 0.00, Avg: 0.00, Max: 0.00, Diff: 0.00, Sum: 0.00, Workers: 4
[3551.260s][debug][gc,phases      ] GC(85)     Dead                           Min: 0, Avg:  0.0, Max: 0, Diff: 0, Sum: 0, Workers: 4
[3551.260s][debug][gc,phases      ] GC(85)     Total                          Min: 0, Avg:  1.2, Max: 5, Diff: 5, Sum: 5, Workers: 4
[3551.260s][debug][gc,phases      ] GC(85)   JVMTI Tag Weak OopStorage      Min: 0.00, Avg: 0.00, Max: 0.00, Diff: 0.00, Sum: 0.00, Workers: 4
[3551.260s][debug][gc,phases      ] GC(85)     Dead                           Min: 0, Avg:  0.0, Max: 0, Diff: 0, Sum: 0, Workers: 4
[3551.260s][debug][gc,phases      ] GC(85)     Total                          Min: 0, Avg:  0.0, Max: 0, Diff: 0, Sum: 0, Workers: 4
[3551.260s][debug][gc,phases      ] GC(85)   StringTable Weak               Min: 0.11, Avg: 0.11, Max: 0.11, Diff: 0.00, Sum: 0.43, Workers: 4
[3551.260s][debug][gc,phases      ] GC(85)     Dead                           Min: 0, Avg:  0.0, Max: 0, Diff: 0, Sum: 0, Workers: 4
[3551.260s][debug][gc,phases      ] GC(85)     Total                          Min: 12160, Avg: 12348.8, Max: 12416, Diff: 256, Sum: 49395, Workers: 4
[3551.260s][debug][gc,phases      ] GC(85)   ResolvedMethodTable Weak       Min: 0.04, Avg: 0.04, Max: 0.04, Diff: 0.00, Sum: 0.15, Workers: 4
[3551.260s][debug][gc,phases      ] GC(85)     Dead                           Min: 0, Avg:  5.0, Max: 20, Diff: 20, Sum: 20, Workers: 4
[3551.260s][debug][gc,phases      ] GC(85)     Total                          Min: 3911, Avg: 3962.5, Max: 4017, Diff: 106, Sum: 15850, Workers: 4
[3551.260s][debug][gc,phases      ] GC(85)   JNI Weak                       Min: 0.00, Avg: 0.00, Max: 0.00, Diff: 0.00, Sum: 0.00, Workers: 4
[3551.260s][debug][gc,phases      ] GC(85)     Dead                           Min: 0, Avg:  0.0, Max: 0, Diff: 0, Sum: 0, Workers: 4
[3551.260s][debug][gc,phases      ] GC(85)     Total                          Min: 0, Avg: 13.0, Max: 48, Diff: 48, Sum: 52, Workers: 4
[3551.260s][debug][gc,phases      ] GC(85)   StringDedup Table Weak         Min: 0.00, Avg: 0.00, Max: 0.00, Diff: 0.00, Sum: 0.00, Workers: 4
[3551.260s][debug][gc,phases      ] GC(85)     Dead                           Min: 0, Avg:  0.0, Max: 0, Diff: 0, Sum: 0, Workers: 4
[3551.260s][debug][gc,phases      ] GC(85)     Total                          Min: 0, Avg:  0.0, Max: 0, Diff: 0, Sum: 0, Workers: 4
[3551.260s][debug][gc,phases      ] GC(85)   StringDedup Requests0 Weak     Min: 0.00, Avg: 0.00, Max: 0.00, Diff: 0.00, Sum: 0.00, Workers: 4
[3551.260s][debug][gc,phases      ] GC(85)     Dead                           Min: 0, Avg:  0.0, Max: 0, Diff: 0, Sum: 0, Workers: 4
[3551.260s][debug][gc,phases      ] GC(85)     Total                          Min: 0, Avg:  0.0, Max: 0, Diff: 0, Sum: 0, Workers: 4
[3551.260s][debug][gc,phases      ] GC(85)   StringDedup Requests1 Weak     Min: 0.00, Avg: 0.00, Max: 0.00, Diff: 0.00, Sum: 0.00, Workers: 4
[3551.260s][debug][gc,phases      ] GC(85)     Dead                           Min: 0, Avg:  0.0, Max: 0, Diff: 0, Sum: 0, Workers: 4
[3551.260s][debug][gc,phases      ] GC(85)     Total                          Min: 0, Avg:  0.0, Max: 0, Diff: 0, Sum: 0, Workers: 4
[3551.260s][debug][gc,phases      ] GC(85)   Weak JFR Old Object Samples    Min: 0.00, Avg: 0.00, Max: 0.00, Diff: 0.00, Sum: 0.00, Workers: 4
[3551.260s][debug][gc,phases      ] GC(85)     Dead                           Min: 0, Avg:  0.0, Max: 0, Diff: 0, Sum: 0, Workers: 4
[3551.260s][debug][gc,phases      ] GC(85)     Total                          Min: 0, Avg:  0.0, Max: 0, Diff: 0, Sum: 0, Workers: 4
[3551.260s][debug][gc,phases      ] GC(85) Weak Processing 0.346ms
[3551.260s][debug][gc,age         ] GC(85) Desired survivor size 4194304 bytes, new threshold 1 (max threshold 15)
[3551.260s][info ][gc,heap        ] GC(85) PSYoungGen: 2089952K(2093056K)->1600K(2092544K) Eden: 2088448K(2088448K)->0K(2088448K) From: 1504K(4608K)->1600K(4096K)
[3551.260s][info ][gc,heap        ] GC(85) ParOldGen: 245437K(245760K)->245493K(245760K)
[3551.260s][info ][gc,metaspace   ] GC(85) Metaspace: 107342K(108352K)->107342K(108352K) NonClass: 91754K(92352K)->91754K(92352K) Class: 15588K(16000K)->15588K(16000K)
[3551.260s][info ][gc             ] GC(85) Pause Young (Allocation Failure) 2280M->241M(2283M) 1.865ms
[3551.260s][info ][gc,cpu         ] GC(85) User=0.00s Sys=0.00s Real=0.01s
[3551.260s][info ][safepoint      ] Safepoint "ParallelCollectForAllocation", Time since last: 51157861902 ns, Reaching safepoint: 22500 ns, At safepoint: 1931888 ns, Leaving safepoint: 1300 ns, Total: 1955688 ns, Threads: 0 runnable, 28 total
[3601.115s][info ][gc,start       ] GC(86) Pause Young (Allocation Failure)
[3601.116s][debug][gc,phases      ] GC(86) Scavenge 1.422ms
[3601.116s][debug][gc,ref         ] GC(86) ReferenceProcessor::execute queues: 1, RefProcThreadModel::Single, marks_oops_alive: false
[3601.116s][debug][gc,ref         ] GC(86) Skipped KeepAliveFinalRefsPhase of Reference Processing: no references
[3601.116s][debug][gc,ref         ] GC(86) ReferenceProcessor::execute queues: 1, RefProcThreadModel::Single, marks_oops_alive: false
[3601.116s][debug][gc,phases      ] GC(86) Reference Processing 0.028ms
[3601.117s][debug][gc,phases      ] GC(86)   VM Weak                        Min: 0.00, Avg: 0.00, Max: 0.01, Diff: 0.01, Sum: 0.01, Workers: 4
[3601.117s][debug][gc,phases      ] GC(86)     Dead                           Min: 0, Avg:  0.0, Max: 0, Diff: 0, Sum: 0, Workers: 4
[3601.117s][debug][gc,phases      ] GC(86)     Total                          Min: 0, Avg: 198.5, Max: 730, Diff: 730, Sum: 794, Workers: 4
[3601.117s][debug][gc,phases      ] GC(86)   ObjectSynchronizer Weak        Min: 0.00, Avg: 0.00, Max: 0.00, Diff: 0.00, Sum: 0.00, Workers: 4
[3601.117s][debug][gc,phases      ] GC(86)     Dead                           Min: 0, Avg:  0.0, Max: 0, Diff: 0, Sum: 0, Workers: 4
[3601.117s][debug][gc,phases      ] GC(86)     Total                          Min: 0, Avg:  1.5, Max: 6, Diff: 6, Sum: 6, Workers: 4
[3601.117s][debug][gc,phases      ] GC(86)   JVMTI Tag Weak OopStorage      Min: 0.00, Avg: 0.00, Max: 0.00, Diff: 0.00, Sum: 0.00, Workers: 4
[3601.117s][debug][gc,phases      ] GC(86)     Dead                           Min: 0, Avg:  0.0, Max: 0, Diff: 0, Sum: 0, Workers: 4
[3601.117s][debug][gc,phases      ] GC(86)     Total                          Min: 0, Avg:  0.0, Max: 0, Diff: 0, Sum: 0, Workers: 4
[3601.117s][debug][gc,phases      ] GC(86)   StringTable Weak               Min: 0.00, Avg: 0.12, Max: 0.16, Diff: 0.16, Sum: 0.46, Workers: 4
[3601.117s][debug][gc,phases      ] GC(86)     Dead                           Min: 0, Avg:  0.0, Max: 0, Diff: 0, Sum: 0, Workers: 4
[3601.117s][debug][gc,phases      ] GC(86)     Total                          Min: 0, Avg: 12348.8, Max: 16895, Diff: 16895, Sum: 49395, Workers: 4
[3601.117s][debug][gc,phases      ] GC(86)   ResolvedMethodTable Weak       Min: 0.00, Avg: 0.04, Max: 0.05, Diff: 0.05, Sum: 0.14, Workers: 4
[3601.117s][debug][gc,phases      ] GC(86)     Dead                           Min: 0, Avg:  5.8, Max: 23, Diff: 23, Sum: 23, Workers: 4
[3601.117s][debug][gc,phases      ] GC(86)     Total                          Min: 0, Avg: 3962.5, Max: 5695, Diff: 5695, Sum: 15850, Workers: 4
[3601.117s][debug][gc,phases      ] GC(86)   JNI Weak                       Min: 0.00, Avg: 0.00, Max: 0.00, Diff: 0.00, Sum: 0.00, Workers: 4
[3601.117s][debug][gc,phases      ] GC(86)     Dead                           Min: 0, Avg:  0.0, Max: 0, Diff: 0, Sum: 0, Workers: 4
[3601.117s][debug][gc,phases      ] GC(86)     Total                          Min: 0, Avg: 13.2, Max: 48, Diff: 48, Sum: 53, Workers: 4
[3601.117s][debug][gc,phases      ] GC(86)   StringDedup Table Weak         Min: 0.00, Avg: 0.00, Max: 0.00, Diff: 0.00, Sum: 0.00, Workers: 4
[3601.117s][debug][gc,phases      ] GC(86)     Dead                           Min: 0, Avg:  0.0, Max: 0, Diff: 0, Sum: 0, Workers: 4
[3601.117s][debug][gc,phases      ] GC(86)     Total                          Min: 0, Avg:  0.0, Max: 0, Diff: 0, Sum: 0, Workers: 4
[3601.117s][debug][gc,phases      ] GC(86)   StringDedup Requests0 Weak     Min: 0.00, Avg: 0.00, Max: 0.00, Diff: 0.00, Sum: 0.00, Workers: 4
[3601.117s][debug][gc,phases      ] GC(86)     Dead                           Min: 0, Avg:  0.0, Max: 0, Diff: 0, Sum: 0, Workers: 4
[3601.117s][debug][gc,phases      ] GC(86)     Total                          Min: 0, Avg:  0.0, Max: 0, Diff: 0, Sum: 0, Workers: 4
[3601.117s][debug][gc,phases      ] GC(86)   StringDedup Requests1 Weak     Min: 0.00, Avg: 0.00, Max: 0.00, Diff: 0.00, Sum: 0.00, Workers: 4
[3601.117s][debug][gc,phases      ] GC(86)     Dead                           Min: 0, Avg:  0.0, Max: 0, Diff: 0, Sum: 0, Workers: 4
[3601.117s][debug][gc,phases      ] GC(86)     Total                          Min: 0, Avg:  0.0, Max: 0, Diff: 0, Sum: 0, Workers: 4
[3601.117s][debug][gc,phases      ] GC(86)   Weak JFR Old Object Samples    Min: 0.00, Avg: 0.00, Max: 0.00, Diff: 0.00, Sum: 0.00, Workers: 4
[3601.117s][debug][gc,phases      ] GC(86)     Dead                           Min: 0, Avg:  0.0, Max: 0, Diff: 0, Sum: 0, Workers: 4
[3601.117s][debug][gc,phases      ] GC(86)     Total                          Min: 0, Avg:  0.0, Max: 0, Diff: 0, Sum: 0, Workers: 4
[3601.117s][debug][gc,phases      ] GC(86) Weak Processing 0.380ms
[3601.117s][debug][gc,age         ] GC(86) Desired survivor size 4194304 bytes, new threshold 1 (max threshold 15)
[3601.117s][info ][gc,heap        ] GC(86) PSYoungGen: 2090048K(2092544K)->1872K(2093056K) Eden: 2088448K(2088448K)->0K(2088960K) From: 1600K(4096K)->1872K(4096K)
[3601.117s][info ][gc,heap        ] GC(86) ParOldGen: 245493K(245760K)->245601K(245760K)
[3601.117s][info ][gc,metaspace   ] GC(86) Metaspace: 107345K(108352K)->107345K(108352K) NonClass: 91757K(92352K)->91757K(92352K) Class: 15588K(16000K)->15588K(16000K)
[3601.117s][info ][gc             ] GC(86) Pause Young (Allocation Failure) 2280M->241M(2284M) 1.940ms
[3601.117s][info ][gc,cpu         ] GC(86) User=0.00s Sys=0.00s Real=0.00s
[3601.117s][info ][safepoint      ] Safepoint "ParallelCollectForAllocation", Time since last: 49854412745 ns, Reaching safepoint: 102700 ns, At safepoint: 1997786 ns, Leaving safepoint: 12700 ns, Total: 2113186 ns, Threads: 1 runnable, 27 total
[3653.146s][info ][gc,start       ] GC(87) Pause Young (Allocation Failure)
[3653.147s][debug][gc,phases      ] GC(87) Scavenge 1.242ms
[3653.147s][debug][gc,ref         ] GC(87) ReferenceProcessor::execute queues: 1, RefProcThreadModel::Single, marks_oops_alive: false
[3653.147s][debug][gc,ref         ] GC(87) Skipped KeepAliveFinalRefsPhase of Reference Processing: no references
[3653.147s][debug][gc,ref         ] GC(87) Skipped PhantomRefsPhase of Reference Processing: no references
[3653.147s][debug][gc,phases      ] GC(87) Reference Processing 0.094ms
[3653.147s][debug][gc,phases      ] GC(87)   VM Weak                        Min: 0.00, Avg: 0.00, Max: 0.00, Diff: 0.00, Sum: 0.01, Workers: 4
[3653.147s][debug][gc,phases      ] GC(87)     Dead                           Min: 0, Avg:  0.0, Max: 0, Diff: 0, Sum: 0, Workers: 4
[3653.147s][debug][gc,phases      ] GC(87)     Total                          Min: 0, Avg: 198.5, Max: 410, Diff: 410, Sum: 794, Workers: 4
[3653.147s][debug][gc,phases      ] GC(87)   ObjectSynchronizer Weak        Min: 0.00, Avg: 0.00, Max: 0.00, Diff: 0.00, Sum: 0.00, Workers: 4
[3653.147s][debug][gc,phases      ] GC(87)     Dead                           Min: 0, Avg:  0.0, Max: 0, Diff: 0, Sum: 0, Workers: 4
[3653.147s][debug][gc,phases      ] GC(87)     Total                          Min: 0, Avg:  1.2, Max: 5, Diff: 5, Sum: 5, Workers: 4
[3653.147s][debug][gc,phases      ] GC(87)   JVMTI Tag Weak OopStorage      Min: 0.00, Avg: 0.00, Max: 0.00, Diff: 0.00, Sum: 0.00, Workers: 4
[3653.147s][debug][gc,phases      ] GC(87)     Dead                           Min: 0, Avg:  0.0, Max: 0, Diff: 0, Sum: 0, Workers: 4
[3653.147s][debug][gc,phases      ] GC(87)     Total                          Min: 0, Avg:  0.0, Max: 0, Diff: 0, Sum: 0, Workers: 4
[3653.147s][debug][gc,phases      ] GC(87)   StringTable Weak               Min: 0.10, Avg: 0.10, Max: 0.10, Diff: 0.00, Sum: 0.42, Workers: 4
[3653.148s][debug][gc,phases      ] GC(87)     Dead                           Min: 0, Avg:  0.0, Max: 0, Diff: 0, Sum: 0, Workers: 4
[3653.148s][debug][gc,phases      ] GC(87)     Total                          Min: 11764, Avg: 12348.8, Max: 13695, Diff: 1931, Sum: 49395, Workers: 4
[3653.148s][debug][gc,phases      ] GC(87)   ResolvedMethodTable Weak       Min: 0.04, Avg: 0.04, Max: 0.04, Diff: 0.00, Sum: 0.14, Workers: 4
[3653.148s][debug][gc,phases      ] GC(87)     Dead                           Min: 0, Avg:  7.2, Max: 29, Diff: 29, Sum: 29, Workers: 4
[3653.148s][debug][gc,phases      ] GC(87)     Total                          Min: 3773, Avg: 3962.5, Max: 4435, Diff: 662, Sum: 15850, Workers: 4
[3653.148s][debug][gc,phases      ] GC(87)   JNI Weak                       Min: 0.00, Avg: 0.00, Max: 0.00, Diff: 0.00, Sum: 0.00, Workers: 4
[3653.148s][debug][gc,phases      ] GC(87)     Dead                           Min: 0, Avg:  0.0, Max: 0, Diff: 0, Sum: 0, Workers: 4
[3653.148s][debug][gc,phases      ] GC(87)     Total                          Min: 0, Avg: 13.0, Max: 48, Diff: 48, Sum: 52, Workers: 4
[3653.148s][debug][gc,phases      ] GC(87)   StringDedup Table Weak         Min: 0.00, Avg: 0.00, Max: 0.00, Diff: 0.00, Sum: 0.00, Workers: 4
[3653.148s][debug][gc,phases      ] GC(87)     Dead                           Min: 0, Avg:  0.0, Max: 0, Diff: 0, Sum: 0, Workers: 4
[3653.148s][debug][gc,phases      ] GC(87)     Total                          Min: 0, Avg:  0.0, Max: 0, Diff: 0, Sum: 0, Workers: 4
[3653.148s][debug][gc,phases      ] GC(87)   StringDedup Requests0 Weak     Min: 0.00, Avg: 0.00, Max: 0.00, Diff: 0.00, Sum: 0.00, Workers: 4
[3653.148s][debug][gc,phases      ] GC(87)     Dead                           Min: 0, Avg:  0.0, Max: 0, Diff: 0, Sum: 0, Workers: 4
[3653.148s][debug][gc,phases      ] GC(87)     Total                          Min: 0, Avg:  0.0, Max: 0, Diff: 0, Sum: 0, Workers: 4
[3653.148s][debug][gc,phases      ] GC(87)   StringDedup Requests1 Weak     Min: 0.00, Avg: 0.00, Max: 0.00, Diff: 0.00, Sum: 0.00, Workers: 4
[3653.148s][debug][gc,phases      ] GC(87)     Dead                           Min: 0, Avg:  0.0, Max: 0, Diff: 0, Sum: 0, Workers: 4
[3653.148s][debug][gc,phases      ] GC(87)     Total                          Min: 0, Avg:  0.0, Max: 0, Diff: 0, Sum: 0, Workers: 4
[3653.148s][debug][gc,phases      ] GC(87)   Weak JFR Old Object Samples    Min: 0.00, Avg: 0.00, Max: 0.00, Diff: 0.00, Sum: 0.00, Workers: 4
[3653.148s][debug][gc,phases      ] GC(87)     Dead                           Min: 0, Avg:  0.0, Max: 0, Diff: 0, Sum: 0, Workers: 4
[3653.148s][debug][gc,phases      ] GC(87)     Total                          Min: 0, Avg:  0.0, Max: 0, Diff: 0, Sum: 0, Workers: 4
[3653.148s][debug][gc,phases      ] GC(87) Weak Processing 0.372ms
[3653.148s][debug][gc,age         ] GC(87) Desired survivor size 3670016 bytes, new threshold 1 (max threshold 15)
[3653.148s][info ][gc,heap        ] GC(87) PSYoungGen: 2090832K(2093056K)->1520K(2093056K) Eden: 2088960K(2088960K)->0K(2088960K) From: 1872K(4096K)->1520K(4096K)
[3653.148s][info ][gc,heap        ] GC(87) ParOldGen: 245601K(245760K)->245697K(245760K)
[3653.148s][info ][gc,metaspace   ] GC(87) Metaspace: 107352K(108352K)->107352K(108352K) NonClass: 91764K(92352K)->91764K(92352K) Class: 15588K(16000K)->15588K(16000K)
[3653.148s][info ][gc             ] GC(87) Pause Young (Allocation Failure) 2281M->241M(2284M) 1.818ms
[3653.148s][info ][gc,cpu         ] GC(87) User=0.00s Sys=0.00s Real=0.00s
[3653.148s][info ][safepoint      ] Safepoint "ParallelCollectForAllocation", Time since last: 52028850661 ns, Reaching safepoint: 27700 ns, At safepoint: 1879988 ns, Leaving safepoint: 2700 ns, Total: 1910388 ns, Threads: 0 runnable, 29 total
[3798.152s][info ][safepoint      ] Safepoint "JFRSafepointWrite", Time since last: 145004391964 ns, Reaching safepoint: 281898 ns, At safepoint: 14500 ns, Leaving safepoint: 4400 ns, Total: 300798 ns, Threads: 1 runnable, 22 total
[3798.155s][info ][gc,exit        ] Heap
[3798.155s][info ][gc,exit        ]  PSYoungGen      total 2093056K, used 1156555K [0x0000000780000000, 0x0000000800000000, 0x0000000800000000)
[3798.155s][info ][gc,exit        ]   eden space 2088960K, 55% used [0x0000000780000000,0x00000007c67f6eb0,0x00000007ff800000)
[3798.155s][info ][gc,exit        ]   from space 4096K, 37% used [0x00000007ff800000,0x00000007ff97c078,0x00000007ffc00000)
[3798.155s][info ][gc,exit        ]   to   space 3584K, 0% used [0x00000007ffc80000,0x00000007ffc80000,0x0000000800000000)
[3798.155s][info ][gc,exit        ]  ParOldGen       total 245760K, used 245697K [0x00000006c0000000, 0x00000006cf000000, 0x0000000780000000)
[3798.155s][info ][gc,exit        ]   object space 245760K, 99% used [0x00000006c0000000,0x00000006ceff0678,0x00000006cf000000)
[3798.155s][info ][gc,exit        ]  Metaspace       used 107459K, committed 108544K, reserved 1179648K
[3798.155s][info ][gc,exit        ]   class space    used 15607K, committed 16064K, reserved 1048576K
