[0.004s][info][gc,init] CardTable entry size: 512
[0.005s][info][gc     ] Using Parallel
[0.005s][info][gc,init] Version: 25.0.1+8-LTS (release)
[0.005s][info][gc,init] CPUs: 4 total, 4 available
[0.005s][info][gc,init] Memory: 15995M
[0.005s][info][gc,init] Large Page Support: Disabled
[0.005s][info][gc,init] NUMA Support: Disabled
[0.005s][info][gc,init] Compressed Oops: Enabled (Zero based)
[0.005s][info][gc,init] Alignments: Space 512K, Generation 512K, Heap 2M
[0.005s][info][gc,init] Heap Min Capacity: 2054M
[0.005s][info][gc,init] Heap Initial Capacity: 2054M
[0.005s][info][gc,init] Heap Max Capacity: 5G
[0.005s][info][gc,init] Pre-touch: Disabled
[0.005s][info][gc,init] Parallel Workers: 4
[0.009s][info][gc,metaspace] CDS archive(s) mapped at: [0x0000000070000000-0x0000000070d8c000-0x0000000070d8c000), size 14204928, SharedBaseAddress: 0x0000000070000000, ArchiveRelocationMode: 1.
[0.009s][info][gc,metaspace] Compressed class space mapped at: 0x0000000071000000-0x00000000b1000000, reserved size: 1073741824
[0.009s][info][gc,metaspace] UseCompressedClassPointers 1, UseCompactObjectHeaders 0
[0.009s][info][gc,metaspace] Narrow klass pointer bits 32, Max shift 3
[0.009s][info][gc,metaspace] Narrow klass base: 0x0000000070000000, Narrow klass shift: 0
[0.009s][info][gc,metaspace] Encoding Range: [0x0000000070000000 - 0x0000000170000000), (4294967296 bytes)
[0.009s][info][gc,metaspace] Klass Range:    [0x0000000070001000 - 0x00000000b1000000), (1090514944 bytes)
[0.009s][info][gc,metaspace] Klass ID Range:  [4096 - 1090519033) (1090514937)
[0.009s][info][gc,metaspace] Protection zone: [0x0000000070000000 - 0x0000000070001000), (4096 bytes)
[0.409s][info][safepoint   ] Safepoint "JFRSafepointClear", Time since last: 393602069 ns, Reaching safepoint: 3400 ns, At safepoint: 7500 ns, Leaving safepoint: 8100 ns, Total: 19000 ns, Threads: 0 runnable, 13 total
[1.831s][debug][gc,phases   ] GC(0) Pre Compact 0.023ms
[1.831s][info ][gc,start    ] GC(0) Pause Full (Metadata GC Threshold)
[1.831s][info ][gc,phases,start] GC(0) Marking Phase
[1.848s][debug][gc,phases      ] GC(0) Par Mark 16.763ms
[1.848s][debug][gc,ref         ] GC(0) ReferenceProcessor::execute queues: 3, RefProcThreadModel::Multi, marks_oops_alive: false
[1.849s][debug][gc,ref         ] GC(0) ReferenceProcessor::execute queues: 4, RefProcThreadModel::Multi, marks_oops_alive: true
[1.849s][debug][gc,ref         ] GC(0) ReferenceProcessor::execute queues: 1, RefProcThreadModel::Single, marks_oops_alive: false
[1.849s][debug][gc,phases      ] GC(0) Reference Processing 0.507ms
[1.849s][debug][gc,phases      ] GC(0) Flush Marking Stats 0.011ms
[1.849s][debug][gc,phases      ] GC(0)   VM Weak                        Min: 0.00, Avg: 0.00, Max: 0.00, Diff: 0.00, Sum: 0.01, Workers: 4
[1.849s][debug][gc,phases      ] GC(0)     Dead                           Min: 0, Avg:  0.0, Max: 0, Diff: 0, Sum: 0, Workers: 4
[1.849s][debug][gc,phases      ] GC(0)     Total                          Min: 0, Avg: 42.8, Max: 107, Diff: 107, Sum: 171, Workers: 4
[1.849s][debug][gc,phases      ] GC(0)   ObjectSynchronizer Weak        Min: 0.00, Avg: 0.00, Max: 0.00, Diff: 0.00, Sum: 0.00, Workers: 4
[1.849s][debug][gc,phases      ] GC(0)     Dead                           Min: 0, Avg:  0.8, Max: 3, Diff: 3, Sum: 3, Workers: 4
[1.849s][debug][gc,phases      ] GC(0)     Total                          Min: 0, Avg:  4.5, Max: 18, Diff: 18, Sum: 18, Workers: 4
[1.849s][debug][gc,phases      ] GC(0)   JVMTI Tag Weak OopStorage      Min: 0.00, Avg: 0.00, Max: 0.00, Diff: 0.00, Sum: 0.00, Workers: 4
[1.849s][debug][gc,phases      ] GC(0)     Dead                           Min: 0, Avg:  0.0, Max: 0, Diff: 0, Sum: 0, Workers: 4
[1.849s][debug][gc,phases      ] GC(0)     Total                          Min: 0, Avg:  0.0, Max: 0, Diff: 0, Sum: 0, Workers: 4
[1.849s][debug][gc,phases      ] GC(0)   StringTable Weak               Min: 0.00, Avg: 0.03, Max: 0.05, Diff: 0.05, Sum: 0.11, Workers: 4
[1.849s][debug][gc,phases      ] GC(0)     Dead                           Min: 0, Avg:  7.0, Max: 22, Diff: 22, Sum: 28, Workers: 4
[1.849s][debug][gc,phases      ] GC(0)     Total                          Min: 0, Avg: 2070.0, Max: 4440, Diff: 4440, Sum: 8280, Workers: 4
[1.849s][debug][gc,phases      ] GC(0)   ResolvedMethodTable Weak       Min: 0.00, Avg: 0.01, Max: 0.01, Diff: 0.01, Sum: 0.03, Workers: 4
[1.849s][debug][gc,phases      ] GC(0)     Dead                           Min: 0, Avg: 124.8, Max: 253, Diff: 253, Sum: 499, Workers: 4
[1.849s][debug][gc,phases      ] GC(0)     Total                          Min: 0, Avg: 486.8, Max: 1024, Diff: 1024, Sum: 1947, Workers: 4
[1.849s][debug][gc,phases      ] GC(0)   JNI Weak                       Min: 0.00, Avg: 0.00, Max: 0.00, Diff: 0.00, Sum: 0.00, Workers: 4
[1.849s][debug][gc,phases      ] GC(0)     Dead                           Min: 0, Avg:  0.0, Max: 0, Diff: 0, Sum: 0, Workers: 4
[1.849s][debug][gc,phases      ] GC(0)     Total                          Min: 0, Avg: 12.0, Max: 48, Diff: 48, Sum: 48, Workers: 4
[1.849s][debug][gc,phases      ] GC(0)   StringDedup Table Weak         Min: 0.00, Avg: 0.00, Max: 0.00, Diff: 0.00, Sum: 0.00, Workers: 4
[1.849s][debug][gc,phases      ] GC(0)     Dead                           Min: 0, Avg:  0.0, Max: 0, Diff: 0, Sum: 0, Workers: 4
[1.849s][debug][gc,phases      ] GC(0)     Total                          Min: 0, Avg:  0.0, Max: 0, Diff: 0, Sum: 0, Workers: 4
[1.849s][debug][gc,phases      ] GC(0)   StringDedup Requests0 Weak     Min: 0.00, Avg: 0.00, Max: 0.00, Diff: 0.00, Sum: 0.00, Workers: 4
[1.849s][debug][gc,phases      ] GC(0)     Dead                           Min: 0, Avg:  0.0, Max: 0, Diff: 0, Sum: 0, Workers: 4
[1.849s][debug][gc,phases      ] GC(0)     Total                          Min: 0, Avg:  0.0, Max: 0, Diff: 0, Sum: 0, Workers: 4
[1.849s][debug][gc,phases      ] GC(0)   StringDedup Requests1 Weak     Min: 0.00, Avg: 0.00, Max: 0.00, Diff: 0.00, Sum: 0.00, Workers: 4
[1.849s][debug][gc,phases      ] GC(0)     Dead                           Min: 0, Avg:  0.0, Max: 0, Diff: 0, Sum: 0, Workers: 4
[1.849s][debug][gc,phases      ] GC(0)     Total                          Min: 0, Avg:  0.0, Max: 0, Diff: 0, Sum: 0, Workers: 4
[1.849s][debug][gc,phases      ] GC(0)   Weak JFR Old Object Samples    Min: 0.00, Avg: 0.00, Max: 0.00, Diff: 0.00, Sum: 0.00, Workers: 4
[1.849s][debug][gc,phases      ] GC(0)     Dead                           Min: 0, Avg:  0.0, Max: 0, Diff: 0, Sum: 0, Workers: 4
[1.849s][debug][gc,phases      ] GC(0)     Total                          Min: 0, Avg:  0.0, Max: 0, Diff: 0, Sum: 0, Workers: 4
[1.849s][debug][gc,phases      ] GC(0) Weak Processing 0.243ms
[1.849s][debug][gc,phases      ] GC(0) ClassLoaderData 0.017ms
[1.849s][debug][gc,phases      ] GC(0) Trigger cleanups 0.000ms
[1.853s][debug][gc,phases      ] GC(0) Purge Unlinked NMethods 0.002ms
[1.853s][debug][gc,phases      ] GC(0) Unregister NMethods 0.017ms
[1.853s][debug][gc,phases      ] GC(0) Free Code Blobs 0.000ms
[1.853s][debug][gc,phases      ] GC(0) Class Unloading 4.198ms
[1.853s][debug][gc,phases      ] GC(0) Report Object Count 0.001ms
[1.853s][info ][gc,phases      ] GC(0) Marking Phase 21.783ms
[1.853s][info ][gc,phases,start] GC(0) Summary Phase
[1.853s][info ][gc,phases      ] GC(0) Summary Phase 0.007ms
[1.853s][info ][gc,phases,start] GC(0) Forward
[1.860s][info ][gc,phases      ] GC(0) Forward 6.670ms
[1.860s][info ][gc,phases,start] GC(0) Adjust Pointers
[1.868s][info ][gc,phases      ] GC(0) Adjust Pointers 8.506ms
[1.868s][info ][gc,phases,start] GC(0) Compaction Phase
[1.875s][info ][gc,phases      ] GC(0) Compaction Phase 6.771ms
[1.875s][info ][gc,phases,start] GC(0) Post Compact
[1.879s][debug][gc,phases      ] GC(0) Purge Class Loader Data 0.837ms
[1.880s][info ][gc,phases      ] GC(0) Post Compact 4.508ms
[1.880s][info ][gc,heap        ] GC(0) PSYoungGen: 309564K(1572864K)->33663K(1572864K) Eden: 309564K(1048576K)->33663K(1048576K) From: 0K(524288K)->0K(524288K)
[1.880s][info ][gc,heap        ] GC(0) ParOldGen: 1155K(6144K)->5236K(6144K)
[1.880s][info ][gc,metaspace   ] GC(0) Metaspace: 21146K(21504K)->21146K(21504K) NonClass: 19198K(19392K)->19198K(19392K) Class: 1947K(2112K)->1947K(2112K)
[1.880s][info ][gc             ] GC(0) Pause Full (Metadata GC Threshold) 303M->37M(1542M) 48.451ms
[1.880s][info ][gc,cpu         ] GC(0) User=0.13s Sys=0.01s Real=0.05s
[1.880s][info ][safepoint      ] Safepoint "CollectForMetadataAllocation", Time since last: 1422149703 ns, Reaching safepoint: 5100 ns, At safepoint: 48917259 ns, Leaving safepoint: 8700 ns, Total: 48931059 ns, Threads: 0 runnable, 16 total
[3.767s][debug][gc,phases      ] GC(1) Pre Compact 0.023ms
[3.767s][info ][gc,start       ] GC(1) Pause Full (Metadata GC Threshold)
[3.767s][info ][gc,phases,start] GC(1) Marking Phase
[3.797s][debug][gc,phases      ] GC(1) Par Mark 30.506ms
[3.798s][debug][gc,ref         ] GC(1) ReferenceProcessor::execute queues: 4, RefProcThreadModel::Multi, marks_oops_alive: false
[3.799s][debug][gc,ref         ] GC(1) ReferenceProcessor::execute queues: 4, RefProcThreadModel::Multi, marks_oops_alive: true
[3.799s][debug][gc,ref         ] GC(1) ReferenceProcessor::execute queues: 1, RefProcThreadModel::Single, marks_oops_alive: false
[3.799s][debug][gc,phases      ] GC(1) Reference Processing 1.077ms
[3.799s][debug][gc,phases      ] GC(1) Flush Marking Stats 0.017ms
[3.799s][debug][gc,phases      ] GC(1)   VM Weak                        Min: 0.00, Avg: 0.00, Max: 0.00, Diff: 0.00, Sum: 0.01, Workers: 4
[3.799s][debug][gc,phases      ] GC(1)     Dead                           Min: 0, Avg:  0.0, Max: 0, Diff: 0, Sum: 0, Workers: 4
[3.799s][debug][gc,phases      ] GC(1)     Total                          Min: 0, Avg: 58.5, Max: 170, Diff: 170, Sum: 234, Workers: 4
[3.799s][debug][gc,phases      ] GC(1)   ObjectSynchronizer Weak        Min: 0.00, Avg: 0.00, Max: 0.00, Diff: 0.00, Sum: 0.00, Workers: 4
[3.799s][debug][gc,phases      ] GC(1)     Dead                           Min: 0, Avg:  0.5, Max: 2, Diff: 2, Sum: 2, Workers: 4
[3.799s][debug][gc,phases      ] GC(1)     Total                          Min: 0, Avg:  5.8, Max: 23, Diff: 23, Sum: 23, Workers: 4
[3.799s][debug][gc,phases      ] GC(1)   JVMTI Tag Weak OopStorage      Min: 0.00, Avg: 0.00, Max: 0.00, Diff: 0.00, Sum: 0.00, Workers: 4
[3.799s][debug][gc,phases      ] GC(1)     Dead                           Min: 0, Avg:  0.0, Max: 0, Diff: 0, Sum: 0, Workers: 4
[3.799s][debug][gc,phases      ] GC(1)     Total                          Min: 0, Avg:  0.0, Max: 0, Diff: 0, Sum: 0, Workers: 4
[3.799s][debug][gc,phases      ] GC(1)   StringTable Weak               Min: 0.00, Avg: 0.06, Max: 0.08, Diff: 0.08, Sum: 0.24, Workers: 4
[3.799s][debug][gc,phases      ] GC(1)     Dead                           Min: 0, Avg:  2.5, Max: 7, Diff: 7, Sum: 10, Workers: 4
[3.799s][debug][gc,phases      ] GC(1)     Total                          Min: 0, Avg: 3931.0, Max: 5612, Diff: 5612, Sum: 15724, Workers: 4
[3.799s][debug][gc,phases      ] GC(1)   ResolvedMethodTable Weak       Min: 0.00, Avg: 0.02, Max: 0.03, Diff: 0.03, Sum: 0.08, Workers: 4
[3.799s][debug][gc,phases      ] GC(1)     Dead                           Min: 0, Avg: 469.0, Max: 696, Diff: 696, Sum: 1876, Workers: 4
[3.799s][debug][gc,phases      ] GC(1)     Total                          Min: 0, Avg: 1249.2, Max: 1733, Diff: 1733, Sum: 4997, Workers: 4
[3.799s][debug][gc,phases      ] GC(1)   JNI Weak                       Min: 0.00, Avg: 0.00, Max: 0.00, Diff: 0.00, Sum: 0.00, Workers: 4
[3.799s][debug][gc,phases      ] GC(1)     Dead                           Min: 0, Avg:  0.0, Max: 0, Diff: 0, Sum: 0, Workers: 4
[3.799s][debug][gc,phases      ] GC(1)     Total                          Min: 0, Avg: 19.5, Max: 51, Diff: 51, Sum: 78, Workers: 4
[3.799s][debug][gc,phases      ] GC(1)   StringDedup Table Weak         Min: 0.00, Avg: 0.00, Max: 0.00, Diff: 0.00, Sum: 0.00, Workers: 4
[3.799s][debug][gc,phases      ] GC(1)     Dead                           Min: 0, Avg:  0.0, Max: 0, Diff: 0, Sum: 0, Workers: 4
[3.799s][debug][gc,phases      ] GC(1)     Total                          Min: 0, Avg:  0.0, Max: 0, Diff: 0, Sum: 0, Workers: 4
[3.799s][debug][gc,phases      ] GC(1)   StringDedup Requests0 Weak     Min: 0.00, Avg: 0.00, Max: 0.00, Diff: 0.00, Sum: 0.00, Workers: 4
[3.799s][debug][gc,phases      ] GC(1)     Dead                           Min: 0, Avg:  0.0, Max: 0, Diff: 0, Sum: 0, Workers: 4
[3.799s][debug][gc,phases      ] GC(1)     Total                          Min: 0, Avg:  0.0, Max: 0, Diff: 0, Sum: 0, Workers: 4
[3.799s][debug][gc,phases      ] GC(1)   StringDedup Requests1 Weak     Min: 0.00, Avg: 0.00, Max: 0.00, Diff: 0.00, Sum: 0.00, Workers: 4
[3.799s][debug][gc,phases      ] GC(1)     Dead                           Min: 0, Avg:  0.0, Max: 0, Diff: 0, Sum: 0, Workers: 4
[3.799s][debug][gc,phases      ] GC(1)     Total                          Min: 0, Avg:  0.0, Max: 0, Diff: 0, Sum: 0, Workers: 4
[3.799s][debug][gc,phases      ] GC(1)   Weak JFR Old Object Samples    Min: 0.00, Avg: 0.00, Max: 0.00, Diff: 0.00, Sum: 0.00, Workers: 4
[3.799s][debug][gc,phases      ] GC(1)     Dead                           Min: 0, Avg:  0.0, Max: 0, Diff: 0, Sum: 0, Workers: 4
[3.799s][debug][gc,phases      ] GC(1)     Total                          Min: 0, Avg:  0.0, Max: 0, Diff: 0, Sum: 0, Workers: 4
[3.799s][debug][gc,phases      ] GC(1) Weak Processing 0.278ms
[3.799s][debug][gc,phases      ] GC(1) ClassLoaderData 0.030ms
[3.799s][debug][gc,phases      ] GC(1) Trigger cleanups 0.000ms
[3.806s][debug][gc,phases      ] GC(1) Purge Unlinked NMethods 0.237ms
[3.806s][debug][gc,phases      ] GC(1) Unregister NMethods 0.017ms
[3.806s][debug][gc,phases      ] GC(1) Free Code Blobs 0.033ms
[3.806s][debug][gc,phases      ] GC(1) Class Unloading 6.757ms
[3.806s][debug][gc,phases      ] GC(1) Report Object Count 0.001ms
[3.806s][info ][gc,phases      ] GC(1) Marking Phase 38.698ms
[3.806s][info ][gc,phases,start] GC(1) Summary Phase
[3.806s][info ][gc,phases      ] GC(1) Summary Phase 0.010ms
[3.806s][info ][gc,phases,start] GC(1) Forward
[3.821s][info ][gc,phases      ] GC(1) Forward 14.851ms
[3.821s][info ][gc,phases,start] GC(1) Adjust Pointers
[3.839s][info ][gc,phases      ] GC(1) Adjust Pointers 18.868ms
[3.839s][info ][gc,phases,start] GC(1) Compaction Phase
[3.857s][info ][gc,phases      ] GC(1) Compaction Phase 17.937ms
[3.858s][info ][gc,phases,start] GC(1) Post Compact
[3.859s][debug][gc,phases      ] GC(1) Purge Class Loader Data 0.291ms
[3.860s][info ][gc,phases      ] GC(1) Post Compact 1.866ms
[3.860s][info ][gc,heap        ] GC(1) PSYoungGen: 641857K(1572864K)->59321K(1572864K) Eden: 641857K(1048576K)->59321K(1048576K) From: 0K(524288K)->0K(524288K)
[3.860s][info ][gc,heap        ] GC(1) ParOldGen: 5236K(6144K)->5224K(6144K)
[3.860s][info ][gc,metaspace   ] GC(1) Metaspace: 35481K(35840K)->35481K(35840K) NonClass: 31368K(31552K)->31368K(31552K) Class: 4113K(4288K)->4113K(4288K)
[3.860s][info ][gc             ] GC(1) Pause Full (Metadata GC Threshold) 631M->63M(1542M) 92.703ms
[3.860s][info ][gc,cpu         ] GC(1) User=0.27s Sys=0.02s Real=0.10s
[3.860s][info ][safepoint      ] Safepoint "CollectForMetadataAllocation", Time since last: 1887006413 ns, Reaching safepoint: 3000 ns, At safepoint: 92805522 ns, Leaving safepoint: 12100 ns, Total: 92820622 ns, Threads: 0 runnable, 16 total
[5.725s][debug][gc,phases      ] GC(2) Pre Compact 0.021ms
[5.725s][info ][gc,start       ] GC(2) Pause Full (Metadata GC Threshold)
[5.725s][info ][gc,phases,start] GC(2) Marking Phase
[5.761s][debug][gc,phases      ] GC(2) Par Mark 35.593ms
[5.762s][debug][gc,ref         ] GC(2) ReferenceProcessor::execute queues: 4, RefProcThreadModel::Multi, marks_oops_alive: false
[5.763s][debug][gc,ref         ] GC(2) ReferenceProcessor::execute queues: 4, RefProcThreadModel::Multi, marks_oops_alive: true
[5.763s][debug][gc,ref         ] GC(2) ReferenceProcessor::execute queues: 1, RefProcThreadModel::Single, marks_oops_alive: false
[5.763s][debug][gc,phases      ] GC(2) Reference Processing 2.040ms
[5.763s][debug][gc,phases      ] GC(2) Flush Marking Stats 0.017ms
[5.763s][debug][gc,phases      ] GC(2)   VM Weak                        Min: 0.00, Avg: 0.00, Max: 0.01, Diff: 0.01, Sum: 0.01, Workers: 4
[5.763s][debug][gc,phases      ] GC(2)     Dead                           Min: 0, Avg:  0.0, Max: 0, Diff: 0, Sum: 0, Workers: 4
[5.763s][debug][gc,phases      ] GC(2)     Total                          Min: 0, Avg: 90.5, Max: 192, Diff: 192, Sum: 362, Workers: 4
[5.763s][debug][gc,phases      ] GC(2)   ObjectSynchronizer Weak        Min: 0.00, Avg: 0.00, Max: 0.00, Diff: 0.00, Sum: 0.00, Workers: 4
[5.763s][debug][gc,phases      ] GC(2)     Dead                           Min: 0, Avg:  0.8, Max: 3, Diff: 3, Sum: 3, Workers: 4
[5.763s][debug][gc,phases      ] GC(2)     Total                          Min: 0, Avg:  6.5, Max: 26, Diff: 26, Sum: 26, Workers: 4
[5.763s][debug][gc,phases      ] GC(2)   JVMTI Tag Weak OopStorage      Min: 0.00, Avg: 0.00, Max: 0.00, Diff: 0.00, Sum: 0.00, Workers: 4
[5.763s][debug][gc,phases      ] GC(2)     Dead                           Min: 0, Avg:  0.0, Max: 0, Diff: 0, Sum: 0, Workers: 4
[5.763s][debug][gc,phases      ] GC(2)     Total                          Min: 0, Avg:  0.0, Max: 0, Diff: 0, Sum: 0, Workers: 4
[5.763s][debug][gc,phases      ] GC(2)   StringTable Weak               Min: 0.13, Avg: 0.13, Max: 0.13, Diff: 0.00, Sum: 0.53, Workers: 4
[5.763s][debug][gc,phases      ] GC(2)     Dead                           Min: 1, Avg:  3.8, Max: 7, Diff: 6, Sum: 15, Workers: 4
[5.763s][debug][gc,phases      ] GC(2)     Total                          Min: 7104, Avg: 7382.2, Max: 7680, Diff: 576, Sum: 29529, Workers: 4
[5.763s][debug][gc,phases      ] GC(2)   ResolvedMethodTable Weak       Min: 0.06, Avg: 0.06, Max: 0.07, Diff: 0.00, Sum: 0.26, Workers: 4
[5.763s][debug][gc,phases      ] GC(2)     Dead                           Min: 864, Avg: 1065.8, Max: 1218, Diff: 354, Sum: 4263, Workers: 4
[5.763s][debug][gc,phases      ] GC(2)     Total                          Min: 2944, Avg: 3018.2, Max: 3200, Diff: 256, Sum: 12073, Workers: 4
[5.763s][debug][gc,phases      ] GC(2)   JNI Weak                       Min: 0.00, Avg: 0.00, Max: 0.00, Diff: 0.00, Sum: 0.00, Workers: 4
[5.763s][debug][gc,phases      ] GC(2)     Dead                           Min: 0, Avg:  0.0, Max: 0, Diff: 0, Sum: 0, Workers: 4
[5.763s][debug][gc,phases      ] GC(2)     Total                          Min: 0, Avg: 12.0, Max: 48, Diff: 48, Sum: 48, Workers: 4
[5.763s][debug][gc,phases      ] GC(2)   StringDedup Table Weak         Min: 0.00, Avg: 0.00, Max: 0.00, Diff: 0.00, Sum: 0.00, Workers: 4
[5.763s][debug][gc,phases      ] GC(2)     Dead                           Min: 0, Avg:  0.0, Max: 0, Diff: 0, Sum: 0, Workers: 4
[5.763s][debug][gc,phases      ] GC(2)     Total                          Min: 0, Avg:  0.0, Max: 0, Diff: 0, Sum: 0, Workers: 4
[5.763s][debug][gc,phases      ] GC(2)   StringDedup Requests0 Weak     Min: 0.00, Avg: 0.00, Max: 0.00, Diff: 0.00, Sum: 0.00, Workers: 4
[5.763s][debug][gc,phases      ] GC(2)     Dead                           Min: 0, Avg:  0.0, Max: 0, Diff: 0, Sum: 0, Workers: 4
[5.764s][debug][gc,phases      ] GC(2)     Total                          Min: 0, Avg:  0.0, Max: 0, Diff: 0, Sum: 0, Workers: 4
[5.764s][debug][gc,phases      ] GC(2)   StringDedup Requests1 Weak     Min: 0.00, Avg: 0.00, Max: 0.00, Diff: 0.00, Sum: 0.00, Workers: 4
[5.764s][debug][gc,phases      ] GC(2)     Dead                           Min: 0, Avg:  0.0, Max: 0, Diff: 0, Sum: 0, Workers: 4
[5.764s][debug][gc,phases      ] GC(2)     Total                          Min: 0, Avg:  0.0, Max: 0, Diff: 0, Sum: 0, Workers: 4
[5.764s][debug][gc,phases      ] GC(2)   Weak JFR Old Object Samples    Min: 0.00, Avg: 0.00, Max: 0.00, Diff: 0.00, Sum: 0.00, Workers: 4
[5.764s][debug][gc,phases      ] GC(2)     Dead                           Min: 0, Avg:  0.0, Max: 0, Diff: 0, Sum: 0, Workers: 4
[5.764s][debug][gc,phases      ] GC(2)     Total                          Min: 0, Avg:  0.0, Max: 0, Diff: 0, Sum: 0, Workers: 4
[5.764s][debug][gc,phases      ] GC(2) Weak Processing 0.386ms
[5.764s][debug][gc,phases      ] GC(2) ClassLoaderData 0.050ms
[5.764s][debug][gc,phases      ] GC(2) Trigger cleanups 0.000ms
[5.771s][debug][gc,phases      ] GC(2) Purge Unlinked NMethods 0.298ms
[5.771s][debug][gc,phases      ] GC(2) Unregister NMethods 0.027ms
[5.771s][debug][gc,phases      ] GC(2) Free Code Blobs 0.039ms
[5.771s][debug][gc,phases      ] GC(2) Class Unloading 7.512ms
[5.771s][debug][gc,phases      ] GC(2) Report Object Count 0.001ms
[5.771s][info ][gc,phases      ] GC(2) Marking Phase 45.609ms
[5.771s][info ][gc,phases,start] GC(2) Summary Phase
[5.771s][info ][gc,phases      ] GC(2) Summary Phase 0.009ms
[5.771s][info ][gc,phases,start] GC(2) Forward
[5.786s][info ][gc,phases      ] GC(2) Forward 15.308ms
[5.786s][info ][gc,phases,start] GC(2) Adjust Pointers
[5.810s][info ][gc,phases      ] GC(2) Adjust Pointers 23.714ms
[5.810s][info ][gc,phases,start] GC(2) Compaction Phase
[5.834s][info ][gc,phases      ] GC(2) Compaction Phase 24.180ms
[5.835s][info ][gc,phases,start] GC(2) Post Compact
[5.836s][debug][gc,phases      ] GC(2) Purge Class Loader Data 0.287ms
[5.836s][info ][gc,phases      ] GC(2) Post Compact 1.450ms
[5.836s][info ][gc,heap        ] GC(2) PSYoungGen: 470160K(1572864K)->80718K(1572864K) Eden: 470160K(1048576K)->80718K(1048576K) From: 0K(524288K)->0K(524288K)
[5.836s][info ][gc,heap        ] GC(2) ParOldGen: 5224K(6144K)->5223K(6144K)
[5.836s][info ][gc,metaspace   ] GC(2) Metaspace: 59223K(59776K)->59223K(59776K) NonClass: 50039K(50368K)->50039K(50368K) Class: 9183K(9408K)->9183K(9408K)
[5.836s][info ][gc             ] GC(2) Pause Full (Metadata GC Threshold) 464M->83M(1542M) 110.948ms
[5.836s][info ][gc,cpu         ] GC(2) User=0.29s Sys=0.01s Real=0.11s
[5.836s][info ][safepoint      ] Safepoint "CollectForMetadataAllocation", Time since last: 1865652509 ns, Reaching safepoint: 4500 ns, At safepoint: 111046726 ns, Leaving safepoint: 12400 ns, Total: 111063626 ns, Threads: 0 runnable, 16 total
[12.974s][info ][gc,start       ] GC(3) Pause Young (Allocation Failure)
[13.058s][debug][gc,phases      ] GC(3) Scavenge 83.761ms
[13.058s][debug][gc,ref         ] GC(3) ReferenceProcessor::execute queues: 4, RefProcThreadModel::Multi, marks_oops_alive: false
[13.059s][debug][gc,ref         ] GC(3) ReferenceProcessor::execute queues: 4, RefProcThreadModel::Multi, marks_oops_alive: true
[13.059s][debug][gc,ref         ] GC(3) ReferenceProcessor::execute queues: 1, RefProcThreadModel::Single, marks_oops_alive: false
[13.059s][debug][gc,phases      ] GC(3) Reference Processing 1.314ms
[13.060s][debug][gc,phases      ] GC(3)   VM Weak                        Min: 0.00, Avg: 0.01, Max: 0.01, Diff: 0.01, Sum: 0.02, Workers: 4
[13.060s][debug][gc,phases      ] GC(3)     Dead                           Min: 0, Avg:  0.0, Max: 0, Diff: 0, Sum: 0, Workers: 4
[13.060s][debug][gc,phases      ] GC(3)     Total                          Min: 0, Avg: 152.5, Max: 354, Diff: 354, Sum: 610, Workers: 4
[13.060s][debug][gc,phases      ] GC(3)   ObjectSynchronizer Weak        Min: 0.00, Avg: 0.00, Max: 0.00, Diff: 0.00, Sum: 0.00, Workers: 4
[13.060s][debug][gc,phases      ] GC(3)     Dead                           Min: 0, Avg:  3.2, Max: 10, Diff: 10, Sum: 13, Workers: 4
[13.060s][debug][gc,phases      ] GC(3)     Total                          Min: 0, Avg: 18.2, Max: 64, Diff: 64, Sum: 73, Workers: 4
[13.060s][debug][gc,phases      ] GC(3)   JVMTI Tag Weak OopStorage      Min: 0.00, Avg: 0.00, Max: 0.00, Diff: 0.00, Sum: 0.00, Workers: 4
[13.060s][debug][gc,phases      ] GC(3)     Dead                           Min: 0, Avg:  0.0, Max: 0, Diff: 0, Sum: 0, Workers: 4
[13.060s][debug][gc,phases      ] GC(3)     Total                          Min: 0, Avg:  0.0, Max: 0, Diff: 0, Sum: 0, Workers: 4
[13.060s][debug][gc,phases      ] GC(3)   StringTable Weak               Min: 0.27, Avg: 0.45, Max: 0.63, Diff: 0.35, Sum: 1.80, Workers: 4
[13.060s][debug][gc,phases      ] GC(3)     Dead                           Min: 0, Avg: 11.5, Max: 18, Diff: 18, Sum: 46, Workers: 4
[13.060s][debug][gc,phases      ] GC(3)     Total                          Min: 2560, Avg: 11025.5, Max: 19398, Diff: 16838, Sum: 44102, Workers: 4
[13.060s][debug][gc,phases      ] GC(3)   ResolvedMethodTable Weak       Min: 0.00, Avg: 0.13, Max: 0.17, Diff: 0.17, Sum: 0.50, Workers: 4
[13.060s][debug][gc,phases      ] GC(3)     Dead                           Min: 0, Avg: 865.2, Max: 1618, Diff: 1618, Sum: 3461, Workers: 4
[13.060s][debug][gc,phases      ] GC(3)     Total                          Min: 0, Avg: 4114.5, Max: 7360, Diff: 7360, Sum: 16458, Workers: 4
[13.060s][debug][gc,phases      ] GC(3)   JNI Weak                       Min: 0.00, Avg: 0.00, Max: 0.00, Diff: 0.00, Sum: 0.00, Workers: 4
[13.060s][debug][gc,phases      ] GC(3)     Dead                           Min: 0, Avg:  0.0, Max: 0, Diff: 0, Sum: 0, Workers: 4
[13.060s][debug][gc,phases      ] GC(3)     Total                          Min: 0, Avg: 21.2, Max: 54, Diff: 54, Sum: 85, Workers: 4
[13.060s][debug][gc,phases      ] GC(3)   StringDedup Table Weak         Min: 0.00, Avg: 0.00, Max: 0.00, Diff: 0.00, Sum: 0.00, Workers: 4
[13.060s][debug][gc,phases      ] GC(3)     Dead                           Min: 0, Avg:  0.0, Max: 0, Diff: 0, Sum: 0, Workers: 4
[13.060s][debug][gc,phases      ] GC(3)     Total                          Min: 0, Avg:  0.0, Max: 0, Diff: 0, Sum: 0, Workers: 4
[13.060s][debug][gc,phases      ] GC(3)   StringDedup Requests0 Weak     Min: 0.00, Avg: 0.00, Max: 0.00, Diff: 0.00, Sum: 0.00, Workers: 4
[13.060s][debug][gc,phases      ] GC(3)     Dead                           Min: 0, Avg:  0.0, Max: 0, Diff: 0, Sum: 0, Workers: 4
[13.060s][debug][gc,phases      ] GC(3)     Total                          Min: 0, Avg:  0.0, Max: 0, Diff: 0, Sum: 0, Workers: 4
[13.060s][debug][gc,phases      ] GC(3)   StringDedup Requests1 Weak     Min: 0.00, Avg: 0.00, Max: 0.00, Diff: 0.00, Sum: 0.00, Workers: 4
[13.060s][debug][gc,phases      ] GC(3)     Dead                           Min: 0, Avg:  0.0, Max: 0, Diff: 0, Sum: 0, Workers: 4
[13.060s][debug][gc,phases      ] GC(3)     Total                          Min: 0, Avg:  0.0, Max: 0, Diff: 0, Sum: 0, Workers: 4
[13.060s][debug][gc,phases      ] GC(3)   Weak JFR Old Object Samples    Min: 0.00, Avg: 0.00, Max: 0.00, Diff: 0.00, Sum: 0.00, Workers: 4
[13.060s][debug][gc,phases      ] GC(3)     Dead                           Min: 0, Avg:  0.0, Max: 0, Diff: 0, Sum: 0, Workers: 4
[13.060s][debug][gc,phases      ] GC(3)     Total                          Min: 0, Avg:  0.0, Max: 0, Diff: 0, Sum: 0, Workers: 4
[13.060s][debug][gc,phases      ] GC(3) Weak Processing 0.805ms
[13.060s][debug][gc,age         ] GC(3) Desired survivor size 536870912 bytes, new threshold 7 (max threshold 15)
[13.060s][info ][gc,heap        ] GC(3) PSYoungGen: 1048576K(1572864K)->129808K(1572864K) Eden: 1048576K(1048576K)->0K(1048576K) From: 0K(524288K)->129808K(524288K)
[13.060s][info ][gc,heap        ] GC(3) ParOldGen: 5223K(6144K)->5291K(6144K)
[13.060s][info ][gc,metaspace   ] GC(3) Metaspace: 92121K(92992K)->92121K(92992K) NonClass: 78304K(78784K)->78304K(78784K) Class: 13816K(14208K)->13816K(14208K)
[13.060s][info ][gc             ] GC(3) Pause Young (Allocation Failure) 1029M->131M(1542M) 86.004ms
[13.060s][info ][gc,cpu         ] GC(3) User=0.23s Sys=0.05s Real=0.09s
[13.061s][info ][safepoint      ] Safepoint "ParallelCollectForAllocation", Time since last: 7137285334 ns, Reaching safepoint: 83599 ns, At safepoint: 86076026 ns, Leaving safepoint: 1494598 ns, Total: 87654223 ns, Threads: 1 runnable, 34 total
[17.640s][debug][gc,phases      ] GC(4) Pre Compact 0.021ms
[17.640s][info ][gc,start       ] GC(4) Pause Full (Metadata GC Threshold)
[17.640s][info ][gc,phases,start] GC(4) Marking Phase
[17.697s][debug][gc,phases      ] GC(4) Par Mark 56.852ms
[17.698s][debug][gc,ref         ] GC(4) ReferenceProcessor::execute queues: 4, RefProcThreadModel::Multi, marks_oops_alive: false
[17.699s][debug][gc,ref         ] GC(4) ReferenceProcessor::execute queues: 4, RefProcThreadModel::Multi, marks_oops_alive: true
[17.699s][debug][gc,ref         ] GC(4) ReferenceProcessor::execute queues: 1, RefProcThreadModel::Single, marks_oops_alive: false
[17.699s][debug][gc,phases      ] GC(4) Reference Processing 1.872ms
[17.699s][debug][gc,phases      ] GC(4) Flush Marking Stats 0.018ms
[17.700s][debug][gc,phases      ] GC(4)   VM Weak                        Min: 0.00, Avg: 0.00, Max: 0.01, Diff: 0.01, Sum: 0.02, Workers: 4
[17.700s][debug][gc,phases      ] GC(4)     Dead                           Min: 0, Avg:  0.0, Max: 0, Diff: 0, Sum: 0, Workers: 4
[17.700s][debug][gc,phases      ] GC(4)     Total                          Min: 0, Avg: 172.0, Max: 384, Diff: 384, Sum: 688, Workers: 4
[17.700s][debug][gc,phases      ] GC(4)   ObjectSynchronizer Weak        Min: 0.00, Avg: 0.00, Max: 0.00, Diff: 0.00, Sum: 0.00, Workers: 4
[17.700s][debug][gc,phases      ] GC(4)     Dead                           Min: 0, Avg:  0.5, Max: 2, Diff: 2, Sum: 2, Workers: 4
[17.700s][debug][gc,phases      ] GC(4)     Total                          Min: 0, Avg: 19.2, Max: 64, Diff: 64, Sum: 77, Workers: 4
[17.700s][debug][gc,phases      ] GC(4)   JVMTI Tag Weak OopStorage      Min: 0.00, Avg: 0.00, Max: 0.00, Diff: 0.00, Sum: 0.00, Workers: 4
[17.700s][debug][gc,phases      ] GC(4)     Dead                           Min: 0, Avg:  0.0, Max: 0, Diff: 0, Sum: 0, Workers: 4
[17.700s][debug][gc,phases      ] GC(4)     Total                          Min: 0, Avg:  0.0, Max: 0, Diff: 0, Sum: 0, Workers: 4
[17.700s][debug][gc,phases      ] GC(4)   StringTable Weak               Min: 0.00, Avg: 0.16, Max: 0.32, Diff: 0.32, Sum: 0.63, Workers: 4
[17.700s][debug][gc,phases      ] GC(4)     Dead                           Min: 0, Avg:  3.2, Max: 9, Diff: 9, Sum: 13, Workers: 4
[17.700s][debug][gc,phases      ] GC(4)     Total                          Min: 0, Avg: 11683.2, Max: 23680, Diff: 23680, Sum: 46733, Workers: 4
[17.700s][debug][gc,phases      ] GC(4)   ResolvedMethodTable Weak       Min: 0.00, Avg: 0.05, Max: 0.10, Diff: 0.10, Sum: 0.21, Workers: 4
[17.700s][debug][gc,phases      ] GC(4)     Dead                           Min: 0, Avg: 242.5, Max: 494, Diff: 494, Sum: 970, Workers: 4
[17.700s][debug][gc,phases      ] GC(4)     Total                          Min: 0, Avg: 3825.5, Max: 7678, Diff: 7678, Sum: 15302, Workers: 4
[17.700s][debug][gc,phases      ] GC(4)   JNI Weak                       Min: 0.00, Avg: 0.00, Max: 0.00, Diff: 0.00, Sum: 0.00, Workers: 4
[17.700s][debug][gc,phases      ] GC(4)     Dead                           Min: 0, Avg:  0.0, Max: 0, Diff: 0, Sum: 0, Workers: 4
[17.700s][debug][gc,phases      ] GC(4)     Total                          Min: 0, Avg: 23.8, Max: 86, Diff: 86, Sum: 95, Workers: 4
[17.700s][debug][gc,phases      ] GC(4)   StringDedup Table Weak         Min: 0.00, Avg: 0.00, Max: 0.00, Diff: 0.00, Sum: 0.00, Workers: 4
[17.700s][debug][gc,phases      ] GC(4)     Dead                           Min: 0, Avg:  0.0, Max: 0, Diff: 0, Sum: 0, Workers: 4
[17.700s][debug][gc,phases      ] GC(4)     Total                          Min: 0, Avg:  0.0, Max: 0, Diff: 0, Sum: 0, Workers: 4
[17.700s][debug][gc,phases      ] GC(4)   StringDedup Requests0 Weak     Min: 0.00, Avg: 0.00, Max: 0.00, Diff: 0.00, Sum: 0.00, Workers: 4
[17.700s][debug][gc,phases      ] GC(4)     Dead                           Min: 0, Avg:  0.0, Max: 0, Diff: 0, Sum: 0, Workers: 4
[17.700s][debug][gc,phases      ] GC(4)     Total                          Min: 0, Avg:  0.0, Max: 0, Diff: 0, Sum: 0, Workers: 4
[17.700s][debug][gc,phases      ] GC(4)   StringDedup Requests1 Weak     Min: 0.00, Avg: 0.00, Max: 0.00, Diff: 0.00, Sum: 0.00, Workers: 4
[17.700s][debug][gc,phases      ] GC(4)     Dead                           Min: 0, Avg:  0.0, Max: 0, Diff: 0, Sum: 0, Workers: 4
[17.700s][debug][gc,phases      ] GC(4)     Total                          Min: 0, Avg:  0.0, Max: 0, Diff: 0, Sum: 0, Workers: 4
[17.700s][debug][gc,phases      ] GC(4)   Weak JFR Old Object Samples    Min: 0.00, Avg: 0.00, Max: 0.00, Diff: 0.00, Sum: 0.00, Workers: 4
[17.700s][debug][gc,phases      ] GC(4)     Dead                           Min: 0, Avg:  0.0, Max: 0, Diff: 0, Sum: 0, Workers: 4
[17.700s][debug][gc,phases      ] GC(4)     Total                          Min: 0, Avg:  0.0, Max: 0, Diff: 0, Sum: 0, Workers: 4
[17.700s][debug][gc,phases      ] GC(4) Weak Processing 0.674ms
[17.700s][debug][gc,phases      ] GC(4) ClassLoaderData 0.090ms
[17.700s][debug][gc,phases      ] GC(4) Trigger cleanups 0.000ms
[17.720s][debug][gc,phases      ] GC(4) Purge Unlinked NMethods 0.364ms
[17.720s][debug][gc,phases      ] GC(4) Unregister NMethods 0.111ms
[17.720s][debug][gc,phases      ] GC(4) Free Code Blobs 0.036ms
[17.720s][debug][gc,phases      ] GC(4) Class Unloading 20.054ms
[17.720s][debug][gc,phases      ] GC(4) Report Object Count 0.001ms
[17.720s][info ][gc,phases      ] GC(4) Marking Phase 79.568ms
[17.720s][info ][gc,phases,start] GC(4) Summary Phase
[17.720s][info ][gc,phases      ] GC(4) Summary Phase 0.016ms
[17.720s][info ][gc,phases,start] GC(4) Forward
[17.737s][info ][gc,phases      ] GC(4) Forward 16.701ms
[17.737s][info ][gc,phases,start] GC(4) Adjust Pointers
[17.778s][info ][gc,phases      ] GC(4) Adjust Pointers 41.097ms
[17.778s][info ][gc,phases,start] GC(4) Compaction Phase
[17.799s][info ][gc,phases      ] GC(4) Compaction Phase 21.157ms
[17.800s][info ][gc,phases,start] GC(4) Post Compact
[17.802s][debug][gc,phases      ] GC(4) Purge Class Loader Data 1.933ms
[17.805s][info ][gc,phases      ] GC(4) Post Compact 5.232ms
[17.805s][info ][gc,heap        ] GC(4) PSYoungGen: 434571K(1572864K)->149081K(1572864K) Eden: 304763K(1048576K)->149081K(1048576K) From: 129808K(524288K)->0K(524288K)
[17.805s][info ][gc,heap        ] GC(4) ParOldGen: 5291K(6144K)->6143K(6144K)
[17.805s][info ][gc,metaspace   ] GC(4) Metaspace: 98626K(99648K)->98626K(99648K) NonClass: 83722K(84288K)->83722K(84288K) Class: 14903K(15360K)->14903K(15360K)
[17.805s][info ][gc             ] GC(4) Pause Full (Metadata GC Threshold) 429M->151M(1542M) 164.508ms
[17.805s][info ][gc,cpu         ] GC(4) User=0.47s Sys=0.01s Real=0.16s
[17.807s][info ][safepoint      ] Safepoint "CollectForMetadataAllocation", Time since last: 4578989823 ns, Reaching safepoint: 5500 ns, At safepoint: 164645257 ns, Leaving safepoint: 2095198 ns, Total: 166745955 ns, Threads: 0 runnable, 35 total
[20.909s][info ][gc,start       ] GC(5) Pause Young (Allocation Failure)
[21.015s][debug][gc,phases      ] GC(5) Scavenge 105.746ms
[21.015s][debug][gc,ref         ] GC(5) ReferenceProcessor::execute queues: 4, RefProcThreadModel::Multi, marks_oops_alive: false
[21.015s][debug][gc,ref         ] GC(5) ReferenceProcessor::execute queues: 4, RefProcThreadModel::Multi, marks_oops_alive: true
[21.015s][debug][gc,ref         ] GC(5) ReferenceProcessor::execute queues: 1, RefProcThreadModel::Single, marks_oops_alive: false
[21.015s][debug][gc,phases      ] GC(5) Reference Processing 0.729ms
[21.016s][debug][gc,phases      ] GC(5)   VM Weak                        Min: 0.00, Avg: 0.01, Max: 0.01, Diff: 0.01, Sum: 0.02, Workers: 4
[21.016s][debug][gc,phases      ] GC(5)     Dead                           Min: 0, Avg:  0.0, Max: 0, Diff: 0, Sum: 0, Workers: 4
[21.016s][debug][gc,phases      ] GC(5)     Total                          Min: 64, Avg: 192.2, Max: 384, Diff: 320, Sum: 769, Workers: 4
[21.016s][debug][gc,phases      ] GC(5)   ObjectSynchronizer Weak        Min: 0.00, Avg: 0.00, Max: 0.00, Diff: 0.00, Sum: 0.00, Workers: 4
[21.016s][debug][gc,phases      ] GC(5)     Dead                           Min: 0, Avg:  0.0, Max: 0, Diff: 0, Sum: 0, Workers: 4
[21.016s][debug][gc,phases      ] GC(5)     Total                          Min: 0, Avg: 19.8, Max: 64, Diff: 64, Sum: 79, Workers: 4
[21.016s][debug][gc,phases      ] GC(5)   JVMTI Tag Weak OopStorage      Min: 0.00, Avg: 0.00, Max: 0.00, Diff: 0.00, Sum: 0.00, Workers: 4
[21.016s][debug][gc,phases      ] GC(5)     Dead                           Min: 0, Avg:  0.0, Max: 0, Diff: 0, Sum: 0, Workers: 4
[21.016s][debug][gc,phases      ] GC(5)     Total                          Min: 0, Avg:  0.0, Max: 0, Diff: 0, Sum: 0, Workers: 4
[21.016s][debug][gc,phases      ] GC(5)   StringTable Weak               Min: 0.31, Avg: 0.31, Max: 0.31, Diff: 0.00, Sum: 1.24, Workers: 4
[21.016s][debug][gc,phases      ] GC(5)     Dead                           Min: 0, Avg:  1.8, Max: 4, Diff: 4, Sum: 7, Workers: 4
[21.016s][debug][gc,phases      ] GC(5)     Total                          Min: 11284, Avg: 11813.0, Max: 12416, Diff: 1132, Sum: 47252, Workers: 4
[21.016s][debug][gc,phases      ] GC(5)   ResolvedMethodTable Weak       Min: 0.11, Avg: 0.11, Max: 0.11, Diff: 0.00, Sum: 0.44, Workers: 4
[21.016s][debug][gc,phases      ] GC(5)     Dead                           Min: 18, Avg: 42.8, Max: 64, Diff: 46, Sum: 171, Workers: 4
[21.016s][debug][gc,phases      ] GC(5)     Total                          Min: 3851, Avg: 3971.0, Max: 4129, Diff: 278, Sum: 15884, Workers: 4
[21.016s][debug][gc,phases      ] GC(5)   JNI Weak                       Min: 0.00, Avg: 0.00, Max: 0.00, Diff: 0.00, Sum: 0.00, Workers: 4
[21.016s][debug][gc,phases      ] GC(5)     Dead                           Min: 0, Avg:  0.0, Max: 0, Diff: 0, Sum: 0, Workers: 4
[21.016s][debug][gc,phases      ] GC(5)     Total                          Min: 0, Avg: 20.2, Max: 67, Diff: 67, Sum: 81, Workers: 4
[21.016s][debug][gc,phases      ] GC(5)   StringDedup Table Weak         Min: 0.00, Avg: 0.00, Max: 0.00, Diff: 0.00, Sum: 0.00, Workers: 4
[21.016s][debug][gc,phases      ] GC(5)     Dead                           Min: 0, Avg:  0.0, Max: 0, Diff: 0, Sum: 0, Workers: 4
[21.016s][debug][gc,phases      ] GC(5)     Total                          Min: 0, Avg:  0.0, Max: 0, Diff: 0, Sum: 0, Workers: 4
[21.016s][debug][gc,phases      ] GC(5)   StringDedup Requests0 Weak     Min: 0.00, Avg: 0.00, Max: 0.00, Diff: 0.00, Sum: 0.00, Workers: 4
[21.016s][debug][gc,phases      ] GC(5)     Dead                           Min: 0, Avg:  0.0, Max: 0, Diff: 0, Sum: 0, Workers: 4
[21.016s][debug][gc,phases      ] GC(5)     Total                          Min: 0, Avg:  0.0, Max: 0, Diff: 0, Sum: 0, Workers: 4
[21.016s][debug][gc,phases      ] GC(5)   StringDedup Requests1 Weak     Min: 0.00, Avg: 0.00, Max: 0.00, Diff: 0.00, Sum: 0.00, Workers: 4
[21.016s][debug][gc,phases      ] GC(5)     Dead                           Min: 0, Avg:  0.0, Max: 0, Diff: 0, Sum: 0, Workers: 4
[21.016s][debug][gc,phases      ] GC(5)     Total                          Min: 0, Avg:  0.0, Max: 0, Diff: 0, Sum: 0, Workers: 4
[21.016s][debug][gc,phases      ] GC(5)   Weak JFR Old Object Samples    Min: 0.00, Avg: 0.00, Max: 0.00, Diff: 0.00, Sum: 0.00, Workers: 4
[21.016s][debug][gc,phases      ] GC(5)     Dead                           Min: 0, Avg:  0.0, Max: 0, Diff: 0, Sum: 0, Workers: 4
[21.016s][debug][gc,phases      ] GC(5)     Total                          Min: 0, Avg:  0.0, Max: 0, Diff: 0, Sum: 0, Workers: 4
[21.016s][debug][gc,phases      ] GC(5) Weak Processing 0.593ms
[21.016s][debug][gc,age         ] GC(5) Desired survivor size 536870912 bytes, new threshold 7 (max threshold 15)
[21.016s][info ][gc,heap        ] GC(5) PSYoungGen: 1048576K(1572864K)->200866K(1572864K) Eden: 1048576K(1048576K)->0K(1048576K) From: 0K(524288K)->200866K(524288K)
[21.016s][info ][gc,heap        ] GC(5) ParOldGen: 6143K(6144K)->6183K(6656K)
[21.016s][info ][gc,metaspace   ] GC(5) Metaspace: 100998K(102080K)->100998K(102080K) NonClass: 85843K(86464K)->85843K(86464K) Class: 15154K(15616K)->15154K(15616K)
[21.016s][info ][gc             ] GC(5) Pause Young (Allocation Failure) 1029M->202M(1542M) 107.206ms
[21.016s][info ][gc,cpu         ] GC(5) User=0.34s Sys=0.05s Real=0.10s
[21.016s][info ][safepoint      ] Safepoint "ParallelCollectForAllocation", Time since last: 3101592891 ns, Reaching safepoint: 84700 ns, At safepoint: 107291618 ns, Leaving safepoint: 15700 ns, Total: 107392018 ns, Threads: 1 runnable, 35 total
[29.600s][info ][gc,start       ] GC(6) Pause Young (Allocation Failure)
[29.706s][debug][gc,phases      ] GC(6) Scavenge 106.160ms
[29.706s][debug][gc,ref         ] GC(6) ReferenceProcessor::execute queues: 4, RefProcThreadModel::Multi, marks_oops_alive: false
[29.707s][debug][gc,ref         ] GC(6) ReferenceProcessor::execute queues: 4, RefProcThreadModel::Multi, marks_oops_alive: true
[29.707s][debug][gc,ref         ] GC(6) ReferenceProcessor::execute queues: 1, RefProcThreadModel::Single, marks_oops_alive: false
[29.707s][debug][gc,phases      ] GC(6) Reference Processing 0.970ms
[29.708s][debug][gc,phases      ] GC(6)   VM Weak                        Min: 0.00, Avg: 0.01, Max: 0.01, Diff: 0.01, Sum: 0.03, Workers: 4
[29.708s][debug][gc,phases      ] GC(6)     Dead                           Min: 0, Avg:  0.0, Max: 0, Diff: 0, Sum: 0, Workers: 4
[29.708s][debug][gc,phases      ] GC(6)     Total                          Min: 0, Avg: 214.2, Max: 473, Diff: 473, Sum: 857, Workers: 4
[29.708s][debug][gc,phases      ] GC(6)   ObjectSynchronizer Weak        Min: 0.00, Avg: 0.00, Max: 0.00, Diff: 0.00, Sum: 0.00, Workers: 4
[29.708s][debug][gc,phases      ] GC(6)     Dead                           Min: 0, Avg:  0.5, Max: 2, Diff: 2, Sum: 2, Workers: 4
[29.708s][debug][gc,phases      ] GC(6)     Total                          Min: 0, Avg: 21.8, Max: 64, Diff: 64, Sum: 87, Workers: 4
[29.708s][debug][gc,phases      ] GC(6)   JVMTI Tag Weak OopStorage      Min: 0.00, Avg: 0.00, Max: 0.00, Diff: 0.00, Sum: 0.00, Workers: 4
[29.708s][debug][gc,phases      ] GC(6)     Dead                           Min: 0, Avg:  0.0, Max: 0, Diff: 0, Sum: 0, Workers: 4
[29.708s][debug][gc,phases      ] GC(6)     Total                          Min: 0, Avg:  0.0, Max: 0, Diff: 0, Sum: 0, Workers: 4
[29.708s][debug][gc,phases      ] GC(6)   StringTable Weak               Min: 0.18, Avg: 0.44, Max: 0.64, Diff: 0.46, Sum: 1.75, Workers: 4
[29.708s][debug][gc,phases      ] GC(6)     Dead                           Min: 0, Avg:  1.2, Max: 4, Diff: 4, Sum: 5, Workers: 4
[29.708s][debug][gc,phases      ] GC(6)     Total                          Min: 7040, Avg: 12120.8, Max: 16355, Diff: 9315, Sum: 48483, Workers: 4
[29.708s][debug][gc,phases      ] GC(6)   ResolvedMethodTable Weak       Min: 0.00, Avg: 0.12, Max: 0.16, Diff: 0.16, Sum: 0.47, Workers: 4
[29.708s][debug][gc,phases      ] GC(6)     Dead                           Min: 0, Avg: 87.0, Max: 132, Diff: 132, Sum: 348, Workers: 4
[29.708s][debug][gc,phases      ] GC(6)     Total                          Min: 0, Avg: 4241.5, Max: 5759, Diff: 5759, Sum: 16966, Workers: 4
[29.708s][debug][gc,phases      ] GC(6)   JNI Weak                       Min: 0.00, Avg: 0.00, Max: 0.00, Diff: 0.00, Sum: 0.00, Workers: 4
[29.708s][debug][gc,phases      ] GC(6)     Dead                           Min: 0, Avg:  0.0, Max: 0, Diff: 0, Sum: 0, Workers: 4
[29.708s][debug][gc,phases      ] GC(6)     Total                          Min: 0, Avg: 38.2, Max: 60, Diff: 60, Sum: 153, Workers: 4
[29.708s][debug][gc,phases      ] GC(6)   StringDedup Table Weak         Min: 0.00, Avg: 0.00, Max: 0.00, Diff: 0.00, Sum: 0.00, Workers: 4
[29.708s][debug][gc,phases      ] GC(6)     Dead                           Min: 0, Avg:  0.0, Max: 0, Diff: 0, Sum: 0, Workers: 4
[29.708s][debug][gc,phases      ] GC(6)     Total                          Min: 0, Avg:  0.0, Max: 0, Diff: 0, Sum: 0, Workers: 4
[29.708s][debug][gc,phases      ] GC(6)   StringDedup Requests0 Weak     Min: 0.00, Avg: 0.00, Max: 0.00, Diff: 0.00, Sum: 0.00, Workers: 4
[29.708s][debug][gc,phases      ] GC(6)     Dead                           Min: 0, Avg:  0.0, Max: 0, Diff: 0, Sum: 0, Workers: 4
[29.708s][debug][gc,phases      ] GC(6)     Total                          Min: 0, Avg:  0.0, Max: 0, Diff: 0, Sum: 0, Workers: 4
[29.708s][debug][gc,phases      ] GC(6)   StringDedup Requests1 Weak     Min: 0.00, Avg: 0.00, Max: 0.00, Diff: 0.00, Sum: 0.00, Workers: 4
[29.708s][debug][gc,phases      ] GC(6)     Dead                           Min: 0, Avg:  0.0, Max: 0, Diff: 0, Sum: 0, Workers: 4
[29.708s][debug][gc,phases      ] GC(6)     Total                          Min: 0, Avg:  0.0, Max: 0, Diff: 0, Sum: 0, Workers: 4
[29.708s][debug][gc,phases      ] GC(6)   Weak JFR Old Object Samples    Min: 0.00, Avg: 0.00, Max: 0.00, Diff: 0.00, Sum: 0.00, Workers: 4
[29.708s][debug][gc,phases      ] GC(6)     Dead                           Min: 0, Avg:  0.0, Max: 0, Diff: 0, Sum: 0, Workers: 4
[29.708s][debug][gc,phases      ] GC(6)     Total                          Min: 0, Avg:  0.0, Max: 0, Diff: 0, Sum: 0, Workers: 4
[29.708s][debug][gc,phases      ] GC(6) Weak Processing 0.895ms
[29.708s][debug][gc,age         ] GC(6) Desired survivor size 536870912 bytes, new threshold 7 (max threshold 15)
[29.708s][info ][gc,heap        ] GC(6) PSYoungGen: 1249442K(1572864K)->262254K(1572864K) Eden: 1048576K(1048576K)->0K(1048576K) From: 200866K(524288K)->262254K(524288K)
[29.708s][info ][gc,heap        ] GC(6) ParOldGen: 6183K(6656K)->6495K(6656K)
[29.708s][info ][gc,metaspace   ] GC(6) Metaspace: 104647K(105856K)->104647K(105856K) NonClass: 89006K(89728K)->89006K(89728K) Class: 15641K(16128K)->15641K(16128K)
[29.708s][info ][gc             ] GC(6) Pause Young (Allocation Failure) 1226M->262M(1542M) 108.182ms
[29.708s][info ][gc,cpu         ] GC(6) User=0.33s Sys=0.06s Real=0.10s
[29.708s][info ][safepoint      ] Safepoint "ParallelCollectForAllocation", Time since last: 8583745687 ns, Reaching safepoint: 7100 ns, At safepoint: 108268020 ns, Leaving safepoint: 16800 ns, Total: 108291920 ns, Threads: 0 runnable, 34 total
[33.112s][info ][gc,start       ] GC(7) Pause Young (Allocation Failure)
[33.210s][debug][gc,phases      ] GC(7) Scavenge 98.616ms
[33.211s][debug][gc,ref         ] GC(7) ReferenceProcessor::execute queues: 4, RefProcThreadModel::Multi, marks_oops_alive: false
[33.211s][debug][gc,ref         ] GC(7) ReferenceProcessor::execute queues: 4, RefProcThreadModel::Multi, marks_oops_alive: true
[33.211s][debug][gc,ref         ] GC(7) ReferenceProcessor::execute queues: 1, RefProcThreadModel::Single, marks_oops_alive: false
[33.212s][debug][gc,phases      ] GC(7) Reference Processing 0.978ms
[33.212s][debug][gc,phases      ] GC(7)   VM Weak                        Min: 0.00, Avg: 0.01, Max: 0.01, Diff: 0.01, Sum: 0.03, Workers: 4
[33.212s][debug][gc,phases      ] GC(7)     Dead                           Min: 0, Avg:  0.0, Max: 0, Diff: 0, Sum: 0, Workers: 4
[33.212s][debug][gc,phases      ] GC(7)     Total                          Min: 0, Avg: 221.0, Max: 372, Diff: 372, Sum: 884, Workers: 4
[33.212s][debug][gc,phases      ] GC(7)   ObjectSynchronizer Weak        Min: 0.00, Avg: 0.00, Max: 0.00, Diff: 0.00, Sum: 0.00, Workers: 4
[33.212s][debug][gc,phases      ] GC(7)     Dead                           Min: 0, Avg:  0.0, Max: 0, Diff: 0, Sum: 0, Workers: 4
[33.212s][debug][gc,phases      ] GC(7)     Total                          Min: 0, Avg: 21.8, Max: 64, Diff: 64, Sum: 87, Workers: 4
[33.212s][debug][gc,phases      ] GC(7)   JVMTI Tag Weak OopStorage      Min: 0.00, Avg: 0.04, Max: 0.17, Diff: 0.17, Sum: 0.18, Workers: 4
[33.212s][debug][gc,phases      ] GC(7)     Dead                           Min: 0, Avg:  0.0, Max: 0, Diff: 0, Sum: 0, Workers: 4
[33.212s][debug][gc,phases      ] GC(7)     Total                          Min: 0, Avg:  0.0, Max: 0, Diff: 0, Sum: 0, Workers: 4
[33.212s][debug][gc,phases      ] GC(7)   StringTable Weak               Min: 0.26, Avg: 0.42, Max: 0.55, Diff: 0.28, Sum: 1.69, Workers: 4
[33.212s][debug][gc,phases      ] GC(7)     Dead                           Min: 0, Avg:  1.5, Max: 5, Diff: 5, Sum: 6, Workers: 4
[33.212s][debug][gc,phases      ] GC(7)     Total                          Min: 2560, Avg: 12193.0, Max: 21248, Diff: 18688, Sum: 48772, Workers: 4
[33.212s][debug][gc,phases      ] GC(7)   ResolvedMethodTable Weak       Min: 0.00, Avg: 0.09, Max: 0.13, Diff: 0.13, Sum: 0.38, Workers: 4
[33.212s][debug][gc,phases      ] GC(7)     Dead                           Min: 0, Avg: 20.5, Max: 37, Diff: 37, Sum: 82, Workers: 4
[33.212s][debug][gc,phases      ] GC(7)     Total                          Min: 0, Avg: 4012.8, Max: 7073, Diff: 7073, Sum: 16051, Workers: 4
[33.212s][debug][gc,phases      ] GC(7)   JNI Weak                       Min: 0.00, Avg: 0.00, Max: 0.00, Diff: 0.00, Sum: 0.00, Workers: 4
[33.212s][debug][gc,phases      ] GC(7)     Dead                           Min: 0, Avg:  0.0, Max: 0, Diff: 0, Sum: 0, Workers: 4
[33.212s][debug][gc,phases      ] GC(7)     Total                          Min: 0, Avg: 18.5, Max: 70, Diff: 70, Sum: 74, Workers: 4
[33.212s][debug][gc,phases      ] GC(7)   StringDedup Table Weak         Min: 0.00, Avg: 0.00, Max: 0.00, Diff: 0.00, Sum: 0.00, Workers: 4
[33.212s][debug][gc,phases      ] GC(7)     Dead                           Min: 0, Avg:  0.0, Max: 0, Diff: 0, Sum: 0, Workers: 4
[33.212s][debug][gc,phases      ] GC(7)     Total                          Min: 0, Avg:  0.0, Max: 0, Diff: 0, Sum: 0, Workers: 4
[33.212s][debug][gc,phases      ] GC(7)   StringDedup Requests0 Weak     Min: 0.00, Avg: 0.00, Max: 0.00, Diff: 0.00, Sum: 0.00, Workers: 4
[33.212s][debug][gc,phases      ] GC(7)     Dead                           Min: 0, Avg:  0.0, Max: 0, Diff: 0, Sum: 0, Workers: 4
[33.212s][debug][gc,phases      ] GC(7)     Total                          Min: 0, Avg:  0.0, Max: 0, Diff: 0, Sum: 0, Workers: 4
[33.212s][debug][gc,phases      ] GC(7)   StringDedup Requests1 Weak     Min: 0.00, Avg: 0.00, Max: 0.00, Diff: 0.00, Sum: 0.00, Workers: 4
[33.212s][debug][gc,phases      ] GC(7)     Dead                           Min: 0, Avg:  0.0, Max: 0, Diff: 0, Sum: 0, Workers: 4
[33.212s][debug][gc,phases      ] GC(7)     Total                          Min: 0, Avg:  0.0, Max: 0, Diff: 0, Sum: 0, Workers: 4
[33.212s][debug][gc,phases      ] GC(7)   Weak JFR Old Object Samples    Min: 0.00, Avg: 0.00, Max: 0.00, Diff: 0.00, Sum: 0.00, Workers: 4
[33.212s][debug][gc,phases      ] GC(7)     Dead                           Min: 0, Avg:  0.0, Max: 0, Diff: 0, Sum: 0, Workers: 4
[33.212s][debug][gc,phases      ] GC(7)     Total                          Min: 0, Avg:  0.0, Max: 0, Diff: 0, Sum: 0, Workers: 4
[33.212s][debug][gc,phases      ] GC(7) Weak Processing 0.789ms
[33.212s][debug][gc,age         ] GC(7) Desired survivor size 536870912 bytes, new threshold 7 (max threshold 15)
[33.212s][info ][gc,heap        ] GC(7) PSYoungGen: 1310830K(1572864K)->256809K(1572864K) Eden: 1048576K(1048576K)->0K(1048576K) From: 262254K(524288K)->256809K(524288K)
[33.212s][info ][gc,heap        ] GC(7) ParOldGen: 6495K(6656K)->6503K(6656K)
[33.212s][info ][gc,metaspace   ] GC(7) Metaspace: 105727K(106944K)->105727K(106944K) NonClass: 89975K(90688K)->89975K(90688K) Class: 15752K(16256K)->15752K(16256K)
[33.212s][info ][gc             ] GC(7) Pause Young (Allocation Failure) 1286M->257M(1542M) 100.552ms
[33.212s][info ][gc,cpu         ] GC(7) User=0.34s Sys=0.02s Real=0.10s
[33.212s][info ][safepoint      ] Safepoint "ParallelCollectForAllocation", Time since last: 3403505298 ns, Reaching safepoint: 157200 ns, At safepoint: 100624026 ns, Leaving safepoint: 13900 ns, Total: 100795126 ns, Threads: 2 runnable, 34 total
[38.865s][info ][gc,start       ] GC(8) Pause Young (Allocation Failure)
[38.974s][debug][gc,phases      ] GC(8) Scavenge 108.305ms
[38.974s][debug][gc,ref         ] GC(8) ReferenceProcessor::execute queues: 4, RefProcThreadModel::Multi, marks_oops_alive: false
[38.976s][debug][gc,ref         ] GC(8) ReferenceProcessor::execute queues: 4, RefProcThreadModel::Multi, marks_oops_alive: true
[38.977s][debug][gc,ref         ] GC(8) ReferenceProcessor::execute queues: 1, RefProcThreadModel::Single, marks_oops_alive: false
[38.977s][debug][gc,phases      ] GC(8) Reference Processing 3.443ms
[38.979s][debug][gc,phases      ] GC(8)   VM Weak                        Min: 0.00, Avg: 0.01, Max: 0.01, Diff: 0.01, Sum: 0.03, Workers: 4
[38.979s][debug][gc,phases      ] GC(8)     Dead                           Min: 0, Avg:  0.0, Max: 0, Diff: 0, Sum: 0, Workers: 4
[38.979s][debug][gc,phases      ] GC(8)     Total                          Min: 0, Avg: 221.8, Max: 448, Diff: 448, Sum: 887, Workers: 4
[38.979s][debug][gc,phases      ] GC(8)   ObjectSynchronizer Weak        Min: 0.00, Avg: 0.00, Max: 0.00, Diff: 0.00, Sum: 0.00, Workers: 4
[38.979s][debug][gc,phases      ] GC(8)     Dead                           Min: 0, Avg:  0.0, Max: 0, Diff: 0, Sum: 0, Workers: 4
[38.979s][debug][gc,phases      ] GC(8)     Total                          Min: 0, Avg: 21.8, Max: 64, Diff: 64, Sum: 87, Workers: 4
[38.979s][debug][gc,phases      ] GC(8)   JVMTI Tag Weak OopStorage      Min: 0.00, Avg: 0.00, Max: 0.00, Diff: 0.00, Sum: 0.00, Workers: 4
[38.979s][debug][gc,phases      ] GC(8)     Dead                           Min: 0, Avg:  0.0, Max: 0, Diff: 0, Sum: 0, Workers: 4
[38.979s][debug][gc,phases      ] GC(8)     Total                          Min: 0, Avg:  0.0, Max: 0, Diff: 0, Sum: 0, Workers: 4
[38.979s][debug][gc,phases      ] GC(8)   StringTable Weak               Min: 0.00, Avg: 0.32, Max: 0.65, Diff: 0.65, Sum: 1.29, Workers: 4
[38.979s][debug][gc,phases      ] GC(8)     Dead                           Min: 0, Avg:  0.5, Max: 2, Diff: 2, Sum: 2, Workers: 4
[38.979s][debug][gc,phases      ] GC(8)     Total                          Min: 0, Avg: 12244.8, Max: 24915, Diff: 24915, Sum: 48979, Workers: 4
[38.979s][debug][gc,phases      ] GC(8)   ResolvedMethodTable Weak       Min: 0.00, Avg: 0.12, Max: 0.24, Diff: 0.24, Sum: 0.49, Workers: 4
[38.979s][debug][gc,phases      ] GC(8)     Dead                           Min: 0, Avg: 15.0, Max: 50, Diff: 50, Sum: 60, Workers: 4
[38.979s][debug][gc,phases      ] GC(8)     Total                          Min: 0, Avg: 4051.0, Max: 8215, Diff: 8215, Sum: 16204, Workers: 4
[38.979s][debug][gc,phases      ] GC(8)   JNI Weak                       Min: 0.00, Avg: 0.00, Max: 0.00, Diff: 0.00, Sum: 0.00, Workers: 4
[38.979s][debug][gc,phases      ] GC(8)     Dead                           Min: 0, Avg:  0.0, Max: 0, Diff: 0, Sum: 0, Workers: 4
[38.979s][debug][gc,phases      ] GC(8)     Total                          Min: 0, Avg: 13.0, Max: 52, Diff: 52, Sum: 52, Workers: 4
[38.979s][debug][gc,phases      ] GC(8)   StringDedup Table Weak         Min: 0.00, Avg: 0.00, Max: 0.00, Diff: 0.00, Sum: 0.00, Workers: 4
[38.979s][debug][gc,phases      ] GC(8)     Dead                           Min: 0, Avg:  0.0, Max: 0, Diff: 0, Sum: 0, Workers: 4
[38.979s][debug][gc,phases      ] GC(8)     Total                          Min: 0, Avg:  0.0, Max: 0, Diff: 0, Sum: 0, Workers: 4
[38.979s][debug][gc,phases      ] GC(8)   StringDedup Requests0 Weak     Min: 0.00, Avg: 0.00, Max: 0.00, Diff: 0.00, Sum: 0.00, Workers: 4
[38.979s][debug][gc,phases      ] GC(8)     Dead                           Min: 0, Avg:  0.0, Max: 0, Diff: 0, Sum: 0, Workers: 4
[38.979s][debug][gc,phases      ] GC(8)     Total                          Min: 0, Avg:  0.0, Max: 0, Diff: 0, Sum: 0, Workers: 4
[38.979s][debug][gc,phases      ] GC(8)   StringDedup Requests1 Weak     Min: 0.00, Avg: 0.00, Max: 0.00, Diff: 0.00, Sum: 0.00, Workers: 4
[38.979s][debug][gc,phases      ] GC(8)     Dead                           Min: 0, Avg:  0.0, Max: 0, Diff: 0, Sum: 0, Workers: 4
[38.979s][debug][gc,phases      ] GC(8)     Total                          Min: 0, Avg:  0.0, Max: 0, Diff: 0, Sum: 0, Workers: 4
[38.979s][debug][gc,phases      ] GC(8)   Weak JFR Old Object Samples    Min: 0.00, Avg: 0.00, Max: 0.00, Diff: 0.00, Sum: 0.00, Workers: 4
[38.979s][debug][gc,phases      ] GC(8)     Dead                           Min: 0, Avg:  0.0, Max: 0, Diff: 0, Sum: 0, Workers: 4
[38.979s][debug][gc,phases      ] GC(8)     Total                          Min: 0, Avg:  0.0, Max: 0, Diff: 0, Sum: 0, Workers: 4
[38.979s][debug][gc,phases      ] GC(8) Weak Processing 1.535ms
[38.979s][debug][gc,age         ] GC(8) Desired survivor size 343408640 bytes, new threshold 6 (max threshold 15)
[38.979s][info ][gc,heap        ] GC(8) PSYoungGen: 1305385K(1572864K)->265493K(1572864K) Eden: 1048576K(1048576K)->0K(1048576K) From: 256809K(524288K)->265493K(524288K)
[38.979s][info ][gc,heap        ] GC(8) ParOldGen: 6503K(6656K)->6511K(6656K)
[38.979s][info ][gc,metaspace   ] GC(8) Metaspace: 106174K(107392K)->106174K(107392K) NonClass: 90358K(91072K)->90358K(91072K) Class: 15815K(16320K)->15815K(16320K)
[38.979s][info ][gc             ] GC(8) Pause Young (Allocation Failure) 1281M->265M(1542M) 113.442ms
[38.979s][info ][gc,cpu         ] GC(8) User=0.33s Sys=0.00s Real=0.12s
[38.979s][info ][safepoint      ] Safepoint "ParallelCollectForAllocation", Time since last: 5653034744 ns, Reaching safepoint: 5600 ns, At safepoint: 113516716 ns, Leaving safepoint: 18300 ns, Total: 113540616 ns, Threads: 0 runnable, 34 total
[51.267s][info ][gc,start       ] GC(9) Pause Young (Allocation Failure)
[51.381s][debug][gc,phases      ] GC(9) Scavenge 113.587ms
[51.381s][debug][gc,ref         ] GC(9) ReferenceProcessor::execute queues: 4, RefProcThreadModel::Multi, marks_oops_alive: false
[51.382s][debug][gc,ref         ] GC(9) ReferenceProcessor::execute queues: 4, RefProcThreadModel::Multi, marks_oops_alive: true
[51.382s][debug][gc,ref         ] GC(9) ReferenceProcessor::execute queues: 1, RefProcThreadModel::Single, marks_oops_alive: false
[51.382s][debug][gc,phases      ] GC(9) Reference Processing 0.761ms
[51.382s][debug][gc,phases      ] GC(9)   VM Weak                        Min: 0.00, Avg: 0.01, Max: 0.01, Diff: 0.01, Sum: 0.03, Workers: 4
[51.382s][debug][gc,phases      ] GC(9)     Dead                           Min: 0, Avg:  0.0, Max: 0, Diff: 0, Sum: 0, Workers: 4
[51.382s][debug][gc,phases      ] GC(9)     Total                          Min: 64, Avg: 221.8, Max: 384, Diff: 320, Sum: 887, Workers: 4
[51.382s][debug][gc,phases      ] GC(9)   ObjectSynchronizer Weak        Min: 0.00, Avg: 0.00, Max: 0.00, Diff: 0.00, Sum: 0.00, Workers: 4
[51.382s][debug][gc,phases      ] GC(9)     Dead                           Min: 0, Avg:  0.0, Max: 0, Diff: 0, Sum: 0, Workers: 4
[51.382s][debug][gc,phases      ] GC(9)     Total                          Min: 0, Avg: 21.8, Max: 64, Diff: 64, Sum: 87, Workers: 4
[51.382s][debug][gc,phases      ] GC(9)   JVMTI Tag Weak OopStorage      Min: 0.00, Avg: 0.00, Max: 0.00, Diff: 0.00, Sum: 0.00, Workers: 4
[51.382s][debug][gc,phases      ] GC(9)     Dead                           Min: 0, Avg:  0.0, Max: 0, Diff: 0, Sum: 0, Workers: 4
[51.382s][debug][gc,phases      ] GC(9)     Total                          Min: 0, Avg:  0.0, Max: 0, Diff: 0, Sum: 0, Workers: 4
[51.382s][debug][gc,phases      ] GC(9)   StringTable Weak               Min: 0.33, Avg: 0.33, Max: 0.33, Diff: 0.00, Sum: 1.31, Workers: 4
[51.382s][debug][gc,phases      ] GC(9)     Dead                           Min: 0, Avg:  0.5, Max: 1, Diff: 1, Sum: 2, Workers: 4
[51.382s][debug][gc,phases      ] GC(9)     Total                          Min: 11392, Avg: 12279.8, Max: 12928, Diff: 1536, Sum: 49119, Workers: 4
[51.382s][debug][gc,phases      ] GC(9)   ResolvedMethodTable Weak       Min: 0.12, Avg: 0.12, Max: 0.12, Diff: 0.00, Sum: 0.47, Workers: 4
[51.382s][debug][gc,phases      ] GC(9)     Dead                           Min: 0, Avg:  2.8, Max: 8, Diff: 8, Sum: 11, Workers: 4
[51.382s][debug][gc,phases      ] GC(9)     Total                          Min: 3246, Avg: 4061.2, Max: 4569, Diff: 1323, Sum: 16245, Workers: 4
[51.382s][debug][gc,phases      ] GC(9)   JNI Weak                       Min: 0.00, Avg: 0.00, Max: 0.00, Diff: 0.00, Sum: 0.00, Workers: 4
[51.382s][debug][gc,phases      ] GC(9)     Dead                           Min: 0, Avg:  0.0, Max: 0, Diff: 0, Sum: 0, Workers: 4
[51.382s][debug][gc,phases      ] GC(9)     Total                          Min: 0, Avg: 13.0, Max: 48, Diff: 48, Sum: 52, Workers: 4
[51.382s][debug][gc,phases      ] GC(9)   StringDedup Table Weak         Min: 0.00, Avg: 0.00, Max: 0.00, Diff: 0.00, Sum: 0.00, Workers: 4
[51.382s][debug][gc,phases      ] GC(9)     Dead                           Min: 0, Avg:  0.0, Max: 0, Diff: 0, Sum: 0, Workers: 4
[51.382s][debug][gc,phases      ] GC(9)     Total                          Min: 0, Avg:  0.0, Max: 0, Diff: 0, Sum: 0, Workers: 4
[51.382s][debug][gc,phases      ] GC(9)   StringDedup Requests0 Weak     Min: 0.00, Avg: 0.00, Max: 0.00, Diff: 0.00, Sum: 0.00, Workers: 4
[51.382s][debug][gc,phases      ] GC(9)     Dead                           Min: 0, Avg:  0.0, Max: 0, Diff: 0, Sum: 0, Workers: 4
[51.382s][debug][gc,phases      ] GC(9)     Total                          Min: 0, Avg:  0.0, Max: 0, Diff: 0, Sum: 0, Workers: 4
[51.382s][debug][gc,phases      ] GC(9)   StringDedup Requests1 Weak     Min: 0.00, Avg: 0.00, Max: 0.00, Diff: 0.00, Sum: 0.00, Workers: 4
[51.382s][debug][gc,phases      ] GC(9)     Dead                           Min: 0, Avg:  0.0, Max: 0, Diff: 0, Sum: 0, Workers: 4
[51.382s][debug][gc,phases      ] GC(9)     Total                          Min: 0, Avg:  0.0, Max: 0, Diff: 0, Sum: 0, Workers: 4
[51.382s][debug][gc,phases      ] GC(9)   Weak JFR Old Object Samples    Min: 0.00, Avg: 0.00, Max: 0.00, Diff: 0.00, Sum: 0.00, Workers: 4
[51.382s][debug][gc,phases      ] GC(9)     Dead                           Min: 0, Avg:  0.0, Max: 0, Diff: 0, Sum: 0, Workers: 4
[51.382s][debug][gc,phases      ] GC(9)     Total                          Min: 0, Avg:  0.0, Max: 0, Diff: 0, Sum: 0, Workers: 4
[51.382s][debug][gc,phases      ] GC(9) Weak Processing 0.631ms
[51.382s][debug][gc,age         ] GC(9) Desired survivor size 352845824 bytes, new threshold 5 (max threshold 15)
[51.382s][info ][gc,heap        ] GC(9) PSYoungGen: 1314069K(1572864K)->270584K(1743360K) Eden: 1048576K(1048576K)->0K(1408000K) From: 265493K(524288K)->270584K(335360K)
[51.382s][info ][gc,heap        ] GC(9) ParOldGen: 6511K(6656K)->6519K(6656K)
[51.382s][info ][gc,metaspace   ] GC(9) Metaspace: 106577K(107776K)->106577K(107776K) NonClass: 90739K(91392K)->90739K(91392K) Class: 15838K(16384K)->15838K(16384K)
[51.383s][info ][gc             ] GC(9) Pause Young (Allocation Failure) 1289M->270M(1709M) 115.114ms
[51.383s][info ][gc,cpu         ] GC(9) User=0.36s Sys=0.05s Real=0.12s
[51.383s][info ][safepoint      ] Safepoint "ParallelCollectForAllocation", Time since last: 12288356083 ns, Reaching safepoint: 5900 ns, At safepoint: 115179308 ns, Leaving safepoint: 8800 ns, Total: 115194008 ns, Threads: 0 runnable, 34 total
[67.826s][info ][gc,start       ] GC(10) Pause Young (Allocation Failure)
[67.957s][debug][gc,phases      ] GC(10) Scavenge 130.809ms
[67.957s][debug][gc,ref         ] GC(10) ReferenceProcessor::execute queues: 2, RefProcThreadModel::Multi, marks_oops_alive: false
[67.957s][debug][gc,ref         ] GC(10) Skipped KeepAliveFinalRefsPhase of Reference Processing: no references
[67.957s][debug][gc,ref         ] GC(10) ReferenceProcessor::execute queues: 1, RefProcThreadModel::Single, marks_oops_alive: false
[67.957s][debug][gc,phases      ] GC(10) Reference Processing 0.298ms
[67.957s][debug][gc,phases      ] GC(10)   VM Weak                        Min: 0.00, Avg: 0.01, Max: 0.01, Diff: 0.01, Sum: 0.03, Workers: 4
[67.957s][debug][gc,phases      ] GC(10)     Dead                           Min: 0, Avg:  0.0, Max: 0, Diff: 0, Sum: 0, Workers: 4
[67.957s][debug][gc,phases      ] GC(10)     Total                          Min: 0, Avg: 223.2, Max: 448, Diff: 448, Sum: 893, Workers: 4
[67.957s][debug][gc,phases      ] GC(10)   ObjectSynchronizer Weak        Min: 0.00, Avg: 0.00, Max: 0.00, Diff: 0.00, Sum: 0.00, Workers: 4
[67.957s][debug][gc,phases      ] GC(10)     Dead                           Min: 0, Avg:  0.0, Max: 0, Diff: 0, Sum: 0, Workers: 4
[67.957s][debug][gc,phases      ] GC(10)     Total                          Min: 0, Avg:  1.5, Max: 6, Diff: 6, Sum: 6, Workers: 4
[67.957s][debug][gc,phases      ] GC(10)   JVMTI Tag Weak OopStorage      Min: 0.00, Avg: 0.00, Max: 0.00, Diff: 0.00, Sum: 0.00, Workers: 4
[67.958s][debug][gc,phases      ] GC(10)     Dead                           Min: 0, Avg:  0.0, Max: 0, Diff: 0, Sum: 0, Workers: 4
[67.958s][debug][gc,phases      ] GC(10)     Total                          Min: 0, Avg:  0.0, Max: 0, Diff: 0, Sum: 0, Workers: 4
[67.958s][debug][gc,phases      ] GC(10)   StringTable Weak               Min: 0.00, Avg: 0.28, Max: 0.37, Diff: 0.37, Sum: 1.10, Workers: 4
[67.958s][debug][gc,phases      ] GC(10)     Dead                           Min: 0, Avg:  0.8, Max: 2, Diff: 2, Sum: 3, Workers: 4
[67.958s][debug][gc,phases      ] GC(10)     Total                          Min: 0, Avg: 12303.8, Max: 20544, Diff: 20544, Sum: 49215, Workers: 4
[67.958s][debug][gc,phases      ] GC(10)   ResolvedMethodTable Weak       Min: 0.07, Avg: 0.13, Max: 0.14, Diff: 0.07, Sum: 0.50, Workers: 4
[67.958s][debug][gc,phases      ] GC(10)     Dead                           Min: 1, Avg:  7.8, Max: 19, Diff: 18, Sum: 31, Workers: 4
[67.958s][debug][gc,phases      ] GC(10)     Total                          Min: 2470, Avg: 4079.8, Max: 4811, Diff: 2341, Sum: 16319, Workers: 4
[67.958s][debug][gc,phases      ] GC(10)   JNI Weak                       Min: 0.00, Avg: 0.00, Max: 0.00, Diff: 0.00, Sum: 0.00, Workers: 4
[67.958s][debug][gc,phases      ] GC(10)     Dead                           Min: 0, Avg:  0.0, Max: 0, Diff: 0, Sum: 0, Workers: 4
[67.958s][debug][gc,phases      ] GC(10)     Total                          Min: 0, Avg: 13.0, Max: 48, Diff: 48, Sum: 52, Workers: 4
[67.958s][debug][gc,phases      ] GC(10)   StringDedup Table Weak         Min: 0.00, Avg: 0.00, Max: 0.00, Diff: 0.00, Sum: 0.00, Workers: 4
[67.958s][debug][gc,phases      ] GC(10)     Dead                           Min: 0, Avg:  0.0, Max: 0, Diff: 0, Sum: 0, Workers: 4
[67.958s][debug][gc,phases      ] GC(10)     Total                          Min: 0, Avg:  0.0, Max: 0, Diff: 0, Sum: 0, Workers: 4
[67.958s][debug][gc,phases      ] GC(10)   StringDedup Requests0 Weak     Min: 0.00, Avg: 0.00, Max: 0.00, Diff: 0.00, Sum: 0.00, Workers: 4
[67.958s][debug][gc,phases      ] GC(10)     Dead                           Min: 0, Avg:  0.0, Max: 0, Diff: 0, Sum: 0, Workers: 4
[67.958s][debug][gc,phases      ] GC(10)     Total                          Min: 0, Avg:  0.0, Max: 0, Diff: 0, Sum: 0, Workers: 4
[67.958s][debug][gc,phases      ] GC(10)   StringDedup Requests1 Weak     Min: 0.00, Avg: 0.00, Max: 0.00, Diff: 0.00, Sum: 0.00, Workers: 4
[67.958s][debug][gc,phases      ] GC(10)     Dead                           Min: 0, Avg:  0.0, Max: 0, Diff: 0, Sum: 0, Workers: 4
[67.958s][debug][gc,phases      ] GC(10)     Total                          Min: 0, Avg:  0.0, Max: 0, Diff: 0, Sum: 0, Workers: 4
[67.958s][debug][gc,phases      ] GC(10)   Weak JFR Old Object Samples    Min: 0.00, Avg: 0.00, Max: 0.00, Diff: 0.00, Sum: 0.00, Workers: 4
[67.958s][debug][gc,phases      ] GC(10)     Dead                           Min: 0, Avg:  0.0, Max: 0, Diff: 0, Sum: 0, Workers: 4
[67.958s][debug][gc,phases      ] GC(10)     Total                          Min: 0, Avg:  0.0, Max: 0, Diff: 0, Sum: 0, Workers: 4
[67.958s][debug][gc,phases      ] GC(10) Weak Processing 0.718ms
[67.958s][debug][gc,age         ] GC(10) Desired survivor size 362283008 bytes, new threshold 4 (max threshold 15)
[67.958s][info ][gc,heap        ] GC(10) PSYoungGen: 1678584K(1743360K)->115351K(1523712K) Eden: 1408000K(1408000K)->0K(1408000K) From: 270584K(335360K)->115351K(115712K)
[67.958s][info ][gc,heap        ] GC(10) ParOldGen: 6519K(6656K)->165487K(165888K)
[67.958s][info ][gc,metaspace   ] GC(10) Metaspace: 106845K(108096K)->106845K(108096K) NonClass: 90980K(91712K)->90980K(91712K) Class: 15865K(16384K)->15865K(16384K)
[67.958s][info ][gc             ] GC(10) Pause Young (Allocation Failure) 1645M->274M(1650M) 131.975ms
[67.958s][info ][gc,cpu         ] GC(10) User=0.35s Sys=0.10s Real=0.13s
[67.958s][info ][safepoint      ] Safepoint "ParallelCollectForAllocation", Time since last: 16443079702 ns, Reaching safepoint: 7000 ns, At safepoint: 132043972 ns, Leaving safepoint: 10400 ns, Total: 132061372 ns, Threads: 0 runnable, 33 total
[85.616s][info ][gc,start       ] GC(11) Pause Young (Allocation Failure)
[85.668s][debug][gc,phases      ] GC(11) Scavenge 51.491ms
[85.668s][debug][gc,ref         ] GC(11) ReferenceProcessor::execute queues: 1, RefProcThreadModel::Single, marks_oops_alive: false
[85.668s][debug][gc,ref         ] GC(11) Skipped KeepAliveFinalRefsPhase of Reference Processing: no references
[85.668s][debug][gc,ref         ] GC(11) Skipped PhantomRefsPhase of Reference Processing: no references
[85.668s][debug][gc,phases      ] GC(11) Reference Processing 0.108ms
[85.668s][debug][gc,phases      ] GC(11)   VM Weak                        Min: 0.00, Avg: 0.00, Max: 0.01, Diff: 0.01, Sum: 0.01, Workers: 4
[85.668s][debug][gc,phases      ] GC(11)     Dead                           Min: 0, Avg:  0.0, Max: 0, Diff: 0, Sum: 0, Workers: 4
[85.668s][debug][gc,phases      ] GC(11)     Total                          Min: 0, Avg: 223.2, Max: 640, Diff: 640, Sum: 893, Workers: 4
[85.668s][debug][gc,phases      ] GC(11)   ObjectSynchronizer Weak        Min: 0.00, Avg: 0.00, Max: 0.00, Diff: 0.00, Sum: 0.00, Workers: 4
[85.668s][debug][gc,phases      ] GC(11)     Dead                           Min: 0, Avg:  0.0, Max: 0, Diff: 0, Sum: 0, Workers: 4
[85.668s][debug][gc,phases      ] GC(11)     Total                          Min: 0, Avg:  1.5, Max: 6, Diff: 6, Sum: 6, Workers: 4
[85.668s][debug][gc,phases      ] GC(11)   JVMTI Tag Weak OopStorage      Min: 0.00, Avg: 0.00, Max: 0.00, Diff: 0.00, Sum: 0.00, Workers: 4
[85.668s][debug][gc,phases      ] GC(11)     Dead                           Min: 0, Avg:  0.0, Max: 0, Diff: 0, Sum: 0, Workers: 4
[85.668s][debug][gc,phases      ] GC(11)     Total                          Min: 0, Avg:  0.0, Max: 0, Diff: 0, Sum: 0, Workers: 4
[85.668s][debug][gc,phases      ] GC(11)   StringTable Weak               Min: 0.00, Avg: 0.11, Max: 0.14, Diff: 0.14, Sum: 0.43, Workers: 4
[85.668s][debug][gc,phases      ] GC(11)     Dead                           Min: 0, Avg:  0.2, Max: 1, Diff: 1, Sum: 1, Workers: 4
[85.668s][debug][gc,phases      ] GC(11)     Total                          Min: 0, Avg: 12315.8, Max: 20672, Diff: 20672, Sum: 49263, Workers: 4
[85.668s][debug][gc,phases      ] GC(11)   ResolvedMethodTable Weak       Min: 0.00, Avg: 0.04, Max: 0.06, Diff: 0.06, Sum: 0.17, Workers: 4
[85.668s][debug][gc,phases      ] GC(11)     Dead                           Min: 0, Avg:  0.2, Max: 1, Diff: 1, Sum: 1, Workers: 4
[85.668s][debug][gc,phases      ] GC(11)     Total                          Min: 0, Avg: 4084.0, Max: 6382, Diff: 6382, Sum: 16336, Workers: 4
[85.668s][debug][gc,phases      ] GC(11)   JNI Weak                       Min: 0.00, Avg: 0.00, Max: 0.00, Diff: 0.00, Sum: 0.00, Workers: 4
[85.668s][debug][gc,phases      ] GC(11)     Dead                           Min: 0, Avg:  0.0, Max: 0, Diff: 0, Sum: 0, Workers: 4
[85.668s][debug][gc,phases      ] GC(11)     Total                          Min: 0, Avg: 13.0, Max: 52, Diff: 52, Sum: 52, Workers: 4
[85.668s][debug][gc,phases      ] GC(11)   StringDedup Table Weak         Min: 0.00, Avg: 0.00, Max: 0.00, Diff: 0.00, Sum: 0.00, Workers: 4
[85.668s][debug][gc,phases      ] GC(11)     Dead                           Min: 0, Avg:  0.0, Max: 0, Diff: 0, Sum: 0, Workers: 4
[85.668s][debug][gc,phases      ] GC(11)     Total                          Min: 0, Avg:  0.0, Max: 0, Diff: 0, Sum: 0, Workers: 4
[85.668s][debug][gc,phases      ] GC(11)   StringDedup Requests0 Weak     Min: 0.00, Avg: 0.00, Max: 0.00, Diff: 0.00, Sum: 0.00, Workers: 4
[85.668s][debug][gc,phases      ] GC(11)     Dead                           Min: 0, Avg:  0.0, Max: 0, Diff: 0, Sum: 0, Workers: 4
[85.668s][debug][gc,phases      ] GC(11)     Total                          Min: 0, Avg:  0.0, Max: 0, Diff: 0, Sum: 0, Workers: 4
[85.668s][debug][gc,phases      ] GC(11)   StringDedup Requests1 Weak     Min: 0.00, Avg: 0.00, Max: 0.02, Diff: 0.02, Sum: 0.02, Workers: 4
[85.668s][debug][gc,phases      ] GC(11)     Dead                           Min: 0, Avg:  0.0, Max: 0, Diff: 0, Sum: 0, Workers: 4
[85.668s][debug][gc,phases      ] GC(11)     Total                          Min: 0, Avg:  0.0, Max: 0, Diff: 0, Sum: 0, Workers: 4
[85.668s][debug][gc,phases      ] GC(11)   Weak JFR Old Object Samples    Min: 0.00, Avg: 0.00, Max: 0.01, Diff: 0.01, Sum: 0.01, Workers: 4
[85.668s][debug][gc,phases      ] GC(11)     Dead                           Min: 0, Avg:  0.0, Max: 0, Diff: 0, Sum: 0, Workers: 4
[85.668s][debug][gc,phases      ] GC(11)     Total                          Min: 0, Avg:  0.0, Max: 0, Diff: 0, Sum: 0, Workers: 4
[85.668s][debug][gc,phases      ] GC(11) Weak Processing 0.391ms
[85.668s][debug][gc,age         ] GC(11) Desired survivor size 383778816 bytes, new threshold 3 (max threshold 15)
[85.669s][info ][gc,heap        ] GC(11) PSYoungGen: 1523351K(1523712K)->23019K(1701376K) Eden: 1408000K(1408000K)->0K(1347584K) From: 115351K(115712K)->23019K(353792K)
[85.669s][info ][gc,heap        ] GC(11) ParOldGen: 165487K(165888K)->263696K(264192K)
[85.669s][info ][gc,metaspace   ] GC(11) Metaspace: 106977K(108224K)->106977K(108224K) NonClass: 91103K(91840K)->91103K(91840K) Class: 15873K(16384K)->15873K(16384K)
[85.669s][info ][gc             ] GC(11) Pause Young (Allocation Failure) 1649M->279M(1919M) 52.119ms
[85.669s][info ][gc,cpu         ] GC(11) User=0.12s Sys=0.07s Real=0.06s
[85.669s][info ][safepoint      ] Safepoint "ParallelCollectForAllocation", Time since last: 17658610248 ns, Reaching safepoint: 85299 ns, At safepoint: 52180854 ns, Leaving safepoint: 10900 ns, Total: 52277053 ns, Threads: 1 runnable, 32 total
[104.273s][info ][gc,start       ] GC(12) Pause Young (Allocation Failure)
[104.285s][debug][gc,phases      ] GC(12) Scavenge 12.493ms
[104.285s][debug][gc,ref         ] GC(12) ReferenceProcessor::execute queues: 1, RefProcThreadModel::Single, marks_oops_alive: false
[104.285s][debug][gc,ref         ] GC(12) Skipped KeepAliveFinalRefsPhase of Reference Processing: no references
[104.285s][debug][gc,ref         ] GC(12) Skipped PhantomRefsPhase of Reference Processing: no references
[104.285s][debug][gc,phases      ] GC(12) Reference Processing 0.103ms
[104.285s][debug][gc,phases      ] GC(12)   VM Weak                        Min: 0.00, Avg: 0.00, Max: 0.01, Diff: 0.01, Sum: 0.01, Workers: 4
[104.285s][debug][gc,phases      ] GC(12)     Dead                           Min: 0, Avg:  0.0, Max: 0, Diff: 0, Sum: 0, Workers: 4
[104.285s][debug][gc,phases      ] GC(12)     Total                          Min: 0, Avg: 223.2, Max: 832, Diff: 832, Sum: 893, Workers: 4
[104.285s][debug][gc,phases      ] GC(12)   ObjectSynchronizer Weak        Min: 0.00, Avg: 0.00, Max: 0.00, Diff: 0.00, Sum: 0.00, Workers: 4
[104.285s][debug][gc,phases      ] GC(12)     Dead                           Min: 0, Avg:  0.0, Max: 0, Diff: 0, Sum: 0, Workers: 4
[104.285s][debug][gc,phases      ] GC(12)     Total                          Min: 0, Avg:  1.5, Max: 6, Diff: 6, Sum: 6, Workers: 4
[104.285s][debug][gc,phases      ] GC(12)   JVMTI Tag Weak OopStorage      Min: 0.00, Avg: 0.00, Max: 0.00, Diff: 0.00, Sum: 0.00, Workers: 4
[104.285s][debug][gc,phases      ] GC(12)     Dead                           Min: 0, Avg:  0.0, Max: 0, Diff: 0, Sum: 0, Workers: 4
[104.285s][debug][gc,phases      ] GC(12)     Total                          Min: 0, Avg:  0.0, Max: 0, Diff: 0, Sum: 0, Workers: 4
[104.285s][debug][gc,phases      ] GC(12)   StringTable Weak               Min: 0.02, Avg: 0.12, Max: 0.15, Diff: 0.13, Sum: 0.46, Workers: 4
[104.285s][debug][gc,phases      ] GC(12)     Dead                           Min: 0, Avg:  0.5, Max: 2, Diff: 2, Sum: 2, Workers: 4
[104.285s][debug][gc,phases      ] GC(12)     Total                          Min: 1984, Avg: 12324.5, Max: 18623, Diff: 16639, Sum: 49298, Workers: 4
[104.286s][debug][gc,phases      ] GC(12)   ResolvedMethodTable Weak       Min: 0.04, Avg: 0.04, Max: 0.04, Diff: 0.00, Sum: 0.17, Workers: 4
[104.286s][debug][gc,phases      ] GC(12)     Dead                           Min: 0, Avg:  6.2, Max: 16, Diff: 16, Sum: 25, Workers: 4
[104.286s][debug][gc,phases      ] GC(12)     Total                          Min: 3951, Avg: 4087.0, Max: 4304, Diff: 353, Sum: 16348, Workers: 4
[104.286s][debug][gc,phases      ] GC(12)   JNI Weak                       Min: 0.00, Avg: 0.00, Max: 0.00, Diff: 0.00, Sum: 0.00, Workers: 4
[104.286s][debug][gc,phases      ] GC(12)     Dead                           Min: 0, Avg:  0.0, Max: 0, Diff: 0, Sum: 0, Workers: 4
[104.286s][debug][gc,phases      ] GC(12)     Total                          Min: 0, Avg: 13.0, Max: 48, Diff: 48, Sum: 52, Workers: 4
[104.286s][debug][gc,phases      ] GC(12)   StringDedup Table Weak         Min: 0.00, Avg: 0.00, Max: 0.00, Diff: 0.00, Sum: 0.00, Workers: 4
[104.286s][debug][gc,phases      ] GC(12)     Dead                           Min: 0, Avg:  0.0, Max: 0, Diff: 0, Sum: 0, Workers: 4
[104.286s][debug][gc,phases      ] GC(12)     Total                          Min: 0, Avg:  0.0, Max: 0, Diff: 0, Sum: 0, Workers: 4
[104.286s][debug][gc,phases      ] GC(12)   StringDedup Requests0 Weak     Min: 0.00, Avg: 0.00, Max: 0.00, Diff: 0.00, Sum: 0.00, Workers: 4
[104.286s][debug][gc,phases      ] GC(12)     Dead                           Min: 0, Avg:  0.0, Max: 0, Diff: 0, Sum: 0, Workers: 4
[104.286s][debug][gc,phases      ] GC(12)     Total                          Min: 0, Avg:  0.0, Max: 0, Diff: 0, Sum: 0, Workers: 4
[104.286s][debug][gc,phases      ] GC(12)   StringDedup Requests1 Weak     Min: 0.00, Avg: 0.00, Max: 0.00, Diff: 0.00, Sum: 0.00, Workers: 4
[104.286s][debug][gc,phases      ] GC(12)     Dead                           Min: 0, Avg:  0.0, Max: 0, Diff: 0, Sum: 0, Workers: 4
[104.286s][debug][gc,phases      ] GC(12)     Total                          Min: 0, Avg:  0.0, Max: 0, Diff: 0, Sum: 0, Workers: 4
[104.286s][debug][gc,phases      ] GC(12)   Weak JFR Old Object Samples    Min: 0.00, Avg: 0.00, Max: 0.00, Diff: 0.00, Sum: 0.00, Workers: 4
[104.286s][debug][gc,phases      ] GC(12)     Dead                           Min: 0, Avg:  0.0, Max: 0, Diff: 0, Sum: 0, Workers: 4
[104.286s][debug][gc,phases      ] GC(12)     Total                          Min: 0, Avg:  0.0, Max: 0, Diff: 0, Sum: 0, Workers: 4
[104.286s][debug][gc,phases      ] GC(12) Weak Processing 0.385ms
[104.286s][debug][gc,age         ] GC(12) Desired survivor size 398458880 bytes, new threshold 2 (max threshold 15)
[104.286s][info ][gc,heap        ] GC(12) PSYoungGen: 1370603K(1701376K)->3936K(1351680K) Eden: 1347584K(1347584K)->0K(1347584K) From: 23019K(353792K)->3936K(4096K)
[104.286s][info ][gc,heap        ] GC(12) ParOldGen: 263696K(264192K)->284228K(284672K)
[104.286s][info ][gc,metaspace   ] GC(12) Metaspace: 107079K(108288K)->107079K(108288K) NonClass: 91198K(91904K)->91198K(91904K) Class: 15881K(16384K)->15881K(16384K)
[104.286s][info ][gc             ] GC(12) Pause Young (Allocation Failure) 1595M->281M(1598M) 13.105ms
[104.286s][info ][gc,cpu         ] GC(12) User=0.03s Sys=0.01s Real=0.01s
[104.286s][info ][safepoint      ] Safepoint "ParallelCollectForAllocation", Time since last: 18603902852 ns, Reaching safepoint: 6000 ns, At safepoint: 13170390 ns, Leaving safepoint: 3000 ns, Total: 13179390 ns, Threads: 0 runnable, 28 total
[124.437s][info ][gc,start       ] GC(13) Pause Young (Allocation Failure)
[124.440s][debug][gc,phases      ] GC(13) Scavenge 3.161ms
[124.440s][debug][gc,ref         ] GC(13) ReferenceProcessor::execute queues: 1, RefProcThreadModel::Single, marks_oops_alive: false
[124.440s][debug][gc,ref         ] GC(13) Skipped KeepAliveFinalRefsPhase of Reference Processing: no references
[124.440s][debug][gc,ref         ] GC(13) Skipped PhantomRefsPhase of Reference Processing: no references
[124.440s][debug][gc,phases      ] GC(13) Reference Processing 0.087ms
[124.441s][debug][gc,phases      ] GC(13)   VM Weak                        Min: 0.00, Avg: 0.00, Max: 0.01, Diff: 0.01, Sum: 0.01, Workers: 4
[124.441s][debug][gc,phases      ] GC(13)     Dead                           Min: 0, Avg:  0.0, Max: 0, Diff: 0, Sum: 0, Workers: 4
[124.441s][debug][gc,phases      ] GC(13)     Total                          Min: 0, Avg: 224.5, Max: 642, Diff: 642, Sum: 898, Workers: 4
[124.441s][debug][gc,phases      ] GC(13)   ObjectSynchronizer Weak        Min: 0.00, Avg: 0.00, Max: 0.00, Diff: 0.00, Sum: 0.00, Workers: 4
[124.441s][debug][gc,phases      ] GC(13)     Dead                           Min: 0, Avg:  0.0, Max: 0, Diff: 0, Sum: 0, Workers: 4
[124.441s][debug][gc,phases      ] GC(13)     Total                          Min: 0, Avg:  1.2, Max: 5, Diff: 5, Sum: 5, Workers: 4
[124.441s][debug][gc,phases      ] GC(13)   JVMTI Tag Weak OopStorage      Min: 0.00, Avg: 0.00, Max: 0.00, Diff: 0.00, Sum: 0.00, Workers: 4
[124.441s][debug][gc,phases      ] GC(13)     Dead                           Min: 0, Avg:  0.0, Max: 0, Diff: 0, Sum: 0, Workers: 4
[124.441s][debug][gc,phases      ] GC(13)     Total                          Min: 0, Avg:  0.0, Max: 0, Diff: 0, Sum: 0, Workers: 4
[124.441s][debug][gc,phases      ] GC(13)   StringTable Weak               Min: 0.00, Avg: 0.10, Max: 0.13, Diff: 0.13, Sum: 0.39, Workers: 4
[124.441s][debug][gc,phases      ] GC(13)     Dead                           Min: 0, Avg:  0.2, Max: 1, Diff: 1, Sum: 1, Workers: 4
[124.441s][debug][gc,phases      ] GC(13)     Total                          Min: 0, Avg: 12329.8, Max: 21480, Diff: 21480, Sum: 49319, Workers: 4
[124.441s][debug][gc,phases      ] GC(13)   ResolvedMethodTable Weak       Min: 0.00, Avg: 0.03, Max: 0.04, Diff: 0.04, Sum: 0.13, Workers: 4
[124.441s][debug][gc,phases      ] GC(13)     Dead                           Min: 0, Avg:  6.2, Max: 17, Diff: 17, Sum: 25, Workers: 4
[124.441s][debug][gc,phases      ] GC(13)     Total                          Min: 0, Avg: 4094.0, Max: 6652, Diff: 6652, Sum: 16376, Workers: 4
[124.441s][debug][gc,phases      ] GC(13)   JNI Weak                       Min: 0.00, Avg: 0.00, Max: 0.00, Diff: 0.00, Sum: 0.00, Workers: 4
[124.441s][debug][gc,phases      ] GC(13)     Dead                           Min: 0, Avg:  0.0, Max: 0, Diff: 0, Sum: 0, Workers: 4
[124.441s][debug][gc,phases      ] GC(13)     Total                          Min: 0, Avg: 13.0, Max: 48, Diff: 48, Sum: 52, Workers: 4
[124.441s][debug][gc,phases      ] GC(13)   StringDedup Table Weak         Min: 0.00, Avg: 0.00, Max: 0.00, Diff: 0.00, Sum: 0.00, Workers: 4
[124.441s][debug][gc,phases      ] GC(13)     Dead                           Min: 0, Avg:  0.0, Max: 0, Diff: 0, Sum: 0, Workers: 4
[124.441s][debug][gc,phases      ] GC(13)     Total                          Min: 0, Avg:  0.0, Max: 0, Diff: 0, Sum: 0, Workers: 4
[124.441s][debug][gc,phases      ] GC(13)   StringDedup Requests0 Weak     Min: 0.00, Avg: 0.00, Max: 0.00, Diff: 0.00, Sum: 0.00, Workers: 4
[124.441s][debug][gc,phases      ] GC(13)     Dead                           Min: 0, Avg:  0.0, Max: 0, Diff: 0, Sum: 0, Workers: 4
[124.441s][debug][gc,phases      ] GC(13)     Total                          Min: 0, Avg:  0.0, Max: 0, Diff: 0, Sum: 0, Workers: 4
[124.441s][debug][gc,phases      ] GC(13)   StringDedup Requests1 Weak     Min: 0.00, Avg: 0.00, Max: 0.00, Diff: 0.00, Sum: 0.00, Workers: 4
[124.441s][debug][gc,phases      ] GC(13)     Dead                           Min: 0, Avg:  0.0, Max: 0, Diff: 0, Sum: 0, Workers: 4
[124.441s][debug][gc,phases      ] GC(13)     Total                          Min: 0, Avg:  0.0, Max: 0, Diff: 0, Sum: 0, Workers: 4
[124.441s][debug][gc,phases      ] GC(13)   Weak JFR Old Object Samples    Min: 0.00, Avg: 0.00, Max: 0.00, Diff: 0.00, Sum: 0.00, Workers: 4
[124.441s][debug][gc,phases      ] GC(13)     Dead                           Min: 0, Avg:  0.0, Max: 0, Diff: 0, Sum: 0, Workers: 4
[124.441s][debug][gc,phases      ] GC(13)     Total                          Min: 0, Avg:  0.0, Max: 0, Diff: 0, Sum: 0, Workers: 4
[124.441s][debug][gc,phases      ] GC(13) Weak Processing 0.349ms
[124.441s][debug][gc,age         ] GC(13) Desired survivor size 405274624 bytes, new threshold 1 (max threshold 15)
[124.441s][info ][gc,heap        ] GC(13) PSYoungGen: 1351520K(1351680K)->3664K(1694720K) Eden: 1347584K(1347584K)->0K(1305600K) From: 3936K(4096K)->3664K(389120K)
[124.441s][info ][gc,heap        ] GC(13) ParOldGen: 284228K(284672K)->285096K(285184K)
[124.441s][info ][gc,metaspace   ] GC(13) Metaspace: 107163K(108416K)->107163K(108416K) NonClass: 91271K(91968K)->91271K(91968K) Class: 15892K(16448K)->15892K(16448K)
[124.441s][info ][gc             ] GC(13) Pause Young (Allocation Failure) 1597M->281M(1933M) 3.692ms
[124.441s][info ][gc,cpu         ] GC(13) User=0.01s Sys=0.00s Real=0.01s
[124.441s][info ][safepoint      ] Safepoint "ParallelCollectForAllocation", Time since last: 20151471767 ns, Reaching safepoint: 4900 ns, At safepoint: 3748197 ns, Leaving safepoint: 1300 ns, Total: 3754397 ns, Threads: 0 runnable, 27 total
[136.635s][debug][gc,phases      ] GC(14) Pre Compact 0.025ms
[136.636s][info ][gc,start       ] GC(14) Pause Full (CodeCache GC Threshold)
[136.636s][info ][gc,phases,start] GC(14) Marking Phase
[136.724s][debug][gc,phases      ] GC(14) Par Mark 88.130ms
[136.724s][debug][gc,ref         ] GC(14) ReferenceProcessor::execute queues: 4, RefProcThreadModel::Multi, marks_oops_alive: false
[136.725s][debug][gc,ref         ] GC(14) ReferenceProcessor::execute queues: 4, RefProcThreadModel::Multi, marks_oops_alive: true
[136.725s][debug][gc,ref         ] GC(14) ReferenceProcessor::execute queues: 1, RefProcThreadModel::Single, marks_oops_alive: false
[136.725s][debug][gc,phases      ] GC(14) Reference Processing 1.309ms
[136.725s][debug][gc,phases      ] GC(14) Flush Marking Stats 0.016ms
[136.725s][debug][gc,phases      ] GC(14)   VM Weak                        Min: 0.00, Avg: 0.01, Max: 0.01, Diff: 0.00, Sum: 0.02, Workers: 4
[136.725s][debug][gc,phases      ] GC(14)     Dead                           Min: 0, Avg:  0.0, Max: 0, Diff: 0, Sum: 0, Workers: 4
[136.725s][debug][gc,phases      ] GC(14)     Total                          Min: 192, Avg: 224.5, Max: 320, Diff: 128, Sum: 898, Workers: 4
[136.725s][debug][gc,phases      ] GC(14)   ObjectSynchronizer Weak        Min: 0.00, Avg: 0.00, Max: 0.00, Diff: 0.00, Sum: 0.00, Workers: 4
[136.725s][debug][gc,phases      ] GC(14)     Dead                           Min: 0, Avg:  0.0, Max: 0, Diff: 0, Sum: 0, Workers: 4
[136.725s][debug][gc,phases      ] GC(14)     Total                          Min: 0, Avg:  1.2, Max: 5, Diff: 5, Sum: 5, Workers: 4
[136.725s][debug][gc,phases      ] GC(14)   JVMTI Tag Weak OopStorage      Min: 0.00, Avg: 0.00, Max: 0.00, Diff: 0.00, Sum: 0.00, Workers: 4
[136.725s][debug][gc,phases      ] GC(14)     Dead                           Min: 0, Avg:  0.0, Max: 0, Diff: 0, Sum: 0, Workers: 4
[136.725s][debug][gc,phases      ] GC(14)     Total                          Min: 0, Avg:  0.0, Max: 0, Diff: 0, Sum: 0, Workers: 4
[136.725s][debug][gc,phases      ] GC(14)   StringTable Weak               Min: 0.19, Avg: 0.19, Max: 0.19, Diff: 0.00, Sum: 0.77, Workers: 4
[136.725s][debug][gc,phases      ] GC(14)     Dead                           Min: 0, Avg:  0.2, Max: 1, Diff: 1, Sum: 1, Workers: 4
[136.725s][debug][gc,phases      ] GC(14)     Total                          Min: 12160, Avg: 12349.2, Max: 12544, Diff: 384, Sum: 49397, Workers: 4
[136.725s][debug][gc,phases      ] GC(14)   ResolvedMethodTable Weak       Min: 0.05, Avg: 0.05, Max: 0.05, Diff: 0.00, Sum: 0.20, Workers: 4
[136.725s][debug][gc,phases      ] GC(14)     Dead                           Min: 0, Avg:  0.5, Max: 2, Diff: 2, Sum: 2, Workers: 4
[136.725s][debug][gc,phases      ] GC(14)     Total                          Min: 3932, Avg: 4096.0, Max: 4358, Diff: 426, Sum: 16384, Workers: 4
[136.725s][debug][gc,phases      ] GC(14)   JNI Weak                       Min: 0.00, Avg: 0.00, Max: 0.00, Diff: 0.00, Sum: 0.00, Workers: 4
[136.725s][debug][gc,phases      ] GC(14)     Dead                           Min: 0, Avg:  0.0, Max: 0, Diff: 0, Sum: 0, Workers: 4
[136.725s][debug][gc,phases      ] GC(14)     Total                          Min: 0, Avg: 13.0, Max: 48, Diff: 48, Sum: 52, Workers: 4
[136.725s][debug][gc,phases      ] GC(14)   StringDedup Table Weak         Min: 0.00, Avg: 0.00, Max: 0.00, Diff: 0.00, Sum: 0.00, Workers: 4
[136.725s][debug][gc,phases      ] GC(14)     Dead                           Min: 0, Avg:  0.0, Max: 0, Diff: 0, Sum: 0, Workers: 4
[136.725s][debug][gc,phases      ] GC(14)     Total                          Min: 0, Avg:  0.0, Max: 0, Diff: 0, Sum: 0, Workers: 4
[136.725s][debug][gc,phases      ] GC(14)   StringDedup Requests0 Weak     Min: 0.00, Avg: 0.00, Max: 0.00, Diff: 0.00, Sum: 0.00, Workers: 4
[136.725s][debug][gc,phases      ] GC(14)     Dead                           Min: 0, Avg:  0.0, Max: 0, Diff: 0, Sum: 0, Workers: 4
[136.725s][debug][gc,phases      ] GC(14)     Total                          Min: 0, Avg:  0.0, Max: 0, Diff: 0, Sum: 0, Workers: 4
[136.725s][debug][gc,phases      ] GC(14)   StringDedup Requests1 Weak     Min: 0.00, Avg: 0.00, Max: 0.00, Diff: 0.00, Sum: 0.00, Workers: 4
[136.725s][debug][gc,phases      ] GC(14)     Dead                           Min: 0, Avg:  0.0, Max: 0, Diff: 0, Sum: 0, Workers: 4
[136.725s][debug][gc,phases      ] GC(14)     Total                          Min: 0, Avg:  0.0, Max: 0, Diff: 0, Sum: 0, Workers: 4
[136.725s][debug][gc,phases      ] GC(14)   Weak JFR Old Object Samples    Min: 0.00, Avg: 0.00, Max: 0.00, Diff: 0.00, Sum: 0.00, Workers: 4
[136.725s][debug][gc,phases      ] GC(14)     Dead                           Min: 0, Avg:  0.0, Max: 0, Diff: 0, Sum: 0, Workers: 4
[136.725s][debug][gc,phases      ] GC(14)     Total                          Min: 0, Avg:  0.0, Max: 0, Diff: 0, Sum: 0, Workers: 4
[136.725s][debug][gc,phases      ] GC(14) Weak Processing 0.432ms
[136.726s][debug][gc,phases      ] GC(14) ClassLoaderData 0.110ms
[136.726s][debug][gc,phases      ] GC(14) Trigger cleanups 0.000ms
[136.768s][debug][gc,phases      ] GC(14) Purge Unlinked NMethods 1.735ms
[136.768s][debug][gc,phases      ] GC(14) Unregister NMethods 0.001ms
[136.768s][debug][gc,phases      ] GC(14) Free Code Blobs 0.154ms
[136.768s][debug][gc,phases      ] GC(14) Class Unloading 42.920ms
[136.768s][debug][gc,phases      ] GC(14) Report Object Count 0.001ms
[136.768s][info ][gc,phases      ] GC(14) Marking Phase 132.878ms
[136.768s][info ][gc,phases,start] GC(14) Summary Phase
[136.768s][info ][gc,phases      ] GC(14) Summary Phase 0.021ms
[136.768s][info ][gc,phases,start] GC(14) Forward
[136.770s][info ][gc,phases      ] GC(14) Forward 1.724ms
[136.770s][info ][gc,phases,start] GC(14) Adjust Pointers
[136.834s][info ][gc,phases      ] GC(14) Adjust Pointers 63.611ms
[136.834s][info ][gc,phases,start] GC(14) Compaction Phase
[136.856s][info ][gc,phases      ] GC(14) Compaction Phase 22.605ms
[136.856s][info ][gc,phases,start] GC(14) Post Compact
[136.860s][debug][gc,phases      ] GC(14) Purge Class Loader Data 0.554ms
[136.860s][info ][gc,phases      ] GC(14) Post Compact 3.338ms
[136.860s][info ][gc,heap        ] GC(14) PSYoungGen: 814770K(1694720K)->3367K(1694720K) Eden: 811106K(1305600K)->3367K(1305600K) From: 3664K(389120K)->0K(389120K)
[136.860s][info ][gc,heap        ] GC(14) ParOldGen: 285096K(285184K)->285183K(285184K)
[136.860s][info ][gc,metaspace   ] GC(14) Metaspace: 107193K(108416K)->107193K(108416K) NonClass: 91297K(91968K)->91297K(91968K) Class: 15895K(16448K)->15895K(16448K)
[136.860s][info ][gc             ] GC(14) Pause Full (CodeCache GC Threshold) 1074M->281M(1933M) 224.372ms
[136.860s][info ][gc,cpu         ] GC(14) User=0.61s Sys=0.01s Real=0.23s
[136.860s][info ][safepoint      ] Safepoint "ParallelGCCollect", Time since last: 12194525272 ns, Reaching safepoint: 30900 ns, At safepoint: 224471311 ns, Leaving safepoint: 12400 ns, Total: 224514611 ns, Threads: 0 runnable, 27 total
[155.964s][info ][gc,start       ] GC(15) Pause Young (Allocation Failure)
[156.000s][debug][gc,phases      ] GC(15) Scavenge 36.704ms
[156.001s][debug][gc,ref         ] GC(15) ReferenceProcessor::execute queues: 1, RefProcThreadModel::Single, marks_oops_alive: false
[156.001s][debug][gc,ref         ] GC(15) Skipped KeepAliveFinalRefsPhase of Reference Processing: no references
[156.001s][debug][gc,ref         ] GC(15) Skipped PhantomRefsPhase of Reference Processing: no references
[156.001s][debug][gc,phases      ] GC(15) Reference Processing 0.098ms
[156.001s][debug][gc,phases      ] GC(15)   VM Weak                        Min: 0.00, Avg: 0.00, Max: 0.01, Diff: 0.01, Sum: 0.01, Workers: 4
[156.001s][debug][gc,phases      ] GC(15)     Dead                           Min: 0, Avg:  0.0, Max: 0, Diff: 0, Sum: 0, Workers: 4
[156.001s][debug][gc,phases      ] GC(15)     Total                          Min: 0, Avg: 225.5, Max: 576, Diff: 576, Sum: 902, Workers: 4
[156.001s][debug][gc,phases      ] GC(15)   ObjectSynchronizer Weak        Min: 0.00, Avg: 0.00, Max: 0.00, Diff: 0.00, Sum: 0.00, Workers: 4
[156.001s][debug][gc,phases      ] GC(15)     Dead                           Min: 0, Avg:  0.0, Max: 0, Diff: 0, Sum: 0, Workers: 4
[156.001s][debug][gc,phases      ] GC(15)     Total                          Min: 0, Avg:  1.2, Max: 5, Diff: 5, Sum: 5, Workers: 4
[156.001s][debug][gc,phases      ] GC(15)   JVMTI Tag Weak OopStorage      Min: 0.00, Avg: 0.00, Max: 0.00, Diff: 0.00, Sum: 0.00, Workers: 4
[156.001s][debug][gc,phases      ] GC(15)     Dead                           Min: 0, Avg:  0.0, Max: 0, Diff: 0, Sum: 0, Workers: 4
[156.001s][debug][gc,phases      ] GC(15)     Total                          Min: 0, Avg:  0.0, Max: 0, Diff: 0, Sum: 0, Workers: 4
[156.001s][debug][gc,phases      ] GC(15)   StringTable Weak               Min: 0.00, Avg: 0.10, Max: 0.14, Diff: 0.14, Sum: 0.40, Workers: 4
[156.001s][debug][gc,phases      ] GC(15)     Dead                           Min: 0, Avg:  0.2, Max: 1, Diff: 1, Sum: 1, Workers: 4
[156.001s][debug][gc,phases      ] GC(15)     Total                          Min: 0, Avg: 12350.0, Max: 20735, Diff: 20735, Sum: 49400, Workers: 4
[156.001s][debug][gc,phases      ] GC(15)   ResolvedMethodTable Weak       Min: 0.00, Avg: 0.03, Max: 0.05, Diff: 0.05, Sum: 0.13, Workers: 4
[156.001s][debug][gc,phases      ] GC(15)     Dead                           Min: 0, Avg:  5.0, Max: 14, Diff: 14, Sum: 20, Workers: 4
[156.001s][debug][gc,phases      ] GC(15)     Total                          Min: 0, Avg: 4099.5, Max: 7123, Diff: 7123, Sum: 16398, Workers: 4
[156.001s][debug][gc,phases      ] GC(15)   JNI Weak                       Min: 0.00, Avg: 0.00, Max: 0.00, Diff: 0.00, Sum: 0.00, Workers: 4
[156.001s][debug][gc,phases      ] GC(15)     Dead                           Min: 0, Avg:  0.0, Max: 0, Diff: 0, Sum: 0, Workers: 4
[156.001s][debug][gc,phases      ] GC(15)     Total                          Min: 0, Avg: 13.0, Max: 52, Diff: 52, Sum: 52, Workers: 4
[156.001s][debug][gc,phases      ] GC(15)   StringDedup Table Weak         Min: 0.00, Avg: 0.00, Max: 0.00, Diff: 0.00, Sum: 0.00, Workers: 4
[156.001s][debug][gc,phases      ] GC(15)     Dead                           Min: 0, Avg:  0.0, Max: 0, Diff: 0, Sum: 0, Workers: 4
[156.001s][debug][gc,phases      ] GC(15)     Total                          Min: 0, Avg:  0.0, Max: 0, Diff: 0, Sum: 0, Workers: 4
[156.001s][debug][gc,phases      ] GC(15)   StringDedup Requests0 Weak     Min: 0.00, Avg: 0.00, Max: 0.00, Diff: 0.00, Sum: 0.00, Workers: 4
[156.001s][debug][gc,phases      ] GC(15)     Dead                           Min: 0, Avg:  0.0, Max: 0, Diff: 0, Sum: 0, Workers: 4
[156.001s][debug][gc,phases      ] GC(15)     Total                          Min: 0, Avg:  0.0, Max: 0, Diff: 0, Sum: 0, Workers: 4
[156.001s][debug][gc,phases      ] GC(15)   StringDedup Requests1 Weak     Min: 0.00, Avg: 0.00, Max: 0.00, Diff: 0.00, Sum: 0.00, Workers: 4
[156.001s][debug][gc,phases      ] GC(15)     Dead                           Min: 0, Avg:  0.0, Max: 0, Diff: 0, Sum: 0, Workers: 4
[156.001s][debug][gc,phases      ] GC(15)     Total                          Min: 0, Avg:  0.0, Max: 0, Diff: 0, Sum: 0, Workers: 4
[156.001s][debug][gc,phases      ] GC(15)   Weak JFR Old Object Samples    Min: 0.00, Avg: 0.00, Max: 0.00, Diff: 0.00, Sum: 0.00, Workers: 4
[156.001s][debug][gc,phases      ] GC(15)     Dead                           Min: 0, Avg:  0.0, Max: 0, Diff: 0, Sum: 0, Workers: 4
[156.001s][debug][gc,phases      ] GC(15)     Total                          Min: 0, Avg:  0.0, Max: 0, Diff: 0, Sum: 0, Workers: 4
[156.001s][debug][gc,phases      ] GC(15) Weak Processing 0.366ms
[156.001s][debug][gc,age         ] GC(15) Desired survivor size 406323200 bytes, new threshold 1 (max threshold 15)
[156.001s][info ][gc,heap        ] GC(15) PSYoungGen: 1305600K(1694720K)->4864K(1310720K) Eden: 1305600K(1305600K)->0K(1305600K) From: 0K(389120K)->4864K(5120K)
[156.001s][info ][gc,heap        ] GC(15) ParOldGen: 285183K(285184K)->285247K(285696K)
[156.001s][info ][gc,metaspace   ] GC(15) Metaspace: 107223K(108480K)->107223K(108480K) NonClass: 91325K(92032K)->91325K(92032K) Class: 15898K(16448K)->15898K(16448K)
[156.001s][info ][gc             ] GC(15) Pause Young (Allocation Failure) 1553M->283M(1559M) 37.294ms
[156.001s][info ][gc,cpu         ] GC(15) User=0.13s Sys=0.01s Real=0.04s
[156.001s][info ][safepoint      ] Safepoint "ParallelCollectForAllocation", Time since last: 19103626599 ns, Reaching safepoint: 78100 ns, At safepoint: 37355066 ns, Leaving safepoint: 9800 ns, Total: 37442966 ns, Threads: 1 runnable, 27 total
[166.015s][info ][gc,start       ] GC(16) Pause Young (Allocation Failure)
[166.026s][debug][gc,phases      ] GC(16) Scavenge 10.196ms
[166.026s][debug][gc,ref         ] GC(16) ReferenceProcessor::execute queues: 1, RefProcThreadModel::Single, marks_oops_alive: false
[166.026s][debug][gc,ref         ] GC(16) Skipped KeepAliveFinalRefsPhase of Reference Processing: no references
[166.026s][debug][gc,ref         ] GC(16) Skipped PhantomRefsPhase of Reference Processing: no references
[166.026s][debug][gc,phases      ] GC(16) Reference Processing 0.093ms
[166.026s][debug][gc,phases      ] GC(16)   VM Weak                        Min: 0.00, Avg: 0.00, Max: 0.01, Diff: 0.01, Sum: 0.01, Workers: 4
[166.026s][debug][gc,phases      ] GC(16)     Dead                           Min: 0, Avg:  0.0, Max: 0, Diff: 0, Sum: 0, Workers: 4
[166.026s][debug][gc,phases      ] GC(16)     Total                          Min: 0, Avg: 225.8, Max: 519, Diff: 519, Sum: 903, Workers: 4
[166.026s][debug][gc,phases      ] GC(16)   ObjectSynchronizer Weak        Min: 0.00, Avg: 0.00, Max: 0.00, Diff: 0.00, Sum: 0.00, Workers: 4
[166.026s][debug][gc,phases      ] GC(16)     Dead                           Min: 0, Avg:  0.0, Max: 0, Diff: 0, Sum: 0, Workers: 4
[166.026s][debug][gc,phases      ] GC(16)     Total                          Min: 0, Avg:  1.8, Max: 7, Diff: 7, Sum: 7, Workers: 4
[166.026s][debug][gc,phases      ] GC(16)   JVMTI Tag Weak OopStorage      Min: 0.00, Avg: 0.00, Max: 0.00, Diff: 0.00, Sum: 0.00, Workers: 4
[166.026s][debug][gc,phases      ] GC(16)     Dead                           Min: 0, Avg:  0.0, Max: 0, Diff: 0, Sum: 0, Workers: 4
[166.026s][debug][gc,phases      ] GC(16)     Total                          Min: 0, Avg:  0.0, Max: 0, Diff: 0, Sum: 0, Workers: 4
[166.026s][debug][gc,phases      ] GC(16)   StringTable Weak               Min: 0.00, Avg: 0.10, Max: 0.14, Diff: 0.14, Sum: 0.40, Workers: 4
[166.026s][debug][gc,phases      ] GC(16)     Dead                           Min: 0, Avg:  0.2, Max: 1, Diff: 1, Sum: 1, Workers: 4
[166.026s][debug][gc,phases      ] GC(16)     Total                          Min: 0, Avg: 12378.5, Max: 20160, Diff: 20160, Sum: 49514, Workers: 4
[166.026s][debug][gc,phases      ] GC(16)   ResolvedMethodTable Weak       Min: 0.00, Avg: 0.03, Max: 0.05, Diff: 0.05, Sum: 0.14, Workers: 4
[166.026s][debug][gc,phases      ] GC(16)     Dead                           Min: 0, Avg:  1.2, Max: 5, Diff: 5, Sum: 5, Workers: 4
[166.026s][debug][gc,phases      ] GC(16)     Total                          Min: 0, Avg: 4108.5, Max: 7145, Diff: 7145, Sum: 16434, Workers: 4
[166.026s][debug][gc,phases      ] GC(16)   JNI Weak                       Min: 0.00, Avg: 0.00, Max: 0.00, Diff: 0.00, Sum: 0.00, Workers: 4
[166.026s][debug][gc,phases      ] GC(16)     Dead                           Min: 0, Avg:  0.0, Max: 0, Diff: 0, Sum: 0, Workers: 4
[166.026s][debug][gc,phases      ] GC(16)     Total                          Min: 0, Avg: 13.0, Max: 48, Diff: 48, Sum: 52, Workers: 4
[166.026s][debug][gc,phases      ] GC(16)   StringDedup Table Weak         Min: 0.00, Avg: 0.00, Max: 0.00, Diff: 0.00, Sum: 0.00, Workers: 4
[166.026s][debug][gc,phases      ] GC(16)     Dead                           Min: 0, Avg:  0.0, Max: 0, Diff: 0, Sum: 0, Workers: 4
[166.026s][debug][gc,phases      ] GC(16)     Total                          Min: 0, Avg:  0.0, Max: 0, Diff: 0, Sum: 0, Workers: 4
[166.026s][debug][gc,phases      ] GC(16)   StringDedup Requests0 Weak     Min: 0.00, Avg: 0.00, Max: 0.00, Diff: 0.00, Sum: 0.00, Workers: 4
[166.026s][debug][gc,phases      ] GC(16)     Dead                           Min: 0, Avg:  0.0, Max: 0, Diff: 0, Sum: 0, Workers: 4
[166.026s][debug][gc,phases      ] GC(16)     Total                          Min: 0, Avg:  0.0, Max: 0, Diff: 0, Sum: 0, Workers: 4
[166.026s][debug][gc,phases      ] GC(16)   StringDedup Requests1 Weak     Min: 0.00, Avg: 0.00, Max: 0.00, Diff: 0.00, Sum: 0.00, Workers: 4
[166.026s][debug][gc,phases      ] GC(16)     Dead                           Min: 0, Avg:  0.0, Max: 0, Diff: 0, Sum: 0, Workers: 4
[166.026s][debug][gc,phases      ] GC(16)     Total                          Min: 0, Avg:  0.0, Max: 0, Diff: 0, Sum: 0, Workers: 4
[166.026s][debug][gc,phases      ] GC(16)   Weak JFR Old Object Samples    Min: 0.00, Avg: 0.00, Max: 0.00, Diff: 0.00, Sum: 0.00, Workers: 4
[166.026s][debug][gc,phases      ] GC(16)     Dead                           Min: 0, Avg:  0.0, Max: 0, Diff: 0, Sum: 0, Workers: 4
[166.026s][debug][gc,phases      ] GC(16)     Total                          Min: 0, Avg:  0.0, Max: 0, Diff: 0, Sum: 0, Workers: 4
[166.026s][debug][gc,phases      ] GC(16) Weak Processing 0.349ms
[166.026s][debug][gc,age         ] GC(16) Desired survivor size 400031744 bytes, new threshold 1 (max threshold 15)
[166.026s][info ][gc,heap        ] GC(16) PSYoungGen: 1310464K(1310720K)->25328K(1706496K) Eden: 1305600K(1305600K)->0K(1309696K) From: 4864K(5120K)->25328K(396800K)
[166.026s][info ][gc,heap        ] GC(16) ParOldGen: 285247K(285696K)->287900K(288256K)
[166.026s][info ][gc,metaspace   ] GC(16) Metaspace: 107456K(108672K)->107456K(108672K) NonClass: 91534K(92224K)->91534K(92224K) Class: 15921K(16448K)->15921K(16448K)
[166.026s][info ][gc             ] GC(16) Pause Young (Allocation Failure) 1558M->305M(1948M) 10.734ms
[166.026s][info ][gc,cpu         ] GC(16) User=0.04s Sys=0.01s Real=0.01s
[166.026s][info ][safepoint      ] Safepoint "ParallelCollectForAllocation", Time since last: 10014246408 ns, Reaching safepoint: 85900 ns, At safepoint: 10803091 ns, Leaving safepoint: 17700 ns, Total: 10906691 ns, Threads: 2 runnable, 33 total
[172.991s][info ][gc,start       ] GC(17) Pause Young (Allocation Failure)
[173.016s][debug][gc,phases      ] GC(17) Scavenge 24.697ms
[173.016s][debug][gc,ref         ] GC(17) ReferenceProcessor::execute queues: 1, RefProcThreadModel::Single, marks_oops_alive: false
[173.016s][debug][gc,ref         ] GC(17) Skipped KeepAliveFinalRefsPhase of Reference Processing: no references
[173.016s][debug][gc,ref         ] GC(17) ReferenceProcessor::execute queues: 1, RefProcThreadModel::Single, marks_oops_alive: false
[173.016s][debug][gc,phases      ] GC(17) Reference Processing 0.101ms
[173.017s][debug][gc,phases      ] GC(17)   VM Weak                        Min: 0.00, Avg: 0.00, Max: 0.01, Diff: 0.01, Sum: 0.01, Workers: 4
[173.017s][debug][gc,phases      ] GC(17)     Dead                           Min: 0, Avg:  0.0, Max: 0, Diff: 0, Sum: 0, Workers: 4
[173.017s][debug][gc,phases      ] GC(17)     Total                          Min: 0, Avg: 225.8, Max: 832, Diff: 832, Sum: 903, Workers: 4
[173.017s][debug][gc,phases      ] GC(17)   ObjectSynchronizer Weak        Min: 0.00, Avg: 0.00, Max: 0.00, Diff: 0.00, Sum: 0.00, Workers: 4
[173.017s][debug][gc,phases      ] GC(17)     Dead                           Min: 0, Avg:  0.0, Max: 0, Diff: 0, Sum: 0, Workers: 4
[173.017s][debug][gc,phases      ] GC(17)     Total                          Min: 0, Avg:  1.8, Max: 7, Diff: 7, Sum: 7, Workers: 4
[173.017s][debug][gc,phases      ] GC(17)   JVMTI Tag Weak OopStorage      Min: 0.00, Avg: 0.00, Max: 0.00, Diff: 0.00, Sum: 0.00, Workers: 4
[173.017s][debug][gc,phases      ] GC(17)     Dead                           Min: 0, Avg:  0.0, Max: 0, Diff: 0, Sum: 0, Workers: 4
[173.017s][debug][gc,phases      ] GC(17)     Total                          Min: 0, Avg:  0.0, Max: 0, Diff: 0, Sum: 0, Workers: 4
[173.017s][debug][gc,phases      ] GC(17)   StringTable Weak               Min: 0.00, Avg: 0.11, Max: 0.15, Diff: 0.15, Sum: 0.45, Workers: 4
[173.017s][debug][gc,phases      ] GC(17)     Dead                           Min: 0, Avg:  0.0, Max: 0, Diff: 0, Sum: 0, Workers: 4
[173.017s][debug][gc,phases      ] GC(17)     Total                          Min: 0, Avg: 12382.2, Max: 20736, Diff: 20736, Sum: 49529, Workers: 4
[173.017s][debug][gc,phases      ] GC(17)   ResolvedMethodTable Weak       Min: 0.00, Avg: 0.03, Max: 0.04, Diff: 0.04, Sum: 0.13, Workers: 4
[173.017s][debug][gc,phases      ] GC(17)     Dead                           Min: 0, Avg:  5.2, Max: 14, Diff: 14, Sum: 21, Workers: 4
[173.017s][debug][gc,phases      ] GC(17)     Total                          Min: 0, Avg: 4110.0, Max: 6587, Diff: 6587, Sum: 16440, Workers: 4
[173.017s][debug][gc,phases      ] GC(17)   JNI Weak                       Min: 0.00, Avg: 0.00, Max: 0.00, Diff: 0.00, Sum: 0.00, Workers: 4
[173.017s][debug][gc,phases      ] GC(17)     Dead                           Min: 0, Avg:  0.0, Max: 0, Diff: 0, Sum: 0, Workers: 4
[173.017s][debug][gc,phases      ] GC(17)     Total                          Min: 0, Avg: 13.2, Max: 48, Diff: 48, Sum: 53, Workers: 4
[173.017s][debug][gc,phases      ] GC(17)   StringDedup Table Weak         Min: 0.00, Avg: 0.00, Max: 0.00, Diff: 0.00, Sum: 0.00, Workers: 4
[173.017s][debug][gc,phases      ] GC(17)     Dead                           Min: 0, Avg:  0.0, Max: 0, Diff: 0, Sum: 0, Workers: 4
[173.017s][debug][gc,phases      ] GC(17)     Total                          Min: 0, Avg:  0.0, Max: 0, Diff: 0, Sum: 0, Workers: 4
[173.017s][debug][gc,phases      ] GC(17)   StringDedup Requests0 Weak     Min: 0.00, Avg: 0.00, Max: 0.00, Diff: 0.00, Sum: 0.00, Workers: 4
[173.017s][debug][gc,phases      ] GC(17)     Dead                           Min: 0, Avg:  0.0, Max: 0, Diff: 0, Sum: 0, Workers: 4
[173.017s][debug][gc,phases      ] GC(17)     Total                          Min: 0, Avg:  0.0, Max: 0, Diff: 0, Sum: 0, Workers: 4
[173.017s][debug][gc,phases      ] GC(17)   StringDedup Requests1 Weak     Min: 0.00, Avg: 0.00, Max: 0.00, Diff: 0.00, Sum: 0.00, Workers: 4
[173.017s][debug][gc,phases      ] GC(17)     Dead                           Min: 0, Avg:  0.0, Max: 0, Diff: 0, Sum: 0, Workers: 4
[173.017s][debug][gc,phases      ] GC(17)     Total                          Min: 0, Avg:  0.0, Max: 0, Diff: 0, Sum: 0, Workers: 4
[173.017s][debug][gc,phases      ] GC(17)   Weak JFR Old Object Samples    Min: 0.00, Avg: 0.00, Max: 0.00, Diff: 0.00, Sum: 0.00, Workers: 4
[173.017s][debug][gc,phases      ] GC(17)     Dead                           Min: 0, Avg:  0.0, Max: 0, Diff: 0, Sum: 0, Workers: 4
[173.017s][debug][gc,phases      ] GC(17)     Total                          Min: 0, Avg:  0.0, Max: 0, Diff: 0, Sum: 0, Workers: 4
[173.017s][debug][gc,phases      ] GC(17) Weak Processing 0.365ms
[173.017s][debug][gc,age         ] GC(17) Desired survivor size 387973120 bytes, new threshold 1 (max threshold 15)
[173.017s][info ][gc,heap        ] GC(17) PSYoungGen: 1335024K(1706496K)->40976K(1700352K) Eden: 1309696K(1309696K)->0K(1309696K) From: 25328K(396800K)->40976K(390656K)
[173.017s][info ][gc,heap        ] GC(17) ParOldGen: 287900K(288256K)->312312K(312320K)
[173.017s][info ][gc,metaspace   ] GC(17) Metaspace: 107520K(108736K)->107520K(108736K) NonClass: 91597K(92288K)->91597K(92288K) Class: 15923K(16448K)->15923K(16448K)
[173.017s][info ][gc             ] GC(17) Pause Young (Allocation Failure) 1584M->345M(1965M) 25.281ms
[173.017s][info ][gc,cpu         ] GC(17) User=0.08s Sys=0.01s Real=0.02s
[173.017s][info ][safepoint      ] Safepoint "ParallelCollectForAllocation", Time since last: 6965155330 ns, Reaching safepoint: 48900 ns, At safepoint: 25345979 ns, Leaving safepoint: 19300 ns, Total: 25414179 ns, Threads: 4 runnable, 33 total
[218.563s][info ][gc,start       ] GC(18) Pause Young (Allocation Failure)
[218.583s][debug][gc,phases      ] GC(18) Scavenge 19.587ms
[218.583s][debug][gc,ref         ] GC(18) ReferenceProcessor::execute queues: 1, RefProcThreadModel::Single, marks_oops_alive: false
[218.583s][debug][gc,ref         ] GC(18) Skipped KeepAliveFinalRefsPhase of Reference Processing: no references
[218.583s][debug][gc,ref         ] GC(18) Skipped PhantomRefsPhase of Reference Processing: no references
[218.583s][debug][gc,phases      ] GC(18) Reference Processing 0.103ms
[218.583s][debug][gc,phases      ] GC(18)   VM Weak                        Min: 0.00, Avg: 0.00, Max: 0.01, Diff: 0.01, Sum: 0.01, Workers: 4
[218.583s][debug][gc,phases      ] GC(18)     Dead                           Min: 0, Avg:  0.0, Max: 0, Diff: 0, Sum: 0, Workers: 4
[218.583s][debug][gc,phases      ] GC(18)     Total                          Min: 0, Avg: 226.0, Max: 904, Diff: 904, Sum: 904, Workers: 4
[218.583s][debug][gc,phases      ] GC(18)   ObjectSynchronizer Weak        Min: 0.00, Avg: 0.00, Max: 0.00, Diff: 0.00, Sum: 0.00, Workers: 4
[218.583s][debug][gc,phases      ] GC(18)     Dead                           Min: 0, Avg:  0.0, Max: 0, Diff: 0, Sum: 0, Workers: 4
[218.583s][debug][gc,phases      ] GC(18)     Total                          Min: 0, Avg:  1.5, Max: 6, Diff: 6, Sum: 6, Workers: 4
[218.583s][debug][gc,phases      ] GC(18)   JVMTI Tag Weak OopStorage      Min: 0.00, Avg: 0.00, Max: 0.00, Diff: 0.00, Sum: 0.00, Workers: 4
[218.583s][debug][gc,phases      ] GC(18)     Dead                           Min: 0, Avg:  0.0, Max: 0, Diff: 0, Sum: 0, Workers: 4
[218.583s][debug][gc,phases      ] GC(18)     Total                          Min: 0, Avg:  0.0, Max: 0, Diff: 0, Sum: 0, Workers: 4
[218.583s][debug][gc,phases      ] GC(18)   StringTable Weak               Min: 0.00, Avg: 0.10, Max: 0.14, Diff: 0.14, Sum: 0.41, Workers: 4
[218.583s][debug][gc,phases      ] GC(18)     Dead                           Min: 0, Avg:  0.2, Max: 1, Diff: 1, Sum: 1, Workers: 4
[218.583s][debug][gc,phases      ] GC(18)     Total                          Min: 0, Avg: 12411.2, Max: 20800, Diff: 20800, Sum: 49645, Workers: 4
[218.583s][debug][gc,phases      ] GC(18)   ResolvedMethodTable Weak       Min: 0.00, Avg: 0.03, Max: 0.05, Diff: 0.05, Sum: 0.14, Workers: 4
[218.583s][debug][gc,phases      ] GC(18)     Dead                           Min: 0, Avg:  6.8, Max: 13, Diff: 13, Sum: 27, Workers: 4
[218.583s][debug][gc,phases      ] GC(18)     Total                          Min: 0, Avg: 4119.0, Max: 7236, Diff: 7236, Sum: 16476, Workers: 4
[218.583s][debug][gc,phases      ] GC(18)   JNI Weak                       Min: 0.00, Avg: 0.00, Max: 0.00, Diff: 0.00, Sum: 0.00, Workers: 4
[218.583s][debug][gc,phases      ] GC(18)     Dead                           Min: 0, Avg:  0.0, Max: 0, Diff: 0, Sum: 0, Workers: 4
[218.583s][debug][gc,phases      ] GC(18)     Total                          Min: 0, Avg: 13.0, Max: 48, Diff: 48, Sum: 52, Workers: 4
[218.583s][debug][gc,phases      ] GC(18)   StringDedup Table Weak         Min: 0.00, Avg: 0.00, Max: 0.00, Diff: 0.00, Sum: 0.00, Workers: 4
[218.583s][debug][gc,phases      ] GC(18)     Dead                           Min: 0, Avg:  0.0, Max: 0, Diff: 0, Sum: 0, Workers: 4
[218.583s][debug][gc,phases      ] GC(18)     Total                          Min: 0, Avg:  0.0, Max: 0, Diff: 0, Sum: 0, Workers: 4
[218.583s][debug][gc,phases      ] GC(18)   StringDedup Requests0 Weak     Min: 0.00, Avg: 0.00, Max: 0.00, Diff: 0.00, Sum: 0.00, Workers: 4
[218.583s][debug][gc,phases      ] GC(18)     Dead                           Min: 0, Avg:  0.0, Max: 0, Diff: 0, Sum: 0, Workers: 4
[218.583s][debug][gc,phases      ] GC(18)     Total                          Min: 0, Avg:  0.0, Max: 0, Diff: 0, Sum: 0, Workers: 4
[218.583s][debug][gc,phases      ] GC(18)   StringDedup Requests1 Weak     Min: 0.00, Avg: 0.00, Max: 0.00, Diff: 0.00, Sum: 0.00, Workers: 4
[218.583s][debug][gc,phases      ] GC(18)     Dead                           Min: 0, Avg:  0.0, Max: 0, Diff: 0, Sum: 0, Workers: 4
[218.583s][debug][gc,phases      ] GC(18)     Total                          Min: 0, Avg:  0.0, Max: 0, Diff: 0, Sum: 0, Workers: 4
[218.583s][debug][gc,phases      ] GC(18)   Weak JFR Old Object Samples    Min: 0.00, Avg: 0.00, Max: 0.00, Diff: 0.00, Sum: 0.00, Workers: 4
[218.583s][debug][gc,phases      ] GC(18)     Dead                           Min: 0, Avg:  0.0, Max: 0, Diff: 0, Sum: 0, Workers: 4
[218.583s][debug][gc,phases      ] GC(18)     Total                          Min: 0, Avg:  0.0, Max: 0, Diff: 0, Sum: 0, Workers: 4
[218.583s][debug][gc,phases      ] GC(18) Weak Processing 0.357ms
[218.583s][debug][gc,age         ] GC(18) Desired survivor size 381681664 bytes, new threshold 1 (max threshold 15)
[218.583s][info ][gc,heap        ] GC(18) PSYoungGen: 1350672K(1700352K)->3584K(1724416K) Eden: 1309696K(1309696K)->0K(1345536K) From: 40976K(390656K)->3584K(378880K)
[218.583s][info ][gc,heap        ] GC(18) ParOldGen: 312312K(312320K)->354397K(354816K)
[218.583s][info ][gc,metaspace   ] GC(18) Metaspace: 107840K(109120K)->107840K(109120K) NonClass: 91901K(92608K)->91901K(92608K) Class: 15938K(16512K)->15938K(16512K)
[218.583s][info ][gc             ] GC(18) Pause Young (Allocation Failure) 1624M->349M(2030M) 20.175ms
[218.583s][info ][gc,cpu         ] GC(18) User=0.05s Sys=0.02s Real=0.02s
[218.583s][info ][safepoint      ] Safepoint "ParallelCollectForAllocation", Time since last: 45546151361 ns, Reaching safepoint: 105200 ns, At safepoint: 20245183 ns, Leaving safepoint: 10000 ns, Total: 20360383 ns, Threads: 1 runnable, 33 total
[273.213s][info ][gc,start       ] GC(19) Pause Young (Allocation Failure)
[273.216s][debug][gc,phases      ] GC(19) Scavenge 2.881ms
[273.216s][debug][gc,ref         ] GC(19) ReferenceProcessor::execute queues: 1, RefProcThreadModel::Single, marks_oops_alive: false
[273.216s][debug][gc,ref         ] GC(19) Skipped KeepAliveFinalRefsPhase of Reference Processing: no references
[273.216s][debug][gc,ref         ] GC(19) Skipped PhantomRefsPhase of Reference Processing: no references
[273.216s][debug][gc,phases      ] GC(19) Reference Processing 0.105ms
[273.216s][debug][gc,phases      ] GC(19)   VM Weak                        Min: 0.00, Avg: 0.00, Max: 0.01, Diff: 0.01, Sum: 0.01, Workers: 4
[273.216s][debug][gc,phases      ] GC(19)     Dead                           Min: 0, Avg:  0.0, Max: 0, Diff: 0, Sum: 0, Workers: 4
[273.216s][debug][gc,phases      ] GC(19)     Total                          Min: 0, Avg: 226.0, Max: 520, Diff: 520, Sum: 904, Workers: 4
[273.216s][debug][gc,phases      ] GC(19)   ObjectSynchronizer Weak        Min: 0.00, Avg: 0.00, Max: 0.00, Diff: 0.00, Sum: 0.00, Workers: 4
[273.216s][debug][gc,phases      ] GC(19)     Dead                           Min: 0, Avg:  0.0, Max: 0, Diff: 0, Sum: 0, Workers: 4
[273.216s][debug][gc,phases      ] GC(19)     Total                          Min: 0, Avg:  1.2, Max: 5, Diff: 5, Sum: 5, Workers: 4
[273.216s][debug][gc,phases      ] GC(19)   JVMTI Tag Weak OopStorage      Min: 0.00, Avg: 0.00, Max: 0.00, Diff: 0.00, Sum: 0.00, Workers: 4
[273.216s][debug][gc,phases      ] GC(19)     Dead                           Min: 0, Avg:  0.0, Max: 0, Diff: 0, Sum: 0, Workers: 4
[273.216s][debug][gc,phases      ] GC(19)     Total                          Min: 0, Avg:  0.0, Max: 0, Diff: 0, Sum: 0, Workers: 4
[273.216s][debug][gc,phases      ] GC(19)   StringTable Weak               Min: 0.00, Avg: 0.10, Max: 0.13, Diff: 0.13, Sum: 0.38, Workers: 4
[273.216s][debug][gc,phases      ] GC(19)     Dead                           Min: 0, Avg:  0.2, Max: 1, Diff: 1, Sum: 1, Workers: 4
[273.216s][debug][gc,phases      ] GC(19)     Total                          Min: 0, Avg: 12420.8, Max: 20480, Diff: 20480, Sum: 49683, Workers: 4
[273.216s][debug][gc,phases      ] GC(19)   ResolvedMethodTable Weak       Min: 0.00, Avg: 0.03, Max: 0.04, Diff: 0.04, Sum: 0.13, Workers: 4
[273.216s][debug][gc,phases      ] GC(19)     Dead                           Min: 0, Avg:  6.0, Max: 21, Diff: 21, Sum: 24, Workers: 4
[273.216s][debug][gc,phases      ] GC(19)     Total                          Min: 0, Avg: 4122.5, Max: 7091, Diff: 7091, Sum: 16490, Workers: 4
[273.216s][debug][gc,phases      ] GC(19)   JNI Weak                       Min: 0.00, Avg: 0.00, Max: 0.00, Diff: 0.00, Sum: 0.00, Workers: 4
[273.216s][debug][gc,phases      ] GC(19)     Dead                           Min: 0, Avg:  0.0, Max: 0, Diff: 0, Sum: 0, Workers: 4
[273.216s][debug][gc,phases      ] GC(19)     Total                          Min: 0, Avg: 13.0, Max: 48, Diff: 48, Sum: 52, Workers: 4
[273.216s][debug][gc,phases      ] GC(19)   StringDedup Table Weak         Min: 0.00, Avg: 0.00, Max: 0.00, Diff: 0.00, Sum: 0.00, Workers: 4
[273.216s][debug][gc,phases      ] GC(19)     Dead                           Min: 0, Avg:  0.0, Max: 0, Diff: 0, Sum: 0, Workers: 4
[273.216s][debug][gc,phases      ] GC(19)     Total                          Min: 0, Avg:  0.0, Max: 0, Diff: 0, Sum: 0, Workers: 4
[273.216s][debug][gc,phases      ] GC(19)   StringDedup Requests0 Weak     Min: 0.00, Avg: 0.00, Max: 0.00, Diff: 0.00, Sum: 0.00, Workers: 4
[273.216s][debug][gc,phases      ] GC(19)     Dead                           Min: 0, Avg:  0.0, Max: 0, Diff: 0, Sum: 0, Workers: 4
[273.216s][debug][gc,phases      ] GC(19)     Total                          Min: 0, Avg:  0.0, Max: 0, Diff: 0, Sum: 0, Workers: 4
[273.216s][debug][gc,phases      ] GC(19)   StringDedup Requests1 Weak     Min: 0.00, Avg: 0.00, Max: 0.00, Diff: 0.00, Sum: 0.00, Workers: 4
[273.216s][debug][gc,phases      ] GC(19)     Dead                           Min: 0, Avg:  0.0, Max: 0, Diff: 0, Sum: 0, Workers: 4
[273.216s][debug][gc,phases      ] GC(19)     Total                          Min: 0, Avg:  0.0, Max: 0, Diff: 0, Sum: 0, Workers: 4
[273.216s][debug][gc,phases      ] GC(19)   Weak JFR Old Object Samples    Min: 0.00, Avg: 0.00, Max: 0.00, Diff: 0.00, Sum: 0.00, Workers: 4
[273.216s][debug][gc,phases      ] GC(19)     Dead                           Min: 0, Avg:  0.0, Max: 0, Diff: 0, Sum: 0, Workers: 4
[273.216s][debug][gc,phases      ] GC(19)     Total                          Min: 0, Avg:  0.0, Max: 0, Diff: 0, Sum: 0, Workers: 4
[273.216s][debug][gc,phases      ] GC(19) Weak Processing 0.369ms
[273.216s][debug][gc,age         ] GC(19) Desired survivor size 372768768 bytes, new threshold 1 (max threshold 15)
[273.216s][info ][gc,heap        ] GC(19) PSYoungGen: 1349120K(1724416K)->2448K(1718272K) Eden: 1345536K(1345536K)->0K(1345536K) From: 3584K(378880K)->2448K(372736K)
[273.216s][info ][gc,heap        ] GC(19) ParOldGen: 354397K(354816K)->356149K(356352K)
[273.216s][info ][gc,metaspace   ] GC(19) Metaspace: 107983K(109312K)->107983K(109312K) NonClass: 92039K(92800K)->92039K(92800K) Class: 15943K(16512K)->15943K(16512K)
[273.216s][info ][gc             ] GC(19) Pause Young (Allocation Failure) 1663M->350M(2026M) 3.463ms
[273.216s][info ][gc,cpu         ] GC(19) User=0.01s Sys=0.00s Real=0.00s
[273.216s][info ][safepoint      ] Safepoint "ParallelCollectForAllocation", Time since last: 54629571704 ns, Reaching safepoint: 6300 ns, At safepoint: 3522197 ns, Leaving safepoint: 25200 ns, Total: 3553697 ns, Threads: 0 runnable, 26 total
[327.489s][info ][gc,start       ] GC(20) Pause Young (Allocation Failure)
[327.492s][debug][gc,phases      ] GC(20) Scavenge 2.492ms
[327.492s][debug][gc,ref         ] GC(20) ReferenceProcessor::execute queues: 1, RefProcThreadModel::Single, marks_oops_alive: false
[327.492s][debug][gc,ref         ] GC(20) Skipped KeepAliveFinalRefsPhase of Reference Processing: no references
[327.492s][debug][gc,ref         ] GC(20) Skipped PhantomRefsPhase of Reference Processing: no references
[327.492s][debug][gc,phases      ] GC(20) Reference Processing 0.098ms
[327.492s][debug][gc,phases      ] GC(20)   VM Weak                        Min: 0.00, Avg: 0.00, Max: 0.01, Diff: 0.01, Sum: 0.01, Workers: 4
[327.492s][debug][gc,phases      ] GC(20)     Dead                           Min: 0, Avg:  0.0, Max: 0, Diff: 0, Sum: 0, Workers: 4
[327.492s][debug][gc,phases      ] GC(20)     Total                          Min: 0, Avg: 227.0, Max: 576, Diff: 576, Sum: 908, Workers: 4
[327.492s][debug][gc,phases      ] GC(20)   ObjectSynchronizer Weak        Min: 0.00, Avg: 0.00, Max: 0.00, Diff: 0.00, Sum: 0.00, Workers: 4
[327.492s][debug][gc,phases      ] GC(20)     Dead                           Min: 0, Avg:  0.0, Max: 0, Diff: 0, Sum: 0, Workers: 4
[327.492s][debug][gc,phases      ] GC(20)     Total                          Min: 0, Avg:  1.2, Max: 5, Diff: 5, Sum: 5, Workers: 4
[327.492s][debug][gc,phases      ] GC(20)   JVMTI Tag Weak OopStorage      Min: 0.00, Avg: 0.00, Max: 0.00, Diff: 0.00, Sum: 0.00, Workers: 4
[327.492s][debug][gc,phases      ] GC(20)     Dead                           Min: 0, Avg:  0.0, Max: 0, Diff: 0, Sum: 0, Workers: 4
[327.492s][debug][gc,phases      ] GC(20)     Total                          Min: 0, Avg:  0.0, Max: 0, Diff: 0, Sum: 0, Workers: 4
[327.492s][debug][gc,phases      ] GC(20)   StringTable Weak               Min: 0.00, Avg: 0.12, Max: 0.16, Diff: 0.16, Sum: 0.46, Workers: 4
[327.492s][debug][gc,phases      ] GC(20)     Dead                           Min: 0, Avg:  0.5, Max: 2, Diff: 2, Sum: 2, Workers: 4
[327.492s][debug][gc,phases      ] GC(20)     Total                          Min: 0, Avg: 12450.2, Max: 20608, Diff: 20608, Sum: 49801, Workers: 4
[327.492s][debug][gc,phases      ] GC(20)   ResolvedMethodTable Weak       Min: 0.00, Avg: 0.03, Max: 0.05, Diff: 0.05, Sum: 0.14, Workers: 4
[327.492s][debug][gc,phases      ] GC(20)     Dead                           Min: 0, Avg:  8.2, Max: 21, Diff: 21, Sum: 33, Workers: 4
[327.492s][debug][gc,phases      ] GC(20)     Total                          Min: 0, Avg: 4138.2, Max: 6514, Diff: 6514, Sum: 16553, Workers: 4
[327.492s][debug][gc,phases      ] GC(20)   JNI Weak                       Min: 0.00, Avg: 0.00, Max: 0.00, Diff: 0.00, Sum: 0.00, Workers: 4
[327.492s][debug][gc,phases      ] GC(20)     Dead                           Min: 0, Avg:  0.0, Max: 0, Diff: 0, Sum: 0, Workers: 4
[327.492s][debug][gc,phases      ] GC(20)     Total                          Min: 0, Avg: 13.0, Max: 48, Diff: 48, Sum: 52, Workers: 4
[327.492s][debug][gc,phases      ] GC(20)   StringDedup Table Weak         Min: 0.00, Avg: 0.00, Max: 0.00, Diff: 0.00, Sum: 0.00, Workers: 4
[327.492s][debug][gc,phases      ] GC(20)     Dead                           Min: 0, Avg:  0.0, Max: 0, Diff: 0, Sum: 0, Workers: 4
[327.492s][debug][gc,phases      ] GC(20)     Total                          Min: 0, Avg:  0.0, Max: 0, Diff: 0, Sum: 0, Workers: 4
[327.492s][debug][gc,phases      ] GC(20)   StringDedup Requests0 Weak     Min: 0.00, Avg: 0.00, Max: 0.00, Diff: 0.00, Sum: 0.00, Workers: 4
[327.492s][debug][gc,phases      ] GC(20)     Dead                           Min: 0, Avg:  0.0, Max: 0, Diff: 0, Sum: 0, Workers: 4
[327.492s][debug][gc,phases      ] GC(20)     Total                          Min: 0, Avg:  0.0, Max: 0, Diff: 0, Sum: 0, Workers: 4
[327.492s][debug][gc,phases      ] GC(20)   StringDedup Requests1 Weak     Min: 0.00, Avg: 0.00, Max: 0.00, Diff: 0.00, Sum: 0.00, Workers: 4
[327.492s][debug][gc,phases      ] GC(20)     Dead                           Min: 0, Avg:  0.0, Max: 0, Diff: 0, Sum: 0, Workers: 4
[327.492s][debug][gc,phases      ] GC(20)     Total                          Min: 0, Avg:  0.0, Max: 0, Diff: 0, Sum: 0, Workers: 4
[327.492s][debug][gc,phases      ] GC(20)   Weak JFR Old Object Samples    Min: 0.00, Avg: 0.00, Max: 0.00, Diff: 0.00, Sum: 0.00, Workers: 4
[327.492s][debug][gc,phases      ] GC(20)     Dead                           Min: 0, Avg:  0.0, Max: 0, Diff: 0, Sum: 0, Workers: 4
[327.492s][debug][gc,phases      ] GC(20)     Total                          Min: 0, Avg:  0.0, Max: 0, Diff: 0, Sum: 0, Workers: 4
[327.492s][debug][gc,phases      ] GC(20) Weak Processing 0.396ms
[327.492s][debug][gc,age         ] GC(20) Desired survivor size 362283008 bytes, new threshold 1 (max threshold 15)
[327.492s][info ][gc,heap        ] GC(20) PSYoungGen: 1347984K(1718272K)->2240K(1743360K) Eden: 1345536K(1345536K)->0K(1379328K) From: 2448K(372736K)->2240K(364032K)
[327.492s][info ][gc,heap        ] GC(20) ParOldGen: 356149K(356352K)->357233K(357376K)
[327.492s][info ][gc,metaspace   ] GC(20) Metaspace: 108212K(109440K)->108212K(109440K) NonClass: 92239K(92928K)->92239K(92928K) Class: 15972K(16512K)->15972K(16512K)
[327.492s][info ][gc             ] GC(20) Pause Young (Allocation Failure) 1664M->351M(2051M) 3.105ms
[327.492s][info ][gc,cpu         ] GC(20) User=0.01s Sys=0.00s Real=0.00s
[327.492s][info ][safepoint      ] Safepoint "ParallelCollectForAllocation", Time since last: 54272571136 ns, Reaching safepoint: 20100 ns, At safepoint: 3182396 ns, Leaving safepoint: 2200 ns, Total: 3204696 ns, Threads: 0 runnable, 33 total
[375.617s][info ][gc,start       ] GC(21) Pause Young (Allocation Failure)
[375.621s][debug][gc,phases      ] GC(21) Scavenge 4.355ms
[375.621s][debug][gc,ref         ] GC(21) ReferenceProcessor::execute queues: 1, RefProcThreadModel::Single, marks_oops_alive: false
[375.621s][debug][gc,ref         ] GC(21) Skipped KeepAliveFinalRefsPhase of Reference Processing: no references
[375.621s][debug][gc,ref         ] GC(21) Skipped PhantomRefsPhase of Reference Processing: no references
[375.621s][debug][gc,phases      ] GC(21) Reference Processing 0.092ms
[375.622s][debug][gc,phases      ] GC(21)   VM Weak                        Min: 0.00, Avg: 0.00, Max: 0.01, Diff: 0.01, Sum: 0.01, Workers: 4
[375.622s][debug][gc,phases      ] GC(21)     Dead                           Min: 0, Avg:  0.0, Max: 0, Diff: 0, Sum: 0, Workers: 4
[375.622s][debug][gc,phases      ] GC(21)     Total                          Min: 0, Avg: 228.0, Max: 720, Diff: 720, Sum: 912, Workers: 4
[375.622s][debug][gc,phases      ] GC(21)   ObjectSynchronizer Weak        Min: 0.00, Avg: 0.00, Max: 0.00, Diff: 0.00, Sum: 0.00, Workers: 4
[375.622s][debug][gc,phases      ] GC(21)     Dead                           Min: 0, Avg:  0.0, Max: 0, Diff: 0, Sum: 0, Workers: 4
[375.622s][debug][gc,phases      ] GC(21)     Total                          Min: 0, Avg:  1.5, Max: 6, Diff: 6, Sum: 6, Workers: 4
[375.622s][debug][gc,phases      ] GC(21)   JVMTI Tag Weak OopStorage      Min: 0.00, Avg: 0.00, Max: 0.00, Diff: 0.00, Sum: 0.00, Workers: 4
[375.622s][debug][gc,phases      ] GC(21)     Dead                           Min: 0, Avg:  0.0, Max: 0, Diff: 0, Sum: 0, Workers: 4
[375.622s][debug][gc,phases      ] GC(21)     Total                          Min: 0, Avg:  0.0, Max: 0, Diff: 0, Sum: 0, Workers: 4
[375.622s][debug][gc,phases      ] GC(21)   StringTable Weak               Min: 0.00, Avg: 0.11, Max: 0.15, Diff: 0.15, Sum: 0.45, Workers: 4
[375.622s][debug][gc,phases      ] GC(21)     Dead                           Min: 0, Avg:  0.2, Max: 1, Diff: 1, Sum: 1, Workers: 4
[375.622s][debug][gc,phases      ] GC(21)     Total                          Min: 0, Avg: 12455.2, Max: 20735, Diff: 20735, Sum: 49821, Workers: 4
[375.622s][debug][gc,phases      ] GC(21)   ResolvedMethodTable Weak       Min: 0.00, Avg: 0.03, Max: 0.05, Diff: 0.05, Sum: 0.14, Workers: 4
[375.622s][debug][gc,phases      ] GC(21)     Dead                           Min: 0, Avg:  5.8, Max: 18, Diff: 18, Sum: 23, Workers: 4
[375.622s][debug][gc,phases      ] GC(21)     Total                          Min: 0, Avg: 4145.8, Max: 6959, Diff: 6959, Sum: 16583, Workers: 4
[375.622s][debug][gc,phases      ] GC(21)   JNI Weak                       Min: 0.00, Avg: 0.00, Max: 0.00, Diff: 0.00, Sum: 0.00, Workers: 4
[375.622s][debug][gc,phases      ] GC(21)     Dead                           Min: 0, Avg:  0.0, Max: 0, Diff: 0, Sum: 0, Workers: 4
[375.622s][debug][gc,phases      ] GC(21)     Total                          Min: 0, Avg: 13.2, Max: 48, Diff: 48, Sum: 53, Workers: 4
[375.622s][debug][gc,phases      ] GC(21)   StringDedup Table Weak         Min: 0.00, Avg: 0.00, Max: 0.00, Diff: 0.00, Sum: 0.00, Workers: 4
[375.622s][debug][gc,phases      ] GC(21)     Dead                           Min: 0, Avg:  0.0, Max: 0, Diff: 0, Sum: 0, Workers: 4
[375.622s][debug][gc,phases      ] GC(21)     Total                          Min: 0, Avg:  0.0, Max: 0, Diff: 0, Sum: 0, Workers: 4
[375.622s][debug][gc,phases      ] GC(21)   StringDedup Requests0 Weak     Min: 0.00, Avg: 0.00, Max: 0.00, Diff: 0.00, Sum: 0.00, Workers: 4
[375.622s][debug][gc,phases      ] GC(21)     Dead                           Min: 0, Avg:  0.0, Max: 0, Diff: 0, Sum: 0, Workers: 4
[375.622s][debug][gc,phases      ] GC(21)     Total                          Min: 0, Avg:  0.0, Max: 0, Diff: 0, Sum: 0, Workers: 4
[375.622s][debug][gc,phases      ] GC(21)   StringDedup Requests1 Weak     Min: 0.00, Avg: 0.00, Max: 0.00, Diff: 0.00, Sum: 0.00, Workers: 4
[375.622s][debug][gc,phases      ] GC(21)     Dead                           Min: 0, Avg:  0.0, Max: 0, Diff: 0, Sum: 0, Workers: 4
[375.622s][debug][gc,phases      ] GC(21)     Total                          Min: 0, Avg:  0.0, Max: 0, Diff: 0, Sum: 0, Workers: 4
[375.622s][debug][gc,phases      ] GC(21)   Weak JFR Old Object Samples    Min: 0.00, Avg: 0.00, Max: 0.00, Diff: 0.00, Sum: 0.00, Workers: 4
[375.622s][debug][gc,phases      ] GC(21)     Dead                           Min: 0, Avg:  0.0, Max: 0, Diff: 0, Sum: 0, Workers: 4
[375.622s][debug][gc,phases      ] GC(21)     Total                          Min: 0, Avg:  0.0, Max: 0, Diff: 0, Sum: 0, Workers: 4
[375.622s][debug][gc,phases      ] GC(21) Weak Processing 0.382ms
[375.622s][debug][gc,age         ] GC(21) Desired survivor size 349175808 bytes, new threshold 1 (max threshold 15)
[375.622s][info ][gc,heap        ] GC(21) PSYoungGen: 1381568K(1743360K)->5568K(1733120K) Eden: 1379328K(1379328K)->0K(1379328K) From: 2240K(364032K)->5568K(353792K)
[375.622s][info ][gc,heap        ] GC(21) ParOldGen: 357233K(357376K)->357834K(357888K)
[375.622s][info ][gc,metaspace   ] GC(21) Metaspace: 108291K(109568K)->108291K(109568K) NonClass: 92310K(93056K)->92310K(93056K) Class: 15980K(16512K)->15980K(16512K)
[375.622s][info ][gc             ] GC(21) Pause Young (Allocation Failure) 1698M->354M(2042M) 4.949ms
[375.622s][info ][gc,cpu         ] GC(21) User=0.02s Sys=0.00s Real=0.01s
[375.622s][info ][safepoint      ] Safepoint "ParallelCollectForAllocation", Time since last: 48124552603 ns, Reaching safepoint: 27100 ns, At safepoint: 5020096 ns, Leaving safepoint: 8000 ns, Total: 5055196 ns, Threads: 0 runnable, 29 total
[431.766s][info ][gc,start       ] GC(22) Pause Young (Allocation Failure)
[431.770s][debug][gc,phases      ] GC(22) Scavenge 3.741ms
[431.770s][debug][gc,ref         ] GC(22) ReferenceProcessor::execute queues: 1, RefProcThreadModel::Single, marks_oops_alive: false
[431.770s][debug][gc,ref         ] GC(22) Skipped KeepAliveFinalRefsPhase of Reference Processing: no references
[431.770s][debug][gc,ref         ] GC(22) Skipped PhantomRefsPhase of Reference Processing: no references
[431.770s][debug][gc,phases      ] GC(22) Reference Processing 0.096ms
[431.770s][debug][gc,phases      ] GC(22)   VM Weak                        Min: 0.00, Avg: 0.00, Max: 0.01, Diff: 0.01, Sum: 0.01, Workers: 4
[431.770s][debug][gc,phases      ] GC(22)     Dead                           Min: 0, Avg:  0.0, Max: 0, Diff: 0, Sum: 0, Workers: 4
[431.770s][debug][gc,phases      ] GC(22)     Total                          Min: 0, Avg: 228.0, Max: 576, Diff: 576, Sum: 912, Workers: 4
[431.770s][debug][gc,phases      ] GC(22)   ObjectSynchronizer Weak        Min: 0.00, Avg: 0.00, Max: 0.00, Diff: 0.00, Sum: 0.00, Workers: 4
[431.770s][debug][gc,phases      ] GC(22)     Dead                           Min: 0, Avg:  0.0, Max: 0, Diff: 0, Sum: 0, Workers: 4
[431.770s][debug][gc,phases      ] GC(22)     Total                          Min: 0, Avg:  1.2, Max: 5, Diff: 5, Sum: 5, Workers: 4
[431.770s][debug][gc,phases      ] GC(22)   JVMTI Tag Weak OopStorage      Min: 0.00, Avg: 0.00, Max: 0.00, Diff: 0.00, Sum: 0.00, Workers: 4
[431.770s][debug][gc,phases      ] GC(22)     Dead                           Min: 0, Avg:  0.0, Max: 0, Diff: 0, Sum: 0, Workers: 4
[431.770s][debug][gc,phases      ] GC(22)     Total                          Min: 0, Avg:  0.0, Max: 0, Diff: 0, Sum: 0, Workers: 4
[431.770s][debug][gc,phases      ] GC(22)   StringTable Weak               Min: 0.00, Avg: 0.10, Max: 0.13, Diff: 0.13, Sum: 0.40, Workers: 4
[431.770s][debug][gc,phases      ] GC(22)     Dead                           Min: 0, Avg:  0.0, Max: 0, Diff: 0, Sum: 0, Workers: 4
[431.770s][debug][gc,phases      ] GC(22)     Total                          Min: 0, Avg: 12457.8, Max: 21160, Diff: 21160, Sum: 49831, Workers: 4
[431.770s][debug][gc,phases      ] GC(22)   ResolvedMethodTable Weak       Min: 0.00, Avg: 0.03, Max: 0.04, Diff: 0.04, Sum: 0.13, Workers: 4
[431.770s][debug][gc,phases      ] GC(22)     Dead                           Min: 0, Avg:  5.0, Max: 13, Diff: 13, Sum: 20, Workers: 4
[431.770s][debug][gc,phases      ] GC(22)     Total                          Min: 0, Avg: 4145.8, Max: 6794, Diff: 6794, Sum: 16583, Workers: 4
[431.770s][debug][gc,phases      ] GC(22)   JNI Weak                       Min: 0.00, Avg: 0.00, Max: 0.00, Diff: 0.00, Sum: 0.00, Workers: 4
[431.770s][debug][gc,phases      ] GC(22)     Dead                           Min: 0, Avg:  0.0, Max: 0, Diff: 0, Sum: 0, Workers: 4
[431.770s][debug][gc,phases      ] GC(22)     Total                          Min: 0, Avg: 13.0, Max: 48, Diff: 48, Sum: 52, Workers: 4
[431.770s][debug][gc,phases      ] GC(22)   StringDedup Table Weak         Min: 0.00, Avg: 0.00, Max: 0.00, Diff: 0.00, Sum: 0.00, Workers: 4
[431.770s][debug][gc,phases      ] GC(22)     Dead                           Min: 0, Avg:  0.0, Max: 0, Diff: 0, Sum: 0, Workers: 4
[431.770s][debug][gc,phases      ] GC(22)     Total                          Min: 0, Avg:  0.0, Max: 0, Diff: 0, Sum: 0, Workers: 4
[431.770s][debug][gc,phases      ] GC(22)   StringDedup Requests0 Weak     Min: 0.00, Avg: 0.00, Max: 0.00, Diff: 0.00, Sum: 0.00, Workers: 4
[431.770s][debug][gc,phases      ] GC(22)     Dead                           Min: 0, Avg:  0.0, Max: 0, Diff: 0, Sum: 0, Workers: 4
[431.770s][debug][gc,phases      ] GC(22)     Total                          Min: 0, Avg:  0.0, Max: 0, Diff: 0, Sum: 0, Workers: 4
[431.770s][debug][gc,phases      ] GC(22)   StringDedup Requests1 Weak     Min: 0.00, Avg: 0.00, Max: 0.00, Diff: 0.00, Sum: 0.00, Workers: 4
[431.770s][debug][gc,phases      ] GC(22)     Dead                           Min: 0, Avg:  0.0, Max: 0, Diff: 0, Sum: 0, Workers: 4
[431.770s][debug][gc,phases      ] GC(22)     Total                          Min: 0, Avg:  0.0, Max: 0, Diff: 0, Sum: 0, Workers: 4
[431.770s][debug][gc,phases      ] GC(22)   Weak JFR Old Object Samples    Min: 0.00, Avg: 0.00, Max: 0.00, Diff: 0.00, Sum: 0.00, Workers: 4
[431.770s][debug][gc,phases      ] GC(22)     Dead                           Min: 0, Avg:  0.0, Max: 0, Diff: 0, Sum: 0, Workers: 4
[431.770s][debug][gc,phases      ] GC(22)     Total                          Min: 0, Avg:  0.0, Max: 0, Diff: 0, Sum: 0, Workers: 4
[431.771s][debug][gc,phases      ] GC(22) Weak Processing 0.413ms
[431.771s][debug][gc,age         ] GC(22) Desired survivor size 335544320 bytes, new threshold 1 (max threshold 15)
[431.771s][info ][gc,heap        ] GC(22) PSYoungGen: 1384896K(1733120K)->2704K(1769472K) Eden: 1379328K(1379328K)->0K(1428480K) From: 5568K(353792K)->2704K(340992K)
[431.771s][info ][gc,heap        ] GC(22) ParOldGen: 357834K(357888K)->361790K(361984K)
[431.771s][info ][gc,metaspace   ] GC(22) Metaspace: 108329K(109568K)->108329K(109568K) NonClass: 92348K(93056K)->92348K(93056K) Class: 15980K(16512K)->15980K(16512K)
[431.771s][info ][gc             ] GC(22) Pause Young (Allocation Failure) 1701M->355M(2081M) 4.375ms
[431.771s][info ][gc,cpu         ] GC(22) User=0.01s Sys=0.00s Real=0.01s
[431.771s][info ][safepoint      ] Safepoint "ParallelCollectForAllocation", Time since last: 56144398219 ns, Reaching safepoint: 5000 ns, At safepoint: 4433797 ns, Leaving safepoint: 7900 ns, Total: 4446697 ns, Threads: 0 runnable, 26 total
[491.513s][info ][gc,start       ] GC(23) Pause Young (Allocation Failure)
[491.516s][debug][gc,phases      ] GC(23) Scavenge 2.837ms
[491.516s][debug][gc,ref         ] GC(23) ReferenceProcessor::execute queues: 1, RefProcThreadModel::Single, marks_oops_alive: false
[491.516s][debug][gc,ref         ] GC(23) Skipped KeepAliveFinalRefsPhase of Reference Processing: no references
[491.516s][debug][gc,ref         ] GC(23) Skipped PhantomRefsPhase of Reference Processing: no references
[491.516s][debug][gc,phases      ] GC(23) Reference Processing 0.093ms
[491.516s][debug][gc,phases      ] GC(23)   VM Weak                        Min: 0.00, Avg: 0.00, Max: 0.00, Diff: 0.00, Sum: 0.01, Workers: 4
[491.516s][debug][gc,phases      ] GC(23)     Dead                           Min: 0, Avg:  0.0, Max: 0, Diff: 0, Sum: 0, Workers: 4
[491.516s][debug][gc,phases      ] GC(23)     Total                          Min: 0, Avg: 228.0, Max: 464, Diff: 464, Sum: 912, Workers: 4
[491.516s][debug][gc,phases      ] GC(23)   ObjectSynchronizer Weak        Min: 0.00, Avg: 0.00, Max: 0.00, Diff: 0.00, Sum: 0.00, Workers: 4
[491.516s][debug][gc,phases      ] GC(23)     Dead                           Min: 0, Avg:  0.0, Max: 0, Diff: 0, Sum: 0, Workers: 4
[491.516s][debug][gc,phases      ] GC(23)     Total                          Min: 0, Avg:  1.5, Max: 6, Diff: 6, Sum: 6, Workers: 4
[491.516s][debug][gc,phases      ] GC(23)   JVMTI Tag Weak OopStorage      Min: 0.00, Avg: 0.00, Max: 0.00, Diff: 0.00, Sum: 0.00, Workers: 4
[491.516s][debug][gc,phases      ] GC(23)     Dead                           Min: 0, Avg:  0.0, Max: 0, Diff: 0, Sum: 0, Workers: 4
[491.516s][debug][gc,phases      ] GC(23)     Total                          Min: 0, Avg:  0.0, Max: 0, Diff: 0, Sum: 0, Workers: 4
[491.516s][debug][gc,phases      ] GC(23)   StringTable Weak               Min: 0.00, Avg: 0.10, Max: 0.14, Diff: 0.14, Sum: 0.40, Workers: 4
[491.516s][debug][gc,phases      ] GC(23)     Dead                           Min: 0, Avg:  0.2, Max: 1, Diff: 1, Sum: 1, Workers: 4
[491.516s][debug][gc,phases      ] GC(23)     Total                          Min: 0, Avg: 12460.8, Max: 20862, Diff: 20862, Sum: 49843, Workers: 4
[491.516s][debug][gc,phases      ] GC(23)   ResolvedMethodTable Weak       Min: 0.00, Avg: 0.03, Max: 0.04, Diff: 0.04, Sum: 0.12, Workers: 4
[491.516s][debug][gc,phases      ] GC(23)     Dead                           Min: 0, Avg:  5.0, Max: 12, Diff: 12, Sum: 20, Workers: 4
[491.516s][debug][gc,phases      ] GC(23)     Total                          Min: 0, Avg: 4147.8, Max: 6645, Diff: 6645, Sum: 16591, Workers: 4
[491.516s][debug][gc,phases      ] GC(23)   JNI Weak                       Min: 0.00, Avg: 0.00, Max: 0.00, Diff: 0.00, Sum: 0.00, Workers: 4
[491.516s][debug][gc,phases      ] GC(23)     Dead                           Min: 0, Avg:  0.0, Max: 0, Diff: 0, Sum: 0, Workers: 4
[491.516s][debug][gc,phases      ] GC(23)     Total                          Min: 0, Avg: 13.0, Max: 48, Diff: 48, Sum: 52, Workers: 4
[491.516s][debug][gc,phases      ] GC(23)   StringDedup Table Weak         Min: 0.00, Avg: 0.00, Max: 0.00, Diff: 0.00, Sum: 0.00, Workers: 4
[491.516s][debug][gc,phases      ] GC(23)     Dead                           Min: 0, Avg:  0.0, Max: 0, Diff: 0, Sum: 0, Workers: 4
[491.516s][debug][gc,phases      ] GC(23)     Total                          Min: 0, Avg:  0.0, Max: 0, Diff: 0, Sum: 0, Workers: 4
[491.516s][debug][gc,phases      ] GC(23)   StringDedup Requests0 Weak     Min: 0.00, Avg: 0.00, Max: 0.00, Diff: 0.00, Sum: 0.00, Workers: 4
[491.516s][debug][gc,phases      ] GC(23)     Dead                           Min: 0, Avg:  0.0, Max: 0, Diff: 0, Sum: 0, Workers: 4
[491.516s][debug][gc,phases      ] GC(23)     Total                          Min: 0, Avg:  0.0, Max: 0, Diff: 0, Sum: 0, Workers: 4
[491.516s][debug][gc,phases      ] GC(23)   StringDedup Requests1 Weak     Min: 0.00, Avg: 0.00, Max: 0.00, Diff: 0.00, Sum: 0.00, Workers: 4
[491.516s][debug][gc,phases      ] GC(23)     Dead                           Min: 0, Avg:  0.0, Max: 0, Diff: 0, Sum: 0, Workers: 4
[491.516s][debug][gc,phases      ] GC(23)     Total                          Min: 0, Avg:  0.0, Max: 0, Diff: 0, Sum: 0, Workers: 4
[491.516s][debug][gc,phases      ] GC(23)   Weak JFR Old Object Samples    Min: 0.00, Avg: 0.00, Max: 0.00, Diff: 0.00, Sum: 0.00, Workers: 4
[491.516s][debug][gc,phases      ] GC(23)     Dead                           Min: 0, Avg:  0.0, Max: 0, Diff: 0, Sum: 0, Workers: 4
[491.516s][debug][gc,phases      ] GC(23)     Total                          Min: 0, Avg:  0.0, Max: 0, Diff: 0, Sum: 0, Workers: 4
[491.516s][debug][gc,phases      ] GC(23) Weak Processing 0.355ms
[491.516s][debug][gc,age         ] GC(23) Desired survivor size 321388544 bytes, new threshold 1 (max threshold 15)
[491.516s][info ][gc,heap        ] GC(23) PSYoungGen: 1431184K(1769472K)->2448K(1756160K) Eden: 1428480K(1428480K)->0K(1428480K) From: 2704K(340992K)->2448K(327680K)
[491.516s][info ][gc,heap        ] GC(23) ParOldGen: 361790K(361984K)->362770K(363008K)
[491.516s][info ][gc,metaspace   ] GC(23) Metaspace: 108381K(109632K)->108381K(109632K) NonClass: 92398K(93120K)->92398K(93120K) Class: 15983K(16512K)->15983K(16512K)
[491.516s][info ][gc             ] GC(23) Pause Young (Allocation Failure) 1750M->356M(2069M) 3.416ms
[491.516s][info ][gc,cpu         ] GC(23) User=0.01s Sys=0.00s Real=0.00s
[491.516s][info ][safepoint      ] Safepoint "ParallelCollectForAllocation", Time since last: 59742350252 ns, Reaching safepoint: 5200 ns, At safepoint: 3474498 ns, Leaving safepoint: 6700 ns, Total: 3486398 ns, Threads: 0 runnable, 28 total
[518.871s][info ][gc,start       ] GC(24) Pause Young (Allocation Failure)
[518.883s][debug][gc,phases      ] GC(24) Scavenge 11.871ms
[518.883s][debug][gc,ref         ] GC(24) ReferenceProcessor::execute queues: 1, RefProcThreadModel::Single, marks_oops_alive: false
[518.883s][debug][gc,ref         ] GC(24) Skipped KeepAliveFinalRefsPhase of Reference Processing: no references
[518.883s][debug][gc,ref         ] GC(24) Skipped PhantomRefsPhase of Reference Processing: no references
[518.883s][debug][gc,phases      ] GC(24) Reference Processing 0.117ms
[518.884s][debug][gc,phases      ] GC(24)   VM Weak                        Min: 0.00, Avg: 0.00, Max: 0.01, Diff: 0.01, Sum: 0.01, Workers: 4
[518.884s][debug][gc,phases      ] GC(24)     Dead                           Min: 0, Avg:  0.0, Max: 0, Diff: 0, Sum: 0, Workers: 4
[518.884s][debug][gc,phases      ] GC(24)     Total                          Min: 0, Avg: 228.2, Max: 849, Diff: 849, Sum: 913, Workers: 4
[518.884s][debug][gc,phases      ] GC(24)   ObjectSynchronizer Weak        Min: 0.00, Avg: 0.00, Max: 0.00, Diff: 0.00, Sum: 0.00, Workers: 4
[518.884s][debug][gc,phases      ] GC(24)     Dead                           Min: 0, Avg:  0.0, Max: 0, Diff: 0, Sum: 0, Workers: 4
[518.884s][debug][gc,phases      ] GC(24)     Total                          Min: 0, Avg:  2.0, Max: 8, Diff: 8, Sum: 8, Workers: 4
[518.884s][debug][gc,phases      ] GC(24)   JVMTI Tag Weak OopStorage      Min: 0.00, Avg: 0.00, Max: 0.00, Diff: 0.00, Sum: 0.00, Workers: 4
[518.884s][debug][gc,phases      ] GC(24)     Dead                           Min: 0, Avg:  0.0, Max: 0, Diff: 0, Sum: 0, Workers: 4
[518.884s][debug][gc,phases      ] GC(24)     Total                          Min: 0, Avg:  0.0, Max: 0, Diff: 0, Sum: 0, Workers: 4
[518.884s][debug][gc,phases      ] GC(24)   StringTable Weak               Min: 0.00, Avg: 0.10, Max: 0.13, Diff: 0.13, Sum: 0.40, Workers: 4
[518.884s][debug][gc,phases      ] GC(24)     Dead                           Min: 0, Avg:  0.5, Max: 1, Diff: 1, Sum: 2, Workers: 4
[518.884s][debug][gc,phases      ] GC(24)     Total                          Min: 0, Avg: 12467.2, Max: 21006, Diff: 21006, Sum: 49869, Workers: 4
[518.884s][debug][gc,phases      ] GC(24)   ResolvedMethodTable Weak       Min: 0.00, Avg: 0.03, Max: 0.04, Diff: 0.04, Sum: 0.13, Workers: 4
[518.884s][debug][gc,phases      ] GC(24)     Dead                           Min: 0, Avg:  5.5, Max: 16, Diff: 16, Sum: 22, Workers: 4
[518.884s][debug][gc,phases      ] GC(24)     Total                          Min: 0, Avg: 4150.5, Max: 6908, Diff: 6908, Sum: 16602, Workers: 4
[518.884s][debug][gc,phases      ] GC(24)   JNI Weak                       Min: 0.00, Avg: 0.00, Max: 0.00, Diff: 0.00, Sum: 0.00, Workers: 4
[518.884s][debug][gc,phases      ] GC(24)     Dead                           Min: 0, Avg:  0.0, Max: 0, Diff: 0, Sum: 0, Workers: 4
[518.884s][debug][gc,phases      ] GC(24)     Total                          Min: 0, Avg: 13.0, Max: 48, Diff: 48, Sum: 52, Workers: 4
[518.884s][debug][gc,phases      ] GC(24)   StringDedup Table Weak         Min: 0.00, Avg: 0.00, Max: 0.00, Diff: 0.00, Sum: 0.00, Workers: 4
[518.884s][debug][gc,phases      ] GC(24)     Dead                           Min: 0, Avg:  0.0, Max: 0, Diff: 0, Sum: 0, Workers: 4
[518.884s][debug][gc,phases      ] GC(24)     Total                          Min: 0, Avg:  0.0, Max: 0, Diff: 0, Sum: 0, Workers: 4
[518.884s][debug][gc,phases      ] GC(24)   StringDedup Requests0 Weak     Min: 0.00, Avg: 0.00, Max: 0.00, Diff: 0.00, Sum: 0.00, Workers: 4
[518.884s][debug][gc,phases      ] GC(24)     Dead                           Min: 0, Avg:  0.0, Max: 0, Diff: 0, Sum: 0, Workers: 4
[518.884s][debug][gc,phases      ] GC(24)     Total                          Min: 0, Avg:  0.0, Max: 0, Diff: 0, Sum: 0, Workers: 4
[518.884s][debug][gc,phases      ] GC(24)   StringDedup Requests1 Weak     Min: 0.00, Avg: 0.00, Max: 0.00, Diff: 0.00, Sum: 0.00, Workers: 4
[518.884s][debug][gc,phases      ] GC(24)     Dead                           Min: 0, Avg:  0.0, Max: 0, Diff: 0, Sum: 0, Workers: 4
[518.884s][debug][gc,phases      ] GC(24)     Total                          Min: 0, Avg:  0.0, Max: 0, Diff: 0, Sum: 0, Workers: 4
[518.884s][debug][gc,phases      ] GC(24)   Weak JFR Old Object Samples    Min: 0.00, Avg: 0.00, Max: 0.00, Diff: 0.00, Sum: 0.00, Workers: 4
[518.884s][debug][gc,phases      ] GC(24)     Dead                           Min: 0, Avg:  0.0, Max: 0, Diff: 0, Sum: 0, Workers: 4
[518.884s][debug][gc,phases      ] GC(24)     Total                          Min: 0, Avg:  0.0, Max: 0, Diff: 0, Sum: 0, Workers: 4
[518.884s][debug][gc,phases      ] GC(24) Weak Processing 0.352ms
[518.884s][debug][gc,age         ] GC(24) Desired survivor size 302514176 bytes, new threshold 1 (max threshold 15)
[518.884s][info ][gc,heap        ] GC(24) PSYoungGen: 1430928K(1756160K)->26272K(1801728K) Eden: 1428480K(1428480K)->0K(1487872K) From: 2448K(327680K)->26272K(313856K)
[518.884s][info ][gc,heap        ] GC(24) ParOldGen: 362770K(363008K)->362990K(363008K)
[518.884s][info ][gc,metaspace   ] GC(24) Metaspace: 108599K(109824K)->108599K(109824K) NonClass: 92608K(93312K)->92608K(93312K) Class: 15991K(16512K)->15991K(16512K)
[518.884s][info ][gc             ] GC(24) Pause Young (Allocation Failure) 1751M->380M(2114M) 12.473ms
[518.884s][info ][gc,cpu         ] GC(24) User=0.05s Sys=0.00s Real=0.01s
[518.884s][info ][safepoint      ] Safepoint "ParallelCollectForAllocation", Time since last: 27354846261 ns, Reaching safepoint: 6100 ns, At safepoint: 12534890 ns, Leaving safepoint: 9600 ns, Total: 12550590 ns, Threads: 0 runnable, 31 total
[533.575s][info ][gc,start       ] GC(25) Pause Young (Allocation Failure)
[533.591s][debug][gc,phases      ] GC(25) Scavenge 15.771ms
[533.591s][debug][gc,ref         ] GC(25) ReferenceProcessor::execute queues: 1, RefProcThreadModel::Single, marks_oops_alive: false
[533.591s][debug][gc,ref         ] GC(25) Skipped KeepAliveFinalRefsPhase of Reference Processing: no references
[533.591s][debug][gc,ref         ] GC(25) Skipped PhantomRefsPhase of Reference Processing: no references
[533.591s][debug][gc,phases      ] GC(25) Reference Processing 0.096ms
[533.591s][debug][gc,phases      ] GC(25)   VM Weak                        Min: 0.00, Avg: 0.00, Max: 0.01, Diff: 0.01, Sum: 0.01, Workers: 4
[533.591s][debug][gc,phases      ] GC(25)     Dead                           Min: 0, Avg:  0.0, Max: 0, Diff: 0, Sum: 0, Workers: 4
[533.591s][debug][gc,phases      ] GC(25)     Total                          Min: 0, Avg: 229.2, Max: 661, Diff: 661, Sum: 917, Workers: 4
[533.591s][debug][gc,phases      ] GC(25)   ObjectSynchronizer Weak        Min: 0.00, Avg: 0.00, Max: 0.00, Diff: 0.00, Sum: 0.00, Workers: 4
[533.591s][debug][gc,phases      ] GC(25)     Dead                           Min: 0, Avg:  0.0, Max: 0, Diff: 0, Sum: 0, Workers: 4
[533.591s][debug][gc,phases      ] GC(25)     Total                          Min: 0, Avg:  2.0, Max: 8, Diff: 8, Sum: 8, Workers: 4
[533.591s][debug][gc,phases      ] GC(25)   JVMTI Tag Weak OopStorage      Min: 0.00, Avg: 0.00, Max: 0.00, Diff: 0.00, Sum: 0.00, Workers: 4
[533.591s][debug][gc,phases      ] GC(25)     Dead                           Min: 0, Avg:  0.0, Max: 0, Diff: 0, Sum: 0, Workers: 4
[533.591s][debug][gc,phases      ] GC(25)     Total                          Min: 0, Avg:  0.0, Max: 0, Diff: 0, Sum: 0, Workers: 4
[533.591s][debug][gc,phases      ] GC(25)   StringTable Weak               Min: 0.00, Avg: 0.10, Max: 0.14, Diff: 0.14, Sum: 0.40, Workers: 4
[533.591s][debug][gc,phases      ] GC(25)     Dead                           Min: 0, Avg:  0.2, Max: 1, Diff: 1, Sum: 1, Workers: 4
[533.591s][debug][gc,phases      ] GC(25)     Total                          Min: 0, Avg: 12473.0, Max: 20991, Diff: 20991, Sum: 49892, Workers: 4
[533.591s][debug][gc,phases      ] GC(25)   ResolvedMethodTable Weak       Min: 0.00, Avg: 0.03, Max: 0.05, Diff: 0.05, Sum: 0.13, Workers: 4
[533.591s][debug][gc,phases      ] GC(25)     Dead                           Min: 0, Avg:  0.5, Max: 2, Diff: 2, Sum: 2, Workers: 4
[533.591s][debug][gc,phases      ] GC(25)     Total                          Min: 0, Avg: 4154.5, Max: 7283, Diff: 7283, Sum: 16618, Workers: 4
[533.591s][debug][gc,phases      ] GC(25)   JNI Weak                       Min: 0.00, Avg: 0.00, Max: 0.00, Diff: 0.00, Sum: 0.00, Workers: 4
[533.591s][debug][gc,phases      ] GC(25)     Dead                           Min: 0, Avg:  0.0, Max: 0, Diff: 0, Sum: 0, Workers: 4
[533.591s][debug][gc,phases      ] GC(25)     Total                          Min: 0, Avg: 13.0, Max: 48, Diff: 48, Sum: 52, Workers: 4
[533.591s][debug][gc,phases      ] GC(25)   StringDedup Table Weak         Min: 0.00, Avg: 0.00, Max: 0.00, Diff: 0.00, Sum: 0.00, Workers: 4
[533.591s][debug][gc,phases      ] GC(25)     Dead                           Min: 0, Avg:  0.0, Max: 0, Diff: 0, Sum: 0, Workers: 4
[533.591s][debug][gc,phases      ] GC(25)     Total                          Min: 0, Avg:  0.0, Max: 0, Diff: 0, Sum: 0, Workers: 4
[533.591s][debug][gc,phases      ] GC(25)   StringDedup Requests0 Weak     Min: 0.00, Avg: 0.00, Max: 0.00, Diff: 0.00, Sum: 0.00, Workers: 4
[533.591s][debug][gc,phases      ] GC(25)     Dead                           Min: 0, Avg:  0.0, Max: 0, Diff: 0, Sum: 0, Workers: 4
[533.591s][debug][gc,phases      ] GC(25)     Total                          Min: 0, Avg:  0.0, Max: 0, Diff: 0, Sum: 0, Workers: 4
[533.591s][debug][gc,phases      ] GC(25)   StringDedup Requests1 Weak     Min: 0.00, Avg: 0.00, Max: 0.00, Diff: 0.00, Sum: 0.00, Workers: 4
[533.591s][debug][gc,phases      ] GC(25)     Dead                           Min: 0, Avg:  0.0, Max: 0, Diff: 0, Sum: 0, Workers: 4
[533.591s][debug][gc,phases      ] GC(25)     Total                          Min: 0, Avg:  0.0, Max: 0, Diff: 0, Sum: 0, Workers: 4
[533.591s][debug][gc,phases      ] GC(25)   Weak JFR Old Object Samples    Min: 0.00, Avg: 0.00, Max: 0.00, Diff: 0.00, Sum: 0.00, Workers: 4
[533.591s][debug][gc,phases      ] GC(25)     Dead                           Min: 0, Avg:  0.0, Max: 0, Diff: 0, Sum: 0, Workers: 4
[533.591s][debug][gc,phases      ] GC(25)     Total                          Min: 0, Avg:  0.0, Max: 0, Diff: 0, Sum: 0, Workers: 4
[533.592s][debug][gc,phases      ] GC(25) Weak Processing 0.386ms
[533.592s][debug][gc,age         ] GC(25) Desired survivor size 286785536 bytes, new threshold 1 (max threshold 15)
[533.592s][info ][gc,heap        ] GC(25) PSYoungGen: 1514144K(1801728K)->13232K(1783296K) Eden: 1487872K(1487872K)->0K(1487872K) From: 26272K(313856K)->13232K(295424K)
[533.592s][info ][gc,heap        ] GC(25) ParOldGen: 362990K(363008K)->387119K(387584K)
[533.592s][info ][gc,metaspace   ] GC(25) Metaspace: 108666K(109888K)->108666K(109888K) NonClass: 92669K(93376K)->92669K(93376K) Class: 15997K(16512K)->15997K(16512K)
[533.592s][info ][gc             ] GC(25) Pause Young (Allocation Failure) 1833M->390M(2120M) 16.371ms
[533.592s][info ][gc,cpu         ] GC(25) User=0.04s Sys=0.01s Real=0.02s
[533.592s][info ][safepoint      ] Safepoint "ParallelCollectForAllocation", Time since last: 14691320577 ns, Reaching safepoint: 5400 ns, At safepoint: 16433039 ns, Leaving safepoint: 8800 ns, Total: 16447239 ns, Threads: 0 runnable, 31 total
[554.813s][info ][gc,start       ] GC(26) Pause Young (Allocation Failure)
[554.821s][debug][gc,phases      ] GC(26) Scavenge 7.541ms
[554.821s][debug][gc,ref         ] GC(26) ReferenceProcessor::execute queues: 1, RefProcThreadModel::Single, marks_oops_alive: false
[554.821s][debug][gc,ref         ] GC(26) Skipped KeepAliveFinalRefsPhase of Reference Processing: no references
[554.821s][debug][gc,ref         ] GC(26) Skipped PhantomRefsPhase of Reference Processing: no references
[554.821s][debug][gc,phases      ] GC(26) Reference Processing 0.103ms
[554.821s][debug][gc,phases      ] GC(26)   VM Weak                        Min: 0.00, Avg: 0.00, Max: 0.01, Diff: 0.01, Sum: 0.01, Workers: 4
[554.821s][debug][gc,phases      ] GC(26)     Dead                           Min: 0, Avg:  0.0, Max: 0, Diff: 0, Sum: 0, Workers: 4
[554.821s][debug][gc,phases      ] GC(26)     Total                          Min: 0, Avg: 229.2, Max: 917, Diff: 917, Sum: 917, Workers: 4
[554.821s][debug][gc,phases      ] GC(26)   ObjectSynchronizer Weak        Min: 0.00, Avg: 0.00, Max: 0.00, Diff: 0.00, Sum: 0.00, Workers: 4
[554.821s][debug][gc,phases      ] GC(26)     Dead                           Min: 0, Avg:  0.0, Max: 0, Diff: 0, Sum: 0, Workers: 4
[554.821s][debug][gc,phases      ] GC(26)     Total                          Min: 0, Avg:  1.2, Max: 5, Diff: 5, Sum: 5, Workers: 4
[554.821s][debug][gc,phases      ] GC(26)   JVMTI Tag Weak OopStorage      Min: 0.00, Avg: 0.00, Max: 0.00, Diff: 0.00, Sum: 0.00, Workers: 4
[554.821s][debug][gc,phases      ] GC(26)     Dead                           Min: 0, Avg:  0.0, Max: 0, Diff: 0, Sum: 0, Workers: 4
[554.821s][debug][gc,phases      ] GC(26)     Total                          Min: 0, Avg:  0.0, Max: 0, Diff: 0, Sum: 0, Workers: 4
[554.821s][debug][gc,phases      ] GC(26)   StringTable Weak               Min: 0.00, Avg: 0.10, Max: 0.13, Diff: 0.13, Sum: 0.40, Workers: 4
[554.821s][debug][gc,phases      ] GC(26)     Dead                           Min: 0, Avg:  0.0, Max: 0, Diff: 0, Sum: 0, Workers: 4
[554.821s][debug][gc,phases      ] GC(26)     Total                          Min: 0, Avg: 12473.8, Max: 21055, Diff: 21055, Sum: 49895, Workers: 4
[554.821s][debug][gc,phases      ] GC(26)   ResolvedMethodTable Weak       Min: 0.00, Avg: 0.03, Max: 0.04, Diff: 0.04, Sum: 0.13, Workers: 4
[554.821s][debug][gc,phases      ] GC(26)     Dead                           Min: 0, Avg:  5.0, Max: 7, Diff: 7, Sum: 20, Workers: 4
[554.821s][debug][gc,phases      ] GC(26)     Total                          Min: 0, Avg: 4155.2, Max: 7221, Diff: 7221, Sum: 16621, Workers: 4
[554.821s][debug][gc,phases      ] GC(26)   JNI Weak                       Min: 0.00, Avg: 0.00, Max: 0.00, Diff: 0.00, Sum: 0.00, Workers: 4
[554.821s][debug][gc,phases      ] GC(26)     Dead                           Min: 0, Avg:  0.0, Max: 0, Diff: 0, Sum: 0, Workers: 4
[554.821s][debug][gc,phases      ] GC(26)     Total                          Min: 0, Avg: 13.0, Max: 48, Diff: 48, Sum: 52, Workers: 4
[554.821s][debug][gc,phases      ] GC(26)   StringDedup Table Weak         Min: 0.00, Avg: 0.00, Max: 0.00, Diff: 0.00, Sum: 0.00, Workers: 4
[554.821s][debug][gc,phases      ] GC(26)     Dead                           Min: 0, Avg:  0.0, Max: 0, Diff: 0, Sum: 0, Workers: 4
[554.821s][debug][gc,phases      ] GC(26)     Total                          Min: 0, Avg:  0.0, Max: 0, Diff: 0, Sum: 0, Workers: 4
[554.821s][debug][gc,phases      ] GC(26)   StringDedup Requests0 Weak     Min: 0.00, Avg: 0.00, Max: 0.00, Diff: 0.00, Sum: 0.00, Workers: 4
[554.821s][debug][gc,phases      ] GC(26)     Dead                           Min: 0, Avg:  0.0, Max: 0, Diff: 0, Sum: 0, Workers: 4
[554.821s][debug][gc,phases      ] GC(26)     Total                          Min: 0, Avg:  0.0, Max: 0, Diff: 0, Sum: 0, Workers: 4
[554.821s][debug][gc,phases      ] GC(26)   StringDedup Requests1 Weak     Min: 0.00, Avg: 0.00, Max: 0.00, Diff: 0.00, Sum: 0.00, Workers: 4
[554.821s][debug][gc,phases      ] GC(26)     Dead                           Min: 0, Avg:  0.0, Max: 0, Diff: 0, Sum: 0, Workers: 4
[554.821s][debug][gc,phases      ] GC(26)     Total                          Min: 0, Avg:  0.0, Max: 0, Diff: 0, Sum: 0, Workers: 4
[554.821s][debug][gc,phases      ] GC(26)   Weak JFR Old Object Samples    Min: 0.00, Avg: 0.00, Max: 0.00, Diff: 0.00, Sum: 0.00, Workers: 4
[554.821s][debug][gc,phases      ] GC(26)     Dead                           Min: 0, Avg:  0.0, Max: 0, Diff: 0, Sum: 0, Workers: 4
[554.821s][debug][gc,phases      ] GC(26)     Total                          Min: 0, Avg:  0.0, Max: 0, Diff: 0, Sum: 0, Workers: 4
[554.821s][debug][gc,phases      ] GC(26) Weak Processing 0.377ms
[554.821s][debug][gc,age         ] GC(26) Desired survivor size 273154048 bytes, new threshold 1 (max threshold 15)
[554.821s][info ][gc,heap        ] GC(26) PSYoungGen: 1501104K(1783296K)->3712K(1830400K) Eden: 1487872K(1487872K)->0K(1550336K) From: 13232K(295424K)->3712K(280064K)
[554.821s][info ][gc,heap        ] GC(26) ParOldGen: 387119K(387584K)->398028K(398336K)
[554.821s][info ][gc,metaspace   ] GC(26) Metaspace: 108708K(109952K)->108708K(109952K) NonClass: 92709K(93440K)->92709K(93440K) Class: 15999K(16512K)->15999K(16512K)
[554.821s][info ][gc             ] GC(26) Pause Young (Allocation Failure) 1843M->392M(2176M) 8.127ms
[554.821s][info ][gc,cpu         ] GC(26) User=0.03s Sys=0.00s Real=0.01s
[554.822s][info ][safepoint      ] Safepoint "ParallelCollectForAllocation", Time since last: 21221645127 ns, Reaching safepoint: 81800 ns, At safepoint: 8199987 ns, Leaving safepoint: 6900 ns, Total: 8288687 ns, Threads: 1 runnable, 31 total
[576.129s][info ][gc,start       ] GC(27) Pause Young (Allocation Failure)
[576.133s][debug][gc,phases      ] GC(27) Scavenge 4.018ms
[576.133s][debug][gc,ref         ] GC(27) ReferenceProcessor::execute queues: 1, RefProcThreadModel::Single, marks_oops_alive: false
[576.133s][debug][gc,ref         ] GC(27) Skipped KeepAliveFinalRefsPhase of Reference Processing: no references
[576.133s][debug][gc,ref         ] GC(27) Skipped PhantomRefsPhase of Reference Processing: no references
[576.133s][debug][gc,phases      ] GC(27) Reference Processing 0.097ms
[576.133s][debug][gc,phases      ] GC(27)   VM Weak                        Min: 0.00, Avg: 0.00, Max: 0.01, Diff: 0.00, Sum: 0.01, Workers: 4
[576.133s][debug][gc,phases      ] GC(27)     Dead                           Min: 0, Avg:  0.0, Max: 0, Diff: 0, Sum: 0, Workers: 4
[576.133s][debug][gc,phases      ] GC(27)     Total                          Min: 0, Avg: 229.2, Max: 469, Diff: 469, Sum: 917, Workers: 4
[576.133s][debug][gc,phases      ] GC(27)   ObjectSynchronizer Weak        Min: 0.00, Avg: 0.00, Max: 0.00, Diff: 0.00, Sum: 0.00, Workers: 4
[576.133s][debug][gc,phases      ] GC(27)     Dead                           Min: 0, Avg:  0.0, Max: 0, Diff: 0, Sum: 0, Workers: 4
[576.133s][debug][gc,phases      ] GC(27)     Total                          Min: 0, Avg:  1.5, Max: 6, Diff: 6, Sum: 6, Workers: 4
[576.133s][debug][gc,phases      ] GC(27)   JVMTI Tag Weak OopStorage      Min: 0.00, Avg: 0.00, Max: 0.00, Diff: 0.00, Sum: 0.00, Workers: 4
[576.133s][debug][gc,phases      ] GC(27)     Dead                           Min: 0, Avg:  0.0, Max: 0, Diff: 0, Sum: 0, Workers: 4
[576.133s][debug][gc,phases      ] GC(27)     Total                          Min: 0, Avg:  0.0, Max: 0, Diff: 0, Sum: 0, Workers: 4
[576.133s][debug][gc,phases      ] GC(27)   StringTable Weak               Min: 0.00, Avg: 0.10, Max: 0.14, Diff: 0.14, Sum: 0.40, Workers: 4
[576.133s][debug][gc,phases      ] GC(27)     Dead                           Min: 0, Avg:  0.0, Max: 0, Diff: 0, Sum: 0, Workers: 4
[576.133s][debug][gc,phases      ] GC(27)     Total                          Min: 0, Avg: 12476.8, Max: 20799, Diff: 20799, Sum: 49907, Workers: 4
[576.133s][debug][gc,phases      ] GC(27)   ResolvedMethodTable Weak       Min: 0.00, Avg: 0.05, Max: 0.06, Diff: 0.06, Sum: 0.18, Workers: 4
[576.133s][debug][gc,phases      ] GC(27)     Dead                           Min: 0, Avg:  5.0, Max: 18, Diff: 18, Sum: 20, Workers: 4
[576.133s][debug][gc,phases      ] GC(27)     Total                          Min: 0, Avg: 4155.2, Max: 6848, Diff: 6848, Sum: 16621, Workers: 4
[576.133s][debug][gc,phases      ] GC(27)   JNI Weak                       Min: 0.00, Avg: 0.00, Max: 0.00, Diff: 0.00, Sum: 0.00, Workers: 4
[576.133s][debug][gc,phases      ] GC(27)     Dead                           Min: 0, Avg:  0.0, Max: 0, Diff: 0, Sum: 0, Workers: 4
[576.133s][debug][gc,phases      ] GC(27)     Total                          Min: 0, Avg: 13.0, Max: 48, Diff: 48, Sum: 52, Workers: 4
[576.133s][debug][gc,phases      ] GC(27)   StringDedup Table Weak         Min: 0.00, Avg: 0.00, Max: 0.00, Diff: 0.00, Sum: 0.00, Workers: 4
[576.133s][debug][gc,phases      ] GC(27)     Dead                           Min: 0, Avg:  0.0, Max: 0, Diff: 0, Sum: 0, Workers: 4
[576.133s][debug][gc,phases      ] GC(27)     Total                          Min: 0, Avg:  0.0, Max: 0, Diff: 0, Sum: 0, Workers: 4
[576.133s][debug][gc,phases      ] GC(27)   StringDedup Requests0 Weak     Min: 0.00, Avg: 0.00, Max: 0.00, Diff: 0.00, Sum: 0.00, Workers: 4
[576.133s][debug][gc,phases      ] GC(27)     Dead                           Min: 0, Avg:  0.0, Max: 0, Diff: 0, Sum: 0, Workers: 4
[576.133s][debug][gc,phases      ] GC(27)     Total                          Min: 0, Avg:  0.0, Max: 0, Diff: 0, Sum: 0, Workers: 4
[576.133s][debug][gc,phases      ] GC(27)   StringDedup Requests1 Weak     Min: 0.00, Avg: 0.00, Max: 0.00, Diff: 0.00, Sum: 0.00, Workers: 4
[576.133s][debug][gc,phases      ] GC(27)     Dead                           Min: 0, Avg:  0.0, Max: 0, Diff: 0, Sum: 0, Workers: 4
[576.133s][debug][gc,phases      ] GC(27)     Total                          Min: 0, Avg:  0.0, Max: 0, Diff: 0, Sum: 0, Workers: 4
[576.133s][debug][gc,phases      ] GC(27)   Weak JFR Old Object Samples    Min: 0.00, Avg: 0.00, Max: 0.00, Diff: 0.00, Sum: 0.00, Workers: 4
[576.133s][debug][gc,phases      ] GC(27)     Dead                           Min: 0, Avg:  0.0, Max: 0, Diff: 0, Sum: 0, Workers: 4
[576.133s][debug][gc,phases      ] GC(27)     Total                          Min: 0, Avg:  0.0, Max: 0, Diff: 0, Sum: 0, Workers: 4
[576.133s][debug][gc,phases      ] GC(27) Weak Processing 0.370ms
[576.134s][debug][gc,age         ] GC(27) Desired survivor size 259522560 bytes, new threshold 1 (max threshold 15)
[576.134s][info ][gc,heap        ] GC(27) PSYoungGen: 1554048K(1830400K)->3712K(1817088K) Eden: 1550336K(1550336K)->0K(1550336K) From: 3712K(280064K)->3712K(266752K)
[576.134s][info ][gc,heap        ] GC(27) ParOldGen: 398028K(398336K)->398996K(399360K)
[576.134s][info ][gc,metaspace   ] GC(27) Metaspace: 108736K(109952K)->108736K(109952K) NonClass: 92736K(93440K)->92736K(93440K) Class: 15999K(16512K)->15999K(16512K)
[576.134s][info ][gc             ] GC(27) Pause Young (Allocation Failure) 1906M->393M(2164M) 4.604ms
[576.134s][info ][gc,cpu         ] GC(27) User=0.02s Sys=0.00s Real=0.00s
[576.134s][info ][safepoint      ] Safepoint "ParallelCollectForAllocation", Time since last: 21307376139 ns, Reaching safepoint: 8100 ns, At safepoint: 4671893 ns, Leaving safepoint: 3400 ns, Total: 4683393 ns, Threads: 0 runnable, 30 total
[596.513s][info ][gc,start       ] GC(28) Pause Young (Allocation Failure)
[596.516s][debug][gc,phases      ] GC(28) Scavenge 2.887ms
[596.516s][debug][gc,ref         ] GC(28) ReferenceProcessor::execute queues: 1, RefProcThreadModel::Single, marks_oops_alive: false
[596.516s][debug][gc,ref         ] GC(28) Skipped KeepAliveFinalRefsPhase of Reference Processing: no references
[596.516s][debug][gc,ref         ] GC(28) Skipped PhantomRefsPhase of Reference Processing: no references
[596.516s][debug][gc,phases      ] GC(28) Reference Processing 0.093ms
[596.516s][debug][gc,phases      ] GC(28)   VM Weak                        Min: 0.00, Avg: 0.00, Max: 0.01, Diff: 0.01, Sum: 0.01, Workers: 4
[596.516s][debug][gc,phases      ] GC(28)     Dead                           Min: 0, Avg:  0.0, Max: 0, Diff: 0, Sum: 0, Workers: 4
[596.516s][debug][gc,phases      ] GC(28)     Total                          Min: 0, Avg: 229.2, Max: 661, Diff: 661, Sum: 917, Workers: 4
[596.516s][debug][gc,phases      ] GC(28)   ObjectSynchronizer Weak        Min: 0.00, Avg: 0.00, Max: 0.00, Diff: 0.00, Sum: 0.00, Workers: 4
[596.516s][debug][gc,phases      ] GC(28)     Dead                           Min: 0, Avg:  0.0, Max: 0, Diff: 0, Sum: 0, Workers: 4
[596.516s][debug][gc,phases      ] GC(28)     Total                          Min: 0, Avg:  1.5, Max: 6, Diff: 6, Sum: 6, Workers: 4
[596.516s][debug][gc,phases      ] GC(28)   JVMTI Tag Weak OopStorage      Min: 0.00, Avg: 0.00, Max: 0.00, Diff: 0.00, Sum: 0.00, Workers: 4
[596.516s][debug][gc,phases      ] GC(28)     Dead                           Min: 0, Avg:  0.0, Max: 0, Diff: 0, Sum: 0, Workers: 4
[596.516s][debug][gc,phases      ] GC(28)     Total                          Min: 0, Avg:  0.0, Max: 0, Diff: 0, Sum: 0, Workers: 4
[596.516s][debug][gc,phases      ] GC(28)   StringTable Weak               Min: 0.00, Avg: 0.10, Max: 0.14, Diff: 0.14, Sum: 0.41, Workers: 4
[596.516s][debug][gc,phases      ] GC(28)     Dead                           Min: 0, Avg:  0.0, Max: 0, Diff: 0, Sum: 0, Workers: 4
[596.516s][debug][gc,phases      ] GC(28)     Total                          Min: 0, Avg: 12477.5, Max: 21111, Diff: 21111, Sum: 49910, Workers: 4
[596.516s][debug][gc,phases      ] GC(28)   ResolvedMethodTable Weak       Min: 0.00, Avg: 0.03, Max: 0.04, Diff: 0.04, Sum: 0.13, Workers: 4
[596.516s][debug][gc,phases      ] GC(28)     Dead                           Min: 0, Avg:  5.0, Max: 13, Diff: 13, Sum: 20, Workers: 4
[596.516s][debug][gc,phases      ] GC(28)     Total                          Min: 0, Avg: 4156.2, Max: 6703, Diff: 6703, Sum: 16625, Workers: 4
[596.516s][debug][gc,phases      ] GC(28)   JNI Weak                       Min: 0.00, Avg: 0.00, Max: 0.00, Diff: 0.00, Sum: 0.00, Workers: 4
[596.516s][debug][gc,phases      ] GC(28)     Dead                           Min: 0, Avg:  0.0, Max: 0, Diff: 0, Sum: 0, Workers: 4
[596.516s][debug][gc,phases      ] GC(28)     Total                          Min: 0, Avg: 13.0, Max: 48, Diff: 48, Sum: 52, Workers: 4
[596.516s][debug][gc,phases      ] GC(28)   StringDedup Table Weak         Min: 0.00, Avg: 0.00, Max: 0.00, Diff: 0.00, Sum: 0.00, Workers: 4
[596.516s][debug][gc,phases      ] GC(28)     Dead                           Min: 0, Avg:  0.0, Max: 0, Diff: 0, Sum: 0, Workers: 4
[596.516s][debug][gc,phases      ] GC(28)     Total                          Min: 0, Avg:  0.0, Max: 0, Diff: 0, Sum: 0, Workers: 4
[596.516s][debug][gc,phases      ] GC(28)   StringDedup Requests0 Weak     Min: 0.00, Avg: 0.00, Max: 0.00, Diff: 0.00, Sum: 0.00, Workers: 4
[596.516s][debug][gc,phases      ] GC(28)     Dead                           Min: 0, Avg:  0.0, Max: 0, Diff: 0, Sum: 0, Workers: 4
[596.516s][debug][gc,phases      ] GC(28)     Total                          Min: 0, Avg:  0.0, Max: 0, Diff: 0, Sum: 0, Workers: 4
[596.516s][debug][gc,phases      ] GC(28)   StringDedup Requests1 Weak     Min: 0.00, Avg: 0.00, Max: 0.00, Diff: 0.00, Sum: 0.00, Workers: 4
[596.516s][debug][gc,phases      ] GC(28)     Dead                           Min: 0, Avg:  0.0, Max: 0, Diff: 0, Sum: 0, Workers: 4
[596.516s][debug][gc,phases      ] GC(28)     Total                          Min: 0, Avg:  0.0, Max: 0, Diff: 0, Sum: 0, Workers: 4
[596.516s][debug][gc,phases      ] GC(28)   Weak JFR Old Object Samples    Min: 0.00, Avg: 0.00, Max: 0.00, Diff: 0.00, Sum: 0.00, Workers: 4
[596.516s][debug][gc,phases      ] GC(28)     Dead                           Min: 0, Avg:  0.0, Max: 0, Diff: 0, Sum: 0, Workers: 4
[596.516s][debug][gc,phases      ] GC(28)     Total                          Min: 0, Avg:  0.0, Max: 0, Diff: 0, Sum: 0, Workers: 4
[596.516s][debug][gc,phases      ] GC(28) Weak Processing 0.379ms
[596.516s][debug][gc,age         ] GC(28) Desired survivor size 245891072 bytes, new threshold 1 (max threshold 15)
[596.516s][info ][gc,heap        ] GC(28) PSYoungGen: 1554048K(1817088K)->3136K(1857024K) Eden: 1550336K(1550336K)->0K(1603584K) From: 3712K(266752K)->3136K(253440K)
[596.516s][info ][gc,heap        ] GC(28) ParOldGen: 398996K(399360K)->400188K(400384K)
[596.516s][info ][gc,metaspace   ] GC(28) Metaspace: 108753K(109952K)->108753K(109952K) NonClass: 92752K(93440K)->92752K(93440K) Class: 16000K(16512K)->16000K(16512K)
[596.516s][info ][gc             ] GC(28) Pause Young (Allocation Failure) 1907M->393M(2204M) 3.458ms
[596.516s][info ][gc,cpu         ] GC(28) User=0.01s Sys=0.00s Real=0.00s
[596.517s][info ][safepoint      ] Safepoint "ParallelCollectForAllocation", Time since last: 20379328279 ns, Reaching safepoint: 95499 ns, At safepoint: 3518792 ns, Leaving safepoint: 5900 ns, Total: 3620191 ns, Threads: 1 runnable, 28 total
[615.869s][info ][gc,start       ] GC(29) Pause Young (Allocation Failure)
[615.873s][debug][gc,phases      ] GC(29) Scavenge 3.505ms
[615.873s][debug][gc,ref         ] GC(29) ReferenceProcessor::execute queues: 1, RefProcThreadModel::Single, marks_oops_alive: false
[615.873s][debug][gc,ref         ] GC(29) Skipped KeepAliveFinalRefsPhase of Reference Processing: no references
[615.873s][debug][gc,ref         ] GC(29) Skipped PhantomRefsPhase of Reference Processing: no references
[615.873s][debug][gc,phases      ] GC(29) Reference Processing 0.096ms
[615.873s][debug][gc,phases      ] GC(29)   VM Weak                        Min: 0.00, Avg: 0.00, Max: 0.01, Diff: 0.01, Sum: 0.01, Workers: 4
[615.873s][debug][gc,phases      ] GC(29)     Dead                           Min: 0, Avg:  0.0, Max: 0, Diff: 0, Sum: 0, Workers: 4
[615.873s][debug][gc,phases      ] GC(29)     Total                          Min: 0, Avg: 229.5, Max: 768, Diff: 768, Sum: 918, Workers: 4
[615.873s][debug][gc,phases      ] GC(29)   ObjectSynchronizer Weak        Min: 0.00, Avg: 0.00, Max: 0.00, Diff: 0.00, Sum: 0.00, Workers: 4
[615.873s][debug][gc,phases      ] GC(29)     Dead                           Min: 0, Avg:  0.0, Max: 0, Diff: 0, Sum: 0, Workers: 4
[615.873s][debug][gc,phases      ] GC(29)     Total                          Min: 0, Avg:  1.5, Max: 6, Diff: 6, Sum: 6, Workers: 4
[615.873s][debug][gc,phases      ] GC(29)   JVMTI Tag Weak OopStorage      Min: 0.00, Avg: 0.00, Max: 0.00, Diff: 0.00, Sum: 0.00, Workers: 4
[615.873s][debug][gc,phases      ] GC(29)     Dead                           Min: 0, Avg:  0.0, Max: 0, Diff: 0, Sum: 0, Workers: 4
[615.873s][debug][gc,phases      ] GC(29)     Total                          Min: 0, Avg:  0.0, Max: 0, Diff: 0, Sum: 0, Workers: 4
[615.873s][debug][gc,phases      ] GC(29)   StringTable Weak               Min: 0.00, Avg: 0.10, Max: 0.13, Diff: 0.13, Sum: 0.40, Workers: 4
[615.873s][debug][gc,phases      ] GC(29)     Dead                           Min: 0, Avg:  0.2, Max: 1, Diff: 1, Sum: 1, Workers: 4
[615.873s][debug][gc,phases      ] GC(29)     Total                          Min: 0, Avg: 12485.0, Max: 20991, Diff: 20991, Sum: 49940, Workers: 4
[615.873s][debug][gc,phases      ] GC(29)   ResolvedMethodTable Weak       Min: 0.00, Avg: 0.03, Max: 0.04, Diff: 0.04, Sum: 0.13, Workers: 4
[615.873s][debug][gc,phases      ] GC(29)     Dead                           Min: 0, Avg:  7.0, Max: 19, Diff: 19, Sum: 28, Workers: 4
[615.873s][debug][gc,phases      ] GC(29)     Total                          Min: 0, Avg: 4160.8, Max: 6927, Diff: 6927, Sum: 16643, Workers: 4
[615.873s][debug][gc,phases      ] GC(29)   JNI Weak                       Min: 0.00, Avg: 0.00, Max: 0.00, Diff: 0.00, Sum: 0.00, Workers: 4
[615.873s][debug][gc,phases      ] GC(29)     Dead                           Min: 0, Avg:  0.0, Max: 0, Diff: 0, Sum: 0, Workers: 4
[615.873s][debug][gc,phases      ] GC(29)     Total                          Min: 0, Avg: 13.0, Max: 48, Diff: 48, Sum: 52, Workers: 4
[615.873s][debug][gc,phases      ] GC(29)   StringDedup Table Weak         Min: 0.00, Avg: 0.00, Max: 0.00, Diff: 0.00, Sum: 0.00, Workers: 4
[615.873s][debug][gc,phases      ] GC(29)     Dead                           Min: 0, Avg:  0.0, Max: 0, Diff: 0, Sum: 0, Workers: 4
[615.873s][debug][gc,phases      ] GC(29)     Total                          Min: 0, Avg:  0.0, Max: 0, Diff: 0, Sum: 0, Workers: 4
[615.873s][debug][gc,phases      ] GC(29)   StringDedup Requests0 Weak     Min: 0.00, Avg: 0.00, Max: 0.00, Diff: 0.00, Sum: 0.00, Workers: 4
[615.873s][debug][gc,phases      ] GC(29)     Dead                           Min: 0, Avg:  0.0, Max: 0, Diff: 0, Sum: 0, Workers: 4
[615.873s][debug][gc,phases      ] GC(29)     Total                          Min: 0, Avg:  0.0, Max: 0, Diff: 0, Sum: 0, Workers: 4
[615.873s][debug][gc,phases      ] GC(29)   StringDedup Requests1 Weak     Min: 0.00, Avg: 0.00, Max: 0.00, Diff: 0.00, Sum: 0.00, Workers: 4
[615.873s][debug][gc,phases      ] GC(29)     Dead                           Min: 0, Avg:  0.0, Max: 0, Diff: 0, Sum: 0, Workers: 4
[615.873s][debug][gc,phases      ] GC(29)     Total                          Min: 0, Avg:  0.0, Max: 0, Diff: 0, Sum: 0, Workers: 4
[615.873s][debug][gc,phases      ] GC(29)   Weak JFR Old Object Samples    Min: 0.00, Avg: 0.00, Max: 0.00, Diff: 0.00, Sum: 0.00, Workers: 4
[615.873s][debug][gc,phases      ] GC(29)     Dead                           Min: 0, Avg:  0.0, Max: 0, Diff: 0, Sum: 0, Workers: 4
[615.873s][debug][gc,phases      ] GC(29)     Total                          Min: 0, Avg:  0.0, Max: 0, Diff: 0, Sum: 0, Workers: 4
[615.873s][debug][gc,phases      ] GC(29) Weak Processing 0.431ms
[615.873s][debug][gc,age         ] GC(29) Desired survivor size 231735296 bytes, new threshold 1 (max threshold 15)
[615.873s][info ][gc,heap        ] GC(29) PSYoungGen: 1606720K(1857024K)->4080K(1843712K) Eden: 1603584K(1603584K)->0K(1603584K) From: 3136K(253440K)->4080K(240128K)
[615.873s][info ][gc,heap        ] GC(29) ParOldGen: 400188K(400384K)->400824K(400896K)
[615.873s][info ][gc,metaspace   ] GC(29) Metaspace: 108795K(110016K)->108795K(110016K) NonClass: 92788K(93504K)->92788K(93504K) Class: 16006K(16512K)->16006K(16512K)
[615.873s][info ][gc             ] GC(29) Pause Young (Allocation Failure) 1959M->395M(2192M) 4.141ms
[615.873s][info ][gc,cpu         ] GC(29) User=0.01s Sys=0.01s Real=0.00s
[615.873s][info ][safepoint      ] Safepoint "ParallelCollectForAllocation", Time since last: 19352707202 ns, Reaching safepoint: 5800 ns, At safepoint: 4198594 ns, Leaving safepoint: 6700 ns, Total: 4211094 ns, Threads: 0 runnable, 33 total
[637.612s][info ][gc,start       ] GC(30) Pause Young (Allocation Failure)
[637.625s][debug][gc,phases      ] GC(30) Scavenge 13.118ms
[637.625s][debug][gc,ref         ] GC(30) ReferenceProcessor::execute queues: 1, RefProcThreadModel::Single, marks_oops_alive: false
[637.625s][debug][gc,ref         ] GC(30) Skipped KeepAliveFinalRefsPhase of Reference Processing: no references
[637.625s][debug][gc,ref         ] GC(30) Skipped PhantomRefsPhase of Reference Processing: no references
[637.625s][debug][gc,phases      ] GC(30) Reference Processing 0.126ms
[637.626s][debug][gc,phases      ] GC(30)   VM Weak                        Min: 0.00, Avg: 0.00, Max: 0.01, Diff: 0.01, Sum: 0.01, Workers: 4
[637.626s][debug][gc,phases      ] GC(30)     Dead                           Min: 0, Avg:  0.0, Max: 0, Diff: 0, Sum: 0, Workers: 4
[637.626s][debug][gc,phases      ] GC(30)     Total                          Min: 0, Avg: 229.5, Max: 726, Diff: 726, Sum: 918, Workers: 4
[637.626s][debug][gc,phases      ] GC(30)   ObjectSynchronizer Weak        Min: 0.00, Avg: 0.00, Max: 0.00, Diff: 0.00, Sum: 0.00, Workers: 4
[637.626s][debug][gc,phases      ] GC(30)     Dead                           Min: 0, Avg:  0.0, Max: 0, Diff: 0, Sum: 0, Workers: 4
[637.626s][debug][gc,phases      ] GC(30)     Total                          Min: 0, Avg:  1.5, Max: 6, Diff: 6, Sum: 6, Workers: 4
[637.626s][debug][gc,phases      ] GC(30)   JVMTI Tag Weak OopStorage      Min: 0.00, Avg: 0.00, Max: 0.00, Diff: 0.00, Sum: 0.00, Workers: 4
[637.626s][debug][gc,phases      ] GC(30)     Dead                           Min: 0, Avg:  0.0, Max: 0, Diff: 0, Sum: 0, Workers: 4
[637.626s][debug][gc,phases      ] GC(30)     Total                          Min: 0, Avg:  0.0, Max: 0, Diff: 0, Sum: 0, Workers: 4
[637.626s][debug][gc,phases      ] GC(30)   StringTable Weak               Min: 0.00, Avg: 0.10, Max: 0.14, Diff: 0.14, Sum: 0.40, Workers: 4
[637.626s][debug][gc,phases      ] GC(30)     Dead                           Min: 0, Avg:  0.2, Max: 1, Diff: 1, Sum: 1, Workers: 4
[637.626s][debug][gc,phases      ] GC(30)     Total                          Min: 0, Avg: 12496.0, Max: 21888, Diff: 21888, Sum: 49984, Workers: 4
[637.626s][debug][gc,phases      ] GC(30)   ResolvedMethodTable Weak       Min: 0.00, Avg: 0.03, Max: 0.04, Diff: 0.04, Sum: 0.13, Workers: 4
[637.626s][debug][gc,phases      ] GC(30)     Dead                           Min: 0, Avg:  0.0, Max: 0, Diff: 0, Sum: 0, Workers: 4
[637.626s][debug][gc,phases      ] GC(30)     Total                          Min: 0, Avg: 4161.8, Max: 6907, Diff: 6907, Sum: 16647, Workers: 4
[637.626s][debug][gc,phases      ] GC(30)   JNI Weak                       Min: 0.00, Avg: 0.00, Max: 0.00, Diff: 0.00, Sum: 0.00, Workers: 4
[637.626s][debug][gc,phases      ] GC(30)     Dead                           Min: 0, Avg:  0.0, Max: 0, Diff: 0, Sum: 0, Workers: 4
[637.626s][debug][gc,phases      ] GC(30)     Total                          Min: 0, Avg: 13.0, Max: 48, Diff: 48, Sum: 52, Workers: 4
[637.626s][debug][gc,phases      ] GC(30)   StringDedup Table Weak         Min: 0.00, Avg: 0.00, Max: 0.00, Diff: 0.00, Sum: 0.00, Workers: 4
[637.626s][debug][gc,phases      ] GC(30)     Dead                           Min: 0, Avg:  0.0, Max: 0, Diff: 0, Sum: 0, Workers: 4
[637.626s][debug][gc,phases      ] GC(30)     Total                          Min: 0, Avg:  0.0, Max: 0, Diff: 0, Sum: 0, Workers: 4
[637.626s][debug][gc,phases      ] GC(30)   StringDedup Requests0 Weak     Min: 0.00, Avg: 0.00, Max: 0.00, Diff: 0.00, Sum: 0.00, Workers: 4
[637.626s][debug][gc,phases      ] GC(30)     Dead                           Min: 0, Avg:  0.0, Max: 0, Diff: 0, Sum: 0, Workers: 4
[637.626s][debug][gc,phases      ] GC(30)     Total                          Min: 0, Avg:  0.0, Max: 0, Diff: 0, Sum: 0, Workers: 4
[637.626s][debug][gc,phases      ] GC(30)   StringDedup Requests1 Weak     Min: 0.00, Avg: 0.00, Max: 0.00, Diff: 0.00, Sum: 0.00, Workers: 4
[637.626s][debug][gc,phases      ] GC(30)     Dead                           Min: 0, Avg:  0.0, Max: 0, Diff: 0, Sum: 0, Workers: 4
[637.626s][debug][gc,phases      ] GC(30)     Total                          Min: 0, Avg:  0.0, Max: 0, Diff: 0, Sum: 0, Workers: 4
[637.626s][debug][gc,phases      ] GC(30)   Weak JFR Old Object Samples    Min: 0.00, Avg: 0.00, Max: 0.00, Diff: 0.00, Sum: 0.00, Workers: 4
[637.626s][debug][gc,phases      ] GC(30)     Dead                           Min: 0, Avg:  0.0, Max: 0, Diff: 0, Sum: 0, Workers: 4
[637.626s][debug][gc,phases      ] GC(30)     Total                          Min: 0, Avg:  0.0, Max: 0, Diff: 0, Sum: 0, Workers: 4
[637.626s][debug][gc,phases      ] GC(30) Weak Processing 0.356ms
[637.626s][debug][gc,age         ] GC(30) Desired survivor size 214958080 bytes, new threshold 1 (max threshold 15)
[637.626s][info ][gc,heap        ] GC(30) PSYoungGen: 1607664K(1843712K)->25056K(1887232K) Eden: 1603584K(1603584K)->0K(1660928K) From: 4080K(240128K)->25056K(226304K)
[637.626s][info ][gc,heap        ] GC(30) ParOldGen: 400824K(400896K)->401544K(401920K)
[637.626s][info ][gc,metaspace   ] GC(30) Metaspace: 108836K(110016K)->108836K(110016K) NonClass: 92826K(93504K)->92826K(93504K) Class: 16010K(16512K)->16010K(16512K)
[637.626s][info ][gc             ] GC(30) Pause Young (Allocation Failure) 1961M->416M(2235M) 13.722ms
[637.626s][info ][gc,cpu         ] GC(30) User=0.04s Sys=0.00s Real=0.01s
[637.626s][info ][safepoint      ] Safepoint "ParallelCollectForAllocation", Time since last: 21738495621 ns, Reaching safepoint: 83400 ns, At safepoint: 13788781 ns, Leaving safepoint: 10900 ns, Total: 13883081 ns, Threads: 1 runnable, 33 total
[694.566s][info ][gc,start       ] GC(31) Pause Young (Allocation Failure)
[694.584s][debug][gc,phases      ] GC(31) Scavenge 18.578ms
[694.584s][debug][gc,ref         ] GC(31) ReferenceProcessor::execute queues: 1, RefProcThreadModel::Single, marks_oops_alive: false
[694.584s][debug][gc,ref         ] GC(31) Skipped KeepAliveFinalRefsPhase of Reference Processing: no references
[694.584s][debug][gc,ref         ] GC(31) Skipped PhantomRefsPhase of Reference Processing: no references
[694.584s][debug][gc,phases      ] GC(31) Reference Processing 0.135ms
[694.585s][debug][gc,phases      ] GC(31)   VM Weak                        Min: 0.00, Avg: 0.00, Max: 0.01, Diff: 0.01, Sum: 0.01, Workers: 4
[694.585s][debug][gc,phases      ] GC(31)     Dead                           Min: 0, Avg:  0.0, Max: 0, Diff: 0, Sum: 0, Workers: 4
[694.585s][debug][gc,phases      ] GC(31)     Total                          Min: 0, Avg: 230.8, Max: 768, Diff: 768, Sum: 923, Workers: 4
[694.585s][debug][gc,phases      ] GC(31)   ObjectSynchronizer Weak        Min: 0.00, Avg: 0.00, Max: 0.00, Diff: 0.00, Sum: 0.00, Workers: 4
[694.585s][debug][gc,phases      ] GC(31)     Dead                           Min: 0, Avg:  0.0, Max: 0, Diff: 0, Sum: 0, Workers: 4
[694.585s][debug][gc,phases      ] GC(31)     Total                          Min: 0, Avg:  1.5, Max: 6, Diff: 6, Sum: 6, Workers: 4
[694.585s][debug][gc,phases      ] GC(31)   JVMTI Tag Weak OopStorage      Min: 0.00, Avg: 0.00, Max: 0.00, Diff: 0.00, Sum: 0.00, Workers: 4
[694.585s][debug][gc,phases      ] GC(31)     Dead                           Min: 0, Avg:  0.0, Max: 0, Diff: 0, Sum: 0, Workers: 4
[694.585s][debug][gc,phases      ] GC(31)     Total                          Min: 0, Avg:  0.0, Max: 0, Diff: 0, Sum: 0, Workers: 4
[694.585s][debug][gc,phases      ] GC(31)   StringTable Weak               Min: 0.00, Avg: 0.11, Max: 0.16, Diff: 0.16, Sum: 0.46, Workers: 4
[694.585s][debug][gc,phases      ] GC(31)     Dead                           Min: 0, Avg:  0.5, Max: 2, Diff: 2, Sum: 2, Workers: 4
[694.585s][debug][gc,phases      ] GC(31)     Total                          Min: 0, Avg: 12502.8, Max: 17279, Diff: 17279, Sum: 50011, Workers: 4
[694.585s][debug][gc,phases      ] GC(31)   ResolvedMethodTable Weak       Min: 0.00, Avg: 0.04, Max: 0.05, Diff: 0.05, Sum: 0.16, Workers: 4
[694.585s][debug][gc,phases      ] GC(31)     Dead                           Min: 0, Avg:  6.0, Max: 14, Diff: 14, Sum: 24, Workers: 4
[694.585s][debug][gc,phases      ] GC(31)     Total                          Min: 0, Avg: 4173.8, Max: 5662, Diff: 5662, Sum: 16695, Workers: 4
[694.585s][debug][gc,phases      ] GC(31)   JNI Weak                       Min: 0.00, Avg: 0.00, Max: 0.00, Diff: 0.00, Sum: 0.00, Workers: 4
[694.585s][debug][gc,phases      ] GC(31)     Dead                           Min: 0, Avg:  0.0, Max: 0, Diff: 0, Sum: 0, Workers: 4
[694.585s][debug][gc,phases      ] GC(31)     Total                          Min: 0, Avg: 13.0, Max: 48, Diff: 48, Sum: 52, Workers: 4
[694.585s][debug][gc,phases      ] GC(31)   StringDedup Table Weak         Min: 0.00, Avg: 0.00, Max: 0.00, Diff: 0.00, Sum: 0.00, Workers: 4
[694.585s][debug][gc,phases      ] GC(31)     Dead                           Min: 0, Avg:  0.0, Max: 0, Diff: 0, Sum: 0, Workers: 4
[694.585s][debug][gc,phases      ] GC(31)     Total                          Min: 0, Avg:  0.0, Max: 0, Diff: 0, Sum: 0, Workers: 4
[694.585s][debug][gc,phases      ] GC(31)   StringDedup Requests0 Weak     Min: 0.00, Avg: 0.00, Max: 0.00, Diff: 0.00, Sum: 0.00, Workers: 4
[694.585s][debug][gc,phases      ] GC(31)     Dead                           Min: 0, Avg:  0.0, Max: 0, Diff: 0, Sum: 0, Workers: 4
[694.585s][debug][gc,phases      ] GC(31)     Total                          Min: 0, Avg:  0.0, Max: 0, Diff: 0, Sum: 0, Workers: 4
[694.585s][debug][gc,phases      ] GC(31)   StringDedup Requests1 Weak     Min: 0.00, Avg: 0.00, Max: 0.00, Diff: 0.00, Sum: 0.00, Workers: 4
[694.585s][debug][gc,phases      ] GC(31)     Dead                           Min: 0, Avg:  0.0, Max: 0, Diff: 0, Sum: 0, Workers: 4
[694.585s][debug][gc,phases      ] GC(31)     Total                          Min: 0, Avg:  0.0, Max: 0, Diff: 0, Sum: 0, Workers: 4
[694.585s][debug][gc,phases      ] GC(31)   Weak JFR Old Object Samples    Min: 0.00, Avg: 0.00, Max: 0.00, Diff: 0.00, Sum: 0.00, Workers: 4
[694.585s][debug][gc,phases      ] GC(31)     Dead                           Min: 0, Avg:  0.0, Max: 0, Diff: 0, Sum: 0, Workers: 4
[694.585s][debug][gc,phases      ] GC(31)     Total                          Min: 0, Avg:  0.0, Max: 0, Diff: 0, Sum: 0, Workers: 4
[694.585s][debug][gc,phases      ] GC(31) Weak Processing 0.458ms
[694.585s][debug][gc,age         ] GC(31) Desired survivor size 202375168 bytes, new threshold 1 (max threshold 15)
[694.585s][info ][gc,heap        ] GC(31) PSYoungGen: 1685984K(1887232K)->6912K(1870848K) Eden: 1660928K(1660928K)->0K(1660928K) From: 25056K(226304K)->6912K(209920K)
[694.585s][info ][gc,heap        ] GC(31) ParOldGen: 401544K(401920K)->423233K(423424K)
[694.585s][info ][gc,metaspace   ] GC(31) Metaspace: 108967K(110208K)->108967K(110208K) NonClass: 92940K(93632K)->92940K(93632K) Class: 16027K(16576K)->16027K(16576K)
[694.585s][info ][gc             ] GC(31) Pause Young (Allocation Failure) 2038M->420M(2240M) 19.320ms
[694.585s][info ][gc,cpu         ] GC(31) User=0.04s Sys=0.01s Real=0.02s
[694.585s][info ][safepoint      ] Safepoint "ParallelCollectForAllocation", Time since last: 56939724645 ns, Reaching safepoint: 83800 ns, At safepoint: 19389877 ns, Leaving safepoint: 24300 ns, Total: 19497977 ns, Threads: 1 runnable, 28 total
[711.785s][info ][gc,start       ] GC(32) Pause Young (Allocation Failure)
[711.801s][debug][gc,phases      ] GC(32) Scavenge 15.548ms
[711.801s][debug][gc,ref         ] GC(32) ReferenceProcessor::execute queues: 1, RefProcThreadModel::Single, marks_oops_alive: false
[711.801s][debug][gc,ref         ] GC(32) Skipped KeepAliveFinalRefsPhase of Reference Processing: no references
[711.801s][debug][gc,ref         ] GC(32) Skipped PhantomRefsPhase of Reference Processing: no references
[711.801s][debug][gc,phases      ] GC(32) Reference Processing 0.128ms
[711.801s][debug][gc,phases      ] GC(32)   VM Weak                        Min: 0.00, Avg: 0.00, Max: 0.01, Diff: 0.01, Sum: 0.01, Workers: 4
[711.801s][debug][gc,phases      ] GC(32)     Dead                           Min: 0, Avg:  0.0, Max: 0, Diff: 0, Sum: 0, Workers: 4
[711.801s][debug][gc,phases      ] GC(32)     Total                          Min: 0, Avg: 230.8, Max: 603, Diff: 603, Sum: 923, Workers: 4
[711.801s][debug][gc,phases      ] GC(32)   ObjectSynchronizer Weak        Min: 0.00, Avg: 0.00, Max: 0.00, Diff: 0.00, Sum: 0.00, Workers: 4
[711.801s][debug][gc,phases      ] GC(32)     Dead                           Min: 0, Avg:  0.0, Max: 0, Diff: 0, Sum: 0, Workers: 4
[711.801s][debug][gc,phases      ] GC(32)     Total                          Min: 0, Avg:  1.8, Max: 7, Diff: 7, Sum: 7, Workers: 4
[711.801s][debug][gc,phases      ] GC(32)   JVMTI Tag Weak OopStorage      Min: 0.00, Avg: 0.00, Max: 0.00, Diff: 0.00, Sum: 0.00, Workers: 4
[711.801s][debug][gc,phases      ] GC(32)     Dead                           Min: 0, Avg:  0.0, Max: 0, Diff: 0, Sum: 0, Workers: 4
[711.801s][debug][gc,phases      ] GC(32)     Total                          Min: 0, Avg:  0.0, Max: 0, Diff: 0, Sum: 0, Workers: 4
[711.801s][debug][gc,phases      ] GC(32)   StringTable Weak               Min: 0.00, Avg: 0.12, Max: 0.16, Diff: 0.16, Sum: 0.47, Workers: 4
[711.801s][debug][gc,phases      ] GC(32)     Dead                           Min: 0, Avg:  0.2, Max: 1, Diff: 1, Sum: 1, Workers: 4
[711.801s][debug][gc,phases      ] GC(32)     Total                          Min: 0, Avg: 12507.0, Max: 17471, Diff: 17471, Sum: 50028, Workers: 4
[711.801s][debug][gc,phases      ] GC(32)   ResolvedMethodTable Weak       Min: 0.00, Avg: 0.04, Max: 0.05, Diff: 0.05, Sum: 0.16, Workers: 4
[711.801s][debug][gc,phases      ] GC(32)     Dead                           Min: 0, Avg:  0.0, Max: 0, Diff: 0, Sum: 0, Workers: 4
[711.801s][debug][gc,phases      ] GC(32)     Total                          Min: 0, Avg: 4174.5, Max: 5655, Diff: 5655, Sum: 16698, Workers: 4
[711.801s][debug][gc,phases      ] GC(32)   JNI Weak                       Min: 0.00, Avg: 0.00, Max: 0.00, Diff: 0.00, Sum: 0.00, Workers: 4
[711.801s][debug][gc,phases      ] GC(32)     Dead                           Min: 0, Avg:  0.0, Max: 0, Diff: 0, Sum: 0, Workers: 4
[711.801s][debug][gc,phases      ] GC(32)     Total                          Min: 0, Avg: 13.0, Max: 48, Diff: 48, Sum: 52, Workers: 4
[711.801s][debug][gc,phases      ] GC(32)   StringDedup Table Weak         Min: 0.00, Avg: 0.00, Max: 0.00, Diff: 0.00, Sum: 0.00, Workers: 4
[711.801s][debug][gc,phases      ] GC(32)     Dead                           Min: 0, Avg:  0.0, Max: 0, Diff: 0, Sum: 0, Workers: 4
[711.801s][debug][gc,phases      ] GC(32)     Total                          Min: 0, Avg:  0.0, Max: 0, Diff: 0, Sum: 0, Workers: 4
[711.801s][debug][gc,phases      ] GC(32)   StringDedup Requests0 Weak     Min: 0.00, Avg: 0.00, Max: 0.00, Diff: 0.00, Sum: 0.00, Workers: 4
[711.801s][debug][gc,phases      ] GC(32)     Dead                           Min: 0, Avg:  0.0, Max: 0, Diff: 0, Sum: 0, Workers: 4
[711.801s][debug][gc,phases      ] GC(32)     Total                          Min: 0, Avg:  0.0, Max: 0, Diff: 0, Sum: 0, Workers: 4
[711.801s][debug][gc,phases      ] GC(32)   StringDedup Requests1 Weak     Min: 0.00, Avg: 0.00, Max: 0.00, Diff: 0.00, Sum: 0.00, Workers: 4
[711.801s][debug][gc,phases      ] GC(32)     Dead                           Min: 0, Avg:  0.0, Max: 0, Diff: 0, Sum: 0, Workers: 4
[711.801s][debug][gc,phases      ] GC(32)     Total                          Min: 0, Avg:  0.0, Max: 0, Diff: 0, Sum: 0, Workers: 4
[711.801s][debug][gc,phases      ] GC(32)   Weak JFR Old Object Samples    Min: 0.00, Avg: 0.00, Max: 0.00, Diff: 0.00, Sum: 0.00, Workers: 4
[711.801s][debug][gc,phases      ] GC(32)     Dead                           Min: 0, Avg:  0.0, Max: 0, Diff: 0, Sum: 0, Workers: 4
[711.801s][debug][gc,phases      ] GC(32)     Total                          Min: 0, Avg:  0.0, Max: 0, Diff: 0, Sum: 0, Workers: 4
[711.801s][debug][gc,phases      ] GC(32) Weak Processing 0.470ms
[711.801s][debug][gc,age         ] GC(32) Desired survivor size 186646528 bytes, new threshold 1 (max threshold 15)
[711.801s][info ][gc,heap        ] GC(32) PSYoungGen: 1667721K(1870848K)->29714K(1914880K) Eden: 1660809K(1660928K)->0K(1717248K) From: 6912K(209920K)->29714K(197632K)
[711.801s][info ][gc,heap        ] GC(32) ParOldGen: 423233K(423424K)->426981K(427008K)
[711.801s][info ][gc,metaspace   ] GC(32) Metaspace: 109005K(110272K)->109005K(110272K) NonClass: 92977K(93696K)->92977K(93696K) Class: 16028K(16576K)->16028K(16576K)
[711.801s][info ][gc             ] GC(32) Pause Young (Allocation Failure) 2041M->445M(2287M) 16.330ms
[711.801s][info ][gc,cpu         ] GC(32) User=0.06s Sys=0.00s Real=0.02s
[711.801s][info ][safepoint      ] Safepoint "ParallelCollectForAllocation", Time since last: 17199887750 ns, Reaching safepoint: 85200 ns, At safepoint: 16410881 ns, Leaving safepoint: 12800 ns, Total: 16508881 ns, Threads: 2 runnable, 32 total
[723.015s][info ][gc,start       ] GC(33) Pause Young (Allocation Failure)
[723.037s][debug][gc,phases      ] GC(33) Scavenge 22.099ms
[723.037s][debug][gc,ref         ] GC(33) ReferenceProcessor::execute queues: 1, RefProcThreadModel::Single, marks_oops_alive: false
[723.037s][debug][gc,ref         ] GC(33) Skipped KeepAliveFinalRefsPhase of Reference Processing: no references
[723.037s][debug][gc,ref         ] GC(33) Skipped PhantomRefsPhase of Reference Processing: no references
[723.037s][debug][gc,phases      ] GC(33) Reference Processing 0.095ms
[723.037s][debug][gc,phases      ] GC(33)   VM Weak                        Min: 0.00, Avg: 0.00, Max: 0.01, Diff: 0.01, Sum: 0.01, Workers: 4
[723.037s][debug][gc,phases      ] GC(33)     Dead                           Min: 0, Avg:  0.0, Max: 0, Diff: 0, Sum: 0, Workers: 4
[723.037s][debug][gc,phases      ] GC(33)     Total                          Min: 0, Avg: 231.8, Max: 543, Diff: 543, Sum: 927, Workers: 4
[723.037s][debug][gc,phases      ] GC(33)   ObjectSynchronizer Weak        Min: 0.00, Avg: 0.00, Max: 0.00, Diff: 0.00, Sum: 0.00, Workers: 4
[723.037s][debug][gc,phases      ] GC(33)     Dead                           Min: 0, Avg:  0.0, Max: 0, Diff: 0, Sum: 0, Workers: 4
[723.037s][debug][gc,phases      ] GC(33)     Total                          Min: 0, Avg:  1.2, Max: 5, Diff: 5, Sum: 5, Workers: 4
[723.037s][debug][gc,phases      ] GC(33)   JVMTI Tag Weak OopStorage      Min: 0.00, Avg: 0.00, Max: 0.00, Diff: 0.00, Sum: 0.00, Workers: 4
[723.037s][debug][gc,phases      ] GC(33)     Dead                           Min: 0, Avg:  0.0, Max: 0, Diff: 0, Sum: 0, Workers: 4
[723.037s][debug][gc,phases      ] GC(33)     Total                          Min: 0, Avg:  0.0, Max: 0, Diff: 0, Sum: 0, Workers: 4
[723.037s][debug][gc,phases      ] GC(33)   StringTable Weak               Min: 0.00, Avg: 0.10, Max: 0.14, Diff: 0.14, Sum: 0.42, Workers: 4
[723.037s][debug][gc,phases      ] GC(33)     Dead                           Min: 0, Avg:  0.2, Max: 1, Diff: 1, Sum: 1, Workers: 4
[723.037s][debug][gc,phases      ] GC(33)     Total                          Min: 0, Avg: 12516.2, Max: 21119, Diff: 21119, Sum: 50065, Workers: 4
[723.037s][debug][gc,phases      ] GC(33)   ResolvedMethodTable Weak       Min: 0.00, Avg: 0.03, Max: 0.05, Diff: 0.05, Sum: 0.14, Workers: 4
[723.037s][debug][gc,phases      ] GC(33)     Dead                           Min: 0, Avg:  7.5, Max: 16, Diff: 16, Sum: 30, Workers: 4
[723.037s][debug][gc,phases      ] GC(33)     Total                          Min: 0, Avg: 4181.5, Max: 7073, Diff: 7073, Sum: 16726, Workers: 4
[723.037s][debug][gc,phases      ] GC(33)   JNI Weak                       Min: 0.00, Avg: 0.00, Max: 0.00, Diff: 0.00, Sum: 0.00, Workers: 4
[723.037s][debug][gc,phases      ] GC(33)     Dead                           Min: 0, Avg:  0.0, Max: 0, Diff: 0, Sum: 0, Workers: 4
[723.037s][debug][gc,phases      ] GC(33)     Total                          Min: 0, Avg: 13.0, Max: 48, Diff: 48, Sum: 52, Workers: 4
[723.037s][debug][gc,phases      ] GC(33)   StringDedup Table Weak         Min: 0.00, Avg: 0.00, Max: 0.00, Diff: 0.00, Sum: 0.00, Workers: 4
[723.037s][debug][gc,phases      ] GC(33)     Dead                           Min: 0, Avg:  0.0, Max: 0, Diff: 0, Sum: 0, Workers: 4
[723.037s][debug][gc,phases      ] GC(33)     Total                          Min: 0, Avg:  0.0, Max: 0, Diff: 0, Sum: 0, Workers: 4
[723.037s][debug][gc,phases      ] GC(33)   StringDedup Requests0 Weak     Min: 0.00, Avg: 0.00, Max: 0.00, Diff: 0.00, Sum: 0.00, Workers: 4
[723.037s][debug][gc,phases      ] GC(33)     Dead                           Min: 0, Avg:  0.0, Max: 0, Diff: 0, Sum: 0, Workers: 4
[723.037s][debug][gc,phases      ] GC(33)     Total                          Min: 0, Avg:  0.0, Max: 0, Diff: 0, Sum: 0, Workers: 4
[723.037s][debug][gc,phases      ] GC(33)   StringDedup Requests1 Weak     Min: 0.00, Avg: 0.00, Max: 0.00, Diff: 0.00, Sum: 0.00, Workers: 4
[723.037s][debug][gc,phases      ] GC(33)     Dead                           Min: 0, Avg:  0.0, Max: 0, Diff: 0, Sum: 0, Workers: 4
[723.037s][debug][gc,phases      ] GC(33)     Total                          Min: 0, Avg:  0.0, Max: 0, Diff: 0, Sum: 0, Workers: 4
[723.037s][debug][gc,phases      ] GC(33)   Weak JFR Old Object Samples    Min: 0.00, Avg: 0.00, Max: 0.00, Diff: 0.00, Sum: 0.00, Workers: 4
[723.037s][debug][gc,phases      ] GC(33)     Dead                           Min: 0, Avg:  0.0, Max: 0, Diff: 0, Sum: 0, Workers: 4
[723.037s][debug][gc,phases      ] GC(33)     Total                          Min: 0, Avg:  0.0, Max: 0, Diff: 0, Sum: 0, Workers: 4
[723.037s][debug][gc,phases      ] GC(33) Weak Processing 0.358ms
[723.037s][debug][gc,age         ] GC(33) Desired survivor size 172490752 bytes, new threshold 1 (max threshold 15)
[723.037s][info ][gc,heap        ] GC(33) PSYoungGen: 1746962K(1914880K)->26848K(1899520K) Eden: 1717248K(1717248K)->0K(1717248K) From: 29714K(197632K)->26848K(182272K)
[723.037s][info ][gc,heap        ] GC(33) ParOldGen: 426981K(427008K)->454674K(455168K)
[723.037s][info ][gc,metaspace   ] GC(33) Metaspace: 109091K(110336K)->109091K(110336K) NonClass: 93053K(93760K)->93053K(93760K) Class: 16038K(16576K)->16038K(16576K)
[723.037s][info ][gc             ] GC(33) Pause Young (Allocation Failure) 2122M->470M(2299M) 22.668ms
[723.037s][info ][gc,cpu         ] GC(33) User=0.07s Sys=0.02s Real=0.02s
[723.037s][info ][safepoint      ] Safepoint "ParallelCollectForAllocation", Time since last: 11213065197 ns, Reaching safepoint: 83900 ns, At safepoint: 22729272 ns, Leaving safepoint: 8100 ns, Total: 22821272 ns, Threads: 1 runnable, 32 total
[744.368s][info ][gc,start       ] GC(34) Pause Young (Allocation Failure)
[744.383s][debug][gc,phases      ] GC(34) Scavenge 14.983ms
[744.383s][debug][gc,ref         ] GC(34) ReferenceProcessor::execute queues: 1, RefProcThreadModel::Single, marks_oops_alive: false
[744.383s][debug][gc,ref         ] GC(34) Skipped KeepAliveFinalRefsPhase of Reference Processing: no references
[744.383s][debug][gc,ref         ] GC(34) Skipped PhantomRefsPhase of Reference Processing: no references
[744.383s][debug][gc,phases      ] GC(34) Reference Processing 0.095ms
[744.383s][debug][gc,phases      ] GC(34)   VM Weak                        Min: 0.00, Avg: 0.00, Max: 0.01, Diff: 0.01, Sum: 0.01, Workers: 4
[744.383s][debug][gc,phases      ] GC(34)     Dead                           Min: 0, Avg:  0.0, Max: 0, Diff: 0, Sum: 0, Workers: 4
[744.383s][debug][gc,phases      ] GC(34)     Total                          Min: 0, Avg: 231.8, Max: 768, Diff: 768, Sum: 927, Workers: 4
[744.383s][debug][gc,phases      ] GC(34)   ObjectSynchronizer Weak        Min: 0.00, Avg: 0.00, Max: 0.00, Diff: 0.00, Sum: 0.00, Workers: 4
[744.383s][debug][gc,phases      ] GC(34)     Dead                           Min: 0, Avg:  0.0, Max: 0, Diff: 0, Sum: 0, Workers: 4
[744.383s][debug][gc,phases      ] GC(34)     Total                          Min: 0, Avg:  1.5, Max: 6, Diff: 6, Sum: 6, Workers: 4
[744.383s][debug][gc,phases      ] GC(34)   JVMTI Tag Weak OopStorage      Min: 0.00, Avg: 0.00, Max: 0.00, Diff: 0.00, Sum: 0.00, Workers: 4
[744.383s][debug][gc,phases      ] GC(34)     Dead                           Min: 0, Avg:  0.0, Max: 0, Diff: 0, Sum: 0, Workers: 4
[744.383s][debug][gc,phases      ] GC(34)     Total                          Min: 0, Avg:  0.0, Max: 0, Diff: 0, Sum: 0, Workers: 4
[744.383s][debug][gc,phases      ] GC(34)   StringTable Weak               Min: 0.00, Avg: 0.10, Max: 0.14, Diff: 0.14, Sum: 0.42, Workers: 4
[744.383s][debug][gc,phases      ] GC(34)     Dead                           Min: 0, Avg:  0.0, Max: 0, Diff: 0, Sum: 0, Workers: 4
[744.383s][debug][gc,phases      ] GC(34)     Total                          Min: 0, Avg: 12516.8, Max: 21012, Diff: 21012, Sum: 50067, Workers: 4
[744.383s][debug][gc,phases      ] GC(34)   ResolvedMethodTable Weak       Min: 0.00, Avg: 0.03, Max: 0.05, Diff: 0.05, Sum: 0.14, Workers: 4
[744.383s][debug][gc,phases      ] GC(34)     Dead                           Min: 0, Avg:  5.2, Max: 16, Diff: 16, Sum: 21, Workers: 4
[744.383s][debug][gc,phases      ] GC(34)     Total                          Min: 0, Avg: 4182.5, Max: 6911, Diff: 6911, Sum: 16730, Workers: 4
[744.383s][debug][gc,phases      ] GC(34)   JNI Weak                       Min: 0.00, Avg: 0.00, Max: 0.00, Diff: 0.00, Sum: 0.00, Workers: 4
[744.383s][debug][gc,phases      ] GC(34)     Dead                           Min: 0, Avg:  0.0, Max: 0, Diff: 0, Sum: 0, Workers: 4
[744.383s][debug][gc,phases      ] GC(34)     Total                          Min: 0, Avg: 13.0, Max: 48, Diff: 48, Sum: 52, Workers: 4
[744.383s][debug][gc,phases      ] GC(34)   StringDedup Table Weak         Min: 0.00, Avg: 0.00, Max: 0.00, Diff: 0.00, Sum: 0.00, Workers: 4
[744.383s][debug][gc,phases      ] GC(34)     Dead                           Min: 0, Avg:  0.0, Max: 0, Diff: 0, Sum: 0, Workers: 4
[744.383s][debug][gc,phases      ] GC(34)     Total                          Min: 0, Avg:  0.0, Max: 0, Diff: 0, Sum: 0, Workers: 4
[744.383s][debug][gc,phases      ] GC(34)   StringDedup Requests0 Weak     Min: 0.00, Avg: 0.00, Max: 0.00, Diff: 0.00, Sum: 0.00, Workers: 4
[744.383s][debug][gc,phases      ] GC(34)     Dead                           Min: 0, Avg:  0.0, Max: 0, Diff: 0, Sum: 0, Workers: 4
[744.383s][debug][gc,phases      ] GC(34)     Total                          Min: 0, Avg:  0.0, Max: 0, Diff: 0, Sum: 0, Workers: 4
[744.383s][debug][gc,phases      ] GC(34)   StringDedup Requests1 Weak     Min: 0.00, Avg: 0.00, Max: 0.00, Diff: 0.00, Sum: 0.00, Workers: 4
[744.383s][debug][gc,phases      ] GC(34)     Dead                           Min: 0, Avg:  0.0, Max: 0, Diff: 0, Sum: 0, Workers: 4
[744.383s][debug][gc,phases      ] GC(34)     Total                          Min: 0, Avg:  0.0, Max: 0, Diff: 0, Sum: 0, Workers: 4
[744.383s][debug][gc,phases      ] GC(34)   Weak JFR Old Object Samples    Min: 0.00, Avg: 0.00, Max: 0.00, Diff: 0.00, Sum: 0.00, Workers: 4
[744.383s][debug][gc,phases      ] GC(34)     Dead                           Min: 0, Avg:  0.0, Max: 0, Diff: 0, Sum: 0, Workers: 4
[744.383s][debug][gc,phases      ] GC(34)     Total                          Min: 0, Avg:  0.0, Max: 0, Diff: 0, Sum: 0, Workers: 4
[744.383s][debug][gc,phases      ] GC(34) Weak Processing 0.405ms
[744.383s][debug][gc,age         ] GC(34) Desired survivor size 163577856 bytes, new threshold 1 (max threshold 15)
[744.383s][info ][gc,heap        ] GC(34) PSYoungGen: 1744096K(1899520K)->4464K(1937408K) Eden: 1717248K(1717248K)->0K(1768960K) From: 26848K(182272K)->4464K(168448K)
[744.383s][info ][gc,heap        ] GC(34) ParOldGen: 454674K(455168K)->479514K(479744K)
[744.383s][info ][gc,metaspace   ] GC(34) Metaspace: 109140K(110400K)->109140K(110400K) NonClass: 93100K(93824K)->93100K(93824K) Class: 16039K(16576K)->16039K(16576K)
[744.383s][info ][gc             ] GC(34) Pause Young (Allocation Failure) 2147M->472M(2360M) 15.605ms
[744.383s][info ][gc,cpu         ] GC(34) User=0.03s Sys=0.02s Real=0.02s
[744.383s][info ][safepoint      ] Safepoint "ParallelCollectForAllocation", Time since last: 21330440145 ns, Reaching safepoint: 6700 ns, At safepoint: 15669584 ns, Leaving safepoint: 6900 ns, Total: 15683184 ns, Threads: 0 runnable, 32 total
[766.215s][info ][gc,start       ] GC(35) Pause Young (Allocation Failure)
[766.221s][debug][gc,phases      ] GC(35) Scavenge 6.558ms
[766.222s][debug][gc,ref         ] GC(35) ReferenceProcessor::execute queues: 1, RefProcThreadModel::Single, marks_oops_alive: false
[766.222s][debug][gc,ref         ] GC(35) Skipped KeepAliveFinalRefsPhase of Reference Processing: no references
[766.222s][debug][gc,ref         ] GC(35) Skipped PhantomRefsPhase of Reference Processing: no references
[766.222s][debug][gc,phases      ] GC(35) Reference Processing 0.569ms
[766.222s][debug][gc,phases      ] GC(35)   VM Weak                        Min: 0.00, Avg: 0.00, Max: 0.01, Diff: 0.01, Sum: 0.01, Workers: 4
[766.222s][debug][gc,phases      ] GC(35)     Dead                           Min: 0, Avg:  0.0, Max: 0, Diff: 0, Sum: 0, Workers: 4
[766.222s][debug][gc,phases      ] GC(35)     Total                          Min: 0, Avg: 231.8, Max: 607, Diff: 607, Sum: 927, Workers: 4
[766.222s][debug][gc,phases      ] GC(35)   ObjectSynchronizer Weak        Min: 0.00, Avg: 0.00, Max: 0.00, Diff: 0.00, Sum: 0.00, Workers: 4
[766.222s][debug][gc,phases      ] GC(35)     Dead                           Min: 0, Avg:  0.0, Max: 0, Diff: 0, Sum: 0, Workers: 4
[766.222s][debug][gc,phases      ] GC(35)     Total                          Min: 0, Avg:  1.5, Max: 6, Diff: 6, Sum: 6, Workers: 4
[766.222s][debug][gc,phases      ] GC(35)   JVMTI Tag Weak OopStorage      Min: 0.00, Avg: 0.00, Max: 0.00, Diff: 0.00, Sum: 0.00, Workers: 4
[766.222s][debug][gc,phases      ] GC(35)     Dead                           Min: 0, Avg:  0.0, Max: 0, Diff: 0, Sum: 0, Workers: 4
[766.222s][debug][gc,phases      ] GC(35)     Total                          Min: 0, Avg:  0.0, Max: 0, Diff: 0, Sum: 0, Workers: 4
[766.222s][debug][gc,phases      ] GC(35)   StringTable Weak               Min: 0.00, Avg: 0.10, Max: 0.13, Diff: 0.13, Sum: 0.39, Workers: 4
[766.222s][debug][gc,phases      ] GC(35)     Dead                           Min: 0, Avg:  0.2, Max: 1, Diff: 1, Sum: 1, Workers: 4
[766.222s][debug][gc,phases      ] GC(35)     Total                          Min: 0, Avg: 12517.0, Max: 20501, Diff: 20501, Sum: 50068, Workers: 4
[766.222s][debug][gc,phases      ] GC(35)   ResolvedMethodTable Weak       Min: 0.00, Avg: 0.03, Max: 0.04, Diff: 0.04, Sum: 0.13, Workers: 4
[766.222s][debug][gc,phases      ] GC(35)     Dead                           Min: 0, Avg:  0.0, Max: 0, Diff: 0, Sum: 0, Workers: 4
[766.222s][debug][gc,phases      ] GC(35)     Total                          Min: 0, Avg: 4183.0, Max: 6752, Diff: 6752, Sum: 16732, Workers: 4
[766.222s][debug][gc,phases      ] GC(35)   JNI Weak                       Min: 0.00, Avg: 0.00, Max: 0.00, Diff: 0.00, Sum: 0.00, Workers: 4
[766.222s][debug][gc,phases      ] GC(35)     Dead                           Min: 0, Avg:  0.0, Max: 0, Diff: 0, Sum: 0, Workers: 4
[766.222s][debug][gc,phases      ] GC(35)     Total                          Min: 0, Avg: 13.0, Max: 48, Diff: 48, Sum: 52, Workers: 4
[766.222s][debug][gc,phases      ] GC(35)   StringDedup Table Weak         Min: 0.00, Avg: 0.00, Max: 0.00, Diff: 0.00, Sum: 0.00, Workers: 4
[766.222s][debug][gc,phases      ] GC(35)     Dead                           Min: 0, Avg:  0.0, Max: 0, Diff: 0, Sum: 0, Workers: 4
[766.222s][debug][gc,phases      ] GC(35)     Total                          Min: 0, Avg:  0.0, Max: 0, Diff: 0, Sum: 0, Workers: 4
[766.222s][debug][gc,phases      ] GC(35)   StringDedup Requests0 Weak     Min: 0.00, Avg: 0.00, Max: 0.00, Diff: 0.00, Sum: 0.00, Workers: 4
[766.222s][debug][gc,phases      ] GC(35)     Dead                           Min: 0, Avg:  0.0, Max: 0, Diff: 0, Sum: 0, Workers: 4
[766.222s][debug][gc,phases      ] GC(35)     Total                          Min: 0, Avg:  0.0, Max: 0, Diff: 0, Sum: 0, Workers: 4
[766.222s][debug][gc,phases      ] GC(35)   StringDedup Requests1 Weak     Min: 0.00, Avg: 0.00, Max: 0.00, Diff: 0.00, Sum: 0.00, Workers: 4
[766.222s][debug][gc,phases      ] GC(35)     Dead                           Min: 0, Avg:  0.0, Max: 0, Diff: 0, Sum: 0, Workers: 4
[766.222s][debug][gc,phases      ] GC(35)     Total                          Min: 0, Avg:  0.0, Max: 0, Diff: 0, Sum: 0, Workers: 4
[766.222s][debug][gc,phases      ] GC(35)   Weak JFR Old Object Samples    Min: 0.00, Avg: 0.00, Max: 0.00, Diff: 0.00, Sum: 0.00, Workers: 4
[766.222s][debug][gc,phases      ] GC(35)     Dead                           Min: 0, Avg:  0.0, Max: 0, Diff: 0, Sum: 0, Workers: 4
[766.222s][debug][gc,phases      ] GC(35)     Total                          Min: 0, Avg:  0.0, Max: 0, Diff: 0, Sum: 0, Workers: 4
[766.222s][debug][gc,phases      ] GC(35) Weak Processing 0.367ms
[766.222s][debug][gc,age         ] GC(35) Desired survivor size 154140672 bytes, new threshold 1 (max threshold 15)
[766.222s][info ][gc,heap        ] GC(35) PSYoungGen: 1773424K(1937408K)->6112K(1928704K) Eden: 1768960K(1768960K)->0K(1768960K) From: 4464K(168448K)->6112K(159744K)
[766.222s][info ][gc,heap        ] GC(35) ParOldGen: 479514K(479744K)->481059K(481280K)
[766.222s][info ][gc,metaspace   ] GC(35) Metaspace: 109172K(110464K)->109172K(110464K) NonClass: 93132K(93888K)->93132K(93888K) Class: 16040K(16576K)->16040K(16576K)
[766.222s][info ][gc             ] GC(35) Pause Young (Allocation Failure) 2200M->475M(2353M) 7.611ms
[766.222s][info ][gc,cpu         ] GC(35) User=0.02s Sys=0.00s Real=0.01s
[766.222s][info ][safepoint      ] Safepoint "ParallelCollectForAllocation", Time since last: 21830993346 ns, Reaching safepoint: 84200 ns, At safepoint: 7673890 ns, Leaving safepoint: 7400 ns, Total: 7765490 ns, Threads: 1 runnable, 32 total
[777.277s][info ][gc,start       ] GC(36) Pause Young (Allocation Failure)
[777.306s][debug][gc,phases      ] GC(36) Scavenge 28.999ms
[777.307s][debug][gc,ref         ] GC(36) ReferenceProcessor::execute queues: 1, RefProcThreadModel::Single, marks_oops_alive: false
[777.307s][debug][gc,ref         ] GC(36) Skipped KeepAliveFinalRefsPhase of Reference Processing: no references
[777.307s][debug][gc,ref         ] GC(36) ReferenceProcessor::execute queues: 1, RefProcThreadModel::Single, marks_oops_alive: false
[777.307s][debug][gc,phases      ] GC(36) Reference Processing 0.097ms
[777.307s][debug][gc,phases      ] GC(36)   VM Weak                        Min: 0.00, Avg: 0.00, Max: 0.01, Diff: 0.01, Sum: 0.01, Workers: 4
[777.307s][debug][gc,phases      ] GC(36)     Dead                           Min: 0, Avg:  0.0, Max: 0, Diff: 0, Sum: 0, Workers: 4
[777.307s][debug][gc,phases      ] GC(36)     Total                          Min: 0, Avg: 231.8, Max: 543, Diff: 543, Sum: 927, Workers: 4
[777.307s][debug][gc,phases      ] GC(36)   ObjectSynchronizer Weak        Min: 0.00, Avg: 0.00, Max: 0.00, Diff: 0.00, Sum: 0.00, Workers: 4
[777.307s][debug][gc,phases      ] GC(36)     Dead                           Min: 0, Avg:  0.0, Max: 0, Diff: 0, Sum: 0, Workers: 4
[777.307s][debug][gc,phases      ] GC(36)     Total                          Min: 0, Avg:  2.5, Max: 10, Diff: 10, Sum: 10, Workers: 4
[777.307s][debug][gc,phases      ] GC(36)   JVMTI Tag Weak OopStorage      Min: 0.00, Avg: 0.00, Max: 0.00, Diff: 0.00, Sum: 0.00, Workers: 4
[777.307s][debug][gc,phases      ] GC(36)     Dead                           Min: 0, Avg:  0.0, Max: 0, Diff: 0, Sum: 0, Workers: 4
[777.307s][debug][gc,phases      ] GC(36)     Total                          Min: 0, Avg:  0.0, Max: 0, Diff: 0, Sum: 0, Workers: 4
[777.307s][debug][gc,phases      ] GC(36)   StringTable Weak               Min: 0.00, Avg: 0.12, Max: 0.17, Diff: 0.17, Sum: 0.50, Workers: 4
[777.307s][debug][gc,phases      ] GC(36)     Dead                           Min: 0, Avg:  0.5, Max: 2, Diff: 2, Sum: 2, Workers: 4
[777.307s][debug][gc,phases      ] GC(36)     Total                          Min: 0, Avg: 12527.0, Max: 16894, Diff: 16894, Sum: 50108, Workers: 4
[777.307s][debug][gc,phases      ] GC(36)   ResolvedMethodTable Weak       Min: 0.00, Avg: 0.04, Max: 0.05, Diff: 0.05, Sum: 0.16, Workers: 4
[777.307s][debug][gc,phases      ] GC(36)     Dead                           Min: 0, Avg:  6.5, Max: 20, Diff: 20, Sum: 26, Workers: 4
[777.307s][debug][gc,phases      ] GC(36)     Total                          Min: 0, Avg: 4188.5, Max: 5884, Diff: 5884, Sum: 16754, Workers: 4
[777.307s][debug][gc,phases      ] GC(36)   JNI Weak                       Min: 0.00, Avg: 0.00, Max: 0.00, Diff: 0.00, Sum: 0.00, Workers: 4
[777.307s][debug][gc,phases      ] GC(36)     Dead                           Min: 0, Avg:  0.0, Max: 0, Diff: 0, Sum: 0, Workers: 4
[777.307s][debug][gc,phases      ] GC(36)     Total                          Min: 0, Avg: 13.2, Max: 48, Diff: 48, Sum: 53, Workers: 4
[777.307s][debug][gc,phases      ] GC(36)   StringDedup Table Weak         Min: 0.00, Avg: 0.00, Max: 0.00, Diff: 0.00, Sum: 0.00, Workers: 4
[777.307s][debug][gc,phases      ] GC(36)     Dead                           Min: 0, Avg:  0.0, Max: 0, Diff: 0, Sum: 0, Workers: 4
[777.307s][debug][gc,phases      ] GC(36)     Total                          Min: 0, Avg:  0.0, Max: 0, Diff: 0, Sum: 0, Workers: 4
[777.307s][debug][gc,phases      ] GC(36)   StringDedup Requests0 Weak     Min: 0.00, Avg: 0.00, Max: 0.00, Diff: 0.00, Sum: 0.00, Workers: 4
[777.307s][debug][gc,phases      ] GC(36)     Dead                           Min: 0, Avg:  0.0, Max: 0, Diff: 0, Sum: 0, Workers: 4
[777.307s][debug][gc,phases      ] GC(36)     Total                          Min: 0, Avg:  0.0, Max: 0, Diff: 0, Sum: 0, Workers: 4
[777.307s][debug][gc,phases      ] GC(36)   StringDedup Requests1 Weak     Min: 0.00, Avg: 0.00, Max: 0.00, Diff: 0.00, Sum: 0.00, Workers: 4
[777.307s][debug][gc,phases      ] GC(36)     Dead                           Min: 0, Avg:  0.0, Max: 0, Diff: 0, Sum: 0, Workers: 4
[777.307s][debug][gc,phases      ] GC(36)     Total                          Min: 0, Avg:  0.0, Max: 0, Diff: 0, Sum: 0, Workers: 4
[777.307s][debug][gc,phases      ] GC(36)   Weak JFR Old Object Samples    Min: 0.00, Avg: 0.00, Max: 0.00, Diff: 0.00, Sum: 0.00, Workers: 4
[777.307s][debug][gc,phases      ] GC(36)     Dead                           Min: 0, Avg:  0.0, Max: 0, Diff: 0, Sum: 0, Workers: 4
[777.307s][debug][gc,phases      ] GC(36)     Total                          Min: 0, Avg:  0.0, Max: 0, Diff: 0, Sum: 0, Workers: 4
[777.307s][debug][gc,phases      ] GC(36) Weak Processing 0.393ms
[777.307s][debug][gc,age         ] GC(36) Desired survivor size 161480704 bytes, new threshold 1 (max threshold 15)
[777.307s][info ][gc,heap        ] GC(36) PSYoungGen: 1775072K(1928704K)->79291K(1932288K) Eden: 1768960K(1768960K)->0K(1781760K) From: 6112K(159744K)->79291K(150528K)
[777.307s][info ][gc,heap        ] GC(36) ParOldGen: 481059K(481280K)->483647K(483840K)
[777.307s][info ][gc,metaspace   ] GC(36) Metaspace: 109337K(110592K)->109337K(110592K) NonClass: 93286K(94016K)->93286K(94016K) Class: 16050K(16576K)->16050K(16576K)
[777.307s][info ][gc             ] GC(36) Pause Young (Allocation Failure) 2203M->549M(2359M) 29.604ms
[777.307s][info ][gc,cpu         ] GC(36) User=0.10s Sys=0.00s Real=0.03s
[777.307s][info ][safepoint      ] Safepoint "ParallelCollectForAllocation", Time since last: 11055052987 ns, Reaching safepoint: 88500 ns, At safepoint: 29675165 ns, Leaving safepoint: 15500 ns, Total: 29779165 ns, Threads: 1 runnable, 33 total
[806.363s][info ][gc,start       ] GC(37) Pause Young (Allocation Failure)
[806.405s][debug][gc,phases      ] GC(37) Scavenge 42.024ms
[806.405s][debug][gc,ref         ] GC(37) ReferenceProcessor::execute queues: 1, RefProcThreadModel::Single, marks_oops_alive: false
[806.405s][debug][gc,ref         ] GC(37) Skipped KeepAliveFinalRefsPhase of Reference Processing: no references
[806.405s][debug][gc,ref         ] GC(37) Skipped PhantomRefsPhase of Reference Processing: no references
[806.405s][debug][gc,phases      ] GC(37) Reference Processing 0.096ms
[806.405s][debug][gc,phases      ] GC(37)   VM Weak                        Min: 0.00, Avg: 0.00, Max: 0.01, Diff: 0.01, Sum: 0.01, Workers: 4
[806.405s][debug][gc,phases      ] GC(37)     Dead                           Min: 0, Avg:  0.0, Max: 0, Diff: 0, Sum: 0, Workers: 4
[806.405s][debug][gc,phases      ] GC(37)     Total                          Min: 0, Avg: 231.8, Max: 576, Diff: 576, Sum: 927, Workers: 4
[806.405s][debug][gc,phases      ] GC(37)   ObjectSynchronizer Weak        Min: 0.00, Avg: 0.00, Max: 0.00, Diff: 0.00, Sum: 0.00, Workers: 4
[806.405s][debug][gc,phases      ] GC(37)     Dead                           Min: 0, Avg:  0.0, Max: 0, Diff: 0, Sum: 0, Workers: 4
[806.405s][debug][gc,phases      ] GC(37)     Total                          Min: 0, Avg:  2.2, Max: 9, Diff: 9, Sum: 9, Workers: 4
[806.405s][debug][gc,phases      ] GC(37)   JVMTI Tag Weak OopStorage      Min: 0.00, Avg: 0.00, Max: 0.00, Diff: 0.00, Sum: 0.00, Workers: 4
[806.405s][debug][gc,phases      ] GC(37)     Dead                           Min: 0, Avg:  0.0, Max: 0, Diff: 0, Sum: 0, Workers: 4
[806.405s][debug][gc,phases      ] GC(37)     Total                          Min: 0, Avg:  0.0, Max: 0, Diff: 0, Sum: 0, Workers: 4
[806.405s][debug][gc,phases      ] GC(37)   StringTable Weak               Min: 0.00, Avg: 0.13, Max: 0.17, Diff: 0.17, Sum: 0.50, Workers: 4
[806.405s][debug][gc,phases      ] GC(37)     Dead                           Min: 0, Avg:  0.0, Max: 0, Diff: 0, Sum: 0, Workers: 4
[806.405s][debug][gc,phases      ] GC(37)     Total                          Min: 0, Avg: 12530.8, Max: 17152, Diff: 17152, Sum: 50123, Workers: 4
[806.405s][debug][gc,phases      ] GC(37)   ResolvedMethodTable Weak       Min: 0.00, Avg: 0.04, Max: 0.06, Diff: 0.06, Sum: 0.16, Workers: 4
[806.405s][debug][gc,phases      ] GC(37)     Dead                           Min: 0, Avg:  5.0, Max: 17, Diff: 17, Sum: 20, Workers: 4
[806.405s][debug][gc,phases      ] GC(37)     Total                          Min: 0, Avg: 4189.0, Max: 5680, Diff: 5680, Sum: 16756, Workers: 4
[806.405s][debug][gc,phases      ] GC(37)   JNI Weak                       Min: 0.00, Avg: 0.00, Max: 0.00, Diff: 0.00, Sum: 0.00, Workers: 4
[806.405s][debug][gc,phases      ] GC(37)     Dead                           Min: 0, Avg:  0.0, Max: 0, Diff: 0, Sum: 0, Workers: 4
[806.405s][debug][gc,phases      ] GC(37)     Total                          Min: 0, Avg: 13.0, Max: 48, Diff: 48, Sum: 52, Workers: 4
[806.405s][debug][gc,phases      ] GC(37)   StringDedup Table Weak         Min: 0.00, Avg: 0.00, Max: 0.00, Diff: 0.00, Sum: 0.00, Workers: 4
[806.405s][debug][gc,phases      ] GC(37)     Dead                           Min: 0, Avg:  0.0, Max: 0, Diff: 0, Sum: 0, Workers: 4
[806.405s][debug][gc,phases      ] GC(37)     Total                          Min: 0, Avg:  0.0, Max: 0, Diff: 0, Sum: 0, Workers: 4
[806.405s][debug][gc,phases      ] GC(37)   StringDedup Requests0 Weak     Min: 0.00, Avg: 0.00, Max: 0.00, Diff: 0.00, Sum: 0.00, Workers: 4
[806.405s][debug][gc,phases      ] GC(37)     Dead                           Min: 0, Avg:  0.0, Max: 0, Diff: 0, Sum: 0, Workers: 4
[806.405s][debug][gc,phases      ] GC(37)     Total                          Min: 0, Avg:  0.0, Max: 0, Diff: 0, Sum: 0, Workers: 4
[806.405s][debug][gc,phases      ] GC(37)   StringDedup Requests1 Weak     Min: 0.00, Avg: 0.00, Max: 0.00, Diff: 0.00, Sum: 0.00, Workers: 4
[806.405s][debug][gc,phases      ] GC(37)     Dead                           Min: 0, Avg:  0.0, Max: 0, Diff: 0, Sum: 0, Workers: 4
[806.405s][debug][gc,phases      ] GC(37)     Total                          Min: 0, Avg:  0.0, Max: 0, Diff: 0, Sum: 0, Workers: 4
[806.405s][debug][gc,phases      ] GC(37)   Weak JFR Old Object Samples    Min: 0.00, Avg: 0.00, Max: 0.00, Diff: 0.00, Sum: 0.00, Workers: 4
[806.405s][debug][gc,phases      ] GC(37)     Dead                           Min: 0, Avg:  0.0, Max: 0, Diff: 0, Sum: 0, Workers: 4
[806.405s][debug][gc,phases      ] GC(37)     Total                          Min: 0, Avg:  0.0, Max: 0, Diff: 0, Sum: 0, Workers: 4
[806.405s][debug][gc,phases      ] GC(37) Weak Processing 0.465ms
[806.405s][debug][gc,age         ] GC(37) Desired survivor size 148897792 bytes, new threshold 1 (max threshold 15)
[806.405s][info ][gc,heap        ] GC(37) PSYoungGen: 1861051K(1932288K)->33569K(1939456K) Eden: 1781760K(1781760K)->0K(1781760K) From: 79291K(150528K)->33569K(157696K)
[806.405s][info ][gc,heap        ] GC(37) ParOldGen: 483647K(483840K)->555986K(556032K)
[806.405s][info ][gc,metaspace   ] GC(37) Metaspace: 109460K(110720K)->109460K(110720K) NonClass: 93404K(94144K)->93404K(94144K) Class: 16055K(16576K)->16055K(16576K)
[806.405s][info ][gc             ] GC(37) Pause Young (Allocation Failure) 2289M->575M(2437M) 42.704ms
[806.406s][info ][gc,cpu         ] GC(37) User=0.09s Sys=0.06s Real=0.04s
[806.406s][info ][safepoint      ] Safepoint "ParallelCollectForAllocation", Time since last: 29055676656 ns, Reaching safepoint: 28700 ns, At safepoint: 42776258 ns, Leaving safepoint: 9300 ns, Total: 42814258 ns, Threads: 0 runnable, 33 total
[856.465s][info ][gc,start       ] GC(38) Pause Young (Allocation Failure)
[856.481s][debug][gc,phases      ] GC(38) Scavenge 16.157ms
[856.481s][debug][gc,ref         ] GC(38) ReferenceProcessor::execute queues: 1, RefProcThreadModel::Single, marks_oops_alive: false
[856.481s][debug][gc,ref         ] GC(38) Skipped KeepAliveFinalRefsPhase of Reference Processing: no references
[856.481s][debug][gc,ref         ] GC(38) Skipped PhantomRefsPhase of Reference Processing: no references
[856.481s][debug][gc,phases      ] GC(38) Reference Processing 0.101ms
[856.481s][debug][gc,phases      ] GC(38)   VM Weak                        Min: 0.00, Avg: 0.00, Max: 0.01, Diff: 0.01, Sum: 0.01, Workers: 4
[856.481s][debug][gc,phases      ] GC(38)     Dead                           Min: 0, Avg:  0.0, Max: 0, Diff: 0, Sum: 0, Workers: 4
[856.481s][debug][gc,phases      ] GC(38)     Total                          Min: 0, Avg: 234.2, Max: 553, Diff: 553, Sum: 937, Workers: 4
[856.481s][debug][gc,phases      ] GC(38)   ObjectSynchronizer Weak        Min: 0.00, Avg: 0.00, Max: 0.00, Diff: 0.00, Sum: 0.00, Workers: 4
[856.481s][debug][gc,phases      ] GC(38)     Dead                           Min: 0, Avg:  0.0, Max: 0, Diff: 0, Sum: 0, Workers: 4
[856.481s][debug][gc,phases      ] GC(38)     Total                          Min: 0, Avg:  1.2, Max: 5, Diff: 5, Sum: 5, Workers: 4
[856.481s][debug][gc,phases      ] GC(38)   JVMTI Tag Weak OopStorage      Min: 0.00, Avg: 0.00, Max: 0.00, Diff: 0.00, Sum: 0.00, Workers: 4
[856.481s][debug][gc,phases      ] GC(38)     Dead                           Min: 0, Avg:  0.0, Max: 0, Diff: 0, Sum: 0, Workers: 4
[856.481s][debug][gc,phases      ] GC(38)     Total                          Min: 0, Avg:  0.0, Max: 0, Diff: 0, Sum: 0, Workers: 4
[856.481s][debug][gc,phases      ] GC(38)   StringTable Weak               Min: 0.00, Avg: 0.10, Max: 0.13, Diff: 0.13, Sum: 0.39, Workers: 4
[856.481s][debug][gc,phases      ] GC(38)     Dead                           Min: 0, Avg:  0.5, Max: 2, Diff: 2, Sum: 2, Workers: 4
[856.481s][debug][gc,phases      ] GC(38)     Total                          Min: 0, Avg: 12542.2, Max: 21439, Diff: 21439, Sum: 50169, Workers: 4
[856.481s][debug][gc,phases      ] GC(38)   ResolvedMethodTable Weak       Min: 0.00, Avg: 0.03, Max: 0.04, Diff: 0.04, Sum: 0.13, Workers: 4
[856.481s][debug][gc,phases      ] GC(38)     Dead                           Min: 0, Avg:  5.8, Max: 11, Diff: 11, Sum: 23, Workers: 4
[856.481s][debug][gc,phases      ] GC(38)     Total                          Min: 0, Avg: 4205.5, Max: 6997, Diff: 6997, Sum: 16822, Workers: 4
[856.481s][debug][gc,phases      ] GC(38)   JNI Weak                       Min: 0.00, Avg: 0.00, Max: 0.00, Diff: 0.00, Sum: 0.00, Workers: 4
[856.481s][debug][gc,phases      ] GC(38)     Dead                           Min: 0, Avg:  0.0, Max: 0, Diff: 0, Sum: 0, Workers: 4
[856.481s][debug][gc,phases      ] GC(38)     Total                          Min: 0, Avg: 13.0, Max: 48, Diff: 48, Sum: 52, Workers: 4
[856.481s][debug][gc,phases      ] GC(38)   StringDedup Table Weak         Min: 0.00, Avg: 0.00, Max: 0.00, Diff: 0.00, Sum: 0.00, Workers: 4
[856.481s][debug][gc,phases      ] GC(38)     Dead                           Min: 0, Avg:  0.0, Max: 0, Diff: 0, Sum: 0, Workers: 4
[856.481s][debug][gc,phases      ] GC(38)     Total                          Min: 0, Avg:  0.0, Max: 0, Diff: 0, Sum: 0, Workers: 4
[856.481s][debug][gc,phases      ] GC(38)   StringDedup Requests0 Weak     Min: 0.00, Avg: 0.00, Max: 0.00, Diff: 0.00, Sum: 0.00, Workers: 4
[856.481s][debug][gc,phases      ] GC(38)     Dead                           Min: 0, Avg:  0.0, Max: 0, Diff: 0, Sum: 0, Workers: 4
[856.481s][debug][gc,phases      ] GC(38)     Total                          Min: 0, Avg:  0.0, Max: 0, Diff: 0, Sum: 0, Workers: 4
[856.481s][debug][gc,phases      ] GC(38)   StringDedup Requests1 Weak     Min: 0.00, Avg: 0.00, Max: 0.00, Diff: 0.00, Sum: 0.00, Workers: 4
[856.481s][debug][gc,phases      ] GC(38)     Dead                           Min: 0, Avg:  0.0, Max: 0, Diff: 0, Sum: 0, Workers: 4
[856.481s][debug][gc,phases      ] GC(38)     Total                          Min: 0, Avg:  0.0, Max: 0, Diff: 0, Sum: 0, Workers: 4
[856.481s][debug][gc,phases      ] GC(38)   Weak JFR Old Object Samples    Min: 0.00, Avg: 0.00, Max: 0.00, Diff: 0.00, Sum: 0.00, Workers: 4
[856.481s][debug][gc,phases      ] GC(38)     Dead                           Min: 0, Avg:  0.0, Max: 0, Diff: 0, Sum: 0, Workers: 4
[856.481s][debug][gc,phases      ] GC(38)     Total                          Min: 0, Avg:  0.0, Max: 0, Diff: 0, Sum: 0, Workers: 4
[856.481s][debug][gc,phases      ] GC(38) Weak Processing 0.375ms
[856.481s][debug][gc,age         ] GC(38) Desired survivor size 142606336 bytes, new threshold 1 (max threshold 15)
[856.481s][info ][gc,heap        ] GC(38) PSYoungGen: 1815329K(1939456K)->3280K(1957888K) Eden: 1781760K(1781760K)->0K(1812480K) From: 33569K(157696K)->3280K(145408K)
[856.481s][info ][gc,heap        ] GC(38) ParOldGen: 555986K(556032K)->589332K(589824K)
[856.481s][info ][gc,metaspace   ] GC(38) Metaspace: 109627K(110912K)->109627K(110912K) NonClass: 93543K(94272K)->93543K(94272K) Class: 16084K(16640K)->16084K(16640K)
[856.481s][info ][gc             ] GC(38) Pause Young (Allocation Failure) 2315M->578M(2488M) 16.766ms
[856.482s][info ][gc,cpu         ] GC(38) User=0.03s Sys=0.03s Real=0.02s
[856.482s][info ][safepoint      ] Safepoint "ParallelCollectForAllocation", Time since last: 50059152335 ns, Reaching safepoint: 7000 ns, At safepoint: 16831584 ns, Leaving safepoint: 11000 ns, Total: 16849584 ns, Threads: 0 runnable, 27 total
[903.176s][info ][gc,start       ] GC(39) Pause Young (Allocation Failure)
[903.180s][debug][gc,phases      ] GC(39) Scavenge 4.400ms
[903.180s][debug][gc,ref         ] GC(39) ReferenceProcessor::execute queues: 1, RefProcThreadModel::Single, marks_oops_alive: false
[903.180s][debug][gc,ref         ] GC(39) Skipped KeepAliveFinalRefsPhase of Reference Processing: no references
[903.180s][debug][gc,ref         ] GC(39) Skipped PhantomRefsPhase of Reference Processing: no references
[903.180s][debug][gc,phases      ] GC(39) Reference Processing 0.104ms
[903.180s][debug][gc,phases      ] GC(39)   VM Weak                        Min: 0.00, Avg: 0.00, Max: 0.01, Diff: 0.01, Sum: 0.01, Workers: 4
[903.180s][debug][gc,phases      ] GC(39)     Dead                           Min: 0, Avg:  0.0, Max: 0, Diff: 0, Sum: 0, Workers: 4
[903.180s][debug][gc,phases      ] GC(39)     Total                          Min: 0, Avg: 234.2, Max: 937, Diff: 937, Sum: 937, Workers: 4
[903.180s][debug][gc,phases      ] GC(39)   ObjectSynchronizer Weak        Min: 0.00, Avg: 0.00, Max: 0.00, Diff: 0.00, Sum: 0.00, Workers: 4
[903.180s][debug][gc,phases      ] GC(39)     Dead                           Min: 0, Avg:  0.0, Max: 0, Diff: 0, Sum: 0, Workers: 4
[903.180s][debug][gc,phases      ] GC(39)     Total                          Min: 0, Avg:  1.5, Max: 6, Diff: 6, Sum: 6, Workers: 4
[903.180s][debug][gc,phases      ] GC(39)   JVMTI Tag Weak OopStorage      Min: 0.00, Avg: 0.00, Max: 0.00, Diff: 0.00, Sum: 0.00, Workers: 4
[903.180s][debug][gc,phases      ] GC(39)     Dead                           Min: 0, Avg:  0.0, Max: 0, Diff: 0, Sum: 0, Workers: 4
[903.180s][debug][gc,phases      ] GC(39)     Total                          Min: 0, Avg:  0.0, Max: 0, Diff: 0, Sum: 0, Workers: 4
[903.180s][debug][gc,phases      ] GC(39)   StringTable Weak               Min: 0.13, Avg: 0.13, Max: 0.13, Diff: 0.00, Sum: 0.51, Workers: 4
[903.180s][debug][gc,phases      ] GC(39)     Dead                           Min: 0, Avg:  0.2, Max: 1, Diff: 1, Sum: 1, Workers: 4
[903.180s][debug][gc,phases      ] GC(39)     Total                          Min: 12352, Avg: 12547.2, Max: 12928, Diff: 576, Sum: 50189, Workers: 4
[903.180s][debug][gc,phases      ] GC(39)   ResolvedMethodTable Weak       Min: 0.04, Avg: 0.04, Max: 0.04, Diff: 0.00, Sum: 0.15, Workers: 4
[903.180s][debug][gc,phases      ] GC(39)     Dead                           Min: 1, Avg:  5.2, Max: 9, Diff: 8, Sum: 21, Workers: 4
[903.180s][debug][gc,phases      ] GC(39)     Total                          Min: 3957, Avg: 4207.5, Max: 4445, Diff: 488, Sum: 16830, Workers: 4
[903.180s][debug][gc,phases      ] GC(39)   JNI Weak                       Min: 0.00, Avg: 0.00, Max: 0.00, Diff: 0.00, Sum: 0.00, Workers: 4
[903.180s][debug][gc,phases      ] GC(39)     Dead                           Min: 0, Avg:  0.0, Max: 0, Diff: 0, Sum: 0, Workers: 4
[903.180s][debug][gc,phases      ] GC(39)     Total                          Min: 0, Avg: 13.0, Max: 48, Diff: 48, Sum: 52, Workers: 4
[903.180s][debug][gc,phases      ] GC(39)   StringDedup Table Weak         Min: 0.00, Avg: 0.00, Max: 0.00, Diff: 0.00, Sum: 0.00, Workers: 4
[903.180s][debug][gc,phases      ] GC(39)     Dead                           Min: 0, Avg:  0.0, Max: 0, Diff: 0, Sum: 0, Workers: 4
[903.180s][debug][gc,phases      ] GC(39)     Total                          Min: 0, Avg:  0.0, Max: 0, Diff: 0, Sum: 0, Workers: 4
[903.180s][debug][gc,phases      ] GC(39)   StringDedup Requests0 Weak     Min: 0.00, Avg: 0.00, Max: 0.00, Diff: 0.00, Sum: 0.00, Workers: 4
[903.180s][debug][gc,phases      ] GC(39)     Dead                           Min: 0, Avg:  0.0, Max: 0, Diff: 0, Sum: 0, Workers: 4
[903.180s][debug][gc,phases      ] GC(39)     Total                          Min: 0, Avg:  0.0, Max: 0, Diff: 0, Sum: 0, Workers: 4
[903.181s][debug][gc,phases      ] GC(39)   StringDedup Requests1 Weak     Min: 0.00, Avg: 0.00, Max: 0.00, Diff: 0.00, Sum: 0.00, Workers: 4
[903.181s][debug][gc,phases      ] GC(39)     Dead                           Min: 0, Avg:  0.0, Max: 0, Diff: 0, Sum: 0, Workers: 4
[903.181s][debug][gc,phases      ] GC(39)     Total                          Min: 0, Avg:  0.0, Max: 0, Diff: 0, Sum: 0, Workers: 4
[903.181s][debug][gc,phases      ] GC(39)   Weak JFR Old Object Samples    Min: 0.00, Avg: 0.00, Max: 0.00, Diff: 0.00, Sum: 0.00, Workers: 4
[903.181s][debug][gc,phases      ] GC(39)     Dead                           Min: 0, Avg:  0.0, Max: 0, Diff: 0, Sum: 0, Workers: 4
[903.181s][debug][gc,phases      ] GC(39)     Total                          Min: 0, Avg:  0.0, Max: 0, Diff: 0, Sum: 0, Workers: 4
[903.181s][debug][gc,phases      ] GC(39) Weak Processing 0.342ms
[903.181s][debug][gc,age         ] GC(39) Desired survivor size 135790592 bytes, new threshold 1 (max threshold 15)
[903.181s][info ][gc,heap        ] GC(39) PSYoungGen: 1815760K(1957888K)->5682K(1951744K) Eden: 1812480K(1812480K)->0K(1812480K) From: 3280K(145408K)->5682K(139264K)
[903.181s][info ][gc,heap        ] GC(39) ParOldGen: 589332K(589824K)->590549K(590848K)
[903.181s][info ][gc,metaspace   ] GC(39) Metaspace: 109655K(110912K)->109655K(110912K) NonClass: 93568K(94272K)->93568K(94272K) Class: 16086K(16640K)->16086K(16640K)
[903.181s][info ][gc             ] GC(39) Pause Young (Allocation Failure) 2348M->582M(2483M) 4.943ms
[903.181s][info ][gc,cpu         ] GC(39) User=0.01s Sys=0.00s Real=0.01s
[903.181s][info ][safepoint      ] Safepoint "ParallelCollectForAllocation", Time since last: 46693965221 ns, Reaching safepoint: 93100 ns, At safepoint: 4998795 ns, Leaving safepoint: 9000 ns, Total: 5100895 ns, Threads: 1 runnable, 29 total
[952.268s][info ][gc,start       ] GC(40) Pause Young (Allocation Failure)
[952.272s][debug][gc,phases      ] GC(40) Scavenge 4.204ms
[952.272s][debug][gc,ref         ] GC(40) ReferenceProcessor::execute queues: 1, RefProcThreadModel::Single, marks_oops_alive: false
[952.272s][debug][gc,ref         ] GC(40) Skipped KeepAliveFinalRefsPhase of Reference Processing: no references
[952.272s][debug][gc,ref         ] GC(40) Skipped PhantomRefsPhase of Reference Processing: no references
[952.272s][debug][gc,phases      ] GC(40) Reference Processing 0.103ms
[952.272s][debug][gc,phases      ] GC(40)   VM Weak                        Min: 0.00, Avg: 0.00, Max: 0.01, Diff: 0.01, Sum: 0.01, Workers: 4
[952.272s][debug][gc,phases      ] GC(40)     Dead                           Min: 0, Avg:  0.0, Max: 0, Diff: 0, Sum: 0, Workers: 4
[952.272s][debug][gc,phases      ] GC(40)     Total                          Min: 0, Avg: 236.2, Max: 881, Diff: 881, Sum: 945, Workers: 4
[952.272s][debug][gc,phases      ] GC(40)   ObjectSynchronizer Weak        Min: 0.00, Avg: 0.00, Max: 0.00, Diff: 0.00, Sum: 0.00, Workers: 4
[952.272s][debug][gc,phases      ] GC(40)     Dead                           Min: 0, Avg:  0.0, Max: 0, Diff: 0, Sum: 0, Workers: 4
[952.272s][debug][gc,phases      ] GC(40)     Total                          Min: 0, Avg:  1.5, Max: 6, Diff: 6, Sum: 6, Workers: 4
[952.272s][debug][gc,phases      ] GC(40)   JVMTI Tag Weak OopStorage      Min: 0.00, Avg: 0.00, Max: 0.00, Diff: 0.00, Sum: 0.00, Workers: 4
[952.272s][debug][gc,phases      ] GC(40)     Dead                           Min: 0, Avg:  0.0, Max: 0, Diff: 0, Sum: 0, Workers: 4
[952.272s][debug][gc,phases      ] GC(40)     Total                          Min: 0, Avg:  0.0, Max: 0, Diff: 0, Sum: 0, Workers: 4
[952.272s][debug][gc,phases      ] GC(40)   StringTable Weak               Min: 0.00, Avg: 0.10, Max: 0.13, Diff: 0.13, Sum: 0.40, Workers: 4
[952.272s][debug][gc,phases      ] GC(40)     Dead                           Min: 0, Avg:  0.0, Max: 0, Diff: 0, Sum: 0, Workers: 4
[952.272s][debug][gc,phases      ] GC(40)     Total                          Min: 0, Avg: 12551.5, Max: 21120, Diff: 21120, Sum: 50206, Workers: 4
[952.272s][debug][gc,phases      ] GC(40)   ResolvedMethodTable Weak       Min: 0.00, Avg: 0.03, Max: 0.05, Diff: 0.05, Sum: 0.14, Workers: 4
[952.272s][debug][gc,phases      ] GC(40)     Dead                           Min: 0, Avg:  5.0, Max: 12, Diff: 12, Sum: 20, Workers: 4
[952.272s][debug][gc,phases      ] GC(40)     Total                          Min: 0, Avg: 4215.0, Max: 7251, Diff: 7251, Sum: 16860, Workers: 4
[952.272s][debug][gc,phases      ] GC(40)   JNI Weak                       Min: 0.00, Avg: 0.00, Max: 0.00, Diff: 0.00, Sum: 0.00, Workers: 4
[952.272s][debug][gc,phases      ] GC(40)     Dead                           Min: 0, Avg:  0.0, Max: 0, Diff: 0, Sum: 0, Workers: 4
[952.272s][debug][gc,phases      ] GC(40)     Total                          Min: 0, Avg: 13.0, Max: 48, Diff: 48, Sum: 52, Workers: 4
[952.272s][debug][gc,phases      ] GC(40)   StringDedup Table Weak         Min: 0.00, Avg: 0.00, Max: 0.00, Diff: 0.00, Sum: 0.00, Workers: 4
[952.272s][debug][gc,phases      ] GC(40)     Dead                           Min: 0, Avg:  0.0, Max: 0, Diff: 0, Sum: 0, Workers: 4
[952.272s][debug][gc,phases      ] GC(40)     Total                          Min: 0, Avg:  0.0, Max: 0, Diff: 0, Sum: 0, Workers: 4
[952.272s][debug][gc,phases      ] GC(40)   StringDedup Requests0 Weak     Min: 0.00, Avg: 0.00, Max: 0.00, Diff: 0.00, Sum: 0.00, Workers: 4
[952.272s][debug][gc,phases      ] GC(40)     Dead                           Min: 0, Avg:  0.0, Max: 0, Diff: 0, Sum: 0, Workers: 4
[952.272s][debug][gc,phases      ] GC(40)     Total                          Min: 0, Avg:  0.0, Max: 0, Diff: 0, Sum: 0, Workers: 4
[952.272s][debug][gc,phases      ] GC(40)   StringDedup Requests1 Weak     Min: 0.00, Avg: 0.00, Max: 0.00, Diff: 0.00, Sum: 0.00, Workers: 4
[952.272s][debug][gc,phases      ] GC(40)     Dead                           Min: 0, Avg:  0.0, Max: 0, Diff: 0, Sum: 0, Workers: 4
[952.272s][debug][gc,phases      ] GC(40)     Total                          Min: 0, Avg:  0.0, Max: 0, Diff: 0, Sum: 0, Workers: 4
[952.272s][debug][gc,phases      ] GC(40)   Weak JFR Old Object Samples    Min: 0.00, Avg: 0.00, Max: 0.00, Diff: 0.00, Sum: 0.00, Workers: 4
[952.272s][debug][gc,phases      ] GC(40)     Dead                           Min: 0, Avg:  0.0, Max: 0, Diff: 0, Sum: 0, Workers: 4
[952.272s][debug][gc,phases      ] GC(40)     Total                          Min: 0, Avg:  0.0, Max: 0, Diff: 0, Sum: 0, Workers: 4
[952.272s][debug][gc,phases      ] GC(40) Weak Processing 0.377ms
[952.272s][debug][gc,age         ] GC(40) Desired survivor size 128974848 bytes, new threshold 1 (max threshold 15)
[952.272s][info ][gc,heap        ] GC(40) PSYoungGen: 1818162K(1951744K)->3600K(1971200K) Eden: 1812480K(1812480K)->0K(1838592K) From: 5682K(139264K)->3600K(132608K)
[952.272s][info ][gc,heap        ] GC(40) ParOldGen: 590549K(590848K)->593074K(593408K)
[952.272s][info ][gc,metaspace   ] GC(40) Metaspace: 109705K(110976K)->109705K(110976K) NonClass: 93610K(94336K)->93610K(94336K) Class: 16094K(16640K)->16094K(16640K)
[952.272s][info ][gc             ] GC(40) Pause Young (Allocation Failure) 2352M->582M(2504M) 4.829ms
[952.272s][info ][gc,cpu         ] GC(40) User=0.02s Sys=0.01s Real=0.01s
[952.272s][info ][safepoint      ] Safepoint "ParallelCollectForAllocation", Time since last: 49086913784 ns, Reaching safepoint: 6600 ns, At safepoint: 4893092 ns, Leaving safepoint: 3200 ns, Total: 4902892 ns, Threads: 0 runnable, 34 total
[1003.330s][info ][gc,start       ] GC(41) Pause Young (Allocation Failure)
[1003.334s][debug][gc,phases      ] GC(41) Scavenge 3.480ms
[1003.334s][debug][gc,ref         ] GC(41) ReferenceProcessor::execute queues: 1, RefProcThreadModel::Single, marks_oops_alive: false
[1003.334s][debug][gc,ref         ] GC(41) Skipped KeepAliveFinalRefsPhase of Reference Processing: no references
[1003.334s][debug][gc,ref         ] GC(41) Skipped PhantomRefsPhase of Reference Processing: no references
[1003.334s][debug][gc,phases      ] GC(41) Reference Processing 0.093ms
[1003.334s][debug][gc,phases      ] GC(41)   VM Weak                        Min: 0.00, Avg: 0.00, Max: 0.01, Diff: 0.01, Sum: 0.01, Workers: 4
[1003.334s][debug][gc,phases      ] GC(41)     Dead                           Min: 0, Avg:  0.0, Max: 0, Diff: 0, Sum: 0, Workers: 4
[1003.334s][debug][gc,phases      ] GC(41)     Total                          Min: 0, Avg: 236.2, Max: 945, Diff: 945, Sum: 945, Workers: 4
[1003.334s][debug][gc,phases      ] GC(41)   ObjectSynchronizer Weak        Min: 0.00, Avg: 0.00, Max: 0.00, Diff: 0.00, Sum: 0.00, Workers: 4
[1003.334s][debug][gc,phases      ] GC(41)     Dead                           Min: 0, Avg:  0.0, Max: 0, Diff: 0, Sum: 0, Workers: 4
[1003.334s][debug][gc,phases      ] GC(41)     Total                          Min: 0, Avg:  1.5, Max: 6, Diff: 6, Sum: 6, Workers: 4
[1003.334s][debug][gc,phases      ] GC(41)   JVMTI Tag Weak OopStorage      Min: 0.00, Avg: 0.00, Max: 0.00, Diff: 0.00, Sum: 0.00, Workers: 4
[1003.334s][debug][gc,phases      ] GC(41)     Dead                           Min: 0, Avg:  0.0, Max: 0, Diff: 0, Sum: 0, Workers: 4
[1003.334s][debug][gc,phases      ] GC(41)     Total                          Min: 0, Avg:  0.0, Max: 0, Diff: 0, Sum: 0, Workers: 4
[1003.334s][debug][gc,phases      ] GC(41)   StringTable Weak               Min: 0.00, Avg: 0.10, Max: 0.13, Diff: 0.13, Sum: 0.40, Workers: 4
[1003.334s][debug][gc,phases      ] GC(41)     Dead                           Min: 0, Avg:  0.2, Max: 1, Diff: 1, Sum: 1, Workers: 4
[1003.334s][debug][gc,phases      ] GC(41)     Total                          Min: 0, Avg: 12553.8, Max: 21223, Diff: 21223, Sum: 50215, Workers: 4
[1003.334s][debug][gc,phases      ] GC(41)   ResolvedMethodTable Weak       Min: 0.00, Avg: 0.03, Max: 0.05, Diff: 0.05, Sum: 0.14, Workers: 4
[1003.334s][debug][gc,phases      ] GC(41)     Dead                           Min: 0, Avg:  5.8, Max: 14, Diff: 14, Sum: 23, Workers: 4
[1003.334s][debug][gc,phases      ] GC(41)     Total                          Min: 0, Avg: 4219.5, Max: 7089, Diff: 7089, Sum: 16878, Workers: 4
[1003.334s][debug][gc,phases      ] GC(41)   JNI Weak                       Min: 0.00, Avg: 0.00, Max: 0.00, Diff: 0.00, Sum: 0.00, Workers: 4
[1003.334s][debug][gc,phases      ] GC(41)     Dead                           Min: 0, Avg:  0.0, Max: 0, Diff: 0, Sum: 0, Workers: 4
[1003.334s][debug][gc,phases      ] GC(41)     Total                          Min: 0, Avg: 13.0, Max: 48, Diff: 48, Sum: 52, Workers: 4
[1003.334s][debug][gc,phases      ] GC(41)   StringDedup Table Weak         Min: 0.00, Avg: 0.00, Max: 0.00, Diff: 0.00, Sum: 0.00, Workers: 4
[1003.334s][debug][gc,phases      ] GC(41)     Dead                           Min: 0, Avg:  0.0, Max: 0, Diff: 0, Sum: 0, Workers: 4
[1003.334s][debug][gc,phases      ] GC(41)     Total                          Min: 0, Avg:  0.0, Max: 0, Diff: 0, Sum: 0, Workers: 4
[1003.334s][debug][gc,phases      ] GC(41)   StringDedup Requests0 Weak     Min: 0.00, Avg: 0.00, Max: 0.00, Diff: 0.00, Sum: 0.00, Workers: 4
[1003.334s][debug][gc,phases      ] GC(41)     Dead                           Min: 0, Avg:  0.0, Max: 0, Diff: 0, Sum: 0, Workers: 4
[1003.334s][debug][gc,phases      ] GC(41)     Total                          Min: 0, Avg:  0.0, Max: 0, Diff: 0, Sum: 0, Workers: 4
[1003.334s][debug][gc,phases      ] GC(41)   StringDedup Requests1 Weak     Min: 0.00, Avg: 0.00, Max: 0.00, Diff: 0.00, Sum: 0.00, Workers: 4
[1003.334s][debug][gc,phases      ] GC(41)     Dead                           Min: 0, Avg:  0.0, Max: 0, Diff: 0, Sum: 0, Workers: 4
[1003.334s][debug][gc,phases      ] GC(41)     Total                          Min: 0, Avg:  0.0, Max: 0, Diff: 0, Sum: 0, Workers: 4
[1003.334s][debug][gc,phases      ] GC(41)   Weak JFR Old Object Samples    Min: 0.00, Avg: 0.00, Max: 0.00, Diff: 0.00, Sum: 0.00, Workers: 4
[1003.334s][debug][gc,phases      ] GC(41)     Dead                           Min: 0, Avg:  0.0, Max: 0, Diff: 0, Sum: 0, Workers: 4
[1003.334s][debug][gc,phases      ] GC(41)     Total                          Min: 0, Avg:  0.0, Max: 0, Diff: 0, Sum: 0, Workers: 4
[1003.334s][debug][gc,phases      ] GC(41) Weak Processing 0.358ms
[1003.334s][debug][gc,age         ] GC(41) Desired survivor size 122683392 bytes, new threshold 1 (max threshold 15)
[1003.334s][info ][gc,heap        ] GC(41) PSYoungGen: 1842192K(1971200K)->2800K(1964544K) Eden: 1838592K(1838592K)->0K(1838592K) From: 3600K(132608K)->2800K(125952K)
[1003.334s][info ][gc,heap        ] GC(41) ParOldGen: 593074K(593408K)->594610K(594944K)
[1003.334s][info ][gc,metaspace   ] GC(41) Metaspace: 109746K(110976K)->109746K(110976K) NonClass: 93646K(94336K)->93646K(94336K) Class: 16100K(16640K)->16100K(16640K)
[1003.334s][info ][gc             ] GC(41) Pause Young (Allocation Failure) 2378M->583M(2499M) 4.044ms
[1003.334s][info ][gc,cpu         ] GC(41) User=0.02s Sys=0.00s Real=0.00s
[1003.334s][info ][safepoint      ] Safepoint "ParallelCollectForAllocation", Time since last: 51057626460 ns, Reaching safepoint: 5100 ns, At safepoint: 4109497 ns, Leaving safepoint: 1800 ns, Total: 4116397 ns, Threads: 0 runnable, 26 total
[1053.114s][info ][gc,start       ] GC(42) Pause Young (Allocation Failure)
[1053.117s][debug][gc,phases      ] GC(42) Scavenge 3.243ms
[1053.117s][debug][gc,ref         ] GC(42) ReferenceProcessor::execute queues: 1, RefProcThreadModel::Single, marks_oops_alive: false
[1053.117s][debug][gc,ref         ] GC(42) Skipped KeepAliveFinalRefsPhase of Reference Processing: no references
[1053.117s][debug][gc,ref         ] GC(42) Skipped PhantomRefsPhase of Reference Processing: no references
[1053.117s][debug][gc,phases      ] GC(42) Reference Processing 0.094ms
[1053.118s][debug][gc,phases      ] GC(42)   VM Weak                        Min: 0.00, Avg: 0.01, Max: 0.02, Diff: 0.02, Sum: 0.03, Workers: 4
[1053.118s][debug][gc,phases      ] GC(42)     Dead                           Min: 0, Avg:  0.0, Max: 0, Diff: 0, Sum: 0, Workers: 4
[1053.118s][debug][gc,phases      ] GC(42)     Total                          Min: 0, Avg: 236.2, Max: 768, Diff: 768, Sum: 945, Workers: 4
[1053.118s][debug][gc,phases      ] GC(42)   ObjectSynchronizer Weak        Min: 0.00, Avg: 0.00, Max: 0.00, Diff: 0.00, Sum: 0.00, Workers: 4
[1053.118s][debug][gc,phases      ] GC(42)     Dead                           Min: 0, Avg:  0.0, Max: 0, Diff: 0, Sum: 0, Workers: 4
[1053.118s][debug][gc,phases      ] GC(42)     Total                          Min: 0, Avg:  1.5, Max: 6, Diff: 6, Sum: 6, Workers: 4
[1053.118s][debug][gc,phases      ] GC(42)   JVMTI Tag Weak OopStorage      Min: 0.00, Avg: 0.00, Max: 0.00, Diff: 0.00, Sum: 0.00, Workers: 4
[1053.118s][debug][gc,phases      ] GC(42)     Dead                           Min: 0, Avg:  0.0, Max: 0, Diff: 0, Sum: 0, Workers: 4
[1053.118s][debug][gc,phases      ] GC(42)     Total                          Min: 0, Avg:  0.0, Max: 0, Diff: 0, Sum: 0, Workers: 4
[1053.118s][debug][gc,phases      ] GC(42)   StringTable Weak               Min: 0.00, Avg: 0.10, Max: 0.14, Diff: 0.14, Sum: 0.40, Workers: 4
[1053.118s][debug][gc,phases      ] GC(42)     Dead                           Min: 0, Avg:  0.0, Max: 0, Diff: 0, Sum: 0, Workers: 4
[1053.118s][debug][gc,phases      ] GC(42)     Total                          Min: 0, Avg: 12554.0, Max: 20329, Diff: 20329, Sum: 50216, Workers: 4
[1053.118s][debug][gc,phases      ] GC(42)   ResolvedMethodTable Weak       Min: 0.00, Avg: 0.03, Max: 0.04, Diff: 0.04, Sum: 0.13, Workers: 4
[1053.118s][debug][gc,phases      ] GC(42)     Dead                           Min: 0, Avg:  5.0, Max: 11, Diff: 11, Sum: 20, Workers: 4
[1053.118s][debug][gc,phases      ] GC(42)     Total                          Min: 0, Avg: 4219.5, Max: 6713, Diff: 6713, Sum: 16878, Workers: 4
[1053.118s][debug][gc,phases      ] GC(42)   JNI Weak                       Min: 0.00, Avg: 0.00, Max: 0.00, Diff: 0.00, Sum: 0.00, Workers: 4
[1053.118s][debug][gc,phases      ] GC(42)     Dead                           Min: 0, Avg:  0.0, Max: 0, Diff: 0, Sum: 0, Workers: 4
[1053.118s][debug][gc,phases      ] GC(42)     Total                          Min: 0, Avg: 13.0, Max: 48, Diff: 48, Sum: 52, Workers: 4
[1053.118s][debug][gc,phases      ] GC(42)   StringDedup Table Weak         Min: 0.00, Avg: 0.00, Max: 0.00, Diff: 0.00, Sum: 0.00, Workers: 4
[1053.118s][debug][gc,phases      ] GC(42)     Dead                           Min: 0, Avg:  0.0, Max: 0, Diff: 0, Sum: 0, Workers: 4
[1053.118s][debug][gc,phases      ] GC(42)     Total                          Min: 0, Avg:  0.0, Max: 0, Diff: 0, Sum: 0, Workers: 4
[1053.118s][debug][gc,phases      ] GC(42)   StringDedup Requests0 Weak     Min: 0.00, Avg: 0.00, Max: 0.00, Diff: 0.00, Sum: 0.00, Workers: 4
[1053.118s][debug][gc,phases      ] GC(42)     Dead                           Min: 0, Avg:  0.0, Max: 0, Diff: 0, Sum: 0, Workers: 4
[1053.118s][debug][gc,phases      ] GC(42)     Total                          Min: 0, Avg:  0.0, Max: 0, Diff: 0, Sum: 0, Workers: 4
[1053.118s][debug][gc,phases      ] GC(42)   StringDedup Requests1 Weak     Min: 0.00, Avg: 0.00, Max: 0.00, Diff: 0.00, Sum: 0.00, Workers: 4
[1053.118s][debug][gc,phases      ] GC(42)     Dead                           Min: 0, Avg:  0.0, Max: 0, Diff: 0, Sum: 0, Workers: 4
[1053.118s][debug][gc,phases      ] GC(42)     Total                          Min: 0, Avg:  0.0, Max: 0, Diff: 0, Sum: 0, Workers: 4
[1053.118s][debug][gc,phases      ] GC(42)   Weak JFR Old Object Samples    Min: 0.00, Avg: 0.00, Max: 0.00, Diff: 0.00, Sum: 0.00, Workers: 4
[1053.118s][debug][gc,phases      ] GC(42)     Dead                           Min: 0, Avg:  0.0, Max: 0, Diff: 0, Sum: 0, Workers: 4
[1053.118s][debug][gc,phases      ] GC(42)     Total                          Min: 0, Avg:  0.0, Max: 0, Diff: 0, Sum: 0, Workers: 4
[1053.118s][debug][gc,phases      ] GC(42) Weak Processing 0.395ms
[1053.118s][debug][gc,age         ] GC(42) Desired survivor size 115867648 bytes, new threshold 1 (max threshold 15)
[1053.118s][info ][gc,heap        ] GC(42) PSYoungGen: 1841392K(1964544K)->3408K(1984000K) Eden: 1838592K(1838592K)->0K(1864192K) From: 2800K(125952K)->3408K(119808K)
[1053.118s][info ][gc,heap        ] GC(42) ParOldGen: 594610K(594944K)->595134K(595456K)
[1053.118s][info ][gc,metaspace   ] GC(42) Metaspace: 109760K(111040K)->109760K(111040K) NonClass: 93660K(94400K)->93660K(94400K) Class: 16100K(16640K)->16100K(16640K)
[1053.118s][info ][gc             ] GC(42) Pause Young (Allocation Failure) 2378M->584M(2519M) 3.833ms
[1053.118s][info ][gc,cpu         ] GC(42) User=0.02s Sys=0.00s Real=0.00s
[1053.118s][info ][safepoint      ] Safepoint "ParallelCollectForAllocation", Time since last: 49779607398 ns, Reaching safepoint: 100700 ns, At safepoint: 3890497 ns, Leaving safepoint: 7000 ns, Total: 3998197 ns, Threads: 1 runnable, 27 total
[1105.316s][info ][gc,start       ] GC(43) Pause Young (Allocation Failure)
[1105.321s][debug][gc,phases      ] GC(43) Scavenge 5.222ms
[1105.321s][debug][gc,ref         ] GC(43) ReferenceProcessor::execute queues: 1, RefProcThreadModel::Single, marks_oops_alive: false
[1105.321s][debug][gc,ref         ] GC(43) Skipped KeepAliveFinalRefsPhase of Reference Processing: no references
[1105.321s][debug][gc,ref         ] GC(43) Skipped PhantomRefsPhase of Reference Processing: no references
[1105.321s][debug][gc,phases      ] GC(43) Reference Processing 0.117ms
[1105.322s][debug][gc,phases      ] GC(43)   VM Weak                        Min: 0.00, Avg: 0.00, Max: 0.01, Diff: 0.01, Sum: 0.01, Workers: 4
[1105.322s][debug][gc,phases      ] GC(43)     Dead                           Min: 0, Avg:  0.0, Max: 0, Diff: 0, Sum: 0, Workers: 4
[1105.322s][debug][gc,phases      ] GC(43)     Total                          Min: 0, Avg: 236.2, Max: 576, Diff: 576, Sum: 945, Workers: 4
[1105.322s][debug][gc,phases      ] GC(43)   ObjectSynchronizer Weak        Min: 0.00, Avg: 0.00, Max: 0.00, Diff: 0.00, Sum: 0.00, Workers: 4
[1105.322s][debug][gc,phases      ] GC(43)     Dead                           Min: 0, Avg:  0.0, Max: 0, Diff: 0, Sum: 0, Workers: 4
[1105.322s][debug][gc,phases      ] GC(43)     Total                          Min: 0, Avg:  1.5, Max: 6, Diff: 6, Sum: 6, Workers: 4
[1105.322s][debug][gc,phases      ] GC(43)   JVMTI Tag Weak OopStorage      Min: 0.00, Avg: 0.00, Max: 0.00, Diff: 0.00, Sum: 0.00, Workers: 4
[1105.322s][debug][gc,phases      ] GC(43)     Dead                           Min: 0, Avg:  0.0, Max: 0, Diff: 0, Sum: 0, Workers: 4
[1105.322s][debug][gc,phases      ] GC(43)     Total                          Min: 0, Avg:  0.0, Max: 0, Diff: 0, Sum: 0, Workers: 4
[1105.322s][debug][gc,phases      ] GC(43)   StringTable Weak               Min: 0.00, Avg: 0.12, Max: 0.24, Diff: 0.24, Sum: 0.48, Workers: 4
[1105.322s][debug][gc,phases      ] GC(43)     Dead                           Min: 0, Avg:  0.0, Max: 0, Diff: 0, Sum: 0, Workers: 4
[1105.322s][debug][gc,phases      ] GC(43)     Total                          Min: 0, Avg: 12554.8, Max: 25599, Diff: 25599, Sum: 50219, Workers: 4
[1105.322s][debug][gc,phases      ] GC(43)   ResolvedMethodTable Weak       Min: 0.00, Avg: 0.03, Max: 0.07, Diff: 0.07, Sum: 0.14, Workers: 4
[1105.322s][debug][gc,phases      ] GC(43)     Dead                           Min: 0, Avg:  5.0, Max: 20, Diff: 20, Sum: 20, Workers: 4
[1105.322s][debug][gc,phases      ] GC(43)     Total                          Min: 0, Avg: 4219.5, Max: 8941, Diff: 8941, Sum: 16878, Workers: 4
[1105.322s][debug][gc,phases      ] GC(43)   JNI Weak                       Min: 0.00, Avg: 0.00, Max: 0.00, Diff: 0.00, Sum: 0.00, Workers: 4
[1105.322s][debug][gc,phases      ] GC(43)     Dead                           Min: 0, Avg:  0.0, Max: 0, Diff: 0, Sum: 0, Workers: 4
[1105.322s][debug][gc,phases      ] GC(43)     Total                          Min: 0, Avg: 13.0, Max: 48, Diff: 48, Sum: 52, Workers: 4
[1105.322s][debug][gc,phases      ] GC(43)   StringDedup Table Weak         Min: 0.00, Avg: 0.00, Max: 0.00, Diff: 0.00, Sum: 0.00, Workers: 4
[1105.322s][debug][gc,phases      ] GC(43)     Dead                           Min: 0, Avg:  0.0, Max: 0, Diff: 0, Sum: 0, Workers: 4
[1105.322s][debug][gc,phases      ] GC(43)     Total                          Min: 0, Avg:  0.0, Max: 0, Diff: 0, Sum: 0, Workers: 4
[1105.322s][debug][gc,phases      ] GC(43)   StringDedup Requests0 Weak     Min: 0.00, Avg: 0.00, Max: 0.00, Diff: 0.00, Sum: 0.00, Workers: 4
[1105.322s][debug][gc,phases      ] GC(43)     Dead                           Min: 0, Avg:  0.0, Max: 0, Diff: 0, Sum: 0, Workers: 4
[1105.322s][debug][gc,phases      ] GC(43)     Total                          Min: 0, Avg:  0.0, Max: 0, Diff: 0, Sum: 0, Workers: 4
[1105.322s][debug][gc,phases      ] GC(43)   StringDedup Requests1 Weak     Min: 0.00, Avg: 0.00, Max: 0.00, Diff: 0.00, Sum: 0.00, Workers: 4
[1105.322s][debug][gc,phases      ] GC(43)     Dead                           Min: 0, Avg:  0.0, Max: 0, Diff: 0, Sum: 0, Workers: 4
[1105.322s][debug][gc,phases      ] GC(43)     Total                          Min: 0, Avg:  0.0, Max: 0, Diff: 0, Sum: 0, Workers: 4
[1105.322s][debug][gc,phases      ] GC(43)   Weak JFR Old Object Samples    Min: 0.00, Avg: 0.00, Max: 0.00, Diff: 0.00, Sum: 0.00, Workers: 4
[1105.322s][debug][gc,phases      ] GC(43)     Dead                           Min: 0, Avg:  0.0, Max: 0, Diff: 0, Sum: 0, Workers: 4
[1105.322s][debug][gc,phases      ] GC(43)     Total                          Min: 0, Avg:  0.0, Max: 0, Diff: 0, Sum: 0, Workers: 4
[1105.322s][debug][gc,phases      ] GC(43) Weak Processing 0.569ms
[1105.322s][debug][gc,age         ] GC(43) Desired survivor size 109576192 bytes, new threshold 1 (max threshold 15)
[1105.322s][info ][gc,heap        ] GC(43) PSYoungGen: 1867600K(1984000K)->3616K(1977344K) Eden: 1864192K(1864192K)->0K(1864192K) From: 3408K(119808K)->3616K(113152K)
[1105.322s][info ][gc,heap        ] GC(43) ParOldGen: 595134K(595456K)->596015K(596480K)
[1105.322s][info ][gc,metaspace   ] GC(43) Metaspace: 109801K(111040K)->109801K(111040K) NonClass: 93701K(94400K)->93701K(94400K) Class: 16100K(16640K)->16100K(16640K)
[1105.322s][info ][gc             ] GC(43) Pause Young (Allocation Failure) 2405M->585M(2513M) 6.047ms
[1105.322s][info ][gc,cpu         ] GC(43) User=0.02s Sys=0.00s Real=0.01s
[1105.322s][info ][safepoint      ] Safepoint "ParallelCollectForAllocation", Time since last: 52197860202 ns, Reaching safepoint: 80800 ns, At safepoint: 6115795 ns, Leaving safepoint: 7400 ns, Total: 6203995 ns, Threads: 1 runnable, 30 total
[1157.315s][info ][gc,start       ] GC(44) Pause Young (Allocation Failure)
[1157.320s][debug][gc,phases      ] GC(44) Scavenge 4.694ms
[1157.320s][debug][gc,ref         ] GC(44) ReferenceProcessor::execute queues: 1, RefProcThreadModel::Single, marks_oops_alive: false
[1157.320s][debug][gc,ref         ] GC(44) Skipped KeepAliveFinalRefsPhase of Reference Processing: no references
[1157.320s][debug][gc,ref         ] GC(44) Skipped PhantomRefsPhase of Reference Processing: no references
[1157.320s][debug][gc,phases      ] GC(44) Reference Processing 0.103ms
[1157.320s][debug][gc,phases      ] GC(44)   VM Weak                        Min: 0.00, Avg: 0.00, Max: 0.01, Diff: 0.01, Sum: 0.01, Workers: 4
[1157.320s][debug][gc,phases      ] GC(44)     Dead                           Min: 0, Avg:  0.0, Max: 0, Diff: 0, Sum: 0, Workers: 4
[1157.320s][debug][gc,phases      ] GC(44)     Total                          Min: 0, Avg: 237.2, Max: 704, Diff: 704, Sum: 949, Workers: 4
[1157.320s][debug][gc,phases      ] GC(44)   ObjectSynchronizer Weak        Min: 0.00, Avg: 0.00, Max: 0.00, Diff: 0.00, Sum: 0.00, Workers: 4
[1157.320s][debug][gc,phases      ] GC(44)     Dead                           Min: 0, Avg:  0.0, Max: 0, Diff: 0, Sum: 0, Workers: 4
[1157.320s][debug][gc,phases      ] GC(44)     Total                          Min: 0, Avg:  1.5, Max: 6, Diff: 6, Sum: 6, Workers: 4
[1157.320s][debug][gc,phases      ] GC(44)   JVMTI Tag Weak OopStorage      Min: 0.00, Avg: 0.00, Max: 0.00, Diff: 0.00, Sum: 0.00, Workers: 4
[1157.320s][debug][gc,phases      ] GC(44)     Dead                           Min: 0, Avg:  0.0, Max: 0, Diff: 0, Sum: 0, Workers: 4
[1157.320s][debug][gc,phases      ] GC(44)     Total                          Min: 0, Avg:  0.0, Max: 0, Diff: 0, Sum: 0, Workers: 4
[1157.320s][debug][gc,phases      ] GC(44)   StringTable Weak               Min: 0.00, Avg: 0.10, Max: 0.13, Diff: 0.13, Sum: 0.40, Workers: 4
[1157.320s][debug][gc,phases      ] GC(44)     Dead                           Min: 0, Avg:  0.2, Max: 1, Diff: 1, Sum: 1, Workers: 4
[1157.320s][debug][gc,phases      ] GC(44)     Total                          Min: 0, Avg: 12555.0, Max: 20735, Diff: 20735, Sum: 50220, Workers: 4
[1157.320s][debug][gc,phases      ] GC(44)   ResolvedMethodTable Weak       Min: 0.00, Avg: 0.03, Max: 0.04, Diff: 0.04, Sum: 0.13, Workers: 4
[1157.320s][debug][gc,phases      ] GC(44)     Dead                           Min: 0, Avg:  5.0, Max: 13, Diff: 13, Sum: 20, Workers: 4
[1157.320s][debug][gc,phases      ] GC(44)     Total                          Min: 0, Avg: 4221.0, Max: 7059, Diff: 7059, Sum: 16884, Workers: 4
[1157.320s][debug][gc,phases      ] GC(44)   JNI Weak                       Min: 0.00, Avg: 0.00, Max: 0.00, Diff: 0.00, Sum: 0.00, Workers: 4
[1157.320s][debug][gc,phases      ] GC(44)     Dead                           Min: 0, Avg:  0.0, Max: 0, Diff: 0, Sum: 0, Workers: 4
[1157.320s][debug][gc,phases      ] GC(44)     Total                          Min: 0, Avg: 13.0, Max: 48, Diff: 48, Sum: 52, Workers: 4
[1157.320s][debug][gc,phases      ] GC(44)   StringDedup Table Weak         Min: 0.00, Avg: 0.00, Max: 0.00, Diff: 0.00, Sum: 0.00, Workers: 4
[1157.320s][debug][gc,phases      ] GC(44)     Dead                           Min: 0, Avg:  0.0, Max: 0, Diff: 0, Sum: 0, Workers: 4
[1157.320s][debug][gc,phases      ] GC(44)     Total                          Min: 0, Avg:  0.0, Max: 0, Diff: 0, Sum: 0, Workers: 4
[1157.320s][debug][gc,phases      ] GC(44)   StringDedup Requests0 Weak     Min: 0.00, Avg: 0.00, Max: 0.00, Diff: 0.00, Sum: 0.00, Workers: 4
[1157.320s][debug][gc,phases      ] GC(44)     Dead                           Min: 0, Avg:  0.0, Max: 0, Diff: 0, Sum: 0, Workers: 4
[1157.320s][debug][gc,phases      ] GC(44)     Total                          Min: 0, Avg:  0.0, Max: 0, Diff: 0, Sum: 0, Workers: 4
[1157.320s][debug][gc,phases      ] GC(44)   StringDedup Requests1 Weak     Min: 0.00, Avg: 0.00, Max: 0.00, Diff: 0.00, Sum: 0.00, Workers: 4
[1157.320s][debug][gc,phases      ] GC(44)     Dead                           Min: 0, Avg:  0.0, Max: 0, Diff: 0, Sum: 0, Workers: 4
[1157.320s][debug][gc,phases      ] GC(44)     Total                          Min: 0, Avg:  0.0, Max: 0, Diff: 0, Sum: 0, Workers: 4
[1157.320s][debug][gc,phases      ] GC(44)   Weak JFR Old Object Samples    Min: 0.00, Avg: 0.00, Max: 0.00, Diff: 0.00, Sum: 0.00, Workers: 4
[1157.320s][debug][gc,phases      ] GC(44)     Dead                           Min: 0, Avg:  0.0, Max: 0, Diff: 0, Sum: 0, Workers: 4
[1157.320s][debug][gc,phases      ] GC(44)     Total                          Min: 0, Avg:  0.0, Max: 0, Diff: 0, Sum: 0, Workers: 4
[1157.320s][debug][gc,phases      ] GC(44) Weak Processing 0.352ms
[1157.320s][debug][gc,age         ] GC(44) Desired survivor size 102760448 bytes, new threshold 1 (max threshold 15)
[1157.320s][info ][gc,heap        ] GC(44) PSYoungGen: 1867808K(1977344K)->6608K(1996800K) Eden: 1864192K(1864192K)->0K(1889792K) From: 3616K(113152K)->6608K(107008K)
[1157.320s][info ][gc,heap        ] GC(44) ParOldGen: 596015K(596480K)->597663K(598016K)
[1157.320s][info ][gc,metaspace   ] GC(44) Metaspace: 109834K(111104K)->109834K(111104K) NonClass: 93731K(94464K)->93731K(94464K) Class: 16102K(16640K)->16102K(16640K)
[1157.320s][info ][gc             ] GC(44) Pause Young (Allocation Failure) 2406M->590M(2534M) 5.256ms
[1157.320s][info ][gc,cpu         ] GC(44) User=0.02s Sys=0.00s Real=0.01s
[1157.320s][info ][safepoint      ] Safepoint "ParallelCollectForAllocation", Time since last: 51992926848 ns, Reaching safepoint: 5800 ns, At safepoint: 5314995 ns, Leaving safepoint: 3000 ns, Total: 5323795 ns, Threads: 0 runnable, 30 total
[1213.015s][info ][gc,start       ] GC(45) Pause Young (Allocation Failure)
[1213.020s][debug][gc,phases      ] GC(45) Scavenge 4.774ms
[1213.020s][debug][gc,ref         ] GC(45) ReferenceProcessor::execute queues: 1, RefProcThreadModel::Single, marks_oops_alive: false
[1213.020s][debug][gc,ref         ] GC(45) Skipped KeepAliveFinalRefsPhase of Reference Processing: no references
[1213.020s][debug][gc,ref         ] GC(45) Skipped PhantomRefsPhase of Reference Processing: no references
[1213.020s][debug][gc,phases      ] GC(45) Reference Processing 0.101ms
[1213.021s][debug][gc,phases      ] GC(45)   VM Weak                        Min: 0.00, Avg: 0.00, Max: 0.01, Diff: 0.01, Sum: 0.01, Workers: 4
[1213.021s][debug][gc,phases      ] GC(45)     Dead                           Min: 0, Avg:  0.0, Max: 0, Diff: 0, Sum: 0, Workers: 4
[1213.021s][debug][gc,phases      ] GC(45)     Total                          Min: 0, Avg: 237.2, Max: 576, Diff: 576, Sum: 949, Workers: 4
[1213.021s][debug][gc,phases      ] GC(45)   ObjectSynchronizer Weak        Min: 0.00, Avg: 0.00, Max: 0.00, Diff: 0.00, Sum: 0.00, Workers: 4
[1213.021s][debug][gc,phases      ] GC(45)     Dead                           Min: 0, Avg:  0.0, Max: 0, Diff: 0, Sum: 0, Workers: 4
[1213.021s][debug][gc,phases      ] GC(45)     Total                          Min: 0, Avg:  1.5, Max: 6, Diff: 6, Sum: 6, Workers: 4
[1213.021s][debug][gc,phases      ] GC(45)   JVMTI Tag Weak OopStorage      Min: 0.00, Avg: 0.00, Max: 0.00, Diff: 0.00, Sum: 0.00, Workers: 4
[1213.021s][debug][gc,phases      ] GC(45)     Dead                           Min: 0, Avg:  0.0, Max: 0, Diff: 0, Sum: 0, Workers: 4
[1213.021s][debug][gc,phases      ] GC(45)     Total                          Min: 0, Avg:  0.0, Max: 0, Diff: 0, Sum: 0, Workers: 4
[1213.021s][debug][gc,phases      ] GC(45)   StringTable Weak               Min: 0.00, Avg: 0.10, Max: 0.14, Diff: 0.14, Sum: 0.40, Workers: 4
[1213.021s][debug][gc,phases      ] GC(45)     Dead                           Min: 0, Avg:  0.0, Max: 0, Diff: 0, Sum: 0, Workers: 4
[1213.021s][debug][gc,phases      ] GC(45)     Total                          Min: 0, Avg: 12555.0, Max: 20524, Diff: 20524, Sum: 50220, Workers: 4
[1213.021s][debug][gc,phases      ] GC(45)   ResolvedMethodTable Weak       Min: 0.00, Avg: 0.03, Max: 0.05, Diff: 0.05, Sum: 0.14, Workers: 4
[1213.021s][debug][gc,phases      ] GC(45)     Dead                           Min: 0, Avg:  5.0, Max: 16, Diff: 16, Sum: 20, Workers: 4
[1213.021s][debug][gc,phases      ] GC(45)     Total                          Min: 0, Avg: 4221.0, Max: 6903, Diff: 6903, Sum: 16884, Workers: 4
[1213.021s][debug][gc,phases      ] GC(45)   JNI Weak                       Min: 0.00, Avg: 0.00, Max: 0.00, Diff: 0.00, Sum: 0.00, Workers: 4
[1213.021s][debug][gc,phases      ] GC(45)     Dead                           Min: 0, Avg:  0.0, Max: 0, Diff: 0, Sum: 0, Workers: 4
[1213.021s][debug][gc,phases      ] GC(45)     Total                          Min: 0, Avg: 13.0, Max: 48, Diff: 48, Sum: 52, Workers: 4
[1213.021s][debug][gc,phases      ] GC(45)   StringDedup Table Weak         Min: 0.00, Avg: 0.00, Max: 0.00, Diff: 0.00, Sum: 0.00, Workers: 4
[1213.021s][debug][gc,phases      ] GC(45)     Dead                           Min: 0, Avg:  0.0, Max: 0, Diff: 0, Sum: 0, Workers: 4
[1213.021s][debug][gc,phases      ] GC(45)     Total                          Min: 0, Avg:  0.0, Max: 0, Diff: 0, Sum: 0, Workers: 4
[1213.021s][debug][gc,phases      ] GC(45)   StringDedup Requests0 Weak     Min: 0.00, Avg: 0.00, Max: 0.00, Diff: 0.00, Sum: 0.00, Workers: 4
[1213.021s][debug][gc,phases      ] GC(45)     Dead                           Min: 0, Avg:  0.0, Max: 0, Diff: 0, Sum: 0, Workers: 4
[1213.021s][debug][gc,phases      ] GC(45)     Total                          Min: 0, Avg:  0.0, Max: 0, Diff: 0, Sum: 0, Workers: 4
[1213.021s][debug][gc,phases      ] GC(45)   StringDedup Requests1 Weak     Min: 0.00, Avg: 0.00, Max: 0.00, Diff: 0.00, Sum: 0.00, Workers: 4
[1213.021s][debug][gc,phases      ] GC(45)     Dead                           Min: 0, Avg:  0.0, Max: 0, Diff: 0, Sum: 0, Workers: 4
[1213.021s][debug][gc,phases      ] GC(45)     Total                          Min: 0, Avg:  0.0, Max: 0, Diff: 0, Sum: 0, Workers: 4
[1213.021s][debug][gc,phases      ] GC(45)   Weak JFR Old Object Samples    Min: 0.00, Avg: 0.00, Max: 0.00, Diff: 0.00, Sum: 0.00, Workers: 4
[1213.021s][debug][gc,phases      ] GC(45)     Dead                           Min: 0, Avg:  0.0, Max: 0, Diff: 0, Sum: 0, Workers: 4
[1213.021s][debug][gc,phases      ] GC(45)     Total                          Min: 0, Avg:  0.0, Max: 0, Diff: 0, Sum: 0, Workers: 4
[1213.021s][debug][gc,phases      ] GC(45) Weak Processing 0.377ms
[1213.021s][debug][gc,age         ] GC(45) Desired survivor size 96993280 bytes, new threshold 1 (max threshold 15)
[1213.021s][info ][gc,heap        ] GC(45) PSYoungGen: 1896400K(1996800K)->3712K(1990144K) Eden: 1889792K(1889792K)->0K(1889792K) From: 6608K(107008K)->3712K(100352K)
[1213.021s][info ][gc,heap        ] GC(45) ParOldGen: 597663K(598016K)->602212K(602624K)
[1213.021s][info ][gc,metaspace   ] GC(45) Metaspace: 109841K(111104K)->109841K(111104K) NonClass: 93738K(94464K)->93738K(94464K) Class: 16102K(16640K)->16102K(16640K)
[1213.021s][info ][gc             ] GC(45) Pause Young (Allocation Failure) 2435M->591M(2532M) 5.378ms
[1213.021s][info ][gc,cpu         ] GC(45) User=0.01s Sys=0.00s Real=0.01s
[1213.021s][info ][safepoint      ] Safepoint "ParallelCollectForAllocation", Time since last: 55695296885 ns, Reaching safepoint: 79600 ns, At safepoint: 5438496 ns, Leaving safepoint: 5800 ns, Total: 5523896 ns, Threads: 1 runnable, 30 total
[1269.067s][info ][gc,start       ] GC(46) Pause Young (Allocation Failure)
[1269.070s][debug][gc,phases      ] GC(46) Scavenge 3.460ms
[1269.070s][debug][gc,ref         ] GC(46) ReferenceProcessor::execute queues: 1, RefProcThreadModel::Single, marks_oops_alive: false
[1269.071s][debug][gc,ref         ] GC(46) Skipped KeepAliveFinalRefsPhase of Reference Processing: no references
[1269.071s][debug][gc,ref         ] GC(46) Skipped PhantomRefsPhase of Reference Processing: no references
[1269.071s][debug][gc,phases      ] GC(46) Reference Processing 0.094ms
[1269.071s][debug][gc,phases      ] GC(46)   VM Weak                        Min: 0.00, Avg: 0.00, Max: 0.01, Diff: 0.01, Sum: 0.01, Workers: 4
[1269.071s][debug][gc,phases      ] GC(46)     Dead                           Min: 0, Avg:  0.0, Max: 0, Diff: 0, Sum: 0, Workers: 4
[1269.071s][debug][gc,phases      ] GC(46)     Total                          Min: 0, Avg: 237.2, Max: 640, Diff: 640, Sum: 949, Workers: 4
[1269.071s][debug][gc,phases      ] GC(46)   ObjectSynchronizer Weak        Min: 0.00, Avg: 0.00, Max: 0.00, Diff: 0.00, Sum: 0.00, Workers: 4
[1269.071s][debug][gc,phases      ] GC(46)     Dead                           Min: 0, Avg:  0.0, Max: 0, Diff: 0, Sum: 0, Workers: 4
[1269.071s][debug][gc,phases      ] GC(46)     Total                          Min: 0, Avg:  1.5, Max: 6, Diff: 6, Sum: 6, Workers: 4
[1269.071s][debug][gc,phases      ] GC(46)   JVMTI Tag Weak OopStorage      Min: 0.00, Avg: 0.00, Max: 0.00, Diff: 0.00, Sum: 0.00, Workers: 4
[1269.071s][debug][gc,phases      ] GC(46)     Dead                           Min: 0, Avg:  0.0, Max: 0, Diff: 0, Sum: 0, Workers: 4
[1269.071s][debug][gc,phases      ] GC(46)     Total                          Min: 0, Avg:  0.0, Max: 0, Diff: 0, Sum: 0, Workers: 4
[1269.071s][debug][gc,phases      ] GC(46)   StringTable Weak               Min: 0.00, Avg: 0.11, Max: 0.15, Diff: 0.15, Sum: 0.45, Workers: 4
[1269.071s][debug][gc,phases      ] GC(46)     Dead                           Min: 0, Avg:  0.0, Max: 0, Diff: 0, Sum: 0, Workers: 4
[1269.071s][debug][gc,phases      ] GC(46)     Total                          Min: 0, Avg: 12555.5, Max: 20991, Diff: 20991, Sum: 50222, Workers: 4
[1269.071s][debug][gc,phases      ] GC(46)   ResolvedMethodTable Weak       Min: 0.00, Avg: 0.04, Max: 0.05, Diff: 0.05, Sum: 0.14, Workers: 4
[1269.071s][debug][gc,phases      ] GC(46)     Dead                           Min: 0, Avg:  5.0, Max: 11, Diff: 11, Sum: 20, Workers: 4
[1269.071s][debug][gc,phases      ] GC(46)     Total                          Min: 0, Avg: 4221.0, Max: 7820, Diff: 7820, Sum: 16884, Workers: 4
[1269.071s][debug][gc,phases      ] GC(46)   JNI Weak                       Min: 0.00, Avg: 0.00, Max: 0.00, Diff: 0.00, Sum: 0.00, Workers: 4
[1269.071s][debug][gc,phases      ] GC(46)     Dead                           Min: 0, Avg:  0.0, Max: 0, Diff: 0, Sum: 0, Workers: 4
[1269.071s][debug][gc,phases      ] GC(46)     Total                          Min: 0, Avg: 13.0, Max: 48, Diff: 48, Sum: 52, Workers: 4
[1269.071s][debug][gc,phases      ] GC(46)   StringDedup Table Weak         Min: 0.00, Avg: 0.00, Max: 0.00, Diff: 0.00, Sum: 0.00, Workers: 4
[1269.071s][debug][gc,phases      ] GC(46)     Dead                           Min: 0, Avg:  0.0, Max: 0, Diff: 0, Sum: 0, Workers: 4
[1269.071s][debug][gc,phases      ] GC(46)     Total                          Min: 0, Avg:  0.0, Max: 0, Diff: 0, Sum: 0, Workers: 4
[1269.071s][debug][gc,phases      ] GC(46)   StringDedup Requests0 Weak     Min: 0.00, Avg: 0.00, Max: 0.00, Diff: 0.00, Sum: 0.00, Workers: 4
[1269.071s][debug][gc,phases      ] GC(46)     Dead                           Min: 0, Avg:  0.0, Max: 0, Diff: 0, Sum: 0, Workers: 4
[1269.071s][debug][gc,phases      ] GC(46)     Total                          Min: 0, Avg:  0.0, Max: 0, Diff: 0, Sum: 0, Workers: 4
[1269.071s][debug][gc,phases      ] GC(46)   StringDedup Requests1 Weak     Min: 0.00, Avg: 0.00, Max: 0.00, Diff: 0.00, Sum: 0.00, Workers: 4
[1269.071s][debug][gc,phases      ] GC(46)     Dead                           Min: 0, Avg:  0.0, Max: 0, Diff: 0, Sum: 0, Workers: 4
[1269.071s][debug][gc,phases      ] GC(46)     Total                          Min: 0, Avg:  0.0, Max: 0, Diff: 0, Sum: 0, Workers: 4
[1269.071s][debug][gc,phases      ] GC(46)   Weak JFR Old Object Samples    Min: 0.00, Avg: 0.00, Max: 0.00, Diff: 0.00, Sum: 0.00, Workers: 4
[1269.071s][debug][gc,phases      ] GC(46)     Dead                           Min: 0, Avg:  0.0, Max: 0, Diff: 0, Sum: 0, Workers: 4
[1269.071s][debug][gc,phases      ] GC(46)     Total                          Min: 0, Avg:  0.0, Max: 0, Diff: 0, Sum: 0, Workers: 4
[1269.071s][debug][gc,phases      ] GC(46) Weak Processing 0.384ms
[1269.071s][debug][gc,age         ] GC(46) Desired survivor size 91226112 bytes, new threshold 1 (max threshold 15)
[1269.071s][info ][gc,heap        ] GC(46) PSYoungGen: 1893504K(1990144K)->3632K(2008064K) Eden: 1889792K(1889792K)->0K(1913344K) From: 3712K(100352K)->3632K(94720K)
[1269.071s][info ][gc,heap        ] GC(46) ParOldGen: 602212K(602624K)->602940K(603136K)
[1269.071s][info ][gc,metaspace   ] GC(46) Metaspace: 109855K(111104K)->109855K(111104K) NonClass: 93752K(94464K)->93752K(94464K) Class: 16102K(16640K)->16102K(16640K)
[1269.071s][info ][gc             ] GC(46) Pause Young (Allocation Failure) 2437M->592M(2550M) 4.048ms
[1269.071s][info ][gc,cpu         ] GC(46) User=0.01s Sys=0.00s Real=0.01s
[1269.071s][info ][safepoint      ] Safepoint "ParallelCollectForAllocation", Time since last: 56045928108 ns, Reaching safepoint: 27000 ns, At safepoint: 4116097 ns, Leaving safepoint: 2400 ns, Total: 4145497 ns, Threads: 0 runnable, 30 total
[1324.664s][info ][gc,start       ] GC(47) Pause Young (Allocation Failure)
[1324.667s][debug][gc,phases      ] GC(47) Scavenge 2.642ms
[1324.667s][debug][gc,ref         ] GC(47) ReferenceProcessor::execute queues: 1, RefProcThreadModel::Single, marks_oops_alive: false
[1324.667s][debug][gc,ref         ] GC(47) Skipped KeepAliveFinalRefsPhase of Reference Processing: no references
[1324.667s][debug][gc,ref         ] GC(47) Skipped PhantomRefsPhase of Reference Processing: no references
[1324.667s][debug][gc,phases      ] GC(47) Reference Processing 0.094ms
[1324.667s][debug][gc,phases      ] GC(47)   VM Weak                        Min: 0.00, Avg: 0.00, Max: 0.01, Diff: 0.01, Sum: 0.01, Workers: 4
[1324.667s][debug][gc,phases      ] GC(47)     Dead                           Min: 0, Avg:  0.0, Max: 0, Diff: 0, Sum: 0, Workers: 4
[1324.667s][debug][gc,phases      ] GC(47)     Total                          Min: 0, Avg: 237.2, Max: 576, Diff: 576, Sum: 949, Workers: 4
[1324.667s][debug][gc,phases      ] GC(47)   ObjectSynchronizer Weak        Min: 0.00, Avg: 0.00, Max: 0.00, Diff: 0.00, Sum: 0.00, Workers: 4
[1324.667s][debug][gc,phases      ] GC(47)     Dead                           Min: 0, Avg:  0.0, Max: 0, Diff: 0, Sum: 0, Workers: 4
[1324.667s][debug][gc,phases      ] GC(47)     Total                          Min: 0, Avg:  1.2, Max: 5, Diff: 5, Sum: 5, Workers: 4
[1324.667s][debug][gc,phases      ] GC(47)   JVMTI Tag Weak OopStorage      Min: 0.00, Avg: 0.00, Max: 0.00, Diff: 0.00, Sum: 0.00, Workers: 4
[1324.667s][debug][gc,phases      ] GC(47)     Dead                           Min: 0, Avg:  0.0, Max: 0, Diff: 0, Sum: 0, Workers: 4
[1324.667s][debug][gc,phases      ] GC(47)     Total                          Min: 0, Avg:  0.0, Max: 0, Diff: 0, Sum: 0, Workers: 4
[1324.667s][debug][gc,phases      ] GC(47)   StringTable Weak               Min: 0.11, Avg: 0.12, Max: 0.12, Diff: 0.01, Sum: 0.48, Workers: 4
[1324.667s][debug][gc,phases      ] GC(47)     Dead                           Min: 0, Avg:  0.0, Max: 0, Diff: 0, Sum: 0, Workers: 4
[1324.667s][debug][gc,phases      ] GC(47)     Total                          Min: 11904, Avg: 12556.2, Max: 12863, Diff: 959, Sum: 50225, Workers: 4
[1324.667s][debug][gc,phases      ] GC(47)   ResolvedMethodTable Weak       Min: 0.04, Avg: 0.04, Max: 0.04, Diff: 0.00, Sum: 0.15, Workers: 4
[1324.667s][debug][gc,phases      ] GC(47)     Dead                           Min: 0, Avg:  5.0, Max: 11, Diff: 11, Sum: 20, Workers: 4
[1324.667s][debug][gc,phases      ] GC(47)     Total                          Min: 4047, Avg: 4221.0, Max: 4380, Diff: 333, Sum: 16884, Workers: 4
[1324.667s][debug][gc,phases      ] GC(47)   JNI Weak                       Min: 0.00, Avg: 0.00, Max: 0.00, Diff: 0.00, Sum: 0.00, Workers: 4
[1324.667s][debug][gc,phases      ] GC(47)     Dead                           Min: 0, Avg:  0.0, Max: 0, Diff: 0, Sum: 0, Workers: 4
[1324.667s][debug][gc,phases      ] GC(47)     Total                          Min: 0, Avg: 13.0, Max: 48, Diff: 48, Sum: 52, Workers: 4
[1324.667s][debug][gc,phases      ] GC(47)   StringDedup Table Weak         Min: 0.00, Avg: 0.00, Max: 0.00, Diff: 0.00, Sum: 0.00, Workers: 4
[1324.667s][debug][gc,phases      ] GC(47)     Dead                           Min: 0, Avg:  0.0, Max: 0, Diff: 0, Sum: 0, Workers: 4
[1324.667s][debug][gc,phases      ] GC(47)     Total                          Min: 0, Avg:  0.0, Max: 0, Diff: 0, Sum: 0, Workers: 4
[1324.667s][debug][gc,phases      ] GC(47)   StringDedup Requests0 Weak     Min: 0.00, Avg: 0.00, Max: 0.00, Diff: 0.00, Sum: 0.00, Workers: 4
[1324.667s][debug][gc,phases      ] GC(47)     Dead                           Min: 0, Avg:  0.0, Max: 0, Diff: 0, Sum: 0, Workers: 4
[1324.667s][debug][gc,phases      ] GC(47)     Total                          Min: 0, Avg:  0.0, Max: 0, Diff: 0, Sum: 0, Workers: 4
[1324.667s][debug][gc,phases      ] GC(47)   StringDedup Requests1 Weak     Min: 0.00, Avg: 0.00, Max: 0.00, Diff: 0.00, Sum: 0.00, Workers: 4
[1324.667s][debug][gc,phases      ] GC(47)     Dead                           Min: 0, Avg:  0.0, Max: 0, Diff: 0, Sum: 0, Workers: 4
[1324.667s][debug][gc,phases      ] GC(47)     Total                          Min: 0, Avg:  0.0, Max: 0, Diff: 0, Sum: 0, Workers: 4
[1324.667s][debug][gc,phases      ] GC(47)   Weak JFR Old Object Samples    Min: 0.00, Avg: 0.00, Max: 0.00, Diff: 0.00, Sum: 0.00, Workers: 4
[1324.667s][debug][gc,phases      ] GC(47)     Dead                           Min: 0, Avg:  0.0, Max: 0, Diff: 0, Sum: 0, Workers: 4
[1324.667s][debug][gc,phases      ] GC(47)     Total                          Min: 0, Avg:  0.0, Max: 0, Diff: 0, Sum: 0, Workers: 4
[1324.667s][debug][gc,phases      ] GC(47) Weak Processing 0.365ms
[1324.667s][debug][gc,age         ] GC(47) Desired survivor size 85983232 bytes, new threshold 1 (max threshold 15)
[1324.667s][info ][gc,heap        ] GC(47) PSYoungGen: 1916976K(2008064K)->2752K(2002432K) Eden: 1913344K(1913344K)->0K(1913344K) From: 3632K(94720K)->2752K(89088K)
[1324.667s][info ][gc,heap        ] GC(47) ParOldGen: 602940K(603136K)->603973K(604160K)
[1324.667s][info ][gc,metaspace   ] GC(47) Metaspace: 109879K(111104K)->109879K(111104K) NonClass: 93777K(94464K)->93777K(94464K) Class: 16102K(16640K)->16102K(16640K)
[1324.667s][info ][gc             ] GC(47) Pause Young (Allocation Failure) 2460M->592M(2545M) 3.204ms
[1324.667s][info ][gc,cpu         ] GC(47) User=0.01s Sys=0.01s Real=0.00s
[1324.667s][info ][safepoint      ] Safepoint "ParallelCollectForAllocation", Time since last: 55592780280 ns, Reaching safepoint: 109200 ns, At safepoint: 3263597 ns, Leaving safepoint: 7900 ns, Total: 3380697 ns, Threads: 1 runnable, 26 total
[1359.920s][info ][gc,start       ] GC(48) Pause Young (Allocation Failure)
[1359.937s][debug][gc,phases      ] GC(48) Scavenge 16.596ms
[1359.937s][debug][gc,ref         ] GC(48) ReferenceProcessor::execute queues: 1, RefProcThreadModel::Single, marks_oops_alive: false
[1359.937s][debug][gc,ref         ] GC(48) Skipped KeepAliveFinalRefsPhase of Reference Processing: no references
[1359.937s][debug][gc,ref         ] GC(48) Skipped PhantomRefsPhase of Reference Processing: no references
[1359.937s][debug][gc,phases      ] GC(48) Reference Processing 0.121ms
[1359.937s][debug][gc,phases      ] GC(48)   VM Weak                        Min: 0.00, Avg: 0.00, Max: 0.01, Diff: 0.01, Sum: 0.01, Workers: 4
[1359.937s][debug][gc,phases      ] GC(48)     Dead                           Min: 0, Avg:  0.0, Max: 0, Diff: 0, Sum: 0, Workers: 4
[1359.937s][debug][gc,phases      ] GC(48)     Total                          Min: 0, Avg: 237.2, Max: 576, Diff: 576, Sum: 949, Workers: 4
[1359.937s][debug][gc,phases      ] GC(48)   ObjectSynchronizer Weak        Min: 0.00, Avg: 0.00, Max: 0.00, Diff: 0.00, Sum: 0.00, Workers: 4
[1359.937s][debug][gc,phases      ] GC(48)     Dead                           Min: 0, Avg:  0.0, Max: 0, Diff: 0, Sum: 0, Workers: 4
[1359.937s][debug][gc,phases      ] GC(48)     Total                          Min: 0, Avg:  1.5, Max: 6, Diff: 6, Sum: 6, Workers: 4
[1359.937s][debug][gc,phases      ] GC(48)   JVMTI Tag Weak OopStorage      Min: 0.00, Avg: 0.00, Max: 0.00, Diff: 0.00, Sum: 0.00, Workers: 4
[1359.937s][debug][gc,phases      ] GC(48)     Dead                           Min: 0, Avg:  0.0, Max: 0, Diff: 0, Sum: 0, Workers: 4
[1359.937s][debug][gc,phases      ] GC(48)     Total                          Min: 0, Avg:  0.0, Max: 0, Diff: 0, Sum: 0, Workers: 4
[1359.937s][debug][gc,phases      ] GC(48)   StringTable Weak               Min: 0.01, Avg: 0.12, Max: 0.16, Diff: 0.15, Sum: 0.47, Workers: 4
[1359.937s][debug][gc,phases      ] GC(48)     Dead                           Min: 0, Avg:  0.0, Max: 0, Diff: 0, Sum: 0, Workers: 4
[1359.938s][debug][gc,phases      ] GC(48)     Total                          Min: 639, Avg: 12558.0, Max: 20032, Diff: 19393, Sum: 50232, Workers: 4
[1359.938s][debug][gc,phases      ] GC(48)   ResolvedMethodTable Weak       Min: 0.04, Avg: 0.04, Max: 0.04, Diff: 0.00, Sum: 0.15, Workers: 4
[1359.938s][debug][gc,phases      ] GC(48)     Dead                           Min: 0, Avg:  5.0, Max: 11, Diff: 11, Sum: 20, Workers: 4
[1359.938s][debug][gc,phases      ] GC(48)     Total                          Min: 3973, Avg: 4221.0, Max: 4635, Diff: 662, Sum: 16884, Workers: 4
[1359.938s][debug][gc,phases      ] GC(48)   JNI Weak                       Min: 0.00, Avg: 0.00, Max: 0.00, Diff: 0.00, Sum: 0.00, Workers: 4
[1359.938s][debug][gc,phases      ] GC(48)     Dead                           Min: 0, Avg:  0.0, Max: 0, Diff: 0, Sum: 0, Workers: 4
[1359.938s][debug][gc,phases      ] GC(48)     Total                          Min: 0, Avg: 13.0, Max: 48, Diff: 48, Sum: 52, Workers: 4
[1359.938s][debug][gc,phases      ] GC(48)   StringDedup Table Weak         Min: 0.00, Avg: 0.00, Max: 0.00, Diff: 0.00, Sum: 0.00, Workers: 4
[1359.938s][debug][gc,phases      ] GC(48)     Dead                           Min: 0, Avg:  0.0, Max: 0, Diff: 0, Sum: 0, Workers: 4
[1359.938s][debug][gc,phases      ] GC(48)     Total                          Min: 0, Avg:  0.0, Max: 0, Diff: 0, Sum: 0, Workers: 4
[1359.938s][debug][gc,phases      ] GC(48)   StringDedup Requests0 Weak     Min: 0.00, Avg: 0.00, Max: 0.00, Diff: 0.00, Sum: 0.00, Workers: 4
[1359.938s][debug][gc,phases      ] GC(48)     Dead                           Min: 0, Avg:  0.0, Max: 0, Diff: 0, Sum: 0, Workers: 4
[1359.938s][debug][gc,phases      ] GC(48)     Total                          Min: 0, Avg:  0.0, Max: 0, Diff: 0, Sum: 0, Workers: 4
[1359.938s][debug][gc,phases      ] GC(48)   StringDedup Requests1 Weak     Min: 0.00, Avg: 0.00, Max: 0.00, Diff: 0.00, Sum: 0.00, Workers: 4
[1359.938s][debug][gc,phases      ] GC(48)     Dead                           Min: 0, Avg:  0.0, Max: 0, Diff: 0, Sum: 0, Workers: 4
[1359.938s][debug][gc,phases      ] GC(48)     Total                          Min: 0, Avg:  0.0, Max: 0, Diff: 0, Sum: 0, Workers: 4
[1359.938s][debug][gc,phases      ] GC(48)   Weak JFR Old Object Samples    Min: 0.00, Avg: 0.00, Max: 0.00, Diff: 0.00, Sum: 0.00, Workers: 4
[1359.938s][debug][gc,phases      ] GC(48)     Dead                           Min: 0, Avg:  0.0, Max: 0, Diff: 0, Sum: 0, Workers: 4
[1359.938s][debug][gc,phases      ] GC(48)     Total                          Min: 0, Avg:  0.0, Max: 0, Diff: 0, Sum: 0, Workers: 4
[1359.938s][debug][gc,phases      ] GC(48) Weak Processing 0.391ms
[1359.938s][debug][gc,age         ] GC(48) Desired survivor size 87556096 bytes, new threshold 1 (max threshold 15)
[1359.938s][info ][gc,heap        ] GC(48) PSYoungGen: 1916096K(2002432K)->37217K(2010112K) Eden: 1913344K(1913344K)->0K(1926144K) From: 2752K(89088K)->37217K(83968K)
[1359.938s][info ][gc,heap        ] GC(48) ParOldGen: 603973K(604160K)->604633K(604672K)
[1359.938s][info ][gc,metaspace   ] GC(48) Metaspace: 109887K(111104K)->109887K(111104K) NonClass: 93784K(94464K)->93784K(94464K) Class: 16102K(16640K)->16102K(16640K)
[1359.938s][info ][gc             ] GC(48) Pause Young (Allocation Failure) 2461M->626M(2553M) 17.237ms
[1359.938s][info ][gc,cpu         ] GC(48) User=0.05s Sys=0.01s Real=0.01s
[1359.938s][info ][safepoint      ] Safepoint "ParallelCollectForAllocation", Time since last: 35253092124 ns, Reaching safepoint: 99200 ns, At safepoint: 17313288 ns, Leaving safepoint: 16400 ns, Total: 17428888 ns, Threads: 3 runnable, 31 total
[1363.263s][info ][gc,start       ] GC(49) Pause Young (Allocation Failure)
[1363.295s][debug][gc,phases      ] GC(49) Scavenge 31.020ms
[1363.295s][debug][gc,ref         ] GC(49) Skipped SoftWeakFinalRefsPhase of Reference Processing: no references
[1363.295s][debug][gc,ref         ] GC(49) Skipped KeepAliveFinalRefsPhase of Reference Processing: no references
[1363.295s][debug][gc,ref         ] GC(49) Skipped PhantomRefsPhase of Reference Processing: no references
[1363.295s][debug][gc,phases      ] GC(49) Reference Processing 0.029ms
[1363.295s][debug][gc,phases      ] GC(49)   VM Weak                        Min: 0.00, Avg: 0.00, Max: 0.01, Diff: 0.01, Sum: 0.01, Workers: 4
[1363.295s][debug][gc,phases      ] GC(49)     Dead                           Min: 0, Avg:  0.0, Max: 0, Diff: 0, Sum: 0, Workers: 4
[1363.295s][debug][gc,phases      ] GC(49)     Total                          Min: 0, Avg: 237.2, Max: 768, Diff: 768, Sum: 949, Workers: 4
[1363.295s][debug][gc,phases      ] GC(49)   ObjectSynchronizer Weak        Min: 0.00, Avg: 0.00, Max: 0.00, Diff: 0.00, Sum: 0.00, Workers: 4
[1363.295s][debug][gc,phases      ] GC(49)     Dead                           Min: 0, Avg:  0.0, Max: 0, Diff: 0, Sum: 0, Workers: 4
[1363.295s][debug][gc,phases      ] GC(49)     Total                          Min: 0, Avg:  1.8, Max: 7, Diff: 7, Sum: 7, Workers: 4
[1363.295s][debug][gc,phases      ] GC(49)   JVMTI Tag Weak OopStorage      Min: 0.00, Avg: 0.00, Max: 0.00, Diff: 0.00, Sum: 0.00, Workers: 4
[1363.295s][debug][gc,phases      ] GC(49)     Dead                           Min: 0, Avg:  0.0, Max: 0, Diff: 0, Sum: 0, Workers: 4
[1363.295s][debug][gc,phases      ] GC(49)     Total                          Min: 0, Avg:  0.0, Max: 0, Diff: 0, Sum: 0, Workers: 4
[1363.295s][debug][gc,phases      ] GC(49)   StringTable Weak               Min: 0.00, Avg: 0.12, Max: 0.17, Diff: 0.17, Sum: 0.49, Workers: 4
[1363.295s][debug][gc,phases      ] GC(49)     Dead                           Min: 0, Avg:  0.0, Max: 0, Diff: 0, Sum: 0, Workers: 4
[1363.295s][debug][gc,phases      ] GC(49)     Total                          Min: 0, Avg: 12560.5, Max: 16898, Diff: 16898, Sum: 50242, Workers: 4
[1363.295s][debug][gc,phases      ] GC(49)   ResolvedMethodTable Weak       Min: 0.00, Avg: 0.04, Max: 0.05, Diff: 0.05, Sum: 0.16, Workers: 4
[1363.295s][debug][gc,phases      ] GC(49)     Dead                           Min: 0, Avg:  0.0, Max: 0, Diff: 0, Sum: 0, Workers: 4
[1363.295s][debug][gc,phases      ] GC(49)     Total                          Min: 0, Avg: 4221.5, Max: 5662, Diff: 5662, Sum: 16886, Workers: 4
[1363.295s][debug][gc,phases      ] GC(49)   JNI Weak                       Min: 0.00, Avg: 0.00, Max: 0.00, Diff: 0.00, Sum: 0.00, Workers: 4
[1363.295s][debug][gc,phases      ] GC(49)     Dead                           Min: 0, Avg:  0.0, Max: 0, Diff: 0, Sum: 0, Workers: 4
[1363.295s][debug][gc,phases      ] GC(49)     Total                          Min: 0, Avg: 13.0, Max: 48, Diff: 48, Sum: 52, Workers: 4
[1363.295s][debug][gc,phases      ] GC(49)   StringDedup Table Weak         Min: 0.00, Avg: 0.00, Max: 0.00, Diff: 0.00, Sum: 0.00, Workers: 4
[1363.295s][debug][gc,phases      ] GC(49)     Dead                           Min: 0, Avg:  0.0, Max: 0, Diff: 0, Sum: 0, Workers: 4
[1363.295s][debug][gc,phases      ] GC(49)     Total                          Min: 0, Avg:  0.0, Max: 0, Diff: 0, Sum: 0, Workers: 4
[1363.295s][debug][gc,phases      ] GC(49)   StringDedup Requests0 Weak     Min: 0.00, Avg: 0.00, Max: 0.00, Diff: 0.00, Sum: 0.00, Workers: 4
[1363.295s][debug][gc,phases      ] GC(49)     Dead                           Min: 0, Avg:  0.0, Max: 0, Diff: 0, Sum: 0, Workers: 4
[1363.295s][debug][gc,phases      ] GC(49)     Total                          Min: 0, Avg:  0.0, Max: 0, Diff: 0, Sum: 0, Workers: 4
[1363.295s][debug][gc,phases      ] GC(49)   StringDedup Requests1 Weak     Min: 0.00, Avg: 0.00, Max: 0.00, Diff: 0.00, Sum: 0.00, Workers: 4
[1363.295s][debug][gc,phases      ] GC(49)     Dead                           Min: 0, Avg:  0.0, Max: 0, Diff: 0, Sum: 0, Workers: 4
[1363.295s][debug][gc,phases      ] GC(49)     Total                          Min: 0, Avg:  0.0, Max: 0, Diff: 0, Sum: 0, Workers: 4
[1363.295s][debug][gc,phases      ] GC(49)   Weak JFR Old Object Samples    Min: 0.00, Avg: 0.00, Max: 0.00, Diff: 0.00, Sum: 0.00, Workers: 4
[1363.295s][debug][gc,phases      ] GC(49)     Dead                           Min: 0, Avg:  0.0, Max: 0, Diff: 0, Sum: 0, Workers: 4
[1363.295s][debug][gc,phases      ] GC(49)     Total                          Min: 0, Avg:  0.0, Max: 0, Diff: 0, Sum: 0, Workers: 4
[1363.295s][debug][gc,phases      ] GC(49) Weak Processing 0.386ms
[1363.295s][debug][gc,age         ] GC(49) Desired survivor size 112197632 bytes, new threshold 1 (max threshold 15)
[1363.295s][info ][gc,heap        ] GC(49) PSYoungGen: 1963361K(2010112K)->85472K(2011648K) Eden: 1926144K(1926144K)->0K(1926144K) From: 37217K(83968K)->85472K(85504K)
[1363.295s][info ][gc,heap        ] GC(49) ParOldGen: 604633K(604672K)->618910K(619008K)
[1363.295s][info ][gc,metaspace   ] GC(49) Metaspace: 109951K(111168K)->109951K(111168K) NonClass: 93848K(94528K)->93848K(94528K) Class: 16103K(16640K)->16103K(16640K)
[1363.295s][info ][gc             ] GC(49) Pause Young (Allocation Failure) 2507M->687M(2569M) 31.563ms
[1363.295s][info ][gc,cpu         ] GC(49) User=0.11s Sys=0.02s Real=0.03s
[1363.295s][info ][safepoint      ] Safepoint "ParallelCollectForAllocation", Time since last: 3325704791 ns, Reaching safepoint: 82699 ns, At safepoint: 31632479 ns, Leaving safepoint: 9500 ns, Total: 31724678 ns, Threads: 1 runnable, 32 total
[1385.566s][info ][gc,start       ] GC(50) Pause Young (Allocation Failure)
[1385.609s][debug][gc,phases      ] GC(50) Scavenge 43.019ms
[1385.609s][debug][gc,ref         ] GC(50) ReferenceProcessor::execute queues: 1, RefProcThreadModel::Single, marks_oops_alive: false
[1385.609s][debug][gc,ref         ] GC(50) Skipped KeepAliveFinalRefsPhase of Reference Processing: no references
[1385.609s][debug][gc,ref         ] GC(50) Skipped PhantomRefsPhase of Reference Processing: no references
[1385.609s][debug][gc,phases      ] GC(50) Reference Processing 0.094ms
[1385.609s][debug][gc,phases      ] GC(50)   VM Weak                        Min: 0.00, Avg: 0.00, Max: 0.01, Diff: 0.01, Sum: 0.01, Workers: 4
[1385.609s][debug][gc,phases      ] GC(50)     Dead                           Min: 0, Avg:  0.0, Max: 0, Diff: 0, Sum: 0, Workers: 4
[1385.609s][debug][gc,phases      ] GC(50)     Total                          Min: 0, Avg: 237.2, Max: 640, Diff: 640, Sum: 949, Workers: 4
[1385.609s][debug][gc,phases      ] GC(50)   ObjectSynchronizer Weak        Min: 0.00, Avg: 0.00, Max: 0.00, Diff: 0.00, Sum: 0.00, Workers: 4
[1385.609s][debug][gc,phases      ] GC(50)     Dead                           Min: 0, Avg:  0.0, Max: 0, Diff: 0, Sum: 0, Workers: 4
[1385.609s][debug][gc,phases      ] GC(50)     Total                          Min: 0, Avg:  1.2, Max: 5, Diff: 5, Sum: 5, Workers: 4
[1385.609s][debug][gc,phases      ] GC(50)   JVMTI Tag Weak OopStorage      Min: 0.00, Avg: 0.00, Max: 0.00, Diff: 0.00, Sum: 0.00, Workers: 4
[1385.609s][debug][gc,phases      ] GC(50)     Dead                           Min: 0, Avg:  0.0, Max: 0, Diff: 0, Sum: 0, Workers: 4
[1385.609s][debug][gc,phases      ] GC(50)     Total                          Min: 0, Avg:  0.0, Max: 0, Diff: 0, Sum: 0, Workers: 4
[1385.609s][debug][gc,phases      ] GC(50)   StringTable Weak               Min: 0.00, Avg: 0.10, Max: 0.14, Diff: 0.14, Sum: 0.42, Workers: 4
[1385.609s][debug][gc,phases      ] GC(50)     Dead                           Min: 0, Avg:  0.0, Max: 0, Diff: 0, Sum: 0, Workers: 4
[1385.609s][debug][gc,phases      ] GC(50)     Total                          Min: 0, Avg: 12560.8, Max: 20355, Diff: 20355, Sum: 50243, Workers: 4
[1385.609s][debug][gc,phases      ] GC(50)   ResolvedMethodTable Weak       Min: 0.00, Avg: 0.03, Max: 0.04, Diff: 0.04, Sum: 0.13, Workers: 4
[1385.609s][debug][gc,phases      ] GC(50)     Dead                           Min: 0, Avg:  5.0, Max: 9, Diff: 9, Sum: 20, Workers: 4
[1385.609s][debug][gc,phases      ] GC(50)     Total                          Min: 0, Avg: 4221.5, Max: 6679, Diff: 6679, Sum: 16886, Workers: 4
[1385.609s][debug][gc,phases      ] GC(50)   JNI Weak                       Min: 0.00, Avg: 0.00, Max: 0.00, Diff: 0.00, Sum: 0.00, Workers: 4
[1385.609s][debug][gc,phases      ] GC(50)     Dead                           Min: 0, Avg:  0.0, Max: 0, Diff: 0, Sum: 0, Workers: 4
[1385.609s][debug][gc,phases      ] GC(50)     Total                          Min: 0, Avg: 13.0, Max: 48, Diff: 48, Sum: 52, Workers: 4
[1385.609s][debug][gc,phases      ] GC(50)   StringDedup Table Weak         Min: 0.00, Avg: 0.00, Max: 0.00, Diff: 0.00, Sum: 0.00, Workers: 4
[1385.609s][debug][gc,phases      ] GC(50)     Dead                           Min: 0, Avg:  0.0, Max: 0, Diff: 0, Sum: 0, Workers: 4
[1385.609s][debug][gc,phases      ] GC(50)     Total                          Min: 0, Avg:  0.0, Max: 0, Diff: 0, Sum: 0, Workers: 4
[1385.609s][debug][gc,phases      ] GC(50)   StringDedup Requests0 Weak     Min: 0.00, Avg: 0.00, Max: 0.00, Diff: 0.00, Sum: 0.00, Workers: 4
[1385.609s][debug][gc,phases      ] GC(50)     Dead                           Min: 0, Avg:  0.0, Max: 0, Diff: 0, Sum: 0, Workers: 4
[1385.609s][debug][gc,phases      ] GC(50)     Total                          Min: 0, Avg:  0.0, Max: 0, Diff: 0, Sum: 0, Workers: 4
[1385.609s][debug][gc,phases      ] GC(50)   StringDedup Requests1 Weak     Min: 0.00, Avg: 0.00, Max: 0.00, Diff: 0.00, Sum: 0.00, Workers: 4
[1385.609s][debug][gc,phases      ] GC(50)     Dead                           Min: 0, Avg:  0.0, Max: 0, Diff: 0, Sum: 0, Workers: 4
[1385.609s][debug][gc,phases      ] GC(50)     Total                          Min: 0, Avg:  0.0, Max: 0, Diff: 0, Sum: 0, Workers: 4
[1385.609s][debug][gc,phases      ] GC(50)   Weak JFR Old Object Samples    Min: 0.00, Avg: 0.00, Max: 0.00, Diff: 0.00, Sum: 0.00, Workers: 4
[1385.609s][debug][gc,phases      ] GC(50)     Dead                           Min: 0, Avg:  0.0, Max: 0, Diff: 0, Sum: 0, Workers: 4
[1385.609s][debug][gc,phases      ] GC(50)     Total                          Min: 0, Avg:  0.0, Max: 0, Diff: 0, Sum: 0, Workers: 4
[1385.609s][debug][gc,phases      ] GC(50) Weak Processing 0.382ms
[1385.609s][debug][gc,age         ] GC(50) Desired survivor size 106430464 bytes, new threshold 1 (max threshold 15)
[1385.609s][info ][gc,heap        ] GC(50) PSYoungGen: 2011616K(2011648K)->7952K(1974784K) Eden: 1926144K(1926144K)->0K(1889280K) From: 85472K(85504K)->7952K(85504K)
[1385.609s][info ][gc,heap        ] GC(50) ParOldGen: 618910K(619008K)->709260K(709632K)
[1385.609s][info ][gc,metaspace   ] GC(50) Metaspace: 109972K(111232K)->109972K(111232K) NonClass: 93868K(94592K)->93868K(94592K) Class: 16103K(16640K)->16103K(16640K)
[1385.609s][info ][gc             ] GC(50) Pause Young (Allocation Failure) 2568M->700M(2621M) 43.617ms
[1385.609s][info ][gc,cpu         ] GC(50) User=0.09s Sys=0.06s Real=0.05s
[1385.609s][info ][safepoint      ] Safepoint "ParallelCollectForAllocation", Time since last: 22270687672 ns, Reaching safepoint: 23500 ns, At safepoint: 43686170 ns, Leaving safepoint: 8800 ns, Total: 43718470 ns, Threads: 0 runnable, 32 total
[1406.386s][info ][gc,start       ] GC(51) Pause Young (Allocation Failure)
[1406.398s][debug][gc,phases      ] GC(51) Scavenge 12.261ms
[1406.398s][debug][gc,ref         ] GC(51) ReferenceProcessor::execute queues: 1, RefProcThreadModel::Single, marks_oops_alive: false
[1406.398s][debug][gc,ref         ] GC(51) Skipped KeepAliveFinalRefsPhase of Reference Processing: no references
[1406.398s][debug][gc,ref         ] GC(51) Skipped PhantomRefsPhase of Reference Processing: no references
[1406.398s][debug][gc,phases      ] GC(51) Reference Processing 0.145ms
[1406.399s][debug][gc,phases      ] GC(51)   VM Weak                        Min: 0.00, Avg: 0.00, Max: 0.01, Diff: 0.01, Sum: 0.01, Workers: 4
[1406.399s][debug][gc,phases      ] GC(51)     Dead                           Min: 0, Avg:  0.0, Max: 0, Diff: 0, Sum: 0, Workers: 4
[1406.399s][debug][gc,phases      ] GC(51)     Total                          Min: 0, Avg: 237.2, Max: 629, Diff: 629, Sum: 949, Workers: 4
[1406.399s][debug][gc,phases      ] GC(51)   ObjectSynchronizer Weak        Min: 0.00, Avg: 0.00, Max: 0.00, Diff: 0.00, Sum: 0.00, Workers: 4
[1406.399s][debug][gc,phases      ] GC(51)     Dead                           Min: 0, Avg:  0.0, Max: 0, Diff: 0, Sum: 0, Workers: 4
[1406.399s][debug][gc,phases      ] GC(51)     Total                          Min: 0, Avg:  2.2, Max: 9, Diff: 9, Sum: 9, Workers: 4
[1406.399s][debug][gc,phases      ] GC(51)   JVMTI Tag Weak OopStorage      Min: 0.00, Avg: 0.00, Max: 0.00, Diff: 0.00, Sum: 0.00, Workers: 4
[1406.399s][debug][gc,phases      ] GC(51)     Dead                           Min: 0, Avg:  0.0, Max: 0, Diff: 0, Sum: 0, Workers: 4
[1406.399s][debug][gc,phases      ] GC(51)     Total                          Min: 0, Avg:  0.0, Max: 0, Diff: 0, Sum: 0, Workers: 4
[1406.399s][debug][gc,phases      ] GC(51)   StringTable Weak               Min: 0.00, Avg: 0.12, Max: 0.23, Diff: 0.23, Sum: 0.46, Workers: 4
[1406.399s][debug][gc,phases      ] GC(51)     Dead                           Min: 0, Avg:  0.0, Max: 0, Diff: 0, Sum: 0, Workers: 4
[1406.399s][debug][gc,phases      ] GC(51)     Total                          Min: 0, Avg: 12561.0, Max: 26116, Diff: 26116, Sum: 50244, Workers: 4
[1406.399s][debug][gc,phases      ] GC(51)   ResolvedMethodTable Weak       Min: 0.00, Avg: 0.04, Max: 0.08, Diff: 0.08, Sum: 0.15, Workers: 4
[1406.399s][debug][gc,phases      ] GC(51)     Dead                           Min: 0, Avg:  0.0, Max: 0, Diff: 0, Sum: 0, Workers: 4
[1406.399s][debug][gc,phases      ] GC(51)     Total                          Min: 0, Avg: 4221.5, Max: 8472, Diff: 8472, Sum: 16886, Workers: 4
[1406.399s][debug][gc,phases      ] GC(51)   JNI Weak                       Min: 0.00, Avg: 0.00, Max: 0.00, Diff: 0.00, Sum: 0.00, Workers: 4
[1406.399s][debug][gc,phases      ] GC(51)     Dead                           Min: 0, Avg:  0.0, Max: 0, Diff: 0, Sum: 0, Workers: 4
[1406.399s][debug][gc,phases      ] GC(51)     Total                          Min: 0, Avg: 13.0, Max: 48, Diff: 48, Sum: 52, Workers: 4
[1406.399s][debug][gc,phases      ] GC(51)   StringDedup Table Weak         Min: 0.00, Avg: 0.00, Max: 0.00, Diff: 0.00, Sum: 0.00, Workers: 4
[1406.399s][debug][gc,phases      ] GC(51)     Dead                           Min: 0, Avg:  0.0, Max: 0, Diff: 0, Sum: 0, Workers: 4
[1406.399s][debug][gc,phases      ] GC(51)     Total                          Min: 0, Avg:  0.0, Max: 0, Diff: 0, Sum: 0, Workers: 4
[1406.399s][debug][gc,phases      ] GC(51)   StringDedup Requests0 Weak     Min: 0.00, Avg: 0.00, Max: 0.00, Diff: 0.00, Sum: 0.00, Workers: 4
[1406.399s][debug][gc,phases      ] GC(51)     Dead                           Min: 0, Avg:  0.0, Max: 0, Diff: 0, Sum: 0, Workers: 4
[1406.399s][debug][gc,phases      ] GC(51)     Total                          Min: 0, Avg:  0.0, Max: 0, Diff: 0, Sum: 0, Workers: 4
[1406.399s][debug][gc,phases      ] GC(51)   StringDedup Requests1 Weak     Min: 0.00, Avg: 0.00, Max: 0.00, Diff: 0.00, Sum: 0.00, Workers: 4
[1406.399s][debug][gc,phases      ] GC(51)     Dead                           Min: 0, Avg:  0.0, Max: 0, Diff: 0, Sum: 0, Workers: 4
[1406.399s][debug][gc,phases      ] GC(51)     Total                          Min: 0, Avg:  0.0, Max: 0, Diff: 0, Sum: 0, Workers: 4
[1406.399s][debug][gc,phases      ] GC(51)   Weak JFR Old Object Samples    Min: 0.00, Avg: 0.00, Max: 0.00, Diff: 0.00, Sum: 0.00, Workers: 4
[1406.399s][debug][gc,phases      ] GC(51)     Dead                           Min: 0, Avg:  0.0, Max: 0, Diff: 0, Sum: 0, Workers: 4
[1406.399s][debug][gc,phases      ] GC(51)     Total                          Min: 0, Avg:  0.0, Max: 0, Diff: 0, Sum: 0, Workers: 4
[1406.399s][debug][gc,phases      ] GC(51) Weak Processing 0.593ms
[1406.399s][debug][gc,age         ] GC(51) Desired survivor size 98566144 bytes, new threshold 1 (max threshold 15)
[1406.399s][info ][gc,heap        ] GC(51) PSYoungGen: 1897232K(1974784K)->19104K(1993216K) Eden: 1889280K(1889280K)->0K(1889280K) From: 7952K(85504K)->19104K(103936K)
[1406.399s][info ][gc,heap        ] GC(51) ParOldGen: 709260K(709632K)->714425K(714752K)
[1406.399s][info ][gc,metaspace   ] GC(51) Metaspace: 109996K(111232K)->109996K(111232K) NonClass: 93893K(94592K)->93893K(94592K) Class: 16103K(16640K)->16103K(16640K)
[1406.399s][info ][gc             ] GC(51) Pause Young (Allocation Failure) 2545M->716M(2644M) 13.140ms
[1406.399s][info ][gc,cpu         ] GC(51) User=0.04s Sys=0.00s Real=0.02s
[1406.399s][info ][safepoint      ] Safepoint "ParallelCollectForAllocation", Time since last: 20776250447 ns, Reaching safepoint: 92900 ns, At safepoint: 13220290 ns, Leaving safepoint: 75900 ns, Total: 13389090 ns, Threads: 1 runnable, 32 total
[1421.367s][info ][gc,start       ] GC(52) Pause Young (Allocation Failure)
[1421.396s][debug][gc,phases      ] GC(52) Scavenge 29.008ms
[1421.396s][debug][gc,ref         ] GC(52) ReferenceProcessor::execute queues: 1, RefProcThreadModel::Single, marks_oops_alive: false
[1421.396s][debug][gc,ref         ] GC(52) Skipped KeepAliveFinalRefsPhase of Reference Processing: no references
[1421.396s][debug][gc,ref         ] GC(52) Skipped PhantomRefsPhase of Reference Processing: no references
[1421.396s][debug][gc,phases      ] GC(52) Reference Processing 0.109ms
[1421.396s][debug][gc,phases      ] GC(52)   VM Weak                        Min: 0.00, Avg: 0.00, Max: 0.01, Diff: 0.01, Sum: 0.01, Workers: 4
[1421.396s][debug][gc,phases      ] GC(52)     Dead                           Min: 0, Avg:  0.0, Max: 0, Diff: 0, Sum: 0, Workers: 4
[1421.396s][debug][gc,phases      ] GC(52)     Total                          Min: 0, Avg: 237.2, Max: 576, Diff: 576, Sum: 949, Workers: 4
[1421.396s][debug][gc,phases      ] GC(52)   ObjectSynchronizer Weak        Min: 0.00, Avg: 0.00, Max: 0.00, Diff: 0.00, Sum: 0.00, Workers: 4
[1421.396s][debug][gc,phases      ] GC(52)     Dead                           Min: 0, Avg:  0.0, Max: 0, Diff: 0, Sum: 0, Workers: 4
[1421.396s][debug][gc,phases      ] GC(52)     Total                          Min: 0, Avg:  2.2, Max: 9, Diff: 9, Sum: 9, Workers: 4
[1421.396s][debug][gc,phases      ] GC(52)   JVMTI Tag Weak OopStorage      Min: 0.00, Avg: 0.00, Max: 0.00, Diff: 0.00, Sum: 0.00, Workers: 4
[1421.396s][debug][gc,phases      ] GC(52)     Dead                           Min: 0, Avg:  0.0, Max: 0, Diff: 0, Sum: 0, Workers: 4
[1421.396s][debug][gc,phases      ] GC(52)     Total                          Min: 0, Avg:  0.0, Max: 0, Diff: 0, Sum: 0, Workers: 4
[1421.396s][debug][gc,phases      ] GC(52)   StringTable Weak               Min: 0.00, Avg: 0.13, Max: 0.17, Diff: 0.17, Sum: 0.51, Workers: 4
[1421.396s][debug][gc,phases      ] GC(52)     Dead                           Min: 0, Avg:  0.0, Max: 0, Diff: 0, Sum: 0, Workers: 4
[1421.396s][debug][gc,phases      ] GC(52)     Total                          Min: 0, Avg: 12561.2, Max: 16832, Diff: 16832, Sum: 50245, Workers: 4
[1421.396s][debug][gc,phases      ] GC(52)   ResolvedMethodTable Weak       Min: 0.00, Avg: 0.05, Max: 0.07, Diff: 0.07, Sum: 0.21, Workers: 4
[1421.396s][debug][gc,phases      ] GC(52)     Dead                           Min: 0, Avg:  5.0, Max: 14, Diff: 14, Sum: 20, Workers: 4
[1421.396s][debug][gc,phases      ] GC(52)     Total                          Min: 0, Avg: 4221.5, Max: 5850, Diff: 5850, Sum: 16886, Workers: 4
[1421.396s][debug][gc,phases      ] GC(52)   JNI Weak                       Min: 0.00, Avg: 0.00, Max: 0.00, Diff: 0.00, Sum: 0.00, Workers: 4
[1421.396s][debug][gc,phases      ] GC(52)     Dead                           Min: 0, Avg:  0.0, Max: 0, Diff: 0, Sum: 0, Workers: 4
[1421.396s][debug][gc,phases      ] GC(52)     Total                          Min: 0, Avg: 13.0, Max: 48, Diff: 48, Sum: 52, Workers: 4
[1421.396s][debug][gc,phases      ] GC(52)   StringDedup Table Weak         Min: 0.00, Avg: 0.00, Max: 0.00, Diff: 0.00, Sum: 0.00, Workers: 4
[1421.396s][debug][gc,phases      ] GC(52)     Dead                           Min: 0, Avg:  0.0, Max: 0, Diff: 0, Sum: 0, Workers: 4
[1421.396s][debug][gc,phases      ] GC(52)     Total                          Min: 0, Avg:  0.0, Max: 0, Diff: 0, Sum: 0, Workers: 4
[1421.396s][debug][gc,phases      ] GC(52)   StringDedup Requests0 Weak     Min: 0.00, Avg: 0.00, Max: 0.00, Diff: 0.00, Sum: 0.00, Workers: 4
[1421.396s][debug][gc,phases      ] GC(52)     Dead                           Min: 0, Avg:  0.0, Max: 0, Diff: 0, Sum: 0, Workers: 4
[1421.397s][debug][gc,phases      ] GC(52)     Total                          Min: 0, Avg:  0.0, Max: 0, Diff: 0, Sum: 0, Workers: 4
[1421.397s][debug][gc,phases      ] GC(52)   StringDedup Requests1 Weak     Min: 0.00, Avg: 0.00, Max: 0.00, Diff: 0.00, Sum: 0.00, Workers: 4
[1421.397s][debug][gc,phases      ] GC(52)     Dead                           Min: 0, Avg:  0.0, Max: 0, Diff: 0, Sum: 0, Workers: 4
[1421.397s][debug][gc,phases      ] GC(52)     Total                          Min: 0, Avg:  0.0, Max: 0, Diff: 0, Sum: 0, Workers: 4
[1421.397s][debug][gc,phases      ] GC(52)   Weak JFR Old Object Samples    Min: 0.00, Avg: 0.00, Max: 0.00, Diff: 0.00, Sum: 0.00, Workers: 4
[1421.397s][debug][gc,phases      ] GC(52)     Dead                           Min: 0, Avg:  0.0, Max: 0, Diff: 0, Sum: 0, Workers: 4
[1421.397s][debug][gc,phases      ] GC(52)     Total                          Min: 0, Avg:  0.0, Max: 0, Diff: 0, Sum: 0, Workers: 4
[1421.397s][debug][gc,phases      ] GC(52) Weak Processing 0.471ms
[1421.397s][debug][gc,age         ] GC(52) Desired survivor size 105906176 bytes, new threshold 1 (max threshold 15)
[1421.397s][info ][gc,heap        ] GC(52) PSYoungGen: 1908384K(1993216K)->60946K(1986560K) Eden: 1889280K(1889280K)->0K(1890304K) From: 19104K(103936K)->60946K(96256K)
[1421.397s][info ][gc,heap        ] GC(52) ParOldGen: 714425K(714752K)->732201K(732672K)
[1421.397s][info ][gc,metaspace   ] GC(52) Metaspace: 110010K(111232K)->110010K(111232K) NonClass: 93907K(94592K)->93907K(94592K) Class: 16103K(16640K)->16103K(16640K)
[1421.397s][info ][gc             ] GC(52) Pause Young (Allocation Failure) 2561M->774M(2655M) 29.730ms
[1421.397s][info ][gc,cpu         ] GC(52) User=0.09s Sys=0.01s Real=0.03s
[1421.397s][info ][safepoint      ] Safepoint "ParallelCollectForAllocation", Time since last: 14967681198 ns, Reaching safepoint: 27200 ns, At safepoint: 29802879 ns, Leaving safepoint: 3100 ns, Total: 29833179 ns, Threads: 0 runnable, 32 total
[1464.761s][info ][gc,start       ] GC(53) Pause Young (Allocation Failure)
[1464.789s][debug][gc,phases      ] GC(53) Scavenge 27.356ms
[1464.789s][debug][gc,ref         ] GC(53) ReferenceProcessor::execute queues: 1, RefProcThreadModel::Single, marks_oops_alive: false
[1464.789s][debug][gc,ref         ] GC(53) Skipped KeepAliveFinalRefsPhase of Reference Processing: no references
[1464.789s][debug][gc,ref         ] GC(53) Skipped PhantomRefsPhase of Reference Processing: no references
[1464.789s][debug][gc,phases      ] GC(53) Reference Processing 0.100ms
[1464.789s][debug][gc,phases      ] GC(53)   VM Weak                        Min: 0.00, Avg: 0.00, Max: 0.01, Diff: 0.01, Sum: 0.01, Workers: 4
[1464.789s][debug][gc,phases      ] GC(53)     Dead                           Min: 0, Avg:  0.0, Max: 0, Diff: 0, Sum: 0, Workers: 4
[1464.789s][debug][gc,phases      ] GC(53)     Total                          Min: 0, Avg: 237.8, Max: 512, Diff: 512, Sum: 951, Workers: 4
[1464.789s][debug][gc,phases      ] GC(53)   ObjectSynchronizer Weak        Min: 0.00, Avg: 0.00, Max: 0.00, Diff: 0.00, Sum: 0.00, Workers: 4
[1464.789s][debug][gc,phases      ] GC(53)     Dead                           Min: 0, Avg:  0.0, Max: 0, Diff: 0, Sum: 0, Workers: 4
[1464.789s][debug][gc,phases      ] GC(53)     Total                          Min: 0, Avg:  1.5, Max: 6, Diff: 6, Sum: 6, Workers: 4
[1464.789s][debug][gc,phases      ] GC(53)   JVMTI Tag Weak OopStorage      Min: 0.00, Avg: 0.00, Max: 0.00, Diff: 0.00, Sum: 0.00, Workers: 4
[1464.789s][debug][gc,phases      ] GC(53)     Dead                           Min: 0, Avg:  0.0, Max: 0, Diff: 0, Sum: 0, Workers: 4
[1464.789s][debug][gc,phases      ] GC(53)     Total                          Min: 0, Avg:  0.0, Max: 0, Diff: 0, Sum: 0, Workers: 4
[1464.789s][debug][gc,phases      ] GC(53)   StringTable Weak               Min: 0.00, Avg: 0.11, Max: 0.14, Diff: 0.14, Sum: 0.42, Workers: 4
[1464.789s][debug][gc,phases      ] GC(53)     Dead                           Min: 0, Avg:  0.0, Max: 0, Diff: 0, Sum: 0, Workers: 4
[1464.789s][debug][gc,phases      ] GC(53)     Total                          Min: 0, Avg: 12561.8, Max: 21376, Diff: 21376, Sum: 50247, Workers: 4
[1464.789s][debug][gc,phases      ] GC(53)   ResolvedMethodTable Weak       Min: 0.00, Avg: 0.03, Max: 0.05, Diff: 0.05, Sum: 0.14, Workers: 4
[1464.789s][debug][gc,phases      ] GC(53)     Dead                           Min: 0, Avg:  5.0, Max: 9, Diff: 9, Sum: 20, Workers: 4
[1464.789s][debug][gc,phases      ] GC(53)     Total                          Min: 0, Avg: 4221.8, Max: 7186, Diff: 7186, Sum: 16887, Workers: 4
[1464.789s][debug][gc,phases      ] GC(53)   JNI Weak                       Min: 0.00, Avg: 0.00, Max: 0.00, Diff: 0.00, Sum: 0.00, Workers: 4
[1464.789s][debug][gc,phases      ] GC(53)     Dead                           Min: 0, Avg:  0.0, Max: 0, Diff: 0, Sum: 0, Workers: 4
[1464.789s][debug][gc,phases      ] GC(53)     Total                          Min: 0, Avg: 13.0, Max: 48, Diff: 48, Sum: 52, Workers: 4
[1464.789s][debug][gc,phases      ] GC(53)   StringDedup Table Weak         Min: 0.00, Avg: 0.00, Max: 0.00, Diff: 0.00, Sum: 0.00, Workers: 4
[1464.789s][debug][gc,phases      ] GC(53)     Dead                           Min: 0, Avg:  0.0, Max: 0, Diff: 0, Sum: 0, Workers: 4
[1464.789s][debug][gc,phases      ] GC(53)     Total                          Min: 0, Avg:  0.0, Max: 0, Diff: 0, Sum: 0, Workers: 4
[1464.789s][debug][gc,phases      ] GC(53)   StringDedup Requests0 Weak     Min: 0.00, Avg: 0.00, Max: 0.00, Diff: 0.00, Sum: 0.00, Workers: 4
[1464.789s][debug][gc,phases      ] GC(53)     Dead                           Min: 0, Avg:  0.0, Max: 0, Diff: 0, Sum: 0, Workers: 4
[1464.789s][debug][gc,phases      ] GC(53)     Total                          Min: 0, Avg:  0.0, Max: 0, Diff: 0, Sum: 0, Workers: 4
[1464.789s][debug][gc,phases      ] GC(53)   StringDedup Requests1 Weak     Min: 0.00, Avg: 0.00, Max: 0.00, Diff: 0.00, Sum: 0.00, Workers: 4
[1464.789s][debug][gc,phases      ] GC(53)     Dead                           Min: 0, Avg:  0.0, Max: 0, Diff: 0, Sum: 0, Workers: 4
[1464.789s][debug][gc,phases      ] GC(53)     Total                          Min: 0, Avg:  0.0, Max: 0, Diff: 0, Sum: 0, Workers: 4
[1464.789s][debug][gc,phases      ] GC(53)   Weak JFR Old Object Samples    Min: 0.00, Avg: 0.00, Max: 0.00, Diff: 0.00, Sum: 0.00, Workers: 4
[1464.789s][debug][gc,phases      ] GC(53)     Dead                           Min: 0, Avg:  0.0, Max: 0, Diff: 0, Sum: 0, Workers: 4
[1464.789s][debug][gc,phases      ] GC(53)     Total                          Min: 0, Avg:  0.0, Max: 0, Diff: 0, Sum: 0, Workers: 4
[1464.789s][debug][gc,phases      ] GC(53) Weak Processing 0.372ms
[1464.789s][debug][gc,age         ] GC(53) Desired survivor size 100139008 bytes, new threshold 1 (max threshold 15)
[1464.789s][info ][gc,heap        ] GC(53) PSYoungGen: 1951250K(1986560K)->12960K(1993728K) Eden: 1890304K(1890304K)->0K(1890304K) From: 60946K(96256K)->12960K(103424K)
[1464.789s][info ][gc,heap        ] GC(53) ParOldGen: 732201K(732672K)->788641K(788992K)
[1464.789s][info ][gc,metaspace   ] GC(53) Metaspace: 110029K(111232K)->110029K(111232K) NonClass: 93925K(94592K)->93925K(94592K) Class: 16104K(16640K)->16104K(16640K)
[1464.789s][info ][gc             ] GC(53) Pause Young (Allocation Failure) 2620M->782M(2717M) 27.958ms
[1464.789s][info ][gc,cpu         ] GC(53) User=0.07s Sys=0.03s Real=0.03s
[1464.789s][info ][safepoint      ] Safepoint "ParallelCollectForAllocation", Time since last: 43364637926 ns, Reaching safepoint: 29000 ns, At safepoint: 28060779 ns, Leaving safepoint: 11000 ns, Total: 28100779 ns, Threads: 0 runnable, 32 total
[1512.817s][info ][gc,start       ] GC(54) Pause Young (Allocation Failure)
[1512.825s][debug][gc,phases      ] GC(54) Scavenge 7.491ms
[1512.825s][debug][gc,ref         ] GC(54) ReferenceProcessor::execute queues: 1, RefProcThreadModel::Single, marks_oops_alive: false
[1512.825s][debug][gc,ref         ] GC(54) Skipped KeepAliveFinalRefsPhase of Reference Processing: no references
[1512.825s][debug][gc,ref         ] GC(54) Skipped PhantomRefsPhase of Reference Processing: no references
[1512.825s][debug][gc,phases      ] GC(54) Reference Processing 0.101ms
[1512.825s][debug][gc,phases      ] GC(54)   VM Weak                        Min: 0.00, Avg: 0.00, Max: 0.01, Diff: 0.01, Sum: 0.01, Workers: 4
[1512.825s][debug][gc,phases      ] GC(54)     Dead                           Min: 0, Avg:  0.0, Max: 0, Diff: 0, Sum: 0, Workers: 4
[1512.825s][debug][gc,phases      ] GC(54)     Total                          Min: 0, Avg: 237.8, Max: 896, Diff: 896, Sum: 951, Workers: 4
[1512.825s][debug][gc,phases      ] GC(54)   ObjectSynchronizer Weak        Min: 0.00, Avg: 0.00, Max: 0.00, Diff: 0.00, Sum: 0.00, Workers: 4
[1512.825s][debug][gc,phases      ] GC(54)     Dead                           Min: 0, Avg:  0.0, Max: 0, Diff: 0, Sum: 0, Workers: 4
[1512.825s][debug][gc,phases      ] GC(54)     Total                          Min: 0, Avg:  1.5, Max: 6, Diff: 6, Sum: 6, Workers: 4
[1512.825s][debug][gc,phases      ] GC(54)   JVMTI Tag Weak OopStorage      Min: 0.00, Avg: 0.00, Max: 0.00, Diff: 0.00, Sum: 0.00, Workers: 4
[1512.825s][debug][gc,phases      ] GC(54)     Dead                           Min: 0, Avg:  0.0, Max: 0, Diff: 0, Sum: 0, Workers: 4
[1512.825s][debug][gc,phases      ] GC(54)     Total                          Min: 0, Avg:  0.0, Max: 0, Diff: 0, Sum: 0, Workers: 4
[1512.825s][debug][gc,phases      ] GC(54)   StringTable Weak               Min: 0.00, Avg: 0.10, Max: 0.14, Diff: 0.14, Sum: 0.40, Workers: 4
[1512.825s][debug][gc,phases      ] GC(54)     Dead                           Min: 0, Avg:  0.0, Max: 0, Diff: 0, Sum: 0, Workers: 4
[1512.825s][debug][gc,phases      ] GC(54)     Total                          Min: 0, Avg: 12562.0, Max: 21192, Diff: 21192, Sum: 50248, Workers: 4
[1512.825s][debug][gc,phases      ] GC(54)   ResolvedMethodTable Weak       Min: 0.00, Avg: 0.03, Max: 0.04, Diff: 0.04, Sum: 0.13, Workers: 4
[1512.825s][debug][gc,phases      ] GC(54)     Dead                           Min: 0, Avg:  5.0, Max: 10, Diff: 10, Sum: 20, Workers: 4
[1512.825s][debug][gc,phases      ] GC(54)     Total                          Min: 0, Avg: 4221.8, Max: 7257, Diff: 7257, Sum: 16887, Workers: 4
[1512.825s][debug][gc,phases      ] GC(54)   JNI Weak                       Min: 0.00, Avg: 0.00, Max: 0.00, Diff: 0.00, Sum: 0.00, Workers: 4
[1512.825s][debug][gc,phases      ] GC(54)     Dead                           Min: 0, Avg:  0.0, Max: 0, Diff: 0, Sum: 0, Workers: 4
[1512.825s][debug][gc,phases      ] GC(54)     Total                          Min: 0, Avg: 13.0, Max: 48, Diff: 48, Sum: 52, Workers: 4
[1512.825s][debug][gc,phases      ] GC(54)   StringDedup Table Weak         Min: 0.00, Avg: 0.00, Max: 0.00, Diff: 0.00, Sum: 0.00, Workers: 4
[1512.825s][debug][gc,phases      ] GC(54)     Dead                           Min: 0, Avg:  0.0, Max: 0, Diff: 0, Sum: 0, Workers: 4
[1512.825s][debug][gc,phases      ] GC(54)     Total                          Min: 0, Avg:  0.0, Max: 0, Diff: 0, Sum: 0, Workers: 4
[1512.825s][debug][gc,phases      ] GC(54)   StringDedup Requests0 Weak     Min: 0.00, Avg: 0.00, Max: 0.00, Diff: 0.00, Sum: 0.00, Workers: 4
[1512.825s][debug][gc,phases      ] GC(54)     Dead                           Min: 0, Avg:  0.0, Max: 0, Diff: 0, Sum: 0, Workers: 4
[1512.825s][debug][gc,phases      ] GC(54)     Total                          Min: 0, Avg:  0.0, Max: 0, Diff: 0, Sum: 0, Workers: 4
[1512.825s][debug][gc,phases      ] GC(54)   StringDedup Requests1 Weak     Min: 0.00, Avg: 0.00, Max: 0.00, Diff: 0.00, Sum: 0.00, Workers: 4
[1512.825s][debug][gc,phases      ] GC(54)     Dead                           Min: 0, Avg:  0.0, Max: 0, Diff: 0, Sum: 0, Workers: 4
[1512.825s][debug][gc,phases      ] GC(54)     Total                          Min: 0, Avg:  0.0, Max: 0, Diff: 0, Sum: 0, Workers: 4
[1512.825s][debug][gc,phases      ] GC(54)   Weak JFR Old Object Samples    Min: 0.00, Avg: 0.00, Max: 0.00, Diff: 0.00, Sum: 0.00, Workers: 4
[1512.825s][debug][gc,phases      ] GC(54)     Dead                           Min: 0, Avg:  0.0, Max: 0, Diff: 0, Sum: 0, Workers: 4
[1512.825s][debug][gc,phases      ] GC(54)     Total                          Min: 0, Avg:  0.0, Max: 0, Diff: 0, Sum: 0, Workers: 4
[1512.825s][debug][gc,phases      ] GC(54) Weak Processing 0.342ms
[1512.825s][debug][gc,age         ] GC(54) Desired survivor size 96468992 bytes, new threshold 1 (max threshold 15)
[1512.825s][info ][gc,heap        ] GC(54) PSYoungGen: 1903264K(1993728K)->4096K(2002944K) Eden: 1890304K(1890304K)->0K(1905152K) From: 12960K(103424K)->4096K(97792K)
[1512.825s][info ][gc,heap        ] GC(54) ParOldGen: 788641K(788992K)->799431K(799744K)
[1512.825s][info ][gc,metaspace   ] GC(54) Metaspace: 110036K(111296K)->110036K(111296K) NonClass: 93932K(94656K)->93932K(94656K) Class: 16104K(16640K)->16104K(16640K)
[1512.825s][info ][gc             ] GC(54) Pause Young (Allocation Failure) 2628M->784M(2737M) 8.032ms
[1512.825s][info ][gc,cpu         ] GC(54) User=0.03s Sys=0.01s Real=0.01s
[1512.825s][info ][safepoint      ] Safepoint "ParallelCollectForAllocation", Time since last: 48027780941 ns, Reaching safepoint: 6000 ns, At safepoint: 8089594 ns, Leaving safepoint: 7800 ns, Total: 8103394 ns, Threads: 0 runnable, 35 total
[1565.066s][info ][gc,start       ] GC(55) Pause Young (Allocation Failure)
[1565.071s][debug][gc,phases      ] GC(55) Scavenge 5.069ms
[1565.071s][debug][gc,ref         ] GC(55) ReferenceProcessor::execute queues: 1, RefProcThreadModel::Single, marks_oops_alive: false
[1565.071s][debug][gc,ref         ] GC(55) Skipped KeepAliveFinalRefsPhase of Reference Processing: no references
[1565.071s][debug][gc,ref         ] GC(55) Skipped PhantomRefsPhase of Reference Processing: no references
[1565.071s][debug][gc,phases      ] GC(55) Reference Processing 0.095ms
[1565.071s][debug][gc,phases      ] GC(55)   VM Weak                        Min: 0.00, Avg: 0.00, Max: 0.01, Diff: 0.01, Sum: 0.01, Workers: 4
[1565.071s][debug][gc,phases      ] GC(55)     Dead                           Min: 0, Avg:  0.0, Max: 0, Diff: 0, Sum: 0, Workers: 4
[1565.071s][debug][gc,phases      ] GC(55)     Total                          Min: 0, Avg: 237.8, Max: 759, Diff: 759, Sum: 951, Workers: 4
[1565.071s][debug][gc,phases      ] GC(55)   ObjectSynchronizer Weak        Min: 0.00, Avg: 0.00, Max: 0.00, Diff: 0.00, Sum: 0.00, Workers: 4
[1565.071s][debug][gc,phases      ] GC(55)     Dead                           Min: 0, Avg:  0.0, Max: 0, Diff: 0, Sum: 0, Workers: 4
[1565.071s][debug][gc,phases      ] GC(55)     Total                          Min: 0, Avg:  1.5, Max: 6, Diff: 6, Sum: 6, Workers: 4
[1565.071s][debug][gc,phases      ] GC(55)   JVMTI Tag Weak OopStorage      Min: 0.00, Avg: 0.00, Max: 0.00, Diff: 0.00, Sum: 0.00, Workers: 4
[1565.071s][debug][gc,phases      ] GC(55)     Dead                           Min: 0, Avg:  0.0, Max: 0, Diff: 0, Sum: 0, Workers: 4
[1565.071s][debug][gc,phases      ] GC(55)     Total                          Min: 0, Avg:  0.0, Max: 0, Diff: 0, Sum: 0, Workers: 4
[1565.071s][debug][gc,phases      ] GC(55)   StringTable Weak               Min: 0.00, Avg: 0.10, Max: 0.13, Diff: 0.13, Sum: 0.40, Workers: 4
[1565.071s][debug][gc,phases      ] GC(55)     Dead                           Min: 0, Avg:  0.0, Max: 0, Diff: 0, Sum: 0, Workers: 4
[1565.071s][debug][gc,phases      ] GC(55)     Total                          Min: 0, Avg: 12562.0, Max: 21064, Diff: 21064, Sum: 50248, Workers: 4
[1565.071s][debug][gc,phases      ] GC(55)   ResolvedMethodTable Weak       Min: 0.00, Avg: 0.03, Max: 0.04, Diff: 0.04, Sum: 0.13, Workers: 4
[1565.071s][debug][gc,phases      ] GC(55)     Dead                           Min: 0, Avg:  5.0, Max: 14, Diff: 14, Sum: 20, Workers: 4
[1565.071s][debug][gc,phases      ] GC(55)     Total                          Min: 0, Avg: 4221.8, Max: 6847, Diff: 6847, Sum: 16887, Workers: 4
[1565.071s][debug][gc,phases      ] GC(55)   JNI Weak                       Min: 0.00, Avg: 0.00, Max: 0.00, Diff: 0.00, Sum: 0.00, Workers: 4
[1565.071s][debug][gc,phases      ] GC(55)     Dead                           Min: 0, Avg:  0.0, Max: 0, Diff: 0, Sum: 0, Workers: 4
[1565.071s][debug][gc,phases      ] GC(55)     Total                          Min: 0, Avg: 13.0, Max: 48, Diff: 48, Sum: 52, Workers: 4
[1565.071s][debug][gc,phases      ] GC(55)   StringDedup Table Weak         Min: 0.00, Avg: 0.00, Max: 0.00, Diff: 0.00, Sum: 0.00, Workers: 4
[1565.071s][debug][gc,phases      ] GC(55)     Dead                           Min: 0, Avg:  0.0, Max: 0, Diff: 0, Sum: 0, Workers: 4
[1565.071s][debug][gc,phases      ] GC(55)     Total                          Min: 0, Avg:  0.0, Max: 0, Diff: 0, Sum: 0, Workers: 4
[1565.071s][debug][gc,phases      ] GC(55)   StringDedup Requests0 Weak     Min: 0.00, Avg: 0.00, Max: 0.00, Diff: 0.00, Sum: 0.00, Workers: 4
[1565.071s][debug][gc,phases      ] GC(55)     Dead                           Min: 0, Avg:  0.0, Max: 0, Diff: 0, Sum: 0, Workers: 4
[1565.071s][debug][gc,phases      ] GC(55)     Total                          Min: 0, Avg:  0.0, Max: 0, Diff: 0, Sum: 0, Workers: 4
[1565.071s][debug][gc,phases      ] GC(55)   StringDedup Requests1 Weak     Min: 0.00, Avg: 0.00, Max: 0.00, Diff: 0.00, Sum: 0.00, Workers: 4
[1565.071s][debug][gc,phases      ] GC(55)     Dead                           Min: 0, Avg:  0.0, Max: 0, Diff: 0, Sum: 0, Workers: 4
[1565.071s][debug][gc,phases      ] GC(55)     Total                          Min: 0, Avg:  0.0, Max: 0, Diff: 0, Sum: 0, Workers: 4
[1565.071s][debug][gc,phases      ] GC(55)   Weak JFR Old Object Samples    Min: 0.00, Avg: 0.00, Max: 0.00, Diff: 0.00, Sum: 0.00, Workers: 4
[1565.071s][debug][gc,phases      ] GC(55)     Dead                           Min: 0, Avg:  0.0, Max: 0, Diff: 0, Sum: 0, Workers: 4
[1565.071s][debug][gc,phases      ] GC(55)     Total                          Min: 0, Avg:  0.0, Max: 0, Diff: 0, Sum: 0, Workers: 4
[1565.071s][debug][gc,phases      ] GC(55) Weak Processing 0.394ms
[1565.071s][debug][gc,age         ] GC(55) Desired survivor size 92274688 bytes, new threshold 1 (max threshold 15)
[1565.071s][info ][gc,heap        ] GC(55) PSYoungGen: 1909248K(2002944K)->5520K(1999360K) Eden: 1905152K(1905152K)->0K(1905152K) From: 4096K(97792K)->5520K(94208K)
[1565.071s][info ][gc,heap        ] GC(55) ParOldGen: 799431K(799744K)->800331K(800768K)
[1565.071s][info ][gc,metaspace   ] GC(55) Metaspace: 110040K(111296K)->110040K(111296K) NonClass: 93936K(94656K)->93936K(94656K) Class: 16104K(16640K)->16104K(16640K)
[1565.071s][info ][gc             ] GC(55) Pause Young (Allocation Failure) 2645M->786M(2734M) 5.657ms
[1565.071s][info ][gc,cpu         ] GC(55) User=0.02s Sys=0.00s Real=0.01s
[1565.071s][info ][safepoint      ] Safepoint "ParallelCollectForAllocation", Time since last: 52240414160 ns, Reaching safepoint: 27300 ns, At safepoint: 5718396 ns, Leaving safepoint: 6500 ns, Total: 5752196 ns, Threads: 0 runnable, 35 total
[1619.826s][info ][gc,start       ] GC(56) Pause Young (Allocation Failure)
[1619.831s][debug][gc,phases      ] GC(56) Scavenge 5.097ms
[1619.831s][debug][gc,ref         ] GC(56) ReferenceProcessor::execute queues: 1, RefProcThreadModel::Single, marks_oops_alive: false
[1619.831s][debug][gc,ref         ] GC(56) Skipped KeepAliveFinalRefsPhase of Reference Processing: no references
[1619.831s][debug][gc,ref         ] GC(56) Skipped PhantomRefsPhase of Reference Processing: no references
[1619.831s][debug][gc,phases      ] GC(56) Reference Processing 0.096ms
[1619.831s][debug][gc,phases      ] GC(56)   VM Weak                        Min: 0.00, Avg: 0.00, Max: 0.01, Diff: 0.01, Sum: 0.01, Workers: 4
[1619.831s][debug][gc,phases      ] GC(56)     Dead                           Min: 0, Avg:  0.0, Max: 0, Diff: 0, Sum: 0, Workers: 4
[1619.831s][debug][gc,phases      ] GC(56)     Total                          Min: 0, Avg: 237.8, Max: 768, Diff: 768, Sum: 951, Workers: 4
[1619.831s][debug][gc,phases      ] GC(56)   ObjectSynchronizer Weak        Min: 0.00, Avg: 0.00, Max: 0.00, Diff: 0.00, Sum: 0.00, Workers: 4
[1619.831s][debug][gc,phases      ] GC(56)     Dead                           Min: 0, Avg:  0.0, Max: 0, Diff: 0, Sum: 0, Workers: 4
[1619.831s][debug][gc,phases      ] GC(56)     Total                          Min: 0, Avg:  1.5, Max: 6, Diff: 6, Sum: 6, Workers: 4
[1619.831s][debug][gc,phases      ] GC(56)   JVMTI Tag Weak OopStorage      Min: 0.00, Avg: 0.00, Max: 0.00, Diff: 0.00, Sum: 0.00, Workers: 4
[1619.831s][debug][gc,phases      ] GC(56)     Dead                           Min: 0, Avg:  0.0, Max: 0, Diff: 0, Sum: 0, Workers: 4
[1619.831s][debug][gc,phases      ] GC(56)     Total                          Min: 0, Avg:  0.0, Max: 0, Diff: 0, Sum: 0, Workers: 4
[1619.831s][debug][gc,phases      ] GC(56)   StringTable Weak               Min: 0.00, Avg: 0.10, Max: 0.14, Diff: 0.14, Sum: 0.41, Workers: 4
[1619.831s][debug][gc,phases      ] GC(56)     Dead                           Min: 0, Avg:  0.0, Max: 0, Diff: 0, Sum: 0, Workers: 4
[1619.831s][debug][gc,phases      ] GC(56)     Total                          Min: 0, Avg: 12562.0, Max: 21120, Diff: 21120, Sum: 50248, Workers: 4
[1619.831s][debug][gc,phases      ] GC(56)   ResolvedMethodTable Weak       Min: 0.00, Avg: 0.05, Max: 0.07, Diff: 0.07, Sum: 0.21, Workers: 4
[1619.831s][debug][gc,phases      ] GC(56)     Dead                           Min: 0, Avg:  5.0, Max: 8, Diff: 8, Sum: 20, Workers: 4
[1619.831s][debug][gc,phases      ] GC(56)     Total                          Min: 0, Avg: 4221.8, Max: 6103, Diff: 6103, Sum: 16887, Workers: 4
[1619.831s][debug][gc,phases      ] GC(56)   JNI Weak                       Min: 0.00, Avg: 0.00, Max: 0.00, Diff: 0.00, Sum: 0.00, Workers: 4
[1619.831s][debug][gc,phases      ] GC(56)     Dead                           Min: 0, Avg:  0.0, Max: 0, Diff: 0, Sum: 0, Workers: 4
[1619.831s][debug][gc,phases      ] GC(56)     Total                          Min: 0, Avg: 13.0, Max: 48, Diff: 48, Sum: 52, Workers: 4
[1619.831s][debug][gc,phases      ] GC(56)   StringDedup Table Weak         Min: 0.00, Avg: 0.00, Max: 0.00, Diff: 0.00, Sum: 0.00, Workers: 4
[1619.831s][debug][gc,phases      ] GC(56)     Dead                           Min: 0, Avg:  0.0, Max: 0, Diff: 0, Sum: 0, Workers: 4
[1619.831s][debug][gc,phases      ] GC(56)     Total                          Min: 0, Avg:  0.0, Max: 0, Diff: 0, Sum: 0, Workers: 4
[1619.831s][debug][gc,phases      ] GC(56)   StringDedup Requests0 Weak     Min: 0.00, Avg: 0.00, Max: 0.00, Diff: 0.00, Sum: 0.00, Workers: 4
[1619.831s][debug][gc,phases      ] GC(56)     Dead                           Min: 0, Avg:  0.0, Max: 0, Diff: 0, Sum: 0, Workers: 4
[1619.832s][debug][gc,phases      ] GC(56)     Total                          Min: 0, Avg:  0.0, Max: 0, Diff: 0, Sum: 0, Workers: 4
[1619.832s][debug][gc,phases      ] GC(56)   StringDedup Requests1 Weak     Min: 0.00, Avg: 0.00, Max: 0.00, Diff: 0.00, Sum: 0.00, Workers: 4
[1619.832s][debug][gc,phases      ] GC(56)     Dead                           Min: 0, Avg:  0.0, Max: 0, Diff: 0, Sum: 0, Workers: 4
[1619.832s][debug][gc,phases      ] GC(56)     Total                          Min: 0, Avg:  0.0, Max: 0, Diff: 0, Sum: 0, Workers: 4
[1619.832s][debug][gc,phases      ] GC(56)   Weak JFR Old Object Samples    Min: 0.00, Avg: 0.00, Max: 0.00, Diff: 0.00, Sum: 0.00, Workers: 4
[1619.832s][debug][gc,phases      ] GC(56)     Dead                           Min: 0, Avg:  0.0, Max: 0, Diff: 0, Sum: 0, Workers: 4
[1619.832s][debug][gc,phases      ] GC(56)     Total                          Min: 0, Avg:  0.0, Max: 0, Diff: 0, Sum: 0, Workers: 4
[1619.832s][debug][gc,phases      ] GC(56) Weak Processing 0.391ms
[1619.832s][debug][gc,age         ] GC(56) Desired survivor size 88080384 bytes, new threshold 1 (max threshold 15)
[1619.832s][info ][gc,heap        ] GC(56) PSYoungGen: 1910672K(1999360K)->3424K(2011136K) Eden: 1905152K(1905152K)->0K(1921024K) From: 5520K(94208K)->3424K(90112K)
[1619.832s][info ][gc,heap        ] GC(56) ParOldGen: 800331K(800768K)->803523K(803840K)
[1619.832s][info ][gc,metaspace   ] GC(56) Metaspace: 110046K(111296K)->110046K(111296K) NonClass: 93942K(94656K)->93942K(94656K) Class: 16104K(16640K)->16104K(16640K)
[1619.832s][info ][gc             ] GC(56) Pause Young (Allocation Failure) 2647M->788M(2749M) 5.691ms
[1619.832s][info ][gc,cpu         ] GC(56) User=0.02s Sys=0.00s Real=0.01s
[1619.832s][info ][safepoint      ] Safepoint "ParallelCollectForAllocation", Time since last: 54754376403 ns, Reaching safepoint: 22600 ns, At safepoint: 5760892 ns, Leaving safepoint: 3100 ns, Total: 5786592 ns, Threads: 0 runnable, 28 total
[1673.113s][info ][gc,start       ] GC(57) Pause Young (Allocation Failure)
[1673.117s][debug][gc,phases      ] GC(57) Scavenge 3.761ms
[1673.117s][debug][gc,ref         ] GC(57) ReferenceProcessor::execute queues: 1, RefProcThreadModel::Single, marks_oops_alive: false
[1673.117s][debug][gc,ref         ] GC(57) Skipped KeepAliveFinalRefsPhase of Reference Processing: no references
[1673.117s][debug][gc,ref         ] GC(57) Skipped PhantomRefsPhase of Reference Processing: no references
[1673.117s][debug][gc,phases      ] GC(57) Reference Processing 0.095ms
[1673.117s][debug][gc,phases      ] GC(57)   VM Weak                        Min: 0.00, Avg: 0.00, Max: 0.01, Diff: 0.01, Sum: 0.01, Workers: 4
[1673.117s][debug][gc,phases      ] GC(57)     Dead                           Min: 0, Avg:  0.0, Max: 0, Diff: 0, Sum: 0, Workers: 4
[1673.117s][debug][gc,phases      ] GC(57)     Total                          Min: 0, Avg: 237.8, Max: 823, Diff: 823, Sum: 951, Workers: 4
[1673.117s][debug][gc,phases      ] GC(57)   ObjectSynchronizer Weak        Min: 0.00, Avg: 0.00, Max: 0.00, Diff: 0.00, Sum: 0.00, Workers: 4
[1673.117s][debug][gc,phases      ] GC(57)     Dead                           Min: 0, Avg:  0.0, Max: 0, Diff: 0, Sum: 0, Workers: 4
[1673.117s][debug][gc,phases      ] GC(57)     Total                          Min: 0, Avg:  1.5, Max: 6, Diff: 6, Sum: 6, Workers: 4
[1673.117s][debug][gc,phases      ] GC(57)   JVMTI Tag Weak OopStorage      Min: 0.00, Avg: 0.00, Max: 0.00, Diff: 0.00, Sum: 0.00, Workers: 4
[1673.117s][debug][gc,phases      ] GC(57)     Dead                           Min: 0, Avg:  0.0, Max: 0, Diff: 0, Sum: 0, Workers: 4
[1673.117s][debug][gc,phases      ] GC(57)     Total                          Min: 0, Avg:  0.0, Max: 0, Diff: 0, Sum: 0, Workers: 4
[1673.117s][debug][gc,phases      ] GC(57)   StringTable Weak               Min: 0.00, Avg: 0.10, Max: 0.13, Diff: 0.13, Sum: 0.40, Workers: 4
[1673.117s][debug][gc,phases      ] GC(57)     Dead                           Min: 0, Avg:  0.2, Max: 1, Diff: 1, Sum: 1, Workers: 4
[1673.117s][debug][gc,phases      ] GC(57)     Total                          Min: 0, Avg: 12562.8, Max: 20491, Diff: 20491, Sum: 50251, Workers: 4
[1673.117s][debug][gc,phases      ] GC(57)   ResolvedMethodTable Weak       Min: 0.00, Avg: 0.03, Max: 0.04, Diff: 0.04, Sum: 0.13, Workers: 4
[1673.117s][debug][gc,phases      ] GC(57)     Dead                           Min: 0, Avg:  5.0, Max: 9, Diff: 9, Sum: 20, Workers: 4
[1673.117s][debug][gc,phases      ] GC(57)     Total                          Min: 0, Avg: 4222.2, Max: 6752, Diff: 6752, Sum: 16889, Workers: 4
[1673.117s][debug][gc,phases      ] GC(57)   JNI Weak                       Min: 0.00, Avg: 0.00, Max: 0.00, Diff: 0.00, Sum: 0.00, Workers: 4
[1673.117s][debug][gc,phases      ] GC(57)     Dead                           Min: 0, Avg:  0.0, Max: 0, Diff: 0, Sum: 0, Workers: 4
[1673.117s][debug][gc,phases      ] GC(57)     Total                          Min: 0, Avg: 13.0, Max: 48, Diff: 48, Sum: 52, Workers: 4
[1673.117s][debug][gc,phases      ] GC(57)   StringDedup Table Weak         Min: 0.00, Avg: 0.00, Max: 0.00, Diff: 0.00, Sum: 0.00, Workers: 4
[1673.117s][debug][gc,phases      ] GC(57)     Dead                           Min: 0, Avg:  0.0, Max: 0, Diff: 0, Sum: 0, Workers: 4
[1673.117s][debug][gc,phases      ] GC(57)     Total                          Min: 0, Avg:  0.0, Max: 0, Diff: 0, Sum: 0, Workers: 4
[1673.117s][debug][gc,phases      ] GC(57)   StringDedup Requests0 Weak     Min: 0.00, Avg: 0.00, Max: 0.00, Diff: 0.00, Sum: 0.00, Workers: 4
[1673.117s][debug][gc,phases      ] GC(57)     Dead                           Min: 0, Avg:  0.0, Max: 0, Diff: 0, Sum: 0, Workers: 4
[1673.117s][debug][gc,phases      ] GC(57)     Total                          Min: 0, Avg:  0.0, Max: 0, Diff: 0, Sum: 0, Workers: 4
[1673.117s][debug][gc,phases      ] GC(57)   StringDedup Requests1 Weak     Min: 0.00, Avg: 0.00, Max: 0.00, Diff: 0.00, Sum: 0.00, Workers: 4
[1673.117s][debug][gc,phases      ] GC(57)     Dead                           Min: 0, Avg:  0.0, Max: 0, Diff: 0, Sum: 0, Workers: 4
[1673.117s][debug][gc,phases      ] GC(57)     Total                          Min: 0, Avg:  0.0, Max: 0, Diff: 0, Sum: 0, Workers: 4
[1673.117s][debug][gc,phases      ] GC(57)   Weak JFR Old Object Samples    Min: 0.00, Avg: 0.00, Max: 0.00, Diff: 0.00, Sum: 0.00, Workers: 4
[1673.117s][debug][gc,phases      ] GC(57)     Dead                           Min: 0, Avg:  0.0, Max: 0, Diff: 0, Sum: 0, Workers: 4
[1673.117s][debug][gc,phases      ] GC(57)     Total                          Min: 0, Avg:  0.0, Max: 0, Diff: 0, Sum: 0, Workers: 4
[1673.117s][debug][gc,phases      ] GC(57) Weak Processing 0.382ms
[1673.117s][debug][gc,age         ] GC(57) Desired survivor size 84410368 bytes, new threshold 1 (max threshold 15)
[1673.117s][info ][gc,heap        ] GC(57) PSYoungGen: 1924448K(2011136K)->3872K(2007040K) Eden: 1921024K(1921024K)->0K(1921024K) From: 3424K(90112K)->3872K(86016K)
[1673.117s][info ][gc,heap        ] GC(57) ParOldGen: 803523K(803840K)->804108K(804352K)
[1673.117s][info ][gc,metaspace   ] GC(57) Metaspace: 110057K(111296K)->110057K(111296K) NonClass: 93951K(94656K)->93951K(94656K) Class: 16105K(16640K)->16105K(16640K)
[1673.117s][info ][gc             ] GC(57) Pause Young (Allocation Failure) 2664M->789M(2745M) 4.338ms
[1673.117s][info ][gc,cpu         ] GC(57) User=0.01s Sys=0.01s Real=0.00s
[1673.117s][info ][safepoint      ] Safepoint "ParallelCollectForAllocation", Time since last: 53281134071 ns, Reaching safepoint: 28600 ns, At safepoint: 4396494 ns, Leaving safepoint: 1500 ns, Total: 4426594 ns, Threads: 0 runnable, 27 total
[1720.265s][info ][gc,start       ] GC(58) Pause Young (Allocation Failure)
[1720.274s][debug][gc,phases      ] GC(58) Scavenge 8.776ms
[1720.274s][debug][gc,ref         ] GC(58) ReferenceProcessor::execute queues: 1, RefProcThreadModel::Single, marks_oops_alive: false
[1720.274s][debug][gc,ref         ] GC(58) Skipped KeepAliveFinalRefsPhase of Reference Processing: no references
[1720.274s][debug][gc,ref         ] GC(58) Skipped PhantomRefsPhase of Reference Processing: no references
[1720.274s][debug][gc,phases      ] GC(58) Reference Processing 0.096ms
[1720.274s][debug][gc,phases      ] GC(58)   VM Weak                        Min: 0.00, Avg: 0.00, Max: 0.01, Diff: 0.01, Sum: 0.01, Workers: 4
[1720.274s][debug][gc,phases      ] GC(58)     Dead                           Min: 0, Avg:  0.0, Max: 0, Diff: 0, Sum: 0, Workers: 4
[1720.274s][debug][gc,phases      ] GC(58)     Total                          Min: 0, Avg: 237.8, Max: 768, Diff: 768, Sum: 951, Workers: 4
[1720.274s][debug][gc,phases      ] GC(58)   ObjectSynchronizer Weak        Min: 0.00, Avg: 0.00, Max: 0.00, Diff: 0.00, Sum: 0.00, Workers: 4
[1720.274s][debug][gc,phases      ] GC(58)     Dead                           Min: 0, Avg:  0.0, Max: 0, Diff: 0, Sum: 0, Workers: 4
[1720.274s][debug][gc,phases      ] GC(58)     Total                          Min: 0, Avg:  1.5, Max: 6, Diff: 6, Sum: 6, Workers: 4
[1720.274s][debug][gc,phases      ] GC(58)   JVMTI Tag Weak OopStorage      Min: 0.00, Avg: 0.00, Max: 0.00, Diff: 0.00, Sum: 0.00, Workers: 4
[1720.274s][debug][gc,phases      ] GC(58)     Dead                           Min: 0, Avg:  0.0, Max: 0, Diff: 0, Sum: 0, Workers: 4
[1720.274s][debug][gc,phases      ] GC(58)     Total                          Min: 0, Avg:  0.0, Max: 0, Diff: 0, Sum: 0, Workers: 4
[1720.274s][debug][gc,phases      ] GC(58)   StringTable Weak               Min: 0.00, Avg: 0.10, Max: 0.13, Diff: 0.13, Sum: 0.40, Workers: 4
[1720.274s][debug][gc,phases      ] GC(58)     Dead                           Min: 0, Avg:  0.0, Max: 0, Diff: 0, Sum: 0, Workers: 4
[1720.274s][debug][gc,phases      ] GC(58)     Total                          Min: 0, Avg: 12562.8, Max: 22027, Diff: 22027, Sum: 50251, Workers: 4
[1720.274s][debug][gc,phases      ] GC(58)   ResolvedMethodTable Weak       Min: 0.00, Avg: 0.03, Max: 0.05, Diff: 0.05, Sum: 0.14, Workers: 4
[1720.274s][debug][gc,phases      ] GC(58)     Dead                           Min: 0, Avg:  5.0, Max: 10, Diff: 10, Sum: 20, Workers: 4
[1720.274s][debug][gc,phases      ] GC(58)     Total                          Min: 0, Avg: 4222.2, Max: 7196, Diff: 7196, Sum: 16889, Workers: 4
[1720.274s][debug][gc,phases      ] GC(58)   JNI Weak                       Min: 0.00, Avg: 0.00, Max: 0.00, Diff: 0.00, Sum: 0.00, Workers: 4
[1720.274s][debug][gc,phases      ] GC(58)     Dead                           Min: 0, Avg:  0.0, Max: 0, Diff: 0, Sum: 0, Workers: 4
[1720.274s][debug][gc,phases      ] GC(58)     Total                          Min: 0, Avg: 13.0, Max: 48, Diff: 48, Sum: 52, Workers: 4
[1720.274s][debug][gc,phases      ] GC(58)   StringDedup Table Weak         Min: 0.00, Avg: 0.00, Max: 0.00, Diff: 0.00, Sum: 0.00, Workers: 4
[1720.274s][debug][gc,phases      ] GC(58)     Dead                           Min: 0, Avg:  0.0, Max: 0, Diff: 0, Sum: 0, Workers: 4
[1720.274s][debug][gc,phases      ] GC(58)     Total                          Min: 0, Avg:  0.0, Max: 0, Diff: 0, Sum: 0, Workers: 4
[1720.274s][debug][gc,phases      ] GC(58)   StringDedup Requests0 Weak     Min: 0.00, Avg: 0.00, Max: 0.00, Diff: 0.00, Sum: 0.00, Workers: 4
[1720.274s][debug][gc,phases      ] GC(58)     Dead                           Min: 0, Avg:  0.0, Max: 0, Diff: 0, Sum: 0, Workers: 4
[1720.274s][debug][gc,phases      ] GC(58)     Total                          Min: 0, Avg:  0.0, Max: 0, Diff: 0, Sum: 0, Workers: 4
[1720.274s][debug][gc,phases      ] GC(58)   StringDedup Requests1 Weak     Min: 0.00, Avg: 0.00, Max: 0.00, Diff: 0.00, Sum: 0.00, Workers: 4
[1720.274s][debug][gc,phases      ] GC(58)     Dead                           Min: 0, Avg:  0.0, Max: 0, Diff: 0, Sum: 0, Workers: 4
[1720.274s][debug][gc,phases      ] GC(58)     Total                          Min: 0, Avg:  0.0, Max: 0, Diff: 0, Sum: 0, Workers: 4
[1720.274s][debug][gc,phases      ] GC(58)   Weak JFR Old Object Samples    Min: 0.00, Avg: 0.00, Max: 0.00, Diff: 0.00, Sum: 0.00, Workers: 4
[1720.274s][debug][gc,phases      ] GC(58)     Dead                           Min: 0, Avg:  0.0, Max: 0, Diff: 0, Sum: 0, Workers: 4
[1720.274s][debug][gc,phases      ] GC(58)     Total                          Min: 0, Avg:  0.0, Max: 0, Diff: 0, Sum: 0, Workers: 4
[1720.274s][debug][gc,phases      ] GC(58) Weak Processing 0.402ms
[1720.274s][debug][gc,age         ] GC(58) Desired survivor size 77594624 bytes, new threshold 1 (max threshold 15)
[1720.274s][info ][gc,heap        ] GC(58) PSYoungGen: 1924896K(2007040K)->17856K(2021376K) Eden: 1921024K(1921024K)->0K(1938944K) From: 3872K(86016K)->17856K(82432K)
[1720.274s][info ][gc,heap        ] GC(58) ParOldGen: 804108K(804352K)->804948K(805376K)
[1720.274s][info ][gc,metaspace   ] GC(58) Metaspace: 110065K(111296K)->110065K(111296K) NonClass: 93960K(94656K)->93960K(94656K) Class: 16105K(16640K)->16105K(16640K)
[1720.274s][info ][gc             ] GC(58) Pause Young (Allocation Failure) 2665M->803M(2760M) 9.387ms
[1720.274s][info ][gc,cpu         ] GC(58) User=0.03s Sys=0.00s Real=0.01s
[1720.274s][info ][safepoint      ] Safepoint "ParallelCollectForAllocation", Time since last: 47147525860 ns, Reaching safepoint: 84800 ns, At safepoint: 9444591 ns, Leaving safepoint: 145900 ns, Total: 9675291 ns, Threads: 3 runnable, 29 total
[1733.790s][info ][gc,start       ] GC(59) Pause Young (Allocation Failure)
[1733.824s][debug][gc,phases      ] GC(59) Scavenge 34.245ms
[1733.824s][debug][gc,ref         ] GC(59) Skipped SoftWeakFinalRefsPhase of Reference Processing: no references
[1733.824s][debug][gc,ref         ] GC(59) Skipped KeepAliveFinalRefsPhase of Reference Processing: no references
[1733.824s][debug][gc,ref         ] GC(59) Skipped PhantomRefsPhase of Reference Processing: no references
[1733.824s][debug][gc,phases      ] GC(59) Reference Processing 0.019ms
[1733.825s][debug][gc,phases      ] GC(59)   VM Weak                        Min: 0.00, Avg: 0.00, Max: 0.01, Diff: 0.01, Sum: 0.01, Workers: 4
[1733.825s][debug][gc,phases      ] GC(59)     Dead                           Min: 0, Avg:  0.0, Max: 0, Diff: 0, Sum: 0, Workers: 4
[1733.825s][debug][gc,phases      ] GC(59)     Total                          Min: 0, Avg: 237.8, Max: 503, Diff: 503, Sum: 951, Workers: 4
[1733.825s][debug][gc,phases      ] GC(59)   ObjectSynchronizer Weak        Min: 0.00, Avg: 0.00, Max: 0.00, Diff: 0.00, Sum: 0.00, Workers: 4
[1733.825s][debug][gc,phases      ] GC(59)     Dead                           Min: 0, Avg:  0.0, Max: 0, Diff: 0, Sum: 0, Workers: 4
[1733.825s][debug][gc,phases      ] GC(59)     Total                          Min: 0, Avg:  2.0, Max: 8, Diff: 8, Sum: 8, Workers: 4
[1733.825s][debug][gc,phases      ] GC(59)   JVMTI Tag Weak OopStorage      Min: 0.00, Avg: 0.00, Max: 0.00, Diff: 0.00, Sum: 0.00, Workers: 4
[1733.825s][debug][gc,phases      ] GC(59)     Dead                           Min: 0, Avg:  0.0, Max: 0, Diff: 0, Sum: 0, Workers: 4
[1733.825s][debug][gc,phases      ] GC(59)     Total                          Min: 0, Avg:  0.0, Max: 0, Diff: 0, Sum: 0, Workers: 4
[1733.825s][debug][gc,phases      ] GC(59)   StringTable Weak               Min: 0.14, Avg: 0.14, Max: 0.14, Diff: 0.00, Sum: 0.55, Workers: 4
[1733.825s][debug][gc,phases      ] GC(59)     Dead                           Min: 0, Avg:  0.0, Max: 0, Diff: 0, Sum: 0, Workers: 4
[1733.825s][debug][gc,phases      ] GC(59)     Total                          Min: 7232, Avg: 12563.0, Max: 15244, Diff: 8012, Sum: 50252, Workers: 4
[1733.825s][debug][gc,phases      ] GC(59)   ResolvedMethodTable Weak       Min: 0.04, Avg: 0.04, Max: 0.04, Diff: 0.00, Sum: 0.16, Workers: 4
[1733.825s][debug][gc,phases      ] GC(59)     Dead                           Min: 1, Avg:  5.0, Max: 10, Diff: 9, Sum: 20, Workers: 4
[1733.825s][debug][gc,phases      ] GC(59)     Total                          Min: 4117, Avg: 4222.2, Max: 4319, Diff: 202, Sum: 16889, Workers: 4
[1733.825s][debug][gc,phases      ] GC(59)   JNI Weak                       Min: 0.00, Avg: 0.00, Max: 0.00, Diff: 0.00, Sum: 0.00, Workers: 4
[1733.825s][debug][gc,phases      ] GC(59)     Dead                           Min: 0, Avg:  0.0, Max: 0, Diff: 0, Sum: 0, Workers: 4
[1733.825s][debug][gc,phases      ] GC(59)     Total                          Min: 0, Avg: 13.0, Max: 48, Diff: 48, Sum: 52, Workers: 4
[1733.825s][debug][gc,phases      ] GC(59)   StringDedup Table Weak         Min: 0.00, Avg: 0.00, Max: 0.00, Diff: 0.00, Sum: 0.00, Workers: 4
[1733.825s][debug][gc,phases      ] GC(59)     Dead                           Min: 0, Avg:  0.0, Max: 0, Diff: 0, Sum: 0, Workers: 4
[1733.825s][debug][gc,phases      ] GC(59)     Total                          Min: 0, Avg:  0.0, Max: 0, Diff: 0, Sum: 0, Workers: 4
[1733.825s][debug][gc,phases      ] GC(59)   StringDedup Requests0 Weak     Min: 0.00, Avg: 0.00, Max: 0.00, Diff: 0.00, Sum: 0.00, Workers: 4
[1733.825s][debug][gc,phases      ] GC(59)     Dead                           Min: 0, Avg:  0.0, Max: 0, Diff: 0, Sum: 0, Workers: 4
[1733.825s][debug][gc,phases      ] GC(59)     Total                          Min: 0, Avg:  0.0, Max: 0, Diff: 0, Sum: 0, Workers: 4
[1733.825s][debug][gc,phases      ] GC(59)   StringDedup Requests1 Weak     Min: 0.00, Avg: 0.00, Max: 0.00, Diff: 0.00, Sum: 0.00, Workers: 4
[1733.825s][debug][gc,phases      ] GC(59)     Dead                           Min: 0, Avg:  0.0, Max: 0, Diff: 0, Sum: 0, Workers: 4
[1733.825s][debug][gc,phases      ] GC(59)     Total                          Min: 0, Avg:  0.0, Max: 0, Diff: 0, Sum: 0, Workers: 4
[1733.825s][debug][gc,phases      ] GC(59)   Weak JFR Old Object Samples    Min: 0.00, Avg: 0.00, Max: 0.00, Diff: 0.00, Sum: 0.00, Workers: 4
[1733.825s][debug][gc,phases      ] GC(59)     Dead                           Min: 0, Avg:  0.0, Max: 0, Diff: 0, Sum: 0, Workers: 4
[1733.825s][debug][gc,phases      ] GC(59)     Total                          Min: 0, Avg:  0.0, Max: 0, Diff: 0, Sum: 0, Workers: 4
[1733.825s][debug][gc,phases      ] GC(59) Weak Processing 0.349ms
[1733.825s][debug][gc,age         ] GC(59) Desired survivor size 101187584 bytes, new threshold 1 (max threshold 15)
[1733.825s][info ][gc,heap        ] GC(59) PSYoungGen: 1956595K(2021376K)->75774K(2014720K) Eden: 1938738K(1938944K)->0K(1938944K) From: 17856K(82432K)->75774K(75776K)
[1733.825s][info ][gc,heap        ] GC(59) ParOldGen: 804948K(805376K)->825007K(825344K)
[1733.825s][info ][gc,metaspace   ] GC(59) Metaspace: 110093K(111296K)->110093K(111296K) NonClass: 93988K(94656K)->93988K(94656K) Class: 16105K(16640K)->16105K(16640K)
[1733.825s][info ][gc             ] GC(59) Pause Young (Allocation Failure) 2696M->879M(2773M) 34.741ms
[1733.825s][info ][gc,cpu         ] GC(59) User=0.11s Sys=0.01s Real=0.03s
[1733.825s][info ][safepoint      ] Safepoint "ParallelCollectForAllocation", Time since last: 13515608604 ns, Reaching safepoint: 155500 ns, At safepoint: 34802761 ns, Leaving safepoint: 17000 ns, Total: 34975261 ns, Threads: 2 runnable, 31 total
[1856.465s][info ][safepoint      ] Safepoint "JFRSafepointWrite", Time since last: 122639665913 ns, Reaching safepoint: 4900 ns, At safepoint: 19400 ns, Leaving safepoint: 6500 ns, Total: 30800 ns, Threads: 0 runnable, 22 total
[1856.467s][info ][gc,exit        ] Heap
[1856.467s][info ][gc,exit        ]  PSYoungGen      total 2014720K, used 1143905K [0x0000000780000000, 0x0000000800000000, 0x0000000800000000)
[1856.467s][info ][gc,exit        ]   eden space 1938944K, 55% used [0x0000000780000000,0x00000007c13189a0,0x00000007f6580000)
[1856.467s][info ][gc,exit        ]   from space 75776K, 99% used [0x00000007f6580000,0x00000007faf7fbe8,0x00000007faf80000)
[1856.467s][info ][gc,exit        ]   to   space 82432K, 0% used [0x00000007faf80000,0x00000007faf80000,0x0000000800000000)
[1856.467s][info ][gc,exit        ]  ParOldGen       total 825344K, used 825007K [0x00000006c0000000, 0x00000006f2600000, 0x0000000780000000)
[1856.467s][info ][gc,exit        ]   object space 825344K, 99% used [0x00000006c0000000,0x00000006f25abc58,0x00000006f2600000)
[1856.467s][info ][gc,exit        ]  Metaspace       used 110223K, committed 111552K, reserved 1179648K
[1856.467s][info ][gc,exit        ]   class space    used 16131K, committed 16704K, reserved 1048576K
