[0.003s][info][gc,init] CardTable entry size: 512
[0.003s][info][gc     ] Using Parallel
[0.004s][info][gc,init] Version: 25.0.1+8-LTS (release)
[0.004s][info][gc,init] CPUs: 4 total, 4 available
[0.004s][info][gc,init] Memory: 15995M
[0.004s][info][gc,init] Large Page Support: Disabled
[0.004s][info][gc,init] NUMA Support: Disabled
[0.004s][info][gc,init] Compressed Oops: Enabled (Zero based)
[0.004s][info][gc,init] Alignments: Space 512K, Generation 512K, Heap 2M
[0.004s][info][gc,init] Heap Min Capacity: 2054M
[0.004s][info][gc,init] Heap Initial Capacity: 2054M
[0.004s][info][gc,init] Heap Max Capacity: 5G
[0.004s][info][gc,init] Pre-touch: Disabled
[0.004s][info][gc,init] Parallel Workers: 4
[0.008s][info][gc,metaspace] CDS archive(s) mapped at: [0x0000000049000000-0x0000000049d8c000-0x0000000049d8c000), size 14204928, SharedBaseAddress: 0x0000000049000000, ArchiveRelocationMode: 1.
[0.008s][info][gc,metaspace] Compressed class space mapped at: 0x000000004a000000-0x000000008a000000, reserved size: 1073741824
[0.008s][info][gc,metaspace] UseCompressedClassPointers 1, UseCompactObjectHeaders 0
[0.008s][info][gc,metaspace] Narrow klass pointer bits 32, Max shift 3
[0.008s][info][gc,metaspace] Narrow klass base: 0x0000000049000000, Narrow klass shift: 0
[0.008s][info][gc,metaspace] Encoding Range: [0x0000000049000000 - 0x0000000149000000), (4294967296 bytes)
[0.008s][info][gc,metaspace] Klass Range:    [0x0000000049001000 - 0x000000008a000000), (1090514944 bytes)
[0.008s][info][gc,metaspace] Klass ID Range:  [4096 - 1090519033) (1090514937)
[0.008s][info][gc,metaspace] Protection zone: [0x0000000049000000 - 0x0000000049001000), (4096 bytes)
[0.423s][info][safepoint   ] Safepoint "JFRSafepointClear", Time since last: 409206467 ns, Reaching safepoint: 3600 ns, At safepoint: 38700 ns, Leaving safepoint: 3000 ns, Total: 45300 ns, Threads: 1 runnable, 13 total
[1.887s][debug][gc,phases   ] GC(0) Pre Compact 0.019ms
[1.887s][info ][gc,start    ] GC(0) Pause Full (Metadata GC Threshold)
[1.887s][info ][gc,phases,start] GC(0) Marking Phase
[1.900s][debug][gc,phases      ] GC(0) Par Mark 12.420ms
[1.900s][debug][gc,ref         ] GC(0) ReferenceProcessor::execute queues: 2, RefProcThreadModel::Multi, marks_oops_alive: false
[1.900s][debug][gc,ref         ] GC(0) ReferenceProcessor::execute queues: 4, RefProcThreadModel::Multi, marks_oops_alive: true
[1.900s][debug][gc,ref         ] GC(0) ReferenceProcessor::execute queues: 1, RefProcThreadModel::Single, marks_oops_alive: false
[1.900s][debug][gc,phases      ] GC(0) Reference Processing 0.417ms
[1.900s][debug][gc,phases      ] GC(0) Flush Marking Stats 0.011ms
[1.900s][debug][gc,phases      ] GC(0)   VM Weak                        Min: 0.00, Avg: 0.00, Max: 0.00, Diff: 0.00, Sum: 0.01, Workers: 4
[1.900s][debug][gc,phases      ] GC(0)     Dead                           Min: 0, Avg:  0.0, Max: 0, Diff: 0, Sum: 0, Workers: 4
[1.900s][debug][gc,phases      ] GC(0)     Total                          Min: 0, Avg: 39.8, Max: 95, Diff: 95, Sum: 159, Workers: 4
[1.900s][debug][gc,phases      ] GC(0)   ObjectSynchronizer Weak        Min: 0.00, Avg: 0.00, Max: 0.00, Diff: 0.00, Sum: 0.00, Workers: 4
[1.900s][debug][gc,phases      ] GC(0)     Dead                           Min: 0, Avg:  1.2, Max: 5, Diff: 5, Sum: 5, Workers: 4
[1.900s][debug][gc,phases      ] GC(0)     Total                          Min: 0, Avg:  4.2, Max: 17, Diff: 17, Sum: 17, Workers: 4
[1.900s][debug][gc,phases      ] GC(0)   JVMTI Tag Weak OopStorage      Min: 0.00, Avg: 0.00, Max: 0.00, Diff: 0.00, Sum: 0.00, Workers: 4
[1.900s][debug][gc,phases      ] GC(0)     Dead                           Min: 0, Avg:  0.0, Max: 0, Diff: 0, Sum: 0, Workers: 4
[1.900s][debug][gc,phases      ] GC(0)     Total                          Min: 0, Avg:  0.0, Max: 0, Diff: 0, Sum: 0, Workers: 4
[1.900s][debug][gc,phases      ] GC(0)   StringTable Weak               Min: 0.00, Avg: 0.03, Max: 0.04, Diff: 0.04, Sum: 0.11, Workers: 4
[1.900s][debug][gc,phases      ] GC(0)     Dead                           Min: 0, Avg:  7.0, Max: 16, Diff: 16, Sum: 28, Workers: 4
[1.900s][debug][gc,phases      ] GC(0)     Total                          Min: 0, Avg: 2119.8, Max: 2880, Diff: 2880, Sum: 8479, Workers: 4
[1.900s][debug][gc,phases      ] GC(0)   ResolvedMethodTable Weak       Min: 0.00, Avg: 0.01, Max: 0.01, Diff: 0.01, Sum: 0.03, Workers: 4
[1.900s][debug][gc,phases      ] GC(0)     Dead                           Min: 0, Avg: 120.2, Max: 227, Diff: 227, Sum: 481, Workers: 4
[1.900s][debug][gc,phases      ] GC(0)     Total                          Min: 0, Avg: 466.8, Max: 651, Diff: 651, Sum: 1867, Workers: 4
[1.900s][debug][gc,phases      ] GC(0)   JNI Weak                       Min: 0.00, Avg: 0.00, Max: 0.00, Diff: 0.00, Sum: 0.00, Workers: 4
[1.900s][debug][gc,phases      ] GC(0)     Dead                           Min: 0, Avg:  0.0, Max: 0, Diff: 0, Sum: 0, Workers: 4
[1.900s][debug][gc,phases      ] GC(0)     Total                          Min: 0, Avg: 12.0, Max: 48, Diff: 48, Sum: 48, Workers: 4
[1.900s][debug][gc,phases      ] GC(0)   StringDedup Table Weak         Min: 0.00, Avg: 0.00, Max: 0.00, Diff: 0.00, Sum: 0.00, Workers: 4
[1.900s][debug][gc,phases      ] GC(0)     Dead                           Min: 0, Avg:  0.0, Max: 0, Diff: 0, Sum: 0, Workers: 4
[1.900s][debug][gc,phases      ] GC(0)     Total                          Min: 0, Avg:  0.0, Max: 0, Diff: 0, Sum: 0, Workers: 4
[1.900s][debug][gc,phases      ] GC(0)   StringDedup Requests0 Weak     Min: 0.00, Avg: 0.00, Max: 0.00, Diff: 0.00, Sum: 0.00, Workers: 4
[1.900s][debug][gc,phases      ] GC(0)     Dead                           Min: 0, Avg:  0.0, Max: 0, Diff: 0, Sum: 0, Workers: 4
[1.900s][debug][gc,phases      ] GC(0)     Total                          Min: 0, Avg:  0.0, Max: 0, Diff: 0, Sum: 0, Workers: 4
[1.900s][debug][gc,phases      ] GC(0)   StringDedup Requests1 Weak     Min: 0.00, Avg: 0.00, Max: 0.00, Diff: 0.00, Sum: 0.00, Workers: 4
[1.900s][debug][gc,phases      ] GC(0)     Dead                           Min: 0, Avg:  0.0, Max: 0, Diff: 0, Sum: 0, Workers: 4
[1.900s][debug][gc,phases      ] GC(0)     Total                          Min: 0, Avg:  0.0, Max: 0, Diff: 0, Sum: 0, Workers: 4
[1.900s][debug][gc,phases      ] GC(0)   Weak JFR Old Object Samples    Min: 0.00, Avg: 0.00, Max: 0.00, Diff: 0.00, Sum: 0.00, Workers: 4
[1.900s][debug][gc,phases      ] GC(0)     Dead                           Min: 0, Avg:  0.0, Max: 0, Diff: 0, Sum: 0, Workers: 4
[1.900s][debug][gc,phases      ] GC(0)     Total                          Min: 0, Avg:  0.0, Max: 0, Diff: 0, Sum: 0, Workers: 4
[1.900s][debug][gc,phases      ] GC(0) Weak Processing 0.220ms
[1.900s][debug][gc,phases      ] GC(0) ClassLoaderData 0.013ms
[1.900s][debug][gc,phases      ] GC(0) Trigger cleanups 0.000ms
[1.905s][debug][gc,phases      ] GC(0) Purge Unlinked NMethods 0.002ms
[1.905s][debug][gc,phases      ] GC(0) Unregister NMethods 0.025ms
[1.905s][debug][gc,phases      ] GC(0) Free Code Blobs 0.001ms
[1.905s][debug][gc,phases      ] GC(0) Class Unloading 4.216ms
[1.905s][debug][gc,phases      ] GC(0) Report Object Count 0.001ms
[1.905s][info ][gc,phases      ] GC(0) Marking Phase 17.344ms
[1.905s][info ][gc,phases,start] GC(0) Summary Phase
[1.905s][info ][gc,phases      ] GC(0) Summary Phase 0.007ms
[1.905s][info ][gc,phases,start] GC(0) Forward
[1.910s][info ][gc,phases      ] GC(0) Forward 5.223ms
[1.910s][info ][gc,phases,start] GC(0) Adjust Pointers
[1.919s][info ][gc,phases      ] GC(0) Adjust Pointers 8.658ms
[1.919s][info ][gc,phases,start] GC(0) Compaction Phase
[1.925s][info ][gc,phases      ] GC(0) Compaction Phase 6.644ms
[1.925s][info ][gc,phases,start] GC(0) Post Compact
[1.928s][debug][gc,phases      ] GC(0) Purge Class Loader Data 0.907ms
[1.929s][info ][gc,phases      ] GC(0) Post Compact 3.348ms
[1.929s][info ][gc,heap        ] GC(0) PSYoungGen: 309440K(1572864K)->33690K(1572864K) Eden: 309440K(1048576K)->33690K(1048576K) From: 0K(524288K)->0K(524288K)
[1.929s][info ][gc,heap        ] GC(0) ParOldGen: 1155K(6144K)->5241K(6144K)
[1.929s][info ][gc,metaspace   ] GC(0) Metaspace: 21182K(21504K)->21182K(21504K) NonClass: 19229K(19392K)->19229K(19392K) Class: 1952K(2112K)->1952K(2112K)
[1.929s][info ][gc             ] GC(0) Pause Full (Metadata GC Threshold) 303M->38M(1542M) 41.459ms
[1.929s][info ][gc,cpu         ] GC(0) User=0.11s Sys=0.00s Real=0.04s
[1.929s][info ][safepoint      ] Safepoint "CollectForMetadataAllocation", Time since last: 1463837373 ns, Reaching safepoint: 4200 ns, At safepoint: 41893596 ns, Leaving safepoint: 7000 ns, Total: 41904796 ns, Threads: 0 runnable, 16 total
[3.258s][debug][gc,phases      ] GC(1) Pre Compact 0.017ms
[3.258s][info ][gc,start       ] GC(1) Pause Full (Metadata GC Threshold)
[3.258s][info ][gc,phases,start] GC(1) Marking Phase
[3.289s][debug][gc,phases      ] GC(1) Par Mark 30.751ms
[3.289s][debug][gc,ref         ] GC(1) ReferenceProcessor::execute queues: 4, RefProcThreadModel::Multi, marks_oops_alive: false
[3.290s][debug][gc,ref         ] GC(1) ReferenceProcessor::execute queues: 4, RefProcThreadModel::Multi, marks_oops_alive: true
[3.290s][debug][gc,ref         ] GC(1) ReferenceProcessor::execute queues: 1, RefProcThreadModel::Single, marks_oops_alive: false
[3.290s][debug][gc,phases      ] GC(1) Reference Processing 0.967ms
[3.290s][debug][gc,phases      ] GC(1) Flush Marking Stats 0.023ms
[3.290s][debug][gc,phases      ] GC(1)   VM Weak                        Min: 0.00, Avg: 0.00, Max: 0.00, Diff: 0.00, Sum: 0.01, Workers: 4
[3.290s][debug][gc,phases      ] GC(1)     Dead                           Min: 0, Avg:  0.0, Max: 0, Diff: 0, Sum: 0, Workers: 4
[3.290s][debug][gc,phases      ] GC(1)     Total                          Min: 0, Avg: 53.0, Max: 128, Diff: 128, Sum: 212, Workers: 4
[3.290s][debug][gc,phases      ] GC(1)   ObjectSynchronizer Weak        Min: 0.00, Avg: 0.00, Max: 0.00, Diff: 0.00, Sum: 0.00, Workers: 4
[3.290s][debug][gc,phases      ] GC(1)     Dead                           Min: 0, Avg:  0.5, Max: 2, Diff: 2, Sum: 2, Workers: 4
[3.290s][debug][gc,phases      ] GC(1)     Total                          Min: 0, Avg:  6.0, Max: 24, Diff: 24, Sum: 24, Workers: 4
[3.290s][debug][gc,phases      ] GC(1)   JVMTI Tag Weak OopStorage      Min: 0.00, Avg: 0.00, Max: 0.00, Diff: 0.00, Sum: 0.00, Workers: 4
[3.290s][debug][gc,phases      ] GC(1)     Dead                           Min: 0, Avg:  0.0, Max: 0, Diff: 0, Sum: 0, Workers: 4
[3.290s][debug][gc,phases      ] GC(1)     Total                          Min: 0, Avg:  0.0, Max: 0, Diff: 0, Sum: 0, Workers: 4
[3.290s][debug][gc,phases      ] GC(1)   StringTable Weak               Min: 0.00, Avg: 0.07, Max: 0.09, Diff: 0.09, Sum: 0.28, Workers: 4
[3.290s][debug][gc,phases      ] GC(1)     Dead                           Min: 0, Avg:  2.2, Max: 3, Diff: 3, Sum: 9, Workers: 4
[3.290s][debug][gc,phases      ] GC(1)     Total                          Min: 0, Avg: 3903.2, Max: 5437, Diff: 5437, Sum: 15613, Workers: 4
[3.290s][debug][gc,phases      ] GC(1)   ResolvedMethodTable Weak       Min: 0.00, Avg: 0.04, Max: 0.07, Diff: 0.07, Sum: 0.15, Workers: 4
[3.290s][debug][gc,phases      ] GC(1)     Dead                           Min: 0, Avg: 463.0, Max: 948, Diff: 948, Sum: 1852, Workers: 4
[3.290s][debug][gc,phases      ] GC(1)     Total                          Min: 0, Avg: 1216.2, Max: 2176, Diff: 2176, Sum: 4865, Workers: 4
[3.290s][debug][gc,phases      ] GC(1)   JNI Weak                       Min: 0.00, Avg: 0.00, Max: 0.00, Diff: 0.00, Sum: 0.00, Workers: 4
[3.290s][debug][gc,phases      ] GC(1)     Dead                           Min: 0, Avg:  0.0, Max: 0, Diff: 0, Sum: 0, Workers: 4
[3.290s][debug][gc,phases      ] GC(1)     Total                          Min: 0, Avg: 12.0, Max: 48, Diff: 48, Sum: 48, Workers: 4
[3.290s][debug][gc,phases      ] GC(1)   StringDedup Table Weak         Min: 0.00, Avg: 0.00, Max: 0.00, Diff: 0.00, Sum: 0.00, Workers: 4
[3.290s][debug][gc,phases      ] GC(1)     Dead                           Min: 0, Avg:  0.0, Max: 0, Diff: 0, Sum: 0, Workers: 4
[3.290s][debug][gc,phases      ] GC(1)     Total                          Min: 0, Avg:  0.0, Max: 0, Diff: 0, Sum: 0, Workers: 4
[3.290s][debug][gc,phases      ] GC(1)   StringDedup Requests0 Weak     Min: 0.00, Avg: 0.00, Max: 0.00, Diff: 0.00, Sum: 0.00, Workers: 4
[3.290s][debug][gc,phases      ] GC(1)     Dead                           Min: 0, Avg:  0.0, Max: 0, Diff: 0, Sum: 0, Workers: 4
[3.290s][debug][gc,phases      ] GC(1)     Total                          Min: 0, Avg:  0.0, Max: 0, Diff: 0, Sum: 0, Workers: 4
[3.290s][debug][gc,phases      ] GC(1)   StringDedup Requests1 Weak     Min: 0.00, Avg: 0.00, Max: 0.00, Diff: 0.00, Sum: 0.00, Workers: 4
[3.290s][debug][gc,phases      ] GC(1)     Dead                           Min: 0, Avg:  0.0, Max: 0, Diff: 0, Sum: 0, Workers: 4
[3.290s][debug][gc,phases      ] GC(1)     Total                          Min: 0, Avg:  0.0, Max: 0, Diff: 0, Sum: 0, Workers: 4
[3.290s][debug][gc,phases      ] GC(1)   Weak JFR Old Object Samples    Min: 0.00, Avg: 0.00, Max: 0.00, Diff: 0.00, Sum: 0.00, Workers: 4
[3.290s][debug][gc,phases      ] GC(1)     Dead                           Min: 0, Avg:  0.0, Max: 0, Diff: 0, Sum: 0, Workers: 4
[3.290s][debug][gc,phases      ] GC(1)     Total                          Min: 0, Avg:  0.0, Max: 0, Diff: 0, Sum: 0, Workers: 4
[3.290s][debug][gc,phases      ] GC(1) Weak Processing 0.498ms
[3.290s][debug][gc,phases      ] GC(1) ClassLoaderData 0.030ms
[3.290s][debug][gc,phases      ] GC(1) Trigger cleanups 0.000ms
[3.296s][debug][gc,phases      ] GC(1) Purge Unlinked NMethods 0.251ms
[3.296s][debug][gc,phases      ] GC(1) Unregister NMethods 0.010ms
[3.296s][debug][gc,phases      ] GC(1) Free Code Blobs 0.032ms
[3.296s][debug][gc,phases      ] GC(1) Class Unloading 5.900ms
[3.296s][debug][gc,phases      ] GC(1) Report Object Count 0.001ms
[3.296s][info ][gc,phases      ] GC(1) Marking Phase 38.214ms
[3.296s][info ][gc,phases,start] GC(1) Summary Phase
[3.296s][info ][gc,phases      ] GC(1) Summary Phase 0.009ms
[3.296s][info ][gc,phases,start] GC(1) Forward
[3.309s][info ][gc,phases      ] GC(1) Forward 13.269ms
[3.310s][info ][gc,phases,start] GC(1) Adjust Pointers
[3.327s][info ][gc,phases      ] GC(1) Adjust Pointers 17.561ms
[3.327s][info ][gc,phases,start] GC(1) Compaction Phase
[3.346s][info ][gc,phases      ] GC(1) Compaction Phase 18.431ms
[3.346s][info ][gc,phases,start] GC(1) Post Compact
[3.347s][debug][gc,phases      ] GC(1) Purge Class Loader Data 0.272ms
[3.347s][info ][gc,phases      ] GC(1) Post Compact 1.277ms
[3.347s][info ][gc,heap        ] GC(1) PSYoungGen: 558010K(1572864K)->57448K(1572864K) Eden: 558010K(1048576K)->57448K(1048576K) From: 0K(524288K)->0K(524288K)
[3.347s][info ][gc,heap        ] GC(1) ParOldGen: 5241K(6144K)->5230K(6144K)
[3.347s][info ][gc,metaspace   ] GC(1) Metaspace: 35487K(35840K)->35487K(35840K) NonClass: 31409K(31616K)->31409K(31616K) Class: 4077K(4224K)->4077K(4224K)
[3.347s][info ][gc             ] GC(1) Pause Full (Metadata GC Threshold) 550M->61M(1542M) 89.142ms
[3.347s][info ][gc,cpu         ] GC(1) User=0.26s Sys=0.01s Real=0.09s
[3.347s][info ][safepoint      ] Safepoint "CollectForMetadataAllocation", Time since last: 1329138376 ns, Reaching safepoint: 3000 ns, At safepoint: 89255391 ns, Leaving safepoint: 8200 ns, Total: 89266591 ns, Threads: 0 runnable, 16 total
[5.708s][debug][gc,phases      ] GC(2) Pre Compact 0.019ms
[5.708s][info ][gc,start       ] GC(2) Pause Full (Metadata GC Threshold)
[5.708s][info ][gc,phases,start] GC(2) Marking Phase
[5.746s][debug][gc,phases      ] GC(2) Par Mark 38.634ms
[5.747s][debug][gc,ref         ] GC(2) ReferenceProcessor::execute queues: 4, RefProcThreadModel::Multi, marks_oops_alive: false
[5.748s][debug][gc,ref         ] GC(2) ReferenceProcessor::execute queues: 4, RefProcThreadModel::Multi, marks_oops_alive: true
[5.748s][debug][gc,ref         ] GC(2) ReferenceProcessor::execute queues: 1, RefProcThreadModel::Single, marks_oops_alive: false
[5.748s][debug][gc,phases      ] GC(2) Reference Processing 1.409ms
[5.748s][debug][gc,phases      ] GC(2) Flush Marking Stats 0.017ms
[5.748s][debug][gc,phases      ] GC(2)   VM Weak                        Min: 0.00, Avg: 0.00, Max: 0.01, Diff: 0.01, Sum: 0.01, Workers: 4
[5.748s][debug][gc,phases      ] GC(2)     Dead                           Min: 0, Avg:  0.0, Max: 0, Diff: 0, Sum: 0, Workers: 4
[5.748s][debug][gc,phases      ] GC(2)     Total                          Min: 0, Avg: 83.8, Max: 192, Diff: 192, Sum: 335, Workers: 4
[5.748s][debug][gc,phases      ] GC(2)   ObjectSynchronizer Weak        Min: 0.00, Avg: 0.00, Max: 0.00, Diff: 0.00, Sum: 0.00, Workers: 4
[5.748s][debug][gc,phases      ] GC(2)     Dead                           Min: 0, Avg:  0.8, Max: 3, Diff: 3, Sum: 3, Workers: 4
[5.748s][debug][gc,phases      ] GC(2)     Total                          Min: 0, Avg:  7.0, Max: 28, Diff: 28, Sum: 28, Workers: 4
[5.748s][debug][gc,phases      ] GC(2)   JVMTI Tag Weak OopStorage      Min: 0.00, Avg: 0.00, Max: 0.00, Diff: 0.00, Sum: 0.00, Workers: 4
[5.748s][debug][gc,phases      ] GC(2)     Dead                           Min: 0, Avg:  0.0, Max: 0, Diff: 0, Sum: 0, Workers: 4
[5.748s][debug][gc,phases      ] GC(2)     Total                          Min: 0, Avg:  0.0, Max: 0, Diff: 0, Sum: 0, Workers: 4
[5.748s][debug][gc,phases      ] GC(2)   StringTable Weak               Min: 0.00, Avg: 0.11, Max: 0.14, Diff: 0.14, Sum: 0.42, Workers: 4
[5.748s][debug][gc,phases      ] GC(2)     Dead                           Min: 0, Avg:  3.8, Max: 11, Diff: 11, Sum: 15, Workers: 4
[5.748s][debug][gc,phases      ] GC(2)     Total                          Min: 0, Avg: 7257.2, Max: 10981, Diff: 10981, Sum: 29029, Workers: 4
[5.748s][debug][gc,phases      ] GC(2)   ResolvedMethodTable Weak       Min: 0.00, Avg: 0.05, Max: 0.07, Diff: 0.07, Sum: 0.21, Workers: 4
[5.748s][debug][gc,phases      ] GC(2)     Dead                           Min: 0, Avg: 1030.5, Max: 1562, Diff: 1562, Sum: 4122, Workers: 4
[5.748s][debug][gc,phases      ] GC(2)     Total                          Min: 0, Avg: 2908.2, Max: 4352, Diff: 4352, Sum: 11633, Workers: 4
[5.748s][debug][gc,phases      ] GC(2)   JNI Weak                       Min: 0.00, Avg: 0.00, Max: 0.00, Diff: 0.00, Sum: 0.00, Workers: 4
[5.748s][debug][gc,phases      ] GC(2)     Dead                           Min: 0, Avg:  0.0, Max: 0, Diff: 0, Sum: 0, Workers: 4
[5.748s][debug][gc,phases      ] GC(2)     Total                          Min: 0, Avg: 12.0, Max: 48, Diff: 48, Sum: 48, Workers: 4
[5.748s][debug][gc,phases      ] GC(2)   StringDedup Table Weak         Min: 0.00, Avg: 0.00, Max: 0.00, Diff: 0.00, Sum: 0.00, Workers: 4
[5.748s][debug][gc,phases      ] GC(2)     Dead                           Min: 0, Avg:  0.0, Max: 0, Diff: 0, Sum: 0, Workers: 4
[5.748s][debug][gc,phases      ] GC(2)     Total                          Min: 0, Avg:  0.0, Max: 0, Diff: 0, Sum: 0, Workers: 4
[5.748s][debug][gc,phases      ] GC(2)   StringDedup Requests0 Weak     Min: 0.00, Avg: 0.00, Max: 0.00, Diff: 0.00, Sum: 0.00, Workers: 4
[5.748s][debug][gc,phases      ] GC(2)     Dead                           Min: 0, Avg:  0.0, Max: 0, Diff: 0, Sum: 0, Workers: 4
[5.748s][debug][gc,phases      ] GC(2)     Total                          Min: 0, Avg:  0.0, Max: 0, Diff: 0, Sum: 0, Workers: 4
[5.748s][debug][gc,phases      ] GC(2)   StringDedup Requests1 Weak     Min: 0.00, Avg: 0.00, Max: 0.00, Diff: 0.00, Sum: 0.00, Workers: 4
[5.748s][debug][gc,phases      ] GC(2)     Dead                           Min: 0, Avg:  0.0, Max: 0, Diff: 0, Sum: 0, Workers: 4
[5.748s][debug][gc,phases      ] GC(2)     Total                          Min: 0, Avg:  0.0, Max: 0, Diff: 0, Sum: 0, Workers: 4
[5.748s][debug][gc,phases      ] GC(2)   Weak JFR Old Object Samples    Min: 0.00, Avg: 0.00, Max: 0.00, Diff: 0.00, Sum: 0.00, Workers: 4
[5.748s][debug][gc,phases      ] GC(2)     Dead                           Min: 0, Avg:  0.0, Max: 0, Diff: 0, Sum: 0, Workers: 4
[5.748s][debug][gc,phases      ] GC(2)     Total                          Min: 0, Avg:  0.0, Max: 0, Diff: 0, Sum: 0, Workers: 4
[5.748s][debug][gc,phases      ] GC(2) Weak Processing 0.393ms
[5.748s][debug][gc,phases      ] GC(2) ClassLoaderData 0.047ms
[5.748s][debug][gc,phases      ] GC(2) Trigger cleanups 0.000ms
[5.756s][debug][gc,phases      ] GC(2) Purge Unlinked NMethods 0.216ms
[5.756s][debug][gc,phases      ] GC(2) Unregister NMethods 0.024ms
[5.756s][debug][gc,phases      ] GC(2) Free Code Blobs 0.030ms
[5.756s][debug][gc,phases      ] GC(2) Class Unloading 7.731ms
[5.756s][debug][gc,phases      ] GC(2) Report Object Count 0.001ms
[5.756s][info ][gc,phases      ] GC(2) Marking Phase 48.247ms
[5.756s][info ][gc,phases,start] GC(2) Summary Phase
[5.756s][info ][gc,phases      ] GC(2) Summary Phase 0.009ms
[5.756s][info ][gc,phases,start] GC(2) Forward
[5.770s][info ][gc,phases      ] GC(2) Forward 14.086ms
[5.770s][info ][gc,phases,start] GC(2) Adjust Pointers
[5.806s][info ][gc,phases      ] GC(2) Adjust Pointers 35.910ms
[5.806s][info ][gc,phases,start] GC(2) Compaction Phase
[5.828s][info ][gc,phases      ] GC(2) Compaction Phase 21.539ms
[5.828s][info ][gc,phases,start] GC(2) Post Compact
[5.829s][debug][gc,phases      ] GC(2) Purge Class Loader Data 0.343ms
[5.830s][info ][gc,phases      ] GC(2) Post Compact 1.797ms
[5.830s][info ][gc,heap        ] GC(2) PSYoungGen: 536798K(1572864K)->79938K(1572864K) Eden: 536798K(1048576K)->79938K(1048576K) From: 0K(524288K)->0K(524288K)
[5.830s][info ][gc,heap        ] GC(2) ParOldGen: 5230K(6144K)->5228K(6144K)
[5.830s][info ][gc,metaspace   ] GC(2) Metaspace: 59274K(59776K)->59274K(59776K) NonClass: 50253K(50560K)->50253K(50560K) Class: 9020K(9216K)->9020K(9216K)
[5.830s][info ][gc             ] GC(2) Pause Full (Metadata GC Threshold) 529M->83M(1542M) 122.328ms
[5.830s][info ][gc,cpu         ] GC(2) User=0.32s Sys=0.01s Real=0.13s
[5.830s][info ][safepoint      ] Safepoint "CollectForMetadataAllocation", Time since last: 2360396180 ns, Reaching safepoint: 3300 ns, At safepoint: 122509188 ns, Leaving safepoint: 14300 ns, Total: 122526788 ns, Threads: 0 runnable, 16 total
[15.098s][info ][gc,start       ] GC(3) Pause Young (Allocation Failure)
[15.179s][debug][gc,phases      ] GC(3) Scavenge 81.539ms
[15.180s][debug][gc,ref         ] GC(3) ReferenceProcessor::execute queues: 4, RefProcThreadModel::Multi, marks_oops_alive: false
[15.181s][debug][gc,ref         ] GC(3) ReferenceProcessor::execute queues: 4, RefProcThreadModel::Multi, marks_oops_alive: true
[15.181s][debug][gc,ref         ] GC(3) ReferenceProcessor::execute queues: 1, RefProcThreadModel::Single, marks_oops_alive: false
[15.181s][debug][gc,phases      ] GC(3) Reference Processing 1.770ms
[15.182s][debug][gc,phases      ] GC(3)   VM Weak                        Min: 0.00, Avg: 0.01, Max: 0.01, Diff: 0.01, Sum: 0.02, Workers: 4
[15.182s][debug][gc,phases      ] GC(3)     Dead                           Min: 0, Avg:  0.0, Max: 0, Diff: 0, Sum: 0, Workers: 4
[15.182s][debug][gc,phases      ] GC(3)     Total                          Min: 0, Avg: 141.0, Max: 244, Diff: 244, Sum: 564, Workers: 4
[15.182s][debug][gc,phases      ] GC(3)   ObjectSynchronizer Weak        Min: 0.00, Avg: 0.00, Max: 0.00, Diff: 0.00, Sum: 0.01, Workers: 4
[15.182s][debug][gc,phases      ] GC(3)     Dead                           Min: 0, Avg:  6.5, Max: 20, Diff: 20, Sum: 26, Workers: 4
[15.182s][debug][gc,phases      ] GC(3)     Total                          Min: 0, Avg: 32.5, Max: 64, Diff: 64, Sum: 130, Workers: 4
[15.182s][debug][gc,phases      ] GC(3)   JVMTI Tag Weak OopStorage      Min: 0.00, Avg: 0.00, Max: 0.00, Diff: 0.00, Sum: 0.00, Workers: 4
[15.182s][debug][gc,phases      ] GC(3)     Dead                           Min: 0, Avg:  0.0, Max: 0, Diff: 0, Sum: 0, Workers: 4
[15.182s][debug][gc,phases      ] GC(3)     Total                          Min: 0, Avg:  0.0, Max: 0, Diff: 0, Sum: 0, Workers: 4
[15.182s][debug][gc,phases      ] GC(3)   StringTable Weak               Min: 0.00, Avg: 0.33, Max: 0.44, Diff: 0.44, Sum: 1.33, Workers: 4
[15.182s][debug][gc,phases      ] GC(3)     Dead                           Min: 0, Avg:  9.0, Max: 21, Diff: 21, Sum: 36, Workers: 4
[15.182s][debug][gc,phases      ] GC(3)     Total                          Min: 0, Avg: 11562.5, Max: 15914, Diff: 15914, Sum: 46250, Workers: 4
[15.182s][debug][gc,phases      ] GC(3)   ResolvedMethodTable Weak       Min: 0.00, Avg: 0.14, Max: 0.19, Diff: 0.19, Sum: 0.57, Workers: 4
[15.182s][debug][gc,phases      ] GC(3)     Dead                           Min: 0, Avg: 1073.8, Max: 1487, Diff: 1487, Sum: 4295, Workers: 4
[15.182s][debug][gc,phases      ] GC(3)     Total                          Min: 0, Avg: 4447.2, Max: 6016, Diff: 6016, Sum: 17789, Workers: 4
[15.182s][debug][gc,phases      ] GC(3)   JNI Weak                       Min: 0.00, Avg: 0.00, Max: 0.00, Diff: 0.00, Sum: 0.00, Workers: 4
[15.182s][debug][gc,phases      ] GC(3)     Dead                           Min: 0, Avg:  0.0, Max: 0, Diff: 0, Sum: 0, Workers: 4
[15.182s][debug][gc,phases      ] GC(3)     Total                          Min: 0, Avg: 44.2, Max: 107, Diff: 107, Sum: 177, Workers: 4
[15.182s][debug][gc,phases      ] GC(3)   StringDedup Table Weak         Min: 0.00, Avg: 0.00, Max: 0.00, Diff: 0.00, Sum: 0.00, Workers: 4
[15.182s][debug][gc,phases      ] GC(3)     Dead                           Min: 0, Avg:  0.0, Max: 0, Diff: 0, Sum: 0, Workers: 4
[15.182s][debug][gc,phases      ] GC(3)     Total                          Min: 0, Avg:  0.0, Max: 0, Diff: 0, Sum: 0, Workers: 4
[15.182s][debug][gc,phases      ] GC(3)   StringDedup Requests0 Weak     Min: 0.00, Avg: 0.00, Max: 0.00, Diff: 0.00, Sum: 0.00, Workers: 4
[15.182s][debug][gc,phases      ] GC(3)     Dead                           Min: 0, Avg:  0.0, Max: 0, Diff: 0, Sum: 0, Workers: 4
[15.182s][debug][gc,phases      ] GC(3)     Total                          Min: 0, Avg:  0.0, Max: 0, Diff: 0, Sum: 0, Workers: 4
[15.182s][debug][gc,phases      ] GC(3)   StringDedup Requests1 Weak     Min: 0.00, Avg: 0.00, Max: 0.00, Diff: 0.00, Sum: 0.00, Workers: 4
[15.182s][debug][gc,phases      ] GC(3)     Dead                           Min: 0, Avg:  0.0, Max: 0, Diff: 0, Sum: 0, Workers: 4
[15.182s][debug][gc,phases      ] GC(3)     Total                          Min: 0, Avg:  0.0, Max: 0, Diff: 0, Sum: 0, Workers: 4
[15.182s][debug][gc,phases      ] GC(3)   Weak JFR Old Object Samples    Min: 0.00, Avg: 0.00, Max: 0.00, Diff: 0.00, Sum: 0.00, Workers: 4
[15.182s][debug][gc,phases      ] GC(3)     Dead                           Min: 0, Avg:  0.0, Max: 0, Diff: 0, Sum: 0, Workers: 4
[15.182s][debug][gc,phases      ] GC(3)     Total                          Min: 0, Avg:  0.0, Max: 0, Diff: 0, Sum: 0, Workers: 4
[15.182s][debug][gc,phases      ] GC(3) Weak Processing 0.853ms
[15.182s][debug][gc,age         ] GC(3) Desired survivor size 536870912 bytes, new threshold 7 (max threshold 15)
[15.182s][info ][gc,heap        ] GC(3) PSYoungGen: 1048576K(1572864K)->126606K(1572864K) Eden: 1048576K(1048576K)->0K(1048576K) From: 0K(524288K)->126606K(524288K)
[15.182s][info ][gc,heap        ] GC(3) ParOldGen: 5228K(6144K)->5574K(6144K)
[15.182s][info ][gc,metaspace   ] GC(3) Metaspace: 98151K(98944K)->98151K(98944K) NonClass: 83561K(84032K)->83561K(84032K) Class: 14590K(14912K)->14590K(14912K)
[15.182s][info ][gc             ] GC(3) Pause Young (Allocation Failure) 1029M->129M(1542M) 84.297ms
[15.182s][info ][gc,cpu         ] GC(3) User=0.25s Sys=0.06s Real=0.09s
[15.182s][info ][safepoint      ] Safepoint "ParallelCollectForAllocation", Time since last: 9267645090 ns, Reaching safepoint: 7600 ns, At safepoint: 84367194 ns, Leaving safepoint: 18000 ns, Total: 84392794 ns, Threads: 0 runnable, 35 total
[17.149s][debug][gc,phases      ] GC(4) Pre Compact 0.022ms
[17.149s][info ][gc,start       ] GC(4) Pause Full (Metadata GC Threshold)
[17.149s][info ][gc,phases,start] GC(4) Marking Phase
[17.198s][debug][gc,phases      ] GC(4) Par Mark 48.236ms
[17.198s][debug][gc,ref         ] GC(4) ReferenceProcessor::execute queues: 4, RefProcThreadModel::Multi, marks_oops_alive: false
[17.198s][debug][gc,ref         ] GC(4) ReferenceProcessor::execute queues: 4, RefProcThreadModel::Multi, marks_oops_alive: true
[17.198s][debug][gc,ref         ] GC(4) ReferenceProcessor::execute queues: 1, RefProcThreadModel::Single, marks_oops_alive: false
[17.198s][debug][gc,phases      ] GC(4) Reference Processing 0.700ms
[17.198s][debug][gc,phases      ] GC(4) Flush Marking Stats 0.011ms
[17.199s][debug][gc,phases      ] GC(4)   VM Weak                        Min: 0.00, Avg: 0.00, Max: 0.01, Diff: 0.01, Sum: 0.01, Workers: 4
[17.199s][debug][gc,phases      ] GC(4)     Dead                           Min: 0, Avg:  0.2, Max: 1, Diff: 1, Sum: 1, Workers: 4
[17.199s][debug][gc,phases      ] GC(4)     Total                          Min: 0, Avg: 141.0, Max: 256, Diff: 256, Sum: 564, Workers: 4
[17.199s][debug][gc,phases      ] GC(4)   ObjectSynchronizer Weak        Min: 0.00, Avg: 0.00, Max: 0.00, Diff: 0.00, Sum: 0.01, Workers: 4
[17.199s][debug][gc,phases      ] GC(4)     Dead                           Min: 0, Avg:  0.8, Max: 2, Diff: 2, Sum: 3, Workers: 4
[17.199s][debug][gc,phases      ] GC(4)     Total                          Min: 0, Avg: 33.0, Max: 64, Diff: 64, Sum: 132, Workers: 4
[17.199s][debug][gc,phases      ] GC(4)   JVMTI Tag Weak OopStorage      Min: 0.00, Avg: 0.00, Max: 0.00, Diff: 0.00, Sum: 0.00, Workers: 4
[17.199s][debug][gc,phases      ] GC(4)     Dead                           Min: 0, Avg:  0.0, Max: 0, Diff: 0, Sum: 0, Workers: 4
[17.199s][debug][gc,phases      ] GC(4)     Total                          Min: 0, Avg:  0.0, Max: 0, Diff: 0, Sum: 0, Workers: 4
[17.199s][debug][gc,phases      ] GC(4)   StringTable Weak               Min: 0.17, Avg: 0.18, Max: 0.20, Diff: 0.02, Sum: 0.72, Workers: 4
[17.199s][debug][gc,phases      ] GC(4)     Dead                           Min: 0, Avg:  1.0, Max: 2, Diff: 2, Sum: 4, Workers: 4
[17.199s][debug][gc,phases      ] GC(4)     Total                          Min: 7040, Avg: 11641.8, Max: 13888, Diff: 6848, Sum: 46567, Workers: 4
[17.199s][debug][gc,phases      ] GC(4)   ResolvedMethodTable Weak       Min: 0.03, Avg: 0.05, Max: 0.05, Diff: 0.02, Sum: 0.19, Workers: 4
[17.199s][debug][gc,phases      ] GC(4)     Dead                           Min: 0, Avg: 17.5, Max: 39, Diff: 39, Sum: 70, Workers: 4
[17.199s][debug][gc,phases      ] GC(4)     Total                          Min: 2007, Avg: 3403.5, Max: 4062, Diff: 2055, Sum: 13614, Workers: 4
[17.199s][debug][gc,phases      ] GC(4)   JNI Weak                       Min: 0.00, Avg: 0.00, Max: 0.00, Diff: 0.00, Sum: 0.00, Workers: 4
[17.199s][debug][gc,phases      ] GC(4)     Dead                           Min: 0, Avg:  0.0, Max: 0, Diff: 0, Sum: 0, Workers: 4
[17.199s][debug][gc,phases      ] GC(4)     Total                          Min: 0, Avg: 17.2, Max: 52, Diff: 52, Sum: 69, Workers: 4
[17.199s][debug][gc,phases      ] GC(4)   StringDedup Table Weak         Min: 0.00, Avg: 0.00, Max: 0.00, Diff: 0.00, Sum: 0.00, Workers: 4
[17.199s][debug][gc,phases      ] GC(4)     Dead                           Min: 0, Avg:  0.0, Max: 0, Diff: 0, Sum: 0, Workers: 4
[17.199s][debug][gc,phases      ] GC(4)     Total                          Min: 0, Avg:  0.0, Max: 0, Diff: 0, Sum: 0, Workers: 4
[17.199s][debug][gc,phases      ] GC(4)   StringDedup Requests0 Weak     Min: 0.00, Avg: 0.00, Max: 0.00, Diff: 0.00, Sum: 0.00, Workers: 4
[17.199s][debug][gc,phases      ] GC(4)     Dead                           Min: 0, Avg:  0.0, Max: 0, Diff: 0, Sum: 0, Workers: 4
[17.199s][debug][gc,phases      ] GC(4)     Total                          Min: 0, Avg:  0.0, Max: 0, Diff: 0, Sum: 0, Workers: 4
[17.199s][debug][gc,phases      ] GC(4)   StringDedup Requests1 Weak     Min: 0.00, Avg: 0.00, Max: 0.00, Diff: 0.00, Sum: 0.00, Workers: 4
[17.199s][debug][gc,phases      ] GC(4)     Dead                           Min: 0, Avg:  0.0, Max: 0, Diff: 0, Sum: 0, Workers: 4
[17.199s][debug][gc,phases      ] GC(4)     Total                          Min: 0, Avg:  0.0, Max: 0, Diff: 0, Sum: 0, Workers: 4
[17.199s][debug][gc,phases      ] GC(4)   Weak JFR Old Object Samples    Min: 0.00, Avg: 0.00, Max: 0.00, Diff: 0.00, Sum: 0.00, Workers: 4
[17.199s][debug][gc,phases      ] GC(4)     Dead                           Min: 0, Avg:  0.0, Max: 0, Diff: 0, Sum: 0, Workers: 4
[17.199s][debug][gc,phases      ] GC(4)     Total                          Min: 0, Avg:  0.0, Max: 0, Diff: 0, Sum: 0, Workers: 4
[17.199s][debug][gc,phases      ] GC(4) Weak Processing 0.398ms
[17.199s][debug][gc,phases      ] GC(4) ClassLoaderData 0.191ms
[17.199s][debug][gc,phases      ] GC(4) Trigger cleanups 0.005ms
[17.220s][debug][gc,phases      ] GC(4) Purge Unlinked NMethods 0.531ms
[17.221s][debug][gc,phases      ] GC(4) Unregister NMethods 0.172ms
[17.221s][debug][gc,phases      ] GC(4) Free Code Blobs 0.045ms
[17.231s][debug][gc,phases      ] GC(4) Class Unloading 32.640ms
[17.231s][debug][gc,phases      ] GC(4) Report Object Count 0.002ms
[17.231s][info ][gc,phases      ] GC(4) Marking Phase 82.104ms
[17.231s][info ][gc,phases,start] GC(4) Summary Phase
[17.231s][info ][gc,phases      ] GC(4) Summary Phase 0.010ms
[17.231s][info ][gc,phases,start] GC(4) Forward
[17.247s][info ][gc,phases      ] GC(4) Forward 15.689ms
[17.247s][info ][gc,phases,start] GC(4) Adjust Pointers
[17.283s][info ][gc,phases      ] GC(4) Adjust Pointers 35.419ms
[17.283s][info ][gc,phases,start] GC(4) Compaction Phase
[17.299s][info ][gc,phases      ] GC(4) Compaction Phase 16.688ms
[17.300s][info ][gc,phases,start] GC(4) Post Compact
[17.302s][debug][gc,phases      ] GC(4) Purge Class Loader Data 1.476ms
[17.304s][info ][gc,phases      ] GC(4) Post Compact 4.094ms
[17.304s][info ][gc,heap        ] GC(4) PSYoungGen: 262187K(1572864K)->134187K(1572864K) Eden: 135580K(1048576K)->134187K(1048576K) From: 126606K(524288K)->0K(524288K)
[17.304s][info ][gc,heap        ] GC(4) ParOldGen: 5574K(6144K)->5556K(6144K)
[17.304s][info ][gc,metaspace   ] GC(4) Metaspace: 98866K(99648K)->98864K(99648K) NonClass: 84241K(84736K)->84240K(84736K) Class: 14625K(14912K)->14624K(14912K)
[17.304s][info ][gc             ] GC(4) Pause Full (Metadata GC Threshold) 261M->136M(1542M) 154.762ms
[17.304s][info ][gc,cpu         ] GC(4) User=0.41s Sys=0.01s Real=0.15s
[17.305s][info ][safepoint      ] Safepoint "CollectForMetadataAllocation", Time since last: 1967043269 ns, Reaching safepoint: 89400 ns, At safepoint: 154862289 ns, Leaving safepoint: 810800 ns, Total: 155762489 ns, Threads: 1 runnable, 35 total
[19.705s][info ][gc,start       ] GC(5) Pause Young (Allocation Failure)
[19.792s][debug][gc,phases      ] GC(5) Scavenge 86.986ms
[19.792s][debug][gc,ref         ] GC(5) ReferenceProcessor::execute queues: 4, RefProcThreadModel::Multi, marks_oops_alive: false
[19.793s][debug][gc,ref         ] GC(5) ReferenceProcessor::execute queues: 4, RefProcThreadModel::Multi, marks_oops_alive: true
[19.793s][debug][gc,ref         ] GC(5) ReferenceProcessor::execute queues: 1, RefProcThreadModel::Single, marks_oops_alive: false
[19.793s][debug][gc,phases      ] GC(5) Reference Processing 1.086ms
[19.794s][debug][gc,phases      ] GC(5)   VM Weak                        Min: 0.00, Avg: 0.01, Max: 0.01, Diff: 0.01, Sum: 0.02, Workers: 4
[19.794s][debug][gc,phases      ] GC(5)     Dead                           Min: 0, Avg:  0.0, Max: 0, Diff: 0, Sum: 0, Workers: 4
[19.794s][debug][gc,phases      ] GC(5)     Total                          Min: 0, Avg: 167.0, Max: 284, Diff: 284, Sum: 668, Workers: 4
[19.794s][debug][gc,phases      ] GC(5)   ObjectSynchronizer Weak        Min: 0.00, Avg: 0.00, Max: 0.00, Diff: 0.00, Sum: 0.01, Workers: 4
[19.794s][debug][gc,phases      ] GC(5)     Dead                           Min: 0, Avg:  0.0, Max: 0, Diff: 0, Sum: 0, Workers: 4
[19.794s][debug][gc,phases      ] GC(5)     Total                          Min: 0, Avg: 33.2, Max: 64, Diff: 64, Sum: 133, Workers: 4
[19.794s][debug][gc,phases      ] GC(5)   JVMTI Tag Weak OopStorage      Min: 0.00, Avg: 0.00, Max: 0.00, Diff: 0.00, Sum: 0.00, Workers: 4
[19.794s][debug][gc,phases      ] GC(5)     Dead                           Min: 0, Avg:  0.0, Max: 0, Diff: 0, Sum: 0, Workers: 4
[19.794s][debug][gc,phases      ] GC(5)     Total                          Min: 0, Avg:  0.0, Max: 0, Diff: 0, Sum: 0, Workers: 4
[19.794s][debug][gc,phases      ] GC(5)   StringTable Weak               Min: 0.00, Avg: 0.34, Max: 0.49, Diff: 0.49, Sum: 1.37, Workers: 4
[19.794s][debug][gc,phases      ] GC(5)     Dead                           Min: 0, Avg:  1.2, Max: 3, Diff: 3, Sum: 5, Workers: 4
[19.794s][debug][gc,phases      ] GC(5)     Total                          Min: 0, Avg: 11807.2, Max: 16637, Diff: 16637, Sum: 47229, Workers: 4
[19.794s][debug][gc,phases      ] GC(5)   ResolvedMethodTable Weak       Min: 0.00, Avg: 0.12, Max: 0.17, Diff: 0.17, Sum: 0.46, Workers: 4
[19.794s][debug][gc,phases      ] GC(5)     Dead                           Min: 0, Avg: 47.8, Max: 77, Diff: 77, Sum: 191, Workers: 4
[19.794s][debug][gc,phases      ] GC(5)     Total                          Min: 0, Avg: 3599.2, Max: 5494, Diff: 5494, Sum: 14397, Workers: 4
[19.794s][debug][gc,phases      ] GC(5)   JNI Weak                       Min: 0.00, Avg: 0.00, Max: 0.00, Diff: 0.00, Sum: 0.00, Workers: 4
[19.794s][debug][gc,phases      ] GC(5)     Dead                           Min: 0, Avg:  0.0, Max: 0, Diff: 0, Sum: 0, Workers: 4
[19.794s][debug][gc,phases      ] GC(5)     Total                          Min: 0, Avg: 19.0, Max: 52, Diff: 52, Sum: 76, Workers: 4
[19.794s][debug][gc,phases      ] GC(5)   StringDedup Table Weak         Min: 0.00, Avg: 0.00, Max: 0.00, Diff: 0.00, Sum: 0.00, Workers: 4
[19.794s][debug][gc,phases      ] GC(5)     Dead                           Min: 0, Avg:  0.0, Max: 0, Diff: 0, Sum: 0, Workers: 4
[19.794s][debug][gc,phases      ] GC(5)     Total                          Min: 0, Avg:  0.0, Max: 0, Diff: 0, Sum: 0, Workers: 4
[19.794s][debug][gc,phases      ] GC(5)   StringDedup Requests0 Weak     Min: 0.00, Avg: 0.00, Max: 0.00, Diff: 0.00, Sum: 0.00, Workers: 4
[19.794s][debug][gc,phases      ] GC(5)     Dead                           Min: 0, Avg:  0.0, Max: 0, Diff: 0, Sum: 0, Workers: 4
[19.794s][debug][gc,phases      ] GC(5)     Total                          Min: 0, Avg:  0.0, Max: 0, Diff: 0, Sum: 0, Workers: 4
[19.794s][debug][gc,phases      ] GC(5)   StringDedup Requests1 Weak     Min: 0.00, Avg: 0.00, Max: 0.00, Diff: 0.00, Sum: 0.00, Workers: 4
[19.794s][debug][gc,phases      ] GC(5)     Dead                           Min: 0, Avg:  0.0, Max: 0, Diff: 0, Sum: 0, Workers: 4
[19.794s][debug][gc,phases      ] GC(5)     Total                          Min: 0, Avg:  0.0, Max: 0, Diff: 0, Sum: 0, Workers: 4
[19.794s][debug][gc,phases      ] GC(5)   Weak JFR Old Object Samples    Min: 0.00, Avg: 0.00, Max: 0.00, Diff: 0.00, Sum: 0.00, Workers: 4
[19.794s][debug][gc,phases      ] GC(5)     Dead                           Min: 0, Avg:  0.0, Max: 0, Diff: 0, Sum: 0, Workers: 4
[19.794s][debug][gc,phases      ] GC(5)     Total                          Min: 0, Avg:  0.0, Max: 0, Diff: 0, Sum: 0, Workers: 4
[19.794s][debug][gc,phases      ] GC(5) Weak Processing 0.784ms
[19.794s][debug][gc,age         ] GC(5) Desired survivor size 536870912 bytes, new threshold 7 (max threshold 15)
[19.794s][info ][gc,heap        ] GC(5) PSYoungGen: 1048576K(1572864K)->179808K(1572864K) Eden: 1048576K(1048576K)->0K(1048576K) From: 0K(524288K)->179808K(524288K)
[19.794s][info ][gc,heap        ] GC(5) ParOldGen: 5556K(6144K)->5580K(6144K)
[19.794s][info ][gc,metaspace   ] GC(5) Metaspace: 101050K(102016K)->101050K(102016K) NonClass: 86100K(86656K)->86100K(86656K) Class: 14950K(15360K)->14950K(15360K)
[19.794s][info ][gc             ] GC(5) Pause Young (Allocation Failure) 1029M->181M(1542M) 89.002ms
[19.794s][info ][gc,cpu         ] GC(5) User=0.25s Sys=0.06s Real=0.09s
[19.794s][info ][safepoint      ] Safepoint "ParallelCollectForAllocation", Time since last: 2400020197 ns, Reaching safepoint: 51700 ns, At safepoint: 89077593 ns, Leaving safepoint: 58600 ns, Total: 89187893 ns, Threads: 2 runnable, 35 total
[29.096s][info ][gc,start       ] GC(6) Pause Young (Allocation Failure)
[29.180s][debug][gc,phases      ] GC(6) Scavenge 84.658ms
[29.181s][debug][gc,ref         ] GC(6) ReferenceProcessor::execute queues: 4, RefProcThreadModel::Multi, marks_oops_alive: false
[29.181s][debug][gc,ref         ] GC(6) ReferenceProcessor::execute queues: 4, RefProcThreadModel::Multi, marks_oops_alive: true
[29.181s][debug][gc,ref         ] GC(6) ReferenceProcessor::execute queues: 1, RefProcThreadModel::Single, marks_oops_alive: false
[29.181s][debug][gc,phases      ] GC(6) Reference Processing 1.007ms
[29.182s][debug][gc,phases      ] GC(6)   VM Weak                        Min: 0.00, Avg: 0.01, Max: 0.01, Diff: 0.01, Sum: 0.02, Workers: 4
[29.182s][debug][gc,phases      ] GC(6)     Dead                           Min: 0, Avg:  0.0, Max: 0, Diff: 0, Sum: 0, Workers: 4
[29.182s][debug][gc,phases      ] GC(6)     Total                          Min: 0, Avg: 168.5, Max: 320, Diff: 320, Sum: 674, Workers: 4
[29.182s][debug][gc,phases      ] GC(6)   ObjectSynchronizer Weak        Min: 0.00, Avg: 0.00, Max: 0.00, Diff: 0.00, Sum: 0.01, Workers: 4
[29.182s][debug][gc,phases      ] GC(6)     Dead                           Min: 0, Avg:  0.0, Max: 0, Diff: 0, Sum: 0, Workers: 4
[29.182s][debug][gc,phases      ] GC(6)     Total                          Min: 0, Avg: 33.2, Max: 64, Diff: 64, Sum: 133, Workers: 4
[29.182s][debug][gc,phases      ] GC(6)   JVMTI Tag Weak OopStorage      Min: 0.00, Avg: 0.00, Max: 0.00, Diff: 0.00, Sum: 0.00, Workers: 4
[29.182s][debug][gc,phases      ] GC(6)     Dead                           Min: 0, Avg:  0.0, Max: 0, Diff: 0, Sum: 0, Workers: 4
[29.182s][debug][gc,phases      ] GC(6)     Total                          Min: 0, Avg:  0.0, Max: 0, Diff: 0, Sum: 0, Workers: 4
[29.182s][debug][gc,phases      ] GC(6)   StringTable Weak               Min: 0.00, Avg: 0.37, Max: 0.50, Diff: 0.50, Sum: 1.50, Workers: 4
[29.182s][debug][gc,phases      ] GC(6)     Dead                           Min: 0, Avg:  0.5, Max: 2, Diff: 2, Sum: 2, Workers: 4
[29.182s][debug][gc,phases      ] GC(6)     Total                          Min: 0, Avg: 11957.2, Max: 16213, Diff: 16213, Sum: 47829, Workers: 4
[29.182s][debug][gc,phases      ] GC(6)   ResolvedMethodTable Weak       Min: 0.00, Avg: 0.12, Max: 0.16, Diff: 0.16, Sum: 0.48, Workers: 4
[29.182s][debug][gc,phases      ] GC(6)     Dead                           Min: 0, Avg: 27.0, Max: 62, Diff: 62, Sum: 108, Workers: 4
[29.182s][debug][gc,phases      ] GC(6)     Total                          Min: 0, Avg: 3656.2, Max: 4891, Diff: 4891, Sum: 14625, Workers: 4
[29.182s][debug][gc,phases      ] GC(6)   JNI Weak                       Min: 0.00, Avg: 0.00, Max: 0.00, Diff: 0.00, Sum: 0.00, Workers: 4
[29.182s][debug][gc,phases      ] GC(6)     Dead                           Min: 0, Avg:  0.0, Max: 0, Diff: 0, Sum: 0, Workers: 4
[29.182s][debug][gc,phases      ] GC(6)     Total                          Min: 0, Avg: 13.0, Max: 52, Diff: 52, Sum: 52, Workers: 4
[29.182s][debug][gc,phases      ] GC(6)   StringDedup Table Weak         Min: 0.00, Avg: 0.00, Max: 0.00, Diff: 0.00, Sum: 0.00, Workers: 4
[29.182s][debug][gc,phases      ] GC(6)     Dead                           Min: 0, Avg:  0.0, Max: 0, Diff: 0, Sum: 0, Workers: 4
[29.182s][debug][gc,phases      ] GC(6)     Total                          Min: 0, Avg:  0.0, Max: 0, Diff: 0, Sum: 0, Workers: 4
[29.182s][debug][gc,phases      ] GC(6)   StringDedup Requests0 Weak     Min: 0.00, Avg: 0.00, Max: 0.00, Diff: 0.00, Sum: 0.00, Workers: 4
[29.182s][debug][gc,phases      ] GC(6)     Dead                           Min: 0, Avg:  0.0, Max: 0, Diff: 0, Sum: 0, Workers: 4
[29.182s][debug][gc,phases      ] GC(6)     Total                          Min: 0, Avg:  0.0, Max: 0, Diff: 0, Sum: 0, Workers: 4
[29.182s][debug][gc,phases      ] GC(6)   StringDedup Requests1 Weak     Min: 0.00, Avg: 0.00, Max: 0.00, Diff: 0.00, Sum: 0.00, Workers: 4
[29.182s][debug][gc,phases      ] GC(6)     Dead                           Min: 0, Avg:  0.0, Max: 0, Diff: 0, Sum: 0, Workers: 4
[29.182s][debug][gc,phases      ] GC(6)     Total                          Min: 0, Avg:  0.0, Max: 0, Diff: 0, Sum: 0, Workers: 4
[29.182s][debug][gc,phases      ] GC(6)   Weak JFR Old Object Samples    Min: 0.00, Avg: 0.00, Max: 0.00, Diff: 0.00, Sum: 0.00, Workers: 4
[29.182s][debug][gc,phases      ] GC(6)     Dead                           Min: 0, Avg:  0.0, Max: 0, Diff: 0, Sum: 0, Workers: 4
[29.182s][debug][gc,phases      ] GC(6)     Total                          Min: 0, Avg:  0.0, Max: 0, Diff: 0, Sum: 0, Workers: 4
[29.182s][debug][gc,phases      ] GC(6) Weak Processing 0.829ms
[29.182s][debug][gc,age         ] GC(6) Desired survivor size 536870912 bytes, new threshold 7 (max threshold 15)
[29.182s][info ][gc,heap        ] GC(6) PSYoungGen: 1228384K(1572864K)->208919K(1572864K) Eden: 1048576K(1048576K)->0K(1048576K) From: 179808K(524288K)->208919K(524288K)
[29.182s][info ][gc,heap        ] GC(6) ParOldGen: 5580K(6144K)->5596K(6144K)
[29.182s][info ][gc,metaspace   ] GC(6) Metaspace: 102502K(103424K)->102502K(103424K) NonClass: 87434K(88000K)->87434K(88000K) Class: 15068K(15424K)->15068K(15424K)
[29.182s][info ][gc             ] GC(6) Pause Young (Allocation Failure) 1205M->209M(1542M) 86.654ms
[29.182s][info ][gc,cpu         ] GC(6) User=0.28s Sys=0.03s Real=0.09s
[29.182s][info ][safepoint      ] Safepoint "ParallelCollectForAllocation", Time since last: 9301560890 ns, Reaching safepoint: 6400 ns, At safepoint: 86722699 ns, Leaving safepoint: 12400 ns, Total: 86741499 ns, Threads: 0 runnable, 34 total
[69.087s][info ][gc,start       ] GC(7) Pause Young (Allocation Failure)
[69.162s][debug][gc,phases      ] GC(7) Scavenge 75.622ms
[69.162s][debug][gc,ref         ] GC(7) ReferenceProcessor::execute queues: 4, RefProcThreadModel::Multi, marks_oops_alive: false
[69.163s][debug][gc,ref         ] GC(7) ReferenceProcessor::execute queues: 4, RefProcThreadModel::Multi, marks_oops_alive: true
[69.163s][debug][gc,ref         ] GC(7) ReferenceProcessor::execute queues: 1, RefProcThreadModel::Single, marks_oops_alive: false
[69.163s][debug][gc,phases      ] GC(7) Reference Processing 0.897ms
[69.164s][debug][gc,phases      ] GC(7)   VM Weak                        Min: 0.00, Avg: 0.01, Max: 0.01, Diff: 0.01, Sum: 0.02, Workers: 4
[69.164s][debug][gc,phases      ] GC(7)     Dead                           Min: 0, Avg:  0.0, Max: 0, Diff: 0, Sum: 0, Workers: 4
[69.164s][debug][gc,phases      ] GC(7)     Total                          Min: 60, Avg: 175.0, Max: 256, Diff: 196, Sum: 700, Workers: 4
[69.164s][debug][gc,phases      ] GC(7)   ObjectSynchronizer Weak        Min: 0.00, Avg: 0.00, Max: 0.00, Diff: 0.00, Sum: 0.00, Workers: 4
[69.164s][debug][gc,phases      ] GC(7)     Dead                           Min: 0, Avg:  0.0, Max: 0, Diff: 0, Sum: 0, Workers: 4
[69.164s][debug][gc,phases      ] GC(7)     Total                          Min: 0, Avg:  1.5, Max: 6, Diff: 6, Sum: 6, Workers: 4
[69.164s][debug][gc,phases      ] GC(7)   JVMTI Tag Weak OopStorage      Min: 0.00, Avg: 0.00, Max: 0.00, Diff: 0.00, Sum: 0.00, Workers: 4
[69.164s][debug][gc,phases      ] GC(7)     Dead                           Min: 0, Avg:  0.0, Max: 0, Diff: 0, Sum: 0, Workers: 4
[69.164s][debug][gc,phases      ] GC(7)     Total                          Min: 0, Avg:  0.0, Max: 0, Diff: 0, Sum: 0, Workers: 4
[69.164s][debug][gc,phases      ] GC(7)   StringTable Weak               Min: 0.33, Avg: 0.33, Max: 0.33, Diff: 0.00, Sum: 1.31, Workers: 4
[69.164s][debug][gc,phases      ] GC(7)     Dead                           Min: 0, Avg:  0.8, Max: 2, Diff: 2, Sum: 3, Workers: 4
[69.164s][debug][gc,phases      ] GC(7)     Total                          Min: 11852, Avg: 12035.0, Max: 12224, Diff: 372, Sum: 48140, Workers: 4
[69.164s][debug][gc,phases      ] GC(7)   ResolvedMethodTable Weak       Min: 0.11, Avg: 0.11, Max: 0.11, Diff: 0.00, Sum: 0.45, Workers: 4
[69.164s][debug][gc,phases      ] GC(7)     Dead                           Min: 3, Avg: 12.5, Max: 25, Diff: 22, Sum: 50, Workers: 4
[69.164s][debug][gc,phases      ] GC(7)     Total                          Min: 3639, Avg: 3714.8, Max: 3777, Diff: 138, Sum: 14859, Workers: 4
[69.164s][debug][gc,phases      ] GC(7)   JNI Weak                       Min: 0.00, Avg: 0.00, Max: 0.00, Diff: 0.00, Sum: 0.00, Workers: 4
[69.164s][debug][gc,phases      ] GC(7)     Dead                           Min: 0, Avg:  0.0, Max: 0, Diff: 0, Sum: 0, Workers: 4
[69.164s][debug][gc,phases      ] GC(7)     Total                          Min: 0, Avg: 13.0, Max: 52, Diff: 52, Sum: 52, Workers: 4
[69.164s][debug][gc,phases      ] GC(7)   StringDedup Table Weak         Min: 0.00, Avg: 0.00, Max: 0.00, Diff: 0.00, Sum: 0.00, Workers: 4
[69.164s][debug][gc,phases      ] GC(7)     Dead                           Min: 0, Avg:  0.0, Max: 0, Diff: 0, Sum: 0, Workers: 4
[69.164s][debug][gc,phases      ] GC(7)     Total                          Min: 0, Avg:  0.0, Max: 0, Diff: 0, Sum: 0, Workers: 4
[69.164s][debug][gc,phases      ] GC(7)   StringDedup Requests0 Weak     Min: 0.00, Avg: 0.00, Max: 0.00, Diff: 0.00, Sum: 0.00, Workers: 4
[69.164s][debug][gc,phases      ] GC(7)     Dead                           Min: 0, Avg:  0.0, Max: 0, Diff: 0, Sum: 0, Workers: 4
[69.164s][debug][gc,phases      ] GC(7)     Total                          Min: 0, Avg:  0.0, Max: 0, Diff: 0, Sum: 0, Workers: 4
[69.164s][debug][gc,phases      ] GC(7)   StringDedup Requests1 Weak     Min: 0.00, Avg: 0.00, Max: 0.00, Diff: 0.00, Sum: 0.00, Workers: 4
[69.164s][debug][gc,phases      ] GC(7)     Dead                           Min: 0, Avg:  0.0, Max: 0, Diff: 0, Sum: 0, Workers: 4
[69.164s][debug][gc,phases      ] GC(7)     Total                          Min: 0, Avg:  0.0, Max: 0, Diff: 0, Sum: 0, Workers: 4
[69.164s][debug][gc,phases      ] GC(7)   Weak JFR Old Object Samples    Min: 0.00, Avg: 0.00, Max: 0.00, Diff: 0.00, Sum: 0.00, Workers: 4
[69.164s][debug][gc,phases      ] GC(7)     Dead                           Min: 0, Avg:  0.0, Max: 0, Diff: 0, Sum: 0, Workers: 4
[69.164s][debug][gc,phases      ] GC(7)     Total                          Min: 0, Avg:  0.0, Max: 0, Diff: 0, Sum: 0, Workers: 4
[69.164s][debug][gc,phases      ] GC(7) Weak Processing 0.629ms
[69.164s][debug][gc,age         ] GC(7) Desired survivor size 536870912 bytes, new threshold 7 (max threshold 15)
[69.164s][info ][gc,heap        ] GC(7) PSYoungGen: 1257495K(1572864K)->211944K(1572864K) Eden: 1048576K(1048576K)->0K(1048576K) From: 208919K(524288K)->211944K(524288K)
[69.164s][info ][gc,heap        ] GC(7) ParOldGen: 5596K(6144K)->5604K(6144K)
[69.164s][info ][gc,metaspace   ] GC(7) Metaspace: 103036K(104000K)->103036K(104000K) NonClass: 87875K(88448K)->87875K(88448K) Class: 15161K(15552K)->15161K(15552K)
[69.164s][info ][gc             ] GC(7) Pause Young (Allocation Failure) 1233M->212M(1542M) 77.289ms
[69.164s][info ][gc,cpu         ] GC(7) User=0.26s Sys=0.03s Real=0.08s
[69.164s][info ][safepoint      ] Safepoint "ParallelCollectForAllocation", Time since last: 39904039999 ns, Reaching safepoint: 5500 ns, At safepoint: 77354394 ns, Leaving safepoint: 15700 ns, Total: 77375594 ns, Threads: 0 runnable, 33 total
[74.748s][info ][gc,start       ] GC(8) Pause Young (Allocation Failure)
[74.835s][debug][gc,phases      ] GC(8) Scavenge 87.222ms
[74.836s][debug][gc,ref         ] GC(8) ReferenceProcessor::execute queues: 4, RefProcThreadModel::Multi, marks_oops_alive: false
[74.837s][debug][gc,ref         ] GC(8) ReferenceProcessor::execute queues: 4, RefProcThreadModel::Multi, marks_oops_alive: true
[74.837s][debug][gc,ref         ] GC(8) ReferenceProcessor::execute queues: 1, RefProcThreadModel::Single, marks_oops_alive: false
[74.837s][debug][gc,phases      ] GC(8) Reference Processing 1.202ms
[74.837s][debug][gc,phases      ] GC(8)   VM Weak                        Min: 0.00, Avg: 0.01, Max: 0.01, Diff: 0.01, Sum: 0.02, Workers: 4
[74.837s][debug][gc,phases      ] GC(8)     Dead                           Min: 0, Avg:  0.0, Max: 0, Diff: 0, Sum: 0, Workers: 4
[74.837s][debug][gc,phases      ] GC(8)     Total                          Min: 0, Avg: 185.8, Max: 384, Diff: 384, Sum: 743, Workers: 4
[74.837s][debug][gc,phases      ] GC(8)   ObjectSynchronizer Weak        Min: 0.00, Avg: 0.00, Max: 0.00, Diff: 0.00, Sum: 0.00, Workers: 4
[74.837s][debug][gc,phases      ] GC(8)     Dead                           Min: 0, Avg:  0.0, Max: 0, Diff: 0, Sum: 0, Workers: 4
[74.837s][debug][gc,phases      ] GC(8)     Total                          Min: 0, Avg:  1.5, Max: 6, Diff: 6, Sum: 6, Workers: 4
[74.837s][debug][gc,phases      ] GC(8)   JVMTI Tag Weak OopStorage      Min: 0.00, Avg: 0.00, Max: 0.00, Diff: 0.00, Sum: 0.00, Workers: 4
[74.837s][debug][gc,phases      ] GC(8)     Dead                           Min: 0, Avg:  0.0, Max: 0, Diff: 0, Sum: 0, Workers: 4
[74.837s][debug][gc,phases      ] GC(8)     Total                          Min: 0, Avg:  0.0, Max: 0, Diff: 0, Sum: 0, Workers: 4
[74.837s][debug][gc,phases      ] GC(8)   StringTable Weak               Min: 0.00, Avg: 0.33, Max: 0.44, Diff: 0.44, Sum: 1.31, Workers: 4
[74.837s][debug][gc,phases      ] GC(8)     Dead                           Min: 0, Avg:  1.0, Max: 2, Diff: 2, Sum: 4, Workers: 4
[74.837s][debug][gc,phases      ] GC(8)     Total                          Min: 0, Avg: 12116.8, Max: 16448, Diff: 16448, Sum: 48467, Workers: 4
[74.837s][debug][gc,phases      ] GC(8)   ResolvedMethodTable Weak       Min: 0.00, Avg: 0.12, Max: 0.15, Diff: 0.15, Sum: 0.46, Workers: 4
[74.837s][debug][gc,phases      ] GC(8)     Dead                           Min: 0, Avg: 33.0, Max: 60, Diff: 60, Sum: 132, Workers: 4
[74.837s][debug][gc,phases      ] GC(8)     Total                          Min: 0, Avg: 3820.2, Max: 5308, Diff: 5308, Sum: 15281, Workers: 4
[74.837s][debug][gc,phases      ] GC(8)   JNI Weak                       Min: 0.00, Avg: 0.00, Max: 0.00, Diff: 0.00, Sum: 0.00, Workers: 4
[74.837s][debug][gc,phases      ] GC(8)     Dead                           Min: 0, Avg:  0.0, Max: 0, Diff: 0, Sum: 0, Workers: 4
[74.837s][debug][gc,phases      ] GC(8)     Total                          Min: 0, Avg: 21.8, Max: 52, Diff: 52, Sum: 87, Workers: 4
[74.837s][debug][gc,phases      ] GC(8)   StringDedup Table Weak         Min: 0.00, Avg: 0.00, Max: 0.00, Diff: 0.00, Sum: 0.00, Workers: 4
[74.837s][debug][gc,phases      ] GC(8)     Dead                           Min: 0, Avg:  0.0, Max: 0, Diff: 0, Sum: 0, Workers: 4
[74.837s][debug][gc,phases      ] GC(8)     Total                          Min: 0, Avg:  0.0, Max: 0, Diff: 0, Sum: 0, Workers: 4
[74.837s][debug][gc,phases      ] GC(8)   StringDedup Requests0 Weak     Min: 0.00, Avg: 0.00, Max: 0.00, Diff: 0.00, Sum: 0.00, Workers: 4
[74.837s][debug][gc,phases      ] GC(8)     Dead                           Min: 0, Avg:  0.0, Max: 0, Diff: 0, Sum: 0, Workers: 4
[74.837s][debug][gc,phases      ] GC(8)     Total                          Min: 0, Avg:  0.0, Max: 0, Diff: 0, Sum: 0, Workers: 4
[74.837s][debug][gc,phases      ] GC(8)   StringDedup Requests1 Weak     Min: 0.00, Avg: 0.00, Max: 0.00, Diff: 0.00, Sum: 0.00, Workers: 4
[74.837s][debug][gc,phases      ] GC(8)     Dead                           Min: 0, Avg:  0.0, Max: 0, Diff: 0, Sum: 0, Workers: 4
[74.837s][debug][gc,phases      ] GC(8)     Total                          Min: 0, Avg:  0.0, Max: 0, Diff: 0, Sum: 0, Workers: 4
[74.837s][debug][gc,phases      ] GC(8)   Weak JFR Old Object Samples    Min: 0.00, Avg: 0.00, Max: 0.00, Diff: 0.00, Sum: 0.00, Workers: 4
[74.837s][debug][gc,phases      ] GC(8)     Dead                           Min: 0, Avg:  0.0, Max: 0, Diff: 0, Sum: 0, Workers: 4
[74.837s][debug][gc,phases      ] GC(8)     Total                          Min: 0, Avg:  0.0, Max: 0, Diff: 0, Sum: 0, Workers: 4
[74.837s][debug][gc,phases      ] GC(8) Weak Processing 0.772ms
[74.837s][debug][gc,age         ] GC(8) Desired survivor size 289406976 bytes, new threshold 6 (max threshold 15)
[74.837s][info ][gc,heap        ] GC(8) PSYoungGen: 1260520K(1572864K)->246704K(1572864K) Eden: 1048576K(1048576K)->0K(1048576K) From: 211944K(524288K)->246704K(524288K)
[74.837s][info ][gc,heap        ] GC(8) ParOldGen: 5604K(6144K)->5612K(6144K)
[74.837s][info ][gc,metaspace   ] GC(8) Metaspace: 104309K(105344K)->104309K(105344K) NonClass: 88977K(89600K)->88977K(89600K) Class: 15332K(15744K)->15332K(15744K)
[74.837s][info ][gc             ] GC(8) Pause Young (Allocation Failure) 1236M->246M(1542M) 89.345ms
[74.837s][info ][gc,cpu         ] GC(8) User=0.29s Sys=0.03s Real=0.09s
[74.839s][info ][safepoint      ] Safepoint "ParallelCollectForAllocation", Time since last: 5584147735 ns, Reaching safepoint: 87200 ns, At safepoint: 89407593 ns, Leaving safepoint: 1729400 ns, Total: 91224193 ns, Threads: 2 runnable, 33 total
[79.083s][info ][gc,start       ] GC(9) Pause Young (Allocation Failure)
[79.203s][debug][gc,phases      ] GC(9) Scavenge 120.382ms
[79.204s][debug][gc,ref         ] GC(9) ReferenceProcessor::execute queues: 4, RefProcThreadModel::Multi, marks_oops_alive: false
[79.205s][debug][gc,ref         ] GC(9) ReferenceProcessor::execute queues: 4, RefProcThreadModel::Multi, marks_oops_alive: true
[79.205s][debug][gc,ref         ] GC(9) ReferenceProcessor::execute queues: 1, RefProcThreadModel::Single, marks_oops_alive: false
[79.205s][debug][gc,phases      ] GC(9) Reference Processing 1.474ms
[79.206s][debug][gc,phases      ] GC(9)   VM Weak                        Min: 0.00, Avg: 0.01, Max: 0.01, Diff: 0.01, Sum: 0.03, Workers: 4
[79.206s][debug][gc,phases      ] GC(9)     Dead                           Min: 0, Avg:  0.0, Max: 0, Diff: 0, Sum: 0, Workers: 4
[79.206s][debug][gc,phases      ] GC(9)     Total                          Min: 0, Avg: 193.2, Max: 325, Diff: 325, Sum: 773, Workers: 4
[79.206s][debug][gc,phases      ] GC(9)   ObjectSynchronizer Weak        Min: 0.00, Avg: 0.00, Max: 0.00, Diff: 0.00, Sum: 0.00, Workers: 4
[79.206s][debug][gc,phases      ] GC(9)     Dead                           Min: 0, Avg:  0.0, Max: 0, Diff: 0, Sum: 0, Workers: 4
[79.206s][debug][gc,phases      ] GC(9)     Total                          Min: 0, Avg:  1.5, Max: 6, Diff: 6, Sum: 6, Workers: 4
[79.206s][debug][gc,phases      ] GC(9)   JVMTI Tag Weak OopStorage      Min: 0.00, Avg: 0.00, Max: 0.00, Diff: 0.00, Sum: 0.00, Workers: 4
[79.206s][debug][gc,phases      ] GC(9)     Dead                           Min: 0, Avg:  0.0, Max: 0, Diff: 0, Sum: 0, Workers: 4
[79.206s][debug][gc,phases      ] GC(9)     Total                          Min: 0, Avg:  0.0, Max: 0, Diff: 0, Sum: 0, Workers: 4
[79.206s][debug][gc,phases      ] GC(9)   StringTable Weak               Min: 0.00, Avg: 0.41, Max: 0.55, Diff: 0.55, Sum: 1.66, Workers: 4
[79.206s][debug][gc,phases      ] GC(9)     Dead                           Min: 0, Avg:  1.0, Max: 2, Diff: 2, Sum: 4, Workers: 4
[79.206s][debug][gc,phases      ] GC(9)     Total                          Min: 0, Avg: 12163.2, Max: 19213, Diff: 19213, Sum: 48653, Workers: 4
[79.206s][debug][gc,phases      ] GC(9)   ResolvedMethodTable Weak       Min: 0.09, Avg: 0.12, Max: 0.13, Diff: 0.04, Sum: 0.49, Workers: 4
[79.206s][debug][gc,phases      ] GC(9)     Dead                           Min: 2, Avg: 15.0, Max: 26, Diff: 24, Sum: 60, Workers: 4
[79.206s][debug][gc,phases      ] GC(9)     Total                          Min: 3031, Avg: 3876.8, Max: 4330, Diff: 1299, Sum: 15507, Workers: 4
[79.206s][debug][gc,phases      ] GC(9)   JNI Weak                       Min: 0.00, Avg: 0.00, Max: 0.00, Diff: 0.00, Sum: 0.00, Workers: 4
[79.206s][debug][gc,phases      ] GC(9)     Dead                           Min: 0, Avg:  0.0, Max: 0, Diff: 0, Sum: 0, Workers: 4
[79.206s][debug][gc,phases      ] GC(9)     Total                          Min: 0, Avg: 14.2, Max: 55, Diff: 55, Sum: 57, Workers: 4
[79.206s][debug][gc,phases      ] GC(9)   StringDedup Table Weak         Min: 0.00, Avg: 0.00, Max: 0.00, Diff: 0.00, Sum: 0.00, Workers: 4
[79.206s][debug][gc,phases      ] GC(9)     Dead                           Min: 0, Avg:  0.0, Max: 0, Diff: 0, Sum: 0, Workers: 4
[79.206s][debug][gc,phases      ] GC(9)     Total                          Min: 0, Avg:  0.0, Max: 0, Diff: 0, Sum: 0, Workers: 4
[79.206s][debug][gc,phases      ] GC(9)   StringDedup Requests0 Weak     Min: 0.00, Avg: 0.00, Max: 0.00, Diff: 0.00, Sum: 0.00, Workers: 4
[79.206s][debug][gc,phases      ] GC(9)     Dead                           Min: 0, Avg:  0.0, Max: 0, Diff: 0, Sum: 0, Workers: 4
[79.206s][debug][gc,phases      ] GC(9)     Total                          Min: 0, Avg:  0.0, Max: 0, Diff: 0, Sum: 0, Workers: 4
[79.206s][debug][gc,phases      ] GC(9)   StringDedup Requests1 Weak     Min: 0.00, Avg: 0.00, Max: 0.00, Diff: 0.00, Sum: 0.00, Workers: 4
[79.206s][debug][gc,phases      ] GC(9)     Dead                           Min: 0, Avg:  0.0, Max: 0, Diff: 0, Sum: 0, Workers: 4
[79.206s][debug][gc,phases      ] GC(9)     Total                          Min: 0, Avg:  0.0, Max: 0, Diff: 0, Sum: 0, Workers: 4
[79.206s][debug][gc,phases      ] GC(9)   Weak JFR Old Object Samples    Min: 0.00, Avg: 0.00, Max: 0.00, Diff: 0.00, Sum: 0.00, Workers: 4
[79.206s][debug][gc,phases      ] GC(9)     Dead                           Min: 0, Avg:  0.0, Max: 0, Diff: 0, Sum: 0, Workers: 4
[79.206s][debug][gc,phases      ] GC(9)     Total                          Min: 0, Avg:  0.0, Max: 0, Diff: 0, Sum: 0, Workers: 4
[79.206s][debug][gc,phases      ] GC(9) Weak Processing 0.873ms
[79.206s][debug][gc,age         ] GC(9) Desired survivor size 318242816 bytes, new threshold 5 (max threshold 15)
[79.206s][info ][gc,heap        ] GC(9) PSYoungGen: 1295195K(1572864K)->269316K(1758208K) Eden: 1048490K(1048576K)->0K(1475584K) From: 246704K(524288K)->269316K(282624K)
[79.206s][info ][gc,heap        ] GC(9) ParOldGen: 5612K(6144K)->5620K(6144K)
[79.206s][info ][gc,metaspace   ] GC(9) Metaspace: 105023K(106048K)->105023K(106048K) NonClass: 89607K(90240K)->89607K(90240K) Class: 15416K(15808K)->15416K(15808K)
[79.206s][info ][gc             ] GC(9) Pause Young (Allocation Failure) 1270M->268M(1723M) 122.901ms
[79.206s][info ][gc,cpu         ] GC(9) User=0.35s Sys=0.08s Real=0.12s
[79.207s][info ][safepoint      ] Safepoint "ParallelCollectForAllocation", Time since last: 4243483275 ns, Reaching safepoint: 88300 ns, At safepoint: 122976091 ns, Leaving safepoint: 901600 ns, Total: 123965991 ns, Threads: 1 runnable, 33 total
[83.472s][info ][gc,start       ] GC(10) Pause Young (Allocation Failure)
[83.618s][debug][gc,phases      ] GC(10) Scavenge 145.272ms
[83.618s][debug][gc,ref         ] GC(10) ReferenceProcessor::execute queues: 2, RefProcThreadModel::Multi, marks_oops_alive: false
[83.618s][debug][gc,ref         ] GC(10) Skipped KeepAliveFinalRefsPhase of Reference Processing: no references
[83.618s][debug][gc,ref         ] GC(10) ReferenceProcessor::execute queues: 1, RefProcThreadModel::Single, marks_oops_alive: false
[83.618s][debug][gc,phases      ] GC(10) Reference Processing 0.197ms
[83.618s][debug][gc,phases      ] GC(10)   VM Weak                        Min: 0.00, Avg: 0.01, Max: 0.01, Diff: 0.01, Sum: 0.03, Workers: 4
[83.618s][debug][gc,phases      ] GC(10)     Dead                           Min: 0, Avg:  0.0, Max: 0, Diff: 0, Sum: 0, Workers: 4
[83.618s][debug][gc,phases      ] GC(10)     Total                          Min: 0, Avg: 194.5, Max: 384, Diff: 384, Sum: 778, Workers: 4
[83.618s][debug][gc,phases      ] GC(10)   ObjectSynchronizer Weak        Min: 0.00, Avg: 0.00, Max: 0.00, Diff: 0.00, Sum: 0.00, Workers: 4
[83.618s][debug][gc,phases      ] GC(10)     Dead                           Min: 0, Avg:  0.0, Max: 0, Diff: 0, Sum: 0, Workers: 4
[83.618s][debug][gc,phases      ] GC(10)     Total                          Min: 0, Avg:  1.8, Max: 7, Diff: 7, Sum: 7, Workers: 4
[83.618s][debug][gc,phases      ] GC(10)   JVMTI Tag Weak OopStorage      Min: 0.00, Avg: 0.00, Max: 0.00, Diff: 0.00, Sum: 0.00, Workers: 4
[83.618s][debug][gc,phases      ] GC(10)     Dead                           Min: 0, Avg:  0.0, Max: 0, Diff: 0, Sum: 0, Workers: 4
[83.618s][debug][gc,phases      ] GC(10)     Total                          Min: 0, Avg:  0.0, Max: 0, Diff: 0, Sum: 0, Workers: 4
[83.618s][debug][gc,phases      ] GC(10)   StringTable Weak               Min: 0.38, Avg: 0.38, Max: 0.38, Diff: 0.00, Sum: 1.52, Workers: 4
[83.618s][debug][gc,phases      ] GC(10)     Dead                           Min: 0, Avg:  0.5, Max: 1, Diff: 1, Sum: 2, Workers: 4
[83.618s][debug][gc,phases      ] GC(10)     Total                          Min: 11520, Avg: 12189.8, Max: 13175, Diff: 1655, Sum: 48759, Workers: 4
[83.618s][debug][gc,phases      ] GC(10)   ResolvedMethodTable Weak       Min: 0.13, Avg: 0.13, Max: 0.13, Diff: 0.00, Sum: 0.52, Workers: 4
[83.618s][debug][gc,phases      ] GC(10)     Dead                           Min: 2, Avg: 13.2, Max: 33, Diff: 31, Sum: 53, Workers: 4
[83.618s][debug][gc,phases      ] GC(10)     Total                          Min: 3790, Avg: 3905.0, Max: 4012, Diff: 222, Sum: 15620, Workers: 4
[83.618s][debug][gc,phases      ] GC(10)   JNI Weak                       Min: 0.00, Avg: 0.00, Max: 0.00, Diff: 0.00, Sum: 0.00, Workers: 4
[83.618s][debug][gc,phases      ] GC(10)     Dead                           Min: 0, Avg:  0.0, Max: 0, Diff: 0, Sum: 0, Workers: 4
[83.618s][debug][gc,phases      ] GC(10)     Total                          Min: 0, Avg: 15.5, Max: 57, Diff: 57, Sum: 62, Workers: 4
[83.618s][debug][gc,phases      ] GC(10)   StringDedup Table Weak         Min: 0.00, Avg: 0.00, Max: 0.00, Diff: 0.00, Sum: 0.00, Workers: 4
[83.618s][debug][gc,phases      ] GC(10)     Dead                           Min: 0, Avg:  0.0, Max: 0, Diff: 0, Sum: 0, Workers: 4
[83.618s][debug][gc,phases      ] GC(10)     Total                          Min: 0, Avg:  0.0, Max: 0, Diff: 0, Sum: 0, Workers: 4
[83.618s][debug][gc,phases      ] GC(10)   StringDedup Requests0 Weak     Min: 0.00, Avg: 0.00, Max: 0.00, Diff: 0.00, Sum: 0.00, Workers: 4
[83.618s][debug][gc,phases      ] GC(10)     Dead                           Min: 0, Avg:  0.0, Max: 0, Diff: 0, Sum: 0, Workers: 4
[83.618s][debug][gc,phases      ] GC(10)     Total                          Min: 0, Avg:  0.0, Max: 0, Diff: 0, Sum: 0, Workers: 4
[83.618s][debug][gc,phases      ] GC(10)   StringDedup Requests1 Weak     Min: 0.00, Avg: 0.00, Max: 0.00, Diff: 0.00, Sum: 0.00, Workers: 4
[83.618s][debug][gc,phases      ] GC(10)     Dead                           Min: 0, Avg:  0.0, Max: 0, Diff: 0, Sum: 0, Workers: 4
[83.618s][debug][gc,phases      ] GC(10)     Total                          Min: 0, Avg:  0.0, Max: 0, Diff: 0, Sum: 0, Workers: 4
[83.618s][debug][gc,phases      ] GC(10)   Weak JFR Old Object Samples    Min: 0.00, Avg: 0.00, Max: 0.00, Diff: 0.00, Sum: 0.00, Workers: 4
[83.618s][debug][gc,phases      ] GC(10)     Dead                           Min: 0, Avg:  0.0, Max: 0, Diff: 0, Sum: 0, Workers: 4
[83.618s][debug][gc,phases      ] GC(10)     Total                          Min: 0, Avg:  0.0, Max: 0, Diff: 0, Sum: 0, Workers: 4
[83.618s][debug][gc,phases      ] GC(10) Weak Processing 0.702ms
[83.618s][debug][gc,age         ] GC(10) Desired survivor size 320339968 bytes, new threshold 4 (max threshold 15)
[83.618s][info ][gc,heap        ] GC(10) PSYoungGen: 1744900K(1758208K)->130419K(1606144K) Eden: 1475584K(1475584K)->0K(1475584K) From: 269316K(282624K)->130419K(130560K)
[83.618s][info ][gc,heap        ] GC(10) ParOldGen: 5620K(6144K)->181992K(182272K)
[83.618s][info ][gc,metaspace   ] GC(10) Metaspace: 105571K(106624K)->105571K(106624K) NonClass: 90105K(90752K)->90105K(90752K) Class: 15465K(15872K)->15465K(15872K)
[83.619s][info ][gc             ] GC(10) Pause Young (Allocation Failure) 1709M->305M(1746M) 146.322ms
[83.619s][info ][gc,cpu         ] GC(10) User=0.36s Sys=0.13s Real=0.14s
[83.619s][info ][safepoint      ] Safepoint "ParallelCollectForAllocation", Time since last: 4265452950 ns, Reaching safepoint: 19500 ns, At safepoint: 146395073 ns, Leaving safepoint: 127500 ns, Total: 146542073 ns, Threads: 0 runnable, 34 total
[92.043s][info ][gc,start       ] GC(11) Pause Young (Allocation Failure)
[92.092s][debug][gc,phases      ] GC(11) Scavenge 48.405ms
[92.092s][debug][gc,ref         ] GC(11) ReferenceProcessor::execute queues: 1, RefProcThreadModel::Single, marks_oops_alive: false
[92.092s][debug][gc,ref         ] GC(11) Skipped KeepAliveFinalRefsPhase of Reference Processing: no references
[92.092s][debug][gc,ref         ] GC(11) ReferenceProcessor::execute queues: 1, RefProcThreadModel::Single, marks_oops_alive: false
[92.092s][debug][gc,phases      ] GC(11) Reference Processing 0.142ms
[92.092s][debug][gc,phases      ] GC(11)   VM Weak                        Min: 0.00, Avg: 0.00, Max: 0.01, Diff: 0.01, Sum: 0.01, Workers: 4
[92.092s][debug][gc,phases      ] GC(11)     Dead                           Min: 0, Avg:  0.0, Max: 0, Diff: 0, Sum: 0, Workers: 4
[92.092s][debug][gc,phases      ] GC(11)     Total                          Min: 0, Avg: 194.5, Max: 704, Diff: 704, Sum: 778, Workers: 4
[92.092s][debug][gc,phases      ] GC(11)   ObjectSynchronizer Weak        Min: 0.00, Avg: 0.00, Max: 0.00, Diff: 0.00, Sum: 0.00, Workers: 4
[92.092s][debug][gc,phases      ] GC(11)     Dead                           Min: 0, Avg:  0.0, Max: 0, Diff: 0, Sum: 0, Workers: 4
[92.092s][debug][gc,phases      ] GC(11)     Total                          Min: 0, Avg:  1.8, Max: 7, Diff: 7, Sum: 7, Workers: 4
[92.092s][debug][gc,phases      ] GC(11)   JVMTI Tag Weak OopStorage      Min: 0.00, Avg: 0.00, Max: 0.00, Diff: 0.00, Sum: 0.00, Workers: 4
[92.092s][debug][gc,phases      ] GC(11)     Dead                           Min: 0, Avg:  0.0, Max: 0, Diff: 0, Sum: 0, Workers: 4
[92.092s][debug][gc,phases      ] GC(11)     Total                          Min: 0, Avg:  0.0, Max: 0, Diff: 0, Sum: 0, Workers: 4
[92.092s][debug][gc,phases      ] GC(11)   StringTable Weak               Min: 0.00, Avg: 0.11, Max: 0.15, Diff: 0.15, Sum: 0.44, Workers: 4
[92.092s][debug][gc,phases      ] GC(11)     Dead                           Min: 0, Avg:  0.2, Max: 1, Diff: 1, Sum: 1, Workers: 4
[92.092s][debug][gc,phases      ] GC(11)     Total                          Min: 0, Avg: 12221.8, Max: 20535, Diff: 20535, Sum: 48887, Workers: 4
[92.092s][debug][gc,phases      ] GC(11)   ResolvedMethodTable Weak       Min: 0.00, Avg: 0.06, Max: 0.08, Diff: 0.08, Sum: 0.23, Workers: 4
[92.092s][debug][gc,phases      ] GC(11)     Dead                           Min: 0, Avg:  2.0, Max: 8, Diff: 8, Sum: 8, Workers: 4
[92.092s][debug][gc,phases      ] GC(11)     Total                          Min: 0, Avg: 3915.0, Max: 5942, Diff: 5942, Sum: 15660, Workers: 4
[92.092s][debug][gc,phases      ] GC(11)   JNI Weak                       Min: 0.00, Avg: 0.00, Max: 0.00, Diff: 0.00, Sum: 0.00, Workers: 4
[92.092s][debug][gc,phases      ] GC(11)     Dead                           Min: 0, Avg:  0.0, Max: 0, Diff: 0, Sum: 0, Workers: 4
[92.092s][debug][gc,phases      ] GC(11)     Total                          Min: 0, Avg: 13.0, Max: 52, Diff: 52, Sum: 52, Workers: 4
[92.092s][debug][gc,phases      ] GC(11)   StringDedup Table Weak         Min: 0.00, Avg: 0.00, Max: 0.00, Diff: 0.00, Sum: 0.00, Workers: 4
[92.092s][debug][gc,phases      ] GC(11)     Dead                           Min: 0, Avg:  0.0, Max: 0, Diff: 0, Sum: 0, Workers: 4
[92.092s][debug][gc,phases      ] GC(11)     Total                          Min: 0, Avg:  0.0, Max: 0, Diff: 0, Sum: 0, Workers: 4
[92.092s][debug][gc,phases      ] GC(11)   StringDedup Requests0 Weak     Min: 0.00, Avg: 0.00, Max: 0.00, Diff: 0.00, Sum: 0.00, Workers: 4
[92.092s][debug][gc,phases      ] GC(11)     Dead                           Min: 0, Avg:  0.0, Max: 0, Diff: 0, Sum: 0, Workers: 4
[92.092s][debug][gc,phases      ] GC(11)     Total                          Min: 0, Avg:  0.0, Max: 0, Diff: 0, Sum: 0, Workers: 4
[92.092s][debug][gc,phases      ] GC(11)   StringDedup Requests1 Weak     Min: 0.00, Avg: 0.00, Max: 0.00, Diff: 0.00, Sum: 0.00, Workers: 4
[92.092s][debug][gc,phases      ] GC(11)     Dead                           Min: 0, Avg:  0.0, Max: 0, Diff: 0, Sum: 0, Workers: 4
[92.092s][debug][gc,phases      ] GC(11)     Total                          Min: 0, Avg:  0.0, Max: 0, Diff: 0, Sum: 0, Workers: 4
[92.092s][debug][gc,phases      ] GC(11)   Weak JFR Old Object Samples    Min: 0.00, Avg: 0.00, Max: 0.00, Diff: 0.00, Sum: 0.00, Workers: 4
[92.092s][debug][gc,phases      ] GC(11)     Dead                           Min: 0, Avg:  0.0, Max: 0, Diff: 0, Sum: 0, Workers: 4
[92.092s][debug][gc,phases      ] GC(11)     Total                          Min: 0, Avg:  0.0, Max: 0, Diff: 0, Sum: 0, Workers: 4
[92.092s][debug][gc,phases      ] GC(11) Weak Processing 0.396ms
[92.092s][debug][gc,age         ] GC(11) Desired survivor size 322961408 bytes, new threshold 3 (max threshold 15)
[92.092s][info ][gc,heap        ] GC(11) PSYoungGen: 1606003K(1606144K)->111684K(1779200K) Eden: 1475584K(1475584K)->0K(1466368K) From: 130419K(130560K)->111684K(312832K)
[92.092s][info ][gc,heap        ] GC(11) ParOldGen: 181992K(182272K)->218833K(219136K)
[92.092s][info ][gc,metaspace   ] GC(11) Metaspace: 105908K(107008K)->105908K(107008K) NonClass: 90417K(91072K)->90417K(91072K) Class: 15490K(15936K)->15490K(15936K)
[92.092s][info ][gc             ] GC(11) Pause Young (Allocation Failure) 1746M->322M(1951M) 49.080ms
[92.092s][info ][gc,cpu         ] GC(11) User=0.13s Sys=0.04s Real=0.05s
[92.092s][info ][safepoint      ] Safepoint "ParallelCollectForAllocation", Time since last: 8424420329 ns, Reaching safepoint: 7500 ns, At safepoint: 49152795 ns, Leaving safepoint: 12400 ns, Total: 49172695 ns, Threads: 0 runnable, 34 total
[102.146s][info ][gc,start       ] GC(12) Pause Young (Allocation Failure)
[102.200s][debug][gc,phases      ] GC(12) Scavenge 53.539ms
[102.200s][debug][gc,ref         ] GC(12) ReferenceProcessor::execute queues: 1, RefProcThreadModel::Single, marks_oops_alive: false
[102.200s][debug][gc,ref         ] GC(12) Skipped KeepAliveFinalRefsPhase of Reference Processing: no references
[102.200s][debug][gc,ref         ] GC(12) Skipped PhantomRefsPhase of Reference Processing: no references
[102.200s][debug][gc,phases      ] GC(12) Reference Processing 0.112ms
[102.200s][debug][gc,phases      ] GC(12)   VM Weak                        Min: 0.00, Avg: 0.00, Max: 0.01, Diff: 0.01, Sum: 0.01, Workers: 4
[102.200s][debug][gc,phases      ] GC(12)     Dead                           Min: 0, Avg:  0.0, Max: 0, Diff: 0, Sum: 0, Workers: 4
[102.200s][debug][gc,phases      ] GC(12)     Total                          Min: 0, Avg: 195.8, Max: 512, Diff: 512, Sum: 783, Workers: 4
[102.200s][debug][gc,phases      ] GC(12)   ObjectSynchronizer Weak        Min: 0.00, Avg: 0.00, Max: 0.00, Diff: 0.00, Sum: 0.00, Workers: 4
[102.200s][debug][gc,phases      ] GC(12)     Dead                           Min: 0, Avg:  0.0, Max: 0, Diff: 0, Sum: 0, Workers: 4
[102.200s][debug][gc,phases      ] GC(12)     Total                          Min: 0, Avg:  1.8, Max: 7, Diff: 7, Sum: 7, Workers: 4
[102.200s][debug][gc,phases      ] GC(12)   JVMTI Tag Weak OopStorage      Min: 0.00, Avg: 0.00, Max: 0.00, Diff: 0.00, Sum: 0.00, Workers: 4
[102.200s][debug][gc,phases      ] GC(12)     Dead                           Min: 0, Avg:  0.0, Max: 0, Diff: 0, Sum: 0, Workers: 4
[102.200s][debug][gc,phases      ] GC(12)     Total                          Min: 0, Avg:  0.0, Max: 0, Diff: 0, Sum: 0, Workers: 4
[102.200s][debug][gc,phases      ] GC(12)   StringTable Weak               Min: 0.07, Avg: 0.15, Max: 0.18, Diff: 0.11, Sum: 0.59, Workers: 4
[102.200s][debug][gc,phases      ] GC(12)     Dead                           Min: 0, Avg:  0.5, Max: 2, Diff: 2, Sum: 2, Workers: 4
[102.200s][debug][gc,phases      ] GC(12)     Total                          Min: 4736, Avg: 12241.2, Max: 15424, Diff: 10688, Sum: 48965, Workers: 4
[102.200s][debug][gc,phases      ] GC(12)   ResolvedMethodTable Weak       Min: 0.05, Avg: 0.05, Max: 0.05, Diff: 0.00, Sum: 0.20, Workers: 4
[102.200s][debug][gc,phases      ] GC(12)     Dead                           Min: 0, Avg:  9.5, Max: 16, Diff: 16, Sum: 38, Workers: 4
[102.200s][debug][gc,phases      ] GC(12)     Total                          Min: 3818, Avg: 3928.5, Max: 4166, Diff: 348, Sum: 15714, Workers: 4
[102.200s][debug][gc,phases      ] GC(12)   JNI Weak                       Min: 0.00, Avg: 0.00, Max: 0.00, Diff: 0.00, Sum: 0.00, Workers: 4
[102.200s][debug][gc,phases      ] GC(12)     Dead                           Min: 0, Avg:  0.0, Max: 0, Diff: 0, Sum: 0, Workers: 4
[102.200s][debug][gc,phases      ] GC(12)     Total                          Min: 0, Avg: 13.5, Max: 54, Diff: 54, Sum: 54, Workers: 4
[102.200s][debug][gc,phases      ] GC(12)   StringDedup Table Weak         Min: 0.00, Avg: 0.00, Max: 0.00, Diff: 0.00, Sum: 0.00, Workers: 4
[102.200s][debug][gc,phases      ] GC(12)     Dead                           Min: 0, Avg:  0.0, Max: 0, Diff: 0, Sum: 0, Workers: 4
[102.200s][debug][gc,phases      ] GC(12)     Total                          Min: 0, Avg:  0.0, Max: 0, Diff: 0, Sum: 0, Workers: 4
[102.200s][debug][gc,phases      ] GC(12)   StringDedup Requests0 Weak     Min: 0.00, Avg: 0.00, Max: 0.00, Diff: 0.00, Sum: 0.00, Workers: 4
[102.200s][debug][gc,phases      ] GC(12)     Dead                           Min: 0, Avg:  0.0, Max: 0, Diff: 0, Sum: 0, Workers: 4
[102.200s][debug][gc,phases      ] GC(12)     Total                          Min: 0, Avg:  0.0, Max: 0, Diff: 0, Sum: 0, Workers: 4
[102.200s][debug][gc,phases      ] GC(12)   StringDedup Requests1 Weak     Min: 0.00, Avg: 0.00, Max: 0.00, Diff: 0.00, Sum: 0.00, Workers: 4
[102.200s][debug][gc,phases      ] GC(12)     Dead                           Min: 0, Avg:  0.0, Max: 0, Diff: 0, Sum: 0, Workers: 4
[102.200s][debug][gc,phases      ] GC(12)     Total                          Min: 0, Avg:  0.0, Max: 0, Diff: 0, Sum: 0, Workers: 4
[102.200s][debug][gc,phases      ] GC(12)   Weak JFR Old Object Samples    Min: 0.00, Avg: 0.00, Max: 0.00, Diff: 0.00, Sum: 0.00, Workers: 4
[102.200s][debug][gc,phases      ] GC(12)     Dead                           Min: 0, Avg:  0.0, Max: 0, Diff: 0, Sum: 0, Workers: 4
[102.200s][debug][gc,phases      ] GC(12)     Total                          Min: 0, Avg:  0.0, Max: 0, Diff: 0, Sum: 0, Workers: 4
[102.200s][debug][gc,phases      ] GC(12) Weak Processing 0.422ms
[102.200s][debug][gc,age         ] GC(12) Desired survivor size 331350016 bytes, new threshold 2 (max threshold 15)
[102.200s][info ][gc,heap        ] GC(12) PSYoungGen: 1578052K(1779200K)->64868K(1531392K) Eden: 1466368K(1466368K)->0K(1466368K) From: 111684K(312832K)->64868K(65024K)
[102.200s][info ][gc,heap        ] GC(12) ParOldGen: 218833K(219136K)->279271K(279552K)
[102.200s][info ][gc,metaspace   ] GC(12) Metaspace: 106190K(107264K)->106190K(107264K) NonClass: 90675K(91328K)->90675K(91328K) Class: 15515K(15936K)->15515K(15936K)
[102.200s][info ][gc             ] GC(12) Pause Young (Allocation Failure) 1754M->336M(1768M) 54.210ms
[102.200s][info ][gc,cpu         ] GC(12) User=0.13s Sys=0.04s Real=0.06s
[102.200s][info ][safepoint      ] Safepoint "ParallelCollectForAllocation", Time since last: 10053767893 ns, Reaching safepoint: 6400 ns, At safepoint: 54272995 ns, Leaving safepoint: 18100 ns, Total: 54297495 ns, Threads: 0 runnable, 34 total
[114.458s][info ][gc,start       ] GC(13) Pause Young (Allocation Failure)
[114.502s][debug][gc,phases      ] GC(13) Scavenge 44.097ms
[114.502s][debug][gc,ref         ] GC(13) ReferenceProcessor::execute queues: 1, RefProcThreadModel::Single, marks_oops_alive: false
[114.502s][debug][gc,ref         ] GC(13) Skipped KeepAliveFinalRefsPhase of Reference Processing: no references
[114.502s][debug][gc,ref         ] GC(13) Skipped PhantomRefsPhase of Reference Processing: no references
[114.502s][debug][gc,phases      ] GC(13) Reference Processing 0.101ms
[114.502s][debug][gc,phases      ] GC(13)   VM Weak                        Min: 0.00, Avg: 0.00, Max: 0.01, Diff: 0.01, Sum: 0.01, Workers: 4
[114.502s][debug][gc,phases      ] GC(13)     Dead                           Min: 0, Avg:  0.0, Max: 0, Diff: 0, Sum: 0, Workers: 4
[114.502s][debug][gc,phases      ] GC(13)     Total                          Min: 0, Avg: 199.2, Max: 704, Diff: 704, Sum: 797, Workers: 4
[114.502s][debug][gc,phases      ] GC(13)   ObjectSynchronizer Weak        Min: 0.00, Avg: 0.00, Max: 0.00, Diff: 0.00, Sum: 0.00, Workers: 4
[114.502s][debug][gc,phases      ] GC(13)     Dead                           Min: 0, Avg:  0.0, Max: 0, Diff: 0, Sum: 0, Workers: 4
[114.502s][debug][gc,phases      ] GC(13)     Total                          Min: 0, Avg:  1.8, Max: 7, Diff: 7, Sum: 7, Workers: 4
[114.502s][debug][gc,phases      ] GC(13)   JVMTI Tag Weak OopStorage      Min: 0.00, Avg: 0.00, Max: 0.00, Diff: 0.00, Sum: 0.00, Workers: 4
[114.502s][debug][gc,phases      ] GC(13)     Dead                           Min: 0, Avg:  0.0, Max: 0, Diff: 0, Sum: 0, Workers: 4
[114.502s][debug][gc,phases      ] GC(13)     Total                          Min: 0, Avg:  0.0, Max: 0, Diff: 0, Sum: 0, Workers: 4
[114.502s][debug][gc,phases      ] GC(13)   StringTable Weak               Min: 0.00, Avg: 0.11, Max: 0.15, Diff: 0.15, Sum: 0.46, Workers: 4
[114.502s][debug][gc,phases      ] GC(13)     Dead                           Min: 0, Avg:  0.8, Max: 2, Diff: 2, Sum: 3, Workers: 4
[114.502s][debug][gc,phases      ] GC(13)     Total                          Min: 0, Avg: 12285.5, Max: 20544, Diff: 20544, Sum: 49142, Workers: 4
[114.502s][debug][gc,phases      ] GC(13)   ResolvedMethodTable Weak       Min: 0.00, Avg: 0.04, Max: 0.05, Diff: 0.05, Sum: 0.15, Workers: 4
[114.502s][debug][gc,phases      ] GC(13)     Dead                           Min: 0, Avg:  4.8, Max: 18, Diff: 18, Sum: 19, Workers: 4
[114.502s][debug][gc,phases      ] GC(13)     Total                          Min: 0, Avg: 3956.0, Max: 6482, Diff: 6482, Sum: 15824, Workers: 4
[114.502s][debug][gc,phases      ] GC(13)   JNI Weak                       Min: 0.00, Avg: 0.00, Max: 0.00, Diff: 0.00, Sum: 0.00, Workers: 4
[114.502s][debug][gc,phases      ] GC(13)     Dead                           Min: 0, Avg:  0.0, Max: 0, Diff: 0, Sum: 0, Workers: 4
[114.502s][debug][gc,phases      ] GC(13)     Total                          Min: 0, Avg: 14.8, Max: 59, Diff: 59, Sum: 59, Workers: 4
[114.502s][debug][gc,phases      ] GC(13)   StringDedup Table Weak         Min: 0.00, Avg: 0.00, Max: 0.00, Diff: 0.00, Sum: 0.00, Workers: 4
[114.502s][debug][gc,phases      ] GC(13)     Dead                           Min: 0, Avg:  0.0, Max: 0, Diff: 0, Sum: 0, Workers: 4
[114.502s][debug][gc,phases      ] GC(13)     Total                          Min: 0, Avg:  0.0, Max: 0, Diff: 0, Sum: 0, Workers: 4
[114.502s][debug][gc,phases      ] GC(13)   StringDedup Requests0 Weak     Min: 0.00, Avg: 0.00, Max: 0.00, Diff: 0.00, Sum: 0.00, Workers: 4
[114.502s][debug][gc,phases      ] GC(13)     Dead                           Min: 0, Avg:  0.0, Max: 0, Diff: 0, Sum: 0, Workers: 4
[114.502s][debug][gc,phases      ] GC(13)     Total                          Min: 0, Avg:  0.0, Max: 0, Diff: 0, Sum: 0, Workers: 4
[114.502s][debug][gc,phases      ] GC(13)   StringDedup Requests1 Weak     Min: 0.00, Avg: 0.00, Max: 0.00, Diff: 0.00, Sum: 0.00, Workers: 4
[114.502s][debug][gc,phases      ] GC(13)     Dead                           Min: 0, Avg:  0.0, Max: 0, Diff: 0, Sum: 0, Workers: 4
[114.502s][debug][gc,phases      ] GC(13)     Total                          Min: 0, Avg:  0.0, Max: 0, Diff: 0, Sum: 0, Workers: 4
[114.502s][debug][gc,phases      ] GC(13)   Weak JFR Old Object Samples    Min: 0.00, Avg: 0.00, Max: 0.00, Diff: 0.00, Sum: 0.00, Workers: 4
[114.502s][debug][gc,phases      ] GC(13)     Dead                           Min: 0, Avg:  0.0, Max: 0, Diff: 0, Sum: 0, Workers: 4
[114.502s][debug][gc,phases      ] GC(13)     Total                          Min: 0, Avg:  0.0, Max: 0, Diff: 0, Sum: 0, Workers: 4
[114.502s][debug][gc,phases      ] GC(13) Weak Processing 0.373ms
[114.502s][debug][gc,age         ] GC(13) Desired survivor size 342360064 bytes, new threshold 1 (max threshold 15)
[114.502s][info ][gc,heap        ] GC(13) PSYoungGen: 1531236K(1531392K)->18848K(1752064K) Eden: 1466368K(1466368K)->0K(1428480K) From: 64868K(65024K)->18848K(323584K)
[114.502s][info ][gc,heap        ] GC(13) ParOldGen: 279271K(279552K)->332209K(332288K)
[114.502s][info ][gc,metaspace   ] GC(13) Metaspace: 106522K(107584K)->106522K(107584K) NonClass: 90963K(91584K)->90963K(91584K) Class: 15559K(16000K)->15559K(16000K)
[114.502s][info ][gc             ] GC(13) Pause Young (Allocation Failure) 1768M->342M(2035M) 44.706ms
[114.502s][info ][gc,cpu         ] GC(13) User=0.12s Sys=0.03s Real=0.05s
[114.502s][info ][safepoint      ] Safepoint "ParallelCollectForAllocation", Time since last: 12257184924 ns, Reaching safepoint: 8100 ns, At safepoint: 44811696 ns, Leaving safepoint: 12900 ns, Total: 44832696 ns, Threads: 0 runnable, 34 total
[115.004s][debug][gc,phases      ] GC(14) Pre Compact 0.022ms
[115.004s][info ][gc,start       ] GC(14) Pause Full (CodeCache GC Threshold)
[115.004s][info ][gc,phases,start] GC(14) Marking Phase
[115.100s][debug][gc,phases      ] GC(14) Par Mark 95.827ms
[115.101s][debug][gc,ref         ] GC(14) ReferenceProcessor::execute queues: 4, RefProcThreadModel::Multi, marks_oops_alive: false
[115.101s][debug][gc,ref         ] GC(14) ReferenceProcessor::execute queues: 4, RefProcThreadModel::Multi, marks_oops_alive: true
[115.101s][debug][gc,ref         ] GC(14) ReferenceProcessor::execute queues: 1, RefProcThreadModel::Single, marks_oops_alive: false
[115.102s][debug][gc,phases      ] GC(14) Reference Processing 1.239ms
[115.102s][debug][gc,phases      ] GC(14) Flush Marking Stats 0.015ms
[115.102s][debug][gc,phases      ] GC(14)   VM Weak                        Min: 0.00, Avg: 0.01, Max: 0.01, Diff: 0.01, Sum: 0.02, Workers: 4
[115.102s][debug][gc,phases      ] GC(14)     Dead                           Min: 0, Avg:  0.0, Max: 0, Diff: 0, Sum: 0, Workers: 4
[115.102s][debug][gc,phases      ] GC(14)     Total                          Min: 0, Avg: 199.2, Max: 384, Diff: 384, Sum: 797, Workers: 4
[115.102s][debug][gc,phases      ] GC(14)   ObjectSynchronizer Weak        Min: 0.00, Avg: 0.00, Max: 0.00, Diff: 0.00, Sum: 0.00, Workers: 4
[115.102s][debug][gc,phases      ] GC(14)     Dead                           Min: 0, Avg:  0.0, Max: 0, Diff: 0, Sum: 0, Workers: 4
[115.102s][debug][gc,phases      ] GC(14)     Total                          Min: 0, Avg:  1.8, Max: 7, Diff: 7, Sum: 7, Workers: 4
[115.102s][debug][gc,phases      ] GC(14)   JVMTI Tag Weak OopStorage      Min: 0.00, Avg: 0.00, Max: 0.00, Diff: 0.00, Sum: 0.00, Workers: 4
[115.102s][debug][gc,phases      ] GC(14)     Dead                           Min: 0, Avg:  0.0, Max: 0, Diff: 0, Sum: 0, Workers: 4
[115.102s][debug][gc,phases      ] GC(14)     Total                          Min: 0, Avg:  0.0, Max: 0, Diff: 0, Sum: 0, Workers: 4
[115.102s][debug][gc,phases      ] GC(14)   StringTable Weak               Min: 0.00, Avg: 0.20, Max: 0.27, Diff: 0.27, Sum: 0.81, Workers: 4
[115.102s][debug][gc,phases      ] GC(14)     Dead                           Min: 0, Avg:  0.2, Max: 1, Diff: 1, Sum: 1, Workers: 4
[115.102s][debug][gc,phases      ] GC(14)     Total                          Min: 0, Avg: 12287.0, Max: 18877, Diff: 18877, Sum: 49148, Workers: 4
[115.102s][debug][gc,phases      ] GC(14)   ResolvedMethodTable Weak       Min: 0.00, Avg: 0.05, Max: 0.07, Diff: 0.07, Sum: 0.20, Workers: 4
[115.102s][debug][gc,phases      ] GC(14)     Dead                           Min: 0, Avg:  0.8, Max: 3, Diff: 3, Sum: 3, Workers: 4
[115.102s][debug][gc,phases      ] GC(14)     Total                          Min: 0, Avg: 3958.5, Max: 5628, Diff: 5628, Sum: 15834, Workers: 4
[115.102s][debug][gc,phases      ] GC(14)   JNI Weak                       Min: 0.00, Avg: 0.00, Max: 0.00, Diff: 0.00, Sum: 0.00, Workers: 4
[115.102s][debug][gc,phases      ] GC(14)     Dead                           Min: 0, Avg:  0.0, Max: 0, Diff: 0, Sum: 0, Workers: 4
[115.102s][debug][gc,phases      ] GC(14)     Total                          Min: 0, Avg: 13.8, Max: 55, Diff: 55, Sum: 55, Workers: 4
[115.102s][debug][gc,phases      ] GC(14)   StringDedup Table Weak         Min: 0.00, Avg: 0.00, Max: 0.00, Diff: 0.00, Sum: 0.00, Workers: 4
[115.102s][debug][gc,phases      ] GC(14)     Dead                           Min: 0, Avg:  0.0, Max: 0, Diff: 0, Sum: 0, Workers: 4
[115.102s][debug][gc,phases      ] GC(14)     Total                          Min: 0, Avg:  0.0, Max: 0, Diff: 0, Sum: 0, Workers: 4
[115.102s][debug][gc,phases      ] GC(14)   StringDedup Requests0 Weak     Min: 0.00, Avg: 0.00, Max: 0.00, Diff: 0.00, Sum: 0.00, Workers: 4
[115.102s][debug][gc,phases      ] GC(14)     Dead                           Min: 0, Avg:  0.0, Max: 0, Diff: 0, Sum: 0, Workers: 4
[115.102s][debug][gc,phases      ] GC(14)     Total                          Min: 0, Avg:  0.0, Max: 0, Diff: 0, Sum: 0, Workers: 4
[115.102s][debug][gc,phases      ] GC(14)   StringDedup Requests1 Weak     Min: 0.00, Avg: 0.00, Max: 0.00, Diff: 0.00, Sum: 0.00, Workers: 4
[115.102s][debug][gc,phases      ] GC(14)     Dead                           Min: 0, Avg:  0.0, Max: 0, Diff: 0, Sum: 0, Workers: 4
[115.102s][debug][gc,phases      ] GC(14)     Total                          Min: 0, Avg:  0.0, Max: 0, Diff: 0, Sum: 0, Workers: 4
[115.102s][debug][gc,phases      ] GC(14)   Weak JFR Old Object Samples    Min: 0.00, Avg: 0.00, Max: 0.00, Diff: 0.00, Sum: 0.00, Workers: 4
[115.102s][debug][gc,phases      ] GC(14)     Dead                           Min: 0, Avg:  0.0, Max: 0, Diff: 0, Sum: 0, Workers: 4
[115.102s][debug][gc,phases      ] GC(14)     Total                          Min: 0, Avg:  0.0, Max: 0, Diff: 0, Sum: 0, Workers: 4
[115.102s][debug][gc,phases      ] GC(14) Weak Processing 0.528ms
[115.102s][debug][gc,phases      ] GC(14) ClassLoaderData 0.112ms
[115.102s][debug][gc,phases      ] GC(14) Trigger cleanups 0.000ms
[115.151s][debug][gc,phases      ] GC(14) Purge Unlinked NMethods 1.920ms
[115.151s][debug][gc,phases      ] GC(14) Unregister NMethods 0.001ms
[115.152s][debug][gc,phases      ] GC(14) Free Code Blobs 0.185ms
[115.152s][debug][gc,phases      ] GC(14) Class Unloading 49.574ms
[115.152s][debug][gc,phases      ] GC(14) Report Object Count 0.001ms
[115.152s][info ][gc,phases      ] GC(14) Marking Phase 147.259ms
[115.152s][info ][gc,phases,start] GC(14) Summary Phase
[115.152s][info ][gc,phases      ] GC(14) Summary Phase 0.050ms
[115.152s][info ][gc,phases,start] GC(14) Forward
[115.156s][info ][gc,phases      ] GC(14) Forward 4.137ms
[115.156s][info ][gc,phases,start] GC(14) Adjust Pointers
[115.232s][info ][gc,phases      ] GC(14) Adjust Pointers 76.023ms
[115.232s][info ][gc,phases,start] GC(14) Compaction Phase
[115.257s][info ][gc,phases      ] GC(14) Compaction Phase 25.405ms
[115.257s][info ][gc,phases,start] GC(14) Post Compact
[115.259s][debug][gc,phases      ] GC(14) Purge Class Loader Data 0.398ms
[115.259s][info ][gc,phases      ] GC(14) Post Compact 1.370ms
[115.259s][info ][gc,heap        ] GC(14) PSYoungGen: 103094K(1752064K)->16309K(1752064K) Eden: 84245K(1428480K)->0K(1428480K) From: 18848K(323584K)->16309K(323584K)
[115.259s][info ][gc,heap        ] GC(14) ParOldGen: 332209K(332288K)->332066K(332288K)
[115.259s][info ][gc,metaspace   ] GC(14) Metaspace: 106542K(107648K)->106542K(107648K) NonClass: 90979K(91648K)->90979K(91648K) Class: 15562K(16000K)->15562K(16000K)
[115.259s][info ][gc             ] GC(14) Pause Full (CodeCache GC Threshold) 425M->340M(2035M) 254.440ms
[115.259s][info ][gc,cpu         ] GC(14) User=0.69s Sys=0.02s Real=0.25s
[115.259s][info ][safepoint      ] Safepoint "ParallelGCCollect", Time since last: 501898647 ns, Reaching safepoint: 82400 ns, At safepoint: 254542574 ns, Leaving safepoint: 14600 ns, Total: 254639574 ns, Threads: 1 runnable, 34 total
[127.961s][info ][gc,start       ] GC(15) Pause Young (Allocation Failure)
[128.010s][debug][gc,phases      ] GC(15) Scavenge 49.897ms
[128.011s][debug][gc,ref         ] GC(15) ReferenceProcessor::execute queues: 1, RefProcThreadModel::Single, marks_oops_alive: false
[128.011s][debug][gc,ref         ] GC(15) Skipped KeepAliveFinalRefsPhase of Reference Processing: no references
[128.011s][debug][gc,ref         ] GC(15) Skipped PhantomRefsPhase of Reference Processing: no references
[128.011s][debug][gc,phases      ] GC(15) Reference Processing 0.103ms
[128.011s][debug][gc,phases      ] GC(15)   VM Weak                        Min: 0.00, Avg: 0.00, Max: 0.01, Diff: 0.01, Sum: 0.01, Workers: 4
[128.011s][debug][gc,phases      ] GC(15)     Dead                           Min: 0, Avg:  0.0, Max: 0, Diff: 0, Sum: 0, Workers: 4
[128.011s][debug][gc,phases      ] GC(15)     Total                          Min: 0, Avg: 199.8, Max: 543, Diff: 543, Sum: 799, Workers: 4
[128.011s][debug][gc,phases      ] GC(15)   ObjectSynchronizer Weak        Min: 0.00, Avg: 0.00, Max: 0.00, Diff: 0.00, Sum: 0.00, Workers: 4
[128.011s][debug][gc,phases      ] GC(15)     Dead                           Min: 0, Avg:  0.0, Max: 0, Diff: 0, Sum: 0, Workers: 4
[128.011s][debug][gc,phases      ] GC(15)     Total                          Min: 0, Avg:  1.5, Max: 6, Diff: 6, Sum: 6, Workers: 4
[128.011s][debug][gc,phases      ] GC(15)   JVMTI Tag Weak OopStorage      Min: 0.00, Avg: 0.00, Max: 0.00, Diff: 0.00, Sum: 0.00, Workers: 4
[128.011s][debug][gc,phases      ] GC(15)     Dead                           Min: 0, Avg:  0.0, Max: 0, Diff: 0, Sum: 0, Workers: 4
[128.011s][debug][gc,phases      ] GC(15)     Total                          Min: 0, Avg:  0.0, Max: 0, Diff: 0, Sum: 0, Workers: 4
[128.011s][debug][gc,phases      ] GC(15)   StringTable Weak               Min: 0.00, Avg: 0.10, Max: 0.14, Diff: 0.14, Sum: 0.41, Workers: 4
[128.011s][debug][gc,phases      ] GC(15)     Dead                           Min: 0, Avg:  0.0, Max: 0, Diff: 0, Sum: 0, Workers: 4
[128.011s][debug][gc,phases      ] GC(15)     Total                          Min: 0, Avg: 12295.2, Max: 20381, Diff: 20381, Sum: 49181, Workers: 4
[128.011s][debug][gc,phases      ] GC(15)   ResolvedMethodTable Weak       Min: 0.00, Avg: 0.04, Max: 0.05, Diff: 0.05, Sum: 0.14, Workers: 4
[128.011s][debug][gc,phases      ] GC(15)     Dead                           Min: 0, Avg:  5.0, Max: 13, Diff: 13, Sum: 20, Workers: 4
[128.011s][debug][gc,phases      ] GC(15)     Total                          Min: 0, Avg: 3960.2, Max: 6343, Diff: 6343, Sum: 15841, Workers: 4
[128.011s][debug][gc,phases      ] GC(15)   JNI Weak                       Min: 0.00, Avg: 0.00, Max: 0.00, Diff: 0.00, Sum: 0.00, Workers: 4
[128.011s][debug][gc,phases      ] GC(15)     Dead                           Min: 0, Avg:  0.0, Max: 0, Diff: 0, Sum: 0, Workers: 4
[128.011s][debug][gc,phases      ] GC(15)     Total                          Min: 0, Avg: 13.0, Max: 52, Diff: 52, Sum: 52, Workers: 4
[128.011s][debug][gc,phases      ] GC(15)   StringDedup Table Weak         Min: 0.00, Avg: 0.00, Max: 0.00, Diff: 0.00, Sum: 0.00, Workers: 4
[128.011s][debug][gc,phases      ] GC(15)     Dead                           Min: 0, Avg:  0.0, Max: 0, Diff: 0, Sum: 0, Workers: 4
[128.011s][debug][gc,phases      ] GC(15)     Total                          Min: 0, Avg:  0.0, Max: 0, Diff: 0, Sum: 0, Workers: 4
[128.011s][debug][gc,phases      ] GC(15)   StringDedup Requests0 Weak     Min: 0.00, Avg: 0.00, Max: 0.00, Diff: 0.00, Sum: 0.00, Workers: 4
[128.011s][debug][gc,phases      ] GC(15)     Dead                           Min: 0, Avg:  0.0, Max: 0, Diff: 0, Sum: 0, Workers: 4
[128.011s][debug][gc,phases      ] GC(15)     Total                          Min: 0, Avg:  0.0, Max: 0, Diff: 0, Sum: 0, Workers: 4
[128.011s][debug][gc,phases      ] GC(15)   StringDedup Requests1 Weak     Min: 0.00, Avg: 0.00, Max: 0.00, Diff: 0.00, Sum: 0.00, Workers: 4
[128.011s][debug][gc,phases      ] GC(15)     Dead                           Min: 0, Avg:  0.0, Max: 0, Diff: 0, Sum: 0, Workers: 4
[128.011s][debug][gc,phases      ] GC(15)     Total                          Min: 0, Avg:  0.0, Max: 0, Diff: 0, Sum: 0, Workers: 4
[128.011s][debug][gc,phases      ] GC(15)   Weak JFR Old Object Samples    Min: 0.00, Avg: 0.00, Max: 0.00, Diff: 0.00, Sum: 0.00, Workers: 4
[128.011s][debug][gc,phases      ] GC(15)     Dead                           Min: 0, Avg:  0.0, Max: 0, Diff: 0, Sum: 0, Workers: 4
[128.011s][debug][gc,phases      ] GC(15)     Total                          Min: 0, Avg:  0.0, Max: 0, Diff: 0, Sum: 0, Workers: 4
[128.011s][debug][gc,phases      ] GC(15) Weak Processing 0.380ms
[128.011s][debug][gc,age         ] GC(15) Desired survivor size 348127232 bytes, new threshold 1 (max threshold 15)
[128.011s][info ][gc,heap        ] GC(15) PSYoungGen: 1444789K(1752064K)->20624K(1449472K) Eden: 1428480K(1428480K)->0K(1428480K) From: 16309K(323584K)->20624K(20992K)
[128.011s][info ][gc,heap        ] GC(15) ParOldGen: 332066K(332288K)->332202K(332288K)
[128.011s][info ][gc,metaspace   ] GC(15) Metaspace: 106656K(107712K)->106656K(107712K) NonClass: 91092K(91712K)->91092K(91712K) Class: 15564K(16000K)->15564K(16000K)
[128.011s][info ][gc             ] GC(15) Pause Young (Allocation Failure) 1735M->344M(1740M) 50.510ms
[128.011s][info ][gc,cpu         ] GC(15) User=0.16s Sys=0.00s Real=0.05s
[128.011s][info ][safepoint      ] Safepoint "ParallelCollectForAllocation", Time since last: 12701614988 ns, Reaching safepoint: 6300 ns, At safepoint: 50579395 ns, Leaving safepoint: 14400 ns, Total: 50600095 ns, Threads: 0 runnable, 34 total
[141.546s][info ][gc,start       ] GC(16) Pause Young (Allocation Failure)
[141.558s][debug][gc,phases      ] GC(16) Scavenge 11.409ms
[141.558s][debug][gc,ref         ] GC(16) ReferenceProcessor::execute queues: 1, RefProcThreadModel::Single, marks_oops_alive: false
[141.558s][debug][gc,ref         ] GC(16) Skipped KeepAliveFinalRefsPhase of Reference Processing: no references
[141.558s][debug][gc,ref         ] GC(16) Skipped PhantomRefsPhase of Reference Processing: no references
[141.558s][debug][gc,phases      ] GC(16) Reference Processing 0.133ms
[141.558s][debug][gc,phases      ] GC(16)   VM Weak                        Min: 0.00, Avg: 0.00, Max: 0.01, Diff: 0.01, Sum: 0.01, Workers: 4
[141.558s][debug][gc,phases      ] GC(16)     Dead                           Min: 0, Avg:  0.0, Max: 0, Diff: 0, Sum: 0, Workers: 4
[141.558s][debug][gc,phases      ] GC(16)     Total                          Min: 0, Avg: 199.8, Max: 799, Diff: 799, Sum: 799, Workers: 4
[141.558s][debug][gc,phases      ] GC(16)   ObjectSynchronizer Weak        Min: 0.00, Avg: 0.00, Max: 0.00, Diff: 0.00, Sum: 0.00, Workers: 4
[141.558s][debug][gc,phases      ] GC(16)     Dead                           Min: 0, Avg:  0.0, Max: 0, Diff: 0, Sum: 0, Workers: 4
[141.558s][debug][gc,phases      ] GC(16)     Total                          Min: 0, Avg:  1.5, Max: 6, Diff: 6, Sum: 6, Workers: 4
[141.558s][debug][gc,phases      ] GC(16)   JVMTI Tag Weak OopStorage      Min: 0.00, Avg: 0.00, Max: 0.00, Diff: 0.00, Sum: 0.00, Workers: 4
[141.558s][debug][gc,phases      ] GC(16)     Dead                           Min: 0, Avg:  0.0, Max: 0, Diff: 0, Sum: 0, Workers: 4
[141.558s][debug][gc,phases      ] GC(16)     Total                          Min: 0, Avg:  0.0, Max: 0, Diff: 0, Sum: 0, Workers: 4
[141.558s][debug][gc,phases      ] GC(16)   StringTable Weak               Min: 0.00, Avg: 0.10, Max: 0.13, Diff: 0.13, Sum: 0.40, Workers: 4
[141.558s][debug][gc,phases      ] GC(16)     Dead                           Min: 0, Avg:  0.2, Max: 1, Diff: 1, Sum: 1, Workers: 4
[141.558s][debug][gc,phases      ] GC(16)     Total                          Min: 0, Avg: 12309.0, Max: 20372, Diff: 20372, Sum: 49236, Workers: 4
[141.558s][debug][gc,phases      ] GC(16)   ResolvedMethodTable Weak       Min: 0.00, Avg: 0.04, Max: 0.05, Diff: 0.05, Sum: 0.14, Workers: 4
[141.558s][debug][gc,phases      ] GC(16)     Dead                           Min: 0, Avg:  1.2, Max: 5, Diff: 5, Sum: 5, Workers: 4
[141.558s][debug][gc,phases      ] GC(16)     Total                          Min: 0, Avg: 3964.8, Max: 6119, Diff: 6119, Sum: 15859, Workers: 4
[141.558s][debug][gc,phases      ] GC(16)   JNI Weak                       Min: 0.00, Avg: 0.00, Max: 0.00, Diff: 0.00, Sum: 0.00, Workers: 4
[141.558s][debug][gc,phases      ] GC(16)     Dead                           Min: 0, Avg:  0.0, Max: 0, Diff: 0, Sum: 0, Workers: 4
[141.558s][debug][gc,phases      ] GC(16)     Total                          Min: 0, Avg: 13.0, Max: 52, Diff: 52, Sum: 52, Workers: 4
[141.558s][debug][gc,phases      ] GC(16)   StringDedup Table Weak         Min: 0.00, Avg: 0.00, Max: 0.00, Diff: 0.00, Sum: 0.00, Workers: 4
[141.558s][debug][gc,phases      ] GC(16)     Dead                           Min: 0, Avg:  0.0, Max: 0, Diff: 0, Sum: 0, Workers: 4
[141.558s][debug][gc,phases      ] GC(16)     Total                          Min: 0, Avg:  0.0, Max: 0, Diff: 0, Sum: 0, Workers: 4
[141.558s][debug][gc,phases      ] GC(16)   StringDedup Requests0 Weak     Min: 0.00, Avg: 0.00, Max: 0.00, Diff: 0.00, Sum: 0.00, Workers: 4
[141.558s][debug][gc,phases      ] GC(16)     Dead                           Min: 0, Avg:  0.0, Max: 0, Diff: 0, Sum: 0, Workers: 4
[141.558s][debug][gc,phases      ] GC(16)     Total                          Min: 0, Avg:  0.0, Max: 0, Diff: 0, Sum: 0, Workers: 4
[141.558s][debug][gc,phases      ] GC(16)   StringDedup Requests1 Weak     Min: 0.00, Avg: 0.00, Max: 0.00, Diff: 0.00, Sum: 0.00, Workers: 4
[141.558s][debug][gc,phases      ] GC(16)     Dead                           Min: 0, Avg:  0.0, Max: 0, Diff: 0, Sum: 0, Workers: 4
[141.558s][debug][gc,phases      ] GC(16)     Total                          Min: 0, Avg:  0.0, Max: 0, Diff: 0, Sum: 0, Workers: 4
[141.558s][debug][gc,phases      ] GC(16)   Weak JFR Old Object Samples    Min: 0.00, Avg: 0.00, Max: 0.00, Diff: 0.00, Sum: 0.00, Workers: 4
[141.558s][debug][gc,phases      ] GC(16)     Dead                           Min: 0, Avg:  0.0, Max: 0, Diff: 0, Sum: 0, Workers: 4
[141.558s][debug][gc,phases      ] GC(16)     Total                          Min: 0, Avg:  0.0, Max: 0, Diff: 0, Sum: 0, Workers: 4
[141.558s][debug][gc,phases      ] GC(16) Weak Processing 0.383ms
[141.558s][debug][gc,age         ] GC(16) Desired survivor size 352321536 bytes, new threshold 1 (max threshold 15)
[141.558s][info ][gc,heap        ] GC(16) PSYoungGen: 1449104K(1449472K)->4544K(1748992K) Eden: 1428480K(1428480K)->0K(1409024K) From: 20624K(20992K)->4544K(339968K)
[141.559s][info ][gc,heap        ] GC(16) ParOldGen: 332202K(332288K)->350444K(350720K)
[141.559s][info ][gc,metaspace   ] GC(16) Metaspace: 106750K(107776K)->106750K(107776K) NonClass: 91176K(91776K)->91176K(91776K) Class: 15574K(16000K)->15574K(16000K)
[141.559s][info ][gc             ] GC(16) Pause Young (Allocation Failure) 1739M->346M(2050M) 12.062ms
[141.559s][info ][gc,cpu         ] GC(16) User=0.03s Sys=0.01s Real=0.01s
[141.559s][info ][safepoint      ] Safepoint "ParallelCollectForAllocation", Time since last: 13535238406 ns, Reaching safepoint: 81800 ns, At safepoint: 12130398 ns, Leaving safepoint: 11100 ns, Total: 12223298 ns, Threads: 1 runnable, 33 total
[155.313s][info ][gc,start       ] GC(17) Pause Young (Allocation Failure)
[155.318s][debug][gc,phases      ] GC(17) Scavenge 4.713ms
[155.318s][debug][gc,ref         ] GC(17) ReferenceProcessor::execute queues: 1, RefProcThreadModel::Single, marks_oops_alive: false
[155.318s][debug][gc,ref         ] GC(17) Skipped KeepAliveFinalRefsPhase of Reference Processing: no references
[155.318s][debug][gc,ref         ] GC(17) Skipped PhantomRefsPhase of Reference Processing: no references
[155.318s][debug][gc,phases      ] GC(17) Reference Processing 0.101ms
[155.318s][debug][gc,phases      ] GC(17)   VM Weak                        Min: 0.00, Avg: 0.00, Max: 0.01, Diff: 0.01, Sum: 0.01, Workers: 4
[155.318s][debug][gc,phases      ] GC(17)     Dead                           Min: 0, Avg:  0.0, Max: 0, Diff: 0, Sum: 0, Workers: 4
[155.318s][debug][gc,phases      ] GC(17)     Total                          Min: 0, Avg: 199.8, Max: 448, Diff: 448, Sum: 799, Workers: 4
[155.318s][debug][gc,phases      ] GC(17)   ObjectSynchronizer Weak        Min: 0.00, Avg: 0.00, Max: 0.00, Diff: 0.00, Sum: 0.00, Workers: 4
[155.318s][debug][gc,phases      ] GC(17)     Dead                           Min: 0, Avg:  0.0, Max: 0, Diff: 0, Sum: 0, Workers: 4
[155.318s][debug][gc,phases      ] GC(17)     Total                          Min: 0, Avg:  1.5, Max: 6, Diff: 6, Sum: 6, Workers: 4
[155.318s][debug][gc,phases      ] GC(17)   JVMTI Tag Weak OopStorage      Min: 0.00, Avg: 0.00, Max: 0.00, Diff: 0.00, Sum: 0.00, Workers: 4
[155.318s][debug][gc,phases      ] GC(17)     Dead                           Min: 0, Avg:  0.0, Max: 0, Diff: 0, Sum: 0, Workers: 4
[155.318s][debug][gc,phases      ] GC(17)     Total                          Min: 0, Avg:  0.0, Max: 0, Diff: 0, Sum: 0, Workers: 4
[155.318s][debug][gc,phases      ] GC(17)   StringTable Weak               Min: 0.00, Avg: 0.11, Max: 0.15, Diff: 0.15, Sum: 0.45, Workers: 4
[155.318s][debug][gc,phases      ] GC(17)     Dead                           Min: 0, Avg:  0.0, Max: 0, Diff: 0, Sum: 0, Workers: 4
[155.318s][debug][gc,phases      ] GC(17)     Total                          Min: 0, Avg: 12310.0, Max: 20184, Diff: 20184, Sum: 49240, Workers: 4
[155.318s][debug][gc,phases      ] GC(17)   ResolvedMethodTable Weak       Min: 0.00, Avg: 0.03, Max: 0.05, Diff: 0.05, Sum: 0.14, Workers: 4
[155.318s][debug][gc,phases      ] GC(17)     Dead                           Min: 0, Avg:  5.0, Max: 19, Diff: 19, Sum: 20, Workers: 4
[155.318s][debug][gc,phases      ] GC(17)     Total                          Min: 0, Avg: 3964.8, Max: 6493, Diff: 6493, Sum: 15859, Workers: 4
[155.318s][debug][gc,phases      ] GC(17)   JNI Weak                       Min: 0.00, Avg: 0.00, Max: 0.00, Diff: 0.00, Sum: 0.00, Workers: 4
[155.318s][debug][gc,phases      ] GC(17)     Dead                           Min: 0, Avg:  0.0, Max: 0, Diff: 0, Sum: 0, Workers: 4
[155.318s][debug][gc,phases      ] GC(17)     Total                          Min: 0, Avg: 13.0, Max: 52, Diff: 52, Sum: 52, Workers: 4
[155.318s][debug][gc,phases      ] GC(17)   StringDedup Table Weak         Min: 0.00, Avg: 0.00, Max: 0.00, Diff: 0.00, Sum: 0.00, Workers: 4
[155.318s][debug][gc,phases      ] GC(17)     Dead                           Min: 0, Avg:  0.0, Max: 0, Diff: 0, Sum: 0, Workers: 4
[155.318s][debug][gc,phases      ] GC(17)     Total                          Min: 0, Avg:  0.0, Max: 0, Diff: 0, Sum: 0, Workers: 4
[155.318s][debug][gc,phases      ] GC(17)   StringDedup Requests0 Weak     Min: 0.00, Avg: 0.00, Max: 0.00, Diff: 0.00, Sum: 0.00, Workers: 4
[155.318s][debug][gc,phases      ] GC(17)     Dead                           Min: 0, Avg:  0.0, Max: 0, Diff: 0, Sum: 0, Workers: 4
[155.318s][debug][gc,phases      ] GC(17)     Total                          Min: 0, Avg:  0.0, Max: 0, Diff: 0, Sum: 0, Workers: 4
[155.318s][debug][gc,phases      ] GC(17)   StringDedup Requests1 Weak     Min: 0.00, Avg: 0.00, Max: 0.00, Diff: 0.00, Sum: 0.00, Workers: 4
[155.318s][debug][gc,phases      ] GC(17)     Dead                           Min: 0, Avg:  0.0, Max: 0, Diff: 0, Sum: 0, Workers: 4
[155.318s][debug][gc,phases      ] GC(17)     Total                          Min: 0, Avg:  0.0, Max: 0, Diff: 0, Sum: 0, Workers: 4
[155.318s][debug][gc,phases      ] GC(17)   Weak JFR Old Object Samples    Min: 0.00, Avg: 0.00, Max: 0.00, Diff: 0.00, Sum: 0.00, Workers: 4
[155.318s][debug][gc,phases      ] GC(17)     Dead                           Min: 0, Avg:  0.0, Max: 0, Diff: 0, Sum: 0, Workers: 4
[155.318s][debug][gc,phases      ] GC(17)     Total                          Min: 0, Avg:  0.0, Max: 0, Diff: 0, Sum: 0, Workers: 4
[155.318s][debug][gc,phases      ] GC(17) Weak Processing 0.369ms
[155.318s][debug][gc,age         ] GC(17) Desired survivor size 351797248 bytes, new threshold 1 (max threshold 15)
[155.318s][info ][gc,heap        ] GC(17) PSYoungGen: 1413568K(1748992K)->5088K(1753088K) Eden: 1409024K(1409024K)->0K(1409024K) From: 4544K(339968K)->5088K(344064K)
[155.318s][info ][gc,heap        ] GC(17) ParOldGen: 350444K(350720K)->352140K(352256K)
[155.318s][info ][gc,metaspace   ] GC(17) Metaspace: 106784K(107840K)->106784K(107840K) NonClass: 91208K(91840K)->91208K(91840K) Class: 15576K(16000K)->15576K(16000K)
[155.318s][info ][gc             ] GC(17) Pause Young (Allocation Failure) 1722M->348M(2056M) 5.322ms
[155.318s][info ][gc,cpu         ] GC(17) User=0.02s Sys=0.00s Real=0.00s
[155.318s][info ][safepoint      ] Safepoint "ParallelCollectForAllocation", Time since last: 13754343674 ns, Reaching safepoint: 7100 ns, At safepoint: 5390600 ns, Leaving safepoint: 2100 ns, Total: 5399800 ns, Threads: 0 runnable, 33 total
[169.061s][info ][gc,start       ] GC(18) Pause Young (Allocation Failure)
[169.065s][debug][gc,phases      ] GC(18) Scavenge 4.251ms
[169.066s][debug][gc,ref         ] GC(18) ReferenceProcessor::execute queues: 1, RefProcThreadModel::Single, marks_oops_alive: false
[169.066s][debug][gc,ref         ] GC(18) Skipped KeepAliveFinalRefsPhase of Reference Processing: no references
[169.066s][debug][gc,ref         ] GC(18) Skipped PhantomRefsPhase of Reference Processing: no references
[169.066s][debug][gc,phases      ] GC(18) Reference Processing 0.092ms
[169.066s][debug][gc,phases      ] GC(18)   VM Weak                        Min: 0.00, Avg: 0.00, Max: 0.01, Diff: 0.01, Sum: 0.01, Workers: 4
[169.066s][debug][gc,phases      ] GC(18)     Dead                           Min: 0, Avg:  0.0, Max: 0, Diff: 0, Sum: 0, Workers: 4
[169.066s][debug][gc,phases      ] GC(18)     Total                          Min: 0, Avg: 199.8, Max: 799, Diff: 799, Sum: 799, Workers: 4
[169.066s][debug][gc,phases      ] GC(18)   ObjectSynchronizer Weak        Min: 0.00, Avg: 0.00, Max: 0.00, Diff: 0.00, Sum: 0.00, Workers: 4
[169.066s][debug][gc,phases      ] GC(18)     Dead                           Min: 0, Avg:  0.0, Max: 0, Diff: 0, Sum: 0, Workers: 4
[169.066s][debug][gc,phases      ] GC(18)     Total                          Min: 0, Avg:  1.5, Max: 6, Diff: 6, Sum: 6, Workers: 4
[169.066s][debug][gc,phases      ] GC(18)   JVMTI Tag Weak OopStorage      Min: 0.00, Avg: 0.00, Max: 0.00, Diff: 0.00, Sum: 0.00, Workers: 4
[169.066s][debug][gc,phases      ] GC(18)     Dead                           Min: 0, Avg:  0.0, Max: 0, Diff: 0, Sum: 0, Workers: 4
[169.066s][debug][gc,phases      ] GC(18)     Total                          Min: 0, Avg:  0.0, Max: 0, Diff: 0, Sum: 0, Workers: 4
[169.066s][debug][gc,phases      ] GC(18)   StringTable Weak               Min: 0.00, Avg: 0.10, Max: 0.13, Diff: 0.13, Sum: 0.39, Workers: 4
[169.066s][debug][gc,phases      ] GC(18)     Dead                           Min: 0, Avg:  0.2, Max: 1, Diff: 1, Sum: 1, Workers: 4
[169.066s][debug][gc,phases      ] GC(18)     Total                          Min: 0, Avg: 12315.5, Max: 21039, Diff: 21039, Sum: 49262, Workers: 4
[169.066s][debug][gc,phases      ] GC(18)   ResolvedMethodTable Weak       Min: 0.00, Avg: 0.03, Max: 0.05, Diff: 0.05, Sum: 0.14, Workers: 4
[169.066s][debug][gc,phases      ] GC(18)     Dead                           Min: 0, Avg:  0.2, Max: 1, Diff: 1, Sum: 1, Workers: 4
[169.066s][debug][gc,phases      ] GC(18)     Total                          Min: 0, Avg: 3966.2, Max: 6636, Diff: 6636, Sum: 15865, Workers: 4
[169.066s][debug][gc,phases      ] GC(18)   JNI Weak                       Min: 0.00, Avg: 0.00, Max: 0.00, Diff: 0.00, Sum: 0.00, Workers: 4
[169.066s][debug][gc,phases      ] GC(18)     Dead                           Min: 0, Avg:  0.0, Max: 0, Diff: 0, Sum: 0, Workers: 4
[169.066s][debug][gc,phases      ] GC(18)     Total                          Min: 0, Avg: 13.0, Max: 52, Diff: 52, Sum: 52, Workers: 4
[169.066s][debug][gc,phases      ] GC(18)   StringDedup Table Weak         Min: 0.00, Avg: 0.00, Max: 0.00, Diff: 0.00, Sum: 0.00, Workers: 4
[169.066s][debug][gc,phases      ] GC(18)     Dead                           Min: 0, Avg:  0.0, Max: 0, Diff: 0, Sum: 0, Workers: 4
[169.066s][debug][gc,phases      ] GC(18)     Total                          Min: 0, Avg:  0.0, Max: 0, Diff: 0, Sum: 0, Workers: 4
[169.066s][debug][gc,phases      ] GC(18)   StringDedup Requests0 Weak     Min: 0.00, Avg: 0.00, Max: 0.00, Diff: 0.00, Sum: 0.00, Workers: 4
[169.066s][debug][gc,phases      ] GC(18)     Dead                           Min: 0, Avg:  0.0, Max: 0, Diff: 0, Sum: 0, Workers: 4
[169.066s][debug][gc,phases      ] GC(18)     Total                          Min: 0, Avg:  0.0, Max: 0, Diff: 0, Sum: 0, Workers: 4
[169.066s][debug][gc,phases      ] GC(18)   StringDedup Requests1 Weak     Min: 0.00, Avg: 0.00, Max: 0.00, Diff: 0.00, Sum: 0.00, Workers: 4
[169.066s][debug][gc,phases      ] GC(18)     Dead                           Min: 0, Avg:  0.0, Max: 0, Diff: 0, Sum: 0, Workers: 4
[169.066s][debug][gc,phases      ] GC(18)     Total                          Min: 0, Avg:  0.0, Max: 0, Diff: 0, Sum: 0, Workers: 4
[169.066s][debug][gc,phases      ] GC(18)   Weak JFR Old Object Samples    Min: 0.00, Avg: 0.00, Max: 0.00, Diff: 0.00, Sum: 0.00, Workers: 4
[169.066s][debug][gc,phases      ] GC(18)     Dead                           Min: 0, Avg:  0.0, Max: 0, Diff: 0, Sum: 0, Workers: 4
[169.066s][debug][gc,phases      ] GC(18)     Total                          Min: 0, Avg:  0.0, Max: 0, Diff: 0, Sum: 0, Workers: 4
[169.066s][debug][gc,phases      ] GC(18) Weak Processing 0.348ms
[169.066s][debug][gc,age         ] GC(18) Desired survivor size 348651520 bytes, new threshold 1 (max threshold 15)
[169.066s][info ][gc,heap        ] GC(18) PSYoungGen: 1414112K(1753088K)->3808K(1756672K) Eden: 1409024K(1409024K)->0K(1413120K) From: 5088K(344064K)->3808K(343552K)
[169.066s][info ][gc,heap        ] GC(18) ParOldGen: 352140K(352256K)->354233K(354304K)
[169.066s][info ][gc,metaspace   ] GC(18) Metaspace: 106852K(107904K)->106852K(107904K) NonClass: 91273K(91904K)->91273K(91904K) Class: 15578K(16000K)->15578K(16000K)
[169.066s][info ][gc             ] GC(18) Pause Young (Allocation Failure) 1724M->349M(2061M) 4.813ms
[169.066s][info ][gc,cpu         ] GC(18) User=0.01s Sys=0.00s Real=0.00s
[169.066s][info ][safepoint      ] Safepoint "ParallelCollectForAllocation", Time since last: 13742789855 ns, Reaching safepoint: 5200 ns, At safepoint: 4870299 ns, Leaving safepoint: 1800 ns, Total: 4877299 ns, Threads: 0 runnable, 30 total
[181.814s][info ][gc,start       ] GC(19) Pause Young (Allocation Failure)
[181.820s][debug][gc,phases      ] GC(19) Scavenge 6.110ms
[181.820s][debug][gc,ref         ] GC(19) ReferenceProcessor::execute queues: 1, RefProcThreadModel::Single, marks_oops_alive: false
[181.820s][debug][gc,ref         ] GC(19) Skipped KeepAliveFinalRefsPhase of Reference Processing: no references
[181.820s][debug][gc,ref         ] GC(19) Skipped PhantomRefsPhase of Reference Processing: no references
[181.820s][debug][gc,phases      ] GC(19) Reference Processing 0.124ms
[181.820s][debug][gc,phases      ] GC(19)   VM Weak                        Min: 0.00, Avg: 0.00, Max: 0.01, Diff: 0.01, Sum: 0.01, Workers: 4
[181.820s][debug][gc,phases      ] GC(19)     Dead                           Min: 0, Avg:  0.0, Max: 0, Diff: 0, Sum: 0, Workers: 4
[181.820s][debug][gc,phases      ] GC(19)     Total                          Min: 0, Avg: 199.8, Max: 607, Diff: 607, Sum: 799, Workers: 4
[181.820s][debug][gc,phases      ] GC(19)   ObjectSynchronizer Weak        Min: 0.00, Avg: 0.00, Max: 0.00, Diff: 0.00, Sum: 0.00, Workers: 4
[181.820s][debug][gc,phases      ] GC(19)     Dead                           Min: 0, Avg:  0.0, Max: 0, Diff: 0, Sum: 0, Workers: 4
[181.820s][debug][gc,phases      ] GC(19)     Total                          Min: 0, Avg:  1.5, Max: 6, Diff: 6, Sum: 6, Workers: 4
[181.820s][debug][gc,phases      ] GC(19)   JVMTI Tag Weak OopStorage      Min: 0.00, Avg: 0.00, Max: 0.00, Diff: 0.00, Sum: 0.00, Workers: 4
[181.820s][debug][gc,phases      ] GC(19)     Dead                           Min: 0, Avg:  0.0, Max: 0, Diff: 0, Sum: 0, Workers: 4
[181.820s][debug][gc,phases      ] GC(19)     Total                          Min: 0, Avg:  0.0, Max: 0, Diff: 0, Sum: 0, Workers: 4
[181.820s][debug][gc,phases      ] GC(19)   StringTable Weak               Min: 0.00, Avg: 0.14, Max: 0.21, Diff: 0.21, Sum: 0.56, Workers: 4
[181.820s][debug][gc,phases      ] GC(19)     Dead                           Min: 0, Avg:  0.2, Max: 1, Diff: 1, Sum: 1, Workers: 4
[181.820s][debug][gc,phases      ] GC(19)     Total                          Min: 0, Avg: 12318.2, Max: 18943, Diff: 18943, Sum: 49273, Workers: 4
[181.820s][debug][gc,phases      ] GC(19)   ResolvedMethodTable Weak       Min: 0.00, Avg: 0.04, Max: 0.06, Diff: 0.06, Sum: 0.16, Workers: 4
[181.820s][debug][gc,phases      ] GC(19)     Dead                           Min: 0, Avg:  6.5, Max: 22, Diff: 22, Sum: 26, Workers: 4
[181.820s][debug][gc,phases      ] GC(19)     Total                          Min: 0, Avg: 3971.0, Max: 6377, Diff: 6377, Sum: 15884, Workers: 4
[181.820s][debug][gc,phases      ] GC(19)   JNI Weak                       Min: 0.00, Avg: 0.00, Max: 0.00, Diff: 0.00, Sum: 0.00, Workers: 4
[181.820s][debug][gc,phases      ] GC(19)     Dead                           Min: 0, Avg:  0.0, Max: 0, Diff: 0, Sum: 0, Workers: 4
[181.820s][debug][gc,phases      ] GC(19)     Total                          Min: 0, Avg: 13.0, Max: 52, Diff: 52, Sum: 52, Workers: 4
[181.820s][debug][gc,phases      ] GC(19)   StringDedup Table Weak         Min: 0.00, Avg: 0.00, Max: 0.00, Diff: 0.00, Sum: 0.00, Workers: 4
[181.820s][debug][gc,phases      ] GC(19)     Dead                           Min: 0, Avg:  0.0, Max: 0, Diff: 0, Sum: 0, Workers: 4
[181.820s][debug][gc,phases      ] GC(19)     Total                          Min: 0, Avg:  0.0, Max: 0, Diff: 0, Sum: 0, Workers: 4
[181.820s][debug][gc,phases      ] GC(19)   StringDedup Requests0 Weak     Min: 0.00, Avg: 0.00, Max: 0.00, Diff: 0.00, Sum: 0.00, Workers: 4
[181.820s][debug][gc,phases      ] GC(19)     Dead                           Min: 0, Avg:  0.0, Max: 0, Diff: 0, Sum: 0, Workers: 4
[181.820s][debug][gc,phases      ] GC(19)     Total                          Min: 0, Avg:  0.0, Max: 0, Diff: 0, Sum: 0, Workers: 4
[181.820s][debug][gc,phases      ] GC(19)   StringDedup Requests1 Weak     Min: 0.00, Avg: 0.00, Max: 0.00, Diff: 0.00, Sum: 0.00, Workers: 4
[181.820s][debug][gc,phases      ] GC(19)     Dead                           Min: 0, Avg:  0.0, Max: 0, Diff: 0, Sum: 0, Workers: 4
[181.820s][debug][gc,phases      ] GC(19)     Total                          Min: 0, Avg:  0.0, Max: 0, Diff: 0, Sum: 0, Workers: 4
[181.820s][debug][gc,phases      ] GC(19)   Weak JFR Old Object Samples    Min: 0.00, Avg: 0.00, Max: 0.00, Diff: 0.00, Sum: 0.00, Workers: 4
[181.820s][debug][gc,phases      ] GC(19)     Dead                           Min: 0, Avg:  0.0, Max: 0, Diff: 0, Sum: 0, Workers: 4
[181.820s][debug][gc,phases      ] GC(19)     Total                          Min: 0, Avg:  0.0, Max: 0, Diff: 0, Sum: 0, Workers: 4
[181.820s][debug][gc,phases      ] GC(19) Weak Processing 0.439ms
[181.820s][debug][gc,age         ] GC(19) Desired survivor size 342360064 bytes, new threshold 1 (max threshold 15)
[181.820s][info ][gc,heap        ] GC(19) PSYoungGen: 1416739K(1756672K)->4784K(1753600K) Eden: 1412931K(1413120K)->0K(1413120K) From: 3808K(343552K)->4784K(340480K)
[181.820s][info ][gc,heap        ] GC(19) ParOldGen: 354233K(354304K)->354933K(355328K)
[181.820s][info ][gc,metaspace   ] GC(19) Metaspace: 106892K(107904K)->106892K(107904K) NonClass: 91307K(91904K)->91307K(91904K) Class: 15584K(16000K)->15584K(16000K)
[181.821s][info ][gc             ] GC(19) Pause Young (Allocation Failure) 1729M->351M(2059M) 6.805ms
[181.821s][info ][gc,cpu         ] GC(19) User=0.02s Sys=0.00s Real=0.01s
[181.821s][info ][safepoint      ] Safepoint "ParallelCollectForAllocation", Time since last: 12747692147 ns, Reaching safepoint: 5800 ns, At safepoint: 6867299 ns, Leaving safepoint: 7300 ns, Total: 6880399 ns, Threads: 0 runnable, 29 total
[193.846s][info ][gc,start       ] GC(20) Pause Young (Allocation Failure)
[193.851s][debug][gc,phases      ] GC(20) Scavenge 4.810ms
[193.851s][debug][gc,ref         ] GC(20) ReferenceProcessor::execute queues: 1, RefProcThreadModel::Single, marks_oops_alive: false
[193.851s][debug][gc,ref         ] GC(20) Skipped KeepAliveFinalRefsPhase of Reference Processing: no references
[193.851s][debug][gc,ref         ] GC(20) Skipped PhantomRefsPhase of Reference Processing: no references
[193.851s][debug][gc,phases      ] GC(20) Reference Processing 0.097ms
[193.851s][debug][gc,phases      ] GC(20)   VM Weak                        Min: 0.00, Avg: 0.00, Max: 0.00, Diff: 0.00, Sum: 0.01, Workers: 4
[193.851s][debug][gc,phases      ] GC(20)     Dead                           Min: 0, Avg:  0.0, Max: 0, Diff: 0, Sum: 0, Workers: 4
[193.851s][debug][gc,phases      ] GC(20)     Total                          Min: 0, Avg: 200.8, Max: 419, Diff: 419, Sum: 803, Workers: 4
[193.851s][debug][gc,phases      ] GC(20)   ObjectSynchronizer Weak        Min: 0.00, Avg: 0.00, Max: 0.00, Diff: 0.00, Sum: 0.00, Workers: 4
[193.851s][debug][gc,phases      ] GC(20)     Dead                           Min: 0, Avg:  0.0, Max: 0, Diff: 0, Sum: 0, Workers: 4
[193.851s][debug][gc,phases      ] GC(20)     Total                          Min: 0, Avg:  1.8, Max: 7, Diff: 7, Sum: 7, Workers: 4
[193.852s][debug][gc,phases      ] GC(20)   JVMTI Tag Weak OopStorage      Min: 0.00, Avg: 0.00, Max: 0.00, Diff: 0.00, Sum: 0.00, Workers: 4
[193.852s][debug][gc,phases      ] GC(20)     Dead                           Min: 0, Avg:  0.0, Max: 0, Diff: 0, Sum: 0, Workers: 4
[193.852s][debug][gc,phases      ] GC(20)     Total                          Min: 0, Avg:  0.0, Max: 0, Diff: 0, Sum: 0, Workers: 4
[193.852s][debug][gc,phases      ] GC(20)   StringTable Weak               Min: 0.11, Avg: 0.11, Max: 0.12, Diff: 0.00, Sum: 0.46, Workers: 4
[193.852s][debug][gc,phases      ] GC(20)     Dead                           Min: 0, Avg:  0.2, Max: 1, Diff: 1, Sum: 1, Workers: 4
[193.852s][debug][gc,phases      ] GC(20)     Total                          Min: 11910, Avg: 12321.5, Max: 12544, Diff: 634, Sum: 49286, Workers: 4
[193.852s][debug][gc,phases      ] GC(20)   ResolvedMethodTable Weak       Min: 0.04, Avg: 0.04, Max: 0.04, Diff: 0.00, Sum: 0.16, Workers: 4
[193.852s][debug][gc,phases      ] GC(20)     Dead                           Min: 0, Avg:  0.0, Max: 0, Diff: 0, Sum: 0, Workers: 4
[193.852s][debug][gc,phases      ] GC(20)     Total                          Min: 3956, Avg: 3974.8, Max: 3993, Diff: 37, Sum: 15899, Workers: 4
[193.852s][debug][gc,phases      ] GC(20)   JNI Weak                       Min: 0.00, Avg: 0.00, Max: 0.00, Diff: 0.00, Sum: 0.00, Workers: 4
[193.852s][debug][gc,phases      ] GC(20)     Dead                           Min: 0, Avg:  0.0, Max: 0, Diff: 0, Sum: 0, Workers: 4
[193.852s][debug][gc,phases      ] GC(20)     Total                          Min: 0, Avg: 13.0, Max: 52, Diff: 52, Sum: 52, Workers: 4
[193.852s][debug][gc,phases      ] GC(20)   StringDedup Table Weak         Min: 0.00, Avg: 0.00, Max: 0.00, Diff: 0.00, Sum: 0.00, Workers: 4
[193.852s][debug][gc,phases      ] GC(20)     Dead                           Min: 0, Avg:  0.0, Max: 0, Diff: 0, Sum: 0, Workers: 4
[193.852s][debug][gc,phases      ] GC(20)     Total                          Min: 0, Avg:  0.0, Max: 0, Diff: 0, Sum: 0, Workers: 4
[193.852s][debug][gc,phases      ] GC(20)   StringDedup Requests0 Weak     Min: 0.00, Avg: 0.00, Max: 0.00, Diff: 0.00, Sum: 0.00, Workers: 4
[193.852s][debug][gc,phases      ] GC(20)     Dead                           Min: 0, Avg:  0.0, Max: 0, Diff: 0, Sum: 0, Workers: 4
[193.852s][debug][gc,phases      ] GC(20)     Total                          Min: 0, Avg:  0.0, Max: 0, Diff: 0, Sum: 0, Workers: 4
[193.852s][debug][gc,phases      ] GC(20)   StringDedup Requests1 Weak     Min: 0.00, Avg: 0.00, Max: 0.00, Diff: 0.00, Sum: 0.00, Workers: 4
[193.852s][debug][gc,phases      ] GC(20)     Dead                           Min: 0, Avg:  0.0, Max: 0, Diff: 0, Sum: 0, Workers: 4
[193.852s][debug][gc,phases      ] GC(20)     Total                          Min: 0, Avg:  0.0, Max: 0, Diff: 0, Sum: 0, Workers: 4
[193.852s][debug][gc,phases      ] GC(20)   Weak JFR Old Object Samples    Min: 0.00, Avg: 0.00, Max: 0.00, Diff: 0.00, Sum: 0.00, Workers: 4
[193.852s][debug][gc,phases      ] GC(20)     Dead                           Min: 0, Avg:  0.0, Max: 0, Diff: 0, Sum: 0, Workers: 4
[193.852s][debug][gc,phases      ] GC(20)     Total                          Min: 0, Avg:  0.0, Max: 0, Diff: 0, Sum: 0, Workers: 4
[193.852s][debug][gc,phases      ] GC(20) Weak Processing 0.327ms
[193.852s][debug][gc,age         ] GC(20) Desired survivor size 333447168 bytes, new threshold 1 (max threshold 15)
[193.852s][info ][gc,heap        ] GC(20) PSYoungGen: 1417904K(1753600K)->6608K(1771520K) Eden: 1413120K(1413120K)->0K(1437184K) From: 4784K(340480K)->6608K(334336K)
[193.852s][info ][gc,heap        ] GC(20) ParOldGen: 354933K(355328K)->356425K(356864K)
[193.852s][info ][gc,metaspace   ] GC(20) Metaspace: 106971K(107968K)->106971K(107968K) NonClass: 91379K(91968K)->91379K(91968K) Class: 15592K(16000K)->15592K(16000K)
[193.852s][info ][gc             ] GC(20) Pause Young (Allocation Failure) 1731M->354M(2078M) 5.344ms
[193.852s][info ][gc,cpu         ] GC(20) User=0.02s Sys=0.00s Real=0.01s
[193.852s][info ][safepoint      ] Safepoint "ParallelCollectForAllocation", Time since last: 12025621390 ns, Reaching safepoint: 83099 ns, At safepoint: 5407078 ns, Leaving safepoint: 6800 ns, Total: 5496977 ns, Threads: 1 runnable, 30 total
[206.747s][info ][gc,start       ] GC(21) Pause Young (Allocation Failure)
[206.753s][debug][gc,phases      ] GC(21) Scavenge 6.131ms
[206.754s][debug][gc,ref         ] GC(21) ReferenceProcessor::execute queues: 1, RefProcThreadModel::Single, marks_oops_alive: false
[206.754s][debug][gc,ref         ] GC(21) Skipped KeepAliveFinalRefsPhase of Reference Processing: no references
[206.754s][debug][gc,ref         ] GC(21) Skipped PhantomRefsPhase of Reference Processing: no references
[206.754s][debug][gc,phases      ] GC(21) Reference Processing 0.101ms
[206.754s][debug][gc,phases      ] GC(21)   VM Weak                        Min: 0.00, Avg: 0.00, Max: 0.01, Diff: 0.01, Sum: 0.01, Workers: 4
[206.754s][debug][gc,phases      ] GC(21)     Dead                           Min: 0, Avg:  0.0, Max: 0, Diff: 0, Sum: 0, Workers: 4
[206.754s][debug][gc,phases      ] GC(21)     Total                          Min: 0, Avg: 201.0, Max: 804, Diff: 804, Sum: 804, Workers: 4
[206.754s][debug][gc,phases      ] GC(21)   ObjectSynchronizer Weak        Min: 0.00, Avg: 0.00, Max: 0.00, Diff: 0.00, Sum: 0.00, Workers: 4
[206.754s][debug][gc,phases      ] GC(21)     Dead                           Min: 0, Avg:  0.0, Max: 0, Diff: 0, Sum: 0, Workers: 4
[206.754s][debug][gc,phases      ] GC(21)     Total                          Min: 0, Avg:  1.8, Max: 7, Diff: 7, Sum: 7, Workers: 4
[206.754s][debug][gc,phases      ] GC(21)   JVMTI Tag Weak OopStorage      Min: 0.00, Avg: 0.00, Max: 0.00, Diff: 0.00, Sum: 0.00, Workers: 4
[206.754s][debug][gc,phases      ] GC(21)     Dead                           Min: 0, Avg:  0.0, Max: 0, Diff: 0, Sum: 0, Workers: 4
[206.754s][debug][gc,phases      ] GC(21)     Total                          Min: 0, Avg:  0.0, Max: 0, Diff: 0, Sum: 0, Workers: 4
[206.754s][debug][gc,phases      ] GC(21)   StringTable Weak               Min: 0.00, Avg: 0.10, Max: 0.13, Diff: 0.13, Sum: 0.40, Workers: 4
[206.754s][debug][gc,phases      ] GC(21)     Dead                           Min: 0, Avg:  0.2, Max: 1, Diff: 1, Sum: 1, Workers: 4
[206.754s][debug][gc,phases      ] GC(21)     Total                          Min: 0, Avg: 12322.8, Max: 19519, Diff: 19519, Sum: 49291, Workers: 4
[206.754s][debug][gc,phases      ] GC(21)   ResolvedMethodTable Weak       Min: 0.00, Avg: 0.04, Max: 0.05, Diff: 0.05, Sum: 0.14, Workers: 4
[206.754s][debug][gc,phases      ] GC(21)     Dead                           Min: 0, Avg:  5.0, Max: 19, Diff: 19, Sum: 20, Workers: 4
[206.754s][debug][gc,phases      ] GC(21)     Total                          Min: 0, Avg: 3975.8, Max: 6689, Diff: 6689, Sum: 15903, Workers: 4
[206.754s][debug][gc,phases      ] GC(21)   JNI Weak                       Min: 0.00, Avg: 0.00, Max: 0.00, Diff: 0.00, Sum: 0.00, Workers: 4
[206.754s][debug][gc,phases      ] GC(21)     Dead                           Min: 0, Avg:  0.0, Max: 0, Diff: 0, Sum: 0, Workers: 4
[206.754s][debug][gc,phases      ] GC(21)     Total                          Min: 0, Avg: 13.0, Max: 52, Diff: 52, Sum: 52, Workers: 4
[206.754s][debug][gc,phases      ] GC(21)   StringDedup Table Weak         Min: 0.00, Avg: 0.00, Max: 0.00, Diff: 0.00, Sum: 0.00, Workers: 4
[206.754s][debug][gc,phases      ] GC(21)     Dead                           Min: 0, Avg:  0.0, Max: 0, Diff: 0, Sum: 0, Workers: 4
[206.754s][debug][gc,phases      ] GC(21)     Total                          Min: 0, Avg:  0.0, Max: 0, Diff: 0, Sum: 0, Workers: 4
[206.754s][debug][gc,phases      ] GC(21)   StringDedup Requests0 Weak     Min: 0.00, Avg: 0.00, Max: 0.00, Diff: 0.00, Sum: 0.00, Workers: 4
[206.754s][debug][gc,phases      ] GC(21)     Dead                           Min: 0, Avg:  0.0, Max: 0, Diff: 0, Sum: 0, Workers: 4
[206.754s][debug][gc,phases      ] GC(21)     Total                          Min: 0, Avg:  0.0, Max: 0, Diff: 0, Sum: 0, Workers: 4
[206.754s][debug][gc,phases      ] GC(21)   StringDedup Requests1 Weak     Min: 0.00, Avg: 0.00, Max: 0.00, Diff: 0.00, Sum: 0.00, Workers: 4
[206.754s][debug][gc,phases      ] GC(21)     Dead                           Min: 0, Avg:  0.0, Max: 0, Diff: 0, Sum: 0, Workers: 4
[206.754s][debug][gc,phases      ] GC(21)     Total                          Min: 0, Avg:  0.0, Max: 0, Diff: 0, Sum: 0, Workers: 4
[206.754s][debug][gc,phases      ] GC(21)   Weak JFR Old Object Samples    Min: 0.00, Avg: 0.00, Max: 0.00, Diff: 0.00, Sum: 0.00, Workers: 4
[206.754s][debug][gc,phases      ] GC(21)     Dead                           Min: 0, Avg:  0.0, Max: 0, Diff: 0, Sum: 0, Workers: 4
[206.754s][debug][gc,phases      ] GC(21)     Total                          Min: 0, Avg:  0.0, Max: 0, Diff: 0, Sum: 0, Workers: 4
[206.754s][debug][gc,phases      ] GC(21) Weak Processing 0.347ms
[206.754s][debug][gc,age         ] GC(21) Desired survivor size 322961408 bytes, new threshold 1 (max threshold 15)
[206.754s][info ][gc,heap        ] GC(21) PSYoungGen: 1443792K(1771520K)->5184K(1762816K) Eden: 1437184K(1437184K)->0K(1437184K) From: 6608K(334336K)->5184K(325632K)
[206.754s][info ][gc,heap        ] GC(21) ParOldGen: 356425K(356864K)->360089K(360448K)
[206.754s][info ][gc,metaspace   ] GC(21) Metaspace: 107021K(108032K)->107021K(108032K) NonClass: 91428K(92032K)->91428K(92032K) Class: 15593K(16000K)->15593K(16000K)
[206.754s][info ][gc             ] GC(21) Pause Young (Allocation Failure) 1758M->356M(2073M) 6.696ms
[206.754s][info ][gc,cpu         ] GC(21) User=0.03s Sys=0.00s Real=0.01s
[206.754s][info ][safepoint      ] Safepoint "ParallelCollectForAllocation", Time since last: 12895409076 ns, Reaching safepoint: 114400 ns, At safepoint: 6759893 ns, Leaving safepoint: 18400 ns, Total: 6892693 ns, Threads: 2 runnable, 30 total
[219.896s][info ][gc,start       ] GC(22) Pause Young (Allocation Failure)
[219.901s][debug][gc,phases      ] GC(22) Scavenge 4.763ms
[219.901s][debug][gc,ref         ] GC(22) ReferenceProcessor::execute queues: 1, RefProcThreadModel::Single, marks_oops_alive: false
[219.901s][debug][gc,ref         ] GC(22) Skipped KeepAliveFinalRefsPhase of Reference Processing: no references
[219.901s][debug][gc,ref         ] GC(22) Skipped PhantomRefsPhase of Reference Processing: no references
[219.901s][debug][gc,phases      ] GC(22) Reference Processing 0.111ms
[219.902s][debug][gc,phases      ] GC(22)   VM Weak                        Min: 0.00, Avg: 0.00, Max: 0.01, Diff: 0.01, Sum: 0.01, Workers: 4
[219.902s][debug][gc,phases      ] GC(22)     Dead                           Min: 0, Avg:  0.0, Max: 0, Diff: 0, Sum: 0, Workers: 4
[219.902s][debug][gc,phases      ] GC(22)     Total                          Min: 0, Avg: 204.0, Max: 512, Diff: 512, Sum: 816, Workers: 4
[219.902s][debug][gc,phases      ] GC(22)   ObjectSynchronizer Weak        Min: 0.00, Avg: 0.00, Max: 0.00, Diff: 0.00, Sum: 0.00, Workers: 4
[219.902s][debug][gc,phases      ] GC(22)     Dead                           Min: 0, Avg:  0.0, Max: 0, Diff: 0, Sum: 0, Workers: 4
[219.902s][debug][gc,phases      ] GC(22)     Total                          Min: 0, Avg:  1.8, Max: 7, Diff: 7, Sum: 7, Workers: 4
[219.902s][debug][gc,phases      ] GC(22)   JVMTI Tag Weak OopStorage      Min: 0.00, Avg: 0.00, Max: 0.00, Diff: 0.00, Sum: 0.00, Workers: 4
[219.902s][debug][gc,phases      ] GC(22)     Dead                           Min: 0, Avg:  0.0, Max: 0, Diff: 0, Sum: 0, Workers: 4
[219.902s][debug][gc,phases      ] GC(22)     Total                          Min: 0, Avg:  0.0, Max: 0, Diff: 0, Sum: 0, Workers: 4
[219.902s][debug][gc,phases      ] GC(22)   StringTable Weak               Min: 0.00, Avg: 0.10, Max: 0.14, Diff: 0.14, Sum: 0.41, Workers: 4
[219.902s][debug][gc,phases      ] GC(22)     Dead                           Min: 0, Avg:  0.2, Max: 1, Diff: 1, Sum: 1, Workers: 4
[219.902s][debug][gc,phases      ] GC(22)     Total                          Min: 0, Avg: 12331.2, Max: 20223, Diff: 20223, Sum: 49325, Workers: 4
[219.902s][debug][gc,phases      ] GC(22)   ResolvedMethodTable Weak       Min: 0.00, Avg: 0.03, Max: 0.05, Diff: 0.05, Sum: 0.14, Workers: 4
[219.902s][debug][gc,phases      ] GC(22)     Dead                           Min: 0, Avg:  0.2, Max: 1, Diff: 1, Sum: 1, Workers: 4
[219.902s][debug][gc,phases      ] GC(22)     Total                          Min: 0, Avg: 3988.5, Max: 6519, Diff: 6519, Sum: 15954, Workers: 4
[219.902s][debug][gc,phases      ] GC(22)   JNI Weak                       Min: 0.00, Avg: 0.00, Max: 0.00, Diff: 0.00, Sum: 0.00, Workers: 4
[219.902s][debug][gc,phases      ] GC(22)     Dead                           Min: 0, Avg:  0.0, Max: 0, Diff: 0, Sum: 0, Workers: 4
[219.902s][debug][gc,phases      ] GC(22)     Total                          Min: 0, Avg: 13.0, Max: 52, Diff: 52, Sum: 52, Workers: 4
[219.902s][debug][gc,phases      ] GC(22)   StringDedup Table Weak         Min: 0.00, Avg: 0.00, Max: 0.00, Diff: 0.00, Sum: 0.00, Workers: 4
[219.902s][debug][gc,phases      ] GC(22)     Dead                           Min: 0, Avg:  0.0, Max: 0, Diff: 0, Sum: 0, Workers: 4
[219.902s][debug][gc,phases      ] GC(22)     Total                          Min: 0, Avg:  0.0, Max: 0, Diff: 0, Sum: 0, Workers: 4
[219.902s][debug][gc,phases      ] GC(22)   StringDedup Requests0 Weak     Min: 0.00, Avg: 0.00, Max: 0.00, Diff: 0.00, Sum: 0.00, Workers: 4
[219.902s][debug][gc,phases      ] GC(22)     Dead                           Min: 0, Avg:  0.0, Max: 0, Diff: 0, Sum: 0, Workers: 4
[219.902s][debug][gc,phases      ] GC(22)     Total                          Min: 0, Avg:  0.0, Max: 0, Diff: 0, Sum: 0, Workers: 4
[219.902s][debug][gc,phases      ] GC(22)   StringDedup Requests1 Weak     Min: 0.00, Avg: 0.00, Max: 0.00, Diff: 0.00, Sum: 0.00, Workers: 4
[219.902s][debug][gc,phases      ] GC(22)     Dead                           Min: 0, Avg:  0.0, Max: 0, Diff: 0, Sum: 0, Workers: 4
[219.902s][debug][gc,phases      ] GC(22)     Total                          Min: 0, Avg:  0.0, Max: 0, Diff: 0, Sum: 0, Workers: 4
[219.902s][debug][gc,phases      ] GC(22)   Weak JFR Old Object Samples    Min: 0.00, Avg: 0.00, Max: 0.00, Diff: 0.00, Sum: 0.00, Workers: 4
[219.902s][debug][gc,phases      ] GC(22)     Dead                           Min: 0, Avg:  0.0, Max: 0, Diff: 0, Sum: 0, Workers: 4
[219.902s][debug][gc,phases      ] GC(22)     Total                          Min: 0, Avg:  0.0, Max: 0, Diff: 0, Sum: 0, Workers: 4
[219.902s][debug][gc,phases      ] GC(22) Weak Processing 0.384ms
[219.902s][debug][gc,age         ] GC(22) Desired survivor size 311951360 bytes, new threshold 1 (max threshold 15)
[219.902s][info ][gc,heap        ] GC(22) PSYoungGen: 1442368K(1762816K)->4256K(1792512K) Eden: 1437184K(1437184K)->0K(1477120K) From: 5184K(325632K)->4256K(315392K)
[219.902s][info ][gc,heap        ] GC(22) ParOldGen: 360089K(360448K)->362042K(362496K)
[219.902s][info ][gc,metaspace   ] GC(22) Metaspace: 107129K(108224K)->107129K(108224K) NonClass: 91519K(92160K)->91519K(92160K) Class: 15609K(16064K)->15609K(16064K)
[219.902s][info ][gc             ] GC(22) Pause Young (Allocation Failure) 1760M->357M(2104M) 5.388ms
[219.902s][info ][gc,cpu         ] GC(22) User=0.02s Sys=0.00s Real=0.01s
[219.902s][info ][safepoint      ] Safepoint "ParallelCollectForAllocation", Time since last: 13142283871 ns, Reaching safepoint: 79700 ns, At safepoint: 5449894 ns, Leaving safepoint: 10800 ns, Total: 5540394 ns, Threads: 1 runnable, 30 total
[233.511s][info ][gc,start       ] GC(23) Pause Young (Allocation Failure)
[233.516s][debug][gc,phases      ] GC(23) Scavenge 5.180ms
[233.516s][debug][gc,ref         ] GC(23) ReferenceProcessor::execute queues: 1, RefProcThreadModel::Single, marks_oops_alive: false
[233.516s][debug][gc,ref         ] GC(23) Skipped KeepAliveFinalRefsPhase of Reference Processing: no references
[233.516s][debug][gc,ref         ] GC(23) Skipped PhantomRefsPhase of Reference Processing: no references
[233.516s][debug][gc,phases      ] GC(23) Reference Processing 0.096ms
[233.517s][debug][gc,phases      ] GC(23)   VM Weak                        Min: 0.00, Avg: 0.00, Max: 0.01, Diff: 0.01, Sum: 0.01, Workers: 4
[233.517s][debug][gc,phases      ] GC(23)     Dead                           Min: 0, Avg:  0.0, Max: 0, Diff: 0, Sum: 0, Workers: 4
[233.517s][debug][gc,phases      ] GC(23)     Total                          Min: 0, Avg: 205.0, Max: 436, Diff: 436, Sum: 820, Workers: 4
[233.517s][debug][gc,phases      ] GC(23)   ObjectSynchronizer Weak        Min: 0.00, Avg: 0.00, Max: 0.00, Diff: 0.00, Sum: 0.00, Workers: 4
[233.517s][debug][gc,phases      ] GC(23)     Dead                           Min: 0, Avg:  0.0, Max: 0, Diff: 0, Sum: 0, Workers: 4
[233.517s][debug][gc,phases      ] GC(23)     Total                          Min: 0, Avg:  1.8, Max: 7, Diff: 7, Sum: 7, Workers: 4
[233.517s][debug][gc,phases      ] GC(23)   JVMTI Tag Weak OopStorage      Min: 0.00, Avg: 0.00, Max: 0.00, Diff: 0.00, Sum: 0.00, Workers: 4
[233.517s][debug][gc,phases      ] GC(23)     Dead                           Min: 0, Avg:  0.0, Max: 0, Diff: 0, Sum: 0, Workers: 4
[233.517s][debug][gc,phases      ] GC(23)     Total                          Min: 0, Avg:  0.0, Max: 0, Diff: 0, Sum: 0, Workers: 4
[233.517s][debug][gc,phases      ] GC(23)   StringTable Weak               Min: 0.00, Avg: 0.10, Max: 0.13, Diff: 0.13, Sum: 0.40, Workers: 4
[233.517s][debug][gc,phases      ] GC(23)     Dead                           Min: 0, Avg:  0.5, Max: 2, Diff: 2, Sum: 2, Workers: 4
[233.517s][debug][gc,phases      ] GC(23)     Total                          Min: 0, Avg: 12334.0, Max: 20728, Diff: 20728, Sum: 49336, Workers: 4
[233.517s][debug][gc,phases      ] GC(23)   ResolvedMethodTable Weak       Min: 0.00, Avg: 0.04, Max: 0.05, Diff: 0.05, Sum: 0.15, Workers: 4
[233.517s][debug][gc,phases      ] GC(23)     Dead                           Min: 0, Avg:  6.0, Max: 13, Diff: 13, Sum: 24, Workers: 4
[233.517s][debug][gc,phases      ] GC(23)     Total                          Min: 0, Avg: 3994.2, Max: 6477, Diff: 6477, Sum: 15977, Workers: 4
[233.517s][debug][gc,phases      ] GC(23)   JNI Weak                       Min: 0.00, Avg: 0.00, Max: 0.00, Diff: 0.00, Sum: 0.00, Workers: 4
[233.517s][debug][gc,phases      ] GC(23)     Dead                           Min: 0, Avg:  0.0, Max: 0, Diff: 0, Sum: 0, Workers: 4
[233.517s][debug][gc,phases      ] GC(23)     Total                          Min: 0, Avg: 13.5, Max: 54, Diff: 54, Sum: 54, Workers: 4
[233.517s][debug][gc,phases      ] GC(23)   StringDedup Table Weak         Min: 0.00, Avg: 0.00, Max: 0.00, Diff: 0.00, Sum: 0.00, Workers: 4
[233.517s][debug][gc,phases      ] GC(23)     Dead                           Min: 0, Avg:  0.0, Max: 0, Diff: 0, Sum: 0, Workers: 4
[233.517s][debug][gc,phases      ] GC(23)     Total                          Min: 0, Avg:  0.0, Max: 0, Diff: 0, Sum: 0, Workers: 4
[233.517s][debug][gc,phases      ] GC(23)   StringDedup Requests0 Weak     Min: 0.00, Avg: 0.00, Max: 0.00, Diff: 0.00, Sum: 0.00, Workers: 4
[233.517s][debug][gc,phases      ] GC(23)     Dead                           Min: 0, Avg:  0.0, Max: 0, Diff: 0, Sum: 0, Workers: 4
[233.517s][debug][gc,phases      ] GC(23)     Total                          Min: 0, Avg:  0.0, Max: 0, Diff: 0, Sum: 0, Workers: 4
[233.517s][debug][gc,phases      ] GC(23)   StringDedup Requests1 Weak     Min: 0.00, Avg: 0.00, Max: 0.00, Diff: 0.00, Sum: 0.00, Workers: 4
[233.517s][debug][gc,phases      ] GC(23)     Dead                           Min: 0, Avg:  0.0, Max: 0, Diff: 0, Sum: 0, Workers: 4
[233.517s][debug][gc,phases      ] GC(23)     Total                          Min: 0, Avg:  0.0, Max: 0, Diff: 0, Sum: 0, Workers: 4
[233.517s][debug][gc,phases      ] GC(23)   Weak JFR Old Object Samples    Min: 0.00, Avg: 0.00, Max: 0.00, Diff: 0.00, Sum: 0.00, Workers: 4
[233.517s][debug][gc,phases      ] GC(23)     Dead                           Min: 0, Avg:  0.0, Max: 0, Diff: 0, Sum: 0, Workers: 4
[233.517s][debug][gc,phases      ] GC(23)     Total                          Min: 0, Avg:  0.0, Max: 0, Diff: 0, Sum: 0, Workers: 4
[233.517s][debug][gc,phases      ] GC(23) Weak Processing 0.361ms
[233.517s][debug][gc,age         ] GC(23) Desired survivor size 299892736 bytes, new threshold 1 (max threshold 15)
[233.517s][info ][gc,heap        ] GC(23) PSYoungGen: 1481376K(1792512K)->4128K(1781760K) Eden: 1477120K(1477120K)->0K(1477120K) From: 4256K(315392K)->4128K(304640K)
[233.517s][info ][gc,heap        ] GC(23) ParOldGen: 362042K(362496K)->363078K(363520K)
[233.517s][info ][gc,metaspace   ] GC(23) Metaspace: 107201K(108288K)->107201K(108288K) NonClass: 91584K(92224K)->91584K(92224K) Class: 15616K(16064K)->15616K(16064K)
[233.517s][info ][gc             ] GC(23) Pause Young (Allocation Failure) 1800M->358M(2095M) 5.738ms
[233.517s][info ][gc,cpu         ] GC(23) User=0.02s Sys=0.00s Real=0.00s
[233.517s][info ][safepoint      ] Safepoint "ParallelCollectForAllocation", Time since last: 13609125261 ns, Reaching safepoint: 88900 ns, At safepoint: 5800093 ns, Leaving safepoint: 12800 ns, Total: 5901793 ns, Threads: 1 runnable, 30 total
[271.294s][info ][gc,start       ] GC(24) Pause Young (Allocation Failure)
[271.299s][debug][gc,phases      ] GC(24) Scavenge 5.453ms
[271.299s][debug][gc,ref         ] GC(24) ReferenceProcessor::execute queues: 1, RefProcThreadModel::Single, marks_oops_alive: false
[271.299s][debug][gc,ref         ] GC(24) Skipped KeepAliveFinalRefsPhase of Reference Processing: no references
[271.299s][debug][gc,ref         ] GC(24) Skipped PhantomRefsPhase of Reference Processing: no references
[271.299s][debug][gc,phases      ] GC(24) Reference Processing 0.112ms
[271.299s][debug][gc,phases      ] GC(24)   VM Weak                        Min: 0.00, Avg: 0.00, Max: 0.00, Diff: 0.00, Sum: 0.01, Workers: 4
[271.299s][debug][gc,phases      ] GC(24)     Dead                           Min: 0, Avg:  0.0, Max: 0, Diff: 0, Sum: 0, Workers: 4
[271.299s][debug][gc,phases      ] GC(24)     Total                          Min: 0, Avg: 205.0, Max: 436, Diff: 436, Sum: 820, Workers: 4
[271.299s][debug][gc,phases      ] GC(24)   ObjectSynchronizer Weak        Min: 0.00, Avg: 0.00, Max: 0.00, Diff: 0.00, Sum: 0.00, Workers: 4
[271.299s][debug][gc,phases      ] GC(24)     Dead                           Min: 0, Avg:  0.0, Max: 0, Diff: 0, Sum: 0, Workers: 4
[271.299s][debug][gc,phases      ] GC(24)     Total                          Min: 0, Avg:  1.5, Max: 6, Diff: 6, Sum: 6, Workers: 4
[271.299s][debug][gc,phases      ] GC(24)   JVMTI Tag Weak OopStorage      Min: 0.00, Avg: 0.00, Max: 0.00, Diff: 0.00, Sum: 0.00, Workers: 4
[271.299s][debug][gc,phases      ] GC(24)     Dead                           Min: 0, Avg:  0.0, Max: 0, Diff: 0, Sum: 0, Workers: 4
[271.299s][debug][gc,phases      ] GC(24)     Total                          Min: 0, Avg:  0.0, Max: 0, Diff: 0, Sum: 0, Workers: 4
[271.299s][debug][gc,phases      ] GC(24)   StringTable Weak               Min: 0.00, Avg: 0.10, Max: 0.14, Diff: 0.14, Sum: 0.40, Workers: 4
[271.299s][debug][gc,phases      ] GC(24)     Dead                           Min: 0, Avg:  0.0, Max: 0, Diff: 0, Sum: 0, Workers: 4
[271.299s][debug][gc,phases      ] GC(24)     Total                          Min: 0, Avg: 12345.5, Max: 20518, Diff: 20518, Sum: 49382, Workers: 4
[271.299s][debug][gc,phases      ] GC(24)   ResolvedMethodTable Weak       Min: 0.00, Avg: 0.04, Max: 0.05, Diff: 0.05, Sum: 0.14, Workers: 4
[271.299s][debug][gc,phases      ] GC(24)     Dead                           Min: 0, Avg:  5.2, Max: 13, Diff: 13, Sum: 21, Workers: 4
[271.299s][debug][gc,phases      ] GC(24)     Total                          Min: 0, Avg: 3995.2, Max: 6634, Diff: 6634, Sum: 15981, Workers: 4
[271.299s][debug][gc,phases      ] GC(24)   JNI Weak                       Min: 0.00, Avg: 0.00, Max: 0.00, Diff: 0.00, Sum: 0.00, Workers: 4
[271.299s][debug][gc,phases      ] GC(24)     Dead                           Min: 0, Avg:  0.0, Max: 0, Diff: 0, Sum: 0, Workers: 4
[271.299s][debug][gc,phases      ] GC(24)     Total                          Min: 0, Avg: 13.0, Max: 52, Diff: 52, Sum: 52, Workers: 4
[271.299s][debug][gc,phases      ] GC(24)   StringDedup Table Weak         Min: 0.00, Avg: 0.00, Max: 0.00, Diff: 0.00, Sum: 0.00, Workers: 4
[271.300s][debug][gc,phases      ] GC(24)     Dead                           Min: 0, Avg:  0.0, Max: 0, Diff: 0, Sum: 0, Workers: 4
[271.300s][debug][gc,phases      ] GC(24)     Total                          Min: 0, Avg:  0.0, Max: 0, Diff: 0, Sum: 0, Workers: 4
[271.300s][debug][gc,phases      ] GC(24)   StringDedup Requests0 Weak     Min: 0.00, Avg: 0.00, Max: 0.00, Diff: 0.00, Sum: 0.00, Workers: 4
[271.300s][debug][gc,phases      ] GC(24)     Dead                           Min: 0, Avg:  0.0, Max: 0, Diff: 0, Sum: 0, Workers: 4
[271.300s][debug][gc,phases      ] GC(24)     Total                          Min: 0, Avg:  0.0, Max: 0, Diff: 0, Sum: 0, Workers: 4
[271.300s][debug][gc,phases      ] GC(24)   StringDedup Requests1 Weak     Min: 0.00, Avg: 0.00, Max: 0.00, Diff: 0.00, Sum: 0.00, Workers: 4
[271.300s][debug][gc,phases      ] GC(24)     Dead                           Min: 0, Avg:  0.0, Max: 0, Diff: 0, Sum: 0, Workers: 4
[271.300s][debug][gc,phases      ] GC(24)     Total                          Min: 0, Avg:  0.0, Max: 0, Diff: 0, Sum: 0, Workers: 4
[271.300s][debug][gc,phases      ] GC(24)   Weak JFR Old Object Samples    Min: 0.00, Avg: 0.00, Max: 0.00, Diff: 0.00, Sum: 0.00, Workers: 4
[271.300s][debug][gc,phases      ] GC(24)     Dead                           Min: 0, Avg:  0.0, Max: 0, Diff: 0, Sum: 0, Workers: 4
[271.300s][debug][gc,phases      ] GC(24)     Total                          Min: 0, Avg:  0.0, Max: 0, Diff: 0, Sum: 0, Workers: 4
[271.300s][debug][gc,phases      ] GC(24) Weak Processing 0.387ms
[271.300s][debug][gc,age         ] GC(24) Desired survivor size 286785536 bytes, new threshold 1 (max threshold 15)
[271.300s][info ][gc,heap        ] GC(24) PSYoungGen: 1481248K(1781760K)->4000K(1817088K) Eden: 1477120K(1477120K)->0K(1524224K) From: 4128K(304640K)->4000K(292864K)
[271.300s][info ][gc,heap        ] GC(24) ParOldGen: 363078K(363520K)->364098K(364544K)
[271.300s][info ][gc,metaspace   ] GC(24) Metaspace: 107272K(108352K)->107272K(108352K) NonClass: 91654K(92288K)->91654K(92288K) Class: 15618K(16064K)->15618K(16064K)
[271.300s][info ][gc             ] GC(24) Pause Young (Allocation Failure) 1801M->359M(2130M) 6.080ms
[271.300s][info ][gc,cpu         ] GC(24) User=0.02s Sys=0.00s Real=0.01s
[271.300s][info ][safepoint      ] Safepoint "ParallelCollectForAllocation", Time since last: 37776573512 ns, Reaching safepoint: 84299 ns, At safepoint: 6147894 ns, Leaving safepoint: 11400 ns, Total: 6243593 ns, Threads: 1 runnable, 28 total
[324.743s][info ][gc,start       ] GC(25) Pause Young (Allocation Failure)
[324.748s][debug][gc,phases      ] GC(25) Scavenge 4.639ms
[324.748s][debug][gc,ref         ] GC(25) ReferenceProcessor::execute queues: 1, RefProcThreadModel::Single, marks_oops_alive: false
[324.748s][debug][gc,ref         ] GC(25) ReferenceProcessor::execute queues: 4, RefProcThreadModel::Multi, marks_oops_alive: true
[324.748s][debug][gc,ref         ] GC(25) ReferenceProcessor::execute queues: 1, RefProcThreadModel::Single, marks_oops_alive: false
[324.748s][debug][gc,phases      ] GC(25) Reference Processing 0.180ms
[324.749s][debug][gc,phases      ] GC(25)   VM Weak                        Min: 0.00, Avg: 0.00, Max: 0.01, Diff: 0.01, Sum: 0.01, Workers: 4
[324.749s][debug][gc,phases      ] GC(25)     Dead                           Min: 0, Avg:  0.0, Max: 0, Diff: 0, Sum: 0, Workers: 4
[324.749s][debug][gc,phases      ] GC(25)     Total                          Min: 0, Avg: 206.2, Max: 633, Diff: 633, Sum: 825, Workers: 4
[324.749s][debug][gc,phases      ] GC(25)   ObjectSynchronizer Weak        Min: 0.00, Avg: 0.00, Max: 0.00, Diff: 0.00, Sum: 0.00, Workers: 4
[324.749s][debug][gc,phases      ] GC(25)     Dead                           Min: 0, Avg:  0.0, Max: 0, Diff: 0, Sum: 0, Workers: 4
[324.749s][debug][gc,phases      ] GC(25)     Total                          Min: 0, Avg:  1.2, Max: 5, Diff: 5, Sum: 5, Workers: 4
[324.749s][debug][gc,phases      ] GC(25)   JVMTI Tag Weak OopStorage      Min: 0.00, Avg: 0.00, Max: 0.00, Diff: 0.00, Sum: 0.00, Workers: 4
[324.749s][debug][gc,phases      ] GC(25)     Dead                           Min: 0, Avg:  0.0, Max: 0, Diff: 0, Sum: 0, Workers: 4
[324.749s][debug][gc,phases      ] GC(25)     Total                          Min: 0, Avg:  0.0, Max: 0, Diff: 0, Sum: 0, Workers: 4
[324.749s][debug][gc,phases      ] GC(25)   StringTable Weak               Min: 0.00, Avg: 0.09, Max: 0.13, Diff: 0.13, Sum: 0.38, Workers: 4
[324.749s][debug][gc,phases      ] GC(25)     Dead                           Min: 0, Avg:  0.5, Max: 1, Diff: 1, Sum: 2, Workers: 4
[324.749s][debug][gc,phases      ] GC(25)     Total                          Min: 0, Avg: 12365.8, Max: 20416, Diff: 20416, Sum: 49463, Workers: 4
[324.749s][debug][gc,phases      ] GC(25)   ResolvedMethodTable Weak       Min: 0.00, Avg: 0.03, Max: 0.05, Diff: 0.05, Sum: 0.14, Workers: 4
[324.749s][debug][gc,phases      ] GC(25)     Dead                           Min: 0, Avg:  8.5, Max: 19, Diff: 19, Sum: 34, Workers: 4
[324.749s][debug][gc,phases      ] GC(25)     Total                          Min: 0, Avg: 4010.8, Max: 6727, Diff: 6727, Sum: 16043, Workers: 4
[324.749s][debug][gc,phases      ] GC(25)   JNI Weak                       Min: 0.00, Avg: 0.00, Max: 0.00, Diff: 0.00, Sum: 0.00, Workers: 4
[324.749s][debug][gc,phases      ] GC(25)     Dead                           Min: 0, Avg:  0.0, Max: 0, Diff: 0, Sum: 0, Workers: 4
[324.749s][debug][gc,phases      ] GC(25)     Total                          Min: 0, Avg: 13.0, Max: 52, Diff: 52, Sum: 52, Workers: 4
[324.749s][debug][gc,phases      ] GC(25)   StringDedup Table Weak         Min: 0.00, Avg: 0.00, Max: 0.00, Diff: 0.00, Sum: 0.00, Workers: 4
[324.749s][debug][gc,phases      ] GC(25)     Dead                           Min: 0, Avg:  0.0, Max: 0, Diff: 0, Sum: 0, Workers: 4
[324.749s][debug][gc,phases      ] GC(25)     Total                          Min: 0, Avg:  0.0, Max: 0, Diff: 0, Sum: 0, Workers: 4
[324.749s][debug][gc,phases      ] GC(25)   StringDedup Requests0 Weak     Min: 0.00, Avg: 0.00, Max: 0.00, Diff: 0.00, Sum: 0.00, Workers: 4
[324.749s][debug][gc,phases      ] GC(25)     Dead                           Min: 0, Avg:  0.0, Max: 0, Diff: 0, Sum: 0, Workers: 4
[324.749s][debug][gc,phases      ] GC(25)     Total                          Min: 0, Avg:  0.0, Max: 0, Diff: 0, Sum: 0, Workers: 4
[324.749s][debug][gc,phases      ] GC(25)   StringDedup Requests1 Weak     Min: 0.00, Avg: 0.00, Max: 0.00, Diff: 0.00, Sum: 0.00, Workers: 4
[324.749s][debug][gc,phases      ] GC(25)     Dead                           Min: 0, Avg:  0.0, Max: 0, Diff: 0, Sum: 0, Workers: 4
[324.749s][debug][gc,phases      ] GC(25)     Total                          Min: 0, Avg:  0.0, Max: 0, Diff: 0, Sum: 0, Workers: 4
[324.749s][debug][gc,phases      ] GC(25)   Weak JFR Old Object Samples    Min: 0.00, Avg: 0.00, Max: 0.00, Diff: 0.00, Sum: 0.00, Workers: 4
[324.749s][debug][gc,phases      ] GC(25)     Dead                           Min: 0, Avg:  0.0, Max: 0, Diff: 0, Sum: 0, Workers: 4
[324.749s][debug][gc,phases      ] GC(25)     Total                          Min: 0, Avg:  0.0, Max: 0, Diff: 0, Sum: 0, Workers: 4
[324.749s][debug][gc,phases      ] GC(25) Weak Processing 0.358ms
[324.749s][debug][gc,age         ] GC(25) Desired survivor size 273678336 bytes, new threshold 1 (max threshold 15)
[324.749s][info ][gc,heap        ] GC(25) PSYoungGen: 1528224K(1817088K)->3696K(1804288K) Eden: 1524224K(1524224K)->0K(1524224K) From: 4000K(292864K)->3696K(280064K)
[324.749s][info ][gc,heap        ] GC(25) ParOldGen: 364098K(364544K)->366591K(366592K)
[324.749s][info ][gc,metaspace   ] GC(25) Metaspace: 107575K(108672K)->107575K(108672K) NonClass: 91924K(92544K)->91924K(92544K) Class: 15650K(16128K)->15650K(16128K)
[324.749s][info ][gc             ] GC(25) Pause Young (Allocation Failure) 1847M->361M(2120M) 5.291ms
[324.749s][info ][gc,cpu         ] GC(25) User=0.02s Sys=0.00s Real=0.00s
[324.749s][info ][safepoint      ] Safepoint "ParallelCollectForAllocation", Time since last: 53443620107 ns, Reaching safepoint: 84900 ns, At safepoint: 5361394 ns, Leaving safepoint: 7000 ns, Total: 5453294 ns, Threads: 1 runnable, 40 total
[374.946s][info ][gc,start       ] GC(26) Pause Young (Allocation Failure)
[374.951s][debug][gc,phases      ] GC(26) Scavenge 4.513ms
[374.951s][debug][gc,ref         ] GC(26) ReferenceProcessor::execute queues: 1, RefProcThreadModel::Single, marks_oops_alive: false
[374.951s][debug][gc,ref         ] GC(26) Skipped KeepAliveFinalRefsPhase of Reference Processing: no references
[374.951s][debug][gc,ref         ] GC(26) Skipped PhantomRefsPhase of Reference Processing: no references
[374.951s][debug][gc,phases      ] GC(26) Reference Processing 0.112ms
[374.951s][debug][gc,phases      ] GC(26)   VM Weak                        Min: 0.00, Avg: 0.00, Max: 0.01, Diff: 0.01, Sum: 0.01, Workers: 4
[374.951s][debug][gc,phases      ] GC(26)     Dead                           Min: 0, Avg:  0.0, Max: 0, Diff: 0, Sum: 0, Workers: 4
[374.951s][debug][gc,phases      ] GC(26)     Total                          Min: 0, Avg: 206.2, Max: 512, Diff: 512, Sum: 825, Workers: 4
[374.951s][debug][gc,phases      ] GC(26)   ObjectSynchronizer Weak        Min: 0.00, Avg: 0.00, Max: 0.00, Diff: 0.00, Sum: 0.00, Workers: 4
[374.951s][debug][gc,phases      ] GC(26)     Dead                           Min: 0, Avg:  0.0, Max: 0, Diff: 0, Sum: 0, Workers: 4
[374.951s][debug][gc,phases      ] GC(26)     Total                          Min: 0, Avg:  1.5, Max: 6, Diff: 6, Sum: 6, Workers: 4
[374.951s][debug][gc,phases      ] GC(26)   JVMTI Tag Weak OopStorage      Min: 0.00, Avg: 0.00, Max: 0.00, Diff: 0.00, Sum: 0.00, Workers: 4
[374.951s][debug][gc,phases      ] GC(26)     Dead                           Min: 0, Avg:  0.0, Max: 0, Diff: 0, Sum: 0, Workers: 4
[374.951s][debug][gc,phases      ] GC(26)     Total                          Min: 0, Avg:  0.0, Max: 0, Diff: 0, Sum: 0, Workers: 4
[374.951s][debug][gc,phases      ] GC(26)   StringTable Weak               Min: 0.00, Avg: 0.10, Max: 0.13, Diff: 0.13, Sum: 0.40, Workers: 4
[374.951s][debug][gc,phases      ] GC(26)     Dead                           Min: 0, Avg:  0.0, Max: 0, Diff: 0, Sum: 0, Workers: 4
[374.951s][debug][gc,phases      ] GC(26)     Total                          Min: 0, Avg: 12366.2, Max: 21120, Diff: 21120, Sum: 49465, Workers: 4
[374.951s][debug][gc,phases      ] GC(26)   ResolvedMethodTable Weak       Min: 0.00, Avg: 0.04, Max: 0.05, Diff: 0.05, Sum: 0.14, Workers: 4
[374.951s][debug][gc,phases      ] GC(26)     Dead                           Min: 0, Avg:  5.0, Max: 10, Diff: 10, Sum: 20, Workers: 4
[374.951s][debug][gc,phases      ] GC(26)     Total                          Min: 0, Avg: 4010.8, Max: 6825, Diff: 6825, Sum: 16043, Workers: 4
[374.951s][debug][gc,phases      ] GC(26)   JNI Weak                       Min: 0.00, Avg: 0.00, Max: 0.00, Diff: 0.00, Sum: 0.00, Workers: 4
[374.951s][debug][gc,phases      ] GC(26)     Dead                           Min: 0, Avg:  0.0, Max: 0, Diff: 0, Sum: 0, Workers: 4
[374.951s][debug][gc,phases      ] GC(26)     Total                          Min: 0, Avg: 13.0, Max: 52, Diff: 52, Sum: 52, Workers: 4
[374.951s][debug][gc,phases      ] GC(26)   StringDedup Table Weak         Min: 0.00, Avg: 0.00, Max: 0.00, Diff: 0.00, Sum: 0.00, Workers: 4
[374.951s][debug][gc,phases      ] GC(26)     Dead                           Min: 0, Avg:  0.0, Max: 0, Diff: 0, Sum: 0, Workers: 4
[374.951s][debug][gc,phases      ] GC(26)     Total                          Min: 0, Avg:  0.0, Max: 0, Diff: 0, Sum: 0, Workers: 4
[374.951s][debug][gc,phases      ] GC(26)   StringDedup Requests0 Weak     Min: 0.00, Avg: 0.00, Max: 0.00, Diff: 0.00, Sum: 0.00, Workers: 4
[374.951s][debug][gc,phases      ] GC(26)     Dead                           Min: 0, Avg:  0.0, Max: 0, Diff: 0, Sum: 0, Workers: 4
[374.951s][debug][gc,phases      ] GC(26)     Total                          Min: 0, Avg:  0.0, Max: 0, Diff: 0, Sum: 0, Workers: 4
[374.951s][debug][gc,phases      ] GC(26)   StringDedup Requests1 Weak     Min: 0.00, Avg: 0.00, Max: 0.00, Diff: 0.00, Sum: 0.00, Workers: 4
[374.951s][debug][gc,phases      ] GC(26)     Dead                           Min: 0, Avg:  0.0, Max: 0, Diff: 0, Sum: 0, Workers: 4
[374.951s][debug][gc,phases      ] GC(26)     Total                          Min: 0, Avg:  0.0, Max: 0, Diff: 0, Sum: 0, Workers: 4
[374.951s][debug][gc,phases      ] GC(26)   Weak JFR Old Object Samples    Min: 0.00, Avg: 0.00, Max: 0.00, Diff: 0.00, Sum: 0.00, Workers: 4
[374.951s][debug][gc,phases      ] GC(26)     Dead                           Min: 0, Avg:  0.0, Max: 0, Diff: 0, Sum: 0, Workers: 4
[374.951s][debug][gc,phases      ] GC(26)     Total                          Min: 0, Avg:  0.0, Max: 0, Diff: 0, Sum: 0, Workers: 4
[374.951s][debug][gc,phases      ] GC(26) Weak Processing 0.361ms
[374.951s][debug][gc,age         ] GC(26) Desired survivor size 260046848 bytes, new threshold 1 (max threshold 15)
[374.952s][info ][gc,heap        ] GC(26) PSYoungGen: 1527920K(1804288K)->4832K(1843200K) Eden: 1524224K(1524224K)->0K(1575936K) From: 3696K(280064K)->4832K(267264K)
[374.952s][info ][gc,heap        ] GC(26) ParOldGen: 366591K(366592K)->367903K(368128K)
[374.952s][info ][gc,metaspace   ] GC(26) Metaspace: 107610K(108736K)->107610K(108736K) NonClass: 91959K(92608K)->91959K(92608K) Class: 15650K(16128K)->15650K(16128K)
[374.952s][info ][gc             ] GC(26) Pause Young (Allocation Failure) 1850M->363M(2159M) 5.129ms
[374.952s][info ][gc,cpu         ] GC(26) User=0.01s Sys=0.01s Real=0.01s
[374.952s][info ][safepoint      ] Safepoint "ParallelCollectForAllocation", Time since last: 50197642852 ns, Reaching safepoint: 7600 ns, At safepoint: 5196896 ns, Leaving safepoint: 7200 ns, Total: 5211696 ns, Threads: 0 runnable, 35 total
[423.744s][info ][gc,start       ] GC(27) Pause Young (Allocation Failure)
[423.749s][debug][gc,phases      ] GC(27) Scavenge 5.011ms
[423.749s][debug][gc,ref         ] GC(27) ReferenceProcessor::execute queues: 1, RefProcThreadModel::Single, marks_oops_alive: false
[423.749s][debug][gc,ref         ] GC(27) Skipped KeepAliveFinalRefsPhase of Reference Processing: no references
[423.749s][debug][gc,ref         ] GC(27) Skipped PhantomRefsPhase of Reference Processing: no references
[423.749s][debug][gc,phases      ] GC(27) Reference Processing 0.101ms
[423.749s][debug][gc,phases      ] GC(27)   VM Weak                        Min: 0.00, Avg: 0.00, Max: 0.01, Diff: 0.01, Sum: 0.01, Workers: 4
[423.749s][debug][gc,phases      ] GC(27)     Dead                           Min: 0, Avg:  0.0, Max: 0, Diff: 0, Sum: 0, Workers: 4
[423.749s][debug][gc,phases      ] GC(27)     Total                          Min: 0, Avg: 206.2, Max: 825, Diff: 825, Sum: 825, Workers: 4
[423.749s][debug][gc,phases      ] GC(27)   ObjectSynchronizer Weak        Min: 0.00, Avg: 0.00, Max: 0.00, Diff: 0.00, Sum: 0.00, Workers: 4
[423.749s][debug][gc,phases      ] GC(27)     Dead                           Min: 0, Avg:  0.0, Max: 0, Diff: 0, Sum: 0, Workers: 4
[423.749s][debug][gc,phases      ] GC(27)     Total                          Min: 0, Avg:  1.2, Max: 5, Diff: 5, Sum: 5, Workers: 4
[423.749s][debug][gc,phases      ] GC(27)   JVMTI Tag Weak OopStorage      Min: 0.00, Avg: 0.00, Max: 0.00, Diff: 0.00, Sum: 0.00, Workers: 4
[423.749s][debug][gc,phases      ] GC(27)     Dead                           Min: 0, Avg:  0.0, Max: 0, Diff: 0, Sum: 0, Workers: 4
[423.749s][debug][gc,phases      ] GC(27)     Total                          Min: 0, Avg:  0.0, Max: 0, Diff: 0, Sum: 0, Workers: 4
[423.749s][debug][gc,phases      ] GC(27)   StringTable Weak               Min: 0.00, Avg: 0.11, Max: 0.15, Diff: 0.15, Sum: 0.44, Workers: 4
[423.749s][debug][gc,phases      ] GC(27)     Dead                           Min: 0, Avg:  0.5, Max: 2, Diff: 2, Sum: 2, Workers: 4
[423.749s][debug][gc,phases      ] GC(27)     Total                          Min: 0, Avg: 12381.0, Max: 17791, Diff: 17791, Sum: 49524, Workers: 4
[423.749s][debug][gc,phases      ] GC(27)   ResolvedMethodTable Weak       Min: 0.00, Avg: 0.03, Max: 0.05, Diff: 0.05, Sum: 0.14, Workers: 4
[423.749s][debug][gc,phases      ] GC(27)     Dead                           Min: 0, Avg:  5.0, Max: 15, Diff: 15, Sum: 20, Workers: 4
[423.749s][debug][gc,phases      ] GC(27)     Total                          Min: 0, Avg: 4014.8, Max: 6413, Diff: 6413, Sum: 16059, Workers: 4
[423.749s][debug][gc,phases      ] GC(27)   JNI Weak                       Min: 0.00, Avg: 0.00, Max: 0.00, Diff: 0.00, Sum: 0.00, Workers: 4
[423.749s][debug][gc,phases      ] GC(27)     Dead                           Min: 0, Avg:  0.0, Max: 0, Diff: 0, Sum: 0, Workers: 4
[423.749s][debug][gc,phases      ] GC(27)     Total                          Min: 0, Avg: 13.0, Max: 52, Diff: 52, Sum: 52, Workers: 4
[423.749s][debug][gc,phases      ] GC(27)   StringDedup Table Weak         Min: 0.00, Avg: 0.00, Max: 0.00, Diff: 0.00, Sum: 0.00, Workers: 4
[423.749s][debug][gc,phases      ] GC(27)     Dead                           Min: 0, Avg:  0.0, Max: 0, Diff: 0, Sum: 0, Workers: 4
[423.749s][debug][gc,phases      ] GC(27)     Total                          Min: 0, Avg:  0.0, Max: 0, Diff: 0, Sum: 0, Workers: 4
[423.749s][debug][gc,phases      ] GC(27)   StringDedup Requests0 Weak     Min: 0.00, Avg: 0.00, Max: 0.00, Diff: 0.00, Sum: 0.00, Workers: 4
[423.749s][debug][gc,phases      ] GC(27)     Dead                           Min: 0, Avg:  0.0, Max: 0, Diff: 0, Sum: 0, Workers: 4
[423.749s][debug][gc,phases      ] GC(27)     Total                          Min: 0, Avg:  0.0, Max: 0, Diff: 0, Sum: 0, Workers: 4
[423.750s][debug][gc,phases      ] GC(27)   StringDedup Requests1 Weak     Min: 0.00, Avg: 0.00, Max: 0.00, Diff: 0.00, Sum: 0.00, Workers: 4
[423.750s][debug][gc,phases      ] GC(27)     Dead                           Min: 0, Avg:  0.0, Max: 0, Diff: 0, Sum: 0, Workers: 4
[423.750s][debug][gc,phases      ] GC(27)     Total                          Min: 0, Avg:  0.0, Max: 0, Diff: 0, Sum: 0, Workers: 4
[423.750s][debug][gc,phases      ] GC(27)   Weak JFR Old Object Samples    Min: 0.00, Avg: 0.00, Max: 0.00, Diff: 0.00, Sum: 0.00, Workers: 4
[423.750s][debug][gc,phases      ] GC(27)     Dead                           Min: 0, Avg:  0.0, Max: 0, Diff: 0, Sum: 0, Workers: 4
[423.750s][debug][gc,phases      ] GC(27)     Total                          Min: 0, Avg:  0.0, Max: 0, Diff: 0, Sum: 0, Workers: 4
[423.750s][debug][gc,phases      ] GC(27) Weak Processing 0.397ms
[423.750s][debug][gc,age         ] GC(27) Desired survivor size 246939648 bytes, new threshold 1 (max threshold 15)
[423.750s][info ][gc,heap        ] GC(27) PSYoungGen: 1580768K(1843200K)->4256K(1829888K) Eden: 1575936K(1575936K)->0K(1575936K) From: 4832K(267264K)->4256K(253952K)
[423.750s][info ][gc,heap        ] GC(27) ParOldGen: 367903K(368128K)->368967K(369152K)
[423.750s][info ][gc,metaspace   ] GC(27) Metaspace: 107762K(108864K)->107762K(108864K) NonClass: 92103K(92736K)->92103K(92736K) Class: 15658K(16128K)->15658K(16128K)
[423.750s][info ][gc             ] GC(27) Pause Young (Allocation Failure) 1902M->364M(2147M) 5.640ms
[423.750s][info ][gc,cpu         ] GC(27) User=0.01s Sys=0.01s Real=0.01s
[423.750s][info ][safepoint      ] Safepoint "ParallelCollectForAllocation", Time since last: 48792238357 ns, Reaching safepoint: 83400 ns, At safepoint: 5705897 ns, Leaving safepoint: 7200 ns, Total: 5796497 ns, Threads: 1 runnable, 35 total
[472.294s][info ][gc,start       ] GC(28) Pause Young (Allocation Failure)
[472.297s][debug][gc,phases      ] GC(28) Scavenge 3.455ms
[472.297s][debug][gc,ref         ] GC(28) ReferenceProcessor::execute queues: 1, RefProcThreadModel::Single, marks_oops_alive: false
[472.297s][debug][gc,ref         ] GC(28) Skipped KeepAliveFinalRefsPhase of Reference Processing: no references
[472.297s][debug][gc,ref         ] GC(28) Skipped PhantomRefsPhase of Reference Processing: no references
[472.297s][debug][gc,phases      ] GC(28) Reference Processing 0.101ms
[472.298s][debug][gc,phases      ] GC(28)   VM Weak                        Min: 0.00, Avg: 0.00, Max: 0.01, Diff: 0.01, Sum: 0.01, Workers: 4
[472.298s][debug][gc,phases      ] GC(28)     Dead                           Min: 0, Avg:  0.0, Max: 0, Diff: 0, Sum: 0, Workers: 4
[472.298s][debug][gc,phases      ] GC(28)     Total                          Min: 0, Avg: 206.2, Max: 633, Diff: 633, Sum: 825, Workers: 4
[472.298s][debug][gc,phases      ] GC(28)   ObjectSynchronizer Weak        Min: 0.00, Avg: 0.00, Max: 0.00, Diff: 0.00, Sum: 0.00, Workers: 4
[472.298s][debug][gc,phases      ] GC(28)     Dead                           Min: 0, Avg:  0.0, Max: 0, Diff: 0, Sum: 0, Workers: 4
[472.298s][debug][gc,phases      ] GC(28)     Total                          Min: 0, Avg:  1.5, Max: 6, Diff: 6, Sum: 6, Workers: 4
[472.298s][debug][gc,phases      ] GC(28)   JVMTI Tag Weak OopStorage      Min: 0.00, Avg: 0.00, Max: 0.00, Diff: 0.00, Sum: 0.00, Workers: 4
[472.298s][debug][gc,phases      ] GC(28)     Dead                           Min: 0, Avg:  0.0, Max: 0, Diff: 0, Sum: 0, Workers: 4
[472.298s][debug][gc,phases      ] GC(28)     Total                          Min: 0, Avg:  0.0, Max: 0, Diff: 0, Sum: 0, Workers: 4
[472.298s][debug][gc,phases      ] GC(28)   StringTable Weak               Min: 0.00, Avg: 0.10, Max: 0.13, Diff: 0.13, Sum: 0.40, Workers: 4
[472.298s][debug][gc,phases      ] GC(28)     Dead                           Min: 0, Avg:  0.0, Max: 0, Diff: 0, Sum: 0, Workers: 4
[472.298s][debug][gc,phases      ] GC(28)     Total                          Min: 0, Avg: 12381.5, Max: 21175, Diff: 21175, Sum: 49526, Workers: 4
[472.298s][debug][gc,phases      ] GC(28)   ResolvedMethodTable Weak       Min: 0.00, Avg: 0.04, Max: 0.05, Diff: 0.05, Sum: 0.15, Workers: 4
[472.298s][debug][gc,phases      ] GC(28)     Dead                           Min: 0, Avg:  5.0, Max: 20, Diff: 20, Sum: 20, Workers: 4
[472.298s][debug][gc,phases      ] GC(28)     Total                          Min: 0, Avg: 4014.8, Max: 6735, Diff: 6735, Sum: 16059, Workers: 4
[472.298s][debug][gc,phases      ] GC(28)   JNI Weak                       Min: 0.00, Avg: 0.00, Max: 0.00, Diff: 0.00, Sum: 0.00, Workers: 4
[472.298s][debug][gc,phases      ] GC(28)     Dead                           Min: 0, Avg:  0.0, Max: 0, Diff: 0, Sum: 0, Workers: 4
[472.298s][debug][gc,phases      ] GC(28)     Total                          Min: 0, Avg: 13.0, Max: 52, Diff: 52, Sum: 52, Workers: 4
[472.298s][debug][gc,phases      ] GC(28)   StringDedup Table Weak         Min: 0.00, Avg: 0.00, Max: 0.00, Diff: 0.00, Sum: 0.00, Workers: 4
[472.298s][debug][gc,phases      ] GC(28)     Dead                           Min: 0, Avg:  0.0, Max: 0, Diff: 0, Sum: 0, Workers: 4
[472.298s][debug][gc,phases      ] GC(28)     Total                          Min: 0, Avg:  0.0, Max: 0, Diff: 0, Sum: 0, Workers: 4
[472.298s][debug][gc,phases      ] GC(28)   StringDedup Requests0 Weak     Min: 0.00, Avg: 0.00, Max: 0.00, Diff: 0.00, Sum: 0.00, Workers: 4
[472.298s][debug][gc,phases      ] GC(28)     Dead                           Min: 0, Avg:  0.0, Max: 0, Diff: 0, Sum: 0, Workers: 4
[472.298s][debug][gc,phases      ] GC(28)     Total                          Min: 0, Avg:  0.0, Max: 0, Diff: 0, Sum: 0, Workers: 4
[472.298s][debug][gc,phases      ] GC(28)   StringDedup Requests1 Weak     Min: 0.00, Avg: 0.00, Max: 0.00, Diff: 0.00, Sum: 0.00, Workers: 4
[472.298s][debug][gc,phases      ] GC(28)     Dead                           Min: 0, Avg:  0.0, Max: 0, Diff: 0, Sum: 0, Workers: 4
[472.298s][debug][gc,phases      ] GC(28)     Total                          Min: 0, Avg:  0.0, Max: 0, Diff: 0, Sum: 0, Workers: 4
[472.298s][debug][gc,phases      ] GC(28)   Weak JFR Old Object Samples    Min: 0.00, Avg: 0.00, Max: 0.00, Diff: 0.00, Sum: 0.00, Workers: 4
[472.298s][debug][gc,phases      ] GC(28)     Dead                           Min: 0, Avg:  0.0, Max: 0, Diff: 0, Sum: 0, Workers: 4
[472.298s][debug][gc,phases      ] GC(28)     Total                          Min: 0, Avg:  0.0, Max: 0, Diff: 0, Sum: 0, Workers: 4
[472.298s][debug][gc,phases      ] GC(28) Weak Processing 0.363ms
[472.298s][debug][gc,age         ] GC(28) Desired survivor size 233308160 bytes, new threshold 1 (max threshold 15)
[472.298s][info ][gc,heap        ] GC(28) PSYoungGen: 1580192K(1829888K)->3824K(1869312K) Eden: 1575936K(1575936K)->0K(1628160K) From: 4256K(253952K)->3824K(241152K)
[472.298s][info ][gc,heap        ] GC(28) ParOldGen: 368967K(369152K)->370027K(370176K)
[472.298s][info ][gc,metaspace   ] GC(28) Metaspace: 107806K(108928K)->107806K(108928K) NonClass: 92147K(92800K)->92147K(92800K) Class: 15658K(16128K)->15658K(16128K)
[472.298s][info ][gc             ] GC(28) Pause Young (Allocation Failure) 1903M->365M(2187M) 4.036ms
[472.298s][info ][gc,cpu         ] GC(28) User=0.02s Sys=0.00s Real=0.00s
[472.298s][info ][safepoint      ] Safepoint "ParallelCollectForAllocation", Time since last: 48544111725 ns, Reaching safepoint: 84200 ns, At safepoint: 4104697 ns, Leaving safepoint: 9000 ns, Total: 4197897 ns, Threads: 2 runnable, 33 total
[528.445s][info ][gc,start       ] GC(29) Pause Young (Allocation Failure)
[528.448s][debug][gc,phases      ] GC(29) Scavenge 3.270ms
[528.448s][debug][gc,ref         ] GC(29) ReferenceProcessor::execute queues: 1, RefProcThreadModel::Single, marks_oops_alive: false
[528.448s][debug][gc,ref         ] GC(29) Skipped KeepAliveFinalRefsPhase of Reference Processing: no references
[528.448s][debug][gc,ref         ] GC(29) Skipped PhantomRefsPhase of Reference Processing: no references
[528.448s][debug][gc,phases      ] GC(29) Reference Processing 0.105ms
[528.449s][debug][gc,phases      ] GC(29)   VM Weak                        Min: 0.00, Avg: 0.00, Max: 0.01, Diff: 0.01, Sum: 0.01, Workers: 4
[528.449s][debug][gc,phases      ] GC(29)     Dead                           Min: 0, Avg:  0.0, Max: 0, Diff: 0, Sum: 0, Workers: 4
[528.449s][debug][gc,phases      ] GC(29)     Total                          Min: 0, Avg: 206.2, Max: 441, Diff: 441, Sum: 825, Workers: 4
[528.449s][debug][gc,phases      ] GC(29)   ObjectSynchronizer Weak        Min: 0.00, Avg: 0.00, Max: 0.00, Diff: 0.00, Sum: 0.00, Workers: 4
[528.449s][debug][gc,phases      ] GC(29)     Dead                           Min: 0, Avg:  0.0, Max: 0, Diff: 0, Sum: 0, Workers: 4
[528.449s][debug][gc,phases      ] GC(29)     Total                          Min: 0, Avg:  1.5, Max: 6, Diff: 6, Sum: 6, Workers: 4
[528.449s][debug][gc,phases      ] GC(29)   JVMTI Tag Weak OopStorage      Min: 0.00, Avg: 0.00, Max: 0.00, Diff: 0.00, Sum: 0.00, Workers: 4
[528.449s][debug][gc,phases      ] GC(29)     Dead                           Min: 0, Avg:  0.0, Max: 0, Diff: 0, Sum: 0, Workers: 4
[528.449s][debug][gc,phases      ] GC(29)     Total                          Min: 0, Avg:  0.0, Max: 0, Diff: 0, Sum: 0, Workers: 4
[528.449s][debug][gc,phases      ] GC(29)   StringTable Weak               Min: 0.00, Avg: 0.11, Max: 0.14, Diff: 0.14, Sum: 0.42, Workers: 4
[528.449s][debug][gc,phases      ] GC(29)     Dead                           Min: 0, Avg:  0.0, Max: 0, Diff: 0, Sum: 0, Workers: 4
[528.449s][debug][gc,phases      ] GC(29)     Total                          Min: 0, Avg: 12382.0, Max: 20544, Diff: 20544, Sum: 49528, Workers: 4
[528.449s][debug][gc,phases      ] GC(29)   ResolvedMethodTable Weak       Min: 0.00, Avg: 0.04, Max: 0.05, Diff: 0.05, Sum: 0.15, Workers: 4
[528.449s][debug][gc,phases      ] GC(29)     Dead                           Min: 0, Avg:  5.0, Max: 10, Diff: 10, Sum: 20, Workers: 4
[528.449s][debug][gc,phases      ] GC(29)     Total                          Min: 0, Avg: 4014.8, Max: 6726, Diff: 6726, Sum: 16059, Workers: 4
[528.449s][debug][gc,phases      ] GC(29)   JNI Weak                       Min: 0.00, Avg: 0.00, Max: 0.00, Diff: 0.00, Sum: 0.00, Workers: 4
[528.449s][debug][gc,phases      ] GC(29)     Dead                           Min: 0, Avg:  0.0, Max: 0, Diff: 0, Sum: 0, Workers: 4
[528.449s][debug][gc,phases      ] GC(29)     Total                          Min: 0, Avg: 13.0, Max: 52, Diff: 52, Sum: 52, Workers: 4
[528.449s][debug][gc,phases      ] GC(29)   StringDedup Table Weak         Min: 0.00, Avg: 0.00, Max: 0.00, Diff: 0.00, Sum: 0.00, Workers: 4
[528.449s][debug][gc,phases      ] GC(29)     Dead                           Min: 0, Avg:  0.0, Max: 0, Diff: 0, Sum: 0, Workers: 4
[528.449s][debug][gc,phases      ] GC(29)     Total                          Min: 0, Avg:  0.0, Max: 0, Diff: 0, Sum: 0, Workers: 4
[528.449s][debug][gc,phases      ] GC(29)   StringDedup Requests0 Weak     Min: 0.00, Avg: 0.00, Max: 0.00, Diff: 0.00, Sum: 0.00, Workers: 4
[528.449s][debug][gc,phases      ] GC(29)     Dead                           Min: 0, Avg:  0.0, Max: 0, Diff: 0, Sum: 0, Workers: 4
[528.449s][debug][gc,phases      ] GC(29)     Total                          Min: 0, Avg:  0.0, Max: 0, Diff: 0, Sum: 0, Workers: 4
[528.449s][debug][gc,phases      ] GC(29)   StringDedup Requests1 Weak     Min: 0.00, Avg: 0.00, Max: 0.00, Diff: 0.00, Sum: 0.00, Workers: 4
[528.449s][debug][gc,phases      ] GC(29)     Dead                           Min: 0, Avg:  0.0, Max: 0, Diff: 0, Sum: 0, Workers: 4
[528.449s][debug][gc,phases      ] GC(29)     Total                          Min: 0, Avg:  0.0, Max: 0, Diff: 0, Sum: 0, Workers: 4
[528.449s][debug][gc,phases      ] GC(29)   Weak JFR Old Object Samples    Min: 0.00, Avg: 0.00, Max: 0.00, Diff: 0.00, Sum: 0.00, Workers: 4
[528.449s][debug][gc,phases      ] GC(29)     Dead                           Min: 0, Avg:  0.0, Max: 0, Diff: 0, Sum: 0, Workers: 4
[528.449s][debug][gc,phases      ] GC(29)     Total                          Min: 0, Avg:  0.0, Max: 0, Diff: 0, Sum: 0, Workers: 4
[528.449s][debug][gc,phases      ] GC(29) Weak Processing 0.406ms
[528.449s][debug][gc,age         ] GC(29) Desired survivor size 220200960 bytes, new threshold 1 (max threshold 15)
[528.449s][info ][gc,heap        ] GC(29) PSYoungGen: 1631984K(1869312K)->4480K(1856000K) Eden: 1628160K(1628160K)->0K(1628160K) From: 3824K(241152K)->4480K(227840K)
[528.449s][info ][gc,heap        ] GC(29) ParOldGen: 370027K(370176K)->370867K(371200K)
[528.449s][info ][gc,metaspace   ] GC(29) Metaspace: 107841K(108928K)->107841K(108928K) NonClass: 92183K(92800K)->92183K(92800K) Class: 15658K(16128K)->15658K(16128K)
[528.449s][info ][gc             ] GC(29) Pause Young (Allocation Failure) 1955M->366M(2175M) 3.889ms
[528.449s][info ][gc,cpu         ] GC(29) User=0.01s Sys=0.01s Real=0.00s
[528.449s][info ][safepoint      ] Safepoint "ParallelCollectForAllocation", Time since last: 56146805189 ns, Reaching safepoint: 83700 ns, At safepoint: 3952098 ns, Leaving safepoint: 7500 ns, Total: 4043298 ns, Threads: 1 runnable, 34 total
[589.894s][info ][gc,start       ] GC(30) Pause Young (Allocation Failure)
[589.898s][debug][gc,phases      ] GC(30) Scavenge 3.517ms
[589.898s][debug][gc,ref         ] GC(30) ReferenceProcessor::execute queues: 1, RefProcThreadModel::Single, marks_oops_alive: false
[589.898s][debug][gc,ref         ] GC(30) Skipped KeepAliveFinalRefsPhase of Reference Processing: no references
[589.898s][debug][gc,ref         ] GC(30) Skipped PhantomRefsPhase of Reference Processing: no references
[589.898s][debug][gc,phases      ] GC(30) Reference Processing 0.104ms
[589.898s][debug][gc,phases      ] GC(30)   VM Weak                        Min: 0.00, Avg: 0.00, Max: 0.01, Diff: 0.01, Sum: 0.01, Workers: 4
[589.898s][debug][gc,phases      ] GC(30)     Dead                           Min: 0, Avg:  0.0, Max: 0, Diff: 0, Sum: 0, Workers: 4
[589.898s][debug][gc,phases      ] GC(30)     Total                          Min: 0, Avg: 206.2, Max: 633, Diff: 633, Sum: 825, Workers: 4
[589.898s][debug][gc,phases      ] GC(30)   ObjectSynchronizer Weak        Min: 0.00, Avg: 0.00, Max: 0.00, Diff: 0.00, Sum: 0.00, Workers: 4
[589.898s][debug][gc,phases      ] GC(30)     Dead                           Min: 0, Avg:  0.0, Max: 0, Diff: 0, Sum: 0, Workers: 4
[589.898s][debug][gc,phases      ] GC(30)     Total                          Min: 0, Avg:  1.5, Max: 6, Diff: 6, Sum: 6, Workers: 4
[589.898s][debug][gc,phases      ] GC(30)   JVMTI Tag Weak OopStorage      Min: 0.00, Avg: 0.00, Max: 0.00, Diff: 0.00, Sum: 0.00, Workers: 4
[589.898s][debug][gc,phases      ] GC(30)     Dead                           Min: 0, Avg:  0.0, Max: 0, Diff: 0, Sum: 0, Workers: 4
[589.898s][debug][gc,phases      ] GC(30)     Total                          Min: 0, Avg:  0.0, Max: 0, Diff: 0, Sum: 0, Workers: 4
[589.898s][debug][gc,phases      ] GC(30)   StringTable Weak               Min: 0.00, Avg: 0.11, Max: 0.14, Diff: 0.14, Sum: 0.42, Workers: 4
[589.898s][debug][gc,phases      ] GC(30)     Dead                           Min: 0, Avg:  0.2, Max: 1, Diff: 1, Sum: 1, Workers: 4
[589.898s][debug][gc,phases      ] GC(30)     Total                          Min: 0, Avg: 12385.5, Max: 20486, Diff: 20486, Sum: 49542, Workers: 4
[589.898s][debug][gc,phases      ] GC(30)   ResolvedMethodTable Weak       Min: 0.00, Avg: 0.04, Max: 0.05, Diff: 0.05, Sum: 0.15, Workers: 4
[589.898s][debug][gc,phases      ] GC(30)     Dead                           Min: 0, Avg:  5.2, Max: 21, Diff: 21, Sum: 21, Workers: 4
[589.898s][debug][gc,phases      ] GC(30)     Total                          Min: 0, Avg: 4017.8, Max: 6590, Diff: 6590, Sum: 16071, Workers: 4
[589.899s][debug][gc,phases      ] GC(30)   JNI Weak                       Min: 0.00, Avg: 0.00, Max: 0.00, Diff: 0.00, Sum: 0.00, Workers: 4
[589.899s][debug][gc,phases      ] GC(30)     Dead                           Min: 0, Avg:  0.0, Max: 0, Diff: 0, Sum: 0, Workers: 4
[589.899s][debug][gc,phases      ] GC(30)     Total                          Min: 0, Avg: 13.0, Max: 52, Diff: 52, Sum: 52, Workers: 4
[589.899s][debug][gc,phases      ] GC(30)   StringDedup Table Weak         Min: 0.00, Avg: 0.00, Max: 0.00, Diff: 0.00, Sum: 0.00, Workers: 4
[589.899s][debug][gc,phases      ] GC(30)     Dead                           Min: 0, Avg:  0.0, Max: 0, Diff: 0, Sum: 0, Workers: 4
[589.899s][debug][gc,phases      ] GC(30)     Total                          Min: 0, Avg:  0.0, Max: 0, Diff: 0, Sum: 0, Workers: 4
[589.899s][debug][gc,phases      ] GC(30)   StringDedup Requests0 Weak     Min: 0.00, Avg: 0.00, Max: 0.00, Diff: 0.00, Sum: 0.00, Workers: 4
[589.899s][debug][gc,phases      ] GC(30)     Dead                           Min: 0, Avg:  0.0, Max: 0, Diff: 0, Sum: 0, Workers: 4
[589.899s][debug][gc,phases      ] GC(30)     Total                          Min: 0, Avg:  0.0, Max: 0, Diff: 0, Sum: 0, Workers: 4
[589.899s][debug][gc,phases      ] GC(30)   StringDedup Requests1 Weak     Min: 0.00, Avg: 0.00, Max: 0.00, Diff: 0.00, Sum: 0.00, Workers: 4
[589.899s][debug][gc,phases      ] GC(30)     Dead                           Min: 0, Avg:  0.0, Max: 0, Diff: 0, Sum: 0, Workers: 4
[589.899s][debug][gc,phases      ] GC(30)     Total                          Min: 0, Avg:  0.0, Max: 0, Diff: 0, Sum: 0, Workers: 4
[589.899s][debug][gc,phases      ] GC(30)   Weak JFR Old Object Samples    Min: 0.00, Avg: 0.00, Max: 0.00, Diff: 0.00, Sum: 0.00, Workers: 4
[589.899s][debug][gc,phases      ] GC(30)     Dead                           Min: 0, Avg:  0.0, Max: 0, Diff: 0, Sum: 0, Workers: 4
[589.899s][debug][gc,phases      ] GC(30)     Total                          Min: 0, Avg:  0.0, Max: 0, Diff: 0, Sum: 0, Workers: 4
[589.899s][debug][gc,phases      ] GC(30) Weak Processing 0.381ms
[589.899s][debug][gc,age         ] GC(30) Desired survivor size 207618048 bytes, new threshold 1 (max threshold 15)
[589.899s][info ][gc,heap        ] GC(30) PSYoungGen: 1632640K(1856000K)->4304K(1894400K) Eden: 1628160K(1628160K)->0K(1679360K) From: 4480K(227840K)->4304K(215040K)
[589.899s][info ][gc,heap        ] GC(30) ParOldGen: 370867K(371200K)->371624K(371712K)
[589.899s][info ][gc,metaspace   ] GC(30) Metaspace: 107892K(109056K)->107892K(109056K) NonClass: 92227K(92864K)->92227K(92864K) Class: 15665K(16192K)->15665K(16192K)
[589.899s][info ][gc             ] GC(30) Pause Young (Allocation Failure) 1956M->367M(2213M) 4.111ms
[589.899s][info ][gc,cpu         ] GC(30) User=0.01s Sys=0.00s Real=0.00s
[589.899s][info ][safepoint      ] Safepoint "ParallelCollectForAllocation", Time since last: 61445568946 ns, Reaching safepoint: 114400 ns, At safepoint: 4179398 ns, Leaving safepoint: 7000 ns, Total: 4300798 ns, Threads: 1 runnable, 34 total
[640.544s][info ][gc,start       ] GC(31) Pause Young (Allocation Failure)
[640.548s][debug][gc,phases      ] GC(31) Scavenge 3.294ms
[640.548s][debug][gc,ref         ] GC(31) ReferenceProcessor::execute queues: 1, RefProcThreadModel::Single, marks_oops_alive: false
[640.548s][debug][gc,ref         ] GC(31) Skipped KeepAliveFinalRefsPhase of Reference Processing: no references
[640.548s][debug][gc,ref         ] GC(31) Skipped PhantomRefsPhase of Reference Processing: no references
[640.548s][debug][gc,phases      ] GC(31) Reference Processing 0.099ms
[640.548s][debug][gc,phases      ] GC(31)   VM Weak                        Min: 0.00, Avg: 0.00, Max: 0.01, Diff: 0.01, Sum: 0.01, Workers: 4
[640.548s][debug][gc,phases      ] GC(31)     Dead                           Min: 0, Avg:  0.0, Max: 0, Diff: 0, Sum: 0, Workers: 4
[640.548s][debug][gc,phases      ] GC(31)     Total                          Min: 0, Avg: 206.2, Max: 825, Diff: 825, Sum: 825, Workers: 4
[640.548s][debug][gc,phases      ] GC(31)   ObjectSynchronizer Weak        Min: 0.00, Avg: 0.00, Max: 0.00, Diff: 0.00, Sum: 0.00, Workers: 4
[640.548s][debug][gc,phases      ] GC(31)     Dead                           Min: 0, Avg:  0.0, Max: 0, Diff: 0, Sum: 0, Workers: 4
[640.548s][debug][gc,phases      ] GC(31)     Total                          Min: 0, Avg:  1.5, Max: 6, Diff: 6, Sum: 6, Workers: 4
[640.548s][debug][gc,phases      ] GC(31)   JVMTI Tag Weak OopStorage      Min: 0.00, Avg: 0.00, Max: 0.00, Diff: 0.00, Sum: 0.00, Workers: 4
[640.548s][debug][gc,phases      ] GC(31)     Dead                           Min: 0, Avg:  0.0, Max: 0, Diff: 0, Sum: 0, Workers: 4
[640.548s][debug][gc,phases      ] GC(31)     Total                          Min: 0, Avg:  0.0, Max: 0, Diff: 0, Sum: 0, Workers: 4
[640.548s][debug][gc,phases      ] GC(31)   StringTable Weak               Min: 0.00, Avg: 0.10, Max: 0.13, Diff: 0.13, Sum: 0.39, Workers: 4
[640.548s][debug][gc,phases      ] GC(31)     Dead                           Min: 0, Avg:  0.2, Max: 1, Diff: 1, Sum: 1, Workers: 4
[640.548s][debug][gc,phases      ] GC(31)     Total                          Min: 0, Avg: 12400.0, Max: 21184, Diff: 21184, Sum: 49600, Workers: 4
[640.548s][debug][gc,phases      ] GC(31)   ResolvedMethodTable Weak       Min: 0.00, Avg: 0.03, Max: 0.05, Diff: 0.05, Sum: 0.14, Workers: 4
[640.548s][debug][gc,phases      ] GC(31)     Dead                           Min: 0, Avg:  5.5, Max: 22, Diff: 22, Sum: 22, Workers: 4
[640.548s][debug][gc,phases      ] GC(31)     Total                          Min: 0, Avg: 4019.5, Max: 6455, Diff: 6455, Sum: 16078, Workers: 4
[640.548s][debug][gc,phases      ] GC(31)   JNI Weak                       Min: 0.00, Avg: 0.00, Max: 0.00, Diff: 0.00, Sum: 0.00, Workers: 4
[640.548s][debug][gc,phases      ] GC(31)     Dead                           Min: 0, Avg:  0.0, Max: 0, Diff: 0, Sum: 0, Workers: 4
[640.548s][debug][gc,phases      ] GC(31)     Total                          Min: 0, Avg: 13.0, Max: 52, Diff: 52, Sum: 52, Workers: 4
[640.548s][debug][gc,phases      ] GC(31)   StringDedup Table Weak         Min: 0.00, Avg: 0.00, Max: 0.00, Diff: 0.00, Sum: 0.00, Workers: 4
[640.548s][debug][gc,phases      ] GC(31)     Dead                           Min: 0, Avg:  0.0, Max: 0, Diff: 0, Sum: 0, Workers: 4
[640.548s][debug][gc,phases      ] GC(31)     Total                          Min: 0, Avg:  0.0, Max: 0, Diff: 0, Sum: 0, Workers: 4
[640.548s][debug][gc,phases      ] GC(31)   StringDedup Requests0 Weak     Min: 0.00, Avg: 0.00, Max: 0.00, Diff: 0.00, Sum: 0.00, Workers: 4
[640.548s][debug][gc,phases      ] GC(31)     Dead                           Min: 0, Avg:  0.0, Max: 0, Diff: 0, Sum: 0, Workers: 4
[640.548s][debug][gc,phases      ] GC(31)     Total                          Min: 0, Avg:  0.0, Max: 0, Diff: 0, Sum: 0, Workers: 4
[640.548s][debug][gc,phases      ] GC(31)   StringDedup Requests1 Weak     Min: 0.00, Avg: 0.00, Max: 0.00, Diff: 0.00, Sum: 0.00, Workers: 4
[640.548s][debug][gc,phases      ] GC(31)     Dead                           Min: 0, Avg:  0.0, Max: 0, Diff: 0, Sum: 0, Workers: 4
[640.548s][debug][gc,phases      ] GC(31)     Total                          Min: 0, Avg:  0.0, Max: 0, Diff: 0, Sum: 0, Workers: 4
[640.548s][debug][gc,phases      ] GC(31)   Weak JFR Old Object Samples    Min: 0.00, Avg: 0.00, Max: 0.00, Diff: 0.00, Sum: 0.00, Workers: 4
[640.548s][debug][gc,phases      ] GC(31)     Dead                           Min: 0, Avg:  0.0, Max: 0, Diff: 0, Sum: 0, Workers: 4
[640.548s][debug][gc,phases      ] GC(31)     Total                          Min: 0, Avg:  0.0, Max: 0, Diff: 0, Sum: 0, Workers: 4
[640.548s][debug][gc,phases      ] GC(31) Weak Processing 0.391ms
[640.548s][debug][gc,age         ] GC(31) Desired survivor size 195559424 bytes, new threshold 1 (max threshold 15)
[640.548s][info ][gc,heap        ] GC(31) PSYoungGen: 1683664K(1894400K)->3568K(1882112K) Eden: 1679360K(1679360K)->0K(1679360K) From: 4304K(215040K)->3568K(202752K)
[640.548s][info ][gc,heap        ] GC(31) ParOldGen: 371624K(371712K)->372940K(373248K)
[640.548s][info ][gc,metaspace   ] GC(31) Metaspace: 107946K(109056K)->107946K(109056K) NonClass: 92276K(92864K)->92276K(92864K) Class: 15669K(16192K)->15669K(16192K)
[640.548s][info ][gc             ] GC(31) Pause Young (Allocation Failure) 2007M->367M(2202M) 3.891ms
[640.548s][info ][gc,cpu         ] GC(31) User=0.02s Sys=0.00s Real=0.00s
[640.548s][info ][safepoint      ] Safepoint "ParallelCollectForAllocation", Time since last: 50645463740 ns, Reaching safepoint: 96800 ns, At safepoint: 3957299 ns, Leaving safepoint: 6200 ns, Total: 4060299 ns, Threads: 1 runnable, 37 total
[687.098s][info ][gc,start       ] GC(32) Pause Young (Allocation Failure)
[687.101s][debug][gc,phases      ] GC(32) Scavenge 2.893ms
[687.101s][debug][gc,ref         ] GC(32) ReferenceProcessor::execute queues: 1, RefProcThreadModel::Single, marks_oops_alive: false
[687.101s][debug][gc,ref         ] GC(32) Skipped KeepAliveFinalRefsPhase of Reference Processing: no references
[687.101s][debug][gc,ref         ] GC(32) Skipped PhantomRefsPhase of Reference Processing: no references
[687.101s][debug][gc,phases      ] GC(32) Reference Processing 0.102ms
[687.102s][debug][gc,phases      ] GC(32)   VM Weak                        Min: 0.00, Avg: 0.00, Max: 0.00, Diff: 0.00, Sum: 0.01, Workers: 4
[687.102s][debug][gc,phases      ] GC(32)     Dead                           Min: 0, Avg:  0.0, Max: 0, Diff: 0, Sum: 0, Workers: 4
[687.102s][debug][gc,phases      ] GC(32)     Total                          Min: 0, Avg: 210.2, Max: 393, Diff: 393, Sum: 841, Workers: 4
[687.102s][debug][gc,phases      ] GC(32)   ObjectSynchronizer Weak        Min: 0.00, Avg: 0.00, Max: 0.00, Diff: 0.00, Sum: 0.00, Workers: 4
[687.102s][debug][gc,phases      ] GC(32)     Dead                           Min: 0, Avg:  0.0, Max: 0, Diff: 0, Sum: 0, Workers: 4
[687.102s][debug][gc,phases      ] GC(32)     Total                          Min: 0, Avg:  1.5, Max: 6, Diff: 6, Sum: 6, Workers: 4
[687.102s][debug][gc,phases      ] GC(32)   JVMTI Tag Weak OopStorage      Min: 0.00, Avg: 0.00, Max: 0.00, Diff: 0.00, Sum: 0.00, Workers: 4
[687.102s][debug][gc,phases      ] GC(32)     Dead                           Min: 0, Avg:  0.0, Max: 0, Diff: 0, Sum: 0, Workers: 4
[687.102s][debug][gc,phases      ] GC(32)     Total                          Min: 0, Avg:  0.0, Max: 0, Diff: 0, Sum: 0, Workers: 4
[687.102s][debug][gc,phases      ] GC(32)   StringTable Weak               Min: 0.00, Avg: 0.11, Max: 0.14, Diff: 0.14, Sum: 0.43, Workers: 4
[687.102s][debug][gc,phases      ] GC(32)     Dead                           Min: 0, Avg:  0.2, Max: 1, Diff: 1, Sum: 1, Workers: 4
[687.102s][debug][gc,phases      ] GC(32)     Total                          Min: 0, Avg: 12418.8, Max: 21131, Diff: 21131, Sum: 49675, Workers: 4
[687.102s][debug][gc,phases      ] GC(32)   ResolvedMethodTable Weak       Min: 0.00, Avg: 0.04, Max: 0.05, Diff: 0.05, Sum: 0.15, Workers: 4
[687.102s][debug][gc,phases      ] GC(32)     Dead                           Min: 0, Avg:  8.2, Max: 22, Diff: 22, Sum: 33, Workers: 4
[687.102s][debug][gc,phases      ] GC(32)     Total                          Min: 0, Avg: 4052.0, Max: 6798, Diff: 6798, Sum: 16208, Workers: 4
[687.102s][debug][gc,phases      ] GC(32)   JNI Weak                       Min: 0.00, Avg: 0.00, Max: 0.00, Diff: 0.00, Sum: 0.00, Workers: 4
[687.102s][debug][gc,phases      ] GC(32)     Dead                           Min: 0, Avg:  0.0, Max: 0, Diff: 0, Sum: 0, Workers: 4
[687.102s][debug][gc,phases      ] GC(32)     Total                          Min: 0, Avg: 13.0, Max: 52, Diff: 52, Sum: 52, Workers: 4
[687.102s][debug][gc,phases      ] GC(32)   StringDedup Table Weak         Min: 0.00, Avg: 0.00, Max: 0.00, Diff: 0.00, Sum: 0.00, Workers: 4
[687.102s][debug][gc,phases      ] GC(32)     Dead                           Min: 0, Avg:  0.0, Max: 0, Diff: 0, Sum: 0, Workers: 4
[687.102s][debug][gc,phases      ] GC(32)     Total                          Min: 0, Avg:  0.0, Max: 0, Diff: 0, Sum: 0, Workers: 4
[687.102s][debug][gc,phases      ] GC(32)   StringDedup Requests0 Weak     Min: 0.00, Avg: 0.00, Max: 0.00, Diff: 0.00, Sum: 0.00, Workers: 4
[687.102s][debug][gc,phases      ] GC(32)     Dead                           Min: 0, Avg:  0.0, Max: 0, Diff: 0, Sum: 0, Workers: 4
[687.102s][debug][gc,phases      ] GC(32)     Total                          Min: 0, Avg:  0.0, Max: 0, Diff: 0, Sum: 0, Workers: 4
[687.102s][debug][gc,phases      ] GC(32)   StringDedup Requests1 Weak     Min: 0.00, Avg: 0.00, Max: 0.00, Diff: 0.00, Sum: 0.00, Workers: 4
[687.102s][debug][gc,phases      ] GC(32)     Dead                           Min: 0, Avg:  0.0, Max: 0, Diff: 0, Sum: 0, Workers: 4
[687.102s][debug][gc,phases      ] GC(32)     Total                          Min: 0, Avg:  0.0, Max: 0, Diff: 0, Sum: 0, Workers: 4
[687.102s][debug][gc,phases      ] GC(32)   Weak JFR Old Object Samples    Min: 0.00, Avg: 0.00, Max: 0.00, Diff: 0.00, Sum: 0.00, Workers: 4
[687.102s][debug][gc,phases      ] GC(32)     Dead                           Min: 0, Avg:  0.0, Max: 0, Diff: 0, Sum: 0, Workers: 4
[687.102s][debug][gc,phases      ] GC(32)     Total                          Min: 0, Avg:  0.0, Max: 0, Diff: 0, Sum: 0, Workers: 4
[687.102s][debug][gc,phases      ] GC(32) Weak Processing 0.391ms
[687.102s][debug][gc,age         ] GC(32) Desired survivor size 183500800 bytes, new threshold 1 (max threshold 15)
[687.102s][info ][gc,heap        ] GC(32) PSYoungGen: 1682928K(1882112K)->3504K(1917952K) Eden: 1679360K(1679360K)->0K(1726976K) From: 3568K(202752K)->3504K(190976K)
[687.102s][info ][gc,heap        ] GC(32) ParOldGen: 372940K(373248K)->373684K(373760K)
[687.102s][info ][gc,metaspace   ] GC(32) Metaspace: 108193K(109376K)->108193K(109376K) NonClass: 92479K(93184K)->92479K(93184K) Class: 15713K(16192K)->15713K(16192K)
[687.102s][info ][gc             ] GC(32) Pause Young (Allocation Failure) 2007M->368M(2238M) 3.497ms
[687.102s][info ][gc,cpu         ] GC(32) User=0.01s Sys=0.00s Real=0.01s
[687.102s][info ][safepoint      ] Safepoint "ParallelCollectForAllocation", Time since last: 46550030134 ns, Reaching safepoint: 6000 ns, At safepoint: 3559201 ns, Leaving safepoint: 2200 ns, Total: 3567401 ns, Threads: 0 runnable, 33 total
[755.571s][info ][gc,start       ] GC(33) Pause Young (Allocation Failure)
[755.573s][debug][gc,phases      ] GC(33) Scavenge 2.725ms
[755.573s][debug][gc,ref         ] GC(33) ReferenceProcessor::execute queues: 1, RefProcThreadModel::Single, marks_oops_alive: false
[755.573s][debug][gc,ref         ] GC(33) Skipped KeepAliveFinalRefsPhase of Reference Processing: no references
[755.573s][debug][gc,ref         ] GC(33) Skipped PhantomRefsPhase of Reference Processing: no references
[755.573s][debug][gc,phases      ] GC(33) Reference Processing 0.103ms
[755.574s][debug][gc,phases      ] GC(33)   VM Weak                        Min: 0.00, Avg: 0.00, Max: 0.01, Diff: 0.01, Sum: 0.01, Workers: 4
[755.574s][debug][gc,phases      ] GC(33)     Dead                           Min: 0, Avg:  0.0, Max: 0, Diff: 0, Sum: 0, Workers: 4
[755.574s][debug][gc,phases      ] GC(33)     Total                          Min: 0, Avg: 210.2, Max: 448, Diff: 448, Sum: 841, Workers: 4
[755.574s][debug][gc,phases      ] GC(33)   ObjectSynchronizer Weak        Min: 0.00, Avg: 0.00, Max: 0.00, Diff: 0.00, Sum: 0.00, Workers: 4
[755.574s][debug][gc,phases      ] GC(33)     Dead                           Min: 0, Avg:  0.0, Max: 0, Diff: 0, Sum: 0, Workers: 4
[755.574s][debug][gc,phases      ] GC(33)     Total                          Min: 0, Avg:  1.2, Max: 5, Diff: 5, Sum: 5, Workers: 4
[755.574s][debug][gc,phases      ] GC(33)   JVMTI Tag Weak OopStorage      Min: 0.00, Avg: 0.00, Max: 0.00, Diff: 0.00, Sum: 0.00, Workers: 4
[755.574s][debug][gc,phases      ] GC(33)     Dead                           Min: 0, Avg:  0.0, Max: 0, Diff: 0, Sum: 0, Workers: 4
[755.574s][debug][gc,phases      ] GC(33)     Total                          Min: 0, Avg:  0.0, Max: 0, Diff: 0, Sum: 0, Workers: 4
[755.574s][debug][gc,phases      ] GC(33)   StringTable Weak               Min: 0.00, Avg: 0.12, Max: 0.16, Diff: 0.16, Sum: 0.48, Workers: 4
[755.574s][debug][gc,phases      ] GC(33)     Dead                           Min: 0, Avg:  0.0, Max: 0, Diff: 0, Sum: 0, Workers: 4
[755.574s][debug][gc,phases      ] GC(33)     Total                          Min: 0, Avg: 12420.2, Max: 16960, Diff: 16960, Sum: 49681, Workers: 4
[755.574s][debug][gc,phases      ] GC(33)   ResolvedMethodTable Weak       Min: 0.00, Avg: 0.04, Max: 0.06, Diff: 0.06, Sum: 0.17, Workers: 4
[755.574s][debug][gc,phases      ] GC(33)     Dead                           Min: 0, Avg:  9.2, Max: 30, Diff: 30, Sum: 37, Workers: 4
[755.574s][debug][gc,phases      ] GC(33)     Total                          Min: 0, Avg: 4055.5, Max: 5629, Diff: 5629, Sum: 16222, Workers: 4
[755.574s][debug][gc,phases      ] GC(33)   JNI Weak                       Min: 0.00, Avg: 0.00, Max: 0.00, Diff: 0.00, Sum: 0.00, Workers: 4
[755.574s][debug][gc,phases      ] GC(33)     Dead                           Min: 0, Avg:  0.0, Max: 0, Diff: 0, Sum: 0, Workers: 4
[755.574s][debug][gc,phases      ] GC(33)     Total                          Min: 0, Avg: 13.0, Max: 52, Diff: 52, Sum: 52, Workers: 4
[755.574s][debug][gc,phases      ] GC(33)   StringDedup Table Weak         Min: 0.00, Avg: 0.00, Max: 0.00, Diff: 0.00, Sum: 0.00, Workers: 4
[755.574s][debug][gc,phases      ] GC(33)     Dead                           Min: 0, Avg:  0.0, Max: 0, Diff: 0, Sum: 0, Workers: 4
[755.574s][debug][gc,phases      ] GC(33)     Total                          Min: 0, Avg:  0.0, Max: 0, Diff: 0, Sum: 0, Workers: 4
[755.574s][debug][gc,phases      ] GC(33)   StringDedup Requests0 Weak     Min: 0.00, Avg: 0.00, Max: 0.00, Diff: 0.00, Sum: 0.00, Workers: 4
[755.574s][debug][gc,phases      ] GC(33)     Dead                           Min: 0, Avg:  0.0, Max: 0, Diff: 0, Sum: 0, Workers: 4
[755.574s][debug][gc,phases      ] GC(33)     Total                          Min: 0, Avg:  0.0, Max: 0, Diff: 0, Sum: 0, Workers: 4
[755.574s][debug][gc,phases      ] GC(33)   StringDedup Requests1 Weak     Min: 0.00, Avg: 0.00, Max: 0.00, Diff: 0.00, Sum: 0.00, Workers: 4
[755.574s][debug][gc,phases      ] GC(33)     Dead                           Min: 0, Avg:  0.0, Max: 0, Diff: 0, Sum: 0, Workers: 4
[755.574s][debug][gc,phases      ] GC(33)     Total                          Min: 0, Avg:  0.0, Max: 0, Diff: 0, Sum: 0, Workers: 4
[755.574s][debug][gc,phases      ] GC(33)   Weak JFR Old Object Samples    Min: 0.00, Avg: 0.00, Max: 0.00, Diff: 0.00, Sum: 0.00, Workers: 4
[755.574s][debug][gc,phases      ] GC(33)     Dead                           Min: 0, Avg:  0.0, Max: 0, Diff: 0, Sum: 0, Workers: 4
[755.574s][debug][gc,phases      ] GC(33)     Total                          Min: 0, Avg:  0.0, Max: 0, Diff: 0, Sum: 0, Workers: 4
[755.574s][debug][gc,phases      ] GC(33) Weak Processing 0.437ms
[755.574s][debug][gc,age         ] GC(33) Desired survivor size 171966464 bytes, new threshold 1 (max threshold 15)
[755.574s][info ][gc,heap        ] GC(33) PSYoungGen: 1730480K(1917952K)->4032K(1906176K) Eden: 1726976K(1726976K)->0K(1726976K) From: 3504K(190976K)->4032K(179200K)
[755.574s][info ][gc,heap        ] GC(33) ParOldGen: 373684K(373760K)->374280K(374784K)
[755.574s][info ][gc,metaspace   ] GC(33) Metaspace: 108250K(109440K)->108250K(109440K) NonClass: 92532K(93184K)->92532K(93184K) Class: 15717K(16256K)->15717K(16256K)
[755.574s][info ][gc             ] GC(33) Pause Young (Allocation Failure) 2054M->369M(2227M) 3.388ms
[755.574s][info ][gc,cpu         ] GC(33) User=0.01s Sys=0.00s Real=0.00s
[755.574s][info ][safepoint      ] Safepoint "ParallelCollectForAllocation", Time since last: 68468754294 ns, Reaching safepoint: 26600 ns, At safepoint: 3485699 ns, Leaving safepoint: 2200 ns, Total: 3514499 ns, Threads: 0 runnable, 35 total
[819.586s][info ][gc,start       ] GC(34) Pause Young (Allocation Failure)
[819.590s][debug][gc,phases      ] GC(34) Scavenge 3.414ms
[819.590s][debug][gc,ref         ] GC(34) ReferenceProcessor::execute queues: 1, RefProcThreadModel::Single, marks_oops_alive: false
[819.590s][debug][gc,ref         ] GC(34) Skipped KeepAliveFinalRefsPhase of Reference Processing: no references
[819.590s][debug][gc,ref         ] GC(34) Skipped PhantomRefsPhase of Reference Processing: no references
[819.590s][debug][gc,phases      ] GC(34) Reference Processing 0.128ms
[819.590s][debug][gc,phases      ] GC(34)   VM Weak                        Min: 0.00, Avg: 0.00, Max: 0.00, Diff: 0.00, Sum: 0.01, Workers: 4
[819.590s][debug][gc,phases      ] GC(34)     Dead                           Min: 0, Avg:  0.0, Max: 0, Diff: 0, Sum: 0, Workers: 4
[819.590s][debug][gc,phases      ] GC(34)     Total                          Min: 0, Avg: 210.2, Max: 448, Diff: 448, Sum: 841, Workers: 4
[819.590s][debug][gc,phases      ] GC(34)   ObjectSynchronizer Weak        Min: 0.00, Avg: 0.00, Max: 0.00, Diff: 0.00, Sum: 0.00, Workers: 4
[819.590s][debug][gc,phases      ] GC(34)     Dead                           Min: 0, Avg:  0.0, Max: 0, Diff: 0, Sum: 0, Workers: 4
[819.590s][debug][gc,phases      ] GC(34)     Total                          Min: 0, Avg:  1.2, Max: 5, Diff: 5, Sum: 5, Workers: 4
[819.590s][debug][gc,phases      ] GC(34)   JVMTI Tag Weak OopStorage      Min: 0.00, Avg: 0.00, Max: 0.00, Diff: 0.00, Sum: 0.00, Workers: 4
[819.590s][debug][gc,phases      ] GC(34)     Dead                           Min: 0, Avg:  0.0, Max: 0, Diff: 0, Sum: 0, Workers: 4
[819.590s][debug][gc,phases      ] GC(34)     Total                          Min: 0, Avg:  0.0, Max: 0, Diff: 0, Sum: 0, Workers: 4
[819.590s][debug][gc,phases      ] GC(34)   StringTable Weak               Min: 0.00, Avg: 0.10, Max: 0.13, Diff: 0.13, Sum: 0.39, Workers: 4
[819.590s][debug][gc,phases      ] GC(34)     Dead                           Min: 0, Avg:  0.0, Max: 0, Diff: 0, Sum: 0, Workers: 4
[819.590s][debug][gc,phases      ] GC(34)     Total                          Min: 0, Avg: 12422.5, Max: 20698, Diff: 20698, Sum: 49690, Workers: 4
[819.590s][debug][gc,phases      ] GC(34)   ResolvedMethodTable Weak       Min: 0.00, Avg: 0.03, Max: 0.05, Diff: 0.05, Sum: 0.14, Workers: 4
[819.590s][debug][gc,phases      ] GC(34)     Dead                           Min: 0, Avg:  5.5, Max: 16, Diff: 16, Sum: 22, Workers: 4
[819.590s][debug][gc,phases      ] GC(34)     Total                          Min: 0, Avg: 4056.5, Max: 6925, Diff: 6925, Sum: 16226, Workers: 4
[819.590s][debug][gc,phases      ] GC(34)   JNI Weak                       Min: 0.00, Avg: 0.00, Max: 0.00, Diff: 0.00, Sum: 0.00, Workers: 4
[819.590s][debug][gc,phases      ] GC(34)     Dead                           Min: 0, Avg:  0.0, Max: 0, Diff: 0, Sum: 0, Workers: 4
[819.590s][debug][gc,phases      ] GC(34)     Total                          Min: 0, Avg: 13.0, Max: 52, Diff: 52, Sum: 52, Workers: 4
[819.590s][debug][gc,phases      ] GC(34)   StringDedup Table Weak         Min: 0.00, Avg: 0.00, Max: 0.00, Diff: 0.00, Sum: 0.00, Workers: 4
[819.590s][debug][gc,phases      ] GC(34)     Dead                           Min: 0, Avg:  0.0, Max: 0, Diff: 0, Sum: 0, Workers: 4
[819.590s][debug][gc,phases      ] GC(34)     Total                          Min: 0, Avg:  0.0, Max: 0, Diff: 0, Sum: 0, Workers: 4
[819.590s][debug][gc,phases      ] GC(34)   StringDedup Requests0 Weak     Min: 0.00, Avg: 0.00, Max: 0.00, Diff: 0.00, Sum: 0.00, Workers: 4
[819.590s][debug][gc,phases      ] GC(34)     Dead                           Min: 0, Avg:  0.0, Max: 0, Diff: 0, Sum: 0, Workers: 4
[819.590s][debug][gc,phases      ] GC(34)     Total                          Min: 0, Avg:  0.0, Max: 0, Diff: 0, Sum: 0, Workers: 4
[819.590s][debug][gc,phases      ] GC(34)   StringDedup Requests1 Weak     Min: 0.00, Avg: 0.00, Max: 0.00, Diff: 0.00, Sum: 0.00, Workers: 4
[819.590s][debug][gc,phases      ] GC(34)     Dead                           Min: 0, Avg:  0.0, Max: 0, Diff: 0, Sum: 0, Workers: 4
[819.590s][debug][gc,phases      ] GC(34)     Total                          Min: 0, Avg:  0.0, Max: 0, Diff: 0, Sum: 0, Workers: 4
[819.590s][debug][gc,phases      ] GC(34)   Weak JFR Old Object Samples    Min: 0.00, Avg: 0.00, Max: 0.00, Diff: 0.00, Sum: 0.00, Workers: 4
[819.590s][debug][gc,phases      ] GC(34)     Dead                           Min: 0, Avg:  0.0, Max: 0, Diff: 0, Sum: 0, Workers: 4
[819.590s][debug][gc,phases      ] GC(34)     Total                          Min: 0, Avg:  0.0, Max: 0, Diff: 0, Sum: 0, Workers: 4
[819.590s][debug][gc,phases      ] GC(34) Weak Processing 0.385ms
[819.590s][debug][gc,age         ] GC(34) Desired survivor size 160956416 bytes, new threshold 1 (max threshold 15)
[819.590s][info ][gc,heap        ] GC(34) PSYoungGen: 1731008K(1906176K)->4752K(1939968K) Eden: 1726976K(1726976K)->0K(1772032K) From: 4032K(179200K)->4752K(167936K)
[819.590s][info ][gc,heap        ] GC(34) ParOldGen: 374280K(374784K)->374992K(375296K)
[819.590s][info ][gc,metaspace   ] GC(34) Metaspace: 108288K(109504K)->108288K(109504K) NonClass: 92568K(93248K)->92568K(93248K) Class: 15719K(16256K)->15719K(16256K)
[819.590s][info ][gc             ] GC(34) Pause Young (Allocation Failure) 2055M->370M(2261M) 4.035ms
[819.590s][info ][gc,cpu         ] GC(34) User=0.01s Sys=0.00s Real=0.01s
[819.591s][info ][safepoint      ] Safepoint "ParallelCollectForAllocation", Time since last: 64012355266 ns, Reaching safepoint: 26900 ns, At safepoint: 4104699 ns, Leaving safepoint: 2000 ns, Total: 4133599 ns, Threads: 0 runnable, 34 total
[873.549s][info ][gc,start       ] GC(35) Pause Young (Allocation Failure)
[873.552s][debug][gc,phases      ] GC(35) Scavenge 3.753ms
[873.553s][debug][gc,ref         ] GC(35) ReferenceProcessor::execute queues: 1, RefProcThreadModel::Single, marks_oops_alive: false
[873.553s][debug][gc,ref         ] GC(35) Skipped KeepAliveFinalRefsPhase of Reference Processing: no references
[873.553s][debug][gc,ref         ] GC(35) Skipped PhantomRefsPhase of Reference Processing: no references
[873.553s][debug][gc,phases      ] GC(35) Reference Processing 0.097ms
[873.553s][debug][gc,phases      ] GC(35)   VM Weak                        Min: 0.00, Avg: 0.00, Max: 0.01, Diff: 0.01, Sum: 0.01, Workers: 4
[873.553s][debug][gc,phases      ] GC(35)     Dead                           Min: 0, Avg:  0.0, Max: 0, Diff: 0, Sum: 0, Workers: 4
[873.553s][debug][gc,phases      ] GC(35)     Total                          Min: 0, Avg: 210.2, Max: 585, Diff: 585, Sum: 841, Workers: 4
[873.553s][debug][gc,phases      ] GC(35)   ObjectSynchronizer Weak        Min: 0.00, Avg: 0.00, Max: 0.00, Diff: 0.00, Sum: 0.00, Workers: 4
[873.553s][debug][gc,phases      ] GC(35)     Dead                           Min: 0, Avg:  0.0, Max: 0, Diff: 0, Sum: 0, Workers: 4
[873.553s][debug][gc,phases      ] GC(35)     Total                          Min: 0, Avg:  1.5, Max: 6, Diff: 6, Sum: 6, Workers: 4
[873.553s][debug][gc,phases      ] GC(35)   JVMTI Tag Weak OopStorage      Min: 0.00, Avg: 0.00, Max: 0.00, Diff: 0.00, Sum: 0.00, Workers: 4
[873.553s][debug][gc,phases      ] GC(35)     Dead                           Min: 0, Avg:  0.0, Max: 0, Diff: 0, Sum: 0, Workers: 4
[873.553s][debug][gc,phases      ] GC(35)     Total                          Min: 0, Avg:  0.0, Max: 0, Diff: 0, Sum: 0, Workers: 4
[873.553s][debug][gc,phases      ] GC(35)   StringTable Weak               Min: 0.00, Avg: 0.10, Max: 0.14, Diff: 0.14, Sum: 0.40, Workers: 4
[873.553s][debug][gc,phases      ] GC(35)     Dead                           Min: 0, Avg:  0.0, Max: 0, Diff: 0, Sum: 0, Workers: 4
[873.553s][debug][gc,phases      ] GC(35)     Total                          Min: 0, Avg: 12423.0, Max: 20700, Diff: 20700, Sum: 49692, Workers: 4
[873.553s][debug][gc,phases      ] GC(35)   ResolvedMethodTable Weak       Min: 0.00, Avg: 0.04, Max: 0.05, Diff: 0.05, Sum: 0.14, Workers: 4
[873.553s][debug][gc,phases      ] GC(35)     Dead                           Min: 0, Avg:  5.0, Max: 11, Diff: 11, Sum: 20, Workers: 4
[873.553s][debug][gc,phases      ] GC(35)     Total                          Min: 0, Avg: 4056.5, Max: 6749, Diff: 6749, Sum: 16226, Workers: 4
[873.553s][debug][gc,phases      ] GC(35)   JNI Weak                       Min: 0.00, Avg: 0.00, Max: 0.00, Diff: 0.00, Sum: 0.00, Workers: 4
[873.553s][debug][gc,phases      ] GC(35)     Dead                           Min: 0, Avg:  0.0, Max: 0, Diff: 0, Sum: 0, Workers: 4
[873.553s][debug][gc,phases      ] GC(35)     Total                          Min: 0, Avg: 13.0, Max: 52, Diff: 52, Sum: 52, Workers: 4
[873.553s][debug][gc,phases      ] GC(35)   StringDedup Table Weak         Min: 0.00, Avg: 0.00, Max: 0.00, Diff: 0.00, Sum: 0.00, Workers: 4
[873.553s][debug][gc,phases      ] GC(35)     Dead                           Min: 0, Avg:  0.0, Max: 0, Diff: 0, Sum: 0, Workers: 4
[873.553s][debug][gc,phases      ] GC(35)     Total                          Min: 0, Avg:  0.0, Max: 0, Diff: 0, Sum: 0, Workers: 4
[873.553s][debug][gc,phases      ] GC(35)   StringDedup Requests0 Weak     Min: 0.00, Avg: 0.00, Max: 0.00, Diff: 0.00, Sum: 0.00, Workers: 4
[873.553s][debug][gc,phases      ] GC(35)     Dead                           Min: 0, Avg:  0.0, Max: 0, Diff: 0, Sum: 0, Workers: 4
[873.553s][debug][gc,phases      ] GC(35)     Total                          Min: 0, Avg:  0.0, Max: 0, Diff: 0, Sum: 0, Workers: 4
[873.553s][debug][gc,phases      ] GC(35)   StringDedup Requests1 Weak     Min: 0.00, Avg: 0.00, Max: 0.00, Diff: 0.00, Sum: 0.00, Workers: 4
[873.553s][debug][gc,phases      ] GC(35)     Dead                           Min: 0, Avg:  0.0, Max: 0, Diff: 0, Sum: 0, Workers: 4
[873.553s][debug][gc,phases      ] GC(35)     Total                          Min: 0, Avg:  0.0, Max: 0, Diff: 0, Sum: 0, Workers: 4
[873.553s][debug][gc,phases      ] GC(35)   Weak JFR Old Object Samples    Min: 0.00, Avg: 0.00, Max: 0.00, Diff: 0.00, Sum: 0.00, Workers: 4
[873.553s][debug][gc,phases      ] GC(35)     Dead                           Min: 0, Avg:  0.0, Max: 0, Diff: 0, Sum: 0, Workers: 4
[873.553s][debug][gc,phases      ] GC(35)     Total                          Min: 0, Avg:  0.0, Max: 0, Diff: 0, Sum: 0, Workers: 4
[873.553s][debug][gc,phases      ] GC(35) Weak Processing 0.376ms
[873.553s][debug][gc,age         ] GC(35) Desired survivor size 150470656 bytes, new threshold 1 (max threshold 15)
[873.553s][info ][gc,heap        ] GC(35) PSYoungGen: 1776784K(1939968K)->5088K(1929216K) Eden: 1772032K(1772032K)->0K(1772032K) From: 4752K(167936K)->5088K(157184K)
[873.553s][info ][gc,heap        ] GC(35) ParOldGen: 374992K(375296K)->376464K(376832K)
[873.553s][info ][gc,metaspace   ] GC(35) Metaspace: 108303K(109504K)->108303K(109504K) NonClass: 92583K(93248K)->92583K(93248K) Class: 15719K(16256K)->15719K(16256K)
[873.553s][info ][gc             ] GC(35) Pause Young (Allocation Failure) 2101M->372M(2252M) 4.357ms
[873.553s][info ][gc,cpu         ] GC(35) User=0.01s Sys=0.01s Real=0.01s
[873.553s][info ][safepoint      ] Safepoint "ParallelCollectForAllocation", Time since last: 53958098785 ns, Reaching safepoint: 6100 ns, At safepoint: 4424099 ns, Leaving safepoint: 2600 ns, Total: 4432799 ns, Threads: 0 runnable, 33 total
[885.558s][info ][gc,start       ] GC(36) Pause Young (Allocation Failure)
[885.571s][debug][gc,phases      ] GC(36) Scavenge 13.006ms
[885.571s][debug][gc,ref         ] GC(36) ReferenceProcessor::execute queues: 1, RefProcThreadModel::Single, marks_oops_alive: false
[885.571s][debug][gc,ref         ] GC(36) Skipped KeepAliveFinalRefsPhase of Reference Processing: no references
[885.571s][debug][gc,ref         ] GC(36) Skipped PhantomRefsPhase of Reference Processing: no references
[885.571s][debug][gc,phases      ] GC(36) Reference Processing 0.124ms
[885.571s][debug][gc,phases      ] GC(36)   VM Weak                        Min: 0.00, Avg: 0.00, Max: 0.01, Diff: 0.01, Sum: 0.01, Workers: 4
[885.571s][debug][gc,phases      ] GC(36)     Dead                           Min: 0, Avg:  0.0, Max: 0, Diff: 0, Sum: 0, Workers: 4
[885.571s][debug][gc,phases      ] GC(36)     Total                          Min: 0, Avg: 210.2, Max: 777, Diff: 777, Sum: 841, Workers: 4
[885.571s][debug][gc,phases      ] GC(36)   ObjectSynchronizer Weak        Min: 0.00, Avg: 0.00, Max: 0.00, Diff: 0.00, Sum: 0.00, Workers: 4
[885.571s][debug][gc,phases      ] GC(36)     Dead                           Min: 0, Avg:  0.0, Max: 0, Diff: 0, Sum: 0, Workers: 4
[885.571s][debug][gc,phases      ] GC(36)     Total                          Min: 0, Avg:  1.8, Max: 7, Diff: 7, Sum: 7, Workers: 4
[885.571s][debug][gc,phases      ] GC(36)   JVMTI Tag Weak OopStorage      Min: 0.00, Avg: 0.00, Max: 0.00, Diff: 0.00, Sum: 0.00, Workers: 4
[885.571s][debug][gc,phases      ] GC(36)     Dead                           Min: 0, Avg:  0.0, Max: 0, Diff: 0, Sum: 0, Workers: 4
[885.571s][debug][gc,phases      ] GC(36)     Total                          Min: 0, Avg:  0.0, Max: 0, Diff: 0, Sum: 0, Workers: 4
[885.571s][debug][gc,phases      ] GC(36)   StringTable Weak               Min: 0.00, Avg: 0.10, Max: 0.14, Diff: 0.14, Sum: 0.41, Workers: 4
[885.571s][debug][gc,phases      ] GC(36)     Dead                           Min: 0, Avg:  0.0, Max: 0, Diff: 0, Sum: 0, Workers: 4
[885.571s][debug][gc,phases      ] GC(36)     Total                          Min: 0, Avg: 12423.5, Max: 20958, Diff: 20958, Sum: 49694, Workers: 4
[885.571s][debug][gc,phases      ] GC(36)   ResolvedMethodTable Weak       Min: 0.00, Avg: 0.03, Max: 0.05, Diff: 0.05, Sum: 0.14, Workers: 4
[885.571s][debug][gc,phases      ] GC(36)     Dead                           Min: 0, Avg:  0.0, Max: 0, Diff: 0, Sum: 0, Workers: 4
[885.571s][debug][gc,phases      ] GC(36)     Total                          Min: 0, Avg: 4056.5, Max: 6734, Diff: 6734, Sum: 16226, Workers: 4
[885.571s][debug][gc,phases      ] GC(36)   JNI Weak                       Min: 0.00, Avg: 0.00, Max: 0.00, Diff: 0.00, Sum: 0.00, Workers: 4
[885.571s][debug][gc,phases      ] GC(36)     Dead                           Min: 0, Avg:  0.0, Max: 0, Diff: 0, Sum: 0, Workers: 4
[885.571s][debug][gc,phases      ] GC(36)     Total                          Min: 0, Avg: 13.0, Max: 52, Diff: 52, Sum: 52, Workers: 4
[885.571s][debug][gc,phases      ] GC(36)   StringDedup Table Weak         Min: 0.00, Avg: 0.00, Max: 0.00, Diff: 0.00, Sum: 0.00, Workers: 4
[885.571s][debug][gc,phases      ] GC(36)     Dead                           Min: 0, Avg:  0.0, Max: 0, Diff: 0, Sum: 0, Workers: 4
[885.571s][debug][gc,phases      ] GC(36)     Total                          Min: 0, Avg:  0.0, Max: 0, Diff: 0, Sum: 0, Workers: 4
[885.571s][debug][gc,phases      ] GC(36)   StringDedup Requests0 Weak     Min: 0.00, Avg: 0.00, Max: 0.00, Diff: 0.00, Sum: 0.00, Workers: 4
[885.571s][debug][gc,phases      ] GC(36)     Dead                           Min: 0, Avg:  0.0, Max: 0, Diff: 0, Sum: 0, Workers: 4
[885.571s][debug][gc,phases      ] GC(36)     Total                          Min: 0, Avg:  0.0, Max: 0, Diff: 0, Sum: 0, Workers: 4
[885.571s][debug][gc,phases      ] GC(36)   StringDedup Requests1 Weak     Min: 0.00, Avg: 0.00, Max: 0.00, Diff: 0.00, Sum: 0.00, Workers: 4
[885.571s][debug][gc,phases      ] GC(36)     Dead                           Min: 0, Avg:  0.0, Max: 0, Diff: 0, Sum: 0, Workers: 4
[885.571s][debug][gc,phases      ] GC(36)     Total                          Min: 0, Avg:  0.0, Max: 0, Diff: 0, Sum: 0, Workers: 4
[885.571s][debug][gc,phases      ] GC(36)   Weak JFR Old Object Samples    Min: 0.00, Avg: 0.00, Max: 0.00, Diff: 0.00, Sum: 0.00, Workers: 4
[885.571s][debug][gc,phases      ] GC(36)     Dead                           Min: 0, Avg:  0.0, Max: 0, Diff: 0, Sum: 0, Workers: 4
[885.571s][debug][gc,phases      ] GC(36)     Total                          Min: 0, Avg:  0.0, Max: 0, Diff: 0, Sum: 0, Workers: 4
[885.571s][debug][gc,phases      ] GC(36) Weak Processing 0.364ms
[885.571s][debug][gc,age         ] GC(36) Desired survivor size 142082048 bytes, new threshold 1 (max threshold 15)
[885.571s][info ][gc,heap        ] GC(36) PSYoungGen: 1777120K(1929216K)->33056K(1958400K) Eden: 1772032K(1772032K)->0K(1811456K) From: 5088K(157184K)->33056K(146944K)
[885.571s][info ][gc,heap        ] GC(36) ParOldGen: 376464K(376832K)->377536K(377856K)
[885.571s][info ][gc,metaspace   ] GC(36) Metaspace: 108346K(109568K)->108346K(109568K) NonClass: 92626K(93312K)->92626K(93312K) Class: 15719K(16256K)->15719K(16256K)
[885.571s][info ][gc             ] GC(36) Pause Young (Allocation Failure) 2103M->400M(2281M) 13.619ms
[885.572s][info ][gc,cpu         ] GC(36) User=0.05s Sys=0.00s Real=0.02s
[885.572s][info ][safepoint      ] Safepoint "ParallelCollectForAllocation", Time since last: 12004792499 ns, Reaching safepoint: 7100 ns, At safepoint: 13687001 ns, Leaving safepoint: 4300 ns, Total: 13698401 ns, Threads: 0 runnable, 38 total
[897.495s][info ][gc,start       ] GC(37) Pause Young (Allocation Failure)
[897.520s][debug][gc,phases      ] GC(37) Scavenge 25.624ms
[897.520s][debug][gc,ref         ] GC(37) ReferenceProcessor::execute queues: 1, RefProcThreadModel::Single, marks_oops_alive: false
[897.520s][debug][gc,ref         ] GC(37) Skipped KeepAliveFinalRefsPhase of Reference Processing: no references
[897.520s][debug][gc,ref         ] GC(37) Skipped PhantomRefsPhase of Reference Processing: no references
[897.520s][debug][gc,phases      ] GC(37) Reference Processing 0.100ms
[897.521s][debug][gc,phases      ] GC(37)   VM Weak                        Min: 0.00, Avg: 0.00, Max: 0.01, Diff: 0.01, Sum: 0.01, Workers: 4
[897.521s][debug][gc,phases      ] GC(37)     Dead                           Min: 0, Avg:  0.0, Max: 0, Diff: 0, Sum: 0, Workers: 4
[897.521s][debug][gc,phases      ] GC(37)     Total                          Min: 0, Avg: 210.2, Max: 768, Diff: 768, Sum: 841, Workers: 4
[897.521s][debug][gc,phases      ] GC(37)   ObjectSynchronizer Weak        Min: 0.00, Avg: 0.00, Max: 0.00, Diff: 0.00, Sum: 0.00, Workers: 4
[897.521s][debug][gc,phases      ] GC(37)     Dead                           Min: 0, Avg:  0.0, Max: 0, Diff: 0, Sum: 0, Workers: 4
[897.521s][debug][gc,phases      ] GC(37)     Total                          Min: 0, Avg:  1.8, Max: 7, Diff: 7, Sum: 7, Workers: 4
[897.521s][debug][gc,phases      ] GC(37)   JVMTI Tag Weak OopStorage      Min: 0.00, Avg: 0.00, Max: 0.00, Diff: 0.00, Sum: 0.00, Workers: 4
[897.521s][debug][gc,phases      ] GC(37)     Dead                           Min: 0, Avg:  0.0, Max: 0, Diff: 0, Sum: 0, Workers: 4
[897.521s][debug][gc,phases      ] GC(37)     Total                          Min: 0, Avg:  0.0, Max: 0, Diff: 0, Sum: 0, Workers: 4
[897.521s][debug][gc,phases      ] GC(37)   StringTable Weak               Min: 0.00, Avg: 0.11, Max: 0.14, Diff: 0.14, Sum: 0.43, Workers: 4
[897.521s][debug][gc,phases      ] GC(37)     Dead                           Min: 0, Avg:  0.0, Max: 0, Diff: 0, Sum: 0, Workers: 4
[897.521s][debug][gc,phases      ] GC(37)     Total                          Min: 0, Avg: 12424.2, Max: 20928, Diff: 20928, Sum: 49697, Workers: 4
[897.521s][debug][gc,phases      ] GC(37)   ResolvedMethodTable Weak       Min: 0.00, Avg: 0.04, Max: 0.05, Diff: 0.05, Sum: 0.14, Workers: 4
[897.521s][debug][gc,phases      ] GC(37)     Dead                           Min: 0, Avg:  0.0, Max: 0, Diff: 0, Sum: 0, Workers: 4
[897.521s][debug][gc,phases      ] GC(37)     Total                          Min: 0, Avg: 4056.5, Max: 6857, Diff: 6857, Sum: 16226, Workers: 4
[897.521s][debug][gc,phases      ] GC(37)   JNI Weak                       Min: 0.00, Avg: 0.00, Max: 0.00, Diff: 0.00, Sum: 0.00, Workers: 4
[897.521s][debug][gc,phases      ] GC(37)     Dead                           Min: 0, Avg:  0.0, Max: 0, Diff: 0, Sum: 0, Workers: 4
[897.521s][debug][gc,phases      ] GC(37)     Total                          Min: 0, Avg: 13.2, Max: 53, Diff: 53, Sum: 53, Workers: 4
[897.521s][debug][gc,phases      ] GC(37)   StringDedup Table Weak         Min: 0.00, Avg: 0.00, Max: 0.00, Diff: 0.00, Sum: 0.00, Workers: 4
[897.521s][debug][gc,phases      ] GC(37)     Dead                           Min: 0, Avg:  0.0, Max: 0, Diff: 0, Sum: 0, Workers: 4
[897.521s][debug][gc,phases      ] GC(37)     Total                          Min: 0, Avg:  0.0, Max: 0, Diff: 0, Sum: 0, Workers: 4
[897.521s][debug][gc,phases      ] GC(37)   StringDedup Requests0 Weak     Min: 0.00, Avg: 0.00, Max: 0.00, Diff: 0.00, Sum: 0.00, Workers: 4
[897.521s][debug][gc,phases      ] GC(37)     Dead                           Min: 0, Avg:  0.0, Max: 0, Diff: 0, Sum: 0, Workers: 4
[897.521s][debug][gc,phases      ] GC(37)     Total                          Min: 0, Avg:  0.0, Max: 0, Diff: 0, Sum: 0, Workers: 4
[897.521s][debug][gc,phases      ] GC(37)   StringDedup Requests1 Weak     Min: 0.00, Avg: 0.00, Max: 0.00, Diff: 0.00, Sum: 0.00, Workers: 4
[897.521s][debug][gc,phases      ] GC(37)     Dead                           Min: 0, Avg:  0.0, Max: 0, Diff: 0, Sum: 0, Workers: 4
[897.521s][debug][gc,phases      ] GC(37)     Total                          Min: 0, Avg:  0.0, Max: 0, Diff: 0, Sum: 0, Workers: 4
[897.521s][debug][gc,phases      ] GC(37)   Weak JFR Old Object Samples    Min: 0.00, Avg: 0.00, Max: 0.00, Diff: 0.00, Sum: 0.00, Workers: 4
[897.521s][debug][gc,phases      ] GC(37)     Dead                           Min: 0, Avg:  0.0, Max: 0, Diff: 0, Sum: 0, Workers: 4
[897.521s][debug][gc,phases      ] GC(37)     Total                          Min: 0, Avg:  0.0, Max: 0, Diff: 0, Sum: 0, Workers: 4
[897.521s][debug][gc,phases      ] GC(37) Weak Processing 0.366ms
[897.521s][debug][gc,age         ] GC(37) Desired survivor size 131596288 bytes, new threshold 1 (max threshold 15)
[897.521s][info ][gc,heap        ] GC(37) PSYoungGen: 1844512K(1958400K)->26032K(1950208K) Eden: 1811456K(1811456K)->0K(1811456K) From: 33056K(146944K)->26032K(138752K)
[897.521s][info ][gc,heap        ] GC(37) ParOldGen: 377536K(377856K)->409537K(409600K)
[897.521s][info ][gc,metaspace   ] GC(37) Metaspace: 108365K(109568K)->108365K(109568K) NonClass: 92646K(93312K)->92646K(93312K) Class: 15719K(16256K)->15719K(16256K)
[897.521s][info ][gc             ] GC(37) Pause Young (Allocation Failure) 2169M->425M(2304M) 26.213ms
[897.521s][info ][gc,cpu         ] GC(37) User=0.06s Sys=0.03s Real=0.03s
[897.521s][info ][safepoint      ] Safepoint "ParallelCollectForAllocation", Time since last: 11922829296 ns, Reaching safepoint: 109800 ns, At safepoint: 26282898 ns, Leaving safepoint: 30700 ns, Total: 26423398 ns, Threads: 2 runnable, 38 total
[903.210s][info ][gc,start       ] GC(38) Pause Young (Allocation Failure)
[903.236s][debug][gc,phases      ] GC(38) Scavenge 26.181ms
[903.236s][debug][gc,ref         ] GC(38) ReferenceProcessor::execute queues: 1, RefProcThreadModel::Single, marks_oops_alive: false
[903.236s][debug][gc,ref         ] GC(38) Skipped KeepAliveFinalRefsPhase of Reference Processing: no references
[903.236s][debug][gc,ref         ] GC(38) ReferenceProcessor::execute queues: 1, RefProcThreadModel::Single, marks_oops_alive: false
[903.236s][debug][gc,phases      ] GC(38) Reference Processing 0.109ms
[903.237s][debug][gc,phases      ] GC(38)   VM Weak                        Min: 0.00, Avg: 0.00, Max: 0.01, Diff: 0.01, Sum: 0.01, Workers: 4
[903.237s][debug][gc,phases      ] GC(38)     Dead                           Min: 0, Avg:  0.0, Max: 0, Diff: 0, Sum: 0, Workers: 4
[903.237s][debug][gc,phases      ] GC(38)     Total                          Min: 0, Avg: 210.2, Max: 576, Diff: 576, Sum: 841, Workers: 4
[903.237s][debug][gc,phases      ] GC(38)   ObjectSynchronizer Weak        Min: 0.00, Avg: 0.00, Max: 0.00, Diff: 0.00, Sum: 0.00, Workers: 4
[903.237s][debug][gc,phases      ] GC(38)     Dead                           Min: 0, Avg:  0.0, Max: 0, Diff: 0, Sum: 0, Workers: 4
[903.237s][debug][gc,phases      ] GC(38)     Total                          Min: 0, Avg:  1.2, Max: 5, Diff: 5, Sum: 5, Workers: 4
[903.237s][debug][gc,phases      ] GC(38)   JVMTI Tag Weak OopStorage      Min: 0.00, Avg: 0.00, Max: 0.00, Diff: 0.00, Sum: 0.00, Workers: 4
[903.237s][debug][gc,phases      ] GC(38)     Dead                           Min: 0, Avg:  0.0, Max: 0, Diff: 0, Sum: 0, Workers: 4
[903.237s][debug][gc,phases      ] GC(38)     Total                          Min: 0, Avg:  0.0, Max: 0, Diff: 0, Sum: 0, Workers: 4
[903.237s][debug][gc,phases      ] GC(38)   StringTable Weak               Min: 0.00, Avg: 0.11, Max: 0.15, Diff: 0.15, Sum: 0.45, Workers: 4
[903.237s][debug][gc,phases      ] GC(38)     Dead                           Min: 0, Avg:  0.0, Max: 0, Diff: 0, Sum: 0, Workers: 4
[903.237s][debug][gc,phases      ] GC(38)     Total                          Min: 0, Avg: 12428.2, Max: 20657, Diff: 20657, Sum: 49713, Workers: 4
[903.237s][debug][gc,phases      ] GC(38)   ResolvedMethodTable Weak       Min: 0.00, Avg: 0.04, Max: 0.05, Diff: 0.05, Sum: 0.15, Workers: 4
[903.237s][debug][gc,phases      ] GC(38)     Dead                           Min: 0, Avg: 10.0, Max: 35, Diff: 35, Sum: 40, Workers: 4
[903.237s][debug][gc,phases      ] GC(38)     Total                          Min: 0, Avg: 4057.5, Max: 6632, Diff: 6632, Sum: 16230, Workers: 4
[903.237s][debug][gc,phases      ] GC(38)   JNI Weak                       Min: 0.00, Avg: 0.00, Max: 0.00, Diff: 0.00, Sum: 0.00, Workers: 4
[903.237s][debug][gc,phases      ] GC(38)     Dead                           Min: 0, Avg:  0.0, Max: 0, Diff: 0, Sum: 0, Workers: 4
[903.237s][debug][gc,phases      ] GC(38)     Total                          Min: 0, Avg: 13.0, Max: 52, Diff: 52, Sum: 52, Workers: 4
[903.237s][debug][gc,phases      ] GC(38)   StringDedup Table Weak         Min: 0.00, Avg: 0.00, Max: 0.00, Diff: 0.00, Sum: 0.00, Workers: 4
[903.237s][debug][gc,phases      ] GC(38)     Dead                           Min: 0, Avg:  0.0, Max: 0, Diff: 0, Sum: 0, Workers: 4
[903.237s][debug][gc,phases      ] GC(38)     Total                          Min: 0, Avg:  0.0, Max: 0, Diff: 0, Sum: 0, Workers: 4
[903.237s][debug][gc,phases      ] GC(38)   StringDedup Requests0 Weak     Min: 0.00, Avg: 0.00, Max: 0.00, Diff: 0.00, Sum: 0.00, Workers: 4
[903.237s][debug][gc,phases      ] GC(38)     Dead                           Min: 0, Avg:  0.0, Max: 0, Diff: 0, Sum: 0, Workers: 4
[903.237s][debug][gc,phases      ] GC(38)     Total                          Min: 0, Avg:  0.0, Max: 0, Diff: 0, Sum: 0, Workers: 4
[903.237s][debug][gc,phases      ] GC(38)   StringDedup Requests1 Weak     Min: 0.00, Avg: 0.00, Max: 0.00, Diff: 0.00, Sum: 0.00, Workers: 4
[903.237s][debug][gc,phases      ] GC(38)     Dead                           Min: 0, Avg:  0.0, Max: 0, Diff: 0, Sum: 0, Workers: 4
[903.237s][debug][gc,phases      ] GC(38)     Total                          Min: 0, Avg:  0.0, Max: 0, Diff: 0, Sum: 0, Workers: 4
[903.237s][debug][gc,phases      ] GC(38)   Weak JFR Old Object Samples    Min: 0.00, Avg: 0.00, Max: 0.00, Diff: 0.00, Sum: 0.00, Workers: 4
[903.237s][debug][gc,phases      ] GC(38)     Dead                           Min: 0, Avg:  0.0, Max: 0, Diff: 0, Sum: 0, Workers: 4
[903.237s][debug][gc,phases      ] GC(38)     Total                          Min: 0, Avg:  0.0, Max: 0, Diff: 0, Sum: 0, Workers: 4
[903.237s][debug][gc,phases      ] GC(38) Weak Processing 0.375ms
[903.237s][debug][gc,age         ] GC(38) Desired survivor size 127926272 bytes, new threshold 1 (max threshold 15)
[903.237s][info ][gc,heap        ] GC(38) PSYoungGen: 1837488K(1950208K)->41818K(1972224K) Eden: 1811456K(1811456K)->0K(1843712K) From: 26032K(138752K)->41818K(128512K)
[903.237s][info ][gc,heap        ] GC(38) ParOldGen: 409537K(409600K)->434026K(434176K)
[903.237s][info ][gc,metaspace   ] GC(38) Metaspace: 108453K(109632K)->108453K(109632K) NonClass: 92728K(93376K)->92728K(93376K) Class: 15725K(16256K)->15725K(16256K)
[903.237s][info ][gc             ] GC(38) Pause Young (Allocation Failure) 2194M->464M(2350M) 26.804ms
[903.237s][info ][gc,cpu         ] GC(38) User=0.08s Sys=0.02s Real=0.02s
[903.237s][info ][safepoint      ] Safepoint "ParallelCollectForAllocation", Time since last: 5689041802 ns, Reaching safepoint: 7600 ns, At safepoint: 26878694 ns, Leaving safepoint: 12100 ns, Total: 26898394 ns, Threads: 0 runnable, 39 total
[917.810s][info ][gc,start       ] GC(39) Pause Young (Allocation Failure)
[917.839s][debug][gc,phases      ] GC(39) Scavenge 29.038ms
[917.839s][debug][gc,ref         ] GC(39) ReferenceProcessor::execute queues: 1, RefProcThreadModel::Single, marks_oops_alive: false
[917.839s][debug][gc,ref         ] GC(39) Skipped KeepAliveFinalRefsPhase of Reference Processing: no references
[917.839s][debug][gc,ref         ] GC(39) Skipped PhantomRefsPhase of Reference Processing: no references
[917.839s][debug][gc,phases      ] GC(39) Reference Processing 0.106ms
[917.839s][debug][gc,phases      ] GC(39)   VM Weak                        Min: 0.00, Avg: 0.00, Max: 0.01, Diff: 0.01, Sum: 0.01, Workers: 4
[917.839s][debug][gc,phases      ] GC(39)     Dead                           Min: 0, Avg:  0.0, Max: 0, Diff: 0, Sum: 0, Workers: 4
[917.839s][debug][gc,phases      ] GC(39)     Total                          Min: 0, Avg: 210.2, Max: 768, Diff: 768, Sum: 841, Workers: 4
[917.839s][debug][gc,phases      ] GC(39)   ObjectSynchronizer Weak        Min: 0.00, Avg: 0.00, Max: 0.00, Diff: 0.00, Sum: 0.00, Workers: 4
[917.839s][debug][gc,phases      ] GC(39)     Dead                           Min: 0, Avg:  0.0, Max: 0, Diff: 0, Sum: 0, Workers: 4
[917.839s][debug][gc,phases      ] GC(39)     Total                          Min: 0, Avg:  1.5, Max: 6, Diff: 6, Sum: 6, Workers: 4
[917.839s][debug][gc,phases      ] GC(39)   JVMTI Tag Weak OopStorage      Min: 0.00, Avg: 0.00, Max: 0.00, Diff: 0.00, Sum: 0.00, Workers: 4
[917.839s][debug][gc,phases      ] GC(39)     Dead                           Min: 0, Avg:  0.0, Max: 0, Diff: 0, Sum: 0, Workers: 4
[917.839s][debug][gc,phases      ] GC(39)     Total                          Min: 0, Avg:  0.0, Max: 0, Diff: 0, Sum: 0, Workers: 4
[917.839s][debug][gc,phases      ] GC(39)   StringTable Weak               Min: 0.13, Avg: 0.14, Max: 0.14, Diff: 0.00, Sum: 0.54, Workers: 4
[917.839s][debug][gc,phases      ] GC(39)     Dead                           Min: 0, Avg:  0.0, Max: 0, Diff: 0, Sum: 0, Workers: 4
[917.839s][debug][gc,phases      ] GC(39)     Total                          Min: 12096, Avg: 12430.2, Max: 12672, Diff: 576, Sum: 49721, Workers: 4
[917.839s][debug][gc,phases      ] GC(39)   ResolvedMethodTable Weak       Min: 0.04, Avg: 0.04, Max: 0.04, Diff: 0.00, Sum: 0.16, Workers: 4
[917.839s][debug][gc,phases      ] GC(39)     Dead                           Min: 0, Avg:  0.0, Max: 0, Diff: 0, Sum: 0, Workers: 4
[917.839s][debug][gc,phases      ] GC(39)     Total                          Min: 3992, Avg: 4058.0, Max: 4105, Diff: 113, Sum: 16232, Workers: 4
[917.839s][debug][gc,phases      ] GC(39)   JNI Weak                       Min: 0.00, Avg: 0.00, Max: 0.00, Diff: 0.00, Sum: 0.00, Workers: 4
[917.839s][debug][gc,phases      ] GC(39)     Dead                           Min: 0, Avg:  0.0, Max: 0, Diff: 0, Sum: 0, Workers: 4
[917.839s][debug][gc,phases      ] GC(39)     Total                          Min: 0, Avg: 13.2, Max: 53, Diff: 53, Sum: 53, Workers: 4
[917.839s][debug][gc,phases      ] GC(39)   StringDedup Table Weak         Min: 0.00, Avg: 0.00, Max: 0.00, Diff: 0.00, Sum: 0.00, Workers: 4
[917.839s][debug][gc,phases      ] GC(39)     Dead                           Min: 0, Avg:  0.0, Max: 0, Diff: 0, Sum: 0, Workers: 4
[917.839s][debug][gc,phases      ] GC(39)     Total                          Min: 0, Avg:  0.0, Max: 0, Diff: 0, Sum: 0, Workers: 4
[917.839s][debug][gc,phases      ] GC(39)   StringDedup Requests0 Weak     Min: 0.00, Avg: 0.00, Max: 0.00, Diff: 0.00, Sum: 0.00, Workers: 4
[917.839s][debug][gc,phases      ] GC(39)     Dead                           Min: 0, Avg:  0.0, Max: 0, Diff: 0, Sum: 0, Workers: 4
[917.839s][debug][gc,phases      ] GC(39)     Total                          Min: 0, Avg:  0.0, Max: 0, Diff: 0, Sum: 0, Workers: 4
[917.839s][debug][gc,phases      ] GC(39)   StringDedup Requests1 Weak     Min: 0.00, Avg: 0.00, Max: 0.00, Diff: 0.00, Sum: 0.00, Workers: 4
[917.839s][debug][gc,phases      ] GC(39)     Dead                           Min: 0, Avg:  0.0, Max: 0, Diff: 0, Sum: 0, Workers: 4
[917.839s][debug][gc,phases      ] GC(39)     Total                          Min: 0, Avg:  0.0, Max: 0, Diff: 0, Sum: 0, Workers: 4
[917.839s][debug][gc,phases      ] GC(39)   Weak JFR Old Object Samples    Min: 0.00, Avg: 0.00, Max: 0.00, Diff: 0.00, Sum: 0.00, Workers: 4
[917.839s][debug][gc,phases      ] GC(39)     Dead                           Min: 0, Avg:  0.0, Max: 0, Diff: 0, Sum: 0, Workers: 4
[917.839s][debug][gc,phases      ] GC(39)     Total                          Min: 0, Avg:  0.0, Max: 0, Diff: 0, Sum: 0, Workers: 4
[917.839s][debug][gc,phases      ] GC(39) Weak Processing 0.341ms
[917.839s][debug][gc,age         ] GC(39) Desired survivor size 121110528 bytes, new threshold 1 (max threshold 15)
[917.839s][info ][gc,heap        ] GC(39) PSYoungGen: 1885530K(1972224K)->6272K(1968640K) Eden: 1843712K(1843712K)->0K(1843712K) From: 41818K(128512K)->6272K(124928K)
[917.839s][info ][gc,heap        ] GC(39) ParOldGen: 434026K(434176K)->475094K(475136K)
[917.839s][info ][gc,metaspace   ] GC(39) Metaspace: 108478K(109696K)->108478K(109696K) NonClass: 92751K(93440K)->92751K(93440K) Class: 15726K(16256K)->15726K(16256K)
[917.839s][info ][gc             ] GC(39) Pause Young (Allocation Failure) 2265M->470M(2386M) 29.614ms
[917.839s][info ][gc,cpu         ] GC(39) User=0.08s Sys=0.02s Real=0.03s
[917.839s][info ][safepoint      ] Safepoint "ParallelCollectForAllocation", Time since last: 14572795068 ns, Reaching safepoint: 85100 ns, At safepoint: 29683497 ns, Leaving safepoint: 19100 ns, Total: 29787697 ns, Threads: 1 runnable, 38 total
[933.143s][info ][gc,start       ] GC(40) Pause Young (Allocation Failure)
[933.149s][debug][gc,phases      ] GC(40) Scavenge 5.696ms
[933.149s][debug][gc,ref         ] GC(40) ReferenceProcessor::execute queues: 1, RefProcThreadModel::Single, marks_oops_alive: false
[933.149s][debug][gc,ref         ] GC(40) Skipped KeepAliveFinalRefsPhase of Reference Processing: no references
[933.149s][debug][gc,ref         ] GC(40) Skipped PhantomRefsPhase of Reference Processing: no references
[933.149s][debug][gc,phases      ] GC(40) Reference Processing 0.099ms
[933.149s][debug][gc,phases      ] GC(40)   VM Weak                        Min: 0.00, Avg: 0.00, Max: 0.01, Diff: 0.01, Sum: 0.01, Workers: 4
[933.149s][debug][gc,phases      ] GC(40)     Dead                           Min: 0, Avg:  0.0, Max: 0, Diff: 0, Sum: 0, Workers: 4
[933.149s][debug][gc,phases      ] GC(40)     Total                          Min: 0, Avg: 210.2, Max: 457, Diff: 457, Sum: 841, Workers: 4
[933.149s][debug][gc,phases      ] GC(40)   ObjectSynchronizer Weak        Min: 0.00, Avg: 0.00, Max: 0.00, Diff: 0.00, Sum: 0.00, Workers: 4
[933.149s][debug][gc,phases      ] GC(40)     Dead                           Min: 0, Avg:  0.0, Max: 0, Diff: 0, Sum: 0, Workers: 4
[933.149s][debug][gc,phases      ] GC(40)     Total                          Min: 0, Avg:  1.5, Max: 6, Diff: 6, Sum: 6, Workers: 4
[933.149s][debug][gc,phases      ] GC(40)   JVMTI Tag Weak OopStorage      Min: 0.00, Avg: 0.00, Max: 0.00, Diff: 0.00, Sum: 0.00, Workers: 4
[933.149s][debug][gc,phases      ] GC(40)     Dead                           Min: 0, Avg:  0.0, Max: 0, Diff: 0, Sum: 0, Workers: 4
[933.149s][debug][gc,phases      ] GC(40)     Total                          Min: 0, Avg:  0.0, Max: 0, Diff: 0, Sum: 0, Workers: 4
[933.149s][debug][gc,phases      ] GC(40)   StringTable Weak               Min: 0.00, Avg: 0.10, Max: 0.13, Diff: 0.13, Sum: 0.39, Workers: 4
[933.149s][debug][gc,phases      ] GC(40)     Dead                           Min: 0, Avg:  0.0, Max: 0, Diff: 0, Sum: 0, Workers: 4
[933.149s][debug][gc,phases      ] GC(40)     Total                          Min: 0, Avg: 12430.2, Max: 21376, Diff: 21376, Sum: 49721, Workers: 4
[933.149s][debug][gc,phases      ] GC(40)   ResolvedMethodTable Weak       Min: 0.00, Avg: 0.04, Max: 0.05, Diff: 0.05, Sum: 0.14, Workers: 4
[933.149s][debug][gc,phases      ] GC(40)     Dead                           Min: 0, Avg:  5.0, Max: 17, Diff: 17, Sum: 20, Workers: 4
[933.149s][debug][gc,phases      ] GC(40)     Total                          Min: 0, Avg: 4058.0, Max: 6946, Diff: 6946, Sum: 16232, Workers: 4
[933.149s][debug][gc,phases      ] GC(40)   JNI Weak                       Min: 0.00, Avg: 0.00, Max: 0.00, Diff: 0.00, Sum: 0.00, Workers: 4
[933.150s][debug][gc,phases      ] GC(40)     Dead                           Min: 0, Avg:  0.0, Max: 0, Diff: 0, Sum: 0, Workers: 4
[933.150s][debug][gc,phases      ] GC(40)     Total                          Min: 0, Avg: 13.0, Max: 52, Diff: 52, Sum: 52, Workers: 4
[933.150s][debug][gc,phases      ] GC(40)   StringDedup Table Weak         Min: 0.00, Avg: 0.00, Max: 0.00, Diff: 0.00, Sum: 0.00, Workers: 4
[933.150s][debug][gc,phases      ] GC(40)     Dead                           Min: 0, Avg:  0.0, Max: 0, Diff: 0, Sum: 0, Workers: 4
[933.150s][debug][gc,phases      ] GC(40)     Total                          Min: 0, Avg:  0.0, Max: 0, Diff: 0, Sum: 0, Workers: 4
[933.150s][debug][gc,phases      ] GC(40)   StringDedup Requests0 Weak     Min: 0.00, Avg: 0.00, Max: 0.00, Diff: 0.00, Sum: 0.00, Workers: 4
[933.150s][debug][gc,phases      ] GC(40)     Dead                           Min: 0, Avg:  0.0, Max: 0, Diff: 0, Sum: 0, Workers: 4
[933.150s][debug][gc,phases      ] GC(40)     Total                          Min: 0, Avg:  0.0, Max: 0, Diff: 0, Sum: 0, Workers: 4
[933.150s][debug][gc,phases      ] GC(40)   StringDedup Requests1 Weak     Min: 0.00, Avg: 0.00, Max: 0.00, Diff: 0.00, Sum: 0.00, Workers: 4
[933.150s][debug][gc,phases      ] GC(40)     Dead                           Min: 0, Avg:  0.0, Max: 0, Diff: 0, Sum: 0, Workers: 4
[933.150s][debug][gc,phases      ] GC(40)     Total                          Min: 0, Avg:  0.0, Max: 0, Diff: 0, Sum: 0, Workers: 4
[933.150s][debug][gc,phases      ] GC(40)   Weak JFR Old Object Samples    Min: 0.00, Avg: 0.00, Max: 0.00, Diff: 0.00, Sum: 0.00, Workers: 4
[933.150s][debug][gc,phases      ] GC(40)     Dead                           Min: 0, Avg:  0.0, Max: 0, Diff: 0, Sum: 0, Workers: 4
[933.150s][debug][gc,phases      ] GC(40)     Total                          Min: 0, Avg:  0.0, Max: 0, Diff: 0, Sum: 0, Workers: 4
[933.150s][debug][gc,phases      ] GC(40) Weak Processing 0.347ms
[933.150s][debug][gc,age         ] GC(40) Desired survivor size 114294784 bytes, new threshold 1 (max threshold 15)
[933.150s][info ][gc,heap        ] GC(40) PSYoungGen: 1849984K(1968640K)->4032K(1985536K) Eden: 1843712K(1843712K)->0K(1867264K) From: 6272K(124928K)->4032K(118272K)
[933.150s][info ][gc,heap        ] GC(40) ParOldGen: 475094K(475136K)->478586K(478720K)
[933.150s][info ][gc,metaspace   ] GC(40) Metaspace: 108492K(109696K)->108492K(109696K) NonClass: 92766K(93440K)->92766K(93440K) Class: 15726K(16256K)->15726K(16256K)
[933.150s][info ][gc             ] GC(40) Pause Young (Allocation Failure) 2270M->471M(2406M) 6.262ms
[933.150s][info ][gc,cpu         ] GC(40) User=0.03s Sys=0.00s Real=0.01s
[933.150s][info ][safepoint      ] Safepoint "ParallelCollectForAllocation", Time since last: 15303965673 ns, Reaching safepoint: 32200 ns, At safepoint: 6332500 ns, Leaving safepoint: 3200 ns, Total: 6367900 ns, Threads: 0 runnable, 38 total
[948.464s][info ][gc,start       ] GC(41) Pause Young (Allocation Failure)
[948.469s][debug][gc,phases      ] GC(41) Scavenge 4.599ms
[948.469s][debug][gc,ref         ] GC(41) ReferenceProcessor::execute queues: 1, RefProcThreadModel::Single, marks_oops_alive: false
[948.469s][debug][gc,ref         ] GC(41) Skipped KeepAliveFinalRefsPhase of Reference Processing: no references
[948.469s][debug][gc,ref         ] GC(41) Skipped PhantomRefsPhase of Reference Processing: no references
[948.469s][debug][gc,phases      ] GC(41) Reference Processing 0.101ms
[948.469s][debug][gc,phases      ] GC(41)   VM Weak                        Min: 0.00, Avg: 0.00, Max: 0.01, Diff: 0.01, Sum: 0.01, Workers: 4
[948.469s][debug][gc,phases      ] GC(41)     Dead                           Min: 0, Avg:  0.0, Max: 0, Diff: 0, Sum: 0, Workers: 4
[948.469s][debug][gc,phases      ] GC(41)     Total                          Min: 0, Avg: 210.2, Max: 585, Diff: 585, Sum: 841, Workers: 4
[948.469s][debug][gc,phases      ] GC(41)   ObjectSynchronizer Weak        Min: 0.00, Avg: 0.00, Max: 0.00, Diff: 0.00, Sum: 0.00, Workers: 4
[948.469s][debug][gc,phases      ] GC(41)     Dead                           Min: 0, Avg:  0.0, Max: 0, Diff: 0, Sum: 0, Workers: 4
[948.469s][debug][gc,phases      ] GC(41)     Total                          Min: 0, Avg:  1.5, Max: 6, Diff: 6, Sum: 6, Workers: 4
[948.469s][debug][gc,phases      ] GC(41)   JVMTI Tag Weak OopStorage      Min: 0.00, Avg: 0.00, Max: 0.00, Diff: 0.00, Sum: 0.00, Workers: 4
[948.469s][debug][gc,phases      ] GC(41)     Dead                           Min: 0, Avg:  0.0, Max: 0, Diff: 0, Sum: 0, Workers: 4
[948.469s][debug][gc,phases      ] GC(41)     Total                          Min: 0, Avg:  0.0, Max: 0, Diff: 0, Sum: 0, Workers: 4
[948.469s][debug][gc,phases      ] GC(41)   StringTable Weak               Min: 0.00, Avg: 0.10, Max: 0.14, Diff: 0.14, Sum: 0.42, Workers: 4
[948.469s][debug][gc,phases      ] GC(41)     Dead                           Min: 0, Avg:  0.0, Max: 0, Diff: 0, Sum: 0, Workers: 4
[948.469s][debug][gc,phases      ] GC(41)     Total                          Min: 0, Avg: 12430.8, Max: 20928, Diff: 20928, Sum: 49723, Workers: 4
[948.469s][debug][gc,phases      ] GC(41)   ResolvedMethodTable Weak       Min: 0.00, Avg: 0.04, Max: 0.05, Diff: 0.05, Sum: 0.15, Workers: 4
[948.469s][debug][gc,phases      ] GC(41)     Dead                           Min: 0, Avg:  5.2, Max: 12, Diff: 12, Sum: 21, Workers: 4
[948.469s][debug][gc,phases      ] GC(41)     Total                          Min: 0, Avg: 4058.2, Max: 6714, Diff: 6714, Sum: 16233, Workers: 4
[948.469s][debug][gc,phases      ] GC(41)   JNI Weak                       Min: 0.00, Avg: 0.00, Max: 0.00, Diff: 0.00, Sum: 0.00, Workers: 4
[948.469s][debug][gc,phases      ] GC(41)     Dead                           Min: 0, Avg:  0.0, Max: 0, Diff: 0, Sum: 0, Workers: 4
[948.469s][debug][gc,phases      ] GC(41)     Total                          Min: 0, Avg: 13.0, Max: 52, Diff: 52, Sum: 52, Workers: 4
[948.469s][debug][gc,phases      ] GC(41)   StringDedup Table Weak         Min: 0.00, Avg: 0.00, Max: 0.00, Diff: 0.00, Sum: 0.00, Workers: 4
[948.469s][debug][gc,phases      ] GC(41)     Dead                           Min: 0, Avg:  0.0, Max: 0, Diff: 0, Sum: 0, Workers: 4
[948.469s][debug][gc,phases      ] GC(41)     Total                          Min: 0, Avg:  0.0, Max: 0, Diff: 0, Sum: 0, Workers: 4
[948.469s][debug][gc,phases      ] GC(41)   StringDedup Requests0 Weak     Min: 0.00, Avg: 0.00, Max: 0.00, Diff: 0.00, Sum: 0.00, Workers: 4
[948.469s][debug][gc,phases      ] GC(41)     Dead                           Min: 0, Avg:  0.0, Max: 0, Diff: 0, Sum: 0, Workers: 4
[948.469s][debug][gc,phases      ] GC(41)     Total                          Min: 0, Avg:  0.0, Max: 0, Diff: 0, Sum: 0, Workers: 4
[948.469s][debug][gc,phases      ] GC(41)   StringDedup Requests1 Weak     Min: 0.00, Avg: 0.00, Max: 0.00, Diff: 0.00, Sum: 0.00, Workers: 4
[948.469s][debug][gc,phases      ] GC(41)     Dead                           Min: 0, Avg:  0.0, Max: 0, Diff: 0, Sum: 0, Workers: 4
[948.469s][debug][gc,phases      ] GC(41)     Total                          Min: 0, Avg:  0.0, Max: 0, Diff: 0, Sum: 0, Workers: 4
[948.469s][debug][gc,phases      ] GC(41)   Weak JFR Old Object Samples    Min: 0.00, Avg: 0.00, Max: 0.00, Diff: 0.00, Sum: 0.00, Workers: 4
[948.469s][debug][gc,phases      ] GC(41)     Dead                           Min: 0, Avg:  0.0, Max: 0, Diff: 0, Sum: 0, Workers: 4
[948.469s][debug][gc,phases      ] GC(41)     Total                          Min: 0, Avg:  0.0, Max: 0, Diff: 0, Sum: 0, Workers: 4
[948.469s][debug][gc,phases      ] GC(41) Weak Processing 0.397ms
[948.469s][debug][gc,age         ] GC(41) Desired survivor size 108003328 bytes, new threshold 1 (max threshold 15)
[948.469s][info ][gc,heap        ] GC(41) PSYoungGen: 1871296K(1985536K)->5184K(1978880K) Eden: 1867264K(1867264K)->0K(1867264K) From: 4032K(118272K)->5184K(111616K)
[948.469s][info ][gc,heap        ] GC(41) ParOldGen: 478586K(478720K)->479618K(479744K)
[948.469s][info ][gc,metaspace   ] GC(41) Metaspace: 108510K(109696K)->108510K(109696K) NonClass: 92784K(93440K)->92784K(93440K) Class: 15726K(16256K)->15726K(16256K)
[948.469s][info ][gc             ] GC(41) Pause Young (Allocation Failure) 2294M->473M(2401M) 5.213ms
[948.469s][info ][gc,cpu         ] GC(41) User=0.01s Sys=0.00s Real=0.01s
[948.469s][info ][safepoint      ] Safepoint "ParallelCollectForAllocation", Time since last: 15314189504 ns, Reaching safepoint: 6600 ns, At safepoint: 5279500 ns, Leaving safepoint: 2700 ns, Total: 5288800 ns, Threads: 0 runnable, 38 total
[967.749s][info ][gc,start       ] GC(42) Pause Young (Allocation Failure)
[967.758s][debug][gc,phases      ] GC(42) Scavenge 8.582ms
[967.758s][debug][gc,ref         ] GC(42) ReferenceProcessor::execute queues: 1, RefProcThreadModel::Single, marks_oops_alive: false
[967.758s][debug][gc,ref         ] GC(42) Skipped KeepAliveFinalRefsPhase of Reference Processing: no references
[967.758s][debug][gc,ref         ] GC(42) Skipped PhantomRefsPhase of Reference Processing: no references
[967.758s][debug][gc,phases      ] GC(42) Reference Processing 0.129ms
[967.758s][debug][gc,phases      ] GC(42)   VM Weak                        Min: 0.00, Avg: 0.00, Max: 0.01, Diff: 0.01, Sum: 0.01, Workers: 4
[967.758s][debug][gc,phases      ] GC(42)     Dead                           Min: 0, Avg:  0.0, Max: 0, Diff: 0, Sum: 0, Workers: 4
[967.758s][debug][gc,phases      ] GC(42)     Total                          Min: 0, Avg: 210.2, Max: 585, Diff: 585, Sum: 841, Workers: 4
[967.758s][debug][gc,phases      ] GC(42)   ObjectSynchronizer Weak        Min: 0.00, Avg: 0.00, Max: 0.00, Diff: 0.00, Sum: 0.00, Workers: 4
[967.758s][debug][gc,phases      ] GC(42)     Dead                           Min: 0, Avg:  0.0, Max: 0, Diff: 0, Sum: 0, Workers: 4
[967.758s][debug][gc,phases      ] GC(42)     Total                          Min: 0, Avg:  1.5, Max: 6, Diff: 6, Sum: 6, Workers: 4
[967.758s][debug][gc,phases      ] GC(42)   JVMTI Tag Weak OopStorage      Min: 0.00, Avg: 0.00, Max: 0.00, Diff: 0.00, Sum: 0.00, Workers: 4
[967.758s][debug][gc,phases      ] GC(42)     Dead                           Min: 0, Avg:  0.0, Max: 0, Diff: 0, Sum: 0, Workers: 4
[967.758s][debug][gc,phases      ] GC(42)     Total                          Min: 0, Avg:  0.0, Max: 0, Diff: 0, Sum: 0, Workers: 4
[967.758s][debug][gc,phases      ] GC(42)   StringTable Weak               Min: 0.00, Avg: 0.10, Max: 0.13, Diff: 0.13, Sum: 0.40, Workers: 4
[967.758s][debug][gc,phases      ] GC(42)     Dead                           Min: 0, Avg:  0.0, Max: 0, Diff: 0, Sum: 0, Workers: 4
[967.758s][debug][gc,phases      ] GC(42)     Total                          Min: 0, Avg: 12431.2, Max: 21181, Diff: 21181, Sum: 49725, Workers: 4
[967.758s][debug][gc,phases      ] GC(42)   ResolvedMethodTable Weak       Min: 0.00, Avg: 0.03, Max: 0.05, Diff: 0.05, Sum: 0.14, Workers: 4
[967.758s][debug][gc,phases      ] GC(42)     Dead                           Min: 0, Avg:  0.0, Max: 0, Diff: 0, Sum: 0, Workers: 4
[967.758s][debug][gc,phases      ] GC(42)     Total                          Min: 0, Avg: 4058.8, Max: 6929, Diff: 6929, Sum: 16235, Workers: 4
[967.758s][debug][gc,phases      ] GC(42)   JNI Weak                       Min: 0.00, Avg: 0.00, Max: 0.00, Diff: 0.00, Sum: 0.00, Workers: 4
[967.758s][debug][gc,phases      ] GC(42)     Dead                           Min: 0, Avg:  0.0, Max: 0, Diff: 0, Sum: 0, Workers: 4
[967.758s][debug][gc,phases      ] GC(42)     Total                          Min: 0, Avg: 13.0, Max: 52, Diff: 52, Sum: 52, Workers: 4
[967.758s][debug][gc,phases      ] GC(42)   StringDedup Table Weak         Min: 0.00, Avg: 0.00, Max: 0.00, Diff: 0.00, Sum: 0.00, Workers: 4
[967.758s][debug][gc,phases      ] GC(42)     Dead                           Min: 0, Avg:  0.0, Max: 0, Diff: 0, Sum: 0, Workers: 4
[967.758s][debug][gc,phases      ] GC(42)     Total                          Min: 0, Avg:  0.0, Max: 0, Diff: 0, Sum: 0, Workers: 4
[967.758s][debug][gc,phases      ] GC(42)   StringDedup Requests0 Weak     Min: 0.00, Avg: 0.00, Max: 0.00, Diff: 0.00, Sum: 0.00, Workers: 4
[967.758s][debug][gc,phases      ] GC(42)     Dead                           Min: 0, Avg:  0.0, Max: 0, Diff: 0, Sum: 0, Workers: 4
[967.758s][debug][gc,phases      ] GC(42)     Total                          Min: 0, Avg:  0.0, Max: 0, Diff: 0, Sum: 0, Workers: 4
[967.758s][debug][gc,phases      ] GC(42)   StringDedup Requests1 Weak     Min: 0.00, Avg: 0.00, Max: 0.00, Diff: 0.00, Sum: 0.00, Workers: 4
[967.758s][debug][gc,phases      ] GC(42)     Dead                           Min: 0, Avg:  0.0, Max: 0, Diff: 0, Sum: 0, Workers: 4
[967.758s][debug][gc,phases      ] GC(42)     Total                          Min: 0, Avg:  0.0, Max: 0, Diff: 0, Sum: 0, Workers: 4
[967.758s][debug][gc,phases      ] GC(42)   Weak JFR Old Object Samples    Min: 0.00, Avg: 0.00, Max: 0.00, Diff: 0.00, Sum: 0.00, Workers: 4
[967.758s][debug][gc,phases      ] GC(42)     Dead                           Min: 0, Avg:  0.0, Max: 0, Diff: 0, Sum: 0, Workers: 4
[967.758s][debug][gc,phases      ] GC(42)     Total                          Min: 0, Avg:  0.0, Max: 0, Diff: 0, Sum: 0, Workers: 4
[967.758s][debug][gc,phases      ] GC(42) Weak Processing 0.353ms
[967.758s][debug][gc,age         ] GC(42) Desired survivor size 101187584 bytes, new threshold 1 (max threshold 15)
[967.758s][info ][gc,heap        ] GC(42) PSYoungGen: 1872323K(1978880K)->7440K(1998336K) Eden: 1867139K(1867264K)->0K(1892864K) From: 5184K(111616K)->7440K(105472K)
[967.758s][info ][gc,heap        ] GC(42) ParOldGen: 479618K(479744K)->481431K(481792K)
[967.758s][info ][gc,metaspace   ] GC(42) Metaspace: 108525K(109696K)->108525K(109696K) NonClass: 92798K(93440K)->92798K(93440K) Class: 15726K(16256K)->15726K(16256K)
[967.758s][info ][gc             ] GC(42) Pause Young (Allocation Failure) 2296M->477M(2422M) 9.201ms
[967.758s][info ][gc,cpu         ] GC(42) User=0.03s Sys=0.00s Real=0.00s
[967.759s][info ][safepoint      ] Safepoint "ParallelCollectForAllocation", Time since last: 19280104060 ns, Reaching safepoint: 7200 ns, At safepoint: 9272699 ns, Leaving safepoint: 8800 ns, Total: 9288699 ns, Threads: 0 runnable, 38 total
[1006.149s][info ][gc,start       ] GC(43) Pause Young (Allocation Failure)
[1006.156s][debug][gc,phases      ] GC(43) Scavenge 7.477ms
[1006.156s][debug][gc,ref         ] GC(43) ReferenceProcessor::execute queues: 1, RefProcThreadModel::Single, marks_oops_alive: false
[1006.156s][debug][gc,ref         ] GC(43) Skipped KeepAliveFinalRefsPhase of Reference Processing: no references
[1006.156s][debug][gc,ref         ] GC(43) Skipped PhantomRefsPhase of Reference Processing: no references
[1006.156s][debug][gc,phases      ] GC(43) Reference Processing 0.107ms
[1006.157s][debug][gc,phases      ] GC(43)   VM Weak                        Min: 0.00, Avg: 0.00, Max: 0.01, Diff: 0.01, Sum: 0.01, Workers: 4
[1006.157s][debug][gc,phases      ] GC(43)     Dead                           Min: 0, Avg:  0.0, Max: 0, Diff: 0, Sum: 0, Workers: 4
[1006.157s][debug][gc,phases      ] GC(43)     Total                          Min: 0, Avg: 210.2, Max: 841, Diff: 841, Sum: 841, Workers: 4
[1006.157s][debug][gc,phases      ] GC(43)   ObjectSynchronizer Weak        Min: 0.00, Avg: 0.00, Max: 0.00, Diff: 0.00, Sum: 0.00, Workers: 4
[1006.157s][debug][gc,phases      ] GC(43)     Dead                           Min: 0, Avg:  0.0, Max: 0, Diff: 0, Sum: 0, Workers: 4
[1006.157s][debug][gc,phases      ] GC(43)     Total                          Min: 0, Avg:  1.5, Max: 6, Diff: 6, Sum: 6, Workers: 4
[1006.157s][debug][gc,phases      ] GC(43)   JVMTI Tag Weak OopStorage      Min: 0.00, Avg: 0.00, Max: 0.00, Diff: 0.00, Sum: 0.00, Workers: 4
[1006.157s][debug][gc,phases      ] GC(43)     Dead                           Min: 0, Avg:  0.0, Max: 0, Diff: 0, Sum: 0, Workers: 4
[1006.157s][debug][gc,phases      ] GC(43)     Total                          Min: 0, Avg:  0.0, Max: 0, Diff: 0, Sum: 0, Workers: 4
[1006.157s][debug][gc,phases      ] GC(43)   StringTable Weak               Min: 0.00, Avg: 0.11, Max: 0.15, Diff: 0.15, Sum: 0.45, Workers: 4
[1006.157s][debug][gc,phases      ] GC(43)     Dead                           Min: 0, Avg:  0.0, Max: 0, Diff: 0, Sum: 0, Workers: 4
[1006.157s][debug][gc,phases      ] GC(43)     Total                          Min: 0, Avg: 12432.5, Max: 21248, Diff: 21248, Sum: 49730, Workers: 4
[1006.157s][debug][gc,phases      ] GC(43)   ResolvedMethodTable Weak       Min: 0.00, Avg: 0.04, Max: 0.05, Diff: 0.05, Sum: 0.15, Workers: 4
[1006.157s][debug][gc,phases      ] GC(43)     Dead                           Min: 0, Avg:  9.8, Max: 23, Diff: 23, Sum: 39, Workers: 4
[1006.157s][debug][gc,phases      ] GC(43)     Total                          Min: 0, Avg: 4060.0, Max: 6886, Diff: 6886, Sum: 16240, Workers: 4
[1006.157s][debug][gc,phases      ] GC(43)   JNI Weak                       Min: 0.00, Avg: 0.00, Max: 0.00, Diff: 0.00, Sum: 0.00, Workers: 4
[1006.157s][debug][gc,phases      ] GC(43)     Dead                           Min: 0, Avg:  0.0, Max: 0, Diff: 0, Sum: 0, Workers: 4
[1006.157s][debug][gc,phases      ] GC(43)     Total                          Min: 0, Avg: 13.0, Max: 52, Diff: 52, Sum: 52, Workers: 4
[1006.157s][debug][gc,phases      ] GC(43)   StringDedup Table Weak         Min: 0.00, Avg: 0.00, Max: 0.00, Diff: 0.00, Sum: 0.00, Workers: 4
[1006.157s][debug][gc,phases      ] GC(43)     Dead                           Min: 0, Avg:  0.0, Max: 0, Diff: 0, Sum: 0, Workers: 4
[1006.157s][debug][gc,phases      ] GC(43)     Total                          Min: 0, Avg:  0.0, Max: 0, Diff: 0, Sum: 0, Workers: 4
[1006.157s][debug][gc,phases      ] GC(43)   StringDedup Requests0 Weak     Min: 0.00, Avg: 0.00, Max: 0.00, Diff: 0.00, Sum: 0.00, Workers: 4
[1006.157s][debug][gc,phases      ] GC(43)     Dead                           Min: 0, Avg:  0.0, Max: 0, Diff: 0, Sum: 0, Workers: 4
[1006.157s][debug][gc,phases      ] GC(43)     Total                          Min: 0, Avg:  0.0, Max: 0, Diff: 0, Sum: 0, Workers: 4
[1006.157s][debug][gc,phases      ] GC(43)   StringDedup Requests1 Weak     Min: 0.00, Avg: 0.00, Max: 0.00, Diff: 0.00, Sum: 0.00, Workers: 4
[1006.157s][debug][gc,phases      ] GC(43)     Dead                           Min: 0, Avg:  0.0, Max: 0, Diff: 0, Sum: 0, Workers: 4
[1006.157s][debug][gc,phases      ] GC(43)     Total                          Min: 0, Avg:  0.0, Max: 0, Diff: 0, Sum: 0, Workers: 4
[1006.157s][debug][gc,phases      ] GC(43)   Weak JFR Old Object Samples    Min: 0.00, Avg: 0.00, Max: 0.00, Diff: 0.00, Sum: 0.00, Workers: 4
[1006.157s][debug][gc,phases      ] GC(43)     Dead                           Min: 0, Avg:  0.0, Max: 0, Diff: 0, Sum: 0, Workers: 4
[1006.157s][debug][gc,phases      ] GC(43)     Total                          Min: 0, Avg:  0.0, Max: 0, Diff: 0, Sum: 0, Workers: 4
[1006.157s][debug][gc,phases      ] GC(43) Weak Processing 0.385ms
[1006.157s][debug][gc,age         ] GC(43) Desired survivor size 94896128 bytes, new threshold 1 (max threshold 15)
[1006.157s][info ][gc,heap        ] GC(43) PSYoungGen: 1900304K(1998336K)->8272K(1991680K) Eden: 1892864K(1892864K)->0K(1892864K) From: 7440K(105472K)->8272K(98816K)
[1006.157s][info ][gc,heap        ] GC(43) ParOldGen: 481431K(481792K)->486940K(487424K)
[1006.157s][info ][gc,metaspace   ] GC(43) Metaspace: 108552K(109760K)->108552K(109760K) NonClass: 92825K(93504K)->92825K(93504K) Class: 15726K(16256K)->15726K(16256K)
[1006.157s][info ][gc             ] GC(43) Pause Young (Allocation Failure) 2325M->483M(2421M) 8.116ms
[1006.157s][info ][gc,cpu         ] GC(43) User=0.03s Sys=0.00s Real=0.01s
[1006.157s][info ][safepoint      ] Safepoint "ParallelCollectForAllocation", Time since last: 38390125286 ns, Reaching safepoint: 7100 ns, At safepoint: 8189800 ns, Leaving safepoint: 7900 ns, Total: 8204800 ns, Threads: 0 runnable, 35 total
[1048.642s][info ][gc,start       ] GC(44) Pause Young (Allocation Failure)
[1048.648s][debug][gc,phases      ] GC(44) Scavenge 6.534ms
[1048.648s][debug][gc,ref         ] GC(44) ReferenceProcessor::execute queues: 1, RefProcThreadModel::Single, marks_oops_alive: false
[1048.648s][debug][gc,ref         ] GC(44) Skipped KeepAliveFinalRefsPhase of Reference Processing: no references
[1048.648s][debug][gc,ref         ] GC(44) Skipped PhantomRefsPhase of Reference Processing: no references
[1048.648s][debug][gc,phases      ] GC(44) Reference Processing 0.108ms
[1048.649s][debug][gc,phases      ] GC(44)   VM Weak                        Min: 0.00, Avg: 0.00, Max: 0.01, Diff: 0.01, Sum: 0.01, Workers: 4
[1048.649s][debug][gc,phases      ] GC(44)     Dead                           Min: 0, Avg:  0.0, Max: 0, Diff: 0, Sum: 0, Workers: 4
[1048.649s][debug][gc,phases      ] GC(44)     Total                          Min: 0, Avg: 210.2, Max: 512, Diff: 512, Sum: 841, Workers: 4
[1048.649s][debug][gc,phases      ] GC(44)   ObjectSynchronizer Weak        Min: 0.00, Avg: 0.00, Max: 0.00, Diff: 0.00, Sum: 0.00, Workers: 4
[1048.649s][debug][gc,phases      ] GC(44)     Dead                           Min: 0, Avg:  0.0, Max: 0, Diff: 0, Sum: 0, Workers: 4
[1048.649s][debug][gc,phases      ] GC(44)     Total                          Min: 0, Avg:  1.5, Max: 6, Diff: 6, Sum: 6, Workers: 4
[1048.649s][debug][gc,phases      ] GC(44)   JVMTI Tag Weak OopStorage      Min: 0.00, Avg: 0.00, Max: 0.00, Diff: 0.00, Sum: 0.00, Workers: 4
[1048.649s][debug][gc,phases      ] GC(44)     Dead                           Min: 0, Avg:  0.0, Max: 0, Diff: 0, Sum: 0, Workers: 4
[1048.649s][debug][gc,phases      ] GC(44)     Total                          Min: 0, Avg:  0.0, Max: 0, Diff: 0, Sum: 0, Workers: 4
[1048.649s][debug][gc,phases      ] GC(44)   StringTable Weak               Min: 0.00, Avg: 0.10, Max: 0.14, Diff: 0.14, Sum: 0.40, Workers: 4
[1048.649s][debug][gc,phases      ] GC(44)     Dead                           Min: 0, Avg:  0.2, Max: 1, Diff: 1, Sum: 1, Workers: 4
[1048.649s][debug][gc,phases      ] GC(44)     Total                          Min: 0, Avg: 12435.8, Max: 20608, Diff: 20608, Sum: 49743, Workers: 4
[1048.649s][debug][gc,phases      ] GC(44)   ResolvedMethodTable Weak       Min: 0.00, Avg: 0.04, Max: 0.05, Diff: 0.05, Sum: 0.14, Workers: 4
[1048.649s][debug][gc,phases      ] GC(44)     Dead                           Min: 0, Avg:  5.0, Max: 14, Diff: 14, Sum: 20, Workers: 4
[1048.649s][debug][gc,phases      ] GC(44)     Total                          Min: 0, Avg: 4061.5, Max: 6839, Diff: 6839, Sum: 16246, Workers: 4
[1048.649s][debug][gc,phases      ] GC(44)   JNI Weak                       Min: 0.00, Avg: 0.00, Max: 0.00, Diff: 0.00, Sum: 0.00, Workers: 4
[1048.649s][debug][gc,phases      ] GC(44)     Dead                           Min: 0, Avg:  0.0, Max: 0, Diff: 0, Sum: 0, Workers: 4
[1048.649s][debug][gc,phases      ] GC(44)     Total                          Min: 0, Avg: 13.0, Max: 52, Diff: 52, Sum: 52, Workers: 4
[1048.649s][debug][gc,phases      ] GC(44)   StringDedup Table Weak         Min: 0.00, Avg: 0.00, Max: 0.00, Diff: 0.00, Sum: 0.00, Workers: 4
[1048.649s][debug][gc,phases      ] GC(44)     Dead                           Min: 0, Avg:  0.0, Max: 0, Diff: 0, Sum: 0, Workers: 4
[1048.649s][debug][gc,phases      ] GC(44)     Total                          Min: 0, Avg:  0.0, Max: 0, Diff: 0, Sum: 0, Workers: 4
[1048.649s][debug][gc,phases      ] GC(44)   StringDedup Requests0 Weak     Min: 0.00, Avg: 0.00, Max: 0.00, Diff: 0.00, Sum: 0.00, Workers: 4
[1048.649s][debug][gc,phases      ] GC(44)     Dead                           Min: 0, Avg:  0.0, Max: 0, Diff: 0, Sum: 0, Workers: 4
[1048.649s][debug][gc,phases      ] GC(44)     Total                          Min: 0, Avg:  0.0, Max: 0, Diff: 0, Sum: 0, Workers: 4
[1048.649s][debug][gc,phases      ] GC(44)   StringDedup Requests1 Weak     Min: 0.00, Avg: 0.00, Max: 0.00, Diff: 0.00, Sum: 0.00, Workers: 4
[1048.649s][debug][gc,phases      ] GC(44)     Dead                           Min: 0, Avg:  0.0, Max: 0, Diff: 0, Sum: 0, Workers: 4
[1048.649s][debug][gc,phases      ] GC(44)     Total                          Min: 0, Avg:  0.0, Max: 0, Diff: 0, Sum: 0, Workers: 4
[1048.649s][debug][gc,phases      ] GC(44)   Weak JFR Old Object Samples    Min: 0.00, Avg: 0.00, Max: 0.00, Diff: 0.00, Sum: 0.00, Workers: 4
[1048.649s][debug][gc,phases      ] GC(44)     Dead                           Min: 0, Avg:  0.0, Max: 0, Diff: 0, Sum: 0, Workers: 4
[1048.649s][debug][gc,phases      ] GC(44)     Total                          Min: 0, Avg:  0.0, Max: 0, Diff: 0, Sum: 0, Workers: 4
[1048.649s][debug][gc,phases      ] GC(44) Weak Processing 0.349ms
[1048.649s][debug][gc,age         ] GC(44) Desired survivor size 89128960 bytes, new threshold 1 (max threshold 15)
[1048.649s][info ][gc,heap        ] GC(44) PSYoungGen: 1901136K(1991680K)->5472K(2010112K) Eden: 1892864K(1892864K)->0K(1917440K) From: 8272K(98816K)->5472K(92672K)
[1048.649s][info ][gc,heap        ] GC(44) ParOldGen: 486940K(487424K)->492724K(493056K)
[1048.649s][info ][gc,metaspace   ] GC(44) Metaspace: 108614K(109824K)->108614K(109824K) NonClass: 92882K(93568K)->92882K(93568K) Class: 15732K(16256K)->15732K(16256K)
[1048.649s][info ][gc             ] GC(44) Pause Young (Allocation Failure) 2332M->486M(2444M) 7.105ms
[1048.649s][info ][gc,cpu         ] GC(44) User=0.03s Sys=0.00s Real=0.00s
[1048.649s][info ][safepoint      ] Safepoint "ParallelCollectForAllocation", Time since last: 42484688673 ns, Reaching safepoint: 112100 ns, At safepoint: 7177400 ns, Leaving safepoint: 7200 ns, Total: 7296700 ns, Threads: 1 runnable, 34 total
[1088.855s][info ][gc,start       ] GC(45) Pause Young (Allocation Failure)
[1088.861s][debug][gc,phases      ] GC(45) Scavenge 6.030ms
[1088.861s][debug][gc,ref         ] GC(45) ReferenceProcessor::execute queues: 1, RefProcThreadModel::Single, marks_oops_alive: false
[1088.861s][debug][gc,ref         ] GC(45) Skipped KeepAliveFinalRefsPhase of Reference Processing: no references
[1088.861s][debug][gc,ref         ] GC(45) ReferenceProcessor::execute queues: 1, RefProcThreadModel::Single, marks_oops_alive: false
[1088.861s][debug][gc,phases      ] GC(45) Reference Processing 0.103ms
[1088.861s][debug][gc,phases      ] GC(45)   VM Weak                        Min: 0.00, Avg: 0.00, Max: 0.01, Diff: 0.01, Sum: 0.01, Workers: 4
[1088.861s][debug][gc,phases      ] GC(45)     Dead                           Min: 0, Avg:  0.0, Max: 0, Diff: 0, Sum: 0, Workers: 4
[1088.861s][debug][gc,phases      ] GC(45)     Total                          Min: 0, Avg: 210.2, Max: 841, Diff: 841, Sum: 841, Workers: 4
[1088.861s][debug][gc,phases      ] GC(45)   ObjectSynchronizer Weak        Min: 0.00, Avg: 0.00, Max: 0.00, Diff: 0.00, Sum: 0.00, Workers: 4
[1088.861s][debug][gc,phases      ] GC(45)     Dead                           Min: 0, Avg:  0.0, Max: 0, Diff: 0, Sum: 0, Workers: 4
[1088.861s][debug][gc,phases      ] GC(45)     Total                          Min: 0, Avg:  1.5, Max: 6, Diff: 6, Sum: 6, Workers: 4
[1088.861s][debug][gc,phases      ] GC(45)   JVMTI Tag Weak OopStorage      Min: 0.00, Avg: 0.00, Max: 0.00, Diff: 0.00, Sum: 0.00, Workers: 4
[1088.861s][debug][gc,phases      ] GC(45)     Dead                           Min: 0, Avg:  0.0, Max: 0, Diff: 0, Sum: 0, Workers: 4
[1088.861s][debug][gc,phases      ] GC(45)     Total                          Min: 0, Avg:  0.0, Max: 0, Diff: 0, Sum: 0, Workers: 4
[1088.861s][debug][gc,phases      ] GC(45)   StringTable Weak               Min: 0.00, Avg: 0.10, Max: 0.13, Diff: 0.13, Sum: 0.40, Workers: 4
[1088.861s][debug][gc,phases      ] GC(45)     Dead                           Min: 0, Avg:  0.0, Max: 0, Diff: 0, Sum: 0, Workers: 4
[1088.861s][debug][gc,phases      ] GC(45)     Total                          Min: 0, Avg: 12436.2, Max: 20736, Diff: 20736, Sum: 49745, Workers: 4
[1088.861s][debug][gc,phases      ] GC(45)   ResolvedMethodTable Weak       Min: 0.00, Avg: 0.05, Max: 0.07, Diff: 0.07, Sum: 0.21, Workers: 4
[1088.861s][debug][gc,phases      ] GC(45)     Dead                           Min: 0, Avg:  5.0, Max: 19, Diff: 19, Sum: 20, Workers: 4
[1088.861s][debug][gc,phases      ] GC(45)     Total                          Min: 0, Avg: 4062.0, Max: 5923, Diff: 5923, Sum: 16248, Workers: 4
[1088.861s][debug][gc,phases      ] GC(45)   JNI Weak                       Min: 0.00, Avg: 0.00, Max: 0.00, Diff: 0.00, Sum: 0.00, Workers: 4
[1088.861s][debug][gc,phases      ] GC(45)     Dead                           Min: 0, Avg:  0.0, Max: 0, Diff: 0, Sum: 0, Workers: 4
[1088.861s][debug][gc,phases      ] GC(45)     Total                          Min: 0, Avg: 13.0, Max: 52, Diff: 52, Sum: 52, Workers: 4
[1088.861s][debug][gc,phases      ] GC(45)   StringDedup Table Weak         Min: 0.00, Avg: 0.00, Max: 0.00, Diff: 0.00, Sum: 0.00, Workers: 4
[1088.861s][debug][gc,phases      ] GC(45)     Dead                           Min: 0, Avg:  0.0, Max: 0, Diff: 0, Sum: 0, Workers: 4
[1088.861s][debug][gc,phases      ] GC(45)     Total                          Min: 0, Avg:  0.0, Max: 0, Diff: 0, Sum: 0, Workers: 4
[1088.861s][debug][gc,phases      ] GC(45)   StringDedup Requests0 Weak     Min: 0.00, Avg: 0.00, Max: 0.00, Diff: 0.00, Sum: 0.00, Workers: 4
[1088.861s][debug][gc,phases      ] GC(45)     Dead                           Min: 0, Avg:  0.0, Max: 0, Diff: 0, Sum: 0, Workers: 4
[1088.861s][debug][gc,phases      ] GC(45)     Total                          Min: 0, Avg:  0.0, Max: 0, Diff: 0, Sum: 0, Workers: 4
[1088.861s][debug][gc,phases      ] GC(45)   StringDedup Requests1 Weak     Min: 0.00, Avg: 0.00, Max: 0.00, Diff: 0.00, Sum: 0.00, Workers: 4
[1088.861s][debug][gc,phases      ] GC(45)     Dead                           Min: 0, Avg:  0.0, Max: 0, Diff: 0, Sum: 0, Workers: 4
[1088.861s][debug][gc,phases      ] GC(45)     Total                          Min: 0, Avg:  0.0, Max: 0, Diff: 0, Sum: 0, Workers: 4
[1088.861s][debug][gc,phases      ] GC(45)   Weak JFR Old Object Samples    Min: 0.00, Avg: 0.00, Max: 0.00, Diff: 0.00, Sum: 0.00, Workers: 4
[1088.861s][debug][gc,phases      ] GC(45)     Dead                           Min: 0, Avg:  0.0, Max: 0, Diff: 0, Sum: 0, Workers: 4
[1088.861s][debug][gc,phases      ] GC(45)     Total                          Min: 0, Avg:  0.0, Max: 0, Diff: 0, Sum: 0, Workers: 4
[1088.861s][debug][gc,phases      ] GC(45) Weak Processing 0.438ms
[1088.861s][debug][gc,age         ] GC(45) Desired survivor size 83361792 bytes, new threshold 1 (max threshold 15)
[1088.861s][info ][gc,heap        ] GC(45) PSYoungGen: 1922912K(2010112K)->8312K(2004480K) Eden: 1917440K(1917440K)->0K(1917440K) From: 5472K(92672K)->8312K(87040K)
[1088.861s][info ][gc,heap        ] GC(45) ParOldGen: 492724K(493056K)->495832K(496128K)
[1088.861s][info ][gc,metaspace   ] GC(45) Metaspace: 108621K(109824K)->108621K(109824K) NonClass: 92888K(93568K)->92888K(93568K) Class: 15732K(16256K)->15732K(16256K)
[1088.861s][info ][gc             ] GC(45) Pause Young (Allocation Failure) 2359M->492M(2442M) 6.681ms
[1088.861s][info ][gc,cpu         ] GC(45) User=0.02s Sys=0.01s Real=0.01s
[1088.861s][info ][safepoint      ] Safepoint "ParallelCollectForAllocation", Time since last: 40205615220 ns, Reaching safepoint: 106400 ns, At safepoint: 6747399 ns, Leaving safepoint: 8600 ns, Total: 6862399 ns, Threads: 1 runnable, 35 total
[1128.451s][info ][gc,start       ] GC(46) Pause Young (Allocation Failure)
[1128.457s][debug][gc,phases      ] GC(46) Scavenge 6.043ms
[1128.457s][debug][gc,ref         ] GC(46) ReferenceProcessor::execute queues: 1, RefProcThreadModel::Single, marks_oops_alive: false
[1128.457s][debug][gc,ref         ] GC(46) Skipped KeepAliveFinalRefsPhase of Reference Processing: no references
[1128.457s][debug][gc,ref         ] GC(46) ReferenceProcessor::execute queues: 1, RefProcThreadModel::Single, marks_oops_alive: false
[1128.457s][debug][gc,phases      ] GC(46) Reference Processing 0.102ms
[1128.457s][debug][gc,phases      ] GC(46)   VM Weak                        Min: 0.00, Avg: 0.00, Max: 0.01, Diff: 0.01, Sum: 0.01, Workers: 4
[1128.457s][debug][gc,phases      ] GC(46)     Dead                           Min: 0, Avg:  0.0, Max: 0, Diff: 0, Sum: 0, Workers: 4
[1128.457s][debug][gc,phases      ] GC(46)     Total                          Min: 0, Avg: 210.2, Max: 649, Diff: 649, Sum: 841, Workers: 4
[1128.457s][debug][gc,phases      ] GC(46)   ObjectSynchronizer Weak        Min: 0.00, Avg: 0.00, Max: 0.00, Diff: 0.00, Sum: 0.00, Workers: 4
[1128.457s][debug][gc,phases      ] GC(46)     Dead                           Min: 0, Avg:  0.2, Max: 1, Diff: 1, Sum: 1, Workers: 4
[1128.457s][debug][gc,phases      ] GC(46)     Total                          Min: 0, Avg:  1.8, Max: 7, Diff: 7, Sum: 7, Workers: 4
[1128.457s][debug][gc,phases      ] GC(46)   JVMTI Tag Weak OopStorage      Min: 0.00, Avg: 0.00, Max: 0.00, Diff: 0.00, Sum: 0.00, Workers: 4
[1128.457s][debug][gc,phases      ] GC(46)     Dead                           Min: 0, Avg:  0.0, Max: 0, Diff: 0, Sum: 0, Workers: 4
[1128.457s][debug][gc,phases      ] GC(46)     Total                          Min: 0, Avg:  0.0, Max: 0, Diff: 0, Sum: 0, Workers: 4
[1128.457s][debug][gc,phases      ] GC(46)   StringTable Weak               Min: 0.11, Avg: 0.17, Max: 0.24, Diff: 0.13, Sum: 0.67, Workers: 4
[1128.457s][debug][gc,phases      ] GC(46)     Dead                           Min: 0, Avg:  0.0, Max: 0, Diff: 0, Sum: 0, Workers: 4
[1128.457s][debug][gc,phases      ] GC(46)     Total                          Min: 6400, Avg: 12436.8, Max: 16447, Diff: 10047, Sum: 49747, Workers: 4
[1128.457s][debug][gc,phases      ] GC(46)   ResolvedMethodTable Weak       Min: 0.00, Avg: 0.04, Max: 0.05, Diff: 0.05, Sum: 0.16, Workers: 4
[1128.457s][debug][gc,phases      ] GC(46)     Dead                           Min: 0, Avg:  5.2, Max: 21, Diff: 21, Sum: 21, Workers: 4
[1128.457s][debug][gc,phases      ] GC(46)     Total                          Min: 0, Avg: 4063.0, Max: 5504, Diff: 5504, Sum: 16252, Workers: 4
[1128.457s][debug][gc,phases      ] GC(46)   JNI Weak                       Min: 0.00, Avg: 0.00, Max: 0.00, Diff: 0.00, Sum: 0.00, Workers: 4
[1128.457s][debug][gc,phases      ] GC(46)     Dead                           Min: 0, Avg:  0.0, Max: 0, Diff: 0, Sum: 0, Workers: 4
[1128.457s][debug][gc,phases      ] GC(46)     Total                          Min: 0, Avg: 13.0, Max: 52, Diff: 52, Sum: 52, Workers: 4
[1128.457s][debug][gc,phases      ] GC(46)   StringDedup Table Weak         Min: 0.00, Avg: 0.00, Max: 0.00, Diff: 0.00, Sum: 0.00, Workers: 4
[1128.457s][debug][gc,phases      ] GC(46)     Dead                           Min: 0, Avg:  0.0, Max: 0, Diff: 0, Sum: 0, Workers: 4
[1128.457s][debug][gc,phases      ] GC(46)     Total                          Min: 0, Avg:  0.0, Max: 0, Diff: 0, Sum: 0, Workers: 4
[1128.457s][debug][gc,phases      ] GC(46)   StringDedup Requests0 Weak     Min: 0.00, Avg: 0.00, Max: 0.00, Diff: 0.00, Sum: 0.00, Workers: 4
[1128.457s][debug][gc,phases      ] GC(46)     Dead                           Min: 0, Avg:  0.0, Max: 0, Diff: 0, Sum: 0, Workers: 4
[1128.457s][debug][gc,phases      ] GC(46)     Total                          Min: 0, Avg:  0.0, Max: 0, Diff: 0, Sum: 0, Workers: 4
[1128.457s][debug][gc,phases      ] GC(46)   StringDedup Requests1 Weak     Min: 0.00, Avg: 0.00, Max: 0.00, Diff: 0.00, Sum: 0.00, Workers: 4
[1128.457s][debug][gc,phases      ] GC(46)     Dead                           Min: 0, Avg:  0.0, Max: 0, Diff: 0, Sum: 0, Workers: 4
[1128.457s][debug][gc,phases      ] GC(46)     Total                          Min: 0, Avg:  0.0, Max: 0, Diff: 0, Sum: 0, Workers: 4
[1128.457s][debug][gc,phases      ] GC(46)   Weak JFR Old Object Samples    Min: 0.00, Avg: 0.00, Max: 0.00, Diff: 0.00, Sum: 0.00, Workers: 4
[1128.457s][debug][gc,phases      ] GC(46)     Dead                           Min: 0, Avg:  0.0, Max: 0, Diff: 0, Sum: 0, Workers: 4
[1128.457s][debug][gc,phases      ] GC(46)     Total                          Min: 0, Avg:  0.0, Max: 0, Diff: 0, Sum: 0, Workers: 4
[1128.457s][debug][gc,phases      ] GC(46) Weak Processing 0.432ms
[1128.457s][debug][gc,age         ] GC(46) Desired survivor size 78118912 bytes, new threshold 1 (max threshold 15)
[1128.457s][info ][gc,heap        ] GC(46) PSYoungGen: 1925752K(2004480K)->6518K(2020864K) Eden: 1917440K(1917440K)->0K(1939456K) From: 8312K(87040K)->6518K(81408K)
[1128.457s][info ][gc,heap        ] GC(46) ParOldGen: 495832K(496128K)->500837K(501248K)
[1128.457s][info ][gc,metaspace   ] GC(46) Metaspace: 108627K(109824K)->108627K(109824K) NonClass: 92893K(93568K)->92893K(93568K) Class: 15733K(16256K)->15733K(16256K)
[1128.457s][info ][gc             ] GC(46) Pause Young (Allocation Failure) 2364M->495M(2463M) 6.697ms
[1128.457s][info ][gc,cpu         ] GC(46) User=0.02s Sys=0.00s Real=0.00s
[1128.457s][info ][safepoint      ] Safepoint "ParallelCollectForAllocation", Time since last: 39589229499 ns, Reaching safepoint: 114100 ns, At safepoint: 6773800 ns, Leaving safepoint: 15900 ns, Total: 6903800 ns, Threads: 2 runnable, 35 total
[1168.144s][info ][gc,start       ] GC(47) Pause Young (Allocation Failure)
[1168.150s][debug][gc,phases      ] GC(47) Scavenge 5.959ms
[1168.150s][debug][gc,ref         ] GC(47) ReferenceProcessor::execute queues: 1, RefProcThreadModel::Single, marks_oops_alive: false
[1168.150s][debug][gc,ref         ] GC(47) Skipped KeepAliveFinalRefsPhase of Reference Processing: no references
[1168.150s][debug][gc,ref         ] GC(47) Skipped PhantomRefsPhase of Reference Processing: no references
[1168.150s][debug][gc,phases      ] GC(47) Reference Processing 0.100ms
[1168.151s][debug][gc,phases      ] GC(47)   VM Weak                        Min: 0.00, Avg: 0.00, Max: 0.01, Diff: 0.01, Sum: 0.01, Workers: 4
[1168.151s][debug][gc,phases      ] GC(47)     Dead                           Min: 0, Avg:  0.0, Max: 0, Diff: 0, Sum: 0, Workers: 4
[1168.151s][debug][gc,phases      ] GC(47)     Total                          Min: 0, Avg: 210.2, Max: 832, Diff: 832, Sum: 841, Workers: 4
[1168.151s][debug][gc,phases      ] GC(47)   ObjectSynchronizer Weak        Min: 0.00, Avg: 0.00, Max: 0.01, Diff: 0.01, Sum: 0.01, Workers: 4
[1168.151s][debug][gc,phases      ] GC(47)     Dead                           Min: 0, Avg:  0.2, Max: 1, Diff: 1, Sum: 1, Workers: 4
[1168.151s][debug][gc,phases      ] GC(47)     Total                          Min: 0, Avg:  1.8, Max: 7, Diff: 7, Sum: 7, Workers: 4
[1168.151s][debug][gc,phases      ] GC(47)   JVMTI Tag Weak OopStorage      Min: 0.00, Avg: 0.00, Max: 0.00, Diff: 0.00, Sum: 0.00, Workers: 4
[1168.151s][debug][gc,phases      ] GC(47)     Dead                           Min: 0, Avg:  0.0, Max: 0, Diff: 0, Sum: 0, Workers: 4
[1168.151s][debug][gc,phases      ] GC(47)     Total                          Min: 0, Avg:  0.0, Max: 0, Diff: 0, Sum: 0, Workers: 4
[1168.151s][debug][gc,phases      ] GC(47)   StringTable Weak               Min: 0.00, Avg: 0.11, Max: 0.16, Diff: 0.16, Sum: 0.45, Workers: 4
[1168.151s][debug][gc,phases      ] GC(47)     Dead                           Min: 0, Avg:  0.0, Max: 0, Diff: 0, Sum: 0, Workers: 4
[1168.151s][debug][gc,phases      ] GC(47)     Total                          Min: 0, Avg: 12436.8, Max: 18751, Diff: 18751, Sum: 49747, Workers: 4
[1168.151s][debug][gc,phases      ] GC(47)   ResolvedMethodTable Weak       Min: 0.00, Avg: 0.03, Max: 0.05, Diff: 0.05, Sum: 0.14, Workers: 4
[1168.151s][debug][gc,phases      ] GC(47)     Dead                           Min: 0, Avg:  5.0, Max: 14, Diff: 14, Sum: 20, Workers: 4
[1168.151s][debug][gc,phases      ] GC(47)     Total                          Min: 0, Avg: 4063.0, Max: 6746, Diff: 6746, Sum: 16252, Workers: 4
[1168.151s][debug][gc,phases      ] GC(47)   JNI Weak                       Min: 0.00, Avg: 0.00, Max: 0.00, Diff: 0.00, Sum: 0.00, Workers: 4
[1168.151s][debug][gc,phases      ] GC(47)     Dead                           Min: 0, Avg:  0.0, Max: 0, Diff: 0, Sum: 0, Workers: 4
[1168.151s][debug][gc,phases      ] GC(47)     Total                          Min: 0, Avg: 13.0, Max: 52, Diff: 52, Sum: 52, Workers: 4
[1168.151s][debug][gc,phases      ] GC(47)   StringDedup Table Weak         Min: 0.00, Avg: 0.00, Max: 0.00, Diff: 0.00, Sum: 0.00, Workers: 4
[1168.151s][debug][gc,phases      ] GC(47)     Dead                           Min: 0, Avg:  0.0, Max: 0, Diff: 0, Sum: 0, Workers: 4
[1168.151s][debug][gc,phases      ] GC(47)     Total                          Min: 0, Avg:  0.0, Max: 0, Diff: 0, Sum: 0, Workers: 4
[1168.151s][debug][gc,phases      ] GC(47)   StringDedup Requests0 Weak     Min: 0.00, Avg: 0.00, Max: 0.00, Diff: 0.00, Sum: 0.00, Workers: 4
[1168.151s][debug][gc,phases      ] GC(47)     Dead                           Min: 0, Avg:  0.0, Max: 0, Diff: 0, Sum: 0, Workers: 4
[1168.151s][debug][gc,phases      ] GC(47)     Total                          Min: 0, Avg:  0.0, Max: 0, Diff: 0, Sum: 0, Workers: 4
[1168.151s][debug][gc,phases      ] GC(47)   StringDedup Requests1 Weak     Min: 0.00, Avg: 0.00, Max: 0.00, Diff: 0.00, Sum: 0.00, Workers: 4
[1168.151s][debug][gc,phases      ] GC(47)     Dead                           Min: 0, Avg:  0.0, Max: 0, Diff: 0, Sum: 0, Workers: 4
[1168.151s][debug][gc,phases      ] GC(47)     Total                          Min: 0, Avg:  0.0, Max: 0, Diff: 0, Sum: 0, Workers: 4
[1168.151s][debug][gc,phases      ] GC(47)   Weak JFR Old Object Samples    Min: 0.00, Avg: 0.00, Max: 0.00, Diff: 0.00, Sum: 0.00, Workers: 4
[1168.151s][debug][gc,phases      ] GC(47)     Dead                           Min: 0, Avg:  0.0, Max: 0, Diff: 0, Sum: 0, Workers: 4
[1168.151s][debug][gc,phases      ] GC(47)     Total                          Min: 0, Avg:  0.0, Max: 0, Diff: 0, Sum: 0, Workers: 4
[1168.151s][debug][gc,phases      ] GC(47) Weak Processing 0.407ms
[1168.151s][debug][gc,age         ] GC(47) Desired survivor size 73400320 bytes, new threshold 1 (max threshold 15)
[1168.151s][info ][gc,heap        ] GC(47) PSYoungGen: 1945974K(2020864K)->5792K(2015744K) Eden: 1939456K(1939456K)->0K(1939456K) From: 6518K(81408K)->5792K(76288K)
[1168.151s][info ][gc,heap        ] GC(47) ParOldGen: 500837K(501248K)->504109K(504320K)
[1168.151s][info ][gc,metaspace   ] GC(47) Metaspace: 108650K(109824K)->108650K(109824K) NonClass: 92916K(93568K)->92916K(93568K) Class: 15733K(16256K)->15733K(16256K)
[1168.151s][info ][gc             ] GC(47) Pause Young (Allocation Failure) 2389M->497M(2461M) 6.598ms
[1168.151s][info ][gc,cpu         ] GC(47) User=0.03s Sys=0.00s Real=0.01s
[1168.151s][info ][safepoint      ] Safepoint "ParallelCollectForAllocation", Time since last: 39686575800 ns, Reaching safepoint: 84700 ns, At safepoint: 6664100 ns, Leaving safepoint: 10200 ns, Total: 6759000 ns, Threads: 2 runnable, 35 total
[1208.800s][info ][gc,start       ] GC(48) Pause Young (Allocation Failure)
[1208.805s][debug][gc,phases      ] GC(48) Scavenge 5.158ms
[1208.805s][debug][gc,ref         ] GC(48) ReferenceProcessor::execute queues: 1, RefProcThreadModel::Single, marks_oops_alive: false
[1208.805s][debug][gc,ref         ] GC(48) Skipped KeepAliveFinalRefsPhase of Reference Processing: no references
[1208.805s][debug][gc,ref         ] GC(48) Skipped PhantomRefsPhase of Reference Processing: no references
[1208.805s][debug][gc,phases      ] GC(48) Reference Processing 0.028ms
[1208.806s][debug][gc,phases      ] GC(48)   VM Weak                        Min: 0.00, Avg: 0.00, Max: 0.01, Diff: 0.01, Sum: 0.01, Workers: 4
[1208.806s][debug][gc,phases      ] GC(48)     Dead                           Min: 0, Avg:  0.0, Max: 0, Diff: 0, Sum: 0, Workers: 4
[1208.806s][debug][gc,phases      ] GC(48)     Total                          Min: 0, Avg: 210.2, Max: 768, Diff: 768, Sum: 841, Workers: 4
[1208.806s][debug][gc,phases      ] GC(48)   ObjectSynchronizer Weak        Min: 0.00, Avg: 0.00, Max: 0.00, Diff: 0.00, Sum: 0.00, Workers: 4
[1208.806s][debug][gc,phases      ] GC(48)     Dead                           Min: 0, Avg:  0.0, Max: 0, Diff: 0, Sum: 0, Workers: 4
[1208.806s][debug][gc,phases      ] GC(48)     Total                          Min: 0, Avg:  1.5, Max: 6, Diff: 6, Sum: 6, Workers: 4
[1208.806s][debug][gc,phases      ] GC(48)   JVMTI Tag Weak OopStorage      Min: 0.00, Avg: 0.00, Max: 0.00, Diff: 0.00, Sum: 0.00, Workers: 4
[1208.806s][debug][gc,phases      ] GC(48)     Dead                           Min: 0, Avg:  0.0, Max: 0, Diff: 0, Sum: 0, Workers: 4
[1208.806s][debug][gc,phases      ] GC(48)     Total                          Min: 0, Avg:  0.0, Max: 0, Diff: 0, Sum: 0, Workers: 4
[1208.806s][debug][gc,phases      ] GC(48)   StringTable Weak               Min: 0.00, Avg: 0.10, Max: 0.14, Diff: 0.14, Sum: 0.41, Workers: 4
[1208.806s][debug][gc,phases      ] GC(48)     Dead                           Min: 0, Avg:  0.2, Max: 1, Diff: 1, Sum: 1, Workers: 4
[1208.806s][debug][gc,phases      ] GC(48)     Total                          Min: 0, Avg: 12439.0, Max: 20892, Diff: 20892, Sum: 49756, Workers: 4
[1208.806s][debug][gc,phases      ] GC(48)   ResolvedMethodTable Weak       Min: 0.00, Avg: 0.04, Max: 0.05, Diff: 0.05, Sum: 0.14, Workers: 4
[1208.806s][debug][gc,phases      ] GC(48)     Dead                           Min: 0, Avg:  5.0, Max: 20, Diff: 20, Sum: 20, Workers: 4
[1208.806s][debug][gc,phases      ] GC(48)     Total                          Min: 0, Avg: 4064.2, Max: 6706, Diff: 6706, Sum: 16257, Workers: 4
[1208.806s][debug][gc,phases      ] GC(48)   JNI Weak                       Min: 0.00, Avg: 0.00, Max: 0.00, Diff: 0.00, Sum: 0.00, Workers: 4
[1208.806s][debug][gc,phases      ] GC(48)     Dead                           Min: 0, Avg:  0.0, Max: 0, Diff: 0, Sum: 0, Workers: 4
[1208.806s][debug][gc,phases      ] GC(48)     Total                          Min: 0, Avg: 14.0, Max: 56, Diff: 56, Sum: 56, Workers: 4
[1208.806s][debug][gc,phases      ] GC(48)   StringDedup Table Weak         Min: 0.00, Avg: 0.00, Max: 0.00, Diff: 0.00, Sum: 0.00, Workers: 4
[1208.806s][debug][gc,phases      ] GC(48)     Dead                           Min: 0, Avg:  0.0, Max: 0, Diff: 0, Sum: 0, Workers: 4
[1208.806s][debug][gc,phases      ] GC(48)     Total                          Min: 0, Avg:  0.0, Max: 0, Diff: 0, Sum: 0, Workers: 4
[1208.806s][debug][gc,phases      ] GC(48)   StringDedup Requests0 Weak     Min: 0.00, Avg: 0.00, Max: 0.00, Diff: 0.00, Sum: 0.00, Workers: 4
[1208.806s][debug][gc,phases      ] GC(48)     Dead                           Min: 0, Avg:  0.0, Max: 0, Diff: 0, Sum: 0, Workers: 4
[1208.806s][debug][gc,phases      ] GC(48)     Total                          Min: 0, Avg:  0.0, Max: 0, Diff: 0, Sum: 0, Workers: 4
[1208.806s][debug][gc,phases      ] GC(48)   StringDedup Requests1 Weak     Min: 0.00, Avg: 0.00, Max: 0.00, Diff: 0.00, Sum: 0.00, Workers: 4
[1208.806s][debug][gc,phases      ] GC(48)     Dead                           Min: 0, Avg:  0.0, Max: 0, Diff: 0, Sum: 0, Workers: 4
[1208.806s][debug][gc,phases      ] GC(48)     Total                          Min: 0, Avg:  0.0, Max: 0, Diff: 0, Sum: 0, Workers: 4
[1208.806s][debug][gc,phases      ] GC(48)   Weak JFR Old Object Samples    Min: 0.00, Avg: 0.00, Max: 0.00, Diff: 0.00, Sum: 0.00, Workers: 4
[1208.806s][debug][gc,phases      ] GC(48)     Dead                           Min: 0, Avg:  0.0, Max: 0, Diff: 0, Sum: 0, Workers: 4
[1208.806s][debug][gc,phases      ] GC(48)     Total                          Min: 0, Avg:  0.0, Max: 0, Diff: 0, Sum: 0, Workers: 4
[1208.806s][debug][gc,phases      ] GC(48) Weak Processing 0.373ms
[1208.806s][debug][gc,age         ] GC(48) Desired survivor size 68681728 bytes, new threshold 1 (max threshold 15)
[1208.806s][info ][gc,heap        ] GC(48) PSYoungGen: 1945248K(2015744K)->5888K(2030080K) Eden: 1939456K(1939456K)->0K(1958400K) From: 5792K(76288K)->5888K(71680K)
[1208.806s][info ][gc,heap        ] GC(48) ParOldGen: 504109K(504320K)->506821K(506880K)
[1208.806s][info ][gc,metaspace   ] GC(48) Metaspace: 108665K(109824K)->108665K(109824K) NonClass: 92928K(93568K)->92928K(93568K) Class: 15736K(16256K)->15736K(16256K)
[1208.806s][info ][gc             ] GC(48) Pause Young (Allocation Failure) 2391M->500M(2477M) 5.660ms
[1208.806s][info ][gc,cpu         ] GC(48) User=0.01s Sys=0.00s Real=0.00s
[1208.806s][info ][safepoint      ] Safepoint "ParallelCollectForAllocation", Time since last: 40649244952 ns, Reaching safepoint: 178000 ns, At safepoint: 5730799 ns, Leaving safepoint: 38400 ns, Total: 5947199 ns, Threads: 3 runnable, 35 total
[1250.799s][info ][gc,start       ] GC(49) Pause Young (Allocation Failure)
[1250.803s][debug][gc,phases      ] GC(49) Scavenge 4.572ms
[1250.803s][debug][gc,ref         ] GC(49) ReferenceProcessor::execute queues: 1, RefProcThreadModel::Single, marks_oops_alive: false
[1250.803s][debug][gc,ref         ] GC(49) Skipped KeepAliveFinalRefsPhase of Reference Processing: no references
[1250.803s][debug][gc,ref         ] GC(49) Skipped PhantomRefsPhase of Reference Processing: no references
[1250.803s][debug][gc,phases      ] GC(49) Reference Processing 0.121ms
[1250.804s][debug][gc,phases      ] GC(49)   VM Weak                        Min: 0.00, Avg: 0.00, Max: 0.01, Diff: 0.01, Sum: 0.01, Workers: 4
[1250.804s][debug][gc,phases      ] GC(49)     Dead                           Min: 0, Avg:  0.0, Max: 0, Diff: 0, Sum: 0, Workers: 4
[1250.804s][debug][gc,phases      ] GC(49)     Total                          Min: 0, Avg: 210.2, Max: 521, Diff: 521, Sum: 841, Workers: 4
[1250.804s][debug][gc,phases      ] GC(49)   ObjectSynchronizer Weak        Min: 0.00, Avg: 0.00, Max: 0.00, Diff: 0.00, Sum: 0.00, Workers: 4
[1250.804s][debug][gc,phases      ] GC(49)     Dead                           Min: 0, Avg:  0.2, Max: 1, Diff: 1, Sum: 1, Workers: 4
[1250.804s][debug][gc,phases      ] GC(49)     Total                          Min: 0, Avg:  1.8, Max: 7, Diff: 7, Sum: 7, Workers: 4
[1250.804s][debug][gc,phases      ] GC(49)   JVMTI Tag Weak OopStorage      Min: 0.00, Avg: 0.00, Max: 0.00, Diff: 0.00, Sum: 0.00, Workers: 4
[1250.804s][debug][gc,phases      ] GC(49)     Dead                           Min: 0, Avg:  0.0, Max: 0, Diff: 0, Sum: 0, Workers: 4
[1250.804s][debug][gc,phases      ] GC(49)     Total                          Min: 0, Avg:  0.0, Max: 0, Diff: 0, Sum: 0, Workers: 4
[1250.804s][debug][gc,phases      ] GC(49)   StringTable Weak               Min: 0.12, Avg: 0.12, Max: 0.12, Diff: 0.00, Sum: 0.49, Workers: 4
[1250.804s][debug][gc,phases      ] GC(49)     Dead                           Min: 0, Avg:  0.0, Max: 0, Diff: 0, Sum: 0, Workers: 4
[1250.804s][debug][gc,phases      ] GC(49)     Total                          Min: 12062, Avg: 12439.2, Max: 12672, Diff: 610, Sum: 49757, Workers: 4
[1250.804s][debug][gc,phases      ] GC(49)   ResolvedMethodTable Weak       Min: 0.04, Avg: 0.04, Max: 0.04, Diff: 0.00, Sum: 0.17, Workers: 4
[1250.804s][debug][gc,phases      ] GC(49)     Dead                           Min: 0, Avg:  5.0, Max: 17, Diff: 17, Sum: 20, Workers: 4
[1250.804s][debug][gc,phases      ] GC(49)     Total                          Min: 4037, Avg: 4064.2, Max: 4092, Diff: 55, Sum: 16257, Workers: 4
[1250.804s][debug][gc,phases      ] GC(49)   JNI Weak                       Min: 0.00, Avg: 0.00, Max: 0.00, Diff: 0.00, Sum: 0.00, Workers: 4
[1250.804s][debug][gc,phases      ] GC(49)     Dead                           Min: 0, Avg:  0.0, Max: 0, Diff: 0, Sum: 0, Workers: 4
[1250.804s][debug][gc,phases      ] GC(49)     Total                          Min: 0, Avg: 13.0, Max: 52, Diff: 52, Sum: 52, Workers: 4
[1250.804s][debug][gc,phases      ] GC(49)   StringDedup Table Weak         Min: 0.00, Avg: 0.00, Max: 0.00, Diff: 0.00, Sum: 0.00, Workers: 4
[1250.804s][debug][gc,phases      ] GC(49)     Dead                           Min: 0, Avg:  0.0, Max: 0, Diff: 0, Sum: 0, Workers: 4
[1250.804s][debug][gc,phases      ] GC(49)     Total                          Min: 0, Avg:  0.0, Max: 0, Diff: 0, Sum: 0, Workers: 4
[1250.804s][debug][gc,phases      ] GC(49)   StringDedup Requests0 Weak     Min: 0.00, Avg: 0.00, Max: 0.00, Diff: 0.00, Sum: 0.00, Workers: 4
[1250.804s][debug][gc,phases      ] GC(49)     Dead                           Min: 0, Avg:  0.0, Max: 0, Diff: 0, Sum: 0, Workers: 4
[1250.804s][debug][gc,phases      ] GC(49)     Total                          Min: 0, Avg:  0.0, Max: 0, Diff: 0, Sum: 0, Workers: 4
[1250.804s][debug][gc,phases      ] GC(49)   StringDedup Requests1 Weak     Min: 0.00, Avg: 0.00, Max: 0.00, Diff: 0.00, Sum: 0.00, Workers: 4
[1250.804s][debug][gc,phases      ] GC(49)     Dead                           Min: 0, Avg:  0.0, Max: 0, Diff: 0, Sum: 0, Workers: 4
[1250.804s][debug][gc,phases      ] GC(49)     Total                          Min: 0, Avg:  0.0, Max: 0, Diff: 0, Sum: 0, Workers: 4
[1250.804s][debug][gc,phases      ] GC(49)   Weak JFR Old Object Samples    Min: 0.00, Avg: 0.00, Max: 0.00, Diff: 0.00, Sum: 0.00, Workers: 4
[1250.804s][debug][gc,phases      ] GC(49)     Dead                           Min: 0, Avg:  0.0, Max: 0, Diff: 0, Sum: 0, Workers: 4
[1250.804s][debug][gc,phases      ] GC(49)     Total                          Min: 0, Avg:  0.0, Max: 0, Diff: 0, Sum: 0, Workers: 4
[1250.804s][debug][gc,phases      ] GC(49) Weak Processing 0.338ms
[1250.804s][debug][gc,age         ] GC(49) Desired survivor size 64487424 bytes, new threshold 1 (max threshold 15)
[1250.804s][info ][gc,heap        ] GC(49) PSYoungGen: 1964288K(2030080K)->5184K(2025472K) Eden: 1958400K(1958400K)->0K(1958400K) From: 5888K(71680K)->5184K(67072K)
[1250.804s][info ][gc,heap        ] GC(49) ParOldGen: 506821K(506880K)->507437K(507904K)
[1250.804s][info ][gc,metaspace   ] GC(49) Metaspace: 108675K(109824K)->108675K(109824K) NonClass: 92939K(93568K)->92939K(93568K) Class: 15736K(16256K)->15736K(16256K)
[1250.804s][info ][gc             ] GC(49) Pause Young (Allocation Failure) 2413M->500M(2474M) 5.138ms
[1250.804s][info ][gc,cpu         ] GC(49) User=0.02s Sys=0.01s Real=0.01s
[1250.804s][info ][safepoint      ] Safepoint "ParallelCollectForAllocation", Time since last: 41992542699 ns, Reaching safepoint: 24800 ns, At safepoint: 5204192 ns, Leaving safepoint: 3800 ns, Total: 5232792 ns, Threads: 0 runnable, 39 total
[1290.702s][info ][gc,start       ] GC(50) Pause Young (Allocation Failure)
[1290.707s][debug][gc,phases      ] GC(50) Scavenge 5.464ms
[1290.708s][debug][gc,ref         ] GC(50) ReferenceProcessor::execute queues: 1, RefProcThreadModel::Single, marks_oops_alive: false
[1290.708s][debug][gc,ref         ] GC(50) Skipped KeepAliveFinalRefsPhase of Reference Processing: no references
[1290.708s][debug][gc,ref         ] GC(50) Skipped PhantomRefsPhase of Reference Processing: no references
[1290.708s][debug][gc,phases      ] GC(50) Reference Processing 0.103ms
[1290.708s][debug][gc,phases      ] GC(50)   VM Weak                        Min: 0.00, Avg: 0.00, Max: 0.01, Diff: 0.01, Sum: 0.01, Workers: 4
[1290.708s][debug][gc,phases      ] GC(50)     Dead                           Min: 0, Avg:  0.0, Max: 0, Diff: 0, Sum: 0, Workers: 4
[1290.708s][debug][gc,phases      ] GC(50)     Total                          Min: 0, Avg: 210.2, Max: 704, Diff: 704, Sum: 841, Workers: 4
[1290.708s][debug][gc,phases      ] GC(50)   ObjectSynchronizer Weak        Min: 0.00, Avg: 0.00, Max: 0.00, Diff: 0.00, Sum: 0.00, Workers: 4
[1290.708s][debug][gc,phases      ] GC(50)     Dead                           Min: 0, Avg:  0.0, Max: 0, Diff: 0, Sum: 0, Workers: 4
[1290.708s][debug][gc,phases      ] GC(50)     Total                          Min: 0, Avg:  1.5, Max: 6, Diff: 6, Sum: 6, Workers: 4
[1290.708s][debug][gc,phases      ] GC(50)   JVMTI Tag Weak OopStorage      Min: 0.00, Avg: 0.00, Max: 0.00, Diff: 0.00, Sum: 0.00, Workers: 4
[1290.708s][debug][gc,phases      ] GC(50)     Dead                           Min: 0, Avg:  0.0, Max: 0, Diff: 0, Sum: 0, Workers: 4
[1290.708s][debug][gc,phases      ] GC(50)     Total                          Min: 0, Avg:  0.0, Max: 0, Diff: 0, Sum: 0, Workers: 4
[1290.708s][debug][gc,phases      ] GC(50)   StringTable Weak               Min: 0.00, Avg: 0.10, Max: 0.13, Diff: 0.13, Sum: 0.40, Workers: 4
[1290.708s][debug][gc,phases      ] GC(50)     Dead                           Min: 0, Avg:  0.0, Max: 0, Diff: 0, Sum: 0, Workers: 4
[1290.708s][debug][gc,phases      ] GC(50)     Total                          Min: 0, Avg: 12440.5, Max: 21184, Diff: 21184, Sum: 49762, Workers: 4
[1290.708s][debug][gc,phases      ] GC(50)   ResolvedMethodTable Weak       Min: 0.00, Avg: 0.03, Max: 0.05, Diff: 0.05, Sum: 0.14, Workers: 4
[1290.708s][debug][gc,phases      ] GC(50)     Dead                           Min: 0, Avg:  5.0, Max: 20, Diff: 20, Sum: 20, Workers: 4
[1290.708s][debug][gc,phases      ] GC(50)     Total                          Min: 0, Avg: 4064.2, Max: 6903, Diff: 6903, Sum: 16257, Workers: 4
[1290.708s][debug][gc,phases      ] GC(50)   JNI Weak                       Min: 0.00, Avg: 0.00, Max: 0.00, Diff: 0.00, Sum: 0.00, Workers: 4
[1290.708s][debug][gc,phases      ] GC(50)     Dead                           Min: 0, Avg:  0.0, Max: 0, Diff: 0, Sum: 0, Workers: 4
[1290.708s][debug][gc,phases      ] GC(50)     Total                          Min: 0, Avg: 13.0, Max: 52, Diff: 52, Sum: 52, Workers: 4
[1290.708s][debug][gc,phases      ] GC(50)   StringDedup Table Weak         Min: 0.00, Avg: 0.00, Max: 0.00, Diff: 0.00, Sum: 0.00, Workers: 4
[1290.708s][debug][gc,phases      ] GC(50)     Dead                           Min: 0, Avg:  0.0, Max: 0, Diff: 0, Sum: 0, Workers: 4
[1290.708s][debug][gc,phases      ] GC(50)     Total                          Min: 0, Avg:  0.0, Max: 0, Diff: 0, Sum: 0, Workers: 4
[1290.708s][debug][gc,phases      ] GC(50)   StringDedup Requests0 Weak     Min: 0.00, Avg: 0.00, Max: 0.00, Diff: 0.00, Sum: 0.00, Workers: 4
[1290.708s][debug][gc,phases      ] GC(50)     Dead                           Min: 0, Avg:  0.0, Max: 0, Diff: 0, Sum: 0, Workers: 4
[1290.708s][debug][gc,phases      ] GC(50)     Total                          Min: 0, Avg:  0.0, Max: 0, Diff: 0, Sum: 0, Workers: 4
[1290.708s][debug][gc,phases      ] GC(50)   StringDedup Requests1 Weak     Min: 0.00, Avg: 0.00, Max: 0.00, Diff: 0.00, Sum: 0.00, Workers: 4
[1290.708s][debug][gc,phases      ] GC(50)     Dead                           Min: 0, Avg:  0.0, Max: 0, Diff: 0, Sum: 0, Workers: 4
[1290.708s][debug][gc,phases      ] GC(50)     Total                          Min: 0, Avg:  0.0, Max: 0, Diff: 0, Sum: 0, Workers: 4
[1290.708s][debug][gc,phases      ] GC(50)   Weak JFR Old Object Samples    Min: 0.00, Avg: 0.00, Max: 0.00, Diff: 0.00, Sum: 0.00, Workers: 4
[1290.708s][debug][gc,phases      ] GC(50)     Dead                           Min: 0, Avg:  0.0, Max: 0, Diff: 0, Sum: 0, Workers: 4
[1290.708s][debug][gc,phases      ] GC(50)     Total                          Min: 0, Avg:  0.0, Max: 0, Diff: 0, Sum: 0, Workers: 4
[1290.708s][debug][gc,phases      ] GC(50) Weak Processing 0.376ms
[1290.708s][debug][gc,age         ] GC(50) Desired survivor size 60293120 bytes, new threshold 1 (max threshold 15)
[1290.708s][info ][gc,heap        ] GC(50) PSYoungGen: 1963584K(2025472K)->5520K(2038272K) Eden: 1958400K(1958400K)->0K(1975296K) From: 5184K(67072K)->5520K(62976K)
[1290.708s][info ][gc,heap        ] GC(50) ParOldGen: 507437K(507904K)->508490K(508928K)
[1290.708s][info ][gc,metaspace   ] GC(50) Metaspace: 108707K(109888K)->108707K(109888K) NonClass: 92967K(93632K)->92967K(93632K) Class: 15739K(16256K)->15739K(16256K)
[1290.708s][info ][gc             ] GC(50) Pause Young (Allocation Failure) 2413M->501M(2487M) 6.077ms
[1290.708s][info ][gc,cpu         ] GC(50) User=0.02s Sys=0.00s Real=0.00s
[1290.708s][info ][safepoint      ] Safepoint "ParallelCollectForAllocation", Time since last: 39898125719 ns, Reaching safepoint: 21100 ns, At safepoint: 6148693 ns, Leaving safepoint: 4200 ns, Total: 6173993 ns, Threads: 0 runnable, 34 total
[1342.995s][info ][gc,start       ] GC(51) Pause Young (Allocation Failure)
[1343.000s][debug][gc,phases      ] GC(51) Scavenge 5.428ms
[1343.000s][debug][gc,ref         ] GC(51) ReferenceProcessor::execute queues: 1, RefProcThreadModel::Single, marks_oops_alive: false
[1343.000s][debug][gc,ref         ] GC(51) Skipped KeepAliveFinalRefsPhase of Reference Processing: no references
[1343.000s][debug][gc,ref         ] GC(51) Skipped PhantomRefsPhase of Reference Processing: no references
[1343.000s][debug][gc,phases      ] GC(51) Reference Processing 0.103ms
[1343.001s][debug][gc,phases      ] GC(51)   VM Weak                        Min: 0.00, Avg: 0.00, Max: 0.00, Diff: 0.00, Sum: 0.01, Workers: 4
[1343.001s][debug][gc,phases      ] GC(51)     Dead                           Min: 0, Avg:  0.0, Max: 0, Diff: 0, Sum: 0, Workers: 4
[1343.001s][debug][gc,phases      ] GC(51)     Total                          Min: 0, Avg: 210.2, Max: 457, Diff: 457, Sum: 841, Workers: 4
[1343.001s][debug][gc,phases      ] GC(51)   ObjectSynchronizer Weak        Min: 0.00, Avg: 0.00, Max: 0.00, Diff: 0.00, Sum: 0.00, Workers: 4
[1343.001s][debug][gc,phases      ] GC(51)     Dead                           Min: 0, Avg:  0.0, Max: 0, Diff: 0, Sum: 0, Workers: 4
[1343.001s][debug][gc,phases      ] GC(51)     Total                          Min: 0, Avg:  1.5, Max: 6, Diff: 6, Sum: 6, Workers: 4
[1343.001s][debug][gc,phases      ] GC(51)   JVMTI Tag Weak OopStorage      Min: 0.00, Avg: 0.00, Max: 0.00, Diff: 0.00, Sum: 0.00, Workers: 4
[1343.001s][debug][gc,phases      ] GC(51)     Dead                           Min: 0, Avg:  0.0, Max: 0, Diff: 0, Sum: 0, Workers: 4
[1343.001s][debug][gc,phases      ] GC(51)     Total                          Min: 0, Avg:  0.0, Max: 0, Diff: 0, Sum: 0, Workers: 4
[1343.001s][debug][gc,phases      ] GC(51)   StringTable Weak               Min: 0.00, Avg: 0.10, Max: 0.14, Diff: 0.14, Sum: 0.41, Workers: 4
[1343.001s][debug][gc,phases      ] GC(51)     Dead                           Min: 0, Avg:  0.0, Max: 0, Diff: 0, Sum: 0, Workers: 4
[1343.001s][debug][gc,phases      ] GC(51)     Total                          Min: 0, Avg: 12441.5, Max: 20646, Diff: 20646, Sum: 49766, Workers: 4
[1343.001s][debug][gc,phases      ] GC(51)   ResolvedMethodTable Weak       Min: 0.00, Avg: 0.03, Max: 0.05, Diff: 0.05, Sum: 0.14, Workers: 4
[1343.001s][debug][gc,phases      ] GC(51)     Dead                           Min: 0, Avg:  5.0, Max: 20, Diff: 20, Sum: 20, Workers: 4
[1343.001s][debug][gc,phases      ] GC(51)     Total                          Min: 0, Avg: 4066.2, Max: 6687, Diff: 6687, Sum: 16265, Workers: 4
[1343.001s][debug][gc,phases      ] GC(51)   JNI Weak                       Min: 0.00, Avg: 0.00, Max: 0.00, Diff: 0.00, Sum: 0.00, Workers: 4
[1343.001s][debug][gc,phases      ] GC(51)     Dead                           Min: 0, Avg:  0.0, Max: 0, Diff: 0, Sum: 0, Workers: 4
[1343.001s][debug][gc,phases      ] GC(51)     Total                          Min: 0, Avg: 13.0, Max: 52, Diff: 52, Sum: 52, Workers: 4
[1343.001s][debug][gc,phases      ] GC(51)   StringDedup Table Weak         Min: 0.00, Avg: 0.00, Max: 0.00, Diff: 0.00, Sum: 0.00, Workers: 4
[1343.001s][debug][gc,phases      ] GC(51)     Dead                           Min: 0, Avg:  0.0, Max: 0, Diff: 0, Sum: 0, Workers: 4
[1343.001s][debug][gc,phases      ] GC(51)     Total                          Min: 0, Avg:  0.0, Max: 0, Diff: 0, Sum: 0, Workers: 4
[1343.001s][debug][gc,phases      ] GC(51)   StringDedup Requests0 Weak     Min: 0.00, Avg: 0.00, Max: 0.00, Diff: 0.00, Sum: 0.00, Workers: 4
[1343.001s][debug][gc,phases      ] GC(51)     Dead                           Min: 0, Avg:  0.0, Max: 0, Diff: 0, Sum: 0, Workers: 4
[1343.001s][debug][gc,phases      ] GC(51)     Total                          Min: 0, Avg:  0.0, Max: 0, Diff: 0, Sum: 0, Workers: 4
[1343.001s][debug][gc,phases      ] GC(51)   StringDedup Requests1 Weak     Min: 0.00, Avg: 0.00, Max: 0.00, Diff: 0.00, Sum: 0.00, Workers: 4
[1343.001s][debug][gc,phases      ] GC(51)     Dead                           Min: 0, Avg:  0.0, Max: 0, Diff: 0, Sum: 0, Workers: 4
[1343.001s][debug][gc,phases      ] GC(51)     Total                          Min: 0, Avg:  0.0, Max: 0, Diff: 0, Sum: 0, Workers: 4
[1343.001s][debug][gc,phases      ] GC(51)   Weak JFR Old Object Samples    Min: 0.00, Avg: 0.00, Max: 0.00, Diff: 0.00, Sum: 0.00, Workers: 4
[1343.001s][debug][gc,phases      ] GC(51)     Dead                           Min: 0, Avg:  0.0, Max: 0, Diff: 0, Sum: 0, Workers: 4
[1343.001s][debug][gc,phases      ] GC(51)     Total                          Min: 0, Avg:  0.0, Max: 0, Diff: 0, Sum: 0, Workers: 4
[1343.001s][debug][gc,phases      ] GC(51) Weak Processing 0.366ms
[1343.001s][debug][gc,age         ] GC(51) Desired survivor size 56623104 bytes, new threshold 1 (max threshold 15)
[1343.001s][info ][gc,heap        ] GC(51) PSYoungGen: 1980816K(2038272K)->6096K(2034176K) Eden: 1975296K(1975296K)->0K(1975296K) From: 5520K(62976K)->6096K(58880K)
[1343.001s][info ][gc,heap        ] GC(51) ParOldGen: 508490K(508928K)->510206K(510464K)
[1343.001s][info ][gc,metaspace   ] GC(51) Metaspace: 108771K(109888K)->108771K(109888K) NonClass: 93029K(93632K)->93029K(93632K) Class: 15741K(16256K)->15741K(16256K)
[1343.001s][info ][gc             ] GC(51) Pause Young (Allocation Failure) 2430M->504M(2485M) 6.006ms
[1343.001s][info ][gc,cpu         ] GC(51) User=0.02s Sys=0.00s Real=0.01s
[1343.001s][info ][safepoint      ] Safepoint "ParallelCollectForAllocation", Time since last: 52286627695 ns, Reaching safepoint: 112701 ns, At safepoint: 6074901 ns, Leaving safepoint: 8400 ns, Total: 6196002 ns, Threads: 1 runnable, 34 total
[1358.348s][info ][gc,start       ] GC(52) Pause Young (Allocation Failure)
[1358.364s][debug][gc,phases      ] GC(52) Scavenge 15.902ms
[1358.364s][debug][gc,ref         ] GC(52) ReferenceProcessor::execute queues: 1, RefProcThreadModel::Single, marks_oops_alive: false
[1358.364s][debug][gc,ref         ] GC(52) Skipped KeepAliveFinalRefsPhase of Reference Processing: no references
[1358.364s][debug][gc,ref         ] GC(52) Skipped PhantomRefsPhase of Reference Processing: no references
[1358.364s][debug][gc,phases      ] GC(52) Reference Processing 0.116ms
[1358.364s][debug][gc,phases      ] GC(52)   VM Weak                        Min: 0.00, Avg: 0.00, Max: 0.01, Diff: 0.01, Sum: 0.01, Workers: 4
[1358.364s][debug][gc,phases      ] GC(52)     Dead                           Min: 0, Avg:  0.0, Max: 0, Diff: 0, Sum: 0, Workers: 4
[1358.364s][debug][gc,phases      ] GC(52)     Total                          Min: 0, Avg: 210.2, Max: 768, Diff: 768, Sum: 841, Workers: 4
[1358.364s][debug][gc,phases      ] GC(52)   ObjectSynchronizer Weak        Min: 0.00, Avg: 0.00, Max: 0.00, Diff: 0.00, Sum: 0.00, Workers: 4
[1358.364s][debug][gc,phases      ] GC(52)     Dead                           Min: 0, Avg:  0.2, Max: 1, Diff: 1, Sum: 1, Workers: 4
[1358.364s][debug][gc,phases      ] GC(52)     Total                          Min: 0, Avg:  1.8, Max: 7, Diff: 7, Sum: 7, Workers: 4
[1358.364s][debug][gc,phases      ] GC(52)   JVMTI Tag Weak OopStorage      Min: 0.00, Avg: 0.00, Max: 0.00, Diff: 0.00, Sum: 0.00, Workers: 4
[1358.364s][debug][gc,phases      ] GC(52)     Dead                           Min: 0, Avg:  0.0, Max: 0, Diff: 0, Sum: 0, Workers: 4
[1358.364s][debug][gc,phases      ] GC(52)     Total                          Min: 0, Avg:  0.0, Max: 0, Diff: 0, Sum: 0, Workers: 4
[1358.364s][debug][gc,phases      ] GC(52)   StringTable Weak               Min: 0.00, Avg: 0.12, Max: 0.16, Diff: 0.16, Sum: 0.48, Workers: 4
[1358.364s][debug][gc,phases      ] GC(52)     Dead                           Min: 0, Avg:  0.0, Max: 0, Diff: 0, Sum: 0, Workers: 4
[1358.364s][debug][gc,phases      ] GC(52)     Total                          Min: 0, Avg: 12444.8, Max: 20083, Diff: 20083, Sum: 49779, Workers: 4
[1358.364s][debug][gc,phases      ] GC(52)   ResolvedMethodTable Weak       Min: 0.00, Avg: 0.04, Max: 0.05, Diff: 0.05, Sum: 0.15, Workers: 4
[1358.364s][debug][gc,phases      ] GC(52)     Dead                           Min: 0, Avg:  5.0, Max: 18, Diff: 18, Sum: 20, Workers: 4
[1358.364s][debug][gc,phases      ] GC(52)     Total                          Min: 0, Avg: 4066.2, Max: 6810, Diff: 6810, Sum: 16265, Workers: 4
[1358.364s][debug][gc,phases      ] GC(52)   JNI Weak                       Min: 0.00, Avg: 0.00, Max: 0.00, Diff: 0.00, Sum: 0.00, Workers: 4
[1358.364s][debug][gc,phases      ] GC(52)     Dead                           Min: 0, Avg:  0.0, Max: 0, Diff: 0, Sum: 0, Workers: 4
[1358.364s][debug][gc,phases      ] GC(52)     Total                          Min: 0, Avg: 13.0, Max: 52, Diff: 52, Sum: 52, Workers: 4
[1358.364s][debug][gc,phases      ] GC(52)   StringDedup Table Weak         Min: 0.00, Avg: 0.00, Max: 0.00, Diff: 0.00, Sum: 0.00, Workers: 4
[1358.364s][debug][gc,phases      ] GC(52)     Dead                           Min: 0, Avg:  0.0, Max: 0, Diff: 0, Sum: 0, Workers: 4
[1358.364s][debug][gc,phases      ] GC(52)     Total                          Min: 0, Avg:  0.0, Max: 0, Diff: 0, Sum: 0, Workers: 4
[1358.364s][debug][gc,phases      ] GC(52)   StringDedup Requests0 Weak     Min: 0.00, Avg: 0.00, Max: 0.00, Diff: 0.00, Sum: 0.00, Workers: 4
[1358.364s][debug][gc,phases      ] GC(52)     Dead                           Min: 0, Avg:  0.0, Max: 0, Diff: 0, Sum: 0, Workers: 4
[1358.364s][debug][gc,phases      ] GC(52)     Total                          Min: 0, Avg:  0.0, Max: 0, Diff: 0, Sum: 0, Workers: 4
[1358.364s][debug][gc,phases      ] GC(52)   StringDedup Requests1 Weak     Min: 0.00, Avg: 0.00, Max: 0.00, Diff: 0.00, Sum: 0.00, Workers: 4
[1358.364s][debug][gc,phases      ] GC(52)     Dead                           Min: 0, Avg:  0.0, Max: 0, Diff: 0, Sum: 0, Workers: 4
[1358.364s][debug][gc,phases      ] GC(52)     Total                          Min: 0, Avg:  0.0, Max: 0, Diff: 0, Sum: 0, Workers: 4
[1358.364s][debug][gc,phases      ] GC(52)   Weak JFR Old Object Samples    Min: 0.00, Avg: 0.00, Max: 0.00, Diff: 0.00, Sum: 0.00, Workers: 4
[1358.364s][debug][gc,phases      ] GC(52)     Dead                           Min: 0, Avg:  0.0, Max: 0, Diff: 0, Sum: 0, Workers: 4
[1358.364s][debug][gc,phases      ] GC(52)     Total                          Min: 0, Avg:  0.0, Max: 0, Diff: 0, Sum: 0, Workers: 4
[1358.364s][debug][gc,phases      ] GC(52) Weak Processing 0.394ms
[1358.364s][debug][gc,age         ] GC(52) Desired survivor size 61341696 bytes, new threshold 1 (max threshold 15)
[1358.364s][info ][gc,heap        ] GC(52) PSYoungGen: 1981392K(2034176K)->35600K(2032640K) Eden: 1975296K(1975296K)->0K(1977344K) From: 6096K(58880K)->35600K(55296K)
[1358.364s][info ][gc,heap        ] GC(52) ParOldGen: 510206K(510464K)->513202K(513536K)
[1358.364s][info ][gc,metaspace   ] GC(52) Metaspace: 108805K(109952K)->108805K(109952K) NonClass: 93063K(93696K)->93063K(93696K) Class: 15742K(16256K)->15742K(16256K)
[1358.364s][info ][gc             ] GC(52) Pause Young (Allocation Failure) 2433M->535M(2486M) 16.538ms
[1358.364s][info ][gc,cpu         ] GC(52) User=0.06s Sys=0.01s Real=0.02s
[1358.364s][info ][safepoint      ] Safepoint "ParallelCollectForAllocation", Time since last: 15346810158 ns, Reaching safepoint: 84200 ns, At safepoint: 16606594 ns, Leaving safepoint: 25200 ns, Total: 16715994 ns, Threads: 3 runnable, 36 total
[1368.258s][info ][gc,start       ] GC(53) Pause Young (Allocation Failure)
[1368.285s][debug][gc,phases      ] GC(53) Scavenge 26.246ms
[1368.285s][debug][gc,ref         ] GC(53) ReferenceProcessor::execute queues: 1, RefProcThreadModel::Single, marks_oops_alive: false
[1368.285s][debug][gc,ref         ] GC(53) Skipped KeepAliveFinalRefsPhase of Reference Processing: no references
[1368.285s][debug][gc,ref         ] GC(53) Skipped PhantomRefsPhase of Reference Processing: no references
[1368.285s][debug][gc,phases      ] GC(53) Reference Processing 0.102ms
[1368.285s][debug][gc,phases      ] GC(53)   VM Weak                        Min: 0.00, Avg: 0.00, Max: 0.01, Diff: 0.01, Sum: 0.01, Workers: 4
[1368.285s][debug][gc,phases      ] GC(53)     Dead                           Min: 0, Avg:  0.0, Max: 0, Diff: 0, Sum: 0, Workers: 4
[1368.285s][debug][gc,phases      ] GC(53)     Total                          Min: 0, Avg: 210.2, Max: 713, Diff: 713, Sum: 841, Workers: 4
[1368.285s][debug][gc,phases      ] GC(53)   ObjectSynchronizer Weak        Min: 0.00, Avg: 0.00, Max: 0.00, Diff: 0.00, Sum: 0.00, Workers: 4
[1368.285s][debug][gc,phases      ] GC(53)     Dead                           Min: 0, Avg:  0.2, Max: 1, Diff: 1, Sum: 1, Workers: 4
[1368.285s][debug][gc,phases      ] GC(53)     Total                          Min: 0, Avg:  2.0, Max: 8, Diff: 8, Sum: 8, Workers: 4
[1368.285s][debug][gc,phases      ] GC(53)   JVMTI Tag Weak OopStorage      Min: 0.00, Avg: 0.00, Max: 0.00, Diff: 0.00, Sum: 0.00, Workers: 4
[1368.285s][debug][gc,phases      ] GC(53)     Dead                           Min: 0, Avg:  0.0, Max: 0, Diff: 0, Sum: 0, Workers: 4
[1368.285s][debug][gc,phases      ] GC(53)     Total                          Min: 0, Avg:  0.0, Max: 0, Diff: 0, Sum: 0, Workers: 4
[1368.285s][debug][gc,phases      ] GC(53)   StringTable Weak               Min: 0.00, Avg: 0.14, Max: 0.18, Diff: 0.18, Sum: 0.54, Workers: 4
[1368.285s][debug][gc,phases      ] GC(53)     Dead                           Min: 0, Avg:  0.0, Max: 0, Diff: 0, Sum: 0, Workers: 4
[1368.285s][debug][gc,phases      ] GC(53)     Total                          Min: 0, Avg: 12445.2, Max: 17205, Diff: 17205, Sum: 49781, Workers: 4
[1368.285s][debug][gc,phases      ] GC(53)   ResolvedMethodTable Weak       Min: 0.00, Avg: 0.04, Max: 0.06, Diff: 0.06, Sum: 0.17, Workers: 4
[1368.285s][debug][gc,phases      ] GC(53)     Dead                           Min: 0, Avg:  0.0, Max: 0, Diff: 0, Sum: 0, Workers: 4
[1368.285s][debug][gc,phases      ] GC(53)     Total                          Min: 0, Avg: 4066.2, Max: 5436, Diff: 5436, Sum: 16265, Workers: 4
[1368.285s][debug][gc,phases      ] GC(53)   JNI Weak                       Min: 0.00, Avg: 0.00, Max: 0.00, Diff: 0.00, Sum: 0.00, Workers: 4
[1368.285s][debug][gc,phases      ] GC(53)     Dead                           Min: 0, Avg:  0.0, Max: 0, Diff: 0, Sum: 0, Workers: 4
[1368.285s][debug][gc,phases      ] GC(53)     Total                          Min: 0, Avg: 13.0, Max: 52, Diff: 52, Sum: 52, Workers: 4
[1368.285s][debug][gc,phases      ] GC(53)   StringDedup Table Weak         Min: 0.00, Avg: 0.00, Max: 0.00, Diff: 0.00, Sum: 0.00, Workers: 4
[1368.285s][debug][gc,phases      ] GC(53)     Dead                           Min: 0, Avg:  0.0, Max: 0, Diff: 0, Sum: 0, Workers: 4
[1368.285s][debug][gc,phases      ] GC(53)     Total                          Min: 0, Avg:  0.0, Max: 0, Diff: 0, Sum: 0, Workers: 4
[1368.285s][debug][gc,phases      ] GC(53)   StringDedup Requests0 Weak     Min: 0.00, Avg: 0.00, Max: 0.00, Diff: 0.00, Sum: 0.00, Workers: 4
[1368.285s][debug][gc,phases      ] GC(53)     Dead                           Min: 0, Avg:  0.0, Max: 0, Diff: 0, Sum: 0, Workers: 4
[1368.285s][debug][gc,phases      ] GC(53)     Total                          Min: 0, Avg:  0.0, Max: 0, Diff: 0, Sum: 0, Workers: 4
[1368.285s][debug][gc,phases      ] GC(53)   StringDedup Requests1 Weak     Min: 0.00, Avg: 0.00, Max: 0.00, Diff: 0.00, Sum: 0.00, Workers: 4
[1368.285s][debug][gc,phases      ] GC(53)     Dead                           Min: 0, Avg:  0.0, Max: 0, Diff: 0, Sum: 0, Workers: 4
[1368.285s][debug][gc,phases      ] GC(53)     Total                          Min: 0, Avg:  0.0, Max: 0, Diff: 0, Sum: 0, Workers: 4
[1368.285s][debug][gc,phases      ] GC(53)   Weak JFR Old Object Samples    Min: 0.00, Avg: 0.00, Max: 0.00, Diff: 0.00, Sum: 0.00, Workers: 4
[1368.285s][debug][gc,phases      ] GC(53)     Dead                           Min: 0, Avg:  0.0, Max: 0, Diff: 0, Sum: 0, Workers: 4
[1368.285s][debug][gc,phases      ] GC(53)     Total                          Min: 0, Avg:  0.0, Max: 0, Diff: 0, Sum: 0, Workers: 4
[1368.285s][debug][gc,phases      ] GC(53) Weak Processing 0.410ms
[1368.285s][debug][gc,age         ] GC(53) Desired survivor size 60817408 bytes, new threshold 1 (max threshold 15)
[1368.285s][info ][gc,heap        ] GC(53) PSYoungGen: 2012944K(2032640K)->24912K(2037248K) Eden: 1977344K(1977344K)->0K(1977344K) From: 35600K(55296K)->24912K(59904K)
[1368.285s][info ][gc,heap        ] GC(53) ParOldGen: 513202K(513536K)->546531K(546816K)
[1368.285s][info ][gc,metaspace   ] GC(53) Metaspace: 108811K(109952K)->108811K(109952K) NonClass: 93068K(93696K)->93068K(93696K) Class: 15742K(16256K)->15742K(16256K)
[1368.285s][info ][gc             ] GC(53) Pause Young (Allocation Failure) 2466M->558M(2523M) 26.888ms
[1368.285s][info ][gc,cpu         ] GC(53) User=0.07s Sys=0.01s Real=0.03s
[1368.285s][info ][safepoint      ] Safepoint "ParallelCollectForAllocation", Time since last: 9893982655 ns, Reaching safepoint: 6200 ns, At safepoint: 26957570 ns, Leaving safepoint: 4900 ns, Total: 26968670 ns, Threads: 0 runnable, 36 total
[1384.705s][info ][gc,start       ] GC(54) Pause Young (Allocation Failure)
[1384.720s][debug][gc,phases      ] GC(54) Scavenge 14.472ms
[1384.720s][debug][gc,ref         ] GC(54) ReferenceProcessor::execute queues: 1, RefProcThreadModel::Single, marks_oops_alive: false
[1384.720s][debug][gc,ref         ] GC(54) Skipped KeepAliveFinalRefsPhase of Reference Processing: no references
[1384.720s][debug][gc,ref         ] GC(54) Skipped PhantomRefsPhase of Reference Processing: no references
[1384.720s][debug][gc,phases      ] GC(54) Reference Processing 0.106ms
[1384.720s][debug][gc,phases      ] GC(54)   VM Weak                        Min: 0.00, Avg: 0.00, Max: 0.01, Diff: 0.01, Sum: 0.01, Workers: 4
[1384.720s][debug][gc,phases      ] GC(54)     Dead                           Min: 0, Avg:  0.0, Max: 0, Diff: 0, Sum: 0, Workers: 4
[1384.720s][debug][gc,phases      ] GC(54)     Total                          Min: 0, Avg: 210.2, Max: 384, Diff: 384, Sum: 841, Workers: 4
[1384.720s][debug][gc,phases      ] GC(54)   ObjectSynchronizer Weak        Min: 0.00, Avg: 0.00, Max: 0.00, Diff: 0.00, Sum: 0.00, Workers: 4
[1384.720s][debug][gc,phases      ] GC(54)     Dead                           Min: 0, Avg:  0.0, Max: 0, Diff: 0, Sum: 0, Workers: 4
[1384.720s][debug][gc,phases      ] GC(54)     Total                          Min: 0, Avg:  1.5, Max: 6, Diff: 6, Sum: 6, Workers: 4
[1384.720s][debug][gc,phases      ] GC(54)   JVMTI Tag Weak OopStorage      Min: 0.00, Avg: 0.00, Max: 0.00, Diff: 0.00, Sum: 0.00, Workers: 4
[1384.720s][debug][gc,phases      ] GC(54)     Dead                           Min: 0, Avg:  0.0, Max: 0, Diff: 0, Sum: 0, Workers: 4
[1384.720s][debug][gc,phases      ] GC(54)     Total                          Min: 0, Avg:  0.0, Max: 0, Diff: 0, Sum: 0, Workers: 4
[1384.720s][debug][gc,phases      ] GC(54)   StringTable Weak               Min: 0.15, Avg: 0.15, Max: 0.15, Diff: 0.00, Sum: 0.59, Workers: 4
[1384.720s][debug][gc,phases      ] GC(54)     Dead                           Min: 0, Avg:  0.0, Max: 0, Diff: 0, Sum: 0, Workers: 4
[1384.720s][debug][gc,phases      ] GC(54)     Total                          Min: 11840, Avg: 12445.2, Max: 12853, Diff: 1013, Sum: 49781, Workers: 4
[1384.720s][debug][gc,phases      ] GC(54)   ResolvedMethodTable Weak       Min: 0.04, Avg: 0.04, Max: 0.04, Diff: 0.00, Sum: 0.17, Workers: 4
[1384.720s][debug][gc,phases      ] GC(54)     Dead                           Min: 0, Avg:  5.0, Max: 17, Diff: 17, Sum: 20, Workers: 4
[1384.720s][debug][gc,phases      ] GC(54)     Total                          Min: 4020, Avg: 4066.2, Max: 4106, Diff: 86, Sum: 16265, Workers: 4
[1384.720s][debug][gc,phases      ] GC(54)   JNI Weak                       Min: 0.00, Avg: 0.00, Max: 0.00, Diff: 0.00, Sum: 0.00, Workers: 4
[1384.720s][debug][gc,phases      ] GC(54)     Dead                           Min: 0, Avg:  0.0, Max: 0, Diff: 0, Sum: 0, Workers: 4
[1384.720s][debug][gc,phases      ] GC(54)     Total                          Min: 0, Avg: 13.0, Max: 52, Diff: 52, Sum: 52, Workers: 4
[1384.720s][debug][gc,phases      ] GC(54)   StringDedup Table Weak         Min: 0.00, Avg: 0.00, Max: 0.00, Diff: 0.00, Sum: 0.00, Workers: 4
[1384.720s][debug][gc,phases      ] GC(54)     Dead                           Min: 0, Avg:  0.0, Max: 0, Diff: 0, Sum: 0, Workers: 4
[1384.720s][debug][gc,phases      ] GC(54)     Total                          Min: 0, Avg:  0.0, Max: 0, Diff: 0, Sum: 0, Workers: 4
[1384.720s][debug][gc,phases      ] GC(54)   StringDedup Requests0 Weak     Min: 0.00, Avg: 0.00, Max: 0.00, Diff: 0.00, Sum: 0.00, Workers: 4
[1384.720s][debug][gc,phases      ] GC(54)     Dead                           Min: 0, Avg:  0.0, Max: 0, Diff: 0, Sum: 0, Workers: 4
[1384.720s][debug][gc,phases      ] GC(54)     Total                          Min: 0, Avg:  0.0, Max: 0, Diff: 0, Sum: 0, Workers: 4
[1384.720s][debug][gc,phases      ] GC(54)   StringDedup Requests1 Weak     Min: 0.00, Avg: 0.00, Max: 0.00, Diff: 0.00, Sum: 0.00, Workers: 4
[1384.720s][debug][gc,phases      ] GC(54)     Dead                           Min: 0, Avg:  0.0, Max: 0, Diff: 0, Sum: 0, Workers: 4
[1384.720s][debug][gc,phases      ] GC(54)     Total                          Min: 0, Avg:  0.0, Max: 0, Diff: 0, Sum: 0, Workers: 4
[1384.720s][debug][gc,phases      ] GC(54)   Weak JFR Old Object Samples    Min: 0.00, Avg: 0.00, Max: 0.00, Diff: 0.00, Sum: 0.00, Workers: 4
[1384.720s][debug][gc,phases      ] GC(54)     Dead                           Min: 0, Avg:  0.0, Max: 0, Diff: 0, Sum: 0, Workers: 4
[1384.720s][debug][gc,phases      ] GC(54)     Total                          Min: 0, Avg:  0.0, Max: 0, Diff: 0, Sum: 0, Workers: 4
[1384.720s][debug][gc,phases      ] GC(54) Weak Processing 0.365ms
[1384.720s][debug][gc,age         ] GC(54) Desired survivor size 58195968 bytes, new threshold 1 (max threshold 15)
[1384.720s][info ][gc,heap        ] GC(54) PSYoungGen: 2002256K(2037248K)->5488K(2040320K) Eden: 1977344K(1977344K)->0K(1980928K) From: 24912K(59904K)->5488K(59392K)
[1384.720s][info ][gc,heap        ] GC(54) ParOldGen: 546531K(546816K)->570160K(570368K)
[1384.720s][info ][gc,metaspace   ] GC(54) Metaspace: 108831K(110016K)->108831K(110016K) NonClass: 93089K(93760K)->93089K(93760K) Class: 15742K(16256K)->15742K(16256K)
[1384.720s][info ][gc             ] GC(54) Pause Young (Allocation Failure) 2489M->562M(2549M) 15.104ms
[1384.720s][info ][gc,cpu         ] GC(54) User=0.04s Sys=0.01s Real=0.02s
[1384.720s][info ][safepoint      ] Safepoint "ParallelCollectForAllocation", Time since last: 16419757290 ns, Reaching safepoint: 53200 ns, At safepoint: 15188184 ns, Leaving safepoint: 9500 ns, Total: 15250884 ns, Threads: 0 runnable, 36 total
[1402.442s][info ][gc,start       ] GC(55) Pause Young (Allocation Failure)
[1402.448s][debug][gc,phases      ] GC(55) Scavenge 5.557ms
[1402.448s][debug][gc,ref         ] GC(55) ReferenceProcessor::execute queues: 1, RefProcThreadModel::Single, marks_oops_alive: false
[1402.448s][debug][gc,ref         ] GC(55) Skipped KeepAliveFinalRefsPhase of Reference Processing: no references
[1402.448s][debug][gc,ref         ] GC(55) Skipped PhantomRefsPhase of Reference Processing: no references
[1402.448s][debug][gc,phases      ] GC(55) Reference Processing 0.099ms
[1402.448s][debug][gc,phases      ] GC(55)   VM Weak                        Min: 0.00, Avg: 0.00, Max: 0.01, Diff: 0.01, Sum: 0.01, Workers: 4
[1402.448s][debug][gc,phases      ] GC(55)     Dead                           Min: 0, Avg:  0.0, Max: 0, Diff: 0, Sum: 0, Workers: 4
[1402.448s][debug][gc,phases      ] GC(55)     Total                          Min: 0, Avg: 210.5, Max: 586, Diff: 586, Sum: 842, Workers: 4
[1402.448s][debug][gc,phases      ] GC(55)   ObjectSynchronizer Weak        Min: 0.00, Avg: 0.00, Max: 0.00, Diff: 0.00, Sum: 0.00, Workers: 4
[1402.448s][debug][gc,phases      ] GC(55)     Dead                           Min: 0, Avg:  0.5, Max: 2, Diff: 2, Sum: 2, Workers: 4
[1402.448s][debug][gc,phases      ] GC(55)     Total                          Min: 0, Avg:  2.0, Max: 8, Diff: 8, Sum: 8, Workers: 4
[1402.448s][debug][gc,phases      ] GC(55)   JVMTI Tag Weak OopStorage      Min: 0.00, Avg: 0.00, Max: 0.00, Diff: 0.00, Sum: 0.00, Workers: 4
[1402.448s][debug][gc,phases      ] GC(55)     Dead                           Min: 0, Avg:  0.0, Max: 0, Diff: 0, Sum: 0, Workers: 4
[1402.448s][debug][gc,phases      ] GC(55)     Total                          Min: 0, Avg:  0.0, Max: 0, Diff: 0, Sum: 0, Workers: 4
[1402.448s][debug][gc,phases      ] GC(55)   StringTable Weak               Min: 0.11, Avg: 0.12, Max: 0.13, Diff: 0.01, Sum: 0.48, Workers: 4
[1402.448s][debug][gc,phases      ] GC(55)     Dead                           Min: 0, Avg:  0.2, Max: 1, Diff: 1, Sum: 1, Workers: 4
[1402.448s][debug][gc,phases      ] GC(55)     Total                          Min: 11776, Avg: 12447.5, Max: 13312, Diff: 1536, Sum: 49790, Workers: 4
[1402.448s][debug][gc,phases      ] GC(55)   ResolvedMethodTable Weak       Min: 0.04, Avg: 0.04, Max: 0.04, Diff: 0.00, Sum: 0.17, Workers: 4
[1402.448s][debug][gc,phases      ] GC(55)     Dead                           Min: 0, Avg:  5.5, Max: 20, Diff: 20, Sum: 22, Workers: 4
[1402.448s][debug][gc,phases      ] GC(55)     Total                          Min: 4060, Avg: 4070.2, Max: 4096, Diff: 36, Sum: 16281, Workers: 4
[1402.448s][debug][gc,phases      ] GC(55)   JNI Weak                       Min: 0.00, Avg: 0.00, Max: 0.00, Diff: 0.00, Sum: 0.00, Workers: 4
[1402.448s][debug][gc,phases      ] GC(55)     Dead                           Min: 0, Avg:  0.0, Max: 0, Diff: 0, Sum: 0, Workers: 4
[1402.448s][debug][gc,phases      ] GC(55)     Total                          Min: 0, Avg: 13.0, Max: 52, Diff: 52, Sum: 52, Workers: 4
[1402.448s][debug][gc,phases      ] GC(55)   StringDedup Table Weak         Min: 0.00, Avg: 0.00, Max: 0.00, Diff: 0.00, Sum: 0.00, Workers: 4
[1402.448s][debug][gc,phases      ] GC(55)     Dead                           Min: 0, Avg:  0.0, Max: 0, Diff: 0, Sum: 0, Workers: 4
[1402.448s][debug][gc,phases      ] GC(55)     Total                          Min: 0, Avg:  0.0, Max: 0, Diff: 0, Sum: 0, Workers: 4
[1402.448s][debug][gc,phases      ] GC(55)   StringDedup Requests0 Weak     Min: 0.00, Avg: 0.00, Max: 0.00, Diff: 0.00, Sum: 0.00, Workers: 4
[1402.448s][debug][gc,phases      ] GC(55)     Dead                           Min: 0, Avg:  0.0, Max: 0, Diff: 0, Sum: 0, Workers: 4
[1402.448s][debug][gc,phases      ] GC(55)     Total                          Min: 0, Avg:  0.0, Max: 0, Diff: 0, Sum: 0, Workers: 4
[1402.448s][debug][gc,phases      ] GC(55)   StringDedup Requests1 Weak     Min: 0.00, Avg: 0.00, Max: 0.00, Diff: 0.00, Sum: 0.00, Workers: 4
[1402.448s][debug][gc,phases      ] GC(55)     Dead                           Min: 0, Avg:  0.0, Max: 0, Diff: 0, Sum: 0, Workers: 4
[1402.448s][debug][gc,phases      ] GC(55)     Total                          Min: 0, Avg:  0.0, Max: 0, Diff: 0, Sum: 0, Workers: 4
[1402.448s][debug][gc,phases      ] GC(55)   Weak JFR Old Object Samples    Min: 0.00, Avg: 0.00, Max: 0.00, Diff: 0.00, Sum: 0.00, Workers: 4
[1402.448s][debug][gc,phases      ] GC(55)     Dead                           Min: 0, Avg:  0.0, Max: 0, Diff: 0, Sum: 0, Workers: 4
[1402.448s][debug][gc,phases      ] GC(55)     Total                          Min: 0, Avg:  0.0, Max: 0, Diff: 0, Sum: 0, Workers: 4
[1402.448s][debug][gc,phases      ] GC(55) Weak Processing 0.356ms
[1402.448s][debug][gc,age         ] GC(55) Desired survivor size 55050240 bytes, new threshold 1 (max threshold 15)
[1402.448s][info ][gc,heap        ] GC(55) PSYoungGen: 1986416K(2040320K)->4752K(2037760K) Eden: 1980928K(1980928K)->0K(1980928K) From: 5488K(59392K)->4752K(56832K)
[1402.448s][info ][gc,heap        ] GC(55) ParOldGen: 570160K(570368K)->572305K(572416K)
[1402.448s][info ][gc,metaspace   ] GC(55) Metaspace: 108883K(110080K)->108883K(110080K) NonClass: 93136K(93824K)->93136K(93824K) Class: 15747K(16256K)->15747K(16256K)
[1402.448s][info ][gc             ] GC(55) Pause Young (Allocation Failure) 2496M->563M(2549M) 6.132ms
[1402.448s][info ][gc,cpu         ] GC(55) User=0.02s Sys=0.01s Real=0.00s
[1402.448s][info ][safepoint      ] Safepoint "ParallelCollectForAllocation", Time since last: 17721833852 ns, Reaching safepoint: 7400 ns, At safepoint: 6199894 ns, Leaving safepoint: 4200 ns, Total: 6211494 ns, Threads: 0 runnable, 36 total
[1420.657s][info ][gc,start       ] GC(56) Pause Young (Allocation Failure)
[1420.666s][debug][gc,phases      ] GC(56) Scavenge 9.059ms
[1420.666s][debug][gc,ref         ] GC(56) ReferenceProcessor::execute queues: 1, RefProcThreadModel::Single, marks_oops_alive: false
[1420.666s][debug][gc,ref         ] GC(56) Skipped KeepAliveFinalRefsPhase of Reference Processing: no references
[1420.666s][debug][gc,ref         ] GC(56) Skipped PhantomRefsPhase of Reference Processing: no references
[1420.666s][debug][gc,phases      ] GC(56) Reference Processing 0.108ms
[1420.666s][debug][gc,phases      ] GC(56)   VM Weak                        Min: 0.00, Avg: 0.00, Max: 0.00, Diff: 0.00, Sum: 0.01, Workers: 4
[1420.666s][debug][gc,phases      ] GC(56)     Dead                           Min: 0, Avg:  0.0, Max: 0, Diff: 0, Sum: 0, Workers: 4
[1420.666s][debug][gc,phases      ] GC(56)     Total                          Min: 0, Avg: 210.5, Max: 448, Diff: 448, Sum: 842, Workers: 4
[1420.666s][debug][gc,phases      ] GC(56)   ObjectSynchronizer Weak        Min: 0.00, Avg: 0.00, Max: 0.00, Diff: 0.00, Sum: 0.00, Workers: 4
[1420.666s][debug][gc,phases      ] GC(56)     Dead                           Min: 0, Avg:  0.0, Max: 0, Diff: 0, Sum: 0, Workers: 4
[1420.666s][debug][gc,phases      ] GC(56)     Total                          Min: 0, Avg:  2.0, Max: 8, Diff: 8, Sum: 8, Workers: 4
[1420.666s][debug][gc,phases      ] GC(56)   JVMTI Tag Weak OopStorage      Min: 0.00, Avg: 0.00, Max: 0.00, Diff: 0.00, Sum: 0.00, Workers: 4
[1420.666s][debug][gc,phases      ] GC(56)     Dead                           Min: 0, Avg:  0.0, Max: 0, Diff: 0, Sum: 0, Workers: 4
[1420.666s][debug][gc,phases      ] GC(56)     Total                          Min: 0, Avg:  0.0, Max: 0, Diff: 0, Sum: 0, Workers: 4
[1420.666s][debug][gc,phases      ] GC(56)   StringTable Weak               Min: 0.00, Avg: 0.10, Max: 0.13, Diff: 0.13, Sum: 0.39, Workers: 4
[1420.666s][debug][gc,phases      ] GC(56)     Dead                           Min: 0, Avg:  0.0, Max: 0, Diff: 0, Sum: 0, Workers: 4
[1420.666s][debug][gc,phases      ] GC(56)     Total                          Min: 0, Avg: 12449.8, Max: 20679, Diff: 20679, Sum: 49799, Workers: 4
[1420.666s][debug][gc,phases      ] GC(56)   ResolvedMethodTable Weak       Min: 0.01, Avg: 0.05, Max: 0.07, Diff: 0.05, Sum: 0.21, Workers: 4
[1420.666s][debug][gc,phases      ] GC(56)     Dead                           Min: 0, Avg:  0.2, Max: 1, Diff: 1, Sum: 1, Workers: 4
[1420.666s][debug][gc,phases      ] GC(56)     Total                          Min: 1071, Avg: 4072.0, Max: 5857, Diff: 4786, Sum: 16288, Workers: 4
[1420.666s][debug][gc,phases      ] GC(56)   JNI Weak                       Min: 0.00, Avg: 0.00, Max: 0.00, Diff: 0.00, Sum: 0.00, Workers: 4
[1420.666s][debug][gc,phases      ] GC(56)     Dead                           Min: 0, Avg:  0.0, Max: 0, Diff: 0, Sum: 0, Workers: 4
[1420.666s][debug][gc,phases      ] GC(56)     Total                          Min: 0, Avg: 13.0, Max: 52, Diff: 52, Sum: 52, Workers: 4
[1420.666s][debug][gc,phases      ] GC(56)   StringDedup Table Weak         Min: 0.00, Avg: 0.00, Max: 0.00, Diff: 0.00, Sum: 0.00, Workers: 4
[1420.666s][debug][gc,phases      ] GC(56)     Dead                           Min: 0, Avg:  0.0, Max: 0, Diff: 0, Sum: 0, Workers: 4
[1420.666s][debug][gc,phases      ] GC(56)     Total                          Min: 0, Avg:  0.0, Max: 0, Diff: 0, Sum: 0, Workers: 4
[1420.666s][debug][gc,phases      ] GC(56)   StringDedup Requests0 Weak     Min: 0.00, Avg: 0.00, Max: 0.00, Diff: 0.00, Sum: 0.00, Workers: 4
[1420.666s][debug][gc,phases      ] GC(56)     Dead                           Min: 0, Avg:  0.0, Max: 0, Diff: 0, Sum: 0, Workers: 4
[1420.666s][debug][gc,phases      ] GC(56)     Total                          Min: 0, Avg:  0.0, Max: 0, Diff: 0, Sum: 0, Workers: 4
[1420.666s][debug][gc,phases      ] GC(56)   StringDedup Requests1 Weak     Min: 0.00, Avg: 0.00, Max: 0.00, Diff: 0.00, Sum: 0.00, Workers: 4
[1420.666s][debug][gc,phases      ] GC(56)     Dead                           Min: 0, Avg:  0.0, Max: 0, Diff: 0, Sum: 0, Workers: 4
[1420.666s][debug][gc,phases      ] GC(56)     Total                          Min: 0, Avg:  0.0, Max: 0, Diff: 0, Sum: 0, Workers: 4
[1420.666s][debug][gc,phases      ] GC(56)   Weak JFR Old Object Samples    Min: 0.00, Avg: 0.00, Max: 0.00, Diff: 0.00, Sum: 0.00, Workers: 4
[1420.666s][debug][gc,phases      ] GC(56)     Dead                           Min: 0, Avg:  0.0, Max: 0, Diff: 0, Sum: 0, Workers: 4
[1420.666s][debug][gc,phases      ] GC(56)     Total                          Min: 0, Avg:  0.0, Max: 0, Diff: 0, Sum: 0, Workers: 4
[1420.666s][debug][gc,phases      ] GC(56) Weak Processing 0.385ms
[1420.666s][debug][gc,age         ] GC(56) Desired survivor size 51904512 bytes, new threshold 1 (max threshold 15)
[1420.666s][info ][gc,heap        ] GC(56) PSYoungGen: 1985680K(2037760K)->7896K(2046464K) Eden: 1980928K(1980928K)->0K(1992704K) From: 4752K(56832K)->7896K(53760K)
[1420.666s][info ][gc,heap        ] GC(56) ParOldGen: 572305K(572416K)->573561K(573952K)
[1420.666s][info ][gc,metaspace   ] GC(56) Metaspace: 108905K(110080K)->108905K(110080K) NonClass: 93156K(93824K)->93156K(93824K) Class: 15749K(16256K)->15749K(16256K)
[1420.666s][info ][gc             ] GC(56) Pause Young (Allocation Failure) 2498M->567M(2559M) 9.668ms
[1420.666s][info ][gc,cpu         ] GC(56) User=0.04s Sys=0.00s Real=0.01s
[1420.666s][info ][safepoint      ] Safepoint "ParallelCollectForAllocation", Time since last: 18208127043 ns, Reaching safepoint: 8600 ns, At safepoint: 9741396 ns, Leaving safepoint: 7300 ns, Total: 9757296 ns, Threads: 0 runnable, 35 total
[1474.399s][info ][gc,start       ] GC(57) Pause Young (Allocation Failure)
[1474.407s][debug][gc,phases      ] GC(57) Scavenge 7.849ms
[1474.407s][debug][gc,ref         ] GC(57) ReferenceProcessor::execute queues: 1, RefProcThreadModel::Single, marks_oops_alive: false
[1474.407s][debug][gc,ref         ] GC(57) Skipped KeepAliveFinalRefsPhase of Reference Processing: no references
[1474.407s][debug][gc,ref         ] GC(57) Skipped PhantomRefsPhase of Reference Processing: no references
[1474.407s][debug][gc,phases      ] GC(57) Reference Processing 0.100ms
[1474.408s][debug][gc,phases      ] GC(57)   VM Weak                        Min: 0.00, Avg: 0.00, Max: 0.01, Diff: 0.01, Sum: 0.01, Workers: 4
[1474.408s][debug][gc,phases      ] GC(57)     Dead                           Min: 0, Avg:  0.0, Max: 0, Diff: 0, Sum: 0, Workers: 4
[1474.408s][debug][gc,phases      ] GC(57)     Total                          Min: 0, Avg: 210.8, Max: 768, Diff: 768, Sum: 843, Workers: 4
[1474.408s][debug][gc,phases      ] GC(57)   ObjectSynchronizer Weak        Min: 0.00, Avg: 0.00, Max: 0.00, Diff: 0.00, Sum: 0.00, Workers: 4
[1474.408s][debug][gc,phases      ] GC(57)     Dead                           Min: 0, Avg:  0.0, Max: 0, Diff: 0, Sum: 0, Workers: 4
[1474.408s][debug][gc,phases      ] GC(57)     Total                          Min: 0, Avg:  1.5, Max: 6, Diff: 6, Sum: 6, Workers: 4
[1474.408s][debug][gc,phases      ] GC(57)   JVMTI Tag Weak OopStorage      Min: 0.00, Avg: 0.00, Max: 0.00, Diff: 0.00, Sum: 0.00, Workers: 4
[1474.408s][debug][gc,phases      ] GC(57)     Dead                           Min: 0, Avg:  0.0, Max: 0, Diff: 0, Sum: 0, Workers: 4
[1474.408s][debug][gc,phases      ] GC(57)     Total                          Min: 0, Avg:  0.0, Max: 0, Diff: 0, Sum: 0, Workers: 4
[1474.408s][debug][gc,phases      ] GC(57)   StringTable Weak               Min: 0.00, Avg: 0.10, Max: 0.13, Diff: 0.13, Sum: 0.39, Workers: 4
[1474.408s][debug][gc,phases      ] GC(57)     Dead                           Min: 0, Avg:  0.2, Max: 1, Diff: 1, Sum: 1, Workers: 4
[1474.408s][debug][gc,phases      ] GC(57)     Total                          Min: 0, Avg: 12452.2, Max: 21138, Diff: 21138, Sum: 49809, Workers: 4
[1474.408s][debug][gc,phases      ] GC(57)   ResolvedMethodTable Weak       Min: 0.00, Avg: 0.04, Max: 0.05, Diff: 0.05, Sum: 0.16, Workers: 4
[1474.408s][debug][gc,phases      ] GC(57)     Dead                           Min: 0, Avg:  5.5, Max: 20, Diff: 20, Sum: 22, Workers: 4
[1474.408s][debug][gc,phases      ] GC(57)     Total                          Min: 0, Avg: 4075.2, Max: 6858, Diff: 6858, Sum: 16301, Workers: 4
[1474.408s][debug][gc,phases      ] GC(57)   JNI Weak                       Min: 0.00, Avg: 0.00, Max: 0.00, Diff: 0.00, Sum: 0.00, Workers: 4
[1474.408s][debug][gc,phases      ] GC(57)     Dead                           Min: 0, Avg:  0.0, Max: 0, Diff: 0, Sum: 0, Workers: 4
[1474.408s][debug][gc,phases      ] GC(57)     Total                          Min: 0, Avg: 13.0, Max: 52, Diff: 52, Sum: 52, Workers: 4
[1474.408s][debug][gc,phases      ] GC(57)   StringDedup Table Weak         Min: 0.00, Avg: 0.00, Max: 0.00, Diff: 0.00, Sum: 0.00, Workers: 4
[1474.408s][debug][gc,phases      ] GC(57)     Dead                           Min: 0, Avg:  0.0, Max: 0, Diff: 0, Sum: 0, Workers: 4
[1474.408s][debug][gc,phases      ] GC(57)     Total                          Min: 0, Avg:  0.0, Max: 0, Diff: 0, Sum: 0, Workers: 4
[1474.408s][debug][gc,phases      ] GC(57)   StringDedup Requests0 Weak     Min: 0.00, Avg: 0.00, Max: 0.00, Diff: 0.00, Sum: 0.00, Workers: 4
[1474.408s][debug][gc,phases      ] GC(57)     Dead                           Min: 0, Avg:  0.0, Max: 0, Diff: 0, Sum: 0, Workers: 4
[1474.408s][debug][gc,phases      ] GC(57)     Total                          Min: 0, Avg:  0.0, Max: 0, Diff: 0, Sum: 0, Workers: 4
[1474.408s][debug][gc,phases      ] GC(57)   StringDedup Requests1 Weak     Min: 0.00, Avg: 0.00, Max: 0.00, Diff: 0.00, Sum: 0.00, Workers: 4
[1474.408s][debug][gc,phases      ] GC(57)     Dead                           Min: 0, Avg:  0.0, Max: 0, Diff: 0, Sum: 0, Workers: 4
[1474.408s][debug][gc,phases      ] GC(57)     Total                          Min: 0, Avg:  0.0, Max: 0, Diff: 0, Sum: 0, Workers: 4
[1474.408s][debug][gc,phases      ] GC(57)   Weak JFR Old Object Samples    Min: 0.00, Avg: 0.00, Max: 0.00, Diff: 0.00, Sum: 0.00, Workers: 4
[1474.408s][debug][gc,phases      ] GC(57)     Dead                           Min: 0, Avg:  0.0, Max: 0, Diff: 0, Sum: 0, Workers: 4
[1474.408s][debug][gc,phases      ] GC(57)     Total                          Min: 0, Avg:  0.0, Max: 0, Diff: 0, Sum: 0, Workers: 4
[1474.408s][debug][gc,phases      ] GC(57) Weak Processing 0.383ms
[1474.408s][debug][gc,age         ] GC(57) Desired survivor size 48758784 bytes, new threshold 1 (max threshold 15)
[1474.408s][info ][gc,heap        ] GC(57) PSYoungGen: 2000600K(2046464K)->6848K(2043392K) Eden: 1992704K(1992704K)->0K(1992704K) From: 7896K(53760K)->6848K(50688K)
[1474.408s][info ][gc,heap        ] GC(57) ParOldGen: 573561K(573952K)->578621K(579072K)
[1474.408s][info ][gc,metaspace   ] GC(57) Metaspace: 108990K(110144K)->108990K(110144K) NonClass: 93235K(93888K)->93235K(93888K) Class: 15754K(16256K)->15754K(16256K)
[1474.408s][info ][gc             ] GC(57) Pause Young (Allocation Failure) 2513M->571M(2561M) 8.454ms
[1474.408s][info ][gc,cpu         ] GC(57) User=0.03s Sys=0.00s Real=0.00s
[1474.408s][info ][safepoint      ] Safepoint "ParallelCollectForAllocation", Time since last: 53733016775 ns, Reaching safepoint: 6900 ns, At safepoint: 8519894 ns, Leaving safepoint: 6400 ns, Total: 8533194 ns, Threads: 0 runnable, 35 total
[1508.780s][info ][gc,start       ] GC(58) Pause Young (Allocation Failure)
[1508.790s][debug][gc,phases      ] GC(58) Scavenge 9.870ms
[1508.790s][debug][gc,ref         ] GC(58) ReferenceProcessor::execute queues: 1, RefProcThreadModel::Single, marks_oops_alive: false
[1508.790s][debug][gc,ref         ] GC(58) Skipped KeepAliveFinalRefsPhase of Reference Processing: no references
[1508.790s][debug][gc,ref         ] GC(58) Skipped PhantomRefsPhase of Reference Processing: no references
[1508.790s][debug][gc,phases      ] GC(58) Reference Processing 0.030ms
[1508.790s][debug][gc,phases      ] GC(58)   VM Weak                        Min: 0.00, Avg: 0.00, Max: 0.01, Diff: 0.01, Sum: 0.01, Workers: 4
[1508.790s][debug][gc,phases      ] GC(58)     Dead                           Min: 0, Avg:  0.0, Max: 0, Diff: 0, Sum: 0, Workers: 4
[1508.790s][debug][gc,phases      ] GC(58)     Total                          Min: 0, Avg: 210.8, Max: 576, Diff: 576, Sum: 843, Workers: 4
[1508.790s][debug][gc,phases      ] GC(58)   ObjectSynchronizer Weak        Min: 0.00, Avg: 0.00, Max: 0.00, Diff: 0.00, Sum: 0.00, Workers: 4
[1508.790s][debug][gc,phases      ] GC(58)     Dead                           Min: 0, Avg:  0.0, Max: 0, Diff: 0, Sum: 0, Workers: 4
[1508.790s][debug][gc,phases      ] GC(58)     Total                          Min: 0, Avg:  1.5, Max: 6, Diff: 6, Sum: 6, Workers: 4
[1508.790s][debug][gc,phases      ] GC(58)   JVMTI Tag Weak OopStorage      Min: 0.00, Avg: 0.00, Max: 0.00, Diff: 0.00, Sum: 0.00, Workers: 4
[1508.790s][debug][gc,phases      ] GC(58)     Dead                           Min: 0, Avg:  0.0, Max: 0, Diff: 0, Sum: 0, Workers: 4
[1508.790s][debug][gc,phases      ] GC(58)     Total                          Min: 0, Avg:  0.0, Max: 0, Diff: 0, Sum: 0, Workers: 4
[1508.790s][debug][gc,phases      ] GC(58)   StringTable Weak               Min: 0.00, Avg: 0.13, Max: 0.17, Diff: 0.17, Sum: 0.52, Workers: 4
[1508.790s][debug][gc,phases      ] GC(58)     Dead                           Min: 0, Avg:  0.0, Max: 0, Diff: 0, Sum: 0, Workers: 4
[1508.790s][debug][gc,phases      ] GC(58)     Total                          Min: 0, Avg: 12452.5, Max: 16786, Diff: 16786, Sum: 49810, Workers: 4
[1508.790s][debug][gc,phases      ] GC(58)   ResolvedMethodTable Weak       Min: 0.00, Avg: 0.04, Max: 0.05, Diff: 0.05, Sum: 0.16, Workers: 4
[1508.790s][debug][gc,phases      ] GC(58)     Dead                           Min: 0, Avg:  5.0, Max: 12, Diff: 12, Sum: 20, Workers: 4
[1508.790s][debug][gc,phases      ] GC(58)     Total                          Min: 0, Avg: 4075.2, Max: 5494, Diff: 5494, Sum: 16301, Workers: 4
[1508.790s][debug][gc,phases      ] GC(58)   JNI Weak                       Min: 0.00, Avg: 0.00, Max: 0.00, Diff: 0.00, Sum: 0.00, Workers: 4
[1508.790s][debug][gc,phases      ] GC(58)     Dead                           Min: 0, Avg:  0.0, Max: 0, Diff: 0, Sum: 0, Workers: 4
[1508.790s][debug][gc,phases      ] GC(58)     Total                          Min: 0, Avg: 13.8, Max: 55, Diff: 55, Sum: 55, Workers: 4
[1508.790s][debug][gc,phases      ] GC(58)   StringDedup Table Weak         Min: 0.00, Avg: 0.00, Max: 0.00, Diff: 0.00, Sum: 0.00, Workers: 4
[1508.790s][debug][gc,phases      ] GC(58)     Dead                           Min: 0, Avg:  0.0, Max: 0, Diff: 0, Sum: 0, Workers: 4
[1508.790s][debug][gc,phases      ] GC(58)     Total                          Min: 0, Avg:  0.0, Max: 0, Diff: 0, Sum: 0, Workers: 4
[1508.790s][debug][gc,phases      ] GC(58)   StringDedup Requests0 Weak     Min: 0.00, Avg: 0.00, Max: 0.00, Diff: 0.00, Sum: 0.00, Workers: 4
[1508.790s][debug][gc,phases      ] GC(58)     Dead                           Min: 0, Avg:  0.0, Max: 0, Diff: 0, Sum: 0, Workers: 4
[1508.790s][debug][gc,phases      ] GC(58)     Total                          Min: 0, Avg:  0.0, Max: 0, Diff: 0, Sum: 0, Workers: 4
[1508.790s][debug][gc,phases      ] GC(58)   StringDedup Requests1 Weak     Min: 0.00, Avg: 0.00, Max: 0.00, Diff: 0.00, Sum: 0.00, Workers: 4
[1508.790s][debug][gc,phases      ] GC(58)     Dead                           Min: 0, Avg:  0.0, Max: 0, Diff: 0, Sum: 0, Workers: 4
[1508.790s][debug][gc,phases      ] GC(58)     Total                          Min: 0, Avg:  0.0, Max: 0, Diff: 0, Sum: 0, Workers: 4
[1508.790s][debug][gc,phases      ] GC(58)   Weak JFR Old Object Samples    Min: 0.00, Avg: 0.00, Max: 0.00, Diff: 0.00, Sum: 0.00, Workers: 4
[1508.790s][debug][gc,phases      ] GC(58)     Dead                           Min: 0, Avg:  0.0, Max: 0, Diff: 0, Sum: 0, Workers: 4
[1508.790s][debug][gc,phases      ] GC(58)     Total                          Min: 0, Avg:  0.0, Max: 0, Diff: 0, Sum: 0, Workers: 4
[1508.790s][debug][gc,phases      ] GC(58) Weak Processing 0.431ms
[1508.790s][debug][gc,age         ] GC(58) Desired survivor size 46137344 bytes, new threshold 1 (max threshold 15)
[1508.790s][info ][gc,heap        ] GC(58) PSYoungGen: 1999552K(2043392K)->4880K(2052096K) Eden: 1992704K(1992704K)->0K(2004480K) From: 6848K(50688K)->4880K(47616K)
[1508.790s][info ][gc,heap        ] GC(58) ParOldGen: 578621K(579072K)->581442K(581632K)
[1508.790s][info ][gc,metaspace   ] GC(58) Metaspace: 109014K(110208K)->109014K(110208K) NonClass: 93260K(93952K)->93260K(93952K) Class: 15754K(16256K)->15754K(16256K)
[1508.790s][info ][gc             ] GC(58) Pause Young (Allocation Failure) 2517M->572M(2572M) 10.457ms
[1508.790s][info ][gc,cpu         ] GC(58) User=0.03s Sys=0.00s Real=0.01s
[1508.790s][info ][safepoint      ] Safepoint "ParallelCollectForAllocation", Time since last: 34371845501 ns, Reaching safepoint: 110400 ns, At safepoint: 10534993 ns, Leaving safepoint: 33500 ns, Total: 10678893 ns, Threads: 3 runnable, 35 total
[1544.849s][info ][gc,start       ] GC(59) Pause Young (Allocation Failure)
[1544.853s][debug][gc,phases      ] GC(59) Scavenge 4.367ms
[1544.853s][debug][gc,ref         ] GC(59) ReferenceProcessor::execute queues: 1, RefProcThreadModel::Single, marks_oops_alive: false
[1544.853s][debug][gc,ref         ] GC(59) Skipped KeepAliveFinalRefsPhase of Reference Processing: no references
[1544.853s][debug][gc,ref         ] GC(59) Skipped PhantomRefsPhase of Reference Processing: no references
[1544.853s][debug][gc,phases      ] GC(59) Reference Processing 0.100ms
[1544.854s][debug][gc,phases      ] GC(59)   VM Weak                        Min: 0.00, Avg: 0.00, Max: 0.01, Diff: 0.01, Sum: 0.01, Workers: 4
[1544.854s][debug][gc,phases      ] GC(59)     Dead                           Min: 0, Avg:  0.0, Max: 0, Diff: 0, Sum: 0, Workers: 4
[1544.854s][debug][gc,phases      ] GC(59)     Total                          Min: 0, Avg: 210.8, Max: 843, Diff: 843, Sum: 843, Workers: 4
[1544.854s][debug][gc,phases      ] GC(59)   ObjectSynchronizer Weak        Min: 0.00, Avg: 0.00, Max: 0.00, Diff: 0.00, Sum: 0.00, Workers: 4
[1544.854s][debug][gc,phases      ] GC(59)     Dead                           Min: 0, Avg:  0.0, Max: 0, Diff: 0, Sum: 0, Workers: 4
[1544.854s][debug][gc,phases      ] GC(59)     Total                          Min: 0, Avg:  1.5, Max: 6, Diff: 6, Sum: 6, Workers: 4
[1544.854s][debug][gc,phases      ] GC(59)   JVMTI Tag Weak OopStorage      Min: 0.00, Avg: 0.00, Max: 0.00, Diff: 0.00, Sum: 0.00, Workers: 4
[1544.854s][debug][gc,phases      ] GC(59)     Dead                           Min: 0, Avg:  0.0, Max: 0, Diff: 0, Sum: 0, Workers: 4
[1544.854s][debug][gc,phases      ] GC(59)     Total                          Min: 0, Avg:  0.0, Max: 0, Diff: 0, Sum: 0, Workers: 4
[1544.854s][debug][gc,phases      ] GC(59)   StringTable Weak               Min: 0.00, Avg: 0.10, Max: 0.13, Diff: 0.13, Sum: 0.39, Workers: 4
[1544.854s][debug][gc,phases      ] GC(59)     Dead                           Min: 0, Avg:  0.2, Max: 1, Diff: 1, Sum: 1, Workers: 4
[1544.854s][debug][gc,phases      ] GC(59)     Total                          Min: 0, Avg: 12453.5, Max: 21504, Diff: 21504, Sum: 49814, Workers: 4
[1544.854s][debug][gc,phases      ] GC(59)   ResolvedMethodTable Weak       Min: 0.00, Avg: 0.03, Max: 0.05, Diff: 0.05, Sum: 0.14, Workers: 4
[1544.854s][debug][gc,phases      ] GC(59)     Dead                           Min: 0, Avg:  5.0, Max: 20, Diff: 20, Sum: 20, Workers: 4
[1544.854s][debug][gc,phases      ] GC(59)     Total                          Min: 0, Avg: 4075.8, Max: 6923, Diff: 6923, Sum: 16303, Workers: 4
[1544.854s][debug][gc,phases      ] GC(59)   JNI Weak                       Min: 0.00, Avg: 0.00, Max: 0.00, Diff: 0.00, Sum: 0.00, Workers: 4
[1544.854s][debug][gc,phases      ] GC(59)     Dead                           Min: 0, Avg:  0.0, Max: 0, Diff: 0, Sum: 0, Workers: 4
[1544.854s][debug][gc,phases      ] GC(59)     Total                          Min: 0, Avg: 13.0, Max: 52, Diff: 52, Sum: 52, Workers: 4
[1544.854s][debug][gc,phases      ] GC(59)   StringDedup Table Weak         Min: 0.00, Avg: 0.00, Max: 0.00, Diff: 0.00, Sum: 0.00, Workers: 4
[1544.854s][debug][gc,phases      ] GC(59)     Dead                           Min: 0, Avg:  0.0, Max: 0, Diff: 0, Sum: 0, Workers: 4
[1544.854s][debug][gc,phases      ] GC(59)     Total                          Min: 0, Avg:  0.0, Max: 0, Diff: 0, Sum: 0, Workers: 4
[1544.854s][debug][gc,phases      ] GC(59)   StringDedup Requests0 Weak     Min: 0.00, Avg: 0.00, Max: 0.00, Diff: 0.00, Sum: 0.00, Workers: 4
[1544.854s][debug][gc,phases      ] GC(59)     Dead                           Min: 0, Avg:  0.0, Max: 0, Diff: 0, Sum: 0, Workers: 4
[1544.854s][debug][gc,phases      ] GC(59)     Total                          Min: 0, Avg:  0.0, Max: 0, Diff: 0, Sum: 0, Workers: 4
[1544.854s][debug][gc,phases      ] GC(59)   StringDedup Requests1 Weak     Min: 0.00, Avg: 0.00, Max: 0.00, Diff: 0.00, Sum: 0.00, Workers: 4
[1544.854s][debug][gc,phases      ] GC(59)     Dead                           Min: 0, Avg:  0.0, Max: 0, Diff: 0, Sum: 0, Workers: 4
[1544.854s][debug][gc,phases      ] GC(59)     Total                          Min: 0, Avg:  0.0, Max: 0, Diff: 0, Sum: 0, Workers: 4
[1544.854s][debug][gc,phases      ] GC(59)   Weak JFR Old Object Samples    Min: 0.00, Avg: 0.00, Max: 0.00, Diff: 0.00, Sum: 0.00, Workers: 4
[1544.854s][debug][gc,phases      ] GC(59)     Dead                           Min: 0, Avg:  0.0, Max: 0, Diff: 0, Sum: 0, Workers: 4
[1544.854s][debug][gc,phases      ] GC(59)     Total                          Min: 0, Avg:  0.0, Max: 0, Diff: 0, Sum: 0, Workers: 4
[1544.854s][debug][gc,phases      ] GC(59) Weak Processing 0.394ms
[1544.854s][debug][gc,age         ] GC(59) Desired survivor size 44040192 bytes, new threshold 1 (max threshold 15)
[1544.854s][info ][gc,heap        ] GC(59) PSYoungGen: 2009360K(2052096K)->4176K(2049536K) Eden: 2004480K(2004480K)->0K(2004480K) From: 4880K(47616K)->4176K(45056K)
[1544.854s][info ][gc,heap        ] GC(59) ParOldGen: 581442K(581632K)->582710K(583168K)
[1544.854s][info ][gc,metaspace   ] GC(59) Metaspace: 109031K(110208K)->109031K(110208K) NonClass: 93276K(93952K)->93276K(93952K) Class: 15755K(16256K)->15755K(16256K)
[1544.854s][info ][gc             ] GC(59) Pause Young (Allocation Failure) 2530M->573M(2571M) 4.975ms
[1544.854s][info ][gc,cpu         ] GC(59) User=0.02s Sys=0.00s Real=0.01s
[1544.854s][info ][safepoint      ] Safepoint "ParallelCollectForAllocation", Time since last: 36058362312 ns, Reaching safepoint: 36700 ns, At safepoint: 5039697 ns, Leaving safepoint: 7600 ns, Total: 5083997 ns, Threads: 0 runnable, 41 total
[1579.769s][info ][gc,start       ] GC(60) Pause Young (Allocation Failure)
[1579.774s][debug][gc,phases      ] GC(60) Scavenge 4.042ms
[1579.774s][debug][gc,ref         ] GC(60) ReferenceProcessor::execute queues: 1, RefProcThreadModel::Single, marks_oops_alive: false
[1579.774s][debug][gc,ref         ] GC(60) Skipped KeepAliveFinalRefsPhase of Reference Processing: no references
[1579.774s][debug][gc,ref         ] GC(60) Skipped PhantomRefsPhase of Reference Processing: no references
[1579.774s][debug][gc,phases      ] GC(60) Reference Processing 0.099ms
[1579.774s][debug][gc,phases      ] GC(60)   VM Weak                        Min: 0.00, Avg: 0.00, Max: 0.01, Diff: 0.01, Sum: 0.01, Workers: 4
[1579.774s][debug][gc,phases      ] GC(60)     Dead                           Min: 0, Avg:  0.0, Max: 0, Diff: 0, Sum: 0, Workers: 4
[1579.774s][debug][gc,phases      ] GC(60)     Total                          Min: 0, Avg: 210.8, Max: 523, Diff: 523, Sum: 843, Workers: 4
[1579.774s][debug][gc,phases      ] GC(60)   ObjectSynchronizer Weak        Min: 0.00, Avg: 0.00, Max: 0.00, Diff: 0.00, Sum: 0.00, Workers: 4
[1579.774s][debug][gc,phases      ] GC(60)     Dead                           Min: 0, Avg:  0.0, Max: 0, Diff: 0, Sum: 0, Workers: 4
[1579.774s][debug][gc,phases      ] GC(60)     Total                          Min: 0, Avg:  1.5, Max: 6, Diff: 6, Sum: 6, Workers: 4
[1579.774s][debug][gc,phases      ] GC(60)   JVMTI Tag Weak OopStorage      Min: 0.00, Avg: 0.00, Max: 0.00, Diff: 0.00, Sum: 0.00, Workers: 4
[1579.774s][debug][gc,phases      ] GC(60)     Dead                           Min: 0, Avg:  0.0, Max: 0, Diff: 0, Sum: 0, Workers: 4
[1579.774s][debug][gc,phases      ] GC(60)     Total                          Min: 0, Avg:  0.0, Max: 0, Diff: 0, Sum: 0, Workers: 4
[1579.774s][debug][gc,phases      ] GC(60)   StringTable Weak               Min: 0.00, Avg: 0.12, Max: 0.16, Diff: 0.16, Sum: 0.47, Workers: 4
[1579.774s][debug][gc,phases      ] GC(60)     Dead                           Min: 0, Avg:  0.0, Max: 0, Diff: 0, Sum: 0, Workers: 4
[1579.774s][debug][gc,phases      ] GC(60)     Total                          Min: 0, Avg: 12453.5, Max: 16704, Diff: 16704, Sum: 49814, Workers: 4
[1579.774s][debug][gc,phases      ] GC(60)   ResolvedMethodTable Weak       Min: 0.00, Avg: 0.04, Max: 0.05, Diff: 0.05, Sum: 0.16, Workers: 4
[1579.774s][debug][gc,phases      ] GC(60)     Dead                           Min: 0, Avg:  5.0, Max: 20, Diff: 20, Sum: 20, Workers: 4
[1579.774s][debug][gc,phases      ] GC(60)     Total                          Min: 0, Avg: 4075.8, Max: 5637, Diff: 5637, Sum: 16303, Workers: 4
[1579.774s][debug][gc,phases      ] GC(60)   JNI Weak                       Min: 0.00, Avg: 0.00, Max: 0.00, Diff: 0.00, Sum: 0.00, Workers: 4
[1579.774s][debug][gc,phases      ] GC(60)     Dead                           Min: 0, Avg:  0.0, Max: 0, Diff: 0, Sum: 0, Workers: 4
[1579.774s][debug][gc,phases      ] GC(60)     Total                          Min: 0, Avg: 13.0, Max: 52, Diff: 52, Sum: 52, Workers: 4
[1579.774s][debug][gc,phases      ] GC(60)   StringDedup Table Weak         Min: 0.00, Avg: 0.00, Max: 0.00, Diff: 0.00, Sum: 0.00, Workers: 4
[1579.774s][debug][gc,phases      ] GC(60)     Dead                           Min: 0, Avg:  0.0, Max: 0, Diff: 0, Sum: 0, Workers: 4
[1579.774s][debug][gc,phases      ] GC(60)     Total                          Min: 0, Avg:  0.0, Max: 0, Diff: 0, Sum: 0, Workers: 4
[1579.774s][debug][gc,phases      ] GC(60)   StringDedup Requests0 Weak     Min: 0.00, Avg: 0.00, Max: 0.00, Diff: 0.00, Sum: 0.00, Workers: 4
[1579.774s][debug][gc,phases      ] GC(60)     Dead                           Min: 0, Avg:  0.0, Max: 0, Diff: 0, Sum: 0, Workers: 4
[1579.774s][debug][gc,phases      ] GC(60)     Total                          Min: 0, Avg:  0.0, Max: 0, Diff: 0, Sum: 0, Workers: 4
[1579.774s][debug][gc,phases      ] GC(60)   StringDedup Requests1 Weak     Min: 0.00, Avg: 0.00, Max: 0.00, Diff: 0.00, Sum: 0.00, Workers: 4
[1579.774s][debug][gc,phases      ] GC(60)     Dead                           Min: 0, Avg:  0.0, Max: 0, Diff: 0, Sum: 0, Workers: 4
[1579.774s][debug][gc,phases      ] GC(60)     Total                          Min: 0, Avg:  0.0, Max: 0, Diff: 0, Sum: 0, Workers: 4
[1579.774s][debug][gc,phases      ] GC(60)   Weak JFR Old Object Samples    Min: 0.00, Avg: 0.00, Max: 0.00, Diff: 0.00, Sum: 0.00, Workers: 4
[1579.774s][debug][gc,phases      ] GC(60)     Dead                           Min: 0, Avg:  0.0, Max: 0, Diff: 0, Sum: 0, Workers: 4
[1579.774s][debug][gc,phases      ] GC(60)     Total                          Min: 0, Avg:  0.0, Max: 0, Diff: 0, Sum: 0, Workers: 4
[1579.774s][debug][gc,phases      ] GC(60) Weak Processing 0.428ms
[1579.774s][debug][gc,age         ] GC(60) Desired survivor size 41943040 bytes, new threshold 1 (max threshold 15)
[1579.774s][info ][gc,heap        ] GC(60) PSYoungGen: 2008656K(2049536K)->3696K(2056192K) Eden: 2004480K(2004480K)->0K(2013184K) From: 4176K(45056K)->3696K(43008K)
[1579.774s][info ][gc,heap        ] GC(60) ParOldGen: 582710K(583168K)->584007K(584192K)
[1579.774s][info ][gc,metaspace   ] GC(60) Metaspace: 109032K(110208K)->109032K(110208K) NonClass: 93277K(93952K)->93277K(93952K) Class: 15755K(16256K)->15755K(16256K)
[1579.774s][info ][gc             ] GC(60) Pause Young (Allocation Failure) 2530M->573M(2578M) 4.678ms
[1579.774s][info ][gc,cpu         ] GC(60) User=0.01s Sys=0.00s Real=0.00s
[1579.774s][info ][safepoint      ] Safepoint "ParallelCollectForAllocation", Time since last: 34915580491 ns, Reaching safepoint: 6400 ns, At safepoint: 4745597 ns, Leaving safepoint: 2500 ns, Total: 4754497 ns, Threads: 0 runnable, 34 total
[1627.795s][info ][gc,start       ] GC(61) Pause Young (Allocation Failure)
[1627.800s][debug][gc,phases      ] GC(61) Scavenge 4.673ms
[1627.800s][debug][gc,ref         ] GC(61) ReferenceProcessor::execute queues: 1, RefProcThreadModel::Single, marks_oops_alive: false
[1627.800s][debug][gc,ref         ] GC(61) Skipped KeepAliveFinalRefsPhase of Reference Processing: no references
[1627.800s][debug][gc,ref         ] GC(61) Skipped PhantomRefsPhase of Reference Processing: no references
[1627.800s][debug][gc,phases      ] GC(61) Reference Processing 0.126ms
[1627.800s][debug][gc,phases      ] GC(61)   VM Weak                        Min: 0.00, Avg: 0.00, Max: 0.01, Diff: 0.01, Sum: 0.01, Workers: 4
[1627.800s][debug][gc,phases      ] GC(61)     Dead                           Min: 0, Avg:  0.0, Max: 0, Diff: 0, Sum: 0, Workers: 4
[1627.800s][debug][gc,phases      ] GC(61)     Total                          Min: 0, Avg: 210.8, Max: 523, Diff: 523, Sum: 843, Workers: 4
[1627.800s][debug][gc,phases      ] GC(61)   ObjectSynchronizer Weak        Min: 0.00, Avg: 0.00, Max: 0.00, Diff: 0.00, Sum: 0.00, Workers: 4
[1627.800s][debug][gc,phases      ] GC(61)     Dead                           Min: 0, Avg:  0.0, Max: 0, Diff: 0, Sum: 0, Workers: 4
[1627.800s][debug][gc,phases      ] GC(61)     Total                          Min: 0, Avg:  1.5, Max: 6, Diff: 6, Sum: 6, Workers: 4
[1627.800s][debug][gc,phases      ] GC(61)   JVMTI Tag Weak OopStorage      Min: 0.00, Avg: 0.00, Max: 0.00, Diff: 0.00, Sum: 0.00, Workers: 4
[1627.800s][debug][gc,phases      ] GC(61)     Dead                           Min: 0, Avg:  0.0, Max: 0, Diff: 0, Sum: 0, Workers: 4
[1627.800s][debug][gc,phases      ] GC(61)     Total                          Min: 0, Avg:  0.0, Max: 0, Diff: 0, Sum: 0, Workers: 4
[1627.800s][debug][gc,phases      ] GC(61)   StringTable Weak               Min: 0.00, Avg: 0.10, Max: 0.14, Diff: 0.14, Sum: 0.40, Workers: 4
[1627.800s][debug][gc,phases      ] GC(61)     Dead                           Min: 0, Avg:  0.0, Max: 0, Diff: 0, Sum: 0, Workers: 4
[1627.800s][debug][gc,phases      ] GC(61)     Total                          Min: 0, Avg: 12453.5, Max: 21248, Diff: 21248, Sum: 49814, Workers: 4
[1627.800s][debug][gc,phases      ] GC(61)   ResolvedMethodTable Weak       Min: 0.00, Avg: 0.03, Max: 0.05, Diff: 0.05, Sum: 0.14, Workers: 4
[1627.800s][debug][gc,phases      ] GC(61)     Dead                           Min: 0, Avg:  5.0, Max: 13, Diff: 13, Sum: 20, Workers: 4
[1627.800s][debug][gc,phases      ] GC(61)     Total                          Min: 0, Avg: 4075.8, Max: 6456, Diff: 6456, Sum: 16303, Workers: 4
[1627.800s][debug][gc,phases      ] GC(61)   JNI Weak                       Min: 0.00, Avg: 0.00, Max: 0.00, Diff: 0.00, Sum: 0.00, Workers: 4
[1627.800s][debug][gc,phases      ] GC(61)     Dead                           Min: 0, Avg:  0.0, Max: 0, Diff: 0, Sum: 0, Workers: 4
[1627.800s][debug][gc,phases      ] GC(61)     Total                          Min: 0, Avg: 13.0, Max: 52, Diff: 52, Sum: 52, Workers: 4
[1627.800s][debug][gc,phases      ] GC(61)   StringDedup Table Weak         Min: 0.00, Avg: 0.00, Max: 0.00, Diff: 0.00, Sum: 0.00, Workers: 4
[1627.800s][debug][gc,phases      ] GC(61)     Dead                           Min: 0, Avg:  0.0, Max: 0, Diff: 0, Sum: 0, Workers: 4
[1627.800s][debug][gc,phases      ] GC(61)     Total                          Min: 0, Avg:  0.0, Max: 0, Diff: 0, Sum: 0, Workers: 4
[1627.800s][debug][gc,phases      ] GC(61)   StringDedup Requests0 Weak     Min: 0.00, Avg: 0.00, Max: 0.00, Diff: 0.00, Sum: 0.00, Workers: 4
[1627.800s][debug][gc,phases      ] GC(61)     Dead                           Min: 0, Avg:  0.0, Max: 0, Diff: 0, Sum: 0, Workers: 4
[1627.800s][debug][gc,phases      ] GC(61)     Total                          Min: 0, Avg:  0.0, Max: 0, Diff: 0, Sum: 0, Workers: 4
[1627.800s][debug][gc,phases      ] GC(61)   StringDedup Requests1 Weak     Min: 0.00, Avg: 0.00, Max: 0.00, Diff: 0.00, Sum: 0.00, Workers: 4
[1627.800s][debug][gc,phases      ] GC(61)     Dead                           Min: 0, Avg:  0.0, Max: 0, Diff: 0, Sum: 0, Workers: 4
[1627.800s][debug][gc,phases      ] GC(61)     Total                          Min: 0, Avg:  0.0, Max: 0, Diff: 0, Sum: 0, Workers: 4
[1627.800s][debug][gc,phases      ] GC(61)   Weak JFR Old Object Samples    Min: 0.00, Avg: 0.00, Max: 0.00, Diff: 0.00, Sum: 0.00, Workers: 4
[1627.800s][debug][gc,phases      ] GC(61)     Dead                           Min: 0, Avg:  0.0, Max: 0, Diff: 0, Sum: 0, Workers: 4
[1627.800s][debug][gc,phases      ] GC(61)     Total                          Min: 0, Avg:  0.0, Max: 0, Diff: 0, Sum: 0, Workers: 4
[1627.800s][debug][gc,phases      ] GC(61) Weak Processing 0.360ms
[1627.800s][debug][gc,age         ] GC(61) Desired survivor size 39321600 bytes, new threshold 1 (max threshold 15)
[1627.800s][info ][gc,heap        ] GC(61) PSYoungGen: 2016880K(2056192K)->5888K(2054144K) Eden: 2013184K(2013184K)->0K(2013184K) From: 3696K(43008K)->5888K(40960K)
[1627.800s][info ][gc,heap        ] GC(61) ParOldGen: 584007K(584192K)->584795K(585216K)
[1627.800s][info ][gc,metaspace   ] GC(61) Metaspace: 109034K(110208K)->109034K(110208K) NonClass: 93278K(93952K)->93278K(93952K) Class: 15755K(16256K)->15755K(16256K)
[1627.800s][info ][gc             ] GC(61) Pause Young (Allocation Failure) 2539M->576M(2577M) 5.266ms
[1627.800s][info ][gc,cpu         ] GC(61) User=0.02s Sys=0.00s Real=0.01s
[1627.800s][info ][safepoint      ] Safepoint "ParallelCollectForAllocation", Time since last: 48020870723 ns, Reaching safepoint: 108000 ns, At safepoint: 5326798 ns, Leaving safepoint: 12200 ns, Total: 5446998 ns, Threads: 1 runnable, 33 total
[1679.598s][info ][gc,start       ] GC(62) Pause Young (Allocation Failure)
[1679.604s][debug][gc,phases      ] GC(62) Scavenge 5.918ms
[1679.604s][debug][gc,ref         ] GC(62) ReferenceProcessor::execute queues: 1, RefProcThreadModel::Single, marks_oops_alive: false
[1679.604s][debug][gc,ref         ] GC(62) Skipped KeepAliveFinalRefsPhase of Reference Processing: no references
[1679.604s][debug][gc,ref         ] GC(62) Skipped PhantomRefsPhase of Reference Processing: no references
[1679.604s][debug][gc,phases      ] GC(62) Reference Processing 0.125ms
[1679.604s][debug][gc,phases      ] GC(62)   VM Weak                        Min: 0.00, Avg: 0.00, Max: 0.01, Diff: 0.01, Sum: 0.01, Workers: 4
[1679.604s][debug][gc,phases      ] GC(62)     Dead                           Min: 0, Avg:  0.0, Max: 0, Diff: 0, Sum: 0, Workers: 4
[1679.604s][debug][gc,phases      ] GC(62)     Total                          Min: 0, Avg: 210.8, Max: 704, Diff: 704, Sum: 843, Workers: 4
[1679.604s][debug][gc,phases      ] GC(62)   ObjectSynchronizer Weak        Min: 0.00, Avg: 0.00, Max: 0.00, Diff: 0.00, Sum: 0.00, Workers: 4
[1679.604s][debug][gc,phases      ] GC(62)     Dead                           Min: 0, Avg:  0.2, Max: 1, Diff: 1, Sum: 1, Workers: 4
[1679.604s][debug][gc,phases      ] GC(62)     Total                          Min: 0, Avg:  1.8, Max: 7, Diff: 7, Sum: 7, Workers: 4
[1679.604s][debug][gc,phases      ] GC(62)   JVMTI Tag Weak OopStorage      Min: 0.00, Avg: 0.00, Max: 0.00, Diff: 0.00, Sum: 0.00, Workers: 4
[1679.604s][debug][gc,phases      ] GC(62)     Dead                           Min: 0, Avg:  0.0, Max: 0, Diff: 0, Sum: 0, Workers: 4
[1679.604s][debug][gc,phases      ] GC(62)     Total                          Min: 0, Avg:  0.0, Max: 0, Diff: 0, Sum: 0, Workers: 4
[1679.604s][debug][gc,phases      ] GC(62)   StringTable Weak               Min: 0.00, Avg: 0.10, Max: 0.14, Diff: 0.14, Sum: 0.41, Workers: 4
[1679.604s][debug][gc,phases      ] GC(62)     Dead                           Min: 0, Avg:  0.0, Max: 0, Diff: 0, Sum: 0, Workers: 4
[1679.604s][debug][gc,phases      ] GC(62)     Total                          Min: 0, Avg: 12453.5, Max: 22015, Diff: 22015, Sum: 49814, Workers: 4
[1679.604s][debug][gc,phases      ] GC(62)   ResolvedMethodTable Weak       Min: 0.00, Avg: 0.04, Max: 0.05, Diff: 0.05, Sum: 0.14, Workers: 4
[1679.604s][debug][gc,phases      ] GC(62)     Dead                           Min: 0, Avg:  5.0, Max: 12, Diff: 12, Sum: 20, Workers: 4
[1679.604s][debug][gc,phases      ] GC(62)     Total                          Min: 0, Avg: 4075.8, Max: 7010, Diff: 7010, Sum: 16303, Workers: 4
[1679.604s][debug][gc,phases      ] GC(62)   JNI Weak                       Min: 0.00, Avg: 0.00, Max: 0.00, Diff: 0.00, Sum: 0.00, Workers: 4
[1679.604s][debug][gc,phases      ] GC(62)     Dead                           Min: 0, Avg:  0.0, Max: 0, Diff: 0, Sum: 0, Workers: 4
[1679.604s][debug][gc,phases      ] GC(62)     Total                          Min: 0, Avg: 13.0, Max: 52, Diff: 52, Sum: 52, Workers: 4
[1679.604s][debug][gc,phases      ] GC(62)   StringDedup Table Weak         Min: 0.00, Avg: 0.00, Max: 0.00, Diff: 0.00, Sum: 0.00, Workers: 4
[1679.604s][debug][gc,phases      ] GC(62)     Dead                           Min: 0, Avg:  0.0, Max: 0, Diff: 0, Sum: 0, Workers: 4
[1679.604s][debug][gc,phases      ] GC(62)     Total                          Min: 0, Avg:  0.0, Max: 0, Diff: 0, Sum: 0, Workers: 4
[1679.604s][debug][gc,phases      ] GC(62)   StringDedup Requests0 Weak     Min: 0.00, Avg: 0.00, Max: 0.00, Diff: 0.00, Sum: 0.00, Workers: 4
[1679.604s][debug][gc,phases      ] GC(62)     Dead                           Min: 0, Avg:  0.0, Max: 0, Diff: 0, Sum: 0, Workers: 4
[1679.604s][debug][gc,phases      ] GC(62)     Total                          Min: 0, Avg:  0.0, Max: 0, Diff: 0, Sum: 0, Workers: 4
[1679.604s][debug][gc,phases      ] GC(62)   StringDedup Requests1 Weak     Min: 0.00, Avg: 0.00, Max: 0.00, Diff: 0.00, Sum: 0.00, Workers: 4
[1679.604s][debug][gc,phases      ] GC(62)     Dead                           Min: 0, Avg:  0.0, Max: 0, Diff: 0, Sum: 0, Workers: 4
[1679.604s][debug][gc,phases      ] GC(62)     Total                          Min: 0, Avg:  0.0, Max: 0, Diff: 0, Sum: 0, Workers: 4
[1679.604s][debug][gc,phases      ] GC(62)   Weak JFR Old Object Samples    Min: 0.00, Avg: 0.00, Max: 0.00, Diff: 0.00, Sum: 0.00, Workers: 4
[1679.604s][debug][gc,phases      ] GC(62)     Dead                           Min: 0, Avg:  0.0, Max: 0, Diff: 0, Sum: 0, Workers: 4
[1679.605s][debug][gc,phases      ] GC(62)     Total                          Min: 0, Avg:  0.0, Max: 0, Diff: 0, Sum: 0, Workers: 4
[1679.605s][debug][gc,phases      ] GC(62) Weak Processing 0.407ms
[1679.605s][debug][gc,age         ] GC(62) Desired survivor size 37224448 bytes, new threshold 1 (max threshold 15)
[1679.605s][info ][gc,heap        ] GC(62) PSYoungGen: 2019072K(2054144K)->5760K(2060800K) Eden: 2013184K(2013184K)->0K(2022400K) From: 5888K(40960K)->5760K(38400K)
[1679.605s][info ][gc,heap        ] GC(62) ParOldGen: 584795K(585216K)->586911K(587264K)
[1679.605s][info ][gc,metaspace   ] GC(62) Metaspace: 109045K(110208K)->109045K(110208K) NonClass: 93290K(93952K)->93290K(93952K) Class: 15755K(16256K)->15755K(16256K)
[1679.605s][info ][gc             ] GC(62) Pause Young (Allocation Failure) 2542M->578M(2586M) 6.557ms
[1679.605s][info ][gc,cpu         ] GC(62) User=0.02s Sys=0.00s Real=0.01s
[1679.605s][info ][safepoint      ] Safepoint "ParallelCollectForAllocation", Time since last: 51797461790 ns, Reaching safepoint: 31100 ns, At safepoint: 6634200 ns, Leaving safepoint: 8300 ns, Total: 6673600 ns, Threads: 0 runnable, 34 total
[1730.200s][info ][gc,start       ] GC(63) Pause Young (Allocation Failure)
[1730.205s][debug][gc,phases      ] GC(63) Scavenge 5.330ms
[1730.205s][debug][gc,ref         ] GC(63) ReferenceProcessor::execute queues: 1, RefProcThreadModel::Single, marks_oops_alive: false
[1730.205s][debug][gc,ref         ] GC(63) Skipped KeepAliveFinalRefsPhase of Reference Processing: no references
[1730.205s][debug][gc,ref         ] GC(63) Skipped PhantomRefsPhase of Reference Processing: no references
[1730.205s][debug][gc,phases      ] GC(63) Reference Processing 0.104ms
[1730.206s][debug][gc,phases      ] GC(63)   VM Weak                        Min: 0.00, Avg: 0.00, Max: 0.01, Diff: 0.01, Sum: 0.01, Workers: 4
[1730.206s][debug][gc,phases      ] GC(63)     Dead                           Min: 0, Avg:  0.0, Max: 0, Diff: 0, Sum: 0, Workers: 4
[1730.206s][debug][gc,phases      ] GC(63)     Total                          Min: 0, Avg: 210.8, Max: 768, Diff: 768, Sum: 843, Workers: 4
[1730.206s][debug][gc,phases      ] GC(63)   ObjectSynchronizer Weak        Min: 0.00, Avg: 0.00, Max: 0.00, Diff: 0.00, Sum: 0.00, Workers: 4
[1730.206s][debug][gc,phases      ] GC(63)     Dead                           Min: 0, Avg:  0.0, Max: 0, Diff: 0, Sum: 0, Workers: 4
[1730.206s][debug][gc,phases      ] GC(63)     Total                          Min: 0, Avg:  1.5, Max: 6, Diff: 6, Sum: 6, Workers: 4
[1730.206s][debug][gc,phases      ] GC(63)   JVMTI Tag Weak OopStorage      Min: 0.00, Avg: 0.00, Max: 0.00, Diff: 0.00, Sum: 0.00, Workers: 4
[1730.206s][debug][gc,phases      ] GC(63)     Dead                           Min: 0, Avg:  0.0, Max: 0, Diff: 0, Sum: 0, Workers: 4
[1730.206s][debug][gc,phases      ] GC(63)     Total                          Min: 0, Avg:  0.0, Max: 0, Diff: 0, Sum: 0, Workers: 4
[1730.206s][debug][gc,phases      ] GC(63)   StringTable Weak               Min: 0.00, Avg: 0.11, Max: 0.14, Diff: 0.14, Sum: 0.42, Workers: 4
[1730.206s][debug][gc,phases      ] GC(63)     Dead                           Min: 0, Avg:  0.0, Max: 0, Diff: 0, Sum: 0, Workers: 4
[1730.206s][debug][gc,phases      ] GC(63)     Total                          Min: 0, Avg: 12453.5, Max: 21143, Diff: 21143, Sum: 49814, Workers: 4
[1730.206s][debug][gc,phases      ] GC(63)   ResolvedMethodTable Weak       Min: 0.00, Avg: 0.04, Max: 0.05, Diff: 0.05, Sum: 0.14, Workers: 4
[1730.206s][debug][gc,phases      ] GC(63)     Dead                           Min: 0, Avg:  5.0, Max: 12, Diff: 12, Sum: 20, Workers: 4
[1730.206s][debug][gc,phases      ] GC(63)     Total                          Min: 0, Avg: 4075.8, Max: 6833, Diff: 6833, Sum: 16303, Workers: 4
[1730.206s][debug][gc,phases      ] GC(63)   JNI Weak                       Min: 0.00, Avg: 0.00, Max: 0.00, Diff: 0.00, Sum: 0.00, Workers: 4
[1730.206s][debug][gc,phases      ] GC(63)     Dead                           Min: 0, Avg:  0.0, Max: 0, Diff: 0, Sum: 0, Workers: 4
[1730.206s][debug][gc,phases      ] GC(63)     Total                          Min: 0, Avg: 13.0, Max: 52, Diff: 52, Sum: 52, Workers: 4
[1730.206s][debug][gc,phases      ] GC(63)   StringDedup Table Weak         Min: 0.00, Avg: 0.00, Max: 0.00, Diff: 0.00, Sum: 0.00, Workers: 4
[1730.206s][debug][gc,phases      ] GC(63)     Dead                           Min: 0, Avg:  0.0, Max: 0, Diff: 0, Sum: 0, Workers: 4
[1730.206s][debug][gc,phases      ] GC(63)     Total                          Min: 0, Avg:  0.0, Max: 0, Diff: 0, Sum: 0, Workers: 4
[1730.206s][debug][gc,phases      ] GC(63)   StringDedup Requests0 Weak     Min: 0.00, Avg: 0.00, Max: 0.00, Diff: 0.00, Sum: 0.00, Workers: 4
[1730.206s][debug][gc,phases      ] GC(63)     Dead                           Min: 0, Avg:  0.0, Max: 0, Diff: 0, Sum: 0, Workers: 4
[1730.206s][debug][gc,phases      ] GC(63)     Total                          Min: 0, Avg:  0.0, Max: 0, Diff: 0, Sum: 0, Workers: 4
[1730.206s][debug][gc,phases      ] GC(63)   StringDedup Requests1 Weak     Min: 0.00, Avg: 0.00, Max: 0.00, Diff: 0.00, Sum: 0.00, Workers: 4
[1730.206s][debug][gc,phases      ] GC(63)     Dead                           Min: 0, Avg:  0.0, Max: 0, Diff: 0, Sum: 0, Workers: 4
[1730.206s][debug][gc,phases      ] GC(63)     Total                          Min: 0, Avg:  0.0, Max: 0, Diff: 0, Sum: 0, Workers: 4
[1730.206s][debug][gc,phases      ] GC(63)   Weak JFR Old Object Samples    Min: 0.00, Avg: 0.00, Max: 0.00, Diff: 0.00, Sum: 0.00, Workers: 4
[1730.206s][debug][gc,phases      ] GC(63)     Dead                           Min: 0, Avg:  0.0, Max: 0, Diff: 0, Sum: 0, Workers: 4
[1730.206s][debug][gc,phases      ] GC(63)     Total                          Min: 0, Avg:  0.0, Max: 0, Diff: 0, Sum: 0, Workers: 4
[1730.206s][debug][gc,phases      ] GC(63) Weak Processing 0.381ms
[1730.206s][debug][gc,age         ] GC(63) Desired survivor size 35127296 bytes, new threshold 1 (max threshold 15)
[1730.206s][info ][gc,heap        ] GC(63) PSYoungGen: 2028160K(2060800K)->5072K(2058752K) Eden: 2022400K(2022400K)->0K(2022400K) From: 5760K(38400K)->5072K(36352K)
[1730.206s][info ][gc,heap        ] GC(63) ParOldGen: 586911K(587264K)->588775K(588800K)
[1730.206s][info ][gc,metaspace   ] GC(63) Metaspace: 109052K(110208K)->109052K(110208K) NonClass: 93297K(93952K)->93297K(93952K) Class: 15755K(16256K)->15755K(16256K)
[1730.206s][info ][gc             ] GC(63) Pause Young (Allocation Failure) 2553M->579M(2585M) 5.927ms
[1730.206s][info ][gc,cpu         ] GC(63) User=0.02s Sys=0.01s Real=0.00s
[1730.206s][info ][safepoint      ] Safepoint "ParallelCollectForAllocation", Time since last: 50595225185 ns, Reaching safepoint: 29200 ns, At safepoint: 5990099 ns, Leaving safepoint: 4000 ns, Total: 6023299 ns, Threads: 0 runnable, 33 total
[1774.699s][info ][gc,start       ] GC(64) Pause Young (Allocation Failure)
[1774.704s][debug][gc,phases      ] GC(64) Scavenge 4.803ms
[1774.704s][debug][gc,ref         ] GC(64) ReferenceProcessor::execute queues: 1, RefProcThreadModel::Single, marks_oops_alive: false
[1774.704s][debug][gc,ref         ] GC(64) Skipped KeepAliveFinalRefsPhase of Reference Processing: no references
[1774.704s][debug][gc,ref         ] GC(64) Skipped PhantomRefsPhase of Reference Processing: no references
[1774.704s][debug][gc,phases      ] GC(64) Reference Processing 0.099ms
[1774.705s][debug][gc,phases      ] GC(64)   VM Weak                        Min: 0.00, Avg: 0.00, Max: 0.01, Diff: 0.01, Sum: 0.01, Workers: 4
[1774.705s][debug][gc,phases      ] GC(64)     Dead                           Min: 0, Avg:  0.0, Max: 0, Diff: 0, Sum: 0, Workers: 4
[1774.705s][debug][gc,phases      ] GC(64)     Total                          Min: 0, Avg: 210.8, Max: 651, Diff: 651, Sum: 843, Workers: 4
[1774.705s][debug][gc,phases      ] GC(64)   ObjectSynchronizer Weak        Min: 0.00, Avg: 0.00, Max: 0.00, Diff: 0.00, Sum: 0.00, Workers: 4
[1774.705s][debug][gc,phases      ] GC(64)     Dead                           Min: 0, Avg:  0.2, Max: 1, Diff: 1, Sum: 1, Workers: 4
[1774.705s][debug][gc,phases      ] GC(64)     Total                          Min: 0, Avg:  1.8, Max: 7, Diff: 7, Sum: 7, Workers: 4
[1774.705s][debug][gc,phases      ] GC(64)   JVMTI Tag Weak OopStorage      Min: 0.00, Avg: 0.00, Max: 0.00, Diff: 0.00, Sum: 0.00, Workers: 4
[1774.705s][debug][gc,phases      ] GC(64)     Dead                           Min: 0, Avg:  0.0, Max: 0, Diff: 0, Sum: 0, Workers: 4
[1774.705s][debug][gc,phases      ] GC(64)     Total                          Min: 0, Avg:  0.0, Max: 0, Diff: 0, Sum: 0, Workers: 4
[1774.705s][debug][gc,phases      ] GC(64)   StringTable Weak               Min: 0.00, Avg: 0.10, Max: 0.14, Diff: 0.14, Sum: 0.40, Workers: 4
[1774.705s][debug][gc,phases      ] GC(64)     Dead                           Min: 0, Avg:  0.0, Max: 0, Diff: 0, Sum: 0, Workers: 4
[1774.705s][debug][gc,phases      ] GC(64)     Total                          Min: 0, Avg: 12454.5, Max: 19099, Diff: 19099, Sum: 49818, Workers: 4
[1774.705s][debug][gc,phases      ] GC(64)   ResolvedMethodTable Weak       Min: 0.00, Avg: 0.04, Max: 0.05, Diff: 0.05, Sum: 0.14, Workers: 4
[1774.705s][debug][gc,phases      ] GC(64)     Dead                           Min: 0, Avg:  5.0, Max: 14, Diff: 14, Sum: 20, Workers: 4
[1774.705s][debug][gc,phases      ] GC(64)     Total                          Min: 0, Avg: 4075.8, Max: 6879, Diff: 6879, Sum: 16303, Workers: 4
[1774.705s][debug][gc,phases      ] GC(64)   JNI Weak                       Min: 0.00, Avg: 0.00, Max: 0.00, Diff: 0.00, Sum: 0.00, Workers: 4
[1774.705s][debug][gc,phases      ] GC(64)     Dead                           Min: 0, Avg:  0.0, Max: 0, Diff: 0, Sum: 0, Workers: 4
[1774.705s][debug][gc,phases      ] GC(64)     Total                          Min: 0, Avg: 13.0, Max: 52, Diff: 52, Sum: 52, Workers: 4
[1774.705s][debug][gc,phases      ] GC(64)   StringDedup Table Weak         Min: 0.00, Avg: 0.00, Max: 0.00, Diff: 0.00, Sum: 0.00, Workers: 4
[1774.705s][debug][gc,phases      ] GC(64)     Dead                           Min: 0, Avg:  0.0, Max: 0, Diff: 0, Sum: 0, Workers: 4
[1774.705s][debug][gc,phases      ] GC(64)     Total                          Min: 0, Avg:  0.0, Max: 0, Diff: 0, Sum: 0, Workers: 4
[1774.705s][debug][gc,phases      ] GC(64)   StringDedup Requests0 Weak     Min: 0.00, Avg: 0.00, Max: 0.00, Diff: 0.00, Sum: 0.00, Workers: 4
[1774.705s][debug][gc,phases      ] GC(64)     Dead                           Min: 0, Avg:  0.0, Max: 0, Diff: 0, Sum: 0, Workers: 4
[1774.705s][debug][gc,phases      ] GC(64)     Total                          Min: 0, Avg:  0.0, Max: 0, Diff: 0, Sum: 0, Workers: 4
[1774.705s][debug][gc,phases      ] GC(64)   StringDedup Requests1 Weak     Min: 0.00, Avg: 0.00, Max: 0.00, Diff: 0.00, Sum: 0.00, Workers: 4
[1774.705s][debug][gc,phases      ] GC(64)     Dead                           Min: 0, Avg:  0.0, Max: 0, Diff: 0, Sum: 0, Workers: 4
[1774.705s][debug][gc,phases      ] GC(64)     Total                          Min: 0, Avg:  0.0, Max: 0, Diff: 0, Sum: 0, Workers: 4
[1774.705s][debug][gc,phases      ] GC(64)   Weak JFR Old Object Samples    Min: 0.00, Avg: 0.00, Max: 0.00, Diff: 0.00, Sum: 0.00, Workers: 4
[1774.705s][debug][gc,phases      ] GC(64)     Dead                           Min: 0, Avg:  0.0, Max: 0, Diff: 0, Sum: 0, Workers: 4
[1774.705s][debug][gc,phases      ] GC(64)     Total                          Min: 0, Avg:  0.0, Max: 0, Diff: 0, Sum: 0, Workers: 4
[1774.705s][debug][gc,phases      ] GC(64) Weak Processing 0.368ms
[1774.705s][debug][gc,age         ] GC(64) Desired survivor size 33030144 bytes, new threshold 1 (max threshold 15)
[1774.705s][info ][gc,heap        ] GC(64) PSYoungGen: 2027472K(2058752K)->4768K(2064896K) Eden: 2022400K(2022400K)->0K(2030592K) From: 5072K(36352K)->4768K(34304K)
[1774.705s][info ][gc,heap        ] GC(64) ParOldGen: 588775K(588800K)->590355K(590848K)
[1774.705s][info ][gc,metaspace   ] GC(64) Metaspace: 109061K(110208K)->109061K(110208K) NonClass: 93306K(93952K)->93306K(93952K) Class: 15755K(16256K)->15755K(16256K)
[1774.705s][info ][gc             ] GC(64) Pause Young (Allocation Failure) 2554M->581M(2593M) 5.380ms
[1774.705s][info ][gc,cpu         ] GC(64) User=0.02s Sys=0.00s Real=0.00s
[1774.705s][info ][safepoint      ] Safepoint "ParallelCollectForAllocation", Time since last: 44493567386 ns, Reaching safepoint: 29700 ns, At safepoint: 5442999 ns, Leaving safepoint: 10900 ns, Total: 5483599 ns, Threads: 0 runnable, 34 total
[1815.962s][info ][gc,start       ] GC(65) Pause Young (Allocation Failure)
[1815.967s][debug][gc,phases      ] GC(65) Scavenge 4.624ms
[1815.967s][debug][gc,ref         ] GC(65) ReferenceProcessor::execute queues: 1, RefProcThreadModel::Single, marks_oops_alive: false
[1815.967s][debug][gc,ref         ] GC(65) Skipped KeepAliveFinalRefsPhase of Reference Processing: no references
[1815.967s][debug][gc,ref         ] GC(65) Skipped PhantomRefsPhase of Reference Processing: no references
[1815.967s][debug][gc,phases      ] GC(65) Reference Processing 0.105ms
[1815.967s][debug][gc,phases      ] GC(65)   VM Weak                        Min: 0.00, Avg: 0.00, Max: 0.01, Diff: 0.01, Sum: 0.01, Workers: 4
[1815.967s][debug][gc,phases      ] GC(65)     Dead                           Min: 0, Avg:  0.0, Max: 0, Diff: 0, Sum: 0, Workers: 4
[1815.967s][debug][gc,phases      ] GC(65)     Total                          Min: 0, Avg: 210.8, Max: 523, Diff: 523, Sum: 843, Workers: 4
[1815.967s][debug][gc,phases      ] GC(65)   ObjectSynchronizer Weak        Min: 0.00, Avg: 0.00, Max: 0.00, Diff: 0.00, Sum: 0.00, Workers: 4
[1815.967s][debug][gc,phases      ] GC(65)     Dead                           Min: 0, Avg:  0.0, Max: 0, Diff: 0, Sum: 0, Workers: 4
[1815.967s][debug][gc,phases      ] GC(65)     Total                          Min: 0, Avg:  1.5, Max: 6, Diff: 6, Sum: 6, Workers: 4
[1815.967s][debug][gc,phases      ] GC(65)   JVMTI Tag Weak OopStorage      Min: 0.00, Avg: 0.00, Max: 0.00, Diff: 0.00, Sum: 0.00, Workers: 4
[1815.967s][debug][gc,phases      ] GC(65)     Dead                           Min: 0, Avg:  0.0, Max: 0, Diff: 0, Sum: 0, Workers: 4
[1815.967s][debug][gc,phases      ] GC(65)     Total                          Min: 0, Avg:  0.0, Max: 0, Diff: 0, Sum: 0, Workers: 4
[1815.967s][debug][gc,phases      ] GC(65)   StringTable Weak               Min: 0.00, Avg: 0.10, Max: 0.14, Diff: 0.14, Sum: 0.41, Workers: 4
[1815.967s][debug][gc,phases      ] GC(65)     Dead                           Min: 0, Avg:  0.5, Max: 2, Diff: 2, Sum: 2, Workers: 4
[1815.967s][debug][gc,phases      ] GC(65)     Total                          Min: 0, Avg: 12461.0, Max: 20928, Diff: 20928, Sum: 49844, Workers: 4
[1815.967s][debug][gc,phases      ] GC(65)   ResolvedMethodTable Weak       Min: 0.00, Avg: 0.04, Max: 0.05, Diff: 0.05, Sum: 0.14, Workers: 4
[1815.967s][debug][gc,phases      ] GC(65)     Dead                           Min: 0, Avg: 10.0, Max: 21, Diff: 21, Sum: 40, Workers: 4
[1815.967s][debug][gc,phases      ] GC(65)     Total                          Min: 0, Avg: 4086.5, Max: 6997, Diff: 6997, Sum: 16346, Workers: 4
[1815.967s][debug][gc,phases      ] GC(65)   JNI Weak                       Min: 0.00, Avg: 0.00, Max: 0.00, Diff: 0.00, Sum: 0.00, Workers: 4
[1815.967s][debug][gc,phases      ] GC(65)     Dead                           Min: 0, Avg:  0.0, Max: 0, Diff: 0, Sum: 0, Workers: 4
[1815.967s][debug][gc,phases      ] GC(65)     Total                          Min: 0, Avg: 13.0, Max: 52, Diff: 52, Sum: 52, Workers: 4
[1815.967s][debug][gc,phases      ] GC(65)   StringDedup Table Weak         Min: 0.00, Avg: 0.00, Max: 0.00, Diff: 0.00, Sum: 0.00, Workers: 4
[1815.967s][debug][gc,phases      ] GC(65)     Dead                           Min: 0, Avg:  0.0, Max: 0, Diff: 0, Sum: 0, Workers: 4
[1815.967s][debug][gc,phases      ] GC(65)     Total                          Min: 0, Avg:  0.0, Max: 0, Diff: 0, Sum: 0, Workers: 4
[1815.967s][debug][gc,phases      ] GC(65)   StringDedup Requests0 Weak     Min: 0.00, Avg: 0.00, Max: 0.00, Diff: 0.00, Sum: 0.00, Workers: 4
[1815.967s][debug][gc,phases      ] GC(65)     Dead                           Min: 0, Avg:  0.0, Max: 0, Diff: 0, Sum: 0, Workers: 4
[1815.967s][debug][gc,phases      ] GC(65)     Total                          Min: 0, Avg:  0.0, Max: 0, Diff: 0, Sum: 0, Workers: 4
[1815.967s][debug][gc,phases      ] GC(65)   StringDedup Requests1 Weak     Min: 0.00, Avg: 0.00, Max: 0.00, Diff: 0.00, Sum: 0.00, Workers: 4
[1815.967s][debug][gc,phases      ] GC(65)     Dead                           Min: 0, Avg:  0.0, Max: 0, Diff: 0, Sum: 0, Workers: 4
[1815.967s][debug][gc,phases      ] GC(65)     Total                          Min: 0, Avg:  0.0, Max: 0, Diff: 0, Sum: 0, Workers: 4
[1815.967s][debug][gc,phases      ] GC(65)   Weak JFR Old Object Samples    Min: 0.00, Avg: 0.00, Max: 0.00, Diff: 0.00, Sum: 0.00, Workers: 4
[1815.967s][debug][gc,phases      ] GC(65)     Dead                           Min: 0, Avg:  0.0, Max: 0, Diff: 0, Sum: 0, Workers: 4
[1815.967s][debug][gc,phases      ] GC(65)     Total                          Min: 0, Avg:  0.0, Max: 0, Diff: 0, Sum: 0, Workers: 4
[1815.967s][debug][gc,phases      ] GC(65) Weak Processing 0.412ms
[1815.967s][debug][gc,age         ] GC(65) Desired survivor size 31457280 bytes, new threshold 1 (max threshold 15)
[1815.967s][info ][gc,heap        ] GC(65) PSYoungGen: 2035360K(2064896K)->4023K(2062848K) Eden: 2030592K(2030592K)->0K(2030592K) From: 4768K(34304K)->4023K(32256K)
[1815.967s][info ][gc,heap        ] GC(65) ParOldGen: 590355K(590848K)->591844K(591872K)
[1815.967s][info ][gc,metaspace   ] GC(65) Metaspace: 109118K(110272K)->109118K(110272K) NonClass: 93350K(94016K)->93350K(94016K) Class: 15768K(16256K)->15768K(16256K)
[1815.967s][info ][gc             ] GC(65) Pause Young (Allocation Failure) 2564M->581M(2592M) 5.257ms
[1815.967s][info ][gc,cpu         ] GC(65) User=0.01s Sys=0.00s Real=0.00s
[1815.967s][info ][safepoint      ] Safepoint "ParallelCollectForAllocation", Time since last: 41257241596 ns, Reaching safepoint: 7400 ns, At safepoint: 5326799 ns, Leaving safepoint: 3900 ns, Total: 5338099 ns, Threads: 0 runnable, 37 total
[1864.193s][info ][gc,start       ] GC(66) Pause Young (Allocation Failure)
[1864.198s][debug][gc,phases      ] GC(66) Scavenge 4.268ms
[1864.198s][debug][gc,ref         ] GC(66) ReferenceProcessor::execute queues: 1, RefProcThreadModel::Single, marks_oops_alive: false
[1864.198s][debug][gc,ref         ] GC(66) Skipped KeepAliveFinalRefsPhase of Reference Processing: no references
[1864.198s][debug][gc,ref         ] GC(66) Skipped PhantomRefsPhase of Reference Processing: no references
[1864.198s][debug][gc,phases      ] GC(66) Reference Processing 0.098ms
[1864.198s][debug][gc,phases      ] GC(66)   VM Weak                        Min: 0.00, Avg: 0.00, Max: 0.01, Diff: 0.01, Sum: 0.01, Workers: 4
[1864.198s][debug][gc,phases      ] GC(66)     Dead                           Min: 0, Avg:  0.0, Max: 0, Diff: 0, Sum: 0, Workers: 4
[1864.198s][debug][gc,phases      ] GC(66)     Total                          Min: 0, Avg: 210.8, Max: 704, Diff: 704, Sum: 843, Workers: 4
[1864.198s][debug][gc,phases      ] GC(66)   ObjectSynchronizer Weak        Min: 0.00, Avg: 0.00, Max: 0.00, Diff: 0.00, Sum: 0.00, Workers: 4
[1864.198s][debug][gc,phases      ] GC(66)     Dead                           Min: 0, Avg:  0.0, Max: 0, Diff: 0, Sum: 0, Workers: 4
[1864.198s][debug][gc,phases      ] GC(66)     Total                          Min: 0, Avg:  1.2, Max: 5, Diff: 5, Sum: 5, Workers: 4
[1864.198s][debug][gc,phases      ] GC(66)   JVMTI Tag Weak OopStorage      Min: 0.00, Avg: 0.00, Max: 0.00, Diff: 0.00, Sum: 0.00, Workers: 4
[1864.198s][debug][gc,phases      ] GC(66)     Dead                           Min: 0, Avg:  0.0, Max: 0, Diff: 0, Sum: 0, Workers: 4
[1864.198s][debug][gc,phases      ] GC(66)     Total                          Min: 0, Avg:  0.0, Max: 0, Diff: 0, Sum: 0, Workers: 4
[1864.198s][debug][gc,phases      ] GC(66)   StringTable Weak               Min: 0.12, Avg: 0.12, Max: 0.12, Diff: 0.00, Sum: 0.47, Workers: 4
[1864.198s][debug][gc,phases      ] GC(66)     Dead                           Min: 0, Avg:  0.0, Max: 0, Diff: 0, Sum: 0, Workers: 4
[1864.198s][debug][gc,phases      ] GC(66)     Total                          Min: 12160, Avg: 12470.5, Max: 12634, Diff: 474, Sum: 49882, Workers: 4
[1864.198s][debug][gc,phases      ] GC(66)   ResolvedMethodTable Weak       Min: 0.04, Avg: 0.04, Max: 0.04, Diff: 0.00, Sum: 0.16, Workers: 4
[1864.198s][debug][gc,phases      ] GC(66)     Dead                           Min: 1, Avg:  5.8, Max: 10, Diff: 9, Sum: 23, Workers: 4
[1864.198s][debug][gc,phases      ] GC(66)     Total                          Min: 3955, Avg: 4087.0, Max: 4305, Diff: 350, Sum: 16348, Workers: 4
[1864.198s][debug][gc,phases      ] GC(66)   JNI Weak                       Min: 0.00, Avg: 0.00, Max: 0.00, Diff: 0.00, Sum: 0.00, Workers: 4
[1864.198s][debug][gc,phases      ] GC(66)     Dead                           Min: 0, Avg:  0.0, Max: 0, Diff: 0, Sum: 0, Workers: 4
[1864.198s][debug][gc,phases      ] GC(66)     Total                          Min: 0, Avg: 13.0, Max: 52, Diff: 52, Sum: 52, Workers: 4
[1864.198s][debug][gc,phases      ] GC(66)   StringDedup Table Weak         Min: 0.00, Avg: 0.00, Max: 0.00, Diff: 0.00, Sum: 0.00, Workers: 4
[1864.198s][debug][gc,phases      ] GC(66)     Dead                           Min: 0, Avg:  0.0, Max: 0, Diff: 0, Sum: 0, Workers: 4
[1864.198s][debug][gc,phases      ] GC(66)     Total                          Min: 0, Avg:  0.0, Max: 0, Diff: 0, Sum: 0, Workers: 4
[1864.198s][debug][gc,phases      ] GC(66)   StringDedup Requests0 Weak     Min: 0.00, Avg: 0.00, Max: 0.00, Diff: 0.00, Sum: 0.00, Workers: 4
[1864.198s][debug][gc,phases      ] GC(66)     Dead                           Min: 0, Avg:  0.0, Max: 0, Diff: 0, Sum: 0, Workers: 4
[1864.198s][debug][gc,phases      ] GC(66)     Total                          Min: 0, Avg:  0.0, Max: 0, Diff: 0, Sum: 0, Workers: 4
[1864.198s][debug][gc,phases      ] GC(66)   StringDedup Requests1 Weak     Min: 0.00, Avg: 0.00, Max: 0.00, Diff: 0.00, Sum: 0.00, Workers: 4
[1864.198s][debug][gc,phases      ] GC(66)     Dead                           Min: 0, Avg:  0.0, Max: 0, Diff: 0, Sum: 0, Workers: 4
[1864.198s][debug][gc,phases      ] GC(66)     Total                          Min: 0, Avg:  0.0, Max: 0, Diff: 0, Sum: 0, Workers: 4
[1864.198s][debug][gc,phases      ] GC(66)   Weak JFR Old Object Samples    Min: 0.00, Avg: 0.00, Max: 0.00, Diff: 0.00, Sum: 0.00, Workers: 4
[1864.198s][debug][gc,phases      ] GC(66)     Dead                           Min: 0, Avg:  0.0, Max: 0, Diff: 0, Sum: 0, Workers: 4
[1864.198s][debug][gc,phases      ] GC(66)     Total                          Min: 0, Avg:  0.0, Max: 0, Diff: 0, Sum: 0, Workers: 4
[1864.198s][debug][gc,phases      ] GC(66) Weak Processing 0.366ms
[1864.198s][debug][gc,age         ] GC(66) Desired survivor size 29360128 bytes, new threshold 1 (max threshold 15)
[1864.198s][info ][gc,heap        ] GC(66) PSYoungGen: 2034615K(2062848K)->4624K(2068480K) Eden: 2030592K(2030592K)->0K(2037760K) From: 4023K(32256K)->4624K(30720K)
[1864.198s][info ][gc,heap        ] GC(66) ParOldGen: 591844K(591872K)->592732K(592896K)
[1864.198s][info ][gc,metaspace   ] GC(66) Metaspace: 109128K(110272K)->109128K(110272K) NonClass: 93359K(94016K)->93359K(94016K) Class: 15768K(16256K)->15768K(16256K)
[1864.198s][info ][gc             ] GC(66) Pause Young (Allocation Failure) 2564M->583M(2599M) 4.840ms
[1864.198s][info ][gc,cpu         ] GC(66) User=0.02s Sys=0.00s Real=0.00s
[1864.198s][info ][safepoint      ] Safepoint "ParallelCollectForAllocation", Time since last: 48225759214 ns, Reaching safepoint: 5300 ns, At safepoint: 4900497 ns, Leaving safepoint: 6400 ns, Total: 4912197 ns, Threads: 0 runnable, 33 total
[1903.194s][info ][gc,start       ] GC(67) Pause Young (Allocation Failure)
[1903.197s][debug][gc,phases      ] GC(67) Scavenge 3.329ms
[1903.197s][debug][gc,ref         ] GC(67) ReferenceProcessor::execute queues: 1, RefProcThreadModel::Single, marks_oops_alive: false
[1903.198s][debug][gc,ref         ] GC(67) Skipped KeepAliveFinalRefsPhase of Reference Processing: no references
[1903.198s][debug][gc,ref         ] GC(67) Skipped PhantomRefsPhase of Reference Processing: no references
[1903.198s][debug][gc,phases      ] GC(67) Reference Processing 0.102ms
[1903.198s][debug][gc,phases      ] GC(67)   VM Weak                        Min: 0.00, Avg: 0.00, Max: 0.01, Diff: 0.01, Sum: 0.01, Workers: 4
[1903.198s][debug][gc,phases      ] GC(67)     Dead                           Min: 0, Avg:  0.0, Max: 0, Diff: 0, Sum: 0, Workers: 4
[1903.198s][debug][gc,phases      ] GC(67)     Total                          Min: 0, Avg: 210.8, Max: 843, Diff: 843, Sum: 843, Workers: 4
[1903.198s][debug][gc,phases      ] GC(67)   ObjectSynchronizer Weak        Min: 0.00, Avg: 0.00, Max: 0.00, Diff: 0.00, Sum: 0.00, Workers: 4
[1903.198s][debug][gc,phases      ] GC(67)     Dead                           Min: 0, Avg:  0.0, Max: 0, Diff: 0, Sum: 0, Workers: 4
[1903.198s][debug][gc,phases      ] GC(67)     Total                          Min: 0, Avg:  1.2, Max: 5, Diff: 5, Sum: 5, Workers: 4
[1903.198s][debug][gc,phases      ] GC(67)   JVMTI Tag Weak OopStorage      Min: 0.00, Avg: 0.00, Max: 0.00, Diff: 0.00, Sum: 0.00, Workers: 4
[1903.198s][debug][gc,phases      ] GC(67)     Dead                           Min: 0, Avg:  0.0, Max: 0, Diff: 0, Sum: 0, Workers: 4
[1903.198s][debug][gc,phases      ] GC(67)     Total                          Min: 0, Avg:  0.0, Max: 0, Diff: 0, Sum: 0, Workers: 4
[1903.198s][debug][gc,phases      ] GC(67)   StringTable Weak               Min: 0.00, Avg: 0.11, Max: 0.15, Diff: 0.15, Sum: 0.43, Workers: 4
[1903.198s][debug][gc,phases      ] GC(67)     Dead                           Min: 0, Avg:  0.0, Max: 0, Diff: 0, Sum: 0, Workers: 4
[1903.198s][debug][gc,phases      ] GC(67)     Total                          Min: 0, Avg: 12472.0, Max: 21216, Diff: 21216, Sum: 49888, Workers: 4
[1903.198s][debug][gc,phases      ] GC(67)   ResolvedMethodTable Weak       Min: 0.00, Avg: 0.04, Max: 0.05, Diff: 0.05, Sum: 0.14, Workers: 4
[1903.198s][debug][gc,phases      ] GC(67)     Dead                           Min: 0, Avg:  7.8, Max: 30, Diff: 30, Sum: 31, Workers: 4
[1903.198s][debug][gc,phases      ] GC(67)     Total                          Min: 0, Avg: 4088.2, Max: 6798, Diff: 6798, Sum: 16353, Workers: 4
[1903.198s][debug][gc,phases      ] GC(67)   JNI Weak                       Min: 0.00, Avg: 0.00, Max: 0.00, Diff: 0.00, Sum: 0.00, Workers: 4
[1903.198s][debug][gc,phases      ] GC(67)     Dead                           Min: 0, Avg:  0.0, Max: 0, Diff: 0, Sum: 0, Workers: 4
[1903.198s][debug][gc,phases      ] GC(67)     Total                          Min: 0, Avg: 13.0, Max: 52, Diff: 52, Sum: 52, Workers: 4
[1903.198s][debug][gc,phases      ] GC(67)   StringDedup Table Weak         Min: 0.00, Avg: 0.00, Max: 0.00, Diff: 0.00, Sum: 0.00, Workers: 4
[1903.198s][debug][gc,phases      ] GC(67)     Dead                           Min: 0, Avg:  0.0, Max: 0, Diff: 0, Sum: 0, Workers: 4
[1903.198s][debug][gc,phases      ] GC(67)     Total                          Min: 0, Avg:  0.0, Max: 0, Diff: 0, Sum: 0, Workers: 4
[1903.198s][debug][gc,phases      ] GC(67)   StringDedup Requests0 Weak     Min: 0.00, Avg: 0.00, Max: 0.00, Diff: 0.00, Sum: 0.00, Workers: 4
[1903.198s][debug][gc,phases      ] GC(67)     Dead                           Min: 0, Avg:  0.0, Max: 0, Diff: 0, Sum: 0, Workers: 4
[1903.198s][debug][gc,phases      ] GC(67)     Total                          Min: 0, Avg:  0.0, Max: 0, Diff: 0, Sum: 0, Workers: 4
[1903.198s][debug][gc,phases      ] GC(67)   StringDedup Requests1 Weak     Min: 0.00, Avg: 0.00, Max: 0.00, Diff: 0.00, Sum: 0.00, Workers: 4
[1903.198s][debug][gc,phases      ] GC(67)     Dead                           Min: 0, Avg:  0.0, Max: 0, Diff: 0, Sum: 0, Workers: 4
[1903.198s][debug][gc,phases      ] GC(67)     Total                          Min: 0, Avg:  0.0, Max: 0, Diff: 0, Sum: 0, Workers: 4
[1903.198s][debug][gc,phases      ] GC(67)   Weak JFR Old Object Samples    Min: 0.00, Avg: 0.00, Max: 0.00, Diff: 0.00, Sum: 0.00, Workers: 4
[1903.198s][debug][gc,phases      ] GC(67)     Dead                           Min: 0, Avg:  0.0, Max: 0, Diff: 0, Sum: 0, Workers: 4
[1903.198s][debug][gc,phases      ] GC(67)     Total                          Min: 0, Avg:  0.0, Max: 0, Diff: 0, Sum: 0, Workers: 4
[1903.198s][debug][gc,phases      ] GC(67) Weak Processing 0.401ms
[1903.198s][debug][gc,age         ] GC(67) Desired survivor size 28311552 bytes, new threshold 1 (max threshold 15)
[1903.198s][info ][gc,heap        ] GC(67) PSYoungGen: 2042384K(2068480K)->3296K(2066432K) Eden: 2037760K(2037760K)->0K(2037760K) From: 4624K(30720K)->3296K(28672K)
[1903.198s][info ][gc,heap        ] GC(67) ParOldGen: 592732K(592896K)->594400K(594432K)
[1903.198s][info ][gc,metaspace   ] GC(67) Metaspace: 109144K(110272K)->109144K(110272K) NonClass: 93374K(94016K)->93374K(94016K) Class: 15770K(16256K)->15770K(16256K)
[1903.198s][info ][gc             ] GC(67) Pause Young (Allocation Failure) 2573M->583M(2598M) 3.947ms
[1903.198s][info ][gc,cpu         ] GC(67) User=0.02s Sys=0.00s Real=0.00s
[1903.198s][info ][safepoint      ] Safepoint "ParallelCollectForAllocation", Time since last: 38995720823 ns, Reaching safepoint: 106500 ns, At safepoint: 4044301 ns, Leaving safepoint: 6400 ns, Total: 4157201 ns, Threads: 1 runnable, 33 total
[1946.801s][info ][gc,start       ] GC(68) Pause Young (Allocation Failure)
[1946.804s][debug][gc,phases      ] GC(68) Scavenge 2.735ms
[1946.804s][debug][gc,ref         ] GC(68) ReferenceProcessor::execute queues: 1, RefProcThreadModel::Single, marks_oops_alive: false
[1946.804s][debug][gc,ref         ] GC(68) Skipped KeepAliveFinalRefsPhase of Reference Processing: no references
[1946.804s][debug][gc,ref         ] GC(68) Skipped PhantomRefsPhase of Reference Processing: no references
[1946.804s][debug][gc,phases      ] GC(68) Reference Processing 0.097ms
[1946.804s][debug][gc,phases      ] GC(68)   VM Weak                        Min: 0.00, Avg: 0.00, Max: 0.01, Diff: 0.01, Sum: 0.01, Workers: 4
[1946.804s][debug][gc,phases      ] GC(68)     Dead                           Min: 0, Avg:  0.0, Max: 0, Diff: 0, Sum: 0, Workers: 4
[1946.804s][debug][gc,phases      ] GC(68)     Total                          Min: 0, Avg: 210.8, Max: 640, Diff: 640, Sum: 843, Workers: 4
[1946.804s][debug][gc,phases      ] GC(68)   ObjectSynchronizer Weak        Min: 0.00, Avg: 0.00, Max: 0.00, Diff: 0.00, Sum: 0.00, Workers: 4
[1946.804s][debug][gc,phases      ] GC(68)     Dead                           Min: 0, Avg:  0.0, Max: 0, Diff: 0, Sum: 0, Workers: 4
[1946.804s][debug][gc,phases      ] GC(68)     Total                          Min: 0, Avg:  1.2, Max: 5, Diff: 5, Sum: 5, Workers: 4
[1946.804s][debug][gc,phases      ] GC(68)   JVMTI Tag Weak OopStorage      Min: 0.00, Avg: 0.00, Max: 0.00, Diff: 0.00, Sum: 0.00, Workers: 4
[1946.804s][debug][gc,phases      ] GC(68)     Dead                           Min: 0, Avg:  0.0, Max: 0, Diff: 0, Sum: 0, Workers: 4
[1946.804s][debug][gc,phases      ] GC(68)     Total                          Min: 0, Avg:  0.0, Max: 0, Diff: 0, Sum: 0, Workers: 4
[1946.804s][debug][gc,phases      ] GC(68)   StringTable Weak               Min: 0.00, Avg: 0.10, Max: 0.14, Diff: 0.14, Sum: 0.41, Workers: 4
[1946.804s][debug][gc,phases      ] GC(68)     Dead                           Min: 0, Avg:  0.0, Max: 0, Diff: 0, Sum: 0, Workers: 4
[1946.804s][debug][gc,phases      ] GC(68)     Total                          Min: 0, Avg: 12472.2, Max: 21376, Diff: 21376, Sum: 49889, Workers: 4
[1946.804s][debug][gc,phases      ] GC(68)   ResolvedMethodTable Weak       Min: 0.00, Avg: 0.04, Max: 0.05, Diff: 0.05, Sum: 0.14, Workers: 4
[1946.804s][debug][gc,phases      ] GC(68)     Dead                           Min: 0, Avg:  7.8, Max: 23, Diff: 23, Sum: 31, Workers: 4
[1946.804s][debug][gc,phases      ] GC(68)     Total                          Min: 0, Avg: 4088.8, Max: 6882, Diff: 6882, Sum: 16355, Workers: 4
[1946.804s][debug][gc,phases      ] GC(68)   JNI Weak                       Min: 0.00, Avg: 0.00, Max: 0.00, Diff: 0.00, Sum: 0.00, Workers: 4
[1946.804s][debug][gc,phases      ] GC(68)     Dead                           Min: 0, Avg:  0.0, Max: 0, Diff: 0, Sum: 0, Workers: 4
[1946.804s][debug][gc,phases      ] GC(68)     Total                          Min: 0, Avg: 13.0, Max: 52, Diff: 52, Sum: 52, Workers: 4
[1946.804s][debug][gc,phases      ] GC(68)   StringDedup Table Weak         Min: 0.00, Avg: 0.00, Max: 0.00, Diff: 0.00, Sum: 0.00, Workers: 4
[1946.804s][debug][gc,phases      ] GC(68)     Dead                           Min: 0, Avg:  0.0, Max: 0, Diff: 0, Sum: 0, Workers: 4
[1946.804s][debug][gc,phases      ] GC(68)     Total                          Min: 0, Avg:  0.0, Max: 0, Diff: 0, Sum: 0, Workers: 4
[1946.804s][debug][gc,phases      ] GC(68)   StringDedup Requests0 Weak     Min: 0.00, Avg: 0.00, Max: 0.00, Diff: 0.00, Sum: 0.00, Workers: 4
[1946.804s][debug][gc,phases      ] GC(68)     Dead                           Min: 0, Avg:  0.0, Max: 0, Diff: 0, Sum: 0, Workers: 4
[1946.804s][debug][gc,phases      ] GC(68)     Total                          Min: 0, Avg:  0.0, Max: 0, Diff: 0, Sum: 0, Workers: 4
[1946.804s][debug][gc,phases      ] GC(68)   StringDedup Requests1 Weak     Min: 0.00, Avg: 0.00, Max: 0.00, Diff: 0.00, Sum: 0.00, Workers: 4
[1946.804s][debug][gc,phases      ] GC(68)     Dead                           Min: 0, Avg:  0.0, Max: 0, Diff: 0, Sum: 0, Workers: 4
[1946.804s][debug][gc,phases      ] GC(68)     Total                          Min: 0, Avg:  0.0, Max: 0, Diff: 0, Sum: 0, Workers: 4
[1946.804s][debug][gc,phases      ] GC(68)   Weak JFR Old Object Samples    Min: 0.00, Avg: 0.00, Max: 0.00, Diff: 0.00, Sum: 0.00, Workers: 4
[1946.804s][debug][gc,phases      ] GC(68)     Dead                           Min: 0, Avg:  0.0, Max: 0, Diff: 0, Sum: 0, Workers: 4
[1946.804s][debug][gc,phases      ] GC(68)     Total                          Min: 0, Avg:  0.0, Max: 0, Diff: 0, Sum: 0, Workers: 4
[1946.804s][debug][gc,phases      ] GC(68) Weak Processing 0.398ms
[1946.804s][debug][gc,age         ] GC(68) Desired survivor size 26738688 bytes, new threshold 1 (max threshold 15)
[1946.804s][info ][gc,heap        ] GC(68) PSYoungGen: 2041056K(2066432K)->4016K(2071040K) Eden: 2037760K(2037760K)->0K(2043392K) From: 3296K(28672K)->4016K(27648K)
[1946.804s][info ][gc,heap        ] GC(68) ParOldGen: 594400K(594432K)->595032K(595456K)
[1946.804s][info ][gc,metaspace   ] GC(68) Metaspace: 109151K(110272K)->109151K(110272K) NonClass: 93380K(94016K)->93380K(94016K) Class: 15770K(16256K)->15770K(16256K)
[1946.804s][info ][gc             ] GC(68) Pause Young (Allocation Failure) 2573M->585M(2604M) 3.339ms
[1946.804s][info ][gc,cpu         ] GC(68) User=0.01s Sys=0.00s Real=0.00s
[1946.804s][info ][safepoint      ] Safepoint "ParallelCollectForAllocation", Time since last: 43602687651 ns, Reaching safepoint: 5300 ns, At safepoint: 3413200 ns, Leaving safepoint: 6000 ns, Total: 3424500 ns, Threads: 0 runnable, 33 total
[1987.500s][info ][gc,start       ] GC(69) Pause Young (Allocation Failure)
[1987.504s][debug][gc,phases      ] GC(69) Scavenge 3.667ms
[1987.504s][debug][gc,ref         ] GC(69) ReferenceProcessor::execute queues: 1, RefProcThreadModel::Single, marks_oops_alive: false
[1987.504s][debug][gc,ref         ] GC(69) Skipped KeepAliveFinalRefsPhase of Reference Processing: no references
[1987.504s][debug][gc,ref         ] GC(69) Skipped PhantomRefsPhase of Reference Processing: no references
[1987.504s][debug][gc,phases      ] GC(69) Reference Processing 0.098ms
[1987.504s][debug][gc,phases      ] GC(69)   VM Weak                        Min: 0.00, Avg: 0.00, Max: 0.01, Diff: 0.01, Sum: 0.01, Workers: 4
[1987.504s][debug][gc,phases      ] GC(69)     Dead                           Min: 0, Avg:  0.0, Max: 0, Diff: 0, Sum: 0, Workers: 4
[1987.504s][debug][gc,phases      ] GC(69)     Total                          Min: 0, Avg: 210.8, Max: 640, Diff: 640, Sum: 843, Workers: 4
[1987.504s][debug][gc,phases      ] GC(69)   ObjectSynchronizer Weak        Min: 0.00, Avg: 0.00, Max: 0.00, Diff: 0.00, Sum: 0.00, Workers: 4
[1987.504s][debug][gc,phases      ] GC(69)     Dead                           Min: 0, Avg:  0.0, Max: 0, Diff: 0, Sum: 0, Workers: 4
[1987.504s][debug][gc,phases      ] GC(69)     Total                          Min: 0, Avg:  1.2, Max: 5, Diff: 5, Sum: 5, Workers: 4
[1987.504s][debug][gc,phases      ] GC(69)   JVMTI Tag Weak OopStorage      Min: 0.00, Avg: 0.00, Max: 0.00, Diff: 0.00, Sum: 0.00, Workers: 4
[1987.504s][debug][gc,phases      ] GC(69)     Dead                           Min: 0, Avg:  0.0, Max: 0, Diff: 0, Sum: 0, Workers: 4
[1987.504s][debug][gc,phases      ] GC(69)     Total                          Min: 0, Avg:  0.0, Max: 0, Diff: 0, Sum: 0, Workers: 4
[1987.504s][debug][gc,phases      ] GC(69)   StringTable Weak               Min: 0.00, Avg: 0.10, Max: 0.13, Diff: 0.13, Sum: 0.39, Workers: 4
[1987.504s][debug][gc,phases      ] GC(69)     Dead                           Min: 0, Avg:  0.2, Max: 1, Diff: 1, Sum: 1, Workers: 4
[1987.504s][debug][gc,phases      ] GC(69)     Total                          Min: 0, Avg: 12473.8, Max: 21311, Diff: 21311, Sum: 49895, Workers: 4
[1987.504s][debug][gc,phases      ] GC(69)   ResolvedMethodTable Weak       Min: 0.00, Avg: 0.03, Max: 0.05, Diff: 0.05, Sum: 0.14, Workers: 4
[1987.504s][debug][gc,phases      ] GC(69)     Dead                           Min: 0, Avg:  5.0, Max: 19, Diff: 19, Sum: 20, Workers: 4
[1987.504s][debug][gc,phases      ] GC(69)     Total                          Min: 0, Avg: 4091.2, Max: 6897, Diff: 6897, Sum: 16365, Workers: 4
[1987.504s][debug][gc,phases      ] GC(69)   JNI Weak                       Min: 0.00, Avg: 0.00, Max: 0.00, Diff: 0.00, Sum: 0.00, Workers: 4
[1987.504s][debug][gc,phases      ] GC(69)     Dead                           Min: 0, Avg:  0.0, Max: 0, Diff: 0, Sum: 0, Workers: 4
[1987.504s][debug][gc,phases      ] GC(69)     Total                          Min: 0, Avg: 13.0, Max: 52, Diff: 52, Sum: 52, Workers: 4
[1987.504s][debug][gc,phases      ] GC(69)   StringDedup Table Weak         Min: 0.00, Avg: 0.00, Max: 0.00, Diff: 0.00, Sum: 0.00, Workers: 4
[1987.504s][debug][gc,phases      ] GC(69)     Dead                           Min: 0, Avg:  0.0, Max: 0, Diff: 0, Sum: 0, Workers: 4
[1987.504s][debug][gc,phases      ] GC(69)     Total                          Min: 0, Avg:  0.0, Max: 0, Diff: 0, Sum: 0, Workers: 4
[1987.504s][debug][gc,phases      ] GC(69)   StringDedup Requests0 Weak     Min: 0.00, Avg: 0.00, Max: 0.00, Diff: 0.00, Sum: 0.00, Workers: 4
[1987.504s][debug][gc,phases      ] GC(69)     Dead                           Min: 0, Avg:  0.0, Max: 0, Diff: 0, Sum: 0, Workers: 4
[1987.504s][debug][gc,phases      ] GC(69)     Total                          Min: 0, Avg:  0.0, Max: 0, Diff: 0, Sum: 0, Workers: 4
[1987.504s][debug][gc,phases      ] GC(69)   StringDedup Requests1 Weak     Min: 0.00, Avg: 0.00, Max: 0.00, Diff: 0.00, Sum: 0.00, Workers: 4
[1987.504s][debug][gc,phases      ] GC(69)     Dead                           Min: 0, Avg:  0.0, Max: 0, Diff: 0, Sum: 0, Workers: 4
[1987.504s][debug][gc,phases      ] GC(69)     Total                          Min: 0, Avg:  0.0, Max: 0, Diff: 0, Sum: 0, Workers: 4
[1987.504s][debug][gc,phases      ] GC(69)   Weak JFR Old Object Samples    Min: 0.00, Avg: 0.00, Max: 0.00, Diff: 0.00, Sum: 0.00, Workers: 4
[1987.504s][debug][gc,phases      ] GC(69)     Dead                           Min: 0, Avg:  0.0, Max: 0, Diff: 0, Sum: 0, Workers: 4
[1987.504s][debug][gc,phases      ] GC(69)     Total                          Min: 0, Avg:  0.0, Max: 0, Diff: 0, Sum: 0, Workers: 4
[1987.504s][debug][gc,phases      ] GC(69) Weak Processing 0.353ms
[1987.504s][debug][gc,age         ] GC(69) Desired survivor size 25165824 bytes, new threshold 1 (max threshold 15)
[1987.505s][info ][gc,heap        ] GC(69) PSYoungGen: 2047408K(2071040K)->4192K(2069504K) Eden: 2043392K(2043392K)->0K(2043392K) From: 4016K(27648K)->4192K(26112K)
[1987.505s][info ][gc,heap        ] GC(69) ParOldGen: 595032K(595456K)->595921K(595968K)
[1987.505s][info ][gc,metaspace   ] GC(69) Metaspace: 109171K(110336K)->109171K(110336K) NonClass: 93397K(94080K)->93397K(94080K) Class: 15774K(16256K)->15774K(16256K)
[1987.505s][info ][gc             ] GC(69) Pause Young (Allocation Failure) 2580M->586M(2603M) 4.242ms
[1987.505s][info ][gc,cpu         ] GC(69) User=0.01s Sys=0.00s Real=0.00s
[1987.505s][info ][safepoint      ] Safepoint "ParallelCollectForAllocation", Time since last: 40696114858 ns, Reaching safepoint: 6000 ns, At safepoint: 4312099 ns, Leaving safepoint: 2200 ns, Total: 4320299 ns, Threads: 0 runnable, 34 total
[2027.350s][info ][gc,start       ] GC(70) Pause Young (Allocation Failure)
[2027.353s][debug][gc,phases      ] GC(70) Scavenge 3.504ms
[2027.353s][debug][gc,ref         ] GC(70) ReferenceProcessor::execute queues: 1, RefProcThreadModel::Single, marks_oops_alive: false
[2027.353s][debug][gc,ref         ] GC(70) Skipped KeepAliveFinalRefsPhase of Reference Processing: no references
[2027.353s][debug][gc,ref         ] GC(70) Skipped PhantomRefsPhase of Reference Processing: no references
[2027.353s][debug][gc,phases      ] GC(70) Reference Processing 0.111ms
[2027.354s][debug][gc,phases      ] GC(70)   VM Weak                        Min: 0.00, Avg: 0.00, Max: 0.01, Diff: 0.01, Sum: 0.01, Workers: 4
[2027.354s][debug][gc,phases      ] GC(70)     Dead                           Min: 0, Avg:  0.0, Max: 0, Diff: 0, Sum: 0, Workers: 4
[2027.354s][debug][gc,phases      ] GC(70)     Total                          Min: 0, Avg: 210.8, Max: 640, Diff: 640, Sum: 843, Workers: 4
[2027.354s][debug][gc,phases      ] GC(70)   ObjectSynchronizer Weak        Min: 0.00, Avg: 0.00, Max: 0.00, Diff: 0.00, Sum: 0.00, Workers: 4
[2027.354s][debug][gc,phases      ] GC(70)     Dead                           Min: 0, Avg:  0.0, Max: 0, Diff: 0, Sum: 0, Workers: 4
[2027.354s][debug][gc,phases      ] GC(70)     Total                          Min: 0, Avg:  1.5, Max: 6, Diff: 6, Sum: 6, Workers: 4
[2027.354s][debug][gc,phases      ] GC(70)   JVMTI Tag Weak OopStorage      Min: 0.00, Avg: 0.00, Max: 0.00, Diff: 0.00, Sum: 0.00, Workers: 4
[2027.354s][debug][gc,phases      ] GC(70)     Dead                           Min: 0, Avg:  0.0, Max: 0, Diff: 0, Sum: 0, Workers: 4
[2027.354s][debug][gc,phases      ] GC(70)     Total                          Min: 0, Avg:  0.0, Max: 0, Diff: 0, Sum: 0, Workers: 4
[2027.354s][debug][gc,phases      ] GC(70)   StringTable Weak               Min: 0.11, Avg: 0.12, Max: 0.12, Diff: 0.00, Sum: 0.46, Workers: 4
[2027.354s][debug][gc,phases      ] GC(70)     Dead                           Min: 0, Avg:  0.0, Max: 0, Diff: 0, Sum: 0, Workers: 4
[2027.354s][debug][gc,phases      ] GC(70)     Total                          Min: 12096, Avg: 12473.8, Max: 13247, Diff: 1151, Sum: 49895, Workers: 4
[2027.354s][debug][gc,phases      ] GC(70)   ResolvedMethodTable Weak       Min: 0.04, Avg: 0.04, Max: 0.04, Diff: 0.00, Sum: 0.16, Workers: 4
[2027.354s][debug][gc,phases      ] GC(70)     Dead                           Min: 1, Avg:  7.8, Max: 24, Diff: 23, Sum: 31, Workers: 4
[2027.354s][debug][gc,phases      ] GC(70)     Total                          Min: 3886, Avg: 4091.2, Max: 4314, Diff: 428, Sum: 16365, Workers: 4
[2027.354s][debug][gc,phases      ] GC(70)   JNI Weak                       Min: 0.00, Avg: 0.00, Max: 0.00, Diff: 0.00, Sum: 0.00, Workers: 4
[2027.354s][debug][gc,phases      ] GC(70)     Dead                           Min: 0, Avg:  0.0, Max: 0, Diff: 0, Sum: 0, Workers: 4
[2027.354s][debug][gc,phases      ] GC(70)     Total                          Min: 0, Avg: 13.0, Max: 52, Diff: 52, Sum: 52, Workers: 4
[2027.354s][debug][gc,phases      ] GC(70)   StringDedup Table Weak         Min: 0.00, Avg: 0.00, Max: 0.00, Diff: 0.00, Sum: 0.00, Workers: 4
[2027.354s][debug][gc,phases      ] GC(70)     Dead                           Min: 0, Avg:  0.0, Max: 0, Diff: 0, Sum: 0, Workers: 4
[2027.354s][debug][gc,phases      ] GC(70)     Total                          Min: 0, Avg:  0.0, Max: 0, Diff: 0, Sum: 0, Workers: 4
[2027.354s][debug][gc,phases      ] GC(70)   StringDedup Requests0 Weak     Min: 0.00, Avg: 0.00, Max: 0.00, Diff: 0.00, Sum: 0.00, Workers: 4
[2027.354s][debug][gc,phases      ] GC(70)     Dead                           Min: 0, Avg:  0.0, Max: 0, Diff: 0, Sum: 0, Workers: 4
[2027.354s][debug][gc,phases      ] GC(70)     Total                          Min: 0, Avg:  0.0, Max: 0, Diff: 0, Sum: 0, Workers: 4
[2027.354s][debug][gc,phases      ] GC(70)   StringDedup Requests1 Weak     Min: 0.00, Avg: 0.00, Max: 0.00, Diff: 0.00, Sum: 0.00, Workers: 4
[2027.354s][debug][gc,phases      ] GC(70)     Dead                           Min: 0, Avg:  0.0, Max: 0, Diff: 0, Sum: 0, Workers: 4
[2027.354s][debug][gc,phases      ] GC(70)     Total                          Min: 0, Avg:  0.0, Max: 0, Diff: 0, Sum: 0, Workers: 4
[2027.354s][debug][gc,phases      ] GC(70)   Weak JFR Old Object Samples    Min: 0.00, Avg: 0.00, Max: 0.00, Diff: 0.00, Sum: 0.00, Workers: 4
[2027.354s][debug][gc,phases      ] GC(70)     Dead                           Min: 0, Avg:  0.0, Max: 0, Diff: 0, Sum: 0, Workers: 4
[2027.354s][debug][gc,phases      ] GC(70)     Total                          Min: 0, Avg:  0.0, Max: 0, Diff: 0, Sum: 0, Workers: 4
[2027.354s][debug][gc,phases      ] GC(70) Weak Processing 0.388ms
[2027.354s][debug][gc,age         ] GC(70) Desired survivor size 23592960 bytes, new threshold 1 (max threshold 15)
[2027.354s][info ][gc,heap        ] GC(70) PSYoungGen: 2047584K(2069504K)->3744K(2074112K) Eden: 2043392K(2043392K)->0K(2049536K) From: 4192K(26112K)->3744K(24576K)
[2027.354s][info ][gc,heap        ] GC(70) ParOldGen: 595921K(595968K)->596833K(596992K)
[2027.354s][info ][gc,metaspace   ] GC(70) Metaspace: 109174K(110336K)->109174K(110336K) NonClass: 93400K(94080K)->93400K(94080K) Class: 15774K(16256K)->15774K(16256K)
[2027.354s][info ][gc             ] GC(70) Pause Young (Allocation Failure) 2581M->586M(2608M) 4.118ms
[2027.354s][info ][gc,cpu         ] GC(70) User=0.02s Sys=0.00s Real=0.00s
[2027.354s][info ][safepoint      ] Safepoint "ParallelCollectForAllocation", Time since last: 39845139611 ns, Reaching safepoint: 6500 ns, At safepoint: 4188498 ns, Leaving safepoint: 2600 ns, Total: 4197598 ns, Threads: 0 runnable, 33 total
[2069.144s][info ][gc,start       ] GC(71) Pause Young (Allocation Failure)
[2069.148s][debug][gc,phases      ] GC(71) Scavenge 3.752ms
[2069.148s][debug][gc,ref         ] GC(71) ReferenceProcessor::execute queues: 1, RefProcThreadModel::Single, marks_oops_alive: false
[2069.148s][debug][gc,ref         ] GC(71) Skipped KeepAliveFinalRefsPhase of Reference Processing: no references
[2069.148s][debug][gc,ref         ] GC(71) Skipped PhantomRefsPhase of Reference Processing: no references
[2069.148s][debug][gc,phases      ] GC(71) Reference Processing 0.100ms
[2069.149s][debug][gc,phases      ] GC(71)   VM Weak                        Min: 0.00, Avg: 0.00, Max: 0.01, Diff: 0.01, Sum: 0.01, Workers: 4
[2069.149s][debug][gc,phases      ] GC(71)     Dead                           Min: 0, Avg:  0.0, Max: 0, Diff: 0, Sum: 0, Workers: 4
[2069.149s][debug][gc,phases      ] GC(71)     Total                          Min: 0, Avg: 210.8, Max: 459, Diff: 459, Sum: 843, Workers: 4
[2069.149s][debug][gc,phases      ] GC(71)   ObjectSynchronizer Weak        Min: 0.00, Avg: 0.00, Max: 0.00, Diff: 0.00, Sum: 0.00, Workers: 4
[2069.149s][debug][gc,phases      ] GC(71)     Dead                           Min: 0, Avg:  0.2, Max: 1, Diff: 1, Sum: 1, Workers: 4
[2069.149s][debug][gc,phases      ] GC(71)     Total                          Min: 0, Avg:  1.8, Max: 7, Diff: 7, Sum: 7, Workers: 4
[2069.149s][debug][gc,phases      ] GC(71)   JVMTI Tag Weak OopStorage      Min: 0.00, Avg: 0.00, Max: 0.00, Diff: 0.00, Sum: 0.00, Workers: 4
[2069.149s][debug][gc,phases      ] GC(71)     Dead                           Min: 0, Avg:  0.0, Max: 0, Diff: 0, Sum: 0, Workers: 4
[2069.149s][debug][gc,phases      ] GC(71)     Total                          Min: 0, Avg:  0.0, Max: 0, Diff: 0, Sum: 0, Workers: 4
[2069.149s][debug][gc,phases      ] GC(71)   StringTable Weak               Min: 0.00, Avg: 0.10, Max: 0.13, Diff: 0.13, Sum: 0.40, Workers: 4
[2069.149s][debug][gc,phases      ] GC(71)     Dead                           Min: 0, Avg:  0.0, Max: 0, Diff: 0, Sum: 0, Workers: 4
[2069.149s][debug][gc,phases      ] GC(71)     Total                          Min: 0, Avg: 12473.8, Max: 21160, Diff: 21160, Sum: 49895, Workers: 4
[2069.149s][debug][gc,phases      ] GC(71)   ResolvedMethodTable Weak       Min: 0.00, Avg: 0.03, Max: 0.05, Diff: 0.05, Sum: 0.14, Workers: 4
[2069.149s][debug][gc,phases      ] GC(71)     Dead                           Min: 0, Avg:  5.0, Max: 17, Diff: 17, Sum: 20, Workers: 4
[2069.149s][debug][gc,phases      ] GC(71)     Total                          Min: 0, Avg: 4091.2, Max: 6705, Diff: 6705, Sum: 16365, Workers: 4
[2069.149s][debug][gc,phases      ] GC(71)   JNI Weak                       Min: 0.00, Avg: 0.00, Max: 0.00, Diff: 0.00, Sum: 0.00, Workers: 4
[2069.149s][debug][gc,phases      ] GC(71)     Dead                           Min: 0, Avg:  0.0, Max: 0, Diff: 0, Sum: 0, Workers: 4
[2069.149s][debug][gc,phases      ] GC(71)     Total                          Min: 0, Avg: 13.0, Max: 52, Diff: 52, Sum: 52, Workers: 4
[2069.149s][debug][gc,phases      ] GC(71)   StringDedup Table Weak         Min: 0.00, Avg: 0.00, Max: 0.00, Diff: 0.00, Sum: 0.00, Workers: 4
[2069.149s][debug][gc,phases      ] GC(71)     Dead                           Min: 0, Avg:  0.0, Max: 0, Diff: 0, Sum: 0, Workers: 4
[2069.149s][debug][gc,phases      ] GC(71)     Total                          Min: 0, Avg:  0.0, Max: 0, Diff: 0, Sum: 0, Workers: 4
[2069.149s][debug][gc,phases      ] GC(71)   StringDedup Requests0 Weak     Min: 0.00, Avg: 0.00, Max: 0.00, Diff: 0.00, Sum: 0.00, Workers: 4
[2069.149s][debug][gc,phases      ] GC(71)     Dead                           Min: 0, Avg:  0.0, Max: 0, Diff: 0, Sum: 0, Workers: 4
[2069.149s][debug][gc,phases      ] GC(71)     Total                          Min: 0, Avg:  0.0, Max: 0, Diff: 0, Sum: 0, Workers: 4
[2069.149s][debug][gc,phases      ] GC(71)   StringDedup Requests1 Weak     Min: 0.00, Avg: 0.00, Max: 0.00, Diff: 0.00, Sum: 0.00, Workers: 4
[2069.149s][debug][gc,phases      ] GC(71)     Dead                           Min: 0, Avg:  0.0, Max: 0, Diff: 0, Sum: 0, Workers: 4
[2069.149s][debug][gc,phases      ] GC(71)     Total                          Min: 0, Avg:  0.0, Max: 0, Diff: 0, Sum: 0, Workers: 4
[2069.149s][debug][gc,phases      ] GC(71)   Weak JFR Old Object Samples    Min: 0.00, Avg: 0.00, Max: 0.00, Diff: 0.00, Sum: 0.00, Workers: 4
[2069.149s][debug][gc,phases      ] GC(71)     Dead                           Min: 0, Avg:  0.0, Max: 0, Diff: 0, Sum: 0, Workers: 4
[2069.149s][debug][gc,phases      ] GC(71)     Total                          Min: 0, Avg:  0.0, Max: 0, Diff: 0, Sum: 0, Workers: 4
[2069.149s][debug][gc,phases      ] GC(71) Weak Processing 0.361ms
[2069.149s][debug][gc,age         ] GC(71) Desired survivor size 22544384 bytes, new threshold 1 (max threshold 15)
[2069.149s][info ][gc,heap        ] GC(71) PSYoungGen: 2053280K(2074112K)->4352K(2072576K) Eden: 2049536K(2049536K)->0K(2049536K) From: 3744K(24576K)->4352K(23040K)
[2069.149s][info ][gc,heap        ] GC(71) ParOldGen: 596833K(596992K)->597525K(598016K)
[2069.149s][info ][gc,metaspace   ] GC(71) Metaspace: 109180K(110336K)->109180K(110336K) NonClass: 93405K(94080K)->93405K(94080K) Class: 15774K(16256K)->15774K(16256K)
[2069.149s][info ][gc             ] GC(71) Pause Young (Allocation Failure) 2588M->587M(2608M) 4.331ms
[2069.149s][info ][gc,cpu         ] GC(71) User=0.01s Sys=0.00s Real=0.00s
[2069.149s][info ][safepoint      ] Safepoint "ParallelCollectForAllocation", Time since last: 41790512833 ns, Reaching safepoint: 6500 ns, At safepoint: 4397209 ns, Leaving safepoint: 2600 ns, Total: 4406309 ns, Threads: 0 runnable, 34 total
[2114.904s][info ][gc,start       ] GC(72) Pause Young (Allocation Failure)
[2114.908s][debug][gc,phases      ] GC(72) Scavenge 3.761ms
[2114.908s][debug][gc,ref         ] GC(72) ReferenceProcessor::execute queues: 1, RefProcThreadModel::Single, marks_oops_alive: false
[2114.908s][debug][gc,ref         ] GC(72) Skipped KeepAliveFinalRefsPhase of Reference Processing: no references
[2114.908s][debug][gc,ref         ] GC(72) Skipped PhantomRefsPhase of Reference Processing: no references
[2114.908s][debug][gc,phases      ] GC(72) Reference Processing 0.096ms
[2114.908s][debug][gc,phases      ] GC(72)   VM Weak                        Min: 0.00, Avg: 0.00, Max: 0.01, Diff: 0.01, Sum: 0.01, Workers: 4
[2114.908s][debug][gc,phases      ] GC(72)     Dead                           Min: 0, Avg:  0.0, Max: 0, Diff: 0, Sum: 0, Workers: 4
[2114.908s][debug][gc,phases      ] GC(72)     Total                          Min: 0, Avg: 210.8, Max: 651, Diff: 651, Sum: 843, Workers: 4
[2114.908s][debug][gc,phases      ] GC(72)   ObjectSynchronizer Weak        Min: 0.00, Avg: 0.00, Max: 0.00, Diff: 0.00, Sum: 0.00, Workers: 4
[2114.908s][debug][gc,phases      ] GC(72)     Dead                           Min: 0, Avg:  0.0, Max: 0, Diff: 0, Sum: 0, Workers: 4
[2114.908s][debug][gc,phases      ] GC(72)     Total                          Min: 0, Avg:  1.2, Max: 5, Diff: 5, Sum: 5, Workers: 4
[2114.908s][debug][gc,phases      ] GC(72)   JVMTI Tag Weak OopStorage      Min: 0.00, Avg: 0.00, Max: 0.00, Diff: 0.00, Sum: 0.00, Workers: 4
[2114.908s][debug][gc,phases      ] GC(72)     Dead                           Min: 0, Avg:  0.0, Max: 0, Diff: 0, Sum: 0, Workers: 4
[2114.908s][debug][gc,phases      ] GC(72)     Total                          Min: 0, Avg:  0.0, Max: 0, Diff: 0, Sum: 0, Workers: 4
[2114.908s][debug][gc,phases      ] GC(72)   StringTable Weak               Min: 0.07, Avg: 0.12, Max: 0.14, Diff: 0.08, Sum: 0.48, Workers: 4
[2114.908s][debug][gc,phases      ] GC(72)     Dead                           Min: 0, Avg:  0.0, Max: 0, Diff: 0, Sum: 0, Workers: 4
[2114.908s][debug][gc,phases      ] GC(72)     Total                          Min: 6912, Avg: 12474.5, Max: 14655, Diff: 7743, Sum: 49898, Workers: 4
[2114.908s][debug][gc,phases      ] GC(72)   ResolvedMethodTable Weak       Min: 0.04, Avg: 0.04, Max: 0.04, Diff: 0.00, Sum: 0.16, Workers: 4
[2114.908s][debug][gc,phases      ] GC(72)     Dead                           Min: 0, Avg:  5.0, Max: 20, Diff: 20, Sum: 20, Workers: 4
[2114.908s][debug][gc,phases      ] GC(72)     Total                          Min: 3963, Avg: 4091.2, Max: 4188, Diff: 225, Sum: 16365, Workers: 4
[2114.908s][debug][gc,phases      ] GC(72)   JNI Weak                       Min: 0.00, Avg: 0.00, Max: 0.00, Diff: 0.00, Sum: 0.00, Workers: 4
[2114.908s][debug][gc,phases      ] GC(72)     Dead                           Min: 0, Avg:  0.0, Max: 0, Diff: 0, Sum: 0, Workers: 4
[2114.908s][debug][gc,phases      ] GC(72)     Total                          Min: 0, Avg: 13.0, Max: 52, Diff: 52, Sum: 52, Workers: 4
[2114.908s][debug][gc,phases      ] GC(72)   StringDedup Table Weak         Min: 0.00, Avg: 0.00, Max: 0.00, Diff: 0.00, Sum: 0.00, Workers: 4
[2114.908s][debug][gc,phases      ] GC(72)     Dead                           Min: 0, Avg:  0.0, Max: 0, Diff: 0, Sum: 0, Workers: 4
[2114.908s][debug][gc,phases      ] GC(72)     Total                          Min: 0, Avg:  0.0, Max: 0, Diff: 0, Sum: 0, Workers: 4
[2114.908s][debug][gc,phases      ] GC(72)   StringDedup Requests0 Weak     Min: 0.00, Avg: 0.00, Max: 0.00, Diff: 0.00, Sum: 0.00, Workers: 4
[2114.908s][debug][gc,phases      ] GC(72)     Dead                           Min: 0, Avg:  0.0, Max: 0, Diff: 0, Sum: 0, Workers: 4
[2114.908s][debug][gc,phases      ] GC(72)     Total                          Min: 0, Avg:  0.0, Max: 0, Diff: 0, Sum: 0, Workers: 4
[2114.908s][debug][gc,phases      ] GC(72)   StringDedup Requests1 Weak     Min: 0.00, Avg: 0.00, Max: 0.00, Diff: 0.00, Sum: 0.00, Workers: 4
[2114.908s][debug][gc,phases      ] GC(72)     Dead                           Min: 0, Avg:  0.0, Max: 0, Diff: 0, Sum: 0, Workers: 4
[2114.908s][debug][gc,phases      ] GC(72)     Total                          Min: 0, Avg:  0.0, Max: 0, Diff: 0, Sum: 0, Workers: 4
[2114.908s][debug][gc,phases      ] GC(72)   Weak JFR Old Object Samples    Min: 0.00, Avg: 0.00, Max: 0.00, Diff: 0.00, Sum: 0.00, Workers: 4
[2114.908s][debug][gc,phases      ] GC(72)     Dead                           Min: 0, Avg:  0.0, Max: 0, Diff: 0, Sum: 0, Workers: 4
[2114.908s][debug][gc,phases      ] GC(72)     Total                          Min: 0, Avg:  0.0, Max: 0, Diff: 0, Sum: 0, Workers: 4
[2114.908s][debug][gc,phases      ] GC(72) Weak Processing 0.379ms
[2114.908s][debug][gc,age         ] GC(72) Desired survivor size 20971520 bytes, new threshold 1 (max threshold 15)
[2114.908s][info ][gc,heap        ] GC(72) PSYoungGen: 2053888K(2072576K)->3728K(2076672K) Eden: 2049536K(2049536K)->0K(2054656K) From: 4352K(23040K)->3728K(22016K)
[2114.908s][info ][gc,heap        ] GC(72) ParOldGen: 597525K(598016K)->598461K(598528K)
[2114.908s][info ][gc,metaspace   ] GC(72) Metaspace: 109185K(110336K)->109185K(110336K) NonClass: 93410K(94080K)->93410K(94080K) Class: 15774K(16256K)->15774K(16256K)
[2114.908s][info ][gc             ] GC(72) Pause Young (Allocation Failure) 2589M->588M(2612M) 4.366ms
[2114.908s][info ][gc,cpu         ] GC(72) User=0.01s Sys=0.00s Real=0.00s
[2114.908s][info ][safepoint      ] Safepoint "ParallelCollectForAllocation", Time since last: 45755090531 ns, Reaching safepoint: 6200 ns, At safepoint: 4433698 ns, Leaving safepoint: 7500 ns, Total: 4447398 ns, Threads: 0 runnable, 37 total
[2166.294s][info ][gc,start       ] GC(73) Pause Young (Allocation Failure)
[2166.297s][debug][gc,phases      ] GC(73) Scavenge 3.420ms
[2166.298s][debug][gc,ref         ] GC(73) ReferenceProcessor::execute queues: 1, RefProcThreadModel::Single, marks_oops_alive: false
[2166.298s][debug][gc,ref         ] GC(73) Skipped KeepAliveFinalRefsPhase of Reference Processing: no references
[2166.298s][debug][gc,ref         ] GC(73) Skipped PhantomRefsPhase of Reference Processing: no references
[2166.298s][debug][gc,phases      ] GC(73) Reference Processing 0.090ms
[2166.298s][debug][gc,phases      ] GC(73)   VM Weak                        Min: 0.00, Avg: 0.00, Max: 0.01, Diff: 0.01, Sum: 0.01, Workers: 4
[2166.298s][debug][gc,phases      ] GC(73)     Dead                           Min: 0, Avg:  0.0, Max: 0, Diff: 0, Sum: 0, Workers: 4
[2166.298s][debug][gc,phases      ] GC(73)     Total                          Min: 0, Avg: 210.8, Max: 459, Diff: 459, Sum: 843, Workers: 4
[2166.298s][debug][gc,phases      ] GC(73)   ObjectSynchronizer Weak        Min: 0.00, Avg: 0.00, Max: 0.00, Diff: 0.00, Sum: 0.00, Workers: 4
[2166.298s][debug][gc,phases      ] GC(73)     Dead                           Min: 0, Avg:  0.0, Max: 0, Diff: 0, Sum: 0, Workers: 4
[2166.298s][debug][gc,phases      ] GC(73)     Total                          Min: 0, Avg:  1.2, Max: 5, Diff: 5, Sum: 5, Workers: 4
[2166.298s][debug][gc,phases      ] GC(73)   JVMTI Tag Weak OopStorage      Min: 0.00, Avg: 0.00, Max: 0.00, Diff: 0.00, Sum: 0.00, Workers: 4
[2166.298s][debug][gc,phases      ] GC(73)     Dead                           Min: 0, Avg:  0.0, Max: 0, Diff: 0, Sum: 0, Workers: 4
[2166.298s][debug][gc,phases      ] GC(73)     Total                          Min: 0, Avg:  0.0, Max: 0, Diff: 0, Sum: 0, Workers: 4
[2166.298s][debug][gc,phases      ] GC(73)   StringTable Weak               Min: 0.00, Avg: 0.11, Max: 0.15, Diff: 0.15, Sum: 0.46, Workers: 4
[2166.298s][debug][gc,phases      ] GC(73)     Dead                           Min: 0, Avg:  0.2, Max: 1, Diff: 1, Sum: 1, Workers: 4
[2166.298s][debug][gc,phases      ] GC(73)     Total                          Min: 0, Avg: 12477.0, Max: 16821, Diff: 16821, Sum: 49908, Workers: 4
[2166.298s][debug][gc,phases      ] GC(73)   ResolvedMethodTable Weak       Min: 0.00, Avg: 0.04, Max: 0.05, Diff: 0.05, Sum: 0.16, Workers: 4
[2166.298s][debug][gc,phases      ] GC(73)     Dead                           Min: 0, Avg:  5.2, Max: 21, Diff: 21, Sum: 21, Workers: 4
[2166.298s][debug][gc,phases      ] GC(73)     Total                          Min: 0, Avg: 4094.8, Max: 5716, Diff: 5716, Sum: 16379, Workers: 4
[2166.298s][debug][gc,phases      ] GC(73)   JNI Weak                       Min: 0.00, Avg: 0.00, Max: 0.00, Diff: 0.00, Sum: 0.00, Workers: 4
[2166.298s][debug][gc,phases      ] GC(73)     Dead                           Min: 0, Avg:  0.0, Max: 0, Diff: 0, Sum: 0, Workers: 4
[2166.298s][debug][gc,phases      ] GC(73)     Total                          Min: 0, Avg: 13.0, Max: 52, Diff: 52, Sum: 52, Workers: 4
[2166.298s][debug][gc,phases      ] GC(73)   StringDedup Table Weak         Min: 0.00, Avg: 0.00, Max: 0.00, Diff: 0.00, Sum: 0.00, Workers: 4
[2166.298s][debug][gc,phases      ] GC(73)     Dead                           Min: 0, Avg:  0.0, Max: 0, Diff: 0, Sum: 0, Workers: 4
[2166.298s][debug][gc,phases      ] GC(73)     Total                          Min: 0, Avg:  0.0, Max: 0, Diff: 0, Sum: 0, Workers: 4
[2166.298s][debug][gc,phases      ] GC(73)   StringDedup Requests0 Weak     Min: 0.00, Avg: 0.00, Max: 0.00, Diff: 0.00, Sum: 0.00, Workers: 4
[2166.298s][debug][gc,phases      ] GC(73)     Dead                           Min: 0, Avg:  0.0, Max: 0, Diff: 0, Sum: 0, Workers: 4
[2166.298s][debug][gc,phases      ] GC(73)     Total                          Min: 0, Avg:  0.0, Max: 0, Diff: 0, Sum: 0, Workers: 4
[2166.298s][debug][gc,phases      ] GC(73)   StringDedup Requests1 Weak     Min: 0.00, Avg: 0.00, Max: 0.00, Diff: 0.00, Sum: 0.00, Workers: 4
[2166.298s][debug][gc,phases      ] GC(73)     Dead                           Min: 0, Avg:  0.0, Max: 0, Diff: 0, Sum: 0, Workers: 4
[2166.298s][debug][gc,phases      ] GC(73)     Total                          Min: 0, Avg:  0.0, Max: 0, Diff: 0, Sum: 0, Workers: 4
[2166.298s][debug][gc,phases      ] GC(73)   Weak JFR Old Object Samples    Min: 0.00, Avg: 0.00, Max: 0.00, Diff: 0.00, Sum: 0.00, Workers: 4
[2166.298s][debug][gc,phases      ] GC(73)     Dead                           Min: 0, Avg:  0.0, Max: 0, Diff: 0, Sum: 0, Workers: 4
[2166.298s][debug][gc,phases      ] GC(73)     Total                          Min: 0, Avg:  0.0, Max: 0, Diff: 0, Sum: 0, Workers: 4
[2166.298s][debug][gc,phases      ] GC(73) Weak Processing 0.401ms
[2166.298s][debug][gc,age         ] GC(73) Desired survivor size 19922944 bytes, new threshold 1 (max threshold 15)
[2166.298s][info ][gc,heap        ] GC(73) PSYoungGen: 2058384K(2076672K)->3840K(2075136K) Eden: 2054656K(2054656K)->0K(2054656K) From: 3728K(22016K)->3840K(20480K)
[2166.298s][info ][gc,heap        ] GC(73) ParOldGen: 598461K(598528K)->599266K(599552K)
[2166.298s][info ][gc,metaspace   ] GC(73) Metaspace: 109207K(110336K)->109207K(110336K) NonClass: 93426K(94080K)->93426K(94080K) Class: 15780K(16256K)->15780K(16256K)
[2166.298s][info ][gc             ] GC(73) Pause Young (Allocation Failure) 2594M->588M(2612M) 4.040ms
[2166.298s][info ][gc,cpu         ] GC(73) User=0.01s Sys=0.00s Real=0.00s
[2166.298s][info ][safepoint      ] Safepoint "ParallelCollectForAllocation", Time since last: 51385482284 ns, Reaching safepoint: 81499 ns, At safepoint: 4107099 ns, Leaving safepoint: 4600 ns, Total: 4193198 ns, Threads: 1 runnable, 37 total
[2211.999s][info ][gc,start       ] GC(74) Pause Young (Allocation Failure)
[2212.002s][debug][gc,phases      ] GC(74) Scavenge 2.932ms
[2212.002s][debug][gc,ref         ] GC(74) ReferenceProcessor::execute queues: 1, RefProcThreadModel::Single, marks_oops_alive: false
[2212.002s][debug][gc,ref         ] GC(74) Skipped KeepAliveFinalRefsPhase of Reference Processing: no references
[2212.002s][debug][gc,ref         ] GC(74) Skipped PhantomRefsPhase of Reference Processing: no references
[2212.002s][debug][gc,phases      ] GC(74) Reference Processing 0.102ms
[2212.002s][debug][gc,phases      ] GC(74)   VM Weak                        Min: 0.00, Avg: 0.00, Max: 0.01, Diff: 0.01, Sum: 0.01, Workers: 4
[2212.002s][debug][gc,phases      ] GC(74)     Dead                           Min: 0, Avg:  0.0, Max: 0, Diff: 0, Sum: 0, Workers: 4
[2212.002s][debug][gc,phases      ] GC(74)     Total                          Min: 0, Avg: 210.8, Max: 512, Diff: 512, Sum: 843, Workers: 4
[2212.002s][debug][gc,phases      ] GC(74)   ObjectSynchronizer Weak        Min: 0.00, Avg: 0.00, Max: 0.00, Diff: 0.00, Sum: 0.00, Workers: 4
[2212.002s][debug][gc,phases      ] GC(74)     Dead                           Min: 0, Avg:  0.0, Max: 0, Diff: 0, Sum: 0, Workers: 4
[2212.002s][debug][gc,phases      ] GC(74)     Total                          Min: 0, Avg:  1.2, Max: 5, Diff: 5, Sum: 5, Workers: 4
[2212.002s][debug][gc,phases      ] GC(74)   JVMTI Tag Weak OopStorage      Min: 0.00, Avg: 0.00, Max: 0.00, Diff: 0.00, Sum: 0.00, Workers: 4
[2212.002s][debug][gc,phases      ] GC(74)     Dead                           Min: 0, Avg:  0.0, Max: 0, Diff: 0, Sum: 0, Workers: 4
[2212.002s][debug][gc,phases      ] GC(74)     Total                          Min: 0, Avg:  0.0, Max: 0, Diff: 0, Sum: 0, Workers: 4
[2212.002s][debug][gc,phases      ] GC(74)   StringTable Weak               Min: 0.00, Avg: 0.11, Max: 0.15, Diff: 0.15, Sum: 0.46, Workers: 4
[2212.002s][debug][gc,phases      ] GC(74)     Dead                           Min: 0, Avg:  0.0, Max: 0, Diff: 0, Sum: 0, Workers: 4
[2212.002s][debug][gc,phases      ] GC(74)     Total                          Min: 0, Avg: 12477.5, Max: 20415, Diff: 20415, Sum: 49910, Workers: 4
[2212.002s][debug][gc,phases      ] GC(74)   ResolvedMethodTable Weak       Min: 0.00, Avg: 0.04, Max: 0.05, Diff: 0.05, Sum: 0.14, Workers: 4
[2212.002s][debug][gc,phases      ] GC(74)     Dead                           Min: 0, Avg:  7.8, Max: 31, Diff: 31, Sum: 31, Workers: 4
[2212.002s][debug][gc,phases      ] GC(74)     Total                          Min: 0, Avg: 4094.8, Max: 7000, Diff: 7000, Sum: 16379, Workers: 4
[2212.002s][debug][gc,phases      ] GC(74)   JNI Weak                       Min: 0.00, Avg: 0.00, Max: 0.00, Diff: 0.00, Sum: 0.00, Workers: 4
[2212.002s][debug][gc,phases      ] GC(74)     Dead                           Min: 0, Avg:  0.0, Max: 0, Diff: 0, Sum: 0, Workers: 4
[2212.002s][debug][gc,phases      ] GC(74)     Total                          Min: 0, Avg: 13.0, Max: 52, Diff: 52, Sum: 52, Workers: 4
[2212.002s][debug][gc,phases      ] GC(74)   StringDedup Table Weak         Min: 0.00, Avg: 0.00, Max: 0.00, Diff: 0.00, Sum: 0.00, Workers: 4
[2212.002s][debug][gc,phases      ] GC(74)     Dead                           Min: 0, Avg:  0.0, Max: 0, Diff: 0, Sum: 0, Workers: 4
[2212.002s][debug][gc,phases      ] GC(74)     Total                          Min: 0, Avg:  0.0, Max: 0, Diff: 0, Sum: 0, Workers: 4
[2212.002s][debug][gc,phases      ] GC(74)   StringDedup Requests0 Weak     Min: 0.00, Avg: 0.00, Max: 0.00, Diff: 0.00, Sum: 0.00, Workers: 4
[2212.002s][debug][gc,phases      ] GC(74)     Dead                           Min: 0, Avg:  0.0, Max: 0, Diff: 0, Sum: 0, Workers: 4
[2212.002s][debug][gc,phases      ] GC(74)     Total                          Min: 0, Avg:  0.0, Max: 0, Diff: 0, Sum: 0, Workers: 4
[2212.002s][debug][gc,phases      ] GC(74)   StringDedup Requests1 Weak     Min: 0.00, Avg: 0.00, Max: 0.00, Diff: 0.00, Sum: 0.00, Workers: 4
[2212.002s][debug][gc,phases      ] GC(74)     Dead                           Min: 0, Avg:  0.0, Max: 0, Diff: 0, Sum: 0, Workers: 4
[2212.002s][debug][gc,phases      ] GC(74)     Total                          Min: 0, Avg:  0.0, Max: 0, Diff: 0, Sum: 0, Workers: 4
[2212.002s][debug][gc,phases      ] GC(74)   Weak JFR Old Object Samples    Min: 0.00, Avg: 0.00, Max: 0.00, Diff: 0.00, Sum: 0.00, Workers: 4
[2212.002s][debug][gc,phases      ] GC(74)     Dead                           Min: 0, Avg:  0.0, Max: 0, Diff: 0, Sum: 0, Workers: 4
[2212.002s][debug][gc,phases      ] GC(74)     Total                          Min: 0, Avg:  0.0, Max: 0, Diff: 0, Sum: 0, Workers: 4
[2212.002s][debug][gc,phases      ] GC(74) Weak Processing 0.389ms
[2212.002s][debug][gc,age         ] GC(74) Desired survivor size 18874368 bytes, new threshold 1 (max threshold 15)
[2212.002s][info ][gc,heap        ] GC(74) PSYoungGen: 2058496K(2075136K)->3984K(2078720K) Eden: 2054656K(2054656K)->0K(2059264K) From: 3840K(20480K)->3984K(19456K)
[2212.002s][info ][gc,heap        ] GC(74) ParOldGen: 599266K(599552K)->600158K(600576K)
[2212.002s][info ][gc,metaspace   ] GC(74) Metaspace: 109224K(110336K)->109224K(110336K) NonClass: 93444K(94080K)->93444K(94080K) Class: 15780K(16256K)->15780K(16256K)
[2212.002s][info ][gc             ] GC(74) Pause Young (Allocation Failure) 2595M->589M(2616M) 3.537ms
[2212.002s][info ][gc,cpu         ] GC(74) User=0.01s Sys=0.00s Real=0.01s
[2212.002s][info ][safepoint      ] Safepoint "ParallelCollectForAllocation", Time since last: 45700692033 ns, Reaching safepoint: 34500 ns, At safepoint: 3604296 ns, Leaving safepoint: 3300 ns, Total: 3642096 ns, Threads: 0 runnable, 35 total
[2258.148s][info ][gc,start       ] GC(75) Pause Young (Allocation Failure)
[2258.152s][debug][gc,phases      ] GC(75) Scavenge 3.637ms
[2258.152s][debug][gc,ref         ] GC(75) ReferenceProcessor::execute queues: 1, RefProcThreadModel::Single, marks_oops_alive: false
[2258.152s][debug][gc,ref         ] GC(75) Skipped KeepAliveFinalRefsPhase of Reference Processing: no references
[2258.152s][debug][gc,ref         ] GC(75) Skipped PhantomRefsPhase of Reference Processing: no references
[2258.152s][debug][gc,phases      ] GC(75) Reference Processing 0.101ms
[2258.152s][debug][gc,phases      ] GC(75)   VM Weak                        Min: 0.00, Avg: 0.00, Max: 0.01, Diff: 0.01, Sum: 0.01, Workers: 4
[2258.152s][debug][gc,phases      ] GC(75)     Dead                           Min: 0, Avg:  0.0, Max: 0, Diff: 0, Sum: 0, Workers: 4
[2258.152s][debug][gc,phases      ] GC(75)     Total                          Min: 0, Avg: 210.8, Max: 523, Diff: 523, Sum: 843, Workers: 4
[2258.152s][debug][gc,phases      ] GC(75)   ObjectSynchronizer Weak        Min: 0.00, Avg: 0.00, Max: 0.00, Diff: 0.00, Sum: 0.00, Workers: 4
[2258.152s][debug][gc,phases      ] GC(75)     Dead                           Min: 0, Avg:  0.5, Max: 2, Diff: 2, Sum: 2, Workers: 4
[2258.152s][debug][gc,phases      ] GC(75)     Total                          Min: 0, Avg:  2.0, Max: 8, Diff: 8, Sum: 8, Workers: 4
[2258.152s][debug][gc,phases      ] GC(75)   JVMTI Tag Weak OopStorage      Min: 0.00, Avg: 0.00, Max: 0.00, Diff: 0.00, Sum: 0.00, Workers: 4
[2258.152s][debug][gc,phases      ] GC(75)     Dead                           Min: 0, Avg:  0.0, Max: 0, Diff: 0, Sum: 0, Workers: 4
[2258.152s][debug][gc,phases      ] GC(75)     Total                          Min: 0, Avg:  0.0, Max: 0, Diff: 0, Sum: 0, Workers: 4
[2258.152s][debug][gc,phases      ] GC(75)   StringTable Weak               Min: 0.00, Avg: 0.10, Max: 0.14, Diff: 0.14, Sum: 0.41, Workers: 4
[2258.152s][debug][gc,phases      ] GC(75)     Dead                           Min: 0, Avg:  0.0, Max: 0, Diff: 0, Sum: 0, Workers: 4
[2258.152s][debug][gc,phases      ] GC(75)     Total                          Min: 0, Avg: 12478.0, Max: 21368, Diff: 21368, Sum: 49912, Workers: 4
[2258.152s][debug][gc,phases      ] GC(75)   ResolvedMethodTable Weak       Min: 0.00, Avg: 0.04, Max: 0.05, Diff: 0.05, Sum: 0.14, Workers: 4
[2258.152s][debug][gc,phases      ] GC(75)     Dead                           Min: 0, Avg:  5.0, Max: 14, Diff: 14, Sum: 20, Workers: 4
[2258.152s][debug][gc,phases      ] GC(75)     Total                          Min: 0, Avg: 4094.8, Max: 6660, Diff: 6660, Sum: 16379, Workers: 4
[2258.152s][debug][gc,phases      ] GC(75)   JNI Weak                       Min: 0.00, Avg: 0.00, Max: 0.00, Diff: 0.00, Sum: 0.00, Workers: 4
[2258.152s][debug][gc,phases      ] GC(75)     Dead                           Min: 0, Avg:  0.0, Max: 0, Diff: 0, Sum: 0, Workers: 4
[2258.152s][debug][gc,phases      ] GC(75)     Total                          Min: 0, Avg: 13.0, Max: 52, Diff: 52, Sum: 52, Workers: 4
[2258.152s][debug][gc,phases      ] GC(75)   StringDedup Table Weak         Min: 0.00, Avg: 0.00, Max: 0.00, Diff: 0.00, Sum: 0.00, Workers: 4
[2258.152s][debug][gc,phases      ] GC(75)     Dead                           Min: 0, Avg:  0.0, Max: 0, Diff: 0, Sum: 0, Workers: 4
[2258.152s][debug][gc,phases      ] GC(75)     Total                          Min: 0, Avg:  0.0, Max: 0, Diff: 0, Sum: 0, Workers: 4
[2258.152s][debug][gc,phases      ] GC(75)   StringDedup Requests0 Weak     Min: 0.00, Avg: 0.00, Max: 0.00, Diff: 0.00, Sum: 0.00, Workers: 4
[2258.152s][debug][gc,phases      ] GC(75)     Dead                           Min: 0, Avg:  0.0, Max: 0, Diff: 0, Sum: 0, Workers: 4
[2258.152s][debug][gc,phases      ] GC(75)     Total                          Min: 0, Avg:  0.0, Max: 0, Diff: 0, Sum: 0, Workers: 4
[2258.152s][debug][gc,phases      ] GC(75)   StringDedup Requests1 Weak     Min: 0.00, Avg: 0.00, Max: 0.00, Diff: 0.00, Sum: 0.00, Workers: 4
[2258.152s][debug][gc,phases      ] GC(75)     Dead                           Min: 0, Avg:  0.0, Max: 0, Diff: 0, Sum: 0, Workers: 4
[2258.152s][debug][gc,phases      ] GC(75)     Total                          Min: 0, Avg:  0.0, Max: 0, Diff: 0, Sum: 0, Workers: 4
[2258.152s][debug][gc,phases      ] GC(75)   Weak JFR Old Object Samples    Min: 0.00, Avg: 0.00, Max: 0.00, Diff: 0.00, Sum: 0.00, Workers: 4
[2258.152s][debug][gc,phases      ] GC(75)     Dead                           Min: 0, Avg:  0.0, Max: 0, Diff: 0, Sum: 0, Workers: 4
[2258.152s][debug][gc,phases      ] GC(75)     Total                          Min: 0, Avg:  0.0, Max: 0, Diff: 0, Sum: 0, Workers: 4
[2258.152s][debug][gc,phases      ] GC(75) Weak Processing 0.410ms
[2258.152s][debug][gc,age         ] GC(75) Desired survivor size 17825792 bytes, new threshold 1 (max threshold 15)
[2258.152s][info ][gc,heap        ] GC(75) PSYoungGen: 2063248K(2078720K)->3920K(2077696K) Eden: 2059264K(2059264K)->0K(2059264K) From: 3984K(19456K)->3920K(18432K)
[2258.152s][info ][gc,heap        ] GC(75) ParOldGen: 600158K(600576K)->600986K(601088K)
[2258.152s][info ][gc,metaspace   ] GC(75) Metaspace: 109227K(110336K)->109227K(110336K) NonClass: 93446K(94080K)->93446K(94080K) Class: 15780K(16256K)->15780K(16256K)
[2258.152s][info ][gc             ] GC(75) Pause Young (Allocation Failure) 2600M->590M(2616M) 4.252ms
[2258.152s][info ][gc,cpu         ] GC(75) User=0.01s Sys=0.00s Real=0.01s
[2258.152s][info ][safepoint      ] Safepoint "ParallelCollectForAllocation", Time since last: 46145393825 ns, Reaching safepoint: 105799 ns, At safepoint: 4313496 ns, Leaving safepoint: 5900 ns, Total: 4425195 ns, Threads: 1 runnable, 33 total
[2306.946s][info ][gc,start       ] GC(76) Pause Young (Allocation Failure)
[2306.949s][debug][gc,phases      ] GC(76) Scavenge 3.351ms
[2306.949s][debug][gc,ref         ] GC(76) ReferenceProcessor::execute queues: 1, RefProcThreadModel::Single, marks_oops_alive: false
[2306.949s][debug][gc,ref         ] GC(76) Skipped KeepAliveFinalRefsPhase of Reference Processing: no references
[2306.949s][debug][gc,ref         ] GC(76) Skipped PhantomRefsPhase of Reference Processing: no references
[2306.949s][debug][gc,phases      ] GC(76) Reference Processing 0.101ms
[2306.950s][debug][gc,phases      ] GC(76)   VM Weak                        Min: 0.00, Avg: 0.00, Max: 0.01, Diff: 0.01, Sum: 0.01, Workers: 4
[2306.950s][debug][gc,phases      ] GC(76)     Dead                           Min: 0, Avg:  0.0, Max: 0, Diff: 0, Sum: 0, Workers: 4
[2306.950s][debug][gc,phases      ] GC(76)     Total                          Min: 0, Avg: 210.8, Max: 768, Diff: 768, Sum: 843, Workers: 4
[2306.950s][debug][gc,phases      ] GC(76)   ObjectSynchronizer Weak        Min: 0.00, Avg: 0.00, Max: 0.00, Diff: 0.00, Sum: 0.00, Workers: 4
[2306.950s][debug][gc,phases      ] GC(76)     Dead                           Min: 0, Avg:  0.0, Max: 0, Diff: 0, Sum: 0, Workers: 4
[2306.950s][debug][gc,phases      ] GC(76)     Total                          Min: 0, Avg:  1.5, Max: 6, Diff: 6, Sum: 6, Workers: 4
[2306.950s][debug][gc,phases      ] GC(76)   JVMTI Tag Weak OopStorage      Min: 0.00, Avg: 0.00, Max: 0.00, Diff: 0.00, Sum: 0.00, Workers: 4
[2306.950s][debug][gc,phases      ] GC(76)     Dead                           Min: 0, Avg:  0.0, Max: 0, Diff: 0, Sum: 0, Workers: 4
[2306.950s][debug][gc,phases      ] GC(76)     Total                          Min: 0, Avg:  0.0, Max: 0, Diff: 0, Sum: 0, Workers: 4
[2306.950s][debug][gc,phases      ] GC(76)   StringTable Weak               Min: 0.12, Avg: 0.12, Max: 0.12, Diff: 0.00, Sum: 0.49, Workers: 4
[2306.950s][debug][gc,phases      ] GC(76)     Dead                           Min: 0, Avg:  0.0, Max: 0, Diff: 0, Sum: 0, Workers: 4
[2306.950s][debug][gc,phases      ] GC(76)     Total                          Min: 12281, Avg: 12478.2, Max: 12608, Diff: 327, Sum: 49913, Workers: 4
[2306.950s][debug][gc,phases      ] GC(76)   ResolvedMethodTable Weak       Min: 0.04, Avg: 0.04, Max: 0.04, Diff: 0.00, Sum: 0.16, Workers: 4
[2306.950s][debug][gc,phases      ] GC(76)     Dead                           Min: 0, Avg:  7.8, Max: 22, Diff: 22, Sum: 31, Workers: 4
[2306.950s][debug][gc,phases      ] GC(76)     Total                          Min: 3988, Avg: 4094.8, Max: 4227, Diff: 239, Sum: 16379, Workers: 4
[2306.950s][debug][gc,phases      ] GC(76)   JNI Weak                       Min: 0.00, Avg: 0.00, Max: 0.00, Diff: 0.00, Sum: 0.00, Workers: 4
[2306.950s][debug][gc,phases      ] GC(76)     Dead                           Min: 0, Avg:  0.0, Max: 0, Diff: 0, Sum: 0, Workers: 4
[2306.950s][debug][gc,phases      ] GC(76)     Total                          Min: 0, Avg: 13.0, Max: 52, Diff: 52, Sum: 52, Workers: 4
[2306.950s][debug][gc,phases      ] GC(76)   StringDedup Table Weak         Min: 0.00, Avg: 0.00, Max: 0.00, Diff: 0.00, Sum: 0.00, Workers: 4
[2306.950s][debug][gc,phases      ] GC(76)     Dead                           Min: 0, Avg:  0.0, Max: 0, Diff: 0, Sum: 0, Workers: 4
[2306.950s][debug][gc,phases      ] GC(76)     Total                          Min: 0, Avg:  0.0, Max: 0, Diff: 0, Sum: 0, Workers: 4
[2306.950s][debug][gc,phases      ] GC(76)   StringDedup Requests0 Weak     Min: 0.00, Avg: 0.00, Max: 0.00, Diff: 0.00, Sum: 0.00, Workers: 4
[2306.950s][debug][gc,phases      ] GC(76)     Dead                           Min: 0, Avg:  0.0, Max: 0, Diff: 0, Sum: 0, Workers: 4
[2306.950s][debug][gc,phases      ] GC(76)     Total                          Min: 0, Avg:  0.0, Max: 0, Diff: 0, Sum: 0, Workers: 4
[2306.950s][debug][gc,phases      ] GC(76)   StringDedup Requests1 Weak     Min: 0.00, Avg: 0.00, Max: 0.00, Diff: 0.00, Sum: 0.00, Workers: 4
[2306.950s][debug][gc,phases      ] GC(76)     Dead                           Min: 0, Avg:  0.0, Max: 0, Diff: 0, Sum: 0, Workers: 4
[2306.950s][debug][gc,phases      ] GC(76)     Total                          Min: 0, Avg:  0.0, Max: 0, Diff: 0, Sum: 0, Workers: 4
[2306.950s][debug][gc,phases      ] GC(76)   Weak JFR Old Object Samples    Min: 0.00, Avg: 0.00, Max: 0.00, Diff: 0.00, Sum: 0.00, Workers: 4
[2306.950s][debug][gc,phases      ] GC(76)     Dead                           Min: 0, Avg:  0.0, Max: 0, Diff: 0, Sum: 0, Workers: 4
[2306.950s][debug][gc,phases      ] GC(76)     Total                          Min: 0, Avg:  0.0, Max: 0, Diff: 0, Sum: 0, Workers: 4
[2306.950s][debug][gc,phases      ] GC(76) Weak Processing 0.348ms
[2306.950s][debug][gc,age         ] GC(76) Desired survivor size 16777216 bytes, new threshold 1 (max threshold 15)
[2306.950s][info ][gc,heap        ] GC(76) PSYoungGen: 2063184K(2077696K)->4224K(2080768K) Eden: 2059264K(2059264K)->0K(2063360K) From: 3920K(18432K)->4224K(17408K)
[2306.950s][info ][gc,heap        ] GC(76) ParOldGen: 600986K(601088K)->601714K(602112K)
[2306.950s][info ][gc,metaspace   ] GC(76) Metaspace: 109229K(110336K)->109229K(110336K) NonClass: 93449K(94080K)->93449K(94080K) Class: 15780K(16256K)->15780K(16256K)
[2306.950s][info ][gc             ] GC(76) Pause Young (Allocation Failure) 2601M->591M(2620M) 3.921ms
[2306.950s][info ][gc,cpu         ] GC(76) User=0.01s Sys=0.00s Real=0.01s
[2306.950s][info ][safepoint      ] Safepoint "ParallelCollectForAllocation", Time since last: 48793634529 ns, Reaching safepoint: 104900 ns, At safepoint: 3985697 ns, Leaving safepoint: 7500 ns, Total: 4098097 ns, Threads: 1 runnable, 33 total
[2352.956s][info ][gc,start       ] GC(77) Pause Young (Allocation Failure)
[2352.959s][debug][gc,phases      ] GC(77) Scavenge 3.427ms
[2352.959s][debug][gc,ref         ] GC(77) ReferenceProcessor::execute queues: 1, RefProcThreadModel::Single, marks_oops_alive: false
[2352.959s][debug][gc,ref         ] GC(77) Skipped KeepAliveFinalRefsPhase of Reference Processing: no references
[2352.959s][debug][gc,ref         ] GC(77) Skipped PhantomRefsPhase of Reference Processing: no references
[2352.959s][debug][gc,phases      ] GC(77) Reference Processing 0.109ms
[2352.960s][debug][gc,phases      ] GC(77)   VM Weak                        Min: 0.00, Avg: 0.00, Max: 0.01, Diff: 0.01, Sum: 0.01, Workers: 4
[2352.960s][debug][gc,phases      ] GC(77)     Dead                           Min: 0, Avg:  0.0, Max: 0, Diff: 0, Sum: 0, Workers: 4
[2352.960s][debug][gc,phases      ] GC(77)     Total                          Min: 0, Avg: 210.8, Max: 651, Diff: 651, Sum: 843, Workers: 4
[2352.960s][debug][gc,phases      ] GC(77)   ObjectSynchronizer Weak        Min: 0.00, Avg: 0.00, Max: 0.00, Diff: 0.00, Sum: 0.00, Workers: 4
[2352.960s][debug][gc,phases      ] GC(77)     Dead                           Min: 0, Avg:  0.0, Max: 0, Diff: 0, Sum: 0, Workers: 4
[2352.960s][debug][gc,phases      ] GC(77)     Total                          Min: 0, Avg:  1.5, Max: 6, Diff: 6, Sum: 6, Workers: 4
[2352.960s][debug][gc,phases      ] GC(77)   JVMTI Tag Weak OopStorage      Min: 0.00, Avg: 0.00, Max: 0.00, Diff: 0.00, Sum: 0.00, Workers: 4
[2352.960s][debug][gc,phases      ] GC(77)     Dead                           Min: 0, Avg:  0.0, Max: 0, Diff: 0, Sum: 0, Workers: 4
[2352.960s][debug][gc,phases      ] GC(77)     Total                          Min: 0, Avg:  0.0, Max: 0, Diff: 0, Sum: 0, Workers: 4
[2352.960s][debug][gc,phases      ] GC(77)   StringTable Weak               Min: 0.13, Avg: 0.13, Max: 0.13, Diff: 0.00, Sum: 0.53, Workers: 4
[2352.960s][debug][gc,phases      ] GC(77)     Dead                           Min: 0, Avg:  0.0, Max: 0, Diff: 0, Sum: 0, Workers: 4
[2352.960s][debug][gc,phases      ] GC(77)     Total                          Min: 12409, Avg: 12478.2, Max: 12672, Diff: 263, Sum: 49913, Workers: 4
[2352.960s][debug][gc,phases      ] GC(77)   ResolvedMethodTable Weak       Min: 0.04, Avg: 0.04, Max: 0.04, Diff: 0.00, Sum: 0.17, Workers: 4
[2352.960s][debug][gc,phases      ] GC(77)     Dead                           Min: 1, Avg:  7.8, Max: 14, Diff: 13, Sum: 31, Workers: 4
[2352.960s][debug][gc,phases      ] GC(77)     Total                          Min: 4053, Avg: 4094.8, Max: 4142, Diff: 89, Sum: 16379, Workers: 4
[2352.960s][debug][gc,phases      ] GC(77)   JNI Weak                       Min: 0.00, Avg: 0.00, Max: 0.00, Diff: 0.00, Sum: 0.00, Workers: 4
[2352.960s][debug][gc,phases      ] GC(77)     Dead                           Min: 0, Avg:  0.0, Max: 0, Diff: 0, Sum: 0, Workers: 4
[2352.960s][debug][gc,phases      ] GC(77)     Total                          Min: 0, Avg: 13.0, Max: 52, Diff: 52, Sum: 52, Workers: 4
[2352.960s][debug][gc,phases      ] GC(77)   StringDedup Table Weak         Min: 0.00, Avg: 0.00, Max: 0.00, Diff: 0.00, Sum: 0.00, Workers: 4
[2352.960s][debug][gc,phases      ] GC(77)     Dead                           Min: 0, Avg:  0.0, Max: 0, Diff: 0, Sum: 0, Workers: 4
[2352.960s][debug][gc,phases      ] GC(77)     Total                          Min: 0, Avg:  0.0, Max: 0, Diff: 0, Sum: 0, Workers: 4
[2352.960s][debug][gc,phases      ] GC(77)   StringDedup Requests0 Weak     Min: 0.00, Avg: 0.00, Max: 0.00, Diff: 0.00, Sum: 0.00, Workers: 4
[2352.960s][debug][gc,phases      ] GC(77)     Dead                           Min: 0, Avg:  0.0, Max: 0, Diff: 0, Sum: 0, Workers: 4
[2352.960s][debug][gc,phases      ] GC(77)     Total                          Min: 0, Avg:  0.0, Max: 0, Diff: 0, Sum: 0, Workers: 4
[2352.960s][debug][gc,phases      ] GC(77)   StringDedup Requests1 Weak     Min: 0.00, Avg: 0.00, Max: 0.00, Diff: 0.00, Sum: 0.00, Workers: 4
[2352.960s][debug][gc,phases      ] GC(77)     Dead                           Min: 0, Avg:  0.0, Max: 0, Diff: 0, Sum: 0, Workers: 4
[2352.960s][debug][gc,phases      ] GC(77)     Total                          Min: 0, Avg:  0.0, Max: 0, Diff: 0, Sum: 0, Workers: 4
[2352.960s][debug][gc,phases      ] GC(77)   Weak JFR Old Object Samples    Min: 0.00, Avg: 0.00, Max: 0.00, Diff: 0.00, Sum: 0.00, Workers: 4
[2352.960s][debug][gc,phases      ] GC(77)     Dead                           Min: 0, Avg:  0.0, Max: 0, Diff: 0, Sum: 0, Workers: 4
[2352.960s][debug][gc,phases      ] GC(77)     Total                          Min: 0, Avg:  0.0, Max: 0, Diff: 0, Sum: 0, Workers: 4
[2352.960s][debug][gc,phases      ] GC(77) Weak Processing 0.380ms
[2352.960s][debug][gc,age         ] GC(77) Desired survivor size 15728640 bytes, new threshold 1 (max threshold 15)
[2352.960s][info ][gc,heap        ] GC(77) PSYoungGen: 2067584K(2080768K)->3712K(2079744K) Eden: 2063360K(2063360K)->0K(2063360K) From: 4224K(17408K)->3712K(16384K)
[2352.960s][info ][gc,heap        ] GC(77) ParOldGen: 601714K(602112K)->602742K(603136K)
[2352.960s][info ][gc,metaspace   ] GC(77) Metaspace: 109231K(110336K)->109231K(110336K) NonClass: 93450K(94080K)->93450K(94080K) Class: 15780K(16256K)->15780K(16256K)
[2352.960s][info ][gc             ] GC(77) Pause Young (Allocation Failure) 2606M->592M(2620M) 4.027ms
[2352.960s][info ][gc,cpu         ] GC(77) User=0.01s Sys=0.00s Real=0.01s
[2352.960s][info ][safepoint      ] Safepoint "ParallelCollectForAllocation", Time since last: 46005750166 ns, Reaching safepoint: 22000 ns, At safepoint: 4093996 ns, Leaving safepoint: 2300 ns, Total: 4118296 ns, Threads: 0 runnable, 33 total
[2406.798s][info ][gc,start       ] GC(78) Pause Young (Allocation Failure)
[2406.802s][debug][gc,phases      ] GC(78) Scavenge 3.903ms
[2406.802s][debug][gc,ref         ] GC(78) ReferenceProcessor::execute queues: 1, RefProcThreadModel::Single, marks_oops_alive: false
[2406.802s][debug][gc,ref         ] GC(78) Skipped KeepAliveFinalRefsPhase of Reference Processing: no references
[2406.802s][debug][gc,ref         ] GC(78) Skipped PhantomRefsPhase of Reference Processing: no references
[2406.802s][debug][gc,phases      ] GC(78) Reference Processing 0.131ms
[2406.802s][debug][gc,phases      ] GC(78)   VM Weak                        Min: 0.00, Avg: 0.00, Max: 0.01, Diff: 0.01, Sum: 0.01, Workers: 4
[2406.802s][debug][gc,phases      ] GC(78)     Dead                           Min: 0, Avg:  0.0, Max: 0, Diff: 0, Sum: 0, Workers: 4
[2406.802s][debug][gc,phases      ] GC(78)     Total                          Min: 0, Avg: 210.8, Max: 843, Diff: 843, Sum: 843, Workers: 4
[2406.802s][debug][gc,phases      ] GC(78)   ObjectSynchronizer Weak        Min: 0.00, Avg: 0.00, Max: 0.00, Diff: 0.00, Sum: 0.00, Workers: 4
[2406.802s][debug][gc,phases      ] GC(78)     Dead                           Min: 0, Avg:  0.0, Max: 0, Diff: 0, Sum: 0, Workers: 4
[2406.802s][debug][gc,phases      ] GC(78)     Total                          Min: 0, Avg:  1.5, Max: 6, Diff: 6, Sum: 6, Workers: 4
[2406.802s][debug][gc,phases      ] GC(78)   JVMTI Tag Weak OopStorage      Min: 0.00, Avg: 0.00, Max: 0.00, Diff: 0.00, Sum: 0.00, Workers: 4
[2406.802s][debug][gc,phases      ] GC(78)     Dead                           Min: 0, Avg:  0.0, Max: 0, Diff: 0, Sum: 0, Workers: 4
[2406.802s][debug][gc,phases      ] GC(78)     Total                          Min: 0, Avg:  0.0, Max: 0, Diff: 0, Sum: 0, Workers: 4
[2406.802s][debug][gc,phases      ] GC(78)   StringTable Weak               Min: 0.00, Avg: 0.11, Max: 0.15, Diff: 0.15, Sum: 0.44, Workers: 4
[2406.802s][debug][gc,phases      ] GC(78)     Dead                           Min: 0, Avg:  0.0, Max: 0, Diff: 0, Sum: 0, Workers: 4
[2406.802s][debug][gc,phases      ] GC(78)     Total                          Min: 0, Avg: 12478.8, Max: 21568, Diff: 21568, Sum: 49915, Workers: 4
[2406.802s][debug][gc,phases      ] GC(78)   ResolvedMethodTable Weak       Min: 0.00, Avg: 0.04, Max: 0.05, Diff: 0.05, Sum: 0.15, Workers: 4
[2406.802s][debug][gc,phases      ] GC(78)     Dead                           Min: 0, Avg:  5.0, Max: 17, Diff: 17, Sum: 20, Workers: 4
[2406.802s][debug][gc,phases      ] GC(78)     Total                          Min: 0, Avg: 4094.8, Max: 6995, Diff: 6995, Sum: 16379, Workers: 4
[2406.802s][debug][gc,phases      ] GC(78)   JNI Weak                       Min: 0.00, Avg: 0.00, Max: 0.00, Diff: 0.00, Sum: 0.00, Workers: 4
[2406.802s][debug][gc,phases      ] GC(78)     Dead                           Min: 0, Avg:  0.0, Max: 0, Diff: 0, Sum: 0, Workers: 4
[2406.802s][debug][gc,phases      ] GC(78)     Total                          Min: 0, Avg: 13.0, Max: 52, Diff: 52, Sum: 52, Workers: 4
[2406.802s][debug][gc,phases      ] GC(78)   StringDedup Table Weak         Min: 0.00, Avg: 0.00, Max: 0.00, Diff: 0.00, Sum: 0.00, Workers: 4
[2406.802s][debug][gc,phases      ] GC(78)     Dead                           Min: 0, Avg:  0.0, Max: 0, Diff: 0, Sum: 0, Workers: 4
[2406.802s][debug][gc,phases      ] GC(78)     Total                          Min: 0, Avg:  0.0, Max: 0, Diff: 0, Sum: 0, Workers: 4
[2406.802s][debug][gc,phases      ] GC(78)   StringDedup Requests0 Weak     Min: 0.00, Avg: 0.00, Max: 0.00, Diff: 0.00, Sum: 0.00, Workers: 4
[2406.802s][debug][gc,phases      ] GC(78)     Dead                           Min: 0, Avg:  0.0, Max: 0, Diff: 0, Sum: 0, Workers: 4
[2406.802s][debug][gc,phases      ] GC(78)     Total                          Min: 0, Avg:  0.0, Max: 0, Diff: 0, Sum: 0, Workers: 4
[2406.802s][debug][gc,phases      ] GC(78)   StringDedup Requests1 Weak     Min: 0.00, Avg: 0.00, Max: 0.00, Diff: 0.00, Sum: 0.00, Workers: 4
[2406.802s][debug][gc,phases      ] GC(78)     Dead                           Min: 0, Avg:  0.0, Max: 0, Diff: 0, Sum: 0, Workers: 4
[2406.802s][debug][gc,phases      ] GC(78)     Total                          Min: 0, Avg:  0.0, Max: 0, Diff: 0, Sum: 0, Workers: 4
[2406.802s][debug][gc,phases      ] GC(78)   Weak JFR Old Object Samples    Min: 0.00, Avg: 0.00, Max: 0.00, Diff: 0.00, Sum: 0.00, Workers: 4
[2406.803s][debug][gc,phases      ] GC(78)     Dead                           Min: 0, Avg:  0.0, Max: 0, Diff: 0, Sum: 0, Workers: 4
[2406.803s][debug][gc,phases      ] GC(78)     Total                          Min: 0, Avg:  0.0, Max: 0, Diff: 0, Sum: 0, Workers: 4
[2406.803s][debug][gc,phases      ] GC(78) Weak Processing 0.399ms
[2406.803s][debug][gc,age         ] GC(78) Desired survivor size 15204352 bytes, new threshold 1 (max threshold 15)
[2406.803s][info ][gc,heap        ] GC(78) PSYoungGen: 2067072K(2079744K)->4080K(2082304K) Eden: 2063360K(2063360K)->0K(2066944K) From: 3712K(16384K)->4080K(15360K)
[2406.803s][info ][gc,heap        ] GC(78) ParOldGen: 602742K(603136K)->603406K(603648K)
[2406.803s][info ][gc,metaspace   ] GC(78) Metaspace: 109233K(110336K)->109233K(110336K) NonClass: 93453K(94080K)->93453K(94080K) Class: 15780K(16256K)->15780K(16256K)
[2406.803s][info ][gc             ] GC(78) Pause Young (Allocation Failure) 2607M->593M(2623M) 4.549ms
[2406.803s][info ][gc,cpu         ] GC(78) User=0.01s Sys=0.00s Real=0.01s
[2406.803s][info ][safepoint      ] Safepoint "ParallelCollectForAllocation", Time since last: 53838115203 ns, Reaching safepoint: 38100 ns, At safepoint: 4641297 ns, Leaving safepoint: 8200 ns, Total: 4687597 ns, Threads: 0 runnable, 33 total
[2460.399s][info ][gc,start       ] GC(79) Pause Young (Allocation Failure)
[2460.402s][debug][gc,phases      ] GC(79) Scavenge 3.060ms
[2460.402s][debug][gc,ref         ] GC(79) ReferenceProcessor::execute queues: 1, RefProcThreadModel::Single, marks_oops_alive: false
[2460.402s][debug][gc,ref         ] GC(79) Skipped KeepAliveFinalRefsPhase of Reference Processing: no references
[2460.402s][debug][gc,ref         ] GC(79) Skipped PhantomRefsPhase of Reference Processing: no references
[2460.402s][debug][gc,phases      ] GC(79) Reference Processing 0.105ms
[2460.402s][debug][gc,phases      ] GC(79)   VM Weak                        Min: 0.00, Avg: 0.00, Max: 0.01, Diff: 0.01, Sum: 0.01, Workers: 4
[2460.402s][debug][gc,phases      ] GC(79)     Dead                           Min: 0, Avg:  0.0, Max: 0, Diff: 0, Sum: 0, Workers: 4
[2460.402s][debug][gc,phases      ] GC(79)     Total                          Min: 0, Avg: 210.8, Max: 651, Diff: 651, Sum: 843, Workers: 4
[2460.402s][debug][gc,phases      ] GC(79)   ObjectSynchronizer Weak        Min: 0.00, Avg: 0.00, Max: 0.00, Diff: 0.00, Sum: 0.00, Workers: 4
[2460.402s][debug][gc,phases      ] GC(79)     Dead                           Min: 0, Avg:  0.5, Max: 2, Diff: 2, Sum: 2, Workers: 4
[2460.402s][debug][gc,phases      ] GC(79)     Total                          Min: 0, Avg:  2.0, Max: 8, Diff: 8, Sum: 8, Workers: 4
[2460.402s][debug][gc,phases      ] GC(79)   JVMTI Tag Weak OopStorage      Min: 0.00, Avg: 0.00, Max: 0.00, Diff: 0.00, Sum: 0.00, Workers: 4
[2460.402s][debug][gc,phases      ] GC(79)     Dead                           Min: 0, Avg:  0.0, Max: 0, Diff: 0, Sum: 0, Workers: 4
[2460.402s][debug][gc,phases      ] GC(79)     Total                          Min: 0, Avg:  0.0, Max: 0, Diff: 0, Sum: 0, Workers: 4
[2460.402s][debug][gc,phases      ] GC(79)   StringTable Weak               Min: 0.00, Avg: 0.10, Max: 0.14, Diff: 0.14, Sum: 0.42, Workers: 4
[2460.402s][debug][gc,phases      ] GC(79)     Dead                           Min: 0, Avg:  0.0, Max: 0, Diff: 0, Sum: 0, Workers: 4
[2460.402s][debug][gc,phases      ] GC(79)     Total                          Min: 0, Avg: 12480.0, Max: 21248, Diff: 21248, Sum: 49920, Workers: 4
[2460.402s][debug][gc,phases      ] GC(79)   ResolvedMethodTable Weak       Min: 0.00, Avg: 0.04, Max: 0.05, Diff: 0.05, Sum: 0.14, Workers: 4
[2460.402s][debug][gc,phases      ] GC(79)     Dead                           Min: 0, Avg:  7.8, Max: 19, Diff: 19, Sum: 31, Workers: 4
[2460.402s][debug][gc,phases      ] GC(79)     Total                          Min: 0, Avg: 4094.8, Max: 6909, Diff: 6909, Sum: 16379, Workers: 4
[2460.402s][debug][gc,phases      ] GC(79)   JNI Weak                       Min: 0.00, Avg: 0.00, Max: 0.00, Diff: 0.00, Sum: 0.00, Workers: 4
[2460.402s][debug][gc,phases      ] GC(79)     Dead                           Min: 0, Avg:  0.0, Max: 0, Diff: 0, Sum: 0, Workers: 4
[2460.402s][debug][gc,phases      ] GC(79)     Total                          Min: 0, Avg: 13.0, Max: 52, Diff: 52, Sum: 52, Workers: 4
[2460.402s][debug][gc,phases      ] GC(79)   StringDedup Table Weak         Min: 0.00, Avg: 0.00, Max: 0.00, Diff: 0.00, Sum: 0.00, Workers: 4
[2460.402s][debug][gc,phases      ] GC(79)     Dead                           Min: 0, Avg:  0.0, Max: 0, Diff: 0, Sum: 0, Workers: 4
[2460.402s][debug][gc,phases      ] GC(79)     Total                          Min: 0, Avg:  0.0, Max: 0, Diff: 0, Sum: 0, Workers: 4
[2460.402s][debug][gc,phases      ] GC(79)   StringDedup Requests0 Weak     Min: 0.00, Avg: 0.00, Max: 0.00, Diff: 0.00, Sum: 0.00, Workers: 4
[2460.402s][debug][gc,phases      ] GC(79)     Dead                           Min: 0, Avg:  0.0, Max: 0, Diff: 0, Sum: 0, Workers: 4
[2460.402s][debug][gc,phases      ] GC(79)     Total                          Min: 0, Avg:  0.0, Max: 0, Diff: 0, Sum: 0, Workers: 4
[2460.402s][debug][gc,phases      ] GC(79)   StringDedup Requests1 Weak     Min: 0.00, Avg: 0.00, Max: 0.00, Diff: 0.00, Sum: 0.00, Workers: 4
[2460.402s][debug][gc,phases      ] GC(79)     Dead                           Min: 0, Avg:  0.0, Max: 0, Diff: 0, Sum: 0, Workers: 4
[2460.402s][debug][gc,phases      ] GC(79)     Total                          Min: 0, Avg:  0.0, Max: 0, Diff: 0, Sum: 0, Workers: 4
[2460.402s][debug][gc,phases      ] GC(79)   Weak JFR Old Object Samples    Min: 0.00, Avg: 0.00, Max: 0.00, Diff: 0.00, Sum: 0.00, Workers: 4
[2460.402s][debug][gc,phases      ] GC(79)     Dead                           Min: 0, Avg:  0.0, Max: 0, Diff: 0, Sum: 0, Workers: 4
[2460.402s][debug][gc,phases      ] GC(79)     Total                          Min: 0, Avg:  0.0, Max: 0, Diff: 0, Sum: 0, Workers: 4
[2460.402s][debug][gc,phases      ] GC(79) Weak Processing 0.366ms
[2460.402s][debug][gc,age         ] GC(79) Desired survivor size 14155776 bytes, new threshold 1 (max threshold 15)
[2460.402s][info ][gc,heap        ] GC(79) PSYoungGen: 2070782K(2082304K)->4160K(2081792K) Eden: 2066702K(2066944K)->0K(2066944K) From: 4080K(15360K)->4160K(14848K)
[2460.403s][info ][gc,heap        ] GC(79) ParOldGen: 603406K(603648K)->604111K(604160K)
[2460.403s][info ][gc,metaspace   ] GC(79) Metaspace: 109237K(110336K)->109237K(110336K) NonClass: 93456K(94080K)->93456K(94080K) Class: 15780K(16256K)->15780K(16256K)
[2460.403s][info ][gc             ] GC(79) Pause Young (Allocation Failure) 2611M->594M(2623M) 3.668ms
[2460.403s][info ][gc,cpu         ] GC(79) User=0.01s Sys=0.00s Real=0.01s
[2460.403s][info ][safepoint      ] Safepoint "ParallelCollectForAllocation", Time since last: 53596192095 ns, Reaching safepoint: 31800 ns, At safepoint: 3737898 ns, Leaving safepoint: 3200 ns, Total: 3772898 ns, Threads: 0 runnable, 38 total
[2506.699s][info ][gc,start       ] GC(80) Pause Young (Allocation Failure)
[2506.702s][debug][gc,phases      ] GC(80) Scavenge 2.867ms
[2506.702s][debug][gc,ref         ] GC(80) ReferenceProcessor::execute queues: 1, RefProcThreadModel::Single, marks_oops_alive: false
[2506.702s][debug][gc,ref         ] GC(80) Skipped KeepAliveFinalRefsPhase of Reference Processing: no references
[2506.702s][debug][gc,ref         ] GC(80) Skipped PhantomRefsPhase of Reference Processing: no references
[2506.702s][debug][gc,phases      ] GC(80) Reference Processing 0.098ms
[2506.703s][debug][gc,phases      ] GC(80)   VM Weak                        Min: 0.00, Avg: 0.00, Max: 0.01, Diff: 0.01, Sum: 0.01, Workers: 4
[2506.703s][debug][gc,phases      ] GC(80)     Dead                           Min: 0, Avg:  0.0, Max: 0, Diff: 0, Sum: 0, Workers: 4
[2506.703s][debug][gc,phases      ] GC(80)     Total                          Min: 0, Avg: 210.8, Max: 704, Diff: 704, Sum: 843, Workers: 4
[2506.703s][debug][gc,phases      ] GC(80)   ObjectSynchronizer Weak        Min: 0.00, Avg: 0.00, Max: 0.00, Diff: 0.00, Sum: 0.00, Workers: 4
[2506.703s][debug][gc,phases      ] GC(80)     Dead                           Min: 0, Avg:  0.0, Max: 0, Diff: 0, Sum: 0, Workers: 4
[2506.703s][debug][gc,phases      ] GC(80)     Total                          Min: 0, Avg:  1.2, Max: 5, Diff: 5, Sum: 5, Workers: 4
[2506.703s][debug][gc,phases      ] GC(80)   JVMTI Tag Weak OopStorage      Min: 0.00, Avg: 0.00, Max: 0.00, Diff: 0.00, Sum: 0.00, Workers: 4
[2506.703s][debug][gc,phases      ] GC(80)     Dead                           Min: 0, Avg:  0.0, Max: 0, Diff: 0, Sum: 0, Workers: 4
[2506.703s][debug][gc,phases      ] GC(80)     Total                          Min: 0, Avg:  0.0, Max: 0, Diff: 0, Sum: 0, Workers: 4
[2506.703s][debug][gc,phases      ] GC(80)   StringTable Weak               Min: 0.00, Avg: 0.10, Max: 0.14, Diff: 0.14, Sum: 0.41, Workers: 4
[2506.703s][debug][gc,phases      ] GC(80)     Dead                           Min: 0, Avg:  0.0, Max: 0, Diff: 0, Sum: 0, Workers: 4
[2506.703s][debug][gc,phases      ] GC(80)     Total                          Min: 0, Avg: 12481.0, Max: 21316, Diff: 21316, Sum: 49924, Workers: 4
[2506.703s][debug][gc,phases      ] GC(80)   ResolvedMethodTable Weak       Min: 0.00, Avg: 0.04, Max: 0.05, Diff: 0.05, Sum: 0.14, Workers: 4
[2506.703s][debug][gc,phases      ] GC(80)     Dead                           Min: 0, Avg:  5.0, Max: 20, Diff: 20, Sum: 20, Workers: 4
[2506.703s][debug][gc,phases      ] GC(80)     Total                          Min: 0, Avg: 4094.8, Max: 7010, Diff: 7010, Sum: 16379, Workers: 4
[2506.703s][debug][gc,phases      ] GC(80)   JNI Weak                       Min: 0.00, Avg: 0.00, Max: 0.00, Diff: 0.00, Sum: 0.00, Workers: 4
[2506.703s][debug][gc,phases      ] GC(80)     Dead                           Min: 0, Avg:  0.0, Max: 0, Diff: 0, Sum: 0, Workers: 4
[2506.703s][debug][gc,phases      ] GC(80)     Total                          Min: 0, Avg: 13.0, Max: 52, Diff: 52, Sum: 52, Workers: 4
[2506.703s][debug][gc,phases      ] GC(80)   StringDedup Table Weak         Min: 0.00, Avg: 0.00, Max: 0.00, Diff: 0.00, Sum: 0.00, Workers: 4
[2506.703s][debug][gc,phases      ] GC(80)     Dead                           Min: 0, Avg:  0.0, Max: 0, Diff: 0, Sum: 0, Workers: 4
[2506.703s][debug][gc,phases      ] GC(80)     Total                          Min: 0, Avg:  0.0, Max: 0, Diff: 0, Sum: 0, Workers: 4
[2506.703s][debug][gc,phases      ] GC(80)   StringDedup Requests0 Weak     Min: 0.00, Avg: 0.00, Max: 0.00, Diff: 0.00, Sum: 0.00, Workers: 4
[2506.703s][debug][gc,phases      ] GC(80)     Dead                           Min: 0, Avg:  0.0, Max: 0, Diff: 0, Sum: 0, Workers: 4
[2506.703s][debug][gc,phases      ] GC(80)     Total                          Min: 0, Avg:  0.0, Max: 0, Diff: 0, Sum: 0, Workers: 4
[2506.703s][debug][gc,phases      ] GC(80)   StringDedup Requests1 Weak     Min: 0.00, Avg: 0.00, Max: 0.00, Diff: 0.00, Sum: 0.00, Workers: 4
[2506.703s][debug][gc,phases      ] GC(80)     Dead                           Min: 0, Avg:  0.0, Max: 0, Diff: 0, Sum: 0, Workers: 4
[2506.703s][debug][gc,phases      ] GC(80)     Total                          Min: 0, Avg:  0.0, Max: 0, Diff: 0, Sum: 0, Workers: 4
[2506.703s][debug][gc,phases      ] GC(80)   Weak JFR Old Object Samples    Min: 0.00, Avg: 0.00, Max: 0.00, Diff: 0.00, Sum: 0.00, Workers: 4
[2506.703s][debug][gc,phases      ] GC(80)     Dead                           Min: 0, Avg:  0.0, Max: 0, Diff: 0, Sum: 0, Workers: 4
[2506.703s][debug][gc,phases      ] GC(80)     Total                          Min: 0, Avg:  0.0, Max: 0, Diff: 0, Sum: 0, Workers: 4
[2506.703s][debug][gc,phases      ] GC(80) Weak Processing 0.385ms
[2506.703s][debug][gc,age         ] GC(80) Desired survivor size 13631488 bytes, new threshold 1 (max threshold 15)
[2506.703s][info ][gc,heap        ] GC(80) PSYoungGen: 2071104K(2081792K)->3664K(2083840K) Eden: 2066944K(2066944K)->0K(2070016K) From: 4160K(14848K)->3664K(13824K)
[2506.703s][info ][gc,heap        ] GC(80) ParOldGen: 604111K(604160K)->604799K(605184K)
[2506.703s][info ][gc,metaspace   ] GC(80) Metaspace: 109237K(110336K)->109237K(110336K) NonClass: 93456K(94080K)->93456K(94080K) Class: 15780K(16256K)->15780K(16256K)
[2506.703s][info ][gc             ] GC(80) Pause Young (Allocation Failure) 2612M->594M(2626M) 3.457ms
[2506.703s][info ][gc,cpu         ] GC(80) User=0.01s Sys=0.00s Real=0.00s
[2506.703s][info ][safepoint      ] Safepoint "ParallelCollectForAllocation", Time since last: 46296621690 ns, Reaching safepoint: 30300 ns, At safepoint: 3520498 ns, Leaving safepoint: 2500 ns, Total: 3553298 ns, Threads: 0 runnable, 35 total
[2552.149s][info ][gc,start       ] GC(81) Pause Young (Allocation Failure)
[2552.152s][debug][gc,phases      ] GC(81) Scavenge 2.581ms
[2552.152s][debug][gc,ref         ] GC(81) ReferenceProcessor::execute queues: 1, RefProcThreadModel::Single, marks_oops_alive: false
[2552.152s][debug][gc,ref         ] GC(81) Skipped KeepAliveFinalRefsPhase of Reference Processing: no references
[2552.152s][debug][gc,ref         ] GC(81) Skipped PhantomRefsPhase of Reference Processing: no references
[2552.152s][debug][gc,phases      ] GC(81) Reference Processing 0.108ms
[2552.152s][debug][gc,phases      ] GC(81)   VM Weak                        Min: 0.00, Avg: 0.00, Max: 0.01, Diff: 0.01, Sum: 0.01, Workers: 4
[2552.152s][debug][gc,phases      ] GC(81)     Dead                           Min: 0, Avg:  0.0, Max: 0, Diff: 0, Sum: 0, Workers: 4
[2552.152s][debug][gc,phases      ] GC(81)     Total                          Min: 0, Avg: 210.8, Max: 640, Diff: 640, Sum: 843, Workers: 4
[2552.152s][debug][gc,phases      ] GC(81)   ObjectSynchronizer Weak        Min: 0.00, Avg: 0.00, Max: 0.00, Diff: 0.00, Sum: 0.00, Workers: 4
[2552.152s][debug][gc,phases      ] GC(81)     Dead                           Min: 0, Avg:  0.0, Max: 0, Diff: 0, Sum: 0, Workers: 4
[2552.152s][debug][gc,phases      ] GC(81)     Total                          Min: 0, Avg:  1.2, Max: 5, Diff: 5, Sum: 5, Workers: 4
[2552.152s][debug][gc,phases      ] GC(81)   JVMTI Tag Weak OopStorage      Min: 0.00, Avg: 0.00, Max: 0.00, Diff: 0.00, Sum: 0.00, Workers: 4
[2552.152s][debug][gc,phases      ] GC(81)     Dead                           Min: 0, Avg:  0.0, Max: 0, Diff: 0, Sum: 0, Workers: 4
[2552.152s][debug][gc,phases      ] GC(81)     Total                          Min: 0, Avg:  0.0, Max: 0, Diff: 0, Sum: 0, Workers: 4
[2552.152s][debug][gc,phases      ] GC(81)   StringTable Weak               Min: 0.00, Avg: 0.11, Max: 0.15, Diff: 0.15, Sum: 0.44, Workers: 4
[2552.152s][debug][gc,phases      ] GC(81)     Dead                           Min: 0, Avg:  0.0, Max: 0, Diff: 0, Sum: 0, Workers: 4
[2552.152s][debug][gc,phases      ] GC(81)     Total                          Min: 0, Avg: 12481.2, Max: 20997, Diff: 20997, Sum: 49925, Workers: 4
[2552.152s][debug][gc,phases      ] GC(81)   ResolvedMethodTable Weak       Min: 0.00, Avg: 0.04, Max: 0.05, Diff: 0.05, Sum: 0.15, Workers: 4
[2552.152s][debug][gc,phases      ] GC(81)     Dead                           Min: 0, Avg:  5.0, Max: 10, Diff: 10, Sum: 20, Workers: 4
[2552.152s][debug][gc,phases      ] GC(81)     Total                          Min: 0, Avg: 4094.8, Max: 6882, Diff: 6882, Sum: 16379, Workers: 4
[2552.152s][debug][gc,phases      ] GC(81)   JNI Weak                       Min: 0.00, Avg: 0.00, Max: 0.00, Diff: 0.00, Sum: 0.00, Workers: 4
[2552.152s][debug][gc,phases      ] GC(81)     Dead                           Min: 0, Avg:  0.0, Max: 0, Diff: 0, Sum: 0, Workers: 4
[2552.152s][debug][gc,phases      ] GC(81)     Total                          Min: 0, Avg: 13.0, Max: 52, Diff: 52, Sum: 52, Workers: 4
[2552.152s][debug][gc,phases      ] GC(81)   StringDedup Table Weak         Min: 0.00, Avg: 0.00, Max: 0.00, Diff: 0.00, Sum: 0.00, Workers: 4
[2552.152s][debug][gc,phases      ] GC(81)     Dead                           Min: 0, Avg:  0.0, Max: 0, Diff: 0, Sum: 0, Workers: 4
[2552.152s][debug][gc,phases      ] GC(81)     Total                          Min: 0, Avg:  0.0, Max: 0, Diff: 0, Sum: 0, Workers: 4
[2552.152s][debug][gc,phases      ] GC(81)   StringDedup Requests0 Weak     Min: 0.00, Avg: 0.00, Max: 0.00, Diff: 0.00, Sum: 0.00, Workers: 4
[2552.152s][debug][gc,phases      ] GC(81)     Dead                           Min: 0, Avg:  0.0, Max: 0, Diff: 0, Sum: 0, Workers: 4
[2552.152s][debug][gc,phases      ] GC(81)     Total                          Min: 0, Avg:  0.0, Max: 0, Diff: 0, Sum: 0, Workers: 4
[2552.152s][debug][gc,phases      ] GC(81)   StringDedup Requests1 Weak     Min: 0.00, Avg: 0.00, Max: 0.00, Diff: 0.00, Sum: 0.00, Workers: 4
[2552.152s][debug][gc,phases      ] GC(81)     Dead                           Min: 0, Avg:  0.0, Max: 0, Diff: 0, Sum: 0, Workers: 4
[2552.152s][debug][gc,phases      ] GC(81)     Total                          Min: 0, Avg:  0.0, Max: 0, Diff: 0, Sum: 0, Workers: 4
[2552.152s][debug][gc,phases      ] GC(81)   Weak JFR Old Object Samples    Min: 0.00, Avg: 0.00, Max: 0.00, Diff: 0.00, Sum: 0.00, Workers: 4
[2552.152s][debug][gc,phases      ] GC(81)     Dead                           Min: 0, Avg:  0.0, Max: 0, Diff: 0, Sum: 0, Workers: 4
[2552.152s][debug][gc,phases      ] GC(81)     Total                          Min: 0, Avg:  0.0, Max: 0, Diff: 0, Sum: 0, Workers: 4
[2552.152s][debug][gc,phases      ] GC(81) Weak Processing 0.411ms
[2552.152s][debug][gc,age         ] GC(81) Desired survivor size 13107200 bytes, new threshold 1 (max threshold 15)
[2552.152s][info ][gc,heap        ] GC(81) PSYoungGen: 2073680K(2083840K)->3424K(2083328K) Eden: 2070016K(2070016K)->0K(2070016K) From: 3664K(13824K)->3424K(13312K)
[2552.152s][info ][gc,heap        ] GC(81) ParOldGen: 604799K(605184K)->605651K(605696K)
[2552.152s][info ][gc,metaspace   ] GC(81) Metaspace: 109237K(110336K)->109237K(110336K) NonClass: 93456K(94080K)->93456K(94080K) Class: 15780K(16256K)->15780K(16256K)
[2552.152s][info ][gc             ] GC(81) Pause Young (Allocation Failure) 2615M->594M(2626M) 3.235ms
[2552.152s][info ][gc,cpu         ] GC(81) User=0.01s Sys=0.00s Real=0.01s
[2552.152s][info ][safepoint      ] Safepoint "ParallelCollectForAllocation", Time since last: 45446138063 ns, Reaching safepoint: 35900 ns, At safepoint: 3304898 ns, Leaving safepoint: 3700 ns, Total: 3344498 ns, Threads: 0 runnable, 34 total
[2590.849s][info ][gc,start       ] GC(82) Pause Young (Allocation Failure)
[2590.853s][debug][gc,phases      ] GC(82) Scavenge 3.520ms
[2590.853s][debug][gc,ref         ] GC(82) ReferenceProcessor::execute queues: 1, RefProcThreadModel::Single, marks_oops_alive: false
[2590.853s][debug][gc,ref         ] GC(82) Skipped KeepAliveFinalRefsPhase of Reference Processing: no references
[2590.853s][debug][gc,ref         ] GC(82) Skipped PhantomRefsPhase of Reference Processing: no references
[2590.853s][debug][gc,phases      ] GC(82) Reference Processing 0.116ms
[2590.853s][debug][gc,phases      ] GC(82)   VM Weak                        Min: 0.00, Avg: 0.00, Max: 0.01, Diff: 0.01, Sum: 0.01, Workers: 4
[2590.853s][debug][gc,phases      ] GC(82)     Dead                           Min: 0, Avg:  0.0, Max: 0, Diff: 0, Sum: 0, Workers: 4
[2590.853s][debug][gc,phases      ] GC(82)     Total                          Min: 0, Avg: 210.8, Max: 576, Diff: 576, Sum: 843, Workers: 4
[2590.853s][debug][gc,phases      ] GC(82)   ObjectSynchronizer Weak        Min: 0.00, Avg: 0.00, Max: 0.00, Diff: 0.00, Sum: 0.00, Workers: 4
[2590.853s][debug][gc,phases      ] GC(82)     Dead                           Min: 0, Avg:  0.0, Max: 0, Diff: 0, Sum: 0, Workers: 4
[2590.853s][debug][gc,phases      ] GC(82)     Total                          Min: 0, Avg:  1.2, Max: 5, Diff: 5, Sum: 5, Workers: 4
[2590.853s][debug][gc,phases      ] GC(82)   JVMTI Tag Weak OopStorage      Min: 0.00, Avg: 0.00, Max: 0.00, Diff: 0.00, Sum: 0.00, Workers: 4
[2590.853s][debug][gc,phases      ] GC(82)     Dead                           Min: 0, Avg:  0.0, Max: 0, Diff: 0, Sum: 0, Workers: 4
[2590.853s][debug][gc,phases      ] GC(82)     Total                          Min: 0, Avg:  0.0, Max: 0, Diff: 0, Sum: 0, Workers: 4
[2590.853s][debug][gc,phases      ] GC(82)   StringTable Weak               Min: 0.00, Avg: 0.10, Max: 0.14, Diff: 0.14, Sum: 0.41, Workers: 4
[2590.853s][debug][gc,phases      ] GC(82)     Dead                           Min: 0, Avg:  0.0, Max: 0, Diff: 0, Sum: 0, Workers: 4
[2590.853s][debug][gc,phases      ] GC(82)     Total                          Min: 0, Avg: 12482.2, Max: 20608, Diff: 20608, Sum: 49929, Workers: 4
[2590.853s][debug][gc,phases      ] GC(82)   ResolvedMethodTable Weak       Min: 0.00, Avg: 0.04, Max: 0.05, Diff: 0.05, Sum: 0.14, Workers: 4
[2590.853s][debug][gc,phases      ] GC(82)     Dead                           Min: 0, Avg:  5.0, Max: 15, Diff: 15, Sum: 20, Workers: 4
[2590.853s][debug][gc,phases      ] GC(82)     Total                          Min: 0, Avg: 4094.8, Max: 6817, Diff: 6817, Sum: 16379, Workers: 4
[2590.853s][debug][gc,phases      ] GC(82)   JNI Weak                       Min: 0.00, Avg: 0.00, Max: 0.00, Diff: 0.00, Sum: 0.00, Workers: 4
[2590.853s][debug][gc,phases      ] GC(82)     Dead                           Min: 0, Avg:  0.0, Max: 0, Diff: 0, Sum: 0, Workers: 4
[2590.853s][debug][gc,phases      ] GC(82)     Total                          Min: 0, Avg: 13.0, Max: 52, Diff: 52, Sum: 52, Workers: 4
[2590.853s][debug][gc,phases      ] GC(82)   StringDedup Table Weak         Min: 0.00, Avg: 0.00, Max: 0.00, Diff: 0.00, Sum: 0.00, Workers: 4
[2590.853s][debug][gc,phases      ] GC(82)     Dead                           Min: 0, Avg:  0.0, Max: 0, Diff: 0, Sum: 0, Workers: 4
[2590.853s][debug][gc,phases      ] GC(82)     Total                          Min: 0, Avg:  0.0, Max: 0, Diff: 0, Sum: 0, Workers: 4
[2590.853s][debug][gc,phases      ] GC(82)   StringDedup Requests0 Weak     Min: 0.00, Avg: 0.00, Max: 0.00, Diff: 0.00, Sum: 0.00, Workers: 4
[2590.853s][debug][gc,phases      ] GC(82)     Dead                           Min: 0, Avg:  0.0, Max: 0, Diff: 0, Sum: 0, Workers: 4
[2590.853s][debug][gc,phases      ] GC(82)     Total                          Min: 0, Avg:  0.0, Max: 0, Diff: 0, Sum: 0, Workers: 4
[2590.853s][debug][gc,phases      ] GC(82)   StringDedup Requests1 Weak     Min: 0.00, Avg: 0.00, Max: 0.00, Diff: 0.00, Sum: 0.00, Workers: 4
[2590.853s][debug][gc,phases      ] GC(82)     Dead                           Min: 0, Avg:  0.0, Max: 0, Diff: 0, Sum: 0, Workers: 4
[2590.853s][debug][gc,phases      ] GC(82)     Total                          Min: 0, Avg:  0.0, Max: 0, Diff: 0, Sum: 0, Workers: 4
[2590.853s][debug][gc,phases      ] GC(82)   Weak JFR Old Object Samples    Min: 0.00, Avg: 0.00, Max: 0.00, Diff: 0.00, Sum: 0.00, Workers: 4
[2590.853s][debug][gc,phases      ] GC(82)     Dead                           Min: 0, Avg:  0.0, Max: 0, Diff: 0, Sum: 0, Workers: 4
[2590.853s][debug][gc,phases      ] GC(82)     Total                          Min: 0, Avg:  0.0, Max: 0, Diff: 0, Sum: 0, Workers: 4
[2590.853s][debug][gc,phases      ] GC(82) Weak Processing 0.356ms
[2590.853s][debug][gc,age         ] GC(82) Desired survivor size 12058624 bytes, new threshold 1 (max threshold 15)
[2590.853s][info ][gc,heap        ] GC(82) PSYoungGen: 2073440K(2083328K)->4224K(2085376K) Eden: 2070016K(2070016K)->0K(2072576K) From: 3424K(13312K)->4224K(12800K)
[2590.853s][info ][gc,heap        ] GC(82) ParOldGen: 605651K(605696K)->606551K(606720K)
[2590.853s][info ][gc,metaspace   ] GC(82) Metaspace: 109246K(110400K)->109246K(110400K) NonClass: 93465K(94144K)->93465K(94144K) Class: 15780K(16256K)->15780K(16256K)
[2590.853s][info ][gc             ] GC(82) Pause Young (Allocation Failure) 2616M->596M(2629M) 4.116ms
[2590.853s][info ][gc,cpu         ] GC(82) User=0.01s Sys=0.01s Real=0.00s
[2590.854s][info ][safepoint      ] Safepoint "ParallelCollectForAllocation", Time since last: 38697080752 ns, Reaching safepoint: 33100 ns, At safepoint: 4185097 ns, Leaving safepoint: 7900 ns, Total: 4226097 ns, Threads: 0 runnable, 34 total
[2638.648s][info ][gc,start       ] GC(83) Pause Young (Allocation Failure)
[2638.652s][debug][gc,phases      ] GC(83) Scavenge 3.578ms
[2638.652s][debug][gc,ref         ] GC(83) ReferenceProcessor::execute queues: 1, RefProcThreadModel::Single, marks_oops_alive: false
[2638.652s][debug][gc,ref         ] GC(83) Skipped KeepAliveFinalRefsPhase of Reference Processing: no references
[2638.652s][debug][gc,ref         ] GC(83) Skipped PhantomRefsPhase of Reference Processing: no references
[2638.652s][debug][gc,phases      ] GC(83) Reference Processing 0.101ms
[2638.652s][debug][gc,phases      ] GC(83)   VM Weak                        Min: 0.00, Avg: 0.00, Max: 0.01, Diff: 0.01, Sum: 0.01, Workers: 4
[2638.652s][debug][gc,phases      ] GC(83)     Dead                           Min: 0, Avg:  0.0, Max: 0, Diff: 0, Sum: 0, Workers: 4
[2638.652s][debug][gc,phases      ] GC(83)     Total                          Min: 0, Avg: 210.8, Max: 779, Diff: 779, Sum: 843, Workers: 4
[2638.652s][debug][gc,phases      ] GC(83)   ObjectSynchronizer Weak        Min: 0.00, Avg: 0.00, Max: 0.00, Diff: 0.00, Sum: 0.00, Workers: 4
[2638.652s][debug][gc,phases      ] GC(83)     Dead                           Min: 0, Avg:  0.0, Max: 0, Diff: 0, Sum: 0, Workers: 4
[2638.652s][debug][gc,phases      ] GC(83)     Total                          Min: 0, Avg:  1.5, Max: 6, Diff: 6, Sum: 6, Workers: 4
[2638.652s][debug][gc,phases      ] GC(83)   JVMTI Tag Weak OopStorage      Min: 0.00, Avg: 0.00, Max: 0.00, Diff: 0.00, Sum: 0.00, Workers: 4
[2638.652s][debug][gc,phases      ] GC(83)     Dead                           Min: 0, Avg:  0.0, Max: 0, Diff: 0, Sum: 0, Workers: 4
[2638.652s][debug][gc,phases      ] GC(83)     Total                          Min: 0, Avg:  0.0, Max: 0, Diff: 0, Sum: 0, Workers: 4
[2638.652s][debug][gc,phases      ] GC(83)   StringTable Weak               Min: 0.00, Avg: 0.11, Max: 0.15, Diff: 0.15, Sum: 0.46, Workers: 4
[2638.652s][debug][gc,phases      ] GC(83)     Dead                           Min: 0, Avg:  0.0, Max: 0, Diff: 0, Sum: 0, Workers: 4
[2638.652s][debug][gc,phases      ] GC(83)     Total                          Min: 0, Avg: 12482.2, Max: 20096, Diff: 20096, Sum: 49929, Workers: 4
[2638.652s][debug][gc,phases      ] GC(83)   ResolvedMethodTable Weak       Min: 0.00, Avg: 0.04, Max: 0.05, Diff: 0.05, Sum: 0.14, Workers: 4
[2638.652s][debug][gc,phases      ] GC(83)     Dead                           Min: 0, Avg:  5.0, Max: 20, Diff: 20, Sum: 20, Workers: 4
[2638.652s][debug][gc,phases      ] GC(83)     Total                          Min: 0, Avg: 4094.8, Max: 6764, Diff: 6764, Sum: 16379, Workers: 4
[2638.652s][debug][gc,phases      ] GC(83)   JNI Weak                       Min: 0.00, Avg: 0.00, Max: 0.00, Diff: 0.00, Sum: 0.00, Workers: 4
[2638.652s][debug][gc,phases      ] GC(83)     Dead                           Min: 0, Avg:  0.0, Max: 0, Diff: 0, Sum: 0, Workers: 4
[2638.652s][debug][gc,phases      ] GC(83)     Total                          Min: 0, Avg: 13.0, Max: 52, Diff: 52, Sum: 52, Workers: 4
[2638.652s][debug][gc,phases      ] GC(83)   StringDedup Table Weak         Min: 0.00, Avg: 0.00, Max: 0.00, Diff: 0.00, Sum: 0.00, Workers: 4
[2638.652s][debug][gc,phases      ] GC(83)     Dead                           Min: 0, Avg:  0.0, Max: 0, Diff: 0, Sum: 0, Workers: 4
[2638.652s][debug][gc,phases      ] GC(83)     Total                          Min: 0, Avg:  0.0, Max: 0, Diff: 0, Sum: 0, Workers: 4
[2638.652s][debug][gc,phases      ] GC(83)   StringDedup Requests0 Weak     Min: 0.00, Avg: 0.00, Max: 0.00, Diff: 0.00, Sum: 0.00, Workers: 4
[2638.652s][debug][gc,phases      ] GC(83)     Dead                           Min: 0, Avg:  0.0, Max: 0, Diff: 0, Sum: 0, Workers: 4
[2638.652s][debug][gc,phases      ] GC(83)     Total                          Min: 0, Avg:  0.0, Max: 0, Diff: 0, Sum: 0, Workers: 4
[2638.652s][debug][gc,phases      ] GC(83)   StringDedup Requests1 Weak     Min: 0.00, Avg: 0.00, Max: 0.00, Diff: 0.00, Sum: 0.00, Workers: 4
[2638.652s][debug][gc,phases      ] GC(83)     Dead                           Min: 0, Avg:  0.0, Max: 0, Diff: 0, Sum: 0, Workers: 4
[2638.652s][debug][gc,phases      ] GC(83)     Total                          Min: 0, Avg:  0.0, Max: 0, Diff: 0, Sum: 0, Workers: 4
[2638.652s][debug][gc,phases      ] GC(83)   Weak JFR Old Object Samples    Min: 0.00, Avg: 0.00, Max: 0.00, Diff: 0.00, Sum: 0.00, Workers: 4
[2638.652s][debug][gc,phases      ] GC(83)     Dead                           Min: 0, Avg:  0.0, Max: 0, Diff: 0, Sum: 0, Workers: 4
[2638.652s][debug][gc,phases      ] GC(83)     Total                          Min: 0, Avg:  0.0, Max: 0, Diff: 0, Sum: 0, Workers: 4
[2638.652s][debug][gc,phases      ] GC(83) Weak Processing 0.394ms
[2638.652s][debug][gc,age         ] GC(83) Desired survivor size 11534336 bytes, new threshold 1 (max threshold 15)
[2638.652s][info ][gc,heap        ] GC(83) PSYoungGen: 2076800K(2085376K)->4112K(2084352K) Eden: 2072576K(2072576K)->0K(2072576K) From: 4224K(12800K)->4112K(11776K)
[2638.652s][info ][gc,heap        ] GC(83) ParOldGen: 606551K(606720K)->607283K(607744K)
[2638.652s][info ][gc,metaspace   ] GC(83) Metaspace: 109248K(110400K)->109248K(110400K) NonClass: 93467K(94144K)->93467K(94144K) Class: 15780K(16256K)->15780K(16256K)
[2638.652s][info ][gc             ] GC(83) Pause Young (Allocation Failure) 2620M->597M(2629M) 4.179ms
[2638.652s][info ][gc,cpu         ] GC(83) User=0.02s Sys=0.00s Real=0.01s
[2638.652s][info ][safepoint      ] Safepoint "ParallelCollectForAllocation", Time since last: 47794563317 ns, Reaching safepoint: 29900 ns, At safepoint: 4241398 ns, Leaving safepoint: 3700 ns, Total: 4274998 ns, Threads: 0 runnable, 35 total
[2684.544s][info ][gc,start       ] GC(84) Pause Young (Allocation Failure)
[2684.548s][debug][gc,phases      ] GC(84) Scavenge 3.548ms
[2684.548s][debug][gc,ref         ] GC(84) ReferenceProcessor::execute queues: 1, RefProcThreadModel::Single, marks_oops_alive: false
[2684.548s][debug][gc,ref         ] GC(84) Skipped KeepAliveFinalRefsPhase of Reference Processing: no references
[2684.548s][debug][gc,ref         ] GC(84) Skipped PhantomRefsPhase of Reference Processing: no references
[2684.548s][debug][gc,phases      ] GC(84) Reference Processing 0.098ms
[2684.548s][debug][gc,phases      ] GC(84)   VM Weak                        Min: 0.00, Avg: 0.00, Max: 0.01, Diff: 0.01, Sum: 0.01, Workers: 4
[2684.548s][debug][gc,phases      ] GC(84)     Dead                           Min: 0, Avg:  0.0, Max: 0, Diff: 0, Sum: 0, Workers: 4
[2684.548s][debug][gc,phases      ] GC(84)     Total                          Min: 11, Avg: 210.8, Max: 704, Diff: 693, Sum: 843, Workers: 4
[2684.548s][debug][gc,phases      ] GC(84)   ObjectSynchronizer Weak        Min: 0.00, Avg: 0.00, Max: 0.00, Diff: 0.00, Sum: 0.00, Workers: 4
[2684.548s][debug][gc,phases      ] GC(84)     Dead                           Min: 0, Avg:  0.0, Max: 0, Diff: 0, Sum: 0, Workers: 4
[2684.548s][debug][gc,phases      ] GC(84)     Total                          Min: 0, Avg:  1.5, Max: 6, Diff: 6, Sum: 6, Workers: 4
[2684.548s][debug][gc,phases      ] GC(84)   JVMTI Tag Weak OopStorage      Min: 0.00, Avg: 0.00, Max: 0.00, Diff: 0.00, Sum: 0.00, Workers: 4
[2684.548s][debug][gc,phases      ] GC(84)     Dead                           Min: 0, Avg:  0.0, Max: 0, Diff: 0, Sum: 0, Workers: 4
[2684.548s][debug][gc,phases      ] GC(84)     Total                          Min: 0, Avg:  0.0, Max: 0, Diff: 0, Sum: 0, Workers: 4
[2684.548s][debug][gc,phases      ] GC(84)   StringTable Weak               Min: 0.12, Avg: 0.12, Max: 0.12, Diff: 0.00, Sum: 0.49, Workers: 4
[2684.548s][debug][gc,phases      ] GC(84)     Dead                           Min: 0, Avg:  0.0, Max: 0, Diff: 0, Sum: 0, Workers: 4
[2684.548s][debug][gc,phases      ] GC(84)     Total                          Min: 12288, Avg: 12484.0, Max: 12736, Diff: 448, Sum: 49936, Workers: 4
[2684.548s][debug][gc,phases      ] GC(84)   ResolvedMethodTable Weak       Min: 0.04, Avg: 0.04, Max: 0.04, Diff: 0.00, Sum: 0.17, Workers: 4
[2684.548s][debug][gc,phases      ] GC(84)     Dead                           Min: 0, Avg:  5.0, Max: 20, Diff: 20, Sum: 20, Workers: 4
[2684.548s][debug][gc,phases      ] GC(84)     Total                          Min: 3991, Avg: 4094.8, Max: 4251, Diff: 260, Sum: 16379, Workers: 4
[2684.548s][debug][gc,phases      ] GC(84)   JNI Weak                       Min: 0.00, Avg: 0.00, Max: 0.00, Diff: 0.00, Sum: 0.00, Workers: 4
[2684.548s][debug][gc,phases      ] GC(84)     Dead                           Min: 0, Avg:  0.0, Max: 0, Diff: 0, Sum: 0, Workers: 4
[2684.548s][debug][gc,phases      ] GC(84)     Total                          Min: 0, Avg: 13.0, Max: 52, Diff: 52, Sum: 52, Workers: 4
[2684.548s][debug][gc,phases      ] GC(84)   StringDedup Table Weak         Min: 0.00, Avg: 0.00, Max: 0.00, Diff: 0.00, Sum: 0.00, Workers: 4
[2684.548s][debug][gc,phases      ] GC(84)     Dead                           Min: 0, Avg:  0.0, Max: 0, Diff: 0, Sum: 0, Workers: 4
[2684.548s][debug][gc,phases      ] GC(84)     Total                          Min: 0, Avg:  0.0, Max: 0, Diff: 0, Sum: 0, Workers: 4
[2684.548s][debug][gc,phases      ] GC(84)   StringDedup Requests0 Weak     Min: 0.00, Avg: 0.00, Max: 0.00, Diff: 0.00, Sum: 0.00, Workers: 4
[2684.548s][debug][gc,phases      ] GC(84)     Dead                           Min: 0, Avg:  0.0, Max: 0, Diff: 0, Sum: 0, Workers: 4
[2684.548s][debug][gc,phases      ] GC(84)     Total                          Min: 0, Avg:  0.0, Max: 0, Diff: 0, Sum: 0, Workers: 4
[2684.548s][debug][gc,phases      ] GC(84)   StringDedup Requests1 Weak     Min: 0.00, Avg: 0.00, Max: 0.00, Diff: 0.00, Sum: 0.00, Workers: 4
[2684.548s][debug][gc,phases      ] GC(84)     Dead                           Min: 0, Avg:  0.0, Max: 0, Diff: 0, Sum: 0, Workers: 4
[2684.548s][debug][gc,phases      ] GC(84)     Total                          Min: 0, Avg:  0.0, Max: 0, Diff: 0, Sum: 0, Workers: 4
[2684.548s][debug][gc,phases      ] GC(84)   Weak JFR Old Object Samples    Min: 0.00, Avg: 0.00, Max: 0.00, Diff: 0.00, Sum: 0.00, Workers: 4
[2684.548s][debug][gc,phases      ] GC(84)     Dead                           Min: 0, Avg:  0.0, Max: 0, Diff: 0, Sum: 0, Workers: 4
[2684.548s][debug][gc,phases      ] GC(84)     Total                          Min: 0, Avg:  0.0, Max: 0, Diff: 0, Sum: 0, Workers: 4
[2684.548s][debug][gc,phases      ] GC(84) Weak Processing 0.372ms
[2684.548s][debug][gc,age         ] GC(84) Desired survivor size 11010048 bytes, new threshold 1 (max threshold 15)
[2684.548s][info ][gc,heap        ] GC(84) PSYoungGen: 2076688K(2084352K)->3904K(2086400K) Eden: 2072576K(2072576K)->0K(2075136K) From: 4112K(11776K)->3904K(11264K)
[2684.548s][info ][gc,heap        ] GC(84) ParOldGen: 607283K(607744K)->607964K(608256K)
[2684.548s][info ][gc,metaspace   ] GC(84) Metaspace: 109253K(110400K)->109253K(110400K) NonClass: 93473K(94144K)->93473K(94144K) Class: 15780K(16256K)->15780K(16256K)
[2684.548s][info ][gc             ] GC(84) Pause Young (Allocation Failure) 2621M->597M(2631M) 4.130ms
[2684.548s][info ][gc,cpu         ] GC(84) User=0.01s Sys=0.01s Real=0.00s
[2684.548s][info ][safepoint      ] Safepoint "ParallelCollectForAllocation", Time since last: 45891507634 ns, Reaching safepoint: 81400 ns, At safepoint: 4211399 ns, Leaving safepoint: 8900 ns, Total: 4301699 ns, Threads: 2 runnable, 34 total
[2726.797s][info ][gc,start       ] GC(85) Pause Young (Allocation Failure)
[2726.800s][debug][gc,phases      ] GC(85) Scavenge 3.371ms
[2726.800s][debug][gc,ref         ] GC(85) ReferenceProcessor::execute queues: 1, RefProcThreadModel::Single, marks_oops_alive: false
[2726.800s][debug][gc,ref         ] GC(85) Skipped KeepAliveFinalRefsPhase of Reference Processing: no references
[2726.801s][debug][gc,ref         ] GC(85) Skipped PhantomRefsPhase of Reference Processing: no references
[2726.801s][debug][gc,phases      ] GC(85) Reference Processing 0.101ms
[2726.801s][debug][gc,phases      ] GC(85)   VM Weak                        Min: 0.00, Avg: 0.00, Max: 0.01, Diff: 0.01, Sum: 0.01, Workers: 4
[2726.801s][debug][gc,phases      ] GC(85)     Dead                           Min: 0, Avg:  0.0, Max: 0, Diff: 0, Sum: 0, Workers: 4
[2726.801s][debug][gc,phases      ] GC(85)     Total                          Min: 0, Avg: 210.8, Max: 779, Diff: 779, Sum: 843, Workers: 4
[2726.801s][debug][gc,phases      ] GC(85)   ObjectSynchronizer Weak        Min: 0.00, Avg: 0.00, Max: 0.00, Diff: 0.00, Sum: 0.00, Workers: 4
[2726.801s][debug][gc,phases      ] GC(85)     Dead                           Min: 0, Avg:  0.0, Max: 0, Diff: 0, Sum: 0, Workers: 4
[2726.801s][debug][gc,phases      ] GC(85)     Total                          Min: 0, Avg:  1.2, Max: 5, Diff: 5, Sum: 5, Workers: 4
[2726.801s][debug][gc,phases      ] GC(85)   JVMTI Tag Weak OopStorage      Min: 0.00, Avg: 0.00, Max: 0.00, Diff: 0.00, Sum: 0.00, Workers: 4
[2726.801s][debug][gc,phases      ] GC(85)     Dead                           Min: 0, Avg:  0.0, Max: 0, Diff: 0, Sum: 0, Workers: 4
[2726.801s][debug][gc,phases      ] GC(85)     Total                          Min: 0, Avg:  0.0, Max: 0, Diff: 0, Sum: 0, Workers: 4
[2726.801s][debug][gc,phases      ] GC(85)   StringTable Weak               Min: 0.00, Avg: 0.11, Max: 0.14, Diff: 0.14, Sum: 0.43, Workers: 4
[2726.801s][debug][gc,phases      ] GC(85)     Dead                           Min: 0, Avg:  0.0, Max: 0, Diff: 0, Sum: 0, Workers: 4
[2726.801s][debug][gc,phases      ] GC(85)     Total                          Min: 0, Avg: 12487.5, Max: 21184, Diff: 21184, Sum: 49950, Workers: 4
[2726.801s][debug][gc,phases      ] GC(85)   ResolvedMethodTable Weak       Min: 0.00, Avg: 0.04, Max: 0.05, Diff: 0.05, Sum: 0.15, Workers: 4
[2726.801s][debug][gc,phases      ] GC(85)     Dead                           Min: 0, Avg:  5.0, Max: 20, Diff: 20, Sum: 20, Workers: 4
[2726.801s][debug][gc,phases      ] GC(85)     Total                          Min: 0, Avg: 4094.8, Max: 6773, Diff: 6773, Sum: 16379, Workers: 4
[2726.801s][debug][gc,phases      ] GC(85)   JNI Weak                       Min: 0.00, Avg: 0.00, Max: 0.00, Diff: 0.00, Sum: 0.00, Workers: 4
[2726.801s][debug][gc,phases      ] GC(85)     Dead                           Min: 0, Avg:  0.0, Max: 0, Diff: 0, Sum: 0, Workers: 4
[2726.801s][debug][gc,phases      ] GC(85)     Total                          Min: 0, Avg: 13.0, Max: 52, Diff: 52, Sum: 52, Workers: 4
[2726.801s][debug][gc,phases      ] GC(85)   StringDedup Table Weak         Min: 0.00, Avg: 0.00, Max: 0.00, Diff: 0.00, Sum: 0.00, Workers: 4
[2726.801s][debug][gc,phases      ] GC(85)     Dead                           Min: 0, Avg:  0.0, Max: 0, Diff: 0, Sum: 0, Workers: 4
[2726.801s][debug][gc,phases      ] GC(85)     Total                          Min: 0, Avg:  0.0, Max: 0, Diff: 0, Sum: 0, Workers: 4
[2726.801s][debug][gc,phases      ] GC(85)   StringDedup Requests0 Weak     Min: 0.00, Avg: 0.00, Max: 0.00, Diff: 0.00, Sum: 0.00, Workers: 4
[2726.801s][debug][gc,phases      ] GC(85)     Dead                           Min: 0, Avg:  0.0, Max: 0, Diff: 0, Sum: 0, Workers: 4
[2726.801s][debug][gc,phases      ] GC(85)     Total                          Min: 0, Avg:  0.0, Max: 0, Diff: 0, Sum: 0, Workers: 4
[2726.801s][debug][gc,phases      ] GC(85)   StringDedup Requests1 Weak     Min: 0.00, Avg: 0.00, Max: 0.00, Diff: 0.00, Sum: 0.00, Workers: 4
[2726.801s][debug][gc,phases      ] GC(85)     Dead                           Min: 0, Avg:  0.0, Max: 0, Diff: 0, Sum: 0, Workers: 4
[2726.801s][debug][gc,phases      ] GC(85)     Total                          Min: 0, Avg:  0.0, Max: 0, Diff: 0, Sum: 0, Workers: 4
[2726.801s][debug][gc,phases      ] GC(85)   Weak JFR Old Object Samples    Min: 0.00, Avg: 0.00, Max: 0.00, Diff: 0.00, Sum: 0.00, Workers: 4
[2726.801s][debug][gc,phases      ] GC(85)     Dead                           Min: 0, Avg:  0.0, Max: 0, Diff: 0, Sum: 0, Workers: 4
[2726.801s][debug][gc,phases      ] GC(85)     Total                          Min: 0, Avg:  0.0, Max: 0, Diff: 0, Sum: 0, Workers: 4
[2726.801s][debug][gc,phases      ] GC(85) Weak Processing 0.423ms
[2726.801s][debug][gc,age         ] GC(85) Desired survivor size 10485760 bytes, new threshold 1 (max threshold 15)
[2726.801s][info ][gc,heap        ] GC(85) PSYoungGen: 2079040K(2086400K)->3760K(2085888K) Eden: 2075136K(2075136K)->0K(2075136K) From: 3904K(11264K)->3760K(10752K)
[2726.801s][info ][gc,heap        ] GC(85) ParOldGen: 607964K(608256K)->608960K(609280K)
[2726.801s][info ][gc,metaspace   ] GC(85) Metaspace: 109258K(110400K)->109258K(110400K) NonClass: 93477K(94144K)->93477K(94144K) Class: 15780K(16256K)->15780K(16256K)
[2726.801s][info ][gc             ] GC(85) Pause Young (Allocation Failure) 2624M->598M(2632M) 4.058ms
[2726.801s][info ][gc,cpu         ] GC(85) User=0.01s Sys=0.01s Real=0.01s
[2726.801s][info ][safepoint      ] Safepoint "ParallelCollectForAllocation", Time since last: 42248736463 ns, Reaching safepoint: 6200 ns, At safepoint: 4132400 ns, Leaving safepoint: 6500 ns, Total: 4145100 ns, Threads: 0 runnable, 38 total
[2767.899s][info ][gc,start       ] GC(86) Pause Young (Allocation Failure)
[2767.903s][debug][gc,phases      ] GC(86) Scavenge 3.240ms
[2767.903s][debug][gc,ref         ] GC(86) ReferenceProcessor::execute queues: 1, RefProcThreadModel::Single, marks_oops_alive: false
[2767.903s][debug][gc,ref         ] GC(86) Skipped KeepAliveFinalRefsPhase of Reference Processing: no references
[2767.903s][debug][gc,ref         ] GC(86) Skipped PhantomRefsPhase of Reference Processing: no references
[2767.903s][debug][gc,phases      ] GC(86) Reference Processing 0.098ms
[2767.903s][debug][gc,phases      ] GC(86)   VM Weak                        Min: 0.00, Avg: 0.00, Max: 0.01, Diff: 0.01, Sum: 0.01, Workers: 4
[2767.903s][debug][gc,phases      ] GC(86)     Dead                           Min: 0, Avg:  0.0, Max: 0, Diff: 0, Sum: 0, Workers: 4
[2767.903s][debug][gc,phases      ] GC(86)     Total                          Min: 0, Avg: 210.8, Max: 576, Diff: 576, Sum: 843, Workers: 4
[2767.903s][debug][gc,phases      ] GC(86)   ObjectSynchronizer Weak        Min: 0.00, Avg: 0.00, Max: 0.00, Diff: 0.00, Sum: 0.00, Workers: 4
[2767.903s][debug][gc,phases      ] GC(86)     Dead                           Min: 0, Avg:  0.0, Max: 0, Diff: 0, Sum: 0, Workers: 4
[2767.903s][debug][gc,phases      ] GC(86)     Total                          Min: 0, Avg:  1.2, Max: 5, Diff: 5, Sum: 5, Workers: 4
[2767.903s][debug][gc,phases      ] GC(86)   JVMTI Tag Weak OopStorage      Min: 0.00, Avg: 0.00, Max: 0.00, Diff: 0.00, Sum: 0.00, Workers: 4
[2767.903s][debug][gc,phases      ] GC(86)     Dead                           Min: 0, Avg:  0.0, Max: 0, Diff: 0, Sum: 0, Workers: 4
[2767.903s][debug][gc,phases      ] GC(86)     Total                          Min: 0, Avg:  0.0, Max: 0, Diff: 0, Sum: 0, Workers: 4
[2767.903s][debug][gc,phases      ] GC(86)   StringTable Weak               Min: 0.13, Avg: 0.14, Max: 0.14, Diff: 0.00, Sum: 0.55, Workers: 4
[2767.903s][debug][gc,phases      ] GC(86)     Dead                           Min: 0, Avg:  0.0, Max: 0, Diff: 0, Sum: 0, Workers: 4
[2767.903s][debug][gc,phases      ] GC(86)     Total                          Min: 12032, Avg: 12487.5, Max: 12672, Diff: 640, Sum: 49950, Workers: 4
[2767.903s][debug][gc,phases      ] GC(86)   ResolvedMethodTable Weak       Min: 0.04, Avg: 0.04, Max: 0.04, Diff: 0.00, Sum: 0.17, Workers: 4
[2767.903s][debug][gc,phases      ] GC(86)     Dead                           Min: 0, Avg:  5.0, Max: 20, Diff: 20, Sum: 20, Workers: 4
[2767.903s][debug][gc,phases      ] GC(86)     Total                          Min: 4052, Avg: 4094.8, Max: 4127, Diff: 75, Sum: 16379, Workers: 4
[2767.903s][debug][gc,phases      ] GC(86)   JNI Weak                       Min: 0.00, Avg: 0.00, Max: 0.00, Diff: 0.00, Sum: 0.00, Workers: 4
[2767.903s][debug][gc,phases      ] GC(86)     Dead                           Min: 0, Avg:  0.0, Max: 0, Diff: 0, Sum: 0, Workers: 4
[2767.903s][debug][gc,phases      ] GC(86)     Total                          Min: 0, Avg: 13.0, Max: 52, Diff: 52, Sum: 52, Workers: 4
[2767.903s][debug][gc,phases      ] GC(86)   StringDedup Table Weak         Min: 0.00, Avg: 0.00, Max: 0.00, Diff: 0.00, Sum: 0.00, Workers: 4
[2767.903s][debug][gc,phases      ] GC(86)     Dead                           Min: 0, Avg:  0.0, Max: 0, Diff: 0, Sum: 0, Workers: 4
[2767.903s][debug][gc,phases      ] GC(86)     Total                          Min: 0, Avg:  0.0, Max: 0, Diff: 0, Sum: 0, Workers: 4
[2767.903s][debug][gc,phases      ] GC(86)   StringDedup Requests0 Weak     Min: 0.00, Avg: 0.00, Max: 0.00, Diff: 0.00, Sum: 0.00, Workers: 4
[2767.903s][debug][gc,phases      ] GC(86)     Dead                           Min: 0, Avg:  0.0, Max: 0, Diff: 0, Sum: 0, Workers: 4
[2767.903s][debug][gc,phases      ] GC(86)     Total                          Min: 0, Avg:  0.0, Max: 0, Diff: 0, Sum: 0, Workers: 4
[2767.903s][debug][gc,phases      ] GC(86)   StringDedup Requests1 Weak     Min: 0.00, Avg: 0.00, Max: 0.00, Diff: 0.00, Sum: 0.00, Workers: 4
[2767.903s][debug][gc,phases      ] GC(86)     Dead                           Min: 0, Avg:  0.0, Max: 0, Diff: 0, Sum: 0, Workers: 4
[2767.903s][debug][gc,phases      ] GC(86)     Total                          Min: 0, Avg:  0.0, Max: 0, Diff: 0, Sum: 0, Workers: 4
[2767.903s][debug][gc,phases      ] GC(86)   Weak JFR Old Object Samples    Min: 0.00, Avg: 0.00, Max: 0.00, Diff: 0.00, Sum: 0.00, Workers: 4
[2767.903s][debug][gc,phases      ] GC(86)     Dead                           Min: 0, Avg:  0.0, Max: 0, Diff: 0, Sum: 0, Workers: 4
[2767.903s][debug][gc,phases      ] GC(86)     Total                          Min: 0, Avg:  0.0, Max: 0, Diff: 0, Sum: 0, Workers: 4
[2767.903s][debug][gc,phases      ] GC(86) Weak Processing 0.365ms
[2767.903s][debug][gc,age         ] GC(86) Desired survivor size 9961472 bytes, new threshold 1 (max threshold 15)
[2767.903s][info ][gc,heap        ] GC(86) PSYoungGen: 2078849K(2085888K)->3616K(2087424K) Eden: 2075088K(2075136K)->0K(2077184K) From: 3760K(10752K)->3616K(10240K)
[2767.903s][info ][gc,heap        ] GC(86) ParOldGen: 608960K(609280K)->609904K(610304K)
[2767.903s][info ][gc,metaspace   ] GC(86) Metaspace: 109262K(110400K)->109262K(110400K) NonClass: 93482K(94144K)->93482K(94144K) Class: 15780K(16256K)->15780K(16256K)
[2767.903s][info ][gc             ] GC(86) Pause Young (Allocation Failure) 2624M->599M(2634M) 3.812ms
[2767.903s][info ][gc,cpu         ] GC(86) User=0.01s Sys=0.00s Real=0.00s
[2767.903s][info ][safepoint      ] Safepoint "ParallelCollectForAllocation", Time since last: 41098293866 ns, Reaching safepoint: 31800 ns, At safepoint: 3883199 ns, Leaving safepoint: 2500 ns, Total: 3917499 ns, Threads: 0 runnable, 38 total
[2815.545s][info ][gc,start       ] GC(87) Pause Young (Allocation Failure)
[2815.549s][debug][gc,phases      ] GC(87) Scavenge 3.706ms
[2815.549s][debug][gc,ref         ] GC(87) ReferenceProcessor::execute queues: 1, RefProcThreadModel::Single, marks_oops_alive: false
[2815.549s][debug][gc,ref         ] GC(87) Skipped KeepAliveFinalRefsPhase of Reference Processing: no references
[2815.549s][debug][gc,ref         ] GC(87) Skipped PhantomRefsPhase of Reference Processing: no references
[2815.549s][debug][gc,phases      ] GC(87) Reference Processing 0.096ms
[2815.549s][debug][gc,phases      ] GC(87)   VM Weak                        Min: 0.00, Avg: 0.00, Max: 0.01, Diff: 0.01, Sum: 0.01, Workers: 4
[2815.549s][debug][gc,phases      ] GC(87)     Dead                           Min: 0, Avg:  0.0, Max: 0, Diff: 0, Sum: 0, Workers: 4
[2815.549s][debug][gc,phases      ] GC(87)     Total                          Min: 0, Avg: 210.8, Max: 843, Diff: 843, Sum: 843, Workers: 4
[2815.549s][debug][gc,phases      ] GC(87)   ObjectSynchronizer Weak        Min: 0.00, Avg: 0.00, Max: 0.00, Diff: 0.00, Sum: 0.00, Workers: 4
[2815.549s][debug][gc,phases      ] GC(87)     Dead                           Min: 0, Avg:  0.0, Max: 0, Diff: 0, Sum: 0, Workers: 4
[2815.549s][debug][gc,phases      ] GC(87)     Total                          Min: 0, Avg:  1.5, Max: 6, Diff: 6, Sum: 6, Workers: 4
[2815.549s][debug][gc,phases      ] GC(87)   JVMTI Tag Weak OopStorage      Min: 0.00, Avg: 0.00, Max: 0.00, Diff: 0.00, Sum: 0.00, Workers: 4
[2815.549s][debug][gc,phases      ] GC(87)     Dead                           Min: 0, Avg:  0.0, Max: 0, Diff: 0, Sum: 0, Workers: 4
[2815.549s][debug][gc,phases      ] GC(87)     Total                          Min: 0, Avg:  0.0, Max: 0, Diff: 0, Sum: 0, Workers: 4
[2815.549s][debug][gc,phases      ] GC(87)   StringTable Weak               Min: 0.00, Avg: 0.10, Max: 0.14, Diff: 0.14, Sum: 0.41, Workers: 4
[2815.549s][debug][gc,phases      ] GC(87)     Dead                           Min: 0, Avg:  0.0, Max: 0, Diff: 0, Sum: 0, Workers: 4
[2815.549s][debug][gc,phases      ] GC(87)     Total                          Min: 0, Avg: 12487.5, Max: 20992, Diff: 20992, Sum: 49950, Workers: 4
[2815.549s][debug][gc,phases      ] GC(87)   ResolvedMethodTable Weak       Min: 0.00, Avg: 0.04, Max: 0.05, Diff: 0.05, Sum: 0.14, Workers: 4
[2815.549s][debug][gc,phases      ] GC(87)     Dead                           Min: 0, Avg:  5.0, Max: 20, Diff: 20, Sum: 20, Workers: 4
[2815.549s][debug][gc,phases      ] GC(87)     Total                          Min: 0, Avg: 4094.8, Max: 6960, Diff: 6960, Sum: 16379, Workers: 4
[2815.549s][debug][gc,phases      ] GC(87)   JNI Weak                       Min: 0.00, Avg: 0.00, Max: 0.00, Diff: 0.00, Sum: 0.00, Workers: 4
[2815.549s][debug][gc,phases      ] GC(87)     Dead                           Min: 0, Avg:  0.0, Max: 0, Diff: 0, Sum: 0, Workers: 4
[2815.549s][debug][gc,phases      ] GC(87)     Total                          Min: 0, Avg: 13.0, Max: 52, Diff: 52, Sum: 52, Workers: 4
[2815.549s][debug][gc,phases      ] GC(87)   StringDedup Table Weak         Min: 0.00, Avg: 0.00, Max: 0.00, Diff: 0.00, Sum: 0.00, Workers: 4
[2815.549s][debug][gc,phases      ] GC(87)     Dead                           Min: 0, Avg:  0.0, Max: 0, Diff: 0, Sum: 0, Workers: 4
[2815.549s][debug][gc,phases      ] GC(87)     Total                          Min: 0, Avg:  0.0, Max: 0, Diff: 0, Sum: 0, Workers: 4
[2815.549s][debug][gc,phases      ] GC(87)   StringDedup Requests0 Weak     Min: 0.00, Avg: 0.00, Max: 0.00, Diff: 0.00, Sum: 0.00, Workers: 4
[2815.549s][debug][gc,phases      ] GC(87)     Dead                           Min: 0, Avg:  0.0, Max: 0, Diff: 0, Sum: 0, Workers: 4
[2815.549s][debug][gc,phases      ] GC(87)     Total                          Min: 0, Avg:  0.0, Max: 0, Diff: 0, Sum: 0, Workers: 4
[2815.549s][debug][gc,phases      ] GC(87)   StringDedup Requests1 Weak     Min: 0.00, Avg: 0.00, Max: 0.00, Diff: 0.00, Sum: 0.00, Workers: 4
[2815.549s][debug][gc,phases      ] GC(87)     Dead                           Min: 0, Avg:  0.0, Max: 0, Diff: 0, Sum: 0, Workers: 4
[2815.549s][debug][gc,phases      ] GC(87)     Total                          Min: 0, Avg:  0.0, Max: 0, Diff: 0, Sum: 0, Workers: 4
[2815.549s][debug][gc,phases      ] GC(87)   Weak JFR Old Object Samples    Min: 0.00, Avg: 0.00, Max: 0.00, Diff: 0.00, Sum: 0.00, Workers: 4
[2815.549s][debug][gc,phases      ] GC(87)     Dead                           Min: 0, Avg:  0.0, Max: 0, Diff: 0, Sum: 0, Workers: 4
[2815.549s][debug][gc,phases      ] GC(87)     Total                          Min: 0, Avg:  0.0, Max: 0, Diff: 0, Sum: 0, Workers: 4
[2815.549s][debug][gc,phases      ] GC(87) Weak Processing 0.382ms
[2815.549s][debug][gc,age         ] GC(87) Desired survivor size 9437184 bytes, new threshold 1 (max threshold 15)
[2815.549s][info ][gc,heap        ] GC(87) PSYoungGen: 2080800K(2087424K)->4064K(2086912K) Eden: 2077184K(2077184K)->0K(2077184K) From: 3616K(10240K)->4064K(9728K)
[2815.549s][info ][gc,heap        ] GC(87) ParOldGen: 609904K(610304K)->610720K(610816K)
[2815.549s][info ][gc,metaspace   ] GC(87) Metaspace: 109271K(110400K)->109271K(110400K) NonClass: 93491K(94144K)->93491K(94144K) Class: 15780K(16256K)->15780K(16256K)
[2815.549s][info ][gc             ] GC(87) Pause Young (Allocation Failure) 2627M->600M(2634M) 4.297ms
[2815.549s][info ][gc,cpu         ] GC(87) User=0.01s Sys=0.00s Real=0.01s
[2815.549s][info ][safepoint      ] Safepoint "ParallelCollectForAllocation", Time since last: 47641524667 ns, Reaching safepoint: 30900 ns, At safepoint: 4360599 ns, Leaving safepoint: 2500 ns, Total: 4393999 ns, Threads: 0 runnable, 33 total
[2883.498s][info ][gc,start       ] GC(88) Pause Young (Allocation Failure)
[2883.503s][debug][gc,phases      ] GC(88) Scavenge 5.423ms
[2883.503s][debug][gc,ref         ] GC(88) ReferenceProcessor::execute queues: 1, RefProcThreadModel::Single, marks_oops_alive: false
[2883.503s][debug][gc,ref         ] GC(88) Skipped KeepAliveFinalRefsPhase of Reference Processing: no references
[2883.503s][debug][gc,ref         ] GC(88) Skipped PhantomRefsPhase of Reference Processing: no references
[2883.503s][debug][gc,phases      ] GC(88) Reference Processing 0.103ms
[2883.503s][debug][gc,phases      ] GC(88)   VM Weak                        Min: 0.00, Avg: 0.00, Max: 0.00, Diff: 0.00, Sum: 0.01, Workers: 4
[2883.503s][debug][gc,phases      ] GC(88)     Dead                           Min: 0, Avg:  0.0, Max: 0, Diff: 0, Sum: 0, Workers: 4
[2883.503s][debug][gc,phases      ] GC(88)     Total                          Min: 0, Avg: 210.8, Max: 459, Diff: 459, Sum: 843, Workers: 4
[2883.503s][debug][gc,phases      ] GC(88)   ObjectSynchronizer Weak        Min: 0.00, Avg: 0.00, Max: 0.00, Diff: 0.00, Sum: 0.00, Workers: 4
[2883.503s][debug][gc,phases      ] GC(88)     Dead                           Min: 0, Avg:  0.0, Max: 0, Diff: 0, Sum: 0, Workers: 4
[2883.503s][debug][gc,phases      ] GC(88)     Total                          Min: 0, Avg:  1.5, Max: 6, Diff: 6, Sum: 6, Workers: 4
[2883.503s][debug][gc,phases      ] GC(88)   JVMTI Tag Weak OopStorage      Min: 0.00, Avg: 0.00, Max: 0.00, Diff: 0.00, Sum: 0.00, Workers: 4
[2883.503s][debug][gc,phases      ] GC(88)     Dead                           Min: 0, Avg:  0.0, Max: 0, Diff: 0, Sum: 0, Workers: 4
[2883.503s][debug][gc,phases      ] GC(88)     Total                          Min: 0, Avg:  0.0, Max: 0, Diff: 0, Sum: 0, Workers: 4
[2883.503s][debug][gc,phases      ] GC(88)   StringTable Weak               Min: 0.00, Avg: 0.10, Max: 0.14, Diff: 0.14, Sum: 0.41, Workers: 4
[2883.503s][debug][gc,phases      ] GC(88)     Dead                           Min: 0, Avg:  0.0, Max: 0, Diff: 0, Sum: 0, Workers: 4
[2883.504s][debug][gc,phases      ] GC(88)     Total                          Min: 0, Avg: 12487.5, Max: 20800, Diff: 20800, Sum: 49950, Workers: 4
[2883.504s][debug][gc,phases      ] GC(88)   ResolvedMethodTable Weak       Min: 0.00, Avg: 0.04, Max: 0.05, Diff: 0.05, Sum: 0.14, Workers: 4
[2883.504s][debug][gc,phases      ] GC(88)     Dead                           Min: 0, Avg:  9.0, Max: 36, Diff: 36, Sum: 36, Workers: 4
[2883.504s][debug][gc,phases      ] GC(88)     Total                          Min: 0, Avg: 4094.8, Max: 6857, Diff: 6857, Sum: 16379, Workers: 4
[2883.504s][debug][gc,phases      ] GC(88)   JNI Weak                       Min: 0.00, Avg: 0.00, Max: 0.00, Diff: 0.00, Sum: 0.00, Workers: 4
[2883.504s][debug][gc,phases      ] GC(88)     Dead                           Min: 0, Avg:  0.0, Max: 0, Diff: 0, Sum: 0, Workers: 4
[2883.504s][debug][gc,phases      ] GC(88)     Total                          Min: 0, Avg: 13.0, Max: 52, Diff: 52, Sum: 52, Workers: 4
[2883.504s][debug][gc,phases      ] GC(88)   StringDedup Table Weak         Min: 0.00, Avg: 0.00, Max: 0.00, Diff: 0.00, Sum: 0.00, Workers: 4
[2883.504s][debug][gc,phases      ] GC(88)     Dead                           Min: 0, Avg:  0.0, Max: 0, Diff: 0, Sum: 0, Workers: 4
[2883.504s][debug][gc,phases      ] GC(88)     Total                          Min: 0, Avg:  0.0, Max: 0, Diff: 0, Sum: 0, Workers: 4
[2883.504s][debug][gc,phases      ] GC(88)   StringDedup Requests0 Weak     Min: 0.00, Avg: 0.00, Max: 0.00, Diff: 0.00, Sum: 0.00, Workers: 4
[2883.504s][debug][gc,phases      ] GC(88)     Dead                           Min: 0, Avg:  0.0, Max: 0, Diff: 0, Sum: 0, Workers: 4
[2883.504s][debug][gc,phases      ] GC(88)     Total                          Min: 0, Avg:  0.0, Max: 0, Diff: 0, Sum: 0, Workers: 4
[2883.504s][debug][gc,phases      ] GC(88)   StringDedup Requests1 Weak     Min: 0.00, Avg: 0.00, Max: 0.00, Diff: 0.00, Sum: 0.00, Workers: 4
[2883.504s][debug][gc,phases      ] GC(88)     Dead                           Min: 0, Avg:  0.0, Max: 0, Diff: 0, Sum: 0, Workers: 4
[2883.504s][debug][gc,phases      ] GC(88)     Total                          Min: 0, Avg:  0.0, Max: 0, Diff: 0, Sum: 0, Workers: 4
[2883.504s][debug][gc,phases      ] GC(88)   Weak JFR Old Object Samples    Min: 0.00, Avg: 0.00, Max: 0.00, Diff: 0.00, Sum: 0.00, Workers: 4
[2883.504s][debug][gc,phases      ] GC(88)     Dead                           Min: 0, Avg:  0.0, Max: 0, Diff: 0, Sum: 0, Workers: 4
[2883.504s][debug][gc,phases      ] GC(88)     Total                          Min: 0, Avg:  0.0, Max: 0, Diff: 0, Sum: 0, Workers: 4
[2883.504s][debug][gc,phases      ] GC(88) Weak Processing 0.383ms
[2883.504s][debug][gc,age         ] GC(88) Desired survivor size 9437184 bytes, new threshold 1 (max threshold 15)
[2883.504s][info ][gc,heap        ] GC(88) PSYoungGen: 2081164K(2086912K)->5904K(2087936K) Eden: 2077100K(2077184K)->0K(2078720K) From: 4064K(9728K)->5904K(9216K)
[2883.504s][info ][gc,heap        ] GC(88) ParOldGen: 610720K(610816K)->611192K(611328K)
[2883.504s][info ][gc,metaspace   ] GC(88) Metaspace: 109277K(110400K)->109277K(110400K) NonClass: 93497K(94144K)->93497K(94144K) Class: 15780K(16256K)->15780K(16256K)
[2883.504s][info ][gc             ] GC(88) Pause Young (Allocation Failure) 2628M->602M(2636M) 6.030ms
[2883.504s][info ][gc,cpu         ] GC(88) User=0.02s Sys=0.00s Real=0.01s
[2883.504s][info ][safepoint      ] Safepoint "ParallelCollectForAllocation", Time since last: 67948379391 ns, Reaching safepoint: 6100 ns, At safepoint: 6094899 ns, Leaving safepoint: 3200 ns, Total: 6104199 ns, Threads: 0 runnable, 34 total
[2940.597s][info ][gc,start       ] GC(89) Pause Young (Allocation Failure)
[2940.601s][debug][gc,phases      ] GC(89) Scavenge 3.993ms
[2940.601s][debug][gc,ref         ] GC(89) ReferenceProcessor::execute queues: 1, RefProcThreadModel::Single, marks_oops_alive: false
[2940.601s][debug][gc,ref         ] GC(89) Skipped KeepAliveFinalRefsPhase of Reference Processing: no references
[2940.601s][debug][gc,ref         ] GC(89) Skipped PhantomRefsPhase of Reference Processing: no references
[2940.601s][debug][gc,phases      ] GC(89) Reference Processing 0.102ms
[2940.602s][debug][gc,phases      ] GC(89)   VM Weak                        Min: 0.00, Avg: 0.00, Max: 0.01, Diff: 0.01, Sum: 0.01, Workers: 4
[2940.602s][debug][gc,phases      ] GC(89)     Dead                           Min: 0, Avg:  0.0, Max: 0, Diff: 0, Sum: 0, Workers: 4
[2940.602s][debug][gc,phases      ] GC(89)     Total                          Min: 0, Avg: 210.8, Max: 779, Diff: 779, Sum: 843, Workers: 4
[2940.602s][debug][gc,phases      ] GC(89)   ObjectSynchronizer Weak        Min: 0.00, Avg: 0.00, Max: 0.00, Diff: 0.00, Sum: 0.00, Workers: 4
[2940.602s][debug][gc,phases      ] GC(89)     Dead                           Min: 0, Avg:  0.0, Max: 0, Diff: 0, Sum: 0, Workers: 4
[2940.602s][debug][gc,phases      ] GC(89)     Total                          Min: 0, Avg:  1.5, Max: 6, Diff: 6, Sum: 6, Workers: 4
[2940.602s][debug][gc,phases      ] GC(89)   JVMTI Tag Weak OopStorage      Min: 0.00, Avg: 0.00, Max: 0.00, Diff: 0.00, Sum: 0.00, Workers: 4
[2940.602s][debug][gc,phases      ] GC(89)     Dead                           Min: 0, Avg:  0.0, Max: 0, Diff: 0, Sum: 0, Workers: 4
[2940.602s][debug][gc,phases      ] GC(89)     Total                          Min: 0, Avg:  0.0, Max: 0, Diff: 0, Sum: 0, Workers: 4
[2940.602s][debug][gc,phases      ] GC(89)   StringTable Weak               Min: 0.00, Avg: 0.10, Max: 0.14, Diff: 0.14, Sum: 0.41, Workers: 4
[2940.602s][debug][gc,phases      ] GC(89)     Dead                           Min: 0, Avg:  0.0, Max: 0, Diff: 0, Sum: 0, Workers: 4
[2940.602s][debug][gc,phases      ] GC(89)     Total                          Min: 0, Avg: 12487.5, Max: 21150, Diff: 21150, Sum: 49950, Workers: 4
[2940.602s][debug][gc,phases      ] GC(89)   ResolvedMethodTable Weak       Min: 0.00, Avg: 0.04, Max: 0.05, Diff: 0.05, Sum: 0.15, Workers: 4
[2940.602s][debug][gc,phases      ] GC(89)     Dead                           Min: 0, Avg:  5.0, Max: 13, Diff: 13, Sum: 20, Workers: 4
[2940.602s][debug][gc,phases      ] GC(89)     Total                          Min: 0, Avg: 4094.8, Max: 6895, Diff: 6895, Sum: 16379, Workers: 4
[2940.602s][debug][gc,phases      ] GC(89)   JNI Weak                       Min: 0.00, Avg: 0.00, Max: 0.00, Diff: 0.00, Sum: 0.00, Workers: 4
[2940.602s][debug][gc,phases      ] GC(89)     Dead                           Min: 0, Avg:  0.0, Max: 0, Diff: 0, Sum: 0, Workers: 4
[2940.602s][debug][gc,phases      ] GC(89)     Total                          Min: 0, Avg: 13.0, Max: 52, Diff: 52, Sum: 52, Workers: 4
[2940.602s][debug][gc,phases      ] GC(89)   StringDedup Table Weak         Min: 0.00, Avg: 0.00, Max: 0.00, Diff: 0.00, Sum: 0.00, Workers: 4
[2940.602s][debug][gc,phases      ] GC(89)     Dead                           Min: 0, Avg:  0.0, Max: 0, Diff: 0, Sum: 0, Workers: 4
[2940.602s][debug][gc,phases      ] GC(89)     Total                          Min: 0, Avg:  0.0, Max: 0, Diff: 0, Sum: 0, Workers: 4
[2940.602s][debug][gc,phases      ] GC(89)   StringDedup Requests0 Weak     Min: 0.00, Avg: 0.00, Max: 0.00, Diff: 0.00, Sum: 0.00, Workers: 4
[2940.602s][debug][gc,phases      ] GC(89)     Dead                           Min: 0, Avg:  0.0, Max: 0, Diff: 0, Sum: 0, Workers: 4
[2940.602s][debug][gc,phases      ] GC(89)     Total                          Min: 0, Avg:  0.0, Max: 0, Diff: 0, Sum: 0, Workers: 4
[2940.602s][debug][gc,phases      ] GC(89)   StringDedup Requests1 Weak     Min: 0.00, Avg: 0.00, Max: 0.00, Diff: 0.00, Sum: 0.00, Workers: 4
[2940.602s][debug][gc,phases      ] GC(89)     Dead                           Min: 0, Avg:  0.0, Max: 0, Diff: 0, Sum: 0, Workers: 4
[2940.602s][debug][gc,phases      ] GC(89)     Total                          Min: 0, Avg:  0.0, Max: 0, Diff: 0, Sum: 0, Workers: 4
[2940.602s][debug][gc,phases      ] GC(89)   Weak JFR Old Object Samples    Min: 0.00, Avg: 0.00, Max: 0.00, Diff: 0.00, Sum: 0.00, Workers: 4
[2940.602s][debug][gc,phases      ] GC(89)     Dead                           Min: 0, Avg:  0.0, Max: 0, Diff: 0, Sum: 0, Workers: 4
[2940.602s][debug][gc,phases      ] GC(89)     Total                          Min: 0, Avg:  0.0, Max: 0, Diff: 0, Sum: 0, Workers: 4
[2940.602s][debug][gc,phases      ] GC(89) Weak Processing 0.368ms
[2940.602s][debug][gc,age         ] GC(89) Desired survivor size 9437184 bytes, new threshold 1 (max threshold 15)
[2940.602s][info ][gc,heap        ] GC(89) PSYoungGen: 2084624K(2087936K)->3584K(2087936K) Eden: 2078720K(2078720K)->0K(2078720K) From: 5904K(9216K)->3584K(9216K)
[2940.602s][info ][gc,heap        ] GC(89) ParOldGen: 611192K(611328K)->613661K(613888K)
[2940.602s][info ][gc,metaspace   ] GC(89) Metaspace: 109278K(110400K)->109278K(110400K) NonClass: 93497K(94144K)->93497K(94144K) Class: 15780K(16256K)->15780K(16256K)
[2940.602s][info ][gc             ] GC(89) Pause Young (Allocation Failure) 2632M->602M(2638M) 4.593ms
[2940.602s][info ][gc,cpu         ] GC(89) User=0.02s Sys=0.01s Real=0.01s
[2940.602s][info ][safepoint      ] Safepoint "ParallelCollectForAllocation", Time since last: 57093341018 ns, Reaching safepoint: 32400 ns, At safepoint: 4665899 ns, Leaving safepoint: 3300 ns, Total: 4701599 ns, Threads: 0 runnable, 33 total
[2995.495s][info ][gc,start       ] GC(90) Pause Young (Allocation Failure)
[2995.497s][debug][gc,phases      ] GC(90) Scavenge 2.740ms
[2995.497s][debug][gc,ref         ] GC(90) ReferenceProcessor::execute queues: 1, RefProcThreadModel::Single, marks_oops_alive: false
[2995.497s][debug][gc,ref         ] GC(90) Skipped KeepAliveFinalRefsPhase of Reference Processing: no references
[2995.497s][debug][gc,ref         ] GC(90) Skipped PhantomRefsPhase of Reference Processing: no references
[2995.497s][debug][gc,phases      ] GC(90) Reference Processing 0.103ms
[2995.498s][debug][gc,phases      ] GC(90)   VM Weak                        Min: 0.00, Avg: 0.00, Max: 0.01, Diff: 0.01, Sum: 0.01, Workers: 4
[2995.498s][debug][gc,phases      ] GC(90)     Dead                           Min: 0, Avg:  0.0, Max: 0, Diff: 0, Sum: 0, Workers: 4
[2995.498s][debug][gc,phases      ] GC(90)     Total                          Min: 0, Avg: 210.8, Max: 715, Diff: 715, Sum: 843, Workers: 4
[2995.498s][debug][gc,phases      ] GC(90)   ObjectSynchronizer Weak        Min: 0.00, Avg: 0.00, Max: 0.00, Diff: 0.00, Sum: 0.00, Workers: 4
[2995.498s][debug][gc,phases      ] GC(90)     Dead                           Min: 0, Avg:  0.0, Max: 0, Diff: 0, Sum: 0, Workers: 4
[2995.498s][debug][gc,phases      ] GC(90)     Total                          Min: 0, Avg:  1.2, Max: 5, Diff: 5, Sum: 5, Workers: 4
[2995.498s][debug][gc,phases      ] GC(90)   JVMTI Tag Weak OopStorage      Min: 0.00, Avg: 0.00, Max: 0.00, Diff: 0.00, Sum: 0.00, Workers: 4
[2995.498s][debug][gc,phases      ] GC(90)     Dead                           Min: 0, Avg:  0.0, Max: 0, Diff: 0, Sum: 0, Workers: 4
[2995.498s][debug][gc,phases      ] GC(90)     Total                          Min: 0, Avg:  0.0, Max: 0, Diff: 0, Sum: 0, Workers: 4
[2995.498s][debug][gc,phases      ] GC(90)   StringTable Weak               Min: 0.00, Avg: 0.10, Max: 0.14, Diff: 0.14, Sum: 0.41, Workers: 4
[2995.498s][debug][gc,phases      ] GC(90)     Dead                           Min: 0, Avg:  0.0, Max: 0, Diff: 0, Sum: 0, Workers: 4
[2995.498s][debug][gc,phases      ] GC(90)     Total                          Min: 0, Avg: 12487.5, Max: 21342, Diff: 21342, Sum: 49950, Workers: 4
[2995.498s][debug][gc,phases      ] GC(90)   ResolvedMethodTable Weak       Min: 0.00, Avg: 0.04, Max: 0.05, Diff: 0.05, Sum: 0.15, Workers: 4
[2995.498s][debug][gc,phases      ] GC(90)     Dead                           Min: 0, Avg:  5.0, Max: 20, Diff: 20, Sum: 20, Workers: 4
[2995.498s][debug][gc,phases      ] GC(90)     Total                          Min: 0, Avg: 4094.8, Max: 6911, Diff: 6911, Sum: 16379, Workers: 4
[2995.498s][debug][gc,phases      ] GC(90)   JNI Weak                       Min: 0.00, Avg: 0.00, Max: 0.00, Diff: 0.00, Sum: 0.00, Workers: 4
[2995.498s][debug][gc,phases      ] GC(90)     Dead                           Min: 0, Avg:  0.0, Max: 0, Diff: 0, Sum: 0, Workers: 4
[2995.498s][debug][gc,phases      ] GC(90)     Total                          Min: 0, Avg: 13.0, Max: 52, Diff: 52, Sum: 52, Workers: 4
[2995.498s][debug][gc,phases      ] GC(90)   StringDedup Table Weak         Min: 0.00, Avg: 0.00, Max: 0.00, Diff: 0.00, Sum: 0.00, Workers: 4
[2995.498s][debug][gc,phases      ] GC(90)     Dead                           Min: 0, Avg:  0.0, Max: 0, Diff: 0, Sum: 0, Workers: 4
[2995.498s][debug][gc,phases      ] GC(90)     Total                          Min: 0, Avg:  0.0, Max: 0, Diff: 0, Sum: 0, Workers: 4
[2995.498s][debug][gc,phases      ] GC(90)   StringDedup Requests0 Weak     Min: 0.00, Avg: 0.00, Max: 0.00, Diff: 0.00, Sum: 0.00, Workers: 4
[2995.498s][debug][gc,phases      ] GC(90)     Dead                           Min: 0, Avg:  0.0, Max: 0, Diff: 0, Sum: 0, Workers: 4
[2995.498s][debug][gc,phases      ] GC(90)     Total                          Min: 0, Avg:  0.0, Max: 0, Diff: 0, Sum: 0, Workers: 4
[2995.498s][debug][gc,phases      ] GC(90)   StringDedup Requests1 Weak     Min: 0.00, Avg: 0.00, Max: 0.00, Diff: 0.00, Sum: 0.00, Workers: 4
[2995.498s][debug][gc,phases      ] GC(90)     Dead                           Min: 0, Avg:  0.0, Max: 0, Diff: 0, Sum: 0, Workers: 4
[2995.498s][debug][gc,phases      ] GC(90)     Total                          Min: 0, Avg:  0.0, Max: 0, Diff: 0, Sum: 0, Workers: 4
[2995.498s][debug][gc,phases      ] GC(90)   Weak JFR Old Object Samples    Min: 0.00, Avg: 0.00, Max: 0.00, Diff: 0.00, Sum: 0.00, Workers: 4
[2995.498s][debug][gc,phases      ] GC(90)     Dead                           Min: 0, Avg:  0.0, Max: 0, Diff: 0, Sum: 0, Workers: 4
[2995.498s][debug][gc,phases      ] GC(90)     Total                          Min: 0, Avg:  0.0, Max: 0, Diff: 0, Sum: 0, Workers: 4
[2995.498s][debug][gc,phases      ] GC(90) Weak Processing 0.389ms
[2995.498s][debug][gc,age         ] GC(90) Desired survivor size 8912896 bytes, new threshold 1 (max threshold 15)
[2995.498s][info ][gc,heap        ] GC(90) PSYoungGen: 2082304K(2087936K)->3232K(2088448K) Eden: 2078720K(2078720K)->0K(2079232K) From: 3584K(9216K)->3232K(9216K)
[2995.498s][info ][gc,heap        ] GC(90) ParOldGen: 613661K(613888K)->614437K(614912K)
[2995.498s][info ][gc,metaspace   ] GC(90) Metaspace: 109280K(110400K)->109280K(110400K) NonClass: 93500K(94144K)->93500K(94144K) Class: 15780K(16256K)->15780K(16256K)
[2995.498s][info ][gc             ] GC(90) Pause Young (Allocation Failure) 2632M->603M(2640M) 3.344ms
[2995.498s][info ][gc,cpu         ] GC(90) User=0.00s Sys=0.01s Real=0.00s
[2995.498s][info ][safepoint      ] Safepoint "ParallelCollectForAllocation", Time since last: 54892751401 ns, Reaching safepoint: 31300 ns, At safepoint: 3407800 ns, Leaving safepoint: 2800 ns, Total: 3441900 ns, Threads: 0 runnable, 34 total
[3054.548s][info ][gc,start       ] GC(91) Pause Young (Allocation Failure)
[3054.550s][debug][gc,phases      ] GC(91) Scavenge 2.537ms
[3054.550s][debug][gc,ref         ] GC(91) ReferenceProcessor::execute queues: 1, RefProcThreadModel::Single, marks_oops_alive: false
[3054.550s][debug][gc,ref         ] GC(91) Skipped KeepAliveFinalRefsPhase of Reference Processing: no references
[3054.550s][debug][gc,ref         ] GC(91) Skipped PhantomRefsPhase of Reference Processing: no references
[3054.550s][debug][gc,phases      ] GC(91) Reference Processing 0.098ms
[3054.551s][debug][gc,phases      ] GC(91)   VM Weak                        Min: 0.00, Avg: 0.00, Max: 0.01, Diff: 0.01, Sum: 0.01, Workers: 4
[3054.551s][debug][gc,phases      ] GC(91)     Dead                           Min: 0, Avg:  0.0, Max: 0, Diff: 0, Sum: 0, Workers: 4
[3054.551s][debug][gc,phases      ] GC(91)     Total                          Min: 0, Avg: 210.8, Max: 640, Diff: 640, Sum: 843, Workers: 4
[3054.551s][debug][gc,phases      ] GC(91)   ObjectSynchronizer Weak        Min: 0.00, Avg: 0.00, Max: 0.00, Diff: 0.00, Sum: 0.00, Workers: 4
[3054.551s][debug][gc,phases      ] GC(91)     Dead                           Min: 0, Avg:  0.0, Max: 0, Diff: 0, Sum: 0, Workers: 4
[3054.551s][debug][gc,phases      ] GC(91)     Total                          Min: 0, Avg:  1.2, Max: 5, Diff: 5, Sum: 5, Workers: 4
[3054.551s][debug][gc,phases      ] GC(91)   JVMTI Tag Weak OopStorage      Min: 0.00, Avg: 0.00, Max: 0.00, Diff: 0.00, Sum: 0.00, Workers: 4
[3054.551s][debug][gc,phases      ] GC(91)     Dead                           Min: 0, Avg:  0.0, Max: 0, Diff: 0, Sum: 0, Workers: 4
[3054.551s][debug][gc,phases      ] GC(91)     Total                          Min: 0, Avg:  0.0, Max: 0, Diff: 0, Sum: 0, Workers: 4
[3054.551s][debug][gc,phases      ] GC(91)   StringTable Weak               Min: 0.00, Avg: 0.10, Max: 0.14, Diff: 0.14, Sum: 0.40, Workers: 4
[3054.551s][debug][gc,phases      ] GC(91)     Dead                           Min: 0, Avg:  0.0, Max: 0, Diff: 0, Sum: 0, Workers: 4
[3054.551s][debug][gc,phases      ] GC(91)     Total                          Min: 0, Avg: 12487.5, Max: 20766, Diff: 20766, Sum: 49950, Workers: 4
[3054.551s][debug][gc,phases      ] GC(91)   ResolvedMethodTable Weak       Min: 0.00, Avg: 0.03, Max: 0.05, Diff: 0.05, Sum: 0.14, Workers: 4
[3054.551s][debug][gc,phases      ] GC(91)     Dead                           Min: 0, Avg:  5.0, Max: 20, Diff: 20, Sum: 20, Workers: 4
[3054.551s][debug][gc,phases      ] GC(91)     Total                          Min: 0, Avg: 4094.8, Max: 7027, Diff: 7027, Sum: 16379, Workers: 4
[3054.551s][debug][gc,phases      ] GC(91)   JNI Weak                       Min: 0.00, Avg: 0.00, Max: 0.00, Diff: 0.00, Sum: 0.00, Workers: 4
[3054.551s][debug][gc,phases      ] GC(91)     Dead                           Min: 0, Avg:  0.0, Max: 0, Diff: 0, Sum: 0, Workers: 4
[3054.551s][debug][gc,phases      ] GC(91)     Total                          Min: 0, Avg: 13.0, Max: 52, Diff: 52, Sum: 52, Workers: 4
[3054.551s][debug][gc,phases      ] GC(91)   StringDedup Table Weak         Min: 0.00, Avg: 0.00, Max: 0.00, Diff: 0.00, Sum: 0.00, Workers: 4
[3054.551s][debug][gc,phases      ] GC(91)     Dead                           Min: 0, Avg:  0.0, Max: 0, Diff: 0, Sum: 0, Workers: 4
[3054.551s][debug][gc,phases      ] GC(91)     Total                          Min: 0, Avg:  0.0, Max: 0, Diff: 0, Sum: 0, Workers: 4
[3054.551s][debug][gc,phases      ] GC(91)   StringDedup Requests0 Weak     Min: 0.00, Avg: 0.00, Max: 0.00, Diff: 0.00, Sum: 0.00, Workers: 4
[3054.551s][debug][gc,phases      ] GC(91)     Dead                           Min: 0, Avg:  0.0, Max: 0, Diff: 0, Sum: 0, Workers: 4
[3054.551s][debug][gc,phases      ] GC(91)     Total                          Min: 0, Avg:  0.0, Max: 0, Diff: 0, Sum: 0, Workers: 4
[3054.551s][debug][gc,phases      ] GC(91)   StringDedup Requests1 Weak     Min: 0.00, Avg: 0.00, Max: 0.00, Diff: 0.00, Sum: 0.00, Workers: 4
[3054.551s][debug][gc,phases      ] GC(91)     Dead                           Min: 0, Avg:  0.0, Max: 0, Diff: 0, Sum: 0, Workers: 4
[3054.551s][debug][gc,phases      ] GC(91)     Total                          Min: 0, Avg:  0.0, Max: 0, Diff: 0, Sum: 0, Workers: 4
[3054.551s][debug][gc,phases      ] GC(91)   Weak JFR Old Object Samples    Min: 0.00, Avg: 0.00, Max: 0.00, Diff: 0.00, Sum: 0.00, Workers: 4
[3054.551s][debug][gc,phases      ] GC(91)     Dead                           Min: 0, Avg:  0.0, Max: 0, Diff: 0, Sum: 0, Workers: 4
[3054.551s][debug][gc,phases      ] GC(91)     Total                          Min: 0, Avg:  0.0, Max: 0, Diff: 0, Sum: 0, Workers: 4
[3054.551s][debug][gc,phases      ] GC(91) Weak Processing 0.368ms
[3054.551s][debug][gc,age         ] GC(91) Desired survivor size 8912896 bytes, new threshold 1 (max threshold 15)
[3054.551s][info ][gc,heap        ] GC(91) PSYoungGen: 2082464K(2088448K)->3216K(2087936K) Eden: 2079232K(2079232K)->0K(2079232K) From: 3232K(9216K)->3216K(8704K)
[3054.551s][info ][gc,heap        ] GC(91) ParOldGen: 614437K(614912K)->614977K(615424K)
[3054.551s][info ][gc,metaspace   ] GC(91) Metaspace: 109303K(110400K)->109303K(110400K) NonClass: 93523K(94144K)->93523K(94144K) Class: 15780K(16256K)->15780K(16256K)
[3054.551s][info ][gc             ] GC(91) Pause Young (Allocation Failure) 2633M->603M(2640M) 3.103ms
[3054.551s][info ][gc,cpu         ] GC(91) User=0.01s Sys=0.00s Real=0.01s
[3054.551s][info ][safepoint      ] Safepoint "ParallelCollectForAllocation", Time since last: 59049650146 ns, Reaching safepoint: 29600 ns, At safepoint: 3165600 ns, Leaving safepoint: 2000 ns, Total: 3197200 ns, Threads: 0 runnable, 38 total
[3120.356s][info ][gc,start       ] GC(92) Pause Young (Allocation Failure)
[3120.362s][debug][gc,phases      ] GC(92) Scavenge 6.468ms
[3120.362s][debug][gc,ref         ] GC(92) ReferenceProcessor::execute queues: 1, RefProcThreadModel::Single, marks_oops_alive: false
[3120.362s][debug][gc,ref         ] GC(92) Skipped KeepAliveFinalRefsPhase of Reference Processing: no references
[3120.362s][debug][gc,ref         ] GC(92) Skipped PhantomRefsPhase of Reference Processing: no references
[3120.362s][debug][gc,phases      ] GC(92) Reference Processing 0.115ms
[3120.363s][debug][gc,phases      ] GC(92)   VM Weak                        Min: 0.00, Avg: 0.00, Max: 0.01, Diff: 0.01, Sum: 0.01, Workers: 4
[3120.363s][debug][gc,phases      ] GC(92)     Dead                           Min: 0, Avg:  0.0, Max: 0, Diff: 0, Sum: 0, Workers: 4
[3120.363s][debug][gc,phases      ] GC(92)     Total                          Min: 0, Avg: 210.8, Max: 512, Diff: 512, Sum: 843, Workers: 4
[3120.363s][debug][gc,phases      ] GC(92)   ObjectSynchronizer Weak        Min: 0.00, Avg: 0.00, Max: 0.00, Diff: 0.00, Sum: 0.00, Workers: 4
[3120.363s][debug][gc,phases      ] GC(92)     Dead                           Min: 0, Avg:  0.5, Max: 2, Diff: 2, Sum: 2, Workers: 4
[3120.363s][debug][gc,phases      ] GC(92)     Total                          Min: 0, Avg:  2.2, Max: 9, Diff: 9, Sum: 9, Workers: 4
[3120.363s][debug][gc,phases      ] GC(92)   JVMTI Tag Weak OopStorage      Min: 0.00, Avg: 0.00, Max: 0.00, Diff: 0.00, Sum: 0.00, Workers: 4
[3120.363s][debug][gc,phases      ] GC(92)     Dead                           Min: 0, Avg:  0.0, Max: 0, Diff: 0, Sum: 0, Workers: 4
[3120.363s][debug][gc,phases      ] GC(92)     Total                          Min: 0, Avg:  0.0, Max: 0, Diff: 0, Sum: 0, Workers: 4
[3120.363s][debug][gc,phases      ] GC(92)   StringTable Weak               Min: 0.12, Avg: 0.12, Max: 0.12, Diff: 0.00, Sum: 0.49, Workers: 4
[3120.363s][debug][gc,phases      ] GC(92)     Dead                           Min: 0, Avg:  0.0, Max: 0, Diff: 0, Sum: 0, Workers: 4
[3120.363s][debug][gc,phases      ] GC(92)     Total                          Min: 12224, Avg: 12490.0, Max: 12736, Diff: 512, Sum: 49960, Workers: 4
[3120.363s][debug][gc,phases      ] GC(92)   ResolvedMethodTable Weak       Min: 0.04, Avg: 0.04, Max: 0.04, Diff: 0.00, Sum: 0.17, Workers: 4
[3120.363s][debug][gc,phases      ] GC(92)     Dead                           Min: 0, Avg: 10.2, Max: 33, Diff: 33, Sum: 41, Workers: 4
[3120.363s][debug][gc,phases      ] GC(92)     Total                          Min: 4045, Avg: 4095.5, Max: 4173, Diff: 128, Sum: 16382, Workers: 4
[3120.363s][debug][gc,phases      ] GC(92)   JNI Weak                       Min: 0.00, Avg: 0.00, Max: 0.00, Diff: 0.00, Sum: 0.00, Workers: 4
[3120.363s][debug][gc,phases      ] GC(92)     Dead                           Min: 0, Avg:  0.0, Max: 0, Diff: 0, Sum: 0, Workers: 4
[3120.363s][debug][gc,phases      ] GC(92)     Total                          Min: 0, Avg: 13.0, Max: 52, Diff: 52, Sum: 52, Workers: 4
[3120.363s][debug][gc,phases      ] GC(92)   StringDedup Table Weak         Min: 0.00, Avg: 0.00, Max: 0.00, Diff: 0.00, Sum: 0.00, Workers: 4
[3120.363s][debug][gc,phases      ] GC(92)     Dead                           Min: 0, Avg:  0.0, Max: 0, Diff: 0, Sum: 0, Workers: 4
[3120.363s][debug][gc,phases      ] GC(92)     Total                          Min: 0, Avg:  0.0, Max: 0, Diff: 0, Sum: 0, Workers: 4
[3120.363s][debug][gc,phases      ] GC(92)   StringDedup Requests0 Weak     Min: 0.00, Avg: 0.00, Max: 0.00, Diff: 0.00, Sum: 0.00, Workers: 4
[3120.363s][debug][gc,phases      ] GC(92)     Dead                           Min: 0, Avg:  0.0, Max: 0, Diff: 0, Sum: 0, Workers: 4
[3120.363s][debug][gc,phases      ] GC(92)     Total                          Min: 0, Avg:  0.0, Max: 0, Diff: 0, Sum: 0, Workers: 4
[3120.363s][debug][gc,phases      ] GC(92)   StringDedup Requests1 Weak     Min: 0.00, Avg: 0.00, Max: 0.00, Diff: 0.00, Sum: 0.00, Workers: 4
[3120.363s][debug][gc,phases      ] GC(92)     Dead                           Min: 0, Avg:  0.0, Max: 0, Diff: 0, Sum: 0, Workers: 4
[3120.363s][debug][gc,phases      ] GC(92)     Total                          Min: 0, Avg:  0.0, Max: 0, Diff: 0, Sum: 0, Workers: 4
[3120.363s][debug][gc,phases      ] GC(92)   Weak JFR Old Object Samples    Min: 0.00, Avg: 0.00, Max: 0.00, Diff: 0.00, Sum: 0.00, Workers: 4
[3120.363s][debug][gc,phases      ] GC(92)     Dead                           Min: 0, Avg:  0.0, Max: 0, Diff: 0, Sum: 0, Workers: 4
[3120.363s][debug][gc,phases      ] GC(92)     Total                          Min: 0, Avg:  0.0, Max: 0, Diff: 0, Sum: 0, Workers: 4
[3120.363s][debug][gc,phases      ] GC(92) Weak Processing 0.338ms
[3120.363s][debug][gc,age         ] GC(92) Desired survivor size 8912896 bytes, new threshold 1 (max threshold 15)
[3120.363s][info ][gc,heap        ] GC(92) PSYoungGen: 2082448K(2087936K)->6123K(2088448K) Eden: 2079232K(2079232K)->0K(2079744K) From: 3216K(8704K)->6123K(8704K)
[3120.363s][info ][gc,heap        ] GC(92) ParOldGen: 614977K(615424K)->615501K(615936K)
[3120.363s][info ][gc,metaspace   ] GC(92) Metaspace: 109316K(110400K)->109316K(110400K) NonClass: 93534K(94144K)->93534K(94144K) Class: 15781K(16256K)->15781K(16256K)
[3120.363s][info ][gc             ] GC(92) Pause Young (Allocation Failure) 2634M->607M(2641M) 7.038ms
[3120.363s][info ][gc,cpu         ] GC(92) User=0.02s Sys=0.00s Real=0.01s
[3120.363s][info ][safepoint      ] Safepoint "ParallelCollectForAllocation", Time since last: 65804952057 ns, Reaching safepoint: 9500 ns, At safepoint: 7113899 ns, Leaving safepoint: 3300 ns, Total: 7126699 ns, Threads: 0 runnable, 36 total
[3179.697s][info ][gc,start       ] GC(93) Pause Young (Allocation Failure)
[3179.703s][debug][gc,phases      ] GC(93) Scavenge 5.859ms
[3179.703s][debug][gc,ref         ] GC(93) ReferenceProcessor::execute queues: 1, RefProcThreadModel::Single, marks_oops_alive: false
[3179.703s][debug][gc,ref         ] GC(93) Skipped KeepAliveFinalRefsPhase of Reference Processing: no references
[3179.703s][debug][gc,ref         ] GC(93) Skipped PhantomRefsPhase of Reference Processing: no references
[3179.703s][debug][gc,phases      ] GC(93) Reference Processing 0.109ms
[3179.703s][debug][gc,phases      ] GC(93)   VM Weak                        Min: 0.00, Avg: 0.00, Max: 0.01, Diff: 0.01, Sum: 0.01, Workers: 4
[3179.703s][debug][gc,phases      ] GC(93)     Dead                           Min: 0, Avg:  0.0, Max: 0, Diff: 0, Sum: 0, Workers: 4
[3179.703s][debug][gc,phases      ] GC(93)     Total                          Min: 0, Avg: 210.8, Max: 640, Diff: 640, Sum: 843, Workers: 4
[3179.703s][debug][gc,phases      ] GC(93)   ObjectSynchronizer Weak        Min: 0.00, Avg: 0.00, Max: 0.00, Diff: 0.00, Sum: 0.00, Workers: 4
[3179.703s][debug][gc,phases      ] GC(93)     Dead                           Min: 0, Avg:  0.0, Max: 0, Diff: 0, Sum: 0, Workers: 4
[3179.703s][debug][gc,phases      ] GC(93)     Total                          Min: 0, Avg:  1.5, Max: 6, Diff: 6, Sum: 6, Workers: 4
[3179.703s][debug][gc,phases      ] GC(93)   JVMTI Tag Weak OopStorage      Min: 0.00, Avg: 0.00, Max: 0.00, Diff: 0.00, Sum: 0.00, Workers: 4
[3179.703s][debug][gc,phases      ] GC(93)     Dead                           Min: 0, Avg:  0.0, Max: 0, Diff: 0, Sum: 0, Workers: 4
[3179.703s][debug][gc,phases      ] GC(93)     Total                          Min: 0, Avg:  0.0, Max: 0, Diff: 0, Sum: 0, Workers: 4
[3179.703s][debug][gc,phases      ] GC(93)   StringTable Weak               Min: 0.08, Avg: 0.12, Max: 0.14, Diff: 0.06, Sum: 0.50, Workers: 4
[3179.703s][debug][gc,phases      ] GC(93)     Dead                           Min: 0, Avg:  0.0, Max: 0, Diff: 0, Sum: 0, Workers: 4
[3179.703s][debug][gc,phases      ] GC(93)     Total                          Min: 8000, Avg: 12490.0, Max: 14376, Diff: 6376, Sum: 49960, Workers: 4
[3179.703s][debug][gc,phases      ] GC(93)   ResolvedMethodTable Weak       Min: 0.04, Avg: 0.04, Max: 0.04, Diff: 0.00, Sum: 0.17, Workers: 4
[3179.703s][debug][gc,phases      ] GC(93)     Dead                           Min: 0, Avg:  5.0, Max: 11, Diff: 11, Sum: 20, Workers: 4
[3179.703s][debug][gc,phases      ] GC(93)     Total                          Min: 3983, Avg: 4095.5, Max: 4149, Diff: 166, Sum: 16382, Workers: 4
[3179.703s][debug][gc,phases      ] GC(93)   JNI Weak                       Min: 0.00, Avg: 0.00, Max: 0.00, Diff: 0.00, Sum: 0.00, Workers: 4
[3179.703s][debug][gc,phases      ] GC(93)     Dead                           Min: 0, Avg:  0.0, Max: 0, Diff: 0, Sum: 0, Workers: 4
[3179.703s][debug][gc,phases      ] GC(93)     Total                          Min: 0, Avg: 13.0, Max: 52, Diff: 52, Sum: 52, Workers: 4
[3179.703s][debug][gc,phases      ] GC(93)   StringDedup Table Weak         Min: 0.00, Avg: 0.00, Max: 0.00, Diff: 0.00, Sum: 0.00, Workers: 4
[3179.703s][debug][gc,phases      ] GC(93)     Dead                           Min: 0, Avg:  0.0, Max: 0, Diff: 0, Sum: 0, Workers: 4
[3179.703s][debug][gc,phases      ] GC(93)     Total                          Min: 0, Avg:  0.0, Max: 0, Diff: 0, Sum: 0, Workers: 4
[3179.703s][debug][gc,phases      ] GC(93)   StringDedup Requests0 Weak     Min: 0.00, Avg: 0.00, Max: 0.00, Diff: 0.00, Sum: 0.00, Workers: 4
[3179.703s][debug][gc,phases      ] GC(93)     Dead                           Min: 0, Avg:  0.0, Max: 0, Diff: 0, Sum: 0, Workers: 4
[3179.703s][debug][gc,phases      ] GC(93)     Total                          Min: 0, Avg:  0.0, Max: 0, Diff: 0, Sum: 0, Workers: 4
[3179.703s][debug][gc,phases      ] GC(93)   StringDedup Requests1 Weak     Min: 0.00, Avg: 0.00, Max: 0.00, Diff: 0.00, Sum: 0.00, Workers: 4
[3179.703s][debug][gc,phases      ] GC(93)     Dead                           Min: 0, Avg:  0.0, Max: 0, Diff: 0, Sum: 0, Workers: 4
[3179.703s][debug][gc,phases      ] GC(93)     Total                          Min: 0, Avg:  0.0, Max: 0, Diff: 0, Sum: 0, Workers: 4
[3179.703s][debug][gc,phases      ] GC(93)   Weak JFR Old Object Samples    Min: 0.00, Avg: 0.00, Max: 0.00, Diff: 0.00, Sum: 0.00, Workers: 4
[3179.703s][debug][gc,phases      ] GC(93)     Dead                           Min: 0, Avg:  0.0, Max: 0, Diff: 0, Sum: 0, Workers: 4
[3179.703s][debug][gc,phases      ] GC(93)     Total                          Min: 0, Avg:  0.0, Max: 0, Diff: 0, Sum: 0, Workers: 4
[3179.703s][debug][gc,phases      ] GC(93) Weak Processing 0.398ms
[3179.703s][debug][gc,age         ] GC(93) Desired survivor size 8912896 bytes, new threshold 1 (max threshold 15)
[3179.703s][info ][gc,heap        ] GC(93) PSYoungGen: 2085867K(2088448K)->5120K(2088448K) Eden: 2079744K(2079744K)->0K(2079744K) From: 6123K(8704K)->5120K(8704K)
[3179.703s][info ][gc,heap        ] GC(93) ParOldGen: 615501K(615936K)->617484K(617984K)
[3179.703s][info ][gc,metaspace   ] GC(93) Metaspace: 109335K(110464K)->109335K(110464K) NonClass: 93554K(94208K)->93554K(94208K) Class: 15781K(16256K)->15781K(16256K)
[3179.703s][info ][gc             ] GC(93) Pause Young (Allocation Failure) 2638M->608M(2643M) 6.486ms
[3179.703s][info ][gc,cpu         ] GC(93) User=0.02s Sys=0.00s Real=0.01s
[3179.703s][info ][safepoint      ] Safepoint "ParallelCollectForAllocation", Time since last: 59333744895 ns, Reaching safepoint: 6500 ns, At safepoint: 6551300 ns, Leaving safepoint: 7700 ns, Total: 6565500 ns, Threads: 0 runnable, 33 total
[3232.597s][info ][gc,start       ] GC(94) Pause Young (Allocation Failure)
[3232.602s][debug][gc,phases      ] GC(94) Scavenge 4.885ms
[3232.602s][debug][gc,ref         ] GC(94) ReferenceProcessor::execute queues: 1, RefProcThreadModel::Single, marks_oops_alive: false
[3232.602s][debug][gc,ref         ] GC(94) Skipped KeepAliveFinalRefsPhase of Reference Processing: no references
[3232.602s][debug][gc,ref         ] GC(94) Skipped PhantomRefsPhase of Reference Processing: no references
[3232.603s][debug][gc,phases      ] GC(94) Reference Processing 0.099ms
[3232.603s][debug][gc,phases      ] GC(94)   VM Weak                        Min: 0.00, Avg: 0.00, Max: 0.00, Diff: 0.00, Sum: 0.01, Workers: 4
[3232.603s][debug][gc,phases      ] GC(94)     Dead                           Min: 0, Avg:  0.0, Max: 0, Diff: 0, Sum: 0, Workers: 4
[3232.603s][debug][gc,phases      ] GC(94)     Total                          Min: 0, Avg: 210.8, Max: 395, Diff: 395, Sum: 843, Workers: 4
[3232.603s][debug][gc,phases      ] GC(94)   ObjectSynchronizer Weak        Min: 0.00, Avg: 0.00, Max: 0.00, Diff: 0.00, Sum: 0.00, Workers: 4
[3232.603s][debug][gc,phases      ] GC(94)     Dead                           Min: 0, Avg:  0.0, Max: 0, Diff: 0, Sum: 0, Workers: 4
[3232.603s][debug][gc,phases      ] GC(94)     Total                          Min: 0, Avg:  1.5, Max: 6, Diff: 6, Sum: 6, Workers: 4
[3232.603s][debug][gc,phases      ] GC(94)   JVMTI Tag Weak OopStorage      Min: 0.00, Avg: 0.00, Max: 0.00, Diff: 0.00, Sum: 0.00, Workers: 4
[3232.603s][debug][gc,phases      ] GC(94)     Dead                           Min: 0, Avg:  0.0, Max: 0, Diff: 0, Sum: 0, Workers: 4
[3232.603s][debug][gc,phases      ] GC(94)     Total                          Min: 0, Avg:  0.0, Max: 0, Diff: 0, Sum: 0, Workers: 4
[3232.603s][debug][gc,phases      ] GC(94)   StringTable Weak               Min: 0.00, Avg: 0.10, Max: 0.13, Diff: 0.13, Sum: 0.40, Workers: 4
[3232.603s][debug][gc,phases      ] GC(94)     Dead                           Min: 0, Avg:  0.0, Max: 0, Diff: 0, Sum: 0, Workers: 4
[3232.603s][debug][gc,phases      ] GC(94)     Total                          Min: 0, Avg: 12490.0, Max: 20968, Diff: 20968, Sum: 49960, Workers: 4
[3232.603s][debug][gc,phases      ] GC(94)   ResolvedMethodTable Weak       Min: 0.00, Avg: 0.03, Max: 0.05, Diff: 0.05, Sum: 0.14, Workers: 4
[3232.603s][debug][gc,phases      ] GC(94)     Dead                           Min: 0, Avg:  5.0, Max: 18, Diff: 18, Sum: 20, Workers: 4
[3232.603s][debug][gc,phases      ] GC(94)     Total                          Min: 0, Avg: 4095.5, Max: 7080, Diff: 7080, Sum: 16382, Workers: 4
[3232.603s][debug][gc,phases      ] GC(94)   JNI Weak                       Min: 0.00, Avg: 0.00, Max: 0.00, Diff: 0.00, Sum: 0.00, Workers: 4
[3232.603s][debug][gc,phases      ] GC(94)     Dead                           Min: 0, Avg:  0.0, Max: 0, Diff: 0, Sum: 0, Workers: 4
[3232.603s][debug][gc,phases      ] GC(94)     Total                          Min: 0, Avg: 13.0, Max: 52, Diff: 52, Sum: 52, Workers: 4
[3232.603s][debug][gc,phases      ] GC(94)   StringDedup Table Weak         Min: 0.00, Avg: 0.00, Max: 0.00, Diff: 0.00, Sum: 0.00, Workers: 4
[3232.603s][debug][gc,phases      ] GC(94)     Dead                           Min: 0, Avg:  0.0, Max: 0, Diff: 0, Sum: 0, Workers: 4
[3232.603s][debug][gc,phases      ] GC(94)     Total                          Min: 0, Avg:  0.0, Max: 0, Diff: 0, Sum: 0, Workers: 4
[3232.603s][debug][gc,phases      ] GC(94)   StringDedup Requests0 Weak     Min: 0.00, Avg: 0.00, Max: 0.00, Diff: 0.00, Sum: 0.00, Workers: 4
[3232.603s][debug][gc,phases      ] GC(94)     Dead                           Min: 0, Avg:  0.0, Max: 0, Diff: 0, Sum: 0, Workers: 4
[3232.603s][debug][gc,phases      ] GC(94)     Total                          Min: 0, Avg:  0.0, Max: 0, Diff: 0, Sum: 0, Workers: 4
[3232.603s][debug][gc,phases      ] GC(94)   StringDedup Requests1 Weak     Min: 0.00, Avg: 0.00, Max: 0.00, Diff: 0.00, Sum: 0.00, Workers: 4
[3232.603s][debug][gc,phases      ] GC(94)     Dead                           Min: 0, Avg:  0.0, Max: 0, Diff: 0, Sum: 0, Workers: 4
[3232.603s][debug][gc,phases      ] GC(94)     Total                          Min: 0, Avg:  0.0, Max: 0, Diff: 0, Sum: 0, Workers: 4
[3232.603s][debug][gc,phases      ] GC(94)   Weak JFR Old Object Samples    Min: 0.00, Avg: 0.00, Max: 0.00, Diff: 0.00, Sum: 0.00, Workers: 4
[3232.603s][debug][gc,phases      ] GC(94)     Dead                           Min: 0, Avg:  0.0, Max: 0, Diff: 0, Sum: 0, Workers: 4
[3232.603s][debug][gc,phases      ] GC(94)     Total                          Min: 0, Avg:  0.0, Max: 0, Diff: 0, Sum: 0, Workers: 4
[3232.603s][debug][gc,phases      ] GC(94) Weak Processing 0.367ms
[3232.603s][debug][gc,age         ] GC(94) Desired survivor size 8388608 bytes, new threshold 1 (max threshold 15)
[3232.603s][info ][gc,heap        ] GC(94) PSYoungGen: 2084864K(2088448K)->4480K(2088960K) Eden: 2079744K(2079744K)->0K(2080256K) From: 5120K(8704K)->4480K(8704K)
[3232.603s][info ][gc,heap        ] GC(94) ParOldGen: 617484K(617984K)->619284K(619520K)
[3232.603s][info ][gc,metaspace   ] GC(94) Metaspace: 109336K(110464K)->109336K(110464K) NonClass: 93555K(94208K)->93555K(94208K) Class: 15781K(16256K)->15781K(16256K)
[3232.603s][info ][gc             ] GC(94) Pause Young (Allocation Failure) 2639M->609M(2645M) 5.470ms
[3232.603s][info ][gc,cpu         ] GC(94) User=0.02s Sys=0.00s Real=0.01s
[3232.603s][info ][safepoint      ] Safepoint "ParallelCollectForAllocation", Time since last: 52894276831 ns, Reaching safepoint: 5700 ns, At safepoint: 5534299 ns, Leaving safepoint: 2300 ns, Total: 5542299 ns, Threads: 0 runnable, 35 total
[3281.199s][info ][gc,start       ] GC(95) Pause Young (Allocation Failure)
[3281.203s][debug][gc,phases      ] GC(95) Scavenge 4.323ms
[3281.204s][debug][gc,ref         ] GC(95) ReferenceProcessor::execute queues: 1, RefProcThreadModel::Single, marks_oops_alive: false
[3281.204s][debug][gc,ref         ] GC(95) Skipped KeepAliveFinalRefsPhase of Reference Processing: no references
[3281.204s][debug][gc,ref         ] GC(95) Skipped PhantomRefsPhase of Reference Processing: no references
[3281.204s][debug][gc,phases      ] GC(95) Reference Processing 0.100ms
[3281.204s][debug][gc,phases      ] GC(95)   VM Weak                        Min: 0.00, Avg: 0.00, Max: 0.01, Diff: 0.01, Sum: 0.01, Workers: 4
[3281.204s][debug][gc,phases      ] GC(95)     Dead                           Min: 0, Avg:  0.0, Max: 0, Diff: 0, Sum: 0, Workers: 4
[3281.204s][debug][gc,phases      ] GC(95)     Total                          Min: 0, Avg: 210.8, Max: 832, Diff: 832, Sum: 843, Workers: 4
[3281.204s][debug][gc,phases      ] GC(95)   ObjectSynchronizer Weak        Min: 0.00, Avg: 0.00, Max: 0.00, Diff: 0.00, Sum: 0.00, Workers: 4
[3281.204s][debug][gc,phases      ] GC(95)     Dead                           Min: 0, Avg:  0.0, Max: 0, Diff: 0, Sum: 0, Workers: 4
[3281.204s][debug][gc,phases      ] GC(95)     Total                          Min: 0, Avg:  1.5, Max: 6, Diff: 6, Sum: 6, Workers: 4
[3281.204s][debug][gc,phases      ] GC(95)   JVMTI Tag Weak OopStorage      Min: 0.00, Avg: 0.00, Max: 0.00, Diff: 0.00, Sum: 0.00, Workers: 4
[3281.204s][debug][gc,phases      ] GC(95)     Dead                           Min: 0, Avg:  0.0, Max: 0, Diff: 0, Sum: 0, Workers: 4
[3281.204s][debug][gc,phases      ] GC(95)     Total                          Min: 0, Avg:  0.0, Max: 0, Diff: 0, Sum: 0, Workers: 4
[3281.204s][debug][gc,phases      ] GC(95)   StringTable Weak               Min: 0.00, Avg: 0.10, Max: 0.14, Diff: 0.14, Sum: 0.41, Workers: 4
[3281.204s][debug][gc,phases      ] GC(95)     Dead                           Min: 0, Avg:  0.0, Max: 0, Diff: 0, Sum: 0, Workers: 4
[3281.204s][debug][gc,phases      ] GC(95)     Total                          Min: 0, Avg: 12490.0, Max: 21096, Diff: 21096, Sum: 49960, Workers: 4
[3281.204s][debug][gc,phases      ] GC(95)   ResolvedMethodTable Weak       Min: 0.00, Avg: 0.04, Max: 0.05, Diff: 0.05, Sum: 0.15, Workers: 4
[3281.204s][debug][gc,phases      ] GC(95)     Dead                           Min: 0, Avg:  7.8, Max: 16, Diff: 16, Sum: 31, Workers: 4
[3281.204s][debug][gc,phases      ] GC(95)     Total                          Min: 0, Avg: 4095.5, Max: 7285, Diff: 7285, Sum: 16382, Workers: 4
[3281.204s][debug][gc,phases      ] GC(95)   JNI Weak                       Min: 0.00, Avg: 0.00, Max: 0.00, Diff: 0.00, Sum: 0.00, Workers: 4
[3281.204s][debug][gc,phases      ] GC(95)     Dead                           Min: 0, Avg:  0.0, Max: 0, Diff: 0, Sum: 0, Workers: 4
[3281.204s][debug][gc,phases      ] GC(95)     Total                          Min: 0, Avg: 13.0, Max: 52, Diff: 52, Sum: 52, Workers: 4
[3281.204s][debug][gc,phases      ] GC(95)   StringDedup Table Weak         Min: 0.00, Avg: 0.00, Max: 0.00, Diff: 0.00, Sum: 0.00, Workers: 4
[3281.204s][debug][gc,phases      ] GC(95)     Dead                           Min: 0, Avg:  0.0, Max: 0, Diff: 0, Sum: 0, Workers: 4
[3281.204s][debug][gc,phases      ] GC(95)     Total                          Min: 0, Avg:  0.0, Max: 0, Diff: 0, Sum: 0, Workers: 4
[3281.204s][debug][gc,phases      ] GC(95)   StringDedup Requests0 Weak     Min: 0.00, Avg: 0.00, Max: 0.00, Diff: 0.00, Sum: 0.00, Workers: 4
[3281.204s][debug][gc,phases      ] GC(95)     Dead                           Min: 0, Avg:  0.0, Max: 0, Diff: 0, Sum: 0, Workers: 4
[3281.204s][debug][gc,phases      ] GC(95)     Total                          Min: 0, Avg:  0.0, Max: 0, Diff: 0, Sum: 0, Workers: 4
[3281.204s][debug][gc,phases      ] GC(95)   StringDedup Requests1 Weak     Min: 0.00, Avg: 0.00, Max: 0.00, Diff: 0.00, Sum: 0.00, Workers: 4
[3281.204s][debug][gc,phases      ] GC(95)     Dead                           Min: 0, Avg:  0.0, Max: 0, Diff: 0, Sum: 0, Workers: 4
[3281.204s][debug][gc,phases      ] GC(95)     Total                          Min: 0, Avg:  0.0, Max: 0, Diff: 0, Sum: 0, Workers: 4
[3281.204s][debug][gc,phases      ] GC(95)   Weak JFR Old Object Samples    Min: 0.00, Avg: 0.00, Max: 0.00, Diff: 0.00, Sum: 0.00, Workers: 4
[3281.204s][debug][gc,phases      ] GC(95)     Dead                           Min: 0, Avg:  0.0, Max: 0, Diff: 0, Sum: 0, Workers: 4
[3281.204s][debug][gc,phases      ] GC(95)     Total                          Min: 0, Avg:  0.0, Max: 0, Diff: 0, Sum: 0, Workers: 4
[3281.204s][debug][gc,phases      ] GC(95) Weak Processing 0.409ms
[3281.204s][debug][gc,age         ] GC(95) Desired survivor size 8388608 bytes, new threshold 1 (max threshold 15)
[3281.204s][info ][gc,heap        ] GC(95) PSYoungGen: 2084736K(2088960K)->4592K(2088448K) Eden: 2080256K(2080256K)->0K(2080256K) From: 4480K(8704K)->4592K(8192K)
[3281.204s][info ][gc,heap        ] GC(95) ParOldGen: 619284K(619520K)->619888K(620032K)
[3281.204s][info ][gc,metaspace   ] GC(95) Metaspace: 109339K(110464K)->109339K(110464K) NonClass: 93557K(94208K)->93557K(94208K) Class: 15781K(16256K)->15781K(16256K)
[3281.204s][info ][gc             ] GC(95) Pause Young (Allocation Failure) 2640M->609M(2645M) 4.939ms
[3281.204s][info ][gc,cpu         ] GC(95) User=0.02s Sys=0.00s Real=0.00s
[3281.204s][info ][safepoint      ] Safepoint "ParallelCollectForAllocation", Time since last: 48596086635 ns, Reaching safepoint: 34200 ns, At safepoint: 5005494 ns, Leaving safepoint: 3700 ns, Total: 5043394 ns, Threads: 0 runnable, 35 total
[3327.648s][info ][gc,start       ] GC(96) Pause Young (Allocation Failure)
[3327.653s][debug][gc,phases      ] GC(96) Scavenge 4.270ms
[3327.653s][debug][gc,ref         ] GC(96) ReferenceProcessor::execute queues: 1, RefProcThreadModel::Single, marks_oops_alive: false
[3327.653s][debug][gc,ref         ] GC(96) Skipped KeepAliveFinalRefsPhase of Reference Processing: no references
[3327.653s][debug][gc,ref         ] GC(96) Skipped PhantomRefsPhase of Reference Processing: no references
[3327.653s][debug][gc,phases      ] GC(96) Reference Processing 0.099ms
[3327.653s][debug][gc,phases      ] GC(96)   VM Weak                        Min: 0.00, Avg: 0.00, Max: 0.01, Diff: 0.01, Sum: 0.01, Workers: 4
[3327.653s][debug][gc,phases      ] GC(96)     Dead                           Min: 0, Avg:  0.0, Max: 0, Diff: 0, Sum: 0, Workers: 4
[3327.653s][debug][gc,phases      ] GC(96)     Total                          Min: 0, Avg: 210.8, Max: 576, Diff: 576, Sum: 843, Workers: 4
[3327.653s][debug][gc,phases      ] GC(96)   ObjectSynchronizer Weak        Min: 0.00, Avg: 0.00, Max: 0.00, Diff: 0.00, Sum: 0.00, Workers: 4
[3327.653s][debug][gc,phases      ] GC(96)     Dead                           Min: 0, Avg:  0.0, Max: 0, Diff: 0, Sum: 0, Workers: 4
[3327.653s][debug][gc,phases      ] GC(96)     Total                          Min: 0, Avg:  1.5, Max: 6, Diff: 6, Sum: 6, Workers: 4
[3327.653s][debug][gc,phases      ] GC(96)   JVMTI Tag Weak OopStorage      Min: 0.00, Avg: 0.00, Max: 0.00, Diff: 0.00, Sum: 0.00, Workers: 4
[3327.653s][debug][gc,phases      ] GC(96)     Dead                           Min: 0, Avg:  0.0, Max: 0, Diff: 0, Sum: 0, Workers: 4
[3327.653s][debug][gc,phases      ] GC(96)     Total                          Min: 0, Avg:  0.0, Max: 0, Diff: 0, Sum: 0, Workers: 4
[3327.653s][debug][gc,phases      ] GC(96)   StringTable Weak               Min: 0.10, Avg: 0.13, Max: 0.14, Diff: 0.04, Sum: 0.51, Workers: 4
[3327.653s][debug][gc,phases      ] GC(96)     Dead                           Min: 0, Avg:  0.0, Max: 0, Diff: 0, Sum: 0, Workers: 4
[3327.653s][debug][gc,phases      ] GC(96)     Total                          Min: 9960, Avg: 12490.0, Max: 13376, Diff: 3416, Sum: 49960, Workers: 4
[3327.653s][debug][gc,phases      ] GC(96)   ResolvedMethodTable Weak       Min: 0.04, Avg: 0.04, Max: 0.04, Diff: 0.00, Sum: 0.16, Workers: 4
[3327.653s][debug][gc,phases      ] GC(96)     Dead                           Min: 0, Avg:  7.8, Max: 18, Diff: 18, Sum: 31, Workers: 4
[3327.653s][debug][gc,phases      ] GC(96)     Total                          Min: 4078, Avg: 4095.5, Max: 4114, Diff: 36, Sum: 16382, Workers: 4
[3327.653s][debug][gc,phases      ] GC(96)   JNI Weak                       Min: 0.00, Avg: 0.00, Max: 0.00, Diff: 0.00, Sum: 0.00, Workers: 4
[3327.653s][debug][gc,phases      ] GC(96)     Dead                           Min: 0, Avg:  0.0, Max: 0, Diff: 0, Sum: 0, Workers: 4
[3327.653s][debug][gc,phases      ] GC(96)     Total                          Min: 0, Avg: 13.0, Max: 52, Diff: 52, Sum: 52, Workers: 4
[3327.653s][debug][gc,phases      ] GC(96)   StringDedup Table Weak         Min: 0.00, Avg: 0.00, Max: 0.00, Diff: 0.00, Sum: 0.00, Workers: 4
[3327.653s][debug][gc,phases      ] GC(96)     Dead                           Min: 0, Avg:  0.0, Max: 0, Diff: 0, Sum: 0, Workers: 4
[3327.653s][debug][gc,phases      ] GC(96)     Total                          Min: 0, Avg:  0.0, Max: 0, Diff: 0, Sum: 0, Workers: 4
[3327.653s][debug][gc,phases      ] GC(96)   StringDedup Requests0 Weak     Min: 0.00, Avg: 0.00, Max: 0.00, Diff: 0.00, Sum: 0.00, Workers: 4
[3327.653s][debug][gc,phases      ] GC(96)     Dead                           Min: 0, Avg:  0.0, Max: 0, Diff: 0, Sum: 0, Workers: 4
[3327.653s][debug][gc,phases      ] GC(96)     Total                          Min: 0, Avg:  0.0, Max: 0, Diff: 0, Sum: 0, Workers: 4
[3327.653s][debug][gc,phases      ] GC(96)   StringDedup Requests1 Weak     Min: 0.00, Avg: 0.00, Max: 0.00, Diff: 0.00, Sum: 0.00, Workers: 4
[3327.653s][debug][gc,phases      ] GC(96)     Dead                           Min: 0, Avg:  0.0, Max: 0, Diff: 0, Sum: 0, Workers: 4
[3327.653s][debug][gc,phases      ] GC(96)     Total                          Min: 0, Avg:  0.0, Max: 0, Diff: 0, Sum: 0, Workers: 4
[3327.653s][debug][gc,phases      ] GC(96)   Weak JFR Old Object Samples    Min: 0.00, Avg: 0.00, Max: 0.00, Diff: 0.00, Sum: 0.00, Workers: 4
[3327.653s][debug][gc,phases      ] GC(96)     Dead                           Min: 0, Avg:  0.0, Max: 0, Diff: 0, Sum: 0, Workers: 4
[3327.653s][debug][gc,phases      ] GC(96)     Total                          Min: 0, Avg:  0.0, Max: 0, Diff: 0, Sum: 0, Workers: 4
[3327.653s][debug][gc,phases      ] GC(96) Weak Processing 0.368ms
[3327.653s][debug][gc,age         ] GC(96) Desired survivor size 7864320 bytes, new threshold 1 (max threshold 15)
[3327.653s][info ][gc,heap        ] GC(96) PSYoungGen: 2084848K(2088448K)->4912K(2089472K) Eden: 2080256K(2080256K)->0K(2081280K) From: 4592K(8192K)->4912K(8192K)
[3327.653s][info ][gc,heap        ] GC(96) ParOldGen: 619888K(620032K)->620408K(620544K)
[3327.653s][info ][gc,metaspace   ] GC(96) Metaspace: 109340K(110464K)->109340K(110464K) NonClass: 93558K(94208K)->93558K(94208K) Class: 15781K(16256K)->15781K(16256K)
[3327.653s][info ][gc             ] GC(96) Pause Young (Allocation Failure) 2641M->610M(2646M) 4.839ms
[3327.653s][info ][gc,cpu         ] GC(96) User=0.02s Sys=0.00s Real=0.01s
[3327.653s][info ][safepoint      ] Safepoint "ParallelCollectForAllocation", Time since last: 46444344432 ns, Reaching safepoint: 32100 ns, At safepoint: 4903895 ns, Leaving safepoint: 2800 ns, Total: 4938795 ns, Threads: 0 runnable, 38 total
[3372.044s][info ][gc,start       ] GC(97) Pause Young (Allocation Failure)
[3372.048s][debug][gc,phases      ] GC(97) Scavenge 4.016ms
[3372.048s][debug][gc,ref         ] GC(97) ReferenceProcessor::execute queues: 1, RefProcThreadModel::Single, marks_oops_alive: false
[3372.048s][debug][gc,ref         ] GC(97) Skipped KeepAliveFinalRefsPhase of Reference Processing: no references
[3372.048s][debug][gc,ref         ] GC(97) Skipped PhantomRefsPhase of Reference Processing: no references
[3372.048s][debug][gc,phases      ] GC(97) Reference Processing 0.106ms
[3372.049s][debug][gc,phases      ] GC(97)   VM Weak                        Min: 0.00, Avg: 0.00, Max: 0.01, Diff: 0.01, Sum: 0.01, Workers: 4
[3372.049s][debug][gc,phases      ] GC(97)     Dead                           Min: 0, Avg:  0.0, Max: 0, Diff: 0, Sum: 0, Workers: 4
[3372.049s][debug][gc,phases      ] GC(97)     Total                          Min: 0, Avg: 210.8, Max: 843, Diff: 843, Sum: 843, Workers: 4
[3372.049s][debug][gc,phases      ] GC(97)   ObjectSynchronizer Weak        Min: 0.00, Avg: 0.00, Max: 0.00, Diff: 0.00, Sum: 0.00, Workers: 4
[3372.049s][debug][gc,phases      ] GC(97)     Dead                           Min: 0, Avg:  0.0, Max: 0, Diff: 0, Sum: 0, Workers: 4
[3372.049s][debug][gc,phases      ] GC(97)     Total                          Min: 0, Avg:  1.5, Max: 6, Diff: 6, Sum: 6, Workers: 4
[3372.049s][debug][gc,phases      ] GC(97)   JVMTI Tag Weak OopStorage      Min: 0.00, Avg: 0.00, Max: 0.00, Diff: 0.00, Sum: 0.00, Workers: 4
[3372.049s][debug][gc,phases      ] GC(97)     Dead                           Min: 0, Avg:  0.0, Max: 0, Diff: 0, Sum: 0, Workers: 4
[3372.049s][debug][gc,phases      ] GC(97)     Total                          Min: 0, Avg:  0.0, Max: 0, Diff: 0, Sum: 0, Workers: 4
[3372.049s][debug][gc,phases      ] GC(97)   StringTable Weak               Min: 0.12, Avg: 0.12, Max: 0.12, Diff: 0.00, Sum: 0.49, Workers: 4
[3372.049s][debug][gc,phases      ] GC(97)     Dead                           Min: 0, Avg:  0.0, Max: 0, Diff: 0, Sum: 0, Workers: 4
[3372.049s][debug][gc,phases      ] GC(97)     Total                          Min: 12352, Avg: 12490.0, Max: 12736, Diff: 384, Sum: 49960, Workers: 4
[3372.049s][debug][gc,phases      ] GC(97)   ResolvedMethodTable Weak       Min: 0.04, Avg: 0.04, Max: 0.04, Diff: 0.00, Sum: 0.16, Workers: 4
[3372.049s][debug][gc,phases      ] GC(97)     Dead                           Min: 0, Avg:  7.8, Max: 16, Diff: 16, Sum: 31, Workers: 4
[3372.049s][debug][gc,phases      ] GC(97)     Total                          Min: 4039, Avg: 4095.5, Max: 4132, Diff: 93, Sum: 16382, Workers: 4
[3372.049s][debug][gc,phases      ] GC(97)   JNI Weak                       Min: 0.00, Avg: 0.00, Max: 0.00, Diff: 0.00, Sum: 0.00, Workers: 4
[3372.049s][debug][gc,phases      ] GC(97)     Dead                           Min: 0, Avg:  0.0, Max: 0, Diff: 0, Sum: 0, Workers: 4
[3372.049s][debug][gc,phases      ] GC(97)     Total                          Min: 0, Avg: 13.0, Max: 52, Diff: 52, Sum: 52, Workers: 4
[3372.049s][debug][gc,phases      ] GC(97)   StringDedup Table Weak         Min: 0.00, Avg: 0.00, Max: 0.00, Diff: 0.00, Sum: 0.00, Workers: 4
[3372.049s][debug][gc,phases      ] GC(97)     Dead                           Min: 0, Avg:  0.0, Max: 0, Diff: 0, Sum: 0, Workers: 4
[3372.049s][debug][gc,phases      ] GC(97)     Total                          Min: 0, Avg:  0.0, Max: 0, Diff: 0, Sum: 0, Workers: 4
[3372.049s][debug][gc,phases      ] GC(97)   StringDedup Requests0 Weak     Min: 0.00, Avg: 0.00, Max: 0.00, Diff: 0.00, Sum: 0.00, Workers: 4
[3372.049s][debug][gc,phases      ] GC(97)     Dead                           Min: 0, Avg:  0.0, Max: 0, Diff: 0, Sum: 0, Workers: 4
[3372.049s][debug][gc,phases      ] GC(97)     Total                          Min: 0, Avg:  0.0, Max: 0, Diff: 0, Sum: 0, Workers: 4
[3372.049s][debug][gc,phases      ] GC(97)   StringDedup Requests1 Weak     Min: 0.00, Avg: 0.00, Max: 0.00, Diff: 0.00, Sum: 0.00, Workers: 4
[3372.049s][debug][gc,phases      ] GC(97)     Dead                           Min: 0, Avg:  0.0, Max: 0, Diff: 0, Sum: 0, Workers: 4
[3372.049s][debug][gc,phases      ] GC(97)     Total                          Min: 0, Avg:  0.0, Max: 0, Diff: 0, Sum: 0, Workers: 4
[3372.049s][debug][gc,phases      ] GC(97)   Weak JFR Old Object Samples    Min: 0.00, Avg: 0.00, Max: 0.00, Diff: 0.00, Sum: 0.00, Workers: 4
[3372.049s][debug][gc,phases      ] GC(97)     Dead                           Min: 0, Avg:  0.0, Max: 0, Diff: 0, Sum: 0, Workers: 4
[3372.049s][debug][gc,phases      ] GC(97)     Total                          Min: 0, Avg:  0.0, Max: 0, Diff: 0, Sum: 0, Workers: 4
[3372.049s][debug][gc,phases      ] GC(97) Weak Processing 0.332ms
[3372.049s][debug][gc,age         ] GC(97) Desired survivor size 7864320 bytes, new threshold 1 (max threshold 15)
[3372.049s][info ][gc,heap        ] GC(97) PSYoungGen: 2086192K(2089472K)->4240K(2088960K) Eden: 2081280K(2081280K)->0K(2081280K) From: 4912K(8192K)->4240K(7680K)
[3372.049s][info ][gc,heap        ] GC(97) ParOldGen: 620408K(620544K)->621160K(621568K)
[3372.049s][info ][gc,metaspace   ] GC(97) Metaspace: 109345K(110464K)->109345K(110464K) NonClass: 93564K(94208K)->93564K(94208K) Class: 15781K(16256K)->15781K(16256K)
[3372.049s][info ][gc             ] GC(97) Pause Young (Allocation Failure) 2643M->610M(2647M) 4.586ms
[3372.049s][info ][gc,cpu         ] GC(97) User=0.02s Sys=0.00s Real=0.00s
[3372.049s][info ][safepoint      ] Safepoint "ParallelCollectForAllocation", Time since last: 44390673366 ns, Reaching safepoint: 83199 ns, At safepoint: 4647195 ns, Leaving safepoint: 10100 ns, Total: 4740494 ns, Threads: 1 runnable, 34 total
[3424.948s][info ][gc,start       ] GC(98) Pause Young (Allocation Failure)
[3424.952s][debug][gc,phases      ] GC(98) Scavenge 4.766ms
[3424.952s][debug][gc,ref         ] GC(98) ReferenceProcessor::execute queues: 1, RefProcThreadModel::Single, marks_oops_alive: false
[3424.952s][debug][gc,ref         ] GC(98) Skipped KeepAliveFinalRefsPhase of Reference Processing: no references
[3424.952s][debug][gc,ref         ] GC(98) Skipped PhantomRefsPhase of Reference Processing: no references
[3424.952s][debug][gc,phases      ] GC(98) Reference Processing 0.104ms
[3424.953s][debug][gc,phases      ] GC(98)   VM Weak                        Min: 0.00, Avg: 0.00, Max: 0.01, Diff: 0.01, Sum: 0.01, Workers: 4
[3424.953s][debug][gc,phases      ] GC(98)     Dead                           Min: 0, Avg:  0.0, Max: 0, Diff: 0, Sum: 0, Workers: 4
[3424.953s][debug][gc,phases      ] GC(98)     Total                          Min: 0, Avg: 210.8, Max: 779, Diff: 779, Sum: 843, Workers: 4
[3424.953s][debug][gc,phases      ] GC(98)   ObjectSynchronizer Weak        Min: 0.00, Avg: 0.00, Max: 0.00, Diff: 0.00, Sum: 0.00, Workers: 4
[3424.953s][debug][gc,phases      ] GC(98)     Dead                           Min: 0, Avg:  0.0, Max: 0, Diff: 0, Sum: 0, Workers: 4
[3424.953s][debug][gc,phases      ] GC(98)     Total                          Min: 0, Avg:  1.5, Max: 6, Diff: 6, Sum: 6, Workers: 4
[3424.953s][debug][gc,phases      ] GC(98)   JVMTI Tag Weak OopStorage      Min: 0.00, Avg: 0.00, Max: 0.00, Diff: 0.00, Sum: 0.00, Workers: 4
[3424.953s][debug][gc,phases      ] GC(98)     Dead                           Min: 0, Avg:  0.0, Max: 0, Diff: 0, Sum: 0, Workers: 4
[3424.953s][debug][gc,phases      ] GC(98)     Total                          Min: 0, Avg:  0.0, Max: 0, Diff: 0, Sum: 0, Workers: 4
[3424.953s][debug][gc,phases      ] GC(98)   StringTable Weak               Min: 0.00, Avg: 0.10, Max: 0.14, Diff: 0.14, Sum: 0.41, Workers: 4
[3424.953s][debug][gc,phases      ] GC(98)     Dead                           Min: 0, Avg:  0.2, Max: 1, Diff: 1, Sum: 1, Workers: 4
[3424.953s][debug][gc,phases      ] GC(98)     Total                          Min: 0, Avg: 12494.0, Max: 21183, Diff: 21183, Sum: 49976, Workers: 4
[3424.953s][debug][gc,phases      ] GC(98)   ResolvedMethodTable Weak       Min: 0.00, Avg: 0.04, Max: 0.05, Diff: 0.05, Sum: 0.14, Workers: 4
[3424.953s][debug][gc,phases      ] GC(98)     Dead                           Min: 0, Avg:  7.8, Max: 19, Diff: 19, Sum: 31, Workers: 4
[3424.953s][debug][gc,phases      ] GC(98)     Total                          Min: 0, Avg: 4098.2, Max: 6687, Diff: 6687, Sum: 16393, Workers: 4
[3424.953s][debug][gc,phases      ] GC(98)   JNI Weak                       Min: 0.00, Avg: 0.00, Max: 0.00, Diff: 0.00, Sum: 0.00, Workers: 4
[3424.953s][debug][gc,phases      ] GC(98)     Dead                           Min: 0, Avg:  0.0, Max: 0, Diff: 0, Sum: 0, Workers: 4
[3424.953s][debug][gc,phases      ] GC(98)     Total                          Min: 0, Avg: 13.0, Max: 52, Diff: 52, Sum: 52, Workers: 4
[3424.953s][debug][gc,phases      ] GC(98)   StringDedup Table Weak         Min: 0.00, Avg: 0.00, Max: 0.00, Diff: 0.00, Sum: 0.00, Workers: 4
[3424.953s][debug][gc,phases      ] GC(98)     Dead                           Min: 0, Avg:  0.0, Max: 0, Diff: 0, Sum: 0, Workers: 4
[3424.953s][debug][gc,phases      ] GC(98)     Total                          Min: 0, Avg:  0.0, Max: 0, Diff: 0, Sum: 0, Workers: 4
[3424.953s][debug][gc,phases      ] GC(98)   StringDedup Requests0 Weak     Min: 0.00, Avg: 0.00, Max: 0.00, Diff: 0.00, Sum: 0.00, Workers: 4
[3424.953s][debug][gc,phases      ] GC(98)     Dead                           Min: 0, Avg:  0.0, Max: 0, Diff: 0, Sum: 0, Workers: 4
[3424.953s][debug][gc,phases      ] GC(98)     Total                          Min: 0, Avg:  0.0, Max: 0, Diff: 0, Sum: 0, Workers: 4
[3424.953s][debug][gc,phases      ] GC(98)   StringDedup Requests1 Weak     Min: 0.00, Avg: 0.00, Max: 0.00, Diff: 0.00, Sum: 0.00, Workers: 4
[3424.953s][debug][gc,phases      ] GC(98)     Dead                           Min: 0, Avg:  0.0, Max: 0, Diff: 0, Sum: 0, Workers: 4
[3424.953s][debug][gc,phases      ] GC(98)     Total                          Min: 0, Avg:  0.0, Max: 0, Diff: 0, Sum: 0, Workers: 4
[3424.953s][debug][gc,phases      ] GC(98)   Weak JFR Old Object Samples    Min: 0.00, Avg: 0.00, Max: 0.00, Diff: 0.00, Sum: 0.00, Workers: 4
[3424.953s][debug][gc,phases      ] GC(98)     Dead                           Min: 0, Avg:  0.0, Max: 0, Diff: 0, Sum: 0, Workers: 4
[3424.953s][debug][gc,phases      ] GC(98)     Total                          Min: 0, Avg:  0.0, Max: 0, Diff: 0, Sum: 0, Workers: 4
[3424.953s][debug][gc,phases      ] GC(98) Weak Processing 0.394ms
[3424.953s][debug][gc,age         ] GC(98) Desired survivor size 7340032 bytes, new threshold 1 (max threshold 15)
[3424.953s][info ][gc,heap        ] GC(98) PSYoungGen: 2085520K(2088960K)->4528K(2089984K) Eden: 2081280K(2081280K)->0K(2082304K) From: 4240K(7680K)->4528K(7680K)
[3424.953s][info ][gc,heap        ] GC(98) ParOldGen: 621160K(621568K)->621708K(622080K)
[3424.953s][info ][gc,metaspace   ] GC(98) Metaspace: 109366K(110464K)->109366K(110464K) NonClass: 93581K(94208K)->93581K(94208K) Class: 15785K(16256K)->15785K(16256K)
[3424.953s][info ][gc             ] GC(98) Pause Young (Allocation Failure) 2643M->611M(2648M) 5.389ms
[3424.953s][info ][gc,cpu         ] GC(98) User=0.02s Sys=0.00s Real=0.01s
[3424.953s][info ][safepoint      ] Safepoint "ParallelCollectForAllocation", Time since last: 52898697560 ns, Reaching safepoint: 8100 ns, At safepoint: 5458494 ns, Leaving safepoint: 6800 ns, Total: 5473394 ns, Threads: 0 runnable, 35 total
[3476.998s][info ][gc,start       ] GC(99) Pause Young (Allocation Failure)
[3477.002s][debug][gc,phases      ] GC(99) Scavenge 4.246ms
[3477.002s][debug][gc,ref         ] GC(99) ReferenceProcessor::execute queues: 1, RefProcThreadModel::Single, marks_oops_alive: false
[3477.002s][debug][gc,ref         ] GC(99) Skipped KeepAliveFinalRefsPhase of Reference Processing: no references
[3477.002s][debug][gc,ref         ] GC(99) Skipped PhantomRefsPhase of Reference Processing: no references
[3477.002s][debug][gc,phases      ] GC(99) Reference Processing 0.101ms
[3477.003s][debug][gc,phases      ] GC(99)   VM Weak                        Min: 0.00, Avg: 0.00, Max: 0.01, Diff: 0.01, Sum: 0.01, Workers: 4
[3477.003s][debug][gc,phases      ] GC(99)     Dead                           Min: 0, Avg:  0.0, Max: 0, Diff: 0, Sum: 0, Workers: 4
[3477.003s][debug][gc,phases      ] GC(99)     Total                          Min: 0, Avg: 210.8, Max: 843, Diff: 843, Sum: 843, Workers: 4
[3477.003s][debug][gc,phases      ] GC(99)   ObjectSynchronizer Weak        Min: 0.00, Avg: 0.00, Max: 0.00, Diff: 0.00, Sum: 0.00, Workers: 4
[3477.003s][debug][gc,phases      ] GC(99)     Dead                           Min: 0, Avg:  0.0, Max: 0, Diff: 0, Sum: 0, Workers: 4
[3477.003s][debug][gc,phases      ] GC(99)     Total                          Min: 0, Avg:  1.5, Max: 6, Diff: 6, Sum: 6, Workers: 4
[3477.003s][debug][gc,phases      ] GC(99)   JVMTI Tag Weak OopStorage      Min: 0.00, Avg: 0.00, Max: 0.00, Diff: 0.00, Sum: 0.00, Workers: 4
[3477.003s][debug][gc,phases      ] GC(99)     Dead                           Min: 0, Avg:  0.0, Max: 0, Diff: 0, Sum: 0, Workers: 4
[3477.003s][debug][gc,phases      ] GC(99)     Total                          Min: 0, Avg:  0.0, Max: 0, Diff: 0, Sum: 0, Workers: 4
[3477.003s][debug][gc,phases      ] GC(99)   StringTable Weak               Min: 0.11, Avg: 0.12, Max: 0.12, Diff: 0.00, Sum: 0.46, Workers: 4
[3477.003s][debug][gc,phases      ] GC(99)     Dead                           Min: 0, Avg:  0.0, Max: 0, Diff: 0, Sum: 0, Workers: 4
[3477.003s][debug][gc,phases      ] GC(99)     Total                          Min: 12224, Avg: 12494.0, Max: 12672, Diff: 448, Sum: 49976, Workers: 4
[3477.003s][debug][gc,phases      ] GC(99)   ResolvedMethodTable Weak       Min: 0.04, Avg: 0.04, Max: 0.04, Diff: 0.00, Sum: 0.16, Workers: 4
[3477.003s][debug][gc,phases      ] GC(99)     Dead                           Min: 0, Avg:  7.8, Max: 12, Diff: 12, Sum: 31, Workers: 4
[3477.003s][debug][gc,phases      ] GC(99)     Total                          Min: 3903, Avg: 3961.2, Max: 4016, Diff: 113, Sum: 15845, Workers: 4
[3477.003s][debug][gc,phases      ] GC(99)   JNI Weak                       Min: 0.00, Avg: 0.00, Max: 0.00, Diff: 0.00, Sum: 0.00, Workers: 4
[3477.003s][debug][gc,phases      ] GC(99)     Dead                           Min: 0, Avg:  0.0, Max: 0, Diff: 0, Sum: 0, Workers: 4
[3477.003s][debug][gc,phases      ] GC(99)     Total                          Min: 0, Avg: 13.0, Max: 52, Diff: 52, Sum: 52, Workers: 4
[3477.003s][debug][gc,phases      ] GC(99)   StringDedup Table Weak         Min: 0.00, Avg: 0.00, Max: 0.00, Diff: 0.00, Sum: 0.00, Workers: 4
[3477.003s][debug][gc,phases      ] GC(99)     Dead                           Min: 0, Avg:  0.0, Max: 0, Diff: 0, Sum: 0, Workers: 4
[3477.003s][debug][gc,phases      ] GC(99)     Total                          Min: 0, Avg:  0.0, Max: 0, Diff: 0, Sum: 0, Workers: 4
[3477.003s][debug][gc,phases      ] GC(99)   StringDedup Requests0 Weak     Min: 0.00, Avg: 0.00, Max: 0.00, Diff: 0.00, Sum: 0.00, Workers: 4
[3477.003s][debug][gc,phases      ] GC(99)     Dead                           Min: 0, Avg:  0.0, Max: 0, Diff: 0, Sum: 0, Workers: 4
[3477.003s][debug][gc,phases      ] GC(99)     Total                          Min: 0, Avg:  0.0, Max: 0, Diff: 0, Sum: 0, Workers: 4
[3477.003s][debug][gc,phases      ] GC(99)   StringDedup Requests1 Weak     Min: 0.00, Avg: 0.00, Max: 0.00, Diff: 0.00, Sum: 0.00, Workers: 4
[3477.003s][debug][gc,phases      ] GC(99)     Dead                           Min: 0, Avg:  0.0, Max: 0, Diff: 0, Sum: 0, Workers: 4
[3477.003s][debug][gc,phases      ] GC(99)     Total                          Min: 0, Avg:  0.0, Max: 0, Diff: 0, Sum: 0, Workers: 4
[3477.003s][debug][gc,phases      ] GC(99)   Weak JFR Old Object Samples    Min: 0.00, Avg: 0.00, Max: 0.00, Diff: 0.00, Sum: 0.00, Workers: 4
[3477.003s][debug][gc,phases      ] GC(99)     Dead                           Min: 0, Avg:  0.0, Max: 0, Diff: 0, Sum: 0, Workers: 4
[3477.003s][debug][gc,phases      ] GC(99)     Total                          Min: 0, Avg:  0.0, Max: 0, Diff: 0, Sum: 0, Workers: 4
[3477.003s][debug][gc,phases      ] GC(99) Weak Processing 0.337ms
[3477.003s][debug][gc,age         ] GC(99) Desired survivor size 7340032 bytes, new threshold 1 (max threshold 15)
[3477.003s][info ][gc,heap        ] GC(99) PSYoungGen: 2086832K(2089984K)->4912K(2089472K) Eden: 2082304K(2082304K)->0K(2082304K) From: 4528K(7680K)->4912K(7168K)
[3477.003s][info ][gc,heap        ] GC(99) ParOldGen: 621708K(622080K)->622341K(622592K)
[3477.003s][info ][gc,metaspace   ] GC(99) Metaspace: 109374K(110464K)->109374K(110464K) NonClass: 93589K(94208K)->93589K(94208K) Class: 15785K(16256K)->15785K(16256K)
[3477.003s][info ][gc             ] GC(99) Pause Young (Allocation Failure) 2645M->612M(2648M) 4.829ms
[3477.003s][info ][gc,cpu         ] GC(99) User=0.02s Sys=0.00s Real=0.01s
[3477.003s][info ][safepoint      ] Safepoint "ParallelCollectForAllocation", Time since last: 52044956927 ns, Reaching safepoint: 6000 ns, At safepoint: 4896194 ns, Leaving safepoint: 2200 ns, Total: 4904394 ns, Threads: 0 runnable, 34 total
[3524.400s][info ][gc,start       ] GC(100) Pause Young (Allocation Failure)
[3524.406s][debug][gc,phases      ] GC(100) Scavenge 5.611ms
[3524.406s][debug][gc,ref         ] GC(100) ReferenceProcessor::execute queues: 1, RefProcThreadModel::Single, marks_oops_alive: false
[3524.406s][debug][gc,ref         ] GC(100) Skipped KeepAliveFinalRefsPhase of Reference Processing: no references
[3524.406s][debug][gc,ref         ] GC(100) Skipped PhantomRefsPhase of Reference Processing: no references
[3524.406s][debug][gc,phases      ] GC(100) Reference Processing 0.127ms
[3524.406s][debug][gc,phases      ] GC(100)   VM Weak                        Min: 0.00, Avg: 0.00, Max: 0.01, Diff: 0.01, Sum: 0.01, Workers: 4
[3524.406s][debug][gc,phases      ] GC(100)     Dead                           Min: 0, Avg:  0.0, Max: 0, Diff: 0, Sum: 0, Workers: 4
[3524.406s][debug][gc,phases      ] GC(100)     Total                          Min: 0, Avg: 210.8, Max: 523, Diff: 523, Sum: 843, Workers: 4
[3524.406s][debug][gc,phases      ] GC(100)   ObjectSynchronizer Weak        Min: 0.00, Avg: 0.00, Max: 0.00, Diff: 0.00, Sum: 0.00, Workers: 4
[3524.406s][debug][gc,phases      ] GC(100)     Dead                           Min: 0, Avg:  0.0, Max: 0, Diff: 0, Sum: 0, Workers: 4
[3524.406s][debug][gc,phases      ] GC(100)     Total                          Min: 0, Avg:  1.5, Max: 6, Diff: 6, Sum: 6, Workers: 4
[3524.406s][debug][gc,phases      ] GC(100)   JVMTI Tag Weak OopStorage      Min: 0.00, Avg: 0.00, Max: 0.00, Diff: 0.00, Sum: 0.00, Workers: 4
[3524.406s][debug][gc,phases      ] GC(100)     Dead                           Min: 0, Avg:  0.0, Max: 0, Diff: 0, Sum: 0, Workers: 4
[3524.406s][debug][gc,phases      ] GC(100)     Total                          Min: 0, Avg:  0.0, Max: 0, Diff: 0, Sum: 0, Workers: 4
[3524.406s][debug][gc,phases      ] GC(100)   StringTable Weak               Min: 0.12, Avg: 0.12, Max: 0.12, Diff: 0.00, Sum: 0.48, Workers: 4
[3524.406s][debug][gc,phases      ] GC(100)     Dead                           Min: 0, Avg:  0.0, Max: 0, Diff: 0, Sum: 0, Workers: 4
[3524.406s][debug][gc,phases      ] GC(100)     Total                          Min: 11834, Avg: 12494.2, Max: 13440, Diff: 1606, Sum: 49977, Workers: 4
[3524.406s][debug][gc,phases      ] GC(100)   ResolvedMethodTable Weak       Min: 0.04, Avg: 0.04, Max: 0.04, Diff: 0.00, Sum: 0.16, Workers: 4
[3524.406s][debug][gc,phases      ] GC(100)     Dead                           Min: 0, Avg:  5.0, Max: 20, Diff: 20, Sum: 20, Workers: 4
[3524.406s][debug][gc,phases      ] GC(100)     Total                          Min: 3734, Avg: 3961.2, Max: 4196, Diff: 462, Sum: 15845, Workers: 4
[3524.406s][debug][gc,phases      ] GC(100)   JNI Weak                       Min: 0.00, Avg: 0.00, Max: 0.00, Diff: 0.00, Sum: 0.00, Workers: 4
[3524.406s][debug][gc,phases      ] GC(100)     Dead                           Min: 0, Avg:  0.0, Max: 0, Diff: 0, Sum: 0, Workers: 4
[3524.406s][debug][gc,phases      ] GC(100)     Total                          Min: 0, Avg: 13.0, Max: 52, Diff: 52, Sum: 52, Workers: 4
[3524.406s][debug][gc,phases      ] GC(100)   StringDedup Table Weak         Min: 0.00, Avg: 0.00, Max: 0.00, Diff: 0.00, Sum: 0.00, Workers: 4
[3524.406s][debug][gc,phases      ] GC(100)     Dead                           Min: 0, Avg:  0.0, Max: 0, Diff: 0, Sum: 0, Workers: 4
[3524.406s][debug][gc,phases      ] GC(100)     Total                          Min: 0, Avg:  0.0, Max: 0, Diff: 0, Sum: 0, Workers: 4
[3524.406s][debug][gc,phases      ] GC(100)   StringDedup Requests0 Weak     Min: 0.00, Avg: 0.00, Max: 0.00, Diff: 0.00, Sum: 0.00, Workers: 4
[3524.406s][debug][gc,phases      ] GC(100)     Dead                           Min: 0, Avg:  0.0, Max: 0, Diff: 0, Sum: 0, Workers: 4
[3524.406s][debug][gc,phases      ] GC(100)     Total                          Min: 0, Avg:  0.0, Max: 0, Diff: 0, Sum: 0, Workers: 4
[3524.406s][debug][gc,phases      ] GC(100)   StringDedup Requests1 Weak     Min: 0.00, Avg: 0.00, Max: 0.00, Diff: 0.00, Sum: 0.00, Workers: 4
[3524.406s][debug][gc,phases      ] GC(100)     Dead                           Min: 0, Avg:  0.0, Max: 0, Diff: 0, Sum: 0, Workers: 4
[3524.406s][debug][gc,phases      ] GC(100)     Total                          Min: 0, Avg:  0.0, Max: 0, Diff: 0, Sum: 0, Workers: 4
[3524.406s][debug][gc,phases      ] GC(100)   Weak JFR Old Object Samples    Min: 0.00, Avg: 0.00, Max: 0.00, Diff: 0.00, Sum: 0.00, Workers: 4
[3524.406s][debug][gc,phases      ] GC(100)     Dead                           Min: 0, Avg:  0.0, Max: 0, Diff: 0, Sum: 0, Workers: 4
[3524.406s][debug][gc,phases      ] GC(100)     Total                          Min: 0, Avg:  0.0, Max: 0, Diff: 0, Sum: 0, Workers: 4
[3524.406s][debug][gc,phases      ] GC(100) Weak Processing 0.362ms
[3524.406s][debug][gc,age         ] GC(100) Desired survivor size 7340032 bytes, new threshold 1 (max threshold 15)
[3524.406s][info ][gc,heap        ] GC(100) PSYoungGen: 2087216K(2089472K)->5293K(2089984K) Eden: 2082304K(2082304K)->0K(2082816K) From: 4912K(7168K)->5293K(7168K)
[3524.406s][info ][gc,heap        ] GC(100) ParOldGen: 622341K(622592K)->623721K(624128K)
[3524.406s][info ][gc,metaspace   ] GC(100) Metaspace: 109390K(110464K)->109390K(110464K) NonClass: 93604K(94208K)->93604K(94208K) Class: 15785K(16256K)->15785K(16256K)
[3524.406s][info ][gc             ] GC(100) Pause Young (Allocation Failure) 2646M->614M(2650M) 6.214ms
[3524.406s][info ][gc,cpu         ] GC(100) User=0.02s Sys=0.00s Real=0.00s
[3524.406s][info ][safepoint      ] Safepoint "ParallelCollectForAllocation", Time since last: 47397329979 ns, Reaching safepoint: 40700 ns, At safepoint: 6280999 ns, Leaving safepoint: 3000 ns, Total: 6324699 ns, Threads: 0 runnable, 34 total
[3582.951s][info ][gc,start       ] GC(101) Pause Young (Allocation Failure)
[3582.956s][debug][gc,phases      ] GC(101) Scavenge 4.285ms
[3582.956s][debug][gc,ref         ] GC(101) ReferenceProcessor::execute queues: 1, RefProcThreadModel::Single, marks_oops_alive: false
[3582.956s][debug][gc,ref         ] GC(101) Skipped KeepAliveFinalRefsPhase of Reference Processing: no references
[3582.956s][debug][gc,ref         ] GC(101) Skipped PhantomRefsPhase of Reference Processing: no references
[3582.956s][debug][gc,phases      ] GC(101) Reference Processing 0.103ms
[3582.956s][debug][gc,phases      ] GC(101)   VM Weak                        Min: 0.00, Avg: 0.00, Max: 0.01, Diff: 0.01, Sum: 0.01, Workers: 4
[3582.956s][debug][gc,phases      ] GC(101)     Dead                           Min: 0, Avg:  0.0, Max: 0, Diff: 0, Sum: 0, Workers: 4
[3582.956s][debug][gc,phases      ] GC(101)     Total                          Min: 0, Avg: 210.8, Max: 715, Diff: 715, Sum: 843, Workers: 4
[3582.956s][debug][gc,phases      ] GC(101)   ObjectSynchronizer Weak        Min: 0.00, Avg: 0.00, Max: 0.00, Diff: 0.00, Sum: 0.00, Workers: 4
[3582.956s][debug][gc,phases      ] GC(101)     Dead                           Min: 0, Avg:  0.0, Max: 0, Diff: 0, Sum: 0, Workers: 4
[3582.956s][debug][gc,phases      ] GC(101)     Total                          Min: 0, Avg:  1.5, Max: 6, Diff: 6, Sum: 6, Workers: 4
[3582.956s][debug][gc,phases      ] GC(101)   JVMTI Tag Weak OopStorage      Min: 0.00, Avg: 0.00, Max: 0.00, Diff: 0.00, Sum: 0.00, Workers: 4
[3582.956s][debug][gc,phases      ] GC(101)     Dead                           Min: 0, Avg:  0.0, Max: 0, Diff: 0, Sum: 0, Workers: 4
[3582.956s][debug][gc,phases      ] GC(101)     Total                          Min: 0, Avg:  0.0, Max: 0, Diff: 0, Sum: 0, Workers: 4
[3582.956s][debug][gc,phases      ] GC(101)   StringTable Weak               Min: 0.08, Avg: 0.13, Max: 0.15, Diff: 0.07, Sum: 0.51, Workers: 4
[3582.956s][debug][gc,phases      ] GC(101)     Dead                           Min: 0, Avg:  0.0, Max: 0, Diff: 0, Sum: 0, Workers: 4
[3582.956s][debug][gc,phases      ] GC(101)     Total                          Min: 7360, Avg: 12494.2, Max: 14848, Diff: 7488, Sum: 49977, Workers: 4
[3582.956s][debug][gc,phases      ] GC(101)   ResolvedMethodTable Weak       Min: 0.04, Avg: 0.04, Max: 0.04, Diff: 0.00, Sum: 0.16, Workers: 4
[3582.956s][debug][gc,phases      ] GC(101)     Dead                           Min: 0, Avg:  5.0, Max: 14, Diff: 14, Sum: 20, Workers: 4
[3582.956s][debug][gc,phases      ] GC(101)     Total                          Min: 3839, Avg: 3961.2, Max: 4051, Diff: 212, Sum: 15845, Workers: 4
[3582.956s][debug][gc,phases      ] GC(101)   JNI Weak                       Min: 0.00, Avg: 0.00, Max: 0.00, Diff: 0.00, Sum: 0.00, Workers: 4
[3582.956s][debug][gc,phases      ] GC(101)     Dead                           Min: 0, Avg:  0.0, Max: 0, Diff: 0, Sum: 0, Workers: 4
[3582.956s][debug][gc,phases      ] GC(101)     Total                          Min: 0, Avg: 13.0, Max: 52, Diff: 52, Sum: 52, Workers: 4
[3582.956s][debug][gc,phases      ] GC(101)   StringDedup Table Weak         Min: 0.00, Avg: 0.00, Max: 0.00, Diff: 0.00, Sum: 0.00, Workers: 4
[3582.956s][debug][gc,phases      ] GC(101)     Dead                           Min: 0, Avg:  0.0, Max: 0, Diff: 0, Sum: 0, Workers: 4
[3582.956s][debug][gc,phases      ] GC(101)     Total                          Min: 0, Avg:  0.0, Max: 0, Diff: 0, Sum: 0, Workers: 4
[3582.956s][debug][gc,phases      ] GC(101)   StringDedup Requests0 Weak     Min: 0.00, Avg: 0.00, Max: 0.00, Diff: 0.00, Sum: 0.00, Workers: 4
[3582.956s][debug][gc,phases      ] GC(101)     Dead                           Min: 0, Avg:  0.0, Max: 0, Diff: 0, Sum: 0, Workers: 4
[3582.956s][debug][gc,phases      ] GC(101)     Total                          Min: 0, Avg:  0.0, Max: 0, Diff: 0, Sum: 0, Workers: 4
[3582.956s][debug][gc,phases      ] GC(101)   StringDedup Requests1 Weak     Min: 0.00, Avg: 0.00, Max: 0.00, Diff: 0.00, Sum: 0.00, Workers: 4
[3582.956s][debug][gc,phases      ] GC(101)     Dead                           Min: 0, Avg:  0.0, Max: 0, Diff: 0, Sum: 0, Workers: 4
[3582.956s][debug][gc,phases      ] GC(101)     Total                          Min: 0, Avg:  0.0, Max: 0, Diff: 0, Sum: 0, Workers: 4
[3582.956s][debug][gc,phases      ] GC(101)   Weak JFR Old Object Samples    Min: 0.00, Avg: 0.00, Max: 0.00, Diff: 0.00, Sum: 0.00, Workers: 4
[3582.956s][debug][gc,phases      ] GC(101)     Dead                           Min: 0, Avg:  0.0, Max: 0, Diff: 0, Sum: 0, Workers: 4
[3582.956s][debug][gc,phases      ] GC(101)     Total                          Min: 0, Avg:  0.0, Max: 0, Diff: 0, Sum: 0, Workers: 4
[3582.956s][debug][gc,phases      ] GC(101) Weak Processing 0.373ms
[3582.956s][debug][gc,age         ] GC(101) Desired survivor size 7340032 bytes, new threshold 1 (max threshold 15)
[3582.956s][info ][gc,heap        ] GC(101) PSYoungGen: 2088109K(2089984K)->4973K(2089984K) Eden: 2082816K(2082816K)->0K(2082816K) From: 5293K(7168K)->4973K(7168K)
[3582.956s][info ][gc,heap        ] GC(101) ParOldGen: 623721K(624128K)->624885K(625152K)
[3582.956s][info ][gc,metaspace   ] GC(101) Metaspace: 109391K(110528K)->109391K(110528K) NonClass: 93605K(94272K)->93605K(94272K) Class: 15785K(16256K)->15785K(16256K)
[3582.956s][info ][gc             ] GC(101) Pause Young (Allocation Failure) 2648M->615M(2651M) 4.869ms
[3582.956s][info ][gc,cpu         ] GC(101) User=0.01s Sys=0.00s Real=0.00s
[3582.956s][info ][safepoint      ] Safepoint "ParallelCollectForAllocation", Time since last: 58544829704 ns, Reaching safepoint: 111300 ns, At safepoint: 4932098 ns, Leaving safepoint: 11900 ns, Total: 5055298 ns, Threads: 1 runnable, 34 total
[3646.349s][info ][gc,start       ] GC(102) Pause Young (Allocation Failure)
[3646.353s][debug][gc,phases      ] GC(102) Scavenge 3.481ms
[3646.353s][debug][gc,ref         ] GC(102) ReferenceProcessor::execute queues: 1, RefProcThreadModel::Single, marks_oops_alive: false
[3646.353s][debug][gc,ref         ] GC(102) Skipped KeepAliveFinalRefsPhase of Reference Processing: no references
[3646.353s][debug][gc,ref         ] GC(102) Skipped PhantomRefsPhase of Reference Processing: no references
[3646.353s][debug][gc,phases      ] GC(102) Reference Processing 0.136ms
[3646.353s][debug][gc,phases      ] GC(102)   VM Weak                        Min: 0.00, Avg: 0.00, Max: 0.00, Diff: 0.00, Sum: 0.01, Workers: 4
[3646.353s][debug][gc,phases      ] GC(102)     Dead                           Min: 0, Avg:  0.0, Max: 0, Diff: 0, Sum: 0, Workers: 4
[3646.353s][debug][gc,phases      ] GC(102)     Total                          Min: 0, Avg: 210.8, Max: 448, Diff: 448, Sum: 843, Workers: 4
[3646.353s][debug][gc,phases      ] GC(102)   ObjectSynchronizer Weak        Min: 0.00, Avg: 0.00, Max: 0.00, Diff: 0.00, Sum: 0.00, Workers: 4
[3646.353s][debug][gc,phases      ] GC(102)     Dead                           Min: 0, Avg:  0.0, Max: 0, Diff: 0, Sum: 0, Workers: 4
[3646.353s][debug][gc,phases      ] GC(102)     Total                          Min: 0, Avg:  1.5, Max: 6, Diff: 6, Sum: 6, Workers: 4
[3646.353s][debug][gc,phases      ] GC(102)   JVMTI Tag Weak OopStorage      Min: 0.00, Avg: 0.00, Max: 0.00, Diff: 0.00, Sum: 0.00, Workers: 4
[3646.353s][debug][gc,phases      ] GC(102)     Dead                           Min: 0, Avg:  0.0, Max: 0, Diff: 0, Sum: 0, Workers: 4
[3646.353s][debug][gc,phases      ] GC(102)     Total                          Min: 0, Avg:  0.0, Max: 0, Diff: 0, Sum: 0, Workers: 4
[3646.353s][debug][gc,phases      ] GC(102)   StringTable Weak               Min: 0.12, Avg: 0.12, Max: 0.12, Diff: 0.00, Sum: 0.49, Workers: 4
[3646.353s][debug][gc,phases      ] GC(102)     Dead                           Min: 0, Avg:  0.0, Max: 0, Diff: 0, Sum: 0, Workers: 4
[3646.353s][debug][gc,phases      ] GC(102)     Total                          Min: 12224, Avg: 12495.8, Max: 12800, Diff: 576, Sum: 49983, Workers: 4
[3646.353s][debug][gc,phases      ] GC(102)   ResolvedMethodTable Weak       Min: 0.04, Avg: 0.04, Max: 0.04, Diff: 0.00, Sum: 0.16, Workers: 4
[3646.353s][debug][gc,phases      ] GC(102)     Dead                           Min: 0, Avg:  7.2, Max: 20, Diff: 20, Sum: 29, Workers: 4
[3646.353s][debug][gc,phases      ] GC(102)     Total                          Min: 3861, Avg: 3963.5, Max: 4054, Diff: 193, Sum: 15854, Workers: 4
[3646.353s][debug][gc,phases      ] GC(102)   JNI Weak                       Min: 0.00, Avg: 0.00, Max: 0.00, Diff: 0.00, Sum: 0.00, Workers: 4
[3646.353s][debug][gc,phases      ] GC(102)     Dead                           Min: 0, Avg:  0.0, Max: 0, Diff: 0, Sum: 0, Workers: 4
[3646.353s][debug][gc,phases      ] GC(102)     Total                          Min: 0, Avg: 13.0, Max: 52, Diff: 52, Sum: 52, Workers: 4
[3646.353s][debug][gc,phases      ] GC(102)   StringDedup Table Weak         Min: 0.00, Avg: 0.00, Max: 0.00, Diff: 0.00, Sum: 0.00, Workers: 4
[3646.353s][debug][gc,phases      ] GC(102)     Dead                           Min: 0, Avg:  0.0, Max: 0, Diff: 0, Sum: 0, Workers: 4
[3646.353s][debug][gc,phases      ] GC(102)     Total                          Min: 0, Avg:  0.0, Max: 0, Diff: 0, Sum: 0, Workers: 4
[3646.353s][debug][gc,phases      ] GC(102)   StringDedup Requests0 Weak     Min: 0.00, Avg: 0.00, Max: 0.00, Diff: 0.00, Sum: 0.00, Workers: 4
[3646.353s][debug][gc,phases      ] GC(102)     Dead                           Min: 0, Avg:  0.0, Max: 0, Diff: 0, Sum: 0, Workers: 4
[3646.353s][debug][gc,phases      ] GC(102)     Total                          Min: 0, Avg:  0.0, Max: 0, Diff: 0, Sum: 0, Workers: 4
[3646.353s][debug][gc,phases      ] GC(102)   StringDedup Requests1 Weak     Min: 0.00, Avg: 0.00, Max: 0.00, Diff: 0.00, Sum: 0.00, Workers: 4
[3646.353s][debug][gc,phases      ] GC(102)     Dead                           Min: 0, Avg:  0.0, Max: 0, Diff: 0, Sum: 0, Workers: 4
[3646.353s][debug][gc,phases      ] GC(102)     Total                          Min: 0, Avg:  0.0, Max: 0, Diff: 0, Sum: 0, Workers: 4
[3646.353s][debug][gc,phases      ] GC(102)   Weak JFR Old Object Samples    Min: 0.00, Avg: 0.00, Max: 0.00, Diff: 0.00, Sum: 0.00, Workers: 4
[3646.353s][debug][gc,phases      ] GC(102)     Dead                           Min: 0, Avg:  0.0, Max: 0, Diff: 0, Sum: 0, Workers: 4
[3646.353s][debug][gc,phases      ] GC(102)     Total                          Min: 0, Avg:  0.0, Max: 0, Diff: 0, Sum: 0, Workers: 4
[3646.353s][debug][gc,phases      ] GC(102) Weak Processing 0.327ms
[3646.353s][debug][gc,age         ] GC(102) Desired survivor size 7340032 bytes, new threshold 1 (max threshold 15)
[3646.353s][info ][gc,heap        ] GC(102) PSYoungGen: 2087789K(2089984K)->4120K(2089984K) Eden: 2082816K(2082816K)->0K(2082816K) From: 4973K(7168K)->4120K(7168K)
[3646.353s][info ][gc,heap        ] GC(102) ParOldGen: 624885K(625152K)->625569K(625664K)
[3646.353s][info ][gc,metaspace   ] GC(102) Metaspace: 109453K(110528K)->109453K(110528K) NonClass: 93667K(94272K)->93667K(94272K) Class: 15785K(16256K)->15785K(16256K)
[3646.353s][info ][gc             ] GC(102) Pause Young (Allocation Failure) 2649M->614M(2652M) 4.732ms
[3646.353s][info ][gc,cpu         ] GC(102) User=0.02s Sys=0.01s Real=0.01s
[3646.354s][info ][safepoint      ] Safepoint "ParallelCollectForAllocation", Time since last: 63392256159 ns, Reaching safepoint: 106700 ns, At safepoint: 4798087 ns, Leaving safepoint: 7300 ns, Total: 4912087 ns, Threads: 1 runnable, 35 total
[3717.349s][info ][gc,start       ] GC(103) Pause Young (Allocation Failure)
[3717.353s][debug][gc,phases      ] GC(103) Scavenge 3.897ms
[3717.353s][debug][gc,ref         ] GC(103) ReferenceProcessor::execute queues: 1, RefProcThreadModel::Single, marks_oops_alive: false
[3717.353s][debug][gc,ref         ] GC(103) Skipped KeepAliveFinalRefsPhase of Reference Processing: no references
[3717.353s][debug][gc,ref         ] GC(103) Skipped PhantomRefsPhase of Reference Processing: no references
[3717.353s][debug][gc,phases      ] GC(103) Reference Processing 0.116ms
[3717.353s][debug][gc,phases      ] GC(103)   VM Weak                        Min: 0.00, Avg: 0.00, Max: 0.01, Diff: 0.01, Sum: 0.01, Workers: 4
[3717.353s][debug][gc,phases      ] GC(103)     Dead                           Min: 0, Avg:  0.0, Max: 0, Diff: 0, Sum: 0, Workers: 4
[3717.353s][debug][gc,phases      ] GC(103)     Total                          Min: 0, Avg: 210.8, Max: 576, Diff: 576, Sum: 843, Workers: 4
[3717.353s][debug][gc,phases      ] GC(103)   ObjectSynchronizer Weak        Min: 0.00, Avg: 0.00, Max: 0.00, Diff: 0.00, Sum: 0.00, Workers: 4
[3717.353s][debug][gc,phases      ] GC(103)     Dead                           Min: 0, Avg:  0.0, Max: 0, Diff: 0, Sum: 0, Workers: 4
[3717.353s][debug][gc,phases      ] GC(103)     Total                          Min: 0, Avg:  1.5, Max: 6, Diff: 6, Sum: 6, Workers: 4
[3717.353s][debug][gc,phases      ] GC(103)   JVMTI Tag Weak OopStorage      Min: 0.00, Avg: 0.00, Max: 0.00, Diff: 0.00, Sum: 0.00, Workers: 4
[3717.353s][debug][gc,phases      ] GC(103)     Dead                           Min: 0, Avg:  0.0, Max: 0, Diff: 0, Sum: 0, Workers: 4
[3717.353s][debug][gc,phases      ] GC(103)     Total                          Min: 0, Avg:  0.0, Max: 0, Diff: 0, Sum: 0, Workers: 4
[3717.353s][debug][gc,phases      ] GC(103)   StringTable Weak               Min: 0.00, Avg: 0.14, Max: 0.18, Diff: 0.18, Sum: 0.54, Workers: 4
[3717.353s][debug][gc,phases      ] GC(103)     Dead                           Min: 0, Avg:  0.0, Max: 0, Diff: 0, Sum: 0, Workers: 4
[3717.353s][debug][gc,phases      ] GC(103)     Total                          Min: 0, Avg: 12495.8, Max: 20671, Diff: 20671, Sum: 49983, Workers: 4
[3717.353s][debug][gc,phases      ] GC(103)   ResolvedMethodTable Weak       Min: 0.04, Avg: 0.05, Max: 0.05, Diff: 0.00, Sum: 0.19, Workers: 4
[3717.353s][debug][gc,phases      ] GC(103)     Dead                           Min: 0, Avg:  5.0, Max: 13, Diff: 13, Sum: 20, Workers: 4
[3717.353s][debug][gc,phases      ] GC(103)     Total                          Min: 3625, Avg: 3963.5, Max: 4147, Diff: 522, Sum: 15854, Workers: 4
[3717.353s][debug][gc,phases      ] GC(103)   JNI Weak                       Min: 0.00, Avg: 0.00, Max: 0.00, Diff: 0.00, Sum: 0.00, Workers: 4
[3717.353s][debug][gc,phases      ] GC(103)     Dead                           Min: 0, Avg:  0.0, Max: 0, Diff: 0, Sum: 0, Workers: 4
[3717.353s][debug][gc,phases      ] GC(103)     Total                          Min: 0, Avg: 13.0, Max: 52, Diff: 52, Sum: 52, Workers: 4
[3717.353s][debug][gc,phases      ] GC(103)   StringDedup Table Weak         Min: 0.00, Avg: 0.00, Max: 0.00, Diff: 0.00, Sum: 0.00, Workers: 4
[3717.353s][debug][gc,phases      ] GC(103)     Dead                           Min: 0, Avg:  0.0, Max: 0, Diff: 0, Sum: 0, Workers: 4
[3717.353s][debug][gc,phases      ] GC(103)     Total                          Min: 0, Avg:  0.0, Max: 0, Diff: 0, Sum: 0, Workers: 4
[3717.353s][debug][gc,phases      ] GC(103)   StringDedup Requests0 Weak     Min: 0.00, Avg: 0.00, Max: 0.00, Diff: 0.00, Sum: 0.00, Workers: 4
[3717.353s][debug][gc,phases      ] GC(103)     Dead                           Min: 0, Avg:  0.0, Max: 0, Diff: 0, Sum: 0, Workers: 4
[3717.353s][debug][gc,phases      ] GC(103)     Total                          Min: 0, Avg:  0.0, Max: 0, Diff: 0, Sum: 0, Workers: 4
[3717.353s][debug][gc,phases      ] GC(103)   StringDedup Requests1 Weak     Min: 0.00, Avg: 0.00, Max: 0.00, Diff: 0.00, Sum: 0.00, Workers: 4
[3717.353s][debug][gc,phases      ] GC(103)     Dead                           Min: 0, Avg:  0.0, Max: 0, Diff: 0, Sum: 0, Workers: 4
[3717.353s][debug][gc,phases      ] GC(103)     Total                          Min: 0, Avg:  0.0, Max: 0, Diff: 0, Sum: 0, Workers: 4
[3717.353s][debug][gc,phases      ] GC(103)   Weak JFR Old Object Samples    Min: 0.00, Avg: 0.00, Max: 0.00, Diff: 0.00, Sum: 0.00, Workers: 4
[3717.353s][debug][gc,phases      ] GC(103)     Dead                           Min: 0, Avg:  0.0, Max: 0, Diff: 0, Sum: 0, Workers: 4
[3717.353s][debug][gc,phases      ] GC(103)     Total                          Min: 0, Avg:  0.0, Max: 0, Diff: 0, Sum: 0, Workers: 4
[3717.353s][debug][gc,phases      ] GC(103) Weak Processing 0.430ms
[3717.353s][debug][gc,age         ] GC(103) Desired survivor size 6815744 bytes, new threshold 1 (max threshold 15)
[3717.353s][info ][gc,heap        ] GC(103) PSYoungGen: 2086936K(2089984K)->4544K(2089984K) Eden: 2082816K(2082816K)->0K(2082816K) From: 4120K(7168K)->4544K(7168K)
[3717.353s][info ][gc,heap        ] GC(103) ParOldGen: 625569K(625664K)->625945K(626176K)
[3717.353s][info ][gc,metaspace   ] GC(103) Metaspace: 109455K(110528K)->109455K(110528K) NonClass: 93669K(94272K)->93669K(94272K) Class: 15785K(16256K)->15785K(16256K)
[3717.353s][info ][gc             ] GC(103) Pause Young (Allocation Failure) 2648M->615M(2652M) 4.594ms
[3717.353s][info ][gc,cpu         ] GC(103) User=0.02s Sys=0.00s Real=0.01s
[3717.353s][info ][safepoint      ] Safepoint "ParallelCollectForAllocation", Time since last: 70995106927 ns, Reaching safepoint: 6300 ns, At safepoint: 4667499 ns, Leaving safepoint: 3700 ns, Total: 4677499 ns, Threads: 0 runnable, 34 total
[3774.249s][info ][gc,start       ] GC(104) Pause Young (Allocation Failure)
[3774.253s][debug][gc,phases      ] GC(104) Scavenge 4.601ms
[3774.253s][debug][gc,ref         ] GC(104) ReferenceProcessor::execute queues: 1, RefProcThreadModel::Single, marks_oops_alive: false
[3774.253s][debug][gc,ref         ] GC(104) Skipped KeepAliveFinalRefsPhase of Reference Processing: no references
[3774.253s][debug][gc,ref         ] GC(104) Skipped PhantomRefsPhase of Reference Processing: no references
[3774.253s][debug][gc,phases      ] GC(104) Reference Processing 0.104ms
[3774.254s][debug][gc,phases      ] GC(104)   VM Weak                        Min: 0.00, Avg: 0.00, Max: 0.01, Diff: 0.01, Sum: 0.01, Workers: 4
[3774.254s][debug][gc,phases      ] GC(104)     Dead                           Min: 0, Avg:  0.0, Max: 0, Diff: 0, Sum: 0, Workers: 4
[3774.254s][debug][gc,phases      ] GC(104)     Total                          Min: 0, Avg: 210.8, Max: 832, Diff: 832, Sum: 843, Workers: 4
[3774.254s][debug][gc,phases      ] GC(104)   ObjectSynchronizer Weak        Min: 0.00, Avg: 0.00, Max: 0.00, Diff: 0.00, Sum: 0.00, Workers: 4
[3774.254s][debug][gc,phases      ] GC(104)     Dead                           Min: 0, Avg:  0.0, Max: 0, Diff: 0, Sum: 0, Workers: 4
[3774.254s][debug][gc,phases      ] GC(104)     Total                          Min: 0, Avg:  1.5, Max: 6, Diff: 6, Sum: 6, Workers: 4
[3774.254s][debug][gc,phases      ] GC(104)   JVMTI Tag Weak OopStorage      Min: 0.00, Avg: 0.00, Max: 0.00, Diff: 0.00, Sum: 0.00, Workers: 4
[3774.254s][debug][gc,phases      ] GC(104)     Dead                           Min: 0, Avg:  0.0, Max: 0, Diff: 0, Sum: 0, Workers: 4
[3774.254s][debug][gc,phases      ] GC(104)     Total                          Min: 0, Avg:  0.0, Max: 0, Diff: 0, Sum: 0, Workers: 4
[3774.254s][debug][gc,phases      ] GC(104)   StringTable Weak               Min: 0.00, Avg: 0.11, Max: 0.14, Diff: 0.14, Sum: 0.43, Workers: 4
[3774.254s][debug][gc,phases      ] GC(104)     Dead                           Min: 0, Avg:  0.2, Max: 1, Diff: 1, Sum: 1, Workers: 4
[3774.254s][debug][gc,phases      ] GC(104)     Total                          Min: 0, Avg: 12496.5, Max: 21379, Diff: 21379, Sum: 49986, Workers: 4
[3774.254s][debug][gc,phases      ] GC(104)   ResolvedMethodTable Weak       Min: 0.00, Avg: 0.03, Max: 0.05, Diff: 0.05, Sum: 0.14, Workers: 4
[3774.254s][debug][gc,phases      ] GC(104)     Dead                           Min: 0, Avg:  7.8, Max: 17, Diff: 17, Sum: 31, Workers: 4
[3774.254s][debug][gc,phases      ] GC(104)     Total                          Min: 0, Avg: 3966.8, Max: 6587, Diff: 6587, Sum: 15867, Workers: 4
[3774.254s][debug][gc,phases      ] GC(104)   JNI Weak                       Min: 0.00, Avg: 0.00, Max: 0.00, Diff: 0.00, Sum: 0.00, Workers: 4
[3774.254s][debug][gc,phases      ] GC(104)     Dead                           Min: 0, Avg:  0.0, Max: 0, Diff: 0, Sum: 0, Workers: 4
[3774.254s][debug][gc,phases      ] GC(104)     Total                          Min: 0, Avg: 13.0, Max: 52, Diff: 52, Sum: 52, Workers: 4
[3774.254s][debug][gc,phases      ] GC(104)   StringDedup Table Weak         Min: 0.00, Avg: 0.00, Max: 0.00, Diff: 0.00, Sum: 0.00, Workers: 4
[3774.254s][debug][gc,phases      ] GC(104)     Dead                           Min: 0, Avg:  0.0, Max: 0, Diff: 0, Sum: 0, Workers: 4
[3774.254s][debug][gc,phases      ] GC(104)     Total                          Min: 0, Avg:  0.0, Max: 0, Diff: 0, Sum: 0, Workers: 4
[3774.254s][debug][gc,phases      ] GC(104)   StringDedup Requests0 Weak     Min: 0.00, Avg: 0.00, Max: 0.00, Diff: 0.00, Sum: 0.00, Workers: 4
[3774.254s][debug][gc,phases      ] GC(104)     Dead                           Min: 0, Avg:  0.0, Max: 0, Diff: 0, Sum: 0, Workers: 4
[3774.254s][debug][gc,phases      ] GC(104)     Total                          Min: 0, Avg:  0.0, Max: 0, Diff: 0, Sum: 0, Workers: 4
[3774.254s][debug][gc,phases      ] GC(104)   StringDedup Requests1 Weak     Min: 0.00, Avg: 0.00, Max: 0.00, Diff: 0.00, Sum: 0.00, Workers: 4
[3774.254s][debug][gc,phases      ] GC(104)     Dead                           Min: 0, Avg:  0.0, Max: 0, Diff: 0, Sum: 0, Workers: 4
[3774.254s][debug][gc,phases      ] GC(104)     Total                          Min: 0, Avg:  0.0, Max: 0, Diff: 0, Sum: 0, Workers: 4
[3774.254s][debug][gc,phases      ] GC(104)   Weak JFR Old Object Samples    Min: 0.00, Avg: 0.00, Max: 0.00, Diff: 0.00, Sum: 0.00, Workers: 4
[3774.254s][debug][gc,phases      ] GC(104)     Dead                           Min: 0, Avg:  0.0, Max: 0, Diff: 0, Sum: 0, Workers: 4
[3774.254s][debug][gc,phases      ] GC(104)     Total                          Min: 0, Avg:  0.0, Max: 0, Diff: 0, Sum: 0, Workers: 4
[3774.254s][debug][gc,phases      ] GC(104) Weak Processing 0.372ms
[3774.254s][debug][gc,age         ] GC(104) Desired survivor size 7340032 bytes, new threshold 1 (max threshold 15)
[3774.254s][info ][gc,heap        ] GC(104) PSYoungGen: 2087360K(2089984K)->5664K(2089472K) Eden: 2082816K(2082816K)->0K(2082816K) From: 4544K(7168K)->5664K(6656K)
[3774.254s][info ][gc,heap        ] GC(104) ParOldGen: 625945K(626176K)->626453K(626688K)
[3774.254s][info ][gc,metaspace   ] GC(104) Metaspace: 109458K(110528K)->109458K(110528K) NonClass: 93672K(94272K)->93672K(94272K) Class: 15786K(16256K)->15786K(16256K)
[3774.254s][info ][gc             ] GC(104) Pause Young (Allocation Failure) 2649M->617M(2652M) 5.187ms
[3774.254s][info ][gc,cpu         ] GC(104) User=0.02s Sys=0.00s Real=0.01s
[3774.254s][info ][safepoint      ] Safepoint "ParallelCollectForAllocation", Time since last: 56895142644 ns, Reaching safepoint: 28300 ns, At safepoint: 5251399 ns, Leaving safepoint: 2400 ns, Total: 5282099 ns, Threads: 0 runnable, 34 total
[3821.290s][info ][gc,start       ] GC(105) Pause Young (Allocation Failure)
[3821.293s][debug][gc,phases      ] GC(105) Scavenge 3.869ms
[3821.294s][debug][gc,ref         ] GC(105) ReferenceProcessor::execute queues: 1, RefProcThreadModel::Single, marks_oops_alive: false
[3821.294s][debug][gc,ref         ] GC(105) Skipped KeepAliveFinalRefsPhase of Reference Processing: no references
[3821.294s][debug][gc,ref         ] GC(105) Skipped PhantomRefsPhase of Reference Processing: no references
[3821.294s][debug][gc,phases      ] GC(105) Reference Processing 0.101ms
[3821.294s][debug][gc,phases      ] GC(105)   VM Weak                        Min: 0.00, Avg: 0.00, Max: 0.01, Diff: 0.01, Sum: 0.01, Workers: 4
[3821.294s][debug][gc,phases      ] GC(105)     Dead                           Min: 0, Avg:  0.0, Max: 0, Diff: 0, Sum: 0, Workers: 4
[3821.294s][debug][gc,phases      ] GC(105)     Total                          Min: 0, Avg: 210.8, Max: 832, Diff: 832, Sum: 843, Workers: 4
[3821.294s][debug][gc,phases      ] GC(105)   ObjectSynchronizer Weak        Min: 0.00, Avg: 0.00, Max: 0.00, Diff: 0.00, Sum: 0.00, Workers: 4
[3821.294s][debug][gc,phases      ] GC(105)     Dead                           Min: 0, Avg:  0.0, Max: 0, Diff: 0, Sum: 0, Workers: 4
[3821.294s][debug][gc,phases      ] GC(105)     Total                          Min: 0, Avg:  1.2, Max: 5, Diff: 5, Sum: 5, Workers: 4
[3821.294s][debug][gc,phases      ] GC(105)   JVMTI Tag Weak OopStorage      Min: 0.00, Avg: 0.00, Max: 0.00, Diff: 0.00, Sum: 0.00, Workers: 4
[3821.294s][debug][gc,phases      ] GC(105)     Dead                           Min: 0, Avg:  0.0, Max: 0, Diff: 0, Sum: 0, Workers: 4
[3821.294s][debug][gc,phases      ] GC(105)     Total                          Min: 0, Avg:  0.0, Max: 0, Diff: 0, Sum: 0, Workers: 4
[3821.294s][debug][gc,phases      ] GC(105)   StringTable Weak               Min: 0.00, Avg: 0.10, Max: 0.14, Diff: 0.14, Sum: 0.40, Workers: 4
[3821.294s][debug][gc,phases      ] GC(105)     Dead                           Min: 0, Avg:  0.0, Max: 0, Diff: 0, Sum: 0, Workers: 4
[3821.294s][debug][gc,phases      ] GC(105)     Total                          Min: 0, Avg: 12496.5, Max: 19903, Diff: 19903, Sum: 49986, Workers: 4
[3821.294s][debug][gc,phases      ] GC(105)   ResolvedMethodTable Weak       Min: 0.00, Avg: 0.03, Max: 0.05, Diff: 0.05, Sum: 0.14, Workers: 4
[3821.294s][debug][gc,phases      ] GC(105)     Dead                           Min: 0, Avg:  7.8, Max: 16, Diff: 16, Sum: 31, Workers: 4
[3821.294s][debug][gc,phases      ] GC(105)     Total                          Min: 0, Avg: 3966.8, Max: 6746, Diff: 6746, Sum: 15867, Workers: 4
[3821.294s][debug][gc,phases      ] GC(105)   JNI Weak                       Min: 0.00, Avg: 0.00, Max: 0.00, Diff: 0.00, Sum: 0.00, Workers: 4
[3821.294s][debug][gc,phases      ] GC(105)     Dead                           Min: 0, Avg:  0.0, Max: 0, Diff: 0, Sum: 0, Workers: 4
[3821.294s][debug][gc,phases      ] GC(105)     Total                          Min: 0, Avg: 13.0, Max: 52, Diff: 52, Sum: 52, Workers: 4
[3821.294s][debug][gc,phases      ] GC(105)   StringDedup Table Weak         Min: 0.00, Avg: 0.00, Max: 0.00, Diff: 0.00, Sum: 0.00, Workers: 4
[3821.294s][debug][gc,phases      ] GC(105)     Dead                           Min: 0, Avg:  0.0, Max: 0, Diff: 0, Sum: 0, Workers: 4
[3821.294s][debug][gc,phases      ] GC(105)     Total                          Min: 0, Avg:  0.0, Max: 0, Diff: 0, Sum: 0, Workers: 4
[3821.294s][debug][gc,phases      ] GC(105)   StringDedup Requests0 Weak     Min: 0.00, Avg: 0.00, Max: 0.00, Diff: 0.00, Sum: 0.00, Workers: 4
[3821.294s][debug][gc,phases      ] GC(105)     Dead                           Min: 0, Avg:  0.0, Max: 0, Diff: 0, Sum: 0, Workers: 4
[3821.294s][debug][gc,phases      ] GC(105)     Total                          Min: 0, Avg:  0.0, Max: 0, Diff: 0, Sum: 0, Workers: 4
[3821.294s][debug][gc,phases      ] GC(105)   StringDedup Requests1 Weak     Min: 0.00, Avg: 0.00, Max: 0.00, Diff: 0.00, Sum: 0.00, Workers: 4
[3821.294s][debug][gc,phases      ] GC(105)     Dead                           Min: 0, Avg:  0.0, Max: 0, Diff: 0, Sum: 0, Workers: 4
[3821.294s][debug][gc,phases      ] GC(105)     Total                          Min: 0, Avg:  0.0, Max: 0, Diff: 0, Sum: 0, Workers: 4
[3821.294s][debug][gc,phases      ] GC(105)   Weak JFR Old Object Samples    Min: 0.00, Avg: 0.00, Max: 0.00, Diff: 0.00, Sum: 0.00, Workers: 4
[3821.294s][debug][gc,phases      ] GC(105)     Dead                           Min: 0, Avg:  0.0, Max: 0, Diff: 0, Sum: 0, Workers: 4
[3821.294s][debug][gc,phases      ] GC(105)     Total                          Min: 0, Avg:  0.0, Max: 0, Diff: 0, Sum: 0, Workers: 4
[3821.294s][debug][gc,phases      ] GC(105) Weak Processing 0.383ms
[3821.294s][debug][gc,age         ] GC(105) Desired survivor size 7340032 bytes, new threshold 1 (max threshold 15)
[3821.294s][info ][gc,heap        ] GC(105) PSYoungGen: 2088480K(2089472K)->3632K(2089984K) Eden: 2082816K(2082816K)->0K(2082816K) From: 5664K(6656K)->3632K(7168K)
[3821.294s][info ][gc,heap        ] GC(105) ParOldGen: 626453K(626688K)->628545K(628736K)
[3821.294s][info ][gc,metaspace   ] GC(105) Metaspace: 109458K(110528K)->109458K(110528K) NonClass: 93672K(94272K)->93672K(94272K) Class: 15786K(16256K)->15786K(16256K)
[3821.294s][info ][gc             ] GC(105) Pause Young (Allocation Failure) 2651M->617M(2655M) 4.488ms
[3821.294s][info ][gc,cpu         ] GC(105) User=0.01s Sys=0.00s Real=0.00s
[3821.294s][info ][safepoint      ] Safepoint "ParallelCollectForAllocation", Time since last: 47035711596 ns, Reaching safepoint: 29400 ns, At safepoint: 4564999 ns, Leaving safepoint: 7400 ns, Total: 4601799 ns, Threads: 0 runnable, 33 total
[3873.194s][info ][gc,start       ] GC(106) Pause Young (Allocation Failure)
[3873.197s][debug][gc,phases      ] GC(106) Scavenge 2.744ms
[3873.197s][debug][gc,ref         ] GC(106) ReferenceProcessor::execute queues: 1, RefProcThreadModel::Single, marks_oops_alive: false
[3873.197s][debug][gc,ref         ] GC(106) Skipped KeepAliveFinalRefsPhase of Reference Processing: no references
[3873.197s][debug][gc,ref         ] GC(106) Skipped PhantomRefsPhase of Reference Processing: no references
[3873.197s][debug][gc,phases      ] GC(106) Reference Processing 0.104ms
[3873.197s][debug][gc,phases      ] GC(106)   VM Weak                        Min: 0.00, Avg: 0.00, Max: 0.01, Diff: 0.01, Sum: 0.01, Workers: 4
[3873.197s][debug][gc,phases      ] GC(106)     Dead                           Min: 0, Avg:  0.0, Max: 0, Diff: 0, Sum: 0, Workers: 4
[3873.197s][debug][gc,phases      ] GC(106)     Total                          Min: 0, Avg: 210.8, Max: 459, Diff: 459, Sum: 843, Workers: 4
[3873.197s][debug][gc,phases      ] GC(106)   ObjectSynchronizer Weak        Min: 0.00, Avg: 0.00, Max: 0.00, Diff: 0.00, Sum: 0.00, Workers: 4
[3873.197s][debug][gc,phases      ] GC(106)     Dead                           Min: 0, Avg:  0.0, Max: 0, Diff: 0, Sum: 0, Workers: 4
[3873.197s][debug][gc,phases      ] GC(106)     Total                          Min: 0, Avg:  1.2, Max: 5, Diff: 5, Sum: 5, Workers: 4
[3873.197s][debug][gc,phases      ] GC(106)   JVMTI Tag Weak OopStorage      Min: 0.00, Avg: 0.00, Max: 0.00, Diff: 0.00, Sum: 0.00, Workers: 4
[3873.197s][debug][gc,phases      ] GC(106)     Dead                           Min: 0, Avg:  0.0, Max: 0, Diff: 0, Sum: 0, Workers: 4
[3873.197s][debug][gc,phases      ] GC(106)     Total                          Min: 0, Avg:  0.0, Max: 0, Diff: 0, Sum: 0, Workers: 4
[3873.197s][debug][gc,phases      ] GC(106)   StringTable Weak               Min: 0.00, Avg: 0.12, Max: 0.16, Diff: 0.16, Sum: 0.49, Workers: 4
[3873.197s][debug][gc,phases      ] GC(106)     Dead                           Min: 0, Avg:  0.0, Max: 0, Diff: 0, Sum: 0, Workers: 4
[3873.197s][debug][gc,phases      ] GC(106)     Total                          Min: 0, Avg: 12496.5, Max: 19458, Diff: 19458, Sum: 49986, Workers: 4
[3873.197s][debug][gc,phases      ] GC(106)   ResolvedMethodTable Weak       Min: 0.00, Avg: 0.03, Max: 0.05, Diff: 0.05, Sum: 0.14, Workers: 4
[3873.197s][debug][gc,phases      ] GC(106)     Dead                           Min: 0, Avg:  5.0, Max: 16, Diff: 16, Sum: 20, Workers: 4
[3873.197s][debug][gc,phases      ] GC(106)     Total                          Min: 0, Avg: 3966.8, Max: 6667, Diff: 6667, Sum: 15867, Workers: 4
[3873.197s][debug][gc,phases      ] GC(106)   JNI Weak                       Min: 0.00, Avg: 0.00, Max: 0.00, Diff: 0.00, Sum: 0.00, Workers: 4
[3873.197s][debug][gc,phases      ] GC(106)     Dead                           Min: 0, Avg:  0.0, Max: 0, Diff: 0, Sum: 0, Workers: 4
[3873.197s][debug][gc,phases      ] GC(106)     Total                          Min: 0, Avg: 13.0, Max: 52, Diff: 52, Sum: 52, Workers: 4
[3873.197s][debug][gc,phases      ] GC(106)   StringDedup Table Weak         Min: 0.00, Avg: 0.00, Max: 0.00, Diff: 0.00, Sum: 0.00, Workers: 4
[3873.197s][debug][gc,phases      ] GC(106)     Dead                           Min: 0, Avg:  0.0, Max: 0, Diff: 0, Sum: 0, Workers: 4
[3873.197s][debug][gc,phases      ] GC(106)     Total                          Min: 0, Avg:  0.0, Max: 0, Diff: 0, Sum: 0, Workers: 4
[3873.197s][debug][gc,phases      ] GC(106)   StringDedup Requests0 Weak     Min: 0.00, Avg: 0.00, Max: 0.00, Diff: 0.00, Sum: 0.00, Workers: 4
[3873.197s][debug][gc,phases      ] GC(106)     Dead                           Min: 0, Avg:  0.0, Max: 0, Diff: 0, Sum: 0, Workers: 4
[3873.197s][debug][gc,phases      ] GC(106)     Total                          Min: 0, Avg:  0.0, Max: 0, Diff: 0, Sum: 0, Workers: 4
[3873.197s][debug][gc,phases      ] GC(106)   StringDedup Requests1 Weak     Min: 0.00, Avg: 0.00, Max: 0.00, Diff: 0.00, Sum: 0.00, Workers: 4
[3873.197s][debug][gc,phases      ] GC(106)     Dead                           Min: 0, Avg:  0.0, Max: 0, Diff: 0, Sum: 0, Workers: 4
[3873.197s][debug][gc,phases      ] GC(106)     Total                          Min: 0, Avg:  0.0, Max: 0, Diff: 0, Sum: 0, Workers: 4
[3873.197s][debug][gc,phases      ] GC(106)   Weak JFR Old Object Samples    Min: 0.00, Avg: 0.00, Max: 0.00, Diff: 0.00, Sum: 0.00, Workers: 4
[3873.197s][debug][gc,phases      ] GC(106)     Dead                           Min: 0, Avg:  0.0, Max: 0, Diff: 0, Sum: 0, Workers: 4
[3873.197s][debug][gc,phases      ] GC(106)     Total                          Min: 0, Avg:  0.0, Max: 0, Diff: 0, Sum: 0, Workers: 4
[3873.197s][debug][gc,phases      ] GC(106) Weak Processing 0.407ms
[3873.197s][debug][gc,age         ] GC(106) Desired survivor size 7340032 bytes, new threshold 1 (max threshold 15)
[3873.197s][info ][gc,heap        ] GC(106) PSYoungGen: 2086448K(2089984K)->3184K(2089984K) Eden: 2082816K(2082816K)->0K(2082816K) From: 3632K(7168K)->3184K(7168K)
[3873.197s][info ][gc,heap        ] GC(106) ParOldGen: 628545K(628736K)->629354K(629760K)
[3873.197s][info ][gc,metaspace   ] GC(106) Metaspace: 109464K(110528K)->109464K(110528K) NonClass: 93677K(94272K)->93677K(94272K) Class: 15786K(16256K)->15786K(16256K)
[3873.197s][info ][gc             ] GC(106) Pause Young (Allocation Failure) 2651M->617M(2656M) 3.358ms
[3873.197s][info ][gc,cpu         ] GC(106) User=0.01s Sys=0.00s Real=0.00s
[3873.197s][info ][safepoint      ] Safepoint "ParallelCollectForAllocation", Time since last: 51899867193 ns, Reaching safepoint: 32400 ns, At safepoint: 3445200 ns, Leaving safepoint: 2700 ns, Total: 3480300 ns, Threads: 0 runnable, 33 total
[3932.812s][info ][gc,start       ] GC(107) Pause Young (Allocation Failure)
[3932.868s][debug][gc,phases      ] GC(107) Scavenge 56.007ms
[3932.868s][debug][gc,ref         ] GC(107) ReferenceProcessor::execute queues: 1, RefProcThreadModel::Single, marks_oops_alive: false
[3932.868s][debug][gc,ref         ] GC(107) Skipped KeepAliveFinalRefsPhase of Reference Processing: no references
[3932.868s][debug][gc,ref         ] GC(107) Skipped PhantomRefsPhase of Reference Processing: no references
[3932.868s][debug][gc,phases      ] GC(107) Reference Processing 0.102ms
[3932.868s][debug][gc,phases      ] GC(107)   VM Weak                        Min: 0.00, Avg: 0.01, Max: 0.03, Diff: 0.03, Sum: 0.05, Workers: 4
[3932.868s][debug][gc,phases      ] GC(107)     Dead                           Min: 0, Avg:  0.0, Max: 0, Diff: 0, Sum: 0, Workers: 4
[3932.868s][debug][gc,phases      ] GC(107)     Total                          Min: 0, Avg: 211.0, Max: 588, Diff: 588, Sum: 844, Workers: 4
[3932.868s][debug][gc,phases      ] GC(107)   ObjectSynchronizer Weak        Min: 0.00, Avg: 0.00, Max: 0.00, Diff: 0.00, Sum: 0.00, Workers: 4
[3932.868s][debug][gc,phases      ] GC(107)     Dead                           Min: 0, Avg:  0.5, Max: 2, Diff: 2, Sum: 2, Workers: 4
[3932.868s][debug][gc,phases      ] GC(107)     Total                          Min: 0, Avg:  2.0, Max: 8, Diff: 8, Sum: 8, Workers: 4
[3932.868s][debug][gc,phases      ] GC(107)   JVMTI Tag Weak OopStorage      Min: 0.00, Avg: 0.00, Max: 0.00, Diff: 0.00, Sum: 0.00, Workers: 4
[3932.868s][debug][gc,phases      ] GC(107)     Dead                           Min: 0, Avg:  0.0, Max: 0, Diff: 0, Sum: 0, Workers: 4
[3932.868s][debug][gc,phases      ] GC(107)     Total                          Min: 0, Avg:  0.0, Max: 0, Diff: 0, Sum: 0, Workers: 4
[3932.868s][debug][gc,phases      ] GC(107)   StringTable Weak               Min: 0.12, Avg: 0.13, Max: 0.14, Diff: 0.02, Sum: 0.51, Workers: 4
[3932.868s][debug][gc,phases      ] GC(107)     Dead                           Min: 0, Avg:  0.5, Max: 2, Diff: 2, Sum: 2, Workers: 4
[3932.868s][debug][gc,phases      ] GC(107)     Total                          Min: 10944, Avg: 12509.2, Max: 13495, Diff: 2551, Sum: 50037, Workers: 4
[3932.868s][debug][gc,phases      ] GC(107)   ResolvedMethodTable Weak       Min: 0.04, Avg: 0.04, Max: 0.04, Diff: 0.00, Sum: 0.17, Workers: 4
[3932.868s][debug][gc,phases      ] GC(107)     Dead                           Min: 0, Avg: 14.2, Max: 43, Diff: 43, Sum: 57, Workers: 4
[3932.868s][debug][gc,phases      ] GC(107)     Total                          Min: 3799, Avg: 3978.2, Max: 4261, Diff: 462, Sum: 15913, Workers: 4
[3932.868s][debug][gc,phases      ] GC(107)   JNI Weak                       Min: 0.00, Avg: 0.00, Max: 0.00, Diff: 0.00, Sum: 0.00, Workers: 4
[3932.868s][debug][gc,phases      ] GC(107)     Dead                           Min: 0, Avg:  0.0, Max: 0, Diff: 0, Sum: 0, Workers: 4
[3932.868s][debug][gc,phases      ] GC(107)     Total                          Min: 0, Avg: 13.8, Max: 55, Diff: 55, Sum: 55, Workers: 4
[3932.868s][debug][gc,phases      ] GC(107)   StringDedup Table Weak         Min: 0.00, Avg: 0.00, Max: 0.00, Diff: 0.00, Sum: 0.00, Workers: 4
[3932.868s][debug][gc,phases      ] GC(107)     Dead                           Min: 0, Avg:  0.0, Max: 0, Diff: 0, Sum: 0, Workers: 4
[3932.868s][debug][gc,phases      ] GC(107)     Total                          Min: 0, Avg:  0.0, Max: 0, Diff: 0, Sum: 0, Workers: 4
[3932.868s][debug][gc,phases      ] GC(107)   StringDedup Requests0 Weak     Min: 0.00, Avg: 0.00, Max: 0.00, Diff: 0.00, Sum: 0.00, Workers: 4
[3932.868s][debug][gc,phases      ] GC(107)     Dead                           Min: 0, Avg:  0.0, Max: 0, Diff: 0, Sum: 0, Workers: 4
[3932.868s][debug][gc,phases      ] GC(107)     Total                          Min: 0, Avg:  0.0, Max: 0, Diff: 0, Sum: 0, Workers: 4
[3932.868s][debug][gc,phases      ] GC(107)   StringDedup Requests1 Weak     Min: 0.00, Avg: 0.00, Max: 0.00, Diff: 0.00, Sum: 0.00, Workers: 4
[3932.868s][debug][gc,phases      ] GC(107)     Dead                           Min: 0, Avg:  0.0, Max: 0, Diff: 0, Sum: 0, Workers: 4
[3932.868s][debug][gc,phases      ] GC(107)     Total                          Min: 0, Avg:  0.0, Max: 0, Diff: 0, Sum: 0, Workers: 4
[3932.868s][debug][gc,phases      ] GC(107)   Weak JFR Old Object Samples    Min: 0.00, Avg: 0.00, Max: 0.00, Diff: 0.00, Sum: 0.00, Workers: 4
[3932.868s][debug][gc,phases      ] GC(107)     Dead                           Min: 0, Avg:  0.0, Max: 0, Diff: 0, Sum: 0, Workers: 4
[3932.868s][debug][gc,phases      ] GC(107)     Total                          Min: 0, Avg:  0.0, Max: 0, Diff: 0, Sum: 0, Workers: 4
[3932.868s][debug][gc,phases      ] GC(107) Weak Processing 0.367ms
[3932.868s][debug][gc,age         ] GC(107) Desired survivor size 42991616 bytes, new threshold 1 (max threshold 15)
[3932.868s][info ][gc,heap        ] GC(107) PSYoungGen: 2086000K(2089984K)->7146K(2089984K) Eden: 2082816K(2082816K)->0K(2082816K) From: 3184K(7168K)->7146K(7168K)
[3932.868s][info ][gc,heap        ] GC(107) ParOldGen: 629354K(629760K)->721113K(721408K)
[3932.868s][info ][gc,metaspace   ] GC(107) Metaspace: 109513K(110720K)->109513K(110720K) NonClass: 93717K(94400K)->93717K(94400K) Class: 15795K(16320K)->15795K(16320K)
[3932.868s][info ][gc             ] GC(107) Pause Young (Allocation Failure) 2651M->711M(2745M) 56.615ms
[3932.868s][info ][gc,cpu         ] GC(107) User=0.14s Sys=0.05s Real=0.05s
[3932.868s][info ][safepoint      ] Safepoint "ParallelCollectForAllocation", Time since last: 59614247453 ns, Reaching safepoint: 86300 ns, At safepoint: 56684290 ns, Leaving safepoint: 24400 ns, Total: 56794990 ns, Threads: 2 runnable, 37 total
[3964.543s][info ][gc,start       ] GC(108) Pause Young (Allocation Failure)
[3964.560s][debug][gc,phases      ] GC(108) Scavenge 16.896ms
[3964.560s][debug][gc,ref         ] GC(108) Skipped SoftWeakFinalRefsPhase of Reference Processing: no references
[3964.560s][debug][gc,ref         ] GC(108) Skipped KeepAliveFinalRefsPhase of Reference Processing: no references
[3964.560s][debug][gc,ref         ] GC(108) ReferenceProcessor::execute queues: 1, RefProcThreadModel::Single, marks_oops_alive: false
[3964.560s][debug][gc,phases      ] GC(108) Reference Processing 0.094ms
[3964.560s][debug][gc,phases      ] GC(108)   VM Weak                        Min: 0.00, Avg: 0.00, Max: 0.01, Diff: 0.01, Sum: 0.01, Workers: 4
[3964.560s][debug][gc,phases      ] GC(108)     Dead                           Min: 0, Avg:  0.0, Max: 0, Diff: 0, Sum: 0, Workers: 4
[3964.560s][debug][gc,phases      ] GC(108)     Total                          Min: 0, Avg: 211.0, Max: 640, Diff: 640, Sum: 844, Workers: 4
[3964.560s][debug][gc,phases      ] GC(108)   ObjectSynchronizer Weak        Min: 0.00, Avg: 0.00, Max: 0.00, Diff: 0.00, Sum: 0.00, Workers: 4
[3964.560s][debug][gc,phases      ] GC(108)     Dead                           Min: 0, Avg:  0.0, Max: 0, Diff: 0, Sum: 0, Workers: 4
[3964.560s][debug][gc,phases      ] GC(108)     Total                          Min: 0, Avg:  1.2, Max: 5, Diff: 5, Sum: 5, Workers: 4
[3964.560s][debug][gc,phases      ] GC(108)   JVMTI Tag Weak OopStorage      Min: 0.00, Avg: 0.00, Max: 0.00, Diff: 0.00, Sum: 0.00, Workers: 4
[3964.560s][debug][gc,phases      ] GC(108)     Dead                           Min: 0, Avg:  0.0, Max: 0, Diff: 0, Sum: 0, Workers: 4
[3964.560s][debug][gc,phases      ] GC(108)     Total                          Min: 0, Avg:  0.0, Max: 0, Diff: 0, Sum: 0, Workers: 4
[3964.560s][debug][gc,phases      ] GC(108)   StringTable Weak               Min: 0.00, Avg: 0.10, Max: 0.14, Diff: 0.14, Sum: 0.41, Workers: 4
[3964.560s][debug][gc,phases      ] GC(108)     Dead                           Min: 0, Avg:  0.0, Max: 0, Diff: 0, Sum: 0, Workers: 4
[3964.560s][debug][gc,phases      ] GC(108)     Total                          Min: 0, Avg: 12510.8, Max: 21245, Diff: 21245, Sum: 50043, Workers: 4
[3964.560s][debug][gc,phases      ] GC(108)   ResolvedMethodTable Weak       Min: 0.00, Avg: 0.03, Max: 0.05, Diff: 0.05, Sum: 0.14, Workers: 4
[3964.560s][debug][gc,phases      ] GC(108)     Dead                           Min: 0, Avg:  9.8, Max: 28, Diff: 28, Sum: 39, Workers: 4
[3964.560s][debug][gc,phases      ] GC(108)     Total                          Min: 0, Avg: 3978.0, Max: 6555, Diff: 6555, Sum: 15912, Workers: 4
[3964.560s][debug][gc,phases      ] GC(108)   JNI Weak                       Min: 0.00, Avg: 0.00, Max: 0.00, Diff: 0.00, Sum: 0.00, Workers: 4
[3964.560s][debug][gc,phases      ] GC(108)     Dead                           Min: 0, Avg:  0.0, Max: 0, Diff: 0, Sum: 0, Workers: 4
[3964.560s][debug][gc,phases      ] GC(108)     Total                          Min: 0, Avg: 13.0, Max: 52, Diff: 52, Sum: 52, Workers: 4
[3964.560s][debug][gc,phases      ] GC(108)   StringDedup Table Weak         Min: 0.00, Avg: 0.00, Max: 0.00, Diff: 0.00, Sum: 0.00, Workers: 4
[3964.560s][debug][gc,phases      ] GC(108)     Dead                           Min: 0, Avg:  0.0, Max: 0, Diff: 0, Sum: 0, Workers: 4
[3964.560s][debug][gc,phases      ] GC(108)     Total                          Min: 0, Avg:  0.0, Max: 0, Diff: 0, Sum: 0, Workers: 4
[3964.560s][debug][gc,phases      ] GC(108)   StringDedup Requests0 Weak     Min: 0.00, Avg: 0.00, Max: 0.00, Diff: 0.00, Sum: 0.00, Workers: 4
[3964.560s][debug][gc,phases      ] GC(108)     Dead                           Min: 0, Avg:  0.0, Max: 0, Diff: 0, Sum: 0, Workers: 4
[3964.560s][debug][gc,phases      ] GC(108)     Total                          Min: 0, Avg:  0.0, Max: 0, Diff: 0, Sum: 0, Workers: 4
[3964.560s][debug][gc,phases      ] GC(108)   StringDedup Requests1 Weak     Min: 0.00, Avg: 0.00, Max: 0.00, Diff: 0.00, Sum: 0.00, Workers: 4
[3964.560s][debug][gc,phases      ] GC(108)     Dead                           Min: 0, Avg:  0.0, Max: 0, Diff: 0, Sum: 0, Workers: 4
[3964.560s][debug][gc,phases      ] GC(108)     Total                          Min: 0, Avg:  0.0, Max: 0, Diff: 0, Sum: 0, Workers: 4
[3964.560s][debug][gc,phases      ] GC(108)   Weak JFR Old Object Samples    Min: 0.00, Avg: 0.00, Max: 0.00, Diff: 0.00, Sum: 0.00, Workers: 4
[3964.560s][debug][gc,phases      ] GC(108)     Dead                           Min: 0, Avg:  0.0, Max: 0, Diff: 0, Sum: 0, Workers: 4
[3964.560s][debug][gc,phases      ] GC(108)     Total                          Min: 0, Avg:  0.0, Max: 0, Diff: 0, Sum: 0, Workers: 4
[3964.560s][debug][gc,phases      ] GC(108) Weak Processing 0.387ms
[3964.560s][debug][gc,age         ] GC(108) Desired survivor size 45088768 bytes, new threshold 1 (max threshold 15)
[3964.560s][info ][gc,heap        ] GC(108) PSYoungGen: 2089962K(2089984K)->7166K(2016256K) Eden: 2082816K(2082816K)->0K(2009088K) From: 7146K(7168K)->7166K(7168K)
[3964.560s][info ][gc,heap        ] GC(108) ParOldGen: 721113K(721408K)->741989K(742400K)
[3964.560s][info ][gc,metaspace   ] GC(108) Metaspace: 109530K(110720K)->109530K(110720K) NonClass: 93734K(94400K)->93734K(94400K) Class: 15795K(16320K)->15795K(16320K)
[3964.560s][info ][gc             ] GC(108) Pause Young (Allocation Failure) 2745M->731M(2694M) 17.497ms
[3964.560s][info ][gc,cpu         ] GC(108) User=0.06s Sys=0.01s Real=0.02s
[3964.560s][info ][safepoint      ] Safepoint "ParallelCollectForAllocation", Time since last: 31674113927 ns, Reaching safepoint: 22000 ns, At safepoint: 17567697 ns, Leaving safepoint: 4700 ns, Total: 17594397 ns, Threads: 0 runnable, 37 total
[3983.812s][info ][gc,start       ] GC(109) Pause Young (Allocation Failure)
[3983.831s][debug][gc,phases      ] GC(109) Scavenge 18.780ms
[3983.831s][debug][gc,ref         ] GC(109) ReferenceProcessor::execute queues: 1, RefProcThreadModel::Single, marks_oops_alive: false
[3983.831s][debug][gc,ref         ] GC(109) Skipped KeepAliveFinalRefsPhase of Reference Processing: no references
[3983.831s][debug][gc,ref         ] GC(109) Skipped PhantomRefsPhase of Reference Processing: no references
[3983.831s][debug][gc,phases      ] GC(109) Reference Processing 0.132ms
[3983.831s][debug][gc,phases      ] GC(109)   VM Weak                        Min: 0.00, Avg: 0.00, Max: 0.01, Diff: 0.01, Sum: 0.01, Workers: 4
[3983.831s][debug][gc,phases      ] GC(109)     Dead                           Min: 0, Avg:  0.0, Max: 0, Diff: 0, Sum: 0, Workers: 4
[3983.831s][debug][gc,phases      ] GC(109)     Total                          Min: 0, Avg: 211.0, Max: 640, Diff: 640, Sum: 844, Workers: 4
[3983.831s][debug][gc,phases      ] GC(109)   ObjectSynchronizer Weak        Min: 0.00, Avg: 0.00, Max: 0.00, Diff: 0.00, Sum: 0.00, Workers: 4
[3983.831s][debug][gc,phases      ] GC(109)     Dead                           Min: 0, Avg:  0.0, Max: 0, Diff: 0, Sum: 0, Workers: 4
[3983.831s][debug][gc,phases      ] GC(109)     Total                          Min: 0, Avg:  1.5, Max: 6, Diff: 6, Sum: 6, Workers: 4
[3983.831s][debug][gc,phases      ] GC(109)   JVMTI Tag Weak OopStorage      Min: 0.00, Avg: 0.00, Max: 0.00, Diff: 0.00, Sum: 0.00, Workers: 4
[3983.831s][debug][gc,phases      ] GC(109)     Dead                           Min: 0, Avg:  0.0, Max: 0, Diff: 0, Sum: 0, Workers: 4
[3983.831s][debug][gc,phases      ] GC(109)     Total                          Min: 0, Avg:  0.0, Max: 0, Diff: 0, Sum: 0, Workers: 4
[3983.831s][debug][gc,phases      ] GC(109)   StringTable Weak               Min: 0.00, Avg: 0.12, Max: 0.16, Diff: 0.16, Sum: 0.49, Workers: 4
[3983.831s][debug][gc,phases      ] GC(109)     Dead                           Min: 0, Avg:  0.0, Max: 0, Diff: 0, Sum: 0, Workers: 4
[3983.831s][debug][gc,phases      ] GC(109)     Total                          Min: 0, Avg: 12511.2, Max: 16767, Diff: 16767, Sum: 50045, Workers: 4
[3983.831s][debug][gc,phases      ] GC(109)   ResolvedMethodTable Weak       Min: 0.00, Avg: 0.04, Max: 0.05, Diff: 0.05, Sum: 0.16, Workers: 4
[3983.831s][debug][gc,phases      ] GC(109)     Dead                           Min: 0, Avg:  5.0, Max: 13, Diff: 13, Sum: 20, Workers: 4
[3983.831s][debug][gc,phases      ] GC(109)     Total                          Min: 0, Avg: 3978.0, Max: 5446, Diff: 5446, Sum: 15912, Workers: 4
[3983.831s][debug][gc,phases      ] GC(109)   JNI Weak                       Min: 0.00, Avg: 0.00, Max: 0.00, Diff: 0.00, Sum: 0.00, Workers: 4
[3983.831s][debug][gc,phases      ] GC(109)     Dead                           Min: 0, Avg:  0.0, Max: 0, Diff: 0, Sum: 0, Workers: 4
[3983.831s][debug][gc,phases      ] GC(109)     Total                          Min: 0, Avg: 13.0, Max: 52, Diff: 52, Sum: 52, Workers: 4
[3983.831s][debug][gc,phases      ] GC(109)   StringDedup Table Weak         Min: 0.00, Avg: 0.00, Max: 0.00, Diff: 0.00, Sum: 0.00, Workers: 4
[3983.831s][debug][gc,phases      ] GC(109)     Dead                           Min: 0, Avg:  0.0, Max: 0, Diff: 0, Sum: 0, Workers: 4
[3983.831s][debug][gc,phases      ] GC(109)     Total                          Min: 0, Avg:  0.0, Max: 0, Diff: 0, Sum: 0, Workers: 4
[3983.831s][debug][gc,phases      ] GC(109)   StringDedup Requests0 Weak     Min: 0.00, Avg: 0.00, Max: 0.00, Diff: 0.00, Sum: 0.00, Workers: 4
[3983.831s][debug][gc,phases      ] GC(109)     Dead                           Min: 0, Avg:  0.0, Max: 0, Diff: 0, Sum: 0, Workers: 4
[3983.831s][debug][gc,phases      ] GC(109)     Total                          Min: 0, Avg:  0.0, Max: 0, Diff: 0, Sum: 0, Workers: 4
[3983.831s][debug][gc,phases      ] GC(109)   StringDedup Requests1 Weak     Min: 0.00, Avg: 0.00, Max: 0.00, Diff: 0.00, Sum: 0.00, Workers: 4
[3983.831s][debug][gc,phases      ] GC(109)     Dead                           Min: 0, Avg:  0.0, Max: 0, Diff: 0, Sum: 0, Workers: 4
[3983.831s][debug][gc,phases      ] GC(109)     Total                          Min: 0, Avg:  0.0, Max: 0, Diff: 0, Sum: 0, Workers: 4
[3983.831s][debug][gc,phases      ] GC(109)   Weak JFR Old Object Samples    Min: 0.00, Avg: 0.00, Max: 0.00, Diff: 0.00, Sum: 0.00, Workers: 4
[3983.831s][debug][gc,phases      ] GC(109)     Dead                           Min: 0, Avg:  0.0, Max: 0, Diff: 0, Sum: 0, Workers: 4
[3983.831s][debug][gc,phases      ] GC(109)     Total                          Min: 0, Avg:  0.0, Max: 0, Diff: 0, Sum: 0, Workers: 4
[3983.831s][debug][gc,phases      ] GC(109) Weak Processing 0.397ms
[3983.831s][debug][gc,age         ] GC(109) Desired survivor size 56098816 bytes, new threshold 1 (max threshold 15)
[3983.831s][info ][gc,heap        ] GC(109) PSYoungGen: 2016254K(2016256K)->44016K(2053120K) Eden: 2009088K(2009088K)->0K(2009088K) From: 7166K(7168K)->44016K(44032K)
[3983.831s][info ][gc,heap        ] GC(109) ParOldGen: 741989K(742400K)->749900K(750080K)
[3983.831s][info ][gc,metaspace   ] GC(109) Metaspace: 109539K(110720K)->109539K(110720K) NonClass: 93744K(94400K)->93744K(94400K) Class: 15795K(16320K)->15795K(16320K)
[3983.832s][info ][gc             ] GC(109) Pause Young (Allocation Failure) 2693M->775M(2737M) 19.455ms
[3983.832s][info ][gc,cpu         ] GC(109) User=0.07s Sys=0.00s Real=0.02s
[3983.832s][info ][safepoint      ] Safepoint "ParallelCollectForAllocation", Time since last: 19251874783 ns, Reaching safepoint: 6700 ns, At safepoint: 19524197 ns, Leaving safepoint: 9800 ns, Total: 19540697 ns, Threads: 0 runnable, 37 total
[3993.331s][info ][gc,start       ] GC(110) Pause Young (Allocation Failure)
[3993.360s][debug][gc,phases      ] GC(110) Scavenge 29.395ms
[3993.360s][debug][gc,ref         ] GC(110) ReferenceProcessor::execute queues: 1, RefProcThreadModel::Single, marks_oops_alive: false
[3993.360s][debug][gc,ref         ] GC(110) Skipped KeepAliveFinalRefsPhase of Reference Processing: no references
[3993.360s][debug][gc,ref         ] GC(110) Skipped PhantomRefsPhase of Reference Processing: no references
[3993.360s][debug][gc,phases      ] GC(110) Reference Processing 0.100ms
[3993.360s][debug][gc,phases      ] GC(110)   VM Weak                        Min: 0.00, Avg: 0.00, Max: 0.01, Diff: 0.01, Sum: 0.01, Workers: 4
[3993.360s][debug][gc,phases      ] GC(110)     Dead                           Min: 0, Avg:  0.0, Max: 0, Diff: 0, Sum: 0, Workers: 4
[3993.360s][debug][gc,phases      ] GC(110)     Total                          Min: 0, Avg: 211.0, Max: 704, Diff: 704, Sum: 844, Workers: 4
[3993.360s][debug][gc,phases      ] GC(110)   ObjectSynchronizer Weak        Min: 0.00, Avg: 0.00, Max: 0.00, Diff: 0.00, Sum: 0.00, Workers: 4
[3993.360s][debug][gc,phases      ] GC(110)     Dead                           Min: 0, Avg:  0.0, Max: 0, Diff: 0, Sum: 0, Workers: 4
[3993.360s][debug][gc,phases      ] GC(110)     Total                          Min: 0, Avg:  1.5, Max: 6, Diff: 6, Sum: 6, Workers: 4
[3993.360s][debug][gc,phases      ] GC(110)   JVMTI Tag Weak OopStorage      Min: 0.00, Avg: 0.00, Max: 0.00, Diff: 0.00, Sum: 0.00, Workers: 4
[3993.360s][debug][gc,phases      ] GC(110)     Dead                           Min: 0, Avg:  0.0, Max: 0, Diff: 0, Sum: 0, Workers: 4
[3993.360s][debug][gc,phases      ] GC(110)     Total                          Min: 0, Avg:  0.0, Max: 0, Diff: 0, Sum: 0, Workers: 4
[3993.360s][debug][gc,phases      ] GC(110)   StringTable Weak               Min: 0.00, Avg: 0.11, Max: 0.14, Diff: 0.14, Sum: 0.42, Workers: 4
[3993.360s][debug][gc,phases      ] GC(110)     Dead                           Min: 0, Avg:  0.0, Max: 0, Diff: 0, Sum: 0, Workers: 4
[3993.360s][debug][gc,phases      ] GC(110)     Total                          Min: 0, Avg: 12511.5, Max: 21183, Diff: 21183, Sum: 50046, Workers: 4
[3993.360s][debug][gc,phases      ] GC(110)   ResolvedMethodTable Weak       Min: 0.00, Avg: 0.03, Max: 0.05, Diff: 0.05, Sum: 0.14, Workers: 4
[3993.360s][debug][gc,phases      ] GC(110)     Dead                           Min: 0, Avg:  0.0, Max: 0, Diff: 0, Sum: 0, Workers: 4
[3993.360s][debug][gc,phases      ] GC(110)     Total                          Min: 0, Avg: 3978.0, Max: 6692, Diff: 6692, Sum: 15912, Workers: 4
[3993.360s][debug][gc,phases      ] GC(110)   JNI Weak                       Min: 0.00, Avg: 0.00, Max: 0.00, Diff: 0.00, Sum: 0.00, Workers: 4
[3993.360s][debug][gc,phases      ] GC(110)     Dead                           Min: 0, Avg:  0.0, Max: 0, Diff: 0, Sum: 0, Workers: 4
[3993.360s][debug][gc,phases      ] GC(110)     Total                          Min: 0, Avg: 13.0, Max: 52, Diff: 52, Sum: 52, Workers: 4
[3993.360s][debug][gc,phases      ] GC(110)   StringDedup Table Weak         Min: 0.00, Avg: 0.00, Max: 0.00, Diff: 0.00, Sum: 0.00, Workers: 4
[3993.360s][debug][gc,phases      ] GC(110)     Dead                           Min: 0, Avg:  0.0, Max: 0, Diff: 0, Sum: 0, Workers: 4
[3993.360s][debug][gc,phases      ] GC(110)     Total                          Min: 0, Avg:  0.0, Max: 0, Diff: 0, Sum: 0, Workers: 4
[3993.360s][debug][gc,phases      ] GC(110)   StringDedup Requests0 Weak     Min: 0.00, Avg: 0.00, Max: 0.00, Diff: 0.00, Sum: 0.00, Workers: 4
[3993.361s][debug][gc,phases      ] GC(110)     Dead                           Min: 0, Avg:  0.0, Max: 0, Diff: 0, Sum: 0, Workers: 4
[3993.361s][debug][gc,phases      ] GC(110)     Total                          Min: 0, Avg:  0.0, Max: 0, Diff: 0, Sum: 0, Workers: 4
[3993.361s][debug][gc,phases      ] GC(110)   StringDedup Requests1 Weak     Min: 0.00, Avg: 0.00, Max: 0.00, Diff: 0.00, Sum: 0.00, Workers: 4
[3993.361s][debug][gc,phases      ] GC(110)     Dead                           Min: 0, Avg:  0.0, Max: 0, Diff: 0, Sum: 0, Workers: 4
[3993.361s][debug][gc,phases      ] GC(110)     Total                          Min: 0, Avg:  0.0, Max: 0, Diff: 0, Sum: 0, Workers: 4
[3993.361s][debug][gc,phases      ] GC(110)   Weak JFR Old Object Samples    Min: 0.00, Avg: 0.00, Max: 0.00, Diff: 0.00, Sum: 0.00, Workers: 4
[3993.361s][debug][gc,phases      ] GC(110)     Dead                           Min: 0, Avg:  0.0, Max: 0, Diff: 0, Sum: 0, Workers: 4
[3993.361s][debug][gc,phases      ] GC(110)     Total                          Min: 0, Avg:  0.0, Max: 0, Diff: 0, Sum: 0, Workers: 4
[3993.361s][debug][gc,phases      ] GC(110) Weak Processing 0.363ms
[3993.361s][debug][gc,age         ] GC(110) Desired survivor size 58195968 bytes, new threshold 1 (max threshold 15)
[3993.361s][info ][gc,heap        ] GC(110) PSYoungGen: 2053104K(2053120K)->33168K(2027520K) Eden: 2009088K(2009088K)->0K(1983488K) From: 44016K(44032K)->33168K(44032K)
[3993.361s][info ][gc,heap        ] GC(110) ParOldGen: 749900K(750080K)->795021K(795136K)
[3993.361s][info ][gc,metaspace   ] GC(110) Metaspace: 109546K(110720K)->109546K(110720K) NonClass: 93750K(94400K)->93750K(94400K) Class: 15795K(16320K)->15795K(16320K)
[3993.361s][info ][gc             ] GC(110) Pause Young (Allocation Failure) 2737M->808M(2756M) 29.991ms
[3993.361s][info ][gc,cpu         ] GC(110) User=0.08s Sys=0.03s Real=0.03s
[3993.361s][info ][safepoint      ] Safepoint "ParallelCollectForAllocation", Time since last: 9498975346 ns, Reaching safepoint: 9500 ns, At safepoint: 30068691 ns, Leaving safepoint: 9100 ns, Total: 30087291 ns, Threads: 0 runnable, 37 total
[4008.750s][info ][gc,start       ] GC(111) Pause Young (Allocation Failure)
[4008.768s][debug][gc,phases      ] GC(111) Scavenge 17.657ms
[4008.768s][debug][gc,ref         ] GC(111) ReferenceProcessor::execute queues: 1, RefProcThreadModel::Single, marks_oops_alive: false
[4008.768s][debug][gc,ref         ] GC(111) Skipped KeepAliveFinalRefsPhase of Reference Processing: no references
[4008.768s][debug][gc,ref         ] GC(111) Skipped PhantomRefsPhase of Reference Processing: no references
[4008.768s][debug][gc,phases      ] GC(111) Reference Processing 0.094ms
[4008.768s][debug][gc,phases      ] GC(111)   VM Weak                        Min: 0.00, Avg: 0.00, Max: 0.01, Diff: 0.01, Sum: 0.01, Workers: 4
[4008.768s][debug][gc,phases      ] GC(111)     Dead                           Min: 0, Avg:  0.0, Max: 0, Diff: 0, Sum: 0, Workers: 4
[4008.768s][debug][gc,phases      ] GC(111)     Total                          Min: 0, Avg: 211.0, Max: 460, Diff: 460, Sum: 844, Workers: 4
[4008.768s][debug][gc,phases      ] GC(111)   ObjectSynchronizer Weak        Min: 0.00, Avg: 0.00, Max: 0.00, Diff: 0.00, Sum: 0.00, Workers: 4
[4008.768s][debug][gc,phases      ] GC(111)     Dead                           Min: 0, Avg:  0.0, Max: 0, Diff: 0, Sum: 0, Workers: 4
[4008.768s][debug][gc,phases      ] GC(111)     Total                          Min: 0, Avg:  1.5, Max: 6, Diff: 6, Sum: 6, Workers: 4
[4008.768s][debug][gc,phases      ] GC(111)   JVMTI Tag Weak OopStorage      Min: 0.00, Avg: 0.00, Max: 0.00, Diff: 0.00, Sum: 0.00, Workers: 4
[4008.768s][debug][gc,phases      ] GC(111)     Dead                           Min: 0, Avg:  0.0, Max: 0, Diff: 0, Sum: 0, Workers: 4
[4008.768s][debug][gc,phases      ] GC(111)     Total                          Min: 0, Avg:  0.0, Max: 0, Diff: 0, Sum: 0, Workers: 4
[4008.768s][debug][gc,phases      ] GC(111)   StringTable Weak               Min: 0.14, Avg: 0.14, Max: 0.14, Diff: 0.00, Sum: 0.55, Workers: 4
[4008.768s][debug][gc,phases      ] GC(111)     Dead                           Min: 0, Avg:  0.0, Max: 0, Diff: 0, Sum: 0, Workers: 4
[4008.768s][debug][gc,phases      ] GC(111)     Total                          Min: 12351, Avg: 12511.5, Max: 12864, Diff: 513, Sum: 50046, Workers: 4
[4008.768s][debug][gc,phases      ] GC(111)   ResolvedMethodTable Weak       Min: 0.04, Avg: 0.04, Max: 0.04, Diff: 0.00, Sum: 0.16, Workers: 4
[4008.768s][debug][gc,phases      ] GC(111)     Dead                           Min: 0, Avg:  5.0, Max: 10, Diff: 10, Sum: 20, Workers: 4
[4008.768s][debug][gc,phases      ] GC(111)     Total                          Min: 3936, Avg: 3978.0, Max: 4032, Diff: 96, Sum: 15912, Workers: 4
[4008.768s][debug][gc,phases      ] GC(111)   JNI Weak                       Min: 0.00, Avg: 0.00, Max: 0.00, Diff: 0.00, Sum: 0.00, Workers: 4
[4008.768s][debug][gc,phases      ] GC(111)     Dead                           Min: 0, Avg:  0.0, Max: 0, Diff: 0, Sum: 0, Workers: 4
[4008.768s][debug][gc,phases      ] GC(111)     Total                          Min: 0, Avg: 13.0, Max: 52, Diff: 52, Sum: 52, Workers: 4
[4008.768s][debug][gc,phases      ] GC(111)   StringDedup Table Weak         Min: 0.00, Avg: 0.00, Max: 0.00, Diff: 0.00, Sum: 0.00, Workers: 4
[4008.768s][debug][gc,phases      ] GC(111)     Dead                           Min: 0, Avg:  0.0, Max: 0, Diff: 0, Sum: 0, Workers: 4
[4008.768s][debug][gc,phases      ] GC(111)     Total                          Min: 0, Avg:  0.0, Max: 0, Diff: 0, Sum: 0, Workers: 4
[4008.768s][debug][gc,phases      ] GC(111)   StringDedup Requests0 Weak     Min: 0.00, Avg: 0.00, Max: 0.00, Diff: 0.00, Sum: 0.00, Workers: 4
[4008.768s][debug][gc,phases      ] GC(111)     Dead                           Min: 0, Avg:  0.0, Max: 0, Diff: 0, Sum: 0, Workers: 4
[4008.768s][debug][gc,phases      ] GC(111)     Total                          Min: 0, Avg:  0.0, Max: 0, Diff: 0, Sum: 0, Workers: 4
[4008.768s][debug][gc,phases      ] GC(111)   StringDedup Requests1 Weak     Min: 0.00, Avg: 0.00, Max: 0.00, Diff: 0.00, Sum: 0.00, Workers: 4
[4008.768s][debug][gc,phases      ] GC(111)     Dead                           Min: 0, Avg:  0.0, Max: 0, Diff: 0, Sum: 0, Workers: 4
[4008.768s][debug][gc,phases      ] GC(111)     Total                          Min: 0, Avg:  0.0, Max: 0, Diff: 0, Sum: 0, Workers: 4
[4008.768s][debug][gc,phases      ] GC(111)   Weak JFR Old Object Samples    Min: 0.00, Avg: 0.00, Max: 0.00, Diff: 0.00, Sum: 0.00, Workers: 4
[4008.768s][debug][gc,phases      ] GC(111)     Dead                           Min: 0, Avg:  0.0, Max: 0, Diff: 0, Sum: 0, Workers: 4
[4008.768s][debug][gc,phases      ] GC(111)     Total                          Min: 0, Avg:  0.0, Max: 0, Diff: 0, Sum: 0, Workers: 4
[4008.768s][debug][gc,phases      ] GC(111) Weak Processing 0.345ms
[4008.768s][debug][gc,age         ] GC(111) Desired survivor size 56098816 bytes, new threshold 1 (max threshold 15)
[4008.768s][info ][gc,heap        ] GC(111) PSYoungGen: 2016656K(2027520K)->10896K(2040320K) Eden: 1983488K(1983488K)->0K(1983488K) From: 33168K(44032K)->10896K(56832K)
[4008.768s][info ][gc,heap        ] GC(111) ParOldGen: 795021K(795136K)->826794K(826880K)
[4008.768s][info ][gc,metaspace   ] GC(111) Metaspace: 109549K(110720K)->109549K(110720K) NonClass: 93753K(94400K)->93753K(94400K) Class: 15795K(16320K)->15795K(16320K)
[4008.768s][info ][gc             ] GC(111) Pause Young (Allocation Failure) 2745M->818M(2800M) 18.220ms
[4008.768s][info ][gc,cpu         ] GC(111) User=0.05s Sys=0.02s Real=0.01s
[4008.768s][info ][safepoint      ] Safepoint "ParallelCollectForAllocation", Time since last: 15389324498 ns, Reaching safepoint: 34000 ns, At safepoint: 18308397 ns, Leaving safepoint: 8600 ns, Total: 18350997 ns, Threads: 0 runnable, 37 total
[4026.313s][info ][gc,start       ] GC(112) Pause Young (Allocation Failure)
[4026.321s][debug][gc,phases      ] GC(112) Scavenge 7.853ms
[4026.321s][debug][gc,ref         ] GC(112) ReferenceProcessor::execute queues: 1, RefProcThreadModel::Single, marks_oops_alive: false
[4026.321s][debug][gc,ref         ] GC(112) Skipped KeepAliveFinalRefsPhase of Reference Processing: no references
[4026.321s][debug][gc,ref         ] GC(112) Skipped PhantomRefsPhase of Reference Processing: no references
[4026.321s][debug][gc,phases      ] GC(112) Reference Processing 0.103ms
[4026.321s][debug][gc,phases      ] GC(112)   VM Weak                        Min: 0.00, Avg: 0.01, Max: 0.02, Diff: 0.02, Sum: 0.03, Workers: 4
[4026.321s][debug][gc,phases      ] GC(112)     Dead                           Min: 0, Avg:  0.0, Max: 0, Diff: 0, Sum: 0, Workers: 4
[4026.321s][debug][gc,phases      ] GC(112)     Total                          Min: 0, Avg: 211.0, Max: 844, Diff: 844, Sum: 844, Workers: 4
[4026.321s][debug][gc,phases      ] GC(112)   ObjectSynchronizer Weak        Min: 0.00, Avg: 0.00, Max: 0.00, Diff: 0.00, Sum: 0.00, Workers: 4
[4026.321s][debug][gc,phases      ] GC(112)     Dead                           Min: 0, Avg:  0.0, Max: 0, Diff: 0, Sum: 0, Workers: 4
[4026.321s][debug][gc,phases      ] GC(112)     Total                          Min: 0, Avg:  1.5, Max: 6, Diff: 6, Sum: 6, Workers: 4
[4026.321s][debug][gc,phases      ] GC(112)   JVMTI Tag Weak OopStorage      Min: 0.00, Avg: 0.00, Max: 0.00, Diff: 0.00, Sum: 0.00, Workers: 4
[4026.321s][debug][gc,phases      ] GC(112)     Dead                           Min: 0, Avg:  0.0, Max: 0, Diff: 0, Sum: 0, Workers: 4
[4026.321s][debug][gc,phases      ] GC(112)     Total                          Min: 0, Avg:  0.0, Max: 0, Diff: 0, Sum: 0, Workers: 4
[4026.321s][debug][gc,phases      ] GC(112)   StringTable Weak               Min: 0.00, Avg: 0.11, Max: 0.15, Diff: 0.15, Sum: 0.44, Workers: 4
[4026.321s][debug][gc,phases      ] GC(112)     Dead                           Min: 0, Avg:  0.0, Max: 0, Diff: 0, Sum: 0, Workers: 4
[4026.321s][debug][gc,phases      ] GC(112)     Total                          Min: 0, Avg: 12511.5, Max: 21184, Diff: 21184, Sum: 50046, Workers: 4
[4026.321s][debug][gc,phases      ] GC(112)   ResolvedMethodTable Weak       Min: 0.00, Avg: 0.04, Max: 0.05, Diff: 0.05, Sum: 0.14, Workers: 4
[4026.321s][debug][gc,phases      ] GC(112)     Dead                           Min: 0, Avg:  5.0, Max: 11, Diff: 11, Sum: 20, Workers: 4
[4026.321s][debug][gc,phases      ] GC(112)     Total                          Min: 0, Avg: 3978.0, Max: 6858, Diff: 6858, Sum: 15912, Workers: 4
[4026.321s][debug][gc,phases      ] GC(112)   JNI Weak                       Min: 0.00, Avg: 0.00, Max: 0.00, Diff: 0.00, Sum: 0.00, Workers: 4
[4026.321s][debug][gc,phases      ] GC(112)     Dead                           Min: 0, Avg:  0.0, Max: 0, Diff: 0, Sum: 0, Workers: 4
[4026.321s][debug][gc,phases      ] GC(112)     Total                          Min: 0, Avg: 13.0, Max: 52, Diff: 52, Sum: 52, Workers: 4
[4026.321s][debug][gc,phases      ] GC(112)   StringDedup Table Weak         Min: 0.00, Avg: 0.00, Max: 0.00, Diff: 0.00, Sum: 0.00, Workers: 4
[4026.321s][debug][gc,phases      ] GC(112)     Dead                           Min: 0, Avg:  0.0, Max: 0, Diff: 0, Sum: 0, Workers: 4
[4026.321s][debug][gc,phases      ] GC(112)     Total                          Min: 0, Avg:  0.0, Max: 0, Diff: 0, Sum: 0, Workers: 4
[4026.321s][debug][gc,phases      ] GC(112)   StringDedup Requests0 Weak     Min: 0.00, Avg: 0.00, Max: 0.00, Diff: 0.00, Sum: 0.00, Workers: 4
[4026.321s][debug][gc,phases      ] GC(112)     Dead                           Min: 0, Avg:  0.0, Max: 0, Diff: 0, Sum: 0, Workers: 4
[4026.321s][debug][gc,phases      ] GC(112)     Total                          Min: 0, Avg:  0.0, Max: 0, Diff: 0, Sum: 0, Workers: 4
[4026.321s][debug][gc,phases      ] GC(112)   StringDedup Requests1 Weak     Min: 0.00, Avg: 0.00, Max: 0.00, Diff: 0.00, Sum: 0.00, Workers: 4
[4026.321s][debug][gc,phases      ] GC(112)     Dead                           Min: 0, Avg:  0.0, Max: 0, Diff: 0, Sum: 0, Workers: 4
[4026.321s][debug][gc,phases      ] GC(112)     Total                          Min: 0, Avg:  0.0, Max: 0, Diff: 0, Sum: 0, Workers: 4
[4026.321s][debug][gc,phases      ] GC(112)   Weak JFR Old Object Samples    Min: 0.00, Avg: 0.00, Max: 0.00, Diff: 0.00, Sum: 0.00, Workers: 4
[4026.321s][debug][gc,phases      ] GC(112)     Dead                           Min: 0, Avg:  0.0, Max: 0, Diff: 0, Sum: 0, Workers: 4
[4026.321s][debug][gc,phases      ] GC(112)     Total                          Min: 0, Avg:  0.0, Max: 0, Diff: 0, Sum: 0, Workers: 4
[4026.321s][debug][gc,phases      ] GC(112) Weak Processing 0.436ms
[4026.321s][debug][gc,age         ] GC(112) Desired survivor size 55050240 bytes, new threshold 1 (max threshold 15)
[4026.321s][info ][gc,heap        ] GC(112) PSYoungGen: 1994384K(2040320K)->5120K(2043392K) Eden: 1983488K(1983488K)->0K(1988608K) From: 10896K(56832K)->5120K(54784K)
[4026.321s][info ][gc,heap        ] GC(112) ParOldGen: 826794K(826880K)->834987K(835072K)
[4026.321s][info ][gc,metaspace   ] GC(112) Metaspace: 109554K(110784K)->109554K(110784K) NonClass: 93758K(94464K)->93758K(94464K) Class: 15795K(16320K)->15795K(16320K)
[4026.321s][info ][gc             ] GC(112) Pause Young (Allocation Failure) 2755M->820M(2811M) 8.519ms
[4026.321s][info ][gc,cpu         ] GC(112) User=0.02s Sys=0.01s Real=0.01s
[4026.321s][info ][safepoint      ] Safepoint "ParallelCollectForAllocation", Time since last: 17544373895 ns, Reaching safepoint: 6800 ns, At safepoint: 8587701 ns, Leaving safepoint: 8300 ns, Total: 8602801 ns, Threads: 0 runnable, 37 total
[4044.343s][info ][gc,start       ] GC(113) Pause Young (Allocation Failure)
[4044.348s][debug][gc,phases      ] GC(113) Scavenge 5.528ms
[4044.348s][debug][gc,ref         ] GC(113) ReferenceProcessor::execute queues: 1, RefProcThreadModel::Single, marks_oops_alive: false
[4044.348s][debug][gc,ref         ] GC(113) Skipped KeepAliveFinalRefsPhase of Reference Processing: no references
[4044.348s][debug][gc,ref         ] GC(113) Skipped PhantomRefsPhase of Reference Processing: no references
[4044.348s][debug][gc,phases      ] GC(113) Reference Processing 0.088ms
[4044.348s][debug][gc,phases      ] GC(113)   VM Weak                        Min: 0.00, Avg: 0.00, Max: 0.01, Diff: 0.01, Sum: 0.01, Workers: 4
[4044.348s][debug][gc,phases      ] GC(113)     Dead                           Min: 0, Avg:  0.0, Max: 0, Diff: 0, Sum: 0, Workers: 4
[4044.348s][debug][gc,phases      ] GC(113)     Total                          Min: 0, Avg: 211.0, Max: 652, Diff: 652, Sum: 844, Workers: 4
[4044.348s][debug][gc,phases      ] GC(113)   ObjectSynchronizer Weak        Min: 0.00, Avg: 0.00, Max: 0.00, Diff: 0.00, Sum: 0.00, Workers: 4
[4044.348s][debug][gc,phases      ] GC(113)     Dead                           Min: 0, Avg:  0.0, Max: 0, Diff: 0, Sum: 0, Workers: 4
[4044.348s][debug][gc,phases      ] GC(113)     Total                          Min: 0, Avg:  1.5, Max: 6, Diff: 6, Sum: 6, Workers: 4
[4044.348s][debug][gc,phases      ] GC(113)   JVMTI Tag Weak OopStorage      Min: 0.00, Avg: 0.00, Max: 0.00, Diff: 0.00, Sum: 0.00, Workers: 4
[4044.348s][debug][gc,phases      ] GC(113)     Dead                           Min: 0, Avg:  0.0, Max: 0, Diff: 0, Sum: 0, Workers: 4
[4044.348s][debug][gc,phases      ] GC(113)     Total                          Min: 0, Avg:  0.0, Max: 0, Diff: 0, Sum: 0, Workers: 4
[4044.348s][debug][gc,phases      ] GC(113)   StringTable Weak               Min: 0.12, Avg: 0.12, Max: 0.12, Diff: 0.00, Sum: 0.48, Workers: 4
[4044.348s][debug][gc,phases      ] GC(113)     Dead                           Min: 0, Avg:  0.2, Max: 1, Diff: 1, Sum: 1, Workers: 4
[4044.348s][debug][gc,phases      ] GC(113)     Total                          Min: 11328, Avg: 12512.0, Max: 13120, Diff: 1792, Sum: 50048, Workers: 4
[4044.348s][debug][gc,phases      ] GC(113)   ResolvedMethodTable Weak       Min: 0.04, Avg: 0.04, Max: 0.04, Diff: 0.00, Sum: 0.15, Workers: 4
[4044.348s][debug][gc,phases      ] GC(113)     Dead                           Min: 0, Avg:  0.5, Max: 2, Diff: 2, Sum: 2, Workers: 4
[4044.348s][debug][gc,phases      ] GC(113)     Total                          Min: 3941, Avg: 3979.0, Max: 4013, Diff: 72, Sum: 15916, Workers: 4
[4044.348s][debug][gc,phases      ] GC(113)   JNI Weak                       Min: 0.00, Avg: 0.00, Max: 0.00, Diff: 0.00, Sum: 0.00, Workers: 4
[4044.348s][debug][gc,phases      ] GC(113)     Dead                           Min: 0, Avg:  0.0, Max: 0, Diff: 0, Sum: 0, Workers: 4
[4044.348s][debug][gc,phases      ] GC(113)     Total                          Min: 0, Avg: 13.0, Max: 52, Diff: 52, Sum: 52, Workers: 4
[4044.348s][debug][gc,phases      ] GC(113)   StringDedup Table Weak         Min: 0.00, Avg: 0.00, Max: 0.00, Diff: 0.00, Sum: 0.00, Workers: 4
[4044.348s][debug][gc,phases      ] GC(113)     Dead                           Min: 0, Avg:  0.0, Max: 0, Diff: 0, Sum: 0, Workers: 4
[4044.348s][debug][gc,phases      ] GC(113)     Total                          Min: 0, Avg:  0.0, Max: 0, Diff: 0, Sum: 0, Workers: 4
[4044.348s][debug][gc,phases      ] GC(113)   StringDedup Requests0 Weak     Min: 0.00, Avg: 0.00, Max: 0.00, Diff: 0.00, Sum: 0.00, Workers: 4
[4044.348s][debug][gc,phases      ] GC(113)     Dead                           Min: 0, Avg:  0.0, Max: 0, Diff: 0, Sum: 0, Workers: 4
[4044.349s][debug][gc,phases      ] GC(113)     Total                          Min: 0, Avg:  0.0, Max: 0, Diff: 0, Sum: 0, Workers: 4
[4044.349s][debug][gc,phases      ] GC(113)   StringDedup Requests1 Weak     Min: 0.00, Avg: 0.00, Max: 0.00, Diff: 0.00, Sum: 0.00, Workers: 4
[4044.349s][debug][gc,phases      ] GC(113)     Dead                           Min: 0, Avg:  0.0, Max: 0, Diff: 0, Sum: 0, Workers: 4
[4044.349s][debug][gc,phases      ] GC(113)     Total                          Min: 0, Avg:  0.0, Max: 0, Diff: 0, Sum: 0, Workers: 4
[4044.349s][debug][gc,phases      ] GC(113)   Weak JFR Old Object Samples    Min: 0.00, Avg: 0.00, Max: 0.00, Diff: 0.00, Sum: 0.00, Workers: 4
[4044.349s][debug][gc,phases      ] GC(113)     Dead                           Min: 0, Avg:  0.0, Max: 0, Diff: 0, Sum: 0, Workers: 4
[4044.349s][debug][gc,phases      ] GC(113)     Total                          Min: 0, Avg:  0.0, Max: 0, Diff: 0, Sum: 0, Workers: 4
[4044.349s][debug][gc,phases      ] GC(113) Weak Processing 0.332ms
[4044.349s][debug][gc,age         ] GC(113) Desired survivor size 53477376 bytes, new threshold 1 (max threshold 15)
[4044.349s][info ][gc,heap        ] GC(113) PSYoungGen: 1993728K(2043392K)->3744K(2042368K) Eden: 1988608K(1988608K)->0K(1988608K) From: 5120K(54784K)->3744K(53760K)
[4044.349s][info ][gc,heap        ] GC(113) ParOldGen: 834987K(835072K)->837060K(837120K)
[4044.349s][info ][gc,metaspace   ] GC(113) Metaspace: 109561K(110784K)->109561K(110784K) NonClass: 93764K(94464K)->93764K(94464K) Class: 15796K(16320K)->15796K(16320K)
[4044.349s][info ][gc             ] GC(113) Pause Young (Allocation Failure) 2762M->821M(2812M) 6.057ms
[4044.349s][info ][gc,cpu         ] GC(113) User=0.01s Sys=0.01s Real=0.00s
[4044.349s][info ][safepoint      ] Safepoint "ParallelCollectForAllocation", Time since last: 18021126567 ns, Reaching safepoint: 87500 ns, At safepoint: 6132500 ns, Leaving safepoint: 9599 ns, Total: 6229599 ns, Threads: 1 runnable, 37 total
[4054.666s][debug][gc,phases      ] GC(114) Pre Compact 0.025ms
[4054.666s][info ][gc,start       ] GC(114) Pause Full (CodeCache GC Threshold)
[4054.666s][info ][gc,phases,start] GC(114) Marking Phase
[4054.755s][debug][gc,phases      ] GC(114) Par Mark 89.132ms
[4054.756s][debug][gc,ref         ] GC(114) ReferenceProcessor::execute queues: 4, RefProcThreadModel::Multi, marks_oops_alive: false
[4054.756s][debug][gc,ref         ] GC(114) ReferenceProcessor::execute queues: 4, RefProcThreadModel::Multi, marks_oops_alive: true
[4054.756s][debug][gc,ref         ] GC(114) ReferenceProcessor::execute queues: 1, RefProcThreadModel::Single, marks_oops_alive: false
[4054.756s][debug][gc,phases      ] GC(114) Reference Processing 1.442ms
[4054.756s][debug][gc,phases      ] GC(114) Flush Marking Stats 0.027ms
[4054.757s][debug][gc,phases      ] GC(114)   VM Weak                        Min: 0.00, Avg: 0.01, Max: 0.01, Diff: 0.01, Sum: 0.02, Workers: 4
[4054.757s][debug][gc,phases      ] GC(114)     Dead                           Min: 0, Avg:  0.0, Max: 0, Diff: 0, Sum: 0, Workers: 4
[4054.757s][debug][gc,phases      ] GC(114)     Total                          Min: 12, Avg: 211.0, Max: 320, Diff: 308, Sum: 844, Workers: 4
[4054.757s][debug][gc,phases      ] GC(114)   ObjectSynchronizer Weak        Min: 0.00, Avg: 0.00, Max: 0.00, Diff: 0.00, Sum: 0.00, Workers: 4
[4054.757s][debug][gc,phases      ] GC(114)     Dead                           Min: 0, Avg:  0.0, Max: 0, Diff: 0, Sum: 0, Workers: 4
[4054.757s][debug][gc,phases      ] GC(114)     Total                          Min: 0, Avg:  1.5, Max: 6, Diff: 6, Sum: 6, Workers: 4
[4054.757s][debug][gc,phases      ] GC(114)   JVMTI Tag Weak OopStorage      Min: 0.00, Avg: 0.00, Max: 0.00, Diff: 0.00, Sum: 0.00, Workers: 4
[4054.757s][debug][gc,phases      ] GC(114)     Dead                           Min: 0, Avg:  0.0, Max: 0, Diff: 0, Sum: 0, Workers: 4
[4054.757s][debug][gc,phases      ] GC(114)     Total                          Min: 0, Avg:  0.0, Max: 0, Diff: 0, Sum: 0, Workers: 4
[4054.757s][debug][gc,phases      ] GC(114)   StringTable Weak               Min: 0.23, Avg: 0.24, Max: 0.24, Diff: 0.00, Sum: 0.94, Workers: 4
[4054.757s][debug][gc,phases      ] GC(114)     Dead                           Min: 0, Avg:  0.2, Max: 1, Diff: 1, Sum: 1, Workers: 4
[4054.757s][debug][gc,phases      ] GC(114)     Total                          Min: 11904, Avg: 12512.5, Max: 12992, Diff: 1088, Sum: 50050, Workers: 4
[4054.757s][debug][gc,phases      ] GC(114)   ResolvedMethodTable Weak       Min: 0.06, Avg: 0.06, Max: 0.06, Diff: 0.00, Sum: 0.23, Workers: 4
[4054.757s][debug][gc,phases      ] GC(114)     Dead                           Min: 0, Avg:  8.0, Max: 20, Diff: 20, Sum: 32, Workers: 4
[4054.757s][debug][gc,phases      ] GC(114)     Total                          Min: 3767, Avg: 3980.0, Max: 4198, Diff: 431, Sum: 15920, Workers: 4
[4054.757s][debug][gc,phases      ] GC(114)   JNI Weak                       Min: 0.00, Avg: 0.00, Max: 0.00, Diff: 0.00, Sum: 0.00, Workers: 4
[4054.757s][debug][gc,phases      ] GC(114)     Dead                           Min: 0, Avg:  0.0, Max: 0, Diff: 0, Sum: 0, Workers: 4
[4054.757s][debug][gc,phases      ] GC(114)     Total                          Min: 0, Avg: 13.0, Max: 52, Diff: 52, Sum: 52, Workers: 4
[4054.757s][debug][gc,phases      ] GC(114)   StringDedup Table Weak         Min: 0.00, Avg: 0.00, Max: 0.00, Diff: 0.00, Sum: 0.00, Workers: 4
[4054.757s][debug][gc,phases      ] GC(114)     Dead                           Min: 0, Avg:  0.0, Max: 0, Diff: 0, Sum: 0, Workers: 4
[4054.757s][debug][gc,phases      ] GC(114)     Total                          Min: 0, Avg:  0.0, Max: 0, Diff: 0, Sum: 0, Workers: 4
[4054.757s][debug][gc,phases      ] GC(114)   StringDedup Requests0 Weak     Min: 0.00, Avg: 0.00, Max: 0.00, Diff: 0.00, Sum: 0.00, Workers: 4
[4054.757s][debug][gc,phases      ] GC(114)     Dead                           Min: 0, Avg:  0.0, Max: 0, Diff: 0, Sum: 0, Workers: 4
[4054.757s][debug][gc,phases      ] GC(114)     Total                          Min: 0, Avg:  0.0, Max: 0, Diff: 0, Sum: 0, Workers: 4
[4054.757s][debug][gc,phases      ] GC(114)   StringDedup Requests1 Weak     Min: 0.00, Avg: 0.00, Max: 0.00, Diff: 0.00, Sum: 0.00, Workers: 4
[4054.757s][debug][gc,phases      ] GC(114)     Dead                           Min: 0, Avg:  0.0, Max: 0, Diff: 0, Sum: 0, Workers: 4
[4054.757s][debug][gc,phases      ] GC(114)     Total                          Min: 0, Avg:  0.0, Max: 0, Diff: 0, Sum: 0, Workers: 4
[4054.757s][debug][gc,phases      ] GC(114)   Weak JFR Old Object Samples    Min: 0.00, Avg: 0.00, Max: 0.00, Diff: 0.00, Sum: 0.00, Workers: 4
[4054.757s][debug][gc,phases      ] GC(114)     Dead                           Min: 0, Avg:  0.0, Max: 0, Diff: 0, Sum: 0, Workers: 4
[4054.757s][debug][gc,phases      ] GC(114)     Total                          Min: 0, Avg:  0.0, Max: 0, Diff: 0, Sum: 0, Workers: 4
[4054.757s][debug][gc,phases      ] GC(114) Weak Processing 0.469ms
[4054.757s][debug][gc,phases      ] GC(114) ClassLoaderData 0.116ms
[4054.757s][debug][gc,phases      ] GC(114) Trigger cleanups 0.000ms
[4054.822s][debug][gc,phases      ] GC(114) Purge Unlinked NMethods 5.113ms
[4054.822s][debug][gc,phases      ] GC(114) Unregister NMethods 0.001ms
[4054.822s][debug][gc,phases      ] GC(114) Free Code Blobs 0.521ms
[4054.822s][debug][gc,phases      ] GC(114) Class Unloading 65.429ms
[4054.822s][debug][gc,phases      ] GC(114) Report Object Count 0.001ms
[4054.822s][info ][gc,phases      ] GC(114) Marking Phase 156.580ms
[4054.822s][info ][gc,phases,start] GC(114) Summary Phase
[4054.822s][info ][gc,phases      ] GC(114) Summary Phase 0.030ms
[4054.822s][info ][gc,phases,start] GC(114) Forward
[4054.853s][info ][gc,phases      ] GC(114) Forward 30.806ms
[4054.853s][info ][gc,phases,start] GC(114) Adjust Pointers
[4054.930s][info ][gc,phases      ] GC(114) Adjust Pointers 77.243ms
[4054.930s][info ][gc,phases,start] GC(114) Compaction Phase
[4054.960s][info ][gc,phases      ] GC(114) Compaction Phase 29.316ms
[4054.960s][info ][gc,phases,start] GC(114) Post Compact
[4054.972s][debug][gc,phases      ] GC(114) Purge Class Loader Data 1.464ms
[4054.972s][info ][gc,phases      ] GC(114) Post Compact 11.639ms
[4054.972s][info ][gc,heap        ] GC(114) PSYoungGen: 1164765K(2042368K)->0K(2042368K) Eden: 1161021K(1988608K)->0K(1988608K) From: 3744K(53760K)->0K(53760K)
[4054.972s][info ][gc,heap        ] GC(114) ParOldGen: 837060K(837120K)->357047K(837120K)
[4054.972s][info ][gc,metaspace   ] GC(114) Metaspace: 109575K(110784K)->109575K(110784K) NonClass: 93777K(94464K)->93777K(94464K) Class: 15798K(16320K)->15798K(16320K)
[4054.972s][info ][gc             ] GC(114) Pause Full (CodeCache GC Threshold) 1954M->348M(2812M) 305.964ms
[4054.972s][info ][gc,cpu         ] GC(114) User=0.78s Sys=0.01s Real=0.31s
[4054.972s][info ][safepoint      ] Safepoint "ParallelGCCollect", Time since last: 10316986635 ns, Reaching safepoint: 7500 ns, At safepoint: 306071154 ns, Leaving safepoint: 20800 ns, Total: 306099454 ns, Threads: 0 runnable, 37 total
[4071.813s][info ][gc,start       ] GC(115) Pause Young (Allocation Failure)
[4071.818s][debug][gc,phases      ] GC(115) Scavenge 5.185ms
[4071.819s][debug][gc,ref         ] GC(115) ReferenceProcessor::execute queues: 1, RefProcThreadModel::Single, marks_oops_alive: false
[4071.819s][debug][gc,ref         ] GC(115) Skipped KeepAliveFinalRefsPhase of Reference Processing: no references
[4071.819s][debug][gc,ref         ] GC(115) Skipped PhantomRefsPhase of Reference Processing: no references
[4071.819s][debug][gc,phases      ] GC(115) Reference Processing 0.108ms
[4071.819s][debug][gc,phases      ] GC(115)   VM Weak                        Min: 0.00, Avg: 0.00, Max: 0.01, Diff: 0.01, Sum: 0.01, Workers: 4
[4071.819s][debug][gc,phases      ] GC(115)     Dead                           Min: 0, Avg:  0.0, Max: 0, Diff: 0, Sum: 0, Workers: 4
[4071.819s][debug][gc,phases      ] GC(115)     Total                          Min: 0, Avg: 211.0, Max: 512, Diff: 512, Sum: 844, Workers: 4
[4071.819s][debug][gc,phases      ] GC(115)   ObjectSynchronizer Weak        Min: 0.00, Avg: 0.00, Max: 0.00, Diff: 0.00, Sum: 0.00, Workers: 4
[4071.819s][debug][gc,phases      ] GC(115)     Dead                           Min: 0, Avg:  0.0, Max: 0, Diff: 0, Sum: 0, Workers: 4
[4071.819s][debug][gc,phases      ] GC(115)     Total                          Min: 0, Avg:  1.5, Max: 6, Diff: 6, Sum: 6, Workers: 4
[4071.819s][debug][gc,phases      ] GC(115)   JVMTI Tag Weak OopStorage      Min: 0.00, Avg: 0.00, Max: 0.00, Diff: 0.00, Sum: 0.00, Workers: 4
[4071.819s][debug][gc,phases      ] GC(115)     Dead                           Min: 0, Avg:  0.0, Max: 0, Diff: 0, Sum: 0, Workers: 4
[4071.819s][debug][gc,phases      ] GC(115)     Total                          Min: 0, Avg:  0.0, Max: 0, Diff: 0, Sum: 0, Workers: 4
[4071.819s][debug][gc,phases      ] GC(115)   StringTable Weak               Min: 0.00, Avg: 0.11, Max: 0.15, Diff: 0.15, Sum: 0.42, Workers: 4
[4071.819s][debug][gc,phases      ] GC(115)     Dead                           Min: 0, Avg:  0.0, Max: 0, Diff: 0, Sum: 0, Workers: 4
[4071.819s][debug][gc,phases      ] GC(115)     Total                          Min: 0, Avg: 12512.5, Max: 20096, Diff: 20096, Sum: 50050, Workers: 4
[4071.819s][debug][gc,phases      ] GC(115)   ResolvedMethodTable Weak       Min: 0.00, Avg: 0.03, Max: 0.05, Diff: 0.05, Sum: 0.14, Workers: 4
[4071.819s][debug][gc,phases      ] GC(115)     Dead                           Min: 0, Avg:  5.0, Max: 12, Diff: 12, Sum: 20, Workers: 4
[4071.819s][debug][gc,phases      ] GC(115)     Total                          Min: 0, Avg: 3980.0, Max: 6646, Diff: 6646, Sum: 15920, Workers: 4
[4071.819s][debug][gc,phases      ] GC(115)   JNI Weak                       Min: 0.00, Avg: 0.00, Max: 0.00, Diff: 0.00, Sum: 0.00, Workers: 4
[4071.819s][debug][gc,phases      ] GC(115)     Dead                           Min: 0, Avg:  0.0, Max: 0, Diff: 0, Sum: 0, Workers: 4
[4071.819s][debug][gc,phases      ] GC(115)     Total                          Min: 0, Avg: 13.0, Max: 52, Diff: 52, Sum: 52, Workers: 4
[4071.819s][debug][gc,phases      ] GC(115)   StringDedup Table Weak         Min: 0.00, Avg: 0.00, Max: 0.00, Diff: 0.00, Sum: 0.00, Workers: 4
[4071.819s][debug][gc,phases      ] GC(115)     Dead                           Min: 0, Avg:  0.0, Max: 0, Diff: 0, Sum: 0, Workers: 4
[4071.819s][debug][gc,phases      ] GC(115)     Total                          Min: 0, Avg:  0.0, Max: 0, Diff: 0, Sum: 0, Workers: 4
[4071.819s][debug][gc,phases      ] GC(115)   StringDedup Requests0 Weak     Min: 0.00, Avg: 0.00, Max: 0.00, Diff: 0.00, Sum: 0.00, Workers: 4
[4071.819s][debug][gc,phases      ] GC(115)     Dead                           Min: 0, Avg:  0.0, Max: 0, Diff: 0, Sum: 0, Workers: 4
[4071.819s][debug][gc,phases      ] GC(115)     Total                          Min: 0, Avg:  0.0, Max: 0, Diff: 0, Sum: 0, Workers: 4
[4071.819s][debug][gc,phases      ] GC(115)   StringDedup Requests1 Weak     Min: 0.00, Avg: 0.00, Max: 0.00, Diff: 0.00, Sum: 0.00, Workers: 4
[4071.819s][debug][gc,phases      ] GC(115)     Dead                           Min: 0, Avg:  0.0, Max: 0, Diff: 0, Sum: 0, Workers: 4
[4071.819s][debug][gc,phases      ] GC(115)     Total                          Min: 0, Avg:  0.0, Max: 0, Diff: 0, Sum: 0, Workers: 4
[4071.819s][debug][gc,phases      ] GC(115)   Weak JFR Old Object Samples    Min: 0.00, Avg: 0.00, Max: 0.00, Diff: 0.00, Sum: 0.00, Workers: 4
[4071.819s][debug][gc,phases      ] GC(115)     Dead                           Min: 0, Avg:  0.0, Max: 0, Diff: 0, Sum: 0, Workers: 4
[4071.819s][debug][gc,phases      ] GC(115)     Total                          Min: 0, Avg:  0.0, Max: 0, Diff: 0, Sum: 0, Workers: 4
[4071.819s][debug][gc,phases      ] GC(115) Weak Processing 0.415ms
[4071.819s][debug][gc,age         ] GC(115) Desired survivor size 51904512 bytes, new threshold 1 (max threshold 15)
[4071.819s][info ][gc,heap        ] GC(115) PSYoungGen: 1988608K(2042368K)->6672K(2046464K) Eden: 1988608K(1988608K)->0K(1994240K) From: 0K(53760K)->6672K(52224K)
[4071.819s][info ][gc,heap        ] GC(115) ParOldGen: 357047K(837120K)->357047K(837120K)
[4071.819s][info ][gc,metaspace   ] GC(115) Metaspace: 109587K(110784K)->109587K(110784K) NonClass: 93788K(94464K)->93788K(94464K) Class: 15798K(16320K)->15798K(16320K)
[4071.819s][info ][gc             ] GC(115) Pause Young (Allocation Failure) 2290M->355M(2816M) 5.857ms
[4071.819s][info ][gc,cpu         ] GC(115) User=0.02s Sys=0.00s Real=0.01s
[4071.819s][info ][safepoint      ] Safepoint "ParallelCollectForAllocation", Time since last: 16841493551 ns, Reaching safepoint: 6800 ns, At safepoint: 5927697 ns, Leaving safepoint: 3900 ns, Total: 5938397 ns, Threads: 0 runnable, 34 total
[4087.564s][info ][gc,start       ] GC(116) Pause Young (Allocation Failure)
[4087.570s][debug][gc,phases      ] GC(116) Scavenge 5.874ms
[4087.570s][debug][gc,ref         ] GC(116) ReferenceProcessor::execute queues: 1, RefProcThreadModel::Single, marks_oops_alive: false
[4087.570s][debug][gc,ref         ] GC(116) Skipped KeepAliveFinalRefsPhase of Reference Processing: no references
[4087.570s][debug][gc,ref         ] GC(116) Skipped PhantomRefsPhase of Reference Processing: no references
[4087.570s][debug][gc,phases      ] GC(116) Reference Processing 0.101ms
[4087.570s][debug][gc,phases      ] GC(116)   VM Weak                        Min: 0.00, Avg: 0.00, Max: 0.01, Diff: 0.01, Sum: 0.01, Workers: 4
[4087.570s][debug][gc,phases      ] GC(116)     Dead                           Min: 0, Avg:  0.0, Max: 0, Diff: 0, Sum: 0, Workers: 4
[4087.571s][debug][gc,phases      ] GC(116)     Total                          Min: 0, Avg: 211.0, Max: 396, Diff: 396, Sum: 844, Workers: 4
[4087.571s][debug][gc,phases      ] GC(116)   ObjectSynchronizer Weak        Min: 0.00, Avg: 0.00, Max: 0.00, Diff: 0.00, Sum: 0.00, Workers: 4
[4087.571s][debug][gc,phases      ] GC(116)     Dead                           Min: 0, Avg:  0.0, Max: 0, Diff: 0, Sum: 0, Workers: 4
[4087.571s][debug][gc,phases      ] GC(116)     Total                          Min: 0, Avg:  1.5, Max: 6, Diff: 6, Sum: 6, Workers: 4
[4087.571s][debug][gc,phases      ] GC(116)   JVMTI Tag Weak OopStorage      Min: 0.00, Avg: 0.00, Max: 0.00, Diff: 0.00, Sum: 0.00, Workers: 4
[4087.571s][debug][gc,phases      ] GC(116)     Dead                           Min: 0, Avg:  0.0, Max: 0, Diff: 0, Sum: 0, Workers: 4
[4087.571s][debug][gc,phases      ] GC(116)     Total                          Min: 0, Avg:  0.0, Max: 0, Diff: 0, Sum: 0, Workers: 4
[4087.571s][debug][gc,phases      ] GC(116)   StringTable Weak               Min: 0.00, Avg: 0.11, Max: 0.15, Diff: 0.15, Sum: 0.44, Workers: 4
[4087.571s][debug][gc,phases      ] GC(116)     Dead                           Min: 0, Avg:  0.0, Max: 0, Diff: 0, Sum: 0, Workers: 4
[4087.571s][debug][gc,phases      ] GC(116)     Total                          Min: 0, Avg: 12513.0, Max: 20991, Diff: 20991, Sum: 50052, Workers: 4
[4087.571s][debug][gc,phases      ] GC(116)   ResolvedMethodTable Weak       Min: 0.00, Avg: 0.04, Max: 0.06, Diff: 0.06, Sum: 0.17, Workers: 4
[4087.571s][debug][gc,phases      ] GC(116)     Dead                           Min: 0, Avg:  0.0, Max: 0, Diff: 0, Sum: 0, Workers: 4
[4087.571s][debug][gc,phases      ] GC(116)     Total                          Min: 0, Avg: 3980.0, Max: 6230, Diff: 6230, Sum: 15920, Workers: 4
[4087.571s][debug][gc,phases      ] GC(116)   JNI Weak                       Min: 0.00, Avg: 0.00, Max: 0.00, Diff: 0.00, Sum: 0.00, Workers: 4
[4087.571s][debug][gc,phases      ] GC(116)     Dead                           Min: 0, Avg:  0.0, Max: 0, Diff: 0, Sum: 0, Workers: 4
[4087.571s][debug][gc,phases      ] GC(116)     Total                          Min: 0, Avg: 13.0, Max: 52, Diff: 52, Sum: 52, Workers: 4
[4087.571s][debug][gc,phases      ] GC(116)   StringDedup Table Weak         Min: 0.00, Avg: 0.00, Max: 0.00, Diff: 0.00, Sum: 0.00, Workers: 4
[4087.571s][debug][gc,phases      ] GC(116)     Dead                           Min: 0, Avg:  0.0, Max: 0, Diff: 0, Sum: 0, Workers: 4
[4087.571s][debug][gc,phases      ] GC(116)     Total                          Min: 0, Avg:  0.0, Max: 0, Diff: 0, Sum: 0, Workers: 4
[4087.571s][debug][gc,phases      ] GC(116)   StringDedup Requests0 Weak     Min: 0.00, Avg: 0.00, Max: 0.00, Diff: 0.00, Sum: 0.00, Workers: 4
[4087.571s][debug][gc,phases      ] GC(116)     Dead                           Min: 0, Avg:  0.0, Max: 0, Diff: 0, Sum: 0, Workers: 4
[4087.571s][debug][gc,phases      ] GC(116)     Total                          Min: 0, Avg:  0.0, Max: 0, Diff: 0, Sum: 0, Workers: 4
[4087.571s][debug][gc,phases      ] GC(116)   StringDedup Requests1 Weak     Min: 0.00, Avg: 0.00, Max: 0.00, Diff: 0.00, Sum: 0.00, Workers: 4
[4087.571s][debug][gc,phases      ] GC(116)     Dead                           Min: 0, Avg:  0.0, Max: 0, Diff: 0, Sum: 0, Workers: 4
[4087.571s][debug][gc,phases      ] GC(116)     Total                          Min: 0, Avg:  0.0, Max: 0, Diff: 0, Sum: 0, Workers: 4
[4087.571s][debug][gc,phases      ] GC(116)   Weak JFR Old Object Samples    Min: 0.00, Avg: 0.00, Max: 0.00, Diff: 0.00, Sum: 0.00, Workers: 4
[4087.571s][debug][gc,phases      ] GC(116)     Dead                           Min: 0, Avg:  0.0, Max: 0, Diff: 0, Sum: 0, Workers: 4
[4087.571s][debug][gc,phases      ] GC(116)     Total                          Min: 0, Avg:  0.0, Max: 0, Diff: 0, Sum: 0, Workers: 4
[4087.571s][debug][gc,phases      ] GC(116) Weak Processing 0.386ms
[4087.571s][debug][gc,age         ] GC(116) Desired survivor size 49807360 bytes, new threshold 1 (max threshold 15)
[4087.571s][info ][gc,heap        ] GC(116) PSYoungGen: 2000912K(2046464K)->7232K(2044928K) Eden: 1994240K(1994240K)->0K(1994240K) From: 6672K(52224K)->7232K(50688K)
[4087.571s][info ][gc,heap        ] GC(116) ParOldGen: 357047K(837120K)->361083K(837120K)
[4087.571s][info ][gc,metaspace   ] GC(116) Metaspace: 109604K(110784K)->109604K(110784K) NonClass: 93806K(94464K)->93806K(94464K) Class: 15798K(16320K)->15798K(16320K)
[4087.571s][info ][gc             ] GC(116) Pause Young (Allocation Failure) 2302M->359M(2814M) 6.508ms
[4087.571s][info ][gc,cpu         ] GC(116) User=0.02s Sys=0.00s Real=0.01s
[4087.571s][info ][safepoint      ] Safepoint "ParallelCollectForAllocation", Time since last: 15744943729 ns, Reaching safepoint: 8100 ns, At safepoint: 6582299 ns, Leaving safepoint: 8100 ns, Total: 6598499 ns, Threads: 0 runnable, 34 total
[4103.218s][info ][gc,start       ] GC(117) Pause Young (Allocation Failure)
[4103.225s][debug][gc,phases      ] GC(117) Scavenge 7.106ms
[4103.226s][debug][gc,ref         ] GC(117) ReferenceProcessor::execute queues: 1, RefProcThreadModel::Single, marks_oops_alive: false
[4103.226s][debug][gc,ref         ] GC(117) Skipped KeepAliveFinalRefsPhase of Reference Processing: no references
[4103.226s][debug][gc,ref         ] GC(117) Skipped PhantomRefsPhase of Reference Processing: no references
[4103.226s][debug][gc,phases      ] GC(117) Reference Processing 0.099ms
[4103.226s][debug][gc,phases      ] GC(117)   VM Weak                        Min: 0.00, Avg: 0.00, Max: 0.00, Diff: 0.00, Sum: 0.01, Workers: 4
[4103.226s][debug][gc,phases      ] GC(117)     Dead                           Min: 0, Avg:  0.0, Max: 0, Diff: 0, Sum: 0, Workers: 4
[4103.226s][debug][gc,phases      ] GC(117)     Total                          Min: 0, Avg: 211.0, Max: 448, Diff: 448, Sum: 844, Workers: 4
[4103.226s][debug][gc,phases      ] GC(117)   ObjectSynchronizer Weak        Min: 0.00, Avg: 0.00, Max: 0.00, Diff: 0.00, Sum: 0.00, Workers: 4
[4103.226s][debug][gc,phases      ] GC(117)     Dead                           Min: 0, Avg:  0.0, Max: 0, Diff: 0, Sum: 0, Workers: 4
[4103.226s][debug][gc,phases      ] GC(117)     Total                          Min: 0, Avg:  1.8, Max: 7, Diff: 7, Sum: 7, Workers: 4
[4103.226s][debug][gc,phases      ] GC(117)   JVMTI Tag Weak OopStorage      Min: 0.00, Avg: 0.00, Max: 0.00, Diff: 0.00, Sum: 0.00, Workers: 4
[4103.226s][debug][gc,phases      ] GC(117)     Dead                           Min: 0, Avg:  0.0, Max: 0, Diff: 0, Sum: 0, Workers: 4
[4103.226s][debug][gc,phases      ] GC(117)     Total                          Min: 0, Avg:  0.0, Max: 0, Diff: 0, Sum: 0, Workers: 4
[4103.226s][debug][gc,phases      ] GC(117)   StringTable Weak               Min: 0.00, Avg: 0.12, Max: 0.16, Diff: 0.16, Sum: 0.47, Workers: 4
[4103.226s][debug][gc,phases      ] GC(117)     Dead                           Min: 0, Avg:  0.0, Max: 0, Diff: 0, Sum: 0, Workers: 4
[4103.226s][debug][gc,phases      ] GC(117)     Total                          Min: 0, Avg: 12513.5, Max: 16960, Diff: 16960, Sum: 50054, Workers: 4
[4103.226s][debug][gc,phases      ] GC(117)   ResolvedMethodTable Weak       Min: 0.00, Avg: 0.04, Max: 0.05, Diff: 0.05, Sum: 0.16, Workers: 4
[4103.226s][debug][gc,phases      ] GC(117)     Dead                           Min: 0, Avg:  8.2, Max: 17, Diff: 17, Sum: 33, Workers: 4
[4103.226s][debug][gc,phases      ] GC(117)     Total                          Min: 0, Avg: 3980.8, Max: 5350, Diff: 5350, Sum: 15923, Workers: 4
[4103.226s][debug][gc,phases      ] GC(117)   JNI Weak                       Min: 0.00, Avg: 0.00, Max: 0.00, Diff: 0.00, Sum: 0.00, Workers: 4
[4103.226s][debug][gc,phases      ] GC(117)     Dead                           Min: 0, Avg:  0.0, Max: 0, Diff: 0, Sum: 0, Workers: 4
[4103.226s][debug][gc,phases      ] GC(117)     Total                          Min: 0, Avg: 13.0, Max: 52, Diff: 52, Sum: 52, Workers: 4
[4103.226s][debug][gc,phases      ] GC(117)   StringDedup Table Weak         Min: 0.00, Avg: 0.00, Max: 0.00, Diff: 0.00, Sum: 0.00, Workers: 4
[4103.226s][debug][gc,phases      ] GC(117)     Dead                           Min: 0, Avg:  0.0, Max: 0, Diff: 0, Sum: 0, Workers: 4
[4103.226s][debug][gc,phases      ] GC(117)     Total                          Min: 0, Avg:  0.0, Max: 0, Diff: 0, Sum: 0, Workers: 4
[4103.226s][debug][gc,phases      ] GC(117)   StringDedup Requests0 Weak     Min: 0.00, Avg: 0.00, Max: 0.00, Diff: 0.00, Sum: 0.00, Workers: 4
[4103.226s][debug][gc,phases      ] GC(117)     Dead                           Min: 0, Avg:  0.0, Max: 0, Diff: 0, Sum: 0, Workers: 4
[4103.226s][debug][gc,phases      ] GC(117)     Total                          Min: 0, Avg:  0.0, Max: 0, Diff: 0, Sum: 0, Workers: 4
[4103.226s][debug][gc,phases      ] GC(117)   StringDedup Requests1 Weak     Min: 0.00, Avg: 0.00, Max: 0.00, Diff: 0.00, Sum: 0.00, Workers: 4
[4103.226s][debug][gc,phases      ] GC(117)     Dead                           Min: 0, Avg:  0.0, Max: 0, Diff: 0, Sum: 0, Workers: 4
[4103.226s][debug][gc,phases      ] GC(117)     Total                          Min: 0, Avg:  0.0, Max: 0, Diff: 0, Sum: 0, Workers: 4
[4103.226s][debug][gc,phases      ] GC(117)   Weak JFR Old Object Samples    Min: 0.00, Avg: 0.00, Max: 0.00, Diff: 0.00, Sum: 0.00, Workers: 4
[4103.226s][debug][gc,phases      ] GC(117)     Dead                           Min: 0, Avg:  0.0, Max: 0, Diff: 0, Sum: 0, Workers: 4
[4103.226s][debug][gc,phases      ] GC(117)     Total                          Min: 0, Avg:  0.0, Max: 0, Diff: 0, Sum: 0, Workers: 4
[4103.226s][debug][gc,phases      ] GC(117) Weak Processing 0.400ms
[4103.226s][debug][gc,age         ] GC(117) Desired survivor size 46661632 bytes, new threshold 1 (max threshold 15)
[4103.226s][info ][gc,heap        ] GC(117) PSYoungGen: 2001472K(2044928K)->11800K(2051584K) Eden: 1994240K(1994240K)->0K(2002944K) From: 7232K(50688K)->11800K(48640K)
[4103.226s][info ][gc,heap        ] GC(117) ParOldGen: 361083K(837120K)->364991K(837120K)
[4103.226s][info ][gc,metaspace   ] GC(117) Metaspace: 109612K(110784K)->109612K(110784K) NonClass: 93813K(94464K)->93813K(94464K) Class: 15799K(16320K)->15799K(16320K)
[4103.226s][info ][gc             ] GC(117) Pause Young (Allocation Failure) 2307M->367M(2821M) 7.732ms
[4103.226s][info ][gc,cpu         ] GC(117) User=0.03s Sys=0.00s Real=0.01s
[4103.226s][info ][safepoint      ] Safepoint "ParallelCollectForAllocation", Time since last: 15647524666 ns, Reaching safepoint: 82900 ns, At safepoint: 7798798 ns, Leaving safepoint: 14700 ns, Total: 7896398 ns, Threads: 2 runnable, 37 total
[4143.849s][info ][gc,start       ] GC(118) Pause Young (Allocation Failure)
[4143.864s][debug][gc,phases      ] GC(118) Scavenge 15.043ms
[4143.864s][debug][gc,ref         ] GC(118) ReferenceProcessor::execute queues: 1, RefProcThreadModel::Single, marks_oops_alive: false
[4143.864s][debug][gc,ref         ] GC(118) Skipped KeepAliveFinalRefsPhase of Reference Processing: no references
[4143.864s][debug][gc,ref         ] GC(118) ReferenceProcessor::execute queues: 1, RefProcThreadModel::Single, marks_oops_alive: false
[4143.864s][debug][gc,phases      ] GC(118) Reference Processing 0.121ms
[4143.865s][debug][gc,phases      ] GC(118)   VM Weak                        Min: 0.00, Avg: 0.00, Max: 0.01, Diff: 0.01, Sum: 0.01, Workers: 4
[4143.865s][debug][gc,phases      ] GC(118)     Dead                           Min: 0, Avg:  0.0, Max: 0, Diff: 0, Sum: 0, Workers: 4
[4143.865s][debug][gc,phases      ] GC(118)     Total                          Min: 0, Avg: 211.2, Max: 512, Diff: 512, Sum: 845, Workers: 4
[4143.865s][debug][gc,phases      ] GC(118)   ObjectSynchronizer Weak        Min: 0.00, Avg: 0.00, Max: 0.00, Diff: 0.00, Sum: 0.00, Workers: 4
[4143.865s][debug][gc,phases      ] GC(118)     Dead                           Min: 0, Avg:  0.5, Max: 2, Diff: 2, Sum: 2, Workers: 4
[4143.865s][debug][gc,phases      ] GC(118)     Total                          Min: 0, Avg:  2.0, Max: 8, Diff: 8, Sum: 8, Workers: 4
[4143.865s][debug][gc,phases      ] GC(118)   JVMTI Tag Weak OopStorage      Min: 0.00, Avg: 0.00, Max: 0.00, Diff: 0.00, Sum: 0.00, Workers: 4
[4143.865s][debug][gc,phases      ] GC(118)     Dead                           Min: 0, Avg:  0.0, Max: 0, Diff: 0, Sum: 0, Workers: 4
[4143.865s][debug][gc,phases      ] GC(118)     Total                          Min: 0, Avg:  0.0, Max: 0, Diff: 0, Sum: 0, Workers: 4
[4143.865s][debug][gc,phases      ] GC(118)   StringTable Weak               Min: 0.00, Avg: 0.13, Max: 0.18, Diff: 0.18, Sum: 0.54, Workers: 4
[4143.865s][debug][gc,phases      ] GC(118)     Dead                           Min: 0, Avg:  0.0, Max: 0, Diff: 0, Sum: 0, Workers: 4
[4143.865s][debug][gc,phases      ] GC(118)     Total                          Min: 0, Avg: 12519.0, Max: 18496, Diff: 18496, Sum: 50076, Workers: 4
[4143.865s][debug][gc,phases      ] GC(118)   ResolvedMethodTable Weak       Min: 0.00, Avg: 0.04, Max: 0.05, Diff: 0.05, Sum: 0.15, Workers: 4
[4143.865s][debug][gc,phases      ] GC(118)     Dead                           Min: 0, Avg: 13.5, Max: 27, Diff: 27, Sum: 54, Workers: 4
[4143.865s][debug][gc,phases      ] GC(118)     Total                          Min: 0, Avg: 3981.0, Max: 5635, Diff: 5635, Sum: 15924, Workers: 4
[4143.865s][debug][gc,phases      ] GC(118)   JNI Weak                       Min: 0.00, Avg: 0.00, Max: 0.00, Diff: 0.00, Sum: 0.00, Workers: 4
[4143.865s][debug][gc,phases      ] GC(118)     Dead                           Min: 0, Avg:  0.0, Max: 0, Diff: 0, Sum: 0, Workers: 4
[4143.865s][debug][gc,phases      ] GC(118)     Total                          Min: 0, Avg: 13.0, Max: 52, Diff: 52, Sum: 52, Workers: 4
[4143.865s][debug][gc,phases      ] GC(118)   StringDedup Table Weak         Min: 0.00, Avg: 0.00, Max: 0.00, Diff: 0.00, Sum: 0.00, Workers: 4
[4143.865s][debug][gc,phases      ] GC(118)     Dead                           Min: 0, Avg:  0.0, Max: 0, Diff: 0, Sum: 0, Workers: 4
[4143.865s][debug][gc,phases      ] GC(118)     Total                          Min: 0, Avg:  0.0, Max: 0, Diff: 0, Sum: 0, Workers: 4
[4143.865s][debug][gc,phases      ] GC(118)   StringDedup Requests0 Weak     Min: 0.00, Avg: 0.00, Max: 0.00, Diff: 0.00, Sum: 0.00, Workers: 4
[4143.865s][debug][gc,phases      ] GC(118)     Dead                           Min: 0, Avg:  0.0, Max: 0, Diff: 0, Sum: 0, Workers: 4
[4143.865s][debug][gc,phases      ] GC(118)     Total                          Min: 0, Avg:  0.0, Max: 0, Diff: 0, Sum: 0, Workers: 4
[4143.865s][debug][gc,phases      ] GC(118)   StringDedup Requests1 Weak     Min: 0.00, Avg: 0.00, Max: 0.00, Diff: 0.00, Sum: 0.00, Workers: 4
[4143.865s][debug][gc,phases      ] GC(118)     Dead                           Min: 0, Avg:  0.0, Max: 0, Diff: 0, Sum: 0, Workers: 4
[4143.865s][debug][gc,phases      ] GC(118)     Total                          Min: 0, Avg:  0.0, Max: 0, Diff: 0, Sum: 0, Workers: 4
[4143.865s][debug][gc,phases      ] GC(118)   Weak JFR Old Object Samples    Min: 0.00, Avg: 0.00, Max: 0.00, Diff: 0.00, Sum: 0.00, Workers: 4
[4143.865s][debug][gc,phases      ] GC(118)     Dead                           Min: 0, Avg:  0.0, Max: 0, Diff: 0, Sum: 0, Workers: 4
[4143.865s][debug][gc,phases      ] GC(118)     Total                          Min: 0, Avg:  0.0, Max: 0, Diff: 0, Sum: 0, Workers: 4
[4143.865s][debug][gc,phases      ] GC(118) Weak Processing 0.418ms
[4143.865s][debug][gc,age         ] GC(118) Desired survivor size 54001664 bytes, new threshold 1 (max threshold 15)
[4143.865s][info ][gc,heap        ] GC(118) PSYoungGen: 2014744K(2051584K)->41242K(2044416K) Eden: 2002944K(2002944K)->0K(2002944K) From: 11800K(48640K)->41242K(41472K)
[4143.865s][info ][gc,heap        ] GC(118) ParOldGen: 364991K(837120K)->371204K(837120K)
[4143.865s][info ][gc,metaspace   ] GC(118) Metaspace: 109633K(110848K)->109633K(110848K) NonClass: 93833K(94528K)->93833K(94528K) Class: 15799K(16320K)->15799K(16320K)
[4143.865s][info ][gc             ] GC(118) Pause Young (Allocation Failure) 2323M->402M(2814M) 15.740ms
[4143.865s][info ][gc,cpu         ] GC(118) User=0.06s Sys=0.00s Real=0.01s
[4143.865s][info ][safepoint      ] Safepoint "ParallelCollectForAllocation", Time since last: 40622944175 ns, Reaching safepoint: 89700 ns, At safepoint: 15810895 ns, Leaving safepoint: 123900 ns, Total: 16024495 ns, Threads: 2 runnable, 38 total
[4156.349s][info ][gc,start       ] GC(119) Pause Young (Allocation Failure)
[4156.365s][debug][gc,phases      ] GC(119) Scavenge 16.136ms
[4156.365s][debug][gc,ref         ] GC(119) ReferenceProcessor::execute queues: 1, RefProcThreadModel::Single, marks_oops_alive: false
[4156.365s][debug][gc,ref         ] GC(119) Skipped KeepAliveFinalRefsPhase of Reference Processing: no references
[4156.365s][debug][gc,ref         ] GC(119) Skipped PhantomRefsPhase of Reference Processing: no references
[4156.365s][debug][gc,phases      ] GC(119) Reference Processing 0.105ms
[4156.366s][debug][gc,phases      ] GC(119)   VM Weak                        Min: 0.00, Avg: 0.00, Max: 0.01, Diff: 0.01, Sum: 0.01, Workers: 4
[4156.366s][debug][gc,phases      ] GC(119)     Dead                           Min: 0, Avg:  0.0, Max: 0, Diff: 0, Sum: 0, Workers: 4
[4156.366s][debug][gc,phases      ] GC(119)     Total                          Min: 0, Avg: 211.2, Max: 512, Diff: 512, Sum: 845, Workers: 4
[4156.366s][debug][gc,phases      ] GC(119)   ObjectSynchronizer Weak        Min: 0.00, Avg: 0.00, Max: 0.00, Diff: 0.00, Sum: 0.00, Workers: 4
[4156.366s][debug][gc,phases      ] GC(119)     Dead                           Min: 0, Avg:  0.2, Max: 1, Diff: 1, Sum: 1, Workers: 4
[4156.366s][debug][gc,phases      ] GC(119)     Total                          Min: 0, Avg:  2.2, Max: 9, Diff: 9, Sum: 9, Workers: 4
[4156.366s][debug][gc,phases      ] GC(119)   JVMTI Tag Weak OopStorage      Min: 0.00, Avg: 0.00, Max: 0.00, Diff: 0.00, Sum: 0.00, Workers: 4
[4156.366s][debug][gc,phases      ] GC(119)     Dead                           Min: 0, Avg:  0.0, Max: 0, Diff: 0, Sum: 0, Workers: 4
[4156.366s][debug][gc,phases      ] GC(119)     Total                          Min: 0, Avg:  0.0, Max: 0, Diff: 0, Sum: 0, Workers: 4
[4156.366s][debug][gc,phases      ] GC(119)   StringTable Weak               Min: 0.00, Avg: 0.11, Max: 0.14, Diff: 0.14, Sum: 0.43, Workers: 4
[4156.366s][debug][gc,phases      ] GC(119)     Dead                           Min: 0, Avg:  0.0, Max: 0, Diff: 0, Sum: 0, Workers: 4
[4156.366s][debug][gc,phases      ] GC(119)     Total                          Min: 0, Avg: 12521.5, Max: 21094, Diff: 21094, Sum: 50086, Workers: 4
[4156.366s][debug][gc,phases      ] GC(119)   ResolvedMethodTable Weak       Min: 0.00, Avg: 0.03, Max: 0.05, Diff: 0.05, Sum: 0.14, Workers: 4
[4156.366s][debug][gc,phases      ] GC(119)     Dead                           Min: 0, Avg:  7.8, Max: 31, Diff: 31, Sum: 31, Workers: 4
[4156.366s][debug][gc,phases      ] GC(119)     Total                          Min: 0, Avg: 3982.5, Max: 6925, Diff: 6925, Sum: 15930, Workers: 4
[4156.366s][debug][gc,phases      ] GC(119)   JNI Weak                       Min: 0.00, Avg: 0.00, Max: 0.00, Diff: 0.00, Sum: 0.00, Workers: 4
[4156.366s][debug][gc,phases      ] GC(119)     Dead                           Min: 0, Avg:  0.0, Max: 0, Diff: 0, Sum: 0, Workers: 4
[4156.366s][debug][gc,phases      ] GC(119)     Total                          Min: 0, Avg: 13.0, Max: 52, Diff: 52, Sum: 52, Workers: 4
[4156.366s][debug][gc,phases      ] GC(119)   StringDedup Table Weak         Min: 0.00, Avg: 0.00, Max: 0.00, Diff: 0.00, Sum: 0.00, Workers: 4
[4156.366s][debug][gc,phases      ] GC(119)     Dead                           Min: 0, Avg:  0.0, Max: 0, Diff: 0, Sum: 0, Workers: 4
[4156.366s][debug][gc,phases      ] GC(119)     Total                          Min: 0, Avg:  0.0, Max: 0, Diff: 0, Sum: 0, Workers: 4
[4156.366s][debug][gc,phases      ] GC(119)   StringDedup Requests0 Weak     Min: 0.00, Avg: 0.00, Max: 0.00, Diff: 0.00, Sum: 0.00, Workers: 4
[4156.366s][debug][gc,phases      ] GC(119)     Dead                           Min: 0, Avg:  0.0, Max: 0, Diff: 0, Sum: 0, Workers: 4
[4156.366s][debug][gc,phases      ] GC(119)     Total                          Min: 0, Avg:  0.0, Max: 0, Diff: 0, Sum: 0, Workers: 4
[4156.366s][debug][gc,phases      ] GC(119)   StringDedup Requests1 Weak     Min: 0.00, Avg: 0.00, Max: 0.00, Diff: 0.00, Sum: 0.00, Workers: 4
[4156.366s][debug][gc,phases      ] GC(119)     Dead                           Min: 0, Avg:  0.0, Max: 0, Diff: 0, Sum: 0, Workers: 4
[4156.366s][debug][gc,phases      ] GC(119)     Total                          Min: 0, Avg:  0.0, Max: 0, Diff: 0, Sum: 0, Workers: 4
[4156.366s][debug][gc,phases      ] GC(119)   Weak JFR Old Object Samples    Min: 0.00, Avg: 0.00, Max: 0.00, Diff: 0.00, Sum: 0.00, Workers: 4
[4156.366s][debug][gc,phases      ] GC(119)     Dead                           Min: 0, Avg:  0.0, Max: 0, Diff: 0, Sum: 0, Workers: 4
[4156.366s][debug][gc,phases      ] GC(119)     Total                          Min: 0, Avg:  0.0, Max: 0, Diff: 0, Sum: 0, Workers: 4
[4156.366s][debug][gc,phases      ] GC(119) Weak Processing 0.370ms
[4156.366s][debug][gc,age         ] GC(119) Desired survivor size 51380224 bytes, new threshold 1 (max threshold 15)
[4156.366s][info ][gc,heap        ] GC(119) PSYoungGen: 2044186K(2044416K)->20512K(2046976K) Eden: 2002944K(2002944K)->0K(1994240K) From: 41242K(41472K)->20512K(52736K)
[4156.366s][info ][gc,heap        ] GC(119) ParOldGen: 371204K(837120K)->408898K(837120K)
[4156.366s][info ][gc,metaspace   ] GC(119) Metaspace: 109661K(110848K)->109661K(110848K) NonClass: 93858K(94528K)->93858K(94528K) Class: 15802K(16320K)->15802K(16320K)
[4156.366s][info ][gc             ] GC(119) Pause Young (Allocation Failure) 2358M->419M(2816M) 16.747ms
[4156.366s][info ][gc,cpu         ] GC(119) User=0.06s Sys=0.01s Real=0.01s
[4156.366s][info ][safepoint      ] Safepoint "ParallelCollectForAllocation", Time since last: 12483926298 ns, Reaching safepoint: 7600 ns, At safepoint: 16817601 ns, Leaving safepoint: 17400 ns, Total: 16842601 ns, Threads: 0 runnable, 37 total
[4176.061s][info ][gc,start       ] GC(120) Pause Young (Allocation Failure)
[4176.070s][debug][gc,phases      ] GC(120) Scavenge 9.527ms
[4176.070s][debug][gc,ref         ] GC(120) ReferenceProcessor::execute queues: 1, RefProcThreadModel::Single, marks_oops_alive: false
[4176.070s][debug][gc,ref         ] GC(120) Skipped KeepAliveFinalRefsPhase of Reference Processing: no references
[4176.070s][debug][gc,ref         ] GC(120) Skipped PhantomRefsPhase of Reference Processing: no references
[4176.070s][debug][gc,phases      ] GC(120) Reference Processing 0.101ms
[4176.071s][debug][gc,phases      ] GC(120)   VM Weak                        Min: 0.00, Avg: 0.00, Max: 0.01, Diff: 0.01, Sum: 0.01, Workers: 4
[4176.071s][debug][gc,phases      ] GC(120)     Dead                           Min: 0, Avg:  0.0, Max: 0, Diff: 0, Sum: 0, Workers: 4
[4176.071s][debug][gc,phases      ] GC(120)     Total                          Min: 0, Avg: 211.2, Max: 781, Diff: 781, Sum: 845, Workers: 4
[4176.071s][debug][gc,phases      ] GC(120)   ObjectSynchronizer Weak        Min: 0.00, Avg: 0.00, Max: 0.00, Diff: 0.00, Sum: 0.00, Workers: 4
[4176.071s][debug][gc,phases      ] GC(120)     Dead                           Min: 0, Avg:  0.0, Max: 0, Diff: 0, Sum: 0, Workers: 4
[4176.071s][debug][gc,phases      ] GC(120)     Total                          Min: 0, Avg:  2.2, Max: 9, Diff: 9, Sum: 9, Workers: 4
[4176.071s][debug][gc,phases      ] GC(120)   JVMTI Tag Weak OopStorage      Min: 0.00, Avg: 0.00, Max: 0.00, Diff: 0.00, Sum: 0.00, Workers: 4
[4176.071s][debug][gc,phases      ] GC(120)     Dead                           Min: 0, Avg:  0.0, Max: 0, Diff: 0, Sum: 0, Workers: 4
[4176.071s][debug][gc,phases      ] GC(120)     Total                          Min: 0, Avg:  0.0, Max: 0, Diff: 0, Sum: 0, Workers: 4
[4176.071s][debug][gc,phases      ] GC(120)   StringTable Weak               Min: 0.00, Avg: 0.10, Max: 0.14, Diff: 0.14, Sum: 0.41, Workers: 4
[4176.071s][debug][gc,phases      ] GC(120)     Dead                           Min: 0, Avg:  0.0, Max: 0, Diff: 0, Sum: 0, Workers: 4
[4176.071s][debug][gc,phases      ] GC(120)     Total                          Min: 0, Avg: 12522.2, Max: 21312, Diff: 21312, Sum: 50089, Workers: 4
[4176.071s][debug][gc,phases      ] GC(120)   ResolvedMethodTable Weak       Min: 0.00, Avg: 0.04, Max: 0.05, Diff: 0.05, Sum: 0.14, Workers: 4
[4176.071s][debug][gc,phases      ] GC(120)     Dead                           Min: 0, Avg:  5.0, Max: 12, Diff: 12, Sum: 20, Workers: 4
[4176.071s][debug][gc,phases      ] GC(120)     Total                          Min: 0, Avg: 3983.0, Max: 6720, Diff: 6720, Sum: 15932, Workers: 4
[4176.071s][debug][gc,phases      ] GC(120)   JNI Weak                       Min: 0.00, Avg: 0.00, Max: 0.00, Diff: 0.00, Sum: 0.00, Workers: 4
[4176.071s][debug][gc,phases      ] GC(120)     Dead                           Min: 0, Avg:  0.0, Max: 0, Diff: 0, Sum: 0, Workers: 4
[4176.071s][debug][gc,phases      ] GC(120)     Total                          Min: 0, Avg: 13.0, Max: 52, Diff: 52, Sum: 52, Workers: 4
[4176.071s][debug][gc,phases      ] GC(120)   StringDedup Table Weak         Min: 0.00, Avg: 0.00, Max: 0.00, Diff: 0.00, Sum: 0.00, Workers: 4
[4176.071s][debug][gc,phases      ] GC(120)     Dead                           Min: 0, Avg:  0.0, Max: 0, Diff: 0, Sum: 0, Workers: 4
[4176.071s][debug][gc,phases      ] GC(120)     Total                          Min: 0, Avg:  0.0, Max: 0, Diff: 0, Sum: 0, Workers: 4
[4176.071s][debug][gc,phases      ] GC(120)   StringDedup Requests0 Weak     Min: 0.00, Avg: 0.00, Max: 0.00, Diff: 0.00, Sum: 0.00, Workers: 4
[4176.071s][debug][gc,phases      ] GC(120)     Dead                           Min: 0, Avg:  0.0, Max: 0, Diff: 0, Sum: 0, Workers: 4
[4176.071s][debug][gc,phases      ] GC(120)     Total                          Min: 0, Avg:  0.0, Max: 0, Diff: 0, Sum: 0, Workers: 4
[4176.071s][debug][gc,phases      ] GC(120)   StringDedup Requests1 Weak     Min: 0.00, Avg: 0.00, Max: 0.00, Diff: 0.00, Sum: 0.00, Workers: 4
[4176.071s][debug][gc,phases      ] GC(120)     Dead                           Min: 0, Avg:  0.0, Max: 0, Diff: 0, Sum: 0, Workers: 4
[4176.071s][debug][gc,phases      ] GC(120)     Total                          Min: 0, Avg:  0.0, Max: 0, Diff: 0, Sum: 0, Workers: 4
[4176.071s][debug][gc,phases      ] GC(120)   Weak JFR Old Object Samples    Min: 0.00, Avg: 0.00, Max: 0.00, Diff: 0.00, Sum: 0.00, Workers: 4
[4176.071s][debug][gc,phases      ] GC(120)     Dead                           Min: 0, Avg:  0.0, Max: 0, Diff: 0, Sum: 0, Workers: 4
[4176.071s][debug][gc,phases      ] GC(120)     Total                          Min: 0, Avg:  0.0, Max: 0, Diff: 0, Sum: 0, Workers: 4
[4176.071s][debug][gc,phases      ] GC(120) Weak Processing 0.371ms
[4176.071s][debug][gc,age         ] GC(120) Desired survivor size 49807360 bytes, new threshold 1 (max threshold 15)
[4176.071s][info ][gc,heap        ] GC(120) PSYoungGen: 2014752K(2046976K)->7888K(2044416K) Eden: 1994240K(1994240K)->0K(1994240K) From: 20512K(52736K)->7888K(50176K)
[4176.071s][info ][gc,heap        ] GC(120) ParOldGen: 408898K(837120K)->427568K(837120K)
[4176.071s][info ][gc,metaspace   ] GC(120) Metaspace: 109689K(110848K)->109689K(110848K) NonClass: 93885K(94528K)->93885K(94528K) Class: 15803K(16320K)->15803K(16320K)
[4176.071s][info ][gc             ] GC(120) Pause Young (Allocation Failure) 2366M->425M(2814M) 10.139ms
[4176.071s][info ][gc,cpu         ] GC(120) User=0.04s Sys=0.00s Real=0.01s
[4176.071s][info ][safepoint      ] Safepoint "ParallelCollectForAllocation", Time since last: 19694838050 ns, Reaching safepoint: 7200 ns, At safepoint: 10208509 ns, Leaving safepoint: 9400 ns, Total: 10225109 ns, Threads: 0 runnable, 38 total
[4198.375s][info ][gc,start       ] GC(121) Pause Young (Allocation Failure)
[4198.382s][debug][gc,phases      ] GC(121) Scavenge 6.453ms
[4198.382s][debug][gc,ref         ] GC(121) ReferenceProcessor::execute queues: 1, RefProcThreadModel::Single, marks_oops_alive: false
[4198.382s][debug][gc,ref         ] GC(121) Skipped KeepAliveFinalRefsPhase of Reference Processing: no references
[4198.382s][debug][gc,ref         ] GC(121) Skipped PhantomRefsPhase of Reference Processing: no references
[4198.382s][debug][gc,phases      ] GC(121) Reference Processing 0.111ms
[4198.382s][debug][gc,phases      ] GC(121)   VM Weak                        Min: 0.00, Avg: 0.00, Max: 0.01, Diff: 0.01, Sum: 0.01, Workers: 4
[4198.382s][debug][gc,phases      ] GC(121)     Dead                           Min: 0, Avg:  0.0, Max: 0, Diff: 0, Sum: 0, Workers: 4
[4198.382s][debug][gc,phases      ] GC(121)     Total                          Min: 64, Avg: 211.2, Max: 525, Diff: 461, Sum: 845, Workers: 4
[4198.382s][debug][gc,phases      ] GC(121)   ObjectSynchronizer Weak        Min: 0.00, Avg: 0.00, Max: 0.00, Diff: 0.00, Sum: 0.00, Workers: 4
[4198.382s][debug][gc,phases      ] GC(121)     Dead                           Min: 0, Avg:  0.0, Max: 0, Diff: 0, Sum: 0, Workers: 4
[4198.382s][debug][gc,phases      ] GC(121)     Total                          Min: 0, Avg:  2.2, Max: 9, Diff: 9, Sum: 9, Workers: 4
[4198.382s][debug][gc,phases      ] GC(121)   JVMTI Tag Weak OopStorage      Min: 0.00, Avg: 0.00, Max: 0.00, Diff: 0.00, Sum: 0.00, Workers: 4
[4198.382s][debug][gc,phases      ] GC(121)     Dead                           Min: 0, Avg:  0.0, Max: 0, Diff: 0, Sum: 0, Workers: 4
[4198.382s][debug][gc,phases      ] GC(121)     Total                          Min: 0, Avg:  0.0, Max: 0, Diff: 0, Sum: 0, Workers: 4
[4198.382s][debug][gc,phases      ] GC(121)   StringTable Weak               Min: 0.12, Avg: 0.12, Max: 0.12, Diff: 0.00, Sum: 0.49, Workers: 4
[4198.382s][debug][gc,phases      ] GC(121)     Dead                           Min: 0, Avg:  0.0, Max: 0, Diff: 0, Sum: 0, Workers: 4
[4198.382s][debug][gc,phases      ] GC(121)     Total                          Min: 12352, Avg: 12522.2, Max: 12713, Diff: 361, Sum: 50089, Workers: 4
[4198.382s][debug][gc,phases      ] GC(121)   ResolvedMethodTable Weak       Min: 0.06, Avg: 0.06, Max: 0.06, Diff: 0.00, Sum: 0.23, Workers: 4
[4198.382s][debug][gc,phases      ] GC(121)     Dead                           Min: 0, Avg:  5.0, Max: 15, Diff: 15, Sum: 20, Workers: 4
[4198.382s][debug][gc,phases      ] GC(121)     Total                          Min: 3667, Avg: 3983.0, Max: 4579, Diff: 912, Sum: 15932, Workers: 4
[4198.382s][debug][gc,phases      ] GC(121)   JNI Weak                       Min: 0.00, Avg: 0.00, Max: 0.00, Diff: 0.00, Sum: 0.00, Workers: 4
[4198.382s][debug][gc,phases      ] GC(121)     Dead                           Min: 0, Avg:  0.0, Max: 0, Diff: 0, Sum: 0, Workers: 4
[4198.382s][debug][gc,phases      ] GC(121)     Total                          Min: 0, Avg: 13.0, Max: 52, Diff: 52, Sum: 52, Workers: 4
[4198.382s][debug][gc,phases      ] GC(121)   StringDedup Table Weak         Min: 0.00, Avg: 0.00, Max: 0.00, Diff: 0.00, Sum: 0.00, Workers: 4
[4198.382s][debug][gc,phases      ] GC(121)     Dead                           Min: 0, Avg:  0.0, Max: 0, Diff: 0, Sum: 0, Workers: 4
[4198.382s][debug][gc,phases      ] GC(121)     Total                          Min: 0, Avg:  0.0, Max: 0, Diff: 0, Sum: 0, Workers: 4
[4198.382s][debug][gc,phases      ] GC(121)   StringDedup Requests0 Weak     Min: 0.00, Avg: 0.00, Max: 0.00, Diff: 0.00, Sum: 0.00, Workers: 4
[4198.382s][debug][gc,phases      ] GC(121)     Dead                           Min: 0, Avg:  0.0, Max: 0, Diff: 0, Sum: 0, Workers: 4
[4198.382s][debug][gc,phases      ] GC(121)     Total                          Min: 0, Avg:  0.0, Max: 0, Diff: 0, Sum: 0, Workers: 4
[4198.382s][debug][gc,phases      ] GC(121)   StringDedup Requests1 Weak     Min: 0.00, Avg: 0.00, Max: 0.00, Diff: 0.00, Sum: 0.00, Workers: 4
[4198.382s][debug][gc,phases      ] GC(121)     Dead                           Min: 0, Avg:  0.0, Max: 0, Diff: 0, Sum: 0, Workers: 4
[4198.382s][debug][gc,phases      ] GC(121)     Total                          Min: 0, Avg:  0.0, Max: 0, Diff: 0, Sum: 0, Workers: 4
[4198.382s][debug][gc,phases      ] GC(121)   Weak JFR Old Object Samples    Min: 0.00, Avg: 0.00, Max: 0.00, Diff: 0.00, Sum: 0.00, Workers: 4
[4198.382s][debug][gc,phases      ] GC(121)     Dead                           Min: 0, Avg:  0.0, Max: 0, Diff: 0, Sum: 0, Workers: 4
[4198.382s][debug][gc,phases      ] GC(121)     Total                          Min: 0, Avg:  0.0, Max: 0, Diff: 0, Sum: 0, Workers: 4
[4198.382s][debug][gc,phases      ] GC(121) Weak Processing 0.406ms
[4198.382s][debug][gc,age         ] GC(121) Desired survivor size 48758784 bytes, new threshold 1 (max threshold 15)
[4198.382s][info ][gc,heap        ] GC(121) PSYoungGen: 2002128K(2044416K)->4640K(2049536K) Eden: 1994240K(1994240K)->0K(2000896K) From: 7888K(50176K)->4640K(48640K)
[4198.382s][info ][gc,heap        ] GC(121) ParOldGen: 427568K(837120K)->432593K(837120K)
[4198.382s][info ][gc,metaspace   ] GC(121) Metaspace: 109697K(110912K)->109697K(110912K) NonClass: 93894K(94592K)->93894K(94592K) Class: 15803K(16320K)->15803K(16320K)
[4198.382s][info ][gc             ] GC(121) Pause Young (Allocation Failure) 2372M->426M(2819M) 7.110ms
[4198.382s][info ][gc,cpu         ] GC(121) User=0.02s Sys=0.00s Real=0.01s
[4198.382s][info ][safepoint      ] Safepoint "ParallelCollectForAllocation", Time since last: 22304188985 ns, Reaching safepoint: 9600 ns, At safepoint: 7188297 ns, Leaving safepoint: 4300 ns, Total: 7202197 ns, Threads: 0 runnable, 38 total
[4221.380s][info ][gc,start       ] GC(122) Pause Young (Allocation Failure)
[4221.384s][debug][gc,phases      ] GC(122) Scavenge 3.780ms
[4221.384s][debug][gc,ref         ] GC(122) ReferenceProcessor::execute queues: 1, RefProcThreadModel::Single, marks_oops_alive: false
[4221.384s][debug][gc,ref         ] GC(122) Skipped KeepAliveFinalRefsPhase of Reference Processing: no references
[4221.384s][debug][gc,ref         ] GC(122) Skipped PhantomRefsPhase of Reference Processing: no references
[4221.384s][debug][gc,phases      ] GC(122) Reference Processing 0.098ms
[4221.384s][debug][gc,phases      ] GC(122)   VM Weak                        Min: 0.00, Avg: 0.00, Max: 0.01, Diff: 0.01, Sum: 0.01, Workers: 4
[4221.384s][debug][gc,phases      ] GC(122)     Dead                           Min: 0, Avg:  0.0, Max: 0, Diff: 0, Sum: 0, Workers: 4
[4221.384s][debug][gc,phases      ] GC(122)     Total                          Min: 0, Avg: 211.2, Max: 640, Diff: 640, Sum: 845, Workers: 4
[4221.384s][debug][gc,phases      ] GC(122)   ObjectSynchronizer Weak        Min: 0.00, Avg: 0.00, Max: 0.00, Diff: 0.00, Sum: 0.00, Workers: 4
[4221.384s][debug][gc,phases      ] GC(122)     Dead                           Min: 0, Avg:  0.0, Max: 0, Diff: 0, Sum: 0, Workers: 4
[4221.384s][debug][gc,phases      ] GC(122)     Total                          Min: 0, Avg:  1.5, Max: 6, Diff: 6, Sum: 6, Workers: 4
[4221.384s][debug][gc,phases      ] GC(122)   JVMTI Tag Weak OopStorage      Min: 0.00, Avg: 0.00, Max: 0.00, Diff: 0.00, Sum: 0.00, Workers: 4
[4221.384s][debug][gc,phases      ] GC(122)     Dead                           Min: 0, Avg:  0.0, Max: 0, Diff: 0, Sum: 0, Workers: 4
[4221.384s][debug][gc,phases      ] GC(122)     Total                          Min: 0, Avg:  0.0, Max: 0, Diff: 0, Sum: 0, Workers: 4
[4221.384s][debug][gc,phases      ] GC(122)   StringTable Weak               Min: 0.12, Avg: 0.12, Max: 0.12, Diff: 0.00, Sum: 0.47, Workers: 4
[4221.384s][debug][gc,phases      ] GC(122)     Dead                           Min: 0, Avg:  0.2, Max: 1, Diff: 1, Sum: 1, Workers: 4
[4221.384s][debug][gc,phases      ] GC(122)     Total                          Min: 12160, Avg: 12527.8, Max: 12672, Diff: 512, Sum: 50111, Workers: 4
[4221.384s][debug][gc,phases      ] GC(122)   ResolvedMethodTable Weak       Min: 0.05, Avg: 0.05, Max: 0.05, Diff: 0.00, Sum: 0.21, Workers: 4
[4221.384s][debug][gc,phases      ] GC(122)     Dead                           Min: 0, Avg:  5.8, Max: 20, Diff: 20, Sum: 23, Workers: 4
[4221.384s][debug][gc,phases      ] GC(122)     Total                          Min: 3823, Avg: 3989.8, Max: 4202, Diff: 379, Sum: 15959, Workers: 4
[4221.384s][debug][gc,phases      ] GC(122)   JNI Weak                       Min: 0.00, Avg: 0.00, Max: 0.00, Diff: 0.00, Sum: 0.00, Workers: 4
[4221.384s][debug][gc,phases      ] GC(122)     Dead                           Min: 0, Avg:  0.0, Max: 0, Diff: 0, Sum: 0, Workers: 4
[4221.384s][debug][gc,phases      ] GC(122)     Total                          Min: 0, Avg: 13.0, Max: 52, Diff: 52, Sum: 52, Workers: 4
[4221.384s][debug][gc,phases      ] GC(122)   StringDedup Table Weak         Min: 0.00, Avg: 0.00, Max: 0.00, Diff: 0.00, Sum: 0.00, Workers: 4
[4221.384s][debug][gc,phases      ] GC(122)     Dead                           Min: 0, Avg:  0.0, Max: 0, Diff: 0, Sum: 0, Workers: 4
[4221.384s][debug][gc,phases      ] GC(122)     Total                          Min: 0, Avg:  0.0, Max: 0, Diff: 0, Sum: 0, Workers: 4
[4221.384s][debug][gc,phases      ] GC(122)   StringDedup Requests0 Weak     Min: 0.00, Avg: 0.00, Max: 0.00, Diff: 0.00, Sum: 0.00, Workers: 4
[4221.384s][debug][gc,phases      ] GC(122)     Dead                           Min: 0, Avg:  0.0, Max: 0, Diff: 0, Sum: 0, Workers: 4
[4221.384s][debug][gc,phases      ] GC(122)     Total                          Min: 0, Avg:  0.0, Max: 0, Diff: 0, Sum: 0, Workers: 4
[4221.384s][debug][gc,phases      ] GC(122)   StringDedup Requests1 Weak     Min: 0.00, Avg: 0.00, Max: 0.00, Diff: 0.00, Sum: 0.00, Workers: 4
[4221.384s][debug][gc,phases      ] GC(122)     Dead                           Min: 0, Avg:  0.0, Max: 0, Diff: 0, Sum: 0, Workers: 4
[4221.384s][debug][gc,phases      ] GC(122)     Total                          Min: 0, Avg:  0.0, Max: 0, Diff: 0, Sum: 0, Workers: 4
[4221.384s][debug][gc,phases      ] GC(122)   Weak JFR Old Object Samples    Min: 0.00, Avg: 0.00, Max: 0.00, Diff: 0.00, Sum: 0.00, Workers: 4
[4221.384s][debug][gc,phases      ] GC(122)     Dead                           Min: 0, Avg:  0.0, Max: 0, Diff: 0, Sum: 0, Workers: 4
[4221.384s][debug][gc,phases      ] GC(122)     Total                          Min: 0, Avg:  0.0, Max: 0, Diff: 0, Sum: 0, Workers: 4
[4221.384s][debug][gc,phases      ] GC(122) Weak Processing 0.345ms
[4221.384s][debug][gc,age         ] GC(122) Desired survivor size 47185920 bytes, new threshold 1 (max threshold 15)
[4221.384s][info ][gc,heap        ] GC(122) PSYoungGen: 2005536K(2049536K)->4368K(2048512K) Eden: 2000896K(2000896K)->0K(2000896K) From: 4640K(48640K)->4368K(47616K)
[4221.384s][info ][gc,heap        ] GC(122) ParOldGen: 432593K(837120K)->434169K(837120K)
[4221.384s][info ][gc,metaspace   ] GC(122) Metaspace: 109772K(110976K)->109772K(110976K) NonClass: 93958K(94656K)->93958K(94656K) Class: 15814K(16320K)->15814K(16320K)
[4221.384s][info ][gc             ] GC(122) Pause Young (Allocation Failure) 2380M->428M(2818M) 4.339ms
[4221.384s][info ][gc,cpu         ] GC(122) User=0.01s Sys=0.00s Real=0.00s
[4221.384s][info ][safepoint      ] Safepoint "ParallelCollectForAllocation", Time since last: 22997516811 ns, Reaching safepoint: 7800 ns, At safepoint: 4405799 ns, Leaving safepoint: 3700 ns, Total: 4417299 ns, Threads: 0 runnable, 39 total
[4243.063s][info ][gc,start       ] GC(123) Pause Young (Allocation Failure)
[4243.067s][debug][gc,phases      ] GC(123) Scavenge 4.793ms
[4243.067s][debug][gc,ref         ] GC(123) ReferenceProcessor::execute queues: 1, RefProcThreadModel::Single, marks_oops_alive: false
[4243.067s][debug][gc,ref         ] GC(123) Skipped KeepAliveFinalRefsPhase of Reference Processing: no references
[4243.067s][debug][gc,ref         ] GC(123) Skipped PhantomRefsPhase of Reference Processing: no references
[4243.067s][debug][gc,phases      ] GC(123) Reference Processing 0.103ms
[4243.068s][debug][gc,phases      ] GC(123)   VM Weak                        Min: 0.00, Avg: 0.00, Max: 0.01, Diff: 0.01, Sum: 0.01, Workers: 4
[4243.068s][debug][gc,phases      ] GC(123)     Dead                           Min: 0, Avg:  0.0, Max: 0, Diff: 0, Sum: 0, Workers: 4
[4243.068s][debug][gc,phases      ] GC(123)     Total                          Min: 0, Avg: 211.2, Max: 845, Diff: 845, Sum: 845, Workers: 4
[4243.068s][debug][gc,phases      ] GC(123)   ObjectSynchronizer Weak        Min: 0.00, Avg: 0.00, Max: 0.00, Diff: 0.00, Sum: 0.00, Workers: 4
[4243.068s][debug][gc,phases      ] GC(123)     Dead                           Min: 0, Avg:  0.0, Max: 0, Diff: 0, Sum: 0, Workers: 4
[4243.068s][debug][gc,phases      ] GC(123)     Total                          Min: 0, Avg:  1.5, Max: 6, Diff: 6, Sum: 6, Workers: 4
[4243.068s][debug][gc,phases      ] GC(123)   JVMTI Tag Weak OopStorage      Min: 0.00, Avg: 0.00, Max: 0.00, Diff: 0.00, Sum: 0.00, Workers: 4
[4243.068s][debug][gc,phases      ] GC(123)     Dead                           Min: 0, Avg:  0.0, Max: 0, Diff: 0, Sum: 0, Workers: 4
[4243.068s][debug][gc,phases      ] GC(123)     Total                          Min: 0, Avg:  0.0, Max: 0, Diff: 0, Sum: 0, Workers: 4
[4243.068s][debug][gc,phases      ] GC(123)   StringTable Weak               Min: 0.00, Avg: 0.07, Max: 0.28, Diff: 0.28, Sum: 0.29, Workers: 4
[4243.068s][debug][gc,phases      ] GC(123)     Dead                           Min: 0, Avg:  0.0, Max: 0, Diff: 0, Sum: 0, Workers: 4
[4243.068s][debug][gc,phases      ] GC(123)     Total                          Min: 0, Avg: 12528.5, Max: 50114, Diff: 50114, Sum: 50114, Workers: 4
[4243.068s][debug][gc,phases      ] GC(123)   ResolvedMethodTable Weak       Min: 0.00, Avg: 0.03, Max: 0.09, Diff: 0.09, Sum: 0.10, Workers: 4
[4243.068s][debug][gc,phases      ] GC(123)     Dead                           Min: 0, Avg:  5.2, Max: 20, Diff: 20, Sum: 21, Workers: 4
[4243.068s][debug][gc,phases      ] GC(123)     Total                          Min: 0, Avg: 3990.8, Max: 14774, Diff: 14774, Sum: 15963, Workers: 4
[4243.068s][debug][gc,phases      ] GC(123)   JNI Weak                       Min: 0.00, Avg: 0.00, Max: 0.00, Diff: 0.00, Sum: 0.00, Workers: 4
[4243.068s][debug][gc,phases      ] GC(123)     Dead                           Min: 0, Avg:  0.0, Max: 0, Diff: 0, Sum: 0, Workers: 4
[4243.068s][debug][gc,phases      ] GC(123)     Total                          Min: 0, Avg: 13.0, Max: 52, Diff: 52, Sum: 52, Workers: 4
[4243.068s][debug][gc,phases      ] GC(123)   StringDedup Table Weak         Min: 0.00, Avg: 0.00, Max: 0.00, Diff: 0.00, Sum: 0.00, Workers: 4
[4243.068s][debug][gc,phases      ] GC(123)     Dead                           Min: 0, Avg:  0.0, Max: 0, Diff: 0, Sum: 0, Workers: 4
[4243.068s][debug][gc,phases      ] GC(123)     Total                          Min: 0, Avg:  0.0, Max: 0, Diff: 0, Sum: 0, Workers: 4
[4243.068s][debug][gc,phases      ] GC(123)   StringDedup Requests0 Weak     Min: 0.00, Avg: 0.00, Max: 0.00, Diff: 0.00, Sum: 0.00, Workers: 4
[4243.068s][debug][gc,phases      ] GC(123)     Dead                           Min: 0, Avg:  0.0, Max: 0, Diff: 0, Sum: 0, Workers: 4
[4243.068s][debug][gc,phases      ] GC(123)     Total                          Min: 0, Avg:  0.0, Max: 0, Diff: 0, Sum: 0, Workers: 4
[4243.068s][debug][gc,phases      ] GC(123)   StringDedup Requests1 Weak     Min: 0.00, Avg: 0.00, Max: 0.00, Diff: 0.00, Sum: 0.00, Workers: 4
[4243.068s][debug][gc,phases      ] GC(123)     Dead                           Min: 0, Avg:  0.0, Max: 0, Diff: 0, Sum: 0, Workers: 4
[4243.068s][debug][gc,phases      ] GC(123)     Total                          Min: 0, Avg:  0.0, Max: 0, Diff: 0, Sum: 0, Workers: 4
[4243.068s][debug][gc,phases      ] GC(123)   Weak JFR Old Object Samples    Min: 0.00, Avg: 0.00, Max: 0.00, Diff: 0.00, Sum: 0.00, Workers: 4
[4243.068s][debug][gc,phases      ] GC(123)     Dead                           Min: 0, Avg:  0.0, Max: 0, Diff: 0, Sum: 0, Workers: 4
[4243.068s][debug][gc,phases      ] GC(123)     Total                          Min: 0, Avg:  0.0, Max: 0, Diff: 0, Sum: 0, Workers: 4
[4243.068s][debug][gc,phases      ] GC(123) Weak Processing 0.586ms
[4243.068s][debug][gc,age         ] GC(123) Desired survivor size 45613056 bytes, new threshold 1 (max threshold 15)
[4243.068s][info ][gc,heap        ] GC(123) PSYoungGen: 2005264K(2048512K)->4528K(2052608K) Eden: 2000896K(2000896K)->0K(2006528K) From: 4368K(47616K)->4528K(46080K)
[4243.068s][info ][gc,heap        ] GC(123) ParOldGen: 434169K(837120K)->435646K(837120K)
[4243.068s][info ][gc,metaspace   ] GC(123) Metaspace: 109781K(110976K)->109781K(110976K) NonClass: 93966K(94656K)->93966K(94656K) Class: 15815K(16320K)->15815K(16320K)
[4243.068s][info ][gc             ] GC(123) Pause Young (Allocation Failure) 2382M->429M(2822M) 5.620ms
[4243.068s][info ][gc,cpu         ] GC(123) User=0.02s Sys=0.00s Real=0.00s
[4243.068s][info ][safepoint      ] Safepoint "ParallelCollectForAllocation", Time since last: 21678231011 ns, Reaching safepoint: 8900 ns, At safepoint: 5688699 ns, Leaving safepoint: 3100 ns, Total: 5700699 ns, Threads: 0 runnable, 39 total
[4262.447s][info ][gc,start       ] GC(124) Pause Young (Allocation Failure)
[4262.451s][debug][gc,phases      ] GC(124) Scavenge 3.746ms
[4262.451s][debug][gc,ref         ] GC(124) ReferenceProcessor::execute queues: 1, RefProcThreadModel::Single, marks_oops_alive: false
[4262.451s][debug][gc,ref         ] GC(124) Skipped KeepAliveFinalRefsPhase of Reference Processing: no references
[4262.451s][debug][gc,ref         ] GC(124) Skipped PhantomRefsPhase of Reference Processing: no references
[4262.451s][debug][gc,phases      ] GC(124) Reference Processing 0.103ms
[4262.451s][debug][gc,phases      ] GC(124)   VM Weak                        Min: 0.00, Avg: 0.00, Max: 0.01, Diff: 0.01, Sum: 0.01, Workers: 4
[4262.451s][debug][gc,phases      ] GC(124)     Dead                           Min: 0, Avg:  0.0, Max: 0, Diff: 0, Sum: 0, Workers: 4
[4262.451s][debug][gc,phases      ] GC(124)     Total                          Min: 0, Avg: 211.2, Max: 589, Diff: 589, Sum: 845, Workers: 4
[4262.451s][debug][gc,phases      ] GC(124)   ObjectSynchronizer Weak        Min: 0.00, Avg: 0.00, Max: 0.00, Diff: 0.00, Sum: 0.00, Workers: 4
[4262.451s][debug][gc,phases      ] GC(124)     Dead                           Min: 0, Avg:  0.0, Max: 0, Diff: 0, Sum: 0, Workers: 4
[4262.451s][debug][gc,phases      ] GC(124)     Total                          Min: 0, Avg:  1.2, Max: 5, Diff: 5, Sum: 5, Workers: 4
[4262.451s][debug][gc,phases      ] GC(124)   JVMTI Tag Weak OopStorage      Min: 0.00, Avg: 0.00, Max: 0.00, Diff: 0.00, Sum: 0.00, Workers: 4
[4262.451s][debug][gc,phases      ] GC(124)     Dead                           Min: 0, Avg:  0.0, Max: 0, Diff: 0, Sum: 0, Workers: 4
[4262.451s][debug][gc,phases      ] GC(124)     Total                          Min: 0, Avg:  0.0, Max: 0, Diff: 0, Sum: 0, Workers: 4
[4262.451s][debug][gc,phases      ] GC(124)   StringTable Weak               Min: 0.12, Avg: 0.13, Max: 0.15, Diff: 0.03, Sum: 0.54, Workers: 4
[4262.451s][debug][gc,phases      ] GC(124)     Dead                           Min: 0, Avg:  0.0, Max: 0, Diff: 0, Sum: 0, Workers: 4
[4262.451s][debug][gc,phases      ] GC(124)     Total                          Min: 11395, Avg: 12528.8, Max: 13056, Diff: 1661, Sum: 50115, Workers: 4
[4262.451s][debug][gc,phases      ] GC(124)   ResolvedMethodTable Weak       Min: 0.04, Avg: 0.04, Max: 0.04, Diff: 0.00, Sum: 0.16, Workers: 4
[4262.451s][debug][gc,phases      ] GC(124)     Dead                           Min: 0, Avg:  5.0, Max: 18, Diff: 18, Sum: 20, Workers: 4
[4262.451s][debug][gc,phases      ] GC(124)     Total                          Min: 3924, Avg: 3991.2, Max: 4101, Diff: 177, Sum: 15965, Workers: 4
[4262.451s][debug][gc,phases      ] GC(124)   JNI Weak                       Min: 0.00, Avg: 0.00, Max: 0.00, Diff: 0.00, Sum: 0.00, Workers: 4
[4262.451s][debug][gc,phases      ] GC(124)     Dead                           Min: 0, Avg:  0.0, Max: 0, Diff: 0, Sum: 0, Workers: 4
[4262.451s][debug][gc,phases      ] GC(124)     Total                          Min: 0, Avg: 13.0, Max: 52, Diff: 52, Sum: 52, Workers: 4
[4262.451s][debug][gc,phases      ] GC(124)   StringDedup Table Weak         Min: 0.00, Avg: 0.00, Max: 0.00, Diff: 0.00, Sum: 0.00, Workers: 4
[4262.451s][debug][gc,phases      ] GC(124)     Dead                           Min: 0, Avg:  0.0, Max: 0, Diff: 0, Sum: 0, Workers: 4
[4262.451s][debug][gc,phases      ] GC(124)     Total                          Min: 0, Avg:  0.0, Max: 0, Diff: 0, Sum: 0, Workers: 4
[4262.451s][debug][gc,phases      ] GC(124)   StringDedup Requests0 Weak     Min: 0.00, Avg: 0.00, Max: 0.00, Diff: 0.00, Sum: 0.00, Workers: 4
[4262.451s][debug][gc,phases      ] GC(124)     Dead                           Min: 0, Avg:  0.0, Max: 0, Diff: 0, Sum: 0, Workers: 4
[4262.451s][debug][gc,phases      ] GC(124)     Total                          Min: 0, Avg:  0.0, Max: 0, Diff: 0, Sum: 0, Workers: 4
[4262.451s][debug][gc,phases      ] GC(124)   StringDedup Requests1 Weak     Min: 0.00, Avg: 0.00, Max: 0.00, Diff: 0.00, Sum: 0.00, Workers: 4
[4262.451s][debug][gc,phases      ] GC(124)     Dead                           Min: 0, Avg:  0.0, Max: 0, Diff: 0, Sum: 0, Workers: 4
[4262.451s][debug][gc,phases      ] GC(124)     Total                          Min: 0, Avg:  0.0, Max: 0, Diff: 0, Sum: 0, Workers: 4
[4262.451s][debug][gc,phases      ] GC(124)   Weak JFR Old Object Samples    Min: 0.00, Avg: 0.00, Max: 0.00, Diff: 0.00, Sum: 0.00, Workers: 4
[4262.451s][debug][gc,phases      ] GC(124)     Dead                           Min: 0, Avg:  0.0, Max: 0, Diff: 0, Sum: 0, Workers: 4
[4262.451s][debug][gc,phases      ] GC(124)     Total                          Min: 0, Avg:  0.0, Max: 0, Diff: 0, Sum: 0, Workers: 4
[4262.451s][debug][gc,phases      ] GC(124) Weak Processing 0.366ms
[4262.451s][debug][gc,age         ] GC(124) Desired survivor size 44040192 bytes, new threshold 1 (max threshold 15)
[4262.451s][info ][gc,heap        ] GC(124) PSYoungGen: 2011056K(2052608K)->4320K(2051072K) Eden: 2006528K(2006528K)->0K(2006528K) From: 4528K(46080K)->4320K(44544K)
[4262.451s][info ][gc,heap        ] GC(124) ParOldGen: 435646K(837120K)->437395K(837120K)
[4262.451s][info ][gc,metaspace   ] GC(124) Metaspace: 109790K(110976K)->109790K(110976K) NonClass: 93973K(94656K)->93973K(94656K) Class: 15816K(16320K)->15816K(16320K)
[4262.451s][info ][gc             ] GC(124) Pause Young (Allocation Failure) 2389M->431M(2820M) 4.335ms
[4262.451s][info ][gc,cpu         ] GC(124) User=0.02s Sys=0.00s Real=0.01s
[4262.451s][info ][safepoint      ] Safepoint "ParallelCollectForAllocation", Time since last: 19378742319 ns, Reaching safepoint: 79500 ns, At safepoint: 4398797 ns, Leaving safepoint: 6700 ns, Total: 4484997 ns, Threads: 1 runnable, 39 total
[4284.955s][info ][gc,start       ] GC(125) Pause Young (Allocation Failure)
[4284.959s][debug][gc,phases      ] GC(125) Scavenge 3.991ms
[4284.959s][debug][gc,ref         ] GC(125) ReferenceProcessor::execute queues: 1, RefProcThreadModel::Single, marks_oops_alive: false
[4284.959s][debug][gc,ref         ] GC(125) Skipped KeepAliveFinalRefsPhase of Reference Processing: no references
[4284.959s][debug][gc,ref         ] GC(125) Skipped PhantomRefsPhase of Reference Processing: no references
[4284.959s][debug][gc,phases      ] GC(125) Reference Processing 0.121ms
[4284.959s][debug][gc,phases      ] GC(125)   VM Weak                        Min: 0.00, Avg: 0.00, Max: 0.00, Diff: 0.00, Sum: 0.01, Workers: 4
[4284.959s][debug][gc,phases      ] GC(125)     Dead                           Min: 0, Avg:  0.0, Max: 0, Diff: 0, Sum: 0, Workers: 4
[4284.959s][debug][gc,phases      ] GC(125)     Total                          Min: 0, Avg: 211.2, Max: 448, Diff: 448, Sum: 845, Workers: 4
[4284.959s][debug][gc,phases      ] GC(125)   ObjectSynchronizer Weak        Min: 0.00, Avg: 0.00, Max: 0.00, Diff: 0.00, Sum: 0.00, Workers: 4
[4284.959s][debug][gc,phases      ] GC(125)     Dead                           Min: 0, Avg:  0.0, Max: 0, Diff: 0, Sum: 0, Workers: 4
[4284.959s][debug][gc,phases      ] GC(125)     Total                          Min: 0, Avg:  1.5, Max: 6, Diff: 6, Sum: 6, Workers: 4
[4284.959s][debug][gc,phases      ] GC(125)   JVMTI Tag Weak OopStorage      Min: 0.00, Avg: 0.00, Max: 0.00, Diff: 0.00, Sum: 0.00, Workers: 4
[4284.959s][debug][gc,phases      ] GC(125)     Dead                           Min: 0, Avg:  0.0, Max: 0, Diff: 0, Sum: 0, Workers: 4
[4284.959s][debug][gc,phases      ] GC(125)     Total                          Min: 0, Avg:  0.0, Max: 0, Diff: 0, Sum: 0, Workers: 4
[4284.959s][debug][gc,phases      ] GC(125)   StringTable Weak               Min: 0.00, Avg: 0.10, Max: 0.13, Diff: 0.13, Sum: 0.39, Workers: 4
[4284.959s][debug][gc,phases      ] GC(125)     Dead                           Min: 0, Avg:  0.2, Max: 1, Diff: 1, Sum: 1, Workers: 4
[4284.959s][debug][gc,phases      ] GC(125)     Total                          Min: 0, Avg: 12531.5, Max: 20800, Diff: 20800, Sum: 50126, Workers: 4
[4284.959s][debug][gc,phases      ] GC(125)   ResolvedMethodTable Weak       Min: 0.00, Avg: 0.03, Max: 0.05, Diff: 0.05, Sum: 0.14, Workers: 4
[4284.959s][debug][gc,phases      ] GC(125)     Dead                           Min: 0, Avg:  5.5, Max: 10, Diff: 10, Sum: 22, Workers: 4
[4284.959s][debug][gc,phases      ] GC(125)     Total                          Min: 0, Avg: 3995.2, Max: 6635, Diff: 6635, Sum: 15981, Workers: 4
[4284.959s][debug][gc,phases      ] GC(125)   JNI Weak                       Min: 0.00, Avg: 0.00, Max: 0.00, Diff: 0.00, Sum: 0.00, Workers: 4
[4284.959s][debug][gc,phases      ] GC(125)     Dead                           Min: 0, Avg:  0.0, Max: 0, Diff: 0, Sum: 0, Workers: 4
[4284.959s][debug][gc,phases      ] GC(125)     Total                          Min: 0, Avg: 13.0, Max: 52, Diff: 52, Sum: 52, Workers: 4
[4284.959s][debug][gc,phases      ] GC(125)   StringDedup Table Weak         Min: 0.00, Avg: 0.00, Max: 0.00, Diff: 0.00, Sum: 0.00, Workers: 4
[4284.959s][debug][gc,phases      ] GC(125)     Dead                           Min: 0, Avg:  0.0, Max: 0, Diff: 0, Sum: 0, Workers: 4
[4284.959s][debug][gc,phases      ] GC(125)     Total                          Min: 0, Avg:  0.0, Max: 0, Diff: 0, Sum: 0, Workers: 4
[4284.959s][debug][gc,phases      ] GC(125)   StringDedup Requests0 Weak     Min: 0.00, Avg: 0.00, Max: 0.00, Diff: 0.00, Sum: 0.00, Workers: 4
[4284.959s][debug][gc,phases      ] GC(125)     Dead                           Min: 0, Avg:  0.0, Max: 0, Diff: 0, Sum: 0, Workers: 4
[4284.959s][debug][gc,phases      ] GC(125)     Total                          Min: 0, Avg:  0.0, Max: 0, Diff: 0, Sum: 0, Workers: 4
[4284.959s][debug][gc,phases      ] GC(125)   StringDedup Requests1 Weak     Min: 0.00, Avg: 0.00, Max: 0.00, Diff: 0.00, Sum: 0.00, Workers: 4
[4284.959s][debug][gc,phases      ] GC(125)     Dead                           Min: 0, Avg:  0.0, Max: 0, Diff: 0, Sum: 0, Workers: 4
[4284.959s][debug][gc,phases      ] GC(125)     Total                          Min: 0, Avg:  0.0, Max: 0, Diff: 0, Sum: 0, Workers: 4
[4284.959s][debug][gc,phases      ] GC(125)   Weak JFR Old Object Samples    Min: 0.00, Avg: 0.00, Max: 0.00, Diff: 0.00, Sum: 0.00, Workers: 4
[4284.959s][debug][gc,phases      ] GC(125)     Dead                           Min: 0, Avg:  0.0, Max: 0, Diff: 0, Sum: 0, Workers: 4
[4284.959s][debug][gc,phases      ] GC(125)     Total                          Min: 0, Avg:  0.0, Max: 0, Diff: 0, Sum: 0, Workers: 4
[4284.959s][debug][gc,phases      ] GC(125) Weak Processing 0.360ms
[4284.959s][debug][gc,age         ] GC(125) Desired survivor size 42467328 bytes, new threshold 1 (max threshold 15)
[4284.959s][info ][gc,heap        ] GC(125) PSYoungGen: 2010848K(2051072K)->4640K(2055680K) Eden: 2006528K(2006528K)->0K(2012672K) From: 4320K(44544K)->4640K(43008K)
[4284.959s][info ][gc,heap        ] GC(125) ParOldGen: 437395K(837120K)->438419K(837120K)
[4284.959s][info ][gc,metaspace   ] GC(125) Metaspace: 109816K(110976K)->109816K(110976K) NonClass: 93993K(94656K)->93993K(94656K) Class: 15822K(16320K)->15822K(16320K)
[4284.959s][info ][gc             ] GC(125) Pause Young (Allocation Failure) 2390M->432M(2825M) 4.595ms
[4284.959s][info ][gc,cpu         ] GC(125) User=0.01s Sys=0.00s Real=0.01s
[4284.959s][info ][safepoint      ] Safepoint "ParallelCollectForAllocation", Time since last: 22503372698 ns, Reaching safepoint: 33300 ns, At safepoint: 4662899 ns, Leaving safepoint: 2600 ns, Total: 4698799 ns, Threads: 0 runnable, 34 total
[4307.902s][info ][gc,start       ] GC(126) Pause Young (Allocation Failure)
[4307.908s][debug][gc,phases      ] GC(126) Scavenge 5.529ms
[4307.908s][debug][gc,ref         ] GC(126) ReferenceProcessor::execute queues: 1, RefProcThreadModel::Single, marks_oops_alive: false
[4307.908s][debug][gc,ref         ] GC(126) Skipped KeepAliveFinalRefsPhase of Reference Processing: no references
[4307.908s][debug][gc,ref         ] GC(126) Skipped PhantomRefsPhase of Reference Processing: no references
[4307.908s][debug][gc,phases      ] GC(126) Reference Processing 0.096ms
[4307.908s][debug][gc,phases      ] GC(126)   VM Weak                        Min: 0.00, Avg: 0.00, Max: 0.01, Diff: 0.01, Sum: 0.01, Workers: 4
[4307.908s][debug][gc,phases      ] GC(126)     Dead                           Min: 0, Avg:  0.0, Max: 0, Diff: 0, Sum: 0, Workers: 4
[4307.908s][debug][gc,phases      ] GC(126)     Total                          Min: 0, Avg: 211.2, Max: 653, Diff: 653, Sum: 845, Workers: 4
[4307.908s][debug][gc,phases      ] GC(126)   ObjectSynchronizer Weak        Min: 0.00, Avg: 0.00, Max: 0.00, Diff: 0.00, Sum: 0.00, Workers: 4
[4307.908s][debug][gc,phases      ] GC(126)     Dead                           Min: 0, Avg:  0.0, Max: 0, Diff: 0, Sum: 0, Workers: 4
[4307.908s][debug][gc,phases      ] GC(126)     Total                          Min: 0, Avg:  1.5, Max: 6, Diff: 6, Sum: 6, Workers: 4
[4307.908s][debug][gc,phases      ] GC(126)   JVMTI Tag Weak OopStorage      Min: 0.00, Avg: 0.00, Max: 0.00, Diff: 0.00, Sum: 0.00, Workers: 4
[4307.908s][debug][gc,phases      ] GC(126)     Dead                           Min: 0, Avg:  0.0, Max: 0, Diff: 0, Sum: 0, Workers: 4
[4307.908s][debug][gc,phases      ] GC(126)     Total                          Min: 0, Avg:  0.0, Max: 0, Diff: 0, Sum: 0, Workers: 4
[4307.908s][debug][gc,phases      ] GC(126)   StringTable Weak               Min: 0.12, Avg: 0.12, Max: 0.12, Diff: 0.00, Sum: 0.47, Workers: 4
[4307.908s][debug][gc,phases      ] GC(126)     Dead                           Min: 0, Avg:  0.2, Max: 1, Diff: 1, Sum: 1, Workers: 4
[4307.908s][debug][gc,phases      ] GC(126)     Total                          Min: 12351, Avg: 12538.2, Max: 12736, Diff: 385, Sum: 50153, Workers: 4
[4307.908s][debug][gc,phases      ] GC(126)   ResolvedMethodTable Weak       Min: 0.04, Avg: 0.04, Max: 0.04, Diff: 0.00, Sum: 0.16, Workers: 4
[4307.908s][debug][gc,phases      ] GC(126)     Dead                           Min: 2, Avg: 10.0, Max: 22, Diff: 20, Sum: 40, Workers: 4
[4307.908s][debug][gc,phases      ] GC(126)     Total                          Min: 3952, Avg: 4006.0, Max: 4075, Diff: 123, Sum: 16024, Workers: 4
[4307.908s][debug][gc,phases      ] GC(126)   JNI Weak                       Min: 0.00, Avg: 0.00, Max: 0.00, Diff: 0.00, Sum: 0.00, Workers: 4
[4307.908s][debug][gc,phases      ] GC(126)     Dead                           Min: 0, Avg:  0.0, Max: 0, Diff: 0, Sum: 0, Workers: 4
[4307.908s][debug][gc,phases      ] GC(126)     Total                          Min: 0, Avg: 13.0, Max: 52, Diff: 52, Sum: 52, Workers: 4
[4307.908s][debug][gc,phases      ] GC(126)   StringDedup Table Weak         Min: 0.00, Avg: 0.00, Max: 0.00, Diff: 0.00, Sum: 0.00, Workers: 4
[4307.908s][debug][gc,phases      ] GC(126)     Dead                           Min: 0, Avg:  0.0, Max: 0, Diff: 0, Sum: 0, Workers: 4
[4307.908s][debug][gc,phases      ] GC(126)     Total                          Min: 0, Avg:  0.0, Max: 0, Diff: 0, Sum: 0, Workers: 4
[4307.908s][debug][gc,phases      ] GC(126)   StringDedup Requests0 Weak     Min: 0.00, Avg: 0.00, Max: 0.00, Diff: 0.00, Sum: 0.00, Workers: 4
[4307.908s][debug][gc,phases      ] GC(126)     Dead                           Min: 0, Avg:  0.0, Max: 0, Diff: 0, Sum: 0, Workers: 4
[4307.908s][debug][gc,phases      ] GC(126)     Total                          Min: 0, Avg:  0.0, Max: 0, Diff: 0, Sum: 0, Workers: 4
[4307.908s][debug][gc,phases      ] GC(126)   StringDedup Requests1 Weak     Min: 0.00, Avg: 0.00, Max: 0.00, Diff: 0.00, Sum: 0.00, Workers: 4
[4307.908s][debug][gc,phases      ] GC(126)     Dead                           Min: 0, Avg:  0.0, Max: 0, Diff: 0, Sum: 0, Workers: 4
[4307.908s][debug][gc,phases      ] GC(126)     Total                          Min: 0, Avg:  0.0, Max: 0, Diff: 0, Sum: 0, Workers: 4
[4307.908s][debug][gc,phases      ] GC(126)   Weak JFR Old Object Samples    Min: 0.00, Avg: 0.00, Max: 0.00, Diff: 0.00, Sum: 0.00, Workers: 4
[4307.908s][debug][gc,phases      ] GC(126)     Dead                           Min: 0, Avg:  0.0, Max: 0, Diff: 0, Sum: 0, Workers: 4
[4307.908s][debug][gc,phases      ] GC(126)     Total                          Min: 0, Avg:  0.0, Max: 0, Diff: 0, Sum: 0, Workers: 4
[4307.908s][debug][gc,phases      ] GC(126) Weak Processing 0.334ms
[4307.908s][debug][gc,age         ] GC(126) Desired survivor size 40370176 bytes, new threshold 1 (max threshold 15)
[4307.908s][info ][gc,heap        ] GC(126) PSYoungGen: 2017312K(2055680K)->5008K(2054144K) Eden: 2012672K(2012672K)->0K(2012672K) From: 4640K(43008K)->5008K(41472K)
[4307.908s][info ][gc,heap        ] GC(126) ParOldGen: 438419K(837120K)->439267K(837120K)
[4307.908s][info ][gc,metaspace   ] GC(126) Metaspace: 109867K(111040K)->109867K(111040K) NonClass: 94030K(94720K)->94030K(94720K) Class: 15837K(16320K)->15837K(16320K)
[4307.908s][info ][gc             ] GC(126) Pause Young (Allocation Failure) 2398M->433M(2823M) 6.104ms
[4307.908s][info ][gc,cpu         ] GC(126) User=0.02s Sys=0.00s Real=0.00s
[4307.909s][info ][safepoint      ] Safepoint "ParallelCollectForAllocation", Time since last: 22942846613 ns, Reaching safepoint: 31700 ns, At safepoint: 6173293 ns, Leaving safepoint: 2500 ns, Total: 6207493 ns, Threads: 0 runnable, 34 total
[4329.644s][info ][gc,start       ] GC(127) Pause Young (Allocation Failure)
[4329.652s][debug][gc,phases      ] GC(127) Scavenge 7.764ms
[4329.652s][debug][gc,ref         ] GC(127) ReferenceProcessor::execute queues: 1, RefProcThreadModel::Single, marks_oops_alive: false
[4329.652s][debug][gc,ref         ] GC(127) Skipped KeepAliveFinalRefsPhase of Reference Processing: no references
[4329.652s][debug][gc,ref         ] GC(127) Skipped PhantomRefsPhase of Reference Processing: no references
[4329.652s][debug][gc,phases      ] GC(127) Reference Processing 0.118ms
[4329.652s][debug][gc,phases      ] GC(127)   VM Weak                        Min: 0.00, Avg: 0.00, Max: 0.01, Diff: 0.01, Sum: 0.01, Workers: 4
[4329.652s][debug][gc,phases      ] GC(127)     Dead                           Min: 0, Avg:  0.0, Max: 0, Diff: 0, Sum: 0, Workers: 4
[4329.652s][debug][gc,phases      ] GC(127)     Total                          Min: 0, Avg: 211.5, Max: 512, Diff: 512, Sum: 846, Workers: 4
[4329.652s][debug][gc,phases      ] GC(127)   ObjectSynchronizer Weak        Min: 0.00, Avg: 0.00, Max: 0.00, Diff: 0.00, Sum: 0.00, Workers: 4
[4329.652s][debug][gc,phases      ] GC(127)     Dead                           Min: 0, Avg:  0.0, Max: 0, Diff: 0, Sum: 0, Workers: 4
[4329.652s][debug][gc,phases      ] GC(127)     Total                          Min: 0, Avg:  1.5, Max: 6, Diff: 6, Sum: 6, Workers: 4
[4329.652s][debug][gc,phases      ] GC(127)   JVMTI Tag Weak OopStorage      Min: 0.00, Avg: 0.00, Max: 0.00, Diff: 0.00, Sum: 0.00, Workers: 4
[4329.652s][debug][gc,phases      ] GC(127)     Dead                           Min: 0, Avg:  0.0, Max: 0, Diff: 0, Sum: 0, Workers: 4
[4329.652s][debug][gc,phases      ] GC(127)     Total                          Min: 0, Avg:  0.0, Max: 0, Diff: 0, Sum: 0, Workers: 4
[4329.652s][debug][gc,phases      ] GC(127)   StringTable Weak               Min: 0.00, Avg: 0.10, Max: 0.14, Diff: 0.14, Sum: 0.41, Workers: 4
[4329.652s][debug][gc,phases      ] GC(127)     Dead                           Min: 0, Avg:  0.0, Max: 0, Diff: 0, Sum: 0, Workers: 4
[4329.652s][debug][gc,phases      ] GC(127)     Total                          Min: 0, Avg: 12539.0, Max: 21612, Diff: 21612, Sum: 50156, Workers: 4
[4329.652s][debug][gc,phases      ] GC(127)   ResolvedMethodTable Weak       Min: 0.00, Avg: 0.05, Max: 0.06, Diff: 0.06, Sum: 0.19, Workers: 4
[4329.652s][debug][gc,phases      ] GC(127)     Dead                           Min: 0, Avg:  5.2, Max: 19, Diff: 19, Sum: 21, Workers: 4
[4329.652s][debug][gc,phases      ] GC(127)     Total                          Min: 0, Avg: 4007.8, Max: 5964, Diff: 5964, Sum: 16031, Workers: 4
[4329.652s][debug][gc,phases      ] GC(127)   JNI Weak                       Min: 0.00, Avg: 0.00, Max: 0.00, Diff: 0.00, Sum: 0.00, Workers: 4
[4329.652s][debug][gc,phases      ] GC(127)     Dead                           Min: 0, Avg:  0.0, Max: 0, Diff: 0, Sum: 0, Workers: 4
[4329.652s][debug][gc,phases      ] GC(127)     Total                          Min: 0, Avg: 13.0, Max: 52, Diff: 52, Sum: 52, Workers: 4
[4329.652s][debug][gc,phases      ] GC(127)   StringDedup Table Weak         Min: 0.00, Avg: 0.00, Max: 0.00, Diff: 0.00, Sum: 0.00, Workers: 4
[4329.652s][debug][gc,phases      ] GC(127)     Dead                           Min: 0, Avg:  0.0, Max: 0, Diff: 0, Sum: 0, Workers: 4
[4329.652s][debug][gc,phases      ] GC(127)     Total                          Min: 0, Avg:  0.0, Max: 0, Diff: 0, Sum: 0, Workers: 4
[4329.652s][debug][gc,phases      ] GC(127)   StringDedup Requests0 Weak     Min: 0.00, Avg: 0.00, Max: 0.00, Diff: 0.00, Sum: 0.00, Workers: 4
[4329.652s][debug][gc,phases      ] GC(127)     Dead                           Min: 0, Avg:  0.0, Max: 0, Diff: 0, Sum: 0, Workers: 4
[4329.652s][debug][gc,phases      ] GC(127)     Total                          Min: 0, Avg:  0.0, Max: 0, Diff: 0, Sum: 0, Workers: 4
[4329.652s][debug][gc,phases      ] GC(127)   StringDedup Requests1 Weak     Min: 0.00, Avg: 0.00, Max: 0.00, Diff: 0.00, Sum: 0.00, Workers: 4
[4329.652s][debug][gc,phases      ] GC(127)     Dead                           Min: 0, Avg:  0.0, Max: 0, Diff: 0, Sum: 0, Workers: 4
[4329.652s][debug][gc,phases      ] GC(127)     Total                          Min: 0, Avg:  0.0, Max: 0, Diff: 0, Sum: 0, Workers: 4
[4329.652s][debug][gc,phases      ] GC(127)   Weak JFR Old Object Samples    Min: 0.00, Avg: 0.00, Max: 0.00, Diff: 0.00, Sum: 0.00, Workers: 4
[4329.652s][debug][gc,phases      ] GC(127)     Dead                           Min: 0, Avg:  0.0, Max: 0, Diff: 0, Sum: 0, Workers: 4
[4329.652s][debug][gc,phases      ] GC(127)     Total                          Min: 0, Avg:  0.0, Max: 0, Diff: 0, Sum: 0, Workers: 4
[4329.652s][debug][gc,phases      ] GC(127) Weak Processing 0.406ms
[4329.652s][debug][gc,age         ] GC(127) Desired survivor size 38273024 bytes, new threshold 1 (max threshold 15)
[4329.652s][info ][gc,heap        ] GC(127) PSYoungGen: 2017680K(2054144K)->6416K(2059776K) Eden: 2012672K(2012672K)->0K(2020352K) From: 5008K(41472K)->6416K(39424K)
[4329.652s][info ][gc,heap        ] GC(127) ParOldGen: 439267K(837120K)->440879K(837120K)
[4329.652s][info ][gc,metaspace   ] GC(127) Metaspace: 109892K(111104K)->109892K(111104K) NonClass: 94052K(94720K)->94052K(94720K) Class: 15839K(16384K)->15839K(16384K)
[4329.652s][info ][gc             ] GC(127) Pause Young (Allocation Failure) 2399M->436M(2829M) 8.427ms
[4329.652s][info ][gc,cpu         ] GC(127) User=0.04s Sys=0.00s Real=0.01s
[4329.652s][info ][safepoint      ] Safepoint "ParallelCollectForAllocation", Time since last: 21735170870 ns, Reaching safepoint: 86300 ns, At safepoint: 8498092 ns, Leaving safepoint: 10800 ns, Total: 8595192 ns, Threads: 1 runnable, 34 total
[4358.694s][info ][gc,start       ] GC(128) Pause Young (Allocation Failure)
[4358.698s][debug][gc,phases      ] GC(128) Scavenge 4.238ms
[4358.698s][debug][gc,ref         ] GC(128) ReferenceProcessor::execute queues: 1, RefProcThreadModel::Single, marks_oops_alive: false
[4358.698s][debug][gc,ref         ] GC(128) Skipped KeepAliveFinalRefsPhase of Reference Processing: no references
[4358.698s][debug][gc,ref         ] GC(128) Skipped PhantomRefsPhase of Reference Processing: no references
[4358.698s][debug][gc,phases      ] GC(128) Reference Processing 0.103ms
[4358.699s][debug][gc,phases      ] GC(128)   VM Weak                        Min: 0.00, Avg: 0.00, Max: 0.00, Diff: 0.00, Sum: 0.01, Workers: 4
[4358.699s][debug][gc,phases      ] GC(128)     Dead                           Min: 0, Avg:  0.0, Max: 0, Diff: 0, Sum: 0, Workers: 4
[4358.699s][debug][gc,phases      ] GC(128)     Total                          Min: 0, Avg: 212.5, Max: 320, Diff: 320, Sum: 850, Workers: 4
[4358.699s][debug][gc,phases      ] GC(128)   ObjectSynchronizer Weak        Min: 0.00, Avg: 0.00, Max: 0.00, Diff: 0.00, Sum: 0.00, Workers: 4
[4358.699s][debug][gc,phases      ] GC(128)     Dead                           Min: 0, Avg:  0.0, Max: 0, Diff: 0, Sum: 0, Workers: 4
[4358.699s][debug][gc,phases      ] GC(128)     Total                          Min: 0, Avg:  1.5, Max: 6, Diff: 6, Sum: 6, Workers: 4
[4358.699s][debug][gc,phases      ] GC(128)   JVMTI Tag Weak OopStorage      Min: 0.00, Avg: 0.00, Max: 0.00, Diff: 0.00, Sum: 0.00, Workers: 4
[4358.699s][debug][gc,phases      ] GC(128)     Dead                           Min: 0, Avg:  0.0, Max: 0, Diff: 0, Sum: 0, Workers: 4
[4358.699s][debug][gc,phases      ] GC(128)     Total                          Min: 0, Avg:  0.0, Max: 0, Diff: 0, Sum: 0, Workers: 4
[4358.699s][debug][gc,phases      ] GC(128)   StringTable Weak               Min: 0.11, Avg: 0.11, Max: 0.12, Diff: 0.01, Sum: 0.45, Workers: 4
[4358.699s][debug][gc,phases      ] GC(128)     Dead                           Min: 0, Avg:  0.5, Max: 2, Diff: 2, Sum: 2, Workers: 4
[4358.699s][debug][gc,phases      ] GC(128)     Total                          Min: 11456, Avg: 12544.5, Max: 13570, Diff: 2114, Sum: 50178, Workers: 4
[4358.699s][debug][gc,phases      ] GC(128)   ResolvedMethodTable Weak       Min: 0.04, Avg: 0.04, Max: 0.04, Diff: 0.00, Sum: 0.16, Workers: 4
[4358.699s][debug][gc,phases      ] GC(128)     Dead                           Min: 0, Avg:  7.2, Max: 22, Diff: 22, Sum: 29, Workers: 4
[4358.699s][debug][gc,phases      ] GC(128)     Total                          Min: 3926, Avg: 4015.2, Max: 4129, Diff: 203, Sum: 16061, Workers: 4
[4358.699s][debug][gc,phases      ] GC(128)   JNI Weak                       Min: 0.00, Avg: 0.00, Max: 0.00, Diff: 0.00, Sum: 0.00, Workers: 4
[4358.699s][debug][gc,phases      ] GC(128)     Dead                           Min: 0, Avg:  0.0, Max: 0, Diff: 0, Sum: 0, Workers: 4
[4358.699s][debug][gc,phases      ] GC(128)     Total                          Min: 0, Avg: 13.0, Max: 52, Diff: 52, Sum: 52, Workers: 4
[4358.699s][debug][gc,phases      ] GC(128)   StringDedup Table Weak         Min: 0.00, Avg: 0.00, Max: 0.00, Diff: 0.00, Sum: 0.00, Workers: 4
[4358.699s][debug][gc,phases      ] GC(128)     Dead                           Min: 0, Avg:  0.0, Max: 0, Diff: 0, Sum: 0, Workers: 4
[4358.699s][debug][gc,phases      ] GC(128)     Total                          Min: 0, Avg:  0.0, Max: 0, Diff: 0, Sum: 0, Workers: 4
[4358.699s][debug][gc,phases      ] GC(128)   StringDedup Requests0 Weak     Min: 0.00, Avg: 0.00, Max: 0.00, Diff: 0.00, Sum: 0.00, Workers: 4
[4358.699s][debug][gc,phases      ] GC(128)     Dead                           Min: 0, Avg:  0.0, Max: 0, Diff: 0, Sum: 0, Workers: 4
[4358.699s][debug][gc,phases      ] GC(128)     Total                          Min: 0, Avg:  0.0, Max: 0, Diff: 0, Sum: 0, Workers: 4
[4358.699s][debug][gc,phases      ] GC(128)   StringDedup Requests1 Weak     Min: 0.00, Avg: 0.00, Max: 0.00, Diff: 0.00, Sum: 0.00, Workers: 4
[4358.699s][debug][gc,phases      ] GC(128)     Dead                           Min: 0, Avg:  0.0, Max: 0, Diff: 0, Sum: 0, Workers: 4
[4358.699s][debug][gc,phases      ] GC(128)     Total                          Min: 0, Avg:  0.0, Max: 0, Diff: 0, Sum: 0, Workers: 4
[4358.699s][debug][gc,phases      ] GC(128)   Weak JFR Old Object Samples    Min: 0.00, Avg: 0.00, Max: 0.00, Diff: 0.00, Sum: 0.00, Workers: 4
[4358.699s][debug][gc,phases      ] GC(128)     Dead                           Min: 0, Avg:  0.0, Max: 0, Diff: 0, Sum: 0, Workers: 4
[4358.699s][debug][gc,phases      ] GC(128)     Total                          Min: 0, Avg:  0.0, Max: 0, Diff: 0, Sum: 0, Workers: 4
[4358.699s][debug][gc,phases      ] GC(128) Weak Processing 0.324ms
[4358.699s][debug][gc,age         ] GC(128) Desired survivor size 36700160 bytes, new threshold 1 (max threshold 15)
[4358.699s][info ][gc,heap        ] GC(128) PSYoungGen: 2026768K(2059776K)->3936K(2057728K) Eden: 2020352K(2020352K)->0K(2020352K) From: 6416K(39424K)->3936K(37376K)
[4358.699s][info ][gc,heap        ] GC(128) ParOldGen: 440879K(837120K)->444347K(837120K)
[4358.699s][info ][gc,metaspace   ] GC(128) Metaspace: 109978K(111168K)->109978K(111168K) NonClass: 94127K(94784K)->94127K(94784K) Class: 15851K(16384K)->15851K(16384K)
[4358.699s][info ][gc             ] GC(128) Pause Young (Allocation Failure) 2409M->437M(2827M) 4.808ms
[4358.699s][info ][gc,cpu         ] GC(128) User=0.02s Sys=0.00s Real=0.00s
[4358.699s][info ][safepoint      ] Safepoint "ParallelCollectForAllocation", Time since last: 29041622302 ns, Reaching safepoint: 79100 ns, At safepoint: 4872997 ns, Leaving safepoint: 9500 ns, Total: 4961597 ns, Threads: 2 runnable, 33 total
[4382.944s][info ][gc,start       ] GC(129) Pause Young (Allocation Failure)
[4382.947s][debug][gc,phases      ] GC(129) Scavenge 3.414ms
[4382.947s][debug][gc,ref         ] GC(129) ReferenceProcessor::execute queues: 1, RefProcThreadModel::Single, marks_oops_alive: false
[4382.947s][debug][gc,ref         ] GC(129) Skipped KeepAliveFinalRefsPhase of Reference Processing: no references
[4382.947s][debug][gc,ref         ] GC(129) Skipped PhantomRefsPhase of Reference Processing: no references
[4382.947s][debug][gc,phases      ] GC(129) Reference Processing 0.110ms
[4382.948s][debug][gc,phases      ] GC(129)   VM Weak                        Min: 0.00, Avg: 0.00, Max: 0.01, Diff: 0.01, Sum: 0.01, Workers: 4
[4382.948s][debug][gc,phases      ] GC(129)     Dead                           Min: 0, Avg:  0.0, Max: 0, Diff: 0, Sum: 0, Workers: 4
[4382.948s][debug][gc,phases      ] GC(129)     Total                          Min: 0, Avg: 212.5, Max: 658, Diff: 658, Sum: 850, Workers: 4
[4382.948s][debug][gc,phases      ] GC(129)   ObjectSynchronizer Weak        Min: 0.00, Avg: 0.00, Max: 0.00, Diff: 0.00, Sum: 0.00, Workers: 4
[4382.948s][debug][gc,phases      ] GC(129)     Dead                           Min: 0, Avg:  0.0, Max: 0, Diff: 0, Sum: 0, Workers: 4
[4382.948s][debug][gc,phases      ] GC(129)     Total                          Min: 0, Avg:  1.2, Max: 5, Diff: 5, Sum: 5, Workers: 4
[4382.948s][debug][gc,phases      ] GC(129)   JVMTI Tag Weak OopStorage      Min: 0.00, Avg: 0.00, Max: 0.00, Diff: 0.00, Sum: 0.00, Workers: 4
[4382.948s][debug][gc,phases      ] GC(129)     Dead                           Min: 0, Avg:  0.0, Max: 0, Diff: 0, Sum: 0, Workers: 4
[4382.948s][debug][gc,phases      ] GC(129)     Total                          Min: 0, Avg:  0.0, Max: 0, Diff: 0, Sum: 0, Workers: 4
[4382.948s][debug][gc,phases      ] GC(129)   StringTable Weak               Min: 0.00, Avg: 0.11, Max: 0.15, Diff: 0.14, Sum: 0.43, Workers: 4
[4382.948s][debug][gc,phases      ] GC(129)     Dead                           Min: 0, Avg:  0.0, Max: 0, Diff: 0, Sum: 0, Workers: 4
[4382.948s][debug][gc,phases      ] GC(129)     Total                          Min: 0, Avg: 12545.0, Max: 20928, Diff: 20928, Sum: 50180, Workers: 4
[4382.948s][debug][gc,phases      ] GC(129)   ResolvedMethodTable Weak       Min: 0.00, Avg: 0.04, Max: 0.05, Diff: 0.05, Sum: 0.15, Workers: 4
[4382.948s][debug][gc,phases      ] GC(129)     Dead                           Min: 0, Avg:  5.0, Max: 9, Diff: 9, Sum: 20, Workers: 4
[4382.948s][debug][gc,phases      ] GC(129)     Total                          Min: 0, Avg: 4015.8, Max: 6789, Diff: 6789, Sum: 16063, Workers: 4
[4382.948s][debug][gc,phases      ] GC(129)   JNI Weak                       Min: 0.00, Avg: 0.00, Max: 0.00, Diff: 0.00, Sum: 0.00, Workers: 4
[4382.948s][debug][gc,phases      ] GC(129)     Dead                           Min: 0, Avg:  0.0, Max: 0, Diff: 0, Sum: 0, Workers: 4
[4382.948s][debug][gc,phases      ] GC(129)     Total                          Min: 0, Avg: 13.0, Max: 52, Diff: 52, Sum: 52, Workers: 4
[4382.948s][debug][gc,phases      ] GC(129)   StringDedup Table Weak         Min: 0.00, Avg: 0.00, Max: 0.00, Diff: 0.00, Sum: 0.00, Workers: 4
[4382.948s][debug][gc,phases      ] GC(129)     Dead                           Min: 0, Avg:  0.0, Max: 0, Diff: 0, Sum: 0, Workers: 4
[4382.948s][debug][gc,phases      ] GC(129)     Total                          Min: 0, Avg:  0.0, Max: 0, Diff: 0, Sum: 0, Workers: 4
[4382.948s][debug][gc,phases      ] GC(129)   StringDedup Requests0 Weak     Min: 0.00, Avg: 0.00, Max: 0.00, Diff: 0.00, Sum: 0.00, Workers: 4
[4382.948s][debug][gc,phases      ] GC(129)     Dead                           Min: 0, Avg:  0.0, Max: 0, Diff: 0, Sum: 0, Workers: 4
[4382.948s][debug][gc,phases      ] GC(129)     Total                          Min: 0, Avg:  0.0, Max: 0, Diff: 0, Sum: 0, Workers: 4
[4382.948s][debug][gc,phases      ] GC(129)   StringDedup Requests1 Weak     Min: 0.00, Avg: 0.00, Max: 0.00, Diff: 0.00, Sum: 0.00, Workers: 4
[4382.948s][debug][gc,phases      ] GC(129)     Dead                           Min: 0, Avg:  0.0, Max: 0, Diff: 0, Sum: 0, Workers: 4
[4382.948s][debug][gc,phases      ] GC(129)     Total                          Min: 0, Avg:  0.0, Max: 0, Diff: 0, Sum: 0, Workers: 4
[4382.948s][debug][gc,phases      ] GC(129)   Weak JFR Old Object Samples    Min: 0.00, Avg: 0.00, Max: 0.00, Diff: 0.00, Sum: 0.00, Workers: 4
[4382.948s][debug][gc,phases      ] GC(129)     Dead                           Min: 0, Avg:  0.0, Max: 0, Diff: 0, Sum: 0, Workers: 4
[4382.948s][debug][gc,phases      ] GC(129)     Total                          Min: 0, Avg:  0.0, Max: 0, Diff: 0, Sum: 0, Workers: 4
[4382.948s][debug][gc,phases      ] GC(129) Weak Processing 0.401ms
[4382.948s][debug][gc,age         ] GC(129) Desired survivor size 35127296 bytes, new threshold 1 (max threshold 15)
[4382.948s][info ][gc,heap        ] GC(129) PSYoungGen: 2024288K(2057728K)->4832K(2062848K) Eden: 2020352K(2020352K)->0K(2027008K) From: 3936K(37376K)->4832K(35840K)
[4382.948s][info ][gc,heap        ] GC(129) ParOldGen: 444347K(837120K)->445584K(837120K)
[4382.948s][info ][gc,metaspace   ] GC(129) Metaspace: 110000K(111168K)->110000K(111168K) NonClass: 94148K(94784K)->94148K(94784K) Class: 15852K(16384K)->15852K(16384K)
[4382.948s][info ][gc             ] GC(129) Pause Young (Allocation Failure) 2410M->439M(2832M) 4.063ms
[4382.948s][info ][gc,cpu         ] GC(129) User=0.01s Sys=0.00s Real=0.00s
[4382.948s][info ][safepoint      ] Safepoint "ParallelCollectForAllocation", Time since last: 24244838068 ns, Reaching safepoint: 79900 ns, At safepoint: 4128897 ns, Leaving safepoint: 9300 ns, Total: 4218097 ns, Threads: 2 runnable, 33 total
[4405.419s][info ][gc,start       ] GC(130) Pause Young (Allocation Failure)
[4405.422s][debug][gc,phases      ] GC(130) Scavenge 2.987ms
[4405.422s][debug][gc,ref         ] GC(130) ReferenceProcessor::execute queues: 1, RefProcThreadModel::Single, marks_oops_alive: false
[4405.422s][debug][gc,ref         ] GC(130) Skipped KeepAliveFinalRefsPhase of Reference Processing: no references
[4405.422s][debug][gc,ref         ] GC(130) Skipped PhantomRefsPhase of Reference Processing: no references
[4405.422s][debug][gc,phases      ] GC(130) Reference Processing 0.100ms
[4405.422s][debug][gc,phases      ] GC(130)   VM Weak                        Min: 0.00, Avg: 0.00, Max: 0.01, Diff: 0.01, Sum: 0.01, Workers: 4
[4405.422s][debug][gc,phases      ] GC(130)     Dead                           Min: 0, Avg:  0.0, Max: 0, Diff: 0, Sum: 0, Workers: 4
[4405.422s][debug][gc,phases      ] GC(130)     Total                          Min: 0, Avg: 212.5, Max: 850, Diff: 850, Sum: 850, Workers: 4
[4405.422s][debug][gc,phases      ] GC(130)   ObjectSynchronizer Weak        Min: 0.00, Avg: 0.00, Max: 0.00, Diff: 0.00, Sum: 0.00, Workers: 4
[4405.422s][debug][gc,phases      ] GC(130)     Dead                           Min: 0, Avg:  0.0, Max: 0, Diff: 0, Sum: 0, Workers: 4
[4405.422s][debug][gc,phases      ] GC(130)     Total                          Min: 0, Avg:  1.2, Max: 5, Diff: 5, Sum: 5, Workers: 4
[4405.422s][debug][gc,phases      ] GC(130)   JVMTI Tag Weak OopStorage      Min: 0.00, Avg: 0.00, Max: 0.00, Diff: 0.00, Sum: 0.00, Workers: 4
[4405.422s][debug][gc,phases      ] GC(130)     Dead                           Min: 0, Avg:  0.0, Max: 0, Diff: 0, Sum: 0, Workers: 4
[4405.422s][debug][gc,phases      ] GC(130)     Total                          Min: 0, Avg:  0.0, Max: 0, Diff: 0, Sum: 0, Workers: 4
[4405.422s][debug][gc,phases      ] GC(130)   StringTable Weak               Min: 0.00, Avg: 0.11, Max: 0.15, Diff: 0.15, Sum: 0.45, Workers: 4
[4405.422s][debug][gc,phases      ] GC(130)     Dead                           Min: 0, Avg:  0.2, Max: 1, Diff: 1, Sum: 1, Workers: 4
[4405.422s][debug][gc,phases      ] GC(130)     Total                          Min: 0, Avg: 12547.5, Max: 20032, Diff: 20032, Sum: 50190, Workers: 4
[4405.422s][debug][gc,phases      ] GC(130)   ResolvedMethodTable Weak       Min: 0.00, Avg: 0.03, Max: 0.05, Diff: 0.05, Sum: 0.14, Workers: 4
[4405.422s][debug][gc,phases      ] GC(130)     Dead                           Min: 0, Avg:  5.2, Max: 21, Diff: 21, Sum: 21, Workers: 4
[4405.422s][debug][gc,phases      ] GC(130)     Total                          Min: 0, Avg: 4017.2, Max: 6636, Diff: 6636, Sum: 16069, Workers: 4
[4405.422s][debug][gc,phases      ] GC(130)   JNI Weak                       Min: 0.00, Avg: 0.00, Max: 0.00, Diff: 0.00, Sum: 0.00, Workers: 4
[4405.422s][debug][gc,phases      ] GC(130)     Dead                           Min: 0, Avg:  0.0, Max: 0, Diff: 0, Sum: 0, Workers: 4
[4405.422s][debug][gc,phases      ] GC(130)     Total                          Min: 0, Avg: 13.0, Max: 52, Diff: 52, Sum: 52, Workers: 4
[4405.422s][debug][gc,phases      ] GC(130)   StringDedup Table Weak         Min: 0.00, Avg: 0.00, Max: 0.00, Diff: 0.00, Sum: 0.00, Workers: 4
[4405.422s][debug][gc,phases      ] GC(130)     Dead                           Min: 0, Avg:  0.0, Max: 0, Diff: 0, Sum: 0, Workers: 4
[4405.422s][debug][gc,phases      ] GC(130)     Total                          Min: 0, Avg:  0.0, Max: 0, Diff: 0, Sum: 0, Workers: 4
[4405.422s][debug][gc,phases      ] GC(130)   StringDedup Requests0 Weak     Min: 0.00, Avg: 0.00, Max: 0.00, Diff: 0.00, Sum: 0.00, Workers: 4
[4405.422s][debug][gc,phases      ] GC(130)     Dead                           Min: 0, Avg:  0.0, Max: 0, Diff: 0, Sum: 0, Workers: 4
[4405.422s][debug][gc,phases      ] GC(130)     Total                          Min: 0, Avg:  0.0, Max: 0, Diff: 0, Sum: 0, Workers: 4
[4405.422s][debug][gc,phases      ] GC(130)   StringDedup Requests1 Weak     Min: 0.00, Avg: 0.00, Max: 0.00, Diff: 0.00, Sum: 0.00, Workers: 4
[4405.422s][debug][gc,phases      ] GC(130)     Dead                           Min: 0, Avg:  0.0, Max: 0, Diff: 0, Sum: 0, Workers: 4
[4405.422s][debug][gc,phases      ] GC(130)     Total                          Min: 0, Avg:  0.0, Max: 0, Diff: 0, Sum: 0, Workers: 4
[4405.422s][debug][gc,phases      ] GC(130)   Weak JFR Old Object Samples    Min: 0.00, Avg: 0.00, Max: 0.00, Diff: 0.00, Sum: 0.00, Workers: 4
[4405.422s][debug][gc,phases      ] GC(130)     Dead                           Min: 0, Avg:  0.0, Max: 0, Diff: 0, Sum: 0, Workers: 4
[4405.422s][debug][gc,phases      ] GC(130)     Total                          Min: 0, Avg:  0.0, Max: 0, Diff: 0, Sum: 0, Workers: 4
[4405.422s][debug][gc,phases      ] GC(130) Weak Processing 0.389ms
[4405.422s][debug][gc,age         ] GC(130) Desired survivor size 33030144 bytes, new threshold 1 (max threshold 15)
[4405.422s][info ][gc,heap        ] GC(130) PSYoungGen: 2031840K(2062848K)->4512K(2061312K) Eden: 2027008K(2027008K)->0K(2027008K) From: 4832K(35840K)->4512K(34304K)
[4405.422s][info ][gc,heap        ] GC(130) ParOldGen: 445584K(837120K)->446564K(837120K)
[4405.422s][info ][gc,metaspace   ] GC(130) Metaspace: 110066K(111232K)->110066K(111232K) NonClass: 94210K(94848K)->94210K(94848K) Class: 15855K(16384K)->15855K(16384K)
[4405.422s][info ][gc             ] GC(130) Pause Young (Allocation Failure) 2419M->440M(2830M) 3.588ms
[4405.422s][info ][gc,cpu         ] GC(130) User=0.01s Sys=0.00s Real=0.01s
[4405.422s][info ][safepoint      ] Safepoint "ParallelCollectForAllocation", Time since last: 22470708481 ns, Reaching safepoint: 26199 ns, At safepoint: 3658098 ns, Leaving safepoint: 3000 ns, Total: 3687297 ns, Threads: 0 runnable, 32 total
[4427.543s][info ][gc,start       ] GC(131) Pause Young (Allocation Failure)
[4427.546s][debug][gc,phases      ] GC(131) Scavenge 3.312ms
[4427.546s][debug][gc,ref         ] GC(131) ReferenceProcessor::execute queues: 1, RefProcThreadModel::Single, marks_oops_alive: false
[4427.546s][debug][gc,ref         ] GC(131) Skipped KeepAliveFinalRefsPhase of Reference Processing: no references
[4427.546s][debug][gc,ref         ] GC(131) Skipped PhantomRefsPhase of Reference Processing: no references
[4427.546s][debug][gc,phases      ] GC(131) Reference Processing 0.132ms
[4427.546s][debug][gc,phases      ] GC(131)   VM Weak                        Min: 0.00, Avg: 0.00, Max: 0.00, Diff: 0.00, Sum: 0.01, Workers: 4
[4427.546s][debug][gc,phases      ] GC(131)     Dead                           Min: 0, Avg:  0.0, Max: 0, Diff: 0, Sum: 0, Workers: 4
[4427.546s][debug][gc,phases      ] GC(131)     Total                          Min: 0, Avg: 212.5, Max: 448, Diff: 448, Sum: 850, Workers: 4
[4427.546s][debug][gc,phases      ] GC(131)   ObjectSynchronizer Weak        Min: 0.00, Avg: 0.00, Max: 0.00, Diff: 0.00, Sum: 0.00, Workers: 4
[4427.546s][debug][gc,phases      ] GC(131)     Dead                           Min: 0, Avg:  0.0, Max: 0, Diff: 0, Sum: 0, Workers: 4
[4427.546s][debug][gc,phases      ] GC(131)     Total                          Min: 0, Avg:  1.2, Max: 5, Diff: 5, Sum: 5, Workers: 4
[4427.546s][debug][gc,phases      ] GC(131)   JVMTI Tag Weak OopStorage      Min: 0.00, Avg: 0.00, Max: 0.00, Diff: 0.00, Sum: 0.00, Workers: 4
[4427.546s][debug][gc,phases      ] GC(131)     Dead                           Min: 0, Avg:  0.0, Max: 0, Diff: 0, Sum: 0, Workers: 4
[4427.546s][debug][gc,phases      ] GC(131)     Total                          Min: 0, Avg:  0.0, Max: 0, Diff: 0, Sum: 0, Workers: 4
[4427.546s][debug][gc,phases      ] GC(131)   StringTable Weak               Min: 0.00, Avg: 0.10, Max: 0.14, Diff: 0.14, Sum: 0.41, Workers: 4
[4427.546s][debug][gc,phases      ] GC(131)     Dead                           Min: 0, Avg:  0.0, Max: 0, Diff: 0, Sum: 0, Workers: 4
[4427.546s][debug][gc,phases      ] GC(131)     Total                          Min: 0, Avg: 12547.5, Max: 20814, Diff: 20814, Sum: 50190, Workers: 4
[4427.546s][debug][gc,phases      ] GC(131)   ResolvedMethodTable Weak       Min: 0.00, Avg: 0.03, Max: 0.05, Diff: 0.05, Sum: 0.14, Workers: 4
[4427.546s][debug][gc,phases      ] GC(131)     Dead                           Min: 0, Avg:  5.0, Max: 18, Diff: 18, Sum: 20, Workers: 4
[4427.546s][debug][gc,phases      ] GC(131)     Total                          Min: 0, Avg: 4017.2, Max: 6778, Diff: 6778, Sum: 16069, Workers: 4
[4427.546s][debug][gc,phases      ] GC(131)   JNI Weak                       Min: 0.00, Avg: 0.00, Max: 0.00, Diff: 0.00, Sum: 0.00, Workers: 4
[4427.546s][debug][gc,phases      ] GC(131)     Dead                           Min: 0, Avg:  0.0, Max: 0, Diff: 0, Sum: 0, Workers: 4
[4427.546s][debug][gc,phases      ] GC(131)     Total                          Min: 0, Avg: 13.0, Max: 52, Diff: 52, Sum: 52, Workers: 4
[4427.546s][debug][gc,phases      ] GC(131)   StringDedup Table Weak         Min: 0.00, Avg: 0.00, Max: 0.00, Diff: 0.00, Sum: 0.00, Workers: 4
[4427.546s][debug][gc,phases      ] GC(131)     Dead                           Min: 0, Avg:  0.0, Max: 0, Diff: 0, Sum: 0, Workers: 4
[4427.546s][debug][gc,phases      ] GC(131)     Total                          Min: 0, Avg:  0.0, Max: 0, Diff: 0, Sum: 0, Workers: 4
[4427.546s][debug][gc,phases      ] GC(131)   StringDedup Requests0 Weak     Min: 0.00, Avg: 0.00, Max: 0.00, Diff: 0.00, Sum: 0.00, Workers: 4
[4427.546s][debug][gc,phases      ] GC(131)     Dead                           Min: 0, Avg:  0.0, Max: 0, Diff: 0, Sum: 0, Workers: 4
[4427.546s][debug][gc,phases      ] GC(131)     Total                          Min: 0, Avg:  0.0, Max: 0, Diff: 0, Sum: 0, Workers: 4
[4427.546s][debug][gc,phases      ] GC(131)   StringDedup Requests1 Weak     Min: 0.00, Avg: 0.00, Max: 0.00, Diff: 0.00, Sum: 0.00, Workers: 4
[4427.546s][debug][gc,phases      ] GC(131)     Dead                           Min: 0, Avg:  0.0, Max: 0, Diff: 0, Sum: 0, Workers: 4
[4427.546s][debug][gc,phases      ] GC(131)     Total                          Min: 0, Avg:  0.0, Max: 0, Diff: 0, Sum: 0, Workers: 4
[4427.546s][debug][gc,phases      ] GC(131)   Weak JFR Old Object Samples    Min: 0.00, Avg: 0.00, Max: 0.00, Diff: 0.00, Sum: 0.00, Workers: 4
[4427.546s][debug][gc,phases      ] GC(131)     Dead                           Min: 0, Avg:  0.0, Max: 0, Diff: 0, Sum: 0, Workers: 4
[4427.546s][debug][gc,phases      ] GC(131)     Total                          Min: 0, Avg:  0.0, Max: 0, Diff: 0, Sum: 0, Workers: 4
[4427.546s][debug][gc,phases      ] GC(131) Weak Processing 0.391ms
[4427.546s][debug][gc,age         ] GC(131) Desired survivor size 31457280 bytes, new threshold 1 (max threshold 15)
[4427.546s][info ][gc,heap        ] GC(131) PSYoungGen: 2031520K(2061312K)->4448K(2066432K) Eden: 2027008K(2027008K)->0K(2034176K) From: 4512K(34304K)->4448K(32256K)
[4427.546s][info ][gc,heap        ] GC(131) ParOldGen: 446564K(837120K)->447256K(837120K)
[4427.546s][info ][gc,metaspace   ] GC(131) Metaspace: 110083K(111296K)->110083K(111296K) NonClass: 94227K(94912K)->94227K(94912K) Class: 15855K(16384K)->15855K(16384K)
[4427.547s][info ][gc             ] GC(131) Pause Young (Allocation Failure) 2420M->441M(2835M) 3.954ms
[4427.547s][info ][gc,cpu         ] GC(131) User=0.01s Sys=0.00s Real=0.00s
[4427.547s][info ][safepoint      ] Safepoint "ParallelCollectForAllocation", Time since last: 22120187120 ns, Reaching safepoint: 6500 ns, At safepoint: 4018599 ns, Leaving safepoint: 7700 ns, Total: 4032799 ns, Threads: 0 runnable, 32 total
[4450.994s][info ][gc,start       ] GC(132) Pause Young (Allocation Failure)
[4450.997s][debug][gc,phases      ] GC(132) Scavenge 3.176ms
[4450.997s][debug][gc,ref         ] GC(132) ReferenceProcessor::execute queues: 1, RefProcThreadModel::Single, marks_oops_alive: false
[4450.997s][debug][gc,ref         ] GC(132) Skipped KeepAliveFinalRefsPhase of Reference Processing: no references
[4450.997s][debug][gc,ref         ] GC(132) Skipped PhantomRefsPhase of Reference Processing: no references
[4450.997s][debug][gc,phases      ] GC(132) Reference Processing 0.103ms
[4450.998s][debug][gc,phases      ] GC(132)   VM Weak                        Min: 0.00, Avg: 0.00, Max: 0.01, Diff: 0.01, Sum: 0.01, Workers: 4
[4450.998s][debug][gc,phases      ] GC(132)     Dead                           Min: 0, Avg:  0.0, Max: 0, Diff: 0, Sum: 0, Workers: 4
[4450.998s][debug][gc,phases      ] GC(132)     Total                          Min: 0, Avg: 212.5, Max: 768, Diff: 768, Sum: 850, Workers: 4
[4450.998s][debug][gc,phases      ] GC(132)   ObjectSynchronizer Weak        Min: 0.00, Avg: 0.00, Max: 0.00, Diff: 0.00, Sum: 0.00, Workers: 4
[4450.998s][debug][gc,phases      ] GC(132)     Dead                           Min: 0, Avg:  0.0, Max: 0, Diff: 0, Sum: 0, Workers: 4
[4450.998s][debug][gc,phases      ] GC(132)     Total                          Min: 0, Avg:  1.2, Max: 5, Diff: 5, Sum: 5, Workers: 4
[4450.998s][debug][gc,phases      ] GC(132)   JVMTI Tag Weak OopStorage      Min: 0.00, Avg: 0.00, Max: 0.00, Diff: 0.00, Sum: 0.00, Workers: 4
[4450.998s][debug][gc,phases      ] GC(132)     Dead                           Min: 0, Avg:  0.0, Max: 0, Diff: 0, Sum: 0, Workers: 4
[4450.998s][debug][gc,phases      ] GC(132)     Total                          Min: 0, Avg:  0.0, Max: 0, Diff: 0, Sum: 0, Workers: 4
[4450.998s][debug][gc,phases      ] GC(132)   StringTable Weak               Min: 0.00, Avg: 0.10, Max: 0.13, Diff: 0.13, Sum: 0.40, Workers: 4
[4450.998s][debug][gc,phases      ] GC(132)     Dead                           Min: 0, Avg:  0.0, Max: 0, Diff: 0, Sum: 0, Workers: 4
[4450.998s][debug][gc,phases      ] GC(132)     Total                          Min: 0, Avg: 12547.5, Max: 21390, Diff: 21390, Sum: 50190, Workers: 4
[4450.998s][debug][gc,phases      ] GC(132)   ResolvedMethodTable Weak       Min: 0.00, Avg: 0.03, Max: 0.05, Diff: 0.05, Sum: 0.13, Workers: 4
[4450.998s][debug][gc,phases      ] GC(132)     Dead                           Min: 0, Avg:  5.0, Max: 10, Diff: 10, Sum: 20, Workers: 4
[4450.998s][debug][gc,phases      ] GC(132)     Total                          Min: 0, Avg: 4017.2, Max: 6790, Diff: 6790, Sum: 16069, Workers: 4
[4450.998s][debug][gc,phases      ] GC(132)   JNI Weak                       Min: 0.00, Avg: 0.00, Max: 0.00, Diff: 0.00, Sum: 0.00, Workers: 4
[4450.998s][debug][gc,phases      ] GC(132)     Dead                           Min: 0, Avg:  0.0, Max: 0, Diff: 0, Sum: 0, Workers: 4
[4450.998s][debug][gc,phases      ] GC(132)     Total                          Min: 0, Avg: 13.0, Max: 52, Diff: 52, Sum: 52, Workers: 4
[4450.998s][debug][gc,phases      ] GC(132)   StringDedup Table Weak         Min: 0.00, Avg: 0.00, Max: 0.00, Diff: 0.00, Sum: 0.00, Workers: 4
[4450.998s][debug][gc,phases      ] GC(132)     Dead                           Min: 0, Avg:  0.0, Max: 0, Diff: 0, Sum: 0, Workers: 4
[4450.998s][debug][gc,phases      ] GC(132)     Total                          Min: 0, Avg:  0.0, Max: 0, Diff: 0, Sum: 0, Workers: 4
[4450.998s][debug][gc,phases      ] GC(132)   StringDedup Requests0 Weak     Min: 0.00, Avg: 0.00, Max: 0.00, Diff: 0.00, Sum: 0.00, Workers: 4
[4450.998s][debug][gc,phases      ] GC(132)     Dead                           Min: 0, Avg:  0.0, Max: 0, Diff: 0, Sum: 0, Workers: 4
[4450.998s][debug][gc,phases      ] GC(132)     Total                          Min: 0, Avg:  0.0, Max: 0, Diff: 0, Sum: 0, Workers: 4
[4450.998s][debug][gc,phases      ] GC(132)   StringDedup Requests1 Weak     Min: 0.00, Avg: 0.00, Max: 0.00, Diff: 0.00, Sum: 0.00, Workers: 4
[4450.998s][debug][gc,phases      ] GC(132)     Dead                           Min: 0, Avg:  0.0, Max: 0, Diff: 0, Sum: 0, Workers: 4
[4450.998s][debug][gc,phases      ] GC(132)     Total                          Min: 0, Avg:  0.0, Max: 0, Diff: 0, Sum: 0, Workers: 4
[4450.998s][debug][gc,phases      ] GC(132)   Weak JFR Old Object Samples    Min: 0.00, Avg: 0.00, Max: 0.00, Diff: 0.00, Sum: 0.00, Workers: 4
[4450.998s][debug][gc,phases      ] GC(132)     Dead                           Min: 0, Avg:  0.0, Max: 0, Diff: 0, Sum: 0, Workers: 4
[4450.998s][debug][gc,phases      ] GC(132)     Total                          Min: 0, Avg:  0.0, Max: 0, Diff: 0, Sum: 0, Workers: 4
[4450.998s][debug][gc,phases      ] GC(132) Weak Processing 0.362ms
[4450.998s][debug][gc,age         ] GC(132) Desired survivor size 30408704 bytes, new threshold 1 (max threshold 15)
[4450.998s][info ][gc,heap        ] GC(132) PSYoungGen: 2038624K(2066432K)->3488K(2064896K) Eden: 2034176K(2034176K)->0K(2034176K) From: 4448K(32256K)->3488K(30720K)
[4450.998s][info ][gc,heap        ] GC(132) ParOldGen: 447256K(837120K)->448832K(837120K)
[4450.998s][info ][gc,metaspace   ] GC(132) Metaspace: 110092K(111296K)->110092K(111296K) NonClass: 94236K(94912K)->94236K(94912K) Class: 15855K(16384K)->15855K(16384K)
[4450.998s][info ][gc             ] GC(132) Pause Young (Allocation Failure) 2427M->441M(2834M) 3.757ms
[4450.998s][info ][gc,cpu         ] GC(132) User=0.02s Sys=0.00s Real=0.00s
[4450.998s][info ][safepoint      ] Safepoint "ParallelCollectForAllocation", Time since last: 23447379506 ns, Reaching safepoint: 110600 ns, At safepoint: 3821598 ns, Leaving safepoint: 10000 ns, Total: 3942198 ns, Threads: 2 runnable, 32 total
[4471.762s][info ][gc,start       ] GC(133) Pause Young (Allocation Failure)
[4471.765s][debug][gc,phases      ] GC(133) Scavenge 3.490ms
[4471.765s][debug][gc,ref         ] GC(133) Skipped SoftWeakFinalRefsPhase of Reference Processing: no references
[4471.765s][debug][gc,ref         ] GC(133) Skipped KeepAliveFinalRefsPhase of Reference Processing: no references
[4471.765s][debug][gc,ref         ] GC(133) Skipped PhantomRefsPhase of Reference Processing: no references
[4471.766s][debug][gc,phases      ] GC(133) Reference Processing 0.037ms
[4471.766s][debug][gc,phases      ] GC(133)   VM Weak                        Min: 0.00, Avg: 0.00, Max: 0.01, Diff: 0.00, Sum: 0.01, Workers: 4
[4471.766s][debug][gc,phases      ] GC(133)     Dead                           Min: 0, Avg:  0.0, Max: 0, Diff: 0, Sum: 0, Workers: 4
[4471.766s][debug][gc,phases      ] GC(133)     Total                          Min: 0, Avg: 212.5, Max: 402, Diff: 402, Sum: 850, Workers: 4
[4471.766s][debug][gc,phases      ] GC(133)   ObjectSynchronizer Weak        Min: 0.00, Avg: 0.00, Max: 0.00, Diff: 0.00, Sum: 0.00, Workers: 4
[4471.766s][debug][gc,phases      ] GC(133)     Dead                           Min: 0, Avg:  0.0, Max: 0, Diff: 0, Sum: 0, Workers: 4
[4471.766s][debug][gc,phases      ] GC(133)     Total                          Min: 0, Avg:  1.5, Max: 6, Diff: 6, Sum: 6, Workers: 4
[4471.766s][debug][gc,phases      ] GC(133)   JVMTI Tag Weak OopStorage      Min: 0.00, Avg: 0.00, Max: 0.00, Diff: 0.00, Sum: 0.00, Workers: 4
[4471.766s][debug][gc,phases      ] GC(133)     Dead                           Min: 0, Avg:  0.0, Max: 0, Diff: 0, Sum: 0, Workers: 4
[4471.766s][debug][gc,phases      ] GC(133)     Total                          Min: 0, Avg:  0.0, Max: 0, Diff: 0, Sum: 0, Workers: 4
[4471.766s][debug][gc,phases      ] GC(133)   StringTable Weak               Min: 0.12, Avg: 0.12, Max: 0.12, Diff: 0.00, Sum: 0.49, Workers: 4
[4471.766s][debug][gc,phases      ] GC(133)     Dead                           Min: 0, Avg:  0.0, Max: 0, Diff: 0, Sum: 0, Workers: 4
[4471.766s][debug][gc,phases      ] GC(133)     Total                          Min: 12430, Avg: 12547.5, Max: 12672, Diff: 242, Sum: 50190, Workers: 4
[4471.766s][debug][gc,phases      ] GC(133)   ResolvedMethodTable Weak       Min: 0.04, Avg: 0.04, Max: 0.04, Diff: 0.00, Sum: 0.16, Workers: 4
[4471.766s][debug][gc,phases      ] GC(133)     Dead                           Min: 0, Avg:  0.0, Max: 0, Diff: 0, Sum: 0, Workers: 4
[4471.766s][debug][gc,phases      ] GC(133)     Total                          Min: 3892, Avg: 4017.2, Max: 4245, Diff: 353, Sum: 16069, Workers: 4
[4471.766s][debug][gc,phases      ] GC(133)   JNI Weak                       Min: 0.00, Avg: 0.00, Max: 0.00, Diff: 0.00, Sum: 0.00, Workers: 4
[4471.766s][debug][gc,phases      ] GC(133)     Dead                           Min: 0, Avg:  0.0, Max: 0, Diff: 0, Sum: 0, Workers: 4
[4471.766s][debug][gc,phases      ] GC(133)     Total                          Min: 0, Avg: 13.0, Max: 52, Diff: 52, Sum: 52, Workers: 4
[4471.766s][debug][gc,phases      ] GC(133)   StringDedup Table Weak         Min: 0.00, Avg: 0.00, Max: 0.00, Diff: 0.00, Sum: 0.00, Workers: 4
[4471.766s][debug][gc,phases      ] GC(133)     Dead                           Min: 0, Avg:  0.0, Max: 0, Diff: 0, Sum: 0, Workers: 4
[4471.766s][debug][gc,phases      ] GC(133)     Total                          Min: 0, Avg:  0.0, Max: 0, Diff: 0, Sum: 0, Workers: 4
[4471.766s][debug][gc,phases      ] GC(133)   StringDedup Requests0 Weak     Min: 0.00, Avg: 0.00, Max: 0.00, Diff: 0.00, Sum: 0.00, Workers: 4
[4471.766s][debug][gc,phases      ] GC(133)     Dead                           Min: 0, Avg:  0.0, Max: 0, Diff: 0, Sum: 0, Workers: 4
[4471.766s][debug][gc,phases      ] GC(133)     Total                          Min: 0, Avg:  0.0, Max: 0, Diff: 0, Sum: 0, Workers: 4
[4471.766s][debug][gc,phases      ] GC(133)   StringDedup Requests1 Weak     Min: 0.00, Avg: 0.00, Max: 0.00, Diff: 0.00, Sum: 0.00, Workers: 4
[4471.766s][debug][gc,phases      ] GC(133)     Dead                           Min: 0, Avg:  0.0, Max: 0, Diff: 0, Sum: 0, Workers: 4
[4471.766s][debug][gc,phases      ] GC(133)     Total                          Min: 0, Avg:  0.0, Max: 0, Diff: 0, Sum: 0, Workers: 4
[4471.766s][debug][gc,phases      ] GC(133)   Weak JFR Old Object Samples    Min: 0.00, Avg: 0.00, Max: 0.00, Diff: 0.00, Sum: 0.00, Workers: 4
[4471.766s][debug][gc,phases      ] GC(133)     Dead                           Min: 0, Avg:  0.0, Max: 0, Diff: 0, Sum: 0, Workers: 4
[4471.766s][debug][gc,phases      ] GC(133)     Total                          Min: 0, Avg:  0.0, Max: 0, Diff: 0, Sum: 0, Workers: 4
[4471.766s][debug][gc,phases      ] GC(133) Weak Processing 0.331ms
[4471.766s][debug][gc,age         ] GC(133) Desired survivor size 28311552 bytes, new threshold 1 (max threshold 15)
[4471.766s][info ][gc,heap        ] GC(133) PSYoungGen: 2037664K(2064896K)->4880K(2069504K) Eden: 2034176K(2034176K)->0K(2039808K) From: 3488K(30720K)->4880K(29696K)
[4471.766s][info ][gc,heap        ] GC(133) ParOldGen: 448832K(837120K)->449688K(837120K)
[4471.766s][info ][gc,metaspace   ] GC(133) Metaspace: 110095K(111296K)->110095K(111296K) NonClass: 94239K(94912K)->94239K(94912K) Class: 15855K(16384K)->15855K(16384K)
[4471.766s][info ][gc             ] GC(133) Pause Young (Allocation Failure) 2428M->443M(2838M) 3.984ms
[4471.766s][info ][gc,cpu         ] GC(133) User=0.02s Sys=0.00s Real=0.00s
[4471.766s][info ][safepoint      ] Safepoint "ParallelCollectForAllocation", Time since last: 20763904215 ns, Reaching safepoint: 103600 ns, At safepoint: 4046097 ns, Leaving safepoint: 12900 ns, Total: 4162597 ns, Threads: 1 runnable, 32 total
[4490.895s][info ][gc,start       ] GC(134) Pause Young (Allocation Failure)
[4490.899s][debug][gc,phases      ] GC(134) Scavenge 3.788ms
[4490.899s][debug][gc,ref         ] GC(134) ReferenceProcessor::execute queues: 1, RefProcThreadModel::Single, marks_oops_alive: false
[4490.899s][debug][gc,ref         ] GC(134) Skipped KeepAliveFinalRefsPhase of Reference Processing: no references
[4490.899s][debug][gc,ref         ] GC(134) Skipped PhantomRefsPhase of Reference Processing: no references
[4490.899s][debug][gc,phases      ] GC(134) Reference Processing 0.093ms
[4490.899s][debug][gc,phases      ] GC(134)   VM Weak                        Min: 0.00, Avg: 0.00, Max: 0.01, Diff: 0.01, Sum: 0.01, Workers: 4
[4490.899s][debug][gc,phases      ] GC(134)     Dead                           Min: 0, Avg:  0.0, Max: 0, Diff: 0, Sum: 0, Workers: 4
[4490.899s][debug][gc,phases      ] GC(134)     Total                          Min: 18, Avg: 212.5, Max: 640, Diff: 622, Sum: 850, Workers: 4
[4490.899s][debug][gc,phases      ] GC(134)   ObjectSynchronizer Weak        Min: 0.00, Avg: 0.00, Max: 0.00, Diff: 0.00, Sum: 0.00, Workers: 4
[4490.899s][debug][gc,phases      ] GC(134)     Dead                           Min: 0, Avg:  0.0, Max: 0, Diff: 0, Sum: 0, Workers: 4
[4490.899s][debug][gc,phases      ] GC(134)     Total                          Min: 0, Avg:  1.5, Max: 6, Diff: 6, Sum: 6, Workers: 4
[4490.899s][debug][gc,phases      ] GC(134)   JVMTI Tag Weak OopStorage      Min: 0.00, Avg: 0.00, Max: 0.00, Diff: 0.00, Sum: 0.00, Workers: 4
[4490.899s][debug][gc,phases      ] GC(134)     Dead                           Min: 0, Avg:  0.0, Max: 0, Diff: 0, Sum: 0, Workers: 4
[4490.899s][debug][gc,phases      ] GC(134)     Total                          Min: 0, Avg:  0.0, Max: 0, Diff: 0, Sum: 0, Workers: 4
[4490.899s][debug][gc,phases      ] GC(134)   StringTable Weak               Min: 0.13, Avg: 0.13, Max: 0.13, Diff: 0.00, Sum: 0.53, Workers: 4
[4490.899s][debug][gc,phases      ] GC(134)     Dead                           Min: 0, Avg:  0.2, Max: 1, Diff: 1, Sum: 1, Workers: 4
[4490.899s][debug][gc,phases      ] GC(134)     Total                          Min: 12224, Avg: 12548.0, Max: 12735, Diff: 511, Sum: 50192, Workers: 4
[4490.899s][debug][gc,phases      ] GC(134)   ResolvedMethodTable Weak       Min: 0.04, Avg: 0.04, Max: 0.04, Diff: 0.00, Sum: 0.16, Workers: 4
[4490.899s][debug][gc,phases      ] GC(134)     Dead                           Min: 0, Avg:  5.2, Max: 11, Diff: 11, Sum: 21, Workers: 4
[4490.899s][debug][gc,phases      ] GC(134)     Total                          Min: 3894, Avg: 4017.8, Max: 4124, Diff: 230, Sum: 16071, Workers: 4
[4490.899s][debug][gc,phases      ] GC(134)   JNI Weak                       Min: 0.00, Avg: 0.00, Max: 0.00, Diff: 0.00, Sum: 0.00, Workers: 4
[4490.899s][debug][gc,phases      ] GC(134)     Dead                           Min: 0, Avg:  0.0, Max: 0, Diff: 0, Sum: 0, Workers: 4
[4490.899s][debug][gc,phases      ] GC(134)     Total                          Min: 0, Avg: 13.0, Max: 52, Diff: 52, Sum: 52, Workers: 4
[4490.899s][debug][gc,phases      ] GC(134)   StringDedup Table Weak         Min: 0.00, Avg: 0.00, Max: 0.00, Diff: 0.00, Sum: 0.00, Workers: 4
[4490.899s][debug][gc,phases      ] GC(134)     Dead                           Min: 0, Avg:  0.0, Max: 0, Diff: 0, Sum: 0, Workers: 4
[4490.899s][debug][gc,phases      ] GC(134)     Total                          Min: 0, Avg:  0.0, Max: 0, Diff: 0, Sum: 0, Workers: 4
[4490.899s][debug][gc,phases      ] GC(134)   StringDedup Requests0 Weak     Min: 0.00, Avg: 0.00, Max: 0.00, Diff: 0.00, Sum: 0.00, Workers: 4
[4490.899s][debug][gc,phases      ] GC(134)     Dead                           Min: 0, Avg:  0.0, Max: 0, Diff: 0, Sum: 0, Workers: 4
[4490.899s][debug][gc,phases      ] GC(134)     Total                          Min: 0, Avg:  0.0, Max: 0, Diff: 0, Sum: 0, Workers: 4
[4490.899s][debug][gc,phases      ] GC(134)   StringDedup Requests1 Weak     Min: 0.00, Avg: 0.00, Max: 0.00, Diff: 0.00, Sum: 0.00, Workers: 4
[4490.899s][debug][gc,phases      ] GC(134)     Dead                           Min: 0, Avg:  0.0, Max: 0, Diff: 0, Sum: 0, Workers: 4
[4490.899s][debug][gc,phases      ] GC(134)     Total                          Min: 0, Avg:  0.0, Max: 0, Diff: 0, Sum: 0, Workers: 4
[4490.899s][debug][gc,phases      ] GC(134)   Weak JFR Old Object Samples    Min: 0.00, Avg: 0.00, Max: 0.00, Diff: 0.00, Sum: 0.00, Workers: 4
[4490.899s][debug][gc,phases      ] GC(134)     Dead                           Min: 0, Avg:  0.0, Max: 0, Diff: 0, Sum: 0, Workers: 4
[4490.899s][debug][gc,phases      ] GC(134)     Total                          Min: 0, Avg:  0.0, Max: 0, Diff: 0, Sum: 0, Workers: 4
[4490.899s][debug][gc,phases      ] GC(134) Weak Processing 0.369ms
[4490.899s][debug][gc,age         ] GC(134) Desired survivor size 27262976 bytes, new threshold 1 (max threshold 15)
[4490.899s][info ][gc,heap        ] GC(134) PSYoungGen: 2044688K(2069504K)->4800K(2067456K) Eden: 2039808K(2039808K)->0K(2039808K) From: 4880K(29696K)->4800K(27648K)
[4490.899s][info ][gc,heap        ] GC(134) ParOldGen: 449688K(837120K)->451020K(837120K)
[4490.899s][info ][gc,metaspace   ] GC(134) Metaspace: 110102K(111296K)->110102K(111296K) NonClass: 94245K(94912K)->94245K(94912K) Class: 15856K(16384K)->15856K(16384K)
[4490.899s][info ][gc             ] GC(134) Pause Young (Allocation Failure) 2435M->445M(2836M) 4.368ms
[4490.899s][info ][gc,cpu         ] GC(134) User=0.02s Sys=0.00s Real=0.01s
[4490.899s][info ][safepoint      ] Safepoint "ParallelCollectForAllocation", Time since last: 19128903121 ns, Reaching safepoint: 85200 ns, At safepoint: 4429097 ns, Leaving safepoint: 10200 ns, Total: 4524497 ns, Threads: 2 runnable, 32 total
[4504.598s][info ][gc,start       ] GC(135) Pause Young (Allocation Failure)
[4504.606s][debug][gc,phases      ] GC(135) Scavenge 8.768ms
[4504.607s][debug][gc,ref         ] GC(135) ReferenceProcessor::execute queues: 1, RefProcThreadModel::Single, marks_oops_alive: false
[4504.607s][debug][gc,ref         ] GC(135) Skipped KeepAliveFinalRefsPhase of Reference Processing: no references
[4504.607s][debug][gc,ref         ] GC(135) Skipped PhantomRefsPhase of Reference Processing: no references
[4504.607s][debug][gc,phases      ] GC(135) Reference Processing 0.100ms
[4504.607s][debug][gc,phases      ] GC(135)   VM Weak                        Min: 0.00, Avg: 0.00, Max: 0.01, Diff: 0.01, Sum: 0.01, Workers: 4
[4504.607s][debug][gc,phases      ] GC(135)     Dead                           Min: 0, Avg:  0.0, Max: 0, Diff: 0, Sum: 0, Workers: 4
[4504.607s][debug][gc,phases      ] GC(135)     Total                          Min: 0, Avg: 212.5, Max: 512, Diff: 512, Sum: 850, Workers: 4
[4504.607s][debug][gc,phases      ] GC(135)   ObjectSynchronizer Weak        Min: 0.00, Avg: 0.00, Max: 0.00, Diff: 0.00, Sum: 0.00, Workers: 4
[4504.607s][debug][gc,phases      ] GC(135)     Dead                           Min: 0, Avg:  0.0, Max: 0, Diff: 0, Sum: 0, Workers: 4
[4504.607s][debug][gc,phases      ] GC(135)     Total                          Min: 0, Avg:  1.5, Max: 6, Diff: 6, Sum: 6, Workers: 4
[4504.607s][debug][gc,phases      ] GC(135)   JVMTI Tag Weak OopStorage      Min: 0.00, Avg: 0.00, Max: 0.00, Diff: 0.00, Sum: 0.00, Workers: 4
[4504.607s][debug][gc,phases      ] GC(135)     Dead                           Min: 0, Avg:  0.0, Max: 0, Diff: 0, Sum: 0, Workers: 4
[4504.607s][debug][gc,phases      ] GC(135)     Total                          Min: 0, Avg:  0.0, Max: 0, Diff: 0, Sum: 0, Workers: 4
[4504.607s][debug][gc,phases      ] GC(135)   StringTable Weak               Min: 0.00, Avg: 0.10, Max: 0.13, Diff: 0.13, Sum: 0.39, Workers: 4
[4504.607s][debug][gc,phases      ] GC(135)     Dead                           Min: 0, Avg:  0.0, Max: 0, Diff: 0, Sum: 0, Workers: 4
[4504.607s][debug][gc,phases      ] GC(135)     Total                          Min: 0, Avg: 12548.5, Max: 20563, Diff: 20563, Sum: 50194, Workers: 4
[4504.607s][debug][gc,phases      ] GC(135)   ResolvedMethodTable Weak       Min: 0.00, Avg: 0.03, Max: 0.04, Diff: 0.04, Sum: 0.13, Workers: 4
[4504.607s][debug][gc,phases      ] GC(135)     Dead                           Min: 0, Avg:  5.0, Max: 14, Diff: 14, Sum: 20, Workers: 4
[4504.607s][debug][gc,phases      ] GC(135)     Total                          Min: 0, Avg: 4018.8, Max: 6384, Diff: 6384, Sum: 16075, Workers: 4
[4504.607s][debug][gc,phases      ] GC(135)   JNI Weak                       Min: 0.00, Avg: 0.00, Max: 0.00, Diff: 0.00, Sum: 0.00, Workers: 4
[4504.607s][debug][gc,phases      ] GC(135)     Dead                           Min: 0, Avg:  0.0, Max: 0, Diff: 0, Sum: 0, Workers: 4
[4504.607s][debug][gc,phases      ] GC(135)     Total                          Min: 0, Avg: 13.0, Max: 52, Diff: 52, Sum: 52, Workers: 4
[4504.607s][debug][gc,phases      ] GC(135)   StringDedup Table Weak         Min: 0.00, Avg: 0.00, Max: 0.00, Diff: 0.00, Sum: 0.00, Workers: 4
[4504.607s][debug][gc,phases      ] GC(135)     Dead                           Min: 0, Avg:  0.0, Max: 0, Diff: 0, Sum: 0, Workers: 4
[4504.607s][debug][gc,phases      ] GC(135)     Total                          Min: 0, Avg:  0.0, Max: 0, Diff: 0, Sum: 0, Workers: 4
[4504.607s][debug][gc,phases      ] GC(135)   StringDedup Requests0 Weak     Min: 0.00, Avg: 0.00, Max: 0.00, Diff: 0.00, Sum: 0.00, Workers: 4
[4504.607s][debug][gc,phases      ] GC(135)     Dead                           Min: 0, Avg:  0.0, Max: 0, Diff: 0, Sum: 0, Workers: 4
[4504.607s][debug][gc,phases      ] GC(135)     Total                          Min: 0, Avg:  0.0, Max: 0, Diff: 0, Sum: 0, Workers: 4
[4504.607s][debug][gc,phases      ] GC(135)   StringDedup Requests1 Weak     Min: 0.00, Avg: 0.00, Max: 0.00, Diff: 0.00, Sum: 0.00, Workers: 4
[4504.607s][debug][gc,phases      ] GC(135)     Dead                           Min: 0, Avg:  0.0, Max: 0, Diff: 0, Sum: 0, Workers: 4
[4504.607s][debug][gc,phases      ] GC(135)     Total                          Min: 0, Avg:  0.0, Max: 0, Diff: 0, Sum: 0, Workers: 4
[4504.607s][debug][gc,phases      ] GC(135)   Weak JFR Old Object Samples    Min: 0.00, Avg: 0.00, Max: 0.00, Diff: 0.00, Sum: 0.00, Workers: 4
[4504.607s][debug][gc,phases      ] GC(135)     Dead                           Min: 0, Avg:  0.0, Max: 0, Diff: 0, Sum: 0, Workers: 4
[4504.607s][debug][gc,phases      ] GC(135)     Total                          Min: 0, Avg:  0.0, Max: 0, Diff: 0, Sum: 0, Workers: 4
[4504.607s][debug][gc,phases      ] GC(135) Weak Processing 0.382ms
[4504.607s][debug][gc,age         ] GC(135) Desired survivor size 28311552 bytes, new threshold 1 (max threshold 15)
[4504.607s][info ][gc,heap        ] GC(135) PSYoungGen: 2044608K(2067456K)->16080K(2068480K) Eden: 2039808K(2039808K)->0K(2041856K) From: 4800K(27648K)->16080K(26624K)
[4504.607s][info ][gc,heap        ] GC(135) ParOldGen: 451020K(837120K)->452632K(837120K)
[4504.607s][info ][gc,metaspace   ] GC(135) Metaspace: 110111K(111296K)->110111K(111296K) NonClass: 94253K(94912K)->94253K(94912K) Class: 15857K(16384K)->15857K(16384K)
[4504.607s][info ][gc             ] GC(135) Pause Young (Allocation Failure) 2437M->457M(2837M) 9.389ms
[4504.607s][info ][gc,cpu         ] GC(135) User=0.04s Sys=0.00s Real=0.01s
[4504.607s][info ][safepoint      ] Safepoint "ParallelCollectForAllocation", Time since last: 13698210160 ns, Reaching safepoint: 83900 ns, At safepoint: 9452595 ns, Leaving safepoint: 18200 ns, Total: 9554695 ns, Threads: 3 runnable, 35 total
[4511.612s][info ][gc,start       ] GC(136) Pause Young (Allocation Failure)
[4511.626s][debug][gc,phases      ] GC(136) Scavenge 13.863ms
[4511.626s][debug][gc,ref         ] GC(136) ReferenceProcessor::execute queues: 1, RefProcThreadModel::Single, marks_oops_alive: false
[4511.626s][debug][gc,ref         ] GC(136) Skipped KeepAliveFinalRefsPhase of Reference Processing: no references
[4511.626s][debug][gc,ref         ] GC(136) Skipped PhantomRefsPhase of Reference Processing: no references
[4511.626s][debug][gc,phases      ] GC(136) Reference Processing 0.122ms
[4511.626s][debug][gc,phases      ] GC(136)   VM Weak                        Min: 0.00, Avg: 0.00, Max: 0.01, Diff: 0.01, Sum: 0.01, Workers: 4
[4511.626s][debug][gc,phases      ] GC(136)     Dead                           Min: 0, Avg:  0.0, Max: 0, Diff: 0, Sum: 0, Workers: 4
[4511.626s][debug][gc,phases      ] GC(136)     Total                          Min: 0, Avg: 212.5, Max: 530, Diff: 530, Sum: 850, Workers: 4
[4511.626s][debug][gc,phases      ] GC(136)   ObjectSynchronizer Weak        Min: 0.00, Avg: 0.00, Max: 0.00, Diff: 0.00, Sum: 0.00, Workers: 4
[4511.626s][debug][gc,phases      ] GC(136)     Dead                           Min: 0, Avg:  0.0, Max: 0, Diff: 0, Sum: 0, Workers: 4
[4511.626s][debug][gc,phases      ] GC(136)     Total                          Min: 0, Avg:  1.5, Max: 6, Diff: 6, Sum: 6, Workers: 4
[4511.626s][debug][gc,phases      ] GC(136)   JVMTI Tag Weak OopStorage      Min: 0.00, Avg: 0.00, Max: 0.00, Diff: 0.00, Sum: 0.00, Workers: 4
[4511.626s][debug][gc,phases      ] GC(136)     Dead                           Min: 0, Avg:  0.0, Max: 0, Diff: 0, Sum: 0, Workers: 4
[4511.626s][debug][gc,phases      ] GC(136)     Total                          Min: 0, Avg:  0.0, Max: 0, Diff: 0, Sum: 0, Workers: 4
[4511.626s][debug][gc,phases      ] GC(136)   StringTable Weak               Min: 0.00, Avg: 0.12, Max: 0.16, Diff: 0.16, Sum: 0.48, Workers: 4
[4511.626s][debug][gc,phases      ] GC(136)     Dead                           Min: 0, Avg:  0.0, Max: 0, Diff: 0, Sum: 0, Workers: 4
[4511.626s][debug][gc,phases      ] GC(136)     Total                          Min: 0, Avg: 12548.8, Max: 17279, Diff: 17279, Sum: 50195, Workers: 4
[4511.626s][debug][gc,phases      ] GC(136)   ResolvedMethodTable Weak       Min: 0.00, Avg: 0.04, Max: 0.05, Diff: 0.05, Sum: 0.16, Workers: 4
[4511.626s][debug][gc,phases      ] GC(136)     Dead                           Min: 0, Avg:  0.0, Max: 0, Diff: 0, Sum: 0, Workers: 4
[4511.626s][debug][gc,phases      ] GC(136)     Total                          Min: 0, Avg: 4018.8, Max: 5566, Diff: 5566, Sum: 16075, Workers: 4
[4511.626s][debug][gc,phases      ] GC(136)   JNI Weak                       Min: 0.00, Avg: 0.00, Max: 0.00, Diff: 0.00, Sum: 0.00, Workers: 4
[4511.626s][debug][gc,phases      ] GC(136)     Dead                           Min: 0, Avg:  0.0, Max: 0, Diff: 0, Sum: 0, Workers: 4
[4511.626s][debug][gc,phases      ] GC(136)     Total                          Min: 0, Avg: 13.0, Max: 52, Diff: 52, Sum: 52, Workers: 4
[4511.626s][debug][gc,phases      ] GC(136)   StringDedup Table Weak         Min: 0.00, Avg: 0.00, Max: 0.00, Diff: 0.00, Sum: 0.00, Workers: 4
[4511.626s][debug][gc,phases      ] GC(136)     Dead                           Min: 0, Avg:  0.0, Max: 0, Diff: 0, Sum: 0, Workers: 4
[4511.626s][debug][gc,phases      ] GC(136)     Total                          Min: 0, Avg:  0.0, Max: 0, Diff: 0, Sum: 0, Workers: 4
[4511.626s][debug][gc,phases      ] GC(136)   StringDedup Requests0 Weak     Min: 0.00, Avg: 0.00, Max: 0.00, Diff: 0.00, Sum: 0.00, Workers: 4
[4511.626s][debug][gc,phases      ] GC(136)     Dead                           Min: 0, Avg:  0.0, Max: 0, Diff: 0, Sum: 0, Workers: 4
[4511.626s][debug][gc,phases      ] GC(136)     Total                          Min: 0, Avg:  0.0, Max: 0, Diff: 0, Sum: 0, Workers: 4
[4511.626s][debug][gc,phases      ] GC(136)   StringDedup Requests1 Weak     Min: 0.00, Avg: 0.00, Max: 0.00, Diff: 0.00, Sum: 0.00, Workers: 4
[4511.626s][debug][gc,phases      ] GC(136)     Dead                           Min: 0, Avg:  0.0, Max: 0, Diff: 0, Sum: 0, Workers: 4
[4511.626s][debug][gc,phases      ] GC(136)     Total                          Min: 0, Avg:  0.0, Max: 0, Diff: 0, Sum: 0, Workers: 4
[4511.627s][debug][gc,phases      ] GC(136)   Weak JFR Old Object Samples    Min: 0.00, Avg: 0.00, Max: 0.00, Diff: 0.00, Sum: 0.00, Workers: 4
[4511.627s][debug][gc,phases      ] GC(136)     Dead                           Min: 0, Avg:  0.0, Max: 0, Diff: 0, Sum: 0, Workers: 4
[4511.627s][debug][gc,phases      ] GC(136)     Total                          Min: 0, Avg:  0.0, Max: 0, Diff: 0, Sum: 0, Workers: 4
[4511.627s][debug][gc,phases      ] GC(136) Weak Processing 0.422ms
[4511.627s][debug][gc,age         ] GC(136) Desired survivor size 39845888 bytes, new threshold 1 (max threshold 15)
[4511.627s][info ][gc,heap        ] GC(136) PSYoungGen: 2057936K(2068480K)->27616K(2069504K) Eden: 2041856K(2041856K)->0K(2041856K) From: 16080K(26624K)->27616K(27648K)
[4511.627s][info ][gc,heap        ] GC(136) ParOldGen: 452632K(837120K)->468628K(837120K)
[4511.627s][info ][gc,metaspace   ] GC(136) Metaspace: 110114K(111296K)->110114K(111296K) NonClass: 94256K(94912K)->94256K(94912K) Class: 15857K(16384K)->15857K(16384K)
[4511.627s][info ][gc             ] GC(136) Pause Young (Allocation Failure) 2451M->484M(2838M) 14.548ms
[4511.627s][info ][gc,cpu         ] GC(136) User=0.05s Sys=0.00s Real=0.01s
[4511.627s][info ][safepoint      ] Safepoint "ParallelCollectForAllocation", Time since last: 7004829237 ns, Reaching safepoint: 6500 ns, At safepoint: 14633893 ns, Leaving safepoint: 9800 ns, Total: 14650193 ns, Threads: 0 runnable, 37 total
[4528.366s][info ][gc,start       ] GC(137) Pause Young (Allocation Failure)
[4528.375s][debug][gc,phases      ] GC(137) Scavenge 9.294ms
[4528.375s][debug][gc,ref         ] GC(137) ReferenceProcessor::execute queues: 1, RefProcThreadModel::Single, marks_oops_alive: false
[4528.375s][debug][gc,ref         ] GC(137) Skipped KeepAliveFinalRefsPhase of Reference Processing: no references
[4528.375s][debug][gc,ref         ] GC(137) Skipped PhantomRefsPhase of Reference Processing: no references
[4528.375s][debug][gc,phases      ] GC(137) Reference Processing 0.099ms
[4528.376s][debug][gc,phases      ] GC(137)   VM Weak                        Min: 0.00, Avg: 0.00, Max: 0.01, Diff: 0.01, Sum: 0.01, Workers: 4
[4528.376s][debug][gc,phases      ] GC(137)     Dead                           Min: 0, Avg:  0.0, Max: 0, Diff: 0, Sum: 0, Workers: 4
[4528.376s][debug][gc,phases      ] GC(137)     Total                          Min: 0, Avg: 212.5, Max: 530, Diff: 530, Sum: 850, Workers: 4
[4528.376s][debug][gc,phases      ] GC(137)   ObjectSynchronizer Weak        Min: 0.00, Avg: 0.00, Max: 0.00, Diff: 0.00, Sum: 0.00, Workers: 4
[4528.376s][debug][gc,phases      ] GC(137)     Dead                           Min: 0, Avg:  0.0, Max: 0, Diff: 0, Sum: 0, Workers: 4
[4528.376s][debug][gc,phases      ] GC(137)     Total                          Min: 0, Avg:  1.5, Max: 6, Diff: 6, Sum: 6, Workers: 4
[4528.376s][debug][gc,phases      ] GC(137)   JVMTI Tag Weak OopStorage      Min: 0.00, Avg: 0.00, Max: 0.00, Diff: 0.00, Sum: 0.00, Workers: 4
[4528.376s][debug][gc,phases      ] GC(137)     Dead                           Min: 0, Avg:  0.0, Max: 0, Diff: 0, Sum: 0, Workers: 4
[4528.376s][debug][gc,phases      ] GC(137)     Total                          Min: 0, Avg:  0.0, Max: 0, Diff: 0, Sum: 0, Workers: 4
[4528.376s][debug][gc,phases      ] GC(137)   StringTable Weak               Min: 0.00, Avg: 0.12, Max: 0.16, Diff: 0.16, Sum: 0.47, Workers: 4
[4528.376s][debug][gc,phases      ] GC(137)     Dead                           Min: 0, Avg:  0.0, Max: 0, Diff: 0, Sum: 0, Workers: 4
[4528.376s][debug][gc,phases      ] GC(137)     Total                          Min: 0, Avg: 12549.8, Max: 16960, Diff: 16960, Sum: 50199, Workers: 4
[4528.376s][debug][gc,phases      ] GC(137)   ResolvedMethodTable Weak       Min: 0.00, Avg: 0.04, Max: 0.05, Diff: 0.05, Sum: 0.16, Workers: 4
[4528.376s][debug][gc,phases      ] GC(137)     Dead                           Min: 0, Avg:  5.0, Max: 13, Diff: 13, Sum: 20, Workers: 4
[4528.376s][debug][gc,phases      ] GC(137)     Total                          Min: 0, Avg: 4019.0, Max: 5429, Diff: 5429, Sum: 16076, Workers: 4
[4528.376s][debug][gc,phases      ] GC(137)   JNI Weak                       Min: 0.00, Avg: 0.00, Max: 0.00, Diff: 0.00, Sum: 0.00, Workers: 4
[4528.376s][debug][gc,phases      ] GC(137)     Dead                           Min: 0, Avg:  0.0, Max: 0, Diff: 0, Sum: 0, Workers: 4
[4528.376s][debug][gc,phases      ] GC(137)     Total                          Min: 0, Avg: 13.0, Max: 52, Diff: 52, Sum: 52, Workers: 4
[4528.376s][debug][gc,phases      ] GC(137)   StringDedup Table Weak         Min: 0.00, Avg: 0.00, Max: 0.00, Diff: 0.00, Sum: 0.00, Workers: 4
[4528.376s][debug][gc,phases      ] GC(137)     Dead                           Min: 0, Avg:  0.0, Max: 0, Diff: 0, Sum: 0, Workers: 4
[4528.376s][debug][gc,phases      ] GC(137)     Total                          Min: 0, Avg:  0.0, Max: 0, Diff: 0, Sum: 0, Workers: 4
[4528.376s][debug][gc,phases      ] GC(137)   StringDedup Requests0 Weak     Min: 0.00, Avg: 0.00, Max: 0.00, Diff: 0.00, Sum: 0.00, Workers: 4
[4528.376s][debug][gc,phases      ] GC(137)     Dead                           Min: 0, Avg:  0.0, Max: 0, Diff: 0, Sum: 0, Workers: 4
[4528.376s][debug][gc,phases      ] GC(137)     Total                          Min: 0, Avg:  0.0, Max: 0, Diff: 0, Sum: 0, Workers: 4
[4528.376s][debug][gc,phases      ] GC(137)   StringDedup Requests1 Weak     Min: 0.00, Avg: 0.00, Max: 0.00, Diff: 0.00, Sum: 0.00, Workers: 4
[4528.376s][debug][gc,phases      ] GC(137)     Dead                           Min: 0, Avg:  0.0, Max: 0, Diff: 0, Sum: 0, Workers: 4
[4528.376s][debug][gc,phases      ] GC(137)     Total                          Min: 0, Avg:  0.0, Max: 0, Diff: 0, Sum: 0, Workers: 4
[4528.376s][debug][gc,phases      ] GC(137)   Weak JFR Old Object Samples    Min: 0.00, Avg: 0.00, Max: 0.00, Diff: 0.00, Sum: 0.00, Workers: 4
[4528.376s][debug][gc,phases      ] GC(137)     Dead                           Min: 0, Avg:  0.0, Max: 0, Diff: 0, Sum: 0, Workers: 4
[4528.376s][debug][gc,phases      ] GC(137)     Total                          Min: 0, Avg:  0.0, Max: 0, Diff: 0, Sum: 0, Workers: 4
[4528.376s][debug][gc,phases      ] GC(137) Weak Processing 0.390ms
[4528.376s][debug][gc,age         ] GC(137) Desired survivor size 38273024 bytes, new threshold 1 (max threshold 15)
[4528.376s][info ][gc,heap        ] GC(137) PSYoungGen: 2069472K(2069504K)->5024K(2050048K) Eden: 2041856K(2041856K)->0K(2022400K) From: 27616K(27648K)->5024K(27648K)
[4528.376s][info ][gc,heap        ] GC(137) ParOldGen: 468628K(837120K)->495568K(837120K)
[4528.376s][info ][gc,metaspace   ] GC(137) Metaspace: 110140K(111360K)->110140K(111360K) NonClass: 94281K(94976K)->94281K(94976K) Class: 15858K(16384K)->15858K(16384K)
[4528.376s][info ][gc             ] GC(137) Pause Young (Allocation Failure) 2478M->488M(2819M) 9.915ms
[4528.376s][info ][gc,cpu         ] GC(137) User=0.03s Sys=0.00s Real=0.01s
[4528.376s][info ][safepoint      ] Safepoint "ParallelCollectForAllocation", Time since last: 16739117666 ns, Reaching safepoint: 28800 ns, At safepoint: 9982612 ns, Leaving safepoint: 10500 ns, Total: 10021912 ns, Threads: 0 runnable, 37 total
[4544.246s][info ][gc,start       ] GC(138) Pause Young (Allocation Failure)
[4544.250s][debug][gc,phases      ] GC(138) Scavenge 3.600ms
[4544.250s][debug][gc,ref         ] GC(138) ReferenceProcessor::execute queues: 1, RefProcThreadModel::Single, marks_oops_alive: false
[4544.250s][debug][gc,ref         ] GC(138) Skipped KeepAliveFinalRefsPhase of Reference Processing: no references
[4544.250s][debug][gc,ref         ] GC(138) Skipped PhantomRefsPhase of Reference Processing: no references
[4544.250s][debug][gc,phases      ] GC(138) Reference Processing 0.109ms
[4544.250s][debug][gc,phases      ] GC(138)   VM Weak                        Min: 0.00, Avg: 0.00, Max: 0.01, Diff: 0.01, Sum: 0.01, Workers: 4
[4544.250s][debug][gc,phases      ] GC(138)     Dead                           Min: 0, Avg:  0.0, Max: 0, Diff: 0, Sum: 0, Workers: 4
[4544.250s][debug][gc,phases      ] GC(138)     Total                          Min: 0, Avg: 212.5, Max: 704, Diff: 704, Sum: 850, Workers: 4
[4544.250s][debug][gc,phases      ] GC(138)   ObjectSynchronizer Weak        Min: 0.00, Avg: 0.00, Max: 0.00, Diff: 0.00, Sum: 0.00, Workers: 4
[4544.250s][debug][gc,phases      ] GC(138)     Dead                           Min: 0, Avg:  0.0, Max: 0, Diff: 0, Sum: 0, Workers: 4
[4544.250s][debug][gc,phases      ] GC(138)     Total                          Min: 0, Avg:  1.5, Max: 6, Diff: 6, Sum: 6, Workers: 4
[4544.250s][debug][gc,phases      ] GC(138)   JVMTI Tag Weak OopStorage      Min: 0.00, Avg: 0.00, Max: 0.00, Diff: 0.00, Sum: 0.00, Workers: 4
[4544.250s][debug][gc,phases      ] GC(138)     Dead                           Min: 0, Avg:  0.0, Max: 0, Diff: 0, Sum: 0, Workers: 4
[4544.250s][debug][gc,phases      ] GC(138)     Total                          Min: 0, Avg:  0.0, Max: 0, Diff: 0, Sum: 0, Workers: 4
[4544.250s][debug][gc,phases      ] GC(138)   StringTable Weak               Min: 0.00, Avg: 0.10, Max: 0.14, Diff: 0.14, Sum: 0.40, Workers: 4
[4544.250s][debug][gc,phases      ] GC(138)     Dead                           Min: 0, Avg:  0.0, Max: 0, Diff: 0, Sum: 0, Workers: 4
[4544.250s][debug][gc,phases      ] GC(138)     Total                          Min: 0, Avg: 12549.8, Max: 21503, Diff: 21503, Sum: 50199, Workers: 4
[4544.250s][debug][gc,phases      ] GC(138)   ResolvedMethodTable Weak       Min: 0.00, Avg: 0.03, Max: 0.05, Diff: 0.05, Sum: 0.13, Workers: 4
[4544.250s][debug][gc,phases      ] GC(138)     Dead                           Min: 0, Avg:  0.0, Max: 0, Diff: 0, Sum: 0, Workers: 4
[4544.250s][debug][gc,phases      ] GC(138)     Total                          Min: 0, Avg: 4019.0, Max: 6843, Diff: 6843, Sum: 16076, Workers: 4
[4544.250s][debug][gc,phases      ] GC(138)   JNI Weak                       Min: 0.00, Avg: 0.00, Max: 0.00, Diff: 0.00, Sum: 0.00, Workers: 4
[4544.250s][debug][gc,phases      ] GC(138)     Dead                           Min: 0, Avg:  0.0, Max: 0, Diff: 0, Sum: 0, Workers: 4
[4544.250s][debug][gc,phases      ] GC(138)     Total                          Min: 0, Avg: 13.0, Max: 52, Diff: 52, Sum: 52, Workers: 4
[4544.250s][debug][gc,phases      ] GC(138)   StringDedup Table Weak         Min: 0.00, Avg: 0.00, Max: 0.00, Diff: 0.00, Sum: 0.00, Workers: 4
[4544.250s][debug][gc,phases      ] GC(138)     Dead                           Min: 0, Avg:  0.0, Max: 0, Diff: 0, Sum: 0, Workers: 4
[4544.250s][debug][gc,phases      ] GC(138)     Total                          Min: 0, Avg:  0.0, Max: 0, Diff: 0, Sum: 0, Workers: 4
[4544.250s][debug][gc,phases      ] GC(138)   StringDedup Requests0 Weak     Min: 0.00, Avg: 0.00, Max: 0.00, Diff: 0.00, Sum: 0.00, Workers: 4
[4544.250s][debug][gc,phases      ] GC(138)     Dead                           Min: 0, Avg:  0.0, Max: 0, Diff: 0, Sum: 0, Workers: 4
[4544.250s][debug][gc,phases      ] GC(138)     Total                          Min: 0, Avg:  0.0, Max: 0, Diff: 0, Sum: 0, Workers: 4
[4544.250s][debug][gc,phases      ] GC(138)   StringDedup Requests1 Weak     Min: 0.00, Avg: 0.00, Max: 0.00, Diff: 0.00, Sum: 0.00, Workers: 4
[4544.250s][debug][gc,phases      ] GC(138)     Dead                           Min: 0, Avg:  0.0, Max: 0, Diff: 0, Sum: 0, Workers: 4
[4544.250s][debug][gc,phases      ] GC(138)     Total                          Min: 0, Avg:  0.0, Max: 0, Diff: 0, Sum: 0, Workers: 4
[4544.250s][debug][gc,phases      ] GC(138)   Weak JFR Old Object Samples    Min: 0.00, Avg: 0.00, Max: 0.00, Diff: 0.00, Sum: 0.00, Workers: 4
[4544.250s][debug][gc,phases      ] GC(138)     Dead                           Min: 0, Avg:  0.0, Max: 0, Diff: 0, Sum: 0, Workers: 4
[4544.250s][debug][gc,phases      ] GC(138)     Total                          Min: 0, Avg:  0.0, Max: 0, Diff: 0, Sum: 0, Workers: 4
[4544.250s][debug][gc,phases      ] GC(138) Weak Processing 0.353ms
[4544.250s][debug][gc,age         ] GC(138) Desired survivor size 37224448 bytes, new threshold 1 (max threshold 15)
[4544.250s][info ][gc,heap        ] GC(138) PSYoungGen: 2027424K(2050048K)->3024K(2059776K) Eden: 2022400K(2022400K)->0K(2022400K) From: 5024K(27648K)->3024K(37376K)
[4544.250s][info ][gc,heap        ] GC(138) ParOldGen: 495568K(837120K)->498277K(837120K)
[4544.250s][info ][gc,metaspace   ] GC(138) Metaspace: 110146K(111360K)->110146K(111360K) NonClass: 94288K(94976K)->94288K(94976K) Class: 15858K(16384K)->15858K(16384K)
[4544.251s][info ][gc             ] GC(138) Pause Young (Allocation Failure) 2463M->489M(2829M) 4.189ms
[4544.251s][info ][gc,cpu         ] GC(138) User=0.02s Sys=0.00s Real=0.01s
[4544.251s][info ][safepoint      ] Safepoint "ParallelCollectForAllocation", Time since last: 15870443595 ns, Reaching safepoint: 88500 ns, At safepoint: 4257000 ns, Leaving safepoint: 10900 ns, Total: 4356400 ns, Threads: 3 runnable, 37 total
[4561.601s][info ][gc,start       ] GC(139) Pause Young (Allocation Failure)
[4561.605s][debug][gc,phases      ] GC(139) Scavenge 4.034ms
[4561.606s][debug][gc,ref         ] GC(139) ReferenceProcessor::execute queues: 1, RefProcThreadModel::Single, marks_oops_alive: false
[4561.606s][debug][gc,ref         ] GC(139) Skipped KeepAliveFinalRefsPhase of Reference Processing: no references
[4561.606s][debug][gc,ref         ] GC(139) Skipped PhantomRefsPhase of Reference Processing: no references
[4561.606s][debug][gc,phases      ] GC(139) Reference Processing 0.102ms
[4561.606s][debug][gc,phases      ] GC(139)   VM Weak                        Min: 0.00, Avg: 0.00, Max: 0.01, Diff: 0.01, Sum: 0.01, Workers: 4
[4561.606s][debug][gc,phases      ] GC(139)     Dead                           Min: 0, Avg:  0.0, Max: 0, Diff: 0, Sum: 0, Workers: 4
[4561.606s][debug][gc,phases      ] GC(139)     Total                          Min: 0, Avg: 212.5, Max: 512, Diff: 512, Sum: 850, Workers: 4
[4561.606s][debug][gc,phases      ] GC(139)   ObjectSynchronizer Weak        Min: 0.00, Avg: 0.00, Max: 0.00, Diff: 0.00, Sum: 0.00, Workers: 4
[4561.606s][debug][gc,phases      ] GC(139)     Dead                           Min: 0, Avg:  0.0, Max: 0, Diff: 0, Sum: 0, Workers: 4
[4561.606s][debug][gc,phases      ] GC(139)     Total                          Min: 0, Avg:  1.2, Max: 5, Diff: 5, Sum: 5, Workers: 4
[4561.606s][debug][gc,phases      ] GC(139)   JVMTI Tag Weak OopStorage      Min: 0.00, Avg: 0.00, Max: 0.00, Diff: 0.00, Sum: 0.00, Workers: 4
[4561.606s][debug][gc,phases      ] GC(139)     Dead                           Min: 0, Avg:  0.0, Max: 0, Diff: 0, Sum: 0, Workers: 4
[4561.606s][debug][gc,phases      ] GC(139)     Total                          Min: 0, Avg:  0.0, Max: 0, Diff: 0, Sum: 0, Workers: 4
[4561.606s][debug][gc,phases      ] GC(139)   StringTable Weak               Min: 0.12, Avg: 0.12, Max: 0.12, Diff: 0.00, Sum: 0.47, Workers: 4
[4561.606s][debug][gc,phases      ] GC(139)     Dead                           Min: 0, Avg:  0.0, Max: 0, Diff: 0, Sum: 0, Workers: 4
[4561.606s][debug][gc,phases      ] GC(139)     Total                          Min: 12184, Avg: 12549.8, Max: 12864, Diff: 680, Sum: 50199, Workers: 4
[4561.606s][debug][gc,phases      ] GC(139)   ResolvedMethodTable Weak       Min: 0.04, Avg: 0.04, Max: 0.04, Diff: 0.00, Sum: 0.16, Workers: 4
[4561.606s][debug][gc,phases      ] GC(139)     Dead                           Min: 0, Avg:  5.0, Max: 10, Diff: 10, Sum: 20, Workers: 4
[4561.606s][debug][gc,phases      ] GC(139)     Total                          Min: 3947, Avg: 4019.0, Max: 4113, Diff: 166, Sum: 16076, Workers: 4
[4561.606s][debug][gc,phases      ] GC(139)   JNI Weak                       Min: 0.00, Avg: 0.00, Max: 0.00, Diff: 0.00, Sum: 0.00, Workers: 4
[4561.606s][debug][gc,phases      ] GC(139)     Dead                           Min: 0, Avg:  0.0, Max: 0, Diff: 0, Sum: 0, Workers: 4
[4561.606s][debug][gc,phases      ] GC(139)     Total                          Min: 0, Avg: 13.0, Max: 52, Diff: 52, Sum: 52, Workers: 4
[4561.606s][debug][gc,phases      ] GC(139)   StringDedup Table Weak         Min: 0.00, Avg: 0.00, Max: 0.00, Diff: 0.00, Sum: 0.00, Workers: 4
[4561.606s][debug][gc,phases      ] GC(139)     Dead                           Min: 0, Avg:  0.0, Max: 0, Diff: 0, Sum: 0, Workers: 4
[4561.606s][debug][gc,phases      ] GC(139)     Total                          Min: 0, Avg:  0.0, Max: 0, Diff: 0, Sum: 0, Workers: 4
[4561.606s][debug][gc,phases      ] GC(139)   StringDedup Requests0 Weak     Min: 0.00, Avg: 0.00, Max: 0.00, Diff: 0.00, Sum: 0.00, Workers: 4
[4561.606s][debug][gc,phases      ] GC(139)     Dead                           Min: 0, Avg:  0.0, Max: 0, Diff: 0, Sum: 0, Workers: 4
[4561.606s][debug][gc,phases      ] GC(139)     Total                          Min: 0, Avg:  0.0, Max: 0, Diff: 0, Sum: 0, Workers: 4
[4561.606s][debug][gc,phases      ] GC(139)   StringDedup Requests1 Weak     Min: 0.00, Avg: 0.00, Max: 0.00, Diff: 0.00, Sum: 0.00, Workers: 4
[4561.606s][debug][gc,phases      ] GC(139)     Dead                           Min: 0, Avg:  0.0, Max: 0, Diff: 0, Sum: 0, Workers: 4
[4561.606s][debug][gc,phases      ] GC(139)     Total                          Min: 0, Avg:  0.0, Max: 0, Diff: 0, Sum: 0, Workers: 4
[4561.606s][debug][gc,phases      ] GC(139)   Weak JFR Old Object Samples    Min: 0.00, Avg: 0.00, Max: 0.00, Diff: 0.00, Sum: 0.00, Workers: 4
[4561.606s][debug][gc,phases      ] GC(139)     Dead                           Min: 0, Avg:  0.0, Max: 0, Diff: 0, Sum: 0, Workers: 4
[4561.606s][debug][gc,phases      ] GC(139)     Total                          Min: 0, Avg:  0.0, Max: 0, Diff: 0, Sum: 0, Workers: 4
[4561.606s][debug][gc,phases      ] GC(139) Weak Processing 0.349ms
[4561.606s][debug][gc,age         ] GC(139) Desired survivor size 35127296 bytes, new threshold 1 (max threshold 15)
[4561.606s][info ][gc,heap        ] GC(139) PSYoungGen: 2025424K(2059776K)->5248K(2062848K) Eden: 2022400K(2022400K)->0K(2026496K) From: 3024K(37376K)->5248K(36352K)
[4561.606s][info ][gc,heap        ] GC(139) ParOldGen: 498277K(837120K)->498937K(837120K)
[4561.606s][info ][gc,metaspace   ] GC(139) Metaspace: 110155K(111360K)->110155K(111360K) NonClass: 94296K(94976K)->94296K(94976K) Class: 15858K(16384K)->15858K(16384K)
[4561.606s][info ][gc             ] GC(139) Pause Young (Allocation Failure) 2464M->492M(2832M) 4.611ms
[4561.606s][info ][gc,cpu         ] GC(139) User=0.02s Sys=0.00s Real=0.00s
[4561.606s][info ][safepoint      ] Safepoint "ParallelCollectForAllocation", Time since last: 17350734437 ns, Reaching safepoint: 32900 ns, At safepoint: 4698398 ns, Leaving safepoint: 2500 ns, Total: 4733798 ns, Threads: 0 runnable, 37 total
[4580.197s][info ][gc,start       ] GC(140) Pause Young (Allocation Failure)
[4580.201s][debug][gc,phases      ] GC(140) Scavenge 4.164ms
[4580.201s][debug][gc,ref         ] GC(140) ReferenceProcessor::execute queues: 1, RefProcThreadModel::Single, marks_oops_alive: false
[4580.201s][debug][gc,ref         ] GC(140) Skipped KeepAliveFinalRefsPhase of Reference Processing: no references
[4580.201s][debug][gc,ref         ] GC(140) Skipped PhantomRefsPhase of Reference Processing: no references
[4580.201s][debug][gc,phases      ] GC(140) Reference Processing 0.098ms
[4580.201s][debug][gc,phases      ] GC(140)   VM Weak                        Min: 0.00, Avg: 0.00, Max: 0.01, Diff: 0.01, Sum: 0.01, Workers: 4
[4580.201s][debug][gc,phases      ] GC(140)     Dead                           Min: 0, Avg:  0.0, Max: 0, Diff: 0, Sum: 0, Workers: 4
[4580.201s][debug][gc,phases      ] GC(140)     Total                          Min: 0, Avg: 212.5, Max: 530, Diff: 530, Sum: 850, Workers: 4
[4580.201s][debug][gc,phases      ] GC(140)   ObjectSynchronizer Weak        Min: 0.00, Avg: 0.00, Max: 0.00, Diff: 0.00, Sum: 0.00, Workers: 4
[4580.201s][debug][gc,phases      ] GC(140)     Dead                           Min: 0, Avg:  0.0, Max: 0, Diff: 0, Sum: 0, Workers: 4
[4580.201s][debug][gc,phases      ] GC(140)     Total                          Min: 0, Avg:  1.5, Max: 6, Diff: 6, Sum: 6, Workers: 4
[4580.201s][debug][gc,phases      ] GC(140)   JVMTI Tag Weak OopStorage      Min: 0.00, Avg: 0.00, Max: 0.00, Diff: 0.00, Sum: 0.00, Workers: 4
[4580.201s][debug][gc,phases      ] GC(140)     Dead                           Min: 0, Avg:  0.0, Max: 0, Diff: 0, Sum: 0, Workers: 4
[4580.201s][debug][gc,phases      ] GC(140)     Total                          Min: 0, Avg:  0.0, Max: 0, Diff: 0, Sum: 0, Workers: 4
[4580.201s][debug][gc,phases      ] GC(140)   StringTable Weak               Min: 0.00, Avg: 0.10, Max: 0.14, Diff: 0.14, Sum: 0.42, Workers: 4
[4580.201s][debug][gc,phases      ] GC(140)     Dead                           Min: 0, Avg:  0.0, Max: 0, Diff: 0, Sum: 0, Workers: 4
[4580.201s][debug][gc,phases      ] GC(140)     Total                          Min: 0, Avg: 12549.8, Max: 21079, Diff: 21079, Sum: 50199, Workers: 4
[4580.201s][debug][gc,phases      ] GC(140)   ResolvedMethodTable Weak       Min: 0.00, Avg: 0.03, Max: 0.05, Diff: 0.05, Sum: 0.14, Workers: 4
[4580.201s][debug][gc,phases      ] GC(140)     Dead                           Min: 0, Avg:  5.0, Max: 20, Diff: 20, Sum: 20, Workers: 4
[4580.201s][debug][gc,phases      ] GC(140)     Total                          Min: 0, Avg: 4019.0, Max: 6978, Diff: 6978, Sum: 16076, Workers: 4
[4580.201s][debug][gc,phases      ] GC(140)   JNI Weak                       Min: 0.00, Avg: 0.00, Max: 0.00, Diff: 0.00, Sum: 0.00, Workers: 4
[4580.201s][debug][gc,phases      ] GC(140)     Dead                           Min: 0, Avg:  0.0, Max: 0, Diff: 0, Sum: 0, Workers: 4
[4580.201s][debug][gc,phases      ] GC(140)     Total                          Min: 0, Avg: 13.0, Max: 52, Diff: 52, Sum: 52, Workers: 4
[4580.202s][debug][gc,phases      ] GC(140)   StringDedup Table Weak         Min: 0.00, Avg: 0.00, Max: 0.00, Diff: 0.00, Sum: 0.00, Workers: 4
[4580.202s][debug][gc,phases      ] GC(140)     Dead                           Min: 0, Avg:  0.0, Max: 0, Diff: 0, Sum: 0, Workers: 4
[4580.202s][debug][gc,phases      ] GC(140)     Total                          Min: 0, Avg:  0.0, Max: 0, Diff: 0, Sum: 0, Workers: 4
[4580.202s][debug][gc,phases      ] GC(140)   StringDedup Requests0 Weak     Min: 0.00, Avg: 0.00, Max: 0.00, Diff: 0.00, Sum: 0.00, Workers: 4
[4580.202s][debug][gc,phases      ] GC(140)     Dead                           Min: 0, Avg:  0.0, Max: 0, Diff: 0, Sum: 0, Workers: 4
[4580.202s][debug][gc,phases      ] GC(140)     Total                          Min: 0, Avg:  0.0, Max: 0, Diff: 0, Sum: 0, Workers: 4
[4580.202s][debug][gc,phases      ] GC(140)   StringDedup Requests1 Weak     Min: 0.00, Avg: 0.00, Max: 0.00, Diff: 0.00, Sum: 0.00, Workers: 4
[4580.202s][debug][gc,phases      ] GC(140)     Dead                           Min: 0, Avg:  0.0, Max: 0, Diff: 0, Sum: 0, Workers: 4
[4580.202s][debug][gc,phases      ] GC(140)     Total                          Min: 0, Avg:  0.0, Max: 0, Diff: 0, Sum: 0, Workers: 4
[4580.202s][debug][gc,phases      ] GC(140)   Weak JFR Old Object Samples    Min: 0.00, Avg: 0.00, Max: 0.00, Diff: 0.00, Sum: 0.00, Workers: 4
[4580.202s][debug][gc,phases      ] GC(140)     Dead                           Min: 0, Avg:  0.0, Max: 0, Diff: 0, Sum: 0, Workers: 4
[4580.202s][debug][gc,phases      ] GC(140)     Total                          Min: 0, Avg:  0.0, Max: 0, Diff: 0, Sum: 0, Workers: 4
[4580.202s][debug][gc,phases      ] GC(140) Weak Processing 0.366ms
[4580.202s][debug][gc,age         ] GC(140) Desired survivor size 34078720 bytes, new threshold 1 (max threshold 15)
[4580.202s][info ][gc,heap        ] GC(140) PSYoungGen: 2031744K(2062848K)->3408K(2060800K) Eden: 2026496K(2026496K)->0K(2026496K) From: 5248K(36352K)->3408K(34304K)
[4580.202s][info ][gc,heap        ] GC(140) ParOldGen: 498937K(837120K)->502229K(837120K)
[4580.202s][info ][gc,metaspace   ] GC(140) Metaspace: 110156K(111360K)->110156K(111360K) NonClass: 94297K(94976K)->94297K(94976K) Class: 15858K(16384K)->15858K(16384K)
[4580.202s][info ][gc             ] GC(140) Pause Young (Allocation Failure) 2471M->493M(2830M) 4.745ms
[4580.202s][info ][gc,cpu         ] GC(140) User=0.01s Sys=0.00s Real=0.01s
[4580.202s][info ][safepoint      ] Safepoint "ParallelCollectForAllocation", Time since last: 18590715851 ns, Reaching safepoint: 80900 ns, At safepoint: 4810196 ns, Leaving safepoint: 7800 ns, Total: 4898896 ns, Threads: 1 runnable, 33 total
[4597.719s][info ][gc,start       ] GC(141) Pause Young (Allocation Failure)
[4597.725s][debug][gc,phases      ] GC(141) Scavenge 5.535ms
[4597.725s][debug][gc,ref         ] GC(141) ReferenceProcessor::execute queues: 1, RefProcThreadModel::Single, marks_oops_alive: false
[4597.725s][debug][gc,ref         ] GC(141) Skipped KeepAliveFinalRefsPhase of Reference Processing: no references
[4597.725s][debug][gc,ref         ] GC(141) Skipped PhantomRefsPhase of Reference Processing: no references
[4597.725s][debug][gc,phases      ] GC(141) Reference Processing 0.131ms
[4597.725s][debug][gc,phases      ] GC(141)   VM Weak                        Min: 0.00, Avg: 0.00, Max: 0.01, Diff: 0.01, Sum: 0.01, Workers: 4
[4597.725s][debug][gc,phases      ] GC(141)     Dead                           Min: 0, Avg:  0.0, Max: 0, Diff: 0, Sum: 0, Workers: 4
[4597.725s][debug][gc,phases      ] GC(141)     Total                          Min: 0, Avg: 212.5, Max: 722, Diff: 722, Sum: 850, Workers: 4
[4597.725s][debug][gc,phases      ] GC(141)   ObjectSynchronizer Weak        Min: 0.00, Avg: 0.00, Max: 0.00, Diff: 0.00, Sum: 0.00, Workers: 4
[4597.725s][debug][gc,phases      ] GC(141)     Dead                           Min: 0, Avg:  0.0, Max: 0, Diff: 0, Sum: 0, Workers: 4
[4597.725s][debug][gc,phases      ] GC(141)     Total                          Min: 0, Avg:  1.5, Max: 6, Diff: 6, Sum: 6, Workers: 4
[4597.725s][debug][gc,phases      ] GC(141)   JVMTI Tag Weak OopStorage      Min: 0.00, Avg: 0.00, Max: 0.00, Diff: 0.00, Sum: 0.00, Workers: 4
[4597.725s][debug][gc,phases      ] GC(141)     Dead                           Min: 0, Avg:  0.0, Max: 0, Diff: 0, Sum: 0, Workers: 4
[4597.725s][debug][gc,phases      ] GC(141)     Total                          Min: 0, Avg:  0.0, Max: 0, Diff: 0, Sum: 0, Workers: 4
[4597.725s][debug][gc,phases      ] GC(141)   StringTable Weak               Min: 0.00, Avg: 0.13, Max: 0.26, Diff: 0.26, Sum: 0.51, Workers: 4
[4597.725s][debug][gc,phases      ] GC(141)     Dead                           Min: 0, Avg:  0.0, Max: 0, Diff: 0, Sum: 0, Workers: 4
[4597.725s][debug][gc,phases      ] GC(141)     Total                          Min: 0, Avg: 12549.8, Max: 25240, Diff: 25240, Sum: 50199, Workers: 4
[4597.725s][debug][gc,phases      ] GC(141)   ResolvedMethodTable Weak       Min: 0.00, Avg: 0.04, Max: 0.08, Diff: 0.08, Sum: 0.16, Workers: 4
[4597.725s][debug][gc,phases      ] GC(141)     Dead                           Min: 0, Avg:  0.0, Max: 0, Diff: 0, Sum: 0, Workers: 4
[4597.725s][debug][gc,phases      ] GC(141)     Total                          Min: 0, Avg: 4019.0, Max: 8044, Diff: 8044, Sum: 16076, Workers: 4
[4597.725s][debug][gc,phases      ] GC(141)   JNI Weak                       Min: 0.00, Avg: 0.00, Max: 0.00, Diff: 0.00, Sum: 0.00, Workers: 4
[4597.725s][debug][gc,phases      ] GC(141)     Dead                           Min: 0, Avg:  0.0, Max: 0, Diff: 0, Sum: 0, Workers: 4
[4597.725s][debug][gc,phases      ] GC(141)     Total                          Min: 0, Avg: 13.0, Max: 52, Diff: 52, Sum: 52, Workers: 4
[4597.725s][debug][gc,phases      ] GC(141)   StringDedup Table Weak         Min: 0.00, Avg: 0.00, Max: 0.00, Diff: 0.00, Sum: 0.00, Workers: 4
[4597.725s][debug][gc,phases      ] GC(141)     Dead                           Min: 0, Avg:  0.0, Max: 0, Diff: 0, Sum: 0, Workers: 4
[4597.725s][debug][gc,phases      ] GC(141)     Total                          Min: 0, Avg:  0.0, Max: 0, Diff: 0, Sum: 0, Workers: 4
[4597.725s][debug][gc,phases      ] GC(141)   StringDedup Requests0 Weak     Min: 0.00, Avg: 0.00, Max: 0.00, Diff: 0.00, Sum: 0.00, Workers: 4
[4597.725s][debug][gc,phases      ] GC(141)     Dead                           Min: 0, Avg:  0.0, Max: 0, Diff: 0, Sum: 0, Workers: 4
[4597.725s][debug][gc,phases      ] GC(141)     Total                          Min: 0, Avg:  0.0, Max: 0, Diff: 0, Sum: 0, Workers: 4
[4597.725s][debug][gc,phases      ] GC(141)   StringDedup Requests1 Weak     Min: 0.00, Avg: 0.00, Max: 0.00, Diff: 0.00, Sum: 0.00, Workers: 4
[4597.725s][debug][gc,phases      ] GC(141)     Dead                           Min: 0, Avg:  0.0, Max: 0, Diff: 0, Sum: 0, Workers: 4
[4597.725s][debug][gc,phases      ] GC(141)     Total                          Min: 0, Avg:  0.0, Max: 0, Diff: 0, Sum: 0, Workers: 4
[4597.725s][debug][gc,phases      ] GC(141)   Weak JFR Old Object Samples    Min: 0.00, Avg: 0.00, Max: 0.00, Diff: 0.00, Sum: 0.00, Workers: 4
[4597.725s][debug][gc,phases      ] GC(141)     Dead                           Min: 0, Avg:  0.0, Max: 0, Diff: 0, Sum: 0, Workers: 4
[4597.725s][debug][gc,phases      ] GC(141)     Total                          Min: 0, Avg:  0.0, Max: 0, Diff: 0, Sum: 0, Workers: 4
[4597.725s][debug][gc,phases      ] GC(141) Weak Processing 0.623ms
[4597.725s][debug][gc,age         ] GC(141) Desired survivor size 31981568 bytes, new threshold 1 (max threshold 15)
[4597.725s][info ][gc,heap        ] GC(141) PSYoungGen: 2029904K(2060800K)->5616K(2065920K) Eden: 2026496K(2026496K)->0K(2032640K) From: 3408K(34304K)->5616K(33280K)
[4597.725s][info ][gc,heap        ] GC(141) ParOldGen: 502229K(837120K)->503113K(837120K)
[4597.725s][info ][gc,metaspace   ] GC(141) Metaspace: 110156K(111360K)->110156K(111360K) NonClass: 94298K(94976K)->94298K(94976K) Class: 15858K(16384K)->15858K(16384K)
[4597.725s][info ][gc             ] GC(141) Pause Young (Allocation Failure) 2472M->496M(2835M) 6.430ms
[4597.725s][info ][gc,cpu         ] GC(141) User=0.02s Sys=0.00s Real=0.00s
[4597.726s][info ][safepoint      ] Safepoint "ParallelCollectForAllocation", Time since last: 17517251218 ns, Reaching safepoint: 111800 ns, At safepoint: 6501098 ns, Leaving safepoint: 17600 ns, Total: 6630498 ns, Threads: 2 runnable, 34 total
[4627.748s][info ][gc,start       ] GC(142) Pause Young (Allocation Failure)
[4627.756s][debug][gc,phases      ] GC(142) Scavenge 7.980ms
[4627.756s][debug][gc,ref         ] GC(142) ReferenceProcessor::execute queues: 1, RefProcThreadModel::Single, marks_oops_alive: false
[4627.756s][debug][gc,ref         ] GC(142) Skipped KeepAliveFinalRefsPhase of Reference Processing: no references
[4627.756s][debug][gc,ref         ] GC(142) Skipped PhantomRefsPhase of Reference Processing: no references
[4627.756s][debug][gc,phases      ] GC(142) Reference Processing 0.108ms
[4627.757s][debug][gc,phases      ] GC(142)   VM Weak                        Min: 0.00, Avg: 0.00, Max: 0.00, Diff: 0.00, Sum: 0.01, Workers: 4
[4627.757s][debug][gc,phases      ] GC(142)     Dead                           Min: 0, Avg:  0.0, Max: 0, Diff: 0, Sum: 0, Workers: 4
[4627.757s][debug][gc,phases      ] GC(142)     Total                          Min: 0, Avg: 212.5, Max: 448, Diff: 448, Sum: 850, Workers: 4
[4627.757s][debug][gc,phases      ] GC(142)   ObjectSynchronizer Weak        Min: 0.00, Avg: 0.00, Max: 0.00, Diff: 0.00, Sum: 0.00, Workers: 4
[4627.757s][debug][gc,phases      ] GC(142)     Dead                           Min: 0, Avg:  0.0, Max: 0, Diff: 0, Sum: 0, Workers: 4
[4627.757s][debug][gc,phases      ] GC(142)     Total                          Min: 0, Avg:  1.2, Max: 5, Diff: 5, Sum: 5, Workers: 4
[4627.757s][debug][gc,phases      ] GC(142)   JVMTI Tag Weak OopStorage      Min: 0.00, Avg: 0.00, Max: 0.00, Diff: 0.00, Sum: 0.00, Workers: 4
[4627.757s][debug][gc,phases      ] GC(142)     Dead                           Min: 0, Avg:  0.0, Max: 0, Diff: 0, Sum: 0, Workers: 4
[4627.757s][debug][gc,phases      ] GC(142)     Total                          Min: 0, Avg:  0.0, Max: 0, Diff: 0, Sum: 0, Workers: 4
[4627.757s][debug][gc,phases      ] GC(142)   StringTable Weak               Min: 0.00, Avg: 0.10, Max: 0.14, Diff: 0.14, Sum: 0.41, Workers: 4
[4627.757s][debug][gc,phases      ] GC(142)     Dead                           Min: 0, Avg:  0.0, Max: 0, Diff: 0, Sum: 0, Workers: 4
[4627.757s][debug][gc,phases      ] GC(142)     Total                          Min: 0, Avg: 12551.2, Max: 20863, Diff: 20863, Sum: 50205, Workers: 4
[4627.757s][debug][gc,phases      ] GC(142)   ResolvedMethodTable Weak       Min: 0.00, Avg: 0.03, Max: 0.05, Diff: 0.05, Sum: 0.14, Workers: 4
[4627.757s][debug][gc,phases      ] GC(142)     Dead                           Min: 0, Avg:  5.0, Max: 11, Diff: 11, Sum: 20, Workers: 4
[4627.757s][debug][gc,phases      ] GC(142)     Total                          Min: 0, Avg: 4019.0, Max: 6994, Diff: 6994, Sum: 16076, Workers: 4
[4627.757s][debug][gc,phases      ] GC(142)   JNI Weak                       Min: 0.00, Avg: 0.00, Max: 0.00, Diff: 0.00, Sum: 0.00, Workers: 4
[4627.757s][debug][gc,phases      ] GC(142)     Dead                           Min: 0, Avg:  0.0, Max: 0, Diff: 0, Sum: 0, Workers: 4
[4627.757s][debug][gc,phases      ] GC(142)     Total                          Min: 0, Avg: 13.0, Max: 52, Diff: 52, Sum: 52, Workers: 4
[4627.757s][debug][gc,phases      ] GC(142)   StringDedup Table Weak         Min: 0.00, Avg: 0.00, Max: 0.00, Diff: 0.00, Sum: 0.00, Workers: 4
[4627.757s][debug][gc,phases      ] GC(142)     Dead                           Min: 0, Avg:  0.0, Max: 0, Diff: 0, Sum: 0, Workers: 4
[4627.757s][debug][gc,phases      ] GC(142)     Total                          Min: 0, Avg:  0.0, Max: 0, Diff: 0, Sum: 0, Workers: 4
[4627.757s][debug][gc,phases      ] GC(142)   StringDedup Requests0 Weak     Min: 0.00, Avg: 0.00, Max: 0.00, Diff: 0.00, Sum: 0.00, Workers: 4
[4627.757s][debug][gc,phases      ] GC(142)     Dead                           Min: 0, Avg:  0.0, Max: 0, Diff: 0, Sum: 0, Workers: 4
[4627.757s][debug][gc,phases      ] GC(142)     Total                          Min: 0, Avg:  0.0, Max: 0, Diff: 0, Sum: 0, Workers: 4
[4627.757s][debug][gc,phases      ] GC(142)   StringDedup Requests1 Weak     Min: 0.00, Avg: 0.00, Max: 0.00, Diff: 0.00, Sum: 0.00, Workers: 4
[4627.757s][debug][gc,phases      ] GC(142)     Dead                           Min: 0, Avg:  0.0, Max: 0, Diff: 0, Sum: 0, Workers: 4
[4627.757s][debug][gc,phases      ] GC(142)     Total                          Min: 0, Avg:  0.0, Max: 0, Diff: 0, Sum: 0, Workers: 4
[4627.757s][debug][gc,phases      ] GC(142)   Weak JFR Old Object Samples    Min: 0.00, Avg: 0.00, Max: 0.00, Diff: 0.00, Sum: 0.00, Workers: 4
[4627.757s][debug][gc,phases      ] GC(142)     Dead                           Min: 0, Avg:  0.0, Max: 0, Diff: 0, Sum: 0, Workers: 4
[4627.757s][debug][gc,phases      ] GC(142)     Total                          Min: 0, Avg:  0.0, Max: 0, Diff: 0, Sum: 0, Workers: 4
[4627.757s][debug][gc,phases      ] GC(142) Weak Processing 0.363ms
[4627.757s][debug][gc,age         ] GC(142) Desired survivor size 29884416 bytes, new threshold 1 (max threshold 15)
[4627.757s][info ][gc,heap        ] GC(142) PSYoungGen: 2038256K(2065920K)->8624K(2063872K) Eden: 2032640K(2032640K)->0K(2032640K) From: 5616K(33280K)->8624K(31232K)
[4627.757s][info ][gc,heap        ] GC(142) ParOldGen: 503113K(837120K)->504837K(837120K)
[4627.757s][info ][gc,metaspace   ] GC(142) Metaspace: 110158K(111360K)->110158K(111360K) NonClass: 94299K(94976K)->94299K(94976K) Class: 15858K(16384K)->15858K(16384K)
[4627.757s][info ][gc             ] GC(142) Pause Young (Allocation Failure) 2481M->501M(2833M) 8.568ms
[4627.757s][info ][gc,cpu         ] GC(142) User=0.04s Sys=0.00s Real=0.01s
[4627.757s][info ][safepoint      ] Safepoint "ParallelCollectForAllocation", Time since last: 30022757265 ns, Reaching safepoint: 6800 ns, At safepoint: 8633997 ns, Leaving safepoint: 2800 ns, Total: 8643597 ns, Threads: 0 runnable, 36 total
[4682.944s][info ][gc,start       ] GC(143) Pause Young (Allocation Failure)
[4682.949s][debug][gc,phases      ] GC(143) Scavenge 4.754ms
[4682.949s][debug][gc,ref         ] GC(143) ReferenceProcessor::execute queues: 1, RefProcThreadModel::Single, marks_oops_alive: false
[4682.949s][debug][gc,ref         ] GC(143) Skipped KeepAliveFinalRefsPhase of Reference Processing: no references
[4682.949s][debug][gc,ref         ] GC(143) Skipped PhantomRefsPhase of Reference Processing: no references
[4682.949s][debug][gc,phases      ] GC(143) Reference Processing 0.106ms
[4682.949s][debug][gc,phases      ] GC(143)   VM Weak                        Min: 0.00, Avg: 0.00, Max: 0.01, Diff: 0.01, Sum: 0.01, Workers: 4
[4682.949s][debug][gc,phases      ] GC(143)     Dead                           Min: 0, Avg:  0.0, Max: 0, Diff: 0, Sum: 0, Workers: 4
[4682.949s][debug][gc,phases      ] GC(143)     Total                          Min: 0, Avg: 212.5, Max: 722, Diff: 722, Sum: 850, Workers: 4
[4682.949s][debug][gc,phases      ] GC(143)   ObjectSynchronizer Weak        Min: 0.00, Avg: 0.00, Max: 0.00, Diff: 0.00, Sum: 0.00, Workers: 4
[4682.949s][debug][gc,phases      ] GC(143)     Dead                           Min: 0, Avg:  0.0, Max: 0, Diff: 0, Sum: 0, Workers: 4
[4682.949s][debug][gc,phases      ] GC(143)     Total                          Min: 0, Avg:  1.2, Max: 5, Diff: 5, Sum: 5, Workers: 4
[4682.949s][debug][gc,phases      ] GC(143)   JVMTI Tag Weak OopStorage      Min: 0.00, Avg: 0.00, Max: 0.00, Diff: 0.00, Sum: 0.00, Workers: 4
[4682.949s][debug][gc,phases      ] GC(143)     Dead                           Min: 0, Avg:  0.0, Max: 0, Diff: 0, Sum: 0, Workers: 4
[4682.949s][debug][gc,phases      ] GC(143)     Total                          Min: 0, Avg:  0.0, Max: 0, Diff: 0, Sum: 0, Workers: 4
[4682.949s][debug][gc,phases      ] GC(143)   StringTable Weak               Min: 0.00, Avg: 0.10, Max: 0.14, Diff: 0.14, Sum: 0.41, Workers: 4
[4682.949s][debug][gc,phases      ] GC(143)     Dead                           Min: 0, Avg:  0.0, Max: 0, Diff: 0, Sum: 0, Workers: 4
[4682.949s][debug][gc,phases      ] GC(143)     Total                          Min: 0, Avg: 12552.0, Max: 21536, Diff: 21536, Sum: 50208, Workers: 4
[4682.949s][debug][gc,phases      ] GC(143)   ResolvedMethodTable Weak       Min: 0.00, Avg: 0.03, Max: 0.05, Diff: 0.05, Sum: 0.14, Workers: 4
[4682.949s][debug][gc,phases      ] GC(143)     Dead                           Min: 0, Avg:  7.8, Max: 20, Diff: 20, Sum: 31, Workers: 4
[4682.949s][debug][gc,phases      ] GC(143)     Total                          Min: 0, Avg: 4019.0, Max: 6598, Diff: 6598, Sum: 16076, Workers: 4
[4682.949s][debug][gc,phases      ] GC(143)   JNI Weak                       Min: 0.00, Avg: 0.00, Max: 0.00, Diff: 0.00, Sum: 0.00, Workers: 4
[4682.949s][debug][gc,phases      ] GC(143)     Dead                           Min: 0, Avg:  0.0, Max: 0, Diff: 0, Sum: 0, Workers: 4
[4682.949s][debug][gc,phases      ] GC(143)     Total                          Min: 0, Avg: 13.0, Max: 52, Diff: 52, Sum: 52, Workers: 4
[4682.949s][debug][gc,phases      ] GC(143)   StringDedup Table Weak         Min: 0.00, Avg: 0.00, Max: 0.00, Diff: 0.00, Sum: 0.00, Workers: 4
[4682.949s][debug][gc,phases      ] GC(143)     Dead                           Min: 0, Avg:  0.0, Max: 0, Diff: 0, Sum: 0, Workers: 4
[4682.949s][debug][gc,phases      ] GC(143)     Total                          Min: 0, Avg:  0.0, Max: 0, Diff: 0, Sum: 0, Workers: 4
[4682.949s][debug][gc,phases      ] GC(143)   StringDedup Requests0 Weak     Min: 0.00, Avg: 0.00, Max: 0.00, Diff: 0.00, Sum: 0.00, Workers: 4
[4682.949s][debug][gc,phases      ] GC(143)     Dead                           Min: 0, Avg:  0.0, Max: 0, Diff: 0, Sum: 0, Workers: 4
[4682.949s][debug][gc,phases      ] GC(143)     Total                          Min: 0, Avg:  0.0, Max: 0, Diff: 0, Sum: 0, Workers: 4
[4682.949s][debug][gc,phases      ] GC(143)   StringDedup Requests1 Weak     Min: 0.00, Avg: 0.00, Max: 0.00, Diff: 0.00, Sum: 0.00, Workers: 4
[4682.949s][debug][gc,phases      ] GC(143)     Dead                           Min: 0, Avg:  0.0, Max: 0, Diff: 0, Sum: 0, Workers: 4
[4682.949s][debug][gc,phases      ] GC(143)     Total                          Min: 0, Avg:  0.0, Max: 0, Diff: 0, Sum: 0, Workers: 4
[4682.949s][debug][gc,phases      ] GC(143)   Weak JFR Old Object Samples    Min: 0.00, Avg: 0.00, Max: 0.00, Diff: 0.00, Sum: 0.00, Workers: 4
[4682.949s][debug][gc,phases      ] GC(143)     Dead                           Min: 0, Avg:  0.0, Max: 0, Diff: 0, Sum: 0, Workers: 4
[4682.949s][debug][gc,phases      ] GC(143)     Total                          Min: 0, Avg:  0.0, Max: 0, Diff: 0, Sum: 0, Workers: 4
[4682.949s][debug][gc,phases      ] GC(143) Weak Processing 0.364ms
[4682.949s][debug][gc,age         ] GC(143) Desired survivor size 28835840 bytes, new threshold 1 (max threshold 15)
[4682.950s][info ][gc,heap        ] GC(143) PSYoungGen: 2041264K(2063872K)->3712K(2068992K) Eden: 2032640K(2032640K)->0K(2039808K) From: 8624K(31232K)->3712K(29184K)
[4682.950s][info ][gc,heap        ] GC(143) ParOldGen: 504837K(837120K)->511822K(837120K)
[4682.950s][info ][gc,metaspace   ] GC(143) Metaspace: 110160K(111360K)->110160K(111360K) NonClass: 94301K(94976K)->94301K(94976K) Class: 15858K(16384K)->15858K(16384K)
[4682.950s][info ][gc             ] GC(143) Pause Young (Allocation Failure) 2486M->503M(2838M) 5.388ms
[4682.950s][info ][gc,cpu         ] GC(143) User=0.02s Sys=0.00s Real=0.01s
[4682.950s][info ][safepoint      ] Safepoint "ParallelCollectForAllocation", Time since last: 55187116643 ns, Reaching safepoint: 82700 ns, At safepoint: 5455398 ns, Leaving safepoint: 7200 ns, Total: 5545298 ns, Threads: 1 runnable, 35 total
[4748.049s][info ][gc,start       ] GC(144) Pause Young (Allocation Failure)
[4748.051s][debug][gc,phases      ] GC(144) Scavenge 2.568ms
[4748.051s][debug][gc,ref         ] GC(144) ReferenceProcessor::execute queues: 1, RefProcThreadModel::Single, marks_oops_alive: false
[4748.051s][debug][gc,ref         ] GC(144) Skipped KeepAliveFinalRefsPhase of Reference Processing: no references
[4748.051s][debug][gc,ref         ] GC(144) Skipped PhantomRefsPhase of Reference Processing: no references
[4748.051s][debug][gc,phases      ] GC(144) Reference Processing 0.113ms
[4748.052s][debug][gc,phases      ] GC(144)   VM Weak                        Min: 0.00, Avg: 0.00, Max: 0.00, Diff: 0.00, Sum: 0.01, Workers: 4
[4748.052s][debug][gc,phases      ] GC(144)     Dead                           Min: 0, Avg:  0.0, Max: 0, Diff: 0, Sum: 0, Workers: 4
[4748.052s][debug][gc,phases      ] GC(144)     Total                          Min: 0, Avg: 212.5, Max: 384, Diff: 384, Sum: 850, Workers: 4
[4748.052s][debug][gc,phases      ] GC(144)   ObjectSynchronizer Weak        Min: 0.00, Avg: 0.00, Max: 0.00, Diff: 0.00, Sum: 0.00, Workers: 4
[4748.052s][debug][gc,phases      ] GC(144)     Dead                           Min: 0, Avg:  0.0, Max: 0, Diff: 0, Sum: 0, Workers: 4
[4748.052s][debug][gc,phases      ] GC(144)     Total                          Min: 0, Avg:  1.2, Max: 5, Diff: 5, Sum: 5, Workers: 4
[4748.052s][debug][gc,phases      ] GC(144)   JVMTI Tag Weak OopStorage      Min: 0.00, Avg: 0.00, Max: 0.00, Diff: 0.00, Sum: 0.00, Workers: 4
[4748.052s][debug][gc,phases      ] GC(144)     Dead                           Min: 0, Avg:  0.0, Max: 0, Diff: 0, Sum: 0, Workers: 4
[4748.052s][debug][gc,phases      ] GC(144)     Total                          Min: 0, Avg:  0.0, Max: 0, Diff: 0, Sum: 0, Workers: 4
[4748.052s][debug][gc,phases      ] GC(144)   StringTable Weak               Min: 0.00, Avg: 0.10, Max: 0.14, Diff: 0.14, Sum: 0.42, Workers: 4
[4748.052s][debug][gc,phases      ] GC(144)     Dead                           Min: 0, Avg:  0.0, Max: 0, Diff: 0, Sum: 0, Workers: 4
[4748.052s][debug][gc,phases      ] GC(144)     Total                          Min: 0, Avg: 12552.0, Max: 21376, Diff: 21376, Sum: 50208, Workers: 4
[4748.052s][debug][gc,phases      ] GC(144)   ResolvedMethodTable Weak       Min: 0.00, Avg: 0.03, Max: 0.05, Diff: 0.05, Sum: 0.14, Workers: 4
[4748.052s][debug][gc,phases      ] GC(144)     Dead                           Min: 0, Avg:  5.0, Max: 15, Diff: 15, Sum: 20, Workers: 4
[4748.052s][debug][gc,phases      ] GC(144)     Total                          Min: 0, Avg: 4019.0, Max: 6813, Diff: 6813, Sum: 16076, Workers: 4
[4748.052s][debug][gc,phases      ] GC(144)   JNI Weak                       Min: 0.00, Avg: 0.00, Max: 0.00, Diff: 0.00, Sum: 0.00, Workers: 4
[4748.052s][debug][gc,phases      ] GC(144)     Dead                           Min: 0, Avg:  0.0, Max: 0, Diff: 0, Sum: 0, Workers: 4
[4748.052s][debug][gc,phases      ] GC(144)     Total                          Min: 0, Avg: 13.0, Max: 52, Diff: 52, Sum: 52, Workers: 4
[4748.052s][debug][gc,phases      ] GC(144)   StringDedup Table Weak         Min: 0.00, Avg: 0.00, Max: 0.00, Diff: 0.00, Sum: 0.00, Workers: 4
[4748.052s][debug][gc,phases      ] GC(144)     Dead                           Min: 0, Avg:  0.0, Max: 0, Diff: 0, Sum: 0, Workers: 4
[4748.052s][debug][gc,phases      ] GC(144)     Total                          Min: 0, Avg:  0.0, Max: 0, Diff: 0, Sum: 0, Workers: 4
[4748.052s][debug][gc,phases      ] GC(144)   StringDedup Requests0 Weak     Min: 0.00, Avg: 0.00, Max: 0.00, Diff: 0.00, Sum: 0.00, Workers: 4
[4748.052s][debug][gc,phases      ] GC(144)     Dead                           Min: 0, Avg:  0.0, Max: 0, Diff: 0, Sum: 0, Workers: 4
[4748.052s][debug][gc,phases      ] GC(144)     Total                          Min: 0, Avg:  0.0, Max: 0, Diff: 0, Sum: 0, Workers: 4
[4748.052s][debug][gc,phases      ] GC(144)   StringDedup Requests1 Weak     Min: 0.00, Avg: 0.00, Max: 0.00, Diff: 0.00, Sum: 0.00, Workers: 4
[4748.052s][debug][gc,phases      ] GC(144)     Dead                           Min: 0, Avg:  0.0, Max: 0, Diff: 0, Sum: 0, Workers: 4
[4748.052s][debug][gc,phases      ] GC(144)     Total                          Min: 0, Avg:  0.0, Max: 0, Diff: 0, Sum: 0, Workers: 4
[4748.052s][debug][gc,phases      ] GC(144)   Weak JFR Old Object Samples    Min: 0.00, Avg: 0.00, Max: 0.00, Diff: 0.00, Sum: 0.00, Workers: 4
[4748.052s][debug][gc,phases      ] GC(144)     Dead                           Min: 0, Avg:  0.0, Max: 0, Diff: 0, Sum: 0, Workers: 4
[4748.052s][debug][gc,phases      ] GC(144)     Total                          Min: 0, Avg:  0.0, Max: 0, Diff: 0, Sum: 0, Workers: 4
[4748.052s][debug][gc,phases      ] GC(144) Weak Processing 0.385ms
[4748.052s][debug][gc,age         ] GC(144) Desired survivor size 27262976 bytes, new threshold 1 (max threshold 15)
[4748.052s][info ][gc,heap        ] GC(144) PSYoungGen: 2043520K(2068992K)->3440K(2067968K) Eden: 2039808K(2039808K)->0K(2039808K) From: 3712K(29184K)->3440K(28160K)
[4748.052s][info ][gc,heap        ] GC(144) ParOldGen: 511822K(837120K)->512982K(837120K)
[4748.052s][info ][gc,metaspace   ] GC(144) Metaspace: 110162K(111360K)->110162K(111360K) NonClass: 94303K(94976K)->94303K(94976K) Class: 15858K(16384K)->15858K(16384K)
[4748.052s][info ][gc             ] GC(144) Pause Young (Allocation Failure) 2495M->504M(2837M) 3.188ms
[4748.052s][info ][gc,cpu         ] GC(144) User=0.01s Sys=0.00s Real=0.01s
[4748.052s][info ][safepoint      ] Safepoint "ParallelCollectForAllocation", Time since last: 65099083499 ns, Reaching safepoint: 32900 ns, At safepoint: 3255499 ns, Leaving safepoint: 3000 ns, Total: 3291399 ns, Threads: 0 runnable, 33 total
[4808.507s][info ][gc,start       ] GC(145) Pause Young (Allocation Failure)
[4808.510s][debug][gc,phases      ] GC(145) Scavenge 2.981ms
[4808.510s][debug][gc,ref         ] GC(145) ReferenceProcessor::execute queues: 1, RefProcThreadModel::Single, marks_oops_alive: false
[4808.510s][debug][gc,ref         ] GC(145) Skipped KeepAliveFinalRefsPhase of Reference Processing: no references
[4808.510s][debug][gc,ref         ] GC(145) Skipped PhantomRefsPhase of Reference Processing: no references
[4808.510s][debug][gc,phases      ] GC(145) Reference Processing 0.101ms
[4808.510s][debug][gc,phases      ] GC(145)   VM Weak                        Min: 0.00, Avg: 0.00, Max: 0.01, Diff: 0.01, Sum: 0.01, Workers: 4
[4808.510s][debug][gc,phases      ] GC(145)     Dead                           Min: 0, Avg:  0.0, Max: 0, Diff: 0, Sum: 0, Workers: 4
[4808.510s][debug][gc,phases      ] GC(145)     Total                          Min: 0, Avg: 212.5, Max: 850, Diff: 850, Sum: 850, Workers: 4
[4808.510s][debug][gc,phases      ] GC(145)   ObjectSynchronizer Weak        Min: 0.00, Avg: 0.00, Max: 0.00, Diff: 0.00, Sum: 0.00, Workers: 4
[4808.510s][debug][gc,phases      ] GC(145)     Dead                           Min: 0, Avg:  0.0, Max: 0, Diff: 0, Sum: 0, Workers: 4
[4808.510s][debug][gc,phases      ] GC(145)     Total                          Min: 0, Avg:  1.2, Max: 5, Diff: 5, Sum: 5, Workers: 4
[4808.510s][debug][gc,phases      ] GC(145)   JVMTI Tag Weak OopStorage      Min: 0.00, Avg: 0.00, Max: 0.00, Diff: 0.00, Sum: 0.00, Workers: 4
[4808.510s][debug][gc,phases      ] GC(145)     Dead                           Min: 0, Avg:  0.0, Max: 0, Diff: 0, Sum: 0, Workers: 4
[4808.510s][debug][gc,phases      ] GC(145)     Total                          Min: 0, Avg:  0.0, Max: 0, Diff: 0, Sum: 0, Workers: 4
[4808.510s][debug][gc,phases      ] GC(145)   StringTable Weak               Min: 0.00, Avg: 0.10, Max: 0.13, Diff: 0.13, Sum: 0.40, Workers: 4
[4808.510s][debug][gc,phases      ] GC(145)     Dead                           Min: 0, Avg:  0.5, Max: 2, Diff: 2, Sum: 2, Workers: 4
[4808.510s][debug][gc,phases      ] GC(145)     Total                          Min: 0, Avg: 12554.0, Max: 21438, Diff: 21438, Sum: 50216, Workers: 4
[4808.510s][debug][gc,phases      ] GC(145)   ResolvedMethodTable Weak       Min: 0.00, Avg: 0.03, Max: 0.05, Diff: 0.05, Sum: 0.14, Workers: 4
[4808.510s][debug][gc,phases      ] GC(145)     Dead                           Min: 0, Avg:  6.2, Max: 17, Diff: 17, Sum: 25, Workers: 4
[4808.510s][debug][gc,phases      ] GC(145)     Total                          Min: 0, Avg: 4022.0, Max: 6850, Diff: 6850, Sum: 16088, Workers: 4
[4808.510s][debug][gc,phases      ] GC(145)   JNI Weak                       Min: 0.00, Avg: 0.00, Max: 0.00, Diff: 0.00, Sum: 0.00, Workers: 4
[4808.510s][debug][gc,phases      ] GC(145)     Dead                           Min: 0, Avg:  0.0, Max: 0, Diff: 0, Sum: 0, Workers: 4
[4808.510s][debug][gc,phases      ] GC(145)     Total                          Min: 0, Avg: 13.0, Max: 52, Diff: 52, Sum: 52, Workers: 4
[4808.510s][debug][gc,phases      ] GC(145)   StringDedup Table Weak         Min: 0.00, Avg: 0.00, Max: 0.00, Diff: 0.00, Sum: 0.00, Workers: 4
[4808.510s][debug][gc,phases      ] GC(145)     Dead                           Min: 0, Avg:  0.0, Max: 0, Diff: 0, Sum: 0, Workers: 4
[4808.510s][debug][gc,phases      ] GC(145)     Total                          Min: 0, Avg:  0.0, Max: 0, Diff: 0, Sum: 0, Workers: 4
[4808.510s][debug][gc,phases      ] GC(145)   StringDedup Requests0 Weak     Min: 0.00, Avg: 0.00, Max: 0.00, Diff: 0.00, Sum: 0.00, Workers: 4
[4808.510s][debug][gc,phases      ] GC(145)     Dead                           Min: 0, Avg:  0.0, Max: 0, Diff: 0, Sum: 0, Workers: 4
[4808.510s][debug][gc,phases      ] GC(145)     Total                          Min: 0, Avg:  0.0, Max: 0, Diff: 0, Sum: 0, Workers: 4
[4808.510s][debug][gc,phases      ] GC(145)   StringDedup Requests1 Weak     Min: 0.00, Avg: 0.00, Max: 0.00, Diff: 0.00, Sum: 0.00, Workers: 4
[4808.510s][debug][gc,phases      ] GC(145)     Dead                           Min: 0, Avg:  0.0, Max: 0, Diff: 0, Sum: 0, Workers: 4
[4808.510s][debug][gc,phases      ] GC(145)     Total                          Min: 0, Avg:  0.0, Max: 0, Diff: 0, Sum: 0, Workers: 4
[4808.510s][debug][gc,phases      ] GC(145)   Weak JFR Old Object Samples    Min: 0.00, Avg: 0.00, Max: 0.00, Diff: 0.00, Sum: 0.00, Workers: 4
[4808.510s][debug][gc,phases      ] GC(145)     Dead                           Min: 0, Avg:  0.0, Max: 0, Diff: 0, Sum: 0, Workers: 4
[4808.510s][debug][gc,phases      ] GC(145)     Total                          Min: 0, Avg:  0.0, Max: 0, Diff: 0, Sum: 0, Workers: 4
[4808.510s][debug][gc,phases      ] GC(145) Weak Processing 0.388ms
[4808.510s][debug][gc,age         ] GC(145) Desired survivor size 26214400 bytes, new threshold 1 (max threshold 15)
[4808.510s][info ][gc,heap        ] GC(145) PSYoungGen: 2043248K(2067968K)->3936K(2071552K) Eden: 2039808K(2039808K)->0K(2044928K) From: 3440K(28160K)->3936K(26624K)
[4808.510s][info ][gc,heap        ] GC(145) ParOldGen: 512982K(837120K)->513682K(837120K)
[4808.510s][info ][gc,metaspace   ] GC(145) Metaspace: 110186K(111360K)->110186K(111360K) NonClass: 94322K(94976K)->94322K(94976K) Class: 15863K(16384K)->15863K(16384K)
[4808.510s][info ][gc             ] GC(145) Pause Young (Allocation Failure) 2496M->505M(2840M) 3.611ms
[4808.510s][info ][gc,cpu         ] GC(145) User=0.01s Sys=0.01s Real=0.01s
[4808.510s][info ][safepoint      ] Safepoint "ParallelCollectForAllocation", Time since last: 60454564676 ns, Reaching safepoint: 6800 ns, At safepoint: 3676900 ns, Leaving safepoint: 2900 ns, Total: 3686600 ns, Threads: 0 runnable, 35 total
[4870.994s][info ][gc,start       ] GC(146) Pause Young (Allocation Failure)
[4870.999s][debug][gc,phases      ] GC(146) Scavenge 4.308ms
[4870.999s][debug][gc,ref         ] GC(146) ReferenceProcessor::execute queues: 1, RefProcThreadModel::Single, marks_oops_alive: false
[4870.999s][debug][gc,ref         ] GC(146) Skipped KeepAliveFinalRefsPhase of Reference Processing: no references
[4870.999s][debug][gc,ref         ] GC(146) Skipped PhantomRefsPhase of Reference Processing: no references
[4870.999s][debug][gc,phases      ] GC(146) Reference Processing 0.124ms
[4870.999s][debug][gc,phases      ] GC(146)   VM Weak                        Min: 0.00, Avg: 0.00, Max: 0.01, Diff: 0.01, Sum: 0.01, Workers: 4
[4870.999s][debug][gc,phases      ] GC(146)     Dead                           Min: 0, Avg:  0.0, Max: 0, Diff: 0, Sum: 0, Workers: 4
[4870.999s][debug][gc,phases      ] GC(146)     Total                          Min: 0, Avg: 212.5, Max: 786, Diff: 786, Sum: 850, Workers: 4
[4870.999s][debug][gc,phases      ] GC(146)   ObjectSynchronizer Weak        Min: 0.00, Avg: 0.00, Max: 0.00, Diff: 0.00, Sum: 0.00, Workers: 4
[4870.999s][debug][gc,phases      ] GC(146)     Dead                           Min: 0, Avg:  0.0, Max: 0, Diff: 0, Sum: 0, Workers: 4
[4870.999s][debug][gc,phases      ] GC(146)     Total                          Min: 0, Avg:  1.2, Max: 5, Diff: 5, Sum: 5, Workers: 4
[4870.999s][debug][gc,phases      ] GC(146)   JVMTI Tag Weak OopStorage      Min: 0.00, Avg: 0.00, Max: 0.00, Diff: 0.00, Sum: 0.00, Workers: 4
[4870.999s][debug][gc,phases      ] GC(146)     Dead                           Min: 0, Avg:  0.0, Max: 0, Diff: 0, Sum: 0, Workers: 4
[4870.999s][debug][gc,phases      ] GC(146)     Total                          Min: 0, Avg:  0.0, Max: 0, Diff: 0, Sum: 0, Workers: 4
[4870.999s][debug][gc,phases      ] GC(146)   StringTable Weak               Min: 0.00, Avg: 0.10, Max: 0.14, Diff: 0.14, Sum: 0.41, Workers: 4
[4870.999s][debug][gc,phases      ] GC(146)     Dead                           Min: 0, Avg:  0.0, Max: 0, Diff: 0, Sum: 0, Workers: 4
[4870.999s][debug][gc,phases      ] GC(146)     Total                          Min: 0, Avg: 12554.2, Max: 21226, Diff: 21226, Sum: 50217, Workers: 4
[4870.999s][debug][gc,phases      ] GC(146)   ResolvedMethodTable Weak       Min: 0.00, Avg: 0.04, Max: 0.05, Diff: 0.05, Sum: 0.14, Workers: 4
[4870.999s][debug][gc,phases      ] GC(146)     Dead                           Min: 0, Avg:  5.0, Max: 20, Diff: 20, Sum: 20, Workers: 4
[4870.999s][debug][gc,phases      ] GC(146)     Total                          Min: 0, Avg: 4022.0, Max: 6678, Diff: 6678, Sum: 16088, Workers: 4
[4870.999s][debug][gc,phases      ] GC(146)   JNI Weak                       Min: 0.00, Avg: 0.00, Max: 0.00, Diff: 0.00, Sum: 0.00, Workers: 4
[4870.999s][debug][gc,phases      ] GC(146)     Dead                           Min: 0, Avg:  0.0, Max: 0, Diff: 0, Sum: 0, Workers: 4
[4870.999s][debug][gc,phases      ] GC(146)     Total                          Min: 0, Avg: 13.0, Max: 52, Diff: 52, Sum: 52, Workers: 4
[4870.999s][debug][gc,phases      ] GC(146)   StringDedup Table Weak         Min: 0.00, Avg: 0.00, Max: 0.00, Diff: 0.00, Sum: 0.00, Workers: 4
[4870.999s][debug][gc,phases      ] GC(146)     Dead                           Min: 0, Avg:  0.0, Max: 0, Diff: 0, Sum: 0, Workers: 4
[4870.999s][debug][gc,phases      ] GC(146)     Total                          Min: 0, Avg:  0.0, Max: 0, Diff: 0, Sum: 0, Workers: 4
[4870.999s][debug][gc,phases      ] GC(146)   StringDedup Requests0 Weak     Min: 0.00, Avg: 0.00, Max: 0.00, Diff: 0.00, Sum: 0.00, Workers: 4
[4870.999s][debug][gc,phases      ] GC(146)     Dead                           Min: 0, Avg:  0.0, Max: 0, Diff: 0, Sum: 0, Workers: 4
[4870.999s][debug][gc,phases      ] GC(146)     Total                          Min: 0, Avg:  0.0, Max: 0, Diff: 0, Sum: 0, Workers: 4
[4870.999s][debug][gc,phases      ] GC(146)   StringDedup Requests1 Weak     Min: 0.00, Avg: 0.00, Max: 0.00, Diff: 0.00, Sum: 0.00, Workers: 4
[4870.999s][debug][gc,phases      ] GC(146)     Dead                           Min: 0, Avg:  0.0, Max: 0, Diff: 0, Sum: 0, Workers: 4
[4870.999s][debug][gc,phases      ] GC(146)     Total                          Min: 0, Avg:  0.0, Max: 0, Diff: 0, Sum: 0, Workers: 4
[4870.999s][debug][gc,phases      ] GC(146)   Weak JFR Old Object Samples    Min: 0.00, Avg: 0.00, Max: 0.00, Diff: 0.00, Sum: 0.00, Workers: 4
[4870.999s][debug][gc,phases      ] GC(146)     Dead                           Min: 0, Avg:  0.0, Max: 0, Diff: 0, Sum: 0, Workers: 4
[4870.999s][debug][gc,phases      ] GC(146)     Total                          Min: 0, Avg:  0.0, Max: 0, Diff: 0, Sum: 0, Workers: 4
[4870.999s][debug][gc,phases      ] GC(146) Weak Processing 0.387ms
[4870.999s][debug][gc,age         ] GC(146) Desired survivor size 24641536 bytes, new threshold 1 (max threshold 15)
[4870.999s][info ][gc,heap        ] GC(146) PSYoungGen: 2048864K(2071552K)->6336K(2070528K) Eden: 2044928K(2044928K)->0K(2044928K) From: 3936K(26624K)->6336K(25600K)
[4870.999s][info ][gc,heap        ] GC(146) ParOldGen: 513682K(837120K)->514702K(837120K)
[4870.999s][info ][gc,metaspace   ] GC(146) Metaspace: 110187K(111360K)->110187K(111360K) NonClass: 94323K(94976K)->94323K(94976K) Class: 15863K(16384K)->15863K(16384K)
[4870.999s][info ][gc             ] GC(146) Pause Young (Allocation Failure) 2502M->508M(2839M) 5.290ms
[4870.999s][info ][gc,cpu         ] GC(146) User=0.01s Sys=0.01s Real=0.01s
[4871.000s][info ][safepoint      ] Safepoint "ParallelCollectForAllocation", Time since last: 62483885249 ns, Reaching safepoint: 81700 ns, At safepoint: 5352000 ns, Leaving safepoint: 9800 ns, Total: 5443500 ns, Threads: 2 runnable, 34 total
[4923.531s][info ][gc,start       ] GC(147) Pause Young (Allocation Failure)
[4923.536s][debug][gc,phases      ] GC(147) Scavenge 4.217ms
[4923.536s][debug][gc,ref         ] GC(147) ReferenceProcessor::execute queues: 1, RefProcThreadModel::Single, marks_oops_alive: false
[4923.536s][debug][gc,ref         ] GC(147) Skipped KeepAliveFinalRefsPhase of Reference Processing: no references
[4923.536s][debug][gc,ref         ] GC(147) Skipped PhantomRefsPhase of Reference Processing: no references
[4923.536s][debug][gc,phases      ] GC(147) Reference Processing 0.120ms
[4923.536s][debug][gc,phases      ] GC(147)   VM Weak                        Min: 0.00, Avg: 0.00, Max: 0.01, Diff: 0.01, Sum: 0.01, Workers: 4
[4923.536s][debug][gc,phases      ] GC(147)     Dead                           Min: 0, Avg:  0.0, Max: 0, Diff: 0, Sum: 0, Workers: 4
[4923.536s][debug][gc,phases      ] GC(147)     Total                          Min: 0, Avg: 212.5, Max: 594, Diff: 594, Sum: 850, Workers: 4
[4923.536s][debug][gc,phases      ] GC(147)   ObjectSynchronizer Weak        Min: 0.00, Avg: 0.00, Max: 0.00, Diff: 0.00, Sum: 0.00, Workers: 4
[4923.536s][debug][gc,phases      ] GC(147)     Dead                           Min: 0, Avg:  0.0, Max: 0, Diff: 0, Sum: 0, Workers: 4
[4923.536s][debug][gc,phases      ] GC(147)     Total                          Min: 0, Avg:  1.5, Max: 6, Diff: 6, Sum: 6, Workers: 4
[4923.536s][debug][gc,phases      ] GC(147)   JVMTI Tag Weak OopStorage      Min: 0.00, Avg: 0.00, Max: 0.00, Diff: 0.00, Sum: 0.00, Workers: 4
[4923.536s][debug][gc,phases      ] GC(147)     Dead                           Min: 0, Avg:  0.0, Max: 0, Diff: 0, Sum: 0, Workers: 4
[4923.536s][debug][gc,phases      ] GC(147)     Total                          Min: 0, Avg:  0.0, Max: 0, Diff: 0, Sum: 0, Workers: 4
[4923.536s][debug][gc,phases      ] GC(147)   StringTable Weak               Min: 0.00, Avg: 0.10, Max: 0.14, Diff: 0.14, Sum: 0.41, Workers: 4
[4923.536s][debug][gc,phases      ] GC(147)     Dead                           Min: 0, Avg:  0.0, Max: 0, Diff: 0, Sum: 0, Workers: 4
[4923.536s][debug][gc,phases      ] GC(147)     Total                          Min: 0, Avg: 12554.2, Max: 20351, Diff: 20351, Sum: 50217, Workers: 4
[4923.536s][debug][gc,phases      ] GC(147)   ResolvedMethodTable Weak       Min: 0.00, Avg: 0.03, Max: 0.05, Diff: 0.05, Sum: 0.14, Workers: 4
[4923.536s][debug][gc,phases      ] GC(147)     Dead                           Min: 0, Avg:  5.0, Max: 18, Diff: 18, Sum: 20, Workers: 4
[4923.536s][debug][gc,phases      ] GC(147)     Total                          Min: 0, Avg: 4022.0, Max: 6616, Diff: 6616, Sum: 16088, Workers: 4
[4923.536s][debug][gc,phases      ] GC(147)   JNI Weak                       Min: 0.00, Avg: 0.00, Max: 0.00, Diff: 0.00, Sum: 0.00, Workers: 4
[4923.536s][debug][gc,phases      ] GC(147)     Dead                           Min: 0, Avg:  0.0, Max: 0, Diff: 0, Sum: 0, Workers: 4
[4923.536s][debug][gc,phases      ] GC(147)     Total                          Min: 0, Avg: 13.0, Max: 52, Diff: 52, Sum: 52, Workers: 4
[4923.536s][debug][gc,phases      ] GC(147)   StringDedup Table Weak         Min: 0.00, Avg: 0.00, Max: 0.00, Diff: 0.00, Sum: 0.00, Workers: 4
[4923.536s][debug][gc,phases      ] GC(147)     Dead                           Min: 0, Avg:  0.0, Max: 0, Diff: 0, Sum: 0, Workers: 4
[4923.536s][debug][gc,phases      ] GC(147)     Total                          Min: 0, Avg:  0.0, Max: 0, Diff: 0, Sum: 0, Workers: 4
[4923.536s][debug][gc,phases      ] GC(147)   StringDedup Requests0 Weak     Min: 0.00, Avg: 0.00, Max: 0.00, Diff: 0.00, Sum: 0.00, Workers: 4
[4923.536s][debug][gc,phases      ] GC(147)     Dead                           Min: 0, Avg:  0.0, Max: 0, Diff: 0, Sum: 0, Workers: 4
[4923.536s][debug][gc,phases      ] GC(147)     Total                          Min: 0, Avg:  0.0, Max: 0, Diff: 0, Sum: 0, Workers: 4
[4923.536s][debug][gc,phases      ] GC(147)   StringDedup Requests1 Weak     Min: 0.00, Avg: 0.00, Max: 0.00, Diff: 0.00, Sum: 0.00, Workers: 4
[4923.536s][debug][gc,phases      ] GC(147)     Dead                           Min: 0, Avg:  0.0, Max: 0, Diff: 0, Sum: 0, Workers: 4
[4923.536s][debug][gc,phases      ] GC(147)     Total                          Min: 0, Avg:  0.0, Max: 0, Diff: 0, Sum: 0, Workers: 4
[4923.536s][debug][gc,phases      ] GC(147)   Weak JFR Old Object Samples    Min: 0.00, Avg: 0.00, Max: 0.00, Diff: 0.00, Sum: 0.00, Workers: 4
[4923.536s][debug][gc,phases      ] GC(147)     Dead                           Min: 0, Avg:  0.0, Max: 0, Diff: 0, Sum: 0, Workers: 4
[4923.536s][debug][gc,phases      ] GC(147)     Total                          Min: 0, Avg:  0.0, Max: 0, Diff: 0, Sum: 0, Workers: 4
[4923.536s][debug][gc,phases      ] GC(147) Weak Processing 0.372ms
[4923.536s][debug][gc,age         ] GC(147) Desired survivor size 23592960 bytes, new threshold 1 (max threshold 15)
[4923.536s][info ][gc,heap        ] GC(147) PSYoungGen: 2051264K(2070528K)->3952K(2074112K) Eden: 2044928K(2044928K)->0K(2050048K) From: 6336K(25600K)->3952K(24064K)
[4923.536s][info ][gc,heap        ] GC(147) ParOldGen: 514702K(837120K)->517615K(837120K)
[4923.536s][info ][gc,metaspace   ] GC(147) Metaspace: 110192K(111360K)->110192K(111360K) NonClass: 94328K(94976K)->94328K(94976K) Class: 15863K(16384K)->15863K(16384K)
[4923.537s][info ][gc             ] GC(147) Pause Young (Allocation Failure) 2505M->509M(2843M) 5.263ms
[4923.537s][info ][gc,cpu         ] GC(147) User=0.02s Sys=0.01s Real=0.00s
[4923.537s][info ][safepoint      ] Safepoint "ParallelCollectForAllocation", Time since last: 52531661012 ns, Reaching safepoint: 23400 ns, At safepoint: 5335500 ns, Leaving safepoint: 3300 ns, Total: 5362200 ns, Threads: 0 runnable, 33 total
[4993.143s][info ][gc,start       ] GC(148) Pause Young (Allocation Failure)
[4993.147s][debug][gc,phases      ] GC(148) Scavenge 3.634ms
[4993.147s][debug][gc,ref         ] GC(148) ReferenceProcessor::execute queues: 1, RefProcThreadModel::Single, marks_oops_alive: false
[4993.147s][debug][gc,ref         ] GC(148) Skipped KeepAliveFinalRefsPhase of Reference Processing: no references
[4993.147s][debug][gc,ref         ] GC(148) Skipped PhantomRefsPhase of Reference Processing: no references
[4993.147s][debug][gc,phases      ] GC(148) Reference Processing 0.105ms
[4993.147s][debug][gc,phases      ] GC(148)   VM Weak                        Min: 0.00, Avg: 0.00, Max: 0.01, Diff: 0.01, Sum: 0.01, Workers: 4
[4993.147s][debug][gc,phases      ] GC(148)     Dead                           Min: 0, Avg:  0.0, Max: 0, Diff: 0, Sum: 0, Workers: 4
[4993.147s][debug][gc,phases      ] GC(148)     Total                          Min: 0, Avg: 212.5, Max: 448, Diff: 448, Sum: 850, Workers: 4
[4993.147s][debug][gc,phases      ] GC(148)   ObjectSynchronizer Weak        Min: 0.00, Avg: 0.00, Max: 0.00, Diff: 0.00, Sum: 0.00, Workers: 4
[4993.147s][debug][gc,phases      ] GC(148)     Dead                           Min: 0, Avg:  0.0, Max: 0, Diff: 0, Sum: 0, Workers: 4
[4993.147s][debug][gc,phases      ] GC(148)     Total                          Min: 0, Avg:  1.5, Max: 6, Diff: 6, Sum: 6, Workers: 4
[4993.147s][debug][gc,phases      ] GC(148)   JVMTI Tag Weak OopStorage      Min: 0.00, Avg: 0.00, Max: 0.00, Diff: 0.00, Sum: 0.00, Workers: 4
[4993.147s][debug][gc,phases      ] GC(148)     Dead                           Min: 0, Avg:  0.0, Max: 0, Diff: 0, Sum: 0, Workers: 4
[4993.147s][debug][gc,phases      ] GC(148)     Total                          Min: 0, Avg:  0.0, Max: 0, Diff: 0, Sum: 0, Workers: 4
[4993.147s][debug][gc,phases      ] GC(148)   StringTable Weak               Min: 0.00, Avg: 0.10, Max: 0.14, Diff: 0.14, Sum: 0.41, Workers: 4
[4993.147s][debug][gc,phases      ] GC(148)     Dead                           Min: 0, Avg:  0.0, Max: 0, Diff: 0, Sum: 0, Workers: 4
[4993.147s][debug][gc,phases      ] GC(148)     Total                          Min: 0, Avg: 12554.2, Max: 20842, Diff: 20842, Sum: 50217, Workers: 4
[4993.147s][debug][gc,phases      ] GC(148)   ResolvedMethodTable Weak       Min: 0.00, Avg: 0.03, Max: 0.04, Diff: 0.04, Sum: 0.13, Workers: 4
[4993.147s][debug][gc,phases      ] GC(148)     Dead                           Min: 0, Avg:  5.0, Max: 16, Diff: 16, Sum: 20, Workers: 4
[4993.147s][debug][gc,phases      ] GC(148)     Total                          Min: 0, Avg: 4022.0, Max: 6779, Diff: 6779, Sum: 16088, Workers: 4
[4993.147s][debug][gc,phases      ] GC(148)   JNI Weak                       Min: 0.00, Avg: 0.00, Max: 0.00, Diff: 0.00, Sum: 0.00, Workers: 4
[4993.147s][debug][gc,phases      ] GC(148)     Dead                           Min: 0, Avg:  0.0, Max: 0, Diff: 0, Sum: 0, Workers: 4
[4993.147s][debug][gc,phases      ] GC(148)     Total                          Min: 0, Avg: 13.0, Max: 52, Diff: 52, Sum: 52, Workers: 4
[4993.147s][debug][gc,phases      ] GC(148)   StringDedup Table Weak         Min: 0.00, Avg: 0.00, Max: 0.00, Diff: 0.00, Sum: 0.00, Workers: 4
[4993.147s][debug][gc,phases      ] GC(148)     Dead                           Min: 0, Avg:  0.0, Max: 0, Diff: 0, Sum: 0, Workers: 4
[4993.147s][debug][gc,phases      ] GC(148)     Total                          Min: 0, Avg:  0.0, Max: 0, Diff: 0, Sum: 0, Workers: 4
[4993.147s][debug][gc,phases      ] GC(148)   StringDedup Requests0 Weak     Min: 0.00, Avg: 0.00, Max: 0.00, Diff: 0.00, Sum: 0.00, Workers: 4
[4993.147s][debug][gc,phases      ] GC(148)     Dead                           Min: 0, Avg:  0.0, Max: 0, Diff: 0, Sum: 0, Workers: 4
[4993.147s][debug][gc,phases      ] GC(148)     Total                          Min: 0, Avg:  0.0, Max: 0, Diff: 0, Sum: 0, Workers: 4
[4993.147s][debug][gc,phases      ] GC(148)   StringDedup Requests1 Weak     Min: 0.00, Avg: 0.00, Max: 0.00, Diff: 0.00, Sum: 0.00, Workers: 4
[4993.147s][debug][gc,phases      ] GC(148)     Dead                           Min: 0, Avg:  0.0, Max: 0, Diff: 0, Sum: 0, Workers: 4
[4993.147s][debug][gc,phases      ] GC(148)     Total                          Min: 0, Avg:  0.0, Max: 0, Diff: 0, Sum: 0, Workers: 4
[4993.147s][debug][gc,phases      ] GC(148)   Weak JFR Old Object Samples    Min: 0.00, Avg: 0.00, Max: 0.00, Diff: 0.00, Sum: 0.00, Workers: 4
[4993.147s][debug][gc,phases      ] GC(148)     Dead                           Min: 0, Avg:  0.0, Max: 0, Diff: 0, Sum: 0, Workers: 4
[4993.147s][debug][gc,phases      ] GC(148)     Total                          Min: 0, Avg:  0.0, Max: 0, Diff: 0, Sum: 0, Workers: 4
[4993.147s][debug][gc,phases      ] GC(148) Weak Processing 0.425ms
[4993.147s][debug][gc,age         ] GC(148) Desired survivor size 22544384 bytes, new threshold 1 (max threshold 15)
[4993.147s][info ][gc,heap        ] GC(148) PSYoungGen: 2054000K(2074112K)->3968K(2073088K) Eden: 2050048K(2050048K)->0K(2050048K) From: 3952K(24064K)->3968K(23040K)
[4993.147s][info ][gc,heap        ] GC(148) ParOldGen: 517615K(837120K)->518375K(837120K)
[4993.147s][info ][gc,metaspace   ] GC(148) Metaspace: 110193K(111360K)->110193K(111360K) NonClass: 94329K(94976K)->94329K(94976K) Class: 15863K(16384K)->15863K(16384K)
[4993.147s][info ][gc             ] GC(148) Pause Young (Allocation Failure) 2511M->510M(2842M) 4.284ms
[4993.147s][info ][gc,cpu         ] GC(148) User=0.02s Sys=0.00s Real=0.00s
[4993.147s][info ][safepoint      ] Safepoint "ParallelCollectForAllocation", Time since last: 69606211255 ns, Reaching safepoint: 105100 ns, At safepoint: 4346799 ns, Leaving safepoint: 8400 ns, Total: 4460299 ns, Threads: 1 runnable, 33 total
[5064.562s][info ][gc,start       ] GC(149) Pause Young (Allocation Failure)
[5064.569s][debug][gc,phases      ] GC(149) Scavenge 6.909ms
[5064.569s][debug][gc,ref         ] GC(149) ReferenceProcessor::execute queues: 1, RefProcThreadModel::Single, marks_oops_alive: false
[5064.569s][debug][gc,ref         ] GC(149) Skipped KeepAliveFinalRefsPhase of Reference Processing: no references
[5064.569s][debug][gc,ref         ] GC(149) Skipped PhantomRefsPhase of Reference Processing: no references
[5064.569s][debug][gc,phases      ] GC(149) Reference Processing 0.109ms
[5064.569s][debug][gc,phases      ] GC(149)   VM Weak                        Min: 0.00, Avg: 0.00, Max: 0.01, Diff: 0.01, Sum: 0.01, Workers: 4
[5064.569s][debug][gc,phases      ] GC(149)     Dead                           Min: 0, Avg:  0.0, Max: 0, Diff: 0, Sum: 0, Workers: 4
[5064.569s][debug][gc,phases      ] GC(149)     Total                          Min: 0, Avg: 212.5, Max: 640, Diff: 640, Sum: 850, Workers: 4
[5064.569s][debug][gc,phases      ] GC(149)   ObjectSynchronizer Weak        Min: 0.00, Avg: 0.00, Max: 0.00, Diff: 0.00, Sum: 0.00, Workers: 4
[5064.569s][debug][gc,phases      ] GC(149)     Dead                           Min: 0, Avg:  0.0, Max: 0, Diff: 0, Sum: 0, Workers: 4
[5064.569s][debug][gc,phases      ] GC(149)     Total                          Min: 0, Avg:  1.5, Max: 6, Diff: 6, Sum: 6, Workers: 4
[5064.569s][debug][gc,phases      ] GC(149)   JVMTI Tag Weak OopStorage      Min: 0.00, Avg: 0.00, Max: 0.00, Diff: 0.00, Sum: 0.00, Workers: 4
[5064.569s][debug][gc,phases      ] GC(149)     Dead                           Min: 0, Avg:  0.0, Max: 0, Diff: 0, Sum: 0, Workers: 4
[5064.569s][debug][gc,phases      ] GC(149)     Total                          Min: 0, Avg:  0.0, Max: 0, Diff: 0, Sum: 0, Workers: 4
[5064.569s][debug][gc,phases      ] GC(149)   StringTable Weak               Min: 0.10, Avg: 0.12, Max: 0.12, Diff: 0.02, Sum: 0.47, Workers: 4
[5064.569s][debug][gc,phases      ] GC(149)     Dead                           Min: 0, Avg:  0.0, Max: 0, Diff: 0, Sum: 0, Workers: 4
[5064.569s][debug][gc,phases      ] GC(149)     Total                          Min: 10432, Avg: 12555.0, Max: 13887, Diff: 3455, Sum: 50220, Workers: 4
[5064.569s][debug][gc,phases      ] GC(149)   ResolvedMethodTable Weak       Min: 0.04, Avg: 0.04, Max: 0.04, Diff: 0.00, Sum: 0.15, Workers: 4
[5064.569s][debug][gc,phases      ] GC(149)     Dead                           Min: 0, Avg:  5.0, Max: 12, Diff: 12, Sum: 20, Workers: 4
[5064.569s][debug][gc,phases      ] GC(149)     Total                          Min: 3831, Avg: 4022.0, Max: 4387, Diff: 556, Sum: 16088, Workers: 4
[5064.569s][debug][gc,phases      ] GC(149)   JNI Weak                       Min: 0.00, Avg: 0.00, Max: 0.00, Diff: 0.00, Sum: 0.00, Workers: 4
[5064.569s][debug][gc,phases      ] GC(149)     Dead                           Min: 0, Avg:  0.0, Max: 0, Diff: 0, Sum: 0, Workers: 4
[5064.569s][debug][gc,phases      ] GC(149)     Total                          Min: 0, Avg: 13.0, Max: 52, Diff: 52, Sum: 52, Workers: 4
[5064.569s][debug][gc,phases      ] GC(149)   StringDedup Table Weak         Min: 0.00, Avg: 0.00, Max: 0.00, Diff: 0.00, Sum: 0.00, Workers: 4
[5064.569s][debug][gc,phases      ] GC(149)     Dead                           Min: 0, Avg:  0.0, Max: 0, Diff: 0, Sum: 0, Workers: 4
[5064.569s][debug][gc,phases      ] GC(149)     Total                          Min: 0, Avg:  0.0, Max: 0, Diff: 0, Sum: 0, Workers: 4
[5064.569s][debug][gc,phases      ] GC(149)   StringDedup Requests0 Weak     Min: 0.00, Avg: 0.00, Max: 0.00, Diff: 0.00, Sum: 0.00, Workers: 4
[5064.569s][debug][gc,phases      ] GC(149)     Dead                           Min: 0, Avg:  0.0, Max: 0, Diff: 0, Sum: 0, Workers: 4
[5064.569s][debug][gc,phases      ] GC(149)     Total                          Min: 0, Avg:  0.0, Max: 0, Diff: 0, Sum: 0, Workers: 4
[5064.569s][debug][gc,phases      ] GC(149)   StringDedup Requests1 Weak     Min: 0.00, Avg: 0.00, Max: 0.00, Diff: 0.00, Sum: 0.00, Workers: 4
[5064.569s][debug][gc,phases      ] GC(149)     Dead                           Min: 0, Avg:  0.0, Max: 0, Diff: 0, Sum: 0, Workers: 4
[5064.569s][debug][gc,phases      ] GC(149)     Total                          Min: 0, Avg:  0.0, Max: 0, Diff: 0, Sum: 0, Workers: 4
[5064.569s][debug][gc,phases      ] GC(149)   Weak JFR Old Object Samples    Min: 0.00, Avg: 0.00, Max: 0.00, Diff: 0.00, Sum: 0.00, Workers: 4
[5064.569s][debug][gc,phases      ] GC(149)     Dead                           Min: 0, Avg:  0.0, Max: 0, Diff: 0, Sum: 0, Workers: 4
[5064.569s][debug][gc,phases      ] GC(149)     Total                          Min: 0, Avg:  0.0, Max: 0, Diff: 0, Sum: 0, Workers: 4
[5064.569s][debug][gc,phases      ] GC(149) Weak Processing 0.369ms
[5064.569s][debug][gc,age         ] GC(149) Desired survivor size 21495808 bytes, new threshold 1 (max threshold 15)
[5064.569s][info ][gc,heap        ] GC(149) PSYoungGen: 2054016K(2073088K)->9072K(2076160K) Eden: 2050048K(2050048K)->0K(2054144K) From: 3968K(23040K)->9072K(22016K)
[5064.569s][info ][gc,heap        ] GC(149) ParOldGen: 518375K(837120K)->518827K(837120K)
[5064.569s][info ][gc,metaspace   ] GC(149) Metaspace: 110200K(111360K)->110200K(111360K) NonClass: 94336K(94976K)->94336K(94976K) Class: 15863K(16384K)->15863K(16384K)
[5064.569s][info ][gc             ] GC(149) Pause Young (Allocation Failure) 2512M->515M(2845M) 7.537ms
[5064.569s][info ][gc,cpu         ] GC(149) User=0.02s Sys=0.00s Real=0.01s
[5064.569s][info ][safepoint      ] Safepoint "ParallelCollectForAllocation", Time since last: 71414579942 ns, Reaching safepoint: 9200 ns, At safepoint: 7613899 ns, Leaving safepoint: 14400 ns, Total: 7637499 ns, Threads: 0 runnable, 34 total
[5076.525s][info ][gc,start       ] GC(150) Pause Young (Allocation Failure)
[5076.542s][debug][gc,phases      ] GC(150) Scavenge 17.608ms
[5076.543s][debug][gc,ref         ] GC(150) ReferenceProcessor::execute queues: 1, RefProcThreadModel::Single, marks_oops_alive: false
[5076.543s][debug][gc,ref         ] GC(150) Skipped KeepAliveFinalRefsPhase of Reference Processing: no references
[5076.543s][debug][gc,ref         ] GC(150) Skipped PhantomRefsPhase of Reference Processing: no references
[5076.543s][debug][gc,phases      ] GC(150) Reference Processing 0.110ms
[5076.543s][debug][gc,phases      ] GC(150)   VM Weak                        Min: 0.00, Avg: 0.00, Max: 0.01, Diff: 0.01, Sum: 0.01, Workers: 4
[5076.543s][debug][gc,phases      ] GC(150)     Dead                           Min: 0, Avg:  0.0, Max: 0, Diff: 0, Sum: 0, Workers: 4
[5076.543s][debug][gc,phases      ] GC(150)     Total                          Min: 0, Avg: 212.5, Max: 850, Diff: 850, Sum: 850, Workers: 4
[5076.543s][debug][gc,phases      ] GC(150)   ObjectSynchronizer Weak        Min: 0.00, Avg: 0.00, Max: 0.00, Diff: 0.00, Sum: 0.00, Workers: 4
[5076.543s][debug][gc,phases      ] GC(150)     Dead                           Min: 0, Avg:  0.0, Max: 0, Diff: 0, Sum: 0, Workers: 4
[5076.543s][debug][gc,phases      ] GC(150)     Total                          Min: 0, Avg:  1.5, Max: 6, Diff: 6, Sum: 6, Workers: 4
[5076.543s][debug][gc,phases      ] GC(150)   JVMTI Tag Weak OopStorage      Min: 0.00, Avg: 0.00, Max: 0.00, Diff: 0.00, Sum: 0.00, Workers: 4
[5076.543s][debug][gc,phases      ] GC(150)     Dead                           Min: 0, Avg:  0.0, Max: 0, Diff: 0, Sum: 0, Workers: 4
[5076.543s][debug][gc,phases      ] GC(150)     Total                          Min: 0, Avg:  0.0, Max: 0, Diff: 0, Sum: 0, Workers: 4
[5076.543s][debug][gc,phases      ] GC(150)   StringTable Weak               Min: 0.00, Avg: 0.10, Max: 0.14, Diff: 0.14, Sum: 0.41, Workers: 4
[5076.543s][debug][gc,phases      ] GC(150)     Dead                           Min: 0, Avg:  0.0, Max: 0, Diff: 0, Sum: 0, Workers: 4
[5076.543s][debug][gc,phases      ] GC(150)     Total                          Min: 0, Avg: 12555.0, Max: 20223, Diff: 20223, Sum: 50220, Workers: 4
[5076.543s][debug][gc,phases      ] GC(150)   ResolvedMethodTable Weak       Min: 0.00, Avg: 0.03, Max: 0.05, Diff: 0.05, Sum: 0.14, Workers: 4
[5076.543s][debug][gc,phases      ] GC(150)     Dead                           Min: 0, Avg:  5.0, Max: 11, Diff: 11, Sum: 20, Workers: 4
[5076.543s][debug][gc,phases      ] GC(150)     Total                          Min: 0, Avg: 4022.0, Max: 6590, Diff: 6590, Sum: 16088, Workers: 4
[5076.543s][debug][gc,phases      ] GC(150)   JNI Weak                       Min: 0.00, Avg: 0.00, Max: 0.00, Diff: 0.00, Sum: 0.00, Workers: 4
[5076.543s][debug][gc,phases      ] GC(150)     Dead                           Min: 0, Avg:  0.0, Max: 0, Diff: 0, Sum: 0, Workers: 4
[5076.543s][debug][gc,phases      ] GC(150)     Total                          Min: 0, Avg: 13.0, Max: 52, Diff: 52, Sum: 52, Workers: 4
[5076.543s][debug][gc,phases      ] GC(150)   StringDedup Table Weak         Min: 0.00, Avg: 0.00, Max: 0.00, Diff: 0.00, Sum: 0.00, Workers: 4
[5076.543s][debug][gc,phases      ] GC(150)     Dead                           Min: 0, Avg:  0.0, Max: 0, Diff: 0, Sum: 0, Workers: 4
[5076.543s][debug][gc,phases      ] GC(150)     Total                          Min: 0, Avg:  0.0, Max: 0, Diff: 0, Sum: 0, Workers: 4
[5076.543s][debug][gc,phases      ] GC(150)   StringDedup Requests0 Weak     Min: 0.00, Avg: 0.00, Max: 0.00, Diff: 0.00, Sum: 0.00, Workers: 4
[5076.543s][debug][gc,phases      ] GC(150)     Dead                           Min: 0, Avg:  0.0, Max: 0, Diff: 0, Sum: 0, Workers: 4
[5076.543s][debug][gc,phases      ] GC(150)     Total                          Min: 0, Avg:  0.0, Max: 0, Diff: 0, Sum: 0, Workers: 4
[5076.543s][debug][gc,phases      ] GC(150)   StringDedup Requests1 Weak     Min: 0.00, Avg: 0.00, Max: 0.00, Diff: 0.00, Sum: 0.00, Workers: 4
[5076.543s][debug][gc,phases      ] GC(150)     Dead                           Min: 0, Avg:  0.0, Max: 0, Diff: 0, Sum: 0, Workers: 4
[5076.543s][debug][gc,phases      ] GC(150)     Total                          Min: 0, Avg:  0.0, Max: 0, Diff: 0, Sum: 0, Workers: 4
[5076.543s][debug][gc,phases      ] GC(150)   Weak JFR Old Object Samples    Min: 0.00, Avg: 0.00, Max: 0.00, Diff: 0.00, Sum: 0.00, Workers: 4
[5076.543s][debug][gc,phases      ] GC(150)     Dead                           Min: 0, Avg:  0.0, Max: 0, Diff: 0, Sum: 0, Workers: 4
[5076.543s][debug][gc,phases      ] GC(150)     Total                          Min: 0, Avg:  0.0, Max: 0, Diff: 0, Sum: 0, Workers: 4
[5076.543s][debug][gc,phases      ] GC(150) Weak Processing 0.365ms
[5076.543s][debug][gc,age         ] GC(150) Desired survivor size 34603008 bytes, new threshold 1 (max threshold 15)
[5076.543s][info ][gc,heap        ] GC(150) PSYoungGen: 2063216K(2076160K)->20976K(2075136K) Eden: 2054144K(2054144K)->0K(2054144K) From: 9072K(22016K)->20976K(20992K)
[5076.543s][info ][gc,heap        ] GC(150) ParOldGen: 518827K(837120K)->543041K(837120K)
[5076.543s][info ][gc,metaspace   ] GC(150) Metaspace: 110204K(111360K)->110204K(111360K) NonClass: 94340K(94976K)->94340K(94976K) Class: 15863K(16384K)->15863K(16384K)
[5076.543s][info ][gc             ] GC(150) Pause Young (Allocation Failure) 2521M->550M(2844M) 18.235ms
[5076.543s][info ][gc,cpu         ] GC(150) User=0.07s Sys=0.00s Real=0.02s
[5076.543s][info ][safepoint      ] Safepoint "ParallelCollectForAllocation", Time since last: 11955142105 ns, Reaching safepoint: 158800 ns, At safepoint: 18305297 ns, Leaving safepoint: 17800 ns, Total: 18481897 ns, Threads: 1 runnable, 37 total
[5087.245s][info ][gc,start       ] GC(151) Pause Young (Allocation Failure)
[5087.260s][debug][gc,phases      ] GC(151) Scavenge 14.958ms
[5087.260s][debug][gc,ref         ] GC(151) ReferenceProcessor::execute queues: 1, RefProcThreadModel::Single, marks_oops_alive: false
[5087.261s][debug][gc,ref         ] GC(151) Skipped KeepAliveFinalRefsPhase of Reference Processing: no references
[5087.261s][debug][gc,ref         ] GC(151) Skipped PhantomRefsPhase of Reference Processing: no references
[5087.261s][debug][gc,phases      ] GC(151) Reference Processing 0.112ms
[5087.261s][debug][gc,phases      ] GC(151)   VM Weak                        Min: 0.00, Avg: 0.00, Max: 0.01, Diff: 0.01, Sum: 0.01, Workers: 4
[5087.261s][debug][gc,phases      ] GC(151)     Dead                           Min: 0, Avg:  0.0, Max: 0, Diff: 0, Sum: 0, Workers: 4
[5087.261s][debug][gc,phases      ] GC(151)     Total                          Min: 0, Avg: 212.5, Max: 466, Diff: 466, Sum: 850, Workers: 4
[5087.261s][debug][gc,phases      ] GC(151)   ObjectSynchronizer Weak        Min: 0.00, Avg: 0.00, Max: 0.00, Diff: 0.00, Sum: 0.00, Workers: 4
[5087.261s][debug][gc,phases      ] GC(151)     Dead                           Min: 0, Avg:  0.0, Max: 0, Diff: 0, Sum: 0, Workers: 4
[5087.261s][debug][gc,phases      ] GC(151)     Total                          Min: 0, Avg:  1.5, Max: 6, Diff: 6, Sum: 6, Workers: 4
[5087.261s][debug][gc,phases      ] GC(151)   JVMTI Tag Weak OopStorage      Min: 0.00, Avg: 0.00, Max: 0.00, Diff: 0.00, Sum: 0.00, Workers: 4
[5087.261s][debug][gc,phases      ] GC(151)     Dead                           Min: 0, Avg:  0.0, Max: 0, Diff: 0, Sum: 0, Workers: 4
[5087.261s][debug][gc,phases      ] GC(151)     Total                          Min: 0, Avg:  0.0, Max: 0, Diff: 0, Sum: 0, Workers: 4
[5087.261s][debug][gc,phases      ] GC(151)   StringTable Weak               Min: 0.00, Avg: 0.11, Max: 0.15, Diff: 0.15, Sum: 0.45, Workers: 4
[5087.261s][debug][gc,phases      ] GC(151)     Dead                           Min: 0, Avg:  0.0, Max: 0, Diff: 0, Sum: 0, Workers: 4
[5087.261s][debug][gc,phases      ] GC(151)     Total                          Min: 0, Avg: 12555.0, Max: 21229, Diff: 21229, Sum: 50220, Workers: 4
[5087.261s][debug][gc,phases      ] GC(151)   ResolvedMethodTable Weak       Min: 0.00, Avg: 0.03, Max: 0.05, Diff: 0.05, Sum: 0.14, Workers: 4
[5087.261s][debug][gc,phases      ] GC(151)     Dead                           Min: 0, Avg:  0.0, Max: 0, Diff: 0, Sum: 0, Workers: 4
[5087.261s][debug][gc,phases      ] GC(151)     Total                          Min: 0, Avg: 4022.0, Max: 6871, Diff: 6871, Sum: 16088, Workers: 4
[5087.261s][debug][gc,phases      ] GC(151)   JNI Weak                       Min: 0.00, Avg: 0.00, Max: 0.00, Diff: 0.00, Sum: 0.00, Workers: 4
[5087.261s][debug][gc,phases      ] GC(151)     Dead                           Min: 0, Avg:  0.0, Max: 0, Diff: 0, Sum: 0, Workers: 4
[5087.261s][debug][gc,phases      ] GC(151)     Total                          Min: 0, Avg: 13.0, Max: 52, Diff: 52, Sum: 52, Workers: 4
[5087.261s][debug][gc,phases      ] GC(151)   StringDedup Table Weak         Min: 0.00, Avg: 0.00, Max: 0.00, Diff: 0.00, Sum: 0.00, Workers: 4
[5087.261s][debug][gc,phases      ] GC(151)     Dead                           Min: 0, Avg:  0.0, Max: 0, Diff: 0, Sum: 0, Workers: 4
[5087.261s][debug][gc,phases      ] GC(151)     Total                          Min: 0, Avg:  0.0, Max: 0, Diff: 0, Sum: 0, Workers: 4
[5087.261s][debug][gc,phases      ] GC(151)   StringDedup Requests0 Weak     Min: 0.00, Avg: 0.00, Max: 0.00, Diff: 0.00, Sum: 0.00, Workers: 4
[5087.261s][debug][gc,phases      ] GC(151)     Dead                           Min: 0, Avg:  0.0, Max: 0, Diff: 0, Sum: 0, Workers: 4
[5087.261s][debug][gc,phases      ] GC(151)     Total                          Min: 0, Avg:  0.0, Max: 0, Diff: 0, Sum: 0, Workers: 4
[5087.261s][debug][gc,phases      ] GC(151)   StringDedup Requests1 Weak     Min: 0.00, Avg: 0.00, Max: 0.00, Diff: 0.00, Sum: 0.00, Workers: 4
[5087.261s][debug][gc,phases      ] GC(151)     Dead                           Min: 0, Avg:  0.0, Max: 0, Diff: 0, Sum: 0, Workers: 4
[5087.261s][debug][gc,phases      ] GC(151)     Total                          Min: 0, Avg:  0.0, Max: 0, Diff: 0, Sum: 0, Workers: 4
[5087.261s][debug][gc,phases      ] GC(151)   Weak JFR Old Object Samples    Min: 0.00, Avg: 0.00, Max: 0.00, Diff: 0.00, Sum: 0.00, Workers: 4
[5087.261s][debug][gc,phases      ] GC(151)     Dead                           Min: 0, Avg:  0.0, Max: 0, Diff: 0, Sum: 0, Workers: 4
[5087.261s][debug][gc,phases      ] GC(151)     Total                          Min: 0, Avg:  0.0, Max: 0, Diff: 0, Sum: 0, Workers: 4
[5087.261s][debug][gc,phases      ] GC(151) Weak Processing 0.379ms
[5087.261s][debug][gc,age         ] GC(151) Desired survivor size 46137344 bytes, new threshold 1 (max threshold 15)
[5087.261s][info ][gc,heap        ] GC(151) PSYoungGen: 2075120K(2075136K)->21984K(2029056K) Eden: 2054144K(2054144K)->0K(2007040K) From: 20976K(20992K)->21984K(22016K)
[5087.261s][info ][gc,heap        ] GC(151) ParOldGen: 543041K(837120K)->567681K(837120K)
[5087.261s][info ][gc,metaspace   ] GC(151) Metaspace: 110209K(111424K)->110209K(111424K) NonClass: 94345K(95040K)->94345K(95040K) Class: 15863K(16384K)->15863K(16384K)
[5087.261s][info ][gc             ] GC(151) Pause Young (Allocation Failure) 2556M->575M(2799M) 15.584ms
[5087.261s][info ][gc,cpu         ] GC(151) User=0.06s Sys=0.00s Real=0.02s
[5087.261s][info ][safepoint      ] Safepoint "ParallelCollectForAllocation", Time since last: 10702175520 ns, Reaching safepoint: 89000 ns, At safepoint: 15672498 ns, Leaving safepoint: 8200 ns, Total: 15769698 ns, Threads: 1 runnable, 37 total
[5105.562s][info ][gc,start       ] GC(152) Pause Young (Allocation Failure)
[5105.571s][debug][gc,phases      ] GC(152) Scavenge 8.756ms
[5105.571s][debug][gc,ref         ] GC(152) ReferenceProcessor::execute queues: 1, RefProcThreadModel::Single, marks_oops_alive: false
[5105.571s][debug][gc,ref         ] GC(152) Skipped KeepAliveFinalRefsPhase of Reference Processing: no references
[5105.571s][debug][gc,ref         ] GC(152) Skipped PhantomRefsPhase of Reference Processing: no references
[5105.571s][debug][gc,phases      ] GC(152) Reference Processing 0.133ms
[5105.571s][debug][gc,phases      ] GC(152)   VM Weak                        Min: 0.00, Avg: 0.00, Max: 0.01, Diff: 0.01, Sum: 0.01, Workers: 4
[5105.571s][debug][gc,phases      ] GC(152)     Dead                           Min: 0, Avg:  0.0, Max: 0, Diff: 0, Sum: 0, Workers: 4
[5105.571s][debug][gc,phases      ] GC(152)     Total                          Min: 0, Avg: 212.5, Max: 512, Diff: 512, Sum: 850, Workers: 4
[5105.571s][debug][gc,phases      ] GC(152)   ObjectSynchronizer Weak        Min: 0.00, Avg: 0.00, Max: 0.00, Diff: 0.00, Sum: 0.00, Workers: 4
[5105.571s][debug][gc,phases      ] GC(152)     Dead                           Min: 0, Avg:  0.0, Max: 0, Diff: 0, Sum: 0, Workers: 4
[5105.571s][debug][gc,phases      ] GC(152)     Total                          Min: 0, Avg:  1.5, Max: 6, Diff: 6, Sum: 6, Workers: 4
[5105.571s][debug][gc,phases      ] GC(152)   JVMTI Tag Weak OopStorage      Min: 0.00, Avg: 0.00, Max: 0.00, Diff: 0.00, Sum: 0.00, Workers: 4
[5105.571s][debug][gc,phases      ] GC(152)     Dead                           Min: 0, Avg:  0.0, Max: 0, Diff: 0, Sum: 0, Workers: 4
[5105.571s][debug][gc,phases      ] GC(152)     Total                          Min: 0, Avg:  0.0, Max: 0, Diff: 0, Sum: 0, Workers: 4
[5105.571s][debug][gc,phases      ] GC(152)   StringTable Weak               Min: 0.00, Avg: 0.10, Max: 0.14, Diff: 0.14, Sum: 0.42, Workers: 4
[5105.571s][debug][gc,phases      ] GC(152)     Dead                           Min: 0, Avg:  0.0, Max: 0, Diff: 0, Sum: 0, Workers: 4
[5105.571s][debug][gc,phases      ] GC(152)     Total                          Min: 0, Avg: 12555.0, Max: 21229, Diff: 21229, Sum: 50220, Workers: 4
[5105.571s][debug][gc,phases      ] GC(152)   ResolvedMethodTable Weak       Min: 0.00, Avg: 0.04, Max: 0.05, Diff: 0.05, Sum: 0.14, Workers: 4
[5105.571s][debug][gc,phases      ] GC(152)     Dead                           Min: 0, Avg:  5.0, Max: 9, Diff: 9, Sum: 20, Workers: 4
[5105.571s][debug][gc,phases      ] GC(152)     Total                          Min: 0, Avg: 4022.0, Max: 6668, Diff: 6668, Sum: 16088, Workers: 4
[5105.571s][debug][gc,phases      ] GC(152)   JNI Weak                       Min: 0.00, Avg: 0.00, Max: 0.00, Diff: 0.00, Sum: 0.00, Workers: 4
[5105.571s][debug][gc,phases      ] GC(152)     Dead                           Min: 0, Avg:  0.0, Max: 0, Diff: 0, Sum: 0, Workers: 4
[5105.571s][debug][gc,phases      ] GC(152)     Total                          Min: 0, Avg: 13.0, Max: 52, Diff: 52, Sum: 52, Workers: 4
[5105.571s][debug][gc,phases      ] GC(152)   StringDedup Table Weak         Min: 0.00, Avg: 0.00, Max: 0.00, Diff: 0.00, Sum: 0.00, Workers: 4
[5105.571s][debug][gc,phases      ] GC(152)     Dead                           Min: 0, Avg:  0.0, Max: 0, Diff: 0, Sum: 0, Workers: 4
[5105.571s][debug][gc,phases      ] GC(152)     Total                          Min: 0, Avg:  0.0, Max: 0, Diff: 0, Sum: 0, Workers: 4
[5105.571s][debug][gc,phases      ] GC(152)   StringDedup Requests0 Weak     Min: 0.00, Avg: 0.00, Max: 0.00, Diff: 0.00, Sum: 0.00, Workers: 4
[5105.571s][debug][gc,phases      ] GC(152)     Dead                           Min: 0, Avg:  0.0, Max: 0, Diff: 0, Sum: 0, Workers: 4
[5105.571s][debug][gc,phases      ] GC(152)     Total                          Min: 0, Avg:  0.0, Max: 0, Diff: 0, Sum: 0, Workers: 4
[5105.571s][debug][gc,phases      ] GC(152)   StringDedup Requests1 Weak     Min: 0.00, Avg: 0.00, Max: 0.00, Diff: 0.00, Sum: 0.00, Workers: 4
[5105.571s][debug][gc,phases      ] GC(152)     Dead                           Min: 0, Avg:  0.0, Max: 0, Diff: 0, Sum: 0, Workers: 4
[5105.571s][debug][gc,phases      ] GC(152)     Total                          Min: 0, Avg:  0.0, Max: 0, Diff: 0, Sum: 0, Workers: 4
[5105.571s][debug][gc,phases      ] GC(152)   Weak JFR Old Object Samples    Min: 0.00, Avg: 0.00, Max: 0.00, Diff: 0.00, Sum: 0.00, Workers: 4
[5105.571s][debug][gc,phases      ] GC(152)     Dead                           Min: 0, Avg:  0.0, Max: 0, Diff: 0, Sum: 0, Workers: 4
[5105.571s][debug][gc,phases      ] GC(152)     Total                          Min: 0, Avg:  0.0, Max: 0, Diff: 0, Sum: 0, Workers: 4
[5105.571s][debug][gc,phases      ] GC(152) Weak Processing 0.382ms
[5105.571s][debug][gc,age         ] GC(152) Desired survivor size 44040192 bytes, new threshold 1 (max threshold 15)
[5105.571s][info ][gc,heap        ] GC(152) PSYoungGen: 2029024K(2029056K)->6619K(2052096K) Eden: 2007040K(2007040K)->0K(2007040K) From: 21984K(22016K)->6619K(45056K)
[5105.571s][info ][gc,heap        ] GC(152) ParOldGen: 567681K(837120K)->588926K(837120K)
[5105.571s][info ][gc,metaspace   ] GC(152) Metaspace: 110213K(111424K)->110213K(111424K) NonClass: 94349K(95040K)->94349K(95040K) Class: 15863K(16384K)->15863K(16384K)
[5105.571s][info ][gc             ] GC(152) Pause Young (Allocation Failure) 2535M->581M(2821M) 9.405ms
[5105.572s][info ][gc,cpu         ] GC(152) User=0.04s Sys=0.00s Real=0.01s
[5105.572s][info ][safepoint      ] Safepoint "ParallelCollectForAllocation", Time since last: 18301014653 ns, Reaching safepoint: 29600 ns, At safepoint: 9473300 ns, Leaving safepoint: 12400 ns, Total: 9515300 ns, Threads: 0 runnable, 37 total
[5124.445s][info ][gc,start       ] GC(153) Pause Young (Allocation Failure)
[5124.450s][debug][gc,phases      ] GC(153) Scavenge 5.608ms
[5124.450s][debug][gc,ref         ] GC(153) ReferenceProcessor::execute queues: 1, RefProcThreadModel::Single, marks_oops_alive: false
[5124.450s][debug][gc,ref         ] GC(153) Skipped KeepAliveFinalRefsPhase of Reference Processing: no references
[5124.450s][debug][gc,ref         ] GC(153) Skipped PhantomRefsPhase of Reference Processing: no references
[5124.450s][debug][gc,phases      ] GC(153) Reference Processing 0.096ms
[5124.451s][debug][gc,phases      ] GC(153)   VM Weak                        Min: 0.00, Avg: 0.00, Max: 0.01, Diff: 0.00, Sum: 0.01, Workers: 4
[5124.451s][debug][gc,phases      ] GC(153)     Dead                           Min: 0, Avg:  0.0, Max: 0, Diff: 0, Sum: 0, Workers: 4
[5124.451s][debug][gc,phases      ] GC(153)     Total                          Min: 0, Avg: 212.5, Max: 448, Diff: 448, Sum: 850, Workers: 4
[5124.451s][debug][gc,phases      ] GC(153)   ObjectSynchronizer Weak        Min: 0.00, Avg: 0.00, Max: 0.00, Diff: 0.00, Sum: 0.00, Workers: 4
[5124.451s][debug][gc,phases      ] GC(153)     Dead                           Min: 0, Avg:  0.0, Max: 0, Diff: 0, Sum: 0, Workers: 4
[5124.451s][debug][gc,phases      ] GC(153)     Total                          Min: 0, Avg:  1.5, Max: 6, Diff: 6, Sum: 6, Workers: 4
[5124.451s][debug][gc,phases      ] GC(153)   JVMTI Tag Weak OopStorage      Min: 0.00, Avg: 0.00, Max: 0.00, Diff: 0.00, Sum: 0.00, Workers: 4
[5124.451s][debug][gc,phases      ] GC(153)     Dead                           Min: 0, Avg:  0.0, Max: 0, Diff: 0, Sum: 0, Workers: 4
[5124.451s][debug][gc,phases      ] GC(153)     Total                          Min: 0, Avg:  0.0, Max: 0, Diff: 0, Sum: 0, Workers: 4
[5124.451s][debug][gc,phases      ] GC(153)   StringTable Weak               Min: 0.12, Avg: 0.12, Max: 0.13, Diff: 0.00, Sum: 0.50, Workers: 4
[5124.451s][debug][gc,phases      ] GC(153)     Dead                           Min: 0, Avg:  0.0, Max: 0, Diff: 0, Sum: 0, Workers: 4
[5124.451s][debug][gc,phases      ] GC(153)     Total                          Min: 12463, Avg: 12555.2, Max: 12735, Diff: 272, Sum: 50221, Workers: 4
[5124.451s][debug][gc,phases      ] GC(153)   ResolvedMethodTable Weak       Min: 0.04, Avg: 0.04, Max: 0.04, Diff: 0.00, Sum: 0.16, Workers: 4
[5124.451s][debug][gc,phases      ] GC(153)     Dead                           Min: 0, Avg:  5.0, Max: 9, Diff: 9, Sum: 20, Workers: 4
[5124.451s][debug][gc,phases      ] GC(153)     Total                          Min: 3926, Avg: 4022.0, Max: 4103, Diff: 177, Sum: 16088, Workers: 4
[5124.451s][debug][gc,phases      ] GC(153)   JNI Weak                       Min: 0.00, Avg: 0.00, Max: 0.00, Diff: 0.00, Sum: 0.00, Workers: 4
[5124.451s][debug][gc,phases      ] GC(153)     Dead                           Min: 0, Avg:  0.0, Max: 0, Diff: 0, Sum: 0, Workers: 4
[5124.451s][debug][gc,phases      ] GC(153)     Total                          Min: 0, Avg: 13.0, Max: 52, Diff: 52, Sum: 52, Workers: 4
[5124.451s][debug][gc,phases      ] GC(153)   StringDedup Table Weak         Min: 0.00, Avg: 0.00, Max: 0.00, Diff: 0.00, Sum: 0.00, Workers: 4
[5124.451s][debug][gc,phases      ] GC(153)     Dead                           Min: 0, Avg:  0.0, Max: 0, Diff: 0, Sum: 0, Workers: 4
[5124.451s][debug][gc,phases      ] GC(153)     Total                          Min: 0, Avg:  0.0, Max: 0, Diff: 0, Sum: 0, Workers: 4
[5124.451s][debug][gc,phases      ] GC(153)   StringDedup Requests0 Weak     Min: 0.00, Avg: 0.00, Max: 0.00, Diff: 0.00, Sum: 0.00, Workers: 4
[5124.451s][debug][gc,phases      ] GC(153)     Dead                           Min: 0, Avg:  0.0, Max: 0, Diff: 0, Sum: 0, Workers: 4
[5124.451s][debug][gc,phases      ] GC(153)     Total                          Min: 0, Avg:  0.0, Max: 0, Diff: 0, Sum: 0, Workers: 4
[5124.451s][debug][gc,phases      ] GC(153)   StringDedup Requests1 Weak     Min: 0.00, Avg: 0.00, Max: 0.00, Diff: 0.00, Sum: 0.00, Workers: 4
[5124.451s][debug][gc,phases      ] GC(153)     Dead                           Min: 0, Avg:  0.0, Max: 0, Diff: 0, Sum: 0, Workers: 4
[5124.451s][debug][gc,phases      ] GC(153)     Total                          Min: 0, Avg:  0.0, Max: 0, Diff: 0, Sum: 0, Workers: 4
[5124.451s][debug][gc,phases      ] GC(153)   Weak JFR Old Object Samples    Min: 0.00, Avg: 0.00, Max: 0.00, Diff: 0.00, Sum: 0.00, Workers: 4
[5124.451s][debug][gc,phases      ] GC(153)     Dead                           Min: 0, Avg:  0.0, Max: 0, Diff: 0, Sum: 0, Workers: 4
[5124.451s][debug][gc,phases      ] GC(153)     Total                          Min: 0, Avg:  0.0, Max: 0, Diff: 0, Sum: 0, Workers: 4
[5124.451s][debug][gc,phases      ] GC(153) Weak Processing 0.339ms
[5124.451s][debug][gc,age         ] GC(153) Desired survivor size 42467328 bytes, new threshold 1 (max threshold 15)
[5124.451s][info ][gc,heap        ] GC(153) PSYoungGen: 2013659K(2052096K)->6192K(2055680K) Eden: 2007040K(2007040K)->0K(2012672K) From: 6619K(45056K)->6192K(43008K)
[5124.451s][info ][gc,heap        ] GC(153) ParOldGen: 588926K(837120K)->592487K(837120K)
[5124.451s][info ][gc,metaspace   ] GC(153) Metaspace: 110222K(111424K)->110222K(111424K) NonClass: 94358K(95040K)->94358K(95040K) Class: 15863K(16384K)->15863K(16384K)
[5124.451s][info ][gc             ] GC(153) Pause Young (Allocation Failure) 2541M->584M(2825M) 6.169ms
[5124.451s][info ][gc,cpu         ] GC(153) User=0.03s Sys=0.00s Real=0.01s
[5124.451s][info ][safepoint      ] Safepoint "ParallelCollectForAllocation", Time since last: 18872867444 ns, Reaching safepoint: 84900 ns, At safepoint: 6242499 ns, Leaving safepoint: 11000 ns, Total: 6338399 ns, Threads: 2 runnable, 39 total
[5147.344s][info ][gc,start       ] GC(154) Pause Young (Allocation Failure)
[5147.349s][debug][gc,phases      ] GC(154) Scavenge 5.018ms
[5147.349s][debug][gc,ref         ] GC(154) Skipped SoftWeakFinalRefsPhase of Reference Processing: no references
[5147.349s][debug][gc,ref         ] GC(154) Skipped KeepAliveFinalRefsPhase of Reference Processing: no references
[5147.349s][debug][gc,ref         ] GC(154) Skipped PhantomRefsPhase of Reference Processing: no references
[5147.349s][debug][gc,phases      ] GC(154) Reference Processing 0.022ms
[5147.350s][debug][gc,phases      ] GC(154)   VM Weak                        Min: 0.00, Avg: 0.00, Max: 0.01, Diff: 0.01, Sum: 0.01, Workers: 4
[5147.350s][debug][gc,phases      ] GC(154)     Dead                           Min: 0, Avg:  0.0, Max: 0, Diff: 0, Sum: 0, Workers: 4
[5147.350s][debug][gc,phases      ] GC(154)     Total                          Min: 0, Avg: 212.5, Max: 786, Diff: 786, Sum: 850, Workers: 4
[5147.350s][debug][gc,phases      ] GC(154)   ObjectSynchronizer Weak        Min: 0.00, Avg: 0.00, Max: 0.00, Diff: 0.00, Sum: 0.00, Workers: 4
[5147.350s][debug][gc,phases      ] GC(154)     Dead                           Min: 0, Avg:  0.0, Max: 0, Diff: 0, Sum: 0, Workers: 4
[5147.350s][debug][gc,phases      ] GC(154)     Total                          Min: 0, Avg:  1.5, Max: 6, Diff: 6, Sum: 6, Workers: 4
[5147.350s][debug][gc,phases      ] GC(154)   JVMTI Tag Weak OopStorage      Min: 0.00, Avg: 0.00, Max: 0.00, Diff: 0.00, Sum: 0.00, Workers: 4
[5147.350s][debug][gc,phases      ] GC(154)     Dead                           Min: 0, Avg:  0.0, Max: 0, Diff: 0, Sum: 0, Workers: 4
[5147.350s][debug][gc,phases      ] GC(154)     Total                          Min: 0, Avg:  0.0, Max: 0, Diff: 0, Sum: 0, Workers: 4
[5147.350s][debug][gc,phases      ] GC(154)   StringTable Weak               Min: 0.00, Avg: 0.10, Max: 0.14, Diff: 0.14, Sum: 0.41, Workers: 4
[5147.350s][debug][gc,phases      ] GC(154)     Dead                           Min: 0, Avg:  0.0, Max: 0, Diff: 0, Sum: 0, Workers: 4
[5147.350s][debug][gc,phases      ] GC(154)     Total                          Min: 0, Avg: 12555.2, Max: 21357, Diff: 21357, Sum: 50221, Workers: 4
[5147.350s][debug][gc,phases      ] GC(154)   ResolvedMethodTable Weak       Min: 0.00, Avg: 0.03, Max: 0.05, Diff: 0.05, Sum: 0.14, Workers: 4
[5147.350s][debug][gc,phases      ] GC(154)     Dead                           Min: 0, Avg:  5.0, Max: 15, Diff: 15, Sum: 20, Workers: 4
[5147.350s][debug][gc,phases      ] GC(154)     Total                          Min: 0, Avg: 4022.0, Max: 6860, Diff: 6860, Sum: 16088, Workers: 4
[5147.350s][debug][gc,phases      ] GC(154)   JNI Weak                       Min: 0.00, Avg: 0.00, Max: 0.00, Diff: 0.00, Sum: 0.00, Workers: 4
[5147.350s][debug][gc,phases      ] GC(154)     Dead                           Min: 0, Avg:  0.0, Max: 0, Diff: 0, Sum: 0, Workers: 4
[5147.350s][debug][gc,phases      ] GC(154)     Total                          Min: 0, Avg: 13.0, Max: 52, Diff: 52, Sum: 52, Workers: 4
[5147.350s][debug][gc,phases      ] GC(154)   StringDedup Table Weak         Min: 0.00, Avg: 0.00, Max: 0.00, Diff: 0.00, Sum: 0.00, Workers: 4
[5147.350s][debug][gc,phases      ] GC(154)     Dead                           Min: 0, Avg:  0.0, Max: 0, Diff: 0, Sum: 0, Workers: 4
[5147.350s][debug][gc,phases      ] GC(154)     Total                          Min: 0, Avg:  0.0, Max: 0, Diff: 0, Sum: 0, Workers: 4
[5147.350s][debug][gc,phases      ] GC(154)   StringDedup Requests0 Weak     Min: 0.00, Avg: 0.00, Max: 0.00, Diff: 0.00, Sum: 0.00, Workers: 4
[5147.350s][debug][gc,phases      ] GC(154)     Dead                           Min: 0, Avg:  0.0, Max: 0, Diff: 0, Sum: 0, Workers: 4
[5147.350s][debug][gc,phases      ] GC(154)     Total                          Min: 0, Avg:  0.0, Max: 0, Diff: 0, Sum: 0, Workers: 4
[5147.350s][debug][gc,phases      ] GC(154)   StringDedup Requests1 Weak     Min: 0.00, Avg: 0.00, Max: 0.00, Diff: 0.00, Sum: 0.00, Workers: 4
[5147.350s][debug][gc,phases      ] GC(154)     Dead                           Min: 0, Avg:  0.0, Max: 0, Diff: 0, Sum: 0, Workers: 4
[5147.350s][debug][gc,phases      ] GC(154)     Total                          Min: 0, Avg:  0.0, Max: 0, Diff: 0, Sum: 0, Workers: 4
[5147.350s][debug][gc,phases      ] GC(154)   Weak JFR Old Object Samples    Min: 0.00, Avg: 0.00, Max: 0.00, Diff: 0.00, Sum: 0.00, Workers: 4
[5147.350s][debug][gc,phases      ] GC(154)     Dead                           Min: 0, Avg:  0.0, Max: 0, Diff: 0, Sum: 0, Workers: 4
[5147.350s][debug][gc,phases      ] GC(154)     Total                          Min: 0, Avg:  0.0, Max: 0, Diff: 0, Sum: 0, Workers: 4
[5147.350s][debug][gc,phases      ] GC(154) Weak Processing 0.382ms
[5147.350s][debug][gc,age         ] GC(154) Desired survivor size 40894464 bytes, new threshold 1 (max threshold 15)
[5147.350s][info ][gc,heap        ] GC(154) PSYoungGen: 2018864K(2055680K)->4192K(2054144K) Eden: 2012672K(2012672K)->0K(2012672K) From: 6192K(43008K)->4192K(41472K)
[5147.350s][info ][gc,heap        ] GC(154) ParOldGen: 592487K(837120K)->596147K(837120K)
[5147.350s][info ][gc,metaspace   ] GC(154) Metaspace: 110224K(111424K)->110224K(111424K) NonClass: 94360K(95040K)->94360K(95040K) Class: 15863K(16384K)->15863K(16384K)
[5147.350s][info ][gc             ] GC(154) Pause Young (Allocation Failure) 2550M->586M(2823M) 5.552ms
[5147.350s][info ][gc,cpu         ] GC(154) User=0.02s Sys=0.00s Real=0.01s
[5147.350s][info ][safepoint      ] Safepoint "ParallelCollectForAllocation", Time since last: 22893481452 ns, Reaching safepoint: 108900 ns, At safepoint: 5621399 ns, Leaving safepoint: 11100 ns, Total: 5741399 ns, Threads: 2 runnable, 39 total
[5169.394s][info ][gc,start       ] GC(155) Pause Young (Allocation Failure)
[5169.399s][debug][gc,phases      ] GC(155) Scavenge 4.343ms
[5169.399s][debug][gc,ref         ] GC(155) Skipped SoftWeakFinalRefsPhase of Reference Processing: no references
[5169.399s][debug][gc,ref         ] GC(155) Skipped KeepAliveFinalRefsPhase of Reference Processing: no references
[5169.399s][debug][gc,ref         ] GC(155) Skipped PhantomRefsPhase of Reference Processing: no references
[5169.399s][debug][gc,phases      ] GC(155) Reference Processing 0.019ms
[5169.399s][debug][gc,phases      ] GC(155)   VM Weak                        Min: 0.00, Avg: 0.00, Max: 0.00, Diff: 0.00, Sum: 0.01, Workers: 4
[5169.399s][debug][gc,phases      ] GC(155)     Dead                           Min: 0, Avg:  0.0, Max: 0, Diff: 0, Sum: 0, Workers: 4
[5169.399s][debug][gc,phases      ] GC(155)     Total                          Min: 0, Avg: 212.5, Max: 448, Diff: 448, Sum: 850, Workers: 4
[5169.399s][debug][gc,phases      ] GC(155)   ObjectSynchronizer Weak        Min: 0.00, Avg: 0.00, Max: 0.00, Diff: 0.00, Sum: 0.00, Workers: 4
[5169.399s][debug][gc,phases      ] GC(155)     Dead                           Min: 0, Avg:  0.0, Max: 0, Diff: 0, Sum: 0, Workers: 4
[5169.399s][debug][gc,phases      ] GC(155)     Total                          Min: 0, Avg:  1.5, Max: 6, Diff: 6, Sum: 6, Workers: 4
[5169.399s][debug][gc,phases      ] GC(155)   JVMTI Tag Weak OopStorage      Min: 0.00, Avg: 0.00, Max: 0.00, Diff: 0.00, Sum: 0.00, Workers: 4
[5169.399s][debug][gc,phases      ] GC(155)     Dead                           Min: 0, Avg:  0.0, Max: 0, Diff: 0, Sum: 0, Workers: 4
[5169.399s][debug][gc,phases      ] GC(155)     Total                          Min: 0, Avg:  0.0, Max: 0, Diff: 0, Sum: 0, Workers: 4
[5169.399s][debug][gc,phases      ] GC(155)   StringTable Weak               Min: 0.00, Avg: 0.11, Max: 0.14, Diff: 0.14, Sum: 0.42, Workers: 4
[5169.399s][debug][gc,phases      ] GC(155)     Dead                           Min: 0, Avg:  0.0, Max: 0, Diff: 0, Sum: 0, Workers: 4
[5169.399s][debug][gc,phases      ] GC(155)     Total                          Min: 0, Avg: 12555.5, Max: 21040, Diff: 21040, Sum: 50222, Workers: 4
[5169.399s][debug][gc,phases      ] GC(155)   ResolvedMethodTable Weak       Min: 0.00, Avg: 0.03, Max: 0.05, Diff: 0.05, Sum: 0.14, Workers: 4
[5169.399s][debug][gc,phases      ] GC(155)     Dead                           Min: 0, Avg:  0.0, Max: 0, Diff: 0, Sum: 0, Workers: 4
[5169.399s][debug][gc,phases      ] GC(155)     Total                          Min: 0, Avg: 4022.0, Max: 6790, Diff: 6790, Sum: 16088, Workers: 4
[5169.399s][debug][gc,phases      ] GC(155)   JNI Weak                       Min: 0.00, Avg: 0.00, Max: 0.00, Diff: 0.00, Sum: 0.00, Workers: 4
[5169.399s][debug][gc,phases      ] GC(155)     Dead                           Min: 0, Avg:  0.0, Max: 0, Diff: 0, Sum: 0, Workers: 4
[5169.399s][debug][gc,phases      ] GC(155)     Total                          Min: 0, Avg: 13.0, Max: 52, Diff: 52, Sum: 52, Workers: 4
[5169.399s][debug][gc,phases      ] GC(155)   StringDedup Table Weak         Min: 0.00, Avg: 0.00, Max: 0.00, Diff: 0.00, Sum: 0.00, Workers: 4
[5169.399s][debug][gc,phases      ] GC(155)     Dead                           Min: 0, Avg:  0.0, Max: 0, Diff: 0, Sum: 0, Workers: 4
[5169.399s][debug][gc,phases      ] GC(155)     Total                          Min: 0, Avg:  0.0, Max: 0, Diff: 0, Sum: 0, Workers: 4
[5169.399s][debug][gc,phases      ] GC(155)   StringDedup Requests0 Weak     Min: 0.00, Avg: 0.00, Max: 0.00, Diff: 0.00, Sum: 0.00, Workers: 4
[5169.399s][debug][gc,phases      ] GC(155)     Dead                           Min: 0, Avg:  0.0, Max: 0, Diff: 0, Sum: 0, Workers: 4
[5169.399s][debug][gc,phases      ] GC(155)     Total                          Min: 0, Avg:  0.0, Max: 0, Diff: 0, Sum: 0, Workers: 4
[5169.399s][debug][gc,phases      ] GC(155)   StringDedup Requests1 Weak     Min: 0.00, Avg: 0.00, Max: 0.00, Diff: 0.00, Sum: 0.00, Workers: 4
[5169.399s][debug][gc,phases      ] GC(155)     Dead                           Min: 0, Avg:  0.0, Max: 0, Diff: 0, Sum: 0, Workers: 4
[5169.399s][debug][gc,phases      ] GC(155)     Total                          Min: 0, Avg:  0.0, Max: 0, Diff: 0, Sum: 0, Workers: 4
[5169.399s][debug][gc,phases      ] GC(155)   Weak JFR Old Object Samples    Min: 0.00, Avg: 0.00, Max: 0.00, Diff: 0.00, Sum: 0.00, Workers: 4
[5169.399s][debug][gc,phases      ] GC(155)     Dead                           Min: 0, Avg:  0.0, Max: 0, Diff: 0, Sum: 0, Workers: 4
[5169.399s][debug][gc,phases      ] GC(155)     Total                          Min: 0, Avg:  0.0, Max: 0, Diff: 0, Sum: 0, Workers: 4
[5169.399s][debug][gc,phases      ] GC(155) Weak Processing 0.390ms
[5169.399s][debug][gc,age         ] GC(155) Desired survivor size 39845888 bytes, new threshold 1 (max threshold 15)
[5169.399s][info ][gc,heap        ] GC(155) PSYoungGen: 2016864K(2054144K)->4000K(2058240K) Eden: 2012672K(2012672K)->0K(2018304K) From: 4192K(41472K)->4000K(39936K)
[5169.399s][info ][gc,heap        ] GC(155) ParOldGen: 596147K(837120K)->597203K(837120K)
[5169.399s][info ][gc,metaspace   ] GC(155) Metaspace: 110227K(111424K)->110227K(111424K) NonClass: 94363K(95040K)->94363K(95040K) Class: 15863K(16384K)->15863K(16384K)
[5169.399s][info ][gc             ] GC(155) Pause Young (Allocation Failure) 2551M->587M(2827M) 4.876ms
[5169.399s][info ][gc,cpu         ] GC(155) User=0.02s Sys=0.00s Real=0.01s
[5169.399s][info ][safepoint      ] Safepoint "ParallelCollectForAllocation", Time since last: 22044196316 ns, Reaching safepoint: 6300 ns, At safepoint: 4967298 ns, Leaving safepoint: 3800 ns, Total: 4977398 ns, Threads: 0 runnable, 33 total
[5194.794s][info ][gc,start       ] GC(156) Pause Young (Allocation Failure)
[5194.797s][debug][gc,phases      ] GC(156) Scavenge 3.059ms
[5194.797s][debug][gc,ref         ] GC(156) ReferenceProcessor::execute queues: 1, RefProcThreadModel::Single, marks_oops_alive: false
[5194.797s][debug][gc,ref         ] GC(156) Skipped KeepAliveFinalRefsPhase of Reference Processing: no references
[5194.797s][debug][gc,ref         ] GC(156) Skipped PhantomRefsPhase of Reference Processing: no references
[5194.797s][debug][gc,phases      ] GC(156) Reference Processing 0.104ms
[5194.797s][debug][gc,phases      ] GC(156)   VM Weak                        Min: 0.00, Avg: 0.00, Max: 0.01, Diff: 0.01, Sum: 0.01, Workers: 4
[5194.797s][debug][gc,phases      ] GC(156)     Dead                           Min: 0, Avg:  0.0, Max: 0, Diff: 0, Sum: 0, Workers: 4
[5194.797s][debug][gc,phases      ] GC(156)     Total                          Min: 18, Avg: 212.5, Max: 512, Diff: 494, Sum: 850, Workers: 4
[5194.797s][debug][gc,phases      ] GC(156)   ObjectSynchronizer Weak        Min: 0.00, Avg: 0.00, Max: 0.00, Diff: 0.00, Sum: 0.00, Workers: 4
[5194.797s][debug][gc,phases      ] GC(156)     Dead                           Min: 0, Avg:  0.0, Max: 0, Diff: 0, Sum: 0, Workers: 4
[5194.797s][debug][gc,phases      ] GC(156)     Total                          Min: 0, Avg:  1.5, Max: 6, Diff: 6, Sum: 6, Workers: 4
[5194.797s][debug][gc,phases      ] GC(156)   JVMTI Tag Weak OopStorage      Min: 0.00, Avg: 0.00, Max: 0.00, Diff: 0.00, Sum: 0.00, Workers: 4
[5194.797s][debug][gc,phases      ] GC(156)     Dead                           Min: 0, Avg:  0.0, Max: 0, Diff: 0, Sum: 0, Workers: 4
[5194.797s][debug][gc,phases      ] GC(156)     Total                          Min: 0, Avg:  0.0, Max: 0, Diff: 0, Sum: 0, Workers: 4
[5194.797s][debug][gc,phases      ] GC(156)   StringTable Weak               Min: 0.12, Avg: 0.12, Max: 0.12, Diff: 0.00, Sum: 0.50, Workers: 4
[5194.797s][debug][gc,phases      ] GC(156)     Dead                           Min: 0, Avg:  0.0, Max: 0, Diff: 0, Sum: 0, Workers: 4
[5194.797s][debug][gc,phases      ] GC(156)     Total                          Min: 12351, Avg: 12555.5, Max: 12799, Diff: 448, Sum: 50222, Workers: 4
[5194.797s][debug][gc,phases      ] GC(156)   ResolvedMethodTable Weak       Min: 0.04, Avg: 0.04, Max: 0.04, Diff: 0.00, Sum: 0.16, Workers: 4
[5194.797s][debug][gc,phases      ] GC(156)     Dead                           Min: 0, Avg:  5.0, Max: 12, Diff: 12, Sum: 20, Workers: 4
[5194.797s][debug][gc,phases      ] GC(156)     Total                          Min: 3946, Avg: 4022.0, Max: 4087, Diff: 141, Sum: 16088, Workers: 4
[5194.797s][debug][gc,phases      ] GC(156)   JNI Weak                       Min: 0.00, Avg: 0.00, Max: 0.00, Diff: 0.00, Sum: 0.00, Workers: 4
[5194.797s][debug][gc,phases      ] GC(156)     Dead                           Min: 0, Avg:  0.0, Max: 0, Diff: 0, Sum: 0, Workers: 4
[5194.797s][debug][gc,phases      ] GC(156)     Total                          Min: 0, Avg: 13.0, Max: 52, Diff: 52, Sum: 52, Workers: 4
[5194.797s][debug][gc,phases      ] GC(156)   StringDedup Table Weak         Min: 0.00, Avg: 0.00, Max: 0.00, Diff: 0.00, Sum: 0.00, Workers: 4
[5194.797s][debug][gc,phases      ] GC(156)     Dead                           Min: 0, Avg:  0.0, Max: 0, Diff: 0, Sum: 0, Workers: 4
[5194.797s][debug][gc,phases      ] GC(156)     Total                          Min: 0, Avg:  0.0, Max: 0, Diff: 0, Sum: 0, Workers: 4
[5194.797s][debug][gc,phases      ] GC(156)   StringDedup Requests0 Weak     Min: 0.00, Avg: 0.00, Max: 0.00, Diff: 0.00, Sum: 0.00, Workers: 4
[5194.797s][debug][gc,phases      ] GC(156)     Dead                           Min: 0, Avg:  0.0, Max: 0, Diff: 0, Sum: 0, Workers: 4
[5194.797s][debug][gc,phases      ] GC(156)     Total                          Min: 0, Avg:  0.0, Max: 0, Diff: 0, Sum: 0, Workers: 4
[5194.797s][debug][gc,phases      ] GC(156)   StringDedup Requests1 Weak     Min: 0.00, Avg: 0.00, Max: 0.00, Diff: 0.00, Sum: 0.00, Workers: 4
[5194.797s][debug][gc,phases      ] GC(156)     Dead                           Min: 0, Avg:  0.0, Max: 0, Diff: 0, Sum: 0, Workers: 4
[5194.797s][debug][gc,phases      ] GC(156)     Total                          Min: 0, Avg:  0.0, Max: 0, Diff: 0, Sum: 0, Workers: 4
[5194.797s][debug][gc,phases      ] GC(156)   Weak JFR Old Object Samples    Min: 0.00, Avg: 0.00, Max: 0.00, Diff: 0.00, Sum: 0.00, Workers: 4
[5194.797s][debug][gc,phases      ] GC(156)     Dead                           Min: 0, Avg:  0.0, Max: 0, Diff: 0, Sum: 0, Workers: 4
[5194.797s][debug][gc,phases      ] GC(156)     Total                          Min: 0, Avg:  0.0, Max: 0, Diff: 0, Sum: 0, Workers: 4
[5194.797s][debug][gc,phases      ] GC(156) Weak Processing 0.365ms
[5194.797s][debug][gc,age         ] GC(156) Desired survivor size 38273024 bytes, new threshold 1 (max threshold 15)
[5194.797s][info ][gc,heap        ] GC(156) PSYoungGen: 2022304K(2058240K)->3104K(2057216K) Eden: 2018304K(2018304K)->0K(2018304K) From: 4000K(39936K)->3104K(38912K)
[5194.798s][info ][gc,heap        ] GC(156) ParOldGen: 597203K(837120K)->598644K(837120K)
[5194.798s][info ][gc,metaspace   ] GC(156) Metaspace: 110229K(111424K)->110229K(111424K) NonClass: 94365K(95040K)->94365K(95040K) Class: 15863K(16384K)->15863K(16384K)
[5194.798s][info ][gc             ] GC(156) Pause Young (Allocation Failure) 2558M->587M(2826M) 3.657ms
[5194.798s][info ][gc,cpu         ] GC(156) User=0.01s Sys=0.00s Real=0.00s
[5194.798s][info ][safepoint      ] Safepoint "ParallelCollectForAllocation", Time since last: 25394608732 ns, Reaching safepoint: 82100 ns, At safepoint: 3721303 ns, Leaving safepoint: 11900 ns, Total: 3815303 ns, Threads: 1 runnable, 33 total
[5220.509s][info ][gc,start       ] GC(157) Pause Young (Allocation Failure)
[5220.512s][debug][gc,phases      ] GC(157) Scavenge 2.958ms
[5220.512s][debug][gc,ref         ] GC(157) ReferenceProcessor::execute queues: 1, RefProcThreadModel::Single, marks_oops_alive: false
[5220.512s][debug][gc,ref         ] GC(157) Skipped KeepAliveFinalRefsPhase of Reference Processing: no references
[5220.512s][debug][gc,ref         ] GC(157) Skipped PhantomRefsPhase of Reference Processing: no references
[5220.512s][debug][gc,phases      ] GC(157) Reference Processing 0.097ms
[5220.512s][debug][gc,phases      ] GC(157)   VM Weak                        Min: 0.00, Avg: 0.00, Max: 0.01, Diff: 0.01, Sum: 0.01, Workers: 4
[5220.512s][debug][gc,phases      ] GC(157)     Dead                           Min: 0, Avg:  0.0, Max: 0, Diff: 0, Sum: 0, Workers: 4
[5220.512s][debug][gc,phases      ] GC(157)     Total                          Min: 0, Avg: 212.5, Max: 722, Diff: 722, Sum: 850, Workers: 4
[5220.512s][debug][gc,phases      ] GC(157)   ObjectSynchronizer Weak        Min: 0.00, Avg: 0.00, Max: 0.00, Diff: 0.00, Sum: 0.00, Workers: 4
[5220.512s][debug][gc,phases      ] GC(157)     Dead                           Min: 0, Avg:  0.0, Max: 0, Diff: 0, Sum: 0, Workers: 4
[5220.512s][debug][gc,phases      ] GC(157)     Total                          Min: 0, Avg:  1.8, Max: 7, Diff: 7, Sum: 7, Workers: 4
[5220.512s][debug][gc,phases      ] GC(157)   JVMTI Tag Weak OopStorage      Min: 0.00, Avg: 0.00, Max: 0.00, Diff: 0.00, Sum: 0.00, Workers: 4
[5220.512s][debug][gc,phases      ] GC(157)     Dead                           Min: 0, Avg:  0.0, Max: 0, Diff: 0, Sum: 0, Workers: 4
[5220.512s][debug][gc,phases      ] GC(157)     Total                          Min: 0, Avg:  0.0, Max: 0, Diff: 0, Sum: 0, Workers: 4
[5220.512s][debug][gc,phases      ] GC(157)   StringTable Weak               Min: 0.00, Avg: 0.10, Max: 0.13, Diff: 0.13, Sum: 0.40, Workers: 4
[5220.512s][debug][gc,phases      ] GC(157)     Dead                           Min: 0, Avg:  0.0, Max: 0, Diff: 0, Sum: 0, Workers: 4
[5220.512s][debug][gc,phases      ] GC(157)     Total                          Min: 0, Avg: 12555.5, Max: 21504, Diff: 21504, Sum: 50222, Workers: 4
[5220.512s][debug][gc,phases      ] GC(157)   ResolvedMethodTable Weak       Min: 0.00, Avg: 0.03, Max: 0.04, Diff: 0.04, Sum: 0.13, Workers: 4
[5220.512s][debug][gc,phases      ] GC(157)     Dead                           Min: 0, Avg:  5.0, Max: 13, Diff: 13, Sum: 20, Workers: 4
[5220.512s][debug][gc,phases      ] GC(157)     Total                          Min: 0, Avg: 4022.0, Max: 6727, Diff: 6727, Sum: 16088, Workers: 4
[5220.512s][debug][gc,phases      ] GC(157)   JNI Weak                       Min: 0.00, Avg: 0.00, Max: 0.00, Diff: 0.00, Sum: 0.00, Workers: 4
[5220.512s][debug][gc,phases      ] GC(157)     Dead                           Min: 0, Avg:  0.0, Max: 0, Diff: 0, Sum: 0, Workers: 4
[5220.512s][debug][gc,phases      ] GC(157)     Total                          Min: 0, Avg: 13.0, Max: 52, Diff: 52, Sum: 52, Workers: 4
[5220.512s][debug][gc,phases      ] GC(157)   StringDedup Table Weak         Min: 0.00, Avg: 0.00, Max: 0.00, Diff: 0.00, Sum: 0.00, Workers: 4
[5220.512s][debug][gc,phases      ] GC(157)     Dead                           Min: 0, Avg:  0.0, Max: 0, Diff: 0, Sum: 0, Workers: 4
[5220.512s][debug][gc,phases      ] GC(157)     Total                          Min: 0, Avg:  0.0, Max: 0, Diff: 0, Sum: 0, Workers: 4
[5220.512s][debug][gc,phases      ] GC(157)   StringDedup Requests0 Weak     Min: 0.00, Avg: 0.00, Max: 0.00, Diff: 0.00, Sum: 0.00, Workers: 4
[5220.512s][debug][gc,phases      ] GC(157)     Dead                           Min: 0, Avg:  0.0, Max: 0, Diff: 0, Sum: 0, Workers: 4
[5220.512s][debug][gc,phases      ] GC(157)     Total                          Min: 0, Avg:  0.0, Max: 0, Diff: 0, Sum: 0, Workers: 4
[5220.512s][debug][gc,phases      ] GC(157)   StringDedup Requests1 Weak     Min: 0.00, Avg: 0.00, Max: 0.00, Diff: 0.00, Sum: 0.00, Workers: 4
[5220.512s][debug][gc,phases      ] GC(157)     Dead                           Min: 0, Avg:  0.0, Max: 0, Diff: 0, Sum: 0, Workers: 4
[5220.512s][debug][gc,phases      ] GC(157)     Total                          Min: 0, Avg:  0.0, Max: 0, Diff: 0, Sum: 0, Workers: 4
[5220.512s][debug][gc,phases      ] GC(157)   Weak JFR Old Object Samples    Min: 0.00, Avg: 0.00, Max: 0.00, Diff: 0.00, Sum: 0.00, Workers: 4
[5220.512s][debug][gc,phases      ] GC(157)     Dead                           Min: 0, Avg:  0.0, Max: 0, Diff: 0, Sum: 0, Workers: 4
[5220.512s][debug][gc,phases      ] GC(157)     Total                          Min: 0, Avg:  0.0, Max: 0, Diff: 0, Sum: 0, Workers: 4
[5220.512s][debug][gc,phases      ] GC(157) Weak Processing 0.382ms
[5220.512s][debug][gc,age         ] GC(157) Desired survivor size 36700160 bytes, new threshold 1 (max threshold 15)
[5220.512s][info ][gc,heap        ] GC(157) PSYoungGen: 2021408K(2057216K)->3549K(2061312K) Eden: 2018304K(2018304K)->0K(2023936K) From: 3104K(38912K)->3549K(37376K)
[5220.512s][info ][gc,heap        ] GC(157) ParOldGen: 598644K(837120K)->599236K(837120K)
[5220.512s][info ][gc,metaspace   ] GC(157) Metaspace: 110229K(111424K)->110229K(111424K) NonClass: 94365K(95040K)->94365K(95040K) Class: 15863K(16384K)->15863K(16384K)
[5220.512s][info ][gc             ] GC(157) Pause Young (Allocation Failure) 2558M->588M(2830M) 3.560ms
[5220.512s][info ][gc,cpu         ] GC(157) User=0.01s Sys=0.00s Real=0.01s
[5220.512s][info ][safepoint      ] Safepoint "ParallelCollectForAllocation", Time since last: 25710835646 ns, Reaching safepoint: 81700 ns, At safepoint: 3629999 ns, Leaving safepoint: 5800 ns, Total: 3717499 ns, Threads: 1 runnable, 32 total
[5242.600s][info ][gc,start       ] GC(158) Pause Young (Allocation Failure)
[5242.604s][debug][gc,phases      ] GC(158) Scavenge 3.720ms
[5242.604s][debug][gc,ref         ] GC(158) Skipped SoftWeakFinalRefsPhase of Reference Processing: no references
[5242.604s][debug][gc,ref         ] GC(158) Skipped KeepAliveFinalRefsPhase of Reference Processing: no references
[5242.604s][debug][gc,ref         ] GC(158) Skipped PhantomRefsPhase of Reference Processing: no references
[5242.604s][debug][gc,phases      ] GC(158) Reference Processing 0.022ms
[5242.605s][debug][gc,phases      ] GC(158)   VM Weak                        Min: 0.00, Avg: 0.00, Max: 0.01, Diff: 0.01, Sum: 0.01, Workers: 4
[5242.605s][debug][gc,phases      ] GC(158)     Dead                           Min: 0, Avg:  0.0, Max: 0, Diff: 0, Sum: 0, Workers: 4
[5242.605s][debug][gc,phases      ] GC(158)     Total                          Min: 0, Avg: 212.5, Max: 704, Diff: 704, Sum: 850, Workers: 4
[5242.605s][debug][gc,phases      ] GC(158)   ObjectSynchronizer Weak        Min: 0.00, Avg: 0.00, Max: 0.00, Diff: 0.00, Sum: 0.00, Workers: 4
[5242.605s][debug][gc,phases      ] GC(158)     Dead                           Min: 0, Avg:  0.0, Max: 0, Diff: 0, Sum: 0, Workers: 4
[5242.605s][debug][gc,phases      ] GC(158)     Total                          Min: 0, Avg:  1.5, Max: 6, Diff: 6, Sum: 6, Workers: 4
[5242.605s][debug][gc,phases      ] GC(158)   JVMTI Tag Weak OopStorage      Min: 0.00, Avg: 0.00, Max: 0.00, Diff: 0.00, Sum: 0.00, Workers: 4
[5242.605s][debug][gc,phases      ] GC(158)     Dead                           Min: 0, Avg:  0.0, Max: 0, Diff: 0, Sum: 0, Workers: 4
[5242.605s][debug][gc,phases      ] GC(158)     Total                          Min: 0, Avg:  0.0, Max: 0, Diff: 0, Sum: 0, Workers: 4
[5242.605s][debug][gc,phases      ] GC(158)   StringTable Weak               Min: 0.00, Avg: 0.10, Max: 0.14, Diff: 0.14, Sum: 0.42, Workers: 4
[5242.605s][debug][gc,phases      ] GC(158)     Dead                           Min: 0, Avg:  0.0, Max: 0, Diff: 0, Sum: 0, Workers: 4
[5242.605s][debug][gc,phases      ] GC(158)     Total                          Min: 0, Avg: 12555.8, Max: 21246, Diff: 21246, Sum: 50223, Workers: 4
[5242.605s][debug][gc,phases      ] GC(158)   ResolvedMethodTable Weak       Min: 0.00, Avg: 0.03, Max: 0.05, Diff: 0.05, Sum: 0.14, Workers: 4
[5242.605s][debug][gc,phases      ] GC(158)     Dead                           Min: 0, Avg:  5.0, Max: 10, Diff: 10, Sum: 20, Workers: 4
[5242.605s][debug][gc,phases      ] GC(158)     Total                          Min: 0, Avg: 4022.0, Max: 6826, Diff: 6826, Sum: 16088, Workers: 4
[5242.605s][debug][gc,phases      ] GC(158)   JNI Weak                       Min: 0.00, Avg: 0.00, Max: 0.00, Diff: 0.00, Sum: 0.00, Workers: 4
[5242.605s][debug][gc,phases      ] GC(158)     Dead                           Min: 0, Avg:  0.0, Max: 0, Diff: 0, Sum: 0, Workers: 4
[5242.605s][debug][gc,phases      ] GC(158)     Total                          Min: 0, Avg: 13.0, Max: 52, Diff: 52, Sum: 52, Workers: 4
[5242.605s][debug][gc,phases      ] GC(158)   StringDedup Table Weak         Min: 0.00, Avg: 0.00, Max: 0.00, Diff: 0.00, Sum: 0.00, Workers: 4
[5242.605s][debug][gc,phases      ] GC(158)     Dead                           Min: 0, Avg:  0.0, Max: 0, Diff: 0, Sum: 0, Workers: 4
[5242.605s][debug][gc,phases      ] GC(158)     Total                          Min: 0, Avg:  0.0, Max: 0, Diff: 0, Sum: 0, Workers: 4
[5242.605s][debug][gc,phases      ] GC(158)   StringDedup Requests0 Weak     Min: 0.00, Avg: 0.00, Max: 0.00, Diff: 0.00, Sum: 0.00, Workers: 4
[5242.605s][debug][gc,phases      ] GC(158)     Dead                           Min: 0, Avg:  0.0, Max: 0, Diff: 0, Sum: 0, Workers: 4
[5242.605s][debug][gc,phases      ] GC(158)     Total                          Min: 0, Avg:  0.0, Max: 0, Diff: 0, Sum: 0, Workers: 4
[5242.605s][debug][gc,phases      ] GC(158)   StringDedup Requests1 Weak     Min: 0.00, Avg: 0.00, Max: 0.00, Diff: 0.00, Sum: 0.00, Workers: 4
[5242.605s][debug][gc,phases      ] GC(158)     Dead                           Min: 0, Avg:  0.0, Max: 0, Diff: 0, Sum: 0, Workers: 4
[5242.605s][debug][gc,phases      ] GC(158)     Total                          Min: 0, Avg:  0.0, Max: 0, Diff: 0, Sum: 0, Workers: 4
[5242.605s][debug][gc,phases      ] GC(158)   Weak JFR Old Object Samples    Min: 0.00, Avg: 0.00, Max: 0.00, Diff: 0.00, Sum: 0.00, Workers: 4
[5242.605s][debug][gc,phases      ] GC(158)     Dead                           Min: 0, Avg:  0.0, Max: 0, Diff: 0, Sum: 0, Workers: 4
[5242.605s][debug][gc,phases      ] GC(158)     Total                          Min: 0, Avg:  0.0, Max: 0, Diff: 0, Sum: 0, Workers: 4
[5242.605s][debug][gc,phases      ] GC(158) Weak Processing 0.404ms
[5242.605s][debug][gc,age         ] GC(158) Desired survivor size 35127296 bytes, new threshold 1 (max threshold 15)
[5242.605s][info ][gc,heap        ] GC(158) PSYoungGen: 2027485K(2061312K)->3664K(2059776K) Eden: 2023936K(2023936K)->0K(2023936K) From: 3549K(37376K)->3664K(35840K)
[5242.605s][info ][gc,heap        ] GC(158) ParOldGen: 599236K(837120K)->599860K(837120K)
[5242.605s][info ][gc,metaspace   ] GC(158) Metaspace: 110240K(111424K)->110240K(111424K) NonClass: 94377K(95040K)->94377K(95040K) Class: 15863K(16384K)->15863K(16384K)
[5242.605s][info ][gc             ] GC(158) Pause Young (Allocation Failure) 2565M->589M(2829M) 4.264ms
[5242.605s][info ][gc,cpu         ] GC(158) User=0.01s Sys=0.00s Real=0.00s
[5242.605s][info ][safepoint      ] Safepoint "ParallelCollectForAllocation", Time since last: 22088218661 ns, Reaching safepoint: 96000 ns, At safepoint: 4328399 ns, Leaving safepoint: 9400 ns, Total: 4433799 ns, Threads: 1 runnable, 35 total
[5266.800s][info ][gc,start       ] GC(159) Pause Young (Allocation Failure)
[5266.804s][debug][gc,phases      ] GC(159) Scavenge 3.940ms
[5266.804s][debug][gc,ref         ] GC(159) Skipped SoftWeakFinalRefsPhase of Reference Processing: no references
[5266.804s][debug][gc,ref         ] GC(159) Skipped KeepAliveFinalRefsPhase of Reference Processing: no references
[5266.804s][debug][gc,ref         ] GC(159) Skipped PhantomRefsPhase of Reference Processing: no references
[5266.804s][debug][gc,phases      ] GC(159) Reference Processing 0.017ms
[5266.805s][debug][gc,phases      ] GC(159)   VM Weak                        Min: 0.00, Avg: 0.00, Max: 0.01, Diff: 0.01, Sum: 0.01, Workers: 4
[5266.805s][debug][gc,phases      ] GC(159)     Dead                           Min: 0, Avg:  0.0, Max: 0, Diff: 0, Sum: 0, Workers: 4
[5266.805s][debug][gc,phases      ] GC(159)     Total                          Min: 0, Avg: 212.5, Max: 786, Diff: 786, Sum: 850, Workers: 4
[5266.805s][debug][gc,phases      ] GC(159)   ObjectSynchronizer Weak        Min: 0.00, Avg: 0.00, Max: 0.00, Diff: 0.00, Sum: 0.00, Workers: 4
[5266.805s][debug][gc,phases      ] GC(159)     Dead                           Min: 0, Avg:  0.0, Max: 0, Diff: 0, Sum: 0, Workers: 4
[5266.805s][debug][gc,phases      ] GC(159)     Total                          Min: 0, Avg:  1.5, Max: 6, Diff: 6, Sum: 6, Workers: 4
[5266.805s][debug][gc,phases      ] GC(159)   JVMTI Tag Weak OopStorage      Min: 0.00, Avg: 0.00, Max: 0.00, Diff: 0.00, Sum: 0.00, Workers: 4
[5266.805s][debug][gc,phases      ] GC(159)     Dead                           Min: 0, Avg:  0.0, Max: 0, Diff: 0, Sum: 0, Workers: 4
[5266.805s][debug][gc,phases      ] GC(159)     Total                          Min: 0, Avg:  0.0, Max: 0, Diff: 0, Sum: 0, Workers: 4
[5266.805s][debug][gc,phases      ] GC(159)   StringTable Weak               Min: 0.00, Avg: 0.10, Max: 0.13, Diff: 0.13, Sum: 0.40, Workers: 4
[5266.805s][debug][gc,phases      ] GC(159)     Dead                           Min: 0, Avg:  0.0, Max: 0, Diff: 0, Sum: 0, Workers: 4
[5266.805s][debug][gc,phases      ] GC(159)     Total                          Min: 0, Avg: 12555.8, Max: 20976, Diff: 20976, Sum: 50223, Workers: 4
[5266.805s][debug][gc,phases      ] GC(159)   ResolvedMethodTable Weak       Min: 0.00, Avg: 0.03, Max: 0.05, Diff: 0.05, Sum: 0.14, Workers: 4
[5266.805s][debug][gc,phases      ] GC(159)     Dead                           Min: 0, Avg:  5.0, Max: 9, Diff: 9, Sum: 20, Workers: 4
[5266.805s][debug][gc,phases      ] GC(159)     Total                          Min: 0, Avg: 4022.0, Max: 6504, Diff: 6504, Sum: 16088, Workers: 4
[5266.805s][debug][gc,phases      ] GC(159)   JNI Weak                       Min: 0.00, Avg: 0.00, Max: 0.00, Diff: 0.00, Sum: 0.00, Workers: 4
[5266.805s][debug][gc,phases      ] GC(159)     Dead                           Min: 0, Avg:  0.0, Max: 0, Diff: 0, Sum: 0, Workers: 4
[5266.805s][debug][gc,phases      ] GC(159)     Total                          Min: 0, Avg: 13.0, Max: 52, Diff: 52, Sum: 52, Workers: 4
[5266.805s][debug][gc,phases      ] GC(159)   StringDedup Table Weak         Min: 0.00, Avg: 0.00, Max: 0.00, Diff: 0.00, Sum: 0.00, Workers: 4
[5266.805s][debug][gc,phases      ] GC(159)     Dead                           Min: 0, Avg:  0.0, Max: 0, Diff: 0, Sum: 0, Workers: 4
[5266.805s][debug][gc,phases      ] GC(159)     Total                          Min: 0, Avg:  0.0, Max: 0, Diff: 0, Sum: 0, Workers: 4
[5266.805s][debug][gc,phases      ] GC(159)   StringDedup Requests0 Weak     Min: 0.00, Avg: 0.00, Max: 0.00, Diff: 0.00, Sum: 0.00, Workers: 4
[5266.805s][debug][gc,phases      ] GC(159)     Dead                           Min: 0, Avg:  0.0, Max: 0, Diff: 0, Sum: 0, Workers: 4
[5266.805s][debug][gc,phases      ] GC(159)     Total                          Min: 0, Avg:  0.0, Max: 0, Diff: 0, Sum: 0, Workers: 4
[5266.805s][debug][gc,phases      ] GC(159)   StringDedup Requests1 Weak     Min: 0.00, Avg: 0.00, Max: 0.00, Diff: 0.00, Sum: 0.00, Workers: 4
[5266.805s][debug][gc,phases      ] GC(159)     Dead                           Min: 0, Avg:  0.0, Max: 0, Diff: 0, Sum: 0, Workers: 4
[5266.805s][debug][gc,phases      ] GC(159)     Total                          Min: 0, Avg:  0.0, Max: 0, Diff: 0, Sum: 0, Workers: 4
[5266.805s][debug][gc,phases      ] GC(159)   Weak JFR Old Object Samples    Min: 0.00, Avg: 0.00, Max: 0.00, Diff: 0.00, Sum: 0.00, Workers: 4
[5266.805s][debug][gc,phases      ] GC(159)     Dead                           Min: 0, Avg:  0.0, Max: 0, Diff: 0, Sum: 0, Workers: 4
[5266.805s][debug][gc,phases      ] GC(159)     Total                          Min: 0, Avg:  0.0, Max: 0, Diff: 0, Sum: 0, Workers: 4
[5266.805s][debug][gc,phases      ] GC(159) Weak Processing 0.374ms
[5266.805s][debug][gc,age         ] GC(159) Desired survivor size 33554432 bytes, new threshold 1 (max threshold 15)
[5266.805s][info ][gc,heap        ] GC(159) PSYoungGen: 2027600K(2059776K)->3680K(2064384K) Eden: 2023936K(2023936K)->0K(2030080K) From: 3664K(35840K)->3680K(34304K)
[5266.805s][info ][gc,heap        ] GC(159) ParOldGen: 599860K(837120K)->600676K(837120K)
[5266.805s][info ][gc,metaspace   ] GC(159) Metaspace: 110240K(111424K)->110240K(111424K) NonClass: 94377K(95040K)->94377K(95040K) Class: 15863K(16384K)->15863K(16384K)
[5266.805s][info ][gc             ] GC(159) Pause Young (Allocation Failure) 2565M->590M(2833M) 4.446ms
[5266.805s][info ][gc,cpu         ] GC(159) User=0.02s Sys=0.00s Real=0.00s
[5266.805s][info ][safepoint      ] Safepoint "ParallelCollectForAllocation", Time since last: 24195433756 ns, Reaching safepoint: 6500 ns, At safepoint: 4512701 ns, Leaving safepoint: 2200 ns, Total: 4521401 ns, Threads: 0 runnable, 35 total
[5292.010s][info ][gc,start       ] GC(160) Pause Young (Allocation Failure)
[5292.013s][debug][gc,phases      ] GC(160) Scavenge 2.955ms
[5292.013s][debug][gc,ref         ] GC(160) ReferenceProcessor::execute queues: 1, RefProcThreadModel::Single, marks_oops_alive: false
[5292.013s][debug][gc,ref         ] GC(160) Skipped KeepAliveFinalRefsPhase of Reference Processing: no references
[5292.013s][debug][gc,ref         ] GC(160) Skipped PhantomRefsPhase of Reference Processing: no references
[5292.013s][debug][gc,phases      ] GC(160) Reference Processing 0.115ms
[5292.013s][debug][gc,phases      ] GC(160)   VM Weak                        Min: 0.00, Avg: 0.00, Max: 0.01, Diff: 0.01, Sum: 0.01, Workers: 4
[5292.013s][debug][gc,phases      ] GC(160)     Dead                           Min: 0, Avg:  0.0, Max: 0, Diff: 0, Sum: 0, Workers: 4
[5292.013s][debug][gc,phases      ] GC(160)     Total                          Min: 18, Avg: 212.5, Max: 576, Diff: 558, Sum: 850, Workers: 4
[5292.013s][debug][gc,phases      ] GC(160)   ObjectSynchronizer Weak        Min: 0.00, Avg: 0.00, Max: 0.00, Diff: 0.00, Sum: 0.00, Workers: 4
[5292.013s][debug][gc,phases      ] GC(160)     Dead                           Min: 0, Avg:  0.0, Max: 0, Diff: 0, Sum: 0, Workers: 4
[5292.013s][debug][gc,phases      ] GC(160)     Total                          Min: 0, Avg:  1.2, Max: 5, Diff: 5, Sum: 5, Workers: 4
[5292.013s][debug][gc,phases      ] GC(160)   JVMTI Tag Weak OopStorage      Min: 0.00, Avg: 0.00, Max: 0.00, Diff: 0.00, Sum: 0.00, Workers: 4
[5292.013s][debug][gc,phases      ] GC(160)     Dead                           Min: 0, Avg:  0.0, Max: 0, Diff: 0, Sum: 0, Workers: 4
[5292.013s][debug][gc,phases      ] GC(160)     Total                          Min: 0, Avg:  0.0, Max: 0, Diff: 0, Sum: 0, Workers: 4
[5292.013s][debug][gc,phases      ] GC(160)   StringTable Weak               Min: 0.12, Avg: 0.12, Max: 0.12, Diff: 0.00, Sum: 0.49, Workers: 4
[5292.013s][debug][gc,phases      ] GC(160)     Dead                           Min: 0, Avg:  0.0, Max: 0, Diff: 0, Sum: 0, Workers: 4
[5292.013s][debug][gc,phases      ] GC(160)     Total                          Min: 12351, Avg: 12555.8, Max: 12863, Diff: 512, Sum: 50223, Workers: 4
[5292.013s][debug][gc,phases      ] GC(160)   ResolvedMethodTable Weak       Min: 0.04, Avg: 0.04, Max: 0.04, Diff: 0.00, Sum: 0.17, Workers: 4
[5292.013s][debug][gc,phases      ] GC(160)     Dead                           Min: 0, Avg:  5.0, Max: 16, Diff: 16, Sum: 20, Workers: 4
[5292.013s][debug][gc,phases      ] GC(160)     Total                          Min: 3936, Avg: 4022.0, Max: 4086, Diff: 150, Sum: 16088, Workers: 4
[5292.013s][debug][gc,phases      ] GC(160)   JNI Weak                       Min: 0.00, Avg: 0.00, Max: 0.00, Diff: 0.00, Sum: 0.00, Workers: 4
[5292.013s][debug][gc,phases      ] GC(160)     Dead                           Min: 0, Avg:  0.0, Max: 0, Diff: 0, Sum: 0, Workers: 4
[5292.013s][debug][gc,phases      ] GC(160)     Total                          Min: 0, Avg: 13.0, Max: 52, Diff: 52, Sum: 52, Workers: 4
[5292.013s][debug][gc,phases      ] GC(160)   StringDedup Table Weak         Min: 0.00, Avg: 0.00, Max: 0.00, Diff: 0.00, Sum: 0.00, Workers: 4
[5292.013s][debug][gc,phases      ] GC(160)     Dead                           Min: 0, Avg:  0.0, Max: 0, Diff: 0, Sum: 0, Workers: 4
[5292.013s][debug][gc,phases      ] GC(160)     Total                          Min: 0, Avg:  0.0, Max: 0, Diff: 0, Sum: 0, Workers: 4
[5292.013s][debug][gc,phases      ] GC(160)   StringDedup Requests0 Weak     Min: 0.00, Avg: 0.00, Max: 0.00, Diff: 0.00, Sum: 0.00, Workers: 4
[5292.013s][debug][gc,phases      ] GC(160)     Dead                           Min: 0, Avg:  0.0, Max: 0, Diff: 0, Sum: 0, Workers: 4
[5292.013s][debug][gc,phases      ] GC(160)     Total                          Min: 0, Avg:  0.0, Max: 0, Diff: 0, Sum: 0, Workers: 4
[5292.013s][debug][gc,phases      ] GC(160)   StringDedup Requests1 Weak     Min: 0.00, Avg: 0.00, Max: 0.00, Diff: 0.00, Sum: 0.00, Workers: 4
[5292.013s][debug][gc,phases      ] GC(160)     Dead                           Min: 0, Avg:  0.0, Max: 0, Diff: 0, Sum: 0, Workers: 4
[5292.013s][debug][gc,phases      ] GC(160)     Total                          Min: 0, Avg:  0.0, Max: 0, Diff: 0, Sum: 0, Workers: 4
[5292.013s][debug][gc,phases      ] GC(160)   Weak JFR Old Object Samples    Min: 0.00, Avg: 0.00, Max: 0.00, Diff: 0.00, Sum: 0.00, Workers: 4
[5292.013s][debug][gc,phases      ] GC(160)     Dead                           Min: 0, Avg:  0.0, Max: 0, Diff: 0, Sum: 0, Workers: 4
[5292.013s][debug][gc,phases      ] GC(160)     Total                          Min: 0, Avg:  0.0, Max: 0, Diff: 0, Sum: 0, Workers: 4
[5292.013s][debug][gc,phases      ] GC(160) Weak Processing 0.354ms
[5292.013s][debug][gc,age         ] GC(160) Desired survivor size 31981568 bytes, new threshold 1 (max threshold 15)
[5292.013s][info ][gc,heap        ] GC(160) PSYoungGen: 2033760K(2064384K)->3392K(2062848K) Eden: 2030080K(2030080K)->0K(2030080K) From: 3680K(34304K)->3392K(32768K)
[5292.013s][info ][gc,heap        ] GC(160) ParOldGen: 600676K(837120K)->601640K(837120K)
[5292.013s][info ][gc,metaspace   ] GC(160) Metaspace: 110245K(111424K)->110245K(111424K) NonClass: 94382K(95040K)->94382K(95040K) Class: 15863K(16384K)->15863K(16384K)
[5292.013s][info ][gc             ] GC(160) Pause Young (Allocation Failure) 2572M->590M(2832M) 3.546ms
[5292.013s][info ][gc,cpu         ] GC(160) User=0.01s Sys=0.00s Real=0.00s
[5292.013s][info ][safepoint      ] Safepoint "ParallelCollectForAllocation", Time since last: 25204818917 ns, Reaching safepoint: 32900 ns, At safepoint: 3613699 ns, Leaving safepoint: 2300 ns, Total: 3648899 ns, Threads: 0 runnable, 33 total
[5314.503s][info ][gc,start       ] GC(161) Pause Young (Allocation Failure)
[5314.508s][debug][gc,phases      ] GC(161) Scavenge 4.159ms
[5314.508s][debug][gc,ref         ] GC(161) Skipped SoftWeakFinalRefsPhase of Reference Processing: no references
[5314.508s][debug][gc,ref         ] GC(161) Skipped KeepAliveFinalRefsPhase of Reference Processing: no references
[5314.508s][debug][gc,ref         ] GC(161) Skipped PhantomRefsPhase of Reference Processing: no references
[5314.508s][debug][gc,phases      ] GC(161) Reference Processing 0.019ms
[5314.508s][debug][gc,phases      ] GC(161)   VM Weak                        Min: 0.00, Avg: 0.00, Max: 0.01, Diff: 0.00, Sum: 0.01, Workers: 4
[5314.508s][debug][gc,phases      ] GC(161)     Dead                           Min: 0, Avg:  0.0, Max: 0, Diff: 0, Sum: 0, Workers: 4
[5314.508s][debug][gc,phases      ] GC(161)     Total                          Min: 0, Avg: 212.5, Max: 448, Diff: 448, Sum: 850, Workers: 4
[5314.508s][debug][gc,phases      ] GC(161)   ObjectSynchronizer Weak        Min: 0.00, Avg: 0.00, Max: 0.00, Diff: 0.00, Sum: 0.00, Workers: 4
[5314.508s][debug][gc,phases      ] GC(161)     Dead                           Min: 0, Avg:  0.0, Max: 0, Diff: 0, Sum: 0, Workers: 4
[5314.508s][debug][gc,phases      ] GC(161)     Total                          Min: 0, Avg:  1.5, Max: 6, Diff: 6, Sum: 6, Workers: 4
[5314.508s][debug][gc,phases      ] GC(161)   JVMTI Tag Weak OopStorage      Min: 0.00, Avg: 0.00, Max: 0.00, Diff: 0.00, Sum: 0.00, Workers: 4
[5314.508s][debug][gc,phases      ] GC(161)     Dead                           Min: 0, Avg:  0.0, Max: 0, Diff: 0, Sum: 0, Workers: 4
[5314.508s][debug][gc,phases      ] GC(161)     Total                          Min: 0, Avg:  0.0, Max: 0, Diff: 0, Sum: 0, Workers: 4
[5314.508s][debug][gc,phases      ] GC(161)   StringTable Weak               Min: 0.14, Avg: 0.14, Max: 0.14, Diff: 0.00, Sum: 0.56, Workers: 4
[5314.508s][debug][gc,phases      ] GC(161)     Dead                           Min: 0, Avg:  0.0, Max: 0, Diff: 0, Sum: 0, Workers: 4
[5314.508s][debug][gc,phases      ] GC(161)     Total                          Min: 12416, Avg: 12555.8, Max: 12670, Diff: 254, Sum: 50223, Workers: 4
[5314.508s][debug][gc,phases      ] GC(161)   ResolvedMethodTable Weak       Min: 0.04, Avg: 0.04, Max: 0.04, Diff: 0.00, Sum: 0.17, Workers: 4
[5314.508s][debug][gc,phases      ] GC(161)     Dead                           Min: 0, Avg:  5.0, Max: 14, Diff: 14, Sum: 20, Workers: 4
[5314.508s][debug][gc,phases      ] GC(161)     Total                          Min: 3902, Avg: 4022.0, Max: 4154, Diff: 252, Sum: 16088, Workers: 4
[5314.508s][debug][gc,phases      ] GC(161)   JNI Weak                       Min: 0.00, Avg: 0.00, Max: 0.00, Diff: 0.00, Sum: 0.00, Workers: 4
[5314.508s][debug][gc,phases      ] GC(161)     Dead                           Min: 0, Avg:  0.0, Max: 0, Diff: 0, Sum: 0, Workers: 4
[5314.508s][debug][gc,phases      ] GC(161)     Total                          Min: 0, Avg: 13.0, Max: 52, Diff: 52, Sum: 52, Workers: 4
[5314.508s][debug][gc,phases      ] GC(161)   StringDedup Table Weak         Min: 0.00, Avg: 0.00, Max: 0.00, Diff: 0.00, Sum: 0.00, Workers: 4
[5314.508s][debug][gc,phases      ] GC(161)     Dead                           Min: 0, Avg:  0.0, Max: 0, Diff: 0, Sum: 0, Workers: 4
[5314.508s][debug][gc,phases      ] GC(161)     Total                          Min: 0, Avg:  0.0, Max: 0, Diff: 0, Sum: 0, Workers: 4
[5314.508s][debug][gc,phases      ] GC(161)   StringDedup Requests0 Weak     Min: 0.00, Avg: 0.00, Max: 0.00, Diff: 0.00, Sum: 0.00, Workers: 4
[5314.508s][debug][gc,phases      ] GC(161)     Dead                           Min: 0, Avg:  0.0, Max: 0, Diff: 0, Sum: 0, Workers: 4
[5314.508s][debug][gc,phases      ] GC(161)     Total                          Min: 0, Avg:  0.0, Max: 0, Diff: 0, Sum: 0, Workers: 4
[5314.508s][debug][gc,phases      ] GC(161)   StringDedup Requests1 Weak     Min: 0.00, Avg: 0.00, Max: 0.00, Diff: 0.00, Sum: 0.00, Workers: 4
[5314.508s][debug][gc,phases      ] GC(161)     Dead                           Min: 0, Avg:  0.0, Max: 0, Diff: 0, Sum: 0, Workers: 4
[5314.508s][debug][gc,phases      ] GC(161)     Total                          Min: 0, Avg:  0.0, Max: 0, Diff: 0, Sum: 0, Workers: 4
[5314.508s][debug][gc,phases      ] GC(161)   Weak JFR Old Object Samples    Min: 0.00, Avg: 0.00, Max: 0.00, Diff: 0.00, Sum: 0.00, Workers: 4
[5314.508s][debug][gc,phases      ] GC(161)     Dead                           Min: 0, Avg:  0.0, Max: 0, Diff: 0, Sum: 0, Workers: 4
[5314.508s][debug][gc,phases      ] GC(161)     Total                          Min: 0, Avg:  0.0, Max: 0, Diff: 0, Sum: 0, Workers: 4
[5314.508s][debug][gc,phases      ] GC(161) Weak Processing 0.383ms
[5314.508s][debug][gc,age         ] GC(161) Desired survivor size 30408704 bytes, new threshold 1 (max threshold 15)
[5314.508s][info ][gc,heap        ] GC(161) PSYoungGen: 2033472K(2062848K)->4000K(2067456K) Eden: 2030080K(2030080K)->0K(2036224K) From: 3392K(32768K)->4000K(31232K)
[5314.508s][info ][gc,heap        ] GC(161) ParOldGen: 601640K(837120K)->602164K(837120K)
[5314.508s][info ][gc,metaspace   ] GC(161) Metaspace: 110247K(111424K)->110247K(111424K) NonClass: 94383K(95040K)->94383K(95040K) Class: 15863K(16384K)->15863K(16384K)
[5314.508s][info ][gc             ] GC(161) Pause Young (Allocation Failure) 2573M->591M(2836M) 4.678ms
[5314.508s][info ][gc,cpu         ] GC(161) User=0.02s Sys=0.00s Real=0.00s
[5314.508s][info ][safepoint      ] Safepoint "ParallelCollectForAllocation", Time since last: 22490161013 ns, Reaching safepoint: 6700 ns, At safepoint: 4742599 ns, Leaving safepoint: 3300 ns, Total: 4752599 ns, Threads: 0 runnable, 32 total
[5337.549s][info ][gc,start       ] GC(162) Pause Young (Allocation Failure)
[5337.553s][debug][gc,phases      ] GC(162) Scavenge 3.604ms
[5337.553s][debug][gc,ref         ] GC(162) ReferenceProcessor::execute queues: 1, RefProcThreadModel::Single, marks_oops_alive: false
[5337.553s][debug][gc,ref         ] GC(162) Skipped KeepAliveFinalRefsPhase of Reference Processing: no references
[5337.553s][debug][gc,ref         ] GC(162) Skipped PhantomRefsPhase of Reference Processing: no references
[5337.553s][debug][gc,phases      ] GC(162) Reference Processing 0.131ms
[5337.553s][debug][gc,phases      ] GC(162)   VM Weak                        Min: 0.00, Avg: 0.00, Max: 0.01, Diff: 0.01, Sum: 0.01, Workers: 4
[5337.553s][debug][gc,phases      ] GC(162)     Dead                           Min: 0, Avg:  0.0, Max: 0, Diff: 0, Sum: 0, Workers: 4
[5337.553s][debug][gc,phases      ] GC(162)     Total                          Min: 0, Avg: 212.5, Max: 658, Diff: 658, Sum: 850, Workers: 4
[5337.553s][debug][gc,phases      ] GC(162)   ObjectSynchronizer Weak        Min: 0.00, Avg: 0.00, Max: 0.00, Diff: 0.00, Sum: 0.00, Workers: 4
[5337.553s][debug][gc,phases      ] GC(162)     Dead                           Min: 0, Avg:  0.0, Max: 0, Diff: 0, Sum: 0, Workers: 4
[5337.553s][debug][gc,phases      ] GC(162)     Total                          Min: 0, Avg:  1.5, Max: 6, Diff: 6, Sum: 6, Workers: 4
[5337.553s][debug][gc,phases      ] GC(162)   JVMTI Tag Weak OopStorage      Min: 0.00, Avg: 0.00, Max: 0.00, Diff: 0.00, Sum: 0.00, Workers: 4
[5337.553s][debug][gc,phases      ] GC(162)     Dead                           Min: 0, Avg:  0.0, Max: 0, Diff: 0, Sum: 0, Workers: 4
[5337.553s][debug][gc,phases      ] GC(162)     Total                          Min: 0, Avg:  0.0, Max: 0, Diff: 0, Sum: 0, Workers: 4
[5337.553s][debug][gc,phases      ] GC(162)   StringTable Weak               Min: 0.00, Avg: 0.10, Max: 0.14, Diff: 0.14, Sum: 0.41, Workers: 4
[5337.553s][debug][gc,phases      ] GC(162)     Dead                           Min: 0, Avg:  0.0, Max: 0, Diff: 0, Sum: 0, Workers: 4
[5337.553s][debug][gc,phases      ] GC(162)     Total                          Min: 0, Avg: 12555.8, Max: 20798, Diff: 20798, Sum: 50223, Workers: 4
[5337.553s][debug][gc,phases      ] GC(162)   ResolvedMethodTable Weak       Min: 0.00, Avg: 0.03, Max: 0.05, Diff: 0.05, Sum: 0.14, Workers: 4
[5337.553s][debug][gc,phases      ] GC(162)     Dead                           Min: 0, Avg:  5.0, Max: 12, Diff: 12, Sum: 20, Workers: 4
[5337.553s][debug][gc,phases      ] GC(162)     Total                          Min: 0, Avg: 4022.0, Max: 6715, Diff: 6715, Sum: 16088, Workers: 4
[5337.553s][debug][gc,phases      ] GC(162)   JNI Weak                       Min: 0.00, Avg: 0.00, Max: 0.00, Diff: 0.00, Sum: 0.00, Workers: 4
[5337.553s][debug][gc,phases      ] GC(162)     Dead                           Min: 0, Avg:  0.0, Max: 0, Diff: 0, Sum: 0, Workers: 4
[5337.553s][debug][gc,phases      ] GC(162)     Total                          Min: 0, Avg: 13.0, Max: 52, Diff: 52, Sum: 52, Workers: 4
[5337.553s][debug][gc,phases      ] GC(162)   StringDedup Table Weak         Min: 0.00, Avg: 0.00, Max: 0.00, Diff: 0.00, Sum: 0.00, Workers: 4
[5337.553s][debug][gc,phases      ] GC(162)     Dead                           Min: 0, Avg:  0.0, Max: 0, Diff: 0, Sum: 0, Workers: 4
[5337.553s][debug][gc,phases      ] GC(162)     Total                          Min: 0, Avg:  0.0, Max: 0, Diff: 0, Sum: 0, Workers: 4
[5337.553s][debug][gc,phases      ] GC(162)   StringDedup Requests0 Weak     Min: 0.00, Avg: 0.00, Max: 0.00, Diff: 0.00, Sum: 0.00, Workers: 4
[5337.553s][debug][gc,phases      ] GC(162)     Dead                           Min: 0, Avg:  0.0, Max: 0, Diff: 0, Sum: 0, Workers: 4
[5337.553s][debug][gc,phases      ] GC(162)     Total                          Min: 0, Avg:  0.0, Max: 0, Diff: 0, Sum: 0, Workers: 4
[5337.553s][debug][gc,phases      ] GC(162)   StringDedup Requests1 Weak     Min: 0.00, Avg: 0.00, Max: 0.00, Diff: 0.00, Sum: 0.00, Workers: 4
[5337.553s][debug][gc,phases      ] GC(162)     Dead                           Min: 0, Avg:  0.0, Max: 0, Diff: 0, Sum: 0, Workers: 4
[5337.553s][debug][gc,phases      ] GC(162)     Total                          Min: 0, Avg:  0.0, Max: 0, Diff: 0, Sum: 0, Workers: 4
[5337.553s][debug][gc,phases      ] GC(162)   Weak JFR Old Object Samples    Min: 0.00, Avg: 0.00, Max: 0.00, Diff: 0.00, Sum: 0.00, Workers: 4
[5337.553s][debug][gc,phases      ] GC(162)     Dead                           Min: 0, Avg:  0.0, Max: 0, Diff: 0, Sum: 0, Workers: 4
[5337.553s][debug][gc,phases      ] GC(162)     Total                          Min: 0, Avg:  0.0, Max: 0, Diff: 0, Sum: 0, Workers: 4
[5337.553s][debug][gc,phases      ] GC(162) Weak Processing 0.377ms
[5337.553s][debug][gc,age         ] GC(162) Desired survivor size 28835840 bytes, new threshold 1 (max threshold 15)
[5337.553s][info ][gc,heap        ] GC(162) PSYoungGen: 2040224K(2067456K)->3504K(2065920K) Eden: 2036224K(2036224K)->0K(2036224K) From: 4000K(31232K)->3504K(29696K)
[5337.553s][info ][gc,heap        ] GC(162) ParOldGen: 602164K(837120K)->603212K(837120K)
[5337.553s][info ][gc,metaspace   ] GC(162) Metaspace: 110247K(111424K)->110247K(111424K) NonClass: 94384K(95040K)->94384K(95040K) Class: 15863K(16384K)->15863K(16384K)
[5337.553s][info ][gc             ] GC(162) Pause Young (Allocation Failure) 2580M->592M(2835M) 4.226ms
[5337.553s][info ][gc,cpu         ] GC(162) User=0.01s Sys=0.00s Real=0.00s
[5337.554s][info ][safepoint      ] Safepoint "ParallelCollectForAllocation", Time since last: 23041070561 ns, Reaching safepoint: 31700 ns, At safepoint: 4292062 ns, Leaving safepoint: 2400 ns, Total: 4326162 ns, Threads: 0 runnable, 32 total
[5364.198s][info ][gc,start       ] GC(163) Pause Young (Allocation Failure)
[5364.202s][debug][gc,phases      ] GC(163) Scavenge 3.575ms
[5364.202s][debug][gc,ref         ] GC(163) ReferenceProcessor::execute queues: 1, RefProcThreadModel::Single, marks_oops_alive: false
[5364.202s][debug][gc,ref         ] GC(163) Skipped KeepAliveFinalRefsPhase of Reference Processing: no references
[5364.202s][debug][gc,ref         ] GC(163) Skipped PhantomRefsPhase of Reference Processing: no references
[5364.202s][debug][gc,phases      ] GC(163) Reference Processing 0.104ms
[5364.202s][debug][gc,phases      ] GC(163)   VM Weak                        Min: 0.00, Avg: 0.00, Max: 0.01, Diff: 0.01, Sum: 0.01, Workers: 4
[5364.202s][debug][gc,phases      ] GC(163)     Dead                           Min: 0, Avg:  0.0, Max: 0, Diff: 0, Sum: 0, Workers: 4
[5364.202s][debug][gc,phases      ] GC(163)     Total                          Min: 0, Avg: 212.5, Max: 768, Diff: 768, Sum: 850, Workers: 4
[5364.202s][debug][gc,phases      ] GC(163)   ObjectSynchronizer Weak        Min: 0.00, Avg: 0.00, Max: 0.00, Diff: 0.00, Sum: 0.00, Workers: 4
[5364.202s][debug][gc,phases      ] GC(163)     Dead                           Min: 0, Avg:  0.0, Max: 0, Diff: 0, Sum: 0, Workers: 4
[5364.202s][debug][gc,phases      ] GC(163)     Total                          Min: 0, Avg:  1.5, Max: 6, Diff: 6, Sum: 6, Workers: 4
[5364.202s][debug][gc,phases      ] GC(163)   JVMTI Tag Weak OopStorage      Min: 0.00, Avg: 0.00, Max: 0.00, Diff: 0.00, Sum: 0.00, Workers: 4
[5364.202s][debug][gc,phases      ] GC(163)     Dead                           Min: 0, Avg:  0.0, Max: 0, Diff: 0, Sum: 0, Workers: 4
[5364.202s][debug][gc,phases      ] GC(163)     Total                          Min: 0, Avg:  0.0, Max: 0, Diff: 0, Sum: 0, Workers: 4
[5364.202s][debug][gc,phases      ] GC(163)   StringTable Weak               Min: 0.12, Avg: 0.12, Max: 0.12, Diff: 0.00, Sum: 0.49, Workers: 4
[5364.202s][debug][gc,phases      ] GC(163)     Dead                           Min: 0, Avg:  0.0, Max: 0, Diff: 0, Sum: 0, Workers: 4
[5364.202s][debug][gc,phases      ] GC(163)     Total                          Min: 12223, Avg: 12555.8, Max: 12927, Diff: 704, Sum: 50223, Workers: 4
[5364.202s][debug][gc,phases      ] GC(163)   ResolvedMethodTable Weak       Min: 0.04, Avg: 0.04, Max: 0.04, Diff: 0.00, Sum: 0.16, Workers: 4
[5364.202s][debug][gc,phases      ] GC(163)     Dead                           Min: 0, Avg:  5.0, Max: 8, Diff: 8, Sum: 20, Workers: 4
[5364.202s][debug][gc,phases      ] GC(163)     Total                          Min: 3998, Avg: 4022.0, Max: 4043, Diff: 45, Sum: 16088, Workers: 4
[5364.202s][debug][gc,phases      ] GC(163)   JNI Weak                       Min: 0.00, Avg: 0.00, Max: 0.00, Diff: 0.00, Sum: 0.00, Workers: 4
[5364.202s][debug][gc,phases      ] GC(163)     Dead                           Min: 0, Avg:  0.0, Max: 0, Diff: 0, Sum: 0, Workers: 4
[5364.202s][debug][gc,phases      ] GC(163)     Total                          Min: 0, Avg: 13.0, Max: 52, Diff: 52, Sum: 52, Workers: 4
[5364.202s][debug][gc,phases      ] GC(163)   StringDedup Table Weak         Min: 0.00, Avg: 0.00, Max: 0.00, Diff: 0.00, Sum: 0.00, Workers: 4
[5364.202s][debug][gc,phases      ] GC(163)     Dead                           Min: 0, Avg:  0.0, Max: 0, Diff: 0, Sum: 0, Workers: 4
[5364.202s][debug][gc,phases      ] GC(163)     Total                          Min: 0, Avg:  0.0, Max: 0, Diff: 0, Sum: 0, Workers: 4
[5364.202s][debug][gc,phases      ] GC(163)   StringDedup Requests0 Weak     Min: 0.00, Avg: 0.00, Max: 0.00, Diff: 0.00, Sum: 0.00, Workers: 4
[5364.202s][debug][gc,phases      ] GC(163)     Dead                           Min: 0, Avg:  0.0, Max: 0, Diff: 0, Sum: 0, Workers: 4
[5364.202s][debug][gc,phases      ] GC(163)     Total                          Min: 0, Avg:  0.0, Max: 0, Diff: 0, Sum: 0, Workers: 4
[5364.202s][debug][gc,phases      ] GC(163)   StringDedup Requests1 Weak     Min: 0.00, Avg: 0.00, Max: 0.00, Diff: 0.00, Sum: 0.00, Workers: 4
[5364.202s][debug][gc,phases      ] GC(163)     Dead                           Min: 0, Avg:  0.0, Max: 0, Diff: 0, Sum: 0, Workers: 4
[5364.202s][debug][gc,phases      ] GC(163)     Total                          Min: 0, Avg:  0.0, Max: 0, Diff: 0, Sum: 0, Workers: 4
[5364.202s][debug][gc,phases      ] GC(163)   Weak JFR Old Object Samples    Min: 0.00, Avg: 0.00, Max: 0.00, Diff: 0.00, Sum: 0.00, Workers: 4
[5364.202s][debug][gc,phases      ] GC(163)     Dead                           Min: 0, Avg:  0.0, Max: 0, Diff: 0, Sum: 0, Workers: 4
[5364.202s][debug][gc,phases      ] GC(163)     Total                          Min: 0, Avg:  0.0, Max: 0, Diff: 0, Sum: 0, Workers: 4
[5364.202s][debug][gc,phases      ] GC(163) Weak Processing 0.339ms
[5364.202s][debug][gc,age         ] GC(163) Desired survivor size 27262976 bytes, new threshold 1 (max threshold 15)
[5364.202s][info ][gc,heap        ] GC(163) PSYoungGen: 2039728K(2065920K)->3392K(2070528K) Eden: 2036224K(2036224K)->0K(2042368K) From: 3504K(29696K)->3392K(28160K)
[5364.202s][info ][gc,heap        ] GC(163) ParOldGen: 603212K(837120K)->603937K(837120K)
[5364.202s][info ][gc,metaspace   ] GC(163) Metaspace: 110249K(111424K)->110249K(111424K) NonClass: 94385K(95040K)->94385K(95040K) Class: 15863K(16384K)->15863K(16384K)
[5364.202s][info ][gc             ] GC(163) Pause Young (Allocation Failure) 2580M->593M(2839M) 4.146ms
[5364.203s][info ][gc,cpu         ] GC(163) User=0.02s Sys=0.00s Real=0.01s
[5364.203s][info ][safepoint      ] Safepoint "ParallelCollectForAllocation", Time since last: 26644773939 ns, Reaching safepoint: 37100 ns, At safepoint: 4213494 ns, Leaving safepoint: 2500 ns, Total: 4253094 ns, Threads: 0 runnable, 33 total
[5387.758s][info ][gc,start       ] GC(164) Pause Young (Allocation Failure)
[5387.763s][debug][gc,phases      ] GC(164) Scavenge 4.214ms
[5387.763s][debug][gc,ref         ] GC(164) ReferenceProcessor::execute queues: 1, RefProcThreadModel::Single, marks_oops_alive: false
[5387.763s][debug][gc,ref         ] GC(164) Skipped KeepAliveFinalRefsPhase of Reference Processing: no references
[5387.763s][debug][gc,ref         ] GC(164) Skipped PhantomRefsPhase of Reference Processing: no references
[5387.763s][debug][gc,phases      ] GC(164) Reference Processing 0.106ms
[5387.763s][debug][gc,phases      ] GC(164)   VM Weak                        Min: 0.00, Avg: 0.00, Max: 0.01, Diff: 0.01, Sum: 0.01, Workers: 4
[5387.763s][debug][gc,phases      ] GC(164)     Dead                           Min: 0, Avg:  0.0, Max: 0, Diff: 0, Sum: 0, Workers: 4
[5387.763s][debug][gc,phases      ] GC(164)     Total                          Min: 0, Avg: 212.5, Max: 576, Diff: 576, Sum: 850, Workers: 4
[5387.763s][debug][gc,phases      ] GC(164)   ObjectSynchronizer Weak        Min: 0.00, Avg: 0.00, Max: 0.00, Diff: 0.00, Sum: 0.00, Workers: 4
[5387.763s][debug][gc,phases      ] GC(164)     Dead                           Min: 0, Avg:  0.0, Max: 0, Diff: 0, Sum: 0, Workers: 4
[5387.763s][debug][gc,phases      ] GC(164)     Total                          Min: 0, Avg:  1.5, Max: 6, Diff: 6, Sum: 6, Workers: 4
[5387.763s][debug][gc,phases      ] GC(164)   JVMTI Tag Weak OopStorage      Min: 0.00, Avg: 0.00, Max: 0.00, Diff: 0.00, Sum: 0.00, Workers: 4
[5387.763s][debug][gc,phases      ] GC(164)     Dead                           Min: 0, Avg:  0.0, Max: 0, Diff: 0, Sum: 0, Workers: 4
[5387.763s][debug][gc,phases      ] GC(164)     Total                          Min: 0, Avg:  0.0, Max: 0, Diff: 0, Sum: 0, Workers: 4
[5387.763s][debug][gc,phases      ] GC(164)   StringTable Weak               Min: 0.13, Avg: 0.13, Max: 0.14, Diff: 0.00, Sum: 0.54, Workers: 4
[5387.763s][debug][gc,phases      ] GC(164)     Dead                           Min: 0, Avg:  0.0, Max: 0, Diff: 0, Sum: 0, Workers: 4
[5387.763s][debug][gc,phases      ] GC(164)     Total                          Min: 12224, Avg: 12564.2, Max: 12928, Diff: 704, Sum: 50257, Workers: 4
[5387.763s][debug][gc,phases      ] GC(164)   ResolvedMethodTable Weak       Min: 0.04, Avg: 0.04, Max: 0.04, Diff: 0.00, Sum: 0.16, Workers: 4
[5387.763s][debug][gc,phases      ] GC(164)     Dead                           Min: 0, Avg:  5.0, Max: 17, Diff: 17, Sum: 20, Workers: 4
[5387.763s][debug][gc,phases      ] GC(164)     Total                          Min: 3964, Avg: 4022.0, Max: 4082, Diff: 118, Sum: 16088, Workers: 4
[5387.763s][debug][gc,phases      ] GC(164)   JNI Weak                       Min: 0.00, Avg: 0.00, Max: 0.00, Diff: 0.00, Sum: 0.00, Workers: 4
[5387.763s][debug][gc,phases      ] GC(164)     Dead                           Min: 0, Avg:  0.0, Max: 0, Diff: 0, Sum: 0, Workers: 4
[5387.763s][debug][gc,phases      ] GC(164)     Total                          Min: 0, Avg: 13.0, Max: 52, Diff: 52, Sum: 52, Workers: 4
[5387.763s][debug][gc,phases      ] GC(164)   StringDedup Table Weak         Min: 0.00, Avg: 0.00, Max: 0.00, Diff: 0.00, Sum: 0.00, Workers: 4
[5387.763s][debug][gc,phases      ] GC(164)     Dead                           Min: 0, Avg:  0.0, Max: 0, Diff: 0, Sum: 0, Workers: 4
[5387.763s][debug][gc,phases      ] GC(164)     Total                          Min: 0, Avg:  0.0, Max: 0, Diff: 0, Sum: 0, Workers: 4
[5387.763s][debug][gc,phases      ] GC(164)   StringDedup Requests0 Weak     Min: 0.00, Avg: 0.00, Max: 0.00, Diff: 0.00, Sum: 0.00, Workers: 4
[5387.763s][debug][gc,phases      ] GC(164)     Dead                           Min: 0, Avg:  0.0, Max: 0, Diff: 0, Sum: 0, Workers: 4
[5387.763s][debug][gc,phases      ] GC(164)     Total                          Min: 0, Avg:  0.0, Max: 0, Diff: 0, Sum: 0, Workers: 4
[5387.763s][debug][gc,phases      ] GC(164)   StringDedup Requests1 Weak     Min: 0.00, Avg: 0.00, Max: 0.00, Diff: 0.00, Sum: 0.00, Workers: 4
[5387.763s][debug][gc,phases      ] GC(164)     Dead                           Min: 0, Avg:  0.0, Max: 0, Diff: 0, Sum: 0, Workers: 4
[5387.763s][debug][gc,phases      ] GC(164)     Total                          Min: 0, Avg:  0.0, Max: 0, Diff: 0, Sum: 0, Workers: 4
[5387.763s][debug][gc,phases      ] GC(164)   Weak JFR Old Object Samples    Min: 0.00, Avg: 0.00, Max: 0.00, Diff: 0.00, Sum: 0.00, Workers: 4
[5387.763s][debug][gc,phases      ] GC(164)     Dead                           Min: 0, Avg:  0.0, Max: 0, Diff: 0, Sum: 0, Workers: 4
[5387.763s][debug][gc,phases      ] GC(164)     Total                          Min: 0, Avg:  0.0, Max: 0, Diff: 0, Sum: 0, Workers: 4
[5387.763s][debug][gc,phases      ] GC(164) Weak Processing 0.368ms
[5387.763s][debug][gc,age         ] GC(164) Desired survivor size 25690112 bytes, new threshold 1 (max threshold 15)
[5387.763s][info ][gc,heap        ] GC(164) PSYoungGen: 2045760K(2070528K)->4208K(2068992K) Eden: 2042368K(2042368K)->0K(2042368K) From: 3392K(28160K)->4208K(26624K)
[5387.763s][info ][gc,heap        ] GC(164) ParOldGen: 603937K(837120K)->604557K(837120K)
[5387.763s][info ][gc,metaspace   ] GC(164) Metaspace: 110251K(111424K)->110251K(111424K) NonClass: 94388K(95040K)->94388K(95040K) Class: 15863K(16384K)->15863K(16384K)
[5387.763s][info ][gc             ] GC(164) Pause Young (Allocation Failure) 2587M->594M(2838M) 4.801ms
[5387.763s][info ][gc,cpu         ] GC(164) User=0.02s Sys=0.00s Real=0.01s
[5387.763s][info ][safepoint      ] Safepoint "ParallelCollectForAllocation", Time since last: 23555893840 ns, Reaching safepoint: 32400 ns, At safepoint: 4870493 ns, Leaving safepoint: 3200 ns, Total: 4906093 ns, Threads: 0 runnable, 33 total
[5410.638s][info ][gc,start       ] GC(165) Pause Young (Allocation Failure)
[5410.652s][debug][gc,phases      ] GC(165) Scavenge 14.150ms
[5410.652s][debug][gc,ref         ] GC(165) Skipped SoftWeakFinalRefsPhase of Reference Processing: no references
[5410.652s][debug][gc,ref         ] GC(165) Skipped KeepAliveFinalRefsPhase of Reference Processing: no references
[5410.652s][debug][gc,ref         ] GC(165) Skipped PhantomRefsPhase of Reference Processing: no references
[5410.652s][debug][gc,phases      ] GC(165) Reference Processing 0.036ms
[5410.652s][debug][gc,phases      ] GC(165)   VM Weak                        Min: 0.00, Avg: 0.00, Max: 0.01, Diff: 0.01, Sum: 0.01, Workers: 4
[5410.652s][debug][gc,phases      ] GC(165)     Dead                           Min: 0, Avg:  0.0, Max: 0, Diff: 0, Sum: 0, Workers: 4
[5410.652s][debug][gc,phases      ] GC(165)     Total                          Min: 0, Avg: 212.5, Max: 530, Diff: 530, Sum: 850, Workers: 4
[5410.652s][debug][gc,phases      ] GC(165)   ObjectSynchronizer Weak        Min: 0.00, Avg: 0.00, Max: 0.00, Diff: 0.00, Sum: 0.00, Workers: 4
[5410.652s][debug][gc,phases      ] GC(165)     Dead                           Min: 0, Avg:  0.0, Max: 0, Diff: 0, Sum: 0, Workers: 4
[5410.652s][debug][gc,phases      ] GC(165)     Total                          Min: 0, Avg:  1.5, Max: 6, Diff: 6, Sum: 6, Workers: 4
[5410.652s][debug][gc,phases      ] GC(165)   JVMTI Tag Weak OopStorage      Min: 0.00, Avg: 0.00, Max: 0.00, Diff: 0.00, Sum: 0.00, Workers: 4
[5410.652s][debug][gc,phases      ] GC(165)     Dead                           Min: 0, Avg:  0.0, Max: 0, Diff: 0, Sum: 0, Workers: 4
[5410.652s][debug][gc,phases      ] GC(165)     Total                          Min: 0, Avg:  0.0, Max: 0, Diff: 0, Sum: 0, Workers: 4
[5410.652s][debug][gc,phases      ] GC(165)   StringTable Weak               Min: 0.00, Avg: 0.11, Max: 0.15, Diff: 0.15, Sum: 0.45, Workers: 4
[5410.652s][debug][gc,phases      ] GC(165)     Dead                           Min: 0, Avg:  0.0, Max: 0, Diff: 0, Sum: 0, Workers: 4
[5410.652s][debug][gc,phases      ] GC(165)     Total                          Min: 0, Avg: 12564.2, Max: 17873, Diff: 17873, Sum: 50257, Workers: 4
[5410.652s][debug][gc,phases      ] GC(165)   ResolvedMethodTable Weak       Min: 0.00, Avg: 0.04, Max: 0.05, Diff: 0.05, Sum: 0.15, Workers: 4
[5410.652s][debug][gc,phases      ] GC(165)     Dead                           Min: 0, Avg:  7.2, Max: 20, Diff: 20, Sum: 29, Workers: 4
[5410.652s][debug][gc,phases      ] GC(165)     Total                          Min: 0, Avg: 4022.0, Max: 5584, Diff: 5584, Sum: 16088, Workers: 4
[5410.652s][debug][gc,phases      ] GC(165)   JNI Weak                       Min: 0.00, Avg: 0.00, Max: 0.00, Diff: 0.00, Sum: 0.00, Workers: 4
[5410.652s][debug][gc,phases      ] GC(165)     Dead                           Min: 0, Avg:  0.0, Max: 0, Diff: 0, Sum: 0, Workers: 4
[5410.652s][debug][gc,phases      ] GC(165)     Total                          Min: 0, Avg: 13.0, Max: 52, Diff: 52, Sum: 52, Workers: 4
[5410.652s][debug][gc,phases      ] GC(165)   StringDedup Table Weak         Min: 0.00, Avg: 0.00, Max: 0.00, Diff: 0.00, Sum: 0.00, Workers: 4
[5410.652s][debug][gc,phases      ] GC(165)     Dead                           Min: 0, Avg:  0.0, Max: 0, Diff: 0, Sum: 0, Workers: 4
[5410.652s][debug][gc,phases      ] GC(165)     Total                          Min: 0, Avg:  0.0, Max: 0, Diff: 0, Sum: 0, Workers: 4
[5410.652s][debug][gc,phases      ] GC(165)   StringDedup Requests0 Weak     Min: 0.00, Avg: 0.00, Max: 0.00, Diff: 0.00, Sum: 0.00, Workers: 4
[5410.652s][debug][gc,phases      ] GC(165)     Dead                           Min: 0, Avg:  0.0, Max: 0, Diff: 0, Sum: 0, Workers: 4
[5410.652s][debug][gc,phases      ] GC(165)     Total                          Min: 0, Avg:  0.0, Max: 0, Diff: 0, Sum: 0, Workers: 4
[5410.652s][debug][gc,phases      ] GC(165)   StringDedup Requests1 Weak     Min: 0.00, Avg: 0.00, Max: 0.00, Diff: 0.00, Sum: 0.00, Workers: 4
[5410.652s][debug][gc,phases      ] GC(165)     Dead                           Min: 0, Avg:  0.0, Max: 0, Diff: 0, Sum: 0, Workers: 4
[5410.652s][debug][gc,phases      ] GC(165)     Total                          Min: 0, Avg:  0.0, Max: 0, Diff: 0, Sum: 0, Workers: 4
[5410.652s][debug][gc,phases      ] GC(165)   Weak JFR Old Object Samples    Min: 0.00, Avg: 0.00, Max: 0.00, Diff: 0.00, Sum: 0.00, Workers: 4
[5410.652s][debug][gc,phases      ] GC(165)     Dead                           Min: 0, Avg:  0.0, Max: 0, Diff: 0, Sum: 0, Workers: 4
[5410.653s][debug][gc,phases      ] GC(165)     Total                          Min: 0, Avg:  0.0, Max: 0, Diff: 0, Sum: 0, Workers: 4
[5410.653s][debug][gc,phases      ] GC(165) Weak Processing 0.430ms
[5410.653s][debug][gc,age         ] GC(165) Desired survivor size 24117248 bytes, new threshold 1 (max threshold 15)
[5410.653s][info ][gc,heap        ] GC(165) PSYoungGen: 2046576K(2068992K)->4224K(2073600K) Eden: 2042368K(2042368K)->0K(2048512K) From: 4208K(26624K)->4224K(25088K)
[5410.653s][info ][gc,heap        ] GC(165) ParOldGen: 604557K(837120K)->605373K(837120K)
[5410.653s][info ][gc,metaspace   ] GC(165) Metaspace: 110255K(111424K)->110255K(111424K) NonClass: 94391K(95040K)->94391K(95040K) Class: 15863K(16384K)->15863K(16384K)
[5410.653s][info ][gc             ] GC(165) Pause Young (Allocation Failure) 2588M->595M(2842M) 14.738ms
[5410.653s][info ][gc,cpu         ] GC(165) User=0.02s Sys=0.00s Real=0.02s
[5410.653s][info ][safepoint      ] Safepoint "ParallelCollectForAllocation", Time since last: 22874449347 ns, Reaching safepoint: 9600 ns, At safepoint: 14820880 ns, Leaving safepoint: 10400 ns, Total: 14840880 ns, Threads: 0 runnable, 35 total
[5435.662s][info ][gc,start       ] GC(166) Pause Young (Allocation Failure)
[5435.669s][debug][gc,phases      ] GC(166) Scavenge 7.305ms
[5435.669s][debug][gc,ref         ] GC(166) Skipped SoftWeakFinalRefsPhase of Reference Processing: no references
[5435.669s][debug][gc,ref         ] GC(166) Skipped KeepAliveFinalRefsPhase of Reference Processing: no references
[5435.669s][debug][gc,ref         ] GC(166) Skipped PhantomRefsPhase of Reference Processing: no references
[5435.669s][debug][gc,phases      ] GC(166) Reference Processing 0.023ms
[5435.670s][debug][gc,phases      ] GC(166)   VM Weak                        Min: 0.00, Avg: 0.00, Max: 0.01, Diff: 0.01, Sum: 0.01, Workers: 4
[5435.670s][debug][gc,phases      ] GC(166)     Dead                           Min: 0, Avg:  0.0, Max: 0, Diff: 0, Sum: 0, Workers: 4
[5435.670s][debug][gc,phases      ] GC(166)     Total                          Min: 0, Avg: 212.5, Max: 850, Diff: 850, Sum: 850, Workers: 4
[5435.670s][debug][gc,phases      ] GC(166)   ObjectSynchronizer Weak        Min: 0.00, Avg: 0.00, Max: 0.00, Diff: 0.00, Sum: 0.00, Workers: 4
[5435.670s][debug][gc,phases      ] GC(166)     Dead                           Min: 0, Avg:  0.0, Max: 0, Diff: 0, Sum: 0, Workers: 4
[5435.670s][debug][gc,phases      ] GC(166)     Total                          Min: 0, Avg:  1.5, Max: 6, Diff: 6, Sum: 6, Workers: 4
[5435.670s][debug][gc,phases      ] GC(166)   JVMTI Tag Weak OopStorage      Min: 0.00, Avg: 0.00, Max: 0.00, Diff: 0.00, Sum: 0.00, Workers: 4
[5435.670s][debug][gc,phases      ] GC(166)     Dead                           Min: 0, Avg:  0.0, Max: 0, Diff: 0, Sum: 0, Workers: 4
[5435.670s][debug][gc,phases      ] GC(166)     Total                          Min: 0, Avg:  0.0, Max: 0, Diff: 0, Sum: 0, Workers: 4
[5435.670s][debug][gc,phases      ] GC(166)   StringTable Weak               Min: 0.00, Avg: 0.17, Max: 0.23, Diff: 0.23, Sum: 0.67, Workers: 4
[5435.670s][debug][gc,phases      ] GC(166)     Dead                           Min: 0, Avg:  0.0, Max: 0, Diff: 0, Sum: 0, Workers: 4
[5435.670s][debug][gc,phases      ] GC(166)     Total                          Min: 0, Avg: 12564.2, Max: 23249, Diff: 23249, Sum: 50257, Workers: 4
[5435.670s][debug][gc,phases      ] GC(166)   ResolvedMethodTable Weak       Min: 0.01, Avg: 0.05, Max: 0.07, Diff: 0.05, Sum: 0.19, Workers: 4
[5435.670s][debug][gc,phases      ] GC(166)     Dead                           Min: 0, Avg:  5.5, Max: 16, Diff: 16, Sum: 22, Workers: 4
[5435.670s][debug][gc,phases      ] GC(166)     Total                          Min: 1093, Avg: 4022.0, Max: 6733, Diff: 5640, Sum: 16088, Workers: 4
[5435.670s][debug][gc,phases      ] GC(166)   JNI Weak                       Min: 0.00, Avg: 0.00, Max: 0.00, Diff: 0.00, Sum: 0.00, Workers: 4
[5435.670s][debug][gc,phases      ] GC(166)     Dead                           Min: 0, Avg:  0.0, Max: 0, Diff: 0, Sum: 0, Workers: 4
[5435.670s][debug][gc,phases      ] GC(166)     Total                          Min: 0, Avg: 13.0, Max: 52, Diff: 52, Sum: 52, Workers: 4
[5435.670s][debug][gc,phases      ] GC(166)   StringDedup Table Weak         Min: 0.00, Avg: 0.00, Max: 0.00, Diff: 0.00, Sum: 0.00, Workers: 4
[5435.670s][debug][gc,phases      ] GC(166)     Dead                           Min: 0, Avg:  0.0, Max: 0, Diff: 0, Sum: 0, Workers: 4
[5435.670s][debug][gc,phases      ] GC(166)     Total                          Min: 0, Avg:  0.0, Max: 0, Diff: 0, Sum: 0, Workers: 4
[5435.670s][debug][gc,phases      ] GC(166)   StringDedup Requests0 Weak     Min: 0.00, Avg: 0.00, Max: 0.00, Diff: 0.00, Sum: 0.00, Workers: 4
[5435.670s][debug][gc,phases      ] GC(166)     Dead                           Min: 0, Avg:  0.0, Max: 0, Diff: 0, Sum: 0, Workers: 4
[5435.670s][debug][gc,phases      ] GC(166)     Total                          Min: 0, Avg:  0.0, Max: 0, Diff: 0, Sum: 0, Workers: 4
[5435.670s][debug][gc,phases      ] GC(166)   StringDedup Requests1 Weak     Min: 0.00, Avg: 0.00, Max: 0.00, Diff: 0.00, Sum: 0.00, Workers: 4
[5435.670s][debug][gc,phases      ] GC(166)     Dead                           Min: 0, Avg:  0.0, Max: 0, Diff: 0, Sum: 0, Workers: 4
[5435.670s][debug][gc,phases      ] GC(166)     Total                          Min: 0, Avg:  0.0, Max: 0, Diff: 0, Sum: 0, Workers: 4
[5435.670s][debug][gc,phases      ] GC(166)   Weak JFR Old Object Samples    Min: 0.00, Avg: 0.00, Max: 0.00, Diff: 0.00, Sum: 0.00, Workers: 4
[5435.670s][debug][gc,phases      ] GC(166)     Dead                           Min: 0, Avg:  0.0, Max: 0, Diff: 0, Sum: 0, Workers: 4
[5435.670s][debug][gc,phases      ] GC(166)     Total                          Min: 0, Avg:  0.0, Max: 0, Diff: 0, Sum: 0, Workers: 4
[5435.670s][debug][gc,phases      ] GC(166) Weak Processing 0.531ms
[5435.670s][debug][gc,age         ] GC(166) Desired survivor size 23068672 bytes, new threshold 1 (max threshold 15)
[5435.670s][info ][gc,heap        ] GC(166) PSYoungGen: 2052736K(2073600K)->3536K(2072064K) Eden: 2048512K(2048512K)->0K(2048512K) From: 4224K(25088K)->3536K(23552K)
[5435.670s][info ][gc,heap        ] GC(166) ParOldGen: 605373K(837120K)->606493K(837120K)
[5435.670s][info ][gc,metaspace   ] GC(166) Metaspace: 110259K(111424K)->110259K(111424K) NonClass: 94395K(95040K)->94395K(95040K) Class: 15863K(16384K)->15863K(16384K)
[5435.670s][info ][gc             ] GC(166) Pause Young (Allocation Failure) 2595M->595M(2841M) 8.383ms
[5435.670s][info ][gc,cpu         ] GC(166) User=0.02s Sys=0.01s Real=0.01s
[5435.670s][info ][safepoint      ] Safepoint "ParallelCollectForAllocation", Time since last: 25008754309 ns, Reaching safepoint: 100700 ns, At safepoint: 8455393 ns, Leaving safepoint: 13400 ns, Total: 8569493 ns, Threads: 1 runnable, 35 total
[5460.666s][info ][gc,start       ] GC(167) Pause Young (Allocation Failure)
[5460.671s][debug][gc,phases      ] GC(167) Scavenge 4.045ms
[5460.671s][debug][gc,ref         ] GC(167) Skipped SoftWeakFinalRefsPhase of Reference Processing: no references
[5460.671s][debug][gc,ref         ] GC(167) Skipped KeepAliveFinalRefsPhase of Reference Processing: no references
[5460.671s][debug][gc,ref         ] GC(167) Skipped PhantomRefsPhase of Reference Processing: no references
[5460.671s][debug][gc,phases      ] GC(167) Reference Processing 0.018ms
[5460.671s][debug][gc,phases      ] GC(167)   VM Weak                        Min: 0.00, Avg: 0.00, Max: 0.01, Diff: 0.01, Sum: 0.01, Workers: 4
[5460.671s][debug][gc,phases      ] GC(167)     Dead                           Min: 0, Avg:  0.0, Max: 0, Diff: 0, Sum: 0, Workers: 4
[5460.671s][debug][gc,phases      ] GC(167)     Total                          Min: 0, Avg: 212.5, Max: 768, Diff: 768, Sum: 850, Workers: 4
[5460.671s][debug][gc,phases      ] GC(167)   ObjectSynchronizer Weak        Min: 0.00, Avg: 0.00, Max: 0.00, Diff: 0.00, Sum: 0.00, Workers: 4
[5460.671s][debug][gc,phases      ] GC(167)     Dead                           Min: 0, Avg:  0.0, Max: 0, Diff: 0, Sum: 0, Workers: 4
[5460.671s][debug][gc,phases      ] GC(167)     Total                          Min: 0, Avg:  1.5, Max: 6, Diff: 6, Sum: 6, Workers: 4
[5460.671s][debug][gc,phases      ] GC(167)   JVMTI Tag Weak OopStorage      Min: 0.00, Avg: 0.00, Max: 0.00, Diff: 0.00, Sum: 0.00, Workers: 4
[5460.671s][debug][gc,phases      ] GC(167)     Dead                           Min: 0, Avg:  0.0, Max: 0, Diff: 0, Sum: 0, Workers: 4
[5460.671s][debug][gc,phases      ] GC(167)     Total                          Min: 0, Avg:  0.0, Max: 0, Diff: 0, Sum: 0, Workers: 4
[5460.671s][debug][gc,phases      ] GC(167)   StringTable Weak               Min: 0.00, Avg: 0.10, Max: 0.14, Diff: 0.14, Sum: 0.42, Workers: 4
[5460.671s][debug][gc,phases      ] GC(167)     Dead                           Min: 0, Avg:  0.0, Max: 0, Diff: 0, Sum: 0, Workers: 4
[5460.671s][debug][gc,phases      ] GC(167)     Total                          Min: 0, Avg: 12564.2, Max: 21393, Diff: 21393, Sum: 50257, Workers: 4
[5460.671s][debug][gc,phases      ] GC(167)   ResolvedMethodTable Weak       Min: 0.00, Avg: 0.04, Max: 0.05, Diff: 0.05, Sum: 0.15, Workers: 4
[5460.671s][debug][gc,phases      ] GC(167)     Dead                           Min: 0, Avg:  5.0, Max: 15, Diff: 15, Sum: 20, Workers: 4
[5460.671s][debug][gc,phases      ] GC(167)     Total                          Min: 0, Avg: 4022.0, Max: 6644, Diff: 6644, Sum: 16088, Workers: 4
[5460.671s][debug][gc,phases      ] GC(167)   JNI Weak                       Min: 0.00, Avg: 0.00, Max: 0.00, Diff: 0.00, Sum: 0.00, Workers: 4
[5460.671s][debug][gc,phases      ] GC(167)     Dead                           Min: 0, Avg:  0.0, Max: 0, Diff: 0, Sum: 0, Workers: 4
[5460.671s][debug][gc,phases      ] GC(167)     Total                          Min: 0, Avg: 13.0, Max: 52, Diff: 52, Sum: 52, Workers: 4
[5460.671s][debug][gc,phases      ] GC(167)   StringDedup Table Weak         Min: 0.00, Avg: 0.00, Max: 0.00, Diff: 0.00, Sum: 0.00, Workers: 4
[5460.671s][debug][gc,phases      ] GC(167)     Dead                           Min: 0, Avg:  0.0, Max: 0, Diff: 0, Sum: 0, Workers: 4
[5460.671s][debug][gc,phases      ] GC(167)     Total                          Min: 0, Avg:  0.0, Max: 0, Diff: 0, Sum: 0, Workers: 4
[5460.671s][debug][gc,phases      ] GC(167)   StringDedup Requests0 Weak     Min: 0.00, Avg: 0.00, Max: 0.00, Diff: 0.00, Sum: 0.00, Workers: 4
[5460.671s][debug][gc,phases      ] GC(167)     Dead                           Min: 0, Avg:  0.0, Max: 0, Diff: 0, Sum: 0, Workers: 4
[5460.671s][debug][gc,phases      ] GC(167)     Total                          Min: 0, Avg:  0.0, Max: 0, Diff: 0, Sum: 0, Workers: 4
[5460.671s][debug][gc,phases      ] GC(167)   StringDedup Requests1 Weak     Min: 0.00, Avg: 0.00, Max: 0.00, Diff: 0.00, Sum: 0.00, Workers: 4
[5460.671s][debug][gc,phases      ] GC(167)     Dead                           Min: 0, Avg:  0.0, Max: 0, Diff: 0, Sum: 0, Workers: 4
[5460.671s][debug][gc,phases      ] GC(167)     Total                          Min: 0, Avg:  0.0, Max: 0, Diff: 0, Sum: 0, Workers: 4
[5460.671s][debug][gc,phases      ] GC(167)   Weak JFR Old Object Samples    Min: 0.00, Avg: 0.00, Max: 0.00, Diff: 0.00, Sum: 0.00, Workers: 4
[5460.671s][debug][gc,phases      ] GC(167)     Dead                           Min: 0, Avg:  0.0, Max: 0, Diff: 0, Sum: 0, Workers: 4
[5460.671s][debug][gc,phases      ] GC(167)     Total                          Min: 0, Avg:  0.0, Max: 0, Diff: 0, Sum: 0, Workers: 4
[5460.671s][debug][gc,phases      ] GC(167) Weak Processing 0.386ms
[5460.671s][debug][gc,age         ] GC(167) Desired survivor size 21495808 bytes, new threshold 1 (max threshold 15)
[5460.671s][info ][gc,heap        ] GC(167) PSYoungGen: 2052048K(2072064K)->3952K(2076160K) Eden: 2048512K(2048512K)->0K(2053632K) From: 3536K(23552K)->3952K(22528K)
[5460.671s][info ][gc,heap        ] GC(167) ParOldGen: 606493K(837120K)->607241K(837120K)
[5460.671s][info ][gc,metaspace   ] GC(167) Metaspace: 110261K(111424K)->110261K(111424K) NonClass: 94397K(95040K)->94397K(95040K) Class: 15863K(16384K)->15863K(16384K)
[5460.671s][info ][gc             ] GC(167) Pause Young (Allocation Failure) 2596M->596M(2845M) 4.587ms
[5460.671s][info ][gc,cpu         ] GC(167) User=0.02s Sys=0.00s Real=0.01s
[5460.671s][info ][safepoint      ] Safepoint "ParallelCollectForAllocation", Time since last: 24996446553 ns, Reaching safepoint: 25600 ns, At safepoint: 4658194 ns, Leaving safepoint: 7200 ns, Total: 4690994 ns, Threads: 0 runnable, 35 total
[5487.094s][info ][gc,start       ] GC(168) Pause Young (Allocation Failure)
[5487.097s][debug][gc,phases      ] GC(168) Scavenge 3.627ms
[5487.097s][debug][gc,ref         ] GC(168) Skipped SoftWeakFinalRefsPhase of Reference Processing: no references
[5487.097s][debug][gc,ref         ] GC(168) Skipped KeepAliveFinalRefsPhase of Reference Processing: no references
[5487.097s][debug][gc,ref         ] GC(168) Skipped PhantomRefsPhase of Reference Processing: no references
[5487.097s][debug][gc,phases      ] GC(168) Reference Processing 0.022ms
[5487.098s][debug][gc,phases      ] GC(168)   VM Weak                        Min: 0.00, Avg: 0.00, Max: 0.01, Diff: 0.01, Sum: 0.01, Workers: 4
[5487.098s][debug][gc,phases      ] GC(168)     Dead                           Min: 0, Avg:  0.0, Max: 0, Diff: 0, Sum: 0, Workers: 4
[5487.098s][debug][gc,phases      ] GC(168)     Total                          Min: 0, Avg: 212.5, Max: 722, Diff: 722, Sum: 850, Workers: 4
[5487.098s][debug][gc,phases      ] GC(168)   ObjectSynchronizer Weak        Min: 0.00, Avg: 0.00, Max: 0.00, Diff: 0.00, Sum: 0.00, Workers: 4
[5487.098s][debug][gc,phases      ] GC(168)     Dead                           Min: 0, Avg:  0.0, Max: 0, Diff: 0, Sum: 0, Workers: 4
[5487.098s][debug][gc,phases      ] GC(168)     Total                          Min: 0, Avg:  1.5, Max: 6, Diff: 6, Sum: 6, Workers: 4
[5487.098s][debug][gc,phases      ] GC(168)   JVMTI Tag Weak OopStorage      Min: 0.00, Avg: 0.00, Max: 0.00, Diff: 0.00, Sum: 0.00, Workers: 4
[5487.098s][debug][gc,phases      ] GC(168)     Dead                           Min: 0, Avg:  0.0, Max: 0, Diff: 0, Sum: 0, Workers: 4
[5487.098s][debug][gc,phases      ] GC(168)     Total                          Min: 0, Avg:  0.0, Max: 0, Diff: 0, Sum: 0, Workers: 4
[5487.098s][debug][gc,phases      ] GC(168)   StringTable Weak               Min: 0.00, Avg: 0.11, Max: 0.14, Diff: 0.14, Sum: 0.43, Workers: 4
[5487.098s][debug][gc,phases      ] GC(168)     Dead                           Min: 0, Avg:  0.0, Max: 0, Diff: 0, Sum: 0, Workers: 4
[5487.098s][debug][gc,phases      ] GC(168)     Total                          Min: 0, Avg: 12564.2, Max: 21120, Diff: 21120, Sum: 50257, Workers: 4
[5487.098s][debug][gc,phases      ] GC(168)   ResolvedMethodTable Weak       Min: 0.00, Avg: 0.03, Max: 0.05, Diff: 0.05, Sum: 0.14, Workers: 4
[5487.098s][debug][gc,phases      ] GC(168)     Dead                           Min: 0, Avg:  5.0, Max: 16, Diff: 16, Sum: 20, Workers: 4
[5487.098s][debug][gc,phases      ] GC(168)     Total                          Min: 0, Avg: 4022.0, Max: 6622, Diff: 6622, Sum: 16088, Workers: 4
[5487.098s][debug][gc,phases      ] GC(168)   JNI Weak                       Min: 0.00, Avg: 0.00, Max: 0.00, Diff: 0.00, Sum: 0.00, Workers: 4
[5487.098s][debug][gc,phases      ] GC(168)     Dead                           Min: 0, Avg:  0.0, Max: 0, Diff: 0, Sum: 0, Workers: 4
[5487.098s][debug][gc,phases      ] GC(168)     Total                          Min: 0, Avg: 13.0, Max: 52, Diff: 52, Sum: 52, Workers: 4
[5487.098s][debug][gc,phases      ] GC(168)   StringDedup Table Weak         Min: 0.00, Avg: 0.00, Max: 0.00, Diff: 0.00, Sum: 0.00, Workers: 4
[5487.098s][debug][gc,phases      ] GC(168)     Dead                           Min: 0, Avg:  0.0, Max: 0, Diff: 0, Sum: 0, Workers: 4
[5487.098s][debug][gc,phases      ] GC(168)     Total                          Min: 0, Avg:  0.0, Max: 0, Diff: 0, Sum: 0, Workers: 4
[5487.098s][debug][gc,phases      ] GC(168)   StringDedup Requests0 Weak     Min: 0.00, Avg: 0.00, Max: 0.00, Diff: 0.00, Sum: 0.00, Workers: 4
[5487.098s][debug][gc,phases      ] GC(168)     Dead                           Min: 0, Avg:  0.0, Max: 0, Diff: 0, Sum: 0, Workers: 4
[5487.098s][debug][gc,phases      ] GC(168)     Total                          Min: 0, Avg:  0.0, Max: 0, Diff: 0, Sum: 0, Workers: 4
[5487.098s][debug][gc,phases      ] GC(168)   StringDedup Requests1 Weak     Min: 0.00, Avg: 0.00, Max: 0.00, Diff: 0.00, Sum: 0.00, Workers: 4
[5487.098s][debug][gc,phases      ] GC(168)     Dead                           Min: 0, Avg:  0.0, Max: 0, Diff: 0, Sum: 0, Workers: 4
[5487.098s][debug][gc,phases      ] GC(168)     Total                          Min: 0, Avg:  0.0, Max: 0, Diff: 0, Sum: 0, Workers: 4
[5487.098s][debug][gc,phases      ] GC(168)   Weak JFR Old Object Samples    Min: 0.00, Avg: 0.00, Max: 0.00, Diff: 0.00, Sum: 0.00, Workers: 4
[5487.098s][debug][gc,phases      ] GC(168)     Dead                           Min: 0, Avg:  0.0, Max: 0, Diff: 0, Sum: 0, Workers: 4
[5487.098s][debug][gc,phases      ] GC(168)     Total                          Min: 0, Avg:  0.0, Max: 0, Diff: 0, Sum: 0, Workers: 4
[5487.098s][debug][gc,phases      ] GC(168) Weak Processing 0.407ms
[5487.098s][debug][gc,age         ] GC(168) Desired survivor size 20447232 bytes, new threshold 1 (max threshold 15)
[5487.098s][info ][gc,heap        ] GC(168) PSYoungGen: 2057584K(2076160K)->3472K(2074624K) Eden: 2053632K(2053632K)->0K(2053632K) From: 3952K(22528K)->3472K(20992K)
[5487.098s][info ][gc,heap        ] GC(168) ParOldGen: 607241K(837120K)->608349K(837120K)
[5487.098s][info ][gc,metaspace   ] GC(168) Metaspace: 110272K(111424K)->110272K(111424K) NonClass: 94408K(95040K)->94408K(95040K) Class: 15863K(16384K)->15863K(16384K)
[5487.098s][info ][gc             ] GC(168) Pause Young (Allocation Failure) 2602M->597M(2843M) 4.168ms
[5487.098s][info ][gc,cpu         ] GC(168) User=0.01s Sys=0.00s Real=0.00s
[5487.098s][info ][safepoint      ] Safepoint "ParallelCollectForAllocation", Time since last: 26422458546 ns, Reaching safepoint: 83700 ns, At safepoint: 4231797 ns, Leaving safepoint: 9400 ns, Total: 4324897 ns, Threads: 2 runnable, 35 total
[5508.445s][info ][gc,start       ] GC(169) Pause Young (Allocation Failure)
[5508.450s][debug][gc,phases      ] GC(169) Scavenge 5.221ms
[5508.450s][debug][gc,ref         ] GC(169) ReferenceProcessor::execute queues: 1, RefProcThreadModel::Single, marks_oops_alive: false
[5508.450s][debug][gc,ref         ] GC(169) Skipped KeepAliveFinalRefsPhase of Reference Processing: no references
[5508.450s][debug][gc,ref         ] GC(169) Skipped PhantomRefsPhase of Reference Processing: no references
[5508.450s][debug][gc,phases      ] GC(169) Reference Processing 0.109ms
[5508.451s][debug][gc,phases      ] GC(169)   VM Weak                        Min: 0.00, Avg: 0.00, Max: 0.01, Diff: 0.01, Sum: 0.01, Workers: 4
[5508.451s][debug][gc,phases      ] GC(169)     Dead                           Min: 0, Avg:  0.0, Max: 0, Diff: 0, Sum: 0, Workers: 4
[5508.451s][debug][gc,phases      ] GC(169)     Total                          Min: 0, Avg: 212.5, Max: 768, Diff: 768, Sum: 850, Workers: 4
[5508.451s][debug][gc,phases      ] GC(169)   ObjectSynchronizer Weak        Min: 0.00, Avg: 0.00, Max: 0.00, Diff: 0.00, Sum: 0.00, Workers: 4
[5508.451s][debug][gc,phases      ] GC(169)     Dead                           Min: 0, Avg:  0.0, Max: 0, Diff: 0, Sum: 0, Workers: 4
[5508.451s][debug][gc,phases      ] GC(169)     Total                          Min: 0, Avg:  1.8, Max: 7, Diff: 7, Sum: 7, Workers: 4
[5508.451s][debug][gc,phases      ] GC(169)   JVMTI Tag Weak OopStorage      Min: 0.00, Avg: 0.00, Max: 0.00, Diff: 0.00, Sum: 0.00, Workers: 4
[5508.451s][debug][gc,phases      ] GC(169)     Dead                           Min: 0, Avg:  0.0, Max: 0, Diff: 0, Sum: 0, Workers: 4
[5508.451s][debug][gc,phases      ] GC(169)     Total                          Min: 0, Avg:  0.0, Max: 0, Diff: 0, Sum: 0, Workers: 4
[5508.451s][debug][gc,phases      ] GC(169)   StringTable Weak               Min: 0.00, Avg: 0.11, Max: 0.15, Diff: 0.15, Sum: 0.44, Workers: 4
[5508.451s][debug][gc,phases      ] GC(169)     Dead                           Min: 0, Avg:  0.0, Max: 0, Diff: 0, Sum: 0, Workers: 4
[5508.451s][debug][gc,phases      ] GC(169)     Total                          Min: 0, Avg: 12564.2, Max: 20113, Diff: 20113, Sum: 50257, Workers: 4
[5508.451s][debug][gc,phases      ] GC(169)   ResolvedMethodTable Weak       Min: 0.00, Avg: 0.04, Max: 0.05, Diff: 0.05, Sum: 0.15, Workers: 4
[5508.451s][debug][gc,phases      ] GC(169)     Dead                           Min: 0, Avg:  5.0, Max: 10, Diff: 10, Sum: 20, Workers: 4
[5508.451s][debug][gc,phases      ] GC(169)     Total                          Min: 0, Avg: 4022.0, Max: 6675, Diff: 6675, Sum: 16088, Workers: 4
[5508.451s][debug][gc,phases      ] GC(169)   JNI Weak                       Min: 0.00, Avg: 0.00, Max: 0.00, Diff: 0.00, Sum: 0.00, Workers: 4
[5508.451s][debug][gc,phases      ] GC(169)     Dead                           Min: 0, Avg:  0.0, Max: 0, Diff: 0, Sum: 0, Workers: 4
[5508.451s][debug][gc,phases      ] GC(169)     Total                          Min: 0, Avg: 13.0, Max: 52, Diff: 52, Sum: 52, Workers: 4
[5508.451s][debug][gc,phases      ] GC(169)   StringDedup Table Weak         Min: 0.00, Avg: 0.00, Max: 0.00, Diff: 0.00, Sum: 0.00, Workers: 4
[5508.451s][debug][gc,phases      ] GC(169)     Dead                           Min: 0, Avg:  0.0, Max: 0, Diff: 0, Sum: 0, Workers: 4
[5508.451s][debug][gc,phases      ] GC(169)     Total                          Min: 0, Avg:  0.0, Max: 0, Diff: 0, Sum: 0, Workers: 4
[5508.451s][debug][gc,phases      ] GC(169)   StringDedup Requests0 Weak     Min: 0.00, Avg: 0.00, Max: 0.00, Diff: 0.00, Sum: 0.00, Workers: 4
[5508.451s][debug][gc,phases      ] GC(169)     Dead                           Min: 0, Avg:  0.0, Max: 0, Diff: 0, Sum: 0, Workers: 4
[5508.451s][debug][gc,phases      ] GC(169)     Total                          Min: 0, Avg:  0.0, Max: 0, Diff: 0, Sum: 0, Workers: 4
[5508.451s][debug][gc,phases      ] GC(169)   StringDedup Requests1 Weak     Min: 0.00, Avg: 0.00, Max: 0.00, Diff: 0.00, Sum: 0.00, Workers: 4
[5508.451s][debug][gc,phases      ] GC(169)     Dead                           Min: 0, Avg:  0.0, Max: 0, Diff: 0, Sum: 0, Workers: 4
[5508.451s][debug][gc,phases      ] GC(169)     Total                          Min: 0, Avg:  0.0, Max: 0, Diff: 0, Sum: 0, Workers: 4
[5508.451s][debug][gc,phases      ] GC(169)   Weak JFR Old Object Samples    Min: 0.00, Avg: 0.00, Max: 0.00, Diff: 0.00, Sum: 0.00, Workers: 4
[5508.451s][debug][gc,phases      ] GC(169)     Dead                           Min: 0, Avg:  0.0, Max: 0, Diff: 0, Sum: 0, Workers: 4
[5508.451s][debug][gc,phases      ] GC(169)     Total                          Min: 0, Avg:  0.0, Max: 0, Diff: 0, Sum: 0, Workers: 4
[5508.451s][debug][gc,phases      ] GC(169) Weak Processing 0.384ms
[5508.451s][debug][gc,age         ] GC(169) Desired survivor size 19398656 bytes, new threshold 1 (max threshold 15)
[5508.451s][info ][gc,heap        ] GC(169) PSYoungGen: 2057104K(2074624K)->5952K(2078208K) Eden: 2053632K(2053632K)->0K(2058240K) From: 3472K(20992K)->5952K(19968K)
[5508.451s][info ][gc,heap        ] GC(169) ParOldGen: 608349K(837120K)->609074K(837120K)
[5508.451s][info ][gc,metaspace   ] GC(169) Metaspace: 110272K(111424K)->110272K(111424K) NonClass: 94409K(95040K)->94409K(95040K) Class: 15863K(16384K)->15863K(16384K)
[5508.451s][info ][gc             ] GC(169) Pause Young (Allocation Failure) 2602M->600M(2847M) 5.831ms
[5508.451s][info ][gc,cpu         ] GC(169) User=0.02s Sys=0.00s Real=0.01s
[5508.451s][info ][safepoint      ] Safepoint "ParallelCollectForAllocation", Time since last: 21346893422 ns, Reaching safepoint: 109500 ns, At safepoint: 5897596 ns, Leaving safepoint: 7000 ns, Total: 6014096 ns, Threads: 1 runnable, 34 total
[5531.745s][info ][gc,start       ] GC(170) Pause Young (Allocation Failure)
[5531.749s][debug][gc,phases      ] GC(170) Scavenge 4.116ms
[5531.749s][debug][gc,ref         ] GC(170) ReferenceProcessor::execute queues: 1, RefProcThreadModel::Single, marks_oops_alive: false
[5531.749s][debug][gc,ref         ] GC(170) Skipped KeepAliveFinalRefsPhase of Reference Processing: no references
[5531.749s][debug][gc,ref         ] GC(170) Skipped PhantomRefsPhase of Reference Processing: no references
[5531.749s][debug][gc,phases      ] GC(170) Reference Processing 0.117ms
[5531.750s][debug][gc,phases      ] GC(170)   VM Weak                        Min: 0.00, Avg: 0.00, Max: 0.00, Diff: 0.00, Sum: 0.01, Workers: 4
[5531.750s][debug][gc,phases      ] GC(170)     Dead                           Min: 0, Avg:  0.0, Max: 0, Diff: 0, Sum: 0, Workers: 4
[5531.750s][debug][gc,phases      ] GC(170)     Total                          Min: 128, Avg: 212.8, Max: 384, Diff: 256, Sum: 851, Workers: 4
[5531.750s][debug][gc,phases      ] GC(170)   ObjectSynchronizer Weak        Min: 0.00, Avg: 0.00, Max: 0.00, Diff: 0.00, Sum: 0.00, Workers: 4
[5531.750s][debug][gc,phases      ] GC(170)     Dead                           Min: 0, Avg:  0.0, Max: 0, Diff: 0, Sum: 0, Workers: 4
[5531.750s][debug][gc,phases      ] GC(170)     Total                          Min: 0, Avg:  1.2, Max: 5, Diff: 5, Sum: 5, Workers: 4
[5531.750s][debug][gc,phases      ] GC(170)   JVMTI Tag Weak OopStorage      Min: 0.00, Avg: 0.00, Max: 0.00, Diff: 0.00, Sum: 0.00, Workers: 4
[5531.750s][debug][gc,phases      ] GC(170)     Dead                           Min: 0, Avg:  0.0, Max: 0, Diff: 0, Sum: 0, Workers: 4
[5531.750s][debug][gc,phases      ] GC(170)     Total                          Min: 0, Avg:  0.0, Max: 0, Diff: 0, Sum: 0, Workers: 4
[5531.750s][debug][gc,phases      ] GC(170)   StringTable Weak               Min: 0.12, Avg: 0.12, Max: 0.12, Diff: 0.00, Sum: 0.49, Workers: 4
[5531.750s][debug][gc,phases      ] GC(170)     Dead                           Min: 0, Avg:  0.0, Max: 0, Diff: 0, Sum: 0, Workers: 4
[5531.750s][debug][gc,phases      ] GC(170)     Total                          Min: 12096, Avg: 12565.0, Max: 12992, Diff: 896, Sum: 50260, Workers: 4
[5531.750s][debug][gc,phases      ] GC(170)   ResolvedMethodTable Weak       Min: 0.04, Avg: 0.04, Max: 0.04, Diff: 0.00, Sum: 0.17, Workers: 4
[5531.750s][debug][gc,phases      ] GC(170)     Dead                           Min: 4, Avg:  5.2, Max: 7, Diff: 3, Sum: 21, Workers: 4
[5531.750s][debug][gc,phases      ] GC(170)     Total                          Min: 3873, Avg: 4023.5, Max: 4253, Diff: 380, Sum: 16094, Workers: 4
[5531.750s][debug][gc,phases      ] GC(170)   JNI Weak                       Min: 0.00, Avg: 0.00, Max: 0.00, Diff: 0.00, Sum: 0.00, Workers: 4
[5531.750s][debug][gc,phases      ] GC(170)     Dead                           Min: 0, Avg:  0.0, Max: 0, Diff: 0, Sum: 0, Workers: 4
[5531.750s][debug][gc,phases      ] GC(170)     Total                          Min: 0, Avg: 13.0, Max: 52, Diff: 52, Sum: 52, Workers: 4
[5531.750s][debug][gc,phases      ] GC(170)   StringDedup Table Weak         Min: 0.00, Avg: 0.00, Max: 0.00, Diff: 0.00, Sum: 0.00, Workers: 4
[5531.750s][debug][gc,phases      ] GC(170)     Dead                           Min: 0, Avg:  0.0, Max: 0, Diff: 0, Sum: 0, Workers: 4
[5531.750s][debug][gc,phases      ] GC(170)     Total                          Min: 0, Avg:  0.0, Max: 0, Diff: 0, Sum: 0, Workers: 4
[5531.750s][debug][gc,phases      ] GC(170)   StringDedup Requests0 Weak     Min: 0.00, Avg: 0.00, Max: 0.00, Diff: 0.00, Sum: 0.00, Workers: 4
[5531.750s][debug][gc,phases      ] GC(170)     Dead                           Min: 0, Avg:  0.0, Max: 0, Diff: 0, Sum: 0, Workers: 4
[5531.750s][debug][gc,phases      ] GC(170)     Total                          Min: 0, Avg:  0.0, Max: 0, Diff: 0, Sum: 0, Workers: 4
[5531.750s][debug][gc,phases      ] GC(170)   StringDedup Requests1 Weak     Min: 0.00, Avg: 0.00, Max: 0.00, Diff: 0.00, Sum: 0.00, Workers: 4
[5531.750s][debug][gc,phases      ] GC(170)     Dead                           Min: 0, Avg:  0.0, Max: 0, Diff: 0, Sum: 0, Workers: 4
[5531.750s][debug][gc,phases      ] GC(170)     Total                          Min: 0, Avg:  0.0, Max: 0, Diff: 0, Sum: 0, Workers: 4
[5531.750s][debug][gc,phases      ] GC(170)   Weak JFR Old Object Samples    Min: 0.00, Avg: 0.00, Max: 0.00, Diff: 0.00, Sum: 0.00, Workers: 4
[5531.750s][debug][gc,phases      ] GC(170)     Dead                           Min: 0, Avg:  0.0, Max: 0, Diff: 0, Sum: 0, Workers: 4
[5531.750s][debug][gc,phases      ] GC(170)     Total                          Min: 0, Avg:  0.0, Max: 0, Diff: 0, Sum: 0, Workers: 4
[5531.750s][debug][gc,phases      ] GC(170) Weak Processing 0.344ms
[5531.750s][debug][gc,age         ] GC(170) Desired survivor size 18350080 bytes, new threshold 1 (max threshold 15)
[5531.750s][info ][gc,heap        ] GC(170) PSYoungGen: 2064192K(2078208K)->3472K(2077184K) Eden: 2058240K(2058240K)->0K(2058240K) From: 5952K(19968K)->3472K(18944K)
[5531.750s][info ][gc,heap        ] GC(170) ParOldGen: 609074K(837120K)->611786K(837120K)
[5531.750s][info ][gc,metaspace   ] GC(170) Metaspace: 110281K(111488K)->110281K(111488K) NonClass: 94416K(95104K)->94416K(95104K) Class: 15865K(16384K)->15865K(16384K)
[5531.750s][info ][gc             ] GC(170) Pause Young (Allocation Failure) 2610M->600M(2846M) 4.713ms
[5531.750s][info ][gc,cpu         ] GC(170) User=0.02s Sys=0.00s Real=0.01s
[5531.750s][info ][safepoint      ] Safepoint "ParallelCollectForAllocation", Time since last: 23294042330 ns, Reaching safepoint: 114499 ns, At safepoint: 4782497 ns, Leaving safepoint: 8000 ns, Total: 4904996 ns, Threads: 1 runnable, 34 total
[5554.345s][info ][gc,start       ] GC(171) Pause Young (Allocation Failure)
[5554.348s][debug][gc,phases      ] GC(171) Scavenge 3.485ms
[5554.348s][debug][gc,ref         ] GC(171) ReferenceProcessor::execute queues: 1, RefProcThreadModel::Single, marks_oops_alive: false
[5554.348s][debug][gc,ref         ] GC(171) Skipped KeepAliveFinalRefsPhase of Reference Processing: no references
[5554.348s][debug][gc,ref         ] GC(171) Skipped PhantomRefsPhase of Reference Processing: no references
[5554.348s][debug][gc,phases      ] GC(171) Reference Processing 0.093ms
[5554.349s][debug][gc,phases      ] GC(171)   VM Weak                        Min: 0.00, Avg: 0.00, Max: 0.01, Diff: 0.01, Sum: 0.01, Workers: 4
[5554.349s][debug][gc,phases      ] GC(171)     Dead                           Min: 0, Avg:  0.0, Max: 0, Diff: 0, Sum: 0, Workers: 4
[5554.349s][debug][gc,phases      ] GC(171)     Total                          Min: 0, Avg: 212.8, Max: 787, Diff: 787, Sum: 851, Workers: 4
[5554.349s][debug][gc,phases      ] GC(171)   ObjectSynchronizer Weak        Min: 0.00, Avg: 0.00, Max: 0.00, Diff: 0.00, Sum: 0.00, Workers: 4
[5554.349s][debug][gc,phases      ] GC(171)     Dead                           Min: 0, Avg:  0.0, Max: 0, Diff: 0, Sum: 0, Workers: 4
[5554.349s][debug][gc,phases      ] GC(171)     Total                          Min: 0, Avg:  1.5, Max: 6, Diff: 6, Sum: 6, Workers: 4
[5554.349s][debug][gc,phases      ] GC(171)   JVMTI Tag Weak OopStorage      Min: 0.00, Avg: 0.00, Max: 0.00, Diff: 0.00, Sum: 0.00, Workers: 4
[5554.349s][debug][gc,phases      ] GC(171)     Dead                           Min: 0, Avg:  0.0, Max: 0, Diff: 0, Sum: 0, Workers: 4
[5554.349s][debug][gc,phases      ] GC(171)     Total                          Min: 0, Avg:  0.0, Max: 0, Diff: 0, Sum: 0, Workers: 4
[5554.349s][debug][gc,phases      ] GC(171)   StringTable Weak               Min: 0.00, Avg: 0.10, Max: 0.14, Diff: 0.14, Sum: 0.41, Workers: 4
[5554.349s][debug][gc,phases      ] GC(171)     Dead                           Min: 0, Avg:  0.0, Max: 0, Diff: 0, Sum: 0, Workers: 4
[5554.349s][debug][gc,phases      ] GC(171)     Total                          Min: 0, Avg: 12565.0, Max: 21460, Diff: 21460, Sum: 50260, Workers: 4
[5554.349s][debug][gc,phases      ] GC(171)   ResolvedMethodTable Weak       Min: 0.00, Avg: 0.03, Max: 0.05, Diff: 0.05, Sum: 0.14, Workers: 4
[5554.349s][debug][gc,phases      ] GC(171)     Dead                           Min: 0, Avg:  5.0, Max: 16, Diff: 16, Sum: 20, Workers: 4
[5554.349s][debug][gc,phases      ] GC(171)     Total                          Min: 0, Avg: 4023.5, Max: 6698, Diff: 6698, Sum: 16094, Workers: 4
[5554.349s][debug][gc,phases      ] GC(171)   JNI Weak                       Min: 0.00, Avg: 0.00, Max: 0.00, Diff: 0.00, Sum: 0.00, Workers: 4
[5554.349s][debug][gc,phases      ] GC(171)     Dead                           Min: 0, Avg:  0.0, Max: 0, Diff: 0, Sum: 0, Workers: 4
[5554.349s][debug][gc,phases      ] GC(171)     Total                          Min: 0, Avg: 13.0, Max: 52, Diff: 52, Sum: 52, Workers: 4
[5554.349s][debug][gc,phases      ] GC(171)   StringDedup Table Weak         Min: 0.00, Avg: 0.00, Max: 0.00, Diff: 0.00, Sum: 0.00, Workers: 4
[5554.349s][debug][gc,phases      ] GC(171)     Dead                           Min: 0, Avg:  0.0, Max: 0, Diff: 0, Sum: 0, Workers: 4
[5554.349s][debug][gc,phases      ] GC(171)     Total                          Min: 0, Avg:  0.0, Max: 0, Diff: 0, Sum: 0, Workers: 4
[5554.349s][debug][gc,phases      ] GC(171)   StringDedup Requests0 Weak     Min: 0.00, Avg: 0.00, Max: 0.00, Diff: 0.00, Sum: 0.00, Workers: 4
[5554.349s][debug][gc,phases      ] GC(171)     Dead                           Min: 0, Avg:  0.0, Max: 0, Diff: 0, Sum: 0, Workers: 4
[5554.349s][debug][gc,phases      ] GC(171)     Total                          Min: 0, Avg:  0.0, Max: 0, Diff: 0, Sum: 0, Workers: 4
[5554.349s][debug][gc,phases      ] GC(171)   StringDedup Requests1 Weak     Min: 0.00, Avg: 0.00, Max: 0.00, Diff: 0.00, Sum: 0.00, Workers: 4
[5554.349s][debug][gc,phases      ] GC(171)     Dead                           Min: 0, Avg:  0.0, Max: 0, Diff: 0, Sum: 0, Workers: 4
[5554.349s][debug][gc,phases      ] GC(171)     Total                          Min: 0, Avg:  0.0, Max: 0, Diff: 0, Sum: 0, Workers: 4
[5554.349s][debug][gc,phases      ] GC(171)   Weak JFR Old Object Samples    Min: 0.00, Avg: 0.00, Max: 0.00, Diff: 0.00, Sum: 0.00, Workers: 4
[5554.349s][debug][gc,phases      ] GC(171)     Dead                           Min: 0, Avg:  0.0, Max: 0, Diff: 0, Sum: 0, Workers: 4
[5554.349s][debug][gc,phases      ] GC(171)     Total                          Min: 0, Avg:  0.0, Max: 0, Diff: 0, Sum: 0, Workers: 4
[5554.349s][debug][gc,phases      ] GC(171) Weak Processing 0.363ms
[5554.349s][debug][gc,age         ] GC(171) Desired survivor size 17301504 bytes, new threshold 1 (max threshold 15)
[5554.349s][info ][gc,heap        ] GC(171) PSYoungGen: 2061712K(2077184K)->3792K(2080256K) Eden: 2058240K(2058240K)->0K(2062336K) From: 3472K(18944K)->3792K(17920K)
[5554.349s][info ][gc,heap        ] GC(171) ParOldGen: 611786K(837120K)->612414K(837120K)
[5554.349s][info ][gc,metaspace   ] GC(171) Metaspace: 110286K(111488K)->110286K(111488K) NonClass: 94420K(95104K)->94420K(95104K) Class: 15865K(16384K)->15865K(16384K)
[5554.349s][info ][gc             ] GC(171) Pause Young (Allocation Failure) 2610M->601M(2849M) 4.060ms
[5554.349s][info ][gc,cpu         ] GC(171) User=0.01s Sys=0.00s Real=0.00s
[5554.349s][info ][safepoint      ] Safepoint "ParallelCollectForAllocation", Time since last: 22594793905 ns, Reaching safepoint: 86200 ns, At safepoint: 4122197 ns, Leaving safepoint: 10000 ns, Total: 4218397 ns, Threads: 2 runnable, 33 total
[5571.506s][info ][gc,start       ] GC(172) Pause Young (Allocation Failure)
[5571.511s][debug][gc,phases      ] GC(172) Scavenge 4.273ms
[5571.511s][debug][gc,ref         ] GC(172) ReferenceProcessor::execute queues: 1, RefProcThreadModel::Single, marks_oops_alive: false
[5571.511s][debug][gc,ref         ] GC(172) Skipped KeepAliveFinalRefsPhase of Reference Processing: no references
[5571.511s][debug][gc,ref         ] GC(172) Skipped PhantomRefsPhase of Reference Processing: no references
[5571.511s][debug][gc,phases      ] GC(172) Reference Processing 0.106ms
[5571.511s][debug][gc,phases      ] GC(172)   VM Weak                        Min: 0.00, Avg: 0.00, Max: 0.01, Diff: 0.01, Sum: 0.01, Workers: 4
[5571.511s][debug][gc,phases      ] GC(172)     Dead                           Min: 0, Avg:  0.0, Max: 0, Diff: 0, Sum: 0, Workers: 4
[5571.511s][debug][gc,phases      ] GC(172)     Total                          Min: 0, Avg: 212.8, Max: 512, Diff: 512, Sum: 851, Workers: 4
[5571.511s][debug][gc,phases      ] GC(172)   ObjectSynchronizer Weak        Min: 0.00, Avg: 0.00, Max: 0.00, Diff: 0.00, Sum: 0.00, Workers: 4
[5571.511s][debug][gc,phases      ] GC(172)     Dead                           Min: 0, Avg:  0.0, Max: 0, Diff: 0, Sum: 0, Workers: 4
[5571.511s][debug][gc,phases      ] GC(172)     Total                          Min: 0, Avg:  1.5, Max: 6, Diff: 6, Sum: 6, Workers: 4
[5571.511s][debug][gc,phases      ] GC(172)   JVMTI Tag Weak OopStorage      Min: 0.00, Avg: 0.00, Max: 0.00, Diff: 0.00, Sum: 0.00, Workers: 4
[5571.511s][debug][gc,phases      ] GC(172)     Dead                           Min: 0, Avg:  0.0, Max: 0, Diff: 0, Sum: 0, Workers: 4
[5571.511s][debug][gc,phases      ] GC(172)     Total                          Min: 0, Avg:  0.0, Max: 0, Diff: 0, Sum: 0, Workers: 4
[5571.511s][debug][gc,phases      ] GC(172)   StringTable Weak               Min: 0.00, Avg: 0.10, Max: 0.14, Diff: 0.14, Sum: 0.41, Workers: 4
[5571.511s][debug][gc,phases      ] GC(172)     Dead                           Min: 0, Avg:  0.0, Max: 0, Diff: 0, Sum: 0, Workers: 4
[5571.511s][debug][gc,phases      ] GC(172)     Total                          Min: 0, Avg: 12565.0, Max: 20884, Diff: 20884, Sum: 50260, Workers: 4
[5571.511s][debug][gc,phases      ] GC(172)   ResolvedMethodTable Weak       Min: 0.00, Avg: 0.05, Max: 0.06, Diff: 0.06, Sum: 0.19, Workers: 4
[5571.511s][debug][gc,phases      ] GC(172)     Dead                           Min: 0, Avg:  5.0, Max: 20, Diff: 20, Sum: 20, Workers: 4
[5571.511s][debug][gc,phases      ] GC(172)     Total                          Min: 0, Avg: 4023.5, Max: 6088, Diff: 6088, Sum: 16094, Workers: 4
[5571.511s][debug][gc,phases      ] GC(172)   JNI Weak                       Min: 0.00, Avg: 0.00, Max: 0.00, Diff: 0.00, Sum: 0.00, Workers: 4
[5571.511s][debug][gc,phases      ] GC(172)     Dead                           Min: 0, Avg:  0.0, Max: 0, Diff: 0, Sum: 0, Workers: 4
[5571.511s][debug][gc,phases      ] GC(172)     Total                          Min: 0, Avg: 13.0, Max: 52, Diff: 52, Sum: 52, Workers: 4
[5571.511s][debug][gc,phases      ] GC(172)   StringDedup Table Weak         Min: 0.00, Avg: 0.00, Max: 0.00, Diff: 0.00, Sum: 0.00, Workers: 4
[5571.511s][debug][gc,phases      ] GC(172)     Dead                           Min: 0, Avg:  0.0, Max: 0, Diff: 0, Sum: 0, Workers: 4
[5571.511s][debug][gc,phases      ] GC(172)     Total                          Min: 0, Avg:  0.0, Max: 0, Diff: 0, Sum: 0, Workers: 4
[5571.511s][debug][gc,phases      ] GC(172)   StringDedup Requests0 Weak     Min: 0.00, Avg: 0.00, Max: 0.00, Diff: 0.00, Sum: 0.00, Workers: 4
[5571.511s][debug][gc,phases      ] GC(172)     Dead                           Min: 0, Avg:  0.0, Max: 0, Diff: 0, Sum: 0, Workers: 4
[5571.511s][debug][gc,phases      ] GC(172)     Total                          Min: 0, Avg:  0.0, Max: 0, Diff: 0, Sum: 0, Workers: 4
[5571.511s][debug][gc,phases      ] GC(172)   StringDedup Requests1 Weak     Min: 0.00, Avg: 0.00, Max: 0.00, Diff: 0.00, Sum: 0.00, Workers: 4
[5571.511s][debug][gc,phases      ] GC(172)     Dead                           Min: 0, Avg:  0.0, Max: 0, Diff: 0, Sum: 0, Workers: 4
[5571.511s][debug][gc,phases      ] GC(172)     Total                          Min: 0, Avg:  0.0, Max: 0, Diff: 0, Sum: 0, Workers: 4
[5571.511s][debug][gc,phases      ] GC(172)   Weak JFR Old Object Samples    Min: 0.00, Avg: 0.00, Max: 0.00, Diff: 0.00, Sum: 0.00, Workers: 4
[5571.511s][debug][gc,phases      ] GC(172)     Dead                           Min: 0, Avg:  0.0, Max: 0, Diff: 0, Sum: 0, Workers: 4
[5571.511s][debug][gc,phases      ] GC(172)     Total                          Min: 0, Avg:  0.0, Max: 0, Diff: 0, Sum: 0, Workers: 4
[5571.511s][debug][gc,phases      ] GC(172) Weak Processing 0.392ms
[5571.511s][debug][gc,age         ] GC(172) Desired survivor size 16252928 bytes, new threshold 1 (max threshold 15)
[5571.511s][info ][gc,heap        ] GC(172) PSYoungGen: 2066128K(2080256K)->4144K(2079232K) Eden: 2062336K(2062336K)->0K(2062336K) From: 3792K(17920K)->4144K(16896K)
[5571.511s][info ][gc,heap        ] GC(172) ParOldGen: 612414K(837120K)->613014K(837120K)
[5571.511s][info ][gc,metaspace   ] GC(172) Metaspace: 110290K(111488K)->110290K(111488K) NonClass: 94425K(95104K)->94425K(95104K) Class: 15865K(16384K)->15865K(16384K)
[5571.511s][info ][gc             ] GC(172) Pause Young (Allocation Failure) 2615M->602M(2848M) 4.907ms
[5571.511s][info ][gc,cpu         ] GC(172) User=0.01s Sys=0.00s Real=0.01s
[5571.511s][info ][safepoint      ] Safepoint "ParallelCollectForAllocation", Time since last: 17157561732 ns, Reaching safepoint: 6200 ns, At safepoint: 4973005 ns, Leaving safepoint: 3000 ns, Total: 4982205 ns, Threads: 0 runnable, 33 total
[5588.504s][info ][gc,start       ] GC(173) Pause Young (Allocation Failure)
[5588.511s][debug][gc,phases      ] GC(173) Scavenge 7.663ms
[5588.511s][debug][gc,ref         ] GC(173) Skipped SoftWeakFinalRefsPhase of Reference Processing: no references
[5588.511s][debug][gc,ref         ] GC(173) Skipped KeepAliveFinalRefsPhase of Reference Processing: no references
[5588.511s][debug][gc,ref         ] GC(173) Skipped PhantomRefsPhase of Reference Processing: no references
[5588.511s][debug][gc,phases      ] GC(173) Reference Processing 0.018ms
[5588.512s][debug][gc,phases      ] GC(173)   VM Weak                        Min: 0.00, Avg: 0.00, Max: 0.01, Diff: 0.01, Sum: 0.01, Workers: 4
[5588.512s][debug][gc,phases      ] GC(173)     Dead                           Min: 0, Avg:  0.0, Max: 0, Diff: 0, Sum: 0, Workers: 4
[5588.512s][debug][gc,phases      ] GC(173)     Total                          Min: 0, Avg: 212.8, Max: 723, Diff: 723, Sum: 851, Workers: 4
[5588.512s][debug][gc,phases      ] GC(173)   ObjectSynchronizer Weak        Min: 0.00, Avg: 0.00, Max: 0.00, Diff: 0.00, Sum: 0.00, Workers: 4
[5588.512s][debug][gc,phases      ] GC(173)     Dead                           Min: 0, Avg:  0.0, Max: 0, Diff: 0, Sum: 0, Workers: 4
[5588.512s][debug][gc,phases      ] GC(173)     Total                          Min: 0, Avg:  1.5, Max: 6, Diff: 6, Sum: 6, Workers: 4
[5588.512s][debug][gc,phases      ] GC(173)   JVMTI Tag Weak OopStorage      Min: 0.00, Avg: 0.00, Max: 0.00, Diff: 0.00, Sum: 0.00, Workers: 4
[5588.512s][debug][gc,phases      ] GC(173)     Dead                           Min: 0, Avg:  0.0, Max: 0, Diff: 0, Sum: 0, Workers: 4
[5588.512s][debug][gc,phases      ] GC(173)     Total                          Min: 0, Avg:  0.0, Max: 0, Diff: 0, Sum: 0, Workers: 4
[5588.512s][debug][gc,phases      ] GC(173)   StringTable Weak               Min: 0.00, Avg: 0.11, Max: 0.14, Diff: 0.14, Sum: 0.43, Workers: 4
[5588.512s][debug][gc,phases      ] GC(173)     Dead                           Min: 0, Avg:  0.0, Max: 0, Diff: 0, Sum: 0, Workers: 4
[5588.512s][debug][gc,phases      ] GC(173)     Total                          Min: 0, Avg: 12565.2, Max: 21312, Diff: 21312, Sum: 50261, Workers: 4
[5588.512s][debug][gc,phases      ] GC(173)   ResolvedMethodTable Weak       Min: 0.00, Avg: 0.03, Max: 0.05, Diff: 0.05, Sum: 0.14, Workers: 4
[5588.512s][debug][gc,phases      ] GC(173)     Dead                           Min: 0, Avg:  0.0, Max: 0, Diff: 0, Sum: 0, Workers: 4
[5588.512s][debug][gc,phases      ] GC(173)     Total                          Min: 0, Avg: 4023.5, Max: 6739, Diff: 6739, Sum: 16094, Workers: 4
[5588.512s][debug][gc,phases      ] GC(173)   JNI Weak                       Min: 0.00, Avg: 0.00, Max: 0.00, Diff: 0.00, Sum: 0.00, Workers: 4
[5588.512s][debug][gc,phases      ] GC(173)     Dead                           Min: 0, Avg:  0.0, Max: 0, Diff: 0, Sum: 0, Workers: 4
[5588.512s][debug][gc,phases      ] GC(173)     Total                          Min: 0, Avg: 13.0, Max: 52, Diff: 52, Sum: 52, Workers: 4
[5588.512s][debug][gc,phases      ] GC(173)   StringDedup Table Weak         Min: 0.00, Avg: 0.00, Max: 0.00, Diff: 0.00, Sum: 0.00, Workers: 4
[5588.512s][debug][gc,phases      ] GC(173)     Dead                           Min: 0, Avg:  0.0, Max: 0, Diff: 0, Sum: 0, Workers: 4
[5588.512s][debug][gc,phases      ] GC(173)     Total                          Min: 0, Avg:  0.0, Max: 0, Diff: 0, Sum: 0, Workers: 4
[5588.512s][debug][gc,phases      ] GC(173)   StringDedup Requests0 Weak     Min: 0.00, Avg: 0.00, Max: 0.00, Diff: 0.00, Sum: 0.00, Workers: 4
[5588.512s][debug][gc,phases      ] GC(173)     Dead                           Min: 0, Avg:  0.0, Max: 0, Diff: 0, Sum: 0, Workers: 4
[5588.512s][debug][gc,phases      ] GC(173)     Total                          Min: 0, Avg:  0.0, Max: 0, Diff: 0, Sum: 0, Workers: 4
[5588.512s][debug][gc,phases      ] GC(173)   StringDedup Requests1 Weak     Min: 0.00, Avg: 0.00, Max: 0.00, Diff: 0.00, Sum: 0.00, Workers: 4
[5588.512s][debug][gc,phases      ] GC(173)     Dead                           Min: 0, Avg:  0.0, Max: 0, Diff: 0, Sum: 0, Workers: 4
[5588.512s][debug][gc,phases      ] GC(173)     Total                          Min: 0, Avg:  0.0, Max: 0, Diff: 0, Sum: 0, Workers: 4
[5588.512s][debug][gc,phases      ] GC(173)   Weak JFR Old Object Samples    Min: 0.00, Avg: 0.00, Max: 0.00, Diff: 0.00, Sum: 0.00, Workers: 4
[5588.512s][debug][gc,phases      ] GC(173)     Dead                           Min: 0, Avg:  0.0, Max: 0, Diff: 0, Sum: 0, Workers: 4
[5588.512s][debug][gc,phases      ] GC(173)     Total                          Min: 0, Avg:  0.0, Max: 0, Diff: 0, Sum: 0, Workers: 4
[5588.512s][debug][gc,phases      ] GC(173) Weak Processing 0.375ms
[5588.512s][debug][gc,age         ] GC(173) Desired survivor size 17825792 bytes, new threshold 1 (max threshold 15)
[5588.512s][info ][gc,heap        ] GC(173) PSYoungGen: 2066480K(2079232K)->12304K(2078208K) Eden: 2062336K(2062336K)->0K(2062336K) From: 4144K(16896K)->12304K(15872K)
[5588.512s][info ][gc,heap        ] GC(173) ParOldGen: 613014K(837120K)->614510K(837120K)
[5588.512s][info ][gc,metaspace   ] GC(173) Metaspace: 110295K(111488K)->110295K(111488K) NonClass: 94429K(95104K)->94429K(95104K) Class: 15865K(16384K)->15865K(16384K)
[5588.512s][info ][gc             ] GC(173) Pause Young (Allocation Failure) 2616M->612M(2847M) 8.182ms
[5588.512s][info ][gc,cpu         ] GC(173) User=0.03s Sys=0.00s Real=0.01s
[5588.512s][info ][safepoint      ] Safepoint "ParallelCollectForAllocation", Time since last: 16992241674 ns, Reaching safepoint: 7200 ns, At safepoint: 8253594 ns, Leaving safepoint: 9500 ns, Total: 8270294 ns, Threads: 0 runnable, 36 total
[5610.594s][info ][gc,start       ] GC(174) Pause Young (Allocation Failure)
[5610.600s][debug][gc,phases      ] GC(174) Scavenge 6.098ms
[5610.601s][debug][gc,ref         ] GC(174) Skipped SoftWeakFinalRefsPhase of Reference Processing: no references
[5610.601s][debug][gc,ref         ] GC(174) Skipped KeepAliveFinalRefsPhase of Reference Processing: no references
[5610.601s][debug][gc,ref         ] GC(174) Skipped PhantomRefsPhase of Reference Processing: no references
[5610.601s][debug][gc,phases      ] GC(174) Reference Processing 0.022ms
[5610.601s][debug][gc,phases      ] GC(174)   VM Weak                        Min: 0.00, Avg: 0.00, Max: 0.01, Diff: 0.01, Sum: 0.01, Workers: 4
[5610.601s][debug][gc,phases      ] GC(174)     Dead                           Min: 0, Avg:  0.0, Max: 0, Diff: 0, Sum: 0, Workers: 4
[5610.601s][debug][gc,phases      ] GC(174)     Total                          Min: 0, Avg: 212.8, Max: 512, Diff: 512, Sum: 851, Workers: 4
[5610.601s][debug][gc,phases      ] GC(174)   ObjectSynchronizer Weak        Min: 0.00, Avg: 0.00, Max: 0.00, Diff: 0.00, Sum: 0.00, Workers: 4
[5610.601s][debug][gc,phases      ] GC(174)     Dead                           Min: 0, Avg:  0.0, Max: 0, Diff: 0, Sum: 0, Workers: 4
[5610.601s][debug][gc,phases      ] GC(174)     Total                          Min: 0, Avg:  1.5, Max: 6, Diff: 6, Sum: 6, Workers: 4
[5610.601s][debug][gc,phases      ] GC(174)   JVMTI Tag Weak OopStorage      Min: 0.00, Avg: 0.00, Max: 0.00, Diff: 0.00, Sum: 0.00, Workers: 4
[5610.601s][debug][gc,phases      ] GC(174)     Dead                           Min: 0, Avg:  0.0, Max: 0, Diff: 0, Sum: 0, Workers: 4
[5610.601s][debug][gc,phases      ] GC(174)     Total                          Min: 0, Avg:  0.0, Max: 0, Diff: 0, Sum: 0, Workers: 4
[5610.601s][debug][gc,phases      ] GC(174)   StringTable Weak               Min: 0.00, Avg: 0.10, Max: 0.14, Diff: 0.14, Sum: 0.42, Workers: 4
[5610.601s][debug][gc,phases      ] GC(174)     Dead                           Min: 0, Avg:  0.0, Max: 0, Diff: 0, Sum: 0, Workers: 4
[5610.601s][debug][gc,phases      ] GC(174)     Total                          Min: 0, Avg: 12565.2, Max: 21056, Diff: 21056, Sum: 50261, Workers: 4
[5610.601s][debug][gc,phases      ] GC(174)   ResolvedMethodTable Weak       Min: 0.00, Avg: 0.04, Max: 0.05, Diff: 0.05, Sum: 0.14, Workers: 4
[5610.601s][debug][gc,phases      ] GC(174)     Dead                           Min: 0, Avg:  5.0, Max: 15, Diff: 15, Sum: 20, Workers: 4
[5610.601s][debug][gc,phases      ] GC(174)     Total                          Min: 0, Avg: 4023.5, Max: 6872, Diff: 6872, Sum: 16094, Workers: 4
[5610.601s][debug][gc,phases      ] GC(174)   JNI Weak                       Min: 0.00, Avg: 0.00, Max: 0.00, Diff: 0.00, Sum: 0.00, Workers: 4
[5610.601s][debug][gc,phases      ] GC(174)     Dead                           Min: 0, Avg:  0.0, Max: 0, Diff: 0, Sum: 0, Workers: 4
[5610.601s][debug][gc,phases      ] GC(174)     Total                          Min: 0, Avg: 13.0, Max: 52, Diff: 52, Sum: 52, Workers: 4
[5610.601s][debug][gc,phases      ] GC(174)   StringDedup Table Weak         Min: 0.00, Avg: 0.00, Max: 0.00, Diff: 0.00, Sum: 0.00, Workers: 4
[5610.601s][debug][gc,phases      ] GC(174)     Dead                           Min: 0, Avg:  0.0, Max: 0, Diff: 0, Sum: 0, Workers: 4
[5610.601s][debug][gc,phases      ] GC(174)     Total                          Min: 0, Avg:  0.0, Max: 0, Diff: 0, Sum: 0, Workers: 4
[5610.601s][debug][gc,phases      ] GC(174)   StringDedup Requests0 Weak     Min: 0.00, Avg: 0.00, Max: 0.00, Diff: 0.00, Sum: 0.00, Workers: 4
[5610.601s][debug][gc,phases      ] GC(174)     Dead                           Min: 0, Avg:  0.0, Max: 0, Diff: 0, Sum: 0, Workers: 4
[5610.601s][debug][gc,phases      ] GC(174)     Total                          Min: 0, Avg:  0.0, Max: 0, Diff: 0, Sum: 0, Workers: 4
[5610.601s][debug][gc,phases      ] GC(174)   StringDedup Requests1 Weak     Min: 0.00, Avg: 0.00, Max: 0.00, Diff: 0.00, Sum: 0.00, Workers: 4
[5610.601s][debug][gc,phases      ] GC(174)     Dead                           Min: 0, Avg:  0.0, Max: 0, Diff: 0, Sum: 0, Workers: 4
[5610.601s][debug][gc,phases      ] GC(174)     Total                          Min: 0, Avg:  0.0, Max: 0, Diff: 0, Sum: 0, Workers: 4
[5610.601s][debug][gc,phases      ] GC(174)   Weak JFR Old Object Samples    Min: 0.00, Avg: 0.00, Max: 0.00, Diff: 0.00, Sum: 0.00, Workers: 4
[5610.601s][debug][gc,phases      ] GC(174)     Dead                           Min: 0, Avg:  0.0, Max: 0, Diff: 0, Sum: 0, Workers: 4
[5610.601s][debug][gc,phases      ] GC(174)     Total                          Min: 0, Avg:  0.0, Max: 0, Diff: 0, Sum: 0, Workers: 4
[5610.601s][debug][gc,phases      ] GC(174) Weak Processing 0.388ms
[5610.601s][debug][gc,age         ] GC(174) Desired survivor size 17301504 bytes, new threshold 1 (max threshold 15)
[5610.601s][info ][gc,heap        ] GC(174) PSYoungGen: 2074640K(2078208K)->3472K(2079744K) Eden: 2062336K(2062336K)->0K(2062336K) From: 12304K(15872K)->3472K(17408K)
[5610.601s][info ][gc,heap        ] GC(174) ParOldGen: 614510K(837120K)->623543K(837120K)
[5610.601s][info ][gc,metaspace   ] GC(174) Metaspace: 110297K(111488K)->110297K(111488K) NonClass: 94432K(95104K)->94432K(95104K) Class: 15865K(16384K)->15865K(16384K)
[5610.601s][info ][gc             ] GC(174) Pause Young (Allocation Failure) 2626M->612M(2848M) 6.665ms
[5610.601s][info ][gc,cpu         ] GC(174) User=0.03s Sys=0.00s Real=0.01s
[5610.601s][info ][safepoint      ] Safepoint "ParallelCollectForAllocation", Time since last: 22082401834 ns, Reaching safepoint: 120100 ns, At safepoint: 6744696 ns, Leaving safepoint: 11800 ns, Total: 6876596 ns, Threads: 2 runnable, 36 total
[5635.701s][info ][gc,start       ] GC(175) Pause Young (Allocation Failure)
[5635.705s][debug][gc,phases      ] GC(175) Scavenge 3.914ms
[5635.705s][debug][gc,ref         ] GC(175) ReferenceProcessor::execute queues: 1, RefProcThreadModel::Single, marks_oops_alive: false
[5635.705s][debug][gc,ref         ] GC(175) Skipped KeepAliveFinalRefsPhase of Reference Processing: no references
[5635.705s][debug][gc,ref         ] GC(175) Skipped PhantomRefsPhase of Reference Processing: no references
[5635.705s][debug][gc,phases      ] GC(175) Reference Processing 0.117ms
[5635.706s][debug][gc,phases      ] GC(175)   VM Weak                        Min: 0.00, Avg: 0.00, Max: 0.01, Diff: 0.01, Sum: 0.01, Workers: 4
[5635.706s][debug][gc,phases      ] GC(175)     Dead                           Min: 0, Avg:  0.0, Max: 0, Diff: 0, Sum: 0, Workers: 4
[5635.706s][debug][gc,phases      ] GC(175)     Total                          Min: 0, Avg: 213.2, Max: 469, Diff: 469, Sum: 853, Workers: 4
[5635.706s][debug][gc,phases      ] GC(175)   ObjectSynchronizer Weak        Min: 0.00, Avg: 0.00, Max: 0.00, Diff: 0.00, Sum: 0.00, Workers: 4
[5635.706s][debug][gc,phases      ] GC(175)     Dead                           Min: 0, Avg:  0.0, Max: 0, Diff: 0, Sum: 0, Workers: 4
[5635.706s][debug][gc,phases      ] GC(175)     Total                          Min: 0, Avg:  1.5, Max: 6, Diff: 6, Sum: 6, Workers: 4
[5635.706s][debug][gc,phases      ] GC(175)   JVMTI Tag Weak OopStorage      Min: 0.00, Avg: 0.00, Max: 0.00, Diff: 0.00, Sum: 0.00, Workers: 4
[5635.706s][debug][gc,phases      ] GC(175)     Dead                           Min: 0, Avg:  0.0, Max: 0, Diff: 0, Sum: 0, Workers: 4
[5635.706s][debug][gc,phases      ] GC(175)     Total                          Min: 0, Avg:  0.0, Max: 0, Diff: 0, Sum: 0, Workers: 4
[5635.706s][debug][gc,phases      ] GC(175)   StringTable Weak               Min: 0.00, Avg: 0.10, Max: 0.14, Diff: 0.14, Sum: 0.42, Workers: 4
[5635.706s][debug][gc,phases      ] GC(175)     Dead                           Min: 0, Avg:  0.2, Max: 1, Diff: 1, Sum: 1, Workers: 4
[5635.706s][debug][gc,phases      ] GC(175)     Total                          Min: 0, Avg: 12571.8, Max: 21567, Diff: 21567, Sum: 50287, Workers: 4
[5635.706s][debug][gc,phases      ] GC(175)   ResolvedMethodTable Weak       Min: 0.00, Avg: 0.03, Max: 0.05, Diff: 0.05, Sum: 0.14, Workers: 4
[5635.706s][debug][gc,phases      ] GC(175)     Dead                           Min: 0, Avg:  6.2, Max: 22, Diff: 22, Sum: 25, Workers: 4
[5635.706s][debug][gc,phases      ] GC(175)     Total                          Min: 0, Avg: 4036.5, Max: 6601, Diff: 6601, Sum: 16146, Workers: 4
[5635.706s][debug][gc,phases      ] GC(175)   JNI Weak                       Min: 0.00, Avg: 0.00, Max: 0.00, Diff: 0.00, Sum: 0.00, Workers: 4
[5635.706s][debug][gc,phases      ] GC(175)     Dead                           Min: 0, Avg:  0.0, Max: 0, Diff: 0, Sum: 0, Workers: 4
[5635.706s][debug][gc,phases      ] GC(175)     Total                          Min: 0, Avg: 13.0, Max: 52, Diff: 52, Sum: 52, Workers: 4
[5635.706s][debug][gc,phases      ] GC(175)   StringDedup Table Weak         Min: 0.00, Avg: 0.00, Max: 0.00, Diff: 0.00, Sum: 0.00, Workers: 4
[5635.706s][debug][gc,phases      ] GC(175)     Dead                           Min: 0, Avg:  0.0, Max: 0, Diff: 0, Sum: 0, Workers: 4
[5635.706s][debug][gc,phases      ] GC(175)     Total                          Min: 0, Avg:  0.0, Max: 0, Diff: 0, Sum: 0, Workers: 4
[5635.706s][debug][gc,phases      ] GC(175)   StringDedup Requests0 Weak     Min: 0.00, Avg: 0.00, Max: 0.00, Diff: 0.00, Sum: 0.00, Workers: 4
[5635.706s][debug][gc,phases      ] GC(175)     Dead                           Min: 0, Avg:  0.0, Max: 0, Diff: 0, Sum: 0, Workers: 4
[5635.706s][debug][gc,phases      ] GC(175)     Total                          Min: 0, Avg:  0.0, Max: 0, Diff: 0, Sum: 0, Workers: 4
[5635.706s][debug][gc,phases      ] GC(175)   StringDedup Requests1 Weak     Min: 0.00, Avg: 0.00, Max: 0.00, Diff: 0.00, Sum: 0.00, Workers: 4
[5635.706s][debug][gc,phases      ] GC(175)     Dead                           Min: 0, Avg:  0.0, Max: 0, Diff: 0, Sum: 0, Workers: 4
[5635.706s][debug][gc,phases      ] GC(175)     Total                          Min: 0, Avg:  0.0, Max: 0, Diff: 0, Sum: 0, Workers: 4
[5635.706s][debug][gc,phases      ] GC(175)   Weak JFR Old Object Samples    Min: 0.00, Avg: 0.00, Max: 0.00, Diff: 0.00, Sum: 0.00, Workers: 4
[5635.706s][debug][gc,phases      ] GC(175)     Dead                           Min: 0, Avg:  0.0, Max: 0, Diff: 0, Sum: 0, Workers: 4
[5635.706s][debug][gc,phases      ] GC(175)     Total                          Min: 0, Avg:  0.0, Max: 0, Diff: 0, Sum: 0, Workers: 4
[5635.706s][debug][gc,phases      ] GC(175) Weak Processing 0.364ms
[5635.706s][debug][gc,age         ] GC(175) Desired survivor size 16252928 bytes, new threshold 1 (max threshold 15)
[5635.706s][info ][gc,heap        ] GC(175) PSYoungGen: 2065808K(2079744K)->3552K(2081280K) Eden: 2062336K(2062336K)->0K(2064384K) From: 3472K(17408K)->3552K(16896K)
[5635.706s][info ][gc,heap        ] GC(175) ParOldGen: 623543K(837120K)->624287K(837120K)
[5635.706s][info ][gc,metaspace   ] GC(175) Metaspace: 110361K(111552K)->110361K(111552K) NonClass: 94480K(95168K)->94480K(95168K) Class: 15880K(16384K)->15880K(16384K)
[5635.706s][info ][gc             ] GC(175) Pause Young (Allocation Failure) 2626M->613M(2850M) 4.510ms
[5635.706s][info ][gc,cpu         ] GC(175) User=0.01s Sys=0.00s Real=0.00s
[5635.706s][info ][safepoint      ] Safepoint "ParallelCollectForAllocation", Time since last: 25100160642 ns, Reaching safepoint: 95600 ns, At safepoint: 4574198 ns, Leaving safepoint: 7900 ns, Total: 4677698 ns, Threads: 1 runnable, 36 total
[5661.544s][info ][gc,start       ] GC(176) Pause Young (Allocation Failure)
[5661.547s][debug][gc,phases      ] GC(176) Scavenge 3.798ms
[5661.547s][debug][gc,ref         ] GC(176) Skipped SoftWeakFinalRefsPhase of Reference Processing: no references
[5661.547s][debug][gc,ref         ] GC(176) Skipped KeepAliveFinalRefsPhase of Reference Processing: no references
[5661.547s][debug][gc,ref         ] GC(176) Skipped PhantomRefsPhase of Reference Processing: no references
[5661.547s][debug][gc,phases      ] GC(176) Reference Processing 0.024ms
[5661.548s][debug][gc,phases      ] GC(176)   VM Weak                        Min: 0.00, Avg: 0.00, Max: 0.01, Diff: 0.01, Sum: 0.01, Workers: 4
[5661.548s][debug][gc,phases      ] GC(176)     Dead                           Min: 0, Avg:  0.0, Max: 0, Diff: 0, Sum: 0, Workers: 4
[5661.548s][debug][gc,phases      ] GC(176)     Total                          Min: 0, Avg: 213.2, Max: 597, Diff: 597, Sum: 853, Workers: 4
[5661.548s][debug][gc,phases      ] GC(176)   ObjectSynchronizer Weak        Min: 0.00, Avg: 0.00, Max: 0.00, Diff: 0.00, Sum: 0.00, Workers: 4
[5661.548s][debug][gc,phases      ] GC(176)     Dead                           Min: 0, Avg:  0.0, Max: 0, Diff: 0, Sum: 0, Workers: 4
[5661.548s][debug][gc,phases      ] GC(176)     Total                          Min: 0, Avg:  1.5, Max: 6, Diff: 6, Sum: 6, Workers: 4
[5661.548s][debug][gc,phases      ] GC(176)   JVMTI Tag Weak OopStorage      Min: 0.00, Avg: 0.00, Max: 0.00, Diff: 0.00, Sum: 0.00, Workers: 4
[5661.548s][debug][gc,phases      ] GC(176)     Dead                           Min: 0, Avg:  0.0, Max: 0, Diff: 0, Sum: 0, Workers: 4
[5661.548s][debug][gc,phases      ] GC(176)     Total                          Min: 0, Avg:  0.0, Max: 0, Diff: 0, Sum: 0, Workers: 4
[5661.548s][debug][gc,phases      ] GC(176)   StringTable Weak               Min: 0.00, Avg: 0.10, Max: 0.14, Diff: 0.14, Sum: 0.42, Workers: 4
[5661.548s][debug][gc,phases      ] GC(176)     Dead                           Min: 0, Avg:  0.0, Max: 0, Diff: 0, Sum: 0, Workers: 4
[5661.548s][debug][gc,phases      ] GC(176)     Total                          Min: 0, Avg: 12572.0, Max: 21183, Diff: 21183, Sum: 50288, Workers: 4
[5661.548s][debug][gc,phases      ] GC(176)   ResolvedMethodTable Weak       Min: 0.00, Avg: 0.04, Max: 0.05, Diff: 0.05, Sum: 0.15, Workers: 4
[5661.548s][debug][gc,phases      ] GC(176)     Dead                           Min: 0, Avg:  5.0, Max: 18, Diff: 18, Sum: 20, Workers: 4
[5661.548s][debug][gc,phases      ] GC(176)     Total                          Min: 0, Avg: 4036.5, Max: 6933, Diff: 6933, Sum: 16146, Workers: 4
[5661.548s][debug][gc,phases      ] GC(176)   JNI Weak                       Min: 0.00, Avg: 0.00, Max: 0.00, Diff: 0.00, Sum: 0.00, Workers: 4
[5661.548s][debug][gc,phases      ] GC(176)     Dead                           Min: 0, Avg:  0.0, Max: 0, Diff: 0, Sum: 0, Workers: 4
[5661.548s][debug][gc,phases      ] GC(176)     Total                          Min: 0, Avg: 13.0, Max: 52, Diff: 52, Sum: 52, Workers: 4
[5661.548s][debug][gc,phases      ] GC(176)   StringDedup Table Weak         Min: 0.00, Avg: 0.00, Max: 0.00, Diff: 0.00, Sum: 0.00, Workers: 4
[5661.548s][debug][gc,phases      ] GC(176)     Dead                           Min: 0, Avg:  0.0, Max: 0, Diff: 0, Sum: 0, Workers: 4
[5661.548s][debug][gc,phases      ] GC(176)     Total                          Min: 0, Avg:  0.0, Max: 0, Diff: 0, Sum: 0, Workers: 4
[5661.548s][debug][gc,phases      ] GC(176)   StringDedup Requests0 Weak     Min: 0.00, Avg: 0.00, Max: 0.00, Diff: 0.00, Sum: 0.00, Workers: 4
[5661.548s][debug][gc,phases      ] GC(176)     Dead                           Min: 0, Avg:  0.0, Max: 0, Diff: 0, Sum: 0, Workers: 4
[5661.548s][debug][gc,phases      ] GC(176)     Total                          Min: 0, Avg:  0.0, Max: 0, Diff: 0, Sum: 0, Workers: 4
[5661.548s][debug][gc,phases      ] GC(176)   StringDedup Requests1 Weak     Min: 0.00, Avg: 0.00, Max: 0.00, Diff: 0.00, Sum: 0.00, Workers: 4
[5661.548s][debug][gc,phases      ] GC(176)     Dead                           Min: 0, Avg:  0.0, Max: 0, Diff: 0, Sum: 0, Workers: 4
[5661.548s][debug][gc,phases      ] GC(176)     Total                          Min: 0, Avg:  0.0, Max: 0, Diff: 0, Sum: 0, Workers: 4
[5661.548s][debug][gc,phases      ] GC(176)   Weak JFR Old Object Samples    Min: 0.00, Avg: 0.00, Max: 0.00, Diff: 0.00, Sum: 0.00, Workers: 4
[5661.548s][debug][gc,phases      ] GC(176)     Dead                           Min: 0, Avg:  0.0, Max: 0, Diff: 0, Sum: 0, Workers: 4
[5661.548s][debug][gc,phases      ] GC(176)     Total                          Min: 0, Avg:  0.0, Max: 0, Diff: 0, Sum: 0, Workers: 4
[5661.548s][debug][gc,phases      ] GC(176) Weak Processing 0.399ms
[5661.548s][debug][gc,age         ] GC(176) Desired survivor size 15728640 bytes, new threshold 1 (max threshold 15)
[5661.548s][info ][gc,heap        ] GC(176) PSYoungGen: 2067936K(2081280K)->3584K(2080256K) Eden: 2064384K(2064384K)->0K(2064384K) From: 3552K(16896K)->3584K(15872K)
[5661.548s][info ][gc,heap        ] GC(176) ParOldGen: 624287K(837120K)->624983K(837120K)
[5661.548s][info ][gc,metaspace   ] GC(176) Metaspace: 110363K(111552K)->110363K(111552K) NonClass: 94482K(95168K)->94482K(95168K) Class: 15880K(16384K)->15880K(16384K)
[5661.548s][info ][gc             ] GC(176) Pause Young (Allocation Failure) 2629M->613M(2849M) 4.352ms
[5661.548s][info ][gc,cpu         ] GC(176) User=0.02s Sys=0.00s Real=0.00s
[5661.548s][info ][safepoint      ] Safepoint "ParallelCollectForAllocation", Time since last: 25837556603 ns, Reaching safepoint: 78500 ns, At safepoint: 4417898 ns, Leaving safepoint: 12100 ns, Total: 4508498 ns, Threads: 1 runnable, 33 total
[5686.295s][info ][gc,start       ] GC(177) Pause Young (Allocation Failure)
[5686.299s][debug][gc,phases      ] GC(177) Scavenge 4.492ms
[5686.299s][debug][gc,ref         ] GC(177) ReferenceProcessor::execute queues: 1, RefProcThreadModel::Single, marks_oops_alive: false
[5686.299s][debug][gc,ref         ] GC(177) Skipped KeepAliveFinalRefsPhase of Reference Processing: no references
[5686.299s][debug][gc,ref         ] GC(177) Skipped PhantomRefsPhase of Reference Processing: no references
[5686.299s][debug][gc,phases      ] GC(177) Reference Processing 0.100ms
[5686.300s][debug][gc,phases      ] GC(177)   VM Weak                        Min: 0.00, Avg: 0.00, Max: 0.01, Diff: 0.01, Sum: 0.01, Workers: 4
[5686.300s][debug][gc,phases      ] GC(177)     Dead                           Min: 0, Avg:  0.0, Max: 0, Diff: 0, Sum: 0, Workers: 4
[5686.300s][debug][gc,phases      ] GC(177)     Total                          Min: 0, Avg: 213.2, Max: 597, Diff: 597, Sum: 853, Workers: 4
[5686.300s][debug][gc,phases      ] GC(177)   ObjectSynchronizer Weak        Min: 0.00, Avg: 0.00, Max: 0.00, Diff: 0.00, Sum: 0.00, Workers: 4
[5686.300s][debug][gc,phases      ] GC(177)     Dead                           Min: 0, Avg:  0.0, Max: 0, Diff: 0, Sum: 0, Workers: 4
[5686.300s][debug][gc,phases      ] GC(177)     Total                          Min: 0, Avg:  1.5, Max: 6, Diff: 6, Sum: 6, Workers: 4
[5686.300s][debug][gc,phases      ] GC(177)   JVMTI Tag Weak OopStorage      Min: 0.00, Avg: 0.00, Max: 0.00, Diff: 0.00, Sum: 0.00, Workers: 4
[5686.300s][debug][gc,phases      ] GC(177)     Dead                           Min: 0, Avg:  0.0, Max: 0, Diff: 0, Sum: 0, Workers: 4
[5686.300s][debug][gc,phases      ] GC(177)     Total                          Min: 0, Avg:  0.0, Max: 0, Diff: 0, Sum: 0, Workers: 4
[5686.300s][debug][gc,phases      ] GC(177)   StringTable Weak               Min: 0.00, Avg: 0.11, Max: 0.14, Diff: 0.14, Sum: 0.42, Workers: 4
[5686.300s][debug][gc,phases      ] GC(177)     Dead                           Min: 0, Avg:  0.0, Max: 0, Diff: 0, Sum: 0, Workers: 4
[5686.300s][debug][gc,phases      ] GC(177)     Total                          Min: 0, Avg: 12572.0, Max: 20799, Diff: 20799, Sum: 50288, Workers: 4
[5686.300s][debug][gc,phases      ] GC(177)   ResolvedMethodTable Weak       Min: 0.00, Avg: 0.04, Max: 0.05, Diff: 0.05, Sum: 0.14, Workers: 4
[5686.300s][debug][gc,phases      ] GC(177)     Dead                           Min: 0, Avg:  5.0, Max: 20, Diff: 20, Sum: 20, Workers: 4
[5686.300s][debug][gc,phases      ] GC(177)     Total                          Min: 0, Avg: 4036.5, Max: 6891, Diff: 6891, Sum: 16146, Workers: 4
[5686.300s][debug][gc,phases      ] GC(177)   JNI Weak                       Min: 0.00, Avg: 0.00, Max: 0.00, Diff: 0.00, Sum: 0.00, Workers: 4
[5686.300s][debug][gc,phases      ] GC(177)     Dead                           Min: 0, Avg:  0.0, Max: 0, Diff: 0, Sum: 0, Workers: 4
[5686.300s][debug][gc,phases      ] GC(177)     Total                          Min: 0, Avg: 13.0, Max: 52, Diff: 52, Sum: 52, Workers: 4
[5686.300s][debug][gc,phases      ] GC(177)   StringDedup Table Weak         Min: 0.00, Avg: 0.00, Max: 0.00, Diff: 0.00, Sum: 0.00, Workers: 4
[5686.300s][debug][gc,phases      ] GC(177)     Dead                           Min: 0, Avg:  0.0, Max: 0, Diff: 0, Sum: 0, Workers: 4
[5686.300s][debug][gc,phases      ] GC(177)     Total                          Min: 0, Avg:  0.0, Max: 0, Diff: 0, Sum: 0, Workers: 4
[5686.300s][debug][gc,phases      ] GC(177)   StringDedup Requests0 Weak     Min: 0.00, Avg: 0.00, Max: 0.00, Diff: 0.00, Sum: 0.00, Workers: 4
[5686.300s][debug][gc,phases      ] GC(177)     Dead                           Min: 0, Avg:  0.0, Max: 0, Diff: 0, Sum: 0, Workers: 4
[5686.300s][debug][gc,phases      ] GC(177)     Total                          Min: 0, Avg:  0.0, Max: 0, Diff: 0, Sum: 0, Workers: 4
[5686.300s][debug][gc,phases      ] GC(177)   StringDedup Requests1 Weak     Min: 0.00, Avg: 0.00, Max: 0.00, Diff: 0.00, Sum: 0.00, Workers: 4
[5686.300s][debug][gc,phases      ] GC(177)     Dead                           Min: 0, Avg:  0.0, Max: 0, Diff: 0, Sum: 0, Workers: 4
[5686.300s][debug][gc,phases      ] GC(177)     Total                          Min: 0, Avg:  0.0, Max: 0, Diff: 0, Sum: 0, Workers: 4
[5686.300s][debug][gc,phases      ] GC(177)   Weak JFR Old Object Samples    Min: 0.00, Avg: 0.00, Max: 0.00, Diff: 0.00, Sum: 0.00, Workers: 4
[5686.300s][debug][gc,phases      ] GC(177)     Dead                           Min: 0, Avg:  0.0, Max: 0, Diff: 0, Sum: 0, Workers: 4
[5686.300s][debug][gc,phases      ] GC(177)     Total                          Min: 0, Avg:  0.0, Max: 0, Diff: 0, Sum: 0, Workers: 4
[5686.300s][debug][gc,phases      ] GC(177) Weak Processing 0.366ms
[5686.300s][debug][gc,age         ] GC(177) Desired survivor size 14680064 bytes, new threshold 1 (max threshold 15)
[5686.300s][info ][gc,heap        ] GC(177) PSYoungGen: 2067968K(2080256K)->4240K(2082816K) Eden: 2064384K(2064384K)->0K(2067456K) From: 3584K(15872K)->4240K(15360K)
[5686.300s][info ][gc,heap        ] GC(177) ParOldGen: 624983K(837120K)->625179K(837120K)
[5686.300s][info ][gc,metaspace   ] GC(177) Metaspace: 110365K(111552K)->110365K(111552K) NonClass: 94485K(95168K)->94485K(95168K) Class: 15880K(16384K)->15880K(16384K)
[5686.300s][info ][gc             ] GC(177) Pause Young (Allocation Failure) 2629M->614M(2851M) 5.087ms
[5686.300s][info ][gc,cpu         ] GC(177) User=0.02s Sys=0.00s Real=0.01s
[5686.300s][info ][safepoint      ] Safepoint "ParallelCollectForAllocation", Time since last: 24746580378 ns, Reaching safepoint: 84500 ns, At safepoint: 5151196 ns, Leaving safepoint: 10900 ns, Total: 5246596 ns, Threads: 2 runnable, 34 total
[5724.719s][info ][gc,start       ] GC(178) Pause Young (Allocation Failure)
[5724.723s][debug][gc,phases      ] GC(178) Scavenge 4.144ms
[5724.723s][debug][gc,ref         ] GC(178) ReferenceProcessor::execute queues: 1, RefProcThreadModel::Single, marks_oops_alive: false
[5724.723s][debug][gc,ref         ] GC(178) Skipped KeepAliveFinalRefsPhase of Reference Processing: no references
[5724.723s][debug][gc,ref         ] GC(178) Skipped PhantomRefsPhase of Reference Processing: no references
[5724.723s][debug][gc,phases      ] GC(178) Reference Processing 0.117ms
[5724.723s][debug][gc,phases      ] GC(178)   VM Weak                        Min: 0.00, Avg: 0.00, Max: 0.01, Diff: 0.01, Sum: 0.01, Workers: 4
[5724.723s][debug][gc,phases      ] GC(178)     Dead                           Min: 0, Avg:  0.0, Max: 0, Diff: 0, Sum: 0, Workers: 4
[5724.723s][debug][gc,phases      ] GC(178)     Total                          Min: 0, Avg: 213.2, Max: 853, Diff: 853, Sum: 853, Workers: 4
[5724.723s][debug][gc,phases      ] GC(178)   ObjectSynchronizer Weak        Min: 0.00, Avg: 0.00, Max: 0.00, Diff: 0.00, Sum: 0.00, Workers: 4
[5724.723s][debug][gc,phases      ] GC(178)     Dead                           Min: 0, Avg:  0.0, Max: 0, Diff: 0, Sum: 0, Workers: 4
[5724.723s][debug][gc,phases      ] GC(178)     Total                          Min: 0, Avg:  1.5, Max: 6, Diff: 6, Sum: 6, Workers: 4
[5724.723s][debug][gc,phases      ] GC(178)   JVMTI Tag Weak OopStorage      Min: 0.00, Avg: 0.00, Max: 0.00, Diff: 0.00, Sum: 0.00, Workers: 4
[5724.723s][debug][gc,phases      ] GC(178)     Dead                           Min: 0, Avg:  0.0, Max: 0, Diff: 0, Sum: 0, Workers: 4
[5724.723s][debug][gc,phases      ] GC(178)     Total                          Min: 0, Avg:  0.0, Max: 0, Diff: 0, Sum: 0, Workers: 4
[5724.723s][debug][gc,phases      ] GC(178)   StringTable Weak               Min: 0.00, Avg: 0.12, Max: 0.16, Diff: 0.16, Sum: 0.48, Workers: 4
[5724.723s][debug][gc,phases      ] GC(178)     Dead                           Min: 0, Avg:  0.0, Max: 0, Diff: 0, Sum: 0, Workers: 4
[5724.723s][debug][gc,phases      ] GC(178)     Total                          Min: 0, Avg: 12572.0, Max: 17855, Diff: 17855, Sum: 50288, Workers: 4
[5724.723s][debug][gc,phases      ] GC(178)   ResolvedMethodTable Weak       Min: 0.00, Avg: 0.04, Max: 0.05, Diff: 0.05, Sum: 0.16, Workers: 4
[5724.723s][debug][gc,phases      ] GC(178)     Dead                           Min: 0, Avg:  5.0, Max: 15, Diff: 15, Sum: 20, Workers: 4
[5724.723s][debug][gc,phases      ] GC(178)     Total                          Min: 0, Avg: 4036.5, Max: 5532, Diff: 5532, Sum: 16146, Workers: 4
[5724.723s][debug][gc,phases      ] GC(178)   JNI Weak                       Min: 0.00, Avg: 0.00, Max: 0.00, Diff: 0.00, Sum: 0.00, Workers: 4
[5724.723s][debug][gc,phases      ] GC(178)     Dead                           Min: 0, Avg:  0.0, Max: 0, Diff: 0, Sum: 0, Workers: 4
[5724.723s][debug][gc,phases      ] GC(178)     Total                          Min: 0, Avg: 13.0, Max: 52, Diff: 52, Sum: 52, Workers: 4
[5724.723s][debug][gc,phases      ] GC(178)   StringDedup Table Weak         Min: 0.00, Avg: 0.00, Max: 0.00, Diff: 0.00, Sum: 0.00, Workers: 4
[5724.723s][debug][gc,phases      ] GC(178)     Dead                           Min: 0, Avg:  0.0, Max: 0, Diff: 0, Sum: 0, Workers: 4
[5724.723s][debug][gc,phases      ] GC(178)     Total                          Min: 0, Avg:  0.0, Max: 0, Diff: 0, Sum: 0, Workers: 4
[5724.723s][debug][gc,phases      ] GC(178)   StringDedup Requests0 Weak     Min: 0.00, Avg: 0.00, Max: 0.00, Diff: 0.00, Sum: 0.00, Workers: 4
[5724.723s][debug][gc,phases      ] GC(178)     Dead                           Min: 0, Avg:  0.0, Max: 0, Diff: 0, Sum: 0, Workers: 4
[5724.723s][debug][gc,phases      ] GC(178)     Total                          Min: 0, Avg:  0.0, Max: 0, Diff: 0, Sum: 0, Workers: 4
[5724.723s][debug][gc,phases      ] GC(178)   StringDedup Requests1 Weak     Min: 0.00, Avg: 0.00, Max: 0.00, Diff: 0.00, Sum: 0.00, Workers: 4
[5724.723s][debug][gc,phases      ] GC(178)     Dead                           Min: 0, Avg:  0.0, Max: 0, Diff: 0, Sum: 0, Workers: 4
[5724.723s][debug][gc,phases      ] GC(178)     Total                          Min: 0, Avg:  0.0, Max: 0, Diff: 0, Sum: 0, Workers: 4
[5724.723s][debug][gc,phases      ] GC(178)   Weak JFR Old Object Samples    Min: 0.00, Avg: 0.00, Max: 0.00, Diff: 0.00, Sum: 0.00, Workers: 4
[5724.724s][debug][gc,phases      ] GC(178)     Dead                           Min: 0, Avg:  0.0, Max: 0, Diff: 0, Sum: 0, Workers: 4
[5724.724s][debug][gc,phases      ] GC(178)     Total                          Min: 0, Avg:  0.0, Max: 0, Diff: 0, Sum: 0, Workers: 4
[5724.724s][debug][gc,phases      ] GC(178) Weak Processing 0.477ms
[5724.724s][debug][gc,age         ] GC(178) Desired survivor size 14155776 bytes, new threshold 1 (max threshold 15)
[5724.724s][info ][gc,heap        ] GC(178) PSYoungGen: 2071696K(2082816K)->4832K(2081792K) Eden: 2067456K(2067456K)->0K(2067456K) From: 4240K(15360K)->4832K(14336K)
[5724.724s][info ][gc,heap        ] GC(178) ParOldGen: 625179K(837120K)->626747K(837120K)
[5724.724s][info ][gc,metaspace   ] GC(178) Metaspace: 110370K(111552K)->110370K(111552K) NonClass: 94490K(95168K)->94490K(95168K) Class: 15880K(16384K)->15880K(16384K)
[5724.724s][info ][gc             ] GC(178) Pause Young (Allocation Failure) 2633M->616M(2850M) 4.864ms
[5724.724s][info ][gc,cpu         ] GC(178) User=0.02s Sys=0.00s Real=0.01s
[5724.724s][info ][safepoint      ] Safepoint "ParallelCollectForAllocation", Time since last: 38418858487 ns, Reaching safepoint: 7100 ns, At safepoint: 4935498 ns, Leaving safepoint: 3700 ns, Total: 4946298 ns, Threads: 0 runnable, 37 total
[5765.796s][info ][gc,start       ] GC(179) Pause Young (Allocation Failure)
[5765.800s][debug][gc,phases      ] GC(179) Scavenge 3.656ms
[5765.800s][debug][gc,ref         ] GC(179) ReferenceProcessor::execute queues: 1, RefProcThreadModel::Single, marks_oops_alive: false
[5765.800s][debug][gc,ref         ] GC(179) Skipped KeepAliveFinalRefsPhase of Reference Processing: no references
[5765.800s][debug][gc,ref         ] GC(179) Skipped PhantomRefsPhase of Reference Processing: no references
[5765.800s][debug][gc,phases      ] GC(179) Reference Processing 0.136ms
[5765.800s][debug][gc,phases      ] GC(179)   VM Weak                        Min: 0.00, Avg: 0.00, Max: 0.01, Diff: 0.01, Sum: 0.01, Workers: 4
[5765.800s][debug][gc,phases      ] GC(179)     Dead                           Min: 0, Avg:  0.0, Max: 0, Diff: 0, Sum: 0, Workers: 4
[5765.800s][debug][gc,phases      ] GC(179)     Total                          Min: 0, Avg: 213.2, Max: 576, Diff: 576, Sum: 853, Workers: 4
[5765.800s][debug][gc,phases      ] GC(179)   ObjectSynchronizer Weak        Min: 0.00, Avg: 0.00, Max: 0.00, Diff: 0.00, Sum: 0.00, Workers: 4
[5765.800s][debug][gc,phases      ] GC(179)     Dead                           Min: 0, Avg:  0.0, Max: 0, Diff: 0, Sum: 0, Workers: 4
[5765.800s][debug][gc,phases      ] GC(179)     Total                          Min: 0, Avg:  1.2, Max: 5, Diff: 5, Sum: 5, Workers: 4
[5765.800s][debug][gc,phases      ] GC(179)   JVMTI Tag Weak OopStorage      Min: 0.00, Avg: 0.00, Max: 0.00, Diff: 0.00, Sum: 0.00, Workers: 4
[5765.800s][debug][gc,phases      ] GC(179)     Dead                           Min: 0, Avg:  0.0, Max: 0, Diff: 0, Sum: 0, Workers: 4
[5765.800s][debug][gc,phases      ] GC(179)     Total                          Min: 0, Avg:  0.0, Max: 0, Diff: 0, Sum: 0, Workers: 4
[5765.800s][debug][gc,phases      ] GC(179)   StringTable Weak               Min: 0.11, Avg: 0.12, Max: 0.12, Diff: 0.01, Sum: 0.47, Workers: 4
[5765.800s][debug][gc,phases      ] GC(179)     Dead                           Min: 0, Avg:  0.0, Max: 0, Diff: 0, Sum: 0, Workers: 4
[5765.800s][debug][gc,phases      ] GC(179)     Total                          Min: 11968, Avg: 12572.0, Max: 12927, Diff: 959, Sum: 50288, Workers: 4
[5765.800s][debug][gc,phases      ] GC(179)   ResolvedMethodTable Weak       Min: 0.04, Avg: 0.04, Max: 0.04, Diff: 0.00, Sum: 0.16, Workers: 4
[5765.800s][debug][gc,phases      ] GC(179)     Dead                           Min: 0, Avg:  5.0, Max: 17, Diff: 17, Sum: 20, Workers: 4
[5765.800s][debug][gc,phases      ] GC(179)     Total                          Min: 3855, Avg: 4036.5, Max: 4258, Diff: 403, Sum: 16146, Workers: 4
[5765.800s][debug][gc,phases      ] GC(179)   JNI Weak                       Min: 0.00, Avg: 0.00, Max: 0.00, Diff: 0.00, Sum: 0.00, Workers: 4
[5765.800s][debug][gc,phases      ] GC(179)     Dead                           Min: 0, Avg:  0.0, Max: 0, Diff: 0, Sum: 0, Workers: 4
[5765.800s][debug][gc,phases      ] GC(179)     Total                          Min: 0, Avg: 13.0, Max: 52, Diff: 52, Sum: 52, Workers: 4
[5765.800s][debug][gc,phases      ] GC(179)   StringDedup Table Weak         Min: 0.00, Avg: 0.00, Max: 0.00, Diff: 0.00, Sum: 0.00, Workers: 4
[5765.800s][debug][gc,phases      ] GC(179)     Dead                           Min: 0, Avg:  0.0, Max: 0, Diff: 0, Sum: 0, Workers: 4
[5765.800s][debug][gc,phases      ] GC(179)     Total                          Min: 0, Avg:  0.0, Max: 0, Diff: 0, Sum: 0, Workers: 4
[5765.800s][debug][gc,phases      ] GC(179)   StringDedup Requests0 Weak     Min: 0.00, Avg: 0.00, Max: 0.00, Diff: 0.00, Sum: 0.00, Workers: 4
[5765.800s][debug][gc,phases      ] GC(179)     Dead                           Min: 0, Avg:  0.0, Max: 0, Diff: 0, Sum: 0, Workers: 4
[5765.800s][debug][gc,phases      ] GC(179)     Total                          Min: 0, Avg:  0.0, Max: 0, Diff: 0, Sum: 0, Workers: 4
[5765.800s][debug][gc,phases      ] GC(179)   StringDedup Requests1 Weak     Min: 0.00, Avg: 0.00, Max: 0.00, Diff: 0.00, Sum: 0.00, Workers: 4
[5765.800s][debug][gc,phases      ] GC(179)     Dead                           Min: 0, Avg:  0.0, Max: 0, Diff: 0, Sum: 0, Workers: 4
[5765.800s][debug][gc,phases      ] GC(179)     Total                          Min: 0, Avg:  0.0, Max: 0, Diff: 0, Sum: 0, Workers: 4
[5765.800s][debug][gc,phases      ] GC(179)   Weak JFR Old Object Samples    Min: 0.00, Avg: 0.00, Max: 0.00, Diff: 0.00, Sum: 0.00, Workers: 4
[5765.800s][debug][gc,phases      ] GC(179)     Dead                           Min: 0, Avg:  0.0, Max: 0, Diff: 0, Sum: 0, Workers: 4
[5765.800s][debug][gc,phases      ] GC(179)     Total                          Min: 0, Avg:  0.0, Max: 0, Diff: 0, Sum: 0, Workers: 4
[5765.800s][debug][gc,phases      ] GC(179) Weak Processing 0.345ms
[5765.800s][debug][gc,age         ] GC(179) Desired survivor size 13631488 bytes, new threshold 1 (max threshold 15)
[5765.800s][info ][gc,heap        ] GC(179) PSYoungGen: 2072288K(2081792K)->2848K(2083840K) Eden: 2067456K(2067456K)->0K(2070016K) From: 4832K(14336K)->2848K(13824K)
[5765.800s][info ][gc,heap        ] GC(179) ParOldGen: 626747K(837120K)->627283K(837120K)
[5765.800s][info ][gc,metaspace   ] GC(179) Metaspace: 110371K(111552K)->110371K(111552K) NonClass: 94490K(95168K)->94490K(95168K) Class: 15880K(16384K)->15880K(16384K)
[5765.800s][info ][gc             ] GC(179) Pause Young (Allocation Failure) 2635M->615M(2852M) 4.255ms
[5765.800s][info ][gc,cpu         ] GC(179) User=0.01s Sys=0.00s Real=0.01s
[5765.800s][info ][safepoint      ] Safepoint "ParallelCollectForAllocation", Time since last: 41072490276 ns, Reaching safepoint: 34000 ns, At safepoint: 4325098 ns, Leaving safepoint: 3200 ns, Total: 4362298 ns, Threads: 0 runnable, 37 total
[5814.395s][info ][gc,start       ] GC(180) Pause Young (Allocation Failure)
[5814.397s][debug][gc,phases      ] GC(180) Scavenge 2.364ms
[5814.398s][debug][gc,ref         ] GC(180) ReferenceProcessor::execute queues: 1, RefProcThreadModel::Single, marks_oops_alive: false
[5814.398s][debug][gc,ref         ] GC(180) Skipped KeepAliveFinalRefsPhase of Reference Processing: no references
[5814.398s][debug][gc,ref         ] GC(180) Skipped PhantomRefsPhase of Reference Processing: no references
[5814.398s][debug][gc,phases      ] GC(180) Reference Processing 0.094ms
[5814.398s][debug][gc,phases      ] GC(180)   VM Weak                        Min: 0.00, Avg: 0.00, Max: 0.01, Diff: 0.01, Sum: 0.01, Workers: 4
[5814.398s][debug][gc,phases      ] GC(180)     Dead                           Min: 0, Avg:  0.0, Max: 0, Diff: 0, Sum: 0, Workers: 4
[5814.398s][debug][gc,phases      ] GC(180)     Total                          Min: 0, Avg: 213.2, Max: 704, Diff: 704, Sum: 853, Workers: 4
[5814.398s][debug][gc,phases      ] GC(180)   ObjectSynchronizer Weak        Min: 0.00, Avg: 0.00, Max: 0.00, Diff: 0.00, Sum: 0.00, Workers: 4
[5814.398s][debug][gc,phases      ] GC(180)     Dead                           Min: 0, Avg:  0.0, Max: 0, Diff: 0, Sum: 0, Workers: 4
[5814.398s][debug][gc,phases      ] GC(180)     Total                          Min: 0, Avg:  1.2, Max: 5, Diff: 5, Sum: 5, Workers: 4
[5814.398s][debug][gc,phases      ] GC(180)   JVMTI Tag Weak OopStorage      Min: 0.00, Avg: 0.00, Max: 0.00, Diff: 0.00, Sum: 0.00, Workers: 4
[5814.398s][debug][gc,phases      ] GC(180)     Dead                           Min: 0, Avg:  0.0, Max: 0, Diff: 0, Sum: 0, Workers: 4
[5814.398s][debug][gc,phases      ] GC(180)     Total                          Min: 0, Avg:  0.0, Max: 0, Diff: 0, Sum: 0, Workers: 4
[5814.398s][debug][gc,phases      ] GC(180)   StringTable Weak               Min: 0.00, Avg: 0.10, Max: 0.14, Diff: 0.14, Sum: 0.41, Workers: 4
[5814.398s][debug][gc,phases      ] GC(180)     Dead                           Min: 0, Avg:  0.0, Max: 0, Diff: 0, Sum: 0, Workers: 4
[5814.398s][debug][gc,phases      ] GC(180)     Total                          Min: 0, Avg: 12572.5, Max: 21043, Diff: 21043, Sum: 50290, Workers: 4
[5814.398s][debug][gc,phases      ] GC(180)   ResolvedMethodTable Weak       Min: 0.00, Avg: 0.03, Max: 0.05, Diff: 0.05, Sum: 0.14, Workers: 4
[5814.398s][debug][gc,phases      ] GC(180)     Dead                           Min: 0, Avg:  9.0, Max: 14, Diff: 14, Sum: 36, Workers: 4
[5814.398s][debug][gc,phases      ] GC(180)     Total                          Min: 0, Avg: 4036.8, Max: 6685, Diff: 6685, Sum: 16147, Workers: 4
[5814.398s][debug][gc,phases      ] GC(180)   JNI Weak                       Min: 0.00, Avg: 0.00, Max: 0.00, Diff: 0.00, Sum: 0.00, Workers: 4
[5814.398s][debug][gc,phases      ] GC(180)     Dead                           Min: 0, Avg:  0.0, Max: 0, Diff: 0, Sum: 0, Workers: 4
[5814.398s][debug][gc,phases      ] GC(180)     Total                          Min: 0, Avg: 13.0, Max: 52, Diff: 52, Sum: 52, Workers: 4
[5814.398s][debug][gc,phases      ] GC(180)   StringDedup Table Weak         Min: 0.00, Avg: 0.00, Max: 0.00, Diff: 0.00, Sum: 0.00, Workers: 4
[5814.398s][debug][gc,phases      ] GC(180)     Dead                           Min: 0, Avg:  0.0, Max: 0, Diff: 0, Sum: 0, Workers: 4
[5814.398s][debug][gc,phases      ] GC(180)     Total                          Min: 0, Avg:  0.0, Max: 0, Diff: 0, Sum: 0, Workers: 4
[5814.398s][debug][gc,phases      ] GC(180)   StringDedup Requests0 Weak     Min: 0.00, Avg: 0.00, Max: 0.00, Diff: 0.00, Sum: 0.00, Workers: 4
[5814.398s][debug][gc,phases      ] GC(180)     Dead                           Min: 0, Avg:  0.0, Max: 0, Diff: 0, Sum: 0, Workers: 4
[5814.398s][debug][gc,phases      ] GC(180)     Total                          Min: 0, Avg:  0.0, Max: 0, Diff: 0, Sum: 0, Workers: 4
[5814.398s][debug][gc,phases      ] GC(180)   StringDedup Requests1 Weak     Min: 0.00, Avg: 0.00, Max: 0.00, Diff: 0.00, Sum: 0.00, Workers: 4
[5814.398s][debug][gc,phases      ] GC(180)     Dead                           Min: 0, Avg:  0.0, Max: 0, Diff: 0, Sum: 0, Workers: 4
[5814.398s][debug][gc,phases      ] GC(180)     Total                          Min: 0, Avg:  0.0, Max: 0, Diff: 0, Sum: 0, Workers: 4
[5814.398s][debug][gc,phases      ] GC(180)   Weak JFR Old Object Samples    Min: 0.00, Avg: 0.00, Max: 0.00, Diff: 0.00, Sum: 0.00, Workers: 4
[5814.398s][debug][gc,phases      ] GC(180)     Dead                           Min: 0, Avg:  0.0, Max: 0, Diff: 0, Sum: 0, Workers: 4
[5814.398s][debug][gc,phases      ] GC(180)     Total                          Min: 0, Avg:  0.0, Max: 0, Diff: 0, Sum: 0, Workers: 4
[5814.398s][debug][gc,phases      ] GC(180) Weak Processing 0.376ms
[5814.398s][debug][gc,age         ] GC(180) Desired survivor size 13107200 bytes, new threshold 1 (max threshold 15)
[5814.398s][info ][gc,heap        ] GC(180) PSYoungGen: 2072864K(2083840K)->2624K(2083328K) Eden: 2070016K(2070016K)->0K(2070016K) From: 2848K(13824K)->2624K(13312K)
[5814.398s][info ][gc,heap        ] GC(180) ParOldGen: 627283K(837120K)->627727K(837120K)
[5814.398s][info ][gc,metaspace   ] GC(180) Metaspace: 110375K(111552K)->110375K(111552K) NonClass: 94494K(95168K)->94494K(95168K) Class: 15881K(16384K)->15881K(16384K)
[5814.398s][info ][gc             ] GC(180) Pause Young (Allocation Failure) 2636M->615M(2852M) 2.980ms
[5814.398s][info ][gc,cpu         ] GC(180) User=0.01s Sys=0.00s Real=0.00s
[5814.398s][info ][safepoint      ] Safepoint "ParallelCollectForAllocation", Time since last: 48594474527 ns, Reaching safepoint: 104900 ns, At safepoint: 3042999 ns, Leaving safepoint: 6500 ns, Total: 3154399 ns, Threads: 1 runnable, 34 total
[5865.194s][info ][gc,start       ] GC(181) Pause Young (Allocation Failure)
[5865.196s][debug][gc,phases      ] GC(181) Scavenge 2.392ms
[5865.196s][debug][gc,ref         ] GC(181) Skipped SoftWeakFinalRefsPhase of Reference Processing: no references
[5865.197s][debug][gc,ref         ] GC(181) Skipped KeepAliveFinalRefsPhase of Reference Processing: no references
[5865.197s][debug][gc,ref         ] GC(181) Skipped PhantomRefsPhase of Reference Processing: no references
[5865.197s][debug][gc,phases      ] GC(181) Reference Processing 0.021ms
[5865.197s][debug][gc,phases      ] GC(181)   VM Weak                        Min: 0.00, Avg: 0.00, Max: 0.01, Diff: 0.01, Sum: 0.01, Workers: 4
[5865.197s][debug][gc,phases      ] GC(181)     Dead                           Min: 0, Avg:  0.0, Max: 0, Diff: 0, Sum: 0, Workers: 4
[5865.197s][debug][gc,phases      ] GC(181)     Total                          Min: 0, Avg: 213.2, Max: 576, Diff: 576, Sum: 853, Workers: 4
[5865.197s][debug][gc,phases      ] GC(181)   ObjectSynchronizer Weak        Min: 0.00, Avg: 0.00, Max: 0.00, Diff: 0.00, Sum: 0.00, Workers: 4
[5865.197s][debug][gc,phases      ] GC(181)     Dead                           Min: 0, Avg:  0.0, Max: 0, Diff: 0, Sum: 0, Workers: 4
[5865.197s][debug][gc,phases      ] GC(181)     Total                          Min: 0, Avg:  1.2, Max: 5, Diff: 5, Sum: 5, Workers: 4
[5865.197s][debug][gc,phases      ] GC(181)   JVMTI Tag Weak OopStorage      Min: 0.00, Avg: 0.00, Max: 0.00, Diff: 0.00, Sum: 0.00, Workers: 4
[5865.197s][debug][gc,phases      ] GC(181)     Dead                           Min: 0, Avg:  0.0, Max: 0, Diff: 0, Sum: 0, Workers: 4
[5865.197s][debug][gc,phases      ] GC(181)     Total                          Min: 0, Avg:  0.0, Max: 0, Diff: 0, Sum: 0, Workers: 4
[5865.197s][debug][gc,phases      ] GC(181)   StringTable Weak               Min: 0.00, Avg: 0.10, Max: 0.14, Diff: 0.14, Sum: 0.41, Workers: 4
[5865.197s][debug][gc,phases      ] GC(181)     Dead                           Min: 0, Avg:  0.0, Max: 0, Diff: 0, Sum: 0, Workers: 4
[5865.197s][debug][gc,phases      ] GC(181)     Total                          Min: 0, Avg: 12572.5, Max: 21171, Diff: 21171, Sum: 50290, Workers: 4
[5865.197s][debug][gc,phases      ] GC(181)   ResolvedMethodTable Weak       Min: 0.00, Avg: 0.03, Max: 0.05, Diff: 0.05, Sum: 0.14, Workers: 4
[5865.197s][debug][gc,phases      ] GC(181)     Dead                           Min: 0, Avg:  5.0, Max: 16, Diff: 16, Sum: 20, Workers: 4
[5865.197s][debug][gc,phases      ] GC(181)     Total                          Min: 0, Avg: 4036.8, Max: 6758, Diff: 6758, Sum: 16147, Workers: 4
[5865.197s][debug][gc,phases      ] GC(181)   JNI Weak                       Min: 0.00, Avg: 0.00, Max: 0.00, Diff: 0.00, Sum: 0.00, Workers: 4
[5865.197s][debug][gc,phases      ] GC(181)     Dead                           Min: 0, Avg:  0.0, Max: 0, Diff: 0, Sum: 0, Workers: 4
[5865.197s][debug][gc,phases      ] GC(181)     Total                          Min: 0, Avg: 13.0, Max: 52, Diff: 52, Sum: 52, Workers: 4
[5865.197s][debug][gc,phases      ] GC(181)   StringDedup Table Weak         Min: 0.00, Avg: 0.00, Max: 0.00, Diff: 0.00, Sum: 0.00, Workers: 4
[5865.197s][debug][gc,phases      ] GC(181)     Dead                           Min: 0, Avg:  0.0, Max: 0, Diff: 0, Sum: 0, Workers: 4
[5865.197s][debug][gc,phases      ] GC(181)     Total                          Min: 0, Avg:  0.0, Max: 0, Diff: 0, Sum: 0, Workers: 4
[5865.197s][debug][gc,phases      ] GC(181)   StringDedup Requests0 Weak     Min: 0.00, Avg: 0.00, Max: 0.00, Diff: 0.00, Sum: 0.00, Workers: 4
[5865.197s][debug][gc,phases      ] GC(181)     Dead                           Min: 0, Avg:  0.0, Max: 0, Diff: 0, Sum: 0, Workers: 4
[5865.197s][debug][gc,phases      ] GC(181)     Total                          Min: 0, Avg:  0.0, Max: 0, Diff: 0, Sum: 0, Workers: 4
[5865.197s][debug][gc,phases      ] GC(181)   StringDedup Requests1 Weak     Min: 0.00, Avg: 0.00, Max: 0.00, Diff: 0.00, Sum: 0.00, Workers: 4
[5865.197s][debug][gc,phases      ] GC(181)     Dead                           Min: 0, Avg:  0.0, Max: 0, Diff: 0, Sum: 0, Workers: 4
[5865.197s][debug][gc,phases      ] GC(181)     Total                          Min: 0, Avg:  0.0, Max: 0, Diff: 0, Sum: 0, Workers: 4
[5865.197s][debug][gc,phases      ] GC(181)   Weak JFR Old Object Samples    Min: 0.00, Avg: 0.00, Max: 0.00, Diff: 0.00, Sum: 0.00, Workers: 4
[5865.197s][debug][gc,phases      ] GC(181)     Dead                           Min: 0, Avg:  0.0, Max: 0, Diff: 0, Sum: 0, Workers: 4
[5865.197s][debug][gc,phases      ] GC(181)     Total                          Min: 0, Avg:  0.0, Max: 0, Diff: 0, Sum: 0, Workers: 4
[5865.197s][debug][gc,phases      ] GC(181) Weak Processing 0.379ms
[5865.197s][debug][gc,age         ] GC(181) Desired survivor size 13107200 bytes, new threshold 1 (max threshold 15)
[5865.197s][info ][gc,heap        ] GC(181) PSYoungGen: 2072640K(2083328K)->832K(2084352K) Eden: 2070016K(2070016K)->0K(2071552K) From: 2624K(13312K)->832K(12800K)
[5865.197s][info ][gc,heap        ] GC(181) ParOldGen: 627727K(837120K)->629463K(837120K)
[5865.197s][info ][gc,metaspace   ] GC(181) Metaspace: 110381K(111552K)->110381K(111552K) NonClass: 94500K(95168K)->94500K(95168K) Class: 15881K(16384K)->15881K(16384K)
[5865.197s][info ][gc             ] GC(181) Pause Young (Allocation Failure) 2637M->615M(2853M) 2.899ms
[5865.197s][info ][gc,cpu         ] GC(181) User=0.01s Sys=0.00s Real=0.00s
[5865.197s][info ][safepoint      ] Safepoint "ParallelCollectForAllocation", Time since last: 50795823454 ns, Reaching safepoint: 107000 ns, At safepoint: 2960499 ns, Leaving safepoint: 6100 ns, Total: 3073599 ns, Threads: 1 runnable, 35 total
[5915.495s][info ][gc,start       ] GC(182) Pause Young (Allocation Failure)
[5915.497s][debug][gc,phases      ] GC(182) Scavenge 2.205ms
[5915.497s][debug][gc,ref         ] GC(182) Skipped SoftWeakFinalRefsPhase of Reference Processing: no references
[5915.497s][debug][gc,ref         ] GC(182) Skipped KeepAliveFinalRefsPhase of Reference Processing: no references
[5915.497s][debug][gc,ref         ] GC(182) Skipped PhantomRefsPhase of Reference Processing: no references
[5915.497s][debug][gc,phases      ] GC(182) Reference Processing 0.022ms
[5915.497s][debug][gc,phases      ] GC(182)   VM Weak                        Min: 0.00, Avg: 0.00, Max: 0.00, Diff: 0.00, Sum: 0.01, Workers: 4
[5915.497s][debug][gc,phases      ] GC(182)     Dead                           Min: 0, Avg:  0.0, Max: 0, Diff: 0, Sum: 0, Workers: 4
[5915.497s][debug][gc,phases      ] GC(182)     Total                          Min: 128, Avg: 213.2, Max: 341, Diff: 213, Sum: 853, Workers: 4
[5915.497s][debug][gc,phases      ] GC(182)   ObjectSynchronizer Weak        Min: 0.00, Avg: 0.00, Max: 0.00, Diff: 0.00, Sum: 0.00, Workers: 4
[5915.497s][debug][gc,phases      ] GC(182)     Dead                           Min: 0, Avg:  0.0, Max: 0, Diff: 0, Sum: 0, Workers: 4
[5915.497s][debug][gc,phases      ] GC(182)     Total                          Min: 0, Avg:  1.2, Max: 5, Diff: 5, Sum: 5, Workers: 4
[5915.497s][debug][gc,phases      ] GC(182)   JVMTI Tag Weak OopStorage      Min: 0.00, Avg: 0.00, Max: 0.00, Diff: 0.00, Sum: 0.00, Workers: 4
[5915.497s][debug][gc,phases      ] GC(182)     Dead                           Min: 0, Avg:  0.0, Max: 0, Diff: 0, Sum: 0, Workers: 4
[5915.497s][debug][gc,phases      ] GC(182)     Total                          Min: 0, Avg:  0.0, Max: 0, Diff: 0, Sum: 0, Workers: 4
[5915.497s][debug][gc,phases      ] GC(182)   StringTable Weak               Min: 0.13, Avg: 0.13, Max: 0.13, Diff: 0.00, Sum: 0.53, Workers: 4
[5915.497s][debug][gc,phases      ] GC(182)     Dead                           Min: 0, Avg:  0.0, Max: 0, Diff: 0, Sum: 0, Workers: 4
[5915.497s][debug][gc,phases      ] GC(182)     Total                          Min: 12352, Avg: 12572.8, Max: 12736, Diff: 384, Sum: 50291, Workers: 4
[5915.497s][debug][gc,phases      ] GC(182)   ResolvedMethodTable Weak       Min: 0.04, Avg: 0.04, Max: 0.04, Diff: 0.00, Sum: 0.16, Workers: 4
[5915.497s][debug][gc,phases      ] GC(182)     Dead                           Min: 0, Avg:  5.0, Max: 13, Diff: 13, Sum: 20, Workers: 4
[5915.497s][debug][gc,phases      ] GC(182)     Total                          Min: 3959, Avg: 4036.8, Max: 4096, Diff: 137, Sum: 16147, Workers: 4
[5915.497s][debug][gc,phases      ] GC(182)   JNI Weak                       Min: 0.00, Avg: 0.00, Max: 0.00, Diff: 0.00, Sum: 0.00, Workers: 4
[5915.497s][debug][gc,phases      ] GC(182)     Dead                           Min: 0, Avg:  0.0, Max: 0, Diff: 0, Sum: 0, Workers: 4
[5915.497s][debug][gc,phases      ] GC(182)     Total                          Min: 0, Avg: 13.0, Max: 52, Diff: 52, Sum: 52, Workers: 4
[5915.497s][debug][gc,phases      ] GC(182)   StringDedup Table Weak         Min: 0.00, Avg: 0.00, Max: 0.00, Diff: 0.00, Sum: 0.00, Workers: 4
[5915.497s][debug][gc,phases      ] GC(182)     Dead                           Min: 0, Avg:  0.0, Max: 0, Diff: 0, Sum: 0, Workers: 4
[5915.497s][debug][gc,phases      ] GC(182)     Total                          Min: 0, Avg:  0.0, Max: 0, Diff: 0, Sum: 0, Workers: 4
[5915.497s][debug][gc,phases      ] GC(182)   StringDedup Requests0 Weak     Min: 0.00, Avg: 0.00, Max: 0.00, Diff: 0.00, Sum: 0.00, Workers: 4
[5915.497s][debug][gc,phases      ] GC(182)     Dead                           Min: 0, Avg:  0.0, Max: 0, Diff: 0, Sum: 0, Workers: 4
[5915.497s][debug][gc,phases      ] GC(182)     Total                          Min: 0, Avg:  0.0, Max: 0, Diff: 0, Sum: 0, Workers: 4
[5915.497s][debug][gc,phases      ] GC(182)   StringDedup Requests1 Weak     Min: 0.00, Avg: 0.00, Max: 0.00, Diff: 0.00, Sum: 0.00, Workers: 4
[5915.497s][debug][gc,phases      ] GC(182)     Dead                           Min: 0, Avg:  0.0, Max: 0, Diff: 0, Sum: 0, Workers: 4
[5915.497s][debug][gc,phases      ] GC(182)     Total                          Min: 0, Avg:  0.0, Max: 0, Diff: 0, Sum: 0, Workers: 4
[5915.497s][debug][gc,phases      ] GC(182)   Weak JFR Old Object Samples    Min: 0.00, Avg: 0.00, Max: 0.00, Diff: 0.00, Sum: 0.00, Workers: 4
[5915.497s][debug][gc,phases      ] GC(182)     Dead                           Min: 0, Avg:  0.0, Max: 0, Diff: 0, Sum: 0, Workers: 4
[5915.497s][debug][gc,phases      ] GC(182)     Total                          Min: 0, Avg:  0.0, Max: 0, Diff: 0, Sum: 0, Workers: 4
[5915.497s][debug][gc,phases      ] GC(182) Weak Processing 0.360ms
[5915.497s][debug][gc,age         ] GC(182) Desired survivor size 12582912 bytes, new threshold 1 (max threshold 15)
[5915.497s][info ][gc,heap        ] GC(182) PSYoungGen: 2072384K(2084352K)->2256K(2084352K) Eden: 2071552K(2071552K)->0K(2071552K) From: 832K(12800K)->2256K(12800K)
[5915.497s][info ][gc,heap        ] GC(182) ParOldGen: 629463K(837120K)->629539K(837120K)
[5915.497s][info ][gc,metaspace   ] GC(182) Metaspace: 110383K(111552K)->110383K(111552K) NonClass: 94502K(95168K)->94502K(95168K) Class: 15881K(16384K)->15881K(16384K)
[5915.497s][info ][gc             ] GC(182) Pause Young (Allocation Failure) 2638M->616M(2853M) 2.713ms
[5915.497s][info ][gc,cpu         ] GC(182) User=0.01s Sys=0.00s Real=0.00s
[5915.497s][info ][safepoint      ] Safepoint "ParallelCollectForAllocation", Time since last: 50297588713 ns, Reaching safepoint: 31900 ns, At safepoint: 2780299 ns, Leaving safepoint: 2100 ns, Total: 2814299 ns, Threads: 0 runnable, 33 total
[5966.700s][info ][gc,start       ] GC(183) Pause Young (Allocation Failure)
[5966.703s][debug][gc,phases      ] GC(183) Scavenge 2.147ms
[5966.703s][debug][gc,ref         ] GC(183) Skipped SoftWeakFinalRefsPhase of Reference Processing: no references
[5966.703s][debug][gc,ref         ] GC(183) Skipped KeepAliveFinalRefsPhase of Reference Processing: no references
[5966.703s][debug][gc,ref         ] GC(183) Skipped PhantomRefsPhase of Reference Processing: no references
[5966.703s][debug][gc,phases      ] GC(183) Reference Processing 0.021ms
[5966.703s][debug][gc,phases      ] GC(183)   VM Weak                        Min: 0.00, Avg: 0.00, Max: 0.01, Diff: 0.01, Sum: 0.01, Workers: 4
[5966.703s][debug][gc,phases      ] GC(183)     Dead                           Min: 0, Avg:  0.0, Max: 0, Diff: 0, Sum: 0, Workers: 4
[5966.703s][debug][gc,phases      ] GC(183)     Total                          Min: 0, Avg: 213.2, Max: 597, Diff: 597, Sum: 853, Workers: 4
[5966.703s][debug][gc,phases      ] GC(183)   ObjectSynchronizer Weak        Min: 0.00, Avg: 0.00, Max: 0.00, Diff: 0.00, Sum: 0.00, Workers: 4
[5966.703s][debug][gc,phases      ] GC(183)     Dead                           Min: 0, Avg:  0.0, Max: 0, Diff: 0, Sum: 0, Workers: 4
[5966.703s][debug][gc,phases      ] GC(183)     Total                          Min: 0, Avg:  1.2, Max: 5, Diff: 5, Sum: 5, Workers: 4
[5966.703s][debug][gc,phases      ] GC(183)   JVMTI Tag Weak OopStorage      Min: 0.00, Avg: 0.00, Max: 0.00, Diff: 0.00, Sum: 0.00, Workers: 4
[5966.703s][debug][gc,phases      ] GC(183)     Dead                           Min: 0, Avg:  0.0, Max: 0, Diff: 0, Sum: 0, Workers: 4
[5966.703s][debug][gc,phases      ] GC(183)     Total                          Min: 0, Avg:  0.0, Max: 0, Diff: 0, Sum: 0, Workers: 4
[5966.703s][debug][gc,phases      ] GC(183)   StringTable Weak               Min: 0.00, Avg: 0.10, Max: 0.14, Diff: 0.14, Sum: 0.41, Workers: 4
[5966.703s][debug][gc,phases      ] GC(183)     Dead                           Min: 0, Avg:  0.0, Max: 0, Diff: 0, Sum: 0, Workers: 4
[5966.703s][debug][gc,phases      ] GC(183)     Total                          Min: 0, Avg: 12572.8, Max: 20724, Diff: 20724, Sum: 50291, Workers: 4
[5966.703s][debug][gc,phases      ] GC(183)   ResolvedMethodTable Weak       Min: 0.00, Avg: 0.03, Max: 0.05, Diff: 0.05, Sum: 0.14, Workers: 4
[5966.703s][debug][gc,phases      ] GC(183)     Dead                           Min: 0, Avg:  5.0, Max: 12, Diff: 12, Sum: 20, Workers: 4
[5966.703s][debug][gc,phases      ] GC(183)     Total                          Min: 0, Avg: 4036.8, Max: 7017, Diff: 7017, Sum: 16147, Workers: 4
[5966.703s][debug][gc,phases      ] GC(183)   JNI Weak                       Min: 0.00, Avg: 0.00, Max: 0.00, Diff: 0.00, Sum: 0.00, Workers: 4
[5966.703s][debug][gc,phases      ] GC(183)     Dead                           Min: 0, Avg:  0.0, Max: 0, Diff: 0, Sum: 0, Workers: 4
[5966.703s][debug][gc,phases      ] GC(183)     Total                          Min: 0, Avg: 13.0, Max: 52, Diff: 52, Sum: 52, Workers: 4
[5966.703s][debug][gc,phases      ] GC(183)   StringDedup Table Weak         Min: 0.00, Avg: 0.00, Max: 0.00, Diff: 0.00, Sum: 0.00, Workers: 4
[5966.703s][debug][gc,phases      ] GC(183)     Dead                           Min: 0, Avg:  0.0, Max: 0, Diff: 0, Sum: 0, Workers: 4
[5966.703s][debug][gc,phases      ] GC(183)     Total                          Min: 0, Avg:  0.0, Max: 0, Diff: 0, Sum: 0, Workers: 4
[5966.703s][debug][gc,phases      ] GC(183)   StringDedup Requests0 Weak     Min: 0.00, Avg: 0.00, Max: 0.00, Diff: 0.00, Sum: 0.00, Workers: 4
[5966.703s][debug][gc,phases      ] GC(183)     Dead                           Min: 0, Avg:  0.0, Max: 0, Diff: 0, Sum: 0, Workers: 4
[5966.703s][debug][gc,phases      ] GC(183)     Total                          Min: 0, Avg:  0.0, Max: 0, Diff: 0, Sum: 0, Workers: 4
[5966.703s][debug][gc,phases      ] GC(183)   StringDedup Requests1 Weak     Min: 0.00, Avg: 0.00, Max: 0.00, Diff: 0.00, Sum: 0.00, Workers: 4
[5966.703s][debug][gc,phases      ] GC(183)     Dead                           Min: 0, Avg:  0.0, Max: 0, Diff: 0, Sum: 0, Workers: 4
[5966.703s][debug][gc,phases      ] GC(183)     Total                          Min: 0, Avg:  0.0, Max: 0, Diff: 0, Sum: 0, Workers: 4
[5966.703s][debug][gc,phases      ] GC(183)   Weak JFR Old Object Samples    Min: 0.00, Avg: 0.00, Max: 0.00, Diff: 0.00, Sum: 0.00, Workers: 4
[5966.703s][debug][gc,phases      ] GC(183)     Dead                           Min: 0, Avg:  0.0, Max: 0, Diff: 0, Sum: 0, Workers: 4
[5966.703s][debug][gc,phases      ] GC(183)     Total                          Min: 0, Avg:  0.0, Max: 0, Diff: 0, Sum: 0, Workers: 4
[5966.703s][debug][gc,phases      ] GC(183) Weak Processing 0.415ms
[5966.703s][debug][gc,age         ] GC(183) Desired survivor size 12058624 bytes, new threshold 1 (max threshold 15)
[5966.703s][info ][gc,heap        ] GC(183) PSYoungGen: 2073808K(2084352K)->2336K(2085376K) Eden: 2071552K(2071552K)->0K(2073088K) From: 2256K(12800K)->2336K(12288K)
[5966.703s][info ][gc,heap        ] GC(183) ParOldGen: 629539K(837120K)->629651K(837120K)
[5966.703s][info ][gc,metaspace   ] GC(183) Metaspace: 110387K(111552K)->110387K(111552K) NonClass: 94506K(95168K)->94506K(95168K) Class: 15881K(16384K)->15881K(16384K)
[5966.703s][info ][gc             ] GC(183) Pause Young (Allocation Failure) 2639M->617M(2854M) 2.691ms
[5966.703s][info ][gc,cpu         ] GC(183) User=0.01s Sys=0.00s Real=0.00s
[5966.703s][info ][safepoint      ] Safepoint "ParallelCollectForAllocation", Time since last: 51203037049 ns, Reaching safepoint: 39800 ns, At safepoint: 2752700 ns, Leaving safepoint: 1900 ns, Total: 2794400 ns, Threads: 0 runnable, 34 total
[6017.146s][info ][gc,start       ] GC(184) Pause Young (Allocation Failure)
[6017.149s][debug][gc,phases      ] GC(184) Scavenge 2.269ms
[6017.149s][debug][gc,ref         ] GC(184) Skipped SoftWeakFinalRefsPhase of Reference Processing: no references
[6017.149s][debug][gc,ref         ] GC(184) Skipped KeepAliveFinalRefsPhase of Reference Processing: no references
[6017.149s][debug][gc,ref         ] GC(184) Skipped PhantomRefsPhase of Reference Processing: no references
[6017.149s][debug][gc,phases      ] GC(184) Reference Processing 0.022ms
[6017.149s][debug][gc,phases      ] GC(184)   VM Weak                        Min: 0.00, Avg: 0.00, Max: 0.01, Diff: 0.01, Sum: 0.01, Workers: 4
[6017.149s][debug][gc,phases      ] GC(184)     Dead                           Min: 0, Avg:  0.0, Max: 0, Diff: 0, Sum: 0, Workers: 4
[6017.149s][debug][gc,phases      ] GC(184)     Total                          Min: 0, Avg: 213.2, Max: 768, Diff: 768, Sum: 853, Workers: 4
[6017.149s][debug][gc,phases      ] GC(184)   ObjectSynchronizer Weak        Min: 0.00, Avg: 0.00, Max: 0.00, Diff: 0.00, Sum: 0.00, Workers: 4
[6017.149s][debug][gc,phases      ] GC(184)     Dead                           Min: 0, Avg:  0.0, Max: 0, Diff: 0, Sum: 0, Workers: 4
[6017.149s][debug][gc,phases      ] GC(184)     Total                          Min: 0, Avg:  1.5, Max: 6, Diff: 6, Sum: 6, Workers: 4
[6017.149s][debug][gc,phases      ] GC(184)   JVMTI Tag Weak OopStorage      Min: 0.00, Avg: 0.00, Max: 0.00, Diff: 0.00, Sum: 0.00, Workers: 4
[6017.149s][debug][gc,phases      ] GC(184)     Dead                           Min: 0, Avg:  0.0, Max: 0, Diff: 0, Sum: 0, Workers: 4
[6017.149s][debug][gc,phases      ] GC(184)     Total                          Min: 0, Avg:  0.0, Max: 0, Diff: 0, Sum: 0, Workers: 4
[6017.149s][debug][gc,phases      ] GC(184)   StringTable Weak               Min: 0.00, Avg: 0.11, Max: 0.15, Diff: 0.15, Sum: 0.45, Workers: 4
[6017.149s][debug][gc,phases      ] GC(184)     Dead                           Min: 0, Avg:  0.0, Max: 0, Diff: 0, Sum: 0, Workers: 4
[6017.149s][debug][gc,phases      ] GC(184)     Total                          Min: 0, Avg: 12573.0, Max: 20735, Diff: 20735, Sum: 50292, Workers: 4
[6017.149s][debug][gc,phases      ] GC(184)   ResolvedMethodTable Weak       Min: 0.00, Avg: 0.03, Max: 0.05, Diff: 0.05, Sum: 0.14, Workers: 4
[6017.149s][debug][gc,phases      ] GC(184)     Dead                           Min: 0, Avg:  5.0, Max: 9, Diff: 9, Sum: 20, Workers: 4
[6017.149s][debug][gc,phases      ] GC(184)     Total                          Min: 0, Avg: 4036.8, Max: 6824, Diff: 6824, Sum: 16147, Workers: 4
[6017.149s][debug][gc,phases      ] GC(184)   JNI Weak                       Min: 0.00, Avg: 0.00, Max: 0.00, Diff: 0.00, Sum: 0.00, Workers: 4
[6017.149s][debug][gc,phases      ] GC(184)     Dead                           Min: 0, Avg:  0.0, Max: 0, Diff: 0, Sum: 0, Workers: 4
[6017.149s][debug][gc,phases      ] GC(184)     Total                          Min: 0, Avg: 13.0, Max: 52, Diff: 52, Sum: 52, Workers: 4
[6017.149s][debug][gc,phases      ] GC(184)   StringDedup Table Weak         Min: 0.00, Avg: 0.00, Max: 0.00, Diff: 0.00, Sum: 0.00, Workers: 4
[6017.149s][debug][gc,phases      ] GC(184)     Dead                           Min: 0, Avg:  0.0, Max: 0, Diff: 0, Sum: 0, Workers: 4
[6017.149s][debug][gc,phases      ] GC(184)     Total                          Min: 0, Avg:  0.0, Max: 0, Diff: 0, Sum: 0, Workers: 4
[6017.149s][debug][gc,phases      ] GC(184)   StringDedup Requests0 Weak     Min: 0.00, Avg: 0.00, Max: 0.00, Diff: 0.00, Sum: 0.00, Workers: 4
[6017.149s][debug][gc,phases      ] GC(184)     Dead                           Min: 0, Avg:  0.0, Max: 0, Diff: 0, Sum: 0, Workers: 4
[6017.149s][debug][gc,phases      ] GC(184)     Total                          Min: 0, Avg:  0.0, Max: 0, Diff: 0, Sum: 0, Workers: 4
[6017.149s][debug][gc,phases      ] GC(184)   StringDedup Requests1 Weak     Min: 0.00, Avg: 0.00, Max: 0.00, Diff: 0.00, Sum: 0.00, Workers: 4
[6017.149s][debug][gc,phases      ] GC(184)     Dead                           Min: 0, Avg:  0.0, Max: 0, Diff: 0, Sum: 0, Workers: 4
[6017.149s][debug][gc,phases      ] GC(184)     Total                          Min: 0, Avg:  0.0, Max: 0, Diff: 0, Sum: 0, Workers: 4
[6017.149s][debug][gc,phases      ] GC(184)   Weak JFR Old Object Samples    Min: 0.00, Avg: 0.00, Max: 0.00, Diff: 0.00, Sum: 0.00, Workers: 4
[6017.149s][debug][gc,phases      ] GC(184)     Dead                           Min: 0, Avg:  0.0, Max: 0, Diff: 0, Sum: 0, Workers: 4
[6017.149s][debug][gc,phases      ] GC(184)     Total                          Min: 0, Avg:  0.0, Max: 0, Diff: 0, Sum: 0, Workers: 4
[6017.149s][debug][gc,phases      ] GC(184) Weak Processing 0.391ms
[6017.149s][debug][gc,age         ] GC(184) Desired survivor size 11534336 bytes, new threshold 1 (max threshold 15)
[6017.149s][info ][gc,heap        ] GC(184) PSYoungGen: 2075424K(2085376K)->2288K(2084864K) Eden: 2073088K(2073088K)->0K(2073088K) From: 2336K(12288K)->2288K(11776K)
[6017.149s][info ][gc,heap        ] GC(184) ParOldGen: 629651K(837120K)->629731K(837120K)
[6017.149s][info ][gc,metaspace   ] GC(184) Metaspace: 110396K(111552K)->110396K(111552K) NonClass: 94515K(95168K)->94515K(95168K) Class: 15881K(16384K)->15881K(16384K)
[6017.149s][info ][gc             ] GC(184) Pause Young (Allocation Failure) 2641M->617M(2853M) 2.813ms
[6017.149s][info ][gc,cpu         ] GC(184) User=0.01s Sys=0.00s Real=0.01s
[6017.149s][info ][safepoint      ] Safepoint "ParallelCollectForAllocation", Time since last: 50443217804 ns, Reaching safepoint: 7200 ns, At safepoint: 2878200 ns, Leaving safepoint: 2300 ns, Total: 2887700 ns, Threads: 0 runnable, 38 total
[6067.787s][info ][gc,start       ] GC(185) Pause Young (Allocation Failure)
[6067.790s][debug][gc,phases      ] GC(185) Scavenge 2.129ms
[6067.790s][debug][gc,ref         ] GC(185) Skipped SoftWeakFinalRefsPhase of Reference Processing: no references
[6067.790s][debug][gc,ref         ] GC(185) Skipped KeepAliveFinalRefsPhase of Reference Processing: no references
[6067.790s][debug][gc,ref         ] GC(185) Skipped PhantomRefsPhase of Reference Processing: no references
[6067.790s][debug][gc,phases      ] GC(185) Reference Processing 0.022ms
[6067.790s][debug][gc,phases      ] GC(185)   VM Weak                        Min: 0.00, Avg: 0.00, Max: 0.00, Diff: 0.00, Sum: 0.01, Workers: 4
[6067.790s][debug][gc,phases      ] GC(185)     Dead                           Min: 0, Avg:  0.0, Max: 0, Diff: 0, Sum: 0, Workers: 4
[6067.790s][debug][gc,phases      ] GC(185)     Total                          Min: 0, Avg: 213.2, Max: 448, Diff: 448, Sum: 853, Workers: 4
[6067.790s][debug][gc,phases      ] GC(185)   ObjectSynchronizer Weak        Min: 0.00, Avg: 0.00, Max: 0.00, Diff: 0.00, Sum: 0.00, Workers: 4
[6067.790s][debug][gc,phases      ] GC(185)     Dead                           Min: 0, Avg:  0.0, Max: 0, Diff: 0, Sum: 0, Workers: 4
[6067.790s][debug][gc,phases      ] GC(185)     Total                          Min: 0, Avg:  1.2, Max: 5, Diff: 5, Sum: 5, Workers: 4
[6067.790s][debug][gc,phases      ] GC(185)   JVMTI Tag Weak OopStorage      Min: 0.00, Avg: 0.00, Max: 0.00, Diff: 0.00, Sum: 0.00, Workers: 4
[6067.790s][debug][gc,phases      ] GC(185)     Dead                           Min: 0, Avg:  0.0, Max: 0, Diff: 0, Sum: 0, Workers: 4
[6067.790s][debug][gc,phases      ] GC(185)     Total                          Min: 0, Avg:  0.0, Max: 0, Diff: 0, Sum: 0, Workers: 4
[6067.790s][debug][gc,phases      ] GC(185)   StringTable Weak               Min: 0.00, Avg: 0.11, Max: 0.14, Diff: 0.14, Sum: 0.43, Workers: 4
[6067.790s][debug][gc,phases      ] GC(185)     Dead                           Min: 0, Avg:  0.0, Max: 0, Diff: 0, Sum: 0, Workers: 4
[6067.790s][debug][gc,phases      ] GC(185)     Total                          Min: 0, Avg: 12574.5, Max: 20794, Diff: 20794, Sum: 50298, Workers: 4
[6067.790s][debug][gc,phases      ] GC(185)   ResolvedMethodTable Weak       Min: 0.00, Avg: 0.04, Max: 0.05, Diff: 0.05, Sum: 0.15, Workers: 4
[6067.790s][debug][gc,phases      ] GC(185)     Dead                           Min: 0, Avg:  5.0, Max: 13, Diff: 13, Sum: 20, Workers: 4
[6067.790s][debug][gc,phases      ] GC(185)     Total                          Min: 0, Avg: 4036.8, Max: 6739, Diff: 6739, Sum: 16147, Workers: 4
[6067.790s][debug][gc,phases      ] GC(185)   JNI Weak                       Min: 0.00, Avg: 0.00, Max: 0.00, Diff: 0.00, Sum: 0.00, Workers: 4
[6067.790s][debug][gc,phases      ] GC(185)     Dead                           Min: 0, Avg:  0.0, Max: 0, Diff: 0, Sum: 0, Workers: 4
[6067.790s][debug][gc,phases      ] GC(185)     Total                          Min: 0, Avg: 13.0, Max: 52, Diff: 52, Sum: 52, Workers: 4
[6067.790s][debug][gc,phases      ] GC(185)   StringDedup Table Weak         Min: 0.00, Avg: 0.00, Max: 0.00, Diff: 0.00, Sum: 0.00, Workers: 4
[6067.790s][debug][gc,phases      ] GC(185)     Dead                           Min: 0, Avg:  0.0, Max: 0, Diff: 0, Sum: 0, Workers: 4
[6067.790s][debug][gc,phases      ] GC(185)     Total                          Min: 0, Avg:  0.0, Max: 0, Diff: 0, Sum: 0, Workers: 4
[6067.790s][debug][gc,phases      ] GC(185)   StringDedup Requests0 Weak     Min: 0.00, Avg: 0.00, Max: 0.00, Diff: 0.00, Sum: 0.00, Workers: 4
[6067.790s][debug][gc,phases      ] GC(185)     Dead                           Min: 0, Avg:  0.0, Max: 0, Diff: 0, Sum: 0, Workers: 4
[6067.790s][debug][gc,phases      ] GC(185)     Total                          Min: 0, Avg:  0.0, Max: 0, Diff: 0, Sum: 0, Workers: 4
[6067.790s][debug][gc,phases      ] GC(185)   StringDedup Requests1 Weak     Min: 0.00, Avg: 0.00, Max: 0.00, Diff: 0.00, Sum: 0.00, Workers: 4
[6067.790s][debug][gc,phases      ] GC(185)     Dead                           Min: 0, Avg:  0.0, Max: 0, Diff: 0, Sum: 0, Workers: 4
[6067.790s][debug][gc,phases      ] GC(185)     Total                          Min: 0, Avg:  0.0, Max: 0, Diff: 0, Sum: 0, Workers: 4
[6067.790s][debug][gc,phases      ] GC(185)   Weak JFR Old Object Samples    Min: 0.00, Avg: 0.00, Max: 0.00, Diff: 0.00, Sum: 0.00, Workers: 4
[6067.790s][debug][gc,phases      ] GC(185)     Dead                           Min: 0, Avg:  0.0, Max: 0, Diff: 0, Sum: 0, Workers: 4
[6067.790s][debug][gc,phases      ] GC(185)     Total                          Min: 0, Avg:  0.0, Max: 0, Diff: 0, Sum: 0, Workers: 4
[6067.790s][debug][gc,phases      ] GC(185) Weak Processing 0.409ms
[6067.790s][debug][gc,age         ] GC(185) Desired survivor size 11010048 bytes, new threshold 1 (max threshold 15)
[6067.790s][info ][gc,heap        ] GC(185) PSYoungGen: 2075376K(2084864K)->2464K(2086400K) Eden: 2073088K(2073088K)->0K(2075136K) From: 2288K(11776K)->2464K(11264K)
[6067.790s][info ][gc,heap        ] GC(185) ParOldGen: 629731K(837120K)->629856K(837120K)
[6067.790s][info ][gc,metaspace   ] GC(185) Metaspace: 110430K(111616K)->110430K(111616K) NonClass: 94549K(95232K)->94549K(95232K) Class: 15881K(16384K)->15881K(16384K)
[6067.790s][info ][gc             ] GC(185) Pause Young (Allocation Failure) 2641M->617M(2855M) 2.698ms
[6067.790s][info ][gc,cpu         ] GC(185) User=0.00s Sys=0.00s Real=0.01s
[6067.790s][info ][safepoint      ] Safepoint "ParallelCollectForAllocation", Time since last: 50637955127 ns, Reaching safepoint: 25300 ns, At safepoint: 2769899 ns, Leaving safepoint: 2800 ns, Total: 2797999 ns, Threads: 0 runnable, 38 total
[6119.095s][info ][gc,start       ] GC(186) Pause Young (Allocation Failure)
[6119.097s][debug][gc,phases      ] GC(186) Scavenge 1.956ms
[6119.097s][debug][gc,ref         ] GC(186) Skipped SoftWeakFinalRefsPhase of Reference Processing: no references
[6119.097s][debug][gc,ref         ] GC(186) Skipped KeepAliveFinalRefsPhase of Reference Processing: no references
[6119.097s][debug][gc,ref         ] GC(186) Skipped PhantomRefsPhase of Reference Processing: no references
[6119.097s][debug][gc,phases      ] GC(186) Reference Processing 0.021ms
[6119.097s][debug][gc,phases      ] GC(186)   VM Weak                        Min: 0.00, Avg: 0.00, Max: 0.01, Diff: 0.01, Sum: 0.01, Workers: 4
[6119.097s][debug][gc,phases      ] GC(186)     Dead                           Min: 0, Avg:  0.0, Max: 0, Diff: 0, Sum: 0, Workers: 4
[6119.097s][debug][gc,phases      ] GC(186)     Total                          Min: 0, Avg: 213.2, Max: 725, Diff: 725, Sum: 853, Workers: 4
[6119.097s][debug][gc,phases      ] GC(186)   ObjectSynchronizer Weak        Min: 0.00, Avg: 0.00, Max: 0.00, Diff: 0.00, Sum: 0.00, Workers: 4
[6119.097s][debug][gc,phases      ] GC(186)     Dead                           Min: 0, Avg:  0.0, Max: 0, Diff: 0, Sum: 0, Workers: 4
[6119.097s][debug][gc,phases      ] GC(186)     Total                          Min: 0, Avg:  1.2, Max: 5, Diff: 5, Sum: 5, Workers: 4
[6119.097s][debug][gc,phases      ] GC(186)   JVMTI Tag Weak OopStorage      Min: 0.00, Avg: 0.00, Max: 0.00, Diff: 0.00, Sum: 0.00, Workers: 4
[6119.097s][debug][gc,phases      ] GC(186)     Dead                           Min: 0, Avg:  0.0, Max: 0, Diff: 0, Sum: 0, Workers: 4
[6119.097s][debug][gc,phases      ] GC(186)     Total                          Min: 0, Avg:  0.0, Max: 0, Diff: 0, Sum: 0, Workers: 4
[6119.097s][debug][gc,phases      ] GC(186)   StringTable Weak               Min: 0.00, Avg: 0.10, Max: 0.14, Diff: 0.14, Sum: 0.42, Workers: 4
[6119.097s][debug][gc,phases      ] GC(186)     Dead                           Min: 0, Avg:  0.0, Max: 0, Diff: 0, Sum: 0, Workers: 4
[6119.097s][debug][gc,phases      ] GC(186)     Total                          Min: 0, Avg: 12574.5, Max: 21184, Diff: 21184, Sum: 50298, Workers: 4
[6119.097s][debug][gc,phases      ] GC(186)   ResolvedMethodTable Weak       Min: 0.00, Avg: 0.04, Max: 0.06, Diff: 0.05, Sum: 0.16, Workers: 4
[6119.097s][debug][gc,phases      ] GC(186)     Dead                           Min: 0, Avg:  5.0, Max: 9, Diff: 9, Sum: 20, Workers: 4
[6119.097s][debug][gc,phases      ] GC(186)     Total                          Min: 0, Avg: 4036.8, Max: 6731, Diff: 6731, Sum: 16147, Workers: 4
[6119.097s][debug][gc,phases      ] GC(186)   JNI Weak                       Min: 0.00, Avg: 0.00, Max: 0.00, Diff: 0.00, Sum: 0.00, Workers: 4
[6119.097s][debug][gc,phases      ] GC(186)     Dead                           Min: 0, Avg:  0.0, Max: 0, Diff: 0, Sum: 0, Workers: 4
[6119.097s][debug][gc,phases      ] GC(186)     Total                          Min: 0, Avg: 13.0, Max: 52, Diff: 52, Sum: 52, Workers: 4
[6119.097s][debug][gc,phases      ] GC(186)   StringDedup Table Weak         Min: 0.00, Avg: 0.00, Max: 0.00, Diff: 0.00, Sum: 0.00, Workers: 4
[6119.097s][debug][gc,phases      ] GC(186)     Dead                           Min: 0, Avg:  0.0, Max: 0, Diff: 0, Sum: 0, Workers: 4
[6119.097s][debug][gc,phases      ] GC(186)     Total                          Min: 0, Avg:  0.0, Max: 0, Diff: 0, Sum: 0, Workers: 4
[6119.097s][debug][gc,phases      ] GC(186)   StringDedup Requests0 Weak     Min: 0.00, Avg: 0.00, Max: 0.00, Diff: 0.00, Sum: 0.00, Workers: 4
[6119.097s][debug][gc,phases      ] GC(186)     Dead                           Min: 0, Avg:  0.0, Max: 0, Diff: 0, Sum: 0, Workers: 4
[6119.097s][debug][gc,phases      ] GC(186)     Total                          Min: 0, Avg:  0.0, Max: 0, Diff: 0, Sum: 0, Workers: 4
[6119.097s][debug][gc,phases      ] GC(186)   StringDedup Requests1 Weak     Min: 0.00, Avg: 0.00, Max: 0.00, Diff: 0.00, Sum: 0.00, Workers: 4
[6119.097s][debug][gc,phases      ] GC(186)     Dead                           Min: 0, Avg:  0.0, Max: 0, Diff: 0, Sum: 0, Workers: 4
[6119.097s][debug][gc,phases      ] GC(186)     Total                          Min: 0, Avg:  0.0, Max: 0, Diff: 0, Sum: 0, Workers: 4
[6119.097s][debug][gc,phases      ] GC(186)   Weak JFR Old Object Samples    Min: 0.00, Avg: 0.00, Max: 0.00, Diff: 0.00, Sum: 0.00, Workers: 4
[6119.097s][debug][gc,phases      ] GC(186)     Dead                           Min: 0, Avg:  0.0, Max: 0, Diff: 0, Sum: 0, Workers: 4
[6119.097s][debug][gc,phases      ] GC(186)     Total                          Min: 0, Avg:  0.0, Max: 0, Diff: 0, Sum: 0, Workers: 4
[6119.097s][debug][gc,phases      ] GC(186) Weak Processing 0.426ms
[6119.097s][debug][gc,age         ] GC(186) Desired survivor size 10485760 bytes, new threshold 1 (max threshold 15)
[6119.097s][info ][gc,heap        ] GC(186) PSYoungGen: 2077600K(2086400K)->2560K(2085888K) Eden: 2075136K(2075136K)->0K(2075136K) From: 2464K(11264K)->2560K(10752K)
[6119.097s][info ][gc,heap        ] GC(186) ParOldGen: 629856K(837120K)->629952K(837120K)
[6119.097s][info ][gc,metaspace   ] GC(186) Metaspace: 110433K(111616K)->110433K(111616K) NonClass: 94552K(95232K)->94552K(95232K) Class: 15881K(16384K)->15881K(16384K)
[6119.097s][info ][gc             ] GC(186) Pause Young (Allocation Failure) 2644M->617M(2854M) 2.522ms
[6119.097s][info ][gc,cpu         ] GC(186) User=0.01s Sys=0.00s Real=0.00s
[6119.097s][info ][safepoint      ] Safepoint "ParallelCollectForAllocation", Time since last: 51304377241 ns, Reaching safepoint: 114900 ns, At safepoint: 2592000 ns, Leaving safepoint: 6600 ns, Total: 2713500 ns, Threads: 1 runnable, 33 total
[6170.808s][info ][gc,start       ] GC(187) Pause Young (Allocation Failure)
[6170.810s][debug][gc,phases      ] GC(187) Scavenge 1.831ms
[6170.810s][debug][gc,ref         ] GC(187) Skipped SoftWeakFinalRefsPhase of Reference Processing: no references
[6170.810s][debug][gc,ref         ] GC(187) Skipped KeepAliveFinalRefsPhase of Reference Processing: no references
[6170.810s][debug][gc,ref         ] GC(187) Skipped PhantomRefsPhase of Reference Processing: no references
[6170.810s][debug][gc,phases      ] GC(187) Reference Processing 0.021ms
[6170.810s][debug][gc,phases      ] GC(187)   VM Weak                        Min: 0.00, Avg: 0.00, Max: 0.01, Diff: 0.01, Sum: 0.01, Workers: 4
[6170.810s][debug][gc,phases      ] GC(187)     Dead                           Min: 0, Avg:  0.0, Max: 0, Diff: 0, Sum: 0, Workers: 4
[6170.810s][debug][gc,phases      ] GC(187)     Total                          Min: 0, Avg: 213.2, Max: 469, Diff: 469, Sum: 853, Workers: 4
[6170.810s][debug][gc,phases      ] GC(187)   ObjectSynchronizer Weak        Min: 0.00, Avg: 0.00, Max: 0.00, Diff: 0.00, Sum: 0.00, Workers: 4
[6170.810s][debug][gc,phases      ] GC(187)     Dead                           Min: 0, Avg:  0.0, Max: 0, Diff: 0, Sum: 0, Workers: 4
[6170.810s][debug][gc,phases      ] GC(187)     Total                          Min: 0, Avg:  1.2, Max: 5, Diff: 5, Sum: 5, Workers: 4
[6170.810s][debug][gc,phases      ] GC(187)   JVMTI Tag Weak OopStorage      Min: 0.00, Avg: 0.00, Max: 0.00, Diff: 0.00, Sum: 0.00, Workers: 4
[6170.810s][debug][gc,phases      ] GC(187)     Dead                           Min: 0, Avg:  0.0, Max: 0, Diff: 0, Sum: 0, Workers: 4
[6170.810s][debug][gc,phases      ] GC(187)     Total                          Min: 0, Avg:  0.0, Max: 0, Diff: 0, Sum: 0, Workers: 4
[6170.810s][debug][gc,phases      ] GC(187)   StringTable Weak               Min: 0.12, Avg: 0.12, Max: 0.12, Diff: 0.00, Sum: 0.48, Workers: 4
[6170.810s][debug][gc,phases      ] GC(187)     Dead                           Min: 0, Avg:  0.0, Max: 0, Diff: 0, Sum: 0, Workers: 4
[6170.810s][debug][gc,phases      ] GC(187)     Total                          Min: 12282, Avg: 12574.5, Max: 12800, Diff: 518, Sum: 50298, Workers: 4
[6170.810s][debug][gc,phases      ] GC(187)   ResolvedMethodTable Weak       Min: 0.04, Avg: 0.04, Max: 0.04, Diff: 0.00, Sum: 0.16, Workers: 4
[6170.810s][debug][gc,phases      ] GC(187)     Dead                           Min: 0, Avg:  5.0, Max: 10, Diff: 10, Sum: 20, Workers: 4
[6170.810s][debug][gc,phases      ] GC(187)     Total                          Min: 3978, Avg: 4036.8, Max: 4103, Diff: 125, Sum: 16147, Workers: 4
[6170.810s][debug][gc,phases      ] GC(187)   JNI Weak                       Min: 0.00, Avg: 0.00, Max: 0.00, Diff: 0.00, Sum: 0.00, Workers: 4
[6170.810s][debug][gc,phases      ] GC(187)     Dead                           Min: 0, Avg:  0.0, Max: 0, Diff: 0, Sum: 0, Workers: 4
[6170.810s][debug][gc,phases      ] GC(187)     Total                          Min: 0, Avg: 13.0, Max: 52, Diff: 52, Sum: 52, Workers: 4
[6170.810s][debug][gc,phases      ] GC(187)   StringDedup Table Weak         Min: 0.00, Avg: 0.00, Max: 0.00, Diff: 0.00, Sum: 0.00, Workers: 4
[6170.810s][debug][gc,phases      ] GC(187)     Dead                           Min: 0, Avg:  0.0, Max: 0, Diff: 0, Sum: 0, Workers: 4
[6170.810s][debug][gc,phases      ] GC(187)     Total                          Min: 0, Avg:  0.0, Max: 0, Diff: 0, Sum: 0, Workers: 4
[6170.810s][debug][gc,phases      ] GC(187)   StringDedup Requests0 Weak     Min: 0.00, Avg: 0.00, Max: 0.00, Diff: 0.00, Sum: 0.00, Workers: 4
[6170.810s][debug][gc,phases      ] GC(187)     Dead                           Min: 0, Avg:  0.0, Max: 0, Diff: 0, Sum: 0, Workers: 4
[6170.810s][debug][gc,phases      ] GC(187)     Total                          Min: 0, Avg:  0.0, Max: 0, Diff: 0, Sum: 0, Workers: 4
[6170.810s][debug][gc,phases      ] GC(187)   StringDedup Requests1 Weak     Min: 0.00, Avg: 0.00, Max: 0.00, Diff: 0.00, Sum: 0.00, Workers: 4
[6170.810s][debug][gc,phases      ] GC(187)     Dead                           Min: 0, Avg:  0.0, Max: 0, Diff: 0, Sum: 0, Workers: 4
[6170.810s][debug][gc,phases      ] GC(187)     Total                          Min: 0, Avg:  0.0, Max: 0, Diff: 0, Sum: 0, Workers: 4
[6170.810s][debug][gc,phases      ] GC(187)   Weak JFR Old Object Samples    Min: 0.00, Avg: 0.00, Max: 0.00, Diff: 0.00, Sum: 0.00, Workers: 4
[6170.810s][debug][gc,phases      ] GC(187)     Dead                           Min: 0, Avg:  0.0, Max: 0, Diff: 0, Sum: 0, Workers: 4
[6170.810s][debug][gc,phases      ] GC(187)     Total                          Min: 0, Avg:  0.0, Max: 0, Diff: 0, Sum: 0, Workers: 4
[6170.810s][debug][gc,phases      ] GC(187) Weak Processing 0.364ms
[6170.810s][debug][gc,age         ] GC(187) Desired survivor size 9961472 bytes, new threshold 1 (max threshold 15)
[6170.810s][info ][gc,heap        ] GC(187) PSYoungGen: 2077696K(2085888K)->2304K(2087424K) Eden: 2075136K(2075136K)->0K(2077184K) From: 2560K(10752K)->2304K(10240K)
[6170.810s][info ][gc,heap        ] GC(187) ParOldGen: 629952K(837120K)->630020K(837120K)
[6170.810s][info ][gc,metaspace   ] GC(187) Metaspace: 110433K(111616K)->110433K(111616K) NonClass: 94552K(95232K)->94552K(95232K) Class: 15881K(16384K)->15881K(16384K)
[6170.810s][info ][gc             ] GC(187) Pause Young (Allocation Failure) 2644M->617M(2856M) 2.334ms
[6170.810s][info ][gc,cpu         ] GC(187) User=0.01s Sys=0.00s Real=0.01s
[6170.810s][info ][safepoint      ] Safepoint "ParallelCollectForAllocation", Time since last: 51710548214 ns, Reaching safepoint: 29400 ns, At safepoint: 2398999 ns, Leaving safepoint: 1800 ns, Total: 2430199 ns, Threads: 0 runnable, 33 total
[6222.817s][info ][gc,start       ] GC(188) Pause Young (Allocation Failure)
[6222.820s][debug][gc,phases      ] GC(188) Scavenge 2.292ms
[6222.820s][debug][gc,ref         ] GC(188) Skipped SoftWeakFinalRefsPhase of Reference Processing: no references
[6222.820s][debug][gc,ref         ] GC(188) Skipped KeepAliveFinalRefsPhase of Reference Processing: no references
[6222.820s][debug][gc,ref         ] GC(188) Skipped PhantomRefsPhase of Reference Processing: no references
[6222.820s][debug][gc,phases      ] GC(188) Reference Processing 0.024ms
[6222.820s][debug][gc,phases      ] GC(188)   VM Weak                        Min: 0.00, Avg: 0.00, Max: 0.01, Diff: 0.01, Sum: 0.01, Workers: 4
[6222.820s][debug][gc,phases      ] GC(188)     Dead                           Min: 0, Avg:  0.0, Max: 0, Diff: 0, Sum: 0, Workers: 4
[6222.820s][debug][gc,phases      ] GC(188)     Total                          Min: 0, Avg: 213.2, Max: 661, Diff: 661, Sum: 853, Workers: 4
[6222.820s][debug][gc,phases      ] GC(188)   ObjectSynchronizer Weak        Min: 0.00, Avg: 0.00, Max: 0.00, Diff: 0.00, Sum: 0.00, Workers: 4
[6222.820s][debug][gc,phases      ] GC(188)     Dead                           Min: 0, Avg:  0.0, Max: 0, Diff: 0, Sum: 0, Workers: 4
[6222.820s][debug][gc,phases      ] GC(188)     Total                          Min: 0, Avg:  1.2, Max: 5, Diff: 5, Sum: 5, Workers: 4
[6222.820s][debug][gc,phases      ] GC(188)   JVMTI Tag Weak OopStorage      Min: 0.00, Avg: 0.00, Max: 0.00, Diff: 0.00, Sum: 0.00, Workers: 4
[6222.820s][debug][gc,phases      ] GC(188)     Dead                           Min: 0, Avg:  0.0, Max: 0, Diff: 0, Sum: 0, Workers: 4
[6222.820s][debug][gc,phases      ] GC(188)     Total                          Min: 0, Avg:  0.0, Max: 0, Diff: 0, Sum: 0, Workers: 4
[6222.820s][debug][gc,phases      ] GC(188)   StringTable Weak               Min: 0.00, Avg: 0.11, Max: 0.15, Diff: 0.15, Sum: 0.45, Workers: 4
[6222.820s][debug][gc,phases      ] GC(188)     Dead                           Min: 0, Avg:  0.0, Max: 0, Diff: 0, Sum: 0, Workers: 4
[6222.820s][debug][gc,phases      ] GC(188)     Total                          Min: 0, Avg: 12574.5, Max: 20922, Diff: 20922, Sum: 50298, Workers: 4
[6222.820s][debug][gc,phases      ] GC(188)   ResolvedMethodTable Weak       Min: 0.00, Avg: 0.03, Max: 0.05, Diff: 0.05, Sum: 0.14, Workers: 4
[6222.820s][debug][gc,phases      ] GC(188)     Dead                           Min: 0, Avg:  5.0, Max: 20, Diff: 20, Sum: 20, Workers: 4
[6222.820s][debug][gc,phases      ] GC(188)     Total                          Min: 0, Avg: 4036.8, Max: 6928, Diff: 6928, Sum: 16147, Workers: 4
[6222.820s][debug][gc,phases      ] GC(188)   JNI Weak                       Min: 0.00, Avg: 0.00, Max: 0.00, Diff: 0.00, Sum: 0.00, Workers: 4
[6222.820s][debug][gc,phases      ] GC(188)     Dead                           Min: 0, Avg:  0.0, Max: 0, Diff: 0, Sum: 0, Workers: 4
[6222.820s][debug][gc,phases      ] GC(188)     Total                          Min: 0, Avg: 13.0, Max: 52, Diff: 52, Sum: 52, Workers: 4
[6222.820s][debug][gc,phases      ] GC(188)   StringDedup Table Weak         Min: 0.00, Avg: 0.00, Max: 0.00, Diff: 0.00, Sum: 0.00, Workers: 4
[6222.820s][debug][gc,phases      ] GC(188)     Dead                           Min: 0, Avg:  0.0, Max: 0, Diff: 0, Sum: 0, Workers: 4
[6222.820s][debug][gc,phases      ] GC(188)     Total                          Min: 0, Avg:  0.0, Max: 0, Diff: 0, Sum: 0, Workers: 4
[6222.820s][debug][gc,phases      ] GC(188)   StringDedup Requests0 Weak     Min: 0.00, Avg: 0.00, Max: 0.00, Diff: 0.00, Sum: 0.00, Workers: 4
[6222.820s][debug][gc,phases      ] GC(188)     Dead                           Min: 0, Avg:  0.0, Max: 0, Diff: 0, Sum: 0, Workers: 4
[6222.820s][debug][gc,phases      ] GC(188)     Total                          Min: 0, Avg:  0.0, Max: 0, Diff: 0, Sum: 0, Workers: 4
[6222.820s][debug][gc,phases      ] GC(188)   StringDedup Requests1 Weak     Min: 0.00, Avg: 0.00, Max: 0.00, Diff: 0.00, Sum: 0.00, Workers: 4
[6222.820s][debug][gc,phases      ] GC(188)     Dead                           Min: 0, Avg:  0.0, Max: 0, Diff: 0, Sum: 0, Workers: 4
[6222.820s][debug][gc,phases      ] GC(188)     Total                          Min: 0, Avg:  0.0, Max: 0, Diff: 0, Sum: 0, Workers: 4
[6222.820s][debug][gc,phases      ] GC(188)   Weak JFR Old Object Samples    Min: 0.00, Avg: 0.00, Max: 0.00, Diff: 0.00, Sum: 0.00, Workers: 4
[6222.820s][debug][gc,phases      ] GC(188)     Dead                           Min: 0, Avg:  0.0, Max: 0, Diff: 0, Sum: 0, Workers: 4
[6222.820s][debug][gc,phases      ] GC(188)     Total                          Min: 0, Avg:  0.0, Max: 0, Diff: 0, Sum: 0, Workers: 4
[6222.820s][debug][gc,phases      ] GC(188) Weak Processing 0.405ms
[6222.820s][debug][gc,age         ] GC(188) Desired survivor size 9437184 bytes, new threshold 1 (max threshold 15)
[6222.820s][info ][gc,heap        ] GC(188) PSYoungGen: 2079488K(2087424K)->2384K(2086912K) Eden: 2077184K(2077184K)->0K(2077184K) From: 2304K(10240K)->2384K(9728K)
[6222.820s][info ][gc,heap        ] GC(188) ParOldGen: 630020K(837120K)->630116K(837120K)
[6222.820s][info ][gc,metaspace   ] GC(188) Metaspace: 110434K(111616K)->110434K(111616K) NonClass: 94553K(95232K)->94553K(95232K) Class: 15881K(16384K)->15881K(16384K)
[6222.820s][info ][gc             ] GC(188) Pause Young (Allocation Failure) 2646M->617M(2855M) 2.831ms
[6222.820s][info ][gc,cpu         ] GC(188) User=0.01s Sys=0.00s Real=0.01s
[6222.820s][info ][safepoint      ] Safepoint "ParallelCollectForAllocation", Time since last: 52007272372 ns, Reaching safepoint: 22200 ns, At safepoint: 2891098 ns, Leaving safepoint: 2100 ns, Total: 2915398 ns, Threads: 0 runnable, 33 total
[6272.744s][info ][gc,start       ] GC(189) Pause Young (Allocation Failure)
[6272.746s][debug][gc,phases      ] GC(189) Scavenge 1.894ms
[6272.746s][debug][gc,ref         ] GC(189) Skipped SoftWeakFinalRefsPhase of Reference Processing: no references
[6272.746s][debug][gc,ref         ] GC(189) Skipped KeepAliveFinalRefsPhase of Reference Processing: no references
[6272.746s][debug][gc,ref         ] GC(189) Skipped PhantomRefsPhase of Reference Processing: no references
[6272.746s][debug][gc,phases      ] GC(189) Reference Processing 0.023ms
[6272.746s][debug][gc,phases      ] GC(189)   VM Weak                        Min: 0.00, Avg: 0.00, Max: 0.01, Diff: 0.01, Sum: 0.01, Workers: 4
[6272.746s][debug][gc,phases      ] GC(189)     Dead                           Min: 0, Avg:  0.0, Max: 0, Diff: 0, Sum: 0, Workers: 4
[6272.746s][debug][gc,phases      ] GC(189)     Total                          Min: 0, Avg: 213.2, Max: 789, Diff: 789, Sum: 853, Workers: 4
[6272.746s][debug][gc,phases      ] GC(189)   ObjectSynchronizer Weak        Min: 0.00, Avg: 0.00, Max: 0.00, Diff: 0.00, Sum: 0.00, Workers: 4
[6272.746s][debug][gc,phases      ] GC(189)     Dead                           Min: 0, Avg:  0.0, Max: 0, Diff: 0, Sum: 0, Workers: 4
[6272.746s][debug][gc,phases      ] GC(189)     Total                          Min: 0, Avg:  1.2, Max: 5, Diff: 5, Sum: 5, Workers: 4
[6272.746s][debug][gc,phases      ] GC(189)   JVMTI Tag Weak OopStorage      Min: 0.00, Avg: 0.00, Max: 0.00, Diff: 0.00, Sum: 0.00, Workers: 4
[6272.746s][debug][gc,phases      ] GC(189)     Dead                           Min: 0, Avg:  0.0, Max: 0, Diff: 0, Sum: 0, Workers: 4
[6272.746s][debug][gc,phases      ] GC(189)     Total                          Min: 0, Avg:  0.0, Max: 0, Diff: 0, Sum: 0, Workers: 4
[6272.746s][debug][gc,phases      ] GC(189)   StringTable Weak               Min: 0.13, Avg: 0.13, Max: 0.13, Diff: 0.00, Sum: 0.52, Workers: 4
[6272.746s][debug][gc,phases      ] GC(189)     Dead                           Min: 0, Avg:  0.0, Max: 0, Diff: 0, Sum: 0, Workers: 4
[6272.746s][debug][gc,phases      ] GC(189)     Total                          Min: 12288, Avg: 12574.5, Max: 12928, Diff: 640, Sum: 50298, Workers: 4
[6272.746s][debug][gc,phases      ] GC(189)   ResolvedMethodTable Weak       Min: 0.04, Avg: 0.04, Max: 0.04, Diff: 0.00, Sum: 0.18, Workers: 4
[6272.746s][debug][gc,phases      ] GC(189)     Dead                           Min: 0, Avg:  5.0, Max: 17, Diff: 17, Sum: 20, Workers: 4
[6272.746s][debug][gc,phases      ] GC(189)     Total                          Min: 3928, Avg: 4036.8, Max: 4105, Diff: 177, Sum: 16147, Workers: 4
[6272.746s][debug][gc,phases      ] GC(189)   JNI Weak                       Min: 0.00, Avg: 0.00, Max: 0.00, Diff: 0.00, Sum: 0.00, Workers: 4
[6272.746s][debug][gc,phases      ] GC(189)     Dead                           Min: 0, Avg:  0.0, Max: 0, Diff: 0, Sum: 0, Workers: 4
[6272.746s][debug][gc,phases      ] GC(189)     Total                          Min: 0, Avg: 13.0, Max: 52, Diff: 52, Sum: 52, Workers: 4
[6272.746s][debug][gc,phases      ] GC(189)   StringDedup Table Weak         Min: 0.00, Avg: 0.00, Max: 0.00, Diff: 0.00, Sum: 0.00, Workers: 4
[6272.746s][debug][gc,phases      ] GC(189)     Dead                           Min: 0, Avg:  0.0, Max: 0, Diff: 0, Sum: 0, Workers: 4
[6272.746s][debug][gc,phases      ] GC(189)     Total                          Min: 0, Avg:  0.0, Max: 0, Diff: 0, Sum: 0, Workers: 4
[6272.746s][debug][gc,phases      ] GC(189)   StringDedup Requests0 Weak     Min: 0.00, Avg: 0.00, Max: 0.00, Diff: 0.00, Sum: 0.00, Workers: 4
[6272.746s][debug][gc,phases      ] GC(189)     Dead                           Min: 0, Avg:  0.0, Max: 0, Diff: 0, Sum: 0, Workers: 4
[6272.746s][debug][gc,phases      ] GC(189)     Total                          Min: 0, Avg:  0.0, Max: 0, Diff: 0, Sum: 0, Workers: 4
[6272.746s][debug][gc,phases      ] GC(189)   StringDedup Requests1 Weak     Min: 0.00, Avg: 0.00, Max: 0.00, Diff: 0.00, Sum: 0.00, Workers: 4
[6272.746s][debug][gc,phases      ] GC(189)     Dead                           Min: 0, Avg:  0.0, Max: 0, Diff: 0, Sum: 0, Workers: 4
[6272.746s][debug][gc,phases      ] GC(189)     Total                          Min: 0, Avg:  0.0, Max: 0, Diff: 0, Sum: 0, Workers: 4
[6272.746s][debug][gc,phases      ] GC(189)   Weak JFR Old Object Samples    Min: 0.00, Avg: 0.00, Max: 0.00, Diff: 0.00, Sum: 0.00, Workers: 4
[6272.746s][debug][gc,phases      ] GC(189)     Dead                           Min: 0, Avg:  0.0, Max: 0, Diff: 0, Sum: 0, Workers: 4
[6272.746s][debug][gc,phases      ] GC(189)     Total                          Min: 0, Avg:  0.0, Max: 0, Diff: 0, Sum: 0, Workers: 4
[6272.746s][debug][gc,phases      ] GC(189) Weak Processing 0.381ms
[6272.746s][debug][gc,age         ] GC(189) Desired survivor size 8912896 bytes, new threshold 1 (max threshold 15)
[6272.746s][info ][gc,heap        ] GC(189) PSYoungGen: 2079568K(2086912K)->2640K(2088448K) Eden: 2077184K(2077184K)->0K(2079232K) From: 2384K(9728K)->2640K(9216K)
[6272.746s][info ][gc,heap        ] GC(189) ParOldGen: 630116K(837120K)->630180K(837120K)
[6272.746s][info ][gc,metaspace   ] GC(189) Metaspace: 110437K(111616K)->110437K(111616K) NonClass: 94556K(95232K)->94556K(95232K) Class: 15881K(16384K)->15881K(16384K)
[6272.746s][info ][gc             ] GC(189) Pause Young (Allocation Failure) 2646M->617M(2857M) 2.407ms
[6272.746s][info ][gc,cpu         ] GC(189) User=0.01s Sys=0.00s Real=0.00s
[6272.746s][info ][safepoint      ] Safepoint "ParallelCollectForAllocation", Time since last: 49923178411 ns, Reaching safepoint: 106600 ns, At safepoint: 2472800 ns, Leaving safepoint: 5200 ns, Total: 2584600 ns, Threads: 1 runnable, 34 total
[6324.294s][info ][gc,start       ] GC(190) Pause Young (Allocation Failure)
[6324.296s][debug][gc,phases      ] GC(190) Scavenge 2.126ms
[6324.296s][debug][gc,ref         ] GC(190) ReferenceProcessor::execute queues: 1, RefProcThreadModel::Single, marks_oops_alive: false
[6324.296s][debug][gc,ref         ] GC(190) Skipped KeepAliveFinalRefsPhase of Reference Processing: no references
[6324.296s][debug][gc,ref         ] GC(190) Skipped PhantomRefsPhase of Reference Processing: no references
[6324.296s][debug][gc,phases      ] GC(190) Reference Processing 0.129ms
[6324.296s][debug][gc,phases      ] GC(190)   VM Weak                        Min: 0.00, Avg: 0.00, Max: 0.01, Diff: 0.01, Sum: 0.01, Workers: 4
[6324.296s][debug][gc,phases      ] GC(190)     Dead                           Min: 0, Avg:  0.0, Max: 0, Diff: 0, Sum: 0, Workers: 4
[6324.296s][debug][gc,phases      ] GC(190)     Total                          Min: 0, Avg: 213.2, Max: 704, Diff: 704, Sum: 853, Workers: 4
[6324.296s][debug][gc,phases      ] GC(190)   ObjectSynchronizer Weak        Min: 0.00, Avg: 0.00, Max: 0.00, Diff: 0.00, Sum: 0.00, Workers: 4
[6324.296s][debug][gc,phases      ] GC(190)     Dead                           Min: 0, Avg:  0.0, Max: 0, Diff: 0, Sum: 0, Workers: 4
[6324.296s][debug][gc,phases      ] GC(190)     Total                          Min: 0, Avg:  1.2, Max: 5, Diff: 5, Sum: 5, Workers: 4
[6324.296s][debug][gc,phases      ] GC(190)   JVMTI Tag Weak OopStorage      Min: 0.00, Avg: 0.00, Max: 0.00, Diff: 0.00, Sum: 0.00, Workers: 4
[6324.296s][debug][gc,phases      ] GC(190)     Dead                           Min: 0, Avg:  0.0, Max: 0, Diff: 0, Sum: 0, Workers: 4
[6324.296s][debug][gc,phases      ] GC(190)     Total                          Min: 0, Avg:  0.0, Max: 0, Diff: 0, Sum: 0, Workers: 4
[6324.296s][debug][gc,phases      ] GC(190)   StringTable Weak               Min: 0.00, Avg: 0.10, Max: 0.14, Diff: 0.14, Sum: 0.42, Workers: 4
[6324.296s][debug][gc,phases      ] GC(190)     Dead                           Min: 0, Avg:  0.0, Max: 0, Diff: 0, Sum: 0, Workers: 4
[6324.296s][debug][gc,phases      ] GC(190)     Total                          Min: 0, Avg: 12574.5, Max: 20986, Diff: 20986, Sum: 50298, Workers: 4
[6324.296s][debug][gc,phases      ] GC(190)   ResolvedMethodTable Weak       Min: 0.00, Avg: 0.04, Max: 0.05, Diff: 0.05, Sum: 0.14, Workers: 4
[6324.296s][debug][gc,phases      ] GC(190)     Dead                           Min: 0, Avg:  5.0, Max: 15, Diff: 15, Sum: 20, Workers: 4
[6324.296s][debug][gc,phases      ] GC(190)     Total                          Min: 0, Avg: 4036.8, Max: 6644, Diff: 6644, Sum: 16147, Workers: 4
[6324.296s][debug][gc,phases      ] GC(190)   JNI Weak                       Min: 0.00, Avg: 0.00, Max: 0.00, Diff: 0.00, Sum: 0.00, Workers: 4
[6324.296s][debug][gc,phases      ] GC(190)     Dead                           Min: 0, Avg:  0.0, Max: 0, Diff: 0, Sum: 0, Workers: 4
[6324.296s][debug][gc,phases      ] GC(190)     Total                          Min: 0, Avg: 13.0, Max: 52, Diff: 52, Sum: 52, Workers: 4
[6324.296s][debug][gc,phases      ] GC(190)   StringDedup Table Weak         Min: 0.00, Avg: 0.00, Max: 0.00, Diff: 0.00, Sum: 0.00, Workers: 4
[6324.296s][debug][gc,phases      ] GC(190)     Dead                           Min: 0, Avg:  0.0, Max: 0, Diff: 0, Sum: 0, Workers: 4
[6324.296s][debug][gc,phases      ] GC(190)     Total                          Min: 0, Avg:  0.0, Max: 0, Diff: 0, Sum: 0, Workers: 4
[6324.296s][debug][gc,phases      ] GC(190)   StringDedup Requests0 Weak     Min: 0.00, Avg: 0.00, Max: 0.00, Diff: 0.00, Sum: 0.00, Workers: 4
[6324.296s][debug][gc,phases      ] GC(190)     Dead                           Min: 0, Avg:  0.0, Max: 0, Diff: 0, Sum: 0, Workers: 4
[6324.296s][debug][gc,phases      ] GC(190)     Total                          Min: 0, Avg:  0.0, Max: 0, Diff: 0, Sum: 0, Workers: 4
[6324.296s][debug][gc,phases      ] GC(190)   StringDedup Requests1 Weak     Min: 0.00, Avg: 0.00, Max: 0.00, Diff: 0.00, Sum: 0.00, Workers: 4
[6324.296s][debug][gc,phases      ] GC(190)     Dead                           Min: 0, Avg:  0.0, Max: 0, Diff: 0, Sum: 0, Workers: 4
[6324.296s][debug][gc,phases      ] GC(190)     Total                          Min: 0, Avg:  0.0, Max: 0, Diff: 0, Sum: 0, Workers: 4
[6324.296s][debug][gc,phases      ] GC(190)   Weak JFR Old Object Samples    Min: 0.00, Avg: 0.00, Max: 0.00, Diff: 0.00, Sum: 0.00, Workers: 4
[6324.296s][debug][gc,phases      ] GC(190)     Dead                           Min: 0, Avg:  0.0, Max: 0, Diff: 0, Sum: 0, Workers: 4
[6324.296s][debug][gc,phases      ] GC(190)     Total                          Min: 0, Avg:  0.0, Max: 0, Diff: 0, Sum: 0, Workers: 4
[6324.296s][debug][gc,phases      ] GC(190) Weak Processing 0.401ms
[6324.297s][debug][gc,age         ] GC(190) Desired survivor size 8912896 bytes, new threshold 1 (max threshold 15)
[6324.297s][info ][gc,heap        ] GC(190) PSYoungGen: 2081872K(2088448K)->2416K(2087936K) Eden: 2079232K(2079232K)->0K(2079232K) From: 2640K(9216K)->2416K(8704K)
[6324.297s][info ][gc,heap        ] GC(190) ParOldGen: 630180K(837120K)->630360K(837120K)
[6324.297s][info ][gc,metaspace   ] GC(190) Metaspace: 110441K(111616K)->110441K(111616K) NonClass: 94560K(95232K)->94560K(95232K) Class: 15881K(16384K)->15881K(16384K)
[6324.297s][info ][gc             ] GC(190) Pause Young (Allocation Failure) 2648M->617M(2856M) 2.789ms
[6324.297s][info ][gc,cpu         ] GC(190) User=0.01s Sys=0.01s Real=0.00s
[6324.297s][info ][safepoint      ] Safepoint "ParallelCollectForAllocation", Time since last: 51547546172 ns, Reaching safepoint: 79300 ns, At safepoint: 2855089 ns, Leaving safepoint: 7200 ns, Total: 2941589 ns, Threads: 1 runnable, 37 total
[6374.394s][info ][gc,start       ] GC(191) Pause Young (Allocation Failure)
[6374.396s][debug][gc,phases      ] GC(191) Scavenge 2.017ms
[6374.396s][debug][gc,ref         ] GC(191) Skipped SoftWeakFinalRefsPhase of Reference Processing: no references
[6374.396s][debug][gc,ref         ] GC(191) Skipped KeepAliveFinalRefsPhase of Reference Processing: no references
[6374.396s][debug][gc,ref         ] GC(191) Skipped PhantomRefsPhase of Reference Processing: no references
[6374.396s][debug][gc,phases      ] GC(191) Reference Processing 0.022ms
[6374.396s][debug][gc,phases      ] GC(191)   VM Weak                        Min: 0.00, Avg: 0.00, Max: 0.01, Diff: 0.01, Sum: 0.01, Workers: 4
[6374.396s][debug][gc,phases      ] GC(191)     Dead                           Min: 0, Avg:  0.0, Max: 0, Diff: 0, Sum: 0, Workers: 4
[6374.396s][debug][gc,phases      ] GC(191)     Total                          Min: 0, Avg: 213.2, Max: 661, Diff: 661, Sum: 853, Workers: 4
[6374.396s][debug][gc,phases      ] GC(191)   ObjectSynchronizer Weak        Min: 0.00, Avg: 0.00, Max: 0.00, Diff: 0.00, Sum: 0.00, Workers: 4
[6374.396s][debug][gc,phases      ] GC(191)     Dead                           Min: 0, Avg:  0.0, Max: 0, Diff: 0, Sum: 0, Workers: 4
[6374.396s][debug][gc,phases      ] GC(191)     Total                          Min: 0, Avg:  1.2, Max: 5, Diff: 5, Sum: 5, Workers: 4
[6374.396s][debug][gc,phases      ] GC(191)   JVMTI Tag Weak OopStorage      Min: 0.00, Avg: 0.00, Max: 0.00, Diff: 0.00, Sum: 0.00, Workers: 4
[6374.396s][debug][gc,phases      ] GC(191)     Dead                           Min: 0, Avg:  0.0, Max: 0, Diff: 0, Sum: 0, Workers: 4
[6374.396s][debug][gc,phases      ] GC(191)     Total                          Min: 0, Avg:  0.0, Max: 0, Diff: 0, Sum: 0, Workers: 4
[6374.396s][debug][gc,phases      ] GC(191)   StringTable Weak               Min: 0.00, Avg: 0.11, Max: 0.15, Diff: 0.15, Sum: 0.46, Workers: 4
[6374.396s][debug][gc,phases      ] GC(191)     Dead                           Min: 0, Avg:  0.0, Max: 0, Diff: 0, Sum: 0, Workers: 4
[6374.396s][debug][gc,phases      ] GC(191)     Total                          Min: 0, Avg: 12574.5, Max: 20928, Diff: 20928, Sum: 50298, Workers: 4
[6374.396s][debug][gc,phases      ] GC(191)   ResolvedMethodTable Weak       Min: 0.00, Avg: 0.03, Max: 0.05, Diff: 0.05, Sum: 0.14, Workers: 4
[6374.396s][debug][gc,phases      ] GC(191)     Dead                           Min: 0, Avg:  5.0, Max: 16, Diff: 16, Sum: 20, Workers: 4
[6374.396s][debug][gc,phases      ] GC(191)     Total                          Min: 0, Avg: 4036.8, Max: 6857, Diff: 6857, Sum: 16147, Workers: 4
[6374.396s][debug][gc,phases      ] GC(191)   JNI Weak                       Min: 0.00, Avg: 0.00, Max: 0.00, Diff: 0.00, Sum: 0.00, Workers: 4
[6374.396s][debug][gc,phases      ] GC(191)     Dead                           Min: 0, Avg:  0.0, Max: 0, Diff: 0, Sum: 0, Workers: 4
[6374.396s][debug][gc,phases      ] GC(191)     Total                          Min: 0, Avg: 13.0, Max: 52, Diff: 52, Sum: 52, Workers: 4
[6374.396s][debug][gc,phases      ] GC(191)   StringDedup Table Weak         Min: 0.00, Avg: 0.00, Max: 0.00, Diff: 0.00, Sum: 0.00, Workers: 4
[6374.396s][debug][gc,phases      ] GC(191)     Dead                           Min: 0, Avg:  0.0, Max: 0, Diff: 0, Sum: 0, Workers: 4
[6374.396s][debug][gc,phases      ] GC(191)     Total                          Min: 0, Avg:  0.0, Max: 0, Diff: 0, Sum: 0, Workers: 4
[6374.396s][debug][gc,phases      ] GC(191)   StringDedup Requests0 Weak     Min: 0.00, Avg: 0.00, Max: 0.00, Diff: 0.00, Sum: 0.00, Workers: 4
[6374.396s][debug][gc,phases      ] GC(191)     Dead                           Min: 0, Avg:  0.0, Max: 0, Diff: 0, Sum: 0, Workers: 4
[6374.396s][debug][gc,phases      ] GC(191)     Total                          Min: 0, Avg:  0.0, Max: 0, Diff: 0, Sum: 0, Workers: 4
[6374.396s][debug][gc,phases      ] GC(191)   StringDedup Requests1 Weak     Min: 0.00, Avg: 0.00, Max: 0.00, Diff: 0.00, Sum: 0.00, Workers: 4
[6374.396s][debug][gc,phases      ] GC(191)     Dead                           Min: 0, Avg:  0.0, Max: 0, Diff: 0, Sum: 0, Workers: 4
[6374.396s][debug][gc,phases      ] GC(191)     Total                          Min: 0, Avg:  0.0, Max: 0, Diff: 0, Sum: 0, Workers: 4
[6374.396s][debug][gc,phases      ] GC(191)   Weak JFR Old Object Samples    Min: 0.00, Avg: 0.00, Max: 0.00, Diff: 0.00, Sum: 0.00, Workers: 4
[6374.396s][debug][gc,phases      ] GC(191)     Dead                           Min: 0, Avg:  0.0, Max: 0, Diff: 0, Sum: 0, Workers: 4
[6374.396s][debug][gc,phases      ] GC(191)     Total                          Min: 0, Avg:  0.0, Max: 0, Diff: 0, Sum: 0, Workers: 4
[6374.396s][debug][gc,phases      ] GC(191) Weak Processing 0.406ms
[6374.396s][debug][gc,age         ] GC(191) Desired survivor size 8388608 bytes, new threshold 1 (max threshold 15)
[6374.396s][info ][gc,heap        ] GC(191) PSYoungGen: 2081648K(2087936K)->2576K(2088960K) Eden: 2079232K(2079232K)->0K(2080256K) From: 2416K(8704K)->2576K(8704K)
[6374.396s][info ][gc,heap        ] GC(191) ParOldGen: 630360K(837120K)->630428K(837120K)
[6374.396s][info ][gc,metaspace   ] GC(191) Metaspace: 110441K(111616K)->110441K(111616K) NonClass: 94560K(95232K)->94560K(95232K) Class: 15881K(16384K)->15881K(16384K)
[6374.396s][info ][gc             ] GC(191) Pause Young (Allocation Failure) 2648M->618M(2857M) 2.581ms
[6374.396s][info ][gc,cpu         ] GC(191) User=0.01s Sys=0.00s Real=0.00s
[6374.396s][info ][safepoint      ] Safepoint "ParallelCollectForAllocation", Time since last: 50097026202 ns, Reaching safepoint: 85200 ns, At safepoint: 2653495 ns, Leaving safepoint: 7900 ns, Total: 2746595 ns, Threads: 1 runnable, 33 total
[6426.344s][info ][gc,start       ] GC(192) Pause Young (Allocation Failure)
[6426.346s][debug][gc,phases      ] GC(192) Scavenge 1.916ms
[6426.346s][debug][gc,ref         ] GC(192) Skipped SoftWeakFinalRefsPhase of Reference Processing: no references
[6426.346s][debug][gc,ref         ] GC(192) Skipped KeepAliveFinalRefsPhase of Reference Processing: no references
[6426.346s][debug][gc,ref         ] GC(192) Skipped PhantomRefsPhase of Reference Processing: no references
[6426.346s][debug][gc,phases      ] GC(192) Reference Processing 0.024ms
[6426.347s][debug][gc,phases      ] GC(192)   VM Weak                        Min: 0.00, Avg: 0.00, Max: 0.01, Diff: 0.01, Sum: 0.01, Workers: 4
[6426.347s][debug][gc,phases      ] GC(192)     Dead                           Min: 0, Avg:  0.0, Max: 0, Diff: 0, Sum: 0, Workers: 4
[6426.347s][debug][gc,phases      ] GC(192)     Total                          Min: 0, Avg: 213.2, Max: 704, Diff: 704, Sum: 853, Workers: 4
[6426.347s][debug][gc,phases      ] GC(192)   ObjectSynchronizer Weak        Min: 0.00, Avg: 0.00, Max: 0.00, Diff: 0.00, Sum: 0.00, Workers: 4
[6426.347s][debug][gc,phases      ] GC(192)     Dead                           Min: 0, Avg:  0.0, Max: 0, Diff: 0, Sum: 0, Workers: 4
[6426.347s][debug][gc,phases      ] GC(192)     Total                          Min: 0, Avg:  1.2, Max: 5, Diff: 5, Sum: 5, Workers: 4
[6426.347s][debug][gc,phases      ] GC(192)   JVMTI Tag Weak OopStorage      Min: 0.00, Avg: 0.00, Max: 0.00, Diff: 0.00, Sum: 0.00, Workers: 4
[6426.347s][debug][gc,phases      ] GC(192)     Dead                           Min: 0, Avg:  0.0, Max: 0, Diff: 0, Sum: 0, Workers: 4
[6426.347s][debug][gc,phases      ] GC(192)     Total                          Min: 0, Avg:  0.0, Max: 0, Diff: 0, Sum: 0, Workers: 4
[6426.347s][debug][gc,phases      ] GC(192)   StringTable Weak               Min: 0.13, Avg: 0.13, Max: 0.13, Diff: 0.00, Sum: 0.52, Workers: 4
[6426.347s][debug][gc,phases      ] GC(192)     Dead                           Min: 0, Avg:  0.0, Max: 0, Diff: 0, Sum: 0, Workers: 4
[6426.347s][debug][gc,phases      ] GC(192)     Total                          Min: 12160, Avg: 12574.8, Max: 12864, Diff: 704, Sum: 50299, Workers: 4
[6426.347s][debug][gc,phases      ] GC(192)   ResolvedMethodTable Weak       Min: 0.04, Avg: 0.04, Max: 0.04, Diff: 0.00, Sum: 0.17, Workers: 4
[6426.347s][debug][gc,phases      ] GC(192)     Dead                           Min: 0, Avg:  5.0, Max: 15, Diff: 15, Sum: 20, Workers: 4
[6426.347s][debug][gc,phases      ] GC(192)     Total                          Min: 3920, Avg: 4036.8, Max: 4123, Diff: 203, Sum: 16147, Workers: 4
[6426.347s][debug][gc,phases      ] GC(192)   JNI Weak                       Min: 0.00, Avg: 0.00, Max: 0.00, Diff: 0.00, Sum: 0.00, Workers: 4
[6426.347s][debug][gc,phases      ] GC(192)     Dead                           Min: 0, Avg:  0.0, Max: 0, Diff: 0, Sum: 0, Workers: 4
[6426.347s][debug][gc,phases      ] GC(192)     Total                          Min: 0, Avg: 13.0, Max: 52, Diff: 52, Sum: 52, Workers: 4
[6426.347s][debug][gc,phases      ] GC(192)   StringDedup Table Weak         Min: 0.00, Avg: 0.00, Max: 0.00, Diff: 0.00, Sum: 0.00, Workers: 4
[6426.347s][debug][gc,phases      ] GC(192)     Dead                           Min: 0, Avg:  0.0, Max: 0, Diff: 0, Sum: 0, Workers: 4
[6426.347s][debug][gc,phases      ] GC(192)     Total                          Min: 0, Avg:  0.0, Max: 0, Diff: 0, Sum: 0, Workers: 4
[6426.347s][debug][gc,phases      ] GC(192)   StringDedup Requests0 Weak     Min: 0.00, Avg: 0.00, Max: 0.00, Diff: 0.00, Sum: 0.00, Workers: 4
[6426.347s][debug][gc,phases      ] GC(192)     Dead                           Min: 0, Avg:  0.0, Max: 0, Diff: 0, Sum: 0, Workers: 4
[6426.347s][debug][gc,phases      ] GC(192)     Total                          Min: 0, Avg:  0.0, Max: 0, Diff: 0, Sum: 0, Workers: 4
[6426.347s][debug][gc,phases      ] GC(192)   StringDedup Requests1 Weak     Min: 0.00, Avg: 0.00, Max: 0.00, Diff: 0.00, Sum: 0.00, Workers: 4
[6426.347s][debug][gc,phases      ] GC(192)     Dead                           Min: 0, Avg:  0.0, Max: 0, Diff: 0, Sum: 0, Workers: 4
[6426.347s][debug][gc,phases      ] GC(192)     Total                          Min: 0, Avg:  0.0, Max: 0, Diff: 0, Sum: 0, Workers: 4
[6426.347s][debug][gc,phases      ] GC(192)   Weak JFR Old Object Samples    Min: 0.00, Avg: 0.00, Max: 0.00, Diff: 0.00, Sum: 0.00, Workers: 4
[6426.347s][debug][gc,phases      ] GC(192)     Dead                           Min: 0, Avg:  0.0, Max: 0, Diff: 0, Sum: 0, Workers: 4
[6426.347s][debug][gc,phases      ] GC(192)     Total                          Min: 0, Avg:  0.0, Max: 0, Diff: 0, Sum: 0, Workers: 4
[6426.347s][debug][gc,phases      ] GC(192) Weak Processing 0.362ms
[6426.347s][debug][gc,age         ] GC(192) Desired survivor size 7864320 bytes, new threshold 1 (max threshold 15)
[6426.347s][info ][gc,heap        ] GC(192) PSYoungGen: 2082832K(2088960K)->2448K(2088448K) Eden: 2080256K(2080256K)->0K(2080256K) From: 2576K(8704K)->2448K(8192K)
[6426.347s][info ][gc,heap        ] GC(192) ParOldGen: 630428K(837120K)->630556K(837120K)
[6426.347s][info ][gc,metaspace   ] GC(192) Metaspace: 110446K(111616K)->110446K(111616K) NonClass: 94565K(95232K)->94565K(95232K) Class: 15881K(16384K)->15881K(16384K)
[6426.347s][info ][gc             ] GC(192) Pause Young (Allocation Failure) 2649M->618M(2857M) 2.433ms
[6426.347s][info ][gc,cpu         ] GC(192) User=0.01s Sys=0.00s Real=0.00s
[6426.347s][info ][safepoint      ] Safepoint "ParallelCollectForAllocation", Time since last: 51947938529 ns, Reaching safepoint: 36200 ns, At safepoint: 2501997 ns, Leaving safepoint: 2500 ns, Total: 2540697 ns, Threads: 0 runnable, 33 total
[6477.872s][info ][gc,start       ] GC(193) Pause Young (Allocation Failure)
[6477.874s][debug][gc,phases      ] GC(193) Scavenge 1.964ms
[6477.874s][debug][gc,ref         ] GC(193) Skipped SoftWeakFinalRefsPhase of Reference Processing: no references
[6477.874s][debug][gc,ref         ] GC(193) Skipped KeepAliveFinalRefsPhase of Reference Processing: no references
[6477.874s][debug][gc,ref         ] GC(193) Skipped PhantomRefsPhase of Reference Processing: no references
[6477.874s][debug][gc,phases      ] GC(193) Reference Processing 0.022ms
[6477.874s][debug][gc,phases      ] GC(193)   VM Weak                        Min: 0.00, Avg: 0.00, Max: 0.00, Diff: 0.00, Sum: 0.01, Workers: 4
[6477.874s][debug][gc,phases      ] GC(193)     Dead                           Min: 0, Avg:  0.0, Max: 0, Diff: 0, Sum: 0, Workers: 4
[6477.874s][debug][gc,phases      ] GC(193)     Total                          Min: 0, Avg: 213.2, Max: 448, Diff: 448, Sum: 853, Workers: 4
[6477.874s][debug][gc,phases      ] GC(193)   ObjectSynchronizer Weak        Min: 0.00, Avg: 0.00, Max: 0.00, Diff: 0.00, Sum: 0.00, Workers: 4
[6477.874s][debug][gc,phases      ] GC(193)     Dead                           Min: 0, Avg:  0.0, Max: 0, Diff: 0, Sum: 0, Workers: 4
[6477.874s][debug][gc,phases      ] GC(193)     Total                          Min: 0, Avg:  1.2, Max: 5, Diff: 5, Sum: 5, Workers: 4
[6477.874s][debug][gc,phases      ] GC(193)   JVMTI Tag Weak OopStorage      Min: 0.00, Avg: 0.00, Max: 0.00, Diff: 0.00, Sum: 0.00, Workers: 4
[6477.874s][debug][gc,phases      ] GC(193)     Dead                           Min: 0, Avg:  0.0, Max: 0, Diff: 0, Sum: 0, Workers: 4
[6477.874s][debug][gc,phases      ] GC(193)     Total                          Min: 0, Avg:  0.0, Max: 0, Diff: 0, Sum: 0, Workers: 4
[6477.874s][debug][gc,phases      ] GC(193)   StringTable Weak               Min: 0.00, Avg: 0.13, Max: 0.18, Diff: 0.18, Sum: 0.51, Workers: 4
[6477.874s][debug][gc,phases      ] GC(193)     Dead                           Min: 0, Avg:  0.0, Max: 0, Diff: 0, Sum: 0, Workers: 4
[6477.874s][debug][gc,phases      ] GC(193)     Total                          Min: 0, Avg: 12574.8, Max: 18240, Diff: 18240, Sum: 50299, Workers: 4
[6477.874s][debug][gc,phases      ] GC(193)   ResolvedMethodTable Weak       Min: 0.00, Avg: 0.04, Max: 0.05, Diff: 0.05, Sum: 0.16, Workers: 4
[6477.874s][debug][gc,phases      ] GC(193)     Dead                           Min: 0, Avg:  5.0, Max: 13, Diff: 13, Sum: 20, Workers: 4
[6477.874s][debug][gc,phases      ] GC(193)     Total                          Min: 0, Avg: 4036.8, Max: 5419, Diff: 5419, Sum: 16147, Workers: 4
[6477.874s][debug][gc,phases      ] GC(193)   JNI Weak                       Min: 0.00, Avg: 0.00, Max: 0.00, Diff: 0.00, Sum: 0.00, Workers: 4
[6477.874s][debug][gc,phases      ] GC(193)     Dead                           Min: 0, Avg:  0.0, Max: 0, Diff: 0, Sum: 0, Workers: 4
[6477.874s][debug][gc,phases      ] GC(193)     Total                          Min: 0, Avg: 13.0, Max: 52, Diff: 52, Sum: 52, Workers: 4
[6477.874s][debug][gc,phases      ] GC(193)   StringDedup Table Weak         Min: 0.00, Avg: 0.00, Max: 0.00, Diff: 0.00, Sum: 0.00, Workers: 4
[6477.874s][debug][gc,phases      ] GC(193)     Dead                           Min: 0, Avg:  0.0, Max: 0, Diff: 0, Sum: 0, Workers: 4
[6477.874s][debug][gc,phases      ] GC(193)     Total                          Min: 0, Avg:  0.0, Max: 0, Diff: 0, Sum: 0, Workers: 4
[6477.874s][debug][gc,phases      ] GC(193)   StringDedup Requests0 Weak     Min: 0.00, Avg: 0.00, Max: 0.00, Diff: 0.00, Sum: 0.00, Workers: 4
[6477.874s][debug][gc,phases      ] GC(193)     Dead                           Min: 0, Avg:  0.0, Max: 0, Diff: 0, Sum: 0, Workers: 4
[6477.874s][debug][gc,phases      ] GC(193)     Total                          Min: 0, Avg:  0.0, Max: 0, Diff: 0, Sum: 0, Workers: 4
[6477.874s][debug][gc,phases      ] GC(193)   StringDedup Requests1 Weak     Min: 0.00, Avg: 0.00, Max: 0.00, Diff: 0.00, Sum: 0.00, Workers: 4
[6477.874s][debug][gc,phases      ] GC(193)     Dead                           Min: 0, Avg:  0.0, Max: 0, Diff: 0, Sum: 0, Workers: 4
[6477.874s][debug][gc,phases      ] GC(193)     Total                          Min: 0, Avg:  0.0, Max: 0, Diff: 0, Sum: 0, Workers: 4
[6477.874s][debug][gc,phases      ] GC(193)   Weak JFR Old Object Samples    Min: 0.00, Avg: 0.00, Max: 0.00, Diff: 0.00, Sum: 0.00, Workers: 4
[6477.874s][debug][gc,phases      ] GC(193)     Dead                           Min: 0, Avg:  0.0, Max: 0, Diff: 0, Sum: 0, Workers: 4
[6477.874s][debug][gc,phases      ] GC(193)     Total                          Min: 0, Avg:  0.0, Max: 0, Diff: 0, Sum: 0, Workers: 4
[6477.874s][debug][gc,phases      ] GC(193) Weak Processing 0.441ms
[6477.874s][debug][gc,age         ] GC(193) Desired survivor size 7340032 bytes, new threshold 1 (max threshold 15)
[6477.874s][info ][gc,heap        ] GC(193) PSYoungGen: 2082704K(2088448K)->2544K(2089984K) Eden: 2080256K(2080256K)->0K(2082304K) From: 2448K(8192K)->2544K(7680K)
[6477.874s][info ][gc,heap        ] GC(193) ParOldGen: 630556K(837120K)->630692K(837120K)
[6477.874s][info ][gc,metaspace   ] GC(193) Metaspace: 110447K(111616K)->110447K(111616K) NonClass: 94566K(95232K)->94566K(95232K) Class: 15881K(16384K)->15881K(16384K)
[6477.874s][info ][gc             ] GC(193) Pause Young (Allocation Failure) 2649M->618M(2858M) 2.547ms
[6477.874s][info ][gc,cpu         ] GC(193) User=0.01s Sys=0.00s Real=0.00s
[6477.874s][info ][safepoint      ] Safepoint "ParallelCollectForAllocation", Time since last: 51524878486 ns, Reaching safepoint: 28900 ns, At safepoint: 2624896 ns, Leaving safepoint: 2500 ns, Total: 2656296 ns, Threads: 0 runnable, 34 total
[6529.494s][info ][gc,start       ] GC(194) Pause Young (Allocation Failure)
[6529.496s][debug][gc,phases      ] GC(194) Scavenge 1.894ms
[6529.496s][debug][gc,ref         ] GC(194) Skipped SoftWeakFinalRefsPhase of Reference Processing: no references
[6529.496s][debug][gc,ref         ] GC(194) Skipped KeepAliveFinalRefsPhase of Reference Processing: no references
[6529.496s][debug][gc,ref         ] GC(194) Skipped PhantomRefsPhase of Reference Processing: no references
[6529.496s][debug][gc,phases      ] GC(194) Reference Processing 0.023ms
[6529.496s][debug][gc,phases      ] GC(194)   VM Weak                        Min: 0.00, Avg: 0.01, Max: 0.01, Diff: 0.01, Sum: 0.02, Workers: 4
[6529.496s][debug][gc,phases      ] GC(194)     Dead                           Min: 0, Avg:  0.0, Max: 0, Diff: 0, Sum: 0, Workers: 4
[6529.496s][debug][gc,phases      ] GC(194)     Total                          Min: 21, Avg: 213.2, Max: 448, Diff: 427, Sum: 853, Workers: 4
[6529.496s][debug][gc,phases      ] GC(194)   ObjectSynchronizer Weak        Min: 0.00, Avg: 0.00, Max: 0.00, Diff: 0.00, Sum: 0.00, Workers: 4
[6529.496s][debug][gc,phases      ] GC(194)     Dead                           Min: 0, Avg:  0.0, Max: 0, Diff: 0, Sum: 0, Workers: 4
[6529.496s][debug][gc,phases      ] GC(194)     Total                          Min: 0, Avg:  1.2, Max: 5, Diff: 5, Sum: 5, Workers: 4
[6529.496s][debug][gc,phases      ] GC(194)   JVMTI Tag Weak OopStorage      Min: 0.00, Avg: 0.00, Max: 0.00, Diff: 0.00, Sum: 0.00, Workers: 4
[6529.496s][debug][gc,phases      ] GC(194)     Dead                           Min: 0, Avg:  0.0, Max: 0, Diff: 0, Sum: 0, Workers: 4
[6529.496s][debug][gc,phases      ] GC(194)     Total                          Min: 0, Avg:  0.0, Max: 0, Diff: 0, Sum: 0, Workers: 4
[6529.496s][debug][gc,phases      ] GC(194)   StringTable Weak               Min: 0.12, Avg: 0.12, Max: 0.12, Diff: 0.00, Sum: 0.49, Workers: 4
[6529.496s][debug][gc,phases      ] GC(194)     Dead                           Min: 0, Avg:  0.0, Max: 0, Diff: 0, Sum: 0, Workers: 4
[6529.496s][debug][gc,phases      ] GC(194)     Total                          Min: 11963, Avg: 12574.8, Max: 12928, Diff: 965, Sum: 50299, Workers: 4
[6529.496s][debug][gc,phases      ] GC(194)   ResolvedMethodTable Weak       Min: 0.04, Avg: 0.04, Max: 0.04, Diff: 0.00, Sum: 0.16, Workers: 4
[6529.496s][debug][gc,phases      ] GC(194)     Dead                           Min: 0, Avg:  5.0, Max: 8, Diff: 8, Sum: 20, Workers: 4
[6529.496s][debug][gc,phases      ] GC(194)     Total                          Min: 3985, Avg: 4036.8, Max: 4085, Diff: 100, Sum: 16147, Workers: 4
[6529.496s][debug][gc,phases      ] GC(194)   JNI Weak                       Min: 0.00, Avg: 0.00, Max: 0.00, Diff: 0.00, Sum: 0.00, Workers: 4
[6529.496s][debug][gc,phases      ] GC(194)     Dead                           Min: 0, Avg:  0.0, Max: 0, Diff: 0, Sum: 0, Workers: 4
[6529.496s][debug][gc,phases      ] GC(194)     Total                          Min: 0, Avg: 13.0, Max: 52, Diff: 52, Sum: 52, Workers: 4
[6529.496s][debug][gc,phases      ] GC(194)   StringDedup Table Weak         Min: 0.00, Avg: 0.00, Max: 0.00, Diff: 0.00, Sum: 0.00, Workers: 4
[6529.496s][debug][gc,phases      ] GC(194)     Dead                           Min: 0, Avg:  0.0, Max: 0, Diff: 0, Sum: 0, Workers: 4
[6529.496s][debug][gc,phases      ] GC(194)     Total                          Min: 0, Avg:  0.0, Max: 0, Diff: 0, Sum: 0, Workers: 4
[6529.496s][debug][gc,phases      ] GC(194)   StringDedup Requests0 Weak     Min: 0.00, Avg: 0.00, Max: 0.00, Diff: 0.00, Sum: 0.00, Workers: 4
[6529.496s][debug][gc,phases      ] GC(194)     Dead                           Min: 0, Avg:  0.0, Max: 0, Diff: 0, Sum: 0, Workers: 4
[6529.496s][debug][gc,phases      ] GC(194)     Total                          Min: 0, Avg:  0.0, Max: 0, Diff: 0, Sum: 0, Workers: 4
[6529.496s][debug][gc,phases      ] GC(194)   StringDedup Requests1 Weak     Min: 0.00, Avg: 0.00, Max: 0.00, Diff: 0.00, Sum: 0.00, Workers: 4
[6529.496s][debug][gc,phases      ] GC(194)     Dead                           Min: 0, Avg:  0.0, Max: 0, Diff: 0, Sum: 0, Workers: 4
[6529.496s][debug][gc,phases      ] GC(194)     Total                          Min: 0, Avg:  0.0, Max: 0, Diff: 0, Sum: 0, Workers: 4
[6529.496s][debug][gc,phases      ] GC(194)   Weak JFR Old Object Samples    Min: 0.00, Avg: 0.00, Max: 0.00, Diff: 0.00, Sum: 0.00, Workers: 4
[6529.496s][debug][gc,phases      ] GC(194)     Dead                           Min: 0, Avg:  0.0, Max: 0, Diff: 0, Sum: 0, Workers: 4
[6529.496s][debug][gc,phases      ] GC(194)     Total                          Min: 0, Avg:  0.0, Max: 0, Diff: 0, Sum: 0, Workers: 4
[6529.496s][debug][gc,phases      ] GC(194) Weak Processing 0.360ms
[6529.496s][debug][gc,age         ] GC(194) Desired survivor size 7340032 bytes, new threshold 1 (max threshold 15)
[6529.496s][info ][gc,heap        ] GC(194) PSYoungGen: 2084848K(2089984K)->2416K(2089472K) Eden: 2082304K(2082304K)->0K(2082304K) From: 2544K(7680K)->2416K(7168K)
[6529.496s][info ][gc,heap        ] GC(194) ParOldGen: 630692K(837120K)->630844K(837120K)
[6529.496s][info ][gc,metaspace   ] GC(194) Metaspace: 110449K(111616K)->110449K(111616K) NonClass: 94568K(95232K)->94568K(95232K) Class: 15881K(16384K)->15881K(16384K)
[6529.496s][info ][gc             ] GC(194) Pause Young (Allocation Failure) 2651M->618M(2858M) 2.429ms
[6529.496s][info ][gc,cpu         ] GC(194) User=0.01s Sys=0.00s Real=0.00s
[6529.496s][info ][safepoint      ] Safepoint "ParallelCollectForAllocation", Time since last: 51619591053 ns, Reaching safepoint: 6400 ns, At safepoint: 2509397 ns, Leaving safepoint: 2200 ns, Total: 2517997 ns, Threads: 0 runnable, 34 total
[6581.344s][info ][gc,start       ] GC(195) Pause Young (Allocation Failure)
[6581.345s][debug][gc,phases      ] GC(195) Scavenge 1.804ms
[6581.345s][debug][gc,ref         ] GC(195) Skipped SoftWeakFinalRefsPhase of Reference Processing: no references
[6581.345s][debug][gc,ref         ] GC(195) Skipped KeepAliveFinalRefsPhase of Reference Processing: no references
[6581.345s][debug][gc,ref         ] GC(195) Skipped PhantomRefsPhase of Reference Processing: no references
[6581.345s][debug][gc,phases      ] GC(195) Reference Processing 0.022ms
[6581.346s][debug][gc,phases      ] GC(195)   VM Weak                        Min: 0.00, Avg: 0.00, Max: 0.01, Diff: 0.01, Sum: 0.01, Workers: 4
[6581.346s][debug][gc,phases      ] GC(195)     Dead                           Min: 0, Avg:  0.0, Max: 0, Diff: 0, Sum: 0, Workers: 4
[6581.346s][debug][gc,phases      ] GC(195)     Total                          Min: 0, Avg: 213.2, Max: 853, Diff: 853, Sum: 853, Workers: 4
[6581.346s][debug][gc,phases      ] GC(195)   ObjectSynchronizer Weak        Min: 0.00, Avg: 0.00, Max: 0.00, Diff: 0.00, Sum: 0.00, Workers: 4
[6581.346s][debug][gc,phases      ] GC(195)     Dead                           Min: 0, Avg:  0.0, Max: 0, Diff: 0, Sum: 0, Workers: 4
[6581.346s][debug][gc,phases      ] GC(195)     Total                          Min: 0, Avg:  1.2, Max: 5, Diff: 5, Sum: 5, Workers: 4
[6581.346s][debug][gc,phases      ] GC(195)   JVMTI Tag Weak OopStorage      Min: 0.00, Avg: 0.00, Max: 0.00, Diff: 0.00, Sum: 0.00, Workers: 4
[6581.346s][debug][gc,phases      ] GC(195)     Dead                           Min: 0, Avg:  0.0, Max: 0, Diff: 0, Sum: 0, Workers: 4
[6581.346s][debug][gc,phases      ] GC(195)     Total                          Min: 0, Avg:  0.0, Max: 0, Diff: 0, Sum: 0, Workers: 4
[6581.346s][debug][gc,phases      ] GC(195)   StringTable Weak               Min: 0.00, Avg: 0.11, Max: 0.15, Diff: 0.15, Sum: 0.43, Workers: 4
[6581.346s][debug][gc,phases      ] GC(195)     Dead                           Min: 0, Avg:  0.0, Max: 0, Diff: 0, Sum: 0, Workers: 4
[6581.346s][debug][gc,phases      ] GC(195)     Total                          Min: 0, Avg: 12574.8, Max: 20288, Diff: 20288, Sum: 50299, Workers: 4
[6581.346s][debug][gc,phases      ] GC(195)   ResolvedMethodTable Weak       Min: 0.00, Avg: 0.04, Max: 0.05, Diff: 0.05, Sum: 0.14, Workers: 4
[6581.346s][debug][gc,phases      ] GC(195)     Dead                           Min: 0, Avg:  5.0, Max: 20, Diff: 20, Sum: 20, Workers: 4
[6581.346s][debug][gc,phases      ] GC(195)     Total                          Min: 0, Avg: 4036.8, Max: 6033, Diff: 6033, Sum: 16147, Workers: 4
[6581.346s][debug][gc,phases      ] GC(195)   JNI Weak                       Min: 0.00, Avg: 0.00, Max: 0.00, Diff: 0.00, Sum: 0.00, Workers: 4
[6581.346s][debug][gc,phases      ] GC(195)     Dead                           Min: 0, Avg:  0.0, Max: 0, Diff: 0, Sum: 0, Workers: 4
[6581.346s][debug][gc,phases      ] GC(195)     Total                          Min: 0, Avg: 13.0, Max: 52, Diff: 52, Sum: 52, Workers: 4
[6581.346s][debug][gc,phases      ] GC(195)   StringDedup Table Weak         Min: 0.00, Avg: 0.00, Max: 0.00, Diff: 0.00, Sum: 0.00, Workers: 4
[6581.346s][debug][gc,phases      ] GC(195)     Dead                           Min: 0, Avg:  0.0, Max: 0, Diff: 0, Sum: 0, Workers: 4
[6581.346s][debug][gc,phases      ] GC(195)     Total                          Min: 0, Avg:  0.0, Max: 0, Diff: 0, Sum: 0, Workers: 4
[6581.346s][debug][gc,phases      ] GC(195)   StringDedup Requests0 Weak     Min: 0.00, Avg: 0.00, Max: 0.00, Diff: 0.00, Sum: 0.00, Workers: 4
[6581.346s][debug][gc,phases      ] GC(195)     Dead                           Min: 0, Avg:  0.0, Max: 0, Diff: 0, Sum: 0, Workers: 4
[6581.346s][debug][gc,phases      ] GC(195)     Total                          Min: 0, Avg:  0.0, Max: 0, Diff: 0, Sum: 0, Workers: 4
[6581.346s][debug][gc,phases      ] GC(195)   StringDedup Requests1 Weak     Min: 0.00, Avg: 0.00, Max: 0.00, Diff: 0.00, Sum: 0.00, Workers: 4
[6581.346s][debug][gc,phases      ] GC(195)     Dead                           Min: 0, Avg:  0.0, Max: 0, Diff: 0, Sum: 0, Workers: 4
[6581.346s][debug][gc,phases      ] GC(195)     Total                          Min: 0, Avg:  0.0, Max: 0, Diff: 0, Sum: 0, Workers: 4
[6581.346s][debug][gc,phases      ] GC(195)   Weak JFR Old Object Samples    Min: 0.00, Avg: 0.00, Max: 0.00, Diff: 0.00, Sum: 0.00, Workers: 4
[6581.346s][debug][gc,phases      ] GC(195)     Dead                           Min: 0, Avg:  0.0, Max: 0, Diff: 0, Sum: 0, Workers: 4
[6581.346s][debug][gc,phases      ] GC(195)     Total                          Min: 0, Avg:  0.0, Max: 0, Diff: 0, Sum: 0, Workers: 4
[6581.346s][debug][gc,phases      ] GC(195) Weak Processing 0.403ms
[6581.346s][debug][gc,age         ] GC(195) Desired survivor size 6815744 bytes, new threshold 1 (max threshold 15)
[6581.346s][info ][gc,heap        ] GC(195) PSYoungGen: 2084720K(2089472K)->2464K(2090496K) Eden: 2082304K(2082304K)->0K(2083328K) From: 2416K(7168K)->2464K(7168K)
[6581.346s][info ][gc,heap        ] GC(195) ParOldGen: 630844K(837120K)->630880K(837120K)
[6581.346s][info ][gc,metaspace   ] GC(195) Metaspace: 110450K(111616K)->110450K(111616K) NonClass: 94569K(95232K)->94569K(95232K) Class: 15881K(16384K)->15881K(16384K)
[6581.346s][info ][gc             ] GC(195) Pause Young (Allocation Failure) 2651M->618M(2859M) 2.339ms
[6581.346s][info ][gc,cpu         ] GC(195) User=0.01s Sys=0.00s Real=0.00s
[6581.346s][info ][safepoint      ] Safepoint "ParallelCollectForAllocation", Time since last: 51846946644 ns, Reaching safepoint: 115400 ns, At safepoint: 2404698 ns, Leaving safepoint: 6700 ns, Total: 2526798 ns, Threads: 1 runnable, 34 total
[6632.444s][info ][gc,start       ] GC(196) Pause Young (Allocation Failure)
[6632.446s][debug][gc,phases      ] GC(196) Scavenge 1.838ms
[6632.446s][debug][gc,ref         ] GC(196) Skipped SoftWeakFinalRefsPhase of Reference Processing: no references
[6632.446s][debug][gc,ref         ] GC(196) Skipped KeepAliveFinalRefsPhase of Reference Processing: no references
[6632.446s][debug][gc,ref         ] GC(196) Skipped PhantomRefsPhase of Reference Processing: no references
[6632.446s][debug][gc,phases      ] GC(196) Reference Processing 0.021ms
[6632.446s][debug][gc,phases      ] GC(196)   VM Weak                        Min: 0.00, Avg: 0.00, Max: 0.01, Diff: 0.01, Sum: 0.01, Workers: 4
[6632.446s][debug][gc,phases      ] GC(196)     Dead                           Min: 0, Avg:  0.0, Max: 0, Diff: 0, Sum: 0, Workers: 4
[6632.446s][debug][gc,phases      ] GC(196)     Total                          Min: 0, Avg: 213.2, Max: 512, Diff: 512, Sum: 853, Workers: 4
[6632.446s][debug][gc,phases      ] GC(196)   ObjectSynchronizer Weak        Min: 0.00, Avg: 0.00, Max: 0.00, Diff: 0.00, Sum: 0.00, Workers: 4
[6632.446s][debug][gc,phases      ] GC(196)     Dead                           Min: 0, Avg:  0.0, Max: 0, Diff: 0, Sum: 0, Workers: 4
[6632.446s][debug][gc,phases      ] GC(196)     Total                          Min: 0, Avg:  1.2, Max: 5, Diff: 5, Sum: 5, Workers: 4
[6632.446s][debug][gc,phases      ] GC(196)   JVMTI Tag Weak OopStorage      Min: 0.00, Avg: 0.00, Max: 0.00, Diff: 0.00, Sum: 0.00, Workers: 4
[6632.446s][debug][gc,phases      ] GC(196)     Dead                           Min: 0, Avg:  0.0, Max: 0, Diff: 0, Sum: 0, Workers: 4
[6632.446s][debug][gc,phases      ] GC(196)     Total                          Min: 0, Avg:  0.0, Max: 0, Diff: 0, Sum: 0, Workers: 4
[6632.446s][debug][gc,phases      ] GC(196)   StringTable Weak               Min: 0.00, Avg: 0.10, Max: 0.14, Diff: 0.14, Sum: 0.41, Workers: 4
[6632.446s][debug][gc,phases      ] GC(196)     Dead                           Min: 0, Avg:  0.0, Max: 0, Diff: 0, Sum: 0, Workers: 4
[6632.446s][debug][gc,phases      ] GC(196)     Total                          Min: 0, Avg: 12574.8, Max: 21307, Diff: 21307, Sum: 50299, Workers: 4
[6632.446s][debug][gc,phases      ] GC(196)   ResolvedMethodTable Weak       Min: 0.00, Avg: 0.03, Max: 0.05, Diff: 0.05, Sum: 0.14, Workers: 4
[6632.446s][debug][gc,phases      ] GC(196)     Dead                           Min: 0, Avg:  5.0, Max: 17, Diff: 17, Sum: 20, Workers: 4
[6632.446s][debug][gc,phases      ] GC(196)     Total                          Min: 0, Avg: 4036.8, Max: 6809, Diff: 6809, Sum: 16147, Workers: 4
[6632.446s][debug][gc,phases      ] GC(196)   JNI Weak                       Min: 0.00, Avg: 0.00, Max: 0.00, Diff: 0.00, Sum: 0.00, Workers: 4
[6632.446s][debug][gc,phases      ] GC(196)     Dead                           Min: 0, Avg:  0.0, Max: 0, Diff: 0, Sum: 0, Workers: 4
[6632.447s][debug][gc,phases      ] GC(196)     Total                          Min: 0, Avg: 13.0, Max: 52, Diff: 52, Sum: 52, Workers: 4
[6632.447s][debug][gc,phases      ] GC(196)   StringDedup Table Weak         Min: 0.00, Avg: 0.00, Max: 0.00, Diff: 0.00, Sum: 0.00, Workers: 4
[6632.447s][debug][gc,phases      ] GC(196)     Dead                           Min: 0, Avg:  0.0, Max: 0, Diff: 0, Sum: 0, Workers: 4
[6632.447s][debug][gc,phases      ] GC(196)     Total                          Min: 0, Avg:  0.0, Max: 0, Diff: 0, Sum: 0, Workers: 4
[6632.447s][debug][gc,phases      ] GC(196)   StringDedup Requests0 Weak     Min: 0.00, Avg: 0.00, Max: 0.00, Diff: 0.00, Sum: 0.00, Workers: 4
[6632.447s][debug][gc,phases      ] GC(196)     Dead                           Min: 0, Avg:  0.0, Max: 0, Diff: 0, Sum: 0, Workers: 4
[6632.447s][debug][gc,phases      ] GC(196)     Total                          Min: 0, Avg:  0.0, Max: 0, Diff: 0, Sum: 0, Workers: 4
[6632.447s][debug][gc,phases      ] GC(196)   StringDedup Requests1 Weak     Min: 0.00, Avg: 0.00, Max: 0.00, Diff: 0.00, Sum: 0.00, Workers: 4
[6632.447s][debug][gc,phases      ] GC(196)     Dead                           Min: 0, Avg:  0.0, Max: 0, Diff: 0, Sum: 0, Workers: 4
[6632.447s][debug][gc,phases      ] GC(196)     Total                          Min: 0, Avg:  0.0, Max: 0, Diff: 0, Sum: 0, Workers: 4
[6632.447s][debug][gc,phases      ] GC(196)   Weak JFR Old Object Samples    Min: 0.00, Avg: 0.00, Max: 0.00, Diff: 0.00, Sum: 0.00, Workers: 4
[6632.447s][debug][gc,phases      ] GC(196)     Dead                           Min: 0, Avg:  0.0, Max: 0, Diff: 0, Sum: 0, Workers: 4
[6632.447s][debug][gc,phases      ] GC(196)     Total                          Min: 0, Avg:  0.0, Max: 0, Diff: 0, Sum: 0, Workers: 4
[6632.447s][debug][gc,phases      ] GC(196) Weak Processing 0.388ms
[6632.447s][debug][gc,age         ] GC(196) Desired survivor size 6815744 bytes, new threshold 1 (max threshold 15)
[6632.447s][info ][gc,heap        ] GC(196) PSYoungGen: 2085792K(2090496K)->2480K(2089984K) Eden: 2083328K(2083328K)->0K(2083328K) From: 2464K(7168K)->2480K(6656K)
[6632.447s][info ][gc,heap        ] GC(196) ParOldGen: 630880K(837120K)->630968K(837120K)
[6632.447s][info ][gc,metaspace   ] GC(196) Metaspace: 110455K(111616K)->110455K(111616K) NonClass: 94574K(95232K)->94574K(95232K) Class: 15881K(16384K)->15881K(16384K)
[6632.447s][info ][gc             ] GC(196) Pause Young (Allocation Failure) 2653M->618M(2858M) 2.363ms
[6632.447s][info ][gc,cpu         ] GC(196) User=0.01s Sys=0.00s Real=0.00s
[6632.447s][info ][safepoint      ] Safepoint "ParallelCollectForAllocation", Time since last: 51098123247 ns, Reaching safepoint: 116800 ns, At safepoint: 2436399 ns, Leaving safepoint: 7600 ns, Total: 2560799 ns, Threads: 1 runnable, 39 total
[6685.394s][info ][gc,start       ] GC(197) Pause Young (Allocation Failure)
[6685.396s][debug][gc,phases      ] GC(197) Scavenge 1.913ms
[6685.396s][debug][gc,ref         ] GC(197) Skipped SoftWeakFinalRefsPhase of Reference Processing: no references
[6685.396s][debug][gc,ref         ] GC(197) Skipped KeepAliveFinalRefsPhase of Reference Processing: no references
[6685.396s][debug][gc,ref         ] GC(197) Skipped PhantomRefsPhase of Reference Processing: no references
[6685.396s][debug][gc,phases      ] GC(197) Reference Processing 0.022ms
[6685.396s][debug][gc,phases      ] GC(197)   VM Weak                        Min: 0.00, Avg: 0.00, Max: 0.01, Diff: 0.01, Sum: 0.01, Workers: 4
[6685.396s][debug][gc,phases      ] GC(197)     Dead                           Min: 0, Avg:  0.0, Max: 0, Diff: 0, Sum: 0, Workers: 4
[6685.396s][debug][gc,phases      ] GC(197)     Total                          Min: 0, Avg: 213.2, Max: 469, Diff: 469, Sum: 853, Workers: 4
[6685.396s][debug][gc,phases      ] GC(197)   ObjectSynchronizer Weak        Min: 0.00, Avg: 0.00, Max: 0.00, Diff: 0.00, Sum: 0.00, Workers: 4
[6685.396s][debug][gc,phases      ] GC(197)     Dead                           Min: 0, Avg:  0.0, Max: 0, Diff: 0, Sum: 0, Workers: 4
[6685.396s][debug][gc,phases      ] GC(197)     Total                          Min: 0, Avg:  1.2, Max: 5, Diff: 5, Sum: 5, Workers: 4
[6685.396s][debug][gc,phases      ] GC(197)   JVMTI Tag Weak OopStorage      Min: 0.00, Avg: 0.00, Max: 0.00, Diff: 0.00, Sum: 0.00, Workers: 4
[6685.396s][debug][gc,phases      ] GC(197)     Dead                           Min: 0, Avg:  0.0, Max: 0, Diff: 0, Sum: 0, Workers: 4
[6685.396s][debug][gc,phases      ] GC(197)     Total                          Min: 0, Avg:  0.0, Max: 0, Diff: 0, Sum: 0, Workers: 4
[6685.396s][debug][gc,phases      ] GC(197)   StringTable Weak               Min: 0.00, Avg: 0.11, Max: 0.15, Diff: 0.15, Sum: 0.45, Workers: 4
[6685.396s][debug][gc,phases      ] GC(197)     Dead                           Min: 0, Avg:  0.0, Max: 0, Diff: 0, Sum: 0, Workers: 4
[6685.396s][debug][gc,phases      ] GC(197)     Total                          Min: 0, Avg: 12574.8, Max: 20736, Diff: 20736, Sum: 50299, Workers: 4
[6685.396s][debug][gc,phases      ] GC(197)   ResolvedMethodTable Weak       Min: 0.00, Avg: 0.03, Max: 0.05, Diff: 0.05, Sum: 0.14, Workers: 4
[6685.396s][debug][gc,phases      ] GC(197)     Dead                           Min: 0, Avg:  5.0, Max: 12, Diff: 12, Sum: 20, Workers: 4
[6685.396s][debug][gc,phases      ] GC(197)     Total                          Min: 0, Avg: 4036.8, Max: 6687, Diff: 6687, Sum: 16147, Workers: 4
[6685.396s][debug][gc,phases      ] GC(197)   JNI Weak                       Min: 0.00, Avg: 0.00, Max: 0.00, Diff: 0.00, Sum: 0.00, Workers: 4
[6685.396s][debug][gc,phases      ] GC(197)     Dead                           Min: 0, Avg:  0.0, Max: 0, Diff: 0, Sum: 0, Workers: 4
[6685.396s][debug][gc,phases      ] GC(197)     Total                          Min: 0, Avg: 13.0, Max: 52, Diff: 52, Sum: 52, Workers: 4
[6685.396s][debug][gc,phases      ] GC(197)   StringDedup Table Weak         Min: 0.00, Avg: 0.00, Max: 0.00, Diff: 0.00, Sum: 0.00, Workers: 4
[6685.396s][debug][gc,phases      ] GC(197)     Dead                           Min: 0, Avg:  0.0, Max: 0, Diff: 0, Sum: 0, Workers: 4
[6685.396s][debug][gc,phases      ] GC(197)     Total                          Min: 0, Avg:  0.0, Max: 0, Diff: 0, Sum: 0, Workers: 4
[6685.396s][debug][gc,phases      ] GC(197)   StringDedup Requests0 Weak     Min: 0.00, Avg: 0.00, Max: 0.00, Diff: 0.00, Sum: 0.00, Workers: 4
[6685.396s][debug][gc,phases      ] GC(197)     Dead                           Min: 0, Avg:  0.0, Max: 0, Diff: 0, Sum: 0, Workers: 4
[6685.396s][debug][gc,phases      ] GC(197)     Total                          Min: 0, Avg:  0.0, Max: 0, Diff: 0, Sum: 0, Workers: 4
[6685.396s][debug][gc,phases      ] GC(197)   StringDedup Requests1 Weak     Min: 0.00, Avg: 0.00, Max: 0.00, Diff: 0.00, Sum: 0.00, Workers: 4
[6685.396s][debug][gc,phases      ] GC(197)     Dead                           Min: 0, Avg:  0.0, Max: 0, Diff: 0, Sum: 0, Workers: 4
[6685.396s][debug][gc,phases      ] GC(197)     Total                          Min: 0, Avg:  0.0, Max: 0, Diff: 0, Sum: 0, Workers: 4
[6685.396s][debug][gc,phases      ] GC(197)   Weak JFR Old Object Samples    Min: 0.00, Avg: 0.00, Max: 0.00, Diff: 0.00, Sum: 0.00, Workers: 4
[6685.396s][debug][gc,phases      ] GC(197)     Dead                           Min: 0, Avg:  0.0, Max: 0, Diff: 0, Sum: 0, Workers: 4
[6685.396s][debug][gc,phases      ] GC(197)     Total                          Min: 0, Avg:  0.0, Max: 0, Diff: 0, Sum: 0, Workers: 4
[6685.396s][debug][gc,phases      ] GC(197) Weak Processing 0.398ms
[6685.396s][debug][gc,age         ] GC(197) Desired survivor size 6291456 bytes, new threshold 1 (max threshold 15)
[6685.396s][info ][gc,heap        ] GC(197) PSYoungGen: 2085808K(2089984K)->2336K(2091008K) Eden: 2083328K(2083328K)->0K(2084352K) From: 2480K(6656K)->2336K(6656K)
[6685.396s][info ][gc,heap        ] GC(197) ParOldGen: 630968K(837120K)->631028K(837120K)
[6685.396s][info ][gc,metaspace   ] GC(197) Metaspace: 110455K(111616K)->110455K(111616K) NonClass: 94574K(95232K)->94574K(95232K) Class: 15881K(16384K)->15881K(16384K)
[6685.396s][info ][gc             ] GC(197) Pause Young (Allocation Failure) 2653M->618M(2859M) 2.477ms
[6685.396s][info ][gc,cpu         ] GC(197) User=0.01s Sys=0.00s Real=0.00s
[6685.396s][info ][safepoint      ] Safepoint "ParallelCollectForAllocation", Time since last: 52946838279 ns, Reaching safepoint: 102500 ns, At safepoint: 2543399 ns, Leaving safepoint: 7400 ns, Total: 2653299 ns, Threads: 1 runnable, 33 total
[6737.446s][info ][gc,start       ] GC(198) Pause Young (Allocation Failure)
[6737.448s][debug][gc,phases      ] GC(198) Scavenge 1.796ms
[6737.448s][debug][gc,ref         ] GC(198) Skipped SoftWeakFinalRefsPhase of Reference Processing: no references
[6737.448s][debug][gc,ref         ] GC(198) Skipped KeepAliveFinalRefsPhase of Reference Processing: no references
[6737.448s][debug][gc,ref         ] GC(198) Skipped PhantomRefsPhase of Reference Processing: no references
[6737.448s][debug][gc,phases      ] GC(198) Reference Processing 0.036ms
[6737.448s][debug][gc,phases      ] GC(198)   VM Weak                        Min: 0.00, Avg: 0.00, Max: 0.00, Diff: 0.00, Sum: 0.01, Workers: 4
[6737.448s][debug][gc,phases      ] GC(198)     Dead                           Min: 0, Avg:  0.0, Max: 0, Diff: 0, Sum: 0, Workers: 4
[6737.448s][debug][gc,phases      ] GC(198)     Total                          Min: 0, Avg: 213.2, Max: 448, Diff: 448, Sum: 853, Workers: 4
[6737.448s][debug][gc,phases      ] GC(198)   ObjectSynchronizer Weak        Min: 0.00, Avg: 0.00, Max: 0.00, Diff: 0.00, Sum: 0.00, Workers: 4
[6737.448s][debug][gc,phases      ] GC(198)     Dead                           Min: 0, Avg:  0.0, Max: 0, Diff: 0, Sum: 0, Workers: 4
[6737.448s][debug][gc,phases      ] GC(198)     Total                          Min: 0, Avg:  1.2, Max: 5, Diff: 5, Sum: 5, Workers: 4
[6737.448s][debug][gc,phases      ] GC(198)   JVMTI Tag Weak OopStorage      Min: 0.00, Avg: 0.00, Max: 0.00, Diff: 0.00, Sum: 0.00, Workers: 4
[6737.448s][debug][gc,phases      ] GC(198)     Dead                           Min: 0, Avg:  0.0, Max: 0, Diff: 0, Sum: 0, Workers: 4
[6737.448s][debug][gc,phases      ] GC(198)     Total                          Min: 0, Avg:  0.0, Max: 0, Diff: 0, Sum: 0, Workers: 4
[6737.448s][debug][gc,phases      ] GC(198)   StringTable Weak               Min: 0.00, Avg: 0.10, Max: 0.14, Diff: 0.14, Sum: 0.41, Workers: 4
[6737.448s][debug][gc,phases      ] GC(198)     Dead                           Min: 0, Avg:  0.0, Max: 0, Diff: 0, Sum: 0, Workers: 4
[6737.448s][debug][gc,phases      ] GC(198)     Total                          Min: 0, Avg: 12574.8, Max: 20987, Diff: 20987, Sum: 50299, Workers: 4
[6737.448s][debug][gc,phases      ] GC(198)   ResolvedMethodTable Weak       Min: 0.00, Avg: 0.03, Max: 0.05, Diff: 0.05, Sum: 0.14, Workers: 4
[6737.448s][debug][gc,phases      ] GC(198)     Dead                           Min: 0, Avg:  5.0, Max: 14, Diff: 14, Sum: 20, Workers: 4
[6737.448s][debug][gc,phases      ] GC(198)     Total                          Min: 0, Avg: 4036.8, Max: 6740, Diff: 6740, Sum: 16147, Workers: 4
[6737.448s][debug][gc,phases      ] GC(198)   JNI Weak                       Min: 0.00, Avg: 0.00, Max: 0.00, Diff: 0.00, Sum: 0.00, Workers: 4
[6737.448s][debug][gc,phases      ] GC(198)     Dead                           Min: 0, Avg:  0.0, Max: 0, Diff: 0, Sum: 0, Workers: 4
[6737.448s][debug][gc,phases      ] GC(198)     Total                          Min: 0, Avg: 13.0, Max: 52, Diff: 52, Sum: 52, Workers: 4
[6737.448s][debug][gc,phases      ] GC(198)   StringDedup Table Weak         Min: 0.00, Avg: 0.00, Max: 0.00, Diff: 0.00, Sum: 0.00, Workers: 4
[6737.448s][debug][gc,phases      ] GC(198)     Dead                           Min: 0, Avg:  0.0, Max: 0, Diff: 0, Sum: 0, Workers: 4
[6737.448s][debug][gc,phases      ] GC(198)     Total                          Min: 0, Avg:  0.0, Max: 0, Diff: 0, Sum: 0, Workers: 4
[6737.448s][debug][gc,phases      ] GC(198)   StringDedup Requests0 Weak     Min: 0.00, Avg: 0.00, Max: 0.00, Diff: 0.00, Sum: 0.00, Workers: 4
[6737.448s][debug][gc,phases      ] GC(198)     Dead                           Min: 0, Avg:  0.0, Max: 0, Diff: 0, Sum: 0, Workers: 4
[6737.448s][debug][gc,phases      ] GC(198)     Total                          Min: 0, Avg:  0.0, Max: 0, Diff: 0, Sum: 0, Workers: 4
[6737.448s][debug][gc,phases      ] GC(198)   StringDedup Requests1 Weak     Min: 0.00, Avg: 0.00, Max: 0.00, Diff: 0.00, Sum: 0.00, Workers: 4
[6737.448s][debug][gc,phases      ] GC(198)     Dead                           Min: 0, Avg:  0.0, Max: 0, Diff: 0, Sum: 0, Workers: 4
[6737.448s][debug][gc,phases      ] GC(198)     Total                          Min: 0, Avg:  0.0, Max: 0, Diff: 0, Sum: 0, Workers: 4
[6737.448s][debug][gc,phases      ] GC(198)   Weak JFR Old Object Samples    Min: 0.00, Avg: 0.00, Max: 0.00, Diff: 0.00, Sum: 0.00, Workers: 4
[6737.448s][debug][gc,phases      ] GC(198)     Dead                           Min: 0, Avg:  0.0, Max: 0, Diff: 0, Sum: 0, Workers: 4
[6737.448s][debug][gc,phases      ] GC(198)     Total                          Min: 0, Avg:  0.0, Max: 0, Diff: 0, Sum: 0, Workers: 4
[6737.448s][debug][gc,phases      ] GC(198) Weak Processing 0.384ms
[6737.448s][debug][gc,age         ] GC(198) Desired survivor size 6291456 bytes, new threshold 1 (max threshold 15)
[6737.448s][info ][gc,heap        ] GC(198) PSYoungGen: 2086688K(2091008K)->2336K(2090496K) Eden: 2084352K(2084352K)->0K(2084352K) From: 2336K(6656K)->2336K(6144K)
[6737.448s][info ][gc,heap        ] GC(198) ParOldGen: 631028K(837120K)->631132K(837120K)
[6737.448s][info ][gc,metaspace   ] GC(198) Metaspace: 110457K(111616K)->110457K(111616K) NonClass: 94576K(95232K)->94576K(95232K) Class: 15881K(16384K)->15881K(16384K)
[6737.448s][info ][gc             ] GC(198) Pause Young (Allocation Failure) 2654M->618M(2859M) 2.340ms
[6737.448s][info ][gc,cpu         ] GC(198) User=0.01s Sys=0.00s Real=0.00s
[6737.448s][info ][safepoint      ] Safepoint "ParallelCollectForAllocation", Time since last: 52049904821 ns, Reaching safepoint: 35000 ns, At safepoint: 2403400 ns, Leaving safepoint: 2600 ns, Total: 2441000 ns, Threads: 0 runnable, 35 total
[6786.945s][info ][gc,start       ] GC(199) Pause Young (Allocation Failure)
[6786.948s][debug][gc,phases      ] GC(199) Scavenge 2.422ms
[6786.948s][debug][gc,ref         ] GC(199) Skipped SoftWeakFinalRefsPhase of Reference Processing: no references
[6786.948s][debug][gc,ref         ] GC(199) Skipped KeepAliveFinalRefsPhase of Reference Processing: no references
[6786.948s][debug][gc,ref         ] GC(199) Skipped PhantomRefsPhase of Reference Processing: no references
[6786.948s][debug][gc,phases      ] GC(199) Reference Processing 0.022ms
[6786.948s][debug][gc,phases      ] GC(199)   VM Weak                        Min: 0.00, Avg: 0.00, Max: 0.01, Diff: 0.01, Sum: 0.01, Workers: 4
[6786.948s][debug][gc,phases      ] GC(199)     Dead                           Min: 0, Avg:  0.0, Max: 0, Diff: 0, Sum: 0, Workers: 4
[6786.948s][debug][gc,phases      ] GC(199)     Total                          Min: 0, Avg: 213.2, Max: 448, Diff: 448, Sum: 853, Workers: 4
[6786.948s][debug][gc,phases      ] GC(199)   ObjectSynchronizer Weak        Min: 0.00, Avg: 0.00, Max: 0.00, Diff: 0.00, Sum: 0.00, Workers: 4
[6786.948s][debug][gc,phases      ] GC(199)     Dead                           Min: 0, Avg:  0.0, Max: 0, Diff: 0, Sum: 0, Workers: 4
[6786.948s][debug][gc,phases      ] GC(199)     Total                          Min: 0, Avg:  1.2, Max: 5, Diff: 5, Sum: 5, Workers: 4
[6786.948s][debug][gc,phases      ] GC(199)   JVMTI Tag Weak OopStorage      Min: 0.00, Avg: 0.00, Max: 0.00, Diff: 0.00, Sum: 0.00, Workers: 4
[6786.948s][debug][gc,phases      ] GC(199)     Dead                           Min: 0, Avg:  0.0, Max: 0, Diff: 0, Sum: 0, Workers: 4
[6786.948s][debug][gc,phases      ] GC(199)     Total                          Min: 0, Avg:  0.0, Max: 0, Diff: 0, Sum: 0, Workers: 4
[6786.948s][debug][gc,phases      ] GC(199)   StringTable Weak               Min: 0.14, Avg: 0.14, Max: 0.14, Diff: 0.00, Sum: 0.56, Workers: 4
[6786.948s][debug][gc,phases      ] GC(199)     Dead                           Min: 0, Avg:  0.0, Max: 0, Diff: 0, Sum: 0, Workers: 4
[6786.948s][debug][gc,phases      ] GC(199)     Total                          Min: 12352, Avg: 12574.8, Max: 12800, Diff: 448, Sum: 50299, Workers: 4
[6786.948s][debug][gc,phases      ] GC(199)   ResolvedMethodTable Weak       Min: 0.04, Avg: 0.04, Max: 0.04, Diff: 0.00, Sum: 0.17, Workers: 4
[6786.948s][debug][gc,phases      ] GC(199)     Dead                           Min: 0, Avg:  5.0, Max: 13, Diff: 13, Sum: 20, Workers: 4
[6786.948s][debug][gc,phases      ] GC(199)     Total                          Min: 3968, Avg: 4036.8, Max: 4186, Diff: 218, Sum: 16147, Workers: 4
[6786.948s][debug][gc,phases      ] GC(199)   JNI Weak                       Min: 0.00, Avg: 0.00, Max: 0.00, Diff: 0.00, Sum: 0.00, Workers: 4
[6786.948s][debug][gc,phases      ] GC(199)     Dead                           Min: 0, Avg:  0.0, Max: 0, Diff: 0, Sum: 0, Workers: 4
[6786.948s][debug][gc,phases      ] GC(199)     Total                          Min: 0, Avg: 13.0, Max: 52, Diff: 52, Sum: 52, Workers: 4
[6786.948s][debug][gc,phases      ] GC(199)   StringDedup Table Weak         Min: 0.00, Avg: 0.00, Max: 0.00, Diff: 0.00, Sum: 0.00, Workers: 4
[6786.948s][debug][gc,phases      ] GC(199)     Dead                           Min: 0, Avg:  0.0, Max: 0, Diff: 0, Sum: 0, Workers: 4
[6786.948s][debug][gc,phases      ] GC(199)     Total                          Min: 0, Avg:  0.0, Max: 0, Diff: 0, Sum: 0, Workers: 4
[6786.948s][debug][gc,phases      ] GC(199)   StringDedup Requests0 Weak     Min: 0.00, Avg: 0.00, Max: 0.00, Diff: 0.00, Sum: 0.00, Workers: 4
[6786.948s][debug][gc,phases      ] GC(199)     Dead                           Min: 0, Avg:  0.0, Max: 0, Diff: 0, Sum: 0, Workers: 4
[6786.948s][debug][gc,phases      ] GC(199)     Total                          Min: 0, Avg:  0.0, Max: 0, Diff: 0, Sum: 0, Workers: 4
[6786.948s][debug][gc,phases      ] GC(199)   StringDedup Requests1 Weak     Min: 0.00, Avg: 0.00, Max: 0.00, Diff: 0.00, Sum: 0.00, Workers: 4
[6786.948s][debug][gc,phases      ] GC(199)     Dead                           Min: 0, Avg:  0.0, Max: 0, Diff: 0, Sum: 0, Workers: 4
[6786.948s][debug][gc,phases      ] GC(199)     Total                          Min: 0, Avg:  0.0, Max: 0, Diff: 0, Sum: 0, Workers: 4
[6786.948s][debug][gc,phases      ] GC(199)   Weak JFR Old Object Samples    Min: 0.00, Avg: 0.00, Max: 0.00, Diff: 0.00, Sum: 0.00, Workers: 4
[6786.948s][debug][gc,phases      ] GC(199)     Dead                           Min: 0, Avg:  0.0, Max: 0, Diff: 0, Sum: 0, Workers: 4
[6786.948s][debug][gc,phases      ] GC(199)     Total                          Min: 0, Avg:  0.0, Max: 0, Diff: 0, Sum: 0, Workers: 4
[6786.948s][debug][gc,phases      ] GC(199) Weak Processing 0.384ms
[6786.948s][debug][gc,age         ] GC(199) Desired survivor size 5767168 bytes, new threshold 1 (max threshold 15)
[6786.948s][info ][gc,heap        ] GC(199) PSYoungGen: 2086688K(2090496K)->2416K(2091520K) Eden: 2084352K(2084352K)->0K(2085376K) From: 2336K(6144K)->2416K(6144K)
[6786.948s][info ][gc,heap        ] GC(199) ParOldGen: 631132K(837120K)->631244K(837120K)
[6786.948s][info ][gc,metaspace   ] GC(199) Metaspace: 110459K(111616K)->110459K(111616K) NonClass: 94578K(95232K)->94578K(95232K) Class: 15881K(16384K)->15881K(16384K)
[6786.948s][info ][gc             ] GC(199) Pause Young (Allocation Failure) 2654M->618M(2860M) 2.951ms
[6786.948s][info ][gc,cpu         ] GC(199) User=0.01s Sys=0.01s Real=0.00s
[6786.948s][info ][safepoint      ] Safepoint "ParallelCollectForAllocation", Time since last: 49496824373 ns, Reaching safepoint: 87100 ns, At safepoint: 3016799 ns, Leaving safepoint: 8100 ns, Total: 3111999 ns, Threads: 1 runnable, 33 total
[6839.045s][info ][gc,start       ] GC(200) Pause Young (Allocation Failure)
[6839.048s][debug][gc,phases      ] GC(200) Scavenge 2.171ms
[6839.048s][debug][gc,ref         ] GC(200) Skipped SoftWeakFinalRefsPhase of Reference Processing: no references
[6839.048s][debug][gc,ref         ] GC(200) Skipped KeepAliveFinalRefsPhase of Reference Processing: no references
[6839.048s][debug][gc,ref         ] GC(200) Skipped PhantomRefsPhase of Reference Processing: no references
[6839.048s][debug][gc,phases      ] GC(200) Reference Processing 0.023ms
[6839.048s][debug][gc,phases      ] GC(200)   VM Weak                        Min: 0.00, Avg: 0.00, Max: 0.01, Diff: 0.01, Sum: 0.01, Workers: 4
[6839.048s][debug][gc,phases      ] GC(200)     Dead                           Min: 0, Avg:  0.0, Max: 0, Diff: 0, Sum: 0, Workers: 4
[6839.048s][debug][gc,phases      ] GC(200)     Total                          Min: 0, Avg: 213.2, Max: 725, Diff: 725, Sum: 853, Workers: 4
[6839.048s][debug][gc,phases      ] GC(200)   ObjectSynchronizer Weak        Min: 0.00, Avg: 0.00, Max: 0.00, Diff: 0.00, Sum: 0.00, Workers: 4
[6839.048s][debug][gc,phases      ] GC(200)     Dead                           Min: 0, Avg:  0.0, Max: 0, Diff: 0, Sum: 0, Workers: 4
[6839.048s][debug][gc,phases      ] GC(200)     Total                          Min: 0, Avg:  1.2, Max: 5, Diff: 5, Sum: 5, Workers: 4
[6839.048s][debug][gc,phases      ] GC(200)   JVMTI Tag Weak OopStorage      Min: 0.00, Avg: 0.00, Max: 0.00, Diff: 0.00, Sum: 0.00, Workers: 4
[6839.048s][debug][gc,phases      ] GC(200)     Dead                           Min: 0, Avg:  0.0, Max: 0, Diff: 0, Sum: 0, Workers: 4
[6839.048s][debug][gc,phases      ] GC(200)     Total                          Min: 0, Avg:  0.0, Max: 0, Diff: 0, Sum: 0, Workers: 4
[6839.048s][debug][gc,phases      ] GC(200)   StringTable Weak               Min: 0.00, Avg: 0.10, Max: 0.14, Diff: 0.14, Sum: 0.41, Workers: 4
[6839.048s][debug][gc,phases      ] GC(200)     Dead                           Min: 0, Avg:  0.0, Max: 0, Diff: 0, Sum: 0, Workers: 4
[6839.048s][debug][gc,phases      ] GC(200)     Total                          Min: 0, Avg: 12574.8, Max: 21371, Diff: 21371, Sum: 50299, Workers: 4
[6839.048s][debug][gc,phases      ] GC(200)   ResolvedMethodTable Weak       Min: 0.00, Avg: 0.04, Max: 0.05, Diff: 0.05, Sum: 0.14, Workers: 4
[6839.048s][debug][gc,phases      ] GC(200)     Dead                           Min: 0, Avg:  5.0, Max: 12, Diff: 12, Sum: 20, Workers: 4
[6839.048s][debug][gc,phases      ] GC(200)     Total                          Min: 0, Avg: 4036.8, Max: 6788, Diff: 6788, Sum: 16147, Workers: 4
[6839.048s][debug][gc,phases      ] GC(200)   JNI Weak                       Min: 0.00, Avg: 0.00, Max: 0.00, Diff: 0.00, Sum: 0.00, Workers: 4
[6839.048s][debug][gc,phases      ] GC(200)     Dead                           Min: 0, Avg:  0.0, Max: 0, Diff: 0, Sum: 0, Workers: 4
[6839.048s][debug][gc,phases      ] GC(200)     Total                          Min: 0, Avg: 13.0, Max: 52, Diff: 52, Sum: 52, Workers: 4
[6839.048s][debug][gc,phases      ] GC(200)   StringDedup Table Weak         Min: 0.00, Avg: 0.00, Max: 0.00, Diff: 0.00, Sum: 0.00, Workers: 4
[6839.048s][debug][gc,phases      ] GC(200)     Dead                           Min: 0, Avg:  0.0, Max: 0, Diff: 0, Sum: 0, Workers: 4
[6839.048s][debug][gc,phases      ] GC(200)     Total                          Min: 0, Avg:  0.0, Max: 0, Diff: 0, Sum: 0, Workers: 4
[6839.048s][debug][gc,phases      ] GC(200)   StringDedup Requests0 Weak     Min: 0.00, Avg: 0.00, Max: 0.00, Diff: 0.00, Sum: 0.00, Workers: 4
[6839.048s][debug][gc,phases      ] GC(200)     Dead                           Min: 0, Avg:  0.0, Max: 0, Diff: 0, Sum: 0, Workers: 4
[6839.048s][debug][gc,phases      ] GC(200)     Total                          Min: 0, Avg:  0.0, Max: 0, Diff: 0, Sum: 0, Workers: 4
[6839.048s][debug][gc,phases      ] GC(200)   StringDedup Requests1 Weak     Min: 0.00, Avg: 0.00, Max: 0.00, Diff: 0.00, Sum: 0.00, Workers: 4
[6839.048s][debug][gc,phases      ] GC(200)     Dead                           Min: 0, Avg:  0.0, Max: 0, Diff: 0, Sum: 0, Workers: 4
[6839.048s][debug][gc,phases      ] GC(200)     Total                          Min: 0, Avg:  0.0, Max: 0, Diff: 0, Sum: 0, Workers: 4
[6839.048s][debug][gc,phases      ] GC(200)   Weak JFR Old Object Samples    Min: 0.00, Avg: 0.00, Max: 0.00, Diff: 0.00, Sum: 0.00, Workers: 4
[6839.048s][debug][gc,phases      ] GC(200)     Dead                           Min: 0, Avg:  0.0, Max: 0, Diff: 0, Sum: 0, Workers: 4
[6839.048s][debug][gc,phases      ] GC(200)     Total                          Min: 0, Avg:  0.0, Max: 0, Diff: 0, Sum: 0, Workers: 4
[6839.048s][debug][gc,phases      ] GC(200) Weak Processing 0.430ms
[6839.048s][debug][gc,age         ] GC(200) Desired survivor size 5767168 bytes, new threshold 1 (max threshold 15)
[6839.048s][info ][gc,heap        ] GC(200) PSYoungGen: 2087792K(2091520K)->1248K(2091008K) Eden: 2085376K(2085376K)->0K(2085376K) From: 2416K(6144K)->1248K(5632K)
[6839.048s][info ][gc,heap        ] GC(200) ParOldGen: 631244K(837120K)->632916K(837120K)
[6839.048s][info ][gc,metaspace   ] GC(200) Metaspace: 110459K(111616K)->110459K(111616K) NonClass: 94578K(95232K)->94578K(95232K) Class: 15881K(16384K)->15881K(16384K)
[6839.048s][info ][gc             ] GC(200) Pause Young (Allocation Failure) 2655M->619M(2859M) 2.757ms
[6839.048s][info ][gc,cpu         ] GC(200) User=0.00s Sys=0.01s Real=0.00s
[6839.048s][info ][safepoint      ] Safepoint "ParallelCollectForAllocation", Time since last: 52096926321 ns, Reaching safepoint: 78800 ns, At safepoint: 2820599 ns, Leaving safepoint: 6800 ns, Total: 2906199 ns, Threads: 1 runnable, 34 total
[6890.968s][info ][gc,start       ] GC(201) Pause Young (Allocation Failure)
[6890.970s][debug][gc,phases      ] GC(201) Scavenge 1.999ms
[6890.970s][debug][gc,ref         ] GC(201) Skipped SoftWeakFinalRefsPhase of Reference Processing: no references
[6890.970s][debug][gc,ref         ] GC(201) Skipped KeepAliveFinalRefsPhase of Reference Processing: no references
[6890.970s][debug][gc,ref         ] GC(201) Skipped PhantomRefsPhase of Reference Processing: no references
[6890.970s][debug][gc,phases      ] GC(201) Reference Processing 0.022ms
[6890.970s][debug][gc,phases      ] GC(201)   VM Weak                        Min: 0.00, Avg: 0.00, Max: 0.01, Diff: 0.01, Sum: 0.01, Workers: 4
[6890.970s][debug][gc,phases      ] GC(201)     Dead                           Min: 0, Avg:  0.0, Max: 0, Diff: 0, Sum: 0, Workers: 4
[6890.970s][debug][gc,phases      ] GC(201)     Total                          Min: 0, Avg: 213.2, Max: 512, Diff: 512, Sum: 853, Workers: 4
[6890.970s][debug][gc,phases      ] GC(201)   ObjectSynchronizer Weak        Min: 0.00, Avg: 0.00, Max: 0.00, Diff: 0.00, Sum: 0.00, Workers: 4
[6890.970s][debug][gc,phases      ] GC(201)     Dead                           Min: 0, Avg:  0.0, Max: 0, Diff: 0, Sum: 0, Workers: 4
[6890.970s][debug][gc,phases      ] GC(201)     Total                          Min: 0, Avg:  1.2, Max: 5, Diff: 5, Sum: 5, Workers: 4
[6890.970s][debug][gc,phases      ] GC(201)   JVMTI Tag Weak OopStorage      Min: 0.00, Avg: 0.00, Max: 0.00, Diff: 0.00, Sum: 0.00, Workers: 4
[6890.970s][debug][gc,phases      ] GC(201)     Dead                           Min: 0, Avg:  0.0, Max: 0, Diff: 0, Sum: 0, Workers: 4
[6890.970s][debug][gc,phases      ] GC(201)     Total                          Min: 0, Avg:  0.0, Max: 0, Diff: 0, Sum: 0, Workers: 4
[6890.970s][debug][gc,phases      ] GC(201)   StringTable Weak               Min: 0.00, Avg: 0.14, Max: 0.18, Diff: 0.18, Sum: 0.55, Workers: 4
[6890.970s][debug][gc,phases      ] GC(201)     Dead                           Min: 0, Avg:  0.0, Max: 0, Diff: 0, Sum: 0, Workers: 4
[6890.970s][debug][gc,phases      ] GC(201)     Total                          Min: 0, Avg: 12574.8, Max: 17147, Diff: 17147, Sum: 50299, Workers: 4
[6890.970s][debug][gc,phases      ] GC(201)   ResolvedMethodTable Weak       Min: 0.00, Avg: 0.06, Max: 0.08, Diff: 0.08, Sum: 0.23, Workers: 4
[6890.970s][debug][gc,phases      ] GC(201)     Dead                           Min: 0, Avg:  5.0, Max: 19, Diff: 19, Sum: 20, Workers: 4
[6890.970s][debug][gc,phases      ] GC(201)     Total                          Min: 0, Avg: 4036.8, Max: 5470, Diff: 5470, Sum: 16147, Workers: 4
[6890.970s][debug][gc,phases      ] GC(201)   JNI Weak                       Min: 0.00, Avg: 0.00, Max: 0.00, Diff: 0.00, Sum: 0.00, Workers: 4
[6890.970s][debug][gc,phases      ] GC(201)     Dead                           Min: 0, Avg:  0.0, Max: 0, Diff: 0, Sum: 0, Workers: 4
[6890.970s][debug][gc,phases      ] GC(201)     Total                          Min: 0, Avg: 13.0, Max: 52, Diff: 52, Sum: 52, Workers: 4
[6890.970s][debug][gc,phases      ] GC(201)   StringDedup Table Weak         Min: 0.00, Avg: 0.00, Max: 0.00, Diff: 0.00, Sum: 0.00, Workers: 4
[6890.970s][debug][gc,phases      ] GC(201)     Dead                           Min: 0, Avg:  0.0, Max: 0, Diff: 0, Sum: 0, Workers: 4
[6890.970s][debug][gc,phases      ] GC(201)     Total                          Min: 0, Avg:  0.0, Max: 0, Diff: 0, Sum: 0, Workers: 4
[6890.970s][debug][gc,phases      ] GC(201)   StringDedup Requests0 Weak     Min: 0.00, Avg: 0.00, Max: 0.00, Diff: 0.00, Sum: 0.00, Workers: 4
[6890.970s][debug][gc,phases      ] GC(201)     Dead                           Min: 0, Avg:  0.0, Max: 0, Diff: 0, Sum: 0, Workers: 4
[6890.970s][debug][gc,phases      ] GC(201)     Total                          Min: 0, Avg:  0.0, Max: 0, Diff: 0, Sum: 0, Workers: 4
[6890.970s][debug][gc,phases      ] GC(201)   StringDedup Requests1 Weak     Min: 0.00, Avg: 0.00, Max: 0.00, Diff: 0.00, Sum: 0.00, Workers: 4
[6890.970s][debug][gc,phases      ] GC(201)     Dead                           Min: 0, Avg:  0.0, Max: 0, Diff: 0, Sum: 0, Workers: 4
[6890.970s][debug][gc,phases      ] GC(201)     Total                          Min: 0, Avg:  0.0, Max: 0, Diff: 0, Sum: 0, Workers: 4
[6890.970s][debug][gc,phases      ] GC(201)   Weak JFR Old Object Samples    Min: 0.00, Avg: 0.00, Max: 0.00, Diff: 0.00, Sum: 0.00, Workers: 4
[6890.970s][debug][gc,phases      ] GC(201)     Dead                           Min: 0, Avg:  0.0, Max: 0, Diff: 0, Sum: 0, Workers: 4
[6890.970s][debug][gc,phases      ] GC(201)     Total                          Min: 0, Avg:  0.0, Max: 0, Diff: 0, Sum: 0, Workers: 4
[6890.970s][debug][gc,phases      ] GC(201) Weak Processing 0.525ms
[6890.970s][debug][gc,age         ] GC(201) Desired survivor size 5767168 bytes, new threshold 1 (max threshold 15)
[6890.970s][info ][gc,heap        ] GC(201) PSYoungGen: 2086624K(2091008K)->2208K(2091520K) Eden: 2085376K(2085376K)->0K(2085888K) From: 1248K(5632K)->2208K(5632K)
[6890.970s][info ][gc,heap        ] GC(201) ParOldGen: 632916K(837120K)->633020K(837120K)
[6890.970s][info ][gc,metaspace   ] GC(201) Metaspace: 110461K(111616K)->110461K(111616K) NonClass: 94580K(95232K)->94580K(95232K) Class: 15881K(16384K)->15881K(16384K)
[6890.970s][info ][gc             ] GC(201) Pause Young (Allocation Failure) 2655M->620M(2860M) 2.693ms
[6890.970s][info ][gc,cpu         ] GC(201) User=0.01s Sys=0.00s Real=0.01s
[6890.970s][info ][safepoint      ] Safepoint "ParallelCollectForAllocation", Time since last: 51919366361 ns, Reaching safepoint: 8000 ns, At safepoint: 2766298 ns, Leaving safepoint: 2200 ns, Total: 2776498 ns, Threads: 0 runnable, 33 total
[6940.978s][info ][gc,start       ] GC(202) Pause Young (Allocation Failure)
[6940.980s][debug][gc,phases      ] GC(202) Scavenge 1.834ms
[6940.980s][debug][gc,ref         ] GC(202) Skipped SoftWeakFinalRefsPhase of Reference Processing: no references
[6940.980s][debug][gc,ref         ] GC(202) Skipped KeepAliveFinalRefsPhase of Reference Processing: no references
[6940.980s][debug][gc,ref         ] GC(202) Skipped PhantomRefsPhase of Reference Processing: no references
[6940.980s][debug][gc,phases      ] GC(202) Reference Processing 0.023ms
[6940.980s][debug][gc,phases      ] GC(202)   VM Weak                        Min: 0.00, Avg: 0.00, Max: 0.01, Diff: 0.01, Sum: 0.01, Workers: 4
[6940.980s][debug][gc,phases      ] GC(202)     Dead                           Min: 0, Avg:  0.0, Max: 0, Diff: 0, Sum: 0, Workers: 4
[6940.980s][debug][gc,phases      ] GC(202)     Total                          Min: 0, Avg: 213.2, Max: 576, Diff: 576, Sum: 853, Workers: 4
[6940.980s][debug][gc,phases      ] GC(202)   ObjectSynchronizer Weak        Min: 0.00, Avg: 0.00, Max: 0.00, Diff: 0.00, Sum: 0.00, Workers: 4
[6940.980s][debug][gc,phases      ] GC(202)     Dead                           Min: 0, Avg:  0.0, Max: 0, Diff: 0, Sum: 0, Workers: 4
[6940.980s][debug][gc,phases      ] GC(202)     Total                          Min: 0, Avg:  1.2, Max: 5, Diff: 5, Sum: 5, Workers: 4
[6940.980s][debug][gc,phases      ] GC(202)   JVMTI Tag Weak OopStorage      Min: 0.00, Avg: 0.00, Max: 0.00, Diff: 0.00, Sum: 0.00, Workers: 4
[6940.980s][debug][gc,phases      ] GC(202)     Dead                           Min: 0, Avg:  0.0, Max: 0, Diff: 0, Sum: 0, Workers: 4
[6940.980s][debug][gc,phases      ] GC(202)     Total                          Min: 0, Avg:  0.0, Max: 0, Diff: 0, Sum: 0, Workers: 4
[6940.980s][debug][gc,phases      ] GC(202)   StringTable Weak               Min: 0.07, Avg: 0.12, Max: 0.14, Diff: 0.08, Sum: 0.50, Workers: 4
[6940.980s][debug][gc,phases      ] GC(202)     Dead                           Min: 0, Avg:  0.0, Max: 0, Diff: 0, Sum: 0, Workers: 4
[6940.980s][debug][gc,phases      ] GC(202)     Total                          Min: 6528, Avg: 12574.8, Max: 14784, Diff: 8256, Sum: 50299, Workers: 4
[6940.980s][debug][gc,phases      ] GC(202)   ResolvedMethodTable Weak       Min: 0.04, Avg: 0.04, Max: 0.04, Diff: 0.00, Sum: 0.16, Workers: 4
[6940.980s][debug][gc,phases      ] GC(202)     Dead                           Min: 0, Avg:  5.0, Max: 17, Diff: 17, Sum: 20, Workers: 4
[6940.980s][debug][gc,phases      ] GC(202)     Total                          Min: 3936, Avg: 4036.8, Max: 4115, Diff: 179, Sum: 16147, Workers: 4
[6940.980s][debug][gc,phases      ] GC(202)   JNI Weak                       Min: 0.00, Avg: 0.00, Max: 0.00, Diff: 0.00, Sum: 0.00, Workers: 4
[6940.980s][debug][gc,phases      ] GC(202)     Dead                           Min: 0, Avg:  0.0, Max: 0, Diff: 0, Sum: 0, Workers: 4
[6940.980s][debug][gc,phases      ] GC(202)     Total                          Min: 0, Avg: 13.0, Max: 52, Diff: 52, Sum: 52, Workers: 4
[6940.980s][debug][gc,phases      ] GC(202)   StringDedup Table Weak         Min: 0.00, Avg: 0.00, Max: 0.00, Diff: 0.00, Sum: 0.00, Workers: 4
[6940.981s][debug][gc,phases      ] GC(202)     Dead                           Min: 0, Avg:  0.0, Max: 0, Diff: 0, Sum: 0, Workers: 4
[6940.981s][debug][gc,phases      ] GC(202)     Total                          Min: 0, Avg:  0.0, Max: 0, Diff: 0, Sum: 0, Workers: 4
[6940.981s][debug][gc,phases      ] GC(202)   StringDedup Requests0 Weak     Min: 0.00, Avg: 0.00, Max: 0.00, Diff: 0.00, Sum: 0.00, Workers: 4
[6940.981s][debug][gc,phases      ] GC(202)     Dead                           Min: 0, Avg:  0.0, Max: 0, Diff: 0, Sum: 0, Workers: 4
[6940.981s][debug][gc,phases      ] GC(202)     Total                          Min: 0, Avg:  0.0, Max: 0, Diff: 0, Sum: 0, Workers: 4
[6940.981s][debug][gc,phases      ] GC(202)   StringDedup Requests1 Weak     Min: 0.00, Avg: 0.00, Max: 0.00, Diff: 0.00, Sum: 0.00, Workers: 4
[6940.981s][debug][gc,phases      ] GC(202)     Dead                           Min: 0, Avg:  0.0, Max: 0, Diff: 0, Sum: 0, Workers: 4
[6940.981s][debug][gc,phases      ] GC(202)     Total                          Min: 0, Avg:  0.0, Max: 0, Diff: 0, Sum: 0, Workers: 4
[6940.981s][debug][gc,phases      ] GC(202)   Weak JFR Old Object Samples    Min: 0.00, Avg: 0.00, Max: 0.00, Diff: 0.00, Sum: 0.00, Workers: 4
[6940.981s][debug][gc,phases      ] GC(202)     Dead                           Min: 0, Avg:  0.0, Max: 0, Diff: 0, Sum: 0, Workers: 4
[6940.981s][debug][gc,phases      ] GC(202)     Total                          Min: 0, Avg:  0.0, Max: 0, Diff: 0, Sum: 0, Workers: 4
[6940.981s][debug][gc,phases      ] GC(202) Weak Processing 0.512ms
[6940.981s][debug][gc,age         ] GC(202) Desired survivor size 5767168 bytes, new threshold 1 (max threshold 15)
[6940.981s][info ][gc,heap        ] GC(202) PSYoungGen: 2088096K(2091520K)->736K(2091520K) Eden: 2085888K(2085888K)->0K(2085888K) From: 2208K(5632K)->736K(5632K)
[6940.981s][info ][gc,heap        ] GC(202) ParOldGen: 633020K(837120K)->634708K(837120K)
[6940.981s][info ][gc,metaspace   ] GC(202) Metaspace: 110464K(111616K)->110464K(111616K) NonClass: 94583K(95232K)->94583K(95232K) Class: 15881K(16384K)->15881K(16384K)
[6940.981s][info ][gc             ] GC(202) Pause Young (Allocation Failure) 2657M->620M(2860M) 2.514ms
[6940.981s][info ][gc,cpu         ] GC(202) User=0.01s Sys=0.00s Real=0.01s
[6940.981s][info ][safepoint      ] Safepoint "ParallelCollectForAllocation", Time since last: 50007682542 ns, Reaching safepoint: 10400 ns, At safepoint: 2589699 ns, Leaving safepoint: 3500 ns, Total: 2603599 ns, Threads: 0 runnable, 38 total
[6989.989s][info ][gc,start       ] GC(203) Pause Young (Allocation Failure)
[6989.992s][debug][gc,phases      ] GC(203) Scavenge 2.915ms
[6989.992s][debug][gc,ref         ] GC(203) Skipped SoftWeakFinalRefsPhase of Reference Processing: no references
[6989.992s][debug][gc,ref         ] GC(203) Skipped KeepAliveFinalRefsPhase of Reference Processing: no references
[6989.992s][debug][gc,ref         ] GC(203) Skipped PhantomRefsPhase of Reference Processing: no references
[6989.992s][debug][gc,phases      ] GC(203) Reference Processing 0.022ms
[6989.992s][debug][gc,phases      ] GC(203)   VM Weak                        Min: 0.00, Avg: 0.00, Max: 0.01, Diff: 0.01, Sum: 0.01, Workers: 4
[6989.992s][debug][gc,phases      ] GC(203)     Dead                           Min: 0, Avg:  0.0, Max: 0, Diff: 0, Sum: 0, Workers: 4
[6989.992s][debug][gc,phases      ] GC(203)     Total                          Min: 0, Avg: 213.2, Max: 448, Diff: 448, Sum: 853, Workers: 4
[6989.992s][debug][gc,phases      ] GC(203)   ObjectSynchronizer Weak        Min: 0.00, Avg: 0.00, Max: 0.00, Diff: 0.00, Sum: 0.00, Workers: 4
[6989.992s][debug][gc,phases      ] GC(203)     Dead                           Min: 0, Avg:  0.0, Max: 0, Diff: 0, Sum: 0, Workers: 4
[6989.992s][debug][gc,phases      ] GC(203)     Total                          Min: 0, Avg:  1.2, Max: 5, Diff: 5, Sum: 5, Workers: 4
[6989.992s][debug][gc,phases      ] GC(203)   JVMTI Tag Weak OopStorage      Min: 0.00, Avg: 0.00, Max: 0.00, Diff: 0.00, Sum: 0.00, Workers: 4
[6989.992s][debug][gc,phases      ] GC(203)     Dead                           Min: 0, Avg:  0.0, Max: 0, Diff: 0, Sum: 0, Workers: 4
[6989.992s][debug][gc,phases      ] GC(203)     Total                          Min: 0, Avg:  0.0, Max: 0, Diff: 0, Sum: 0, Workers: 4
[6989.992s][debug][gc,phases      ] GC(203)   StringTable Weak               Min: 0.00, Avg: 0.11, Max: 0.15, Diff: 0.15, Sum: 0.44, Workers: 4
[6989.992s][debug][gc,phases      ] GC(203)     Dead                           Min: 0, Avg:  0.0, Max: 0, Diff: 0, Sum: 0, Workers: 4
[6989.992s][debug][gc,phases      ] GC(203)     Total                          Min: 0, Avg: 12574.8, Max: 19643, Diff: 19643, Sum: 50299, Workers: 4
[6989.992s][debug][gc,phases      ] GC(203)   ResolvedMethodTable Weak       Min: 0.00, Avg: 0.03, Max: 0.04, Diff: 0.04, Sum: 0.13, Workers: 4
[6989.992s][debug][gc,phases      ] GC(203)     Dead                           Min: 0, Avg:  5.0, Max: 13, Diff: 13, Sum: 20, Workers: 4
[6989.992s][debug][gc,phases      ] GC(203)     Total                          Min: 0, Avg: 4036.8, Max: 6294, Diff: 6294, Sum: 16147, Workers: 4
[6989.992s][debug][gc,phases      ] GC(203)   JNI Weak                       Min: 0.00, Avg: 0.00, Max: 0.00, Diff: 0.00, Sum: 0.00, Workers: 4
[6989.992s][debug][gc,phases      ] GC(203)     Dead                           Min: 0, Avg:  0.0, Max: 0, Diff: 0, Sum: 0, Workers: 4
[6989.992s][debug][gc,phases      ] GC(203)     Total                          Min: 0, Avg: 13.0, Max: 52, Diff: 52, Sum: 52, Workers: 4
[6989.992s][debug][gc,phases      ] GC(203)   StringDedup Table Weak         Min: 0.00, Avg: 0.00, Max: 0.00, Diff: 0.00, Sum: 0.00, Workers: 4
[6989.992s][debug][gc,phases      ] GC(203)     Dead                           Min: 0, Avg:  0.0, Max: 0, Diff: 0, Sum: 0, Workers: 4
[6989.992s][debug][gc,phases      ] GC(203)     Total                          Min: 0, Avg:  0.0, Max: 0, Diff: 0, Sum: 0, Workers: 4
[6989.992s][debug][gc,phases      ] GC(203)   StringDedup Requests0 Weak     Min: 0.00, Avg: 0.00, Max: 0.00, Diff: 0.00, Sum: 0.00, Workers: 4
[6989.992s][debug][gc,phases      ] GC(203)     Dead                           Min: 0, Avg:  0.0, Max: 0, Diff: 0, Sum: 0, Workers: 4
[6989.992s][debug][gc,phases      ] GC(203)     Total                          Min: 0, Avg:  0.0, Max: 0, Diff: 0, Sum: 0, Workers: 4
[6989.992s][debug][gc,phases      ] GC(203)   StringDedup Requests1 Weak     Min: 0.00, Avg: 0.00, Max: 0.00, Diff: 0.00, Sum: 0.00, Workers: 4
[6989.992s][debug][gc,phases      ] GC(203)     Dead                           Min: 0, Avg:  0.0, Max: 0, Diff: 0, Sum: 0, Workers: 4
[6989.992s][debug][gc,phases      ] GC(203)     Total                          Min: 0, Avg:  0.0, Max: 0, Diff: 0, Sum: 0, Workers: 4
[6989.992s][debug][gc,phases      ] GC(203)   Weak JFR Old Object Samples    Min: 0.00, Avg: 0.00, Max: 0.00, Diff: 0.00, Sum: 0.00, Workers: 4
[6989.992s][debug][gc,phases      ] GC(203)     Dead                           Min: 0, Avg:  0.0, Max: 0, Diff: 0, Sum: 0, Workers: 4
[6989.992s][debug][gc,phases      ] GC(203)     Total                          Min: 0, Avg:  0.0, Max: 0, Diff: 0, Sum: 0, Workers: 4
[6989.992s][debug][gc,phases      ] GC(203) Weak Processing 0.395ms
[6989.992s][debug][gc,age         ] GC(203) Desired survivor size 5242880 bytes, new threshold 1 (max threshold 15)
[6989.992s][info ][gc,heap        ] GC(203) PSYoungGen: 2086624K(2091520K)->2448K(2092032K) Eden: 2085888K(2085888K)->0K(2086400K) From: 736K(5632K)->2448K(5632K)
[6989.992s][info ][gc,heap        ] GC(203) ParOldGen: 634708K(837120K)->634848K(837120K)
[6989.992s][info ][gc,metaspace   ] GC(203) Metaspace: 110467K(111616K)->110467K(111616K) NonClass: 94586K(95232K)->94586K(95232K) Class: 15881K(16384K)->15881K(16384K)
[6989.992s][info ][gc             ] GC(203) Pause Young (Allocation Failure) 2657M->622M(2860M) 3.444ms
[6989.992s][info ][gc,cpu         ] GC(203) User=0.01s Sys=0.01s Real=0.01s
[6989.992s][info ][safepoint      ] Safepoint "ParallelCollectForAllocation", Time since last: 49008104135 ns, Reaching safepoint: 26000 ns, At safepoint: 3514498 ns, Leaving safepoint: 6300 ns, Total: 3546798 ns, Threads: 0 runnable, 33 total
[7040.000s][info ][gc,start       ] GC(204) Pause Young (Allocation Failure)
[7040.001s][debug][gc,phases      ] GC(204) Scavenge 1.745ms
[7040.001s][debug][gc,ref         ] GC(204) Skipped SoftWeakFinalRefsPhase of Reference Processing: no references
[7040.001s][debug][gc,ref         ] GC(204) Skipped KeepAliveFinalRefsPhase of Reference Processing: no references
[7040.001s][debug][gc,ref         ] GC(204) Skipped PhantomRefsPhase of Reference Processing: no references
[7040.001s][debug][gc,phases      ] GC(204) Reference Processing 0.028ms
[7040.002s][debug][gc,phases      ] GC(204)   VM Weak                        Min: 0.00, Avg: 0.00, Max: 0.01, Diff: 0.01, Sum: 0.01, Workers: 4
[7040.002s][debug][gc,phases      ] GC(204)     Dead                           Min: 0, Avg:  0.0, Max: 0, Diff: 0, Sum: 0, Workers: 4
[7040.002s][debug][gc,phases      ] GC(204)     Total                          Min: 0, Avg: 213.2, Max: 704, Diff: 704, Sum: 853, Workers: 4
[7040.002s][debug][gc,phases      ] GC(204)   ObjectSynchronizer Weak        Min: 0.00, Avg: 0.00, Max: 0.00, Diff: 0.00, Sum: 0.00, Workers: 4
[7040.002s][debug][gc,phases      ] GC(204)     Dead                           Min: 0, Avg:  0.0, Max: 0, Diff: 0, Sum: 0, Workers: 4
[7040.002s][debug][gc,phases      ] GC(204)     Total                          Min: 0, Avg:  1.2, Max: 5, Diff: 5, Sum: 5, Workers: 4
[7040.002s][debug][gc,phases      ] GC(204)   JVMTI Tag Weak OopStorage      Min: 0.00, Avg: 0.00, Max: 0.00, Diff: 0.00, Sum: 0.00, Workers: 4
[7040.002s][debug][gc,phases      ] GC(204)     Dead                           Min: 0, Avg:  0.0, Max: 0, Diff: 0, Sum: 0, Workers: 4
[7040.002s][debug][gc,phases      ] GC(204)     Total                          Min: 0, Avg:  0.0, Max: 0, Diff: 0, Sum: 0, Workers: 4
[7040.002s][debug][gc,phases      ] GC(204)   StringTable Weak               Min: 0.00, Avg: 0.12, Max: 0.16, Diff: 0.16, Sum: 0.48, Workers: 4
[7040.002s][debug][gc,phases      ] GC(204)     Dead                           Min: 0, Avg:  0.0, Max: 0, Diff: 0, Sum: 0, Workers: 4
[7040.002s][debug][gc,phases      ] GC(204)     Total                          Min: 0, Avg: 12574.8, Max: 16960, Diff: 16960, Sum: 50299, Workers: 4
[7040.002s][debug][gc,phases      ] GC(204)   ResolvedMethodTable Weak       Min: 0.00, Avg: 0.04, Max: 0.05, Diff: 0.05, Sum: 0.16, Workers: 4
[7040.002s][debug][gc,phases      ] GC(204)     Dead                           Min: 0, Avg:  5.0, Max: 11, Diff: 11, Sum: 20, Workers: 4
[7040.002s][debug][gc,phases      ] GC(204)     Total                          Min: 0, Avg: 4036.8, Max: 5395, Diff: 5395, Sum: 16147, Workers: 4
[7040.002s][debug][gc,phases      ] GC(204)   JNI Weak                       Min: 0.00, Avg: 0.00, Max: 0.00, Diff: 0.00, Sum: 0.00, Workers: 4
[7040.002s][debug][gc,phases      ] GC(204)     Dead                           Min: 0, Avg:  0.0, Max: 0, Diff: 0, Sum: 0, Workers: 4
[7040.002s][debug][gc,phases      ] GC(204)     Total                          Min: 0, Avg: 13.0, Max: 52, Diff: 52, Sum: 52, Workers: 4
[7040.002s][debug][gc,phases      ] GC(204)   StringDedup Table Weak         Min: 0.00, Avg: 0.00, Max: 0.00, Diff: 0.00, Sum: 0.00, Workers: 4
[7040.002s][debug][gc,phases      ] GC(204)     Dead                           Min: 0, Avg:  0.0, Max: 0, Diff: 0, Sum: 0, Workers: 4
[7040.002s][debug][gc,phases      ] GC(204)     Total                          Min: 0, Avg:  0.0, Max: 0, Diff: 0, Sum: 0, Workers: 4
[7040.002s][debug][gc,phases      ] GC(204)   StringDedup Requests0 Weak     Min: 0.00, Avg: 0.00, Max: 0.00, Diff: 0.00, Sum: 0.00, Workers: 4
[7040.002s][debug][gc,phases      ] GC(204)     Dead                           Min: 0, Avg:  0.0, Max: 0, Diff: 0, Sum: 0, Workers: 4
[7040.002s][debug][gc,phases      ] GC(204)     Total                          Min: 0, Avg:  0.0, Max: 0, Diff: 0, Sum: 0, Workers: 4
[7040.002s][debug][gc,phases      ] GC(204)   StringDedup Requests1 Weak     Min: 0.00, Avg: 0.00, Max: 0.00, Diff: 0.00, Sum: 0.00, Workers: 4
[7040.002s][debug][gc,phases      ] GC(204)     Dead                           Min: 0, Avg:  0.0, Max: 0, Diff: 0, Sum: 0, Workers: 4
[7040.002s][debug][gc,phases      ] GC(204)     Total                          Min: 0, Avg:  0.0, Max: 0, Diff: 0, Sum: 0, Workers: 4
[7040.002s][debug][gc,phases      ] GC(204)   Weak JFR Old Object Samples    Min: 0.00, Avg: 0.00, Max: 0.00, Diff: 0.00, Sum: 0.00, Workers: 4
[7040.002s][debug][gc,phases      ] GC(204)     Dead                           Min: 0, Avg:  0.0, Max: 0, Diff: 0, Sum: 0, Workers: 4
[7040.002s][debug][gc,phases      ] GC(204)     Total                          Min: 0, Avg:  0.0, Max: 0, Diff: 0, Sum: 0, Workers: 4
[7040.002s][debug][gc,phases      ] GC(204) Weak Processing 0.415ms
[7040.002s][debug][gc,age         ] GC(204) Desired survivor size 5242880 bytes, new threshold 1 (max threshold 15)
[7040.002s][info ][gc,heap        ] GC(204) PSYoungGen: 2088848K(2092032K)->2240K(2091520K) Eden: 2086400K(2086400K)->0K(2086400K) From: 2448K(5632K)->2240K(5120K)
[7040.002s][info ][gc,heap        ] GC(204) ParOldGen: 634848K(837120K)->634952K(837120K)
[7040.002s][info ][gc,metaspace   ] GC(204) Metaspace: 110467K(111616K)->110467K(111616K) NonClass: 94586K(95232K)->94586K(95232K) Class: 15881K(16384K)->15881K(16384K)
[7040.002s][info ][gc             ] GC(204) Pause Young (Allocation Failure) 2659M->622M(2860M) 2.301ms
[7040.002s][info ][gc,cpu         ] GC(204) User=0.01s Sys=0.00s Real=0.00s
[7040.002s][info ][safepoint      ] Safepoint "ParallelCollectForAllocation", Time since last: 50007122963 ns, Reaching safepoint: 102100 ns, At safepoint: 2371899 ns, Leaving safepoint: 7100 ns, Total: 2481099 ns, Threads: 1 runnable, 34 total
[7091.744s][info ][gc,start       ] GC(205) Pause Young (Allocation Failure)
[7091.745s][debug][gc,phases      ] GC(205) Scavenge 1.751ms
[7091.745s][debug][gc,ref         ] GC(205) Skipped SoftWeakFinalRefsPhase of Reference Processing: no references
[7091.745s][debug][gc,ref         ] GC(205) Skipped KeepAliveFinalRefsPhase of Reference Processing: no references
[7091.745s][debug][gc,ref         ] GC(205) Skipped PhantomRefsPhase of Reference Processing: no references
[7091.745s][debug][gc,phases      ] GC(205) Reference Processing 0.021ms
[7091.746s][debug][gc,phases      ] GC(205)   VM Weak                        Min: 0.00, Avg: 0.00, Max: 0.01, Diff: 0.01, Sum: 0.01, Workers: 4
[7091.746s][debug][gc,phases      ] GC(205)     Dead                           Min: 0, Avg:  0.0, Max: 0, Diff: 0, Sum: 0, Workers: 4
[7091.746s][debug][gc,phases      ] GC(205)     Total                          Min: 0, Avg: 213.2, Max: 789, Diff: 789, Sum: 853, Workers: 4
[7091.746s][debug][gc,phases      ] GC(205)   ObjectSynchronizer Weak        Min: 0.00, Avg: 0.00, Max: 0.00, Diff: 0.00, Sum: 0.00, Workers: 4
[7091.746s][debug][gc,phases      ] GC(205)     Dead                           Min: 0, Avg:  0.0, Max: 0, Diff: 0, Sum: 0, Workers: 4
[7091.746s][debug][gc,phases      ] GC(205)     Total                          Min: 0, Avg:  1.2, Max: 5, Diff: 5, Sum: 5, Workers: 4
[7091.746s][debug][gc,phases      ] GC(205)   JVMTI Tag Weak OopStorage      Min: 0.00, Avg: 0.00, Max: 0.00, Diff: 0.00, Sum: 0.00, Workers: 4
[7091.746s][debug][gc,phases      ] GC(205)     Dead                           Min: 0, Avg:  0.0, Max: 0, Diff: 0, Sum: 0, Workers: 4
[7091.746s][debug][gc,phases      ] GC(205)     Total                          Min: 0, Avg:  0.0, Max: 0, Diff: 0, Sum: 0, Workers: 4
[7091.746s][debug][gc,phases      ] GC(205)   StringTable Weak               Min: 0.12, Avg: 0.12, Max: 0.12, Diff: 0.00, Sum: 0.48, Workers: 4
[7091.746s][debug][gc,phases      ] GC(205)     Dead                           Min: 0, Avg:  0.0, Max: 0, Diff: 0, Sum: 0, Workers: 4
[7091.746s][debug][gc,phases      ] GC(205)     Total                          Min: 12288, Avg: 12574.8, Max: 12800, Diff: 512, Sum: 50299, Workers: 4
[7091.746s][debug][gc,phases      ] GC(205)   ResolvedMethodTable Weak       Min: 0.04, Avg: 0.04, Max: 0.04, Diff: 0.00, Sum: 0.16, Workers: 4
[7091.746s][debug][gc,phases      ] GC(205)     Dead                           Min: 0, Avg:  5.0, Max: 12, Diff: 12, Sum: 20, Workers: 4
[7091.746s][debug][gc,phases      ] GC(205)     Total                          Min: 4006, Avg: 4036.8, Max: 4071, Diff: 65, Sum: 16147, Workers: 4
[7091.746s][debug][gc,phases      ] GC(205)   JNI Weak                       Min: 0.00, Avg: 0.00, Max: 0.00, Diff: 0.00, Sum: 0.00, Workers: 4
[7091.746s][debug][gc,phases      ] GC(205)     Dead                           Min: 0, Avg:  0.0, Max: 0, Diff: 0, Sum: 0, Workers: 4
[7091.746s][debug][gc,phases      ] GC(205)     Total                          Min: 0, Avg: 13.0, Max: 52, Diff: 52, Sum: 52, Workers: 4
[7091.746s][debug][gc,phases      ] GC(205)   StringDedup Table Weak         Min: 0.00, Avg: 0.00, Max: 0.00, Diff: 0.00, Sum: 0.00, Workers: 4
[7091.746s][debug][gc,phases      ] GC(205)     Dead                           Min: 0, Avg:  0.0, Max: 0, Diff: 0, Sum: 0, Workers: 4
[7091.746s][debug][gc,phases      ] GC(205)     Total                          Min: 0, Avg:  0.0, Max: 0, Diff: 0, Sum: 0, Workers: 4
[7091.746s][debug][gc,phases      ] GC(205)   StringDedup Requests0 Weak     Min: 0.00, Avg: 0.00, Max: 0.00, Diff: 0.00, Sum: 0.00, Workers: 4
[7091.746s][debug][gc,phases      ] GC(205)     Dead                           Min: 0, Avg:  0.0, Max: 0, Diff: 0, Sum: 0, Workers: 4
[7091.746s][debug][gc,phases      ] GC(205)     Total                          Min: 0, Avg:  0.0, Max: 0, Diff: 0, Sum: 0, Workers: 4
[7091.746s][debug][gc,phases      ] GC(205)   StringDedup Requests1 Weak     Min: 0.00, Avg: 0.00, Max: 0.00, Diff: 0.00, Sum: 0.00, Workers: 4
[7091.746s][debug][gc,phases      ] GC(205)     Dead                           Min: 0, Avg:  0.0, Max: 0, Diff: 0, Sum: 0, Workers: 4
[7091.746s][debug][gc,phases      ] GC(205)     Total                          Min: 0, Avg:  0.0, Max: 0, Diff: 0, Sum: 0, Workers: 4
[7091.746s][debug][gc,phases      ] GC(205)   Weak JFR Old Object Samples    Min: 0.00, Avg: 0.00, Max: 0.00, Diff: 0.00, Sum: 0.00, Workers: 4
[7091.746s][debug][gc,phases      ] GC(205)     Dead                           Min: 0, Avg:  0.0, Max: 0, Diff: 0, Sum: 0, Workers: 4
[7091.746s][debug][gc,phases      ] GC(205)     Total                          Min: 0, Avg:  0.0, Max: 0, Diff: 0, Sum: 0, Workers: 4
[7091.746s][debug][gc,phases      ] GC(205) Weak Processing 0.364ms
[7091.746s][debug][gc,age         ] GC(205) Desired survivor size 4718592 bytes, new threshold 1 (max threshold 15)
[7091.746s][info ][gc,heap        ] GC(205) PSYoungGen: 2088640K(2091520K)->2336K(2092544K) Eden: 2086400K(2086400K)->0K(2087424K) From: 2240K(5120K)->2336K(5120K)
[7091.746s][info ][gc,heap        ] GC(205) ParOldGen: 634952K(837120K)->635040K(837120K)
[7091.746s][info ][gc,metaspace   ] GC(205) Metaspace: 110467K(111616K)->110467K(111616K) NonClass: 94586K(95232K)->94586K(95232K) Class: 15881K(16384K)->15881K(16384K)
[7091.746s][info ][gc             ] GC(205) Pause Young (Allocation Failure) 2659M->622M(2861M) 2.247ms
[7091.746s][info ][gc,cpu         ] GC(205) User=0.01s Sys=0.00s Real=0.00s
[7091.746s][info ][safepoint      ] Safepoint "ParallelCollectForAllocation", Time since last: 51741498443 ns, Reaching safepoint: 104800 ns, At safepoint: 2317100 ns, Leaving safepoint: 7800 ns, Total: 2429700 ns, Threads: 1 runnable, 34 total
[7143.499s][info ][gc,start       ] GC(206) Pause Young (Allocation Failure)
[7143.501s][debug][gc,phases      ] GC(206) Scavenge 1.776ms
[7143.501s][debug][gc,ref         ] GC(206) Skipped SoftWeakFinalRefsPhase of Reference Processing: no references
[7143.501s][debug][gc,ref         ] GC(206) Skipped KeepAliveFinalRefsPhase of Reference Processing: no references
[7143.501s][debug][gc,ref         ] GC(206) Skipped PhantomRefsPhase of Reference Processing: no references
[7143.501s][debug][gc,phases      ] GC(206) Reference Processing 0.021ms
[7143.501s][debug][gc,phases      ] GC(206)   VM Weak                        Min: 0.00, Avg: 0.00, Max: 0.00, Diff: 0.00, Sum: 0.01, Workers: 4
[7143.501s][debug][gc,phases      ] GC(206)     Dead                           Min: 0, Avg:  0.0, Max: 0, Diff: 0, Sum: 0, Workers: 4
[7143.501s][debug][gc,phases      ] GC(206)     Total                          Min: 0, Avg: 213.2, Max: 448, Diff: 448, Sum: 853, Workers: 4
[7143.501s][debug][gc,phases      ] GC(206)   ObjectSynchronizer Weak        Min: 0.00, Avg: 0.00, Max: 0.00, Diff: 0.00, Sum: 0.00, Workers: 4
[7143.501s][debug][gc,phases      ] GC(206)     Dead                           Min: 0, Avg:  0.0, Max: 0, Diff: 0, Sum: 0, Workers: 4
[7143.501s][debug][gc,phases      ] GC(206)     Total                          Min: 0, Avg:  1.2, Max: 5, Diff: 5, Sum: 5, Workers: 4
[7143.501s][debug][gc,phases      ] GC(206)   JVMTI Tag Weak OopStorage      Min: 0.00, Avg: 0.00, Max: 0.00, Diff: 0.00, Sum: 0.00, Workers: 4
[7143.501s][debug][gc,phases      ] GC(206)     Dead                           Min: 0, Avg:  0.0, Max: 0, Diff: 0, Sum: 0, Workers: 4
[7143.501s][debug][gc,phases      ] GC(206)     Total                          Min: 0, Avg:  0.0, Max: 0, Diff: 0, Sum: 0, Workers: 4
[7143.501s][debug][gc,phases      ] GC(206)   StringTable Weak               Min: 0.12, Avg: 0.12, Max: 0.12, Diff: 0.00, Sum: 0.48, Workers: 4
[7143.501s][debug][gc,phases      ] GC(206)     Dead                           Min: 0, Avg:  0.0, Max: 0, Diff: 0, Sum: 0, Workers: 4
[7143.501s][debug][gc,phases      ] GC(206)     Total                          Min: 12288, Avg: 12574.8, Max: 12731, Diff: 443, Sum: 50299, Workers: 4
[7143.501s][debug][gc,phases      ] GC(206)   ResolvedMethodTable Weak       Min: 0.04, Avg: 0.04, Max: 0.04, Diff: 0.00, Sum: 0.16, Workers: 4
[7143.501s][debug][gc,phases      ] GC(206)     Dead                           Min: 0, Avg:  5.0, Max: 10, Diff: 10, Sum: 20, Workers: 4
[7143.501s][debug][gc,phases      ] GC(206)     Total                          Min: 4016, Avg: 4036.8, Max: 4069, Diff: 53, Sum: 16147, Workers: 4
[7143.501s][debug][gc,phases      ] GC(206)   JNI Weak                       Min: 0.00, Avg: 0.00, Max: 0.00, Diff: 0.00, Sum: 0.00, Workers: 4
[7143.501s][debug][gc,phases      ] GC(206)     Dead                           Min: 0, Avg:  0.0, Max: 0, Diff: 0, Sum: 0, Workers: 4
[7143.501s][debug][gc,phases      ] GC(206)     Total                          Min: 0, Avg: 13.0, Max: 52, Diff: 52, Sum: 52, Workers: 4
[7143.501s][debug][gc,phases      ] GC(206)   StringDedup Table Weak         Min: 0.00, Avg: 0.00, Max: 0.00, Diff: 0.00, Sum: 0.00, Workers: 4
[7143.501s][debug][gc,phases      ] GC(206)     Dead                           Min: 0, Avg:  0.0, Max: 0, Diff: 0, Sum: 0, Workers: 4
[7143.501s][debug][gc,phases      ] GC(206)     Total                          Min: 0, Avg:  0.0, Max: 0, Diff: 0, Sum: 0, Workers: 4
[7143.501s][debug][gc,phases      ] GC(206)   StringDedup Requests0 Weak     Min: 0.00, Avg: 0.00, Max: 0.00, Diff: 0.00, Sum: 0.00, Workers: 4
[7143.501s][debug][gc,phases      ] GC(206)     Dead                           Min: 0, Avg:  0.0, Max: 0, Diff: 0, Sum: 0, Workers: 4
[7143.501s][debug][gc,phases      ] GC(206)     Total                          Min: 0, Avg:  0.0, Max: 0, Diff: 0, Sum: 0, Workers: 4
[7143.501s][debug][gc,phases      ] GC(206)   StringDedup Requests1 Weak     Min: 0.00, Avg: 0.00, Max: 0.00, Diff: 0.00, Sum: 0.00, Workers: 4
[7143.501s][debug][gc,phases      ] GC(206)     Dead                           Min: 0, Avg:  0.0, Max: 0, Diff: 0, Sum: 0, Workers: 4
[7143.501s][debug][gc,phases      ] GC(206)     Total                          Min: 0, Avg:  0.0, Max: 0, Diff: 0, Sum: 0, Workers: 4
[7143.501s][debug][gc,phases      ] GC(206)   Weak JFR Old Object Samples    Min: 0.00, Avg: 0.00, Max: 0.00, Diff: 0.00, Sum: 0.00, Workers: 4
[7143.501s][debug][gc,phases      ] GC(206)     Dead                           Min: 0, Avg:  0.0, Max: 0, Diff: 0, Sum: 0, Workers: 4
[7143.501s][debug][gc,phases      ] GC(206)     Total                          Min: 0, Avg:  0.0, Max: 0, Diff: 0, Sum: 0, Workers: 4
[7143.501s][debug][gc,phases      ] GC(206) Weak Processing 0.353ms
[7143.501s][debug][gc,age         ] GC(206) Desired survivor size 4718592 bytes, new threshold 1 (max threshold 15)
[7143.501s][info ][gc,heap        ] GC(206) PSYoungGen: 2089760K(2092544K)->800K(2092032K) Eden: 2087424K(2087424K)->0K(2087424K) From: 2336K(5120K)->800K(4608K)
[7143.501s][info ][gc,heap        ] GC(206) ParOldGen: 635040K(837120K)->636712K(837120K)
[7143.501s][info ][gc,metaspace   ] GC(206) Metaspace: 110467K(111616K)->110467K(111616K) NonClass: 94586K(95232K)->94586K(95232K) Class: 15881K(16384K)->15881K(16384K)
[7143.501s][info ][gc             ] GC(206) Pause Young (Allocation Failure) 2660M->622M(2860M) 2.261ms
[7143.501s][info ][gc,cpu         ] GC(206) User=0.01s Sys=0.00s Real=0.00s
[7143.501s][info ][safepoint      ] Safepoint "ParallelCollectForAllocation", Time since last: 51753254736 ns, Reaching safepoint: 35200 ns, At safepoint: 2326800 ns, Leaving safepoint: 1900 ns, Total: 2363900 ns, Threads: 0 runnable, 34 total
[7195.247s][info ][gc,start       ] GC(207) Pause Young (Allocation Failure)
[7195.248s][debug][gc,phases      ] GC(207) Scavenge 1.743ms
[7195.248s][debug][gc,ref         ] GC(207) ReferenceProcessor::execute queues: 1, RefProcThreadModel::Single, marks_oops_alive: false
[7195.248s][debug][gc,ref         ] GC(207) Skipped KeepAliveFinalRefsPhase of Reference Processing: no references
[7195.248s][debug][gc,ref         ] GC(207) Skipped PhantomRefsPhase of Reference Processing: no references
[7195.248s][debug][gc,phases      ] GC(207) Reference Processing 0.099ms
[7195.249s][debug][gc,phases      ] GC(207)   VM Weak                        Min: 0.00, Avg: 0.00, Max: 0.01, Diff: 0.01, Sum: 0.01, Workers: 4
[7195.249s][debug][gc,phases      ] GC(207)     Dead                           Min: 0, Avg:  0.0, Max: 0, Diff: 0, Sum: 0, Workers: 4
[7195.249s][debug][gc,phases      ] GC(207)     Total                          Min: 0, Avg: 213.2, Max: 661, Diff: 661, Sum: 853, Workers: 4
[7195.249s][debug][gc,phases      ] GC(207)   ObjectSynchronizer Weak        Min: 0.00, Avg: 0.00, Max: 0.00, Diff: 0.00, Sum: 0.00, Workers: 4
[7195.249s][debug][gc,phases      ] GC(207)     Dead                           Min: 0, Avg:  0.0, Max: 0, Diff: 0, Sum: 0, Workers: 4
[7195.249s][debug][gc,phases      ] GC(207)     Total                          Min: 0, Avg:  1.2, Max: 5, Diff: 5, Sum: 5, Workers: 4
[7195.249s][debug][gc,phases      ] GC(207)   JVMTI Tag Weak OopStorage      Min: 0.00, Avg: 0.00, Max: 0.00, Diff: 0.00, Sum: 0.00, Workers: 4
[7195.249s][debug][gc,phases      ] GC(207)     Dead                           Min: 0, Avg:  0.0, Max: 0, Diff: 0, Sum: 0, Workers: 4
[7195.249s][debug][gc,phases      ] GC(207)     Total                          Min: 0, Avg:  0.0, Max: 0, Diff: 0, Sum: 0, Workers: 4
[7195.249s][debug][gc,phases      ] GC(207)   StringTable Weak               Min: 0.00, Avg: 0.10, Max: 0.14, Diff: 0.14, Sum: 0.41, Workers: 4
[7195.249s][debug][gc,phases      ] GC(207)     Dead                           Min: 0, Avg:  0.0, Max: 0, Diff: 0, Sum: 0, Workers: 4
[7195.249s][debug][gc,phases      ] GC(207)     Total                          Min: 0, Avg: 12574.8, Max: 21120, Diff: 21120, Sum: 50299, Workers: 4
[7195.249s][debug][gc,phases      ] GC(207)   ResolvedMethodTable Weak       Min: 0.00, Avg: 0.03, Max: 0.05, Diff: 0.05, Sum: 0.14, Workers: 4
[7195.249s][debug][gc,phases      ] GC(207)     Dead                           Min: 0, Avg:  5.0, Max: 14, Diff: 14, Sum: 20, Workers: 4
[7195.249s][debug][gc,phases      ] GC(207)     Total                          Min: 0, Avg: 4036.8, Max: 6867, Diff: 6867, Sum: 16147, Workers: 4
[7195.249s][debug][gc,phases      ] GC(207)   JNI Weak                       Min: 0.00, Avg: 0.00, Max: 0.00, Diff: 0.00, Sum: 0.00, Workers: 4
[7195.249s][debug][gc,phases      ] GC(207)     Dead                           Min: 0, Avg:  0.0, Max: 0, Diff: 0, Sum: 0, Workers: 4
[7195.249s][debug][gc,phases      ] GC(207)     Total                          Min: 0, Avg: 13.0, Max: 52, Diff: 52, Sum: 52, Workers: 4
[7195.249s][debug][gc,phases      ] GC(207)   StringDedup Table Weak         Min: 0.00, Avg: 0.00, Max: 0.00, Diff: 0.00, Sum: 0.00, Workers: 4
[7195.249s][debug][gc,phases      ] GC(207)     Dead                           Min: 0, Avg:  0.0, Max: 0, Diff: 0, Sum: 0, Workers: 4
[7195.249s][debug][gc,phases      ] GC(207)     Total                          Min: 0, Avg:  0.0, Max: 0, Diff: 0, Sum: 0, Workers: 4
[7195.249s][debug][gc,phases      ] GC(207)   StringDedup Requests0 Weak     Min: 0.00, Avg: 0.00, Max: 0.00, Diff: 0.00, Sum: 0.00, Workers: 4
[7195.249s][debug][gc,phases      ] GC(207)     Dead                           Min: 0, Avg:  0.0, Max: 0, Diff: 0, Sum: 0, Workers: 4
[7195.249s][debug][gc,phases      ] GC(207)     Total                          Min: 0, Avg:  0.0, Max: 0, Diff: 0, Sum: 0, Workers: 4
[7195.249s][debug][gc,phases      ] GC(207)   StringDedup Requests1 Weak     Min: 0.00, Avg: 0.00, Max: 0.00, Diff: 0.00, Sum: 0.00, Workers: 4
[7195.249s][debug][gc,phases      ] GC(207)     Dead                           Min: 0, Avg:  0.0, Max: 0, Diff: 0, Sum: 0, Workers: 4
[7195.249s][debug][gc,phases      ] GC(207)     Total                          Min: 0, Avg:  0.0, Max: 0, Diff: 0, Sum: 0, Workers: 4
[7195.249s][debug][gc,phases      ] GC(207)   Weak JFR Old Object Samples    Min: 0.00, Avg: 0.00, Max: 0.00, Diff: 0.00, Sum: 0.00, Workers: 4
[7195.249s][debug][gc,phases      ] GC(207)     Dead                           Min: 0, Avg:  0.0, Max: 0, Diff: 0, Sum: 0, Workers: 4
[7195.249s][debug][gc,phases      ] GC(207)     Total                          Min: 0, Avg:  0.0, Max: 0, Diff: 0, Sum: 0, Workers: 4
[7195.249s][debug][gc,phases      ] GC(207) Weak Processing 0.364ms
[7195.249s][debug][gc,age         ] GC(207) Desired survivor size 4718592 bytes, new threshold 1 (max threshold 15)
[7195.249s][info ][gc,heap        ] GC(207) PSYoungGen: 2088224K(2092032K)->2304K(2092544K) Eden: 2087424K(2087424K)->0K(2087936K) From: 800K(4608K)->2304K(4608K)
[7195.249s][info ][gc,heap        ] GC(207) ParOldGen: 636712K(837120K)->636832K(837120K)
[7195.249s][info ][gc,metaspace   ] GC(207) Metaspace: 110469K(111616K)->110469K(111616K) NonClass: 94588K(95232K)->94588K(95232K) Class: 15881K(16384K)->15881K(16384K)
[7195.249s][info ][gc             ] GC(207) Pause Young (Allocation Failure) 2661M->624M(2861M) 2.318ms
[7195.249s][info ][gc,cpu         ] GC(207) User=0.00s Sys=0.00s Real=0.00s
[7195.249s][info ][safepoint      ] Safepoint "ParallelCollectForAllocation", Time since last: 51745017691 ns, Reaching safepoint: 34200 ns, At safepoint: 2380501 ns, Leaving safepoint: 2000 ns, Total: 2416701 ns, Threads: 0 runnable, 33 total
[7245.250s][info ][gc,start       ] GC(208) Pause Young (Allocation Failure)
[7245.252s][debug][gc,phases      ] GC(208) Scavenge 1.884ms
[7245.252s][debug][gc,ref         ] GC(208) Skipped SoftWeakFinalRefsPhase of Reference Processing: no references
[7245.252s][debug][gc,ref         ] GC(208) Skipped KeepAliveFinalRefsPhase of Reference Processing: no references
[7245.252s][debug][gc,ref         ] GC(208) Skipped PhantomRefsPhase of Reference Processing: no references
[7245.252s][debug][gc,phases      ] GC(208) Reference Processing 0.029ms
[7245.253s][debug][gc,phases      ] GC(208)   VM Weak                        Min: 0.00, Avg: 0.00, Max: 0.01, Diff: 0.01, Sum: 0.01, Workers: 4
[7245.253s][debug][gc,phases      ] GC(208)     Dead                           Min: 0, Avg:  0.0, Max: 0, Diff: 0, Sum: 0, Workers: 4
[7245.253s][debug][gc,phases      ] GC(208)     Total                          Min: 0, Avg: 213.2, Max: 853, Diff: 853, Sum: 853, Workers: 4
[7245.253s][debug][gc,phases      ] GC(208)   ObjectSynchronizer Weak        Min: 0.00, Avg: 0.00, Max: 0.00, Diff: 0.00, Sum: 0.00, Workers: 4
[7245.253s][debug][gc,phases      ] GC(208)     Dead                           Min: 0, Avg:  0.0, Max: 0, Diff: 0, Sum: 0, Workers: 4
[7245.253s][debug][gc,phases      ] GC(208)     Total                          Min: 0, Avg:  1.2, Max: 5, Diff: 5, Sum: 5, Workers: 4
[7245.253s][debug][gc,phases      ] GC(208)   JVMTI Tag Weak OopStorage      Min: 0.00, Avg: 0.00, Max: 0.00, Diff: 0.00, Sum: 0.00, Workers: 4
[7245.253s][debug][gc,phases      ] GC(208)     Dead                           Min: 0, Avg:  0.0, Max: 0, Diff: 0, Sum: 0, Workers: 4
[7245.253s][debug][gc,phases      ] GC(208)     Total                          Min: 0, Avg:  0.0, Max: 0, Diff: 0, Sum: 0, Workers: 4
[7245.253s][debug][gc,phases      ] GC(208)   StringTable Weak               Min: 0.11, Avg: 0.12, Max: 0.12, Diff: 0.01, Sum: 0.47, Workers: 4
[7245.253s][debug][gc,phases      ] GC(208)     Dead                           Min: 0, Avg:  0.0, Max: 0, Diff: 0, Sum: 0, Workers: 4
[7245.253s][debug][gc,phases      ] GC(208)     Total                          Min: 12219, Avg: 12574.8, Max: 12992, Diff: 773, Sum: 50299, Workers: 4
[7245.253s][debug][gc,phases      ] GC(208)   ResolvedMethodTable Weak       Min: 0.04, Avg: 0.04, Max: 0.04, Diff: 0.00, Sum: 0.16, Workers: 4
[7245.253s][debug][gc,phases      ] GC(208)     Dead                           Min: 1, Avg:  7.2, Max: 14, Diff: 13, Sum: 29, Workers: 4
[7245.253s][debug][gc,phases      ] GC(208)     Total                          Min: 3974, Avg: 4036.8, Max: 4130, Diff: 156, Sum: 16147, Workers: 4
[7245.253s][debug][gc,phases      ] GC(208)   JNI Weak                       Min: 0.00, Avg: 0.00, Max: 0.00, Diff: 0.00, Sum: 0.00, Workers: 4
[7245.253s][debug][gc,phases      ] GC(208)     Dead                           Min: 0, Avg:  0.0, Max: 0, Diff: 0, Sum: 0, Workers: 4
[7245.253s][debug][gc,phases      ] GC(208)     Total                          Min: 0, Avg: 13.0, Max: 52, Diff: 52, Sum: 52, Workers: 4
[7245.253s][debug][gc,phases      ] GC(208)   StringDedup Table Weak         Min: 0.00, Avg: 0.00, Max: 0.00, Diff: 0.00, Sum: 0.00, Workers: 4
[7245.253s][debug][gc,phases      ] GC(208)     Dead                           Min: 0, Avg:  0.0, Max: 0, Diff: 0, Sum: 0, Workers: 4
[7245.253s][debug][gc,phases      ] GC(208)     Total                          Min: 0, Avg:  0.0, Max: 0, Diff: 0, Sum: 0, Workers: 4
[7245.253s][debug][gc,phases      ] GC(208)   StringDedup Requests0 Weak     Min: 0.00, Avg: 0.00, Max: 0.00, Diff: 0.00, Sum: 0.00, Workers: 4
[7245.253s][debug][gc,phases      ] GC(208)     Dead                           Min: 0, Avg:  0.0, Max: 0, Diff: 0, Sum: 0, Workers: 4
[7245.253s][debug][gc,phases      ] GC(208)     Total                          Min: 0, Avg:  0.0, Max: 0, Diff: 0, Sum: 0, Workers: 4
[7245.253s][debug][gc,phases      ] GC(208)   StringDedup Requests1 Weak     Min: 0.00, Avg: 0.00, Max: 0.00, Diff: 0.00, Sum: 0.00, Workers: 4
[7245.253s][debug][gc,phases      ] GC(208)     Dead                           Min: 0, Avg:  0.0, Max: 0, Diff: 0, Sum: 0, Workers: 4
[7245.253s][debug][gc,phases      ] GC(208)     Total                          Min: 0, Avg:  0.0, Max: 0, Diff: 0, Sum: 0, Workers: 4
[7245.253s][debug][gc,phases      ] GC(208)   Weak JFR Old Object Samples    Min: 0.00, Avg: 0.00, Max: 0.00, Diff: 0.00, Sum: 0.00, Workers: 4
[7245.253s][debug][gc,phases      ] GC(208)     Dead                           Min: 0, Avg:  0.0, Max: 0, Diff: 0, Sum: 0, Workers: 4
[7245.253s][debug][gc,phases      ] GC(208)     Total                          Min: 0, Avg:  0.0, Max: 0, Diff: 0, Sum: 0, Workers: 4
[7245.253s][debug][gc,phases      ] GC(208) Weak Processing 0.361ms
[7245.253s][debug][gc,age         ] GC(208) Desired survivor size 4718592 bytes, new threshold 1 (max threshold 15)
[7245.253s][info ][gc,heap        ] GC(208) PSYoungGen: 2090240K(2092544K)->2816K(2092544K) Eden: 2087936K(2087936K)->0K(2087936K) From: 2304K(4608K)->2816K(4608K)
[7245.253s][info ][gc,heap        ] GC(208) ParOldGen: 636832K(837120K)->636924K(837120K)
[7245.253s][info ][gc,metaspace   ] GC(208) Metaspace: 110475K(111616K)->110475K(111616K) NonClass: 94594K(95232K)->94594K(95232K) Class: 15881K(16384K)->15881K(16384K)
[7245.253s][info ][gc             ] GC(208) Pause Young (Allocation Failure) 2663M->624M(2861M) 2.654ms
[7245.253s][info ][gc,cpu         ] GC(208) User=0.01s Sys=0.00s Real=0.00s
[7245.253s][info ][safepoint      ] Safepoint "ParallelCollectForAllocation", Time since last: 50001275814 ns, Reaching safepoint: 32500 ns, At safepoint: 2723099 ns, Leaving safepoint: 2200 ns, Total: 2757799 ns, Threads: 0 runnable, 37 total
[7295.998s][info ][gc,start       ] GC(209) Pause Young (Allocation Failure)
[7296.000s][debug][gc,phases      ] GC(209) Scavenge 2.189ms
[7296.000s][debug][gc,ref         ] GC(209) Skipped SoftWeakFinalRefsPhase of Reference Processing: no references
[7296.000s][debug][gc,ref         ] GC(209) Skipped KeepAliveFinalRefsPhase of Reference Processing: no references
[7296.000s][debug][gc,ref         ] GC(209) Skipped PhantomRefsPhase of Reference Processing: no references
[7296.000s][debug][gc,phases      ] GC(209) Reference Processing 0.022ms
[7296.001s][debug][gc,phases      ] GC(209)   VM Weak                        Min: 0.00, Avg: 0.00, Max: 0.01, Diff: 0.01, Sum: 0.01, Workers: 4
[7296.001s][debug][gc,phases      ] GC(209)     Dead                           Min: 0, Avg:  0.0, Max: 0, Diff: 0, Sum: 0, Workers: 4
[7296.001s][debug][gc,phases      ] GC(209)     Total                          Min: 0, Avg: 213.2, Max: 789, Diff: 789, Sum: 853, Workers: 4
[7296.001s][debug][gc,phases      ] GC(209)   ObjectSynchronizer Weak        Min: 0.00, Avg: 0.00, Max: 0.00, Diff: 0.00, Sum: 0.00, Workers: 4
[7296.001s][debug][gc,phases      ] GC(209)     Dead                           Min: 0, Avg:  0.0, Max: 0, Diff: 0, Sum: 0, Workers: 4
[7296.001s][debug][gc,phases      ] GC(209)     Total                          Min: 0, Avg:  1.2, Max: 5, Diff: 5, Sum: 5, Workers: 4
[7296.001s][debug][gc,phases      ] GC(209)   JVMTI Tag Weak OopStorage      Min: 0.00, Avg: 0.00, Max: 0.00, Diff: 0.00, Sum: 0.00, Workers: 4
[7296.001s][debug][gc,phases      ] GC(209)     Dead                           Min: 0, Avg:  0.0, Max: 0, Diff: 0, Sum: 0, Workers: 4
[7296.001s][debug][gc,phases      ] GC(209)     Total                          Min: 0, Avg:  0.0, Max: 0, Diff: 0, Sum: 0, Workers: 4
[7296.001s][debug][gc,phases      ] GC(209)   StringTable Weak               Min: 0.00, Avg: 0.10, Max: 0.14, Diff: 0.14, Sum: 0.41, Workers: 4
[7296.001s][debug][gc,phases      ] GC(209)     Dead                           Min: 0, Avg:  0.0, Max: 0, Diff: 0, Sum: 0, Workers: 4
[7296.001s][debug][gc,phases      ] GC(209)     Total                          Min: 0, Avg: 12574.8, Max: 21312, Diff: 21312, Sum: 50299, Workers: 4
[7296.001s][debug][gc,phases      ] GC(209)   ResolvedMethodTable Weak       Min: 0.00, Avg: 0.03, Max: 0.05, Diff: 0.05, Sum: 0.14, Workers: 4
[7296.001s][debug][gc,phases      ] GC(209)     Dead                           Min: 0, Avg:  5.0, Max: 11, Diff: 11, Sum: 20, Workers: 4
[7296.001s][debug][gc,phases      ] GC(209)     Total                          Min: 0, Avg: 4036.8, Max: 6832, Diff: 6832, Sum: 16147, Workers: 4
[7296.001s][debug][gc,phases      ] GC(209)   JNI Weak                       Min: 0.00, Avg: 0.00, Max: 0.00, Diff: 0.00, Sum: 0.00, Workers: 4
[7296.001s][debug][gc,phases      ] GC(209)     Dead                           Min: 0, Avg:  0.0, Max: 0, Diff: 0, Sum: 0, Workers: 4
[7296.001s][debug][gc,phases      ] GC(209)     Total                          Min: 0, Avg: 13.0, Max: 52, Diff: 52, Sum: 52, Workers: 4
[7296.001s][debug][gc,phases      ] GC(209)   StringDedup Table Weak         Min: 0.00, Avg: 0.00, Max: 0.00, Diff: 0.00, Sum: 0.00, Workers: 4
[7296.001s][debug][gc,phases      ] GC(209)     Dead                           Min: 0, Avg:  0.0, Max: 0, Diff: 0, Sum: 0, Workers: 4
[7296.001s][debug][gc,phases      ] GC(209)     Total                          Min: 0, Avg:  0.0, Max: 0, Diff: 0, Sum: 0, Workers: 4
[7296.001s][debug][gc,phases      ] GC(209)   StringDedup Requests0 Weak     Min: 0.00, Avg: 0.00, Max: 0.00, Diff: 0.00, Sum: 0.00, Workers: 4
[7296.001s][debug][gc,phases      ] GC(209)     Dead                           Min: 0, Avg:  0.0, Max: 0, Diff: 0, Sum: 0, Workers: 4
[7296.001s][debug][gc,phases      ] GC(209)     Total                          Min: 0, Avg:  0.0, Max: 0, Diff: 0, Sum: 0, Workers: 4
[7296.001s][debug][gc,phases      ] GC(209)   StringDedup Requests1 Weak     Min: 0.00, Avg: 0.00, Max: 0.00, Diff: 0.00, Sum: 0.00, Workers: 4
[7296.001s][debug][gc,phases      ] GC(209)     Dead                           Min: 0, Avg:  0.0, Max: 0, Diff: 0, Sum: 0, Workers: 4
[7296.001s][debug][gc,phases      ] GC(209)     Total                          Min: 0, Avg:  0.0, Max: 0, Diff: 0, Sum: 0, Workers: 4
[7296.001s][debug][gc,phases      ] GC(209)   Weak JFR Old Object Samples    Min: 0.00, Avg: 0.00, Max: 0.00, Diff: 0.00, Sum: 0.00, Workers: 4
[7296.001s][debug][gc,phases      ] GC(209)     Dead                           Min: 0, Avg:  0.0, Max: 0, Diff: 0, Sum: 0, Workers: 4
[7296.001s][debug][gc,phases      ] GC(209)     Total                          Min: 0, Avg:  0.0, Max: 0, Diff: 0, Sum: 0, Workers: 4
[7296.001s][debug][gc,phases      ] GC(209) Weak Processing 0.381ms
[7296.001s][debug][gc,age         ] GC(209) Desired survivor size 4718592 bytes, new threshold 1 (max threshold 15)
[7296.001s][info ][gc,heap        ] GC(209) PSYoungGen: 2090752K(2092544K)->2480K(2092544K) Eden: 2087936K(2087936K)->0K(2087936K) From: 2816K(4608K)->2480K(4608K)
[7296.001s][info ][gc,heap        ] GC(209) ParOldGen: 636924K(837120K)->637109K(837120K)
[7296.001s][info ][gc,metaspace   ] GC(209) Metaspace: 110477K(111616K)->110477K(111616K) NonClass: 94596K(95232K)->94596K(95232K) Class: 15881K(16384K)->15881K(16384K)
[7296.001s][info ][gc             ] GC(209) Pause Young (Allocation Failure) 2663M->624M(2861M) 2.763ms
[7296.001s][info ][gc,cpu         ] GC(209) User=0.01s Sys=0.00s Real=0.01s
[7296.001s][info ][safepoint      ] Safepoint "ParallelCollectForAllocation", Time since last: 50744992032 ns, Reaching safepoint: 7300 ns, At safepoint: 2834299 ns, Leaving safepoint: 3200 ns, Total: 2844799 ns, Threads: 0 runnable, 34 total
[7346.944s][info ][gc,start       ] GC(210) Pause Young (Allocation Failure)
[7346.946s][debug][gc,phases      ] GC(210) Scavenge 2.049ms
[7346.946s][debug][gc,ref         ] GC(210) Skipped SoftWeakFinalRefsPhase of Reference Processing: no references
[7346.946s][debug][gc,ref         ] GC(210) Skipped KeepAliveFinalRefsPhase of Reference Processing: no references
[7346.946s][debug][gc,ref         ] GC(210) Skipped PhantomRefsPhase of Reference Processing: no references
[7346.946s][debug][gc,phases      ] GC(210) Reference Processing 0.020ms
[7346.946s][debug][gc,phases      ] GC(210)   VM Weak                        Min: 0.00, Avg: 0.00, Max: 0.01, Diff: 0.01, Sum: 0.01, Workers: 4
[7346.946s][debug][gc,phases      ] GC(210)     Dead                           Min: 0, Avg:  0.0, Max: 0, Diff: 0, Sum: 0, Workers: 4
[7346.946s][debug][gc,phases      ] GC(210)     Total                          Min: 0, Avg: 213.2, Max: 789, Diff: 789, Sum: 853, Workers: 4
[7346.946s][debug][gc,phases      ] GC(210)   ObjectSynchronizer Weak        Min: 0.00, Avg: 0.00, Max: 0.00, Diff: 0.00, Sum: 0.00, Workers: 4
[7346.946s][debug][gc,phases      ] GC(210)     Dead                           Min: 0, Avg:  0.0, Max: 0, Diff: 0, Sum: 0, Workers: 4
[7346.946s][debug][gc,phases      ] GC(210)     Total                          Min: 0, Avg:  1.2, Max: 5, Diff: 5, Sum: 5, Workers: 4
[7346.946s][debug][gc,phases      ] GC(210)   JVMTI Tag Weak OopStorage      Min: 0.00, Avg: 0.00, Max: 0.00, Diff: 0.00, Sum: 0.00, Workers: 4
[7346.946s][debug][gc,phases      ] GC(210)     Dead                           Min: 0, Avg:  0.0, Max: 0, Diff: 0, Sum: 0, Workers: 4
[7346.946s][debug][gc,phases      ] GC(210)     Total                          Min: 0, Avg:  0.0, Max: 0, Diff: 0, Sum: 0, Workers: 4
[7346.946s][debug][gc,phases      ] GC(210)   StringTable Weak               Min: 0.00, Avg: 0.12, Max: 0.16, Diff: 0.16, Sum: 0.48, Workers: 4
[7346.946s][debug][gc,phases      ] GC(210)     Dead                           Min: 0, Avg:  0.0, Max: 0, Diff: 0, Sum: 0, Workers: 4
[7346.946s][debug][gc,phases      ] GC(210)     Total                          Min: 0, Avg: 12574.8, Max: 20347, Diff: 20347, Sum: 50299, Workers: 4
[7346.946s][debug][gc,phases      ] GC(210)   ResolvedMethodTable Weak       Min: 0.00, Avg: 0.04, Max: 0.05, Diff: 0.05, Sum: 0.15, Workers: 4
[7346.946s][debug][gc,phases      ] GC(210)     Dead                           Min: 0, Avg:  5.0, Max: 15, Diff: 15, Sum: 20, Workers: 4
[7346.946s][debug][gc,phases      ] GC(210)     Total                          Min: 0, Avg: 4036.8, Max: 6759, Diff: 6759, Sum: 16147, Workers: 4
[7346.946s][debug][gc,phases      ] GC(210)   JNI Weak                       Min: 0.00, Avg: 0.00, Max: 0.00, Diff: 0.00, Sum: 0.00, Workers: 4
[7346.946s][debug][gc,phases      ] GC(210)     Dead                           Min: 0, Avg:  0.0, Max: 0, Diff: 0, Sum: 0, Workers: 4
[7346.946s][debug][gc,phases      ] GC(210)     Total                          Min: 0, Avg: 13.0, Max: 52, Diff: 52, Sum: 52, Workers: 4
[7346.946s][debug][gc,phases      ] GC(210)   StringDedup Table Weak         Min: 0.00, Avg: 0.00, Max: 0.00, Diff: 0.00, Sum: 0.00, Workers: 4
[7346.946s][debug][gc,phases      ] GC(210)     Dead                           Min: 0, Avg:  0.0, Max: 0, Diff: 0, Sum: 0, Workers: 4
[7346.946s][debug][gc,phases      ] GC(210)     Total                          Min: 0, Avg:  0.0, Max: 0, Diff: 0, Sum: 0, Workers: 4
[7346.946s][debug][gc,phases      ] GC(210)   StringDedup Requests0 Weak     Min: 0.00, Avg: 0.00, Max: 0.00, Diff: 0.00, Sum: 0.00, Workers: 4
[7346.946s][debug][gc,phases      ] GC(210)     Dead                           Min: 0, Avg:  0.0, Max: 0, Diff: 0, Sum: 0, Workers: 4
[7346.946s][debug][gc,phases      ] GC(210)     Total                          Min: 0, Avg:  0.0, Max: 0, Diff: 0, Sum: 0, Workers: 4
[7346.946s][debug][gc,phases      ] GC(210)   StringDedup Requests1 Weak     Min: 0.00, Avg: 0.00, Max: 0.00, Diff: 0.00, Sum: 0.00, Workers: 4
[7346.946s][debug][gc,phases      ] GC(210)     Dead                           Min: 0, Avg:  0.0, Max: 0, Diff: 0, Sum: 0, Workers: 4
[7346.946s][debug][gc,phases      ] GC(210)     Total                          Min: 0, Avg:  0.0, Max: 0, Diff: 0, Sum: 0, Workers: 4
[7346.946s][debug][gc,phases      ] GC(210)   Weak JFR Old Object Samples    Min: 0.00, Avg: 0.00, Max: 0.00, Diff: 0.00, Sum: 0.00, Workers: 4
[7346.946s][debug][gc,phases      ] GC(210)     Dead                           Min: 0, Avg:  0.0, Max: 0, Diff: 0, Sum: 0, Workers: 4
[7346.946s][debug][gc,phases      ] GC(210)     Total                          Min: 0, Avg:  0.0, Max: 0, Diff: 0, Sum: 0, Workers: 4
[7346.946s][debug][gc,phases      ] GC(210) Weak Processing 0.429ms
[7346.946s][debug][gc,age         ] GC(210) Desired survivor size 4194304 bytes, new threshold 1 (max threshold 15)
[7346.946s][info ][gc,heap        ] GC(210) PSYoungGen: 2090416K(2092544K)->2272K(2092544K) Eden: 2087936K(2087936K)->0K(2087936K) From: 2480K(4608K)->2272K(4608K)
[7346.946s][info ][gc,heap        ] GC(210) ParOldGen: 637109K(837120K)->637221K(837120K)
[7346.946s][info ][gc,metaspace   ] GC(210) Metaspace: 110478K(111616K)->110478K(111616K) NonClass: 94597K(95232K)->94597K(95232K) Class: 15881K(16384K)->15881K(16384K)
[7346.946s][info ][gc             ] GC(210) Pause Young (Allocation Failure) 2663M->624M(2861M) 2.628ms
[7346.946s][info ][gc,cpu         ] GC(210) User=0.00s Sys=0.00s Real=0.00s
[7346.946s][info ][safepoint      ] Safepoint "ParallelCollectForAllocation", Time since last: 50942824961 ns, Reaching safepoint: 79800 ns, At safepoint: 2696398 ns, Leaving safepoint: 6700 ns, Total: 2782898 ns, Threads: 1 runnable, 33 total
[7399.744s][info ][gc,start       ] GC(211) Pause Young (Allocation Failure)
[7399.746s][debug][gc,phases      ] GC(211) Scavenge 2.010ms
[7399.746s][debug][gc,ref         ] GC(211) Skipped SoftWeakFinalRefsPhase of Reference Processing: no references
[7399.746s][debug][gc,ref         ] GC(211) Skipped KeepAliveFinalRefsPhase of Reference Processing: no references
[7399.746s][debug][gc,ref         ] GC(211) Skipped PhantomRefsPhase of Reference Processing: no references
[7399.746s][debug][gc,phases      ] GC(211) Reference Processing 0.021ms
[7399.746s][debug][gc,phases      ] GC(211)   VM Weak                        Min: 0.00, Avg: 0.00, Max: 0.00, Diff: 0.00, Sum: 0.01, Workers: 4
[7399.746s][debug][gc,phases      ] GC(211)     Dead                           Min: 0, Avg:  0.0, Max: 0, Diff: 0, Sum: 0, Workers: 4
[7399.746s][debug][gc,phases      ] GC(211)     Total                          Min: 0, Avg: 213.2, Max: 469, Diff: 469, Sum: 853, Workers: 4
[7399.746s][debug][gc,phases      ] GC(211)   ObjectSynchronizer Weak        Min: 0.00, Avg: 0.00, Max: 0.00, Diff: 0.00, Sum: 0.00, Workers: 4
[7399.746s][debug][gc,phases      ] GC(211)     Dead                           Min: 0, Avg:  0.0, Max: 0, Diff: 0, Sum: 0, Workers: 4
[7399.746s][debug][gc,phases      ] GC(211)     Total                          Min: 0, Avg:  1.2, Max: 5, Diff: 5, Sum: 5, Workers: 4
[7399.746s][debug][gc,phases      ] GC(211)   JVMTI Tag Weak OopStorage      Min: 0.00, Avg: 0.00, Max: 0.00, Diff: 0.00, Sum: 0.00, Workers: 4
[7399.746s][debug][gc,phases      ] GC(211)     Dead                           Min: 0, Avg:  0.0, Max: 0, Diff: 0, Sum: 0, Workers: 4
[7399.746s][debug][gc,phases      ] GC(211)     Total                          Min: 0, Avg:  0.0, Max: 0, Diff: 0, Sum: 0, Workers: 4
[7399.746s][debug][gc,phases      ] GC(211)   StringTable Weak               Min: 0.06, Avg: 0.12, Max: 0.14, Diff: 0.09, Sum: 0.49, Workers: 4
[7399.746s][debug][gc,phases      ] GC(211)     Dead                           Min: 0, Avg:  0.0, Max: 0, Diff: 0, Sum: 0, Workers: 4
[7399.746s][debug][gc,phases      ] GC(211)     Total                          Min: 5824, Avg: 12574.8, Max: 16576, Diff: 10752, Sum: 50299, Workers: 4
[7399.746s][debug][gc,phases      ] GC(211)   ResolvedMethodTable Weak       Min: 0.04, Avg: 0.04, Max: 0.04, Diff: 0.00, Sum: 0.16, Workers: 4
[7399.746s][debug][gc,phases      ] GC(211)     Dead                           Min: 0, Avg:  5.0, Max: 10, Diff: 10, Sum: 20, Workers: 4
[7399.746s][debug][gc,phases      ] GC(211)     Total                          Min: 3912, Avg: 4036.8, Max: 4156, Diff: 244, Sum: 16147, Workers: 4
[7399.746s][debug][gc,phases      ] GC(211)   JNI Weak                       Min: 0.00, Avg: 0.00, Max: 0.00, Diff: 0.00, Sum: 0.00, Workers: 4
[7399.746s][debug][gc,phases      ] GC(211)     Dead                           Min: 0, Avg:  0.0, Max: 0, Diff: 0, Sum: 0, Workers: 4
[7399.746s][debug][gc,phases      ] GC(211)     Total                          Min: 0, Avg: 13.0, Max: 52, Diff: 52, Sum: 52, Workers: 4
[7399.746s][debug][gc,phases      ] GC(211)   StringDedup Table Weak         Min: 0.00, Avg: 0.00, Max: 0.00, Diff: 0.00, Sum: 0.00, Workers: 4
[7399.746s][debug][gc,phases      ] GC(211)     Dead                           Min: 0, Avg:  0.0, Max: 0, Diff: 0, Sum: 0, Workers: 4
[7399.746s][debug][gc,phases      ] GC(211)     Total                          Min: 0, Avg:  0.0, Max: 0, Diff: 0, Sum: 0, Workers: 4
[7399.746s][debug][gc,phases      ] GC(211)   StringDedup Requests0 Weak     Min: 0.00, Avg: 0.00, Max: 0.00, Diff: 0.00, Sum: 0.00, Workers: 4
[7399.746s][debug][gc,phases      ] GC(211)     Dead                           Min: 0, Avg:  0.0, Max: 0, Diff: 0, Sum: 0, Workers: 4
[7399.746s][debug][gc,phases      ] GC(211)     Total                          Min: 0, Avg:  0.0, Max: 0, Diff: 0, Sum: 0, Workers: 4
[7399.746s][debug][gc,phases      ] GC(211)   StringDedup Requests1 Weak     Min: 0.00, Avg: 0.00, Max: 0.00, Diff: 0.00, Sum: 0.00, Workers: 4
[7399.746s][debug][gc,phases      ] GC(211)     Dead                           Min: 0, Avg:  0.0, Max: 0, Diff: 0, Sum: 0, Workers: 4
[7399.746s][debug][gc,phases      ] GC(211)     Total                          Min: 0, Avg:  0.0, Max: 0, Diff: 0, Sum: 0, Workers: 4
[7399.746s][debug][gc,phases      ] GC(211)   Weak JFR Old Object Samples    Min: 0.00, Avg: 0.00, Max: 0.00, Diff: 0.00, Sum: 0.00, Workers: 4
[7399.746s][debug][gc,phases      ] GC(211)     Dead                           Min: 0, Avg:  0.0, Max: 0, Diff: 0, Sum: 0, Workers: 4
[7399.746s][debug][gc,phases      ] GC(211)     Total                          Min: 0, Avg:  0.0, Max: 0, Diff: 0, Sum: 0, Workers: 4
[7399.746s][debug][gc,phases      ] GC(211) Weak Processing 0.383ms
[7399.746s][debug][gc,age         ] GC(211) Desired survivor size 4194304 bytes, new threshold 1 (max threshold 15)
[7399.746s][info ][gc,heap        ] GC(211) PSYoungGen: 2090208K(2092544K)->2352K(2093056K) Eden: 2087936K(2087936K)->0K(2088960K) From: 2272K(4608K)->2352K(4096K)
[7399.746s][info ][gc,heap        ] GC(211) ParOldGen: 637221K(837120K)->637309K(837120K)
[7399.746s][info ][gc,metaspace   ] GC(211) Metaspace: 110479K(111616K)->110479K(111616K) NonClass: 94598K(95232K)->94598K(95232K) Class: 15881K(16384K)->15881K(16384K)
[7399.746s][info ][gc             ] GC(211) Pause Young (Allocation Failure) 2663M->624M(2861M) 2.541ms
[7399.746s][info ][gc,cpu         ] GC(211) User=0.00s Sys=0.00s Real=0.00s
[7399.746s][info ][safepoint      ] Safepoint "ParallelCollectForAllocation", Time since last: 52797252491 ns, Reaching safepoint: 115000 ns, At safepoint: 2608596 ns, Leaving safepoint: 4700 ns, Total: 2728296 ns, Threads: 1 runnable, 33 total
[7452.093s][info ][gc,start       ] GC(212) Pause Young (Allocation Failure)
[7452.095s][debug][gc,phases      ] GC(212) Scavenge 2.232ms
[7452.095s][debug][gc,ref         ] GC(212) ReferenceProcessor::execute queues: 1, RefProcThreadModel::Single, marks_oops_alive: false
[7452.095s][debug][gc,ref         ] GC(212) Skipped KeepAliveFinalRefsPhase of Reference Processing: no references
[7452.095s][debug][gc,ref         ] GC(212) Skipped PhantomRefsPhase of Reference Processing: no references
[7452.095s][debug][gc,phases      ] GC(212) Reference Processing 0.101ms
[7452.096s][debug][gc,phases      ] GC(212)   VM Weak                        Min: 0.00, Avg: 0.00, Max: 0.01, Diff: 0.00, Sum: 0.01, Workers: 4
[7452.096s][debug][gc,phases      ] GC(212)     Dead                           Min: 0, Avg:  0.0, Max: 0, Diff: 0, Sum: 0, Workers: 4
[7452.096s][debug][gc,phases      ] GC(212)     Total                          Min: 21, Avg: 213.2, Max: 448, Diff: 427, Sum: 853, Workers: 4
[7452.096s][debug][gc,phases      ] GC(212)   ObjectSynchronizer Weak        Min: 0.00, Avg: 0.00, Max: 0.00, Diff: 0.00, Sum: 0.00, Workers: 4
[7452.096s][debug][gc,phases      ] GC(212)     Dead                           Min: 0, Avg:  0.0, Max: 0, Diff: 0, Sum: 0, Workers: 4
[7452.096s][debug][gc,phases      ] GC(212)     Total                          Min: 0, Avg:  1.2, Max: 5, Diff: 5, Sum: 5, Workers: 4
[7452.096s][debug][gc,phases      ] GC(212)   JVMTI Tag Weak OopStorage      Min: 0.00, Avg: 0.00, Max: 0.00, Diff: 0.00, Sum: 0.00, Workers: 4
[7452.096s][debug][gc,phases      ] GC(212)     Dead                           Min: 0, Avg:  0.0, Max: 0, Diff: 0, Sum: 0, Workers: 4
[7452.096s][debug][gc,phases      ] GC(212)     Total                          Min: 0, Avg:  0.0, Max: 0, Diff: 0, Sum: 0, Workers: 4
[7452.096s][debug][gc,phases      ] GC(212)   StringTable Weak               Min: 0.12, Avg: 0.12, Max: 0.12, Diff: 0.00, Sum: 0.48, Workers: 4
[7452.096s][debug][gc,phases      ] GC(212)     Dead                           Min: 0, Avg:  0.0, Max: 0, Diff: 0, Sum: 0, Workers: 4
[7452.096s][debug][gc,phases      ] GC(212)     Total                          Min: 12288, Avg: 12578.0, Max: 12744, Diff: 456, Sum: 50312, Workers: 4
[7452.096s][debug][gc,phases      ] GC(212)   ResolvedMethodTable Weak       Min: 0.04, Avg: 0.04, Max: 0.04, Diff: 0.00, Sum: 0.16, Workers: 4
[7452.096s][debug][gc,phases      ] GC(212)     Dead                           Min: 0, Avg:  5.0, Max: 13, Diff: 13, Sum: 20, Workers: 4
[7452.096s][debug][gc,phases      ] GC(212)     Total                          Min: 3986, Avg: 4037.0, Max: 4074, Diff: 88, Sum: 16148, Workers: 4
[7452.096s][debug][gc,phases      ] GC(212)   JNI Weak                       Min: 0.00, Avg: 0.00, Max: 0.00, Diff: 0.00, Sum: 0.00, Workers: 4
[7452.096s][debug][gc,phases      ] GC(212)     Dead                           Min: 0, Avg:  0.0, Max: 0, Diff: 0, Sum: 0, Workers: 4
[7452.096s][debug][gc,phases      ] GC(212)     Total                          Min: 0, Avg: 13.0, Max: 52, Diff: 52, Sum: 52, Workers: 4
[7452.096s][debug][gc,phases      ] GC(212)   StringDedup Table Weak         Min: 0.00, Avg: 0.00, Max: 0.00, Diff: 0.00, Sum: 0.00, Workers: 4
[7452.096s][debug][gc,phases      ] GC(212)     Dead                           Min: 0, Avg:  0.0, Max: 0, Diff: 0, Sum: 0, Workers: 4
[7452.096s][debug][gc,phases      ] GC(212)     Total                          Min: 0, Avg:  0.0, Max: 0, Diff: 0, Sum: 0, Workers: 4
[7452.096s][debug][gc,phases      ] GC(212)   StringDedup Requests0 Weak     Min: 0.00, Avg: 0.00, Max: 0.00, Diff: 0.00, Sum: 0.00, Workers: 4
[7452.096s][debug][gc,phases      ] GC(212)     Dead                           Min: 0, Avg:  0.0, Max: 0, Diff: 0, Sum: 0, Workers: 4
[7452.096s][debug][gc,phases      ] GC(212)     Total                          Min: 0, Avg:  0.0, Max: 0, Diff: 0, Sum: 0, Workers: 4
[7452.096s][debug][gc,phases      ] GC(212)   StringDedup Requests1 Weak     Min: 0.00, Avg: 0.00, Max: 0.00, Diff: 0.00, Sum: 0.00, Workers: 4
[7452.096s][debug][gc,phases      ] GC(212)     Dead                           Min: 0, Avg:  0.0, Max: 0, Diff: 0, Sum: 0, Workers: 4
[7452.096s][debug][gc,phases      ] GC(212)     Total                          Min: 0, Avg:  0.0, Max: 0, Diff: 0, Sum: 0, Workers: 4
[7452.096s][debug][gc,phases      ] GC(212)   Weak JFR Old Object Samples    Min: 0.00, Avg: 0.00, Max: 0.00, Diff: 0.00, Sum: 0.00, Workers: 4
[7452.096s][debug][gc,phases      ] GC(212)     Dead                           Min: 0, Avg:  0.0, Max: 0, Diff: 0, Sum: 0, Workers: 4
[7452.096s][debug][gc,phases      ] GC(212)     Total                          Min: 0, Avg:  0.0, Max: 0, Diff: 0, Sum: 0, Workers: 4
[7452.096s][debug][gc,phases      ] GC(212) Weak Processing 0.344ms
[7452.096s][debug][gc,age         ] GC(212) Desired survivor size 4194304 bytes, new threshold 1 (max threshold 15)
[7452.096s][info ][gc,heap        ] GC(212) PSYoungGen: 2091312K(2093056K)->2464K(2093056K) Eden: 2088960K(2088960K)->0K(2088960K) From: 2352K(4096K)->2464K(4096K)
[7452.096s][info ][gc,heap        ] GC(212) ParOldGen: 637309K(837120K)->637365K(837120K)
[7452.096s][info ][gc,metaspace   ] GC(212) Metaspace: 110486K(111616K)->110486K(111616K) NonClass: 94605K(95232K)->94605K(95232K) Class: 15881K(16384K)->15881K(16384K)
[7452.096s][info ][gc             ] GC(212) Pause Young (Allocation Failure) 2664M->624M(2861M) 2.788ms
[7452.096s][info ][gc,cpu         ] GC(212) User=0.01s Sys=0.00s Real=0.00s
[7452.096s][info ][safepoint      ] Safepoint "ParallelCollectForAllocation", Time since last: 52346488956 ns, Reaching safepoint: 97000 ns, At safepoint: 2867997 ns, Leaving safepoint: 7300 ns, Total: 2972297 ns, Threads: 1 runnable, 33 total
[7503.842s][info ][gc,start       ] GC(213) Pause Young (Allocation Failure)
[7503.844s][debug][gc,phases      ] GC(213) Scavenge 1.882ms
[7503.844s][debug][gc,ref         ] GC(213) ReferenceProcessor::execute queues: 1, RefProcThreadModel::Single, marks_oops_alive: false
[7503.844s][debug][gc,ref         ] GC(213) Skipped KeepAliveFinalRefsPhase of Reference Processing: no references
[7503.844s][debug][gc,ref         ] GC(213) Skipped PhantomRefsPhase of Reference Processing: no references
[7503.844s][debug][gc,phases      ] GC(213) Reference Processing 0.104ms
[7503.844s][debug][gc,phases      ] GC(213)   VM Weak                        Min: 0.00, Avg: 0.00, Max: 0.01, Diff: 0.00, Sum: 0.01, Workers: 4
[7503.844s][debug][gc,phases      ] GC(213)     Dead                           Min: 0, Avg:  0.0, Max: 0, Diff: 0, Sum: 0, Workers: 4
[7503.844s][debug][gc,phases      ] GC(213)     Total                          Min: 64, Avg: 213.2, Max: 576, Diff: 512, Sum: 853, Workers: 4
[7503.844s][debug][gc,phases      ] GC(213)   ObjectSynchronizer Weak        Min: 0.00, Avg: 0.00, Max: 0.00, Diff: 0.00, Sum: 0.00, Workers: 4
[7503.844s][debug][gc,phases      ] GC(213)     Dead                           Min: 0, Avg:  0.0, Max: 0, Diff: 0, Sum: 0, Workers: 4
[7503.844s][debug][gc,phases      ] GC(213)     Total                          Min: 0, Avg:  1.2, Max: 5, Diff: 5, Sum: 5, Workers: 4
[7503.844s][debug][gc,phases      ] GC(213)   JVMTI Tag Weak OopStorage      Min: 0.00, Avg: 0.00, Max: 0.00, Diff: 0.00, Sum: 0.00, Workers: 4
[7503.844s][debug][gc,phases      ] GC(213)     Dead                           Min: 0, Avg:  0.0, Max: 0, Diff: 0, Sum: 0, Workers: 4
[7503.844s][debug][gc,phases      ] GC(213)     Total                          Min: 0, Avg:  0.0, Max: 0, Diff: 0, Sum: 0, Workers: 4
[7503.844s][debug][gc,phases      ] GC(213)   StringTable Weak               Min: 0.14, Avg: 0.14, Max: 0.14, Diff: 0.00, Sum: 0.57, Workers: 4
[7503.844s][debug][gc,phases      ] GC(213)     Dead                           Min: 0, Avg:  0.0, Max: 0, Diff: 0, Sum: 0, Workers: 4
[7503.844s][debug][gc,phases      ] GC(213)     Total                          Min: 8320, Avg: 12578.0, Max: 14216, Diff: 5896, Sum: 50312, Workers: 4
[7503.844s][debug][gc,phases      ] GC(213)   ResolvedMethodTable Weak       Min: 0.04, Avg: 0.04, Max: 0.04, Diff: 0.00, Sum: 0.15, Workers: 4
[7503.844s][debug][gc,phases      ] GC(213)     Dead                           Min: 0, Avg:  5.0, Max: 15, Diff: 15, Sum: 20, Workers: 4
[7503.844s][debug][gc,phases      ] GC(213)     Total                          Min: 3910, Avg: 4037.0, Max: 4133, Diff: 223, Sum: 16148, Workers: 4
[7503.844s][debug][gc,phases      ] GC(213)   JNI Weak                       Min: 0.00, Avg: 0.00, Max: 0.00, Diff: 0.00, Sum: 0.00, Workers: 4
[7503.844s][debug][gc,phases      ] GC(213)     Dead                           Min: 0, Avg:  0.0, Max: 0, Diff: 0, Sum: 0, Workers: 4
[7503.844s][debug][gc,phases      ] GC(213)     Total                          Min: 0, Avg: 13.0, Max: 52, Diff: 52, Sum: 52, Workers: 4
[7503.844s][debug][gc,phases      ] GC(213)   StringDedup Table Weak         Min: 0.00, Avg: 0.00, Max: 0.00, Diff: 0.00, Sum: 0.00, Workers: 4
[7503.844s][debug][gc,phases      ] GC(213)     Dead                           Min: 0, Avg:  0.0, Max: 0, Diff: 0, Sum: 0, Workers: 4
[7503.844s][debug][gc,phases      ] GC(213)     Total                          Min: 0, Avg:  0.0, Max: 0, Diff: 0, Sum: 0, Workers: 4
[7503.844s][debug][gc,phases      ] GC(213)   StringDedup Requests0 Weak     Min: 0.00, Avg: 0.00, Max: 0.00, Diff: 0.00, Sum: 0.00, Workers: 4
[7503.844s][debug][gc,phases      ] GC(213)     Dead                           Min: 0, Avg:  0.0, Max: 0, Diff: 0, Sum: 0, Workers: 4
[7503.844s][debug][gc,phases      ] GC(213)     Total                          Min: 0, Avg:  0.0, Max: 0, Diff: 0, Sum: 0, Workers: 4
[7503.844s][debug][gc,phases      ] GC(213)   StringDedup Requests1 Weak     Min: 0.00, Avg: 0.00, Max: 0.00, Diff: 0.00, Sum: 0.00, Workers: 4
[7503.844s][debug][gc,phases      ] GC(213)     Dead                           Min: 0, Avg:  0.0, Max: 0, Diff: 0, Sum: 0, Workers: 4
[7503.844s][debug][gc,phases      ] GC(213)     Total                          Min: 0, Avg:  0.0, Max: 0, Diff: 0, Sum: 0, Workers: 4
[7503.844s][debug][gc,phases      ] GC(213)   Weak JFR Old Object Samples    Min: 0.00, Avg: 0.00, Max: 0.00, Diff: 0.00, Sum: 0.00, Workers: 4
[7503.844s][debug][gc,phases      ] GC(213)     Dead                           Min: 0, Avg:  0.0, Max: 0, Diff: 0, Sum: 0, Workers: 4
[7503.844s][debug][gc,phases      ] GC(213)     Total                          Min: 0, Avg:  0.0, Max: 0, Diff: 0, Sum: 0, Workers: 4
[7503.844s][debug][gc,phases      ] GC(213) Weak Processing 0.385ms
[7503.844s][debug][gc,age         ] GC(213) Desired survivor size 4194304 bytes, new threshold 1 (max threshold 15)
[7503.844s][info ][gc,heap        ] GC(213) PSYoungGen: 2091424K(2093056K)->2336K(2093056K) Eden: 2088960K(2088960K)->0K(2088960K) From: 2464K(4096K)->2336K(4096K)
[7503.844s][info ][gc,heap        ] GC(213) ParOldGen: 637365K(837120K)->637429K(837120K)
[7503.844s][info ][gc,metaspace   ] GC(213) Metaspace: 110489K(111616K)->110489K(111616K) NonClass: 94608K(95232K)->94608K(95232K) Class: 15881K(16384K)->15881K(16384K)
[7503.844s][info ][gc             ] GC(213) Pause Young (Allocation Failure) 2664M->624M(2861M) 2.485ms
[7503.844s][info ][gc,cpu         ] GC(213) User=0.01s Sys=0.00s Real=0.00s
[7503.844s][info ][safepoint      ] Safepoint "ParallelCollectForAllocation", Time since last: 51745926069 ns, Reaching safepoint: 30600 ns, At safepoint: 2549898 ns, Leaving safepoint: 2600 ns, Total: 2583098 ns, Threads: 0 runnable, 33 total
[7554.944s][info ][gc,start       ] GC(214) Pause Young (Allocation Failure)
[7554.946s][debug][gc,phases      ] GC(214) Scavenge 1.878ms
[7554.946s][debug][gc,ref         ] GC(214) Skipped SoftWeakFinalRefsPhase of Reference Processing: no references
[7554.946s][debug][gc,ref         ] GC(214) Skipped KeepAliveFinalRefsPhase of Reference Processing: no references
[7554.946s][debug][gc,ref         ] GC(214) Skipped PhantomRefsPhase of Reference Processing: no references
[7554.946s][debug][gc,phases      ] GC(214) Reference Processing 0.022ms
[7554.947s][debug][gc,phases      ] GC(214)   VM Weak                        Min: 0.00, Avg: 0.00, Max: 0.01, Diff: 0.01, Sum: 0.01, Workers: 4
[7554.947s][debug][gc,phases      ] GC(214)     Dead                           Min: 0, Avg:  0.0, Max: 0, Diff: 0, Sum: 0, Workers: 4
[7554.947s][debug][gc,phases      ] GC(214)     Total                          Min: 0, Avg: 213.2, Max: 597, Diff: 597, Sum: 853, Workers: 4
[7554.947s][debug][gc,phases      ] GC(214)   ObjectSynchronizer Weak        Min: 0.00, Avg: 0.00, Max: 0.00, Diff: 0.00, Sum: 0.00, Workers: 4
[7554.947s][debug][gc,phases      ] GC(214)     Dead                           Min: 0, Avg:  0.0, Max: 0, Diff: 0, Sum: 0, Workers: 4
[7554.947s][debug][gc,phases      ] GC(214)     Total                          Min: 0, Avg:  1.2, Max: 5, Diff: 5, Sum: 5, Workers: 4
[7554.947s][debug][gc,phases      ] GC(214)   JVMTI Tag Weak OopStorage      Min: 0.00, Avg: 0.00, Max: 0.00, Diff: 0.00, Sum: 0.00, Workers: 4
[7554.947s][debug][gc,phases      ] GC(214)     Dead                           Min: 0, Avg:  0.0, Max: 0, Diff: 0, Sum: 0, Workers: 4
[7554.947s][debug][gc,phases      ] GC(214)     Total                          Min: 0, Avg:  0.0, Max: 0, Diff: 0, Sum: 0, Workers: 4
[7554.947s][debug][gc,phases      ] GC(214)   StringTable Weak               Min: 0.00, Avg: 0.11, Max: 0.14, Diff: 0.14, Sum: 0.43, Workers: 4
[7554.947s][debug][gc,phases      ] GC(214)     Dead                           Min: 0, Avg:  0.0, Max: 0, Diff: 0, Sum: 0, Workers: 4
[7554.947s][debug][gc,phases      ] GC(214)     Total                          Min: 0, Avg: 12578.0, Max: 21192, Diff: 21192, Sum: 50312, Workers: 4
[7554.947s][debug][gc,phases      ] GC(214)   ResolvedMethodTable Weak       Min: 0.00, Avg: 0.04, Max: 0.05, Diff: 0.05, Sum: 0.15, Workers: 4
[7554.947s][debug][gc,phases      ] GC(214)     Dead                           Min: 0, Avg:  5.0, Max: 11, Diff: 11, Sum: 20, Workers: 4
[7554.947s][debug][gc,phases      ] GC(214)     Total                          Min: 0, Avg: 4037.0, Max: 6878, Diff: 6878, Sum: 16148, Workers: 4
[7554.947s][debug][gc,phases      ] GC(214)   JNI Weak                       Min: 0.00, Avg: 0.00, Max: 0.00, Diff: 0.00, Sum: 0.00, Workers: 4
[7554.947s][debug][gc,phases      ] GC(214)     Dead                           Min: 0, Avg:  0.0, Max: 0, Diff: 0, Sum: 0, Workers: 4
[7554.947s][debug][gc,phases      ] GC(214)     Total                          Min: 0, Avg: 13.0, Max: 52, Diff: 52, Sum: 52, Workers: 4
[7554.947s][debug][gc,phases      ] GC(214)   StringDedup Table Weak         Min: 0.00, Avg: 0.00, Max: 0.00, Diff: 0.00, Sum: 0.00, Workers: 4
[7554.947s][debug][gc,phases      ] GC(214)     Dead                           Min: 0, Avg:  0.0, Max: 0, Diff: 0, Sum: 0, Workers: 4
[7554.947s][debug][gc,phases      ] GC(214)     Total                          Min: 0, Avg:  0.0, Max: 0, Diff: 0, Sum: 0, Workers: 4
[7554.947s][debug][gc,phases      ] GC(214)   StringDedup Requests0 Weak     Min: 0.00, Avg: 0.00, Max: 0.00, Diff: 0.00, Sum: 0.00, Workers: 4
[7554.947s][debug][gc,phases      ] GC(214)     Dead                           Min: 0, Avg:  0.0, Max: 0, Diff: 0, Sum: 0, Workers: 4
[7554.947s][debug][gc,phases      ] GC(214)     Total                          Min: 0, Avg:  0.0, Max: 0, Diff: 0, Sum: 0, Workers: 4
[7554.947s][debug][gc,phases      ] GC(214)   StringDedup Requests1 Weak     Min: 0.00, Avg: 0.00, Max: 0.00, Diff: 0.00, Sum: 0.00, Workers: 4
[7554.947s][debug][gc,phases      ] GC(214)     Dead                           Min: 0, Avg:  0.0, Max: 0, Diff: 0, Sum: 0, Workers: 4
[7554.947s][debug][gc,phases      ] GC(214)     Total                          Min: 0, Avg:  0.0, Max: 0, Diff: 0, Sum: 0, Workers: 4
[7554.947s][debug][gc,phases      ] GC(214)   Weak JFR Old Object Samples    Min: 0.00, Avg: 0.00, Max: 0.00, Diff: 0.00, Sum: 0.00, Workers: 4
[7554.947s][debug][gc,phases      ] GC(214)     Dead                           Min: 0, Avg:  0.0, Max: 0, Diff: 0, Sum: 0, Workers: 4
[7554.947s][debug][gc,phases      ] GC(214)     Total                          Min: 0, Avg:  0.0, Max: 0, Diff: 0, Sum: 0, Workers: 4
[7554.947s][debug][gc,phases      ] GC(214) Weak Processing 0.382ms
[7554.947s][debug][gc,age         ] GC(214) Desired survivor size 4194304 bytes, new threshold 1 (max threshold 15)
[7554.947s][info ][gc,heap        ] GC(214) PSYoungGen: 2091296K(2093056K)->2560K(2093056K) Eden: 2088960K(2088960K)->0K(2088960K) From: 2336K(4096K)->2560K(4096K)
[7554.947s][info ][gc,heap        ] GC(214) ParOldGen: 637429K(837120K)->637533K(837120K)
[7554.947s][info ][gc,metaspace   ] GC(214) Metaspace: 110489K(111616K)->110489K(111616K) NonClass: 94608K(95232K)->94608K(95232K) Class: 15881K(16384K)->15881K(16384K)
[7554.947s][info ][gc             ] GC(214) Pause Young (Allocation Failure) 2664M->625M(2861M) 2.400ms
[7554.947s][info ][gc,cpu         ] GC(214) User=0.01s Sys=0.00s Real=0.00s
[7554.947s][info ][safepoint      ] Safepoint "ParallelCollectForAllocation", Time since last: 51099811504 ns, Reaching safepoint: 113400 ns, At safepoint: 2468199 ns, Leaving safepoint: 6100 ns, Total: 2587699 ns, Threads: 1 runnable, 37 total
[7607.894s][info ][gc,start       ] GC(215) Pause Young (Allocation Failure)
[7607.897s][debug][gc,phases      ] GC(215) Scavenge 2.014ms
[7607.897s][debug][gc,ref         ] GC(215) Skipped SoftWeakFinalRefsPhase of Reference Processing: no references
[7607.897s][debug][gc,ref         ] GC(215) Skipped KeepAliveFinalRefsPhase of Reference Processing: no references
[7607.897s][debug][gc,ref         ] GC(215) Skipped PhantomRefsPhase of Reference Processing: no references
[7607.897s][debug][gc,phases      ] GC(215) Reference Processing 0.023ms
[7607.897s][debug][gc,phases      ] GC(215)   VM Weak                        Min: 0.00, Avg: 0.00, Max: 0.01, Diff: 0.01, Sum: 0.01, Workers: 4
[7607.897s][debug][gc,phases      ] GC(215)     Dead                           Min: 0, Avg:  0.0, Max: 0, Diff: 0, Sum: 0, Workers: 4
[7607.897s][debug][gc,phases      ] GC(215)     Total                          Min: 0, Avg: 213.2, Max: 469, Diff: 469, Sum: 853, Workers: 4
[7607.897s][debug][gc,phases      ] GC(215)   ObjectSynchronizer Weak        Min: 0.00, Avg: 0.00, Max: 0.00, Diff: 0.00, Sum: 0.00, Workers: 4
[7607.897s][debug][gc,phases      ] GC(215)     Dead                           Min: 0, Avg:  0.0, Max: 0, Diff: 0, Sum: 0, Workers: 4
[7607.897s][debug][gc,phases      ] GC(215)     Total                          Min: 0, Avg:  1.2, Max: 5, Diff: 5, Sum: 5, Workers: 4
[7607.897s][debug][gc,phases      ] GC(215)   JVMTI Tag Weak OopStorage      Min: 0.00, Avg: 0.00, Max: 0.00, Diff: 0.00, Sum: 0.00, Workers: 4
[7607.897s][debug][gc,phases      ] GC(215)     Dead                           Min: 0, Avg:  0.0, Max: 0, Diff: 0, Sum: 0, Workers: 4
[7607.897s][debug][gc,phases      ] GC(215)     Total                          Min: 0, Avg:  0.0, Max: 0, Diff: 0, Sum: 0, Workers: 4
[7607.897s][debug][gc,phases      ] GC(215)   StringTable Weak               Min: 0.00, Avg: 0.10, Max: 0.14, Diff: 0.14, Sum: 0.41, Workers: 4
[7607.897s][debug][gc,phases      ] GC(215)     Dead                           Min: 0, Avg:  0.0, Max: 0, Diff: 0, Sum: 0, Workers: 4
[7607.897s][debug][gc,phases      ] GC(215)     Total                          Min: 0, Avg: 12578.0, Max: 21184, Diff: 21184, Sum: 50312, Workers: 4
[7607.897s][debug][gc,phases      ] GC(215)   ResolvedMethodTable Weak       Min: 0.00, Avg: 0.04, Max: 0.05, Diff: 0.05, Sum: 0.16, Workers: 4
[7607.897s][debug][gc,phases      ] GC(215)     Dead                           Min: 0, Avg:  5.0, Max: 9, Diff: 9, Sum: 20, Workers: 4
[7607.897s][debug][gc,phases      ] GC(215)     Total                          Min: 0, Avg: 4037.0, Max: 5652, Diff: 5652, Sum: 16148, Workers: 4
[7607.897s][debug][gc,phases      ] GC(215)   JNI Weak                       Min: 0.00, Avg: 0.00, Max: 0.00, Diff: 0.00, Sum: 0.00, Workers: 4
[7607.897s][debug][gc,phases      ] GC(215)     Dead                           Min: 0, Avg:  0.0, Max: 0, Diff: 0, Sum: 0, Workers: 4
[7607.897s][debug][gc,phases      ] GC(215)     Total                          Min: 0, Avg: 13.0, Max: 52, Diff: 52, Sum: 52, Workers: 4
[7607.897s][debug][gc,phases      ] GC(215)   StringDedup Table Weak         Min: 0.00, Avg: 0.00, Max: 0.00, Diff: 0.00, Sum: 0.00, Workers: 4
[7607.897s][debug][gc,phases      ] GC(215)     Dead                           Min: 0, Avg:  0.0, Max: 0, Diff: 0, Sum: 0, Workers: 4
[7607.897s][debug][gc,phases      ] GC(215)     Total                          Min: 0, Avg:  0.0, Max: 0, Diff: 0, Sum: 0, Workers: 4
[7607.897s][debug][gc,phases      ] GC(215)   StringDedup Requests0 Weak     Min: 0.00, Avg: 0.00, Max: 0.00, Diff: 0.00, Sum: 0.00, Workers: 4
[7607.897s][debug][gc,phases      ] GC(215)     Dead                           Min: 0, Avg:  0.0, Max: 0, Diff: 0, Sum: 0, Workers: 4
[7607.897s][debug][gc,phases      ] GC(215)     Total                          Min: 0, Avg:  0.0, Max: 0, Diff: 0, Sum: 0, Workers: 4
[7607.897s][debug][gc,phases      ] GC(215)   StringDedup Requests1 Weak     Min: 0.00, Avg: 0.00, Max: 0.00, Diff: 0.00, Sum: 0.00, Workers: 4
[7607.897s][debug][gc,phases      ] GC(215)     Dead                           Min: 0, Avg:  0.0, Max: 0, Diff: 0, Sum: 0, Workers: 4
[7607.897s][debug][gc,phases      ] GC(215)     Total                          Min: 0, Avg:  0.0, Max: 0, Diff: 0, Sum: 0, Workers: 4
[7607.897s][debug][gc,phases      ] GC(215)   Weak JFR Old Object Samples    Min: 0.00, Avg: 0.00, Max: 0.00, Diff: 0.00, Sum: 0.00, Workers: 4
[7607.897s][debug][gc,phases      ] GC(215)     Dead                           Min: 0, Avg:  0.0, Max: 0, Diff: 0, Sum: 0, Workers: 4
[7607.897s][debug][gc,phases      ] GC(215)     Total                          Min: 0, Avg:  0.0, Max: 0, Diff: 0, Sum: 0, Workers: 4
[7607.897s][debug][gc,phases      ] GC(215) Weak Processing 0.423ms
[7607.897s][debug][gc,age         ] GC(215) Desired survivor size 3670016 bytes, new threshold 1 (max threshold 15)
[7607.897s][info ][gc,heap        ] GC(215) PSYoungGen: 2091520K(2093056K)->2240K(2093568K) Eden: 2088960K(2088960K)->0K(2089472K) From: 2560K(4096K)->2240K(4096K)
[7607.897s][info ][gc,heap        ] GC(215) ParOldGen: 637533K(837120K)->637613K(837120K)
[7607.897s][info ][gc,metaspace   ] GC(215) Metaspace: 110491K(111616K)->110491K(111616K) NonClass: 94609K(95232K)->94609K(95232K) Class: 15881K(16384K)->15881K(16384K)
[7607.897s][info ][gc             ] GC(215) Pause Young (Allocation Failure) 2665M->624M(2862M) 2.574ms
[7607.897s][info ][gc,cpu         ] GC(215) User=0.00s Sys=0.00s Real=0.00s
[7607.897s][info ][safepoint      ] Safepoint "ParallelCollectForAllocation", Time since last: 52947675131 ns, Reaching safepoint: 33100 ns, At safepoint: 2649899 ns, Leaving safepoint: 2400 ns, Total: 2685399 ns, Threads: 0 runnable, 33 total
[7659.950s][info ][gc,start       ] GC(216) Pause Young (Allocation Failure)
[7659.951s][debug][gc,phases      ] GC(216) Scavenge 1.818ms
[7659.952s][debug][gc,ref         ] GC(216) ReferenceProcessor::execute queues: 1, RefProcThreadModel::Single, marks_oops_alive: false
[7659.952s][debug][gc,ref         ] GC(216) Skipped KeepAliveFinalRefsPhase of Reference Processing: no references
[7659.952s][debug][gc,ref         ] GC(216) Skipped PhantomRefsPhase of Reference Processing: no references
[7659.952s][debug][gc,phases      ] GC(216) Reference Processing 0.103ms
[7659.952s][debug][gc,phases      ] GC(216)   VM Weak                        Min: 0.00, Avg: 0.00, Max: 0.01, Diff: 0.01, Sum: 0.01, Workers: 4
[7659.952s][debug][gc,phases      ] GC(216)     Dead                           Min: 0, Avg:  0.0, Max: 0, Diff: 0, Sum: 0, Workers: 4
[7659.952s][debug][gc,phases      ] GC(216)     Total                          Min: 0, Avg: 213.2, Max: 448, Diff: 448, Sum: 853, Workers: 4
[7659.952s][debug][gc,phases      ] GC(216)   ObjectSynchronizer Weak        Min: 0.00, Avg: 0.00, Max: 0.00, Diff: 0.00, Sum: 0.00, Workers: 4
[7659.952s][debug][gc,phases      ] GC(216)     Dead                           Min: 0, Avg:  0.0, Max: 0, Diff: 0, Sum: 0, Workers: 4
[7659.952s][debug][gc,phases      ] GC(216)     Total                          Min: 0, Avg:  1.2, Max: 5, Diff: 5, Sum: 5, Workers: 4
[7659.952s][debug][gc,phases      ] GC(216)   JVMTI Tag Weak OopStorage      Min: 0.00, Avg: 0.00, Max: 0.00, Diff: 0.00, Sum: 0.00, Workers: 4
[7659.952s][debug][gc,phases      ] GC(216)     Dead                           Min: 0, Avg:  0.0, Max: 0, Diff: 0, Sum: 0, Workers: 4
[7659.952s][debug][gc,phases      ] GC(216)     Total                          Min: 0, Avg:  0.0, Max: 0, Diff: 0, Sum: 0, Workers: 4
[7659.952s][debug][gc,phases      ] GC(216)   StringTable Weak               Min: 0.00, Avg: 0.11, Max: 0.14, Diff: 0.14, Sum: 0.42, Workers: 4
[7659.952s][debug][gc,phases      ] GC(216)     Dead                           Min: 0, Avg:  0.0, Max: 0, Diff: 0, Sum: 0, Workers: 4
[7659.952s][debug][gc,phases      ] GC(216)     Total                          Min: 0, Avg: 12578.0, Max: 21824, Diff: 21824, Sum: 50312, Workers: 4
[7659.952s][debug][gc,phases      ] GC(216)   ResolvedMethodTable Weak       Min: 0.00, Avg: 0.03, Max: 0.05, Diff: 0.05, Sum: 0.14, Workers: 4
[7659.952s][debug][gc,phases      ] GC(216)     Dead                           Min: 0, Avg:  5.0, Max: 13, Diff: 13, Sum: 20, Workers: 4
[7659.952s][debug][gc,phases      ] GC(216)     Total                          Min: 0, Avg: 4037.0, Max: 6897, Diff: 6897, Sum: 16148, Workers: 4
[7659.952s][debug][gc,phases      ] GC(216)   JNI Weak                       Min: 0.00, Avg: 0.00, Max: 0.00, Diff: 0.00, Sum: 0.00, Workers: 4
[7659.952s][debug][gc,phases      ] GC(216)     Dead                           Min: 0, Avg:  0.0, Max: 0, Diff: 0, Sum: 0, Workers: 4
[7659.952s][debug][gc,phases      ] GC(216)     Total                          Min: 0, Avg: 13.0, Max: 52, Diff: 52, Sum: 52, Workers: 4
[7659.952s][debug][gc,phases      ] GC(216)   StringDedup Table Weak         Min: 0.00, Avg: 0.00, Max: 0.00, Diff: 0.00, Sum: 0.00, Workers: 4
[7659.952s][debug][gc,phases      ] GC(216)     Dead                           Min: 0, Avg:  0.0, Max: 0, Diff: 0, Sum: 0, Workers: 4
[7659.952s][debug][gc,phases      ] GC(216)     Total                          Min: 0, Avg:  0.0, Max: 0, Diff: 0, Sum: 0, Workers: 4
[7659.952s][debug][gc,phases      ] GC(216)   StringDedup Requests0 Weak     Min: 0.00, Avg: 0.00, Max: 0.00, Diff: 0.00, Sum: 0.00, Workers: 4
[7659.952s][debug][gc,phases      ] GC(216)     Dead                           Min: 0, Avg:  0.0, Max: 0, Diff: 0, Sum: 0, Workers: 4
[7659.952s][debug][gc,phases      ] GC(216)     Total                          Min: 0, Avg:  0.0, Max: 0, Diff: 0, Sum: 0, Workers: 4
[7659.952s][debug][gc,phases      ] GC(216)   StringDedup Requests1 Weak     Min: 0.00, Avg: 0.00, Max: 0.00, Diff: 0.00, Sum: 0.00, Workers: 4
[7659.952s][debug][gc,phases      ] GC(216)     Dead                           Min: 0, Avg:  0.0, Max: 0, Diff: 0, Sum: 0, Workers: 4
[7659.952s][debug][gc,phases      ] GC(216)     Total                          Min: 0, Avg:  0.0, Max: 0, Diff: 0, Sum: 0, Workers: 4
[7659.952s][debug][gc,phases      ] GC(216)   Weak JFR Old Object Samples    Min: 0.00, Avg: 0.00, Max: 0.00, Diff: 0.00, Sum: 0.00, Workers: 4
[7659.952s][debug][gc,phases      ] GC(216)     Dead                           Min: 0, Avg:  0.0, Max: 0, Diff: 0, Sum: 0, Workers: 4
[7659.952s][debug][gc,phases      ] GC(216)     Total                          Min: 0, Avg:  0.0, Max: 0, Diff: 0, Sum: 0, Workers: 4
[7659.952s][debug][gc,phases      ] GC(216) Weak Processing 0.400ms
[7659.952s][debug][gc,age         ] GC(216) Desired survivor size 3670016 bytes, new threshold 1 (max threshold 15)
[7659.952s][info ][gc,heap        ] GC(216) PSYoungGen: 2091712K(2093568K)->2560K(2093056K) Eden: 2089472K(2089472K)->0K(2089472K) From: 2240K(4096K)->2560K(3584K)
[7659.952s][info ][gc,heap        ] GC(216) ParOldGen: 637613K(837120K)->637685K(837120K)
[7659.952s][info ][gc,metaspace   ] GC(216) Metaspace: 110491K(111616K)->110491K(111616K) NonClass: 94610K(95232K)->94610K(95232K) Class: 15881K(16384K)->15881K(16384K)
[7659.952s][info ][gc             ] GC(216) Pause Young (Allocation Failure) 2665M->625M(2861M) 2.427ms
[7659.952s][info ][gc,cpu         ] GC(216) User=0.01s Sys=0.00s Real=0.00s
[7659.952s][info ][safepoint      ] Safepoint "ParallelCollectForAllocation", Time since last: 52052472577 ns, Reaching safepoint: 30700 ns, At safepoint: 2486499 ns, Leaving safepoint: 1800 ns, Total: 2518999 ns, Threads: 0 runnable, 34 total
[7712.147s][info ][gc,start       ] GC(217) Pause Young (Allocation Failure)
[7712.149s][debug][gc,phases      ] GC(217) Scavenge 1.852ms
[7712.149s][debug][gc,ref         ] GC(217) Skipped SoftWeakFinalRefsPhase of Reference Processing: no references
[7712.149s][debug][gc,ref         ] GC(217) Skipped KeepAliveFinalRefsPhase of Reference Processing: no references
[7712.149s][debug][gc,ref         ] GC(217) Skipped PhantomRefsPhase of Reference Processing: no references
[7712.149s][debug][gc,phases      ] GC(217) Reference Processing 0.023ms
[7712.150s][debug][gc,phases      ] GC(217)   VM Weak                        Min: 0.00, Avg: 0.00, Max: 0.01, Diff: 0.01, Sum: 0.01, Workers: 4
[7712.150s][debug][gc,phases      ] GC(217)     Dead                           Min: 0, Avg:  0.0, Max: 0, Diff: 0, Sum: 0, Workers: 4
[7712.150s][debug][gc,phases      ] GC(217)     Total                          Min: 0, Avg: 213.2, Max: 789, Diff: 789, Sum: 853, Workers: 4
[7712.150s][debug][gc,phases      ] GC(217)   ObjectSynchronizer Weak        Min: 0.00, Avg: 0.00, Max: 0.00, Diff: 0.00, Sum: 0.00, Workers: 4
[7712.150s][debug][gc,phases      ] GC(217)     Dead                           Min: 0, Avg:  0.0, Max: 0, Diff: 0, Sum: 0, Workers: 4
[7712.150s][debug][gc,phases      ] GC(217)     Total                          Min: 0, Avg:  1.2, Max: 5, Diff: 5, Sum: 5, Workers: 4
[7712.150s][debug][gc,phases      ] GC(217)   JVMTI Tag Weak OopStorage      Min: 0.00, Avg: 0.00, Max: 0.00, Diff: 0.00, Sum: 0.00, Workers: 4
[7712.150s][debug][gc,phases      ] GC(217)     Dead                           Min: 0, Avg:  0.0, Max: 0, Diff: 0, Sum: 0, Workers: 4
[7712.150s][debug][gc,phases      ] GC(217)     Total                          Min: 0, Avg:  0.0, Max: 0, Diff: 0, Sum: 0, Workers: 4
[7712.150s][debug][gc,phases      ] GC(217)   StringTable Weak               Min: 0.00, Avg: 0.10, Max: 0.13, Diff: 0.13, Sum: 0.38, Workers: 4
[7712.150s][debug][gc,phases      ] GC(217)     Dead                           Min: 0, Avg:  0.0, Max: 0, Diff: 0, Sum: 0, Workers: 4
[7712.150s][debug][gc,phases      ] GC(217)     Total                          Min: 0, Avg: 12578.0, Max: 21760, Diff: 21760, Sum: 50312, Workers: 4
[7712.150s][debug][gc,phases      ] GC(217)   ResolvedMethodTable Weak       Min: 0.00, Avg: 0.03, Max: 0.04, Diff: 0.04, Sum: 0.13, Workers: 4
[7712.150s][debug][gc,phases      ] GC(217)     Dead                           Min: 0, Avg:  5.0, Max: 9, Diff: 9, Sum: 20, Workers: 4
[7712.150s][debug][gc,phases      ] GC(217)     Total                          Min: 0, Avg: 4037.0, Max: 7164, Diff: 7164, Sum: 16148, Workers: 4
[7712.150s][debug][gc,phases      ] GC(217)   JNI Weak                       Min: 0.00, Avg: 0.00, Max: 0.00, Diff: 0.00, Sum: 0.00, Workers: 4
[7712.150s][debug][gc,phases      ] GC(217)     Dead                           Min: 0, Avg:  0.0, Max: 0, Diff: 0, Sum: 0, Workers: 4
[7712.150s][debug][gc,phases      ] GC(217)     Total                          Min: 0, Avg: 13.0, Max: 52, Diff: 52, Sum: 52, Workers: 4
[7712.150s][debug][gc,phases      ] GC(217)   StringDedup Table Weak         Min: 0.00, Avg: 0.00, Max: 0.00, Diff: 0.00, Sum: 0.00, Workers: 4
[7712.150s][debug][gc,phases      ] GC(217)     Dead                           Min: 0, Avg:  0.0, Max: 0, Diff: 0, Sum: 0, Workers: 4
[7712.150s][debug][gc,phases      ] GC(217)     Total                          Min: 0, Avg:  0.0, Max: 0, Diff: 0, Sum: 0, Workers: 4
[7712.150s][debug][gc,phases      ] GC(217)   StringDedup Requests0 Weak     Min: 0.00, Avg: 0.00, Max: 0.00, Diff: 0.00, Sum: 0.00, Workers: 4
[7712.150s][debug][gc,phases      ] GC(217)     Dead                           Min: 0, Avg:  0.0, Max: 0, Diff: 0, Sum: 0, Workers: 4
[7712.150s][debug][gc,phases      ] GC(217)     Total                          Min: 0, Avg:  0.0, Max: 0, Diff: 0, Sum: 0, Workers: 4
[7712.150s][debug][gc,phases      ] GC(217)   StringDedup Requests1 Weak     Min: 0.00, Avg: 0.00, Max: 0.00, Diff: 0.00, Sum: 0.00, Workers: 4
[7712.150s][debug][gc,phases      ] GC(217)     Dead                           Min: 0, Avg:  0.0, Max: 0, Diff: 0, Sum: 0, Workers: 4
[7712.150s][debug][gc,phases      ] GC(217)     Total                          Min: 0, Avg:  0.0, Max: 0, Diff: 0, Sum: 0, Workers: 4
[7712.150s][debug][gc,phases      ] GC(217)   Weak JFR Old Object Samples    Min: 0.00, Avg: 0.00, Max: 0.00, Diff: 0.00, Sum: 0.00, Workers: 4
[7712.150s][debug][gc,phases      ] GC(217)     Dead                           Min: 0, Avg:  0.0, Max: 0, Diff: 0, Sum: 0, Workers: 4
[7712.150s][debug][gc,phases      ] GC(217)     Total                          Min: 0, Avg:  0.0, Max: 0, Diff: 0, Sum: 0, Workers: 4
[7712.150s][debug][gc,phases      ] GC(217) Weak Processing 0.350ms
[7712.150s][debug][gc,age         ] GC(217) Desired survivor size 3670016 bytes, new threshold 1 (max threshold 15)
[7712.150s][info ][gc,heap        ] GC(217) PSYoungGen: 2092032K(2093056K)->2640K(2093568K) Eden: 2089472K(2089472K)->0K(2089984K) From: 2560K(3584K)->2640K(3584K)
[7712.150s][info ][gc,heap        ] GC(217) ParOldGen: 637685K(837120K)->637817K(837120K)
[7712.150s][info ][gc,metaspace   ] GC(217) Metaspace: 110491K(111616K)->110491K(111616K) NonClass: 94610K(95232K)->94610K(95232K) Class: 15881K(16384K)->15881K(16384K)
[7712.150s][info ][gc             ] GC(217) Pause Young (Allocation Failure) 2665M->625M(2862M) 2.347ms
[7712.150s][info ][gc,cpu         ] GC(217) User=0.00s Sys=0.00s Real=0.01s
[7712.150s][info ][safepoint      ] Safepoint "ParallelCollectForAllocation", Time since last: 52195085582 ns, Reaching safepoint: 107700 ns, At safepoint: 2413499 ns, Leaving safepoint: 6300 ns, Total: 2527499 ns, Threads: 1 runnable, 33 total
[7764.099s][info ][gc,start       ] GC(218) Pause Young (Allocation Failure)
[7764.101s][debug][gc,phases      ] GC(218) Scavenge 1.764ms
[7764.101s][debug][gc,ref         ] GC(218) Skipped SoftWeakFinalRefsPhase of Reference Processing: no references
[7764.101s][debug][gc,ref         ] GC(218) Skipped KeepAliveFinalRefsPhase of Reference Processing: no references
[7764.101s][debug][gc,ref         ] GC(218) Skipped PhantomRefsPhase of Reference Processing: no references
[7764.101s][debug][gc,phases      ] GC(218) Reference Processing 0.044ms
[7764.101s][debug][gc,phases      ] GC(218)   VM Weak                        Min: 0.00, Avg: 0.00, Max: 0.01, Diff: 0.01, Sum: 0.01, Workers: 4
[7764.101s][debug][gc,phases      ] GC(218)     Dead                           Min: 0, Avg:  0.0, Max: 0, Diff: 0, Sum: 0, Workers: 4
[7764.101s][debug][gc,phases      ] GC(218)     Total                          Min: 0, Avg: 213.2, Max: 789, Diff: 789, Sum: 853, Workers: 4
[7764.101s][debug][gc,phases      ] GC(218)   ObjectSynchronizer Weak        Min: 0.00, Avg: 0.00, Max: 0.00, Diff: 0.00, Sum: 0.00, Workers: 4
[7764.101s][debug][gc,phases      ] GC(218)     Dead                           Min: 0, Avg:  0.0, Max: 0, Diff: 0, Sum: 0, Workers: 4
[7764.101s][debug][gc,phases      ] GC(218)     Total                          Min: 0, Avg:  1.2, Max: 5, Diff: 5, Sum: 5, Workers: 4
[7764.101s][debug][gc,phases      ] GC(218)   JVMTI Tag Weak OopStorage      Min: 0.00, Avg: 0.00, Max: 0.00, Diff: 0.00, Sum: 0.00, Workers: 4
[7764.101s][debug][gc,phases      ] GC(218)     Dead                           Min: 0, Avg:  0.0, Max: 0, Diff: 0, Sum: 0, Workers: 4
[7764.101s][debug][gc,phases      ] GC(218)     Total                          Min: 0, Avg:  0.0, Max: 0, Diff: 0, Sum: 0, Workers: 4
[7764.101s][debug][gc,phases      ] GC(218)   StringTable Weak               Min: 0.00, Avg: 0.10, Max: 0.14, Diff: 0.14, Sum: 0.42, Workers: 4
[7764.101s][debug][gc,phases      ] GC(218)     Dead                           Min: 0, Avg:  0.0, Max: 0, Diff: 0, Sum: 0, Workers: 4
[7764.101s][debug][gc,phases      ] GC(218)     Total                          Min: 0, Avg: 12578.0, Max: 21192, Diff: 21192, Sum: 50312, Workers: 4
[7764.101s][debug][gc,phases      ] GC(218)   ResolvedMethodTable Weak       Min: 0.00, Avg: 0.03, Max: 0.05, Diff: 0.05, Sum: 0.14, Workers: 4
[7764.101s][debug][gc,phases      ] GC(218)     Dead                           Min: 0, Avg:  5.0, Max: 17, Diff: 17, Sum: 20, Workers: 4
[7764.101s][debug][gc,phases      ] GC(218)     Total                          Min: 0, Avg: 4037.0, Max: 6824, Diff: 6824, Sum: 16148, Workers: 4
[7764.101s][debug][gc,phases      ] GC(218)   JNI Weak                       Min: 0.00, Avg: 0.00, Max: 0.00, Diff: 0.00, Sum: 0.00, Workers: 4
[7764.101s][debug][gc,phases      ] GC(218)     Dead                           Min: 0, Avg:  0.0, Max: 0, Diff: 0, Sum: 0, Workers: 4
[7764.101s][debug][gc,phases      ] GC(218)     Total                          Min: 0, Avg: 13.0, Max: 52, Diff: 52, Sum: 52, Workers: 4
[7764.101s][debug][gc,phases      ] GC(218)   StringDedup Table Weak         Min: 0.00, Avg: 0.00, Max: 0.00, Diff: 0.00, Sum: 0.00, Workers: 4
[7764.101s][debug][gc,phases      ] GC(218)     Dead                           Min: 0, Avg:  0.0, Max: 0, Diff: 0, Sum: 0, Workers: 4
[7764.101s][debug][gc,phases      ] GC(218)     Total                          Min: 0, Avg:  0.0, Max: 0, Diff: 0, Sum: 0, Workers: 4
[7764.101s][debug][gc,phases      ] GC(218)   StringDedup Requests0 Weak     Min: 0.00, Avg: 0.00, Max: 0.00, Diff: 0.00, Sum: 0.00, Workers: 4
[7764.101s][debug][gc,phases      ] GC(218)     Dead                           Min: 0, Avg:  0.0, Max: 0, Diff: 0, Sum: 0, Workers: 4
[7764.101s][debug][gc,phases      ] GC(218)     Total                          Min: 0, Avg:  0.0, Max: 0, Diff: 0, Sum: 0, Workers: 4
[7764.101s][debug][gc,phases      ] GC(218)   StringDedup Requests1 Weak     Min: 0.00, Avg: 0.00, Max: 0.00, Diff: 0.00, Sum: 0.00, Workers: 4
[7764.101s][debug][gc,phases      ] GC(218)     Dead                           Min: 0, Avg:  0.0, Max: 0, Diff: 0, Sum: 0, Workers: 4
[7764.101s][debug][gc,phases      ] GC(218)     Total                          Min: 0, Avg:  0.0, Max: 0, Diff: 0, Sum: 0, Workers: 4
[7764.101s][debug][gc,phases      ] GC(218)   Weak JFR Old Object Samples    Min: 0.00, Avg: 0.00, Max: 0.00, Diff: 0.00, Sum: 0.00, Workers: 4
[7764.101s][debug][gc,phases      ] GC(218)     Dead                           Min: 0, Avg:  0.0, Max: 0, Diff: 0, Sum: 0, Workers: 4
[7764.101s][debug][gc,phases      ] GC(218)     Total                          Min: 0, Avg:  0.0, Max: 0, Diff: 0, Sum: 0, Workers: 4
[7764.101s][debug][gc,phases      ] GC(218) Weak Processing 0.389ms
[7764.101s][debug][gc,age         ] GC(218) Desired survivor size 3670016 bytes, new threshold 1 (max threshold 15)
[7764.101s][info ][gc,heap        ] GC(218) PSYoungGen: 2092624K(2093568K)->2320K(2093568K) Eden: 2089984K(2089984K)->0K(2089984K) From: 2640K(3584K)->2320K(3584K)
[7764.101s][info ][gc,heap        ] GC(218) ParOldGen: 637817K(837120K)->637953K(837120K)
[7764.101s][info ][gc,metaspace   ] GC(218) Metaspace: 110491K(111616K)->110491K(111616K) NonClass: 94610K(95232K)->94610K(95232K) Class: 15881K(16384K)->15881K(16384K)
[7764.101s][info ][gc             ] GC(218) Pause Young (Allocation Failure) 2666M->625M(2862M) 2.353ms
[7764.101s][info ][gc,cpu         ] GC(218) User=0.00s Sys=0.00s Real=0.01s
[7764.101s][info ][safepoint      ] Safepoint "ParallelCollectForAllocation", Time since last: 51949198594 ns, Reaching safepoint: 28400 ns, At safepoint: 2423400 ns, Leaving safepoint: 3000 ns, Total: 2454800 ns, Threads: 0 runnable, 33 total
[7815.169s][info ][gc,start       ] GC(219) Pause Young (Allocation Failure)
[7815.171s][debug][gc,phases      ] GC(219) Scavenge 2.064ms
[7815.171s][debug][gc,ref         ] GC(219) Skipped SoftWeakFinalRefsPhase of Reference Processing: no references
[7815.171s][debug][gc,ref         ] GC(219) Skipped KeepAliveFinalRefsPhase of Reference Processing: no references
[7815.171s][debug][gc,ref         ] GC(219) Skipped PhantomRefsPhase of Reference Processing: no references
[7815.171s][debug][gc,phases      ] GC(219) Reference Processing 0.022ms
[7815.171s][debug][gc,phases      ] GC(219)   VM Weak                        Min: 0.00, Avg: 0.00, Max: 0.00, Diff: 0.00, Sum: 0.01, Workers: 4
[7815.171s][debug][gc,phases      ] GC(219)     Dead                           Min: 0, Avg:  0.0, Max: 0, Diff: 0, Sum: 0, Workers: 4
[7815.171s][debug][gc,phases      ] GC(219)     Total                          Min: 0, Avg: 213.2, Max: 448, Diff: 448, Sum: 853, Workers: 4
[7815.171s][debug][gc,phases      ] GC(219)   ObjectSynchronizer Weak        Min: 0.00, Avg: 0.00, Max: 0.00, Diff: 0.00, Sum: 0.00, Workers: 4
[7815.171s][debug][gc,phases      ] GC(219)     Dead                           Min: 0, Avg:  0.0, Max: 0, Diff: 0, Sum: 0, Workers: 4
[7815.171s][debug][gc,phases      ] GC(219)     Total                          Min: 0, Avg:  1.2, Max: 5, Diff: 5, Sum: 5, Workers: 4
[7815.171s][debug][gc,phases      ] GC(219)   JVMTI Tag Weak OopStorage      Min: 0.00, Avg: 0.00, Max: 0.00, Diff: 0.00, Sum: 0.00, Workers: 4
[7815.171s][debug][gc,phases      ] GC(219)     Dead                           Min: 0, Avg:  0.0, Max: 0, Diff: 0, Sum: 0, Workers: 4
[7815.171s][debug][gc,phases      ] GC(219)     Total                          Min: 0, Avg:  0.0, Max: 0, Diff: 0, Sum: 0, Workers: 4
[7815.171s][debug][gc,phases      ] GC(219)   StringTable Weak               Min: 0.04, Avg: 0.11, Max: 0.14, Diff: 0.10, Sum: 0.45, Workers: 4
[7815.171s][debug][gc,phases      ] GC(219)     Dead                           Min: 0, Avg:  0.0, Max: 0, Diff: 0, Sum: 0, Workers: 4
[7815.171s][debug][gc,phases      ] GC(219)     Total                          Min: 3904, Avg: 12578.0, Max: 17664, Diff: 13760, Sum: 50312, Workers: 4
[7815.171s][debug][gc,phases      ] GC(219)   ResolvedMethodTable Weak       Min: 0.04, Avg: 0.04, Max: 0.04, Diff: 0.00, Sum: 0.15, Workers: 4
[7815.171s][debug][gc,phases      ] GC(219)     Dead                           Min: 0, Avg:  5.0, Max: 9, Diff: 9, Sum: 20, Workers: 4
[7815.171s][debug][gc,phases      ] GC(219)     Total                          Min: 3976, Avg: 4037.0, Max: 4176, Diff: 200, Sum: 16148, Workers: 4
[7815.171s][debug][gc,phases      ] GC(219)   JNI Weak                       Min: 0.00, Avg: 0.00, Max: 0.00, Diff: 0.00, Sum: 0.00, Workers: 4
[7815.171s][debug][gc,phases      ] GC(219)     Dead                           Min: 0, Avg:  0.0, Max: 0, Diff: 0, Sum: 0, Workers: 4
[7815.171s][debug][gc,phases      ] GC(219)     Total                          Min: 0, Avg: 13.0, Max: 52, Diff: 52, Sum: 52, Workers: 4
[7815.171s][debug][gc,phases      ] GC(219)   StringDedup Table Weak         Min: 0.00, Avg: 0.00, Max: 0.00, Diff: 0.00, Sum: 0.00, Workers: 4
[7815.171s][debug][gc,phases      ] GC(219)     Dead                           Min: 0, Avg:  0.0, Max: 0, Diff: 0, Sum: 0, Workers: 4
[7815.171s][debug][gc,phases      ] GC(219)     Total                          Min: 0, Avg:  0.0, Max: 0, Diff: 0, Sum: 0, Workers: 4
[7815.171s][debug][gc,phases      ] GC(219)   StringDedup Requests0 Weak     Min: 0.00, Avg: 0.00, Max: 0.00, Diff: 0.00, Sum: 0.00, Workers: 4
[7815.171s][debug][gc,phases      ] GC(219)     Dead                           Min: 0, Avg:  0.0, Max: 0, Diff: 0, Sum: 0, Workers: 4
[7815.171s][debug][gc,phases      ] GC(219)     Total                          Min: 0, Avg:  0.0, Max: 0, Diff: 0, Sum: 0, Workers: 4
[7815.171s][debug][gc,phases      ] GC(219)   StringDedup Requests1 Weak     Min: 0.00, Avg: 0.00, Max: 0.00, Diff: 0.00, Sum: 0.00, Workers: 4
[7815.171s][debug][gc,phases      ] GC(219)     Dead                           Min: 0, Avg:  0.0, Max: 0, Diff: 0, Sum: 0, Workers: 4
[7815.171s][debug][gc,phases      ] GC(219)     Total                          Min: 0, Avg:  0.0, Max: 0, Diff: 0, Sum: 0, Workers: 4
[7815.171s][debug][gc,phases      ] GC(219)   Weak JFR Old Object Samples    Min: 0.00, Avg: 0.00, Max: 0.00, Diff: 0.00, Sum: 0.00, Workers: 4
[7815.171s][debug][gc,phases      ] GC(219)     Dead                           Min: 0, Avg:  0.0, Max: 0, Diff: 0, Sum: 0, Workers: 4
[7815.171s][debug][gc,phases      ] GC(219)     Total                          Min: 0, Avg:  0.0, Max: 0, Diff: 0, Sum: 0, Workers: 4
[7815.171s][debug][gc,phases      ] GC(219) Weak Processing 0.364ms
[7815.171s][debug][gc,age         ] GC(219) Desired survivor size 3670016 bytes, new threshold 1 (max threshold 15)
[7815.171s][info ][gc,heap        ] GC(219) PSYoungGen: 2092304K(2093568K)->2576K(2093568K) Eden: 2089984K(2089984K)->0K(2089984K) From: 2320K(3584K)->2576K(3584K)
[7815.171s][info ][gc,heap        ] GC(219) ParOldGen: 637953K(837120K)->638025K(837120K)
[7815.171s][info ][gc,metaspace   ] GC(219) Metaspace: 110509K(111680K)->110509K(111680K) NonClass: 94628K(95296K)->94628K(95296K) Class: 15881K(16384K)->15881K(16384K)
[7815.171s][info ][gc             ] GC(219) Pause Young (Allocation Failure) 2666M->625M(2862M) 2.572ms
[7815.171s][info ][gc,cpu         ] GC(219) User=0.01s Sys=0.00s Real=0.01s
[7815.171s][info ][safepoint      ] Safepoint "ParallelCollectForAllocation", Time since last: 51067309784 ns, Reaching safepoint: 9600 ns, At safepoint: 2645899 ns, Leaving safepoint: 1800 ns, Total: 2657299 ns, Threads: 0 runnable, 38 total
[7865.794s][info ][gc,start       ] GC(220) Pause Young (Allocation Failure)
[7865.796s][debug][gc,phases      ] GC(220) Scavenge 2.013ms
[7865.796s][debug][gc,ref         ] GC(220) Skipped SoftWeakFinalRefsPhase of Reference Processing: no references
[7865.796s][debug][gc,ref         ] GC(220) Skipped KeepAliveFinalRefsPhase of Reference Processing: no references
[7865.796s][debug][gc,ref         ] GC(220) Skipped PhantomRefsPhase of Reference Processing: no references
[7865.796s][debug][gc,phases      ] GC(220) Reference Processing 0.023ms
[7865.796s][debug][gc,phases      ] GC(220)   VM Weak                        Min: 0.00, Avg: 0.00, Max: 0.01, Diff: 0.01, Sum: 0.01, Workers: 4
[7865.796s][debug][gc,phases      ] GC(220)     Dead                           Min: 0, Avg:  0.0, Max: 0, Diff: 0, Sum: 0, Workers: 4
[7865.796s][debug][gc,phases      ] GC(220)     Total                          Min: 0, Avg: 213.2, Max: 597, Diff: 597, Sum: 853, Workers: 4
[7865.796s][debug][gc,phases      ] GC(220)   ObjectSynchronizer Weak        Min: 0.00, Avg: 0.00, Max: 0.00, Diff: 0.00, Sum: 0.00, Workers: 4
[7865.796s][debug][gc,phases      ] GC(220)     Dead                           Min: 0, Avg:  0.0, Max: 0, Diff: 0, Sum: 0, Workers: 4
[7865.796s][debug][gc,phases      ] GC(220)     Total                          Min: 0, Avg:  1.2, Max: 5, Diff: 5, Sum: 5, Workers: 4
[7865.796s][debug][gc,phases      ] GC(220)   JVMTI Tag Weak OopStorage      Min: 0.00, Avg: 0.00, Max: 0.00, Diff: 0.00, Sum: 0.00, Workers: 4
[7865.796s][debug][gc,phases      ] GC(220)     Dead                           Min: 0, Avg:  0.0, Max: 0, Diff: 0, Sum: 0, Workers: 4
[7865.796s][debug][gc,phases      ] GC(220)     Total                          Min: 0, Avg:  0.0, Max: 0, Diff: 0, Sum: 0, Workers: 4
[7865.796s][debug][gc,phases      ] GC(220)   StringTable Weak               Min: 0.11, Avg: 0.12, Max: 0.12, Diff: 0.02, Sum: 0.47, Workers: 4
[7865.796s][debug][gc,phases      ] GC(220)     Dead                           Min: 0, Avg:  0.0, Max: 0, Diff: 0, Sum: 0, Workers: 4
[7865.796s][debug][gc,phases      ] GC(220)     Total                          Min: 11648, Avg: 12578.0, Max: 13504, Diff: 1856, Sum: 50312, Workers: 4
[7865.796s][debug][gc,phases      ] GC(220)   ResolvedMethodTable Weak       Min: 0.04, Avg: 0.04, Max: 0.04, Diff: 0.00, Sum: 0.15, Workers: 4
[7865.796s][debug][gc,phases      ] GC(220)     Dead                           Min: 3, Avg:  5.0, Max: 9, Diff: 6, Sum: 20, Workers: 4
[7865.796s][debug][gc,phases      ] GC(220)     Total                          Min: 4024, Avg: 4037.0, Max: 4061, Diff: 37, Sum: 16148, Workers: 4
[7865.796s][debug][gc,phases      ] GC(220)   JNI Weak                       Min: 0.00, Avg: 0.00, Max: 0.00, Diff: 0.00, Sum: 0.00, Workers: 4
[7865.796s][debug][gc,phases      ] GC(220)     Dead                           Min: 0, Avg:  0.0, Max: 0, Diff: 0, Sum: 0, Workers: 4
[7865.796s][debug][gc,phases      ] GC(220)     Total                          Min: 0, Avg: 13.0, Max: 52, Diff: 52, Sum: 52, Workers: 4
[7865.796s][debug][gc,phases      ] GC(220)   StringDedup Table Weak         Min: 0.00, Avg: 0.00, Max: 0.00, Diff: 0.00, Sum: 0.00, Workers: 4
[7865.796s][debug][gc,phases      ] GC(220)     Dead                           Min: 0, Avg:  0.0, Max: 0, Diff: 0, Sum: 0, Workers: 4
[7865.796s][debug][gc,phases      ] GC(220)     Total                          Min: 0, Avg:  0.0, Max: 0, Diff: 0, Sum: 0, Workers: 4
[7865.796s][debug][gc,phases      ] GC(220)   StringDedup Requests0 Weak     Min: 0.00, Avg: 0.00, Max: 0.00, Diff: 0.00, Sum: 0.00, Workers: 4
[7865.796s][debug][gc,phases      ] GC(220)     Dead                           Min: 0, Avg:  0.0, Max: 0, Diff: 0, Sum: 0, Workers: 4
[7865.796s][debug][gc,phases      ] GC(220)     Total                          Min: 0, Avg:  0.0, Max: 0, Diff: 0, Sum: 0, Workers: 4
[7865.796s][debug][gc,phases      ] GC(220)   StringDedup Requests1 Weak     Min: 0.00, Avg: 0.00, Max: 0.00, Diff: 0.00, Sum: 0.00, Workers: 4
[7865.796s][debug][gc,phases      ] GC(220)     Dead                           Min: 0, Avg:  0.0, Max: 0, Diff: 0, Sum: 0, Workers: 4
[7865.796s][debug][gc,phases      ] GC(220)     Total                          Min: 0, Avg:  0.0, Max: 0, Diff: 0, Sum: 0, Workers: 4
[7865.796s][debug][gc,phases      ] GC(220)   Weak JFR Old Object Samples    Min: 0.00, Avg: 0.00, Max: 0.00, Diff: 0.00, Sum: 0.00, Workers: 4
[7865.796s][debug][gc,phases      ] GC(220)     Dead                           Min: 0, Avg:  0.0, Max: 0, Diff: 0, Sum: 0, Workers: 4
[7865.796s][debug][gc,phases      ] GC(220)     Total                          Min: 0, Avg:  0.0, Max: 0, Diff: 0, Sum: 0, Workers: 4
[7865.796s][debug][gc,phases      ] GC(220) Weak Processing 0.362ms
[7865.796s][debug][gc,age         ] GC(220) Desired survivor size 3670016 bytes, new threshold 1 (max threshold 15)
[7865.796s][info ][gc,heap        ] GC(220) PSYoungGen: 2092560K(2093568K)->2496K(2093568K) Eden: 2089984K(2089984K)->0K(2089984K) From: 2576K(3584K)->2496K(3584K)
[7865.796s][info ][gc,heap        ] GC(220) ParOldGen: 638025K(837120K)->638189K(837120K)
[7865.796s][info ][gc,metaspace   ] GC(220) Metaspace: 110509K(111680K)->110509K(111680K) NonClass: 94628K(95296K)->94628K(95296K) Class: 15881K(16384K)->15881K(16384K)
[7865.796s][info ][gc             ] GC(220) Pause Young (Allocation Failure) 2666M->625M(2862M) 2.529ms
[7865.796s][info ][gc,cpu         ] GC(220) User=0.01s Sys=0.01s Real=0.00s
[7865.796s][info ][safepoint      ] Safepoint "ParallelCollectForAllocation", Time since last: 50622406093 ns, Reaching safepoint: 112600 ns, At safepoint: 2594799 ns, Leaving safepoint: 7700 ns, Total: 2715099 ns, Threads: 1 runnable, 38 total
[7917.191s][info ][gc,start       ] GC(221) Pause Young (Allocation Failure)
[7917.193s][debug][gc,phases      ] GC(221) Scavenge 1.962ms
[7917.193s][debug][gc,ref         ] GC(221) ReferenceProcessor::execute queues: 1, RefProcThreadModel::Single, marks_oops_alive: false
[7917.193s][debug][gc,ref         ] GC(221) Skipped KeepAliveFinalRefsPhase of Reference Processing: no references
[7917.193s][debug][gc,ref         ] GC(221) Skipped PhantomRefsPhase of Reference Processing: no references
[7917.193s][debug][gc,phases      ] GC(221) Reference Processing 0.096ms
[7917.193s][debug][gc,phases      ] GC(221)   VM Weak                        Min: 0.00, Avg: 0.00, Max: 0.01, Diff: 0.01, Sum: 0.01, Workers: 4
[7917.193s][debug][gc,phases      ] GC(221)     Dead                           Min: 0, Avg:  0.0, Max: 0, Diff: 0, Sum: 0, Workers: 4
[7917.193s][debug][gc,phases      ] GC(221)     Total                          Min: 0, Avg: 213.2, Max: 853, Diff: 853, Sum: 853, Workers: 4
[7917.193s][debug][gc,phases      ] GC(221)   ObjectSynchronizer Weak        Min: 0.00, Avg: 0.00, Max: 0.00, Diff: 0.00, Sum: 0.00, Workers: 4
[7917.193s][debug][gc,phases      ] GC(221)     Dead                           Min: 0, Avg:  0.0, Max: 0, Diff: 0, Sum: 0, Workers: 4
[7917.193s][debug][gc,phases      ] GC(221)     Total                          Min: 0, Avg:  1.2, Max: 5, Diff: 5, Sum: 5, Workers: 4
[7917.193s][debug][gc,phases      ] GC(221)   JVMTI Tag Weak OopStorage      Min: 0.00, Avg: 0.00, Max: 0.00, Diff: 0.00, Sum: 0.00, Workers: 4
[7917.193s][debug][gc,phases      ] GC(221)     Dead                           Min: 0, Avg:  0.0, Max: 0, Diff: 0, Sum: 0, Workers: 4
[7917.193s][debug][gc,phases      ] GC(221)     Total                          Min: 0, Avg:  0.0, Max: 0, Diff: 0, Sum: 0, Workers: 4
[7917.193s][debug][gc,phases      ] GC(221)   StringTable Weak               Min: 0.00, Avg: 0.10, Max: 0.14, Diff: 0.14, Sum: 0.38, Workers: 4
[7917.193s][debug][gc,phases      ] GC(221)     Dead                           Min: 0, Avg:  0.0, Max: 0, Diff: 0, Sum: 0, Workers: 4
[7917.193s][debug][gc,phases      ] GC(221)     Total                          Min: 0, Avg: 12578.0, Max: 20680, Diff: 20680, Sum: 50312, Workers: 4
[7917.193s][debug][gc,phases      ] GC(221)   ResolvedMethodTable Weak       Min: 0.00, Avg: 0.03, Max: 0.04, Diff: 0.04, Sum: 0.13, Workers: 4
[7917.193s][debug][gc,phases      ] GC(221)     Dead                           Min: 0, Avg:  5.0, Max: 13, Diff: 13, Sum: 20, Workers: 4
[7917.193s][debug][gc,phases      ] GC(221)     Total                          Min: 0, Avg: 4037.0, Max: 7065, Diff: 7065, Sum: 16148, Workers: 4
[7917.193s][debug][gc,phases      ] GC(221)   JNI Weak                       Min: 0.00, Avg: 0.00, Max: 0.00, Diff: 0.00, Sum: 0.00, Workers: 4
[7917.193s][debug][gc,phases      ] GC(221)     Dead                           Min: 0, Avg:  0.0, Max: 0, Diff: 0, Sum: 0, Workers: 4
[7917.193s][debug][gc,phases      ] GC(221)     Total                          Min: 0, Avg: 13.0, Max: 52, Diff: 52, Sum: 52, Workers: 4
[7917.193s][debug][gc,phases      ] GC(221)   StringDedup Table Weak         Min: 0.00, Avg: 0.00, Max: 0.00, Diff: 0.00, Sum: 0.00, Workers: 4
[7917.193s][debug][gc,phases      ] GC(221)     Dead                           Min: 0, Avg:  0.0, Max: 0, Diff: 0, Sum: 0, Workers: 4
[7917.193s][debug][gc,phases      ] GC(221)     Total                          Min: 0, Avg:  0.0, Max: 0, Diff: 0, Sum: 0, Workers: 4
[7917.193s][debug][gc,phases      ] GC(221)   StringDedup Requests0 Weak     Min: 0.00, Avg: 0.00, Max: 0.00, Diff: 0.00, Sum: 0.00, Workers: 4
[7917.193s][debug][gc,phases      ] GC(221)     Dead                           Min: 0, Avg:  0.0, Max: 0, Diff: 0, Sum: 0, Workers: 4
[7917.193s][debug][gc,phases      ] GC(221)     Total                          Min: 0, Avg:  0.0, Max: 0, Diff: 0, Sum: 0, Workers: 4
[7917.193s][debug][gc,phases      ] GC(221)   StringDedup Requests1 Weak     Min: 0.00, Avg: 0.00, Max: 0.00, Diff: 0.00, Sum: 0.00, Workers: 4
[7917.193s][debug][gc,phases      ] GC(221)     Dead                           Min: 0, Avg:  0.0, Max: 0, Diff: 0, Sum: 0, Workers: 4
[7917.193s][debug][gc,phases      ] GC(221)     Total                          Min: 0, Avg:  0.0, Max: 0, Diff: 0, Sum: 0, Workers: 4
[7917.193s][debug][gc,phases      ] GC(221)   Weak JFR Old Object Samples    Min: 0.00, Avg: 0.00, Max: 0.00, Diff: 0.00, Sum: 0.00, Workers: 4
[7917.193s][debug][gc,phases      ] GC(221)     Dead                           Min: 0, Avg:  0.0, Max: 0, Diff: 0, Sum: 0, Workers: 4
[7917.193s][debug][gc,phases      ] GC(221)     Total                          Min: 0, Avg:  0.0, Max: 0, Diff: 0, Sum: 0, Workers: 4
[7917.193s][debug][gc,phases      ] GC(221) Weak Processing 0.371ms
[7917.193s][debug][gc,age         ] GC(221) Desired survivor size 3670016 bytes, new threshold 1 (max threshold 15)
[7917.193s][info ][gc,heap        ] GC(221) PSYoungGen: 2092480K(2093568K)->2576K(2093568K) Eden: 2089984K(2089984K)->0K(2089984K) From: 2496K(3584K)->2576K(3584K)
[7917.193s][info ][gc,heap        ] GC(221) ParOldGen: 638189K(837120K)->638229K(837120K)
[7917.193s][info ][gc,metaspace   ] GC(221) Metaspace: 110509K(111680K)->110509K(111680K) NonClass: 94628K(95296K)->94628K(95296K) Class: 15881K(16384K)->15881K(16384K)
[7917.193s][info ][gc             ] GC(221) Pause Young (Allocation Failure) 2666M->625M(2862M) 2.545ms
[7917.193s][info ][gc,cpu         ] GC(221) User=0.00s Sys=0.00s Real=0.00s
[7917.193s][info ][safepoint      ] Safepoint "ParallelCollectForAllocation", Time since last: 51394348333 ns, Reaching safepoint: 9400 ns, At safepoint: 2620300 ns, Leaving safepoint: 6400 ns, Total: 2636100 ns, Threads: 0 runnable, 33 total
[7968.202s][info ][gc,start       ] GC(222) Pause Young (Allocation Failure)
[7968.204s][debug][gc,phases      ] GC(222) Scavenge 1.960ms
[7968.204s][debug][gc,ref         ] GC(222) Skipped SoftWeakFinalRefsPhase of Reference Processing: no references
[7968.204s][debug][gc,ref         ] GC(222) Skipped KeepAliveFinalRefsPhase of Reference Processing: no references
[7968.204s][debug][gc,ref         ] GC(222) Skipped PhantomRefsPhase of Reference Processing: no references
[7968.204s][debug][gc,phases      ] GC(222) Reference Processing 0.034ms
[7968.204s][debug][gc,phases      ] GC(222)   VM Weak                        Min: 0.00, Avg: 0.00, Max: 0.00, Diff: 0.00, Sum: 0.01, Workers: 4
[7968.204s][debug][gc,phases      ] GC(222)     Dead                           Min: 0, Avg:  0.0, Max: 0, Diff: 0, Sum: 0, Workers: 4
[7968.204s][debug][gc,phases      ] GC(222)     Total                          Min: 0, Avg: 213.2, Max: 405, Diff: 405, Sum: 853, Workers: 4
[7968.204s][debug][gc,phases      ] GC(222)   ObjectSynchronizer Weak        Min: 0.00, Avg: 0.00, Max: 0.00, Diff: 0.00, Sum: 0.00, Workers: 4
[7968.204s][debug][gc,phases      ] GC(222)     Dead                           Min: 0, Avg:  0.0, Max: 0, Diff: 0, Sum: 0, Workers: 4
[7968.204s][debug][gc,phases      ] GC(222)     Total                          Min: 0, Avg:  1.2, Max: 5, Diff: 5, Sum: 5, Workers: 4
[7968.204s][debug][gc,phases      ] GC(222)   JVMTI Tag Weak OopStorage      Min: 0.00, Avg: 0.00, Max: 0.00, Diff: 0.00, Sum: 0.00, Workers: 4
[7968.204s][debug][gc,phases      ] GC(222)     Dead                           Min: 0, Avg:  0.0, Max: 0, Diff: 0, Sum: 0, Workers: 4
[7968.204s][debug][gc,phases      ] GC(222)     Total                          Min: 0, Avg:  0.0, Max: 0, Diff: 0, Sum: 0, Workers: 4
[7968.204s][debug][gc,phases      ] GC(222)   StringTable Weak               Min: 0.05, Avg: 0.13, Max: 0.15, Diff: 0.11, Sum: 0.51, Workers: 4
[7968.204s][debug][gc,phases      ] GC(222)     Dead                           Min: 0, Avg:  0.0, Max: 0, Diff: 0, Sum: 0, Workers: 4
[7968.204s][debug][gc,phases      ] GC(222)     Total                          Min: 3520, Avg: 12578.8, Max: 15872, Diff: 12352, Sum: 50315, Workers: 4
[7968.204s][debug][gc,phases      ] GC(222)   ResolvedMethodTable Weak       Min: 0.04, Avg: 0.04, Max: 0.04, Diff: 0.00, Sum: 0.15, Workers: 4
[7968.204s][debug][gc,phases      ] GC(222)     Dead                           Min: 0, Avg:  5.0, Max: 18, Diff: 18, Sum: 20, Workers: 4
[7968.204s][debug][gc,phases      ] GC(222)     Total                          Min: 3939, Avg: 4037.0, Max: 4159, Diff: 220, Sum: 16148, Workers: 4
[7968.204s][debug][gc,phases      ] GC(222)   JNI Weak                       Min: 0.00, Avg: 0.00, Max: 0.00, Diff: 0.00, Sum: 0.00, Workers: 4
[7968.204s][debug][gc,phases      ] GC(222)     Dead                           Min: 0, Avg:  0.0, Max: 0, Diff: 0, Sum: 0, Workers: 4
[7968.204s][debug][gc,phases      ] GC(222)     Total                          Min: 0, Avg: 13.0, Max: 52, Diff: 52, Sum: 52, Workers: 4
[7968.204s][debug][gc,phases      ] GC(222)   StringDedup Table Weak         Min: 0.00, Avg: 0.00, Max: 0.00, Diff: 0.00, Sum: 0.00, Workers: 4
[7968.204s][debug][gc,phases      ] GC(222)     Dead                           Min: 0, Avg:  0.0, Max: 0, Diff: 0, Sum: 0, Workers: 4
[7968.204s][debug][gc,phases      ] GC(222)     Total                          Min: 0, Avg:  0.0, Max: 0, Diff: 0, Sum: 0, Workers: 4
[7968.204s][debug][gc,phases      ] GC(222)   StringDedup Requests0 Weak     Min: 0.00, Avg: 0.00, Max: 0.00, Diff: 0.00, Sum: 0.00, Workers: 4
[7968.204s][debug][gc,phases      ] GC(222)     Dead                           Min: 0, Avg:  0.0, Max: 0, Diff: 0, Sum: 0, Workers: 4
[7968.204s][debug][gc,phases      ] GC(222)     Total                          Min: 0, Avg:  0.0, Max: 0, Diff: 0, Sum: 0, Workers: 4
[7968.204s][debug][gc,phases      ] GC(222)   StringDedup Requests1 Weak     Min: 0.00, Avg: 0.00, Max: 0.00, Diff: 0.00, Sum: 0.00, Workers: 4
[7968.204s][debug][gc,phases      ] GC(222)     Dead                           Min: 0, Avg:  0.0, Max: 0, Diff: 0, Sum: 0, Workers: 4
[7968.204s][debug][gc,phases      ] GC(222)     Total                          Min: 0, Avg:  0.0, Max: 0, Diff: 0, Sum: 0, Workers: 4
[7968.204s][debug][gc,phases      ] GC(222)   Weak JFR Old Object Samples    Min: 0.00, Avg: 0.00, Max: 0.00, Diff: 0.00, Sum: 0.00, Workers: 4
[7968.204s][debug][gc,phases      ] GC(222)     Dead                           Min: 0, Avg:  0.0, Max: 0, Diff: 0, Sum: 0, Workers: 4
[7968.204s][debug][gc,phases      ] GC(222)     Total                          Min: 0, Avg:  0.0, Max: 0, Diff: 0, Sum: 0, Workers: 4
[7968.204s][debug][gc,phases      ] GC(222) Weak Processing 0.356ms
[7968.204s][debug][gc,age         ] GC(222) Desired survivor size 3670016 bytes, new threshold 1 (max threshold 15)
[7968.204s][info ][gc,heap        ] GC(222) PSYoungGen: 2092560K(2093568K)->2192K(2093568K) Eden: 2089984K(2089984K)->0K(2089984K) From: 2576K(3584K)->2192K(3584K)
[7968.204s][info ][gc,heap        ] GC(222) ParOldGen: 638229K(837120K)->638653K(837120K)
[7968.204s][info ][gc,metaspace   ] GC(222) Metaspace: 110509K(111680K)->110509K(111680K) NonClass: 94628K(95296K)->94628K(95296K) Class: 15881K(16384K)->15881K(16384K)
[7968.204s][info ][gc             ] GC(222) Pause Young (Allocation Failure) 2666M->625M(2862M) 2.485ms
[7968.204s][info ][gc,cpu         ] GC(222) User=0.01s Sys=0.00s Real=0.00s
[7968.204s][info ][safepoint      ] Safepoint "ParallelCollectForAllocation", Time since last: 51008279214 ns, Reaching safepoint: 27700 ns, At safepoint: 2549499 ns, Leaving safepoint: 2600 ns, Total: 2579799 ns, Threads: 0 runnable, 34 total
[8018.895s][info ][gc,start       ] GC(223) Pause Young (Allocation Failure)
[8018.897s][debug][gc,phases      ] GC(223) Scavenge 1.943ms
[8018.897s][debug][gc,ref         ] GC(223) Skipped SoftWeakFinalRefsPhase of Reference Processing: no references
[8018.897s][debug][gc,ref         ] GC(223) Skipped KeepAliveFinalRefsPhase of Reference Processing: no references
[8018.897s][debug][gc,ref         ] GC(223) Skipped PhantomRefsPhase of Reference Processing: no references
[8018.897s][debug][gc,phases      ] GC(223) Reference Processing 0.022ms
[8018.897s][debug][gc,phases      ] GC(223)   VM Weak                        Min: 0.00, Avg: 0.00, Max: 0.00, Diff: 0.00, Sum: 0.01, Workers: 4
[8018.897s][debug][gc,phases      ] GC(223)     Dead                           Min: 0, Avg:  0.0, Max: 0, Diff: 0, Sum: 0, Workers: 4
[8018.897s][debug][gc,phases      ] GC(223)     Total                          Min: 0, Avg: 213.2, Max: 469, Diff: 469, Sum: 853, Workers: 4
[8018.898s][debug][gc,phases      ] GC(223)   ObjectSynchronizer Weak        Min: 0.00, Avg: 0.00, Max: 0.00, Diff: 0.00, Sum: 0.00, Workers: 4
[8018.898s][debug][gc,phases      ] GC(223)     Dead                           Min: 0, Avg:  0.0, Max: 0, Diff: 0, Sum: 0, Workers: 4
[8018.898s][debug][gc,phases      ] GC(223)     Total                          Min: 0, Avg:  1.2, Max: 5, Diff: 5, Sum: 5, Workers: 4
[8018.898s][debug][gc,phases      ] GC(223)   JVMTI Tag Weak OopStorage      Min: 0.00, Avg: 0.00, Max: 0.00, Diff: 0.00, Sum: 0.00, Workers: 4
[8018.898s][debug][gc,phases      ] GC(223)     Dead                           Min: 0, Avg:  0.0, Max: 0, Diff: 0, Sum: 0, Workers: 4
[8018.898s][debug][gc,phases      ] GC(223)     Total                          Min: 0, Avg:  0.0, Max: 0, Diff: 0, Sum: 0, Workers: 4
[8018.898s][debug][gc,phases      ] GC(223)   StringTable Weak               Min: 0.00, Avg: 0.09, Max: 0.13, Diff: 0.13, Sum: 0.38, Workers: 4
[8018.898s][debug][gc,phases      ] GC(223)     Dead                           Min: 0, Avg:  0.0, Max: 0, Diff: 0, Sum: 0, Workers: 4
[8018.898s][debug][gc,phases      ] GC(223)     Total                          Min: 0, Avg: 12578.8, Max: 21323, Diff: 21323, Sum: 50315, Workers: 4
[8018.898s][debug][gc,phases      ] GC(223)   ResolvedMethodTable Weak       Min: 0.00, Avg: 0.03, Max: 0.04, Diff: 0.04, Sum: 0.13, Workers: 4
[8018.898s][debug][gc,phases      ] GC(223)     Dead                           Min: 0, Avg:  5.0, Max: 11, Diff: 11, Sum: 20, Workers: 4
[8018.898s][debug][gc,phases      ] GC(223)     Total                          Min: 0, Avg: 4037.0, Max: 6772, Diff: 6772, Sum: 16148, Workers: 4
[8018.898s][debug][gc,phases      ] GC(223)   JNI Weak                       Min: 0.00, Avg: 0.00, Max: 0.00, Diff: 0.00, Sum: 0.00, Workers: 4
[8018.898s][debug][gc,phases      ] GC(223)     Dead                           Min: 0, Avg:  0.0, Max: 0, Diff: 0, Sum: 0, Workers: 4
[8018.898s][debug][gc,phases      ] GC(223)     Total                          Min: 0, Avg: 13.0, Max: 52, Diff: 52, Sum: 52, Workers: 4
[8018.898s][debug][gc,phases      ] GC(223)   StringDedup Table Weak         Min: 0.00, Avg: 0.00, Max: 0.00, Diff: 0.00, Sum: 0.00, Workers: 4
[8018.898s][debug][gc,phases      ] GC(223)     Dead                           Min: 0, Avg:  0.0, Max: 0, Diff: 0, Sum: 0, Workers: 4
[8018.898s][debug][gc,phases      ] GC(223)     Total                          Min: 0, Avg:  0.0, Max: 0, Diff: 0, Sum: 0, Workers: 4
[8018.898s][debug][gc,phases      ] GC(223)   StringDedup Requests0 Weak     Min: 0.00, Avg: 0.00, Max: 0.00, Diff: 0.00, Sum: 0.00, Workers: 4
[8018.898s][debug][gc,phases      ] GC(223)     Dead                           Min: 0, Avg:  0.0, Max: 0, Diff: 0, Sum: 0, Workers: 4
[8018.898s][debug][gc,phases      ] GC(223)     Total                          Min: 0, Avg:  0.0, Max: 0, Diff: 0, Sum: 0, Workers: 4
[8018.898s][debug][gc,phases      ] GC(223)   StringDedup Requests1 Weak     Min: 0.00, Avg: 0.00, Max: 0.00, Diff: 0.00, Sum: 0.00, Workers: 4
[8018.898s][debug][gc,phases      ] GC(223)     Dead                           Min: 0, Avg:  0.0, Max: 0, Diff: 0, Sum: 0, Workers: 4
[8018.898s][debug][gc,phases      ] GC(223)     Total                          Min: 0, Avg:  0.0, Max: 0, Diff: 0, Sum: 0, Workers: 4
[8018.898s][debug][gc,phases      ] GC(223)   Weak JFR Old Object Samples    Min: 0.00, Avg: 0.00, Max: 0.00, Diff: 0.00, Sum: 0.00, Workers: 4
[8018.898s][debug][gc,phases      ] GC(223)     Dead                           Min: 0, Avg:  0.0, Max: 0, Diff: 0, Sum: 0, Workers: 4
[8018.898s][debug][gc,phases      ] GC(223)     Total                          Min: 0, Avg:  0.0, Max: 0, Diff: 0, Sum: 0, Workers: 4
[8018.898s][debug][gc,phases      ] GC(223) Weak Processing 0.418ms
[8018.898s][debug][gc,age         ] GC(223) Desired survivor size 3670016 bytes, new threshold 1 (max threshold 15)
[8018.898s][info ][gc,heap        ] GC(223) PSYoungGen: 2092176K(2093568K)->1408K(2093568K) Eden: 2089984K(2089984K)->0K(2089984K) From: 2192K(3584K)->1408K(3584K)
[8018.898s][info ][gc,heap        ] GC(223) ParOldGen: 638653K(837120K)->640353K(837120K)
[8018.898s][info ][gc,metaspace   ] GC(223) Metaspace: 110509K(111680K)->110509K(111680K) NonClass: 94628K(95296K)->94628K(95296K) Class: 15881K(16384K)->15881K(16384K)
[8018.898s][info ][gc             ] GC(223) Pause Young (Allocation Failure) 2666M->626M(2862M) 2.501ms
[8018.898s][info ][gc,cpu         ] GC(223) User=0.01s Sys=0.00s Real=0.00s
[8018.898s][info ][safepoint      ] Safepoint "ParallelCollectForAllocation", Time since last: 50690812466 ns, Reaching safepoint: 78100 ns, At safepoint: 2582100 ns, Leaving safepoint: 8700 ns, Total: 2668900 ns, Threads: 1 runnable, 34 total
[8069.651s][info ][gc,start       ] GC(224) Pause Young (Allocation Failure)
[8069.653s][debug][gc,phases      ] GC(224) Scavenge 1.927ms
[8069.653s][debug][gc,ref         ] GC(224) Skipped SoftWeakFinalRefsPhase of Reference Processing: no references
[8069.653s][debug][gc,ref         ] GC(224) Skipped KeepAliveFinalRefsPhase of Reference Processing: no references
[8069.653s][debug][gc,ref         ] GC(224) Skipped PhantomRefsPhase of Reference Processing: no references
[8069.653s][debug][gc,phases      ] GC(224) Reference Processing 0.022ms
[8069.653s][debug][gc,phases      ] GC(224)   VM Weak                        Min: 0.00, Avg: 0.00, Max: 0.00, Diff: 0.00, Sum: 0.01, Workers: 4
[8069.653s][debug][gc,phases      ] GC(224)     Dead                           Min: 0, Avg:  0.0, Max: 0, Diff: 0, Sum: 0, Workers: 4
[8069.653s][debug][gc,phases      ] GC(224)     Total                          Min: 0, Avg: 213.2, Max: 448, Diff: 448, Sum: 853, Workers: 4
[8069.653s][debug][gc,phases      ] GC(224)   ObjectSynchronizer Weak        Min: 0.00, Avg: 0.00, Max: 0.00, Diff: 0.00, Sum: 0.00, Workers: 4
[8069.653s][debug][gc,phases      ] GC(224)     Dead                           Min: 0, Avg:  0.0, Max: 0, Diff: 0, Sum: 0, Workers: 4
[8069.653s][debug][gc,phases      ] GC(224)     Total                          Min: 0, Avg:  1.2, Max: 5, Diff: 5, Sum: 5, Workers: 4
[8069.653s][debug][gc,phases      ] GC(224)   JVMTI Tag Weak OopStorage      Min: 0.00, Avg: 0.00, Max: 0.00, Diff: 0.00, Sum: 0.00, Workers: 4
[8069.653s][debug][gc,phases      ] GC(224)     Dead                           Min: 0, Avg:  0.0, Max: 0, Diff: 0, Sum: 0, Workers: 4
[8069.653s][debug][gc,phases      ] GC(224)     Total                          Min: 0, Avg:  0.0, Max: 0, Diff: 0, Sum: 0, Workers: 4
[8069.653s][debug][gc,phases      ] GC(224)   StringTable Weak               Min: 0.09, Avg: 0.12, Max: 0.13, Diff: 0.04, Sum: 0.48, Workers: 4
[8069.653s][debug][gc,phases      ] GC(224)     Dead                           Min: 0, Avg:  0.0, Max: 0, Diff: 0, Sum: 0, Workers: 4
[8069.653s][debug][gc,phases      ] GC(224)     Total                          Min: 10240, Avg: 12578.8, Max: 13568, Diff: 3328, Sum: 50315, Workers: 4
[8069.653s][debug][gc,phases      ] GC(224)   ResolvedMethodTable Weak       Min: 0.04, Avg: 0.04, Max: 0.04, Diff: 0.00, Sum: 0.15, Workers: 4
[8069.653s][debug][gc,phases      ] GC(224)     Dead                           Min: 0, Avg:  5.0, Max: 15, Diff: 15, Sum: 20, Workers: 4
[8069.653s][debug][gc,phases      ] GC(224)     Total                          Min: 3899, Avg: 4037.0, Max: 4111, Diff: 212, Sum: 16148, Workers: 4
[8069.653s][debug][gc,phases      ] GC(224)   JNI Weak                       Min: 0.00, Avg: 0.00, Max: 0.00, Diff: 0.00, Sum: 0.00, Workers: 4
[8069.653s][debug][gc,phases      ] GC(224)     Dead                           Min: 0, Avg:  0.0, Max: 0, Diff: 0, Sum: 0, Workers: 4
[8069.653s][debug][gc,phases      ] GC(224)     Total                          Min: 0, Avg: 13.0, Max: 52, Diff: 52, Sum: 52, Workers: 4
[8069.653s][debug][gc,phases      ] GC(224)   StringDedup Table Weak         Min: 0.00, Avg: 0.00, Max: 0.00, Diff: 0.00, Sum: 0.00, Workers: 4
[8069.653s][debug][gc,phases      ] GC(224)     Dead                           Min: 0, Avg:  0.0, Max: 0, Diff: 0, Sum: 0, Workers: 4
[8069.653s][debug][gc,phases      ] GC(224)     Total                          Min: 0, Avg:  0.0, Max: 0, Diff: 0, Sum: 0, Workers: 4
[8069.653s][debug][gc,phases      ] GC(224)   StringDedup Requests0 Weak     Min: 0.00, Avg: 0.00, Max: 0.00, Diff: 0.00, Sum: 0.00, Workers: 4
[8069.653s][debug][gc,phases      ] GC(224)     Dead                           Min: 0, Avg:  0.0, Max: 0, Diff: 0, Sum: 0, Workers: 4
[8069.653s][debug][gc,phases      ] GC(224)     Total                          Min: 0, Avg:  0.0, Max: 0, Diff: 0, Sum: 0, Workers: 4
[8069.653s][debug][gc,phases      ] GC(224)   StringDedup Requests1 Weak     Min: 0.00, Avg: 0.00, Max: 0.00, Diff: 0.00, Sum: 0.00, Workers: 4
[8069.653s][debug][gc,phases      ] GC(224)     Dead                           Min: 0, Avg:  0.0, Max: 0, Diff: 0, Sum: 0, Workers: 4
[8069.653s][debug][gc,phases      ] GC(224)     Total                          Min: 0, Avg:  0.0, Max: 0, Diff: 0, Sum: 0, Workers: 4
[8069.653s][debug][gc,phases      ] GC(224)   Weak JFR Old Object Samples    Min: 0.00, Avg: 0.00, Max: 0.00, Diff: 0.00, Sum: 0.00, Workers: 4
[8069.653s][debug][gc,phases      ] GC(224)     Dead                           Min: 0, Avg:  0.0, Max: 0, Diff: 0, Sum: 0, Workers: 4
[8069.653s][debug][gc,phases      ] GC(224)     Total                          Min: 0, Avg:  0.0, Max: 0, Diff: 0, Sum: 0, Workers: 4
[8069.653s][debug][gc,phases      ] GC(224) Weak Processing 0.354ms
[8069.653s][debug][gc,age         ] GC(224) Desired survivor size 3670016 bytes, new threshold 1 (max threshold 15)
[8069.653s][info ][gc,heap        ] GC(224) PSYoungGen: 2091392K(2093568K)->2144K(2093568K) Eden: 2089984K(2089984K)->0K(2089984K) From: 1408K(3584K)->2144K(3584K)
[8069.653s][info ][gc,heap        ] GC(224) ParOldGen: 640353K(837120K)->640449K(837120K)
[8069.653s][info ][gc,metaspace   ] GC(224) Metaspace: 110509K(111680K)->110509K(111680K) NonClass: 94628K(95296K)->94628K(95296K) Class: 15881K(16384K)->15881K(16384K)
[8069.653s][info ][gc             ] GC(224) Pause Young (Allocation Failure) 2667M->627M(2862M) 2.409ms
[8069.653s][info ][gc,cpu         ] GC(224) User=0.01s Sys=0.00s Real=0.00s
[8069.653s][info ][safepoint      ] Safepoint "ParallelCollectForAllocation", Time since last: 50753089903 ns, Reaching safepoint: 37100 ns, At safepoint: 2477300 ns, Leaving safepoint: 1700 ns, Total: 2516100 ns, Threads: 0 runnable, 33 total
[8120.144s][info ][gc,start       ] GC(225) Pause Young (Allocation Failure)
[8120.146s][debug][gc,phases      ] GC(225) Scavenge 1.833ms
[8120.146s][debug][gc,ref         ] GC(225) Skipped SoftWeakFinalRefsPhase of Reference Processing: no references
[8120.146s][debug][gc,ref         ] GC(225) Skipped KeepAliveFinalRefsPhase of Reference Processing: no references
[8120.146s][debug][gc,ref         ] GC(225) Skipped PhantomRefsPhase of Reference Processing: no references
[8120.146s][debug][gc,phases      ] GC(225) Reference Processing 0.022ms
[8120.146s][debug][gc,phases      ] GC(225)   VM Weak                        Min: 0.00, Avg: 0.00, Max: 0.01, Diff: 0.01, Sum: 0.01, Workers: 4
[8120.146s][debug][gc,phases      ] GC(225)     Dead                           Min: 0, Avg:  0.0, Max: 0, Diff: 0, Sum: 0, Workers: 4
[8120.146s][debug][gc,phases      ] GC(225)     Total                          Min: 21, Avg: 213.2, Max: 704, Diff: 683, Sum: 853, Workers: 4
[8120.146s][debug][gc,phases      ] GC(225)   ObjectSynchronizer Weak        Min: 0.00, Avg: 0.00, Max: 0.00, Diff: 0.00, Sum: 0.00, Workers: 4
[8120.146s][debug][gc,phases      ] GC(225)     Dead                           Min: 0, Avg:  0.0, Max: 0, Diff: 0, Sum: 0, Workers: 4
[8120.146s][debug][gc,phases      ] GC(225)     Total                          Min: 0, Avg:  1.2, Max: 5, Diff: 5, Sum: 5, Workers: 4
[8120.146s][debug][gc,phases      ] GC(225)   JVMTI Tag Weak OopStorage      Min: 0.00, Avg: 0.00, Max: 0.00, Diff: 0.00, Sum: 0.00, Workers: 4
[8120.146s][debug][gc,phases      ] GC(225)     Dead                           Min: 0, Avg:  0.0, Max: 0, Diff: 0, Sum: 0, Workers: 4
[8120.146s][debug][gc,phases      ] GC(225)     Total                          Min: 0, Avg:  0.0, Max: 0, Diff: 0, Sum: 0, Workers: 4
[8120.146s][debug][gc,phases      ] GC(225)   StringTable Weak               Min: 0.11, Avg: 0.12, Max: 0.12, Diff: 0.00, Sum: 0.46, Workers: 4
[8120.146s][debug][gc,phases      ] GC(225)     Dead                           Min: 0, Avg:  0.0, Max: 0, Diff: 0, Sum: 0, Workers: 4
[8120.146s][debug][gc,phases      ] GC(225)     Total                          Min: 12480, Avg: 12578.8, Max: 12800, Diff: 320, Sum: 50315, Workers: 4
[8120.146s][debug][gc,phases      ] GC(225)   ResolvedMethodTable Weak       Min: 0.04, Avg: 0.04, Max: 0.04, Diff: 0.00, Sum: 0.16, Workers: 4
[8120.146s][debug][gc,phases      ] GC(225)     Dead                           Min: 0, Avg:  5.0, Max: 15, Diff: 15, Sum: 20, Workers: 4
[8120.146s][debug][gc,phases      ] GC(225)     Total                          Min: 3974, Avg: 4037.0, Max: 4114, Diff: 140, Sum: 16148, Workers: 4
[8120.146s][debug][gc,phases      ] GC(225)   JNI Weak                       Min: 0.00, Avg: 0.00, Max: 0.00, Diff: 0.00, Sum: 0.00, Workers: 4
[8120.146s][debug][gc,phases      ] GC(225)     Dead                           Min: 0, Avg:  0.0, Max: 0, Diff: 0, Sum: 0, Workers: 4
[8120.146s][debug][gc,phases      ] GC(225)     Total                          Min: 0, Avg: 13.0, Max: 52, Diff: 52, Sum: 52, Workers: 4
[8120.146s][debug][gc,phases      ] GC(225)   StringDedup Table Weak         Min: 0.00, Avg: 0.00, Max: 0.00, Diff: 0.00, Sum: 0.00, Workers: 4
[8120.146s][debug][gc,phases      ] GC(225)     Dead                           Min: 0, Avg:  0.0, Max: 0, Diff: 0, Sum: 0, Workers: 4
[8120.146s][debug][gc,phases      ] GC(225)     Total                          Min: 0, Avg:  0.0, Max: 0, Diff: 0, Sum: 0, Workers: 4
[8120.146s][debug][gc,phases      ] GC(225)   StringDedup Requests0 Weak     Min: 0.00, Avg: 0.00, Max: 0.00, Diff: 0.00, Sum: 0.00, Workers: 4
[8120.146s][debug][gc,phases      ] GC(225)     Dead                           Min: 0, Avg:  0.0, Max: 0, Diff: 0, Sum: 0, Workers: 4
[8120.146s][debug][gc,phases      ] GC(225)     Total                          Min: 0, Avg:  0.0, Max: 0, Diff: 0, Sum: 0, Workers: 4
[8120.146s][debug][gc,phases      ] GC(225)   StringDedup Requests1 Weak     Min: 0.00, Avg: 0.00, Max: 0.00, Diff: 0.00, Sum: 0.00, Workers: 4
[8120.146s][debug][gc,phases      ] GC(225)     Dead                           Min: 0, Avg:  0.0, Max: 0, Diff: 0, Sum: 0, Workers: 4
[8120.146s][debug][gc,phases      ] GC(225)     Total                          Min: 0, Avg:  0.0, Max: 0, Diff: 0, Sum: 0, Workers: 4
[8120.146s][debug][gc,phases      ] GC(225)   Weak JFR Old Object Samples    Min: 0.00, Avg: 0.00, Max: 0.00, Diff: 0.00, Sum: 0.00, Workers: 4
[8120.146s][debug][gc,phases      ] GC(225)     Dead                           Min: 0, Avg:  0.0, Max: 0, Diff: 0, Sum: 0, Workers: 4
[8120.146s][debug][gc,phases      ] GC(225)     Total                          Min: 0, Avg:  0.0, Max: 0, Diff: 0, Sum: 0, Workers: 4
[8120.146s][debug][gc,phases      ] GC(225) Weak Processing 0.384ms
[8120.146s][debug][gc,age         ] GC(225) Desired survivor size 3670016 bytes, new threshold 1 (max threshold 15)
[8120.146s][info ][gc,heap        ] GC(225) PSYoungGen: 2092128K(2093568K)->2320K(2093568K) Eden: 2089984K(2089984K)->0K(2089984K) From: 2144K(3584K)->2320K(3584K)
[8120.146s][info ][gc,heap        ] GC(225) ParOldGen: 640449K(837120K)->640529K(837120K)
[8120.146s][info ][gc,metaspace   ] GC(225) Metaspace: 110512K(111680K)->110512K(111680K) NonClass: 94630K(95296K)->94630K(95296K) Class: 15881K(16384K)->15881K(16384K)
[8120.146s][info ][gc             ] GC(225) Pause Young (Allocation Failure) 2668M->627M(2862M) 2.366ms
[8120.146s][info ][gc,cpu         ] GC(225) User=0.01s Sys=0.00s Real=0.00s
[8120.146s][info ][safepoint      ] Safepoint "ParallelCollectForAllocation", Time since last: 50490232978 ns, Reaching safepoint: 79800 ns, At safepoint: 2431399 ns, Leaving safepoint: 5700 ns, Total: 2516899 ns, Threads: 1 runnable, 38 total
[8171.246s][info ][gc,start       ] GC(226) Pause Young (Allocation Failure)
[8171.248s][debug][gc,phases      ] GC(226) Scavenge 2.551ms
[8171.248s][debug][gc,ref         ] GC(226) Skipped SoftWeakFinalRefsPhase of Reference Processing: no references
[8171.248s][debug][gc,ref         ] GC(226) Skipped KeepAliveFinalRefsPhase of Reference Processing: no references
[8171.248s][debug][gc,ref         ] GC(226) Skipped PhantomRefsPhase of Reference Processing: no references
[8171.248s][debug][gc,phases      ] GC(226) Reference Processing 0.022ms
[8171.248s][debug][gc,phases      ] GC(226)   VM Weak                        Min: 0.00, Avg: 0.00, Max: 0.01, Diff: 0.01, Sum: 0.01, Workers: 4
[8171.248s][debug][gc,phases      ] GC(226)     Dead                           Min: 0, Avg:  0.0, Max: 0, Diff: 0, Sum: 0, Workers: 4
[8171.248s][debug][gc,phases      ] GC(226)     Total                          Min: 0, Avg: 213.2, Max: 661, Diff: 661, Sum: 853, Workers: 4
[8171.248s][debug][gc,phases      ] GC(226)   ObjectSynchronizer Weak        Min: 0.00, Avg: 0.00, Max: 0.00, Diff: 0.00, Sum: 0.00, Workers: 4
[8171.248s][debug][gc,phases      ] GC(226)     Dead                           Min: 0, Avg:  0.0, Max: 0, Diff: 0, Sum: 0, Workers: 4
[8171.248s][debug][gc,phases      ] GC(226)     Total                          Min: 0, Avg:  1.2, Max: 5, Diff: 5, Sum: 5, Workers: 4
[8171.248s][debug][gc,phases      ] GC(226)   JVMTI Tag Weak OopStorage      Min: 0.00, Avg: 0.00, Max: 0.00, Diff: 0.00, Sum: 0.00, Workers: 4
[8171.248s][debug][gc,phases      ] GC(226)     Dead                           Min: 0, Avg:  0.0, Max: 0, Diff: 0, Sum: 0, Workers: 4
[8171.248s][debug][gc,phases      ] GC(226)     Total                          Min: 0, Avg:  0.0, Max: 0, Diff: 0, Sum: 0, Workers: 4
[8171.248s][debug][gc,phases      ] GC(226)   StringTable Weak               Min: 0.00, Avg: 0.10, Max: 0.14, Diff: 0.14, Sum: 0.41, Workers: 4
[8171.248s][debug][gc,phases      ] GC(226)     Dead                           Min: 0, Avg:  0.0, Max: 0, Diff: 0, Sum: 0, Workers: 4
[8171.248s][debug][gc,phases      ] GC(226)     Total                          Min: 0, Avg: 12578.8, Max: 21387, Diff: 21387, Sum: 50315, Workers: 4
[8171.248s][debug][gc,phases      ] GC(226)   ResolvedMethodTable Weak       Min: 0.00, Avg: 0.03, Max: 0.04, Diff: 0.04, Sum: 0.13, Workers: 4
[8171.248s][debug][gc,phases      ] GC(226)     Dead                           Min: 0, Avg:  5.0, Max: 15, Diff: 15, Sum: 20, Workers: 4
[8171.249s][debug][gc,phases      ] GC(226)     Total                          Min: 0, Avg: 4037.0, Max: 6895, Diff: 6895, Sum: 16148, Workers: 4
[8171.249s][debug][gc,phases      ] GC(226)   JNI Weak                       Min: 0.00, Avg: 0.00, Max: 0.00, Diff: 0.00, Sum: 0.00, Workers: 4
[8171.249s][debug][gc,phases      ] GC(226)     Dead                           Min: 0, Avg:  0.0, Max: 0, Diff: 0, Sum: 0, Workers: 4
[8171.249s][debug][gc,phases      ] GC(226)     Total                          Min: 0, Avg: 13.0, Max: 52, Diff: 52, Sum: 52, Workers: 4
[8171.249s][debug][gc,phases      ] GC(226)   StringDedup Table Weak         Min: 0.00, Avg: 0.00, Max: 0.00, Diff: 0.00, Sum: 0.00, Workers: 4
[8171.249s][debug][gc,phases      ] GC(226)     Dead                           Min: 0, Avg:  0.0, Max: 0, Diff: 0, Sum: 0, Workers: 4
[8171.249s][debug][gc,phases      ] GC(226)     Total                          Min: 0, Avg:  0.0, Max: 0, Diff: 0, Sum: 0, Workers: 4
[8171.249s][debug][gc,phases      ] GC(226)   StringDedup Requests0 Weak     Min: 0.00, Avg: 0.00, Max: 0.00, Diff: 0.00, Sum: 0.00, Workers: 4
[8171.249s][debug][gc,phases      ] GC(226)     Dead                           Min: 0, Avg:  0.0, Max: 0, Diff: 0, Sum: 0, Workers: 4
[8171.249s][debug][gc,phases      ] GC(226)     Total                          Min: 0, Avg:  0.0, Max: 0, Diff: 0, Sum: 0, Workers: 4
[8171.249s][debug][gc,phases      ] GC(226)   StringDedup Requests1 Weak     Min: 0.00, Avg: 0.00, Max: 0.00, Diff: 0.00, Sum: 0.00, Workers: 4
[8171.249s][debug][gc,phases      ] GC(226)     Dead                           Min: 0, Avg:  0.0, Max: 0, Diff: 0, Sum: 0, Workers: 4
[8171.249s][debug][gc,phases      ] GC(226)     Total                          Min: 0, Avg:  0.0, Max: 0, Diff: 0, Sum: 0, Workers: 4
[8171.249s][debug][gc,phases      ] GC(226)   Weak JFR Old Object Samples    Min: 0.00, Avg: 0.00, Max: 0.00, Diff: 0.00, Sum: 0.00, Workers: 4
[8171.249s][debug][gc,phases      ] GC(226)     Dead                           Min: 0, Avg:  0.0, Max: 0, Diff: 0, Sum: 0, Workers: 4
[8171.249s][debug][gc,phases      ] GC(226)     Total                          Min: 0, Avg:  0.0, Max: 0, Diff: 0, Sum: 0, Workers: 4
[8171.249s][debug][gc,phases      ] GC(226) Weak Processing 0.368ms
[8171.249s][debug][gc,age         ] GC(226) Desired survivor size 3145728 bytes, new threshold 1 (max threshold 15)
[8171.249s][info ][gc,heap        ] GC(226) PSYoungGen: 2092304K(2093568K)->2272K(2093568K) Eden: 2089984K(2089984K)->0K(2089984K) From: 2320K(3584K)->2272K(3584K)
[8171.249s][info ][gc,heap        ] GC(226) ParOldGen: 640529K(837120K)->640637K(837120K)
[8171.249s][info ][gc,metaspace   ] GC(226) Metaspace: 110512K(111680K)->110512K(111680K) NonClass: 94630K(95296K)->94630K(95296K) Class: 15881K(16384K)->15881K(16384K)
[8171.249s][info ][gc             ] GC(226) Pause Young (Allocation Failure) 2668M->627M(2862M) 3.067ms
[8171.249s][info ][gc,cpu         ] GC(226) User=0.01s Sys=0.00s Real=0.00s
[8171.249s][info ][safepoint      ] Safepoint "ParallelCollectForAllocation", Time since last: 51099314184 ns, Reaching safepoint: 78500 ns, At safepoint: 3129800 ns, Leaving safepoint: 6800 ns, Total: 3215100 ns, Threads: 1 runnable, 34 total
[8221.257s][info ][gc,start       ] GC(227) Pause Young (Allocation Failure)
[8221.259s][debug][gc,phases      ] GC(227) Scavenge 1.819ms
[8221.259s][debug][gc,ref         ] GC(227) Skipped SoftWeakFinalRefsPhase of Reference Processing: no references
[8221.259s][debug][gc,ref         ] GC(227) Skipped KeepAliveFinalRefsPhase of Reference Processing: no references
[8221.259s][debug][gc,ref         ] GC(227) Skipped PhantomRefsPhase of Reference Processing: no references
[8221.259s][debug][gc,phases      ] GC(227) Reference Processing 0.047ms
[8221.259s][debug][gc,phases      ] GC(227)   VM Weak                        Min: 0.00, Avg: 0.00, Max: 0.01, Diff: 0.01, Sum: 0.01, Workers: 4
[8221.259s][debug][gc,phases      ] GC(227)     Dead                           Min: 0, Avg:  0.0, Max: 0, Diff: 0, Sum: 0, Workers: 4
[8221.259s][debug][gc,phases      ] GC(227)     Total                          Min: 0, Avg: 213.2, Max: 597, Diff: 597, Sum: 853, Workers: 4
[8221.259s][debug][gc,phases      ] GC(227)   ObjectSynchronizer Weak        Min: 0.00, Avg: 0.00, Max: 0.00, Diff: 0.00, Sum: 0.00, Workers: 4
[8221.259s][debug][gc,phases      ] GC(227)     Dead                           Min: 0, Avg:  0.0, Max: 0, Diff: 0, Sum: 0, Workers: 4
[8221.259s][debug][gc,phases      ] GC(227)     Total                          Min: 0, Avg:  1.2, Max: 5, Diff: 5, Sum: 5, Workers: 4
[8221.259s][debug][gc,phases      ] GC(227)   JVMTI Tag Weak OopStorage      Min: 0.00, Avg: 0.00, Max: 0.00, Diff: 0.00, Sum: 0.00, Workers: 4
[8221.259s][debug][gc,phases      ] GC(227)     Dead                           Min: 0, Avg:  0.0, Max: 0, Diff: 0, Sum: 0, Workers: 4
[8221.259s][debug][gc,phases      ] GC(227)     Total                          Min: 0, Avg:  0.0, Max: 0, Diff: 0, Sum: 0, Workers: 4
[8221.259s][debug][gc,phases      ] GC(227)   StringTable Weak               Min: 0.11, Avg: 0.11, Max: 0.11, Diff: 0.00, Sum: 0.46, Workers: 4
[8221.259s][debug][gc,phases      ] GC(227)     Dead                           Min: 0, Avg:  0.0, Max: 0, Diff: 0, Sum: 0, Workers: 4
[8221.259s][debug][gc,phases      ] GC(227)     Total                          Min: 12416, Avg: 12578.8, Max: 12736, Diff: 320, Sum: 50315, Workers: 4
[8221.259s][debug][gc,phases      ] GC(227)   ResolvedMethodTable Weak       Min: 0.04, Avg: 0.04, Max: 0.04, Diff: 0.00, Sum: 0.15, Workers: 4
[8221.259s][debug][gc,phases      ] GC(227)     Dead                           Min: 0, Avg:  5.0, Max: 16, Diff: 16, Sum: 20, Workers: 4
[8221.259s][debug][gc,phases      ] GC(227)     Total                          Min: 3981, Avg: 4037.0, Max: 4130, Diff: 149, Sum: 16148, Workers: 4
[8221.259s][debug][gc,phases      ] GC(227)   JNI Weak                       Min: 0.00, Avg: 0.00, Max: 0.00, Diff: 0.00, Sum: 0.00, Workers: 4
[8221.259s][debug][gc,phases      ] GC(227)     Dead                           Min: 0, Avg:  0.0, Max: 0, Diff: 0, Sum: 0, Workers: 4
[8221.259s][debug][gc,phases      ] GC(227)     Total                          Min: 0, Avg: 13.0, Max: 52, Diff: 52, Sum: 52, Workers: 4
[8221.259s][debug][gc,phases      ] GC(227)   StringDedup Table Weak         Min: 0.00, Avg: 0.00, Max: 0.00, Diff: 0.00, Sum: 0.00, Workers: 4
[8221.259s][debug][gc,phases      ] GC(227)     Dead                           Min: 0, Avg:  0.0, Max: 0, Diff: 0, Sum: 0, Workers: 4
[8221.259s][debug][gc,phases      ] GC(227)     Total                          Min: 0, Avg:  0.0, Max: 0, Diff: 0, Sum: 0, Workers: 4
[8221.259s][debug][gc,phases      ] GC(227)   StringDedup Requests0 Weak     Min: 0.00, Avg: 0.00, Max: 0.00, Diff: 0.00, Sum: 0.00, Workers: 4
[8221.259s][debug][gc,phases      ] GC(227)     Dead                           Min: 0, Avg:  0.0, Max: 0, Diff: 0, Sum: 0, Workers: 4
[8221.259s][debug][gc,phases      ] GC(227)     Total                          Min: 0, Avg:  0.0, Max: 0, Diff: 0, Sum: 0, Workers: 4
[8221.259s][debug][gc,phases      ] GC(227)   StringDedup Requests1 Weak     Min: 0.00, Avg: 0.00, Max: 0.00, Diff: 0.00, Sum: 0.00, Workers: 4
[8221.259s][debug][gc,phases      ] GC(227)     Dead                           Min: 0, Avg:  0.0, Max: 0, Diff: 0, Sum: 0, Workers: 4
[8221.259s][debug][gc,phases      ] GC(227)     Total                          Min: 0, Avg:  0.0, Max: 0, Diff: 0, Sum: 0, Workers: 4
[8221.259s][debug][gc,phases      ] GC(227)   Weak JFR Old Object Samples    Min: 0.00, Avg: 0.00, Max: 0.00, Diff: 0.00, Sum: 0.00, Workers: 4
[8221.259s][debug][gc,phases      ] GC(227)     Dead                           Min: 0, Avg:  0.0, Max: 0, Diff: 0, Sum: 0, Workers: 4
[8221.259s][debug][gc,phases      ] GC(227)     Total                          Min: 0, Avg:  0.0, Max: 0, Diff: 0, Sum: 0, Workers: 4
[8221.259s][debug][gc,phases      ] GC(227) Weak Processing 0.351ms
[8221.259s][debug][gc,age         ] GC(227) Desired survivor size 3145728 bytes, new threshold 1 (max threshold 15)
[8221.259s][info ][gc,heap        ] GC(227) PSYoungGen: 2092256K(2093568K)->2352K(2094080K) Eden: 2089984K(2089984K)->0K(2091008K) From: 2272K(3584K)->2352K(3072K)
[8221.259s][info ][gc,heap        ] GC(227) ParOldGen: 640637K(837120K)->640717K(837120K)
[8221.259s][info ][gc,metaspace   ] GC(227) Metaspace: 110512K(111680K)->110512K(111680K) NonClass: 94630K(95296K)->94630K(95296K) Class: 15881K(16384K)->15881K(16384K)
[8221.259s][info ][gc             ] GC(227) Pause Young (Allocation Failure) 2668M->627M(2862M) 2.346ms
[8221.259s][info ][gc,cpu         ] GC(227) User=0.01s Sys=0.00s Real=0.01s
[8221.259s][info ][safepoint      ] Safepoint "ParallelCollectForAllocation", Time since last: 50008058308 ns, Reaching safepoint: 8300 ns, At safepoint: 2424600 ns, Leaving safepoint: 2600 ns, Total: 2435500 ns, Threads: 0 runnable, 33 total
[8272.144s][info ][gc,start       ] GC(228) Pause Young (Allocation Failure)
[8272.146s][debug][gc,phases      ] GC(228) Scavenge 2.216ms
[8272.146s][debug][gc,ref         ] GC(228) Skipped SoftWeakFinalRefsPhase of Reference Processing: no references
[8272.146s][debug][gc,ref         ] GC(228) Skipped KeepAliveFinalRefsPhase of Reference Processing: no references
[8272.146s][debug][gc,ref         ] GC(228) Skipped PhantomRefsPhase of Reference Processing: no references
[8272.146s][debug][gc,phases      ] GC(228) Reference Processing 0.022ms
[8272.146s][debug][gc,phases      ] GC(228)   VM Weak                        Min: 0.00, Avg: 0.00, Max: 0.01, Diff: 0.01, Sum: 0.01, Workers: 4
[8272.146s][debug][gc,phases      ] GC(228)     Dead                           Min: 0, Avg:  0.0, Max: 0, Diff: 0, Sum: 0, Workers: 4
[8272.146s][debug][gc,phases      ] GC(228)     Total                          Min: 0, Avg: 213.2, Max: 640, Diff: 640, Sum: 853, Workers: 4
[8272.146s][debug][gc,phases      ] GC(228)   ObjectSynchronizer Weak        Min: 0.00, Avg: 0.00, Max: 0.00, Diff: 0.00, Sum: 0.00, Workers: 4
[8272.146s][debug][gc,phases      ] GC(228)     Dead                           Min: 0, Avg:  0.0, Max: 0, Diff: 0, Sum: 0, Workers: 4
[8272.146s][debug][gc,phases      ] GC(228)     Total                          Min: 0, Avg:  1.5, Max: 6, Diff: 6, Sum: 6, Workers: 4
[8272.146s][debug][gc,phases      ] GC(228)   JVMTI Tag Weak OopStorage      Min: 0.00, Avg: 0.00, Max: 0.00, Diff: 0.00, Sum: 0.00, Workers: 4
[8272.146s][debug][gc,phases      ] GC(228)     Dead                           Min: 0, Avg:  0.0, Max: 0, Diff: 0, Sum: 0, Workers: 4
[8272.146s][debug][gc,phases      ] GC(228)     Total                          Min: 0, Avg:  0.0, Max: 0, Diff: 0, Sum: 0, Workers: 4
[8272.146s][debug][gc,phases      ] GC(228)   StringTable Weak               Min: 0.13, Avg: 0.13, Max: 0.13, Diff: 0.00, Sum: 0.50, Workers: 4
[8272.146s][debug][gc,phases      ] GC(228)     Dead                           Min: 0, Avg:  0.0, Max: 0, Diff: 0, Sum: 0, Workers: 4
[8272.146s][debug][gc,phases      ] GC(228)     Total                          Min: 12299, Avg: 12578.8, Max: 12864, Diff: 565, Sum: 50315, Workers: 4
[8272.146s][debug][gc,phases      ] GC(228)   ResolvedMethodTable Weak       Min: 0.04, Avg: 0.04, Max: 0.04, Diff: 0.00, Sum: 0.15, Workers: 4
[8272.146s][debug][gc,phases      ] GC(228)     Dead                           Min: 0, Avg:  5.0, Max: 13, Diff: 13, Sum: 20, Workers: 4
[8272.146s][debug][gc,phases      ] GC(228)     Total                          Min: 3865, Avg: 4037.0, Max: 4334, Diff: 469, Sum: 16148, Workers: 4
[8272.146s][debug][gc,phases      ] GC(228)   JNI Weak                       Min: 0.00, Avg: 0.00, Max: 0.00, Diff: 0.00, Sum: 0.00, Workers: 4
[8272.146s][debug][gc,phases      ] GC(228)     Dead                           Min: 0, Avg:  0.0, Max: 0, Diff: 0, Sum: 0, Workers: 4
[8272.146s][debug][gc,phases      ] GC(228)     Total                          Min: 0, Avg: 13.0, Max: 52, Diff: 52, Sum: 52, Workers: 4
[8272.146s][debug][gc,phases      ] GC(228)   StringDedup Table Weak         Min: 0.00, Avg: 0.00, Max: 0.00, Diff: 0.00, Sum: 0.00, Workers: 4
[8272.146s][debug][gc,phases      ] GC(228)     Dead                           Min: 0, Avg:  0.0, Max: 0, Diff: 0, Sum: 0, Workers: 4
[8272.146s][debug][gc,phases      ] GC(228)     Total                          Min: 0, Avg:  0.0, Max: 0, Diff: 0, Sum: 0, Workers: 4
[8272.146s][debug][gc,phases      ] GC(228)   StringDedup Requests0 Weak     Min: 0.00, Avg: 0.00, Max: 0.00, Diff: 0.00, Sum: 0.00, Workers: 4
[8272.146s][debug][gc,phases      ] GC(228)     Dead                           Min: 0, Avg:  0.0, Max: 0, Diff: 0, Sum: 0, Workers: 4
[8272.146s][debug][gc,phases      ] GC(228)     Total                          Min: 0, Avg:  0.0, Max: 0, Diff: 0, Sum: 0, Workers: 4
[8272.146s][debug][gc,phases      ] GC(228)   StringDedup Requests1 Weak     Min: 0.00, Avg: 0.00, Max: 0.00, Diff: 0.00, Sum: 0.00, Workers: 4
[8272.146s][debug][gc,phases      ] GC(228)     Dead                           Min: 0, Avg:  0.0, Max: 0, Diff: 0, Sum: 0, Workers: 4
[8272.146s][debug][gc,phases      ] GC(228)     Total                          Min: 0, Avg:  0.0, Max: 0, Diff: 0, Sum: 0, Workers: 4
[8272.146s][debug][gc,phases      ] GC(228)   Weak JFR Old Object Samples    Min: 0.00, Avg: 0.00, Max: 0.00, Diff: 0.00, Sum: 0.00, Workers: 4
[8272.146s][debug][gc,phases      ] GC(228)     Dead                           Min: 0, Avg:  0.0, Max: 0, Diff: 0, Sum: 0, Workers: 4
[8272.146s][debug][gc,phases      ] GC(228)     Total                          Min: 0, Avg:  0.0, Max: 0, Diff: 0, Sum: 0, Workers: 4
[8272.146s][debug][gc,phases      ] GC(228) Weak Processing 0.362ms
[8272.146s][debug][gc,age         ] GC(228) Desired survivor size 3670016 bytes, new threshold 1 (max threshold 15)
[8272.146s][info ][gc,heap        ] GC(228) PSYoungGen: 2093360K(2094080K)->704K(2092032K) Eden: 2091008K(2091008K)->0K(2091008K) From: 2352K(3072K)->704K(1024K)
[8272.146s][info ][gc,heap        ] GC(228) ParOldGen: 640717K(837120K)->642365K(837120K)
[8272.146s][info ][gc,metaspace   ] GC(228) Metaspace: 110512K(111680K)->110512K(111680K) NonClass: 94630K(95296K)->94630K(95296K) Class: 15881K(16384K)->15881K(16384K)
[8272.146s][info ][gc             ] GC(228) Pause Young (Allocation Failure) 2669M->627M(2860M) 2.716ms
[8272.146s][info ][gc,cpu         ] GC(228) User=0.01s Sys=0.00s Real=0.00s
[8272.146s][info ][safepoint      ] Safepoint "ParallelCollectForAllocation", Time since last: 50884254304 ns, Reaching safepoint: 106400 ns, At safepoint: 2782500 ns, Leaving safepoint: 8200 ns, Total: 2897100 ns, Threads: 1 runnable, 34 total
[8323.279s][info ][gc,start       ] GC(229) Pause Young (Allocation Failure)
[8323.281s][debug][gc,phases      ] GC(229) Scavenge 1.790ms
[8323.281s][debug][gc,ref         ] GC(229) Skipped SoftWeakFinalRefsPhase of Reference Processing: no references
[8323.281s][debug][gc,ref         ] GC(229) Skipped KeepAliveFinalRefsPhase of Reference Processing: no references
[8323.281s][debug][gc,ref         ] GC(229) Skipped PhantomRefsPhase of Reference Processing: no references
[8323.281s][debug][gc,phases      ] GC(229) Reference Processing 0.022ms
[8323.281s][debug][gc,phases      ] GC(229)   VM Weak                        Min: 0.00, Avg: 0.00, Max: 0.01, Diff: 0.01, Sum: 0.01, Workers: 4
[8323.281s][debug][gc,phases      ] GC(229)     Dead                           Min: 0, Avg:  0.0, Max: 0, Diff: 0, Sum: 0, Workers: 4
[8323.281s][debug][gc,phases      ] GC(229)     Total                          Min: 0, Avg: 213.2, Max: 533, Diff: 533, Sum: 853, Workers: 4
[8323.281s][debug][gc,phases      ] GC(229)   ObjectSynchronizer Weak        Min: 0.00, Avg: 0.00, Max: 0.00, Diff: 0.00, Sum: 0.00, Workers: 4
[8323.281s][debug][gc,phases      ] GC(229)     Dead                           Min: 0, Avg:  0.0, Max: 0, Diff: 0, Sum: 0, Workers: 4
[8323.281s][debug][gc,phases      ] GC(229)     Total                          Min: 0, Avg:  1.2, Max: 5, Diff: 5, Sum: 5, Workers: 4
[8323.281s][debug][gc,phases      ] GC(229)   JVMTI Tag Weak OopStorage      Min: 0.00, Avg: 0.00, Max: 0.00, Diff: 0.00, Sum: 0.00, Workers: 4
[8323.281s][debug][gc,phases      ] GC(229)     Dead                           Min: 0, Avg:  0.0, Max: 0, Diff: 0, Sum: 0, Workers: 4
[8323.281s][debug][gc,phases      ] GC(229)     Total                          Min: 0, Avg:  0.0, Max: 0, Diff: 0, Sum: 0, Workers: 4
[8323.281s][debug][gc,phases      ] GC(229)   StringTable Weak               Min: 0.00, Avg: 0.09, Max: 0.13, Diff: 0.13, Sum: 0.38, Workers: 4
[8323.281s][debug][gc,phases      ] GC(229)     Dead                           Min: 0, Avg:  0.0, Max: 0, Diff: 0, Sum: 0, Workers: 4
[8323.281s][debug][gc,phases      ] GC(229)     Total                          Min: 0, Avg: 12579.2, Max: 22016, Diff: 22016, Sum: 50317, Workers: 4
[8323.281s][debug][gc,phases      ] GC(229)   ResolvedMethodTable Weak       Min: 0.00, Avg: 0.03, Max: 0.04, Diff: 0.04, Sum: 0.13, Workers: 4
[8323.281s][debug][gc,phases      ] GC(229)     Dead                           Min: 0, Avg:  5.0, Max: 20, Diff: 20, Sum: 20, Workers: 4
[8323.281s][debug][gc,phases      ] GC(229)     Total                          Min: 0, Avg: 4037.0, Max: 7070, Diff: 7070, Sum: 16148, Workers: 4
[8323.281s][debug][gc,phases      ] GC(229)   JNI Weak                       Min: 0.00, Avg: 0.00, Max: 0.00, Diff: 0.00, Sum: 0.00, Workers: 4
[8323.281s][debug][gc,phases      ] GC(229)     Dead                           Min: 0, Avg:  0.0, Max: 0, Diff: 0, Sum: 0, Workers: 4
[8323.281s][debug][gc,phases      ] GC(229)     Total                          Min: 0, Avg: 13.0, Max: 52, Diff: 52, Sum: 52, Workers: 4
[8323.281s][debug][gc,phases      ] GC(229)   StringDedup Table Weak         Min: 0.00, Avg: 0.00, Max: 0.00, Diff: 0.00, Sum: 0.00, Workers: 4
[8323.281s][debug][gc,phases      ] GC(229)     Dead                           Min: 0, Avg:  0.0, Max: 0, Diff: 0, Sum: 0, Workers: 4
[8323.281s][debug][gc,phases      ] GC(229)     Total                          Min: 0, Avg:  0.0, Max: 0, Diff: 0, Sum: 0, Workers: 4
[8323.281s][debug][gc,phases      ] GC(229)   StringDedup Requests0 Weak     Min: 0.00, Avg: 0.00, Max: 0.00, Diff: 0.00, Sum: 0.00, Workers: 4
[8323.281s][debug][gc,phases      ] GC(229)     Dead                           Min: 0, Avg:  0.0, Max: 0, Diff: 0, Sum: 0, Workers: 4
[8323.281s][debug][gc,phases      ] GC(229)     Total                          Min: 0, Avg:  0.0, Max: 0, Diff: 0, Sum: 0, Workers: 4
[8323.281s][debug][gc,phases      ] GC(229)   StringDedup Requests1 Weak     Min: 0.00, Avg: 0.00, Max: 0.00, Diff: 0.00, Sum: 0.00, Workers: 4
[8323.281s][debug][gc,phases      ] GC(229)     Dead                           Min: 0, Avg:  0.0, Max: 0, Diff: 0, Sum: 0, Workers: 4
[8323.281s][debug][gc,phases      ] GC(229)     Total                          Min: 0, Avg:  0.0, Max: 0, Diff: 0, Sum: 0, Workers: 4
[8323.281s][debug][gc,phases      ] GC(229)   Weak JFR Old Object Samples    Min: 0.00, Avg: 0.00, Max: 0.00, Diff: 0.00, Sum: 0.00, Workers: 4
[8323.281s][debug][gc,phases      ] GC(229)     Dead                           Min: 0, Avg:  0.0, Max: 0, Diff: 0, Sum: 0, Workers: 4
[8323.281s][debug][gc,phases      ] GC(229)     Total                          Min: 0, Avg:  0.0, Max: 0, Diff: 0, Sum: 0, Workers: 4
[8323.281s][debug][gc,phases      ] GC(229) Weak Processing 0.367ms
[8323.281s][debug][gc,age         ] GC(229) Desired survivor size 3670016 bytes, new threshold 1 (max threshold 15)
[8323.281s][info ][gc,heap        ] GC(229) PSYoungGen: 2091712K(2092032K)->2176K(2093568K) Eden: 2091008K(2091008K)->0K(2089984K) From: 704K(1024K)->2176K(3584K)
[8323.281s][info ][gc,heap        ] GC(229) ParOldGen: 642365K(837120K)->642437K(837120K)
[8323.281s][info ][gc,metaspace   ] GC(229) Metaspace: 110512K(111680K)->110512K(111680K) NonClass: 94630K(95296K)->94630K(95296K) Class: 15881K(16384K)->15881K(16384K)
[8323.281s][info ][gc             ] GC(229) Pause Young (Allocation Failure) 2669M->629M(2862M) 2.282ms
[8323.281s][info ][gc,cpu         ] GC(229) User=0.00s Sys=0.01s Real=0.01s
[8323.281s][info ][safepoint      ] Safepoint "ParallelCollectForAllocation", Time since last: 51132545913 ns, Reaching safepoint: 22000 ns, At safepoint: 2349000 ns, Leaving safepoint: 2000 ns, Total: 2373000 ns, Threads: 0 runnable, 34 total
[8373.194s][info ][gc,start       ] GC(230) Pause Young (Allocation Failure)
[8373.196s][debug][gc,phases      ] GC(230) Scavenge 1.853ms
[8373.196s][debug][gc,ref         ] GC(230) Skipped SoftWeakFinalRefsPhase of Reference Processing: no references
[8373.196s][debug][gc,ref         ] GC(230) Skipped KeepAliveFinalRefsPhase of Reference Processing: no references
[8373.196s][debug][gc,ref         ] GC(230) Skipped PhantomRefsPhase of Reference Processing: no references
[8373.196s][debug][gc,phases      ] GC(230) Reference Processing 0.023ms
[8373.196s][debug][gc,phases      ] GC(230)   VM Weak                        Min: 0.00, Avg: 0.00, Max: 0.00, Diff: 0.00, Sum: 0.01, Workers: 4
[8373.196s][debug][gc,phases      ] GC(230)     Dead                           Min: 0, Avg:  0.0, Max: 0, Diff: 0, Sum: 0, Workers: 4
[8373.196s][debug][gc,phases      ] GC(230)     Total                          Min: 0, Avg: 213.2, Max: 512, Diff: 512, Sum: 853, Workers: 4
[8373.196s][debug][gc,phases      ] GC(230)   ObjectSynchronizer Weak        Min: 0.00, Avg: 0.00, Max: 0.00, Diff: 0.00, Sum: 0.00, Workers: 4
[8373.196s][debug][gc,phases      ] GC(230)     Dead                           Min: 0, Avg:  0.0, Max: 0, Diff: 0, Sum: 0, Workers: 4
[8373.196s][debug][gc,phases      ] GC(230)     Total                          Min: 0, Avg:  1.2, Max: 5, Diff: 5, Sum: 5, Workers: 4
[8373.196s][debug][gc,phases      ] GC(230)   JVMTI Tag Weak OopStorage      Min: 0.00, Avg: 0.00, Max: 0.00, Diff: 0.00, Sum: 0.00, Workers: 4
[8373.196s][debug][gc,phases      ] GC(230)     Dead                           Min: 0, Avg:  0.0, Max: 0, Diff: 0, Sum: 0, Workers: 4
[8373.196s][debug][gc,phases      ] GC(230)     Total                          Min: 0, Avg:  0.0, Max: 0, Diff: 0, Sum: 0, Workers: 4
[8373.196s][debug][gc,phases      ] GC(230)   StringTable Weak               Min: 0.00, Avg: 0.10, Max: 0.13, Diff: 0.13, Sum: 0.39, Workers: 4
[8373.196s][debug][gc,phases      ] GC(230)     Dead                           Min: 0, Avg:  0.0, Max: 0, Diff: 0, Sum: 0, Workers: 4
[8373.196s][debug][gc,phases      ] GC(230)     Total                          Min: 0, Avg: 12579.2, Max: 21325, Diff: 21325, Sum: 50317, Workers: 4
[8373.196s][debug][gc,phases      ] GC(230)   ResolvedMethodTable Weak       Min: 0.00, Avg: 0.03, Max: 0.04, Diff: 0.04, Sum: 0.13, Workers: 4
[8373.196s][debug][gc,phases      ] GC(230)     Dead                           Min: 0, Avg:  5.0, Max: 9, Diff: 9, Sum: 20, Workers: 4
[8373.196s][debug][gc,phases      ] GC(230)     Total                          Min: 0, Avg: 4037.0, Max: 6837, Diff: 6837, Sum: 16148, Workers: 4
[8373.196s][debug][gc,phases      ] GC(230)   JNI Weak                       Min: 0.00, Avg: 0.00, Max: 0.00, Diff: 0.00, Sum: 0.00, Workers: 4
[8373.196s][debug][gc,phases      ] GC(230)     Dead                           Min: 0, Avg:  0.0, Max: 0, Diff: 0, Sum: 0, Workers: 4
[8373.196s][debug][gc,phases      ] GC(230)     Total                          Min: 0, Avg: 13.0, Max: 52, Diff: 52, Sum: 52, Workers: 4
[8373.196s][debug][gc,phases      ] GC(230)   StringDedup Table Weak         Min: 0.00, Avg: 0.00, Max: 0.00, Diff: 0.00, Sum: 0.00, Workers: 4
[8373.196s][debug][gc,phases      ] GC(230)     Dead                           Min: 0, Avg:  0.0, Max: 0, Diff: 0, Sum: 0, Workers: 4
[8373.196s][debug][gc,phases      ] GC(230)     Total                          Min: 0, Avg:  0.0, Max: 0, Diff: 0, Sum: 0, Workers: 4
[8373.196s][debug][gc,phases      ] GC(230)   StringDedup Requests0 Weak     Min: 0.00, Avg: 0.00, Max: 0.00, Diff: 0.00, Sum: 0.00, Workers: 4
[8373.196s][debug][gc,phases      ] GC(230)     Dead                           Min: 0, Avg:  0.0, Max: 0, Diff: 0, Sum: 0, Workers: 4
[8373.196s][debug][gc,phases      ] GC(230)     Total                          Min: 0, Avg:  0.0, Max: 0, Diff: 0, Sum: 0, Workers: 4
[8373.196s][debug][gc,phases      ] GC(230)   StringDedup Requests1 Weak     Min: 0.00, Avg: 0.00, Max: 0.00, Diff: 0.00, Sum: 0.00, Workers: 4
[8373.196s][debug][gc,phases      ] GC(230)     Dead                           Min: 0, Avg:  0.0, Max: 0, Diff: 0, Sum: 0, Workers: 4
[8373.196s][debug][gc,phases      ] GC(230)     Total                          Min: 0, Avg:  0.0, Max: 0, Diff: 0, Sum: 0, Workers: 4
[8373.196s][debug][gc,phases      ] GC(230)   Weak JFR Old Object Samples    Min: 0.00, Avg: 0.00, Max: 0.00, Diff: 0.00, Sum: 0.00, Workers: 4
[8373.196s][debug][gc,phases      ] GC(230)     Dead                           Min: 0, Avg:  0.0, Max: 0, Diff: 0, Sum: 0, Workers: 4
[8373.196s][debug][gc,phases      ] GC(230)     Total                          Min: 0, Avg:  0.0, Max: 0, Diff: 0, Sum: 0, Workers: 4
[8373.196s][debug][gc,phases      ] GC(230) Weak Processing 0.396ms
[8373.196s][debug][gc,age         ] GC(230) Desired survivor size 3670016 bytes, new threshold 1 (max threshold 15)
[8373.196s][info ][gc,heap        ] GC(230) PSYoungGen: 2092160K(2093568K)->2352K(2093568K) Eden: 2089984K(2089984K)->0K(2089984K) From: 2176K(3584K)->2352K(3584K)
[8373.196s][info ][gc,heap        ] GC(230) ParOldGen: 642437K(837120K)->642525K(837120K)
[8373.196s][info ][gc,metaspace   ] GC(230) Metaspace: 110512K(111680K)->110512K(111680K) NonClass: 94630K(95296K)->94630K(95296K) Class: 15881K(16384K)->15881K(16384K)
[8373.196s][info ][gc             ] GC(230) Pause Young (Allocation Failure) 2670M->629M(2862M) 2.400ms
[8373.196s][info ][gc,cpu         ] GC(230) User=0.01s Sys=0.00s Real=0.00s
[8373.196s][info ][safepoint      ] Safepoint "ParallelCollectForAllocation", Time since last: 49912364192 ns, Reaching safepoint: 78200 ns, At safepoint: 2464699 ns, Leaving safepoint: 6600 ns, Total: 2549499 ns, Threads: 1 runnable, 35 total
[8422.694s][info ][gc,start       ] GC(231) Pause Young (Allocation Failure)
[8422.696s][debug][gc,phases      ] GC(231) Scavenge 1.921ms
[8422.696s][debug][gc,ref         ] GC(231) Skipped SoftWeakFinalRefsPhase of Reference Processing: no references
[8422.696s][debug][gc,ref         ] GC(231) Skipped KeepAliveFinalRefsPhase of Reference Processing: no references
[8422.696s][debug][gc,ref         ] GC(231) Skipped PhantomRefsPhase of Reference Processing: no references
[8422.696s][debug][gc,phases      ] GC(231) Reference Processing 0.021ms
[8422.696s][debug][gc,phases      ] GC(231)   VM Weak                        Min: 0.00, Avg: 0.00, Max: 0.00, Diff: 0.00, Sum: 0.01, Workers: 4
[8422.696s][debug][gc,phases      ] GC(231)     Dead                           Min: 0, Avg:  0.0, Max: 0, Diff: 0, Sum: 0, Workers: 4
[8422.696s][debug][gc,phases      ] GC(231)     Total                          Min: 0, Avg: 213.2, Max: 341, Diff: 341, Sum: 853, Workers: 4
[8422.696s][debug][gc,phases      ] GC(231)   ObjectSynchronizer Weak        Min: 0.00, Avg: 0.00, Max: 0.00, Diff: 0.00, Sum: 0.00, Workers: 4
[8422.696s][debug][gc,phases      ] GC(231)     Dead                           Min: 0, Avg:  0.0, Max: 0, Diff: 0, Sum: 0, Workers: 4
[8422.696s][debug][gc,phases      ] GC(231)     Total                          Min: 0, Avg:  1.2, Max: 5, Diff: 5, Sum: 5, Workers: 4
[8422.696s][debug][gc,phases      ] GC(231)   JVMTI Tag Weak OopStorage      Min: 0.00, Avg: 0.00, Max: 0.00, Diff: 0.00, Sum: 0.00, Workers: 4
[8422.696s][debug][gc,phases      ] GC(231)     Dead                           Min: 0, Avg:  0.0, Max: 0, Diff: 0, Sum: 0, Workers: 4
[8422.696s][debug][gc,phases      ] GC(231)     Total                          Min: 0, Avg:  0.0, Max: 0, Diff: 0, Sum: 0, Workers: 4
[8422.696s][debug][gc,phases      ] GC(231)   StringTable Weak               Min: 0.11, Avg: 0.11, Max: 0.12, Diff: 0.01, Sum: 0.46, Workers: 4
[8422.696s][debug][gc,phases      ] GC(231)     Dead                           Min: 0, Avg:  0.0, Max: 0, Diff: 0, Sum: 0, Workers: 4
[8422.696s][debug][gc,phases      ] GC(231)     Total                          Min: 12224, Avg: 12579.2, Max: 12736, Diff: 512, Sum: 50317, Workers: 4
[8422.696s][debug][gc,phases      ] GC(231)   ResolvedMethodTable Weak       Min: 0.04, Avg: 0.04, Max: 0.04, Diff: 0.00, Sum: 0.16, Workers: 4
[8422.696s][debug][gc,phases      ] GC(231)     Dead                           Min: 0, Avg:  5.0, Max: 12, Diff: 12, Sum: 20, Workers: 4
[8422.696s][debug][gc,phases      ] GC(231)     Total                          Min: 3923, Avg: 4037.0, Max: 4084, Diff: 161, Sum: 16148, Workers: 4
[8422.696s][debug][gc,phases      ] GC(231)   JNI Weak                       Min: 0.00, Avg: 0.00, Max: 0.00, Diff: 0.00, Sum: 0.00, Workers: 4
[8422.696s][debug][gc,phases      ] GC(231)     Dead                           Min: 0, Avg:  0.0, Max: 0, Diff: 0, Sum: 0, Workers: 4
[8422.696s][debug][gc,phases      ] GC(231)     Total                          Min: 0, Avg: 13.0, Max: 52, Diff: 52, Sum: 52, Workers: 4
[8422.696s][debug][gc,phases      ] GC(231)   StringDedup Table Weak         Min: 0.00, Avg: 0.00, Max: 0.00, Diff: 0.00, Sum: 0.00, Workers: 4
[8422.696s][debug][gc,phases      ] GC(231)     Dead                           Min: 0, Avg:  0.0, Max: 0, Diff: 0, Sum: 0, Workers: 4
[8422.696s][debug][gc,phases      ] GC(231)     Total                          Min: 0, Avg:  0.0, Max: 0, Diff: 0, Sum: 0, Workers: 4
[8422.696s][debug][gc,phases      ] GC(231)   StringDedup Requests0 Weak     Min: 0.00, Avg: 0.00, Max: 0.00, Diff: 0.00, Sum: 0.00, Workers: 4
[8422.696s][debug][gc,phases      ] GC(231)     Dead                           Min: 0, Avg:  0.0, Max: 0, Diff: 0, Sum: 0, Workers: 4
[8422.696s][debug][gc,phases      ] GC(231)     Total                          Min: 0, Avg:  0.0, Max: 0, Diff: 0, Sum: 0, Workers: 4
[8422.696s][debug][gc,phases      ] GC(231)   StringDedup Requests1 Weak     Min: 0.00, Avg: 0.00, Max: 0.00, Diff: 0.00, Sum: 0.00, Workers: 4
[8422.696s][debug][gc,phases      ] GC(231)     Dead                           Min: 0, Avg:  0.0, Max: 0, Diff: 0, Sum: 0, Workers: 4
[8422.696s][debug][gc,phases      ] GC(231)     Total                          Min: 0, Avg:  0.0, Max: 0, Diff: 0, Sum: 0, Workers: 4
[8422.696s][debug][gc,phases      ] GC(231)   Weak JFR Old Object Samples    Min: 0.00, Avg: 0.00, Max: 0.00, Diff: 0.00, Sum: 0.00, Workers: 4
[8422.696s][debug][gc,phases      ] GC(231)     Dead                           Min: 0, Avg:  0.0, Max: 0, Diff: 0, Sum: 0, Workers: 4
[8422.696s][debug][gc,phases      ] GC(231)     Total                          Min: 0, Avg:  0.0, Max: 0, Diff: 0, Sum: 0, Workers: 4
[8422.696s][debug][gc,phases      ] GC(231) Weak Processing 0.360ms
[8422.696s][debug][gc,age         ] GC(231) Desired survivor size 3145728 bytes, new threshold 1 (max threshold 15)
[8422.696s][info ][gc,heap        ] GC(231) PSYoungGen: 2092336K(2093568K)->2288K(2094080K) Eden: 2089984K(2089984K)->0K(2090496K) From: 2352K(3584K)->2288K(3584K)
[8422.696s][info ][gc,heap        ] GC(231) ParOldGen: 642525K(837120K)->642653K(837120K)
[8422.696s][info ][gc,metaspace   ] GC(231) Metaspace: 110512K(111680K)->110512K(111680K) NonClass: 94630K(95296K)->94630K(95296K) Class: 15881K(16384K)->15881K(16384K)
[8422.696s][info ][gc             ] GC(231) Pause Young (Allocation Failure) 2670M->629M(2862M) 2.436ms
[8422.696s][info ][gc,cpu         ] GC(231) User=0.01s Sys=0.00s Real=0.00s
[8422.696s][info ][safepoint      ] Safepoint "ParallelCollectForAllocation", Time since last: 49497499645 ns, Reaching safepoint: 83400 ns, At safepoint: 2509798 ns, Leaving safepoint: 5600 ns, Total: 2598798 ns, Threads: 1 runnable, 39 total
[8473.694s][info ][gc,start       ] GC(232) Pause Young (Allocation Failure)
[8473.696s][debug][gc,phases      ] GC(232) Scavenge 1.899ms
[8473.696s][debug][gc,ref         ] GC(232) Skipped SoftWeakFinalRefsPhase of Reference Processing: no references
[8473.696s][debug][gc,ref         ] GC(232) Skipped KeepAliveFinalRefsPhase of Reference Processing: no references
[8473.696s][debug][gc,ref         ] GC(232) Skipped PhantomRefsPhase of Reference Processing: no references
[8473.696s][debug][gc,phases      ] GC(232) Reference Processing 0.036ms
[8473.696s][debug][gc,phases      ] GC(232)   VM Weak                        Min: 0.00, Avg: 0.00, Max: 0.01, Diff: 0.01, Sum: 0.01, Workers: 4
[8473.696s][debug][gc,phases      ] GC(232)     Dead                           Min: 0, Avg:  0.0, Max: 0, Diff: 0, Sum: 0, Workers: 4
[8473.696s][debug][gc,phases      ] GC(232)     Total                          Min: 0, Avg: 213.2, Max: 704, Diff: 704, Sum: 853, Workers: 4
[8473.696s][debug][gc,phases      ] GC(232)   ObjectSynchronizer Weak        Min: 0.00, Avg: 0.00, Max: 0.00, Diff: 0.00, Sum: 0.00, Workers: 4
[8473.696s][debug][gc,phases      ] GC(232)     Dead                           Min: 0, Avg:  0.0, Max: 0, Diff: 0, Sum: 0, Workers: 4
[8473.696s][debug][gc,phases      ] GC(232)     Total                          Min: 0, Avg:  1.2, Max: 5, Diff: 5, Sum: 5, Workers: 4
[8473.696s][debug][gc,phases      ] GC(232)   JVMTI Tag Weak OopStorage      Min: 0.00, Avg: 0.00, Max: 0.00, Diff: 0.00, Sum: 0.00, Workers: 4
[8473.696s][debug][gc,phases      ] GC(232)     Dead                           Min: 0, Avg:  0.0, Max: 0, Diff: 0, Sum: 0, Workers: 4
[8473.696s][debug][gc,phases      ] GC(232)     Total                          Min: 0, Avg:  0.0, Max: 0, Diff: 0, Sum: 0, Workers: 4
[8473.696s][debug][gc,phases      ] GC(232)   StringTable Weak               Min: 0.00, Avg: 0.09, Max: 0.12, Diff: 0.12, Sum: 0.37, Workers: 4
[8473.696s][debug][gc,phases      ] GC(232)     Dead                           Min: 0, Avg:  0.0, Max: 0, Diff: 0, Sum: 0, Workers: 4
[8473.696s][debug][gc,phases      ] GC(232)     Total                          Min: 0, Avg: 12579.2, Max: 21696, Diff: 21696, Sum: 50317, Workers: 4
[8473.696s][debug][gc,phases      ] GC(232)   ResolvedMethodTable Weak       Min: 0.00, Avg: 0.03, Max: 0.04, Diff: 0.04, Sum: 0.13, Workers: 4
[8473.696s][debug][gc,phases      ] GC(232)     Dead                           Min: 0, Avg:  5.0, Max: 14, Diff: 14, Sum: 20, Workers: 4
[8473.696s][debug][gc,phases      ] GC(232)     Total                          Min: 0, Avg: 4037.0, Max: 7033, Diff: 7033, Sum: 16148, Workers: 4
[8473.696s][debug][gc,phases      ] GC(232)   JNI Weak                       Min: 0.00, Avg: 0.00, Max: 0.00, Diff: 0.00, Sum: 0.00, Workers: 4
[8473.696s][debug][gc,phases      ] GC(232)     Dead                           Min: 0, Avg:  0.0, Max: 0, Diff: 0, Sum: 0, Workers: 4
[8473.696s][debug][gc,phases      ] GC(232)     Total                          Min: 0, Avg: 13.0, Max: 52, Diff: 52, Sum: 52, Workers: 4
[8473.696s][debug][gc,phases      ] GC(232)   StringDedup Table Weak         Min: 0.00, Avg: 0.00, Max: 0.00, Diff: 0.00, Sum: 0.00, Workers: 4
[8473.696s][debug][gc,phases      ] GC(232)     Dead                           Min: 0, Avg:  0.0, Max: 0, Diff: 0, Sum: 0, Workers: 4
[8473.696s][debug][gc,phases      ] GC(232)     Total                          Min: 0, Avg:  0.0, Max: 0, Diff: 0, Sum: 0, Workers: 4
[8473.696s][debug][gc,phases      ] GC(232)   StringDedup Requests0 Weak     Min: 0.00, Avg: 0.00, Max: 0.00, Diff: 0.00, Sum: 0.00, Workers: 4
[8473.696s][debug][gc,phases      ] GC(232)     Dead                           Min: 0, Avg:  0.0, Max: 0, Diff: 0, Sum: 0, Workers: 4
[8473.696s][debug][gc,phases      ] GC(232)     Total                          Min: 0, Avg:  0.0, Max: 0, Diff: 0, Sum: 0, Workers: 4
[8473.696s][debug][gc,phases      ] GC(232)   StringDedup Requests1 Weak     Min: 0.00, Avg: 0.00, Max: 0.00, Diff: 0.00, Sum: 0.00, Workers: 4
[8473.696s][debug][gc,phases      ] GC(232)     Dead                           Min: 0, Avg:  0.0, Max: 0, Diff: 0, Sum: 0, Workers: 4
[8473.696s][debug][gc,phases      ] GC(232)     Total                          Min: 0, Avg:  0.0, Max: 0, Diff: 0, Sum: 0, Workers: 4
[8473.696s][debug][gc,phases      ] GC(232)   Weak JFR Old Object Samples    Min: 0.00, Avg: 0.00, Max: 0.00, Diff: 0.00, Sum: 0.00, Workers: 4
[8473.696s][debug][gc,phases      ] GC(232)     Dead                           Min: 0, Avg:  0.0, Max: 0, Diff: 0, Sum: 0, Workers: 4
[8473.696s][debug][gc,phases      ] GC(232)     Total                          Min: 0, Avg:  0.0, Max: 0, Diff: 0, Sum: 0, Workers: 4
[8473.696s][debug][gc,phases      ] GC(232) Weak Processing 0.365ms
[8473.696s][debug][gc,age         ] GC(232) Desired survivor size 3145728 bytes, new threshold 1 (max threshold 15)
[8473.696s][info ][gc,heap        ] GC(232) PSYoungGen: 2092784K(2094080K)->2448K(2093568K) Eden: 2090496K(2090496K)->0K(2090496K) From: 2288K(3584K)->2448K(3072K)
[8473.696s][info ][gc,heap        ] GC(232) ParOldGen: 642653K(837120K)->642733K(837120K)
[8473.696s][info ][gc,metaspace   ] GC(232) Metaspace: 110513K(111680K)->110513K(111680K) NonClass: 94632K(95296K)->94632K(95296K) Class: 15881K(16384K)->15881K(16384K)
[8473.696s][info ][gc             ] GC(232) Pause Young (Allocation Failure) 2671M->630M(2862M) 2.426ms
[8473.696s][info ][gc,cpu         ] GC(232) User=0.00s Sys=0.00s Real=0.00s
[8473.696s][info ][safepoint      ] Safepoint "ParallelCollectForAllocation", Time since last: 50997363812 ns, Reaching safepoint: 78900 ns, At safepoint: 2487699 ns, Leaving safepoint: 6500 ns, Total: 2573099 ns, Threads: 1 runnable, 35 total
[8525.326s][info ][gc,start       ] GC(233) Pause Young (Allocation Failure)
[8525.331s][debug][gc,phases      ] GC(233) Scavenge 4.446ms
[8525.331s][debug][gc,ref         ] GC(233) Skipped SoftWeakFinalRefsPhase of Reference Processing: no references
[8525.331s][debug][gc,ref         ] GC(233) Skipped KeepAliveFinalRefsPhase of Reference Processing: no references
[8525.331s][debug][gc,ref         ] GC(233) Skipped PhantomRefsPhase of Reference Processing: no references
[8525.331s][debug][gc,phases      ] GC(233) Reference Processing 0.034ms
[8525.331s][debug][gc,phases      ] GC(233)   VM Weak                        Min: 0.00, Avg: 0.00, Max: 0.01, Diff: 0.01, Sum: 0.01, Workers: 4
[8525.331s][debug][gc,phases      ] GC(233)     Dead                           Min: 0, Avg:  0.0, Max: 0, Diff: 0, Sum: 0, Workers: 4
[8525.331s][debug][gc,phases      ] GC(233)     Total                          Min: 0, Avg: 213.2, Max: 789, Diff: 789, Sum: 853, Workers: 4
[8525.331s][debug][gc,phases      ] GC(233)   ObjectSynchronizer Weak        Min: 0.00, Avg: 0.00, Max: 0.00, Diff: 0.00, Sum: 0.00, Workers: 4
[8525.331s][debug][gc,phases      ] GC(233)     Dead                           Min: 0, Avg:  0.0, Max: 0, Diff: 0, Sum: 0, Workers: 4
[8525.331s][debug][gc,phases      ] GC(233)     Total                          Min: 0, Avg:  1.2, Max: 5, Diff: 5, Sum: 5, Workers: 4
[8525.331s][debug][gc,phases      ] GC(233)   JVMTI Tag Weak OopStorage      Min: 0.00, Avg: 0.00, Max: 0.00, Diff: 0.00, Sum: 0.00, Workers: 4
[8525.331s][debug][gc,phases      ] GC(233)     Dead                           Min: 0, Avg:  0.0, Max: 0, Diff: 0, Sum: 0, Workers: 4
[8525.331s][debug][gc,phases      ] GC(233)     Total                          Min: 0, Avg:  0.0, Max: 0, Diff: 0, Sum: 0, Workers: 4
[8525.331s][debug][gc,phases      ] GC(233)   StringTable Weak               Min: 0.00, Avg: 0.12, Max: 0.25, Diff: 0.25, Sum: 0.50, Workers: 4
[8525.331s][debug][gc,phases      ] GC(233)     Dead                           Min: 0, Avg:  0.0, Max: 0, Diff: 0, Sum: 0, Workers: 4
[8525.331s][debug][gc,phases      ] GC(233)     Total                          Min: 0, Avg: 12579.2, Max: 26125, Diff: 26125, Sum: 50317, Workers: 4
[8525.331s][debug][gc,phases      ] GC(233)   ResolvedMethodTable Weak       Min: 0.00, Avg: 0.04, Max: 0.08, Diff: 0.08, Sum: 0.15, Workers: 4
[8525.332s][debug][gc,phases      ] GC(233)     Dead                           Min: 0, Avg:  5.0, Max: 13, Diff: 13, Sum: 20, Workers: 4
[8525.332s][debug][gc,phases      ] GC(233)     Total                          Min: 0, Avg: 4037.0, Max: 8214, Diff: 8214, Sum: 16148, Workers: 4
[8525.332s][debug][gc,phases      ] GC(233)   JNI Weak                       Min: 0.00, Avg: 0.00, Max: 0.00, Diff: 0.00, Sum: 0.00, Workers: 4
[8525.332s][debug][gc,phases      ] GC(233)     Dead                           Min: 0, Avg:  0.0, Max: 0, Diff: 0, Sum: 0, Workers: 4
[8525.332s][debug][gc,phases      ] GC(233)     Total                          Min: 0, Avg: 13.0, Max: 52, Diff: 52, Sum: 52, Workers: 4
[8525.332s][debug][gc,phases      ] GC(233)   StringDedup Table Weak         Min: 0.00, Avg: 0.00, Max: 0.00, Diff: 0.00, Sum: 0.00, Workers: 4
[8525.332s][debug][gc,phases      ] GC(233)     Dead                           Min: 0, Avg:  0.0, Max: 0, Diff: 0, Sum: 0, Workers: 4
[8525.332s][debug][gc,phases      ] GC(233)     Total                          Min: 0, Avg:  0.0, Max: 0, Diff: 0, Sum: 0, Workers: 4
[8525.332s][debug][gc,phases      ] GC(233)   StringDedup Requests0 Weak     Min: 0.00, Avg: 0.00, Max: 0.00, Diff: 0.00, Sum: 0.00, Workers: 4
[8525.332s][debug][gc,phases      ] GC(233)     Dead                           Min: 0, Avg:  0.0, Max: 0, Diff: 0, Sum: 0, Workers: 4
[8525.332s][debug][gc,phases      ] GC(233)     Total                          Min: 0, Avg:  0.0, Max: 0, Diff: 0, Sum: 0, Workers: 4
[8525.332s][debug][gc,phases      ] GC(233)   StringDedup Requests1 Weak     Min: 0.00, Avg: 0.00, Max: 0.00, Diff: 0.00, Sum: 0.00, Workers: 4
[8525.332s][debug][gc,phases      ] GC(233)     Dead                           Min: 0, Avg:  0.0, Max: 0, Diff: 0, Sum: 0, Workers: 4
[8525.332s][debug][gc,phases      ] GC(233)     Total                          Min: 0, Avg:  0.0, Max: 0, Diff: 0, Sum: 0, Workers: 4
[8525.332s][debug][gc,phases      ] GC(233)   Weak JFR Old Object Samples    Min: 0.00, Avg: 0.00, Max: 0.00, Diff: 0.00, Sum: 0.00, Workers: 4
[8525.332s][debug][gc,phases      ] GC(233)     Dead                           Min: 0, Avg:  0.0, Max: 0, Diff: 0, Sum: 0, Workers: 4
[8525.332s][debug][gc,phases      ] GC(233)     Total                          Min: 0, Avg:  0.0, Max: 0, Diff: 0, Sum: 0, Workers: 4
[8525.332s][debug][gc,phases      ] GC(233) Weak Processing 1.318ms
[8525.332s][debug][gc,age         ] GC(233) Desired survivor size 3145728 bytes, new threshold 1 (max threshold 15)
[8525.332s][info ][gc,heap        ] GC(233) PSYoungGen: 2092944K(2093568K)->2208K(2094080K) Eden: 2090496K(2090496K)->0K(2091008K) From: 2448K(3072K)->2208K(3072K)
[8525.332s][info ][gc,heap        ] GC(233) ParOldGen: 642733K(837120K)->642829K(837120K)
[8525.332s][info ][gc,metaspace   ] GC(233) Metaspace: 110515K(111680K)->110515K(111680K) NonClass: 94634K(95296K)->94634K(95296K) Class: 15881K(16384K)->15881K(16384K)
[8525.332s][info ][gc             ] GC(233) Pause Young (Allocation Failure) 2671M->629M(2862M) 5.950ms
[8525.332s][info ][gc,cpu         ] GC(233) User=0.01s Sys=0.00s Real=0.01s
[8525.332s][info ][safepoint      ] Safepoint "ParallelCollectForAllocation", Time since last: 51629951592 ns, Reaching safepoint: 8200 ns, At safepoint: 6032299 ns, Leaving safepoint: 7600 ns, Total: 6048099 ns, Threads: 0 runnable, 34 total
[8576.096s][info ][gc,start       ] GC(234) Pause Young (Allocation Failure)
[8576.097s][debug][gc,phases      ] GC(234) Scavenge 1.794ms
[8576.097s][debug][gc,ref         ] GC(234) Skipped SoftWeakFinalRefsPhase of Reference Processing: no references
[8576.097s][debug][gc,ref         ] GC(234) Skipped KeepAliveFinalRefsPhase of Reference Processing: no references
[8576.097s][debug][gc,ref         ] GC(234) Skipped PhantomRefsPhase of Reference Processing: no references
[8576.097s][debug][gc,phases      ] GC(234) Reference Processing 0.022ms
[8576.098s][debug][gc,phases      ] GC(234)   VM Weak                        Min: 0.00, Avg: 0.00, Max: 0.01, Diff: 0.00, Sum: 0.01, Workers: 4
[8576.098s][debug][gc,phases      ] GC(234)     Dead                           Min: 0, Avg:  0.0, Max: 0, Diff: 0, Sum: 0, Workers: 4
[8576.098s][debug][gc,phases      ] GC(234)     Total                          Min: 0, Avg: 213.2, Max: 512, Diff: 512, Sum: 853, Workers: 4
[8576.098s][debug][gc,phases      ] GC(234)   ObjectSynchronizer Weak        Min: 0.00, Avg: 0.00, Max: 0.00, Diff: 0.00, Sum: 0.00, Workers: 4
[8576.098s][debug][gc,phases      ] GC(234)     Dead                           Min: 0, Avg:  0.0, Max: 0, Diff: 0, Sum: 0, Workers: 4
[8576.098s][debug][gc,phases      ] GC(234)     Total                          Min: 0, Avg:  1.2, Max: 5, Diff: 5, Sum: 5, Workers: 4
[8576.098s][debug][gc,phases      ] GC(234)   JVMTI Tag Weak OopStorage      Min: 0.00, Avg: 0.00, Max: 0.00, Diff: 0.00, Sum: 0.00, Workers: 4
[8576.098s][debug][gc,phases      ] GC(234)     Dead                           Min: 0, Avg:  0.0, Max: 0, Diff: 0, Sum: 0, Workers: 4
[8576.098s][debug][gc,phases      ] GC(234)     Total                          Min: 0, Avg:  0.0, Max: 0, Diff: 0, Sum: 0, Workers: 4
[8576.098s][debug][gc,phases      ] GC(234)   StringTable Weak               Min: 0.11, Avg: 0.11, Max: 0.11, Diff: 0.00, Sum: 0.44, Workers: 4
[8576.098s][debug][gc,phases      ] GC(234)     Dead                           Min: 0, Avg:  0.0, Max: 0, Diff: 0, Sum: 0, Workers: 4
[8576.098s][debug][gc,phases      ] GC(234)     Total                          Min: 12352, Avg: 12579.2, Max: 12749, Diff: 397, Sum: 50317, Workers: 4
[8576.098s][debug][gc,phases      ] GC(234)   ResolvedMethodTable Weak       Min: 0.04, Avg: 0.04, Max: 0.04, Diff: 0.00, Sum: 0.15, Workers: 4
[8576.098s][debug][gc,phases      ] GC(234)     Dead                           Min: 0, Avg:  5.0, Max: 12, Diff: 12, Sum: 20, Workers: 4
[8576.098s][debug][gc,phases      ] GC(234)     Total                          Min: 3949, Avg: 4037.0, Max: 4120, Diff: 171, Sum: 16148, Workers: 4
[8576.098s][debug][gc,phases      ] GC(234)   JNI Weak                       Min: 0.00, Avg: 0.00, Max: 0.00, Diff: 0.00, Sum: 0.00, Workers: 4
[8576.098s][debug][gc,phases      ] GC(234)     Dead                           Min: 0, Avg:  0.0, Max: 0, Diff: 0, Sum: 0, Workers: 4
[8576.098s][debug][gc,phases      ] GC(234)     Total                          Min: 0, Avg: 13.0, Max: 52, Diff: 52, Sum: 52, Workers: 4
[8576.098s][debug][gc,phases      ] GC(234)   StringDedup Table Weak         Min: 0.00, Avg: 0.00, Max: 0.00, Diff: 0.00, Sum: 0.00, Workers: 4
[8576.098s][debug][gc,phases      ] GC(234)     Dead                           Min: 0, Avg:  0.0, Max: 0, Diff: 0, Sum: 0, Workers: 4
[8576.098s][debug][gc,phases      ] GC(234)     Total                          Min: 0, Avg:  0.0, Max: 0, Diff: 0, Sum: 0, Workers: 4
[8576.098s][debug][gc,phases      ] GC(234)   StringDedup Requests0 Weak     Min: 0.00, Avg: 0.00, Max: 0.00, Diff: 0.00, Sum: 0.00, Workers: 4
[8576.098s][debug][gc,phases      ] GC(234)     Dead                           Min: 0, Avg:  0.0, Max: 0, Diff: 0, Sum: 0, Workers: 4
[8576.098s][debug][gc,phases      ] GC(234)     Total                          Min: 0, Avg:  0.0, Max: 0, Diff: 0, Sum: 0, Workers: 4
[8576.098s][debug][gc,phases      ] GC(234)   StringDedup Requests1 Weak     Min: 0.00, Avg: 0.00, Max: 0.00, Diff: 0.00, Sum: 0.00, Workers: 4
[8576.098s][debug][gc,phases      ] GC(234)     Dead                           Min: 0, Avg:  0.0, Max: 0, Diff: 0, Sum: 0, Workers: 4
[8576.098s][debug][gc,phases      ] GC(234)     Total                          Min: 0, Avg:  0.0, Max: 0, Diff: 0, Sum: 0, Workers: 4
[8576.098s][debug][gc,phases      ] GC(234)   Weak JFR Old Object Samples    Min: 0.00, Avg: 0.00, Max: 0.00, Diff: 0.00, Sum: 0.00, Workers: 4
[8576.098s][debug][gc,phases      ] GC(234)     Dead                           Min: 0, Avg:  0.0, Max: 0, Diff: 0, Sum: 0, Workers: 4
[8576.098s][debug][gc,phases      ] GC(234)     Total                          Min: 0, Avg:  0.0, Max: 0, Diff: 0, Sum: 0, Workers: 4
[8576.098s][debug][gc,phases      ] GC(234) Weak Processing 0.336ms
[8576.098s][debug][gc,age         ] GC(234) Desired survivor size 3145728 bytes, new threshold 1 (max threshold 15)
[8576.098s][info ][gc,heap        ] GC(234) PSYoungGen: 2093216K(2094080K)->2368K(2094080K) Eden: 2091008K(2091008K)->0K(2091008K) From: 2208K(3072K)->2368K(3072K)
[8576.098s][info ][gc,heap        ] GC(234) ParOldGen: 642829K(837120K)->642877K(837120K)
[8576.098s][info ][gc,metaspace   ] GC(234) Metaspace: 110516K(111680K)->110516K(111680K) NonClass: 94634K(95296K)->94634K(95296K) Class: 15881K(16384K)->15881K(16384K)
[8576.098s][info ][gc             ] GC(234) Pause Young (Allocation Failure) 2671M->630M(2862M) 2.271ms
[8576.098s][info ][gc,cpu         ] GC(234) User=0.00s Sys=0.00s Real=0.00s
[8576.098s][info ][safepoint      ] Safepoint "ParallelCollectForAllocation", Time since last: 50763362075 ns, Reaching safepoint: 31200 ns, At safepoint: 2345500 ns, Leaving safepoint: 2000 ns, Total: 2378700 ns, Threads: 0 runnable, 34 total
[8628.348s][info ][gc,start       ] GC(235) Pause Young (Allocation Failure)
[8628.350s][debug][gc,phases      ] GC(235) Scavenge 1.760ms
[8628.350s][debug][gc,ref         ] GC(235) Skipped SoftWeakFinalRefsPhase of Reference Processing: no references
[8628.350s][debug][gc,ref         ] GC(235) Skipped KeepAliveFinalRefsPhase of Reference Processing: no references
[8628.350s][debug][gc,ref         ] GC(235) Skipped PhantomRefsPhase of Reference Processing: no references
[8628.350s][debug][gc,phases      ] GC(235) Reference Processing 0.021ms
[8628.350s][debug][gc,phases      ] GC(235)   VM Weak                        Min: 0.00, Avg: 0.00, Max: 0.01, Diff: 0.01, Sum: 0.01, Workers: 4
[8628.350s][debug][gc,phases      ] GC(235)     Dead                           Min: 0, Avg:  0.0, Max: 0, Diff: 0, Sum: 0, Workers: 4
[8628.350s][debug][gc,phases      ] GC(235)     Total                          Min: 0, Avg: 213.2, Max: 768, Diff: 768, Sum: 853, Workers: 4
[8628.350s][debug][gc,phases      ] GC(235)   ObjectSynchronizer Weak        Min: 0.00, Avg: 0.00, Max: 0.00, Diff: 0.00, Sum: 0.00, Workers: 4
[8628.350s][debug][gc,phases      ] GC(235)     Dead                           Min: 0, Avg:  0.0, Max: 0, Diff: 0, Sum: 0, Workers: 4
[8628.350s][debug][gc,phases      ] GC(235)     Total                          Min: 0, Avg:  1.2, Max: 5, Diff: 5, Sum: 5, Workers: 4
[8628.350s][debug][gc,phases      ] GC(235)   JVMTI Tag Weak OopStorage      Min: 0.00, Avg: 0.00, Max: 0.00, Diff: 0.00, Sum: 0.00, Workers: 4
[8628.350s][debug][gc,phases      ] GC(235)     Dead                           Min: 0, Avg:  0.0, Max: 0, Diff: 0, Sum: 0, Workers: 4
[8628.350s][debug][gc,phases      ] GC(235)     Total                          Min: 0, Avg:  0.0, Max: 0, Diff: 0, Sum: 0, Workers: 4
[8628.350s][debug][gc,phases      ] GC(235)   StringTable Weak               Min: 0.00, Avg: 0.10, Max: 0.14, Diff: 0.14, Sum: 0.41, Workers: 4
[8628.350s][debug][gc,phases      ] GC(235)     Dead                           Min: 0, Avg:  0.0, Max: 0, Diff: 0, Sum: 0, Workers: 4
[8628.350s][debug][gc,phases      ] GC(235)     Total                          Min: 0, Avg: 12579.2, Max: 20109, Diff: 20109, Sum: 50317, Workers: 4
[8628.350s][debug][gc,phases      ] GC(235)   ResolvedMethodTable Weak       Min: 0.00, Avg: 0.03, Max: 0.04, Diff: 0.04, Sum: 0.12, Workers: 4
[8628.350s][debug][gc,phases      ] GC(235)     Dead                           Min: 0, Avg:  5.0, Max: 15, Diff: 15, Sum: 20, Workers: 4
[8628.350s][debug][gc,phases      ] GC(235)     Total                          Min: 0, Avg: 4037.0, Max: 6627, Diff: 6627, Sum: 16148, Workers: 4
[8628.350s][debug][gc,phases      ] GC(235)   JNI Weak                       Min: 0.00, Avg: 0.00, Max: 0.00, Diff: 0.00, Sum: 0.00, Workers: 4
[8628.350s][debug][gc,phases      ] GC(235)     Dead                           Min: 0, Avg:  0.0, Max: 0, Diff: 0, Sum: 0, Workers: 4
[8628.350s][debug][gc,phases      ] GC(235)     Total                          Min: 0, Avg: 13.0, Max: 52, Diff: 52, Sum: 52, Workers: 4
[8628.350s][debug][gc,phases      ] GC(235)   StringDedup Table Weak         Min: 0.00, Avg: 0.00, Max: 0.00, Diff: 0.00, Sum: 0.00, Workers: 4
[8628.350s][debug][gc,phases      ] GC(235)     Dead                           Min: 0, Avg:  0.0, Max: 0, Diff: 0, Sum: 0, Workers: 4
[8628.350s][debug][gc,phases      ] GC(235)     Total                          Min: 0, Avg:  0.0, Max: 0, Diff: 0, Sum: 0, Workers: 4
[8628.350s][debug][gc,phases      ] GC(235)   StringDedup Requests0 Weak     Min: 0.00, Avg: 0.00, Max: 0.00, Diff: 0.00, Sum: 0.00, Workers: 4
[8628.350s][debug][gc,phases      ] GC(235)     Dead                           Min: 0, Avg:  0.0, Max: 0, Diff: 0, Sum: 0, Workers: 4
[8628.350s][debug][gc,phases      ] GC(235)     Total                          Min: 0, Avg:  0.0, Max: 0, Diff: 0, Sum: 0, Workers: 4
[8628.350s][debug][gc,phases      ] GC(235)   StringDedup Requests1 Weak     Min: 0.00, Avg: 0.00, Max: 0.00, Diff: 0.00, Sum: 0.00, Workers: 4
[8628.350s][debug][gc,phases      ] GC(235)     Dead                           Min: 0, Avg:  0.0, Max: 0, Diff: 0, Sum: 0, Workers: 4
[8628.350s][debug][gc,phases      ] GC(235)     Total                          Min: 0, Avg:  0.0, Max: 0, Diff: 0, Sum: 0, Workers: 4
[8628.350s][debug][gc,phases      ] GC(235)   Weak JFR Old Object Samples    Min: 0.00, Avg: 0.00, Max: 0.00, Diff: 0.00, Sum: 0.00, Workers: 4
[8628.350s][debug][gc,phases      ] GC(235)     Dead                           Min: 0, Avg:  0.0, Max: 0, Diff: 0, Sum: 0, Workers: 4
[8628.350s][debug][gc,phases      ] GC(235)     Total                          Min: 0, Avg:  0.0, Max: 0, Diff: 0, Sum: 0, Workers: 4
[8628.350s][debug][gc,phases      ] GC(235) Weak Processing 0.391ms
[8628.350s][debug][gc,age         ] GC(235) Desired survivor size 3145728 bytes, new threshold 1 (max threshold 15)
[8628.350s][info ][gc,heap        ] GC(235) PSYoungGen: 2093376K(2094080K)->2480K(2094080K) Eden: 2091008K(2091008K)->0K(2091008K) From: 2368K(3072K)->2480K(3072K)
[8628.350s][info ][gc,heap        ] GC(235) ParOldGen: 642877K(837120K)->642961K(837120K)
[8628.350s][info ][gc,metaspace   ] GC(235) Metaspace: 110516K(111680K)->110516K(111680K) NonClass: 94634K(95296K)->94634K(95296K) Class: 15881K(16384K)->15881K(16384K)
[8628.350s][info ][gc             ] GC(235) Pause Young (Allocation Failure) 2672M->630M(2862M) 2.277ms
[8628.350s][info ][gc,cpu         ] GC(235) User=0.01s Sys=0.00s Real=0.01s
[8628.350s][info ][safepoint      ] Safepoint "ParallelCollectForAllocation", Time since last: 52249972450 ns, Reaching safepoint: 95700 ns, At safepoint: 2353100 ns, Leaving safepoint: 6100 ns, Total: 2454900 ns, Threads: 1 runnable, 33 total
[8680.358s][info ][gc,start       ] GC(236) Pause Young (Allocation Failure)
[8680.359s][debug][gc,phases      ] GC(236) Scavenge 1.911ms
[8680.360s][debug][gc,ref         ] GC(236) Skipped SoftWeakFinalRefsPhase of Reference Processing: no references
[8680.360s][debug][gc,ref         ] GC(236) Skipped KeepAliveFinalRefsPhase of Reference Processing: no references
[8680.360s][debug][gc,ref         ] GC(236) Skipped PhantomRefsPhase of Reference Processing: no references
[8680.360s][debug][gc,phases      ] GC(236) Reference Processing 0.021ms
[8680.360s][debug][gc,phases      ] GC(236)   VM Weak                        Min: 0.00, Avg: 0.00, Max: 0.01, Diff: 0.01, Sum: 0.01, Workers: 4
[8680.360s][debug][gc,phases      ] GC(236)     Dead                           Min: 0, Avg:  0.0, Max: 0, Diff: 0, Sum: 0, Workers: 4
[8680.360s][debug][gc,phases      ] GC(236)     Total                          Min: 0, Avg: 213.2, Max: 768, Diff: 768, Sum: 853, Workers: 4
[8680.360s][debug][gc,phases      ] GC(236)   ObjectSynchronizer Weak        Min: 0.00, Avg: 0.00, Max: 0.00, Diff: 0.00, Sum: 0.00, Workers: 4
[8680.360s][debug][gc,phases      ] GC(236)     Dead                           Min: 0, Avg:  0.0, Max: 0, Diff: 0, Sum: 0, Workers: 4
[8680.360s][debug][gc,phases      ] GC(236)     Total                          Min: 0, Avg:  1.2, Max: 5, Diff: 5, Sum: 5, Workers: 4
[8680.360s][debug][gc,phases      ] GC(236)   JVMTI Tag Weak OopStorage      Min: 0.00, Avg: 0.00, Max: 0.00, Diff: 0.00, Sum: 0.00, Workers: 4
[8680.360s][debug][gc,phases      ] GC(236)     Dead                           Min: 0, Avg:  0.0, Max: 0, Diff: 0, Sum: 0, Workers: 4
[8680.360s][debug][gc,phases      ] GC(236)     Total                          Min: 0, Avg:  0.0, Max: 0, Diff: 0, Sum: 0, Workers: 4
[8680.360s][debug][gc,phases      ] GC(236)   StringTable Weak               Min: 0.11, Avg: 0.11, Max: 0.11, Diff: 0.00, Sum: 0.45, Workers: 4
[8680.360s][debug][gc,phases      ] GC(236)     Dead                           Min: 0, Avg:  0.0, Max: 0, Diff: 0, Sum: 0, Workers: 4
[8680.360s][debug][gc,phases      ] GC(236)     Total                          Min: 12416, Avg: 12579.2, Max: 12749, Diff: 333, Sum: 50317, Workers: 4
[8680.360s][debug][gc,phases      ] GC(236)   ResolvedMethodTable Weak       Min: 0.04, Avg: 0.04, Max: 0.04, Diff: 0.00, Sum: 0.15, Workers: 4
[8680.360s][debug][gc,phases      ] GC(236)     Dead                           Min: 0, Avg:  5.0, Max: 17, Diff: 17, Sum: 20, Workers: 4
[8680.360s][debug][gc,phases      ] GC(236)     Total                          Min: 3966, Avg: 4037.0, Max: 4113, Diff: 147, Sum: 16148, Workers: 4
[8680.360s][debug][gc,phases      ] GC(236)   JNI Weak                       Min: 0.00, Avg: 0.00, Max: 0.00, Diff: 0.00, Sum: 0.00, Workers: 4
[8680.360s][debug][gc,phases      ] GC(236)     Dead                           Min: 0, Avg:  0.0, Max: 0, Diff: 0, Sum: 0, Workers: 4
[8680.360s][debug][gc,phases      ] GC(236)     Total                          Min: 0, Avg: 13.0, Max: 52, Diff: 52, Sum: 52, Workers: 4
[8680.360s][debug][gc,phases      ] GC(236)   StringDedup Table Weak         Min: 0.00, Avg: 0.00, Max: 0.00, Diff: 0.00, Sum: 0.00, Workers: 4
[8680.360s][debug][gc,phases      ] GC(236)     Dead                           Min: 0, Avg:  0.0, Max: 0, Diff: 0, Sum: 0, Workers: 4
[8680.360s][debug][gc,phases      ] GC(236)     Total                          Min: 0, Avg:  0.0, Max: 0, Diff: 0, Sum: 0, Workers: 4
[8680.360s][debug][gc,phases      ] GC(236)   StringDedup Requests0 Weak     Min: 0.00, Avg: 0.00, Max: 0.00, Diff: 0.00, Sum: 0.00, Workers: 4
[8680.360s][debug][gc,phases      ] GC(236)     Dead                           Min: 0, Avg:  0.0, Max: 0, Diff: 0, Sum: 0, Workers: 4
[8680.360s][debug][gc,phases      ] GC(236)     Total                          Min: 0, Avg:  0.0, Max: 0, Diff: 0, Sum: 0, Workers: 4
[8680.360s][debug][gc,phases      ] GC(236)   StringDedup Requests1 Weak     Min: 0.00, Avg: 0.00, Max: 0.00, Diff: 0.00, Sum: 0.00, Workers: 4
[8680.360s][debug][gc,phases      ] GC(236)     Dead                           Min: 0, Avg:  0.0, Max: 0, Diff: 0, Sum: 0, Workers: 4
[8680.360s][debug][gc,phases      ] GC(236)     Total                          Min: 0, Avg:  0.0, Max: 0, Diff: 0, Sum: 0, Workers: 4
[8680.360s][debug][gc,phases      ] GC(236)   Weak JFR Old Object Samples    Min: 0.00, Avg: 0.00, Max: 0.00, Diff: 0.00, Sum: 0.00, Workers: 4
[8680.360s][debug][gc,phases      ] GC(236)     Dead                           Min: 0, Avg:  0.0, Max: 0, Diff: 0, Sum: 0, Workers: 4
[8680.360s][debug][gc,phases      ] GC(236)     Total                          Min: 0, Avg:  0.0, Max: 0, Diff: 0, Sum: 0, Workers: 4
[8680.360s][debug][gc,phases      ] GC(236) Weak Processing 0.343ms
[8680.360s][debug][gc,age         ] GC(236) Desired survivor size 3145728 bytes, new threshold 1 (max threshold 15)
[8680.360s][info ][gc,heap        ] GC(236) PSYoungGen: 2093488K(2094080K)->2272K(2094080K) Eden: 2091008K(2091008K)->0K(2091008K) From: 2480K(3072K)->2272K(3072K)
[8680.360s][info ][gc,heap        ] GC(236) ParOldGen: 642961K(837120K)->643105K(837120K)
[8680.360s][info ][gc,metaspace   ] GC(236) Metaspace: 110519K(111680K)->110519K(111680K) NonClass: 94638K(95296K)->94638K(95296K) Class: 15881K(16384K)->15881K(16384K)
[8680.360s][info ][gc             ] GC(236) Pause Young (Allocation Failure) 2672M->630M(2862M) 2.382ms
[8680.360s][info ][gc,cpu         ] GC(236) User=0.00s Sys=0.00s Real=0.01s
[8680.360s][info ][safepoint      ] Safepoint "ParallelCollectForAllocation", Time since last: 52007142884 ns, Reaching safepoint: 30600 ns, At safepoint: 2445401 ns, Leaving safepoint: 7600 ns, Total: 2483601 ns, Threads: 0 runnable, 33 total
[8732.294s][info ][gc,start       ] GC(237) Pause Young (Allocation Failure)
[8732.296s][debug][gc,phases      ] GC(237) Scavenge 1.737ms
[8732.296s][debug][gc,ref         ] GC(237) Skipped SoftWeakFinalRefsPhase of Reference Processing: no references
[8732.296s][debug][gc,ref         ] GC(237) Skipped KeepAliveFinalRefsPhase of Reference Processing: no references
[8732.296s][debug][gc,ref         ] GC(237) Skipped PhantomRefsPhase of Reference Processing: no references
[8732.296s][debug][gc,phases      ] GC(237) Reference Processing 0.057ms
[8732.296s][debug][gc,phases      ] GC(237)   VM Weak                        Min: 0.00, Avg: 0.00, Max: 0.01, Diff: 0.01, Sum: 0.01, Workers: 4
[8732.296s][debug][gc,phases      ] GC(237)     Dead                           Min: 0, Avg:  0.0, Max: 0, Diff: 0, Sum: 0, Workers: 4
[8732.296s][debug][gc,phases      ] GC(237)     Total                          Min: 0, Avg: 213.2, Max: 576, Diff: 576, Sum: 853, Workers: 4
[8732.296s][debug][gc,phases      ] GC(237)   ObjectSynchronizer Weak        Min: 0.00, Avg: 0.00, Max: 0.00, Diff: 0.00, Sum: 0.00, Workers: 4
[8732.296s][debug][gc,phases      ] GC(237)     Dead                           Min: 0, Avg:  0.0, Max: 0, Diff: 0, Sum: 0, Workers: 4
[8732.296s][debug][gc,phases      ] GC(237)     Total                          Min: 0, Avg:  1.2, Max: 5, Diff: 5, Sum: 5, Workers: 4
[8732.296s][debug][gc,phases      ] GC(237)   JVMTI Tag Weak OopStorage      Min: 0.00, Avg: 0.00, Max: 0.00, Diff: 0.00, Sum: 0.00, Workers: 4
[8732.296s][debug][gc,phases      ] GC(237)     Dead                           Min: 0, Avg:  0.0, Max: 0, Diff: 0, Sum: 0, Workers: 4
[8732.296s][debug][gc,phases      ] GC(237)     Total                          Min: 0, Avg:  0.0, Max: 0, Diff: 0, Sum: 0, Workers: 4
[8732.296s][debug][gc,phases      ] GC(237)   StringTable Weak               Min: 0.00, Avg: 0.10, Max: 0.13, Diff: 0.13, Sum: 0.38, Workers: 4
[8732.296s][debug][gc,phases      ] GC(237)     Dead                           Min: 0, Avg:  0.0, Max: 0, Diff: 0, Sum: 0, Workers: 4
[8732.296s][debug][gc,phases      ] GC(237)     Total                          Min: 0, Avg: 12579.2, Max: 21440, Diff: 21440, Sum: 50317, Workers: 4
[8732.296s][debug][gc,phases      ] GC(237)   ResolvedMethodTable Weak       Min: 0.00, Avg: 0.03, Max: 0.04, Diff: 0.04, Sum: 0.13, Workers: 4
[8732.296s][debug][gc,phases      ] GC(237)     Dead                           Min: 0, Avg:  5.0, Max: 13, Diff: 13, Sum: 20, Workers: 4
[8732.296s][debug][gc,phases      ] GC(237)     Total                          Min: 0, Avg: 4037.0, Max: 6908, Diff: 6908, Sum: 16148, Workers: 4
[8732.296s][debug][gc,phases      ] GC(237)   JNI Weak                       Min: 0.00, Avg: 0.00, Max: 0.00, Diff: 0.00, Sum: 0.00, Workers: 4
[8732.296s][debug][gc,phases      ] GC(237)     Dead                           Min: 0, Avg:  0.0, Max: 0, Diff: 0, Sum: 0, Workers: 4
[8732.296s][debug][gc,phases      ] GC(237)     Total                          Min: 0, Avg: 13.0, Max: 52, Diff: 52, Sum: 52, Workers: 4
[8732.296s][debug][gc,phases      ] GC(237)   StringDedup Table Weak         Min: 0.00, Avg: 0.00, Max: 0.00, Diff: 0.00, Sum: 0.00, Workers: 4
[8732.296s][debug][gc,phases      ] GC(237)     Dead                           Min: 0, Avg:  0.0, Max: 0, Diff: 0, Sum: 0, Workers: 4
[8732.296s][debug][gc,phases      ] GC(237)     Total                          Min: 0, Avg:  0.0, Max: 0, Diff: 0, Sum: 0, Workers: 4
[8732.296s][debug][gc,phases      ] GC(237)   StringDedup Requests0 Weak     Min: 0.00, Avg: 0.00, Max: 0.00, Diff: 0.00, Sum: 0.00, Workers: 4
[8732.296s][debug][gc,phases      ] GC(237)     Dead                           Min: 0, Avg:  0.0, Max: 0, Diff: 0, Sum: 0, Workers: 4
[8732.296s][debug][gc,phases      ] GC(237)     Total                          Min: 0, Avg:  0.0, Max: 0, Diff: 0, Sum: 0, Workers: 4
[8732.296s][debug][gc,phases      ] GC(237)   StringDedup Requests1 Weak     Min: 0.00, Avg: 0.00, Max: 0.00, Diff: 0.00, Sum: 0.00, Workers: 4
[8732.296s][debug][gc,phases      ] GC(237)     Dead                           Min: 0, Avg:  0.0, Max: 0, Diff: 0, Sum: 0, Workers: 4
[8732.296s][debug][gc,phases      ] GC(237)     Total                          Min: 0, Avg:  0.0, Max: 0, Diff: 0, Sum: 0, Workers: 4
[8732.296s][debug][gc,phases      ] GC(237)   Weak JFR Old Object Samples    Min: 0.00, Avg: 0.00, Max: 0.00, Diff: 0.00, Sum: 0.00, Workers: 4
[8732.296s][debug][gc,phases      ] GC(237)     Dead                           Min: 0, Avg:  0.0, Max: 0, Diff: 0, Sum: 0, Workers: 4
[8732.296s][debug][gc,phases      ] GC(237)     Total                          Min: 0, Avg:  0.0, Max: 0, Diff: 0, Sum: 0, Workers: 4
[8732.296s][debug][gc,phases      ] GC(237) Weak Processing 0.341ms
[8732.296s][debug][gc,age         ] GC(237) Desired survivor size 3145728 bytes, new threshold 1 (max threshold 15)
[8732.296s][info ][gc,heap        ] GC(237) PSYoungGen: 2093280K(2094080K)->2336K(2094080K) Eden: 2091008K(2091008K)->0K(2091008K) From: 2272K(3072K)->2336K(3072K)
[8732.296s][info ][gc,heap        ] GC(237) ParOldGen: 643105K(837120K)->643177K(837120K)
[8732.296s][info ][gc,metaspace   ] GC(237) Metaspace: 110522K(111680K)->110522K(111680K) NonClass: 94640K(95296K)->94640K(95296K) Class: 15881K(16384K)->15881K(16384K)
[8732.296s][info ][gc             ] GC(237) Pause Young (Allocation Failure) 2672M->630M(2862M) 2.260ms
[8732.296s][info ][gc,cpu         ] GC(237) User=0.01s Sys=0.00s Real=0.00s
[8732.296s][info ][safepoint      ] Safepoint "ParallelCollectForAllocation", Time since last: 51934150712 ns, Reaching safepoint: 7200 ns, At safepoint: 2328500 ns, Leaving safepoint: 2500 ns, Total: 2338200 ns, Threads: 0 runnable, 38 total
[8784.145s][info ][gc,start       ] GC(238) Pause Young (Allocation Failure)
[8784.147s][debug][gc,phases      ] GC(238) Scavenge 1.916ms
[8784.147s][debug][gc,ref         ] GC(238) ReferenceProcessor::execute queues: 1, RefProcThreadModel::Single, marks_oops_alive: false
[8784.147s][debug][gc,ref         ] GC(238) Skipped KeepAliveFinalRefsPhase of Reference Processing: no references
[8784.147s][debug][gc,ref         ] GC(238) Skipped PhantomRefsPhase of Reference Processing: no references
[8784.147s][debug][gc,phases      ] GC(238) Reference Processing 0.105ms
[8784.147s][debug][gc,phases      ] GC(238)   VM Weak                        Min: 0.00, Avg: 0.00, Max: 0.01, Diff: 0.01, Sum: 0.01, Workers: 4
[8784.147s][debug][gc,phases      ] GC(238)     Dead                           Min: 0, Avg:  0.0, Max: 0, Diff: 0, Sum: 0, Workers: 4
[8784.147s][debug][gc,phases      ] GC(238)     Total                          Min: 0, Avg: 213.5, Max: 790, Diff: 790, Sum: 854, Workers: 4
[8784.147s][debug][gc,phases      ] GC(238)   ObjectSynchronizer Weak        Min: 0.00, Avg: 0.00, Max: 0.00, Diff: 0.00, Sum: 0.00, Workers: 4
[8784.147s][debug][gc,phases      ] GC(238)     Dead                           Min: 0, Avg:  0.0, Max: 0, Diff: 0, Sum: 0, Workers: 4
[8784.147s][debug][gc,phases      ] GC(238)     Total                          Min: 0, Avg:  1.2, Max: 5, Diff: 5, Sum: 5, Workers: 4
[8784.147s][debug][gc,phases      ] GC(238)   JVMTI Tag Weak OopStorage      Min: 0.00, Avg: 0.00, Max: 0.00, Diff: 0.00, Sum: 0.00, Workers: 4
[8784.147s][debug][gc,phases      ] GC(238)     Dead                           Min: 0, Avg:  0.0, Max: 0, Diff: 0, Sum: 0, Workers: 4
[8784.147s][debug][gc,phases      ] GC(238)     Total                          Min: 0, Avg:  0.0, Max: 0, Diff: 0, Sum: 0, Workers: 4
[8784.147s][debug][gc,phases      ] GC(238)   StringTable Weak               Min: 0.00, Avg: 0.09, Max: 0.12, Diff: 0.12, Sum: 0.37, Workers: 4
[8784.147s][debug][gc,phases      ] GC(238)     Dead                           Min: 0, Avg:  0.0, Max: 0, Diff: 0, Sum: 0, Workers: 4
[8784.147s][debug][gc,phases      ] GC(238)     Total                          Min: 0, Avg: 12579.5, Max: 21760, Diff: 21760, Sum: 50318, Workers: 4
[8784.147s][debug][gc,phases      ] GC(238)   ResolvedMethodTable Weak       Min: 0.00, Avg: 0.03, Max: 0.04, Diff: 0.04, Sum: 0.13, Workers: 4
[8784.147s][debug][gc,phases      ] GC(238)     Dead                           Min: 0, Avg:  5.0, Max: 10, Diff: 10, Sum: 20, Workers: 4
[8784.147s][debug][gc,phases      ] GC(238)     Total                          Min: 0, Avg: 4038.0, Max: 6966, Diff: 6966, Sum: 16152, Workers: 4
[8784.147s][debug][gc,phases      ] GC(238)   JNI Weak                       Min: 0.00, Avg: 0.00, Max: 0.00, Diff: 0.00, Sum: 0.00, Workers: 4
[8784.147s][debug][gc,phases      ] GC(238)     Dead                           Min: 0, Avg:  0.0, Max: 0, Diff: 0, Sum: 0, Workers: 4
[8784.147s][debug][gc,phases      ] GC(238)     Total                          Min: 0, Avg: 13.0, Max: 52, Diff: 52, Sum: 52, Workers: 4
[8784.147s][debug][gc,phases      ] GC(238)   StringDedup Table Weak         Min: 0.00, Avg: 0.00, Max: 0.00, Diff: 0.00, Sum: 0.00, Workers: 4
[8784.147s][debug][gc,phases      ] GC(238)     Dead                           Min: 0, Avg:  0.0, Max: 0, Diff: 0, Sum: 0, Workers: 4
[8784.147s][debug][gc,phases      ] GC(238)     Total                          Min: 0, Avg:  0.0, Max: 0, Diff: 0, Sum: 0, Workers: 4
[8784.147s][debug][gc,phases      ] GC(238)   StringDedup Requests0 Weak     Min: 0.00, Avg: 0.00, Max: 0.00, Diff: 0.00, Sum: 0.00, Workers: 4
[8784.147s][debug][gc,phases      ] GC(238)     Dead                           Min: 0, Avg:  0.0, Max: 0, Diff: 0, Sum: 0, Workers: 4
[8784.147s][debug][gc,phases      ] GC(238)     Total                          Min: 0, Avg:  0.0, Max: 0, Diff: 0, Sum: 0, Workers: 4
[8784.147s][debug][gc,phases      ] GC(238)   StringDedup Requests1 Weak     Min: 0.00, Avg: 0.00, Max: 0.00, Diff: 0.00, Sum: 0.00, Workers: 4
[8784.147s][debug][gc,phases      ] GC(238)     Dead                           Min: 0, Avg:  0.0, Max: 0, Diff: 0, Sum: 0, Workers: 4
[8784.147s][debug][gc,phases      ] GC(238)     Total                          Min: 0, Avg:  0.0, Max: 0, Diff: 0, Sum: 0, Workers: 4
[8784.147s][debug][gc,phases      ] GC(238)   Weak JFR Old Object Samples    Min: 0.00, Avg: 0.00, Max: 0.00, Diff: 0.00, Sum: 0.00, Workers: 4
[8784.147s][debug][gc,phases      ] GC(238)     Dead                           Min: 0, Avg:  0.0, Max: 0, Diff: 0, Sum: 0, Workers: 4
[8784.147s][debug][gc,phases      ] GC(238)     Total                          Min: 0, Avg:  0.0, Max: 0, Diff: 0, Sum: 0, Workers: 4
[8784.147s][debug][gc,phases      ] GC(238) Weak Processing 0.403ms
[8784.147s][debug][gc,age         ] GC(238) Desired survivor size 3145728 bytes, new threshold 1 (max threshold 15)
[8784.147s][info ][gc,heap        ] GC(238) PSYoungGen: 2093344K(2094080K)->2384K(2094080K) Eden: 2091008K(2091008K)->0K(2091008K) From: 2336K(3072K)->2384K(3072K)
[8784.147s][info ][gc,heap        ] GC(238) ParOldGen: 643177K(837120K)->643273K(837120K)
[8784.147s][info ][gc,metaspace   ] GC(238) Metaspace: 110525K(111680K)->110525K(111680K) NonClass: 94643K(95296K)->94643K(95296K) Class: 15882K(16384K)->15882K(16384K)
[8784.147s][info ][gc             ] GC(238) Pause Young (Allocation Failure) 2672M->630M(2862M) 2.556ms
[8784.147s][info ][gc,cpu         ] GC(238) User=0.00s Sys=0.00s Real=0.00s
[8784.147s][info ][safepoint      ] Safepoint "ParallelCollectForAllocation", Time since last: 51848389403 ns, Reaching safepoint: 6400 ns, At safepoint: 2618800 ns, Leaving safepoint: 2800 ns, Total: 2628000 ns, Threads: 0 runnable, 34 total
[8837.392s][info ][gc,start       ] GC(239) Pause Young (Allocation Failure)
[8837.394s][debug][gc,phases      ] GC(239) Scavenge 2.348ms
[8837.394s][debug][gc,ref         ] GC(239) Skipped SoftWeakFinalRefsPhase of Reference Processing: no references
[8837.394s][debug][gc,ref         ] GC(239) Skipped KeepAliveFinalRefsPhase of Reference Processing: no references
[8837.394s][debug][gc,ref         ] GC(239) Skipped PhantomRefsPhase of Reference Processing: no references
[8837.394s][debug][gc,phases      ] GC(239) Reference Processing 0.022ms
[8837.394s][debug][gc,phases      ] GC(239)   VM Weak                        Min: 0.00, Avg: 0.00, Max: 0.01, Diff: 0.01, Sum: 0.01, Workers: 4
[8837.394s][debug][gc,phases      ] GC(239)     Dead                           Min: 0, Avg:  0.0, Max: 0, Diff: 0, Sum: 0, Workers: 4
[8837.394s][debug][gc,phases      ] GC(239)     Total                          Min: 0, Avg: 213.5, Max: 512, Diff: 512, Sum: 854, Workers: 4
[8837.394s][debug][gc,phases      ] GC(239)   ObjectSynchronizer Weak        Min: 0.00, Avg: 0.00, Max: 0.00, Diff: 0.00, Sum: 0.00, Workers: 4
[8837.394s][debug][gc,phases      ] GC(239)     Dead                           Min: 0, Avg:  0.0, Max: 0, Diff: 0, Sum: 0, Workers: 4
[8837.394s][debug][gc,phases      ] GC(239)     Total                          Min: 0, Avg:  1.2, Max: 5, Diff: 5, Sum: 5, Workers: 4
[8837.394s][debug][gc,phases      ] GC(239)   JVMTI Tag Weak OopStorage      Min: 0.00, Avg: 0.00, Max: 0.00, Diff: 0.00, Sum: 0.00, Workers: 4
[8837.394s][debug][gc,phases      ] GC(239)     Dead                           Min: 0, Avg:  0.0, Max: 0, Diff: 0, Sum: 0, Workers: 4
[8837.394s][debug][gc,phases      ] GC(239)     Total                          Min: 0, Avg:  0.0, Max: 0, Diff: 0, Sum: 0, Workers: 4
[8837.394s][debug][gc,phases      ] GC(239)   StringTable Weak               Min: 0.11, Avg: 0.11, Max: 0.11, Diff: 0.00, Sum: 0.45, Workers: 4
[8837.394s][debug][gc,phases      ] GC(239)     Dead                           Min: 0, Avg:  0.0, Max: 0, Diff: 0, Sum: 0, Workers: 4
[8837.394s][debug][gc,phases      ] GC(239)     Total                          Min: 12302, Avg: 12579.5, Max: 12736, Diff: 434, Sum: 50318, Workers: 4
[8837.394s][debug][gc,phases      ] GC(239)   ResolvedMethodTable Weak       Min: 0.04, Avg: 0.04, Max: 0.04, Diff: 0.00, Sum: 0.15, Workers: 4
[8837.394s][debug][gc,phases      ] GC(239)     Dead                           Min: 0, Avg:  5.0, Max: 7, Diff: 7, Sum: 20, Workers: 4
[8837.394s][debug][gc,phases      ] GC(239)     Total                          Min: 3963, Avg: 4038.0, Max: 4093, Diff: 130, Sum: 16152, Workers: 4
[8837.395s][debug][gc,phases      ] GC(239)   JNI Weak                       Min: 0.00, Avg: 0.00, Max: 0.00, Diff: 0.00, Sum: 0.00, Workers: 4
[8837.395s][debug][gc,phases      ] GC(239)     Dead                           Min: 0, Avg:  0.0, Max: 0, Diff: 0, Sum: 0, Workers: 4
[8837.395s][debug][gc,phases      ] GC(239)     Total                          Min: 0, Avg: 13.0, Max: 52, Diff: 52, Sum: 52, Workers: 4
[8837.395s][debug][gc,phases      ] GC(239)   StringDedup Table Weak         Min: 0.00, Avg: 0.00, Max: 0.00, Diff: 0.00, Sum: 0.00, Workers: 4
[8837.395s][debug][gc,phases      ] GC(239)     Dead                           Min: 0, Avg:  0.0, Max: 0, Diff: 0, Sum: 0, Workers: 4
[8837.395s][debug][gc,phases      ] GC(239)     Total                          Min: 0, Avg:  0.0, Max: 0, Diff: 0, Sum: 0, Workers: 4
[8837.395s][debug][gc,phases      ] GC(239)   StringDedup Requests0 Weak     Min: 0.00, Avg: 0.00, Max: 0.00, Diff: 0.00, Sum: 0.00, Workers: 4
[8837.395s][debug][gc,phases      ] GC(239)     Dead                           Min: 0, Avg:  0.0, Max: 0, Diff: 0, Sum: 0, Workers: 4
[8837.395s][debug][gc,phases      ] GC(239)     Total                          Min: 0, Avg:  0.0, Max: 0, Diff: 0, Sum: 0, Workers: 4
[8837.395s][debug][gc,phases      ] GC(239)   StringDedup Requests1 Weak     Min: 0.00, Avg: 0.00, Max: 0.00, Diff: 0.00, Sum: 0.00, Workers: 4
[8837.395s][debug][gc,phases      ] GC(239)     Dead                           Min: 0, Avg:  0.0, Max: 0, Diff: 0, Sum: 0, Workers: 4
[8837.395s][debug][gc,phases      ] GC(239)     Total                          Min: 0, Avg:  0.0, Max: 0, Diff: 0, Sum: 0, Workers: 4
[8837.395s][debug][gc,phases      ] GC(239)   Weak JFR Old Object Samples    Min: 0.00, Avg: 0.00, Max: 0.00, Diff: 0.00, Sum: 0.00, Workers: 4
[8837.395s][debug][gc,phases      ] GC(239)     Dead                           Min: 0, Avg:  0.0, Max: 0, Diff: 0, Sum: 0, Workers: 4
[8837.395s][debug][gc,phases      ] GC(239)     Total                          Min: 0, Avg:  0.0, Max: 0, Diff: 0, Sum: 0, Workers: 4
[8837.395s][debug][gc,phases      ] GC(239) Weak Processing 0.337ms
[8837.395s][debug][gc,age         ] GC(239) Desired survivor size 3145728 bytes, new threshold 1 (max threshold 15)
[8837.395s][info ][gc,heap        ] GC(239) PSYoungGen: 2093392K(2094080K)->2336K(2094080K) Eden: 2091008K(2091008K)->0K(2091008K) From: 2384K(3072K)->2336K(3072K)
[8837.395s][info ][gc,heap        ] GC(239) ParOldGen: 643273K(837120K)->643313K(837120K)
[8837.395s][info ][gc,metaspace   ] GC(239) Metaspace: 110526K(111680K)->110526K(111680K) NonClass: 94644K(95296K)->94644K(95296K) Class: 15882K(16384K)->15882K(16384K)
[8837.395s][info ][gc             ] GC(239) Pause Young (Allocation Failure) 2672M->630M(2862M) 2.830ms
[8837.395s][info ][gc,cpu         ] GC(239) User=0.01s Sys=0.00s Real=0.00s
[8837.395s][info ][safepoint      ] Safepoint "ParallelCollectForAllocation", Time since last: 53244195771 ns, Reaching safepoint: 81000 ns, At safepoint: 2895699 ns, Leaving safepoint: 6600 ns, Total: 2983299 ns, Threads: 1 runnable, 33 total
[8889.845s][info ][gc,start       ] GC(240) Pause Young (Allocation Failure)
[8889.847s][debug][gc,phases      ] GC(240) Scavenge 2.162ms
[8889.848s][debug][gc,ref         ] GC(240) Skipped SoftWeakFinalRefsPhase of Reference Processing: no references
[8889.848s][debug][gc,ref         ] GC(240) Skipped KeepAliveFinalRefsPhase of Reference Processing: no references
[8889.848s][debug][gc,ref         ] GC(240) Skipped PhantomRefsPhase of Reference Processing: no references
[8889.848s][debug][gc,phases      ] GC(240) Reference Processing 0.023ms
[8889.848s][debug][gc,phases      ] GC(240)   VM Weak                        Min: 0.00, Avg: 0.00, Max: 0.00, Diff: 0.00, Sum: 0.01, Workers: 4
[8889.848s][debug][gc,phases      ] GC(240)     Dead                           Min: 0, Avg:  0.0, Max: 0, Diff: 0, Sum: 0, Workers: 4
[8889.848s][debug][gc,phases      ] GC(240)     Total                          Min: 0, Avg: 213.5, Max: 448, Diff: 448, Sum: 854, Workers: 4
[8889.848s][debug][gc,phases      ] GC(240)   ObjectSynchronizer Weak        Min: 0.00, Avg: 0.00, Max: 0.00, Diff: 0.00, Sum: 0.00, Workers: 4
[8889.848s][debug][gc,phases      ] GC(240)     Dead                           Min: 0, Avg:  0.0, Max: 0, Diff: 0, Sum: 0, Workers: 4
[8889.848s][debug][gc,phases      ] GC(240)     Total                          Min: 0, Avg:  1.2, Max: 5, Diff: 5, Sum: 5, Workers: 4
[8889.848s][debug][gc,phases      ] GC(240)   JVMTI Tag Weak OopStorage      Min: 0.00, Avg: 0.00, Max: 0.00, Diff: 0.00, Sum: 0.00, Workers: 4
[8889.848s][debug][gc,phases      ] GC(240)     Dead                           Min: 0, Avg:  0.0, Max: 0, Diff: 0, Sum: 0, Workers: 4
[8889.848s][debug][gc,phases      ] GC(240)     Total                          Min: 0, Avg:  0.0, Max: 0, Diff: 0, Sum: 0, Workers: 4
[8889.848s][debug][gc,phases      ] GC(240)   StringTable Weak               Min: 0.00, Avg: 0.10, Max: 0.13, Diff: 0.13, Sum: 0.39, Workers: 4
[8889.848s][debug][gc,phases      ] GC(240)     Dead                           Min: 0, Avg:  0.0, Max: 0, Diff: 0, Sum: 0, Workers: 4
[8889.848s][debug][gc,phases      ] GC(240)     Total                          Min: 0, Avg: 12579.5, Max: 20942, Diff: 20942, Sum: 50318, Workers: 4
[8889.848s][debug][gc,phases      ] GC(240)   ResolvedMethodTable Weak       Min: 0.00, Avg: 0.03, Max: 0.04, Diff: 0.04, Sum: 0.13, Workers: 4
[8889.848s][debug][gc,phases      ] GC(240)     Dead                           Min: 0, Avg:  5.0, Max: 15, Diff: 15, Sum: 20, Workers: 4
[8889.848s][debug][gc,phases      ] GC(240)     Total                          Min: 0, Avg: 4038.0, Max: 6884, Diff: 6884, Sum: 16152, Workers: 4
[8889.848s][debug][gc,phases      ] GC(240)   JNI Weak                       Min: 0.00, Avg: 0.00, Max: 0.00, Diff: 0.00, Sum: 0.00, Workers: 4
[8889.848s][debug][gc,phases      ] GC(240)     Dead                           Min: 0, Avg:  0.0, Max: 0, Diff: 0, Sum: 0, Workers: 4
[8889.848s][debug][gc,phases      ] GC(240)     Total                          Min: 0, Avg: 13.0, Max: 52, Diff: 52, Sum: 52, Workers: 4
[8889.848s][debug][gc,phases      ] GC(240)   StringDedup Table Weak         Min: 0.00, Avg: 0.00, Max: 0.00, Diff: 0.00, Sum: 0.00, Workers: 4
[8889.848s][debug][gc,phases      ] GC(240)     Dead                           Min: 0, Avg:  0.0, Max: 0, Diff: 0, Sum: 0, Workers: 4
[8889.848s][debug][gc,phases      ] GC(240)     Total                          Min: 0, Avg:  0.0, Max: 0, Diff: 0, Sum: 0, Workers: 4
[8889.848s][debug][gc,phases      ] GC(240)   StringDedup Requests0 Weak     Min: 0.00, Avg: 0.00, Max: 0.00, Diff: 0.00, Sum: 0.00, Workers: 4
[8889.848s][debug][gc,phases      ] GC(240)     Dead                           Min: 0, Avg:  0.0, Max: 0, Diff: 0, Sum: 0, Workers: 4
[8889.848s][debug][gc,phases      ] GC(240)     Total                          Min: 0, Avg:  0.0, Max: 0, Diff: 0, Sum: 0, Workers: 4
[8889.848s][debug][gc,phases      ] GC(240)   StringDedup Requests1 Weak     Min: 0.00, Avg: 0.00, Max: 0.00, Diff: 0.00, Sum: 0.00, Workers: 4
[8889.848s][debug][gc,phases      ] GC(240)     Dead                           Min: 0, Avg:  0.0, Max: 0, Diff: 0, Sum: 0, Workers: 4
[8889.848s][debug][gc,phases      ] GC(240)     Total                          Min: 0, Avg:  0.0, Max: 0, Diff: 0, Sum: 0, Workers: 4
[8889.848s][debug][gc,phases      ] GC(240)   Weak JFR Old Object Samples    Min: 0.00, Avg: 0.00, Max: 0.00, Diff: 0.00, Sum: 0.00, Workers: 4
[8889.848s][debug][gc,phases      ] GC(240)     Dead                           Min: 0, Avg:  0.0, Max: 0, Diff: 0, Sum: 0, Workers: 4
[8889.848s][debug][gc,phases      ] GC(240)     Total                          Min: 0, Avg:  0.0, Max: 0, Diff: 0, Sum: 0, Workers: 4
[8889.848s][debug][gc,phases      ] GC(240) Weak Processing 0.384ms
[8889.848s][debug][gc,age         ] GC(240) Desired survivor size 3145728 bytes, new threshold 1 (max threshold 15)
[8889.848s][info ][gc,heap        ] GC(240) PSYoungGen: 2093344K(2094080K)->2320K(2094080K) Eden: 2091008K(2091008K)->0K(2091008K) From: 2336K(3072K)->2320K(3072K)
[8889.848s][info ][gc,heap        ] GC(240) ParOldGen: 643313K(837120K)->643385K(837120K)
[8889.848s][info ][gc,metaspace   ] GC(240) Metaspace: 110528K(111680K)->110528K(111680K) NonClass: 94645K(95296K)->94645K(95296K) Class: 15882K(16384K)->15882K(16384K)
[8889.848s][info ][gc             ] GC(240) Pause Young (Allocation Failure) 2672M->630M(2862M) 2.692ms
[8889.848s][info ][gc,cpu         ] GC(240) User=0.01s Sys=0.00s Real=0.00s
[8889.848s][info ][safepoint      ] Safepoint "ParallelCollectForAllocation", Time since last: 52450561372 ns, Reaching safepoint: 35700 ns, At safepoint: 2772799 ns, Leaving safepoint: 2000 ns, Total: 2810499 ns, Threads: 0 runnable, 33 total
[8942.414s][info ][gc,start       ] GC(241) Pause Young (Allocation Failure)
[8942.416s][debug][gc,phases      ] GC(241) Scavenge 2.303ms
[8942.416s][debug][gc,ref         ] GC(241) Skipped SoftWeakFinalRefsPhase of Reference Processing: no references
[8942.416s][debug][gc,ref         ] GC(241) Skipped KeepAliveFinalRefsPhase of Reference Processing: no references
[8942.416s][debug][gc,ref         ] GC(241) Skipped PhantomRefsPhase of Reference Processing: no references
[8942.416s][debug][gc,phases      ] GC(241) Reference Processing 0.022ms
[8942.417s][debug][gc,phases      ] GC(241)   VM Weak                        Min: 0.00, Avg: 0.00, Max: 0.01, Diff: 0.01, Sum: 0.01, Workers: 4
[8942.417s][debug][gc,phases      ] GC(241)     Dead                           Min: 0, Avg:  0.0, Max: 0, Diff: 0, Sum: 0, Workers: 4
[8942.417s][debug][gc,phases      ] GC(241)     Total                          Min: 0, Avg: 213.5, Max: 726, Diff: 726, Sum: 854, Workers: 4
[8942.417s][debug][gc,phases      ] GC(241)   ObjectSynchronizer Weak        Min: 0.00, Avg: 0.00, Max: 0.00, Diff: 0.00, Sum: 0.00, Workers: 4
[8942.417s][debug][gc,phases      ] GC(241)     Dead                           Min: 0, Avg:  0.0, Max: 0, Diff: 0, Sum: 0, Workers: 4
[8942.417s][debug][gc,phases      ] GC(241)     Total                          Min: 0, Avg:  1.2, Max: 5, Diff: 5, Sum: 5, Workers: 4
[8942.417s][debug][gc,phases      ] GC(241)   JVMTI Tag Weak OopStorage      Min: 0.00, Avg: 0.00, Max: 0.00, Diff: 0.00, Sum: 0.00, Workers: 4
[8942.417s][debug][gc,phases      ] GC(241)     Dead                           Min: 0, Avg:  0.0, Max: 0, Diff: 0, Sum: 0, Workers: 4
[8942.417s][debug][gc,phases      ] GC(241)     Total                          Min: 0, Avg:  0.0, Max: 0, Diff: 0, Sum: 0, Workers: 4
[8942.417s][debug][gc,phases      ] GC(241)   StringTable Weak               Min: 0.00, Avg: 0.10, Max: 0.13, Diff: 0.13, Sum: 0.40, Workers: 4
[8942.417s][debug][gc,phases      ] GC(241)     Dead                           Min: 0, Avg:  0.0, Max: 0, Diff: 0, Sum: 0, Workers: 4
[8942.417s][debug][gc,phases      ] GC(241)     Total                          Min: 0, Avg: 12579.5, Max: 20864, Diff: 20864, Sum: 50318, Workers: 4
[8942.417s][debug][gc,phases      ] GC(241)   ResolvedMethodTable Weak       Min: 0.00, Avg: 0.03, Max: 0.04, Diff: 0.04, Sum: 0.13, Workers: 4
[8942.417s][debug][gc,phases      ] GC(241)     Dead                           Min: 0, Avg:  5.0, Max: 18, Diff: 18, Sum: 20, Workers: 4
[8942.417s][debug][gc,phases      ] GC(241)     Total                          Min: 0, Avg: 4038.0, Max: 6859, Diff: 6859, Sum: 16152, Workers: 4
[8942.417s][debug][gc,phases      ] GC(241)   JNI Weak                       Min: 0.00, Avg: 0.00, Max: 0.00, Diff: 0.00, Sum: 0.00, Workers: 4
[8942.417s][debug][gc,phases      ] GC(241)     Dead                           Min: 0, Avg:  0.0, Max: 0, Diff: 0, Sum: 0, Workers: 4
[8942.417s][debug][gc,phases      ] GC(241)     Total                          Min: 0, Avg: 13.0, Max: 52, Diff: 52, Sum: 52, Workers: 4
[8942.417s][debug][gc,phases      ] GC(241)   StringDedup Table Weak         Min: 0.00, Avg: 0.00, Max: 0.00, Diff: 0.00, Sum: 0.00, Workers: 4
[8942.417s][debug][gc,phases      ] GC(241)     Dead                           Min: 0, Avg:  0.0, Max: 0, Diff: 0, Sum: 0, Workers: 4
[8942.417s][debug][gc,phases      ] GC(241)     Total                          Min: 0, Avg:  0.0, Max: 0, Diff: 0, Sum: 0, Workers: 4
[8942.417s][debug][gc,phases      ] GC(241)   StringDedup Requests0 Weak     Min: 0.00, Avg: 0.00, Max: 0.00, Diff: 0.00, Sum: 0.00, Workers: 4
[8942.417s][debug][gc,phases      ] GC(241)     Dead                           Min: 0, Avg:  0.0, Max: 0, Diff: 0, Sum: 0, Workers: 4
[8942.417s][debug][gc,phases      ] GC(241)     Total                          Min: 0, Avg:  0.0, Max: 0, Diff: 0, Sum: 0, Workers: 4
[8942.417s][debug][gc,phases      ] GC(241)   StringDedup Requests1 Weak     Min: 0.00, Avg: 0.00, Max: 0.00, Diff: 0.00, Sum: 0.00, Workers: 4
[8942.417s][debug][gc,phases      ] GC(241)     Dead                           Min: 0, Avg:  0.0, Max: 0, Diff: 0, Sum: 0, Workers: 4
[8942.417s][debug][gc,phases      ] GC(241)     Total                          Min: 0, Avg:  0.0, Max: 0, Diff: 0, Sum: 0, Workers: 4
[8942.417s][debug][gc,phases      ] GC(241)   Weak JFR Old Object Samples    Min: 0.00, Avg: 0.00, Max: 0.00, Diff: 0.00, Sum: 0.00, Workers: 4
[8942.417s][debug][gc,phases      ] GC(241)     Dead                           Min: 0, Avg:  0.0, Max: 0, Diff: 0, Sum: 0, Workers: 4
[8942.417s][debug][gc,phases      ] GC(241)     Total                          Min: 0, Avg:  0.0, Max: 0, Diff: 0, Sum: 0, Workers: 4
[8942.417s][debug][gc,phases      ] GC(241) Weak Processing 0.366ms
[8942.417s][debug][gc,age         ] GC(241) Desired survivor size 3145728 bytes, new threshold 1 (max threshold 15)
[8942.417s][info ][gc,heap        ] GC(241) PSYoungGen: 2093328K(2094080K)->2432K(2094080K) Eden: 2091008K(2091008K)->0K(2091008K) From: 2320K(3072K)->2432K(3072K)
[8942.417s][info ][gc,heap        ] GC(241) ParOldGen: 643385K(837120K)->643465K(837120K)
[8942.417s][info ][gc,metaspace   ] GC(241) Metaspace: 110530K(111680K)->110530K(111680K) NonClass: 94648K(95296K)->94648K(95296K) Class: 15882K(16384K)->15882K(16384K)
[8942.417s][info ][gc             ] GC(241) Pause Young (Allocation Failure) 2672M->630M(2862M) 2.814ms
[8942.417s][info ][gc,cpu         ] GC(241) User=0.01s Sys=0.00s Real=0.00s
[8942.417s][info ][safepoint      ] Safepoint "ParallelCollectForAllocation", Time since last: 52565813625 ns, Reaching safepoint: 23800 ns, At safepoint: 2875999 ns, Leaving safepoint: 1900 ns, Total: 2901699 ns, Threads: 0 runnable, 34 total
[8994.645s][info ][gc,start       ] GC(242) Pause Young (Allocation Failure)
[8994.647s][debug][gc,phases      ] GC(242) Scavenge 2.089ms
[8994.647s][debug][gc,ref         ] GC(242) ReferenceProcessor::execute queues: 1, RefProcThreadModel::Single, marks_oops_alive: false
[8994.647s][debug][gc,ref         ] GC(242) Skipped KeepAliveFinalRefsPhase of Reference Processing: no references
[8994.647s][debug][gc,ref         ] GC(242) Skipped PhantomRefsPhase of Reference Processing: no references
[8994.647s][debug][gc,phases      ] GC(242) Reference Processing 0.116ms
[8994.647s][debug][gc,phases      ] GC(242)   VM Weak                        Min: 0.00, Avg: 0.00, Max: 0.01, Diff: 0.01, Sum: 0.01, Workers: 4
[8994.647s][debug][gc,phases      ] GC(242)     Dead                           Min: 0, Avg:  0.0, Max: 0, Diff: 0, Sum: 0, Workers: 4
[8994.647s][debug][gc,phases      ] GC(242)     Total                          Min: 0, Avg: 213.5, Max: 854, Diff: 854, Sum: 854, Workers: 4
[8994.647s][debug][gc,phases      ] GC(242)   ObjectSynchronizer Weak        Min: 0.00, Avg: 0.00, Max: 0.00, Diff: 0.00, Sum: 0.00, Workers: 4
[8994.647s][debug][gc,phases      ] GC(242)     Dead                           Min: 0, Avg:  0.0, Max: 0, Diff: 0, Sum: 0, Workers: 4
[8994.647s][debug][gc,phases      ] GC(242)     Total                          Min: 0, Avg:  1.2, Max: 5, Diff: 5, Sum: 5, Workers: 4
[8994.647s][debug][gc,phases      ] GC(242)   JVMTI Tag Weak OopStorage      Min: 0.00, Avg: 0.00, Max: 0.00, Diff: 0.00, Sum: 0.00, Workers: 4
[8994.647s][debug][gc,phases      ] GC(242)     Dead                           Min: 0, Avg:  0.0, Max: 0, Diff: 0, Sum: 0, Workers: 4
[8994.647s][debug][gc,phases      ] GC(242)     Total                          Min: 0, Avg:  0.0, Max: 0, Diff: 0, Sum: 0, Workers: 4
[8994.647s][debug][gc,phases      ] GC(242)   StringTable Weak               Min: 0.00, Avg: 0.10, Max: 0.13, Diff: 0.13, Sum: 0.38, Workers: 4
[8994.647s][debug][gc,phases      ] GC(242)     Dead                           Min: 0, Avg:  0.0, Max: 0, Diff: 0, Sum: 0, Workers: 4
[8994.647s][debug][gc,phases      ] GC(242)     Total                          Min: 0, Avg: 12579.5, Max: 21838, Diff: 21838, Sum: 50318, Workers: 4
[8994.647s][debug][gc,phases      ] GC(242)   ResolvedMethodTable Weak       Min: 0.00, Avg: 0.03, Max: 0.04, Diff: 0.04, Sum: 0.13, Workers: 4
[8994.647s][debug][gc,phases      ] GC(242)     Dead                           Min: 0, Avg:  5.0, Max: 9, Diff: 9, Sum: 20, Workers: 4
[8994.647s][debug][gc,phases      ] GC(242)     Total                          Min: 0, Avg: 4038.0, Max: 6901, Diff: 6901, Sum: 16152, Workers: 4
[8994.647s][debug][gc,phases      ] GC(242)   JNI Weak                       Min: 0.00, Avg: 0.00, Max: 0.00, Diff: 0.00, Sum: 0.00, Workers: 4
[8994.647s][debug][gc,phases      ] GC(242)     Dead                           Min: 0, Avg:  0.0, Max: 0, Diff: 0, Sum: 0, Workers: 4
[8994.647s][debug][gc,phases      ] GC(242)     Total                          Min: 0, Avg: 13.0, Max: 52, Diff: 52, Sum: 52, Workers: 4
[8994.647s][debug][gc,phases      ] GC(242)   StringDedup Table Weak         Min: 0.00, Avg: 0.00, Max: 0.00, Diff: 0.00, Sum: 0.00, Workers: 4
[8994.647s][debug][gc,phases      ] GC(242)     Dead                           Min: 0, Avg:  0.0, Max: 0, Diff: 0, Sum: 0, Workers: 4
[8994.647s][debug][gc,phases      ] GC(242)     Total                          Min: 0, Avg:  0.0, Max: 0, Diff: 0, Sum: 0, Workers: 4
[8994.647s][debug][gc,phases      ] GC(242)   StringDedup Requests0 Weak     Min: 0.00, Avg: 0.00, Max: 0.00, Diff: 0.00, Sum: 0.00, Workers: 4
[8994.647s][debug][gc,phases      ] GC(242)     Dead                           Min: 0, Avg:  0.0, Max: 0, Diff: 0, Sum: 0, Workers: 4
[8994.647s][debug][gc,phases      ] GC(242)     Total                          Min: 0, Avg:  0.0, Max: 0, Diff: 0, Sum: 0, Workers: 4
[8994.647s][debug][gc,phases      ] GC(242)   StringDedup Requests1 Weak     Min: 0.00, Avg: 0.00, Max: 0.00, Diff: 0.00, Sum: 0.00, Workers: 4
[8994.647s][debug][gc,phases      ] GC(242)     Dead                           Min: 0, Avg:  0.0, Max: 0, Diff: 0, Sum: 0, Workers: 4
[8994.647s][debug][gc,phases      ] GC(242)     Total                          Min: 0, Avg:  0.0, Max: 0, Diff: 0, Sum: 0, Workers: 4
[8994.647s][debug][gc,phases      ] GC(242)   Weak JFR Old Object Samples    Min: 0.00, Avg: 0.00, Max: 0.00, Diff: 0.00, Sum: 0.00, Workers: 4
[8994.647s][debug][gc,phases      ] GC(242)     Dead                           Min: 0, Avg:  0.0, Max: 0, Diff: 0, Sum: 0, Workers: 4
[8994.647s][debug][gc,phases      ] GC(242)     Total                          Min: 0, Avg:  0.0, Max: 0, Diff: 0, Sum: 0, Workers: 4
[8994.647s][debug][gc,phases      ] GC(242) Weak Processing 0.348ms
[8994.647s][debug][gc,age         ] GC(242) Desired survivor size 3145728 bytes, new threshold 1 (max threshold 15)
[8994.647s][info ][gc,heap        ] GC(242) PSYoungGen: 2093440K(2094080K)->2560K(2094080K) Eden: 2091008K(2091008K)->0K(2091008K) From: 2432K(3072K)->2560K(3072K)
[8994.647s][info ][gc,heap        ] GC(242) ParOldGen: 643465K(837120K)->643497K(837120K)
[8994.647s][info ][gc,metaspace   ] GC(242) Metaspace: 110530K(111680K)->110530K(111680K) NonClass: 94648K(95296K)->94648K(95296K) Class: 15882K(16384K)->15882K(16384K)
[8994.647s][info ][gc             ] GC(242) Pause Young (Allocation Failure) 2672M->630M(2862M) 2.665ms
[8994.647s][info ][gc,cpu         ] GC(242) User=0.01s Sys=0.00s Real=0.00s
[8994.647s][info ][safepoint      ] Safepoint "ParallelCollectForAllocation", Time since last: 52227816471 ns, Reaching safepoint: 109200 ns, At safepoint: 2730500 ns, Leaving safepoint: 6600 ns, Total: 2846300 ns, Threads: 1 runnable, 34 total
[9047.145s][info ][gc,start       ] GC(243) Pause Young (Allocation Failure)
[9047.148s][debug][gc,phases      ] GC(243) Scavenge 2.445ms
[9047.148s][debug][gc,ref         ] GC(243) Skipped SoftWeakFinalRefsPhase of Reference Processing: no references
[9047.148s][debug][gc,ref         ] GC(243) Skipped KeepAliveFinalRefsPhase of Reference Processing: no references
[9047.148s][debug][gc,ref         ] GC(243) ReferenceProcessor::execute queues: 1, RefProcThreadModel::Single, marks_oops_alive: false
[9047.148s][debug][gc,phases      ] GC(243) Reference Processing 0.357ms
[9047.148s][debug][gc,phases      ] GC(243)   VM Weak                        Min: 0.00, Avg: 0.00, Max: 0.00, Diff: 0.00, Sum: 0.01, Workers: 4
[9047.148s][debug][gc,phases      ] GC(243)     Dead                           Min: 0, Avg:  0.0, Max: 0, Diff: 0, Sum: 0, Workers: 4
[9047.149s][debug][gc,phases      ] GC(243)     Total                          Min: 0, Avg: 213.5, Max: 470, Diff: 470, Sum: 854, Workers: 4
[9047.149s][debug][gc,phases      ] GC(243)   ObjectSynchronizer Weak        Min: 0.00, Avg: 0.00, Max: 0.00, Diff: 0.00, Sum: 0.00, Workers: 4
[9047.149s][debug][gc,phases      ] GC(243)     Dead                           Min: 0, Avg:  0.0, Max: 0, Diff: 0, Sum: 0, Workers: 4
[9047.149s][debug][gc,phases      ] GC(243)     Total                          Min: 0, Avg:  1.2, Max: 5, Diff: 5, Sum: 5, Workers: 4
[9047.149s][debug][gc,phases      ] GC(243)   JVMTI Tag Weak OopStorage      Min: 0.00, Avg: 0.00, Max: 0.00, Diff: 0.00, Sum: 0.00, Workers: 4
[9047.149s][debug][gc,phases      ] GC(243)     Dead                           Min: 0, Avg:  0.0, Max: 0, Diff: 0, Sum: 0, Workers: 4
[9047.149s][debug][gc,phases      ] GC(243)     Total                          Min: 0, Avg:  0.0, Max: 0, Diff: 0, Sum: 0, Workers: 4
[9047.149s][debug][gc,phases      ] GC(243)   StringTable Weak               Min: 0.00, Avg: 0.17, Max: 0.27, Diff: 0.27, Sum: 0.67, Workers: 4
[9047.149s][debug][gc,phases      ] GC(243)     Dead                           Min: 0, Avg:  0.0, Max: 0, Diff: 0, Sum: 0, Workers: 4
[9047.149s][debug][gc,phases      ] GC(243)     Total                          Min: 0, Avg: 12579.5, Max: 26318, Diff: 26318, Sum: 50318, Workers: 4
[9047.149s][debug][gc,phases      ] GC(243)   ResolvedMethodTable Weak       Min: 0.00, Avg: 0.04, Max: 0.07, Diff: 0.07, Sum: 0.17, Workers: 4
[9047.149s][debug][gc,phases      ] GC(243)     Dead                           Min: 0, Avg:  7.2, Max: 12, Diff: 12, Sum: 29, Workers: 4
[9047.149s][debug][gc,phases      ] GC(243)     Total                          Min: 0, Avg: 4038.0, Max: 6771, Diff: 6771, Sum: 16152, Workers: 4
[9047.149s][debug][gc,phases      ] GC(243)   JNI Weak                       Min: 0.00, Avg: 0.00, Max: 0.00, Diff: 0.00, Sum: 0.00, Workers: 4
[9047.149s][debug][gc,phases      ] GC(243)     Dead                           Min: 0, Avg:  0.0, Max: 0, Diff: 0, Sum: 0, Workers: 4
[9047.149s][debug][gc,phases      ] GC(243)     Total                          Min: 0, Avg: 13.0, Max: 52, Diff: 52, Sum: 52, Workers: 4
[9047.149s][debug][gc,phases      ] GC(243)   StringDedup Table Weak         Min: 0.00, Avg: 0.00, Max: 0.00, Diff: 0.00, Sum: 0.00, Workers: 4
[9047.149s][debug][gc,phases      ] GC(243)     Dead                           Min: 0, Avg:  0.0, Max: 0, Diff: 0, Sum: 0, Workers: 4
[9047.149s][debug][gc,phases      ] GC(243)     Total                          Min: 0, Avg:  0.0, Max: 0, Diff: 0, Sum: 0, Workers: 4
[9047.149s][debug][gc,phases      ] GC(243)   StringDedup Requests0 Weak     Min: 0.00, Avg: 0.00, Max: 0.00, Diff: 0.00, Sum: 0.00, Workers: 4
[9047.149s][debug][gc,phases      ] GC(243)     Dead                           Min: 0, Avg:  0.0, Max: 0, Diff: 0, Sum: 0, Workers: 4
[9047.149s][debug][gc,phases      ] GC(243)     Total                          Min: 0, Avg:  0.0, Max: 0, Diff: 0, Sum: 0, Workers: 4
[9047.149s][debug][gc,phases      ] GC(243)   StringDedup Requests1 Weak     Min: 0.00, Avg: 0.00, Max: 0.00, Diff: 0.00, Sum: 0.00, Workers: 4
[9047.149s][debug][gc,phases      ] GC(243)     Dead                           Min: 0, Avg:  0.0, Max: 0, Diff: 0, Sum: 0, Workers: 4
[9047.149s][debug][gc,phases      ] GC(243)     Total                          Min: 0, Avg:  0.0, Max: 0, Diff: 0, Sum: 0, Workers: 4
[9047.149s][debug][gc,phases      ] GC(243)   Weak JFR Old Object Samples    Min: 0.00, Avg: 0.00, Max: 0.00, Diff: 0.00, Sum: 0.00, Workers: 4
[9047.149s][debug][gc,phases      ] GC(243)     Dead                           Min: 0, Avg:  0.0, Max: 0, Diff: 0, Sum: 0, Workers: 4
[9047.149s][debug][gc,phases      ] GC(243)     Total                          Min: 0, Avg:  0.0, Max: 0, Diff: 0, Sum: 0, Workers: 4
[9047.149s][debug][gc,phases      ] GC(243) Weak Processing 0.615ms
[9047.149s][debug][gc,age         ] GC(243) Desired survivor size 3145728 bytes, new threshold 1 (max threshold 15)
[9047.149s][info ][gc,heap        ] GC(243) PSYoungGen: 2093568K(2094080K)->2336K(2094080K) Eden: 2091008K(2091008K)->0K(2091008K) From: 2560K(3072K)->2336K(3072K)
[9047.149s][info ][gc,heap        ] GC(243) ParOldGen: 643497K(837120K)->643585K(837120K)
[9047.149s][info ][gc,metaspace   ] GC(243) Metaspace: 110531K(111680K)->110531K(111680K) NonClass: 94649K(95296K)->94649K(95296K) Class: 15882K(16384K)->15882K(16384K)
[9047.149s][info ][gc             ] GC(243) Pause Young (Allocation Failure) 2672M->630M(2862M) 3.909ms
[9047.149s][info ][gc,cpu         ] GC(243) User=0.00s Sys=0.01s Real=0.00s
[9047.149s][info ][safepoint      ] Safepoint "ParallelCollectForAllocation", Time since last: 52497421675 ns, Reaching safepoint: 31400 ns, At safepoint: 4060000 ns, Leaving safepoint: 3100 ns, Total: 4094500 ns, Threads: 0 runnable, 39 total
[9100.497s][info ][gc,start       ] GC(244) Pause Young (Allocation Failure)
[9100.499s][debug][gc,phases      ] GC(244) Scavenge 1.666ms
[9100.499s][debug][gc,ref         ] GC(244) Skipped SoftWeakFinalRefsPhase of Reference Processing: no references
[9100.499s][debug][gc,ref         ] GC(244) Skipped KeepAliveFinalRefsPhase of Reference Processing: no references
[9100.499s][debug][gc,ref         ] GC(244) Skipped PhantomRefsPhase of Reference Processing: no references
[9100.499s][debug][gc,phases      ] GC(244) Reference Processing 0.022ms
[9100.499s][debug][gc,phases      ] GC(244)   VM Weak                        Min: 0.00, Avg: 0.00, Max: 0.01, Diff: 0.01, Sum: 0.01, Workers: 4
[9100.499s][debug][gc,phases      ] GC(244)     Dead                           Min: 0, Avg:  0.0, Max: 0, Diff: 0, Sum: 0, Workers: 4
[9100.499s][debug][gc,phases      ] GC(244)     Total                          Min: 0, Avg: 213.5, Max: 512, Diff: 512, Sum: 854, Workers: 4
[9100.499s][debug][gc,phases      ] GC(244)   ObjectSynchronizer Weak        Min: 0.00, Avg: 0.00, Max: 0.00, Diff: 0.00, Sum: 0.00, Workers: 4
[9100.499s][debug][gc,phases      ] GC(244)     Dead                           Min: 0, Avg:  0.0, Max: 0, Diff: 0, Sum: 0, Workers: 4
[9100.499s][debug][gc,phases      ] GC(244)     Total                          Min: 0, Avg:  1.2, Max: 5, Diff: 5, Sum: 5, Workers: 4
[9100.499s][debug][gc,phases      ] GC(244)   JVMTI Tag Weak OopStorage      Min: 0.00, Avg: 0.00, Max: 0.00, Diff: 0.00, Sum: 0.00, Workers: 4
[9100.499s][debug][gc,phases      ] GC(244)     Dead                           Min: 0, Avg:  0.0, Max: 0, Diff: 0, Sum: 0, Workers: 4
[9100.499s][debug][gc,phases      ] GC(244)     Total                          Min: 0, Avg:  0.0, Max: 0, Diff: 0, Sum: 0, Workers: 4
[9100.499s][debug][gc,phases      ] GC(244)   StringTable Weak               Min: 0.10, Avg: 0.11, Max: 0.11, Diff: 0.01, Sum: 0.43, Workers: 4
[9100.499s][debug][gc,phases      ] GC(244)     Dead                           Min: 0, Avg:  0.0, Max: 0, Diff: 0, Sum: 0, Workers: 4
[9100.499s][debug][gc,phases      ] GC(244)     Total                          Min: 11776, Avg: 12579.5, Max: 13952, Diff: 2176, Sum: 50318, Workers: 4
[9100.499s][debug][gc,phases      ] GC(244)   ResolvedMethodTable Weak       Min: 0.04, Avg: 0.04, Max: 0.04, Diff: 0.00, Sum: 0.15, Workers: 4
[9100.499s][debug][gc,phases      ] GC(244)     Dead                           Min: 0, Avg:  5.0, Max: 8, Diff: 8, Sum: 20, Workers: 4
[9100.499s][debug][gc,phases      ] GC(244)     Total                          Min: 3758, Avg: 4038.0, Max: 4625, Diff: 867, Sum: 16152, Workers: 4
[9100.499s][debug][gc,phases      ] GC(244)   JNI Weak                       Min: 0.00, Avg: 0.00, Max: 0.00, Diff: 0.00, Sum: 0.00, Workers: 4
[9100.499s][debug][gc,phases      ] GC(244)     Dead                           Min: 0, Avg:  0.0, Max: 0, Diff: 0, Sum: 0, Workers: 4
[9100.499s][debug][gc,phases      ] GC(244)     Total                          Min: 0, Avg: 13.0, Max: 52, Diff: 52, Sum: 52, Workers: 4
[9100.499s][debug][gc,phases      ] GC(244)   StringDedup Table Weak         Min: 0.00, Avg: 0.00, Max: 0.00, Diff: 0.00, Sum: 0.00, Workers: 4
[9100.499s][debug][gc,phases      ] GC(244)     Dead                           Min: 0, Avg:  0.0, Max: 0, Diff: 0, Sum: 0, Workers: 4
[9100.499s][debug][gc,phases      ] GC(244)     Total                          Min: 0, Avg:  0.0, Max: 0, Diff: 0, Sum: 0, Workers: 4
[9100.499s][debug][gc,phases      ] GC(244)   StringDedup Requests0 Weak     Min: 0.00, Avg: 0.00, Max: 0.00, Diff: 0.00, Sum: 0.00, Workers: 4
[9100.499s][debug][gc,phases      ] GC(244)     Dead                           Min: 0, Avg:  0.0, Max: 0, Diff: 0, Sum: 0, Workers: 4
[9100.499s][debug][gc,phases      ] GC(244)     Total                          Min: 0, Avg:  0.0, Max: 0, Diff: 0, Sum: 0, Workers: 4
[9100.499s][debug][gc,phases      ] GC(244)   StringDedup Requests1 Weak     Min: 0.00, Avg: 0.00, Max: 0.00, Diff: 0.00, Sum: 0.00, Workers: 4
[9100.499s][debug][gc,phases      ] GC(244)     Dead                           Min: 0, Avg:  0.0, Max: 0, Diff: 0, Sum: 0, Workers: 4
[9100.499s][debug][gc,phases      ] GC(244)     Total                          Min: 0, Avg:  0.0, Max: 0, Diff: 0, Sum: 0, Workers: 4
[9100.499s][debug][gc,phases      ] GC(244)   Weak JFR Old Object Samples    Min: 0.00, Avg: 0.00, Max: 0.00, Diff: 0.00, Sum: 0.00, Workers: 4
[9100.499s][debug][gc,phases      ] GC(244)     Dead                           Min: 0, Avg:  0.0, Max: 0, Diff: 0, Sum: 0, Workers: 4
[9100.499s][debug][gc,phases      ] GC(244)     Total                          Min: 0, Avg:  0.0, Max: 0, Diff: 0, Sum: 0, Workers: 4
[9100.499s][debug][gc,phases      ] GC(244) Weak Processing 0.360ms
[9100.499s][debug][gc,age         ] GC(244) Desired survivor size 3145728 bytes, new threshold 1 (max threshold 15)
[9100.499s][info ][gc,heap        ] GC(244) PSYoungGen: 2093344K(2094080K)->2384K(2094080K) Eden: 2091008K(2091008K)->0K(2091008K) From: 2336K(3072K)->2384K(3072K)
[9100.499s][info ][gc,heap        ] GC(244) ParOldGen: 643585K(837120K)->643641K(837120K)
[9100.499s][info ][gc,metaspace   ] GC(244) Metaspace: 110531K(111680K)->110531K(111680K) NonClass: 94649K(95296K)->94649K(95296K) Class: 15882K(16384K)->15882K(16384K)
[9100.499s][info ][gc             ] GC(244) Pause Young (Allocation Failure) 2672M->630M(2862M) 2.166ms
[9100.499s][info ][gc,cpu         ] GC(244) User=0.00s Sys=0.00s Real=0.01s
[9100.499s][info ][safepoint      ] Safepoint "ParallelCollectForAllocation", Time since last: 53348190576 ns, Reaching safepoint: 82700 ns, At safepoint: 2225400 ns, Leaving safepoint: 7200 ns, Total: 2315300 ns, Threads: 1 runnable, 34 total
[9153.099s][info ][gc,start       ] GC(245) Pause Young (Allocation Failure)
[9153.101s][debug][gc,phases      ] GC(245) Scavenge 1.767ms
[9153.101s][debug][gc,ref         ] GC(245) Skipped SoftWeakFinalRefsPhase of Reference Processing: no references
[9153.101s][debug][gc,ref         ] GC(245) Skipped KeepAliveFinalRefsPhase of Reference Processing: no references
[9153.101s][debug][gc,ref         ] GC(245) Skipped PhantomRefsPhase of Reference Processing: no references
[9153.101s][debug][gc,phases      ] GC(245) Reference Processing 0.022ms
[9153.101s][debug][gc,phases      ] GC(245)   VM Weak                        Min: 0.00, Avg: 0.00, Max: 0.01, Diff: 0.01, Sum: 0.01, Workers: 4
[9153.101s][debug][gc,phases      ] GC(245)     Dead                           Min: 0, Avg:  0.0, Max: 0, Diff: 0, Sum: 0, Workers: 4
[9153.101s][debug][gc,phases      ] GC(245)     Total                          Min: 0, Avg: 213.5, Max: 790, Diff: 790, Sum: 854, Workers: 4
[9153.101s][debug][gc,phases      ] GC(245)   ObjectSynchronizer Weak        Min: 0.00, Avg: 0.00, Max: 0.00, Diff: 0.00, Sum: 0.00, Workers: 4
[9153.101s][debug][gc,phases      ] GC(245)     Dead                           Min: 0, Avg:  0.0, Max: 0, Diff: 0, Sum: 0, Workers: 4
[9153.101s][debug][gc,phases      ] GC(245)     Total                          Min: 0, Avg:  1.2, Max: 5, Diff: 5, Sum: 5, Workers: 4
[9153.101s][debug][gc,phases      ] GC(245)   JVMTI Tag Weak OopStorage      Min: 0.00, Avg: 0.00, Max: 0.00, Diff: 0.00, Sum: 0.00, Workers: 4
[9153.101s][debug][gc,phases      ] GC(245)     Dead                           Min: 0, Avg:  0.0, Max: 0, Diff: 0, Sum: 0, Workers: 4
[9153.101s][debug][gc,phases      ] GC(245)     Total                          Min: 0, Avg:  0.0, Max: 0, Diff: 0, Sum: 0, Workers: 4
[9153.101s][debug][gc,phases      ] GC(245)   StringTable Weak               Min: 0.00, Avg: 0.11, Max: 0.14, Diff: 0.14, Sum: 0.43, Workers: 4
[9153.101s][debug][gc,phases      ] GC(245)     Dead                           Min: 0, Avg:  0.0, Max: 0, Diff: 0, Sum: 0, Workers: 4
[9153.101s][debug][gc,phases      ] GC(245)     Total                          Min: 0, Avg: 12579.5, Max: 19342, Diff: 19342, Sum: 50318, Workers: 4
[9153.101s][debug][gc,phases      ] GC(245)   ResolvedMethodTable Weak       Min: 0.00, Avg: 0.03, Max: 0.05, Diff: 0.05, Sum: 0.14, Workers: 4
[9153.101s][debug][gc,phases      ] GC(245)     Dead                           Min: 0, Avg:  5.0, Max: 15, Diff: 15, Sum: 20, Workers: 4
[9153.101s][debug][gc,phases      ] GC(245)     Total                          Min: 0, Avg: 4038.0, Max: 7011, Diff: 7011, Sum: 16152, Workers: 4
[9153.101s][debug][gc,phases      ] GC(245)   JNI Weak                       Min: 0.00, Avg: 0.00, Max: 0.00, Diff: 0.00, Sum: 0.00, Workers: 4
[9153.101s][debug][gc,phases      ] GC(245)     Dead                           Min: 0, Avg:  0.0, Max: 0, Diff: 0, Sum: 0, Workers: 4
[9153.101s][debug][gc,phases      ] GC(245)     Total                          Min: 0, Avg: 13.0, Max: 52, Diff: 52, Sum: 52, Workers: 4
[9153.101s][debug][gc,phases      ] GC(245)   StringDedup Table Weak         Min: 0.00, Avg: 0.00, Max: 0.00, Diff: 0.00, Sum: 0.00, Workers: 4
[9153.101s][debug][gc,phases      ] GC(245)     Dead                           Min: 0, Avg:  0.0, Max: 0, Diff: 0, Sum: 0, Workers: 4
[9153.101s][debug][gc,phases      ] GC(245)     Total                          Min: 0, Avg:  0.0, Max: 0, Diff: 0, Sum: 0, Workers: 4
[9153.101s][debug][gc,phases      ] GC(245)   StringDedup Requests0 Weak     Min: 0.00, Avg: 0.00, Max: 0.00, Diff: 0.00, Sum: 0.00, Workers: 4
[9153.101s][debug][gc,phases      ] GC(245)     Dead                           Min: 0, Avg:  0.0, Max: 0, Diff: 0, Sum: 0, Workers: 4
[9153.101s][debug][gc,phases      ] GC(245)     Total                          Min: 0, Avg:  0.0, Max: 0, Diff: 0, Sum: 0, Workers: 4
[9153.101s][debug][gc,phases      ] GC(245)   StringDedup Requests1 Weak     Min: 0.00, Avg: 0.00, Max: 0.00, Diff: 0.00, Sum: 0.00, Workers: 4
[9153.101s][debug][gc,phases      ] GC(245)     Dead                           Min: 0, Avg:  0.0, Max: 0, Diff: 0, Sum: 0, Workers: 4
[9153.101s][debug][gc,phases      ] GC(245)     Total                          Min: 0, Avg:  0.0, Max: 0, Diff: 0, Sum: 0, Workers: 4
[9153.101s][debug][gc,phases      ] GC(245)   Weak JFR Old Object Samples    Min: 0.00, Avg: 0.00, Max: 0.00, Diff: 0.00, Sum: 0.00, Workers: 4
[9153.101s][debug][gc,phases      ] GC(245)     Dead                           Min: 0, Avg:  0.0, Max: 0, Diff: 0, Sum: 0, Workers: 4
[9153.101s][debug][gc,phases      ] GC(245)     Total                          Min: 0, Avg:  0.0, Max: 0, Diff: 0, Sum: 0, Workers: 4
[9153.101s][debug][gc,phases      ] GC(245) Weak Processing 0.425ms
[9153.101s][debug][gc,age         ] GC(245) Desired survivor size 3145728 bytes, new threshold 1 (max threshold 15)
[9153.101s][info ][gc,heap        ] GC(245) PSYoungGen: 2093392K(2094080K)->2160K(2094080K) Eden: 2091008K(2091008K)->0K(2091008K) From: 2384K(3072K)->2160K(3072K)
[9153.101s][info ][gc,heap        ] GC(245) ParOldGen: 643641K(837120K)->643753K(837120K)
[9153.101s][info ][gc,metaspace   ] GC(245) Metaspace: 110531K(111680K)->110531K(111680K) NonClass: 94649K(95296K)->94649K(95296K) Class: 15882K(16384K)->15882K(16384K)
[9153.101s][info ][gc             ] GC(245) Pause Young (Allocation Failure) 2672M->630M(2862M) 2.333ms
[9153.101s][info ][gc,cpu         ] GC(245) User=0.00s Sys=0.00s Real=0.01s
[9153.101s][info ][safepoint      ] Safepoint "ParallelCollectForAllocation", Time since last: 52599284468 ns, Reaching safepoint: 32500 ns, At safepoint: 2401401 ns, Leaving safepoint: 2300 ns, Total: 2436201 ns, Threads: 0 runnable, 34 total
[9206.480s][info ][gc,start       ] GC(246) Pause Young (Allocation Failure)
[9206.482s][debug][gc,phases      ] GC(246) Scavenge 1.919ms
[9206.482s][debug][gc,ref         ] GC(246) Skipped SoftWeakFinalRefsPhase of Reference Processing: no references
[9206.482s][debug][gc,ref         ] GC(246) Skipped KeepAliveFinalRefsPhase of Reference Processing: no references
[9206.482s][debug][gc,ref         ] GC(246) Skipped PhantomRefsPhase of Reference Processing: no references
[9206.482s][debug][gc,phases      ] GC(246) Reference Processing 0.022ms
[9206.482s][debug][gc,phases      ] GC(246)   VM Weak                        Min: 0.00, Avg: 0.00, Max: 0.01, Diff: 0.01, Sum: 0.01, Workers: 4
[9206.482s][debug][gc,phases      ] GC(246)     Dead                           Min: 0, Avg:  0.0, Max: 0, Diff: 0, Sum: 0, Workers: 4
[9206.482s][debug][gc,phases      ] GC(246)     Total                          Min: 0, Avg: 213.5, Max: 512, Diff: 512, Sum: 854, Workers: 4
[9206.482s][debug][gc,phases      ] GC(246)   ObjectSynchronizer Weak        Min: 0.00, Avg: 0.00, Max: 0.00, Diff: 0.00, Sum: 0.00, Workers: 4
[9206.482s][debug][gc,phases      ] GC(246)     Dead                           Min: 0, Avg:  0.0, Max: 0, Diff: 0, Sum: 0, Workers: 4
[9206.482s][debug][gc,phases      ] GC(246)     Total                          Min: 0, Avg:  1.2, Max: 5, Diff: 5, Sum: 5, Workers: 4
[9206.482s][debug][gc,phases      ] GC(246)   JVMTI Tag Weak OopStorage      Min: 0.00, Avg: 0.00, Max: 0.00, Diff: 0.00, Sum: 0.00, Workers: 4
[9206.482s][debug][gc,phases      ] GC(246)     Dead                           Min: 0, Avg:  0.0, Max: 0, Diff: 0, Sum: 0, Workers: 4
[9206.482s][debug][gc,phases      ] GC(246)     Total                          Min: 0, Avg:  0.0, Max: 0, Diff: 0, Sum: 0, Workers: 4
[9206.482s][debug][gc,phases      ] GC(246)   StringTable Weak               Min: 0.00, Avg: 0.09, Max: 0.13, Diff: 0.13, Sum: 0.38, Workers: 4
[9206.482s][debug][gc,phases      ] GC(246)     Dead                           Min: 0, Avg:  0.0, Max: 0, Diff: 0, Sum: 0, Workers: 4
[9206.482s][debug][gc,phases      ] GC(246)     Total                          Min: 0, Avg: 12579.5, Max: 21376, Diff: 21376, Sum: 50318, Workers: 4
[9206.482s][debug][gc,phases      ] GC(246)   ResolvedMethodTable Weak       Min: 0.00, Avg: 0.03, Max: 0.04, Diff: 0.04, Sum: 0.13, Workers: 4
[9206.482s][debug][gc,phases      ] GC(246)     Dead                           Min: 0, Avg:  5.0, Max: 18, Diff: 18, Sum: 20, Workers: 4
[9206.482s][debug][gc,phases      ] GC(246)     Total                          Min: 0, Avg: 4038.0, Max: 7085, Diff: 7085, Sum: 16152, Workers: 4
[9206.482s][debug][gc,phases      ] GC(246)   JNI Weak                       Min: 0.00, Avg: 0.00, Max: 0.00, Diff: 0.00, Sum: 0.00, Workers: 4
[9206.482s][debug][gc,phases      ] GC(246)     Dead                           Min: 0, Avg:  0.0, Max: 0, Diff: 0, Sum: 0, Workers: 4
[9206.482s][debug][gc,phases      ] GC(246)     Total                          Min: 0, Avg: 13.0, Max: 52, Diff: 52, Sum: 52, Workers: 4
[9206.482s][debug][gc,phases      ] GC(246)   StringDedup Table Weak         Min: 0.00, Avg: 0.00, Max: 0.00, Diff: 0.00, Sum: 0.00, Workers: 4
[9206.482s][debug][gc,phases      ] GC(246)     Dead                           Min: 0, Avg:  0.0, Max: 0, Diff: 0, Sum: 0, Workers: 4
[9206.482s][debug][gc,phases      ] GC(246)     Total                          Min: 0, Avg:  0.0, Max: 0, Diff: 0, Sum: 0, Workers: 4
[9206.482s][debug][gc,phases      ] GC(246)   StringDedup Requests0 Weak     Min: 0.00, Avg: 0.00, Max: 0.00, Diff: 0.00, Sum: 0.00, Workers: 4
[9206.482s][debug][gc,phases      ] GC(246)     Dead                           Min: 0, Avg:  0.0, Max: 0, Diff: 0, Sum: 0, Workers: 4
[9206.482s][debug][gc,phases      ] GC(246)     Total                          Min: 0, Avg:  0.0, Max: 0, Diff: 0, Sum: 0, Workers: 4
[9206.482s][debug][gc,phases      ] GC(246)   StringDedup Requests1 Weak     Min: 0.00, Avg: 0.00, Max: 0.00, Diff: 0.00, Sum: 0.00, Workers: 4
[9206.482s][debug][gc,phases      ] GC(246)     Dead                           Min: 0, Avg:  0.0, Max: 0, Diff: 0, Sum: 0, Workers: 4
[9206.482s][debug][gc,phases      ] GC(246)     Total                          Min: 0, Avg:  0.0, Max: 0, Diff: 0, Sum: 0, Workers: 4
[9206.482s][debug][gc,phases      ] GC(246)   Weak JFR Old Object Samples    Min: 0.00, Avg: 0.00, Max: 0.00, Diff: 0.00, Sum: 0.00, Workers: 4
[9206.482s][debug][gc,phases      ] GC(246)     Dead                           Min: 0, Avg:  0.0, Max: 0, Diff: 0, Sum: 0, Workers: 4
[9206.482s][debug][gc,phases      ] GC(246)     Total                          Min: 0, Avg:  0.0, Max: 0, Diff: 0, Sum: 0, Workers: 4
[9206.482s][debug][gc,phases      ] GC(246) Weak Processing 0.363ms
[9206.483s][debug][gc,age         ] GC(246) Desired survivor size 3145728 bytes, new threshold 1 (max threshold 15)
[9206.483s][info ][gc,heap        ] GC(246) PSYoungGen: 2093168K(2094080K)->544K(2094080K) Eden: 2091008K(2091008K)->0K(2091008K) From: 2160K(3072K)->544K(3072K)
[9206.483s][info ][gc,heap        ] GC(246) ParOldGen: 643753K(837120K)->645409K(837120K)
[9206.483s][info ][gc,metaspace   ] GC(246) Metaspace: 110531K(111680K)->110531K(111680K) NonClass: 94649K(95296K)->94649K(95296K) Class: 15882K(16384K)->15882K(16384K)
[9206.483s][info ][gc             ] GC(246) Pause Young (Allocation Failure) 2672M->630M(2862M) 2.425ms
[9206.483s][info ][gc,cpu         ] GC(246) User=0.00s Sys=0.00s Real=0.00s
[9206.483s][info ][safepoint      ] Safepoint "ParallelCollectForAllocation", Time since last: 53378936597 ns, Reaching safepoint: 8400 ns, At safepoint: 2493400 ns, Leaving safepoint: 2300 ns, Total: 2504100 ns, Threads: 0 runnable, 33 total
[9258.744s][info ][gc,start       ] GC(247) Pause Young (Allocation Failure)
[9258.745s][debug][gc,phases      ] GC(247) Scavenge 1.628ms
[9258.745s][debug][gc,ref         ] GC(247) Skipped SoftWeakFinalRefsPhase of Reference Processing: no references
[9258.745s][debug][gc,ref         ] GC(247) Skipped KeepAliveFinalRefsPhase of Reference Processing: no references
[9258.745s][debug][gc,ref         ] GC(247) Skipped PhantomRefsPhase of Reference Processing: no references
[9258.745s][debug][gc,phases      ] GC(247) Reference Processing 0.035ms
[9258.746s][debug][gc,phases      ] GC(247)   VM Weak                        Min: 0.00, Avg: 0.00, Max: 0.01, Diff: 0.01, Sum: 0.01, Workers: 4
[9258.746s][debug][gc,phases      ] GC(247)     Dead                           Min: 0, Avg:  0.0, Max: 0, Diff: 0, Sum: 0, Workers: 4
[9258.746s][debug][gc,phases      ] GC(247)     Total                          Min: 0, Avg: 213.5, Max: 768, Diff: 768, Sum: 854, Workers: 4
[9258.746s][debug][gc,phases      ] GC(247)   ObjectSynchronizer Weak        Min: 0.00, Avg: 0.00, Max: 0.00, Diff: 0.00, Sum: 0.00, Workers: 4
[9258.746s][debug][gc,phases      ] GC(247)     Dead                           Min: 0, Avg:  0.0, Max: 0, Diff: 0, Sum: 0, Workers: 4
[9258.746s][debug][gc,phases      ] GC(247)     Total                          Min: 0, Avg:  1.2, Max: 5, Diff: 5, Sum: 5, Workers: 4
[9258.746s][debug][gc,phases      ] GC(247)   JVMTI Tag Weak OopStorage      Min: 0.00, Avg: 0.00, Max: 0.00, Diff: 0.00, Sum: 0.00, Workers: 4
[9258.746s][debug][gc,phases      ] GC(247)     Dead                           Min: 0, Avg:  0.0, Max: 0, Diff: 0, Sum: 0, Workers: 4
[9258.746s][debug][gc,phases      ] GC(247)     Total                          Min: 0, Avg:  0.0, Max: 0, Diff: 0, Sum: 0, Workers: 4
[9258.746s][debug][gc,phases      ] GC(247)   StringTable Weak               Min: 0.00, Avg: 0.09, Max: 0.13, Diff: 0.13, Sum: 0.38, Workers: 4
[9258.746s][debug][gc,phases      ] GC(247)     Dead                           Min: 0, Avg:  0.0, Max: 0, Diff: 0, Sum: 0, Workers: 4
[9258.746s][debug][gc,phases      ] GC(247)     Total                          Min: 0, Avg: 12579.5, Max: 22094, Diff: 22094, Sum: 50318, Workers: 4
[9258.746s][debug][gc,phases      ] GC(247)   ResolvedMethodTable Weak       Min: 0.00, Avg: 0.03, Max: 0.04, Diff: 0.04, Sum: 0.13, Workers: 4
[9258.746s][debug][gc,phases      ] GC(247)     Dead                           Min: 0, Avg:  5.0, Max: 11, Diff: 11, Sum: 20, Workers: 4
[9258.746s][debug][gc,phases      ] GC(247)     Total                          Min: 0, Avg: 4038.0, Max: 7061, Diff: 7061, Sum: 16152, Workers: 4
[9258.746s][debug][gc,phases      ] GC(247)   JNI Weak                       Min: 0.00, Avg: 0.00, Max: 0.00, Diff: 0.00, Sum: 0.00, Workers: 4
[9258.746s][debug][gc,phases      ] GC(247)     Dead                           Min: 0, Avg:  0.0, Max: 0, Diff: 0, Sum: 0, Workers: 4
[9258.746s][debug][gc,phases      ] GC(247)     Total                          Min: 0, Avg: 13.0, Max: 52, Diff: 52, Sum: 52, Workers: 4
[9258.746s][debug][gc,phases      ] GC(247)   StringDedup Table Weak         Min: 0.00, Avg: 0.00, Max: 0.00, Diff: 0.00, Sum: 0.00, Workers: 4
[9258.746s][debug][gc,phases      ] GC(247)     Dead                           Min: 0, Avg:  0.0, Max: 0, Diff: 0, Sum: 0, Workers: 4
[9258.746s][debug][gc,phases      ] GC(247)     Total                          Min: 0, Avg:  0.0, Max: 0, Diff: 0, Sum: 0, Workers: 4
[9258.746s][debug][gc,phases      ] GC(247)   StringDedup Requests0 Weak     Min: 0.00, Avg: 0.00, Max: 0.00, Diff: 0.00, Sum: 0.00, Workers: 4
[9258.746s][debug][gc,phases      ] GC(247)     Dead                           Min: 0, Avg:  0.0, Max: 0, Diff: 0, Sum: 0, Workers: 4
[9258.746s][debug][gc,phases      ] GC(247)     Total                          Min: 0, Avg:  0.0, Max: 0, Diff: 0, Sum: 0, Workers: 4
[9258.746s][debug][gc,phases      ] GC(247)   StringDedup Requests1 Weak     Min: 0.00, Avg: 0.00, Max: 0.00, Diff: 0.00, Sum: 0.00, Workers: 4
[9258.746s][debug][gc,phases      ] GC(247)     Dead                           Min: 0, Avg:  0.0, Max: 0, Diff: 0, Sum: 0, Workers: 4
[9258.746s][debug][gc,phases      ] GC(247)     Total                          Min: 0, Avg:  0.0, Max: 0, Diff: 0, Sum: 0, Workers: 4
[9258.746s][debug][gc,phases      ] GC(247)   Weak JFR Old Object Samples    Min: 0.00, Avg: 0.00, Max: 0.00, Diff: 0.00, Sum: 0.00, Workers: 4
[9258.746s][debug][gc,phases      ] GC(247)     Dead                           Min: 0, Avg:  0.0, Max: 0, Diff: 0, Sum: 0, Workers: 4
[9258.746s][debug][gc,phases      ] GC(247)     Total                          Min: 0, Avg:  0.0, Max: 0, Diff: 0, Sum: 0, Workers: 4
[9258.746s][debug][gc,phases      ] GC(247) Weak Processing 0.338ms
[9258.746s][debug][gc,age         ] GC(247) Desired survivor size 3145728 bytes, new threshold 1 (max threshold 15)
[9258.746s][info ][gc,heap        ] GC(247) PSYoungGen: 2091552K(2094080K)->2256K(2094080K) Eden: 2091008K(2091008K)->0K(2091008K) From: 544K(3072K)->2256K(3072K)
[9258.746s][info ][gc,heap        ] GC(247) ParOldGen: 645409K(837120K)->645473K(837120K)
[9258.746s][info ][gc,metaspace   ] GC(247) Metaspace: 110531K(111680K)->110531K(111680K) NonClass: 94649K(95296K)->94649K(95296K) Class: 15882K(16384K)->15882K(16384K)
[9258.746s][info ][gc             ] GC(247) Pause Young (Allocation Failure) 2672M->632M(2862M) 2.113ms
[9258.746s][info ][gc,cpu         ] GC(247) User=0.01s Sys=0.00s Real=0.00s
[9258.746s][info ][safepoint      ] Safepoint "ParallelCollectForAllocation", Time since last: 52260961432 ns, Reaching safepoint: 111100 ns, At safepoint: 2174500 ns, Leaving safepoint: 6100 ns, Total: 2291700 ns, Threads: 1 runnable, 33 total
[9308.803s][info ][gc,start       ] GC(248) Pause Young (Allocation Failure)
[9308.806s][debug][gc,phases      ] GC(248) Scavenge 3.039ms
[9308.806s][debug][gc,ref         ] GC(248) Skipped SoftWeakFinalRefsPhase of Reference Processing: no references
[9308.806s][debug][gc,ref         ] GC(248) Skipped KeepAliveFinalRefsPhase of Reference Processing: no references
[9308.806s][debug][gc,ref         ] GC(248) Skipped PhantomRefsPhase of Reference Processing: no references
[9308.806s][debug][gc,phases      ] GC(248) Reference Processing 0.021ms
[9308.806s][debug][gc,phases      ] GC(248)   VM Weak                        Min: 0.00, Avg: 0.00, Max: 0.01, Diff: 0.01, Sum: 0.01, Workers: 4
[9308.806s][debug][gc,phases      ] GC(248)     Dead                           Min: 0, Avg:  0.0, Max: 0, Diff: 0, Sum: 0, Workers: 4
[9308.806s][debug][gc,phases      ] GC(248)     Total                          Min: 0, Avg: 213.5, Max: 854, Diff: 854, Sum: 854, Workers: 4
[9308.806s][debug][gc,phases      ] GC(248)   ObjectSynchronizer Weak        Min: 0.00, Avg: 0.00, Max: 0.00, Diff: 0.00, Sum: 0.00, Workers: 4
[9308.806s][debug][gc,phases      ] GC(248)     Dead                           Min: 0, Avg:  0.0, Max: 0, Diff: 0, Sum: 0, Workers: 4
[9308.806s][debug][gc,phases      ] GC(248)     Total                          Min: 0, Avg:  1.2, Max: 5, Diff: 5, Sum: 5, Workers: 4
[9308.806s][debug][gc,phases      ] GC(248)   JVMTI Tag Weak OopStorage      Min: 0.00, Avg: 0.00, Max: 0.00, Diff: 0.00, Sum: 0.00, Workers: 4
[9308.806s][debug][gc,phases      ] GC(248)     Dead                           Min: 0, Avg:  0.0, Max: 0, Diff: 0, Sum: 0, Workers: 4
[9308.806s][debug][gc,phases      ] GC(248)     Total                          Min: 0, Avg:  0.0, Max: 0, Diff: 0, Sum: 0, Workers: 4
[9308.806s][debug][gc,phases      ] GC(248)   StringTable Weak               Min: 0.00, Avg: 0.10, Max: 0.13, Diff: 0.13, Sum: 0.38, Workers: 4
[9308.806s][debug][gc,phases      ] GC(248)     Dead                           Min: 0, Avg:  0.0, Max: 0, Diff: 0, Sum: 0, Workers: 4
[9308.806s][debug][gc,phases      ] GC(248)     Total                          Min: 0, Avg: 12580.0, Max: 21584, Diff: 21584, Sum: 50320, Workers: 4
[9308.806s][debug][gc,phases      ] GC(248)   ResolvedMethodTable Weak       Min: 0.00, Avg: 0.03, Max: 0.04, Diff: 0.04, Sum: 0.13, Workers: 4
[9308.806s][debug][gc,phases      ] GC(248)     Dead                           Min: 0, Avg:  5.0, Max: 11, Diff: 11, Sum: 20, Workers: 4
[9308.806s][debug][gc,phases      ] GC(248)     Total                          Min: 0, Avg: 4038.0, Max: 6705, Diff: 6705, Sum: 16152, Workers: 4
[9308.806s][debug][gc,phases      ] GC(248)   JNI Weak                       Min: 0.00, Avg: 0.00, Max: 0.00, Diff: 0.00, Sum: 0.00, Workers: 4
[9308.806s][debug][gc,phases      ] GC(248)     Dead                           Min: 0, Avg:  0.0, Max: 0, Diff: 0, Sum: 0, Workers: 4
[9308.806s][debug][gc,phases      ] GC(248)     Total                          Min: 0, Avg: 13.0, Max: 52, Diff: 52, Sum: 52, Workers: 4
[9308.806s][debug][gc,phases      ] GC(248)   StringDedup Table Weak         Min: 0.00, Avg: 0.00, Max: 0.00, Diff: 0.00, Sum: 0.00, Workers: 4
[9308.806s][debug][gc,phases      ] GC(248)     Dead                           Min: 0, Avg:  0.0, Max: 0, Diff: 0, Sum: 0, Workers: 4
[9308.806s][debug][gc,phases      ] GC(248)     Total                          Min: 0, Avg:  0.0, Max: 0, Diff: 0, Sum: 0, Workers: 4
[9308.806s][debug][gc,phases      ] GC(248)   StringDedup Requests0 Weak     Min: 0.00, Avg: 0.00, Max: 0.00, Diff: 0.00, Sum: 0.00, Workers: 4
[9308.806s][debug][gc,phases      ] GC(248)     Dead                           Min: 0, Avg:  0.0, Max: 0, Diff: 0, Sum: 0, Workers: 4
[9308.806s][debug][gc,phases      ] GC(248)     Total                          Min: 0, Avg:  0.0, Max: 0, Diff: 0, Sum: 0, Workers: 4
[9308.806s][debug][gc,phases      ] GC(248)   StringDedup Requests1 Weak     Min: 0.00, Avg: 0.00, Max: 0.00, Diff: 0.00, Sum: 0.00, Workers: 4
[9308.806s][debug][gc,phases      ] GC(248)     Dead                           Min: 0, Avg:  0.0, Max: 0, Diff: 0, Sum: 0, Workers: 4
[9308.806s][debug][gc,phases      ] GC(248)     Total                          Min: 0, Avg:  0.0, Max: 0, Diff: 0, Sum: 0, Workers: 4
[9308.806s][debug][gc,phases      ] GC(248)   Weak JFR Old Object Samples    Min: 0.00, Avg: 0.00, Max: 0.00, Diff: 0.00, Sum: 0.00, Workers: 4
[9308.806s][debug][gc,phases      ] GC(248)     Dead                           Min: 0, Avg:  0.0, Max: 0, Diff: 0, Sum: 0, Workers: 4
[9308.806s][debug][gc,phases      ] GC(248)     Total                          Min: 0, Avg:  0.0, Max: 0, Diff: 0, Sum: 0, Workers: 4
[9308.806s][debug][gc,phases      ] GC(248) Weak Processing 0.382ms
[9308.806s][debug][gc,age         ] GC(248) Desired survivor size 4718592 bytes, new threshold 1 (max threshold 15)
[9308.806s][info ][gc,heap        ] GC(248) PSYoungGen: 2093264K(2094080K)->3056K(2094080K) Eden: 2091008K(2091008K)->0K(2091008K) From: 2256K(3072K)->3056K(3072K)
[9308.806s][info ][gc,heap        ] GC(248) ParOldGen: 645473K(837120K)->647993K(837120K)
[9308.806s][info ][gc,metaspace   ] GC(248) Metaspace: 110535K(111680K)->110535K(111680K) NonClass: 94653K(95296K)->94653K(95296K) Class: 15882K(16384K)->15882K(16384K)
[9308.806s][info ][gc             ] GC(248) Pause Young (Allocation Failure) 2674M->635M(2862M) 3.550ms
[9308.806s][info ][gc,cpu         ] GC(248) User=0.01s Sys=0.00s Real=0.00s
[9308.806s][info ][safepoint      ] Safepoint "ParallelCollectForAllocation", Time since last: 50056991825 ns, Reaching safepoint: 5500 ns, At safepoint: 3608899 ns, Leaving safepoint: 2800 ns, Total: 3617199 ns, Threads: 0 runnable, 37 total
[9360.194s][info ][gc,start       ] GC(249) Pause Young (Allocation Failure)
[9360.196s][debug][gc,phases      ] GC(249) Scavenge 2.132ms
[9360.196s][debug][gc,ref         ] GC(249) Skipped SoftWeakFinalRefsPhase of Reference Processing: no references
[9360.196s][debug][gc,ref         ] GC(249) Skipped KeepAliveFinalRefsPhase of Reference Processing: no references
[9360.196s][debug][gc,ref         ] GC(249) Skipped PhantomRefsPhase of Reference Processing: no references
[9360.196s][debug][gc,phases      ] GC(249) Reference Processing 0.029ms
[9360.196s][debug][gc,phases      ] GC(249)   VM Weak                        Min: 0.00, Avg: 0.00, Max: 0.01, Diff: 0.01, Sum: 0.01, Workers: 4
[9360.196s][debug][gc,phases      ] GC(249)     Dead                           Min: 0, Avg:  0.0, Max: 0, Diff: 0, Sum: 0, Workers: 4
[9360.196s][debug][gc,phases      ] GC(249)     Total                          Min: 0, Avg: 213.5, Max: 768, Diff: 768, Sum: 854, Workers: 4
[9360.196s][debug][gc,phases      ] GC(249)   ObjectSynchronizer Weak        Min: 0.00, Avg: 0.00, Max: 0.00, Diff: 0.00, Sum: 0.00, Workers: 4
[9360.196s][debug][gc,phases      ] GC(249)     Dead                           Min: 0, Avg:  0.0, Max: 0, Diff: 0, Sum: 0, Workers: 4
[9360.196s][debug][gc,phases      ] GC(249)     Total                          Min: 0, Avg:  1.2, Max: 5, Diff: 5, Sum: 5, Workers: 4
[9360.196s][debug][gc,phases      ] GC(249)   JVMTI Tag Weak OopStorage      Min: 0.00, Avg: 0.00, Max: 0.00, Diff: 0.00, Sum: 0.00, Workers: 4
[9360.196s][debug][gc,phases      ] GC(249)     Dead                           Min: 0, Avg:  0.0, Max: 0, Diff: 0, Sum: 0, Workers: 4
[9360.196s][debug][gc,phases      ] GC(249)     Total                          Min: 0, Avg:  0.0, Max: 0, Diff: 0, Sum: 0, Workers: 4
[9360.196s][debug][gc,phases      ] GC(249)   StringTable Weak               Min: 0.00, Avg: 0.10, Max: 0.13, Diff: 0.13, Sum: 0.38, Workers: 4
[9360.196s][debug][gc,phases      ] GC(249)     Dead                           Min: 0, Avg:  0.0, Max: 0, Diff: 0, Sum: 0, Workers: 4
[9360.196s][debug][gc,phases      ] GC(249)     Total                          Min: 0, Avg: 12580.8, Max: 21395, Diff: 21395, Sum: 50323, Workers: 4
[9360.196s][debug][gc,phases      ] GC(249)   ResolvedMethodTable Weak       Min: 0.00, Avg: 0.03, Max: 0.04, Diff: 0.04, Sum: 0.13, Workers: 4
[9360.196s][debug][gc,phases      ] GC(249)     Dead                           Min: 0, Avg:  5.0, Max: 7, Diff: 7, Sum: 20, Workers: 4
[9360.196s][debug][gc,phases      ] GC(249)     Total                          Min: 0, Avg: 4038.0, Max: 6637, Diff: 6637, Sum: 16152, Workers: 4
[9360.196s][debug][gc,phases      ] GC(249)   JNI Weak                       Min: 0.00, Avg: 0.00, Max: 0.00, Diff: 0.00, Sum: 0.00, Workers: 4
[9360.196s][debug][gc,phases      ] GC(249)     Dead                           Min: 0, Avg:  0.0, Max: 0, Diff: 0, Sum: 0, Workers: 4
[9360.196s][debug][gc,phases      ] GC(249)     Total                          Min: 0, Avg: 13.0, Max: 52, Diff: 52, Sum: 52, Workers: 4
[9360.196s][debug][gc,phases      ] GC(249)   StringDedup Table Weak         Min: 0.00, Avg: 0.00, Max: 0.00, Diff: 0.00, Sum: 0.00, Workers: 4
[9360.196s][debug][gc,phases      ] GC(249)     Dead                           Min: 0, Avg:  0.0, Max: 0, Diff: 0, Sum: 0, Workers: 4
[9360.196s][debug][gc,phases      ] GC(249)     Total                          Min: 0, Avg:  0.0, Max: 0, Diff: 0, Sum: 0, Workers: 4
[9360.196s][debug][gc,phases      ] GC(249)   StringDedup Requests0 Weak     Min: 0.00, Avg: 0.00, Max: 0.00, Diff: 0.00, Sum: 0.00, Workers: 4
[9360.196s][debug][gc,phases      ] GC(249)     Dead                           Min: 0, Avg:  0.0, Max: 0, Diff: 0, Sum: 0, Workers: 4
[9360.196s][debug][gc,phases      ] GC(249)     Total                          Min: 0, Avg:  0.0, Max: 0, Diff: 0, Sum: 0, Workers: 4
[9360.196s][debug][gc,phases      ] GC(249)   StringDedup Requests1 Weak     Min: 0.00, Avg: 0.00, Max: 0.00, Diff: 0.00, Sum: 0.00, Workers: 4
[9360.196s][debug][gc,phases      ] GC(249)     Dead                           Min: 0, Avg:  0.0, Max: 0, Diff: 0, Sum: 0, Workers: 4
[9360.196s][debug][gc,phases      ] GC(249)     Total                          Min: 0, Avg:  0.0, Max: 0, Diff: 0, Sum: 0, Workers: 4
[9360.196s][debug][gc,phases      ] GC(249)   Weak JFR Old Object Samples    Min: 0.00, Avg: 0.00, Max: 0.00, Diff: 0.00, Sum: 0.00, Workers: 4
[9360.196s][debug][gc,phases      ] GC(249)     Dead                           Min: 0, Avg:  0.0, Max: 0, Diff: 0, Sum: 0, Workers: 4
[9360.196s][debug][gc,phases      ] GC(249)     Total                          Min: 0, Avg:  0.0, Max: 0, Diff: 0, Sum: 0, Workers: 4
[9360.196s][debug][gc,phases      ] GC(249) Weak Processing 0.363ms
[9360.196s][debug][gc,age         ] GC(249) Desired survivor size 4194304 bytes, new threshold 1 (max threshold 15)
[9360.196s][info ][gc,heap        ] GC(249) PSYoungGen: 2094064K(2094080K)->2352K(2092032K) Eden: 2091008K(2091008K)->0K(2088960K) From: 3056K(3072K)->2352K(3072K)
[9360.196s][info ][gc,heap        ] GC(249) ParOldGen: 647993K(837120K)->648117K(837120K)
[9360.196s][info ][gc,metaspace   ] GC(249) Metaspace: 110536K(111680K)->110536K(111680K) NonClass: 94654K(95296K)->94654K(95296K) Class: 15882K(16384K)->15882K(16384K)
[9360.196s][info ][gc             ] GC(249) Pause Young (Allocation Failure) 2677M->635M(2860M) 2.647ms
[9360.196s][info ][gc,cpu         ] GC(249) User=0.00s Sys=0.00s Real=0.00s
[9360.197s][info ][safepoint      ] Safepoint "ParallelCollectForAllocation", Time since last: 51387245802 ns, Reaching safepoint: 115200 ns, At safepoint: 2713100 ns, Leaving safepoint: 6900 ns, Total: 2835200 ns, Threads: 1 runnable, 37 total
[9491.903s][info ][safepoint      ] Safepoint "JFRSafepointWrite", Time since last: 131706075761 ns, Reaching safepoint: 76000 ns, At safepoint: 16000 ns, Leaving safepoint: 4100 ns, Total: 96100 ns, Threads: 1 runnable, 28 total
[9491.905s][info ][gc,exit        ] Heap
[9491.905s][info ][gc,exit        ]  PSYoungGen      total 2092032K, used 617405K [0x0000000780000000, 0x0000000800000000, 0x0000000800000000)
[9491.905s][info ][gc,exit        ]   eden space 2088960K, 29% used [0x0000000780000000,0x00000007a58a3598,0x00000007ff800000)
[9491.905s][info ][gc,exit        ]   from space 3072K, 76% used [0x00000007ffd00000,0x00000007fff4c090,0x0000000800000000)
[9491.905s][info ][gc,exit        ]   to   space 4096K, 0% used [0x00000007ff800000,0x00000007ff800000,0x00000007ffc00000)
[9491.905s][info ][gc,exit        ]  ParOldGen       total 837120K, used 648117K [0x00000006c0000000, 0x00000006f3180000, 0x0000000780000000)
[9491.905s][info ][gc,exit        ]   object space 837120K, 77% used [0x00000006c0000000,0x00000006e78ed7a0,0x00000006f3180000)
[9491.905s][info ][gc,exit        ]  Metaspace       used 110600K, committed 111744K, reserved 1179648K
[9491.905s][info ][gc,exit        ]   class space    used 15892K, committed 16384K, reserved 1048576K
